0.02 0.0831571 0.00243621 0.026401 -0.00636443 0.026401 0.00243621
0.04 0.630205 0.00907107 -0.541723 -0.0511678 -0.541723 0.00907107
0.06 2.16132 0.0308997 -5.44293 -0.107119 -5.44293 0.0308997
0.08 3.52186 0.288756 -20.8624 0.33866 -20.8624 0.288756
0.1 -0.920546 2.23286 -44.6332 2.65682 -44.6332 2.23286
0.12 -19.8938 11.9043 -58.9931 7.83221 -58.9931 11.9043
0.14 -57.3665 45.2119 -49.0777 12.7494 -49.0777 45.2119
0.16 -106.86 128.046 -28.9195 6.72808 -28.9195 128.046
0.18 -156.833 285.212 -33.0737 -26.7542 -33.0737 285.212
0.2 -200.998 525.893 -80.7085 -101.832 -80.7085 525.893
0.22 -240.516 838.16 -160.4 -220.22 -160.4 838.16
0.24 -277.48 1195.03 -249.347 -366.477 -249.347 1195.03
0.26 -310.639 1567.03 -335.26 -514.412 -335.26 1567.03
0.28 -339.013 1931.42 -418.07 -643.243 -418.07 1931.42
0.3 -367.384 2269.89 -497.984 -748.423 -497.984 2269.89
0.32 -405.253 2564.64 -564.832 -833.189 -564.832 2564.64
0.34 -458.705 2808.66 -600.194 -894.221 -600.194 2808.66
0.36 -522.762 3017.1 -595.096 -926.9 -595.096 3017.1
0.38 -581.462 3215.94 -567.237 -942.939 -567.237 3215.94
0.4 -615.693 3421.75 -554.994 -969.261 -554.994 3421.75
0.42 -613.206 3641.79 -590.058 -1027.99 -590.058 3641.79
0.44 -575.499 3881.98 -676.241 -1126.75 -676.241 3881.98
0.46 -518.43 4131.41 -790.113 -1262.16 -790.113 4131.41
0.48 -464.99 4340.86 -889.897 -1413.2 -889.897 4340.86
0.5 -431.223 4442.47 -924.734 -1531.11 -924.734 4442.47
0.52 -412.52 4404.9 -863.828 -1560.39 -863.828 4404.9
0.54 -383.991 4262.6 -740.718 -1487.73 -740.718 4262.6
0.56 -322.7 4085.82 -649.877 -1366.36 -649.877 4085.82
0.58 -235.866 3920.88 -663.944 -1281.44 -663.944 3920.88
0.6 -163.268 3747.95 -752.235 -1279.97 -752.235 3747.95
0.62 -144.249 3488.63 -800.577 -1320.08 -800.577 3488.63
0.64 -180.708 3065.32 -717.063 -1289 -717.063 3065.32
0.66 -235.507 2458.58 -517.464 -1093.35 -517.464 2458.58
0.68 -268.687 1700.47 -310.66 -742.847 -310.66 1700.47
0.7 -275.744 830.47 -195.099 -331.037 -195.099 830.47
0.72 -292.729 -110.764 -161.054 64.1932 -161.054 -110.764
0.74 -365.245 -1059.88 -101.165 433.807 -101.165 -1059.88
0.76 -507.981 -1949.72 73.7889 799.243 73.7889 -1949.72
0.78 -686.619 -2751.9 334.135 1167.38 334.135 -2751.9
0.8 -837.716 -3466.44 548.838 1533.81 548.838 -3466.44
0.82 -916.255 -4076.18 598.713 1891.14 598.713 -4076.18
0.84 -936.252 -4555.36 482.678 2219.9 482.678 -4555.36
0.86 -965.123 -4918.27 336.145 2502.34 336.145 -4918.27
0.88 -1064.53 -5201.39 336.469 2753.5 336.469 -5201.39
0.9 -1224.79 -5382.08 539.905 3002.81 539.905 -5382.08
0.92 -1361.39 -5364.29 788.888 3230.37 788.888 -5364.29
0.94 -1389.29 -5070.54 824.575 3352.05 824.575 -5070.54
0.96 -1306.54 -4521.9 535.798 3290.59 535.798 -4521.9
0.98 -1201.07 -3817.89 86.8301 3051.64 86.8301 -3817.89
1 -1176.21 -3067.94 -221.788 2724.02 -221.788 -3067.94
1.02 -1267.41 -2363.14 -181.655 2414.76 -181.655 -2363.14
1.04 -1399.36 -1807.45 264.362 2184.42 264.362 -1807.45
1.06 -1365.08 -1524.95 955.39 2035.14 955.39 -1524.95
1.08 -885.028 -1560.3 1282.37 1944.89 1282.37 -1560.3
1.1 114.29 -1800.66 572.785 1884.01 572.785 -1800.66
1.12 1221.56 -2071.98 -779.428 1778.98 -779.428 -2071.98
1.14 1782.66 -2248.04 -1333.72 1492.91 -1333.72 -2248.04
1.16 1559.81 -2241.03 -352.203 929.053 -352.203 -2241.03
1.18 999.392 -2026.79 1224.55 204.724 1224.55 -2026.79
1.2 766.432 -1690.9 1899.21 -374.212 1899.21 -1690.9
1.22 1095.26 -1355.03 1166.07 -626.801 1166.07 -1355.03
1.24 1620.94 -1103.58 -74.3012 -705.143 -74.3012 -1103.58
1.26 1826.59 -970.979 -461.226 -896.119 -461.226 -970.979
1.28 1619 -883.97 275.206 -1329.14 275.206 -883.97
1.3 1356.89 -695.086 972.088 -1931.67 972.088 -695.086
1.32 1309.52 -393.834 580.615 -2509.39 580.615 -393.834
1.34 1285.61 -163.018 -496.052 -2819.6 -496.052 -163.018
1.36 887.398 -136.857 -1060.8 -2698.56 -1060.8 -136.857
1.38 -17.8298 -257.877 -527.329 -2164.62 -527.329 -257.877
1.4 -1142.11 -480.133 800.455 -1374.71 800.455 -480.133
1.42 -1923.87 -964.533 2160.9 -496.006 2160.9 -964.533
1.44 -1816.79 -1886.75 2447.76 405.46 2447.76 -1886.75
1.46 -773.204 -3138 888.112 1367 888.112 -3138
1.48 422.822 -4398.53 -1459.11 2355.05 -1459.11 -4398.53
1.5 694.581 -5388.78 -2122.72 3124.95 -2122.72 -5388.78
1.52 -212.408 -5914.48 -273.76 3441.68 -273.76 -5914.48
1.54 -1449.01 -5914.29 1951.57 3480.76 1951.57 -5914.29
1.56 -2053.43 -5631.02 2225.61 3790.32 2225.61 -5631.02
1.58 -1909.77 -5477.78 821.253 4704.93 821.253 -5477.78
1.6 -1581.53 -5585.29 -267.927 5917.69 -267.927 -5585.29
1.62 -1504.52 -5672.94 105.101 6728.22 105.101 -5672.94
1.64 -1557.36 -5421.01 1310.04 6602.63 1310.04 -5421.01
1.66 -1299.67 -4791.78 1884.15 5501.25 1884.15 -4791.78
1.68 -510.246 -3975.55 962.413 3893.64 962.413 -3975.55
1.7 485.987 -3186.66 -845.388 2496.95 -845.388 -3186.66
1.72 1041.2 -2513.42 -1893.04 1770.34 -1893.04 -2513.42
1.74 800.964 -1826.73 -1133.61 1556.99 -1133.61 -1826.73
1.76 79.5851 -854.08 708.556 1282.79 708.556 -854.08
1.78 -428.649 504.562 1885.96 494.408 1885.96 504.562
1.8 -273.339 1956.36 1444.76 -807.203 1444.76 1956.36
1.82 445.131 3082.95 -12.1889 -2255.37 -12.1889 3082.95
1.84 1274.65 3821.2 -1215.76 -3483.76 -1215.76 3821.2
1.86 1788.85 4516.57 -1434.6 -4457.97 -1434.6 4516.57
1.88 1833.49 5515.54 -845.698 -5437.37 -845.698 5515.54
1.9 1568.85 6845.35 -188.782 -6573.47 -188.782 6845.35
1.92 1313.04 8233.85 -144.31 -7610.03 -144.31 8233.85
1.94 1276.61 9280.38 -739.556 -8057.09 -739.556 9280.38
1.96 1424.89 9667.25 -1320.3 -7657 -1320.3 9667.25
1.98 1598 9381.67 -1277 -6668.66 -1277 9381.67
2 1710.91 8725.91 -711.363 -5705.78 -711.363 8725.91
2.02 1801.75 7997.66 -246.033 -5253.08 -246.033 7997.66
2.04 1933.45 7172.79 -320.334 -5248.32 -320.334 7172.79
2.06 2095.18 5969.8 -804.764 -5095.36 -804.764 5969.8
2.08 2181.96 4178.55 -1174.95 -4137.11 -1174.95 4178.55
2.1 2054.73 1864.87 -961.821 -2204.81 -961.821 1864.87
2.12 1647.75 -679.95 -154.473 230.827 -154.473 -679.95
2.14 1032.02 -3123.27 745.821 2422.98 745.821 -3123.27
2.16 350.951 -5278.61 1172.83 3892.17 1172.83 -5278.61
2.18 -309.762 -7157.71 1075.9 4698.5 1075.9 -7157.71
2.2 -958.665 -8815.76 950.482 5255.88 950.482 -8815.76
2.22 -1604.87 -10176.8 1222.26 5894.6 1222.26 -10176.8
2.24 -2175.23 -11069.3 1732.99 6592.81 1732.99 -11069.3
2.26 -2558.27 -11390.9 1930.19 7099.48 1930.19 -11390.9
2.28 -2724.92 -11198.1 1483.11 7244.01 1483.11 -11198.1
2.3 -2787.36 -10704.3 666.275 7095.45 666.275 -10704.3
2.32 -2911.21 -10197.7 149.298 6885.52 149.298 -10197.7
2.34 -3148.35 -9845.42 349.219 6810.61 349.219 -9845.42
2.36 -3376.63 -9546.35 1013.36 6852.91 1013.36 -9546.35
2.38 -3422.29 -9045.18 1543.7 6772.87 1543.7 -9045.18
2.4 -3201.77 -8192.63 1600.34 6322.48 1600.34 -8192.63
2.42 -2728.89 -7055.03 1228.77 5484.88 1228.77 -7055.03
2.44 -2062.4 -5815.93 649.768 4493.07 649.768 -5815.93
2.46 -1295.97 -4632.55 174.574 3610.7 174.574 -4632.55
2.48 -533.658 -3561.2 75.5942 2889.19 75.5942 -3561.2
2.5 181.132 -2549.34 292.469 2141.66 292.469 -2549.34
2.52 877.133 -1475.95 433.01 1155.48 433.01 -1475.95
2.54 1564.29 -252.871 202.731 -99.7721 202.731 -252.871
2.56 2161.17 1074.29 -258.47 -1461.79 -258.47 1074.29
2.58 2552.08 2363.17 -498.697 -2695.45 -498.697 2363.17
2.6 2729.78 3519.69 -225.707 -3635.7 -225.707 3519.69
2.62 2856.08 4536.11 277.29 -4305.37 277.29 4536.11
2.64 3116.78 5369.94 354.455 -4882.02 354.455 5369.94
2.66 3493.2 5857.83 -214.315 -5482.86 -214.315 5857.83
2.68 3748.3 5784.13 -832.782 -6011.95 -832.782 5784.13
2.7 3686.88 5031.78 -799.664 -6238.85 -799.664 5031.78
2.72 3358.61 3713.13 -168.882 -5975.65 -168.882 3713.13
2.74 2937.12 2179.3 409.848 -5225.13 409.848 2179.3
2.76 2463.75 831.964 501.974 -4251.9 501.974 831.964
2.78 1804.57 -143.309 250.327 -3420.88 250.327 -143.309
2.8 852.046 -841.708 70.8332 -2833.57 70.8332 -841.708
2.82 -291.998 -1428.97 174.111 -2211.8 174.111 -1428.97
2.84 -1367.14 -1962.66 309.95 -1252.08 309.95 -1962.66
2.86 -2207.61 -2476.34 13.7279 34.0055 13.7279 -2476.34
2.88 -2941.89 -3079.53 -734.991 1445.64 -734.991 -3079.53
2.9 -3883.04 -3799.97 -1265.29 2891.07 -1265.29 -3799.97
2.92 -5175.45 -4405.46 -918.731 4393.97 -918.731 -4405.46
2.94 -6575.49 -4533.64 118.927 5906.53 118.927 -4533.64
2.96 -7605.98 -3961.84 924.312 7246.11 924.312 -3961.84
2.98 -7917.74 -2691.52 656.988 8166.03 656.988 -2691.52
3 -7544.22 -895.831 -782.457 8467.13 -782.457 -895.831
3.02 -6883.57 1104.32 -2612.45 8149.25 -2612.45 1104.32
3.04 -6404.91 2934.6 -3626.26 7474.38 -3626.26 2934.6
3.06 -6255.26 4403.06 -3181.92 6776.16 -3181.92 4403.06
3.08 -6119.6 5618.25 -1909.03 6179.7 -1909.03 5618.25
3.1 -5531.6 6788.44 -1163.84 5552.74 -1163.84 6788.44
3.12 -4347.91 7959.39 -1652.28 4696.29 -1652.28 7959.39
3.14 -2886.95 9053.93 -2753.6 3512.76 -2753.6 9053.93
3.16 -1607.2 10117.7 -3239.35 1992.82 -3239.35 10117.7
3.18 -678.38 11343 -2525.1 94.4648 -2525.1 11343
3.2 152.119 12772.8 -1222.56 -2275.24 -1222.56 12772.8
3.22 1302.83 14113.9 -547.126 -5061.55 -547.126 14113.9
3.24 2938.06 14973.8 -1106.5 -7886.93 -1106.5 14973.8
3.26 4759.78 15202.9 -2214.31 -10254.3 -2214.31 15202.9
3.28 6241.75 14889 -2561.73 -11973.9 -2561.73 14889
3.3 7099.54 14128 -1620.37 -13246.3 -1620.37 14128
3.32 7500.97 12966 -138.927 -14298.3 -138.927 12966
3.34 7810.87 11488.2 795.556 -15104.7 795.556 11488.2
3.36 8198.42 9794.33 849.116 -15498.4 849.116 9794.33
3.38 8518.2 7920.03 480.562 -15384.2 480.562 7920.03
3.4 8489.22 5860.39 263.209 -14783.9 263.209 5860.39
3.42 7923.18 3593.93 445.84 -13758.5 445.84 3593.93
3.44 6833.97 1040.96 984.752 -12291.3 984.752 1040.96
3.46 5416.28 -1894.98 1682.94 -10211.9 1682.94 -1894.98
3.48 3924.41 -5189.35 2272.42 -7329.34 2272.42 -5189.35
3.5 2515.43 -8647.27 2550.79 -3717.45 2550.79 -8647.27
3.52 1173.23 -11981.1 2520.89 210.174 2520.89 -11981.1
3.54 -224.27 -14901.4 2342.13 3964.21 2342.13 -14901.4
3.56 -1773.76 -17211.1 2166.72 7284.36 2166.72 -17211.1
3.58 -3464.52 -18906.8 2098.66 10218.6 2098.66 -18906.8
3.6 -5162.43 -20146.8 2219.63 12995.3 2219.63 -20146.8
3.62 -6636.14 -21028.7 2465.24 15786 2465.24 -21028.7
3.64 -7652.81 -21449.4 2493.84 18482.3 2493.84 -21449.4
3.66 -8142.46 -21284.9 1921.87 20694.8 1921.87 -21284.9
3.68 -8290.88 -20654.9 838.896 22058.4 838.896 -20654.9
3.7 -8404.49 -19863 -64.6121 22557 -64.6121 -19863
3.72 -8626.47 -19065.9 -125.461 22495.9 -125.461 -19065.9
3.74 -8803.49 -18110.1 568.065 22137.6 568.065 -18110.1
3.76 -8656.91 -16698 1292.42 21404.4 1292.42 -16698
3.78 -8040.76 -14597.6 1463.38 19943.2 1463.38 -14597.6
3.8 -6998.49 -11701.5 1037.45 17437.7 1037.45 -11701.5
3.82 -5645.52 -8068.13 273.096 13871.5 273.096 -8068.13
3.84 -4086.36 -3990.26 -512.156 9565.28 -512.156 -3990.26
3.86 -2404.62 113.87 -1006.64 4987.4 -1006.64 113.87
3.88 -648.418 3996.53 -1130.9 472.55 -1130.9 3996.53
3.9 1150.26 7694.54 -1186.7 -3916.99 -1186.7 7694.54
3.92 2890.41 11275.1 -1467.19 -8252.99 -1467.19 11275.1
3.94 4397.88 14558.5 -1800.96 -12471.4 -1800.96 14558.5
3.96 5584.78 17167.5 -1783.9 -16247.3 -1783.9 17167.5
3.98 6569.71 18758.6 -1359.13 -19131.5 -1359.13 18758.6
4 7556.55 19147.1 -881.774 -20830.1 -881.774 19147.1
4.02 8594.5 18331.6 -687.676 -21403.9 -687.676 18331.6
4.04 9483.61 16488.7 -812.702 -21204.7 -812.702 16488.7
4.06 9889.23 13887 -1035.55 -20557 -1035.55 13887
4.08 9537.11 10789.4 -1019.8 -19463 -1019.8 10789.4
4.1 8358.06 7483.15 -542.131 -17657.1 -542.131 7483.15
4.12 6504.99 4306.06 249.962 -14967.1 249.962 4306.06
4.14 4236.48 1515.32 916.682 -11551.6 916.682 1515.32
4.16 1779.13 -790.764 1160.45 -7764.29 1160.45 -790.764
4.18 -705.131 -2533.08 1029.57 -3917.34 1029.57 -2533.08
4.2 -3079.73 -3591.3 648.709 -236.442 648.709 -3591.3
4.22 -5241.22 -4027.44 20.6714 3125.52 20.6714 -4027.44
4.24 -7161.74 -4212.26 -780.303 6198.74 -780.303 -4212.26
4.26 -8863.85 -4539.82 -1492.9 9231.29 -1492.9 -4539.82
4.28 -10353.6 -5121.65 -1918.06 12459.6 -1918.06 -5121.65
4.3 -11620.6 -5885.31 -2057.2 15859.8 -2057.2 -5885.31
4.32 -12665.1 -6776.41 -1902.47 19162 -1902.47 -6776.41
4.34 -13435 -7691.73 -1407.38 21998 -1407.38 -7691.73
4.36 -13749.7 -8426.04 -783.604 23993.2 -783.604 -8426.04
4.38 -13387.1 -8856.74 -463.313 24883.2 -463.313 -8856.74
4.4 -12275.5 -8961.71 -613.039 24635.5 -613.039 -8961.71
4.42 -10565.6 -8509.09 -984.975 23327.1 -984.975 -8509.09
4.44 -8534.1 -6938.22 -1334.82 20874.4 -1334.82 -6938.22
4.46 -6462.84 -3683.73 -1708.68 17039.8 -1708.68 -3683.73
4.48 -4572.39 1460.22 -2229.81 11741.8 -2229.81 1460.22
4.5 -2964.29 8241.89 -2793.39 5254.12 -2793.39 8241.89
4.52 -1548.03 16034.1 -3130.01 -1868.42 -3130.01 16034.1
4.54 -33.1353 24011.7 -3181.52 -8987.59 -3181.52 24011.7
4.56 1911.69 31433.2 -3247.77 -15619.4 -3247.77 31433.2
4.58 4400.57 37897.9 -3589.57 -21643.6 -3589.57 37897.9
4.6 7231.39 43337.4 -4029.3 -27285.3 -4029.3 43337.4
4.62 10083.6 47739.7 -4185.03 -32774.9 -4185.03 47739.7
4.64 12799.4 50941.7 -4012.32 -37948.1 -4012.32 50941.7
4.66 15421 52694.2 -3898.67 -42204 -3898.67 52694.2
4.68 17939.6 52763.6 -4181.79 -44907.7 -4181.79 52763.6
4.7 20065.1 50890.3 -4590.4 -45793.2 -4590.4 50890.3
4.72 21345 46812.7 -4264.72 -44949.8 -4264.72 46812.7
4.74 21579 40435.8 -2585.75 -42560 -2585.75 40435.8
4.76 21069.5 31855.9 14.1656 -38739 14.1656 31855.9
4.78 20372.3 21232 2396.66 -33501.9 2396.66 21232
4.8 19786.3 8862.65 3924.13 -26829.1 3924.13 8862.65
4.82 19128.2 -4562.25 5012.94 -18913.1 5012.94 -4562.25
4.84 17986.5 -18009.7 6433.18 -10358.3 6433.18 -18009.7
4.86 16142.3 -30506.6 8329.29 -1954.62 8329.29 -30506.6
4.88 13735.7 -41470.5 10044.3 5793.92 10044.3 -41470.5
4.9 11063.6 -50831.5 10832.2 12855 10832.2 -50831.5
4.92 8275.04 -59089.7 10723.4 19519.3 10723.4 -59089.7
4.94 5321.77 -67146.4 10645.2 26223.5 10645.2 -67146.4
4.96 2208.98 -75728.7 11556 33352.6 11556 -75728.7
4.98 -796.638 -84831.4 13455.1 40915.7 13455.1 -84831.4
5 -3300.87 -93715.5 15373.1 48353.3 15373.1 -93715.5
5.02 -5119.91 -101321 16312.7 54760.1 16312.7 -101321
5.04 -6439.47 -106618 16033.8 59329.5 16033.8 -106618
5.06 -7650.86 -108815 14975.9 61653.4 14975.9 -108815
5.08 -9064.65 -107512 13692.1 61777.8 13692.1 -107512
5.1 -10750.9 -102667 12414 60061.7 12414 -102667
5.12 -12587.6 -94307.6 10963.8 56860.9 10963.8 -94307.6
5.14 -14439.5 -82320.1 9020.05 52215 9020.05 -82320.1
5.16 -16280.9 -66534.5 6544.65 45838.6 6544.65 -66534.5
5.18 -18107 -46863.9 3840.47 37424.8 3840.47 -46863.9
5.2 -19723 -23268 1027.55 26910.6 1027.55 -23268
5.22 -20719.9 4266.87 -2373.03 14451.7 -2373.03 4266.87
5.24 -20752.6 35476.9 -7044.09 239.867 -7044.09 35476.9
5.26 -19831.9 69376.9 -13072.3 -15515.7 -13072.3 69376.9
5.28 -18285.8 103944 -19665.1 -32283.3 -19665.1 103944
5.3 -16426.4 136257 -25520.4 -48807.4 -25520.4 136257
5.32 -14244.7 163175 -29367.5 -63164.1 -29367.5 163175
5.34 -11347.9 182200 -30520.1 -73561.6 -30520.1 182200
5.36 -7149.74 192000 -29380.4 -79377.7 -29380.4 192000
5.38 -1246.35 192565 -27305.8 -81550.5 -27305.8 192565
5.4 6189.56 185128 -25537.4 -81893.4 -25537.4 185128
5.42 14286.5 171951 -24151.8 -81682.5 -24151.8 171951
5.44 21793.6 156138 -22315.1 -80758 -22315.1 156138
5.46 27620.6 140502 -19615.1 -78355 -19615.1 140502
5.48 31181.2 125574 -16735 -74697.6 -16735 125574
5.5 32411.3 109535 -14485.1 -70866.1 -14485.1 109535
5.52 31611.4 90452.3 -12527 -66860.2 -12527 90452.3
5.54 29226.7 67654.5 -9556.67 -60739.6 -9556.67 67654.5
5.56 25658.5 41031.8 -4682.52 -50375.5 -4682.52 41031.8
5.58 21210.6 10626 1660.36 -35736.8 1660.36 10626
5.6 16113.1 -22037.6 8162.65 -19080.7 8162.65 -22037.6
5.62 10495.9 -53154.5 13807.1 -3238.98 13807.1 -53154.5
5.64 4411.99 -78408 18372.8 9919.83 18372.8 -78408
5.66 -1908.44 -95478.5 21731.5 19829 21731.5 -95478.5
5.68 -7816.94 -104690 23115.1 26938.7 23115.1 -104690
5.7 -12483.1 -108017 21802.4 32445.3 21802.4 -108017
5.72 -15467.8 -107974 18497.5 37945 18497.5 -107974
5.74 -16950.2 -106854 15304.5 44762.9 15304.5 -106854
5.76 -17340.8 -106167 14085.7 53178.2 14085.7 -106167
5.78 -16753.1 -106443 15139.5 62131.7 15139.5 -106443
5.8 -14856.8 -107353 17376.6 69779.1 17376.6 -107353
5.82 -11159.7 -107882 19321.3 74581.8 19321.3 -107882
5.84 -5442.04 -106569 19943.2 76091.4 19943.2 -106569
5.86 1965.47 -102138 19011 74713.5 19011 -102138
5.88 10251.3 -94347.8 17020.2 70692.8 17020.2 -94347.8
5.9 18504.6 -84191.3 14765.4 63596 14765.4 -84191.3
5.92 26097.8 -73100.2 12779.3 53121 12779.3 -73100.2
5.94 32722 -62067.7 11117.8 40180.5 11117.8 -62067.7
5.96 38100.3 -51361.2 9717.06 26555 9717.06 -51361.2
5.98 41788.4 -40291.7 8672.74 13269.3 8672.74 -40291.7
6 43287.3 -26862.1 7784.4 -450.188 7784.4 -26862.1
6.02 42225.2 -8281.61 6144.83 -16552.7 6144.83 -8281.61
6.04 38414.1 17254.6 2835.48 -36577.1 2835.48 17254.6
6.06 31983.5 48709.1 -2157.59 -60290.1 -2157.59 48709.1
6.08 23637.4 81708.6 -8172.24 -85096.1 -8172.24 81708.6
6.1 14561.8 109953 -14304.6 -106404 -14304.6 109953
6.12 5802.41 128070 -18988 -119263 -18988 128070
6.14 -2200.21 134381 -20576.4 -120970 -20576.4 134381
6.16 -9516.09 131572 -19802 -112844 -19802 131572
6.18 -16666 124741 -20282.3 -99207.3 -20282.3 124741
6.2 -24877.9 118488 -24629.9 -84213.2 -24629.9 118488
6.22 -35822.7 115115 -30857.1 -69546.5 -30857.1 115115
6.24 -50548.4 114322 -34028.5 -54900.5 -34028.5 114322
6.26 -67762.5 113558 -31241.1 -39642 -31241.1 113558
6.28 -83290.1 108698 -24707 -22508.4 -24707 108698
6.3 -91892.3 95239.5 -20415.3 12.756 -20415.3 95239.5
6.32 -90369.6 70456.7 -23956.1 31280.4 -23956.1 70456.7
6.34 -80157 35136.4 -36246 70549.5 -36246 35136.4
6.36 -67524 -6892.3 -47444 114453 -47444 -6892.3
6.38 -58721.3 -50007.9 -45267.7 159404 -45267.7 -50007.9
6.4 -54822 -88574.4 -31962.7 200899 -31962.7 -88574.4
6.42 -52780.2 -119188 -20810.7 233422 -20810.7 -119188
6.44 -50450.6 -140747 -20053.6 252408 -20053.6 -140747
6.46 -48952.7 -153391 -21471.6 255044 -21471.6 -153391
6.48 -49117.6 -158582 -11148.4 240279 -11148.4 -158582
6.5 -46842.8 -159053 7515.71 210914 7515.71 -159053
6.52 -35586.3 -157665 17585.5 174840 17585.5 -157665
6.54 -13480.3 -155998 10759.7 143092 10759.7 -155998
6.56 14358.3 -153671 -6337.44 123778 -6337.44 -153671
6.58 39333.1 -148166 -19995.4 116430 -19995.4 -148166
6.6 55170.8 -135730 -19761 113915 -19761 -135730
6.62 61320.8 -114531 -7880.99 107575 -7880.99 -114531
6.64 61424.4 -86835.8 3462.1 89786 3462.1 -86835.8
6.66 58983.4 -57284.7 6964.39 56219.8 6964.39 -57284.7
6.68 55261.6 -29380.8 6376.88 8570.25 6376.88 -29380.8
6.7 50566.6 -4431.36 8442.46 -46208.9 8442.46 -4431.36
6.72 45842.9 16488.3 15440.4 -100530 15440.4 16488.3
6.74 42787.7 31851.1 24836.7 -149029 24836.7 31851.1
6.76 43078.2 41601.1 31910.1 -186974 31910.1 41601.1
6.78 47362.5 48131.6 33121.9 -208943 33121.9 48131.6
6.8 54420 55260.3 28693.8 -213327 28693.8 55260.3
6.82 61699.7 66343.9 20939.8 -205665 20939.8 66343.9
6.84 66196.6 82424.7 11605 -193682 11605 82424.7
6.86 65123.9 101833 3149.36 -180228 3149.36 101833
6.88 57389.5 122080 -1479.7 -166023 -1479.7 122080
6.9 43891.8 141453 -1944.17 -156715 -1944.17 141453
6.92 27164.3 157771 -365.628 -155596 -365.628 157771
6.94 10364.9 168065 1475.44 -158565 1475.44 168065
6.96 -4072.03 170706 1885.55 -161797 1885.55 170706
6.98 -15147.6 165782 -730.064 -162348 -730.064 165782
7 -23667.7 154026 -5343.79 -155351 -5343.79 154026
7.02 -31122.5 137555 -9252.72 -137198 -9252.72 137555
7.04 -38184.2 118158 -11187.6 -106059 -11187.6 118158
7.06 -44407 94742.7 -11773.2 -60048.2 -11773.2 94742.7
7.08 -48934.1 66726.2 -11913.9 -976.183 -11913.9 66726.2
7.1 -51188.5 36770.6 -11984.5 62497.9 -11984.5 36770.6
7.12 -51152.1 7897.81 -12153.8 118747 -12153.8 7897.81
7.14 -49375.4 -18626.9 -12422.9 158589 -12422.9 -18626.9
7.16 -46750.2 -42308.8 -12162.4 178206 -12162.4 -42308.8
7.18 -43885.6 -62613.8 -10794.6 179819 -10794.6 -62613.8
7.2 -40824.6 -78667 -9016.23 168398 -9016.23 -78667
7.22 -38068.8 -89519.9 -7235.99 148713 -7235.99 -89519.9
7.24 -36153.5 -95228.6 -3762.07 126344 -3762.07 -95228.6
7.26 -34525.6 -97086.6 2461.46 107221 2461.46 -97086.6
7.28 -31361 -97285.2 9396.85 95876.9 9396.85 -97285.2
7.3 -24355.7 -98250.7 13740 94223.4 13740 -98250.7
7.32 -12538.2 -101106 13972.3 99963.4 13972.3 -101106
7.34 2956.79 -105213 11893.2 107702 11893.2 -105213
7.36 19581.6 -109344 10766.6 111943 10766.6 -109344
7.38 34862.1 -112197 11913.8 107276 11913.8 -112197
7.4 47081.9 -112287 14464.5 87802 14464.5 -112287
7.42 55186.6 -108494 17657.8 50707.5 17657.8 -108494
7.44 58813.2 -100305 21238.8 695.275 21238.8 -100305
7.46 58431.6 -87529.1 24374 -51603.9 24374 -87529.1
7.48 55039.3 -70503 26077.3 -96333.3 26077.3 -70503
7.5 49714.5 -50383.2 26317.8 -128790 26317.8 -50383.2
7.52 43492.4 -28476.5 25731.2 -148234 25731.2 -28476.5
7.54 37451.5 -5357.72 24412.1 -155111 24412.1 -5357.72
7.56 32619.5 18964.8 21475.2 -150629 21475.2 18964.8
7.58 29624.5 44201.9 15245.8 -138002 15245.8 44201.9
7.6 28014.4 69310.4 4351.45 -122150 4351.45 69310.4
7.62 25733.1 92739 -9279.83 -107298 -9279.83 92739
7.64 19954.5 113036 -19681.8 -95404.1 -19681.8 113036
7.66 9305.66 129009 -22167.7 -86701.6 -22167.7 129009
7.68 -4665.91 139348 -18774.5 -80749.4 -18774.5 139348
7.7 -18729.7 142535 -15765 -76692.2 -15765 142535
7.72 -30507.7 137505 -16381.2 -72462.3 -16381.2 137505
7.74 -39445.3 124616 -18698.6 -63627.7 -18698.6 124616
7.76 -45775.5 105334 -19726.5 -43999.4 -19726.5 105334
7.78 -49418.8 81201.3 -18787.4 -9709.45 -18787.4 81201.3
7.8 -49988.1 54047.3 -17092.8 36052.5 -17092.8 54047.3
7.82 -47441 26064.5 -15986.3 83702.1 -15986.3 26064.5
7.84 -42539.1 -964.031 -15875.1 123475 -15875.1 -964.031
7.86 -36713.2 -25547.7 -16085.2 149921 -16085.2 -25547.7
7.88 -31516.2 -46352.4 -15387 161218 -15387 -46352.4
7.9 -28088.9 -63247.8 -12690.8 157572 -12690.8 -63247.8
7.92 -26646.9 -77614.5 -7433.75 141636 -7433.75 -77614.5
7.94 -26405.7 -90973.3 848.698 118774 848.698 -90973.3
7.96 -25546.6 -103919 11797.7 95318.5 11797.7 -103919
7.98 -21491 -116392 21833.8 76214.1 21833.8 -116392
8 -12450.4 -128144 25732 63952.4 25732 -128144
8.02 853.702 -138442 22651.7 58399 22651.7 -138442
8.04 15315.7 -145788 17790.1 57177.1 17790.1 -145788
8.06 27694.1 -148441 16539.3 56932.3 16539.3 -148441
8.08 36552.1 -145083 19260.5 54030.7 19260.5 -145083
8.1 42181.1 -135234 22649.4 44094.5 22649.4 -135234
8.12 45298.8 -119384 24074.7 23287 24074.7 -119384
8.14 46249.6 -98460.4 23485.5 -7915 23485.5 -98460.4
8.16 45183.1 -73529.4 22291.2 -43447.5 22291.2 -73529.4
8.18 42574.8 -45909.1 21392 -75916.4 21392 -45909.1
8.2 39394.7 -16786.3 20127.5 -101474 20127.5 -16786.3
8.22 36671.5 13100.8 16840.7 -119647 16840.7 13100.8
8.24 34833.2 43140.2 10476 -129997 10476 43140.2
8.26 33425.2 72588.9 1617.57 -131030 1617.57 72588.9
8.28 31385.4 100650 -8031.1 -122119 -8031.1 100650
8.3 27713.9 126373 -16791.9 -105267 -16791.9 126373
8.32 21885.5 148495 -23194.1 -84877.3 -23194.1 148495
8.34 14058.7 165589 -26129.5 -66193 -26129.5 165589
8.36 5242.47 176391 -26177.3 -53415.7 -26177.3 176391
8.38 -3159.54 180193 -25681.6 -48323.8 -25681.6 180193
8.4 -10278.1 177248 -26206.8 -50195.3 -26206.8 177248
8.42 -16226.9 168760 -27020.4 -56697.4 -27020.4 168760
8.44 -21613 156512 -26956.6 -64154.9 -26956.6 156512
8.46 -26853.1 142231 -26216.5 -66754.1 -26216.5 142231
8.48 -31931.2 126348 -25416.9 -57212.1 -25416.9 126348
8.5 -36387.3 107843 -24302.9 -31358.9 -24302.9 107843
8.52 -39369.8 86008.1 -22315.9 6617.19 -22315.9 86008.1
8.54 -40061.6 61121.2 -19423.8 45286.8 -19423.8 61121.2
8.56 -38286.1 33411.7 -15741.3 73955.4 -15741.3 33411.7
8.58 -34593.8 3172.02 -11108.3 88783.8 -11108.3 3172.02
8.6 -29824.7 -28068.9 -5514.05 91268.9 -5514.05 -28068.9
8.62 -24660.8 -57700.3 641.729 83983.7 641.729 -57700.3
8.64 -19558.5 -83373.1 7084.97 69827.7 7084.97 -83373.1
8.66 -14703.2 -103826 13743.9 53331 13743.9 -103826
8.68 -9730.49 -118876 19694.1 39897.3 19694.1 -118876
8.7 -3953.35 -129125 23089.6 33314.1 23089.6 -129125
8.72 2875.63 -135544 23318.4 34234.9 23318.4 -135544
8.74 10227.2 -139016 22238.4 40516.4 22238.4 -139016
8.76 17339.1 -140106 22077.1 48796.1 22077.1 -140106
8.78 23865.2 -139090 23141.7 56096.6 23141.7 -139090
8.8 29859.6 -135891 24452.5 60077.6 24452.5 -135891
8.82 35411.1 -129955 25393.4 58115.9 25393.4 -129955
8.84 40414.9 -120379 25756.5 47087.3 25756.5 -120379
8.86 44474.5 -106106 25091 25314.3 25091 -106106
8.88 46902.6 -86617.4 23064.7 -4436.42 23064.7 -86617.4
8.9 47033 -62751.4 20013.4 -34870.2 20013.4 -62751.4
8.92 44762.9 -35949.6 16371.9 -58812.7 16371.9 -35949.6
8.94 40714.6 -7236.02 11961.1 -73583.1 11961.1 -7236.02
8.96 35692 22077.3 6431.45 -79877 6431.45 22077.3
8.98 30086 49897.5 -48.6537 -78392.2 -48.6537 49897.5
9 23923.2 74526.5 -6796.44 -70053.2 -6796.44 74526.5
9.02 17082.5 95396.1 -12583.1 -58372.5 -12583.1 95396.1
9.04 9632.23 112287 -16062.9 -48840.6 -16062.9 112287
9.06 2211.57 124696 -17438.4 -45376.1 -17438.4 124696
9.08 -4278.24 132174 -18878.1 -48021 -18878.1 132174
9.1 -9602.94 134838 -21910.6 -53963.3 -21910.6 134838
9.12 -14660.4 133487 -25277.5 -60056.3 -25277.5 133487
9.14 -20682.1 129208 -26520.8 -64014.4 -26520.8 129208
9.16 -27991.1 122760 -24922.3 -63710.6 -24922.3 122760
9.18 -35575.3 114248 -22119.3 -56237.2 -22119.3 114248
9.2 -41750.8 103124 -20355.9 -38504.4 -20355.9 103124
9.22 -45229.4 88753.8 -20574.5 -10011.5 -20574.5 88753.8
9.24 -45803.8 71606.1 -21905.1 24167.6 -21905.1 71606.1
9.26 -44296.5 53388.3 -22624.2 54551.6 -22624.2 53388.3
9.28 -41897.8 35497.6 -21617.9 73351.6 -21617.9 35497.6
9.3 -39392.5 17908.6 -19091.2 79431 -19091.2 17908.6
9.32 -36908.4 -138.15 -15817.5 77114.3 -15817.5 -138.15
9.34 -34195.6 -18863.6 -11793.4 71626.8 -11793.4 -18863.6
9.36 -31044.2 -37537.2 -6088.24 66457.5 -6088.24 -37537.2
9.38 -27200.1 -55054 1401.91 63435.2 1401.91 -55054
9.4 -22038.2 -70725.2 8257.46 63253.9 8257.46 -70725.2
9.42 -14978.6 -84393.3 11240.6 65579 11240.6 -84393.3
9.44 -6341.42 -95807.8 10244.1 69133.6 10244.1 -95807.8
9.46 2564 -104231 8792.28 72016.5 8792.28 -104231
9.48 10432.8 -108898 9917.13 72449.8 9917.13 -108898
9.5 16845.8 -109575 13092.5 69425.9 13092.5 -109575
9.52 22132.3 -106382 15862.1 62473.6 15862.1 -106382
9.54 26685.2 -99447.1 16980.2 51103.7 16980.2 -99447.1
9.56 30591.5 -88892.4 16982.6 34799.6 16982.6 -88892.4
9.58 33709.8 -74793.1 16583.8 13483.6 16583.8 -74793.1
9.6 35821.7 -57363.2 15678.3 -11662.5 15678.3 -57363.2
9.62 36711.4 -37280.7 13816.6 -37565.3 13816.6 -37280.7
9.64 36275.6 -15381.2 10853.9 -60106.4 10853.9 -15381.2
9.66 34593 7700.2 6961.88 -76096.7 6961.88 7700.2
9.68 31867.4 31043.8 2477.62 -84246.2 2477.62 31043.8
9.7 28337.3 52931 -2114.25 -84708.6 -2114.25 52931
9.72 24262.6 71322.9 -6368.52 -78793.2 -6368.52 71322.9
9.74 19926.2 84781.9 -10049 -69181.3 -10049 84781.9
9.76 15447.9 92908.5 -12802.9 -59448.5 -12802.9 92908.5
9.78 10712.8 96199.3 -14243.1 -52621 -14243.1 96199.3
9.8 5571.76 95587.3 -14791.3 -49768.2 -14791.3 95587.3
9.82 -90.6986 91907.2 -15499.3 -49602.2 -15499.3 91907.2
9.84 -6454.21 85583.3 -16494.5 -49217.2 -16494.5 85583.3
9.86 -13612.1 76661 -16530.6 -45167.1 -16530.6 76661
9.88 -21106.2 65076.9 -14698.7 -34285.4 -14698.7 65076.9
9.9 -27787.9 51022.4 -11889.5 -14908.6 -11889.5 51022.4
9.92 -32406.9 35070.8 -10023.1 11409.5 -10023.1 35070.8
9.94 -34443 17860 -10068.7 39783.3 -10068.7 17860
9.96 -34374.4 -123.246 -11094.9 64633.8 -11094.9 -123.246
9.98 -33176.1 -18228.2 -11237.8 82594.9 -11237.8 -18228.2
10 -31608.7 -35408.7 -9450.26 93008.8 -9450.26 -35408.7
10.02 -29924.6 -50609.4 -6284.13 96730.7 -6284.13 -50609.4
10.04 -28093.3 -63309.6 -3164.78 95260.6 -3164.78 -63309.6
10.06 -26159.7 -73641.9 -967.966 90542.2 -967.966 -73641.9
10.08 -24351.8 -82100.6 978.298 84730.1 978.298 -82100.6
10.1 -22731.4 -89094.5 4312.89 79610 4312.89 -89094.5
10.12 -20654.3 -94576.2 9312.75 75907.1 9312.75 -94576.2
10.14 -16907.4 -97960.9 13560.7 73080.4 13560.7 -97960.9
10.16 -10766.9 -98319.4 14241.2 69759.6 14241.2 -98319.4
10.18 -2877.27 -94679.8 11442.4 64310.6 11442.4 -94679.8
10.2 5148.32 -86354.9 7850.66 55263.7 7850.66 -86354.9
10.22 11931.9 -73306.7 5622.68 41849 5622.68 -73306.7
10.24 17020.3 -56340.8 4874.11 24579.3 4874.11 -56340.8
10.26 20691.5 -36787.5 4707.31 5175.05 4707.31 -36787.5
10.28 23465.5 -16101 4306.78 -14442.9 4306.78 -16101
10.3 25741.3 4199.65 3186.01 -33054.6 3186.01 4199.65
10.32 27613.4 22797.8 1404.3 -49927.3 1404.3 22797.8
10.34 28917.3 39066.7 -410.183 -64131.5 -410.183 39066.7
10.36 29485.3 53049.7 -1784.36 -74553.2 -1784.36 53049.7
10.38 29346.9 65032 -3100.83 -80472.8 -3100.83 65032
10.4 28642.3 75279.9 -5251.09 -81882.7 -5251.09 75279.9
10.42 27328.8 83924 -8652.52 -79353.4 -8652.52 83924
10.44 24976.3 90821.5 -12742 -73819.3 -12742 90821.5
10.46 20995.7 95586.1 -16267.2 -66506.4 -16267.2 95586.1
10.48 15087.7 97758.1 -17897.8 -58804.1 -17897.8 97758.1
10.5 7620.69 96805.2 -17192.7 -51832.7 -17192.7 96805.2
10.52 -373.71 92053 -15393 -45798.3 -15393 92053
10.54 -7845.2 82944 -14241.8 -39561.3 -14241.8 82944
10.56 -14371.6 69616.7 -13826.6 -31076.6 -13826.6 69616.7
10.58 -20057.9 53213.7 -12890.4 -18803.8 -12890.4 53213.7
10.6 -24975 35454.5 -11157.7 -2883.84 -11157.7 35454.5
10.62 -29023.2 17870.2 -9751.83 15190.3 -9751.83 17870.2
10.64 -32225.9 1389 -9301.87 33869.2 -9301.87 1389
10.66 -34763.1 -13686.3 -9042.07 52174.7 -9042.07 -13686.3
10.68 -36623.2 -27585.4 -7941.93 69272.1 -7941.93 -27585.4
10.7 -37413.8 -40789.3 -5807.3 83972.9 -5807.3 -40789.3
10.72 -36611.2 -53544.4 -3184.04 94823 -3184.04 -53544.4
10.74 -34014.4 -65570.5 -755.775 100547 -755.775 -65570.5
10.76 -29852.7 -76218 1111.74 100547 1111.74 -76218
10.78 -24712.4 -84813.2 2840.05 95421.8 2840.05 -84813.2
10.8 -19115.4 -90815.2 5217.28 86990.8 5217.28 -90815.2
10.82 -13046.6 -93741.8 7927.71 77390.9 7927.71 -93741.8
10.84 -6229.58 -93190.9 9579.06 68204.7 9579.06 -93190.9
10.86 1275.44 -89062.3 9550.32 60208.8 9550.32 -89062.3
10.88 8920.39 -81726.1 8680.77 53251.7 8680.77 -81726.1
10.9 16133.8 -71965.5 7968.49 46189.7 7968.49 -71965.5
10.92 22656.8 -60663.9 7644.43 37285.6 7644.43 -60663.9
10.94 28423.6 -48350 7567.74 25060.6 7567.74 -48350
10.96 33308.5 -34959.9 7550.66 8942.52 7550.66 -34959.9
10.98 37036.6 -20135.4 7174.02 -10797.7 7174.02 -20135.4
11 39230.6 -3860.34 6064.67 -33278.7 6064.67 -3860.34
11.02 39595.9 13170.3 4500.29 -56672.6 4500.29 13170.3
11.04 38219.5 29731.8 3158.28 -77938.4 3158.28 29731.8
11.06 35701.7 44481.9 2184.95 -93685.9 2184.95 44481.9
11.08 32881.7 56343.1 950.036 -101697 950.036 56343.1
11.1 30235 64888.8 -1299.56 -101737 -1299.56 64888.8
11.12 27517.9 70565.9 -4945.81 -95301.7 -4945.81 70565.9
11.14 23838 74466.4 -9613.96 -84881.3 -9613.96 74466.4
11.16 18043.8 77705.9 -13640.3 -73160.5 -13640.3 77705.9
11.18 9592.08 80752.6 -15073.1 -62278.8 -15073.1 80752.6
11.2 -744.411 83133.3 -14142.1 -53291.2 -14142.1 83133.3
11.22 -11293 83748.4 -13326.9 -45983.7 -13326.9 83748.4
11.24 -20721.1 81526.3 -14151.3 -39064.4 -14151.3 81526.3
11.26 -28627.4 75910.3 -15591.6 -30582.6 -15591.6 75910.3
11.28 -35002.9 66938.2 -16251.8 -18583.1 -16251.8 66938.2
11.3 -39654.7 55018.8 -16304.1 -2030.79 -16304.1 55018.8
11.32 -42359.2 40745.8 -16557.4 18667 -16557.4 40745.8
11.34 -43232.5 25036.7 -17057.1 42109.3 -17057.1 25036.7
11.36 -42726.4 9325.39 -17420.8 66442 -17420.8 9325.39
11.38 -41423.2 -4757.69 -17605.7 89143.5 -17605.7 -4757.69
11.4 -39908.4 -16182.3 -17580.4 107029 -17580.4 -16182.3
11.42 -38620.6 -25081.6 -16775.7 117460 -16775.7 -25081.6
11.44 -37535.2 -32584 -14463.5 119717 -14463.5 -32584
11.46 -35974.7 -40101.4 -10347 115048 -10347 -40101.4
11.48 -32932.7 -48584.5 -4713.12 105694 -4713.12 -48584.5
11.5 -27458.3 -58027.6 1104.09 94018.6 1104.09 -58027.6
11.52 -19165.8 -67288.3 4902.52 81989.7 4902.52 -67288.3
11.54 -8797.75 -74495.2 5786.61 70867.8 5786.61 -74495.2
11.56 2046.31 -78068.4 5456.13 61059.8 5456.13 -78068.4
11.58 12006.9 -77557.6 5907.73 52208.6 5907.73 -77557.6
11.6 20699.3 -73547.4 7003.28 43428.7 7003.28 -73547.4
11.62 28216.7 -66964.5 7700.98 33383.4 7700.98 -66964.5
11.64 34373.3 -58677.6 8304.79 20448 8304.79 -58677.6
11.66 38826.9 -49553.2 9875.3 3425.86 9875.3 -49553.2
11.68 41670.3 -40349.7 12300.6 -17631.9 12300.6 -40349.7
11.7 43431.4 -31275.7 14393.4 -41276.3 14393.4 -31275.7
11.72 44497.6 -21811.7 15441.1 -65129 15441.1 -21811.7
11.74 44805.5 -11077.3 15540.2 -86502.8 15540.2 -11077.3
11.76 44090.2 1652.79 14682.6 -102990 14682.6 1652.79
11.78 42273.3 16580.5 12487 -112914 12487 16580.5
11.8 39553.2 33158.8 8761.79 -115475 8761.79 33158.8
11.82 36191 50126.8 3508.14 -110742 3508.14 50126.8
11.84 32233.4 65931.7 -3361.08 -99788.1 -3361.08 65931.7
11.86 27061.3 79298.3 -10831.1 -84874.1 -10831.1 79298.3
11.88 19617.7 89529.7 -16050.5 -69314.7 -16050.5 89529.7
11.9 9602.93 96406.6 -17018.5 -56470.7 -17018.5 96406.6
11.92 -1832.46 99926.5 -15338.7 -47973.8 -15338.7 99926.5
11.94 -12834.5 100235 -14428.7 -42827.9 -14428.7 100235
11.96 -22194.9 97716 -15830 -38386.7 -15830 97716
11.98 -29781.8 92857.3 -18660.9 -31761.7 -18660.9 92857.3
12 -36006.8 85938.3 -21498.9 -20452.5 -21498.9 85938.3
12.02 -41189.8 77015 -23489.5 -2973.95 -23489.5 77015
12.04 -45297.2 66131.5 -24414.3 20290.3 -24414.3 66131.5
12.06 -48026.3 53464.5 -24700.3 47075.9 -24700.3 53464.5
12.08 -49149.8 39463.2 -25076.1 74067.1 -25076.1 39463.2
12.1 -48884.6 24889.5 -25704.6 97596.5 -25704.6 24889.5
12.12 -47893.1 10489.4 -25805.4 114304 -25805.4 10489.4
12.14 -46822.6 -3415.71 -24397.1 122249 -24397.1 -3415.71
12.16 -45862.1 -16927.3 -21219.8 121754 -21219.8 -16927.3
12.18 -44600.5 -30252 -16717.5 114778 -16717.5 -30252
12.2 -42388.9 -43521.8 -11115.2 103663 -11115.2 -43521.8
12.22 -38557.1 -56735.4 -4413.16 90838.7 -4413.16 -56735.4
12.24 -32311.6 -69537 1932.11 78792.2 1932.11 -69537
12.26 -23223.8 -81140.5 5415.34 69580.5 5415.34 -81140.5
12.28 -11961.6 -90604.4 5760.74 64209.5 5760.74 -90604.4
12.3 -109.427 -97055 5637.59 62073.5 5637.59 -97055
12.32 10988.4 -99832.3 7221.38 61217.1 7221.38 -99832.3
12.34 20917.2 -98707.4 9785.96 59216.3 9785.96 -98707.4
12.36 29708 -93836 11429.3 53388.5 11429.3 -93836
12.38 37083.2 -85439 11645.5 40943.6 11645.5 -85439
12.4 42412.7 -73794.8 11412.2 20451.3 11412.2 -73794.8
12.42 45230 -59521.7 11752 -6593.43 11752 -59521.7
12.44 45655.2 -43601.5 12902.8 -36118.8 12902.8 -43601.5
12.46 44419.6 -27123.7 14328.7 -63267.7 14328.7 -27123.7
12.48 42545.7 -11011.3 15011.2 -83983 15011.2 -11011.3
12.5 40851.8 4169.66 14046.1 -95934.5 14046.1 4169.66
12.52 39590.2 18182.4 11390.2 -98945.3 11390.2 18182.4
12.54 38517 30876.3 7854.52 -94659.6 7854.52 30876.3
12.56 37240.8 42002.1 3951.4 -85578 3951.4 42002.1
12.58 35460.3 51213.4 -1041.81 -74266.6 -1041.81 51213.4
12.6 32510 58163.2 -7436.43 -62986.4 -7436.43 58163.2
12.62 27117.2 62659.1 -12739.7 -53560.2 -12739.7 62659.1
12.64 18439.1 64747.7 -13663.9 -47231.4 -13663.9 64747.7
12.66 7232.12 64549.5 -10720.1 -44023.6 -10720.1 64549.5
12.68 -4504.93 62220.4 -7941.95 -42249.9 -7941.95 62220.4
12.7 -15103.7 58277.7 -7914.92 -39313.6 -7914.92 58277.7
12.72 -24002.5 53626 -9822.35 -33039 -9822.35 53626
12.74 -31241.4 49052.2 -12204.5 -22199.9 -12204.5 49052.2
12.76 -36889.9 44957.6 -14868.5 -6565.99 -14868.5 44957.6
12.78 -41070 41583.7 -17880.2 12922.7 -17880.2 41583.7
12.8 -44051 39000.6 -20704.1 34302.2 -20704.1 39000.6
12.82 -46059.9 36643.7 -22743.9 55229.1 -22743.9 36643.7
12.84 -47073.6 33216.4 -23720.5 73520.9 -23720.5 33216.4
12.86 -46853.7 27352.4 -23439.9 87375.3 -23439.9 27352.4
12.88 -45200.6 18364.7 -21746.3 95534.3 -21746.3 18364.7
12.9 -42030.1 6520.64 -18757.5 97203.1 -18757.5 6520.64
12.92 -37527.1 -7133.38 -14487.8 92225.4 -14487.8 -7133.38
12.94 -31905.6 -21137.1 -8793.56 81960.4 -8793.56 -21137.1
12.96 -24871 -33852 -2992.61 69259.5 -2992.61 -33852
12.98 -15987.5 -43731.8 305.817 57323.8 305.817 -43731.8
13 -5581.85 -49782.8 350.78 48600.1 350.78 -49782.8
13.02 5080.13 -51858 -739.409 43705.1 -739.409 -51858
13.04 14709 -50676.9 -700.959 41233.6 -700.959 -50676.9
13.06 22768.1 -47519.7 856.66 38876.2 856.66 -47519.7
13.08 29370 -43480.7 3307.45 34086.2 3307.45 -43480.7
13.1 34766.2 -38963.4 6132.54 24007.1 6132.54 -38963.4
13.12 39052.7 -34042.6 8855.92 6491.9 8855.92 -34042.6
13.14 42145.8 -28924.2 11061.2 -18028.3 11061.2 -28924.2
13.16 43912 -23709.8 12826.6 -46129.4 12826.6 -23709.8
13.18 44374.6 -18124.9 14483.9 -72930.9 14483.9 -18124.9
13.2 43823.7 -11878 15834.9 -94003 15834.9 -11878
13.22 42685.5 -5077.98 16139.5 -106524 16139.5 -5077.98
13.24 41319 1847.7 14896.1 -109658 14896.1 1847.7
13.26 39853.9 8402.13 12146.2 -104296 12146.2 8402.13
13.28 38114.4 14151.3 7928.87 -92474.1 7928.87 14151.3
13.3 35525.7 18945.3 2271.52 -76971.8 2271.52 18945.3
13.32 30910.1 23249.5 -3409.87 -61057.8 -3409.87 23249.5
13.34 23078.4 28168.5 -6523.72 -47955.1 -6523.72 28168.5
13.36 11981.4 34862.9 -6566.82 -39734.9 -6566.82 34862.9
13.38 -1091.77 43726.4 -6301.3 -36230.8 -6301.3 43726.4
13.4 -14485.3 54081.5 -8295.4 -35285.5 -8295.4 54081.5
13.42 -27036.6 64501.6 -12169.1 -34042.4 -12169.1 64501.6
13.44 -37938.3 73258 -16188 -29590.6 -16188 73258
13.46 -46387.5 78820.3 -19661.3 -19135.5 -19661.3 78820.3
13.48 -51758.2 80457.5 -22884.6 -1179.52 -22884.6 80457.5
13.5 -53976.6 78374.2 -26103.7 23018.8 -26103.7 78374.2
13.52 -53564.5 73123.3 -29260.1 49797.3 -29260.1 73123.3
13.54 -51392 65064.6 -31949.3 75060.3 -31949.3 65064.6
13.56 -48381 54487.3 -33237.7 95730.9 -33237.7 54487.3
13.58 -45223.7 41943.3 -32133 109783 -32133 41943.3
13.6 -42159.9 28190.3 -28594.9 115763 -28594.9 28190.3
13.62 -39025 13831.9 -23501.9 112869 -23501.9 13831.9
13.64 -35535.9 -993.389 -17168.8 101924 -17168.8 -993.389
13.66 -31022.9 -16526.8 -9507.78 85940.9 -9507.78 -16526.8
13.68 -24275.8 -32858.2 -2099.46 69202.3 -2099.46 -32858.2
13.7 -14433.4 -49479.1 2610.36 55781.3 2610.36 -49479.1
13.72 -2001.52 -65279.4 4409.29 48044.9 4409.29 -65279.4
13.74 11253.1 -78983.9 5224.25 45471.2 5224.25 -78983.9
13.76 23384 -89818.2 6489.8 45171.1 6489.8 -89818.2
13.78 33011.6 -97741.4 8731.33 43794.8 8731.33 -97741.4
13.8 39526.3 -103024 12704.5 38702 12704.5 -103024
13.82 43200.2 -105924 18714.8 27979.8 18714.8 -105924
13.84 45088.3 -106859 25340.8 10733.9 25340.8 -106859
13.86 46415.1 -106453 30441.5 -12031.6 30441.5 -106453
13.88 47878.7 -105058 33225.8 -37221.4 33225.8 -105058
13.9 49501.8 -102339 34458.3 -60818.5 34458.3 -102339
13.92 50988.6 -97426.6 34938.4 -79425.2 34938.4 -97426.6
13.94 52084.4 -89432.5 34512.2 -90961.4 34512.2 -89432.5
13.96 52669.4 -77787 32418.3 -94651.8 32418.3 -77787
13.98 52629.4 -62215.2 27828.4 -90973.5 27828.4 -62215.2
14 51483.1 -42584.5 20132.6 -81483.9 20132.6 -42584.5
14.02 48094.6 -18980.2 10045.5 -68721.9 10045.5 -18980.2
14.04 40895 7887.21 769.623 -56311.5 769.623 7887.21
14.06 29230 36132.2 -3947.31 -48083.3 -3947.31 36132.2
14.08 14752.9 62577.7 -4148.01 -45872.9 -4148.01 62577.7
14.1 826.554 83729.1 -4199.98 -47947.5 -4199.98 83729.1
14.12 -9815.51 97639.4 -7744.82 -50282.4 -7744.82 97639.4
14.14 -16860 105111 -14118 -49847.3 -14118 105111
14.16 -21994.1 108873 -20499.5 -46193.6 -20499.5 108873
14.18 -27213.1 111628 -25197.2 -39963.5 -25197.2 111628
14.2 -33450.1 114833 -28048 -30979.1 -28048 114833
14.22 -40203.7 118642 -29551.1 -18139.3 -29551.1 118642
14.24 -46039.9 122200 -30584.5 -654.594 -30584.5 122200
14.26 -49568.5 123774 -31993.4 20436.2 -31993.4 123774
14.28 -50219 120876 -33707.5 41419.2 -33707.5 120876
14.3 -48271.8 110922 -34548.9 57017.5 -34548.9 110922
14.32 -44362.9 92548.3 -33251.5 63365.3 -33251.5 92548.3
14.34 -39210.1 66670.7 -29376.7 60491.3 -29376.7 66670.7
14.36 -33737.7 36253.9 -22894.5 52035.9 -22894.5 36253.9
14.38 -28843.5 5120.64 -13810 42369.6 -13810 5120.64
14.4 -24623.8 -23325.4 -3175.62 34209.7 -3175.62 -23325.4
14.42 -19972 -47156.9 6232.99 29165.6 6232.99 -47156.9
14.44 -13375.1 -66433 11600.1 28914.3 11600.1 -66433
14.46 -4276.76 -82694.4 12979.5 34006 12979.5 -82694.4
14.48 6539.66 -97671.1 13444.9 41967 13444.9 -97671.1
14.5 17790 -112127 15533.4 48051.2 15533.4 -112127
14.52 28449 -125537 18819.9 48334.6 18819.9 -125537
14.54 37620.5 -136494 21694.7 41935.2 21694.7 -136494
14.56 44272.6 -143333 23879.3 30554.6 23879.3 -143333
14.58 47593 -144532 26129.3 16335.7 26129.3 -144532
14.6 47541.8 -138904 28589.6 278.839 28589.6 -138904
14.62 44898.1 -125908 30424.6 -17135.7 30424.6 -125908
14.64 40872.7 -106254 30568.6 -34031.4 30568.6 -106254
14.66 36715.1 -82137.3 28256 -47039.5 28256 -82137.3
14.68 33481.7 -56334.2 23087.8 -53810.7 23087.8 -56334.2
14.7 31576.3 -30738.4 15188.3 -54798.5 15188.3 -30738.4
14.72 30293.4 -5789.73 5208.35 -52105.6 5208.35 -5789.73
14.74 27748.2 18858.8 -5388.05 -47544.1 -5388.05 18858.8
14.76 21625 43479.2 -13530.2 -42454.4 -13530.2 43479.2
14.78 10997.7 67976 -16283.8 -38475.1 -16283.8 67976
14.8 -2347.76 91761.1 -14962.9 -37027.3 -14962.9 91761.1
14.82 -14940.9 113436 -14941.6 -37967.6 -14941.6 113436
14.84 -24322.4 130898 -19575.3 -39778.7 -19575.3 130898
14.86 -30436.7 142195 -26544.6 -41134.5 -26544.6 142195
14.88 -34513.9 146311 -31431.9 -41350.7 -31431.9 146311
14.9 -37328.2 143249 -32670.6 -39178.5 -32670.6 143249
14.92 -38806.5 133918 -31863.5 -32072.6 -31863.5 133918
14.94 -38800.7 120043 -31075.5 -17581 -31075.5 120043
14.96 -37763.3 103448 -30956.4 4093.43 -30956.4 103448
14.98 -36640.7 84940.5 -30456.3 29020.9 -30456.3 84940.5
15 -36124.8 64141.7 -27645.1 51438 -27645.1 64141.7
15.02 -35958.2 40547.8 -21364.9 66918.3 -21364.9 40547.8
15.04 -34896.5 14558.2 -12460.7 73804.9 -12460.7 14558.2
15.06 -31498.6 -12511.8 -3276.68 72387.9 -3276.68 -12511.8
15.08 -25100.6 -39071 3962.63 64093.7 3962.63 -39071
15.1 -16065.4 -63780.9 8244.62 51820.5 8244.62 -63780.9
15.12 -5469.26 -85791.6 9959.7 39924.7 9959.7 -85791.6
15.14 5302.73 -104751 10757 32683.1 10757 -104751
15.16 14962 -120515 12673.2 32142.9 12673.2 -120515
15.18 22694 -132799 16639.2 37142.7 16639.2 -132799
15.2 28375.2 -141135 21881.3 44250.1 21881.3 -141135
15.22 32491.7 -144961 26651.5 49599.7 26651.5 -144961
15.24 35772 -143615 29425.3 50012.1 29425.3 -143615
15.26 38693.4 -136428 29789.5 42909.9 29789.5 -136428
15.28 41202.8 -122948 28390.6 26320.7 28390.6 -122948
15.3 42869.1 -103152 25918.5 424.097 25918.5 -103152
15.32 43270.2 -77921.8 22390.6 -30459.6 22390.6 -77921.8
15.34 42261.4 -49218.7 17606.9 -58772.5 17606.9 -49218.7
15.36 40017.1 -19148.6 11774.5 -78133.3 11774.5 -19148.6
15.38 36817.2 10851 5323.51 -86749.1 5323.51 10851
15.4 32640.8 39592.8 -1416.35 -86294 -1416.35 39592.8
15.42 27156.8 65821.3 -7997.17 -79102.2 -7997.17 65821.3
15.44 20035.6 88957.6 -13396.1 -67822.8 -13396.1 88957.6
15.46 11427.9 109452 -16643 -56423.1 -16643 109452
15.48 2274.23 127722 -18385.9 -49107.4 -18385.9 127722
15.5 -6145.96 143052 -20668.6 -47695.3 -20668.6 143052
15.52 -13009.4 153931 -24594.9 -50940.1 -24594.9 153931
15.54 -18361.2 159107 -29167.7 -56255 -29167.7 159107
15.56 -22866.1 157943 -32541.8 -60883.8 -32541.8 157943
15.58 -27294.5 150113 -33401.7 -61407.7 -33401.7 150113
15.6 -31998.1 135839 -31384.1 -53766.8 -31384.1 135839
15.62 -36541.2 116195 -27289.4 -35250.4 -27289.4 116195
15.64 -39855.6 92383.3 -22818.1 -7054.82 -22818.1 92383.3
15.66 -40957.9 65211 -19317.2 25209.5 -19317.2 65211
15.68 -39626.7 35693.7 -16678.3 54305.9 -16678.3 35693.7
15.7 -36466.7 5505.91 -13784.3 75226.5 -13784.3 5505.91
15.72 -32425.7 -23400.2 -9953.62 86373.4 -9953.62 -23400.2
15.74 -28269.6 -49495.4 -5516.12 88129.1 -5516.12 -49495.4
15.76 -24384.8 -72049.1 -926.424 82110.5 -926.424 -72049.1
15.78 -20811.6 -90876.4 4019.87 71660.1 4019.87 -90876.4
15.8 -17243.7 -105857 9568.02 61302.5 9568.02 -105857
15.82 -13089.2 -116759 14853.4 54812.4 14853.4 -116759
15.84 -7831.78 -123195 18134.6 53546.2 18134.6 -123195
15.86 -1498.28 -124559 18530.3 55985 18530.3 -124559
15.88 5297.99 -120390 16898.8 58627.9 16898.8 -120390
15.9 11833 -110984 14683.2 57916.2 14683.2 -110984
15.92 17692.2 -97386.6 12534.6 51732.8 12534.6 -97386.6
15.94 22676 -80654.1 10365.2 39373.9 10365.2 -80654.1
15.96 26481.3 -61412.9 8179.07 21215.4 8179.07 -61412.9
15.98 28707.4 -40294.3 6361.18 -854.485 6361.18 -40294.3
16 29242 -18352.9 5162.83 -23624.7 5162.83 -18352.9
16.02 28534.2 3078 4262.54 -44005.1 4262.54 3078
16.04 27386.1 22670.6 3095.62 -59903.4 3095.62 22670.6
16.06 26475.1 39567.6 1336.97 -70027 1336.97 39567.6
16.08 26009 53956.5 -1190.26 -74157 -1190.26 53956.5
16.1 25684.8 66803.6 -4717.47 -73732.2 -4717.47 66803.6
16.12 24821.9 78674.2 -9301.43 -71051.6 -9301.43 78674.2
16.14 22675.6 89045.2 -14475.4 -67563.4 -14475.4 89045.2
16.16 18712.5 96764 -18924.9 -63363.6 -18924.9 96764
16.18 12780 100741 -20673.3 -58205.1 -20673.3 100741
16.2 5403.77 100178 -18810.9 -52398.7 -18810.9 100178
16.22 -2188.49 94607.1 -15089.4 -46570.4 -15089.4 94607.1
16.24 -8727.65 84046.5 -12400.2 -40825.4 -12400.2 84046.5
16.26 -13720.2 69134.8 -11676.4 -34313.4 -11676.4 69134.8
16.28 -17503.5 51030.6 -11458.9 -25544.1 -11458.9 51030.6
16.3 -20610.4 31113.7 -10206.5 -13231.4 -10206.5 31113.7
16.32 -23256.6 10735.1 -7835.74 2896.15 -7835.74 10735.1
16.34 -25308.4 -8943.5 -5234.03 21909.2 -5234.03 -8943.5
16.36 -26489.2 -27123.7 -3319.11 42048.8 -3319.11 -27123.7
16.38 -26630.6 -43502.5 -2469.41 61122.5 -2469.41 -43502.5
16.4 -25870.8 -58186.6 -2093.74 76816.2 -2093.74 -58186.6
16.42 -24581.1 -71333.7 -876.257 87164.7 -876.257 -71333.7
16.44 -23023.7 -82739.9 1955.35 91115.8 1955.35 -82739.9
16.46 -21072 -91707.4 5680.48 88895.6 5680.48 -91707.4
16.48 -18394.5 -97284.5 8805.11 81995.8 8805.11 -97284.5
16.5 -14845.7 -98660.1 10372.9 72671.7 10372.9 -98660.1
16.52 -10569.3 -95447.3 10231.5 63081.5 10231.5 -95447.3
16.54 -5911.22 -87821.2 8789.58 54586.5 8789.58 -87821.2
16.56 -1255.05 -76512.5 6919.93 47494.7 6919.93 -76512.5
16.58 3202.68 -62569.5 5368.26 41030.7 5368.26 -62569.5
16.6 7520.83 -47047.1 4037.56 33587.3 4037.56 -47047.1
16.62 11767.9 -30778.5 2480.88 23570.6 2480.88 -30778.5
16.64 15791 -14224.6 882.33 10302 882.33 -14224.6
16.66 19355 2446.01 -291.16 -5917.98 -291.16 2446.01
16.68 22380.9 19014.4 -1286.17 -24243.9 -1286.17 19014.4
16.7 24864.6 34964.8 -2776.03 -43316.1 -2776.03 34964.8
16.72 26641 49579.5 -4734.12 -61119.6 -4734.12 49579.5
16.74 27432.2 62183.6 -6372.01 -75442.9 -6372.01 62183.6
16.76 27148.1 72279.6 -7217.12 -84733.4 -7217.12 72279.6
16.78 26014.2 79557.1 -7720.3 -88538 -7720.3 79557.1
16.8 24343.2 83864.5 -8675.62 -87312.6 -8675.62 83864.5
16.82 22155.4 85179 -10263.4 -82017.7 -10263.4 85179
16.84 19164.2 83608.8 -11770.7 -73843.1 -11770.7 83608.8
16.86 15110.8 79423.4 -12138.7 -64059 -12138.7 79423.4
16.88 10145 72981.7 -11056.2 -53880.8 -11056.2 72981.7
16.9 4868.64 64505 -9604.76 -44172.9 -9604.76 64505
16.92 -183.564 54002.7 -9074.23 -35002.9 -9074.23 54002.7
16.94 -4992.79 41525.5 -9118.65 -25639.7 -9118.65 41525.5
16.96 -9801.14 27361.9 -8154.98 -15232.8 -8154.98 27361.9
16.98 -14459.2 11922.1 -5691.79 -3290.06 -5691.79 11922.1
17 -18318.9 -4367.77 -3088.6 10525.5 -3088.6 -4367.77
17.02 -20833.4 -20967.9 -1761.94 26430.9 -1761.94 -20967.9
17.04 -22073.9 -37169.7 -1546.76 43958.8 -1546.76 -37169.7
17.06 -22555.1 -52187.1 -1190.35 61603.8 -1190.35 -52187.1
17.08 -22673 -65229.5 43.3844 77190.6 43.3844 -65229.5
17.1 -22433.6 -75562.6 1650.87 88567.9 1650.87 -75562.6
17.12 -21697.9 -82663.9 2639.54 94268.2 2639.54 -82663.9
17.14 -20560.4 -86325 2697.91 93997.4 2697.91 -86325
17.16 -19380 -86539.4 2498.05 88664.2 2498.05 -86539.4
17.18 -18421.5 -83335 2968 79838.5 2968 -83335
17.2 -17497.6 -76813.4 4282.97 69040.2 4282.97 -76813.4
17.22 -15958.6 -67314.5 5419.15 57381.6 5419.15 -67314.5
17.24 -13152.1 -55422.8 4918.4 45556.1 4918.4 -55422.8
17.26 -9007.48 -41826 2403.84 33837.2 2403.84 -41826
17.28 -4136.12 -27145.7 -891.646 22157.9 -891.646 -27145.7
17.3 667.504 -11769.3 -3385.44 10371.9 -3385.44 -11769.3
17.32 4970.73 4135.49 -4666.6 -1708.87 -4666.6 4135.49
17.34 8754.59 20322.3 -5521.51 -14476.6 -5521.51 20322.3
17.36 12089.2 36158.7 -6770.04 -28199.6 -6770.04 36158.7
17.38 14899.6 50628.2 -8379.07 -42322.5 -8379.07 50628.2
17.4 17038.2 62675.2 -9590.08 -55429.1 -9590.08 62675.2
17.42 18498.3 71657.5 -9763.94 -66054.4 -9763.94 71657.5
17.44 19482.6 77535.8 -9140.69 -73377.2 -9140.69 77535.8
17.46 20209.3 80647.7 -8715.39 -77215.5 -8715.39 80647.7
17.48 20633.2 81336.6 -9219.44 -77684.9 -9219.44 81336.6
17.5 20425.9 79779.6 -10300.9 -74964.9 -10300.9 79779.6
17.52 19261.4 76011.1 -10919.1 -69234 -10919.1 76011.1
17.54 17143.1 69972.3 -10572.2 -60718 -10572.2 69972.3
17.56 14388.2 61567.1 -9776.06 -49791.1 -9776.06 61567.1
17.58 11243.9 50748.3 -9075.27 -37076.6 -9075.27 50748.3
17.6 7693.45 37534 -8137.33 -23539 -8137.33 37534
17.62 3697.4 21960.4 -6290.66 -10303.3 -6290.66 21960.4
17.64 -514.88 4223.47 -3455.06 1991.34 -3455.06 4223.47
17.66 -4483.45 -14994.5 -158.85 13628.1 -158.85 -14994.5
17.68 -7793.44 -34477.3 2900.92 25308.8 2900.92 -34477.3
17.7 -10292.7 -52874.2 5104.48 37286.7 5104.48 -52874.2
17.72 -12130.6 -69107.3 6193.22 49162.9 6193.22 -69107.3
17.74 -13624.9 -82467.4 6512.71 60258.6 6512.71 -82467.4
17.76 -15029.6 -92579.1 6732.64 69874.7 6732.64 -92579.1
17.78 -16358.9 -99386.2 7255.6 77315.9 7255.6 -99386.2
17.8 -17395.3 -103020 7974.91 81945.3 7974.91 -103020
17.82 -17849.7 -103529 8488.17 83312 8488.17 -103529
17.84 -17554.5 -100683 8432.54 81228.4 8432.54 -100683
17.86 -16547 -94009.5 7738.28 75721.1 7738.28 -94009.5
17.88 -14991.6 -83049.7 6674.31 66882.3 6674.31 -83049.7
17.9 -12988.2 -67727.2 5440.79 54780.9 5440.79 -67727.2
17.92 -10425.2 -48622.3 3597.45 39774.2 3597.45 -48622.3
17.94 -7152.17 -26877.5 414.526 23140.1 414.526 -26877.5
17.96 -3330.2 -3713.6 -3972.38 6971.62 -3972.38 -3713.6
17.98 518.071 19894.6 -8376.76 -7165.14 -8376.76 19894.6
18 3847.97 43053.3 -11752.9 -19282.5 -11752.9 43053.3
18.02 6432.28 64755.5 -14029.1 -30327.2 -14029.1 64755.5
18.04 8390.53 83987.4 -15661.7 -40855.5 -15661.7 83987.4
18.06 10004.5 99913.1 -16914.3 -50663.3 -16914.3 99913.1
18.08 11529.2 111998 -17745.5 -59300.9 -17745.5 111998
18.1 13084.4 120093 -18073.9 -66528.5 -18073.9 120093
18.12 14632.9 124352 -17980.4 -72357.6 -17980.4 124352
18.14 16032.7 124981 -17712.2 -76817 -17712.2 124981
18.16 17094.5 122070 -17461 -79640.4 -17461 122070
18.18 17611.2 115574 -17078.6 -80120.3 -17078.6 115574
18.2 17403 105364 -16129.9 -77291.5 -16129.9 105364
18.22 16393.3 91364.5 -14360.7 -70330.8 -14360.7 91364.5
18.24 14643.3 73810.9 -11971.4 -58930 -11971.4 73810.9
18.26 12250.7 53423.8 -9217.86 -43681.5 -9217.86 53423.8
18.28 9267.46 31070.8 -6047.44 -26383.8 -6047.44 31070.8
18.3 5792.46 7354.92 -2393.53 -9486.42 -2393.53 7354.92
18.32 2074.35 -17061.7 1484.74 5345.25 1484.74 -17061.7
18.34 -1556.53 -40982 5108.85 17963.1 5108.85 -40982
18.36 -4881.94 -62987.2 8028.42 29000.5 8028.42 -62987.2
18.38 -7903.76 -82061.9 9992.39 38974 9992.39 -82061.9
18.4 -10764 -97694.1 11091.5 48233.2 11091.5 -97694.1
18.42 -13551 -109654 11686.2 57155.2 11686.2 -109654
18.44 -16157.8 -117926 12041.2 65957.4 12041.2 -117926
18.46 -18320.4 -122681 12083.5 74419.7 12083.5 -122681
18.48 -19798.1 -124112 11618.3 81873.5 11618.3 -124112
18.5 -20513.8 -122282 10680.3 87389.8 10680.3 -122282
18.52 -20519.3 -117071 9503.87 90014 9503.87 -117071
18.54 -19868.4 -108149 8192.91 89018.6 8192.91 -108149
18.56 -18550.7 -95101.6 6603.18 84106.3 6603.18 -95101.6
18.58 -16582.1 -77856.9 4560.19 75303.1 4560.19 -77856.9
18.6 -14052.8 -57136.2 1936.13 62720.3 1936.13 -57136.2
18.62 -11069.3 -34330.8 -1332.56 46977.5 -1332.56 -34330.8
18.64 -7742.83 -10757.2 -4960.9 29886.8 -4960.9 -10757.2
18.66 -4194.42 12706.1 -8351.36 13786.5 -8351.36 12706.1
18.68 -552.092 35178.7 -11176.4 -157.946 -11176.4 35178.7
18.7 3049.34 55570.1 -13584.1 -12427.1 -13584.1 55570.1
18.72 6452.58 73026.5 -15668.5 -23970.3 -15668.5 73026.5
18.74 9512.66 87152.2 -17138.7 -35188.4 -17138.7 87152.2
18.76 12177.4 97722 -17681.5 -45969.6 -17681.5 97722
18.78 14502 104525 -17376.4 -56043.5 -17376.4 104525
18.8 16538.6 107494 -16578.5 -65079.2 -16578.5 107494
18.82 18214 106719 -15506.3 -72637.7 -15506.3 106719
18.84 19351.8 102335 -14080.4 -78132 -14080.4 102335
18.86 19825 94480 -12155.4 -80841.4 -12155.4 94480
18.88 19680.7 83337 -9819.23 -80068.6 -9819.23 83337
18.9 19086.4 69210 -7437.04 -75398.4 -7437.04 69210
18.92 18132.1 52634 -5434.21 -66783.7 -5434.21 52634
18.94 16685.5 34466.7 -3915.37 -54494.4 -3915.37 34466.7
18.96 14420.4 15717.6 -2415.03 -39392.9 -2415.03 15717.6
18.98 11094.4 -2848.65 -305.731 -23217.9 -305.731 -2848.65
19 6868.79 -20803.5 2433.43 -7880.37 2433.43 -20803.5
19.02 2284.04 -37728.8 5149.25 5789.65 5149.25 -37728.8
19.04 -2090.69 -53026.9 7230.42 18204.4 7230.42 -53026.9
19.06 -5946.73 -66073.4 8529.41 29964.7 8529.41 -66073.4
19.08 -9220.29 -76400.6 9065.9 41127.7 9065.9 -76400.6
19.1 -11943 -83765.8 8769.55 51464.1 8769.55 -83765.8
19.12 -14174.2 -88172.6 7691.7 60902 7691.7 -88172.6
19.14 -16001.3 -89797.5 6191.5 69484.2 6191.5 -89797.5
19.16 -17514.5 -88812.8 4716.61 77016.6 4716.61 -88812.8
19.18 -18756.9 -85281.4 3479.69 82843.2 3479.69 -85281.4
19.2 -19691.3 -79223.2 2407.12 85985 2407.12 -79223.2
19.22 -20201.1 -70720.6 1329.28 85582 1329.28 -70720.6
19.24 -20114.1 -59920.4 166.059 81266.4 166.059 -59920.4
19.26 -19235.7 -47005.2 -1073.35 73074.8 -1073.35 -47005.2
19.28 -17427.6 -32274.8 -2483.62 61154.2 -2483.62 -32274.8
19.3 -14684.6 -16223.3 -4404.32 45957.6 -4404.32 -16223.3
19.32 -11217.1 545.208 -7073.3 28774.9 -7073.3 545.208
19.34 -7474.51 17375 -10072.7 11551.7 -10072.7 17375
19.36 -3956.35 33482.7 -12500.3 -4093.45 -12500.3 33482.7
19.38 -936.041 47999.8 -13790.5 -17487.5 -13790.5 47999.8
19.4 1628.51 60193.6 -14073.9 -28676.7 -14073.9 60193.6
19.42 3942.87 69589.5 -13737.4 -38029.1 -13737.4 69589.5
19.44 6212.81 75914.7 -13012.8 -46054.8 -13012.8 75914.7
19.46 8595.59 79074.2 -12066.6 -53199.4 -12066.6 79074.2
19.48 11159.4 79192.6 -11145.9 -59586.1 -11145.9 79192.6
19.5 13783.9 76550.2 -10399.6 -64940.4 -10399.6 76550.2
19.52 16132.2 71415.4 -9657.08 -68684 -9657.08 71415.4
19.54 17807.8 63973.8 -8568.11 -70044.3 -8568.11 63973.8
19.56 18583 54400 -6975.12 -68187.3 -6975.12 54400
19.58 18491.9 42913.4 -5049.14 -62397 -5049.14 42913.4
19.6 17717.4 29813.5 -3063.83 -52320.8 -3063.83 29813.5
19.62 16431.7 15537.5 -1210.38 -38390.1 -1210.38 15537.5
19.64 14726 639.255 394.002 -22121.8 394.002 639.255
19.66 12593.3 -14253.5 1789.21 -5667.27 1789.21 -14253.5
19.68 10000.5 -28384.6 3158.37 9195.61 3158.37 -28384.6
19.7 7001.62 -40899.7 4480.01 21644.4 4480.01 -40899.7
19.72 3733.34 -51100.6 5397.61 31643.6 5397.61 -51100.6
19.74 309.843 -58654.5 5649.49 39577.1 5649.49 -58654.5
19.76 -3212.54 -63531.1 5395.4 46017.3 5395.4 -63531.1
19.78 -6742.95 -65840.5 4944.09 51499.6 4944.09 -65840.5
19.8 -10085.4 -65781.1 4365.87 56278.4 4365.87 -65781.1
19.82 -12992.2 -63633.3 3500.3 60231.7 3500.3 -63633.3
19.84 -15277.6 -59663.7 2212.93 62951.6 2212.93 -59663.7
19.86 -16887.9 -53981.5 556.088 63889.4 556.088 -53981.5
19.88 -17897.4 -46500.4 -1267.11 62459.4 -1267.11 -46500.4
19.9 -18447.1 -37059.4 -3051.43 58130.8 -3051.43 -37059.4
19.92 -18664.7 -25624.7 -4716.47 50595.3 -4716.47 -25624.7
19.94 -18589.9 -12439.7 -6297.58 40053.6 -6297.58 -12439.7
19.96 -18138.3 1953.35 -7807.23 27394.5 -7807.23 1953.35
19.98 -17135.7 16761 -9187.63 13914.3 -9187.63 16761
20 -15382.3 31045.7 -10470.8 759.184 -10470.8 31045.7
20.02 -12774 43948.2 -11792.9 -11304.7 -11792.9 43948.2
20.04 -9424.5 54928.9 -13109.3 -21759.8 -13109.3 54928.9
20.06 -5634.42 63828.4 -14125.5 -30312.2 -14125.5 63828.4
20.08 -1728.94 70725.6 -14670.1 -36989.1 -14670.1 70725.6
20.1 2051.56 75745.2 -14897.8 -42037.7 -14897.8 75745.2
20.12 5518.76 78925.8 -14965.4 -45716.2 -14965.4 78925.8
20.14 8495.89 80151.6 -14724.8 -48241.8 -14724.8 80151.6
20.16 10881.5 79125 -13893 -49809.9 -13893 79125
20.18 12736.1 75411.9 -12405.8 -50483.8 -12405.8 75411.9
20.2 14251.6 68590.2 -10489.8 -50022.6 -10489.8 68590.2
20.22 15602 58468.8 -8416.64 -47834.4 -8416.64 58468.8
20.24 16805.9 45266.3 -6246.35 -43174.7 -6246.35 45266.3
20.26 17729.4 29646.8 -3868.49 -35611.6 -3868.49 29646.8
20.28 18197.2 12586.4 -1305.37 -25476.9 -1305.37 12586.4
20.3 18067.4 -4828.96 1136.76 -13796 1136.76 -4828.96
20.32 17229.2 -21567.3 3128.36 -1713.6 3128.36 -21567.3
20.34 15575 -36807.2 4697.29 9897.12 4697.29 -36807.2
20.36 13072.7 -50092.1 6158.36 20341.1 6158.36 -50092.1
20.38 9889.7 -61319.8 7602.31 29023.8 7602.31 -61319.8
20.4 6350.2 -70516.2 8711.24 35676.3 8711.24 -70516.2
20.42 2721.43 -77608.7 9217.24 40469.6 9217.24 -77608.7
20.44 -917.462 -82394.2 9263.56 43783.9 9263.56 -82394.2
20.46 -4564.21 -84635.4 9093.48 45985.1 9093.48 -84635.4
20.48 -8125.27 -84131.4 8613.8 47426.2 8613.8 -84131.4
20.5 -11424.5 -80743.1 7517.47 48425 7517.47 -80743.1
20.52 -14341 -74442.4 5730.06 49081.9 5730.06 -74442.4
20.54 -16860.4 -65374.2 3529.75 49137.9 3529.75 -65374.2
20.56 -18976.2 -53863.8 1233.43 48014.4 1233.43 -53863.8
20.58 -20585.1 -40395.9 -1108.11 45038.4 -1108.11 -40395.9
20.6 -21515.1 -25590 -3650.25 39855.5 -3650.25 -25590
20.62 -21664.2 -10108.1 -6442 32762.8 -6442 -10108.1
20.64 -21078.4 5463.63 -9245.22 24524 -9245.22 5463.63
20.66 -19916.3 20659.8 -11633.4 15824.4 -11633.4 20659.8
20.68 -18312.3 35135.7 -13326.2 7029.44 -13326.2 35135.7
20.7 -16255.6 48646.1 -14520 -1582.23 -14520 48646.1
20.72 -13661.6 60954.7 -15723.9 -9597.07 -15723.9 60954.7
20.74 -10551.8 71724.7 -17135.9 -16578.9 -17135.9 71724.7
20.76 -7106.95 80511 -18381.9 -22295.3 -18381.9 80511
20.78 -3533.49 86847.9 -18991.7 -26766.2 -18991.7 86847.9
20.8 53.5824 90328.8 -18869.4 -30166.2 -18869.4 90328.8
20.82 3595.34 90642.2 -18175.5 -32740.8 -18175.5 90642.2
20.84 7001.54 87610 -16991.6 -34726.4 -16991.6 87610
20.86 10138.5 81257.5 -15258.3 -36238.6 -15258.3 81257.5
20.88 12877.1 71871.5 -12931.6 -37223.4 -12931.6 71871.5
20.9 15130.5 59958.1 -10099.8 -37489.1 -10099.8 59958.1
20.92 16863.6 46100.9 -6968.08 -36683.8 -6968.08 46100.9
20.94 18092.4 30854.4 -3766.91 -34308.3 -3766.91 30854.4
20.96 18876.1 14726.3 -682.005 -29990.7 -682.005 14726.3
20.98 19289.7 -1799.01 2152.55 -23811.8 2152.55 -1799.01
21 19365.5 -18208.7 4633.14 -16262.2 4633.14 -18208.7
21.02 19042.9 -33907.6 6665.86 -7953.19 6665.86 -33907.6
21.04 18166.8 -48233.5 8233.65 507.873 8233.65 -48233.5
21.06 16543 -60528.5 9524.79 8493.74 9524.79 -60528.5
21.08 14083.7 -70206.4 10786.8 15455.3 10786.8 -70206.4
21.1 10939.4 -76814.6 11898.4 21110.6 11898.4 -76814.6
21.12 7436.99 -80094.1 12323.7 25485.7 12323.7 -80094.1
21.14 3861.57 -79999.6 11681.4 28771 11681.4 -79999.6
21.16 332.079 -76672.7 10142.8 31174.6 10142.8 -76672.7
21.18 -3111.7 -70389.7 8136.23 32895.9 8136.23 -70389.7
21.2 -6375.07 -61490.1 5873.6 34127.3 5873.6 -61490.1
21.22 -9305.49 -50289.4 3285.01 34965.6 3285.01 -50289.4
21.24 -11795.4 -37040.5 263.24 35261.7 263.24 -37040.5
21.26 -13853.5 -22004.8 -3143.47 34564.1 -3143.47 -22004.8
21.28 -15572 -5560.54 -6721.8 32309.1 -6721.8 -5560.54
21.3 -17027.7 11745.3 -10199.9 28189.7 -10199.9 11745.3
21.32 -18207.8 29192.1 -13363.8 22369.4 -13363.8 29192.1
21.34 -19015 45940.2 -16097.4 15350.1 -16097.4 45940.2
21.36 -19324.6 61186.8 -18351.2 7698.64 -18351.2 61186.8
21.38 -19040.6 74317.2 -20108.9 -93.4616 -20108.9 74317.2
21.4 -18130.7 84911.1 -21389.4 -7609.82 -21389.4 84911.1
21.42 -16625.5 92665.3 -22252.4 -14475.3 -22252.4 92665.3
21.44 -14617.1 97381.4 -22710.5 -20345.3 -22710.5 97381.4
21.46 -12253 99001 -22607 -24957.9 -22607 99001
21.48 -9681.32 97591.2 -21723.3 -28239 -21723.3 97591.2
21.5 -6978.1 93273.7 -20080.2 -30349.6 -20080.2 93273.7
21.52 -4151.07 86147.6 -17984.1 -31592.2 -17984.1 86147.6
21.54 -1222.72 76231.8 -15680.3 -32217.3 -15680.3 76231.8
21.56 1724.74 63476.3 -13091 -32204 -13091 63476.3
21.58 4599.13 47919.9 -9982.76 -31126.2 -9982.76 47919.9
21.6 7352.33 29925.8 -6311.73 -28349.4 -6311.73 29925.8
21.62 9944.21 10275.8 -2344.22 -23564.1 -2344.22 10275.8
21.64 12260 -9939.57 1520.92 -17122.5 1520.92 -9939.57
21.66 14098.9 -29541.4 5007.25 -9755.8 5007.25 -29541.4
21.68 15274.6 -47530.2 8044.56 -2041.38 8044.56 -47530.2
21.7 15739.6 -63287 10656.5 5782.17 10656.5 -63287
21.72 15613.2 -76541.4 12828.4 13613.1 12828.4 -76541.4
21.74 15084.3 -87157.2 14478 21231.9 14478 -87157.2
21.76 14287.1 -94972.9 15499.6 28218.1 15499.6 -94972.9
21.78 13245.1 -99812.1 15818.7 34070.3 15818.7 -99812.1
21.8 11911.2 -101570 15430.7 38433.9 15430.7 -101570
21.82 10241.5 -100266 14439.9 41266.8 14439.9 -100266
21.84 8240.09 -96018 13083 42810.1 13083 -96018
21.86 5987.77 -88972.3 11610.6 43386.6 11610.6 -88972.3
21.88 3657.06 -79253.8 10037.5 43173 10037.5 -79253.8
21.9 1474.42 -66987 8063.04 42060.8 8063.04 -66987
21.92 -384.411 -52412.7 5349.71 39639.2 5349.71 -52412.7
21.94 -1884.88 -35999.7 1888.08 35421.1 1888.08 -35999.7
21.96 -3119.39 -18410.6 -1921.23 29313.3 -1921.23 -18410.6
21.98 -4202.5 -384.051 -5536.5 21843.3 -5536.5 -384.051
22 -5177.82 17366.3 -8636.7 13761.8 -8636.7 17366.3
22.02 -6015.99 34274.6 -11240.9 5487.31 -11240.9 34274.6
22.04 -6680.67 49993.6 -13519.6 -2946.19 -13519.6 49993.6
22.06 -7168.62 64251.5 -15557.1 -11518.8 -15557.1 64251.5
22.08 -7473.61 76622 -17295.8 -19934.6 -17295.8 76622
22.1 -7528.51 86492.9 -18625.2 -27621.1 -18625.2 86492.9
22.12 -7217.92 93257.6 -19462.7 -33928.8 -19462.7 93257.6
22.14 -6471.19 96531.2 -19774.3 -38394.5 -19774.3 96531.2
22.16 -5349.46 96270.3 -19575.8 -40917.7 -19575.8 96270.3
22.18 -4051.14 92756.5 -18923.5 -41728.7 -18923.5 92756.5
22.2 -2835.43 86418 -17846.2 -41182.7 -17846.2 86418
22.22 -1905.5 77574.8 -16265.9 -39522.4 -16265.9 77574.8
22.24 -1298.76 66302 -14056.1 -36709.5 -14056.1 66302
22.26 -852 52565.8 -11235.7 -32368.8 -11235.7 52565.8
22.28 -296.763 36521.4 -8065.69 -26006.2 -8065.69 36521.4
22.3 551.478 18622.6 -4917.26 -17558.5 -4917.26 18622.6
22.32 1651.32 -493.475 -2017.83 -7726.61 -2017.83 -493.475
22.34 2764.54 -20047.5 689.19 2463.84 689.19 -20047.5
22.36 3627.24 -39079.6 3394.75 12385.5 3394.75 -39079.6
22.38 4103.07 -56561.4 6121.21 21899.9 6121.21 -56561.4
22.4 4199.52 -71621.1 8628.83 30872.4 8628.83 -71621.1
22.42 3988.85 -83694.7 10621.8 38885.1 10621.8 -83694.7
22.44 3554.04 -92577.1 11961 45436.3 11961 -92577.1
22.46 2997.53 -98380 12671.1 50258 12671.1 -98380
22.48 2445.26 -101368 12835.9 53402.1 12835.9 -101368
22.5 1993.62 -101765 12538.6 55082.7 12538.6 -101765
22.52 1642.37 -99667.5 11862 55463.3 11862 -99667.5
22.54 1295.16 -95042.4 10904.4 54564.1 10904.4 -95042.4
22.56 843.626 -87705.8 9759.82 52301.6 9759.82 -87705.8
22.58 265.259 -77367.5 8432.42 48508.2 8432.42 -77367.5
22.6 -346.297 -63894 6745.97 42876.8 6745.97 -63894
22.62 -839.469 -47655.2 4421.83 35107.3 4421.83 -47655.2
22.64 -1096.48 -29537.6 1373.98 25373.3 1373.98 -29537.6
22.66 -1084.79 -10646.6 -2078.12 14545.4 -2078.12 -10646.6
22.68 -842.686 7892.9 -5354.96 3731.92 -5354.96 7892.9
22.7 -419.904 25064.5 -7982.28 -6321.58 -7982.28 25064.5
22.72 176.696 40227.5 -9880.61 -15334.9 -9880.61 40227.5
22.74 967.779 53266.1 -11384 -23270.6 -11384 53266.1
22.76 1908.19 64355.4 -12904.7 -30169.3 -12904.7 64355.4
22.78 2824.52 73614 -14488.6 -36048.2 -14488.6 73614
22.8 3497.3 80959 -15769.3 -40821.6 -15769.3 80959
22.82 3830.07 86098.6 -16395.2 -44321.1 -16395.2 86098.6
22.84 3922.92 88542.2 -16376.8 -46372.2 -16376.8 88542.2
22.86 3973.08 87709.1 -15958.2 -46819 -15958.2 87709.1
22.88 4110.78 83159.9 -15279.4 -45510.3 -15279.4 83159.9
22.9 4314.49 74806.7 -14265.4 -42300.3 -14265.4 74806.7
22.92 4439.99 63006.2 -12773.2 -37069.9 -12773.2 63006.2
22.94 4305.55 48528 -10745 -29810.9 -10745 48528
22.96 3772.74 32401.7 -8245.54 -20836.8 -8245.54 32401.7
22.98 2805.06 15657.8 -5461.51 -10913.1 -5461.51 15657.8
23 1494.68 -894.401 -2678.29 -956.632 -2678.29 -894.401
23.02 34.8558 -16697.4 -191.531 8491.43 -191.531 -16697.4
23.04 -1365.8 -31380.7 1801.87 17367.1 1801.87 -31380.7
23.06 -2587.55 -44745.9 3284.69 25709 3284.69 -44745.9
23.08 -3645.58 -56701.7 4438.6 33402.5 4438.6 -56701.7
23.1 -4635.31 -67060.3 5510.21 40256 5510.21 -67060.3
23.12 -5633.49 -75382.5 6560.25 46080.4 6560.25 -75382.5
23.14 -6657.05 -81065.9 7367.76 50635.8 7367.76 -81065.9
23.16 -7697.38 -83586.3 7637.12 53631.8 7637.12 -83586.3
23.18 -8751.09 -82683.4 7267.88 54845.8 7267.88 -82683.4
23.2 -9792.73 -78405.1 6390.69 54216.6 6390.69 -78405.1
23.22 -10730.5 -71063 5204.1 51835.9 5204.1 -71063
23.24 -11408.1 -61147.5 3841.18 47864 3841.18 -61147.5
23.26 -11644.5 -49216 2329.75 42411 2329.75 -49216
23.28 -11279.7 -35831.3 579.797 35509.2 579.797 -35831.3
23.3 -10235.6 -21542.5 -1548.67 27317 -1548.67 -21542.5
23.32 -8576.57 -6824.69 -4059.37 18327.5 -4059.37 -6824.69
23.34 -6527.67 7963.35 -6689.09 9184.22 -6689.09 7963.35
23.36 -4399.62 22521.5 -9015.42 272.506 -9015.42 22521.5
23.38 -2435.72 36525.6 -10730.3 -8352.32 -10730.3 36525.6
23.4 -683.709 49581.7 -11835.2 -16657.9 -11835.2 49581.7
23.42 1007.1 61193.1 -12595.4 -24417.2 -12595.4 61193.1
23.44 2856.8 70764.9 -13295.2 -31279.6 -13295.2 70764.9
23.46 4991.22 77700.6 -14002.8 -36930.2 -14002.8 77700.6
23.48 7353.59 81546.1 -14540.6 -41176.9 -14540.6 81546.1
23.5 9727.69 82086.7 -14636.2 -43957.8 -14636.2 82086.7
23.52 11835 79365.7 -14079 -45283.8 -14079 79365.7
23.54 13448.2 73658.8 -12798.3 -45157.1 -12798.3 73658.8
23.56 14471 65419 -10907.3 -43558.6 -10907.3 65419
23.58 14943.6 55157.6 -8687.85 -40495.6 -8687.85 55157.6
23.6 14979.9 43302.8 -6443.62 -35991.3 -6443.62 43302.8
23.62 14688.6 30169.7 -4317.93 -30054.8 -4317.93 30169.7
23.64 14136.6 16022.1 -2300.54 -22808.9 -2300.54 16022.1
23.66 13348.6 1130.12 -369.48 -14630.9 -369.48 1130.12
23.68 12296.2 -14134.4 1488.14 -6014.22 1488.14 -14134.4
23.7 10902.8 -29191.7 3315.23 2683.47 3315.23 -29191.7
23.72 9092.69 -43282.1 5087.42 11231.8 5087.42 -43282.1
23.74 6831.26 -55626.8 6641.87 19358.7 6641.87 -55626.8
23.76 4133.85 -65563.1 7823.4 26741.5 7823.4 -65563.1
23.78 1077.63 -72604.8 8610.83 33123 8610.83 -72604.8
23.8 -2164.39 -76504.4 9012.62 38346.1 9012.62 -76504.4
23.82 -5319.61 -77298.8 8933.74 42317.3 8933.74 -77298.8
23.84 -8082.54 -75250.9 8210.19 44993.3 8210.19 -75250.9
23.86 -10228.1 -70706.2 6733.44 46378.9 6733.44 -70706.2
23.88 -11711.2 -63987.2 4563.5 46503.6 4563.5 -63987.2
23.9 -12687.2 -55360.9 1987.13 45403.4 1987.13 -55360.9
23.92 -13417.8 -45020.8 -571.085 43093.7 -571.085 -45020.8
23.94 -14110.8 -33107 -2781.69 39527.5 -2781.69 -33107
23.96 -14803 -19798.9 -4571.47 34639.3 -4571.47 -19798.9
23.98 -15333 -5401.14 -6081.07 28502.3 -6081.07 -5401.14
24 -15395.6 9606.26 -7550.51 21376.4 -7550.51 9606.26
24.02 -14667.2 24518.9 -9246.79 13563.3 -9246.79 24518.9
24.04 -12962.5 38442.9 -11340.1 5336.37 -11340.1 38442.9
24.06 -10365 50515.7 -13657.6 -2934.37 -13657.6 50515.7
24.08 -7225.9 60194.2 -15607.1 -10746.2 -15607.1 60194.2
24.1 -3978.6 67375.2 -16584.8 -17677.8 -16584.8 67375.2
24.12 -919.399 72273.2 -16519.6 -23585.4 -16519.6 72273.2
24.14 1858.26 75177.5 -15882.8 -28545.3 -15882.8 75177.5
24.16 4363.48 76236.6 -15158.4 -32661.5 -15158.4 76236.6
24.18 6600.12 75360.6 -14415.6 -35940.9 -14415.6 75360.6
24.2 8558.26 72292.9 -13386.7 -38289.6 -13386.7 72292.9
24.22 10258.2 66820.2 -11843.3 -39592.6 -11843.3 66820.2
24.24 11750.2 58965.7 -9852.43 -39789.8 -9852.43 58965.7
24.26 13053.7 49011.7 -7708.6 -38833.1 -7708.6 49011.7
24.28 14105.3 37388.4 -5677.72 -36552.2 -5677.72 37388.4
24.3 14775.2 24585.8 -3836.79 -32662 -3836.79 24585.8
24.32 14914.9 11138.4 -2118.46 -27011 -2118.46 11138.4
24.34 14384 -2361.05 -430.493 -19809.7 -430.493 -2361.05
24.36 13075.2 -15282.9 1287.41 -11592.3 1287.41 -15282.9
24.38 10964.9 -27065.3 3056.05 -3013.76 3056.05 -27065.3
24.4 8192.67 -37348.4 4780.16 5325.64 4780.16 -37348.4
24.42 5084.94 -46006.4 6178.04 13014.3 6178.04 -46006.4
24.44 2029.45 -53048.7 6941.31 19922.5 6941.31 -53048.7
24.46 -714.426 -58488.1 7012.87 26148.3 7012.87 -58488.1
24.48 -3099.71 -62234.9 6603.67 31803.7 6603.67 -62234.9
24.5 -5219.73 -64054.2 5918.23 36823.6 5918.23 -64054.2
24.52 -7192.98 -63651.5 4980.38 40967 4980.38 -63651.5
24.54 -9099.7 -60867.5 3760.84 43988.6 3760.84 -60867.5
24.56 -10952.1 -55804.8 2370.01 45801.3 2370.01 -55804.8
24.58 -12657.8 -48772 1027.89 46462.1 1027.89 -48772
24.6 -14004.3 -40152.5 -154.687 45981.7 -154.687 -40152.5
24.62 -14717.4 -30354.1 -1306.18 44157.8 -1306.18 -30354.1
24.64 -14576.9 -19828.4 -2671.3 40646.1 -2671.3 -19828.4
24.66 -13509.7 -9041.45 -4360.01 35262 -4360.01 -9041.45
24.68 -11618.2 1609.19 -6215.13 28225.1 -6215.13 1609.19
24.7 -9128.65 11837 -7927.27 20078.5 -7927.27 11837
24.72 -6304.16 21452 -9245.56 11397.3 -9245.56 21452
24.74 -3374.9 30319.9 -10081.8 2615.84 -10081.8 30319.9
24.76 -486.78 38288.2 -10496.7 -5934.68 -10496.7 38288.2
24.78 2313.68 45120.1 -10613.5 -13946.1 -10613.5 45120.1
24.8 5053.39 50515.6 -10518.1 -21148.7 -10518.1 50515.6
24.82 7775.26 54198 -10242.5 -27394 -10242.5 54198
24.84 10474.2 55972.1 -9815.02 -32687.7 -9815.02 55972.1
24.86 13054.3 55752.4 -9251.01 -37109.7 -9251.01 55752.4
24.88 15339.4 53607.1 -8506.96 -40685.9 -8506.96 53607.1
24.9 17136.4 49772.3 -7536.13 -43314.3 -7536.13 49772.3
24.92 18296.7 44572.3 -6389.67 -44778.4 -6389.67 44572.3
24.94 18731.9 38300.3 -5178.18 -44809.4 -5178.18 38300.3
24.96 18414.8 31167.8 -3945.8 -43150.3 -3945.8 31167.8
24.98 17389.6 23334.6 -2674.87 -39600.3 -2674.87 23334.6
25 15779.8 14959.1 -1437.95 -34088 -1437.95 14959.1
25.02 13750.4 6225.98 -433.647 -26797.3 -433.647 6225.98
25.04 11406.7 -2626.01 212.577 -18224.9 212.577 -2626.01
25.06 8747.84 -11276.9 567.613 -9049.56 567.613 -11276.9
25.08 5718.55 -19343.4 763.514 110.02 763.514 -19343.4
25.1 2284.51 -26446.7 884.619 8853.66 884.619 -26446.7
25.12 -1513.14 -32274.4 980.576 16994.4 980.576 -32274.4
25.14 -5527.95 -36609.5 1029.4 24464.9 1029.4 -36609.5
25.16 -9523.02 -39350.7 879.575 31235 879.575 -39350.7
25.18 -13246.7 -40520.6 363.481 37263.2 363.481 -40520.6
25.2 -16510.8 -40237.8 -528.998 42464.2 -528.998 -40237.8
25.22 -19207.4 -38660 -1657.57 46703.6 -1657.57 -38660
25.24 -21278.6 -35925.4 -2872.68 49822.8 -2872.68 -35925.4
25.26 -22695.2 -32113.9 -4097.29 51658.7 -4097.29 -32113.9
25.28 -23461.7 -27247.4 -5310.8 52041.2 -5310.8 -27247.4
25.3 -23622.6 -21350 -6495.08 50798.5 -6495.08 -21350
25.32 -23255.9 -14546.6 -7565.55 47792.1 -7565.55 -14546.6
25.34 -22400.1 -7126.67 -8343.77 42986.8 -8343.77 -7126.67
25.36 -20985.8 489.478 -8627.84 36539.7 -8627.84 489.478
25.38 -18815.5 7848.59 -8452.23 28818.2 -8452.23 7848.59
25.4 -15649.8 14549.4 -8268.71 20315 -8268.71 14549.4
25.42 -11446 20294 -8520.92 11561.6 -8520.92 20294
25.44 -6500.02 24917.8 -9027.04 3068.52 -9027.04 24917.8
25.46 -1293.41 28380.2 -9170.97 -4767.47 -9170.97 28380.2
25.48 3791.52 30700.2 -8679.64 -11729.3 -8679.64 30700.2
25.5 8558.54 31893.3 -7797.78 -17749.3 -7797.78 31893.3
25.52 12879.1 31965.9 -6767.52 -22870.8 -6767.52 31965.9
25.54 16614.8 30942.4 -5552.64 -27250.9 -5552.64 30942.4
25.56 19672.1 28872 -4078.34 -31109.1 -4078.34 28872
25.58 22057.3 25812.7 -2446.92 -34576.4 -2446.92 25812.7
25.6 23844.1 21819.8 -862.746 -37546.2 -862.746 21819.8
25.62 25096.6 16963.7 514.975 -39641.9 514.975 16963.7
25.64 25818 11383.6 1616.66 -40341.6 1616.66 11383.6
25.66 25951.5 5341.98 2436.07 -39196.1 2436.07 5341.98
25.68 25402.1 -790.363 2979.74 -36003.3 2979.74 -790.363
25.7 24051.7 -6631.42 3190.58 -30862.3 3190.58 -6631.42
25.72 21793.4 -11893.1 2981.13 -24123.8 2981.13 -11893.1
25.74 18535.6 -16425.6 2533.54 -16306.2 2533.54 -16425.6
25.76 14280.2 -20208.2 2330.75 -8045.2 2330.75 -20208.2
25.78 9279.38 -23310.3 2533.87 -7.43318 2533.87 -23310.3
25.8 4002.1 -25823.2 2640.5 7309.54 2640.5 -25823.2
25.82 -1128.21 -27766 2115.87 13721.1 2115.87 -27766
25.84 -5935.23 -29032.3 1032.09 19289.3 1032.09 -29032.3
25.86 -10410.7 -29451.7 -213.561 24204.1 -213.561 -29451.7
25.88 -14531.6 -28919 -1453.9 28754.1 -1453.9 -28919
25.9 -18203.8 -27454 -2755.05 33264.2 -2755.05 -27454
25.92 -21313.9 -25154.2 -4134.61 37914 -4134.61 -25154.2
25.94 -23769.1 -22122.9 -5516.5 42559 -5516.5 -22122.9
25.96 -25506.7 -18436.7 -6842.45 46683.9 -6842.45 -18436.7
25.98 -26503.2 -14148.9 -8081.05 49527.8 -8081.05 -14148.9
26 -26777.9 -9313.36 -9180.84 50347.5 -9180.84 -9313.36
26.02 -26385.2 -4023.83 -10080.2 48686.8 -10080.2 -4023.83
26.04 -25380.2 1547.51 -10703.2 44519.6 -10703.2 1547.51
26.06 -23775.9 7153.97 -10870.6 38240.3 -10870.6 7153.97
26.08 -21502.8 12533.1 -10421.8 30525.6 -10421.8 12533.1
26.1 -18370.3 17460.4 -9670.8 22152.6 -9670.8 17460.4
26.12 -14220.5 21742.1 -9351.11 13876.3 -9351.11 21742.1
26.14 -9209.24 25198.9 -9718.5 6303.68 -9718.5 25198.9
26.16 -3829.02 27706 -10109.9 -287.541 -10109.9 27706
26.18 1401.93 29237.2 -9752.89 -5993.26 -9752.89 29237.2
26.2 6217.31 29844.2 -8619.16 -11109 -8619.16 29844.2
26.22 10562.2 29618.4 -7212.17 -15961.8 -7212.17 29618.4
26.24 14399.1 28674.8 -5917.45 -20853.5 -5917.45 28674.8
26.26 17617.2 27109.7 -4781.67 -25963.3 -4781.67 27109.7
26.28 20081.2 24946.3 -3636.56 -31182.4 -3636.56 24946.3
26.3 21726.6 22159.9 -2287.69 -36049.2 -2287.69 22159.9
26.32 22622.3 18784.1 -748.03 -39869.9 -748.03 18784.1
26.34 22933.4 14983.9 653.224 -41961.9 653.224 14983.9
26.36 22795.2 11023.9 1491.34 -41891.6 1491.34 11023.9
26.38 22202.5 7171.38 1587.12 -39567.7 1587.12 7171.38
26.4 20995.7 3613.07 1074.7 -35162.8 1074.7 3613.07
26.42 18973 426.681 217.01 -28996 217.01 426.681
26.44 15981.4 -2398.27 -618.634 -21512 -618.634 -2398.27
26.46 11999.5 -4925.99 -982.467 -13337.6 -982.467 -4925.99
26.48 7260.1 -7255.13 -767.787 -5232.55 -767.787 -7255.13
26.5 2227.86 -9500.15 -474.766 2183.32 -474.766 -9500.15
26.52 -2624.8 -11729 -681.837 8701.77 -681.837 -11729
26.54 -7034.45 -13871.8 -1418 14504.4 -1418 -13871.8
26.56 -10937.7 -15705 -2334.07 19922.1 -2334.07 -15705
26.58 -14333 -16952.4 -3243.24 25242.6 -3243.24 -16952.4
26.6 -17206.5 -17404.7 -4222.89 30626 -4222.89 -17404.7
26.62 -19544.6 -16978.1 -5351.11 36048.8 -5351.11 -16978.1
26.64 -21346.5 -15732.5 -6547.35 41263.5 -6547.35 -15732.5
26.66 -22608.5 -13861.2 -7613.23 45799.9 -7613.23 -13861.2
26.68 -23303 -11621.7 -8343.17 49028.5 -8343.17 -11621.7
26.7 -23376.3 -9225.48 -8630.04 50304.9 -8630.04 -9225.48
26.72 -22771.5 -6767.41 -8500.01 49146.1 -8500.01 -6767.41
26.74 -21426.7 -4245.92 -8052.14 45367.5 -8052.14 -4245.92
26.76 -19287.1 -1642.43 -7386.83 39164.3 -7386.83 -1642.43
26.78 -16301.7 1018.13 -6705.3 31143 -6705.3 1018.13
26.8 -12466.9 3665.81 -6335.48 22260.1 -6335.48 3665.81
26.82 -7956.82 6209.08 -6356.17 13576.8 -6356.17 6209.08
26.84 -3130.98 8540.91 -6357.07 5862.11 -6357.07 8540.91
26.86 1648.93 10532.1 -5880.52 -661.433 -5880.52 10532.1
26.88 6199.42 12043 -4947.88 -6214.34 -4947.88 12043
26.9 10481.8 12977.1 -3900.46 -11194.6 -3900.46 12977.1
26.92 14450 13341.7 -2932.4 -16023.7 -2932.4 13341.7
26.94 17980.6 13245.7 -2013.91 -21065.9 -2013.91 13245.7
26.96 20914 12822.1 -1109.65 -26482.5 -1109.65 12822.1
26.98 23115.2 12152.7 -259.799 -32069.7 -259.799 12152.7
27 24504.5 11253.2 494.546 -37219.3 494.546 11253.2
27.02 25067.7 10104.4 1134.97 -41069.9 1134.97 10104.4
27.04 24848.7 8681.16 1621.76 -42804.2 1621.76 8681.16
27.06 23935 6965.49 1882.2 -41933.6 1882.2 6965.49
27.08 22402.7 4964.93 1846.66 -38410.1 1846.66 4964.93
27.1 20297.2 2745.56 1434.42 -32566.8 1434.42 2745.56
27.12 17614.3 447.48 653.753 -25008 653.753 447.48
27.14 14288.1 -1751.13 -184.116 -16559.9 -184.116 -1751.13
27.16 10320.1 -3708.96 -686.078 -8198.58 -686.078 -3708.96
27.18 5911.38 -5394.27 -935.286 -752.243 -935.286 -5394.27
27.2 1392.1 -6903.23 -1415.91 5489.79 -1415.91 -6903.23
27.22 -2991.98 -8375.15 -2274.8 10826.7 -2274.8 -8375.15
27.24 -7140.35 -9859.31 -3133.39 15792.5 -3133.39 -9859.31
27.26 -10969.4 -11266.1 -3704.15 20811.2 -3704.15 -11266.1
27.28 -14333 -12432.2 -4150.5 26083.9 -4150.5 -12432.2
27.3 -17089.7 -13202.9 -4760.08 31574.1 -4760.08 -13202.9
27.32 -19178.5 -13467.1 -5586.96 37003.7 -5586.96 -13467.1
27.34 -20609.2 -13156.4 -6479.9 41884.9 -6479.9 -13156.4
27.36 -21418.7 -12247.5 -7255.38 45575.2 -7255.38 -12247.5
27.38 -21646.5 -10783.5 -7781.25 47389.1 -7781.25 -10783.5
27.4 -21325.6 -8891.06 -7997.09 46815.1 -7997.09 -8891.06
27.42 -20461 -6751.46 -7912 43732.7 -7912 -6751.46
27.44 -19013.6 -4538.79 -7545.74 38449.5 -7545.74 -4538.79
27.46 -16927 -2374.89 -6896.22 31554.6 -6896.22 -2374.89
27.48 -14141.3 -315.205 -6094.78 23755.1 -6094.78 -315.205
27.5 -10645.4 1649.37 -5469.57 15798.9 -5469.57 1649.37
27.52 -6579.53 3570.3 -5212.92 8374.18 -5212.92 3570.3
27.54 -2239.24 5495.99 -5119.99 1898.99 -5119.99 5495.99
27.56 2058.62 7421.31 -4872.1 -3604.22 -4872.1 7421.31
27.58 6102.57 9260.06 -4412.18 -8385.51 -4412.18 9260.06
27.6 9774.36 10865.7 -3857.61 -12760.1 -3857.61 10865.7
27.62 12978.8 12086.6 -3239.33 -17005.4 -3239.33 12086.6
27.64 15631.9 12813.7 -2508.04 -21299.2 -2508.04 12813.7
27.66 17692.3 13003.6 -1684 -25621.3 -1684 13003.6
27.68 19164.7 12685.2 -882.166 -29692.5 -882.166 12685.2
27.7 20069.3 11941.9 -237.261 -33015.5 -237.261 11941.9
27.72 20413.9 10876.3 152.164 -34997.3 152.164 10876.3
27.74 20191.5 9579.61 245.348 -35121.3 245.348 9579.61
27.76 19389.6 8114.9 61.7058 -33106.4 61.7058 8114.9
27.78 17991.7 6514.59 -351.836 -28979.8 -351.836 6514.59
27.8 15989.4 4795.68 -949.708 -23059.3 -949.708 4795.68
27.82 13376.6 2980.94 -1601.47 -15918.3 -1601.47 2980.94
27.84 10173.5 1097.43 -2067.03 -8342.51 -2067.03 1097.43
27.86 6506.87 -840.886 -2243.54 -1162.49 -2243.54 -840.886
27.88 2620.14 -2826.9 -2333.43 5054.05 -2333.43 -2826.9
27.9 -1229.33 -4820.25 -2591.33 10195.7 -2591.33 -4820.25
27.92 -4874.52 -6720.36 -3029.22 14495.8 -3029.22 -6720.36
27.94 -8229.97 -8399.02 -3519.76 18297.1 -3519.76 -8399.02
27.96 -11227.2 -9758.7 -4030.38 21927.6 -4030.38 -9758.7
27.98 -13793.4 -10750.1 -4607.69 25641.2 -4607.69 -10750.1
28 -15871.3 -11353.1 -5235.97 29510.3 -5235.97 -11353.1
28.02 -17428.1 -11568.1 -5821.09 33330 -5821.09 -11568.1
28.04 -18442.7 -11413.8 -6269.8 36629.6 -6269.8 -11413.8
28.06 -18895 -10915 -6535.74 38799.4 -6535.74 -10915
28.08 -18768.1 -10090 -6616.55 39286.6 -6616.55 -10090
28.1 -18059.7 -8956.65 -6535.2 37781.7 -6535.2 -8956.65
28.12 -16779.1 -7541.05 -6311.5 34305.7 -6311.5 -7541.05
28.14 -14951.6 -5879.83 -5937.44 29175.2 -5937.44 -5879.83
28.16 -12606.7 -4024 -5454.03 22918.4 -5454.03 -4024
28.18 -9776.85 -2041.96 -5026.63 16210 -5026.63 -2041.96
28.2 -6552.94 -8.99111 -4787.36 9761.06 -4787.36 -8.99111
28.22 -3109.01 2011.42 -4642.35 4100.36 -4642.35 2011.42
28.24 354.793 3969.06 -4394.41 -612.198 -4394.41 3969.06
28.26 3693.02 5806.24 -4003.93 -4550.19 -4003.93 5806.24
28.28 6819.68 7449.56 -3578.88 -8029.82 -3578.88 7449.56
28.3 9660.46 8828.95 -3181.81 -11359.9 -3181.81 8828.95
28.32 12131.5 9891.85 -2781.47 -14761.5 -2781.47 9891.85
28.34 14157.7 10597.1 -2349.93 -18286.3 -2349.93 10597.1
28.36 15688 10911.6 -1913.02 -21755.4 -1913.02 10911.6
28.38 16692.9 10818.3 -1521.47 -24775.4 -1521.47 10818.3
28.4 17157.3 10321.4 -1223.98 -26837.7 -1223.98 10321.4
28.42 17076.6 9448.55 -1064.73 -27467.3 -1064.73 9448.55
28.44 16456.2 8255.75 -1077.82 -26372.8 -1077.82 8255.75
28.46 15293.9 6823.73 -1270.5 -23533.1 -1270.5 6823.73
28.48 13583.9 5240.36 -1622.85 -19189.3 -1622.85 5240.36
28.5 11328.8 3583.96 -2061.29 -13779.3 -2061.29 3583.96
28.52 8560.53 1915.36 -2447.75 -7868.01 -2447.75 1915.36
28.54 5384.77 272.059 -2704.64 -2051.2 -2704.64 272.059
28.56 1982.2 -1332.51 -2927.16 3207.11 -2927.16 -1332.51
28.58 -1454.9 -2891.2 -3261.92 7716 -3261.92 -2891.2
28.6 -4789.73 -4372.6 -3713.67 11550.1 -3713.67 -4372.6
28.62 -7938.39 -5709.64 -4181.47 14929.2 -4181.47 -5709.64
28.64 -10828.5 -6818.48 -4616.22 18109.2 -4616.22 -6818.48
