0.02 0 3.0344e-14 -0.123583 10.6372 -0.123583 0
0.04 0 4.47768e-14 -2.20011 52.823 -2.20011 0
0.06 0 2.09065e-13 -11.0223 133.956 -11.0223 0
0.08 0 1.98123e-13 -40.5414 243.496 -40.5414 0
0.1 0 -1.39249e-13 -120.549 365.563 -120.549 0
0.12 0 3.83233e-13 -282.581 489.444 -282.581 0
0.14 0 2.14806e-13 -542.22 614.265 -542.22 0
0.16 0 -2.28201e-12 -892.223 743.579 -892.223 0
0.18 0 -1.19291e-13 -1305.28 880.928 -1305.28 0
0.2 0 2.3873e-12 -1759.06 1030.09 -1759.06 0
0.22 0 1.50319e-12 -2255.22 1195.94 -2255.22 0
0.24 0 -2.2735e-12 -2801.67 1382.81 -2801.67 0
0.26 0 -6.15849e-12 -3387.59 1589.72 -3387.59 0
0.28 0 2.12506e-12 -3991.55 1804.95 -3991.55 0
0.3 0 3.19257e-12 -4603.51 2004.86 -4603.51 0
0.32 0 -1.57848e-12 -5220.74 2159.01 -5220.74 0
0.34 0 -1.71066e-12 -5832.91 2243.19 -5832.91 0
0.36 0 -1.15376e-12 -6428.09 2253.1 -6428.09 0
0.38 0 -1.1872e-12 -7005.39 2207.89 -7005.39 0
0.4 0 6.64386e-12 -7557.59 2142.6 -7557.59 0
0.42 0 3.21138e-12 -8041.42 2089.76 -8041.42 0
0.44 0 -4.99026e-12 -8388.88 2048.66 -8388.88 0
0.46 0 -2.44191e-12 -8567.83 1969.44 -8567.83 0
0.48 0 4.23024e-12 -8627.96 1791.98 -8627.96 0
0.5 0 4.02028e-13 -8668.93 1510.41 -8668.93 0
0.52 0 2.33444e-12 -8755.72 1191.05 -8755.72 0
0.54 0 -3.19382e-12 -8830.75 930.632 -8830.75 0
0.56 0 -1.66625e-12 -8718.27 793.198 -8718.27 0
0.58 0 -2.35326e-13 -8261.84 774.505 -8261.84 0
0.6 0 -9.32549e-13 -7452.1 824.094 -7452.1 0
0.62 0 -8.53307e-13 -6402.62 906.575 -6402.62 0
0.64 0 2.51618e-12 -5223.77 1049.12 -5223.77 0
0.66 0 4.0704e-12 -3963.43 1330.77 -3963.43 0
0.68 0 -1.04067e-12 -2626.16 1817.47 -2626.16 0
0.7 0 -7.82418e-13 -1193.68 2496.06 -1193.68 0
0.72 0 -5.12657e-12 359.474 3269.83 359.474 0
0.74 0 1.01937e-11 2027.63 4026.33 2027.63 0
0.76 0 3.13638e-13 3723.79 4725.74 3723.79 0
0.78 0 -1.83179e-12 5323.13 5434.22 5323.13 0
0.8 0 -9.93058e-12 6767.06 6255.63 6767.06 0
0.82 0 -1.17886e-12 8070.2 7200.53 8070.2 0
0.84 0 -1.5393e-11 9216.26 8128.45 9216.26 0
0.86 0 1.726e-11 10084.5 8844.29 10084.5 0
0.88 0 9.58927e-12 10524.8 9254.03 10524.8 0
0.9 0 1.73878e-11 10494.1 9436.02 10494.1 0
0.92 0 -2.11299e-12 10108.6 9565.16 10108.6 0
0.94 0 -5.00268e-12 9550.86 9765.78 9550.86 0
0.96 0 -1.73171e-11 8939.76 9990.86 8939.76 0
0.98 0 2.48679e-13 8291.32 10026.5 8291.32 0
1 0 2.42632e-12 7693.71 9171.57 7693.71 0
1.02 0 -1.17909e-11 7241.99 6972.48 7241.99 0
1.04 0 1.07058e-11 6778.35 4346.94 6778.35 0
1.06 0 -3.40203e-12 6159.99 2365.3 6159.99 0
1.08 0 3.8284e-12 5426.76 1251.33 5426.76 0
1.1 0 -1.67253e-12 4670.56 666.324 4670.56 0
1.12 0 2.27898e-12 4086.52 -316.251 4086.52 0
1.14 0 -6.14093e-13 3794.28 -2344.49 3794.28 0
1.16 0 -4.23707e-12 3638.98 -4825.18 3638.98 0
1.18 0 7.67932e-12 3483.41 -6866.82 3483.41 0
1.2 0 -6.6451e-12 3314.35 -8155.26 3314.35 0
1.22 0 1.77901e-11 3033.06 -8773.58 3033.06 0
1.24 0 -1.1967e-11 2493.72 -8878.16 2493.72 0
1.26 0 -1.71939e-12 1717.26 -8475.1 1717.26 0
1.28 0 1.23588e-11 961.004 -7519.98 961.004 0
1.3 0 -1.73429e-13 508.949 -5986.28 508.949 0
1.32 0 -2.01574e-12 423.763 -3926.09 423.763 0
1.34 0 4.45902e-13 554.121 -1638.31 554.121 0
1.36 0 -4.0466e-12 985.54 -199.321 985.54 0
1.38 0 -1.14145e-12 1993.35 -336.497 1993.35 0
1.4 0 1.99566e-12 3398.49 -723.844 3398.49 0
1.42 0 -4.8831e-12 4785.05 328.132 4785.05 0
1.44 0 1.13332e-11 5951.33 2990.85 5951.33 0
1.46 0 -1.85455e-11 6899.18 6168.28 6899.18 0
1.48 0 -3.76498e-12 7785.46 8524.18 7785.46 0
1.5 0 6.57141e-12 8855.17 9504.7 8855.17 0
1.52 0 2.29933e-11 10278.9 9457.14 10278.9 0
1.54 0 -2.07456e-14 11887 9102.54 11887 0
1.56 0 -2.03538e-11 13126.2 8908.63 13126.2 0
1.58 0 7.09477e-12 13470.4 8756.59 13470.4 0
1.6 0 5.80972e-12 12869.1 8253.65 12869.1 0
1.62 0 6.36262e-12 11736.1 7337.84 11736.1 0
1.64 0 -1.46919e-11 10604.5 6382.19 10604.5 0
1.66 0 -1.87387e-11 9739.3 5762.5 9739.3 0
1.68 0 2.33383e-11 8934.18 5396.53 8934.18 0
1.7 0 -1.46465e-12 7630.54 4739.39 7630.54 0
1.72 0 -2.14187e-12 5482.26 3206.9 5482.26 0
1.74 0 -5.16122e-12 2834.04 646.914 2834.04 0
1.76 0 -9.71285e-14 372.908 -2431.2 372.908 0
1.78 0 -7.34935e-12 -1617.54 -5077.44 -1617.54 0
1.8 0 9.07808e-14 -3504.06 -6574.4 -3504.06 0
1.82 0 4.86185e-13 -5840.6 -7046.95 -5840.6 0
1.84 0 -8.53499e-12 -8803.61 -7279.64 -8803.61 0
1.86 0 6.20321e-12 -11991.3 -7992.24 -11991.3 0
1.88 0 2.1559e-12 -14654.6 -9361.27 -14654.6 0
1.9 0 -1.15589e-11 -16260.7 -11044.8 -16260.7 0
1.92 0 2.30248e-11 -16902.9 -12539.5 -16902.9 0
1.94 0 2.46641e-11 -17195.3 -13566.6 -17195.3 0
1.96 0 -1.72616e-12 -17664.6 -14191.7 -17664.6 0
1.98 0 -2.51347e-12 -18175.2 -14596.8 -18175.2 0
2 0 9.04252e-12 -18005.4 -14799.2 -18005.4 0
2.02 0 3.67727e-11 -16461.1 -14593.3 -16461.1 0
2.04 0 -6.08954e-11 -13446.6 -13766.3 -13446.6 0
2.06 0 -1.86065e-11 -9554.23 -12319.6 -9554.23 0
2.08 0 -5.52405e-13 -5606.84 -10412.6 -5606.84 0
2.1 0 2.05985e-11 -2004.15 -8153.14 -2004.15 0
2.12 0 -5.07602e-12 1480.36 -5518.29 1480.36 0
2.14 0 -7.39034e-12 5260.38 -2484.14 5260.38 0
2.16 0 1.04651e-11 9387.96 874.817 9387.96 0
2.18 0 -6.10199e-12 13464.8 4361.63 13464.8 0
2.2 0 5.83762e-12 16926.4 7741.77 16926.4 0
2.22 0 5.14024e-13 19385.4 10963.8 19385.4 0
2.24 0 1.16198e-11 20931.5 14120.5 20931.5 0
2.26 0 7.62274e-12 22025.7 17160.3 22025.7 0
2.28 0 -3.3267e-11 22992.6 19826.6 22992.6 0
2.3 0 2.2178e-11 23684.9 21840 23684.9 0
2.32 0 -1.81829e-11 23657.3 22946.9 23657.3 0
2.34 0 3.72057e-11 22631.6 22920 22631.6 0
2.36 0 1.2996e-11 20798.1 21793 20798.1 0
2.38 0 1.66169e-11 18701.5 19928.5 18701.5 0
2.4 0 -5.70185e-11 16800.7 17680.6 16800.7 0
2.42 0 -3.07044e-11 15149.9 15138.6 15149.9 0
2.44 0 2.20758e-11 13473.2 12175 13473.2 0
2.46 0 1.10211e-12 11383.7 8645.16 11383.7 0
2.48 0 -4.95593e-12 8667.99 4632.13 8667.99 0
2.5 0 -6.56377e-12 5551.08 482.427 5551.08 0
2.52 0 1.11749e-11 2491.72 -3490.38 2491.72 0
2.54 0 -1.60928e-11 -215.327 -7306.15 -215.327 0
2.56 0 -1.34941e-12 -2590.75 -11126.1 -2590.75 0
2.58 0 -1.50789e-12 -4807.67 -14792.7 -4807.67 0
2.6 0 2.6965e-11 -6903.53 -17869.8 -6903.53 0
2.62 0 6.99783e-12 -8643.8 -20043.2 -8643.8 0
2.64 0 -2.70698e-11 -9594.17 -21285.6 -9594.17 0
2.66 0 2.44089e-11 -9573.84 -21681.6 -9573.84 0
2.68 0 -6.18338e-12 -8920.8 -21254 -8920.8 0
2.7 0 1.03238e-11 -8163.32 -19980.8 -8163.32 0
2.72 0 -9.87522e-12 -7519.87 -17811 -7519.87 0
2.74 0 -5.4099e-11 -6684.09 -14767.7 -6684.09 0
2.76 0 1.97772e-11 -5245.75 -11046.2 -5245.75 0
2.78 0 2.84022e-11 -3161.68 -6806.8 -3161.68 0
2.8 0 1.54756e-12 -702.845 -1928.35 -702.845 0
2.82 0 1.6778e-12 1797.82 3852.4 1797.82 0
2.84 0 -6.1624e-12 4072.1 10521.6 4072.1 0
2.86 0 -5.07478e-12 5888.12 17613.9 5888.12 0
2.88 0 5.22584e-11 7044.85 24356.6 7044.85 0
2.9 0 2.5095e-11 7444 29937 7444 0
2.92 0 -1.06734e-10 7116.65 33955.5 7116.65 0
2.94 0 3.8621e-11 6218.08 36763 6218.08 0
2.96 0 -5.38583e-11 4986.53 39126.5 4986.53 0
2.98 0 2.00367e-11 3663.15 41407.2 3663.15 0
3 0 2.30534e-11 2320.65 43112.2 2320.65 0
3.02 0 -1.70212e-11 710.399 43275.4 710.399 0
3.04 0 -2.12258e-11 -1550.4 41268.4 -1550.4 0
3.06 0 3.90729e-12 -4571.79 37284.2 -4571.79 0
3.08 0 -4.43456e-11 -8024.28 32150.2 -8024.28 0
3.1 0 8.4006e-11 -11497 26660.7 -11497 0
3.12 0 -2.12162e-11 -14903 20954.3 -14903 0
3.14 0 1.39148e-11 -18287 14521.5 -18287 0
3.16 0 -2.7688e-11 -21477 6897.54 -21477 0
3.18 0 2.03049e-11 -24176.9 -1660.08 -24176.9 0
3.2 0 5.45514e-11 -26292.6 -10320.9 -26292.6 0
3.22 0 5.19257e-12 -27944.4 -18364.5 -27944.4 0
3.24 0 -3.13814e-11 -29184.4 -25543 -29184.4 0
3.26 0 5.08385e-11 -29962.9 -32004.2 -29962.9 0
3.28 0 -2.7003e-11 -30212.9 -37984.5 -30212.9 0
3.3 0 2.2551e-11 -29815.6 -43462.2 -29815.6 0
3.32 0 -5.53986e-11 -28650.7 -48000.9 -28650.7 0
3.34 0 -1.09171e-10 -26656.4 -50883.9 -26656.4 0
3.36 0 1.19884e-10 -23752.8 -51538.4 -23752.8 0
3.38 0 -6.08239e-11 -19823.5 -49924.5 -19823.5 0
3.4 0 -8.50734e-11 -14872.8 -46508.6 -14872.8 0
3.42 0 2.92272e-11 -9110.33 -41852.3 -9110.33 0
3.44 0 1.31509e-10 -2852.49 -36202.2 -2852.49 0
3.46 0 2.93229e-11 3570.09 -29461.6 3570.09 0
3.48 0 -2.56784e-11 9861.85 -21428.7 9861.85 0
3.5 0 -1.6505e-11 15872.7 -12081.4 15872.7 0
3.52 0 -1.25786e-11 21676.8 -1779.63 21676.8 0
3.54 0 1.94568e-11 27449.6 8758.26 27449.6 0
3.56 0 -9.4166e-12 33132.5 18695 33132.5 0
3.58 0 -2.70309e-11 38241.6 27474.3 38241.6 0
3.6 0 6.45577e-11 42182.9 35109.7 42182.9 0
3.62 0 6.72735e-12 44768.5 41992.9 44768.5 0
3.64 0 6.17755e-12 46351.6 48326 46351.6 0
3.66 0 -9.1429e-11 47360.8 53777.6 47360.8 0
3.68 0 1.27424e-10 47764.8 57737.8 47764.8 0
3.7 0 4.03925e-11 47113.3 59699 47113.3 0
3.72 0 -1.19447e-10 44943 59379.2 44943 0
3.74 0 4.07525e-12 41121.3 56818.8 41121.3 0
3.76 0 -1.93081e-10 35930.9 52416.3 35930.9 0
3.78 0 1.04599e-10 29921.2 46684.7 29921.2 0
3.8 0 2.61718e-11 23616 39866 23616 0
3.82 0 7.59644e-11 17119 31921.9 17119 0
3.84 0 -2.83555e-11 10055.3 22901.3 10055.3 0
3.86 0 -4.50011e-14 2061.39 13077.1 2061.39 0
3.88 0 -2.43539e-11 -6633.43 2787.26 -6633.43 0
3.9 0 1.17538e-11 -15158.1 -7701.25 -15158.1 0
3.92 0 -3.33998e-11 -22535.4 -18160.9 -22535.4 0
3.94 0 3.19536e-11 -28191.4 -28268.2 -28191.4 0
3.96 0 1.36245e-12 -32131.4 -37525.9 -32131.4 0
3.98 0 7.036e-13 -34693.6 -45248.7 -34693.6 0
4 0 -1.91012e-11 -36034.4 -50695.9 -36034.4 0
4.02 0 -2.17592e-11 -35970.3 -53377 -35970.3 0
4.04 0 8.25712e-11 -34296.4 -53228.1 -34296.4 0
4.06 0 -7.374e-11 -31106.5 -50504.2 -31106.5 0
4.08 0 -7.20721e-12 -26722.5 -45547.1 -26722.5 0
4.1 0 -1.62125e-11 -21534.7 -38658.9 -21534.7 0
4.12 0 3.0962e-11 -16048.1 -30074 -16048.1 0
4.14 0 1.70708e-11 -10786.3 -19925.4 -10786.3 0
4.16 0 -1.82183e-11 -6005.97 -8326.23 -6005.97 0
4.18 0 7.35279e-12 -1537.7 4431.64 -1537.7 0
4.2 0 4.48889e-11 2873.72 17779.3 2873.72 0
4.22 0 4.37275e-11 7143.08 31054.6 7143.08 0
4.24 0 3.79912e-11 10992.4 43704.2 10992.4 0
4.26 0 -9.25718e-11 14248.9 55134 14248.9 0
4.28 0 5.76267e-11 16860 64632.7 16860 0
4.3 0 -9.24343e-11 18877.8 71616.8 18877.8 0
4.32 0 -3.69214e-11 20513.7 75831.7 20513.7 0
4.34 0 -1.03413e-10 21903.3 77329.7 21903.3 0
4.36 0 -1.10176e-10 22741.5 76365.7 22741.5 0
4.38 0 2.45343e-10 22315 73260.9 22315 0
4.4 0 2.09298e-11 19794 68267.3 19794 0
4.42 0 1.45844e-10 14629.7 61568.5 14629.7 0
4.44 0 -1.52918e-10 6947.55 53175.8 6947.55 0
4.46 0 8.34976e-12 -2570.37 42796.8 -2570.37 0
4.48 0 7.16268e-11 -13183.6 30147.5 -13183.6 0
4.5 0 -2.14039e-11 -24491.5 15417.4 -24491.5 0
4.52 0 -2.72739e-11 -36568.4 -747.974 -36568.4 0
4.54 0 2.16001e-11 -49664.7 -17636.3 -49664.7 0
4.56 0 -4.07506e-11 -63564 -34791.4 -63564 0
4.58 0 -1.49727e-10 -77288.6 -52061.1 -77288.6 0
4.6 0 1.24352e-10 -89522.8 -69263.5 -89522.8 0
4.62 0 2.03973e-12 -99146.8 -85781.5 -99146.8 0
4.64 0 2.19489e-10 -105383 -100663 -105383 0
4.66 0 -3.41905e-10 -107791 -113223 -107791 0
4.68 0 -4.60214e-10 -106246 -123362 -106246 0
4.7 0 -1.70998e-10 -100701 -131262 -100701 0
4.72 0 3.01802e-11 -91015.8 -136896 -91015.8 0
4.74 0 -1.27875e-10 -77200.1 -139817 -77200.1 0
4.76 0 -4.07342e-10 -59772.5 -139360 -59772.5 0
4.78 0 3.23512e-10 -39706.6 -135098 -39706.6 0
4.8 0 -1.71347e-10 -18034.1 -127154 -18034.1 0
4.82 0 7.92588e-11 4462.36 -116064 4462.36 0
4.84 0 1.33658e-10 27431.4 -102401 27431.4 0
4.86 0 1.6037e-11 51021.7 -86588.9 51021.7 0
4.88 0 -2.20426e-10 75572.6 -69027.5 75572.6 0
4.9 0 5.64817e-11 100979 -50284.2 100979 0
4.92 0 -2.58692e-11 126278 -31066 126278 0
4.94 0 -5.06638e-12 149900 -12018.8 149900 0
4.96 0 -4.19937e-11 170354 6425.63 170354 0
4.98 0 -5.13745e-11 186792 24115.9 186792 0
5 0 4.07395e-11 199159 41126.9 199159 0
5.02 0 1.66919e-10 207847 57485 207847 0
5.04 0 -1.64152e-10 213058 72931.7 213058 0
5.06 0 -2.70518e-11 214240 87012.1 214240 0
5.08 0 3.12937e-10 210060 99344.7 210060 0
5.1 0 -9.19073e-11 198980 109671 198980 0
5.12 0 1.52168e-10 179891 117646 179891 0
5.14 0 -5.72784e-11 152340 122790 152340 0
5.16 0 -2.75207e-10 116318 124689 116318 0
5.18 0 7.57042e-11 72078.7 123218 72078.7 0
5.2 0 -4.29531e-11 20412.2 118516 20412.2 0
5.22 0 1.13799e-10 -36750.6 110820 -36750.6 0
5.24 0 5.60907e-11 -96143.6 100235 -96143.6 0
5.26 0 -1.42562e-10 -154010 86402.2 -154010 0
5.28 0 -2.28202e-11 -207286 68377.9 -207286 0
5.3 0 -9.24439e-12 -254259 45178.7 -254259 0
5.32 0 9.18554e-12 -294386 16768.9 -294386 0
5.34 0 -5.28157e-11 -327600 -15448.6 -327600 0
5.36 0 1.26217e-10 -353790 -49094.4 -353790 0
5.38 0 1.43364e-10 -372247 -81787.2 -372247 0
5.4 0 2.91691e-10 -381188 -111807 -381188 0
5.42 0 -2.20599e-10 -378991 -138014 -378991 0
5.44 0 1.90256e-10 -365542 -159514 -365542 0
5.46 0 -4.70487e-10 -340024 -175406 -340024 0
5.48 0 -1.49689e-11 -302878 -184686 -302878 0
5.5 0 -6.71176e-11 -256533 -186437 -256533 0
5.52 0 1.1934e-12 -203919 -180017 -203919 0
5.54 0 3.76837e-10 -148819 -165153 -148819 0
5.56 0 2.21897e-11 -94869.1 -142193 -94869.1 0
5.58 0 -2.03063e-10 -45153.7 -112627 -45153.7 0
5.6 0 1.50933e-10 -749.773 -79048.2 -749.773 0
5.62 0 1.7835e-11 39408 -44080.4 39408 0
5.64 0 4.58465e-12 77232.9 -9638 77232.9 0
5.66 0 1.66114e-11 113631 22997.9 113631 0
5.68 0 1.90371e-12 147765 52739.4 147765 0
5.7 0 -1.16783e-10 177719 78193.3 177719 0
5.72 0 1.58735e-10 201545 97470.2 201545 0
5.74 0 -1.2889e-11 218032 108458 218032 0
5.76 0 -3.7878e-10 226969 109492 226969 0
5.78 0 5.41233e-11 229049 100024 229049 0
5.8 0 -9.92753e-11 225518 80973.3 225518 0
5.82 0 1.54177e-10 217765 54363.2 217765 0
5.84 0 -4.65384e-11 207169 22334.2 207169 0
5.86 0 6.24472e-12 194759 -13370.2 194759 0
5.88 0 -7.58871e-12 180888 -51116.5 180888 0
5.9 0 -1.1557e-10 165157 -89047.7 165157 0
5.92 0 3.16419e-11 146222 -125153 146222 0
5.94 0 2.28488e-11 121661 -157252 121661 0
5.96 0 5.59901e-11 88704.6 -182858 88704.6 0
5.98 0 -1.00202e-10 45975.9 -199871 45975.9 0
6 0 1.78364e-10 -4677.62 -207463 -4677.62 0
6.02 0 2.47424e-10 -57785.6 -205764 -57785.6 0
6.04 0 -4.37589e-10 -106284 -194693 -106284 0
6.06 0 5.58327e-11 -145417 -174201 -145417 0
6.08 0 6.83774e-12 -175572 -145181 -175572 0
6.1 0 8.21481e-11 -201409 -108652 -201409 0
6.12 0 -1.63389e-10 -228056 -64228.7 -228056 0
6.14 0 -2.30232e-13 -256937 -10243.8 -256937 0
6.16 0 -2.0496e-12 -284219 53947.1 -284219 0
6.18 0 2.60831e-10 -303013 126473 -303013 0
6.2 0 -2.94436e-10 -307375 203274 -307375 0
6.22 0 4.72248e-10 -294897 279218 -294897 0
6.24 0 2.68371e-10 -266274 350732 -266274 0
6.26 0 -9.55808e-11 -224863 419341 -224863 0
6.28 0 -6.68981e-11 -175365 489571 -175365 0
6.3 0 -3.19962e-10 -120458 553981 -120458 0
6.32 0 -2.51414e-10 -73497.6 603246 -73497.6 0
6.34 0 -3.17714e-09 -28762.4 654874 -28762.4 0
6.36 0 -6.44993e-10 19782 699286 19782 0
6.38 0 3.18097e-09 66767.4 721015 66767.4 0
6.4 0 -3.286e-10 116964 723167 116964 0
6.42 0 -1.18114e-09 174275 708334 174275 0
6.44 0 -9.69356e-11 234236 669383 234236 0
6.46 0 -3.30635e-09 290545 600718 290545 0
6.48 0 -5.12327e-10 341209 517485 341209 0
6.5 0 -9.10273e-10 378111 427879 378111 0
6.52 0 -3.911e-10 395928 340214 395928 0
6.54 0 8.90292e-10 392331 257379 392331 0
6.56 0 -5.82643e-10 371392 177298 371392 0
6.58 0 4.02383e-10 336666 95528.2 336666 0
6.6 0 1.10875e-10 293368 8628.05 293368 0
6.62 0 1.84665e-10 247674 -83883.3 247674 0
6.64 0 -1.20771e-10 203539 -179038 203539 0
6.66 0 -3.97819e-11 163186 -271691 163186 0
6.68 0 5.10867e-10 125696 -356636 125696 0
6.7 0 6.60998e-10 88543 -430156 88543 0
6.72 0 -5.07359e-10 49530.1 -490854 49530.1 0
6.74 0 -9.79861e-10 7811.93 -538831 7811.93 0
6.76 0 1.68768e-09 -36691.4 -572191 -36691.4 0
6.78 0 -8.55517e-10 -83372.5 -587327 -83372.5 0
6.8 0 -4.03173e-10 -133948 -582375 -133948 0
6.82 0 3.88167e-10 -188303 -562676 -188303 0
6.84 0 8.08507e-10 -240149 -531178 -240149 0
6.86 0 -7.76988e-10 -286463 -491325 -286463 0
6.88 0 -1.49284e-10 -325861 -448010 -325861 0
6.9 0 -6.56823e-10 -356589 -400854 -356589 0
6.92 0 -1.99015e-09 -378891 -348679 -378891 0
6.94 0 -2.07862e-09 -392218 -288911 -392218 0
6.96 0 1.1056e-09 -395032 -220820 -395032 0
6.98 0 -1.07516e-10 -385138 -145242 -385138 0
7 0 4.4321e-10 -360812 -64548.8 -360812 0
7.02 0 -3.99074e-10 -321978 17994.5 -321978 0
7.04 0 -9.91968e-11 -272070 98513.2 -272070 0
7.06 0 -3.27323e-10 -216349 173299 -216349 0
7.08 0 -5.41355e-10 -159621 239446 -159621 0
7.1 0 9.01818e-10 -104928 295028 -104928 0
7.12 0 -4.86039e-10 -53336 338687 -53336 0
7.14 0 1.81074e-09 -4892.33 369277 -4892.33 0
7.16 0 1.301e-09 40523 385890 40523 0
7.18 0 5.18633e-10 83109.1 388066 83109.1 0
7.2 0 6.24963e-10 124523 376098 124523 0
7.22 0 -7.57578e-10 163305 348807 163305 0
7.24 0 2.17614e-10 198262 306849 198262 0
7.26 0 -9.57051e-13 229965 254508 229965 0
7.28 0 7.6078e-11 256272 196071 256272 0
7.3 0 -1.06035e-10 274564 135794 274564 0
7.32 0 -1.31318e-10 282461 76922.4 282461 0
7.34 0 -2.02149e-10 279564 20691.3 279564 0
7.36 0 8.53621e-11 267458 -33912 267458 0
7.38 0 1.43946e-10 248559 -88892.6 248559 0
7.4 0 -4.3632e-10 225365 -145064 225365 0
7.42 0 -3.89239e-11 199806 -200743 199806 0
7.44 0 2.99213e-10 172737 -252325 172737 0
7.46 0 -6.84826e-10 144001 -295931 144001 0
7.48 0 1.45633e-10 112361 -328630 112361 0
7.5 0 1.3857e-09 76146.4 -348625 76146.4 0
7.52 0 -8.96241e-10 34222.8 -354759 34222.8 0
7.54 0 6.62469e-10 -13783.1 -345982 -13783.1 0
7.56 0 -1.27678e-09 -65660 -321122 -65660 0
7.58 0 5.26944e-10 -117649 -280857 -117649 0
7.6 0 -2.71734e-10 -167345 -229949 -167345 0
7.62 0 -7.00833e-11 -212112 -174551 -212112 0
7.64 0 -2.7638e-10 -248782 -119481 -248782 0
7.66 0 5.49873e-12 -274222 -67298.4 -274222 0
7.68 0 -5.94001e-11 -285592 -18173.4 -285592 0
7.7 0 3.59307e-12 -281368 28904.8 -281368 0
7.72 0 -5.33298e-11 -262005 75223.5 -262005 0
7.74 0 8.67552e-11 -229625 121201 -229625 0
7.76 0 2.8435e-11 -187760 165857 -187760 0
7.78 0 -1.73255e-10 -140639 207305 -140639 0
7.8 0 -4.95916e-10 -92090.3 243763 -92090.3 0
7.82 0 7.66927e-10 -44921.5 273919 -44921.5 0
7.84 0 -8.56974e-10 0.577682 296467 0.577682 0
7.86 0 -2.27919e-10 43633.1 309488 43633.1 0
7.88 0 9.30854e-10 87646.8 310288 87646.8 0
7.9 0 -5.37948e-11 132449 296479 132449 0
7.92 0 2.3388e-10 175253 266344 175253 0
7.94 0 -4.25002e-10 214235 222908 214235 0
7.96 0 -6.1494e-10 248757 172940 248757 0
7.98 0 2.61772e-10 277465 122471 277465 0
8 0 4.33505e-10 299083 75284.8 299083 0
8.02 0 -1.47741e-10 311738 31680.6 311738 0
8.04 0 5.38977e-11 313966 -9772.36 313966 0
8.06 0 1.50171e-11 305238 -50948.8 305238 0
8.08 0 -1.5649e-10 286038 -92910.6 286038 0
8.1 0 -9.31e-11 257331 -135474 257331 0
8.12 0 -1.13916e-10 220578 -177359 220578 0
8.14 0 1.77671e-10 177160 -216663 177160 0
8.16 0 -7.51247e-11 128125 -251029 128125 0
8.18 0 3.40891e-10 74475.8 -277759 74475.8 0
8.2 0 3.56349e-10 17431.5 -294341 17431.5 0
8.22 0 4.93008e-10 -41596.5 -299083 -41596.5 0
8.24 0 -5.09772e-10 -100933 -291715 -100933 0
8.26 0 -5.83874e-10 -158263 -273315 -158263 0
8.28 0 -2.03328e-10 -211815 -246223 -211815 0
8.3 0 -2.49126e-10 -261110 -213913 -261110 0
8.32 0 6.0483e-10 -305591 -178944 -305591 0
8.34 0 -2.58343e-10 -344035 -142184 -344035 0
8.36 0 3.46794e-10 -374586 -103637 -374586 0
8.38 0 7.54021e-11 -394894 -63157.5 -394894 0
8.4 0 2.54518e-10 -402579 -21084.6 -402579 0
8.42 0 -1.16253e-11 -396282 21643.6 -396282 0
8.44 0 -3.45997e-11 -375905 63488.3 -375905 0
8.46 0 8.31176e-11 -342238 102717 -342238 0
8.48 0 -2.5514e-10 -297933 137959 -297933 0
8.5 0 1.36194e-10 -246738 168421 -246738 0
8.52 0 -1.7008e-11 -192231 193600 -192231 0
8.54 0 2.56064e-10 -137447 212828 -137447 0
8.56 0 -9.02438e-10 -84350.2 224943 -84350.2 0
8.58 0 7.12325e-10 -33623.4 228316 -33623.4 0
8.6 0 4.19539e-10 15070 221627 15070 0
8.62 0 -1.73443e-10 62270.4 204263 62270.4 0
8.64 0 5.68964e-10 108281 177112 108281 0
8.66 0 -7.0113e-11 153126 142948 153126 0
8.68 0 -2.89692e-10 196096 104774 196096 0
8.7 0 2.20333e-11 235601 64880.2 235601 0
8.72 0 1.51077e-11 269216 24679.6 269216 0
8.74 0 2.09169e-11 293885 -15289.5 293885 0
8.76 0 7.89036e-11 306849 -55004.9 306849 0
8.78 0 -1.57173e-10 306490 -94427.3 306490 0
8.8 0 -3.82326e-12 293329 -132928 293329 0
8.82 0 -3.34782e-10 268441 -169219 268441 0
8.84 0 -1.07371e-10 233949 -201746 233949 0
8.86 0 3.89951e-10 192936 -229132 192936 0
8.88 0 -1.83347e-10 147978 -250238 147978 0
8.9 0 -4.14507e-10 101399 -263882 101399 0
8.92 0 2.50332e-10 54552.7 -268654 54552.7 0
8.94 0 -6.8259e-10 8008.72 -263429 8008.72 0
8.96 0 8.42136e-10 -38018.1 -248084 -38018.1 0
8.98 0 -5.39999e-10 -83163.8 -223940 -83163.8 0
9 0 2.41248e-11 -126777 -193580 -126777 0
9.02 0 3.09744e-10 -167643 -159058 -167643 0
9.04 0 -3.4642e-10 -204588 -120887 -204588 0
9.06 0 -2.7176e-10 -236833 -78846.6 -236833 0
9.08 0 1.91074e-11 -263271 -33207.1 -263271 0
9.1 0 -3.11483e-11 -281845 14296.8 -281845 0
9.12 0 1.23768e-10 -289865 60802.8 -289865 0
9.14 0 7.14073e-11 -285447 103792 -285447 0
9.16 0 -3.40889e-10 -268756 142483 -268756 0
9.18 0 3.03415e-10 -242157 177770 -242157 0
9.2 0 1.21953e-10 -209855 210837 -209855 0
9.22 0 2.04502e-10 -175985 241843 -175985 0
9.24 0 -4.09222e-10 -142304 269533 -142304 0
9.26 0 4.26405e-10 -108050 291538 -108050 0
9.28 0 -7.06467e-10 -71907.7 305011 -71907.7 0
9.3 0 -7.50479e-11 -34030.1 307567 -34030.1 0
9.32 0 4.83909e-10 4067.5 298448 4067.5 0
9.34 0 -4.01137e-10 40129.5 278364 40129.5 0
9.36 0 -1.34976e-10 73462.7 249848 73462.7 0
9.38 0 6.16084e-11 105061 216701 105061 0
9.4 0 4.13371e-10 135348 181725 135348 0
9.42 0 -1.70952e-10 163656 146105 163656 0
9.44 0 2.26826e-10 188107 109791 188107 0
9.46 0 3.60653e-11 206255 72385.9 206255 0
9.48 0 -1.38484e-10 215825 33653 215825 0
9.5 0 5.24389e-11 215315 -6272.7 215315 0
9.52 0 2.0271e-11 204397 -46507.7 204397 0
9.54 0 4.13973e-11 183691 -85295.6 183691 0
9.56 0 -1.73491e-10 154824 -120531 154824 0
9.58 0 6.87538e-11 119868 -150507 119868 0
9.6 0 2.04889e-10 80762.4 -174153 80762.4 0
9.62 0 -1.71951e-10 39660.8 -190773 39660.8 0
9.64 0 2.1307e-10 -1013.3 -199876 -1013.3 0
9.66 0 -2.8673e-10 -39086.9 -201263 -39086.9 0
9.68 0 2.30848e-10 -73455.1 -195159 -73455.1 0
9.7 0 1.78891e-11 -104053 -182024 -104053 0
9.72 0 -2.57471e-10 -131464 -162534 -131464 0
9.74 0 2.63841e-10 -156038 -137556 -156038 0
9.76 0 1.3569e-10 -176827 -107604 -176827 0
9.78 0 -4.81657e-11 -191659 -73116.6 -191659 0
9.8 0 4.00888e-11 -198027 -35268.7 -198027 0
9.82 0 -1.58419e-12 -194241 3847.88 -194241 0
9.84 0 1.17129e-11 -180288 42017.1 -180288 0
9.86 0 6.1213e-11 -157688 78047.6 -157688 0
9.88 0 1.16719e-10 -128741 112027 -128741 0
9.9 0 -1.70177e-10 -95603.8 144577 -95603.8 0
9.92 0 -3.80319e-11 -59993.4 175822 -59993.4 0
9.94 0 2.95861e-10 -23482.3 204791 -23482.3 0
9.96 0 2.30122e-10 12344.2 229569 12344.2 0
9.98 0 8.04761e-10 46132.7 248159 46132.7 0
10 0 -2.18212e-10 77237.7 259365 77237.7 0
10.02 0 5.15741e-10 105754 262937 105754 0
10.04 0 3.1975e-10 132050 258977 132050 0
10.06 0 5.44742e-10 155663 247257 155663 0
10.08 0 -4.31652e-10 175262 227916 175262 0
10.1 0 -1.53946e-10 189447 202539 189447 0
10.12 0 -3.9704e-10 196872 173456 196872 0
10.14 0 -1.18385e-10 196888 142817 196888 0
10.16 0 5.38188e-11 189739 111957 189739 0
10.18 0 -2.85141e-10 175862 80984.3 175862 0
10.2 0 -6.80445e-11 155668 49041 155668 0
10.22 0 5.10403e-12 129615 15076 129615 0
10.24 0 1.11306e-11 98369.1 -21015 98369.1 0
10.26 0 -6.66954e-11 62979.6 -57877.6 62979.6 0
10.28 0 1.42059e-10 24912 -93250.1 24912 0
10.3 0 2.90794e-10 -14025.4 -124936 -14025.4 0
10.32 0 -3.48699e-10 -51992.8 -151236 -51992.8 0
10.34 0 1.51027e-10 -87435.9 -170724 -87435.9 0
10.36 0 5.16075e-12 -119236 -182091 -119236 0
10.38 0 -5.21824e-10 -146677 -184412 -146677 0
10.4 0 2.01074e-10 -169248 -177380 -169248 0
10.42 0 -3.84154e-10 -186200 -161464 -186200 0
10.44 0 3.28268e-10 -197239 -138390 -197239 0
10.46 0 5.47191e-11 -202310 -110099 -202310 0
10.48 0 -1.15735e-10 -201134 -77861.5 -201134 0
10.5 0 -5.25235e-11 -193648 -42584.2 -193648 0
10.52 0 1.18662e-11 -180022 -4969.23 -180022 0
10.54 0 -4.27793e-11 -160964 34376.4 -160964 0
10.56 0 6.76138e-11 -137412 75040.7 -137412 0
10.58 0 2.95329e-11 -110070 116341 -110070 0
10.6 0 -2.7989e-10 -79247.1 156822 -79247.1 0
10.62 0 7.0872e-10 -45207.6 194234 -45207.6 0
10.64 0 5.90984e-11 -8718.87 226079 -8718.87 0
10.66 0 3.33874e-10 28577.8 250276 28577.8 0
10.68 0 -9.53946e-11 64346.1 265702 64346.1 0
10.7 0 5.91735e-10 96359.8 272280 96359.8 0
10.72 0 3.53457e-10 123432 270408 123432 0
10.74 0 -2.47216e-10 145339 260216 145339 0
10.76 0 -5.65714e-10 162178 241511 162178 0
10.78 0 -7.59662e-11 174382 214842 174382 0
10.8 0 4.7013e-10 182006 181411 182006 0
10.82 0 3.50173e-10 184741 142707 184741 0
10.84 0 -2.40959e-10 182560 100556 182560 0
10.86 0 -1.79881e-10 175502 56638.9 175502 0
10.88 0 1.33056e-10 163368 12236 163368 0
10.9 0 -3.97534e-12 145525 -31740.4 145525 0
10.92 0 -4.32751e-11 121353 -74233.6 121353 0
10.94 0 5.75371e-11 91097.4 -113882 91097.4 0
10.96 0 -1.5473e-10 56483 -149380 56483 0
10.98 0 2.82593e-10 20325 -179855 20325 0
11 0 7.13049e-11 -14455.9 -204678 -14455.9 0
11.02 0 1.76974e-10 -45913.3 -222961 -45913.3 0
11.04 0 -2.22351e-10 -73669.1 -233339 -73669.1 0
11.06 0 -7.74625e-10 -98676.6 -234183 -98676.6 0
11.08 0 7.00917e-10 -122085 -223944 -122085 0
11.1 0 5.85716e-10 -143689 -201874 -143689 0
11.12 0 8.77473e-11 -162469 -169710 -162469 0
11.14 0 1.61326e-11 -176876 -130619 -176876 0
11.16 0 -2.56966e-11 -185444 -87352.4 -185444 0
11.18 0 -7.6516e-11 -187900 -41875.7 -187900 0
11.2 0 9.84582e-13 -184718 4654.25 -184718 0
11.22 0 9.33928e-11 -176576 51435.3 -176576 0
11.24 0 -1.49087e-10 -163789 98059.2 -163789 0
11.26 0 -3.05868e-10 -146423 144044 -146423 0
11.28 0 5.70312e-10 -124702 188326 -124702 0
11.3 0 -2.15916e-10 -99574 229431 -99574 0
11.32 0 3.83797e-10 -72700.2 266075 -72700.2 0
11.34 0 5.09489e-11 -45676.4 297150 -45676.4 0
11.36 0 -1.6751e-11 -19144.7 321191 -19144.7 0
11.38 0 1.4935e-09 7321.37 336345 7321.37 0
11.4 0 4.0149e-11 34368.4 341019 34368.4 0
11.42 0 -6.31432e-10 62147.5 334312 62147.5 0
11.44 0 5.30097e-10 88583.1 315752 88583.1 0
11.46 0 -4.23726e-11 110773 286909 110773 0
11.48 0 -1.78286e-10 126987 251008 126987 0
11.5 0 -3.76622e-10 136771 210489 136771 0
11.52 0 -4.87132e-11 141737 166753 141737 0
11.54 0 -1.09083e-10 143960 120675 143960 0
11.56 0 -1.96535e-10 144154 73141.1 144154 0
11.58 0 1.77607e-10 141583 24600.1 141583 0
11.6 0 3.96582e-11 135148 -24993.4 135148 0
11.62 0 -8.32623e-11 124262 -75265.2 124262 0
11.64 0 4.21589e-11 108907 -124796 108907 0
11.66 0 -5.81209e-11 89279.2 -171438 89279.2 0
11.68 0 -6.56553e-10 65648.4 -212963 65648.4 0
11.7 0 3.78585e-10 38529.8 -247398 38529.8 0
11.72 0 2.22111e-10 8954.99 -273175 8954.99 0
11.74 0 3.8822e-10 -21582.7 -289277 -21582.7 0
11.76 0 1.08479e-10 -51528.4 -295149 -51528.4 0
11.78 0 -1.66688e-10 -80149.8 -290235 -80149.8 0
11.8 0 3.43085e-10 -106388 -273499 -106388 0
11.82 0 5.43346e-11 -129941 -245168 -129941 0
11.84 0 7.20314e-10 -151573 -207775 -151573 0
11.86 0 -1.53817e-10 -171119 -164596 -171119 0
11.88 0 1.25457e-10 -187838 -118481 -187838 0
11.9 0 -5.73422e-11 -200412 -70988.3 -200412 0
11.92 0 -2.35727e-12 -207401 -22239.4 -207401 0
11.94 0 -1.29255e-11 -207762 28412.7 -207762 0
11.96 0 1.50864e-11 -201137 81392.4 -201137 0
11.98 0 -4.5149e-10 -187761 135981 -187761 0
12 0 -9.51037e-11 -168430 190368 -168430 0
12.02 0 -2.28012e-10 -144667 242499 -144667 0
12.04 0 2.57939e-10 -118464 290676 -118464 0
12.06 0 4.23037e-10 -91548.5 333450 -91548.5 0
12.08 0 7.84324e-10 -64713.1 369182 -64713.1 0
12.1 0 6.25372e-10 -37767.7 395984 -37767.7 0
12.12 0 -4.85764e-10 -10130.8 412113 -10130.8 0
12.14 0 4.76978e-10 18638.1 416333 18638.1 0
12.16 0 4.35312e-10 48767.8 408031 48767.8 0
12.18 0 -9.2347e-10 77937.1 386755 77937.1 0
12.2 0 1.40917e-09 104626 354792 104626 0
12.22 0 5.88743e-10 128647 315802 128647 0
12.24 0 7.02673e-11 149304 272143 149304 0
12.26 0 4.27505e-10 166433 225152 166433 0
12.28 0 -5.71919e-10 179085 175091 179085 0
12.3 0 4.74719e-10 186047 122412 186047 0
12.32 0 1.84292e-10 186025 67871.8 186025 0
12.34 0 2.341e-11 178436 12564.3 178436 0
12.36 0 4.31909e-11 163633 -42329.8 163633 0
12.38 0 2.08198e-11 142996 -95713.8 142996 0
12.4 0 1.55385e-10 118471 -146606 118471 0
12.42 0 -7.58067e-11 91791.2 -193746 91791.2 0
12.44 0 -1.08882e-09 64017.9 -235137 64017.9 0
12.46 0 6.12812e-10 35618.9 -268229 35618.9 0
12.48 0 7.0402e-12 6917.94 -290774 6917.94 0
12.5 0 -3.23276e-10 -21509.6 -301480 -21509.6 0
12.52 0 -1.51742e-10 -49043 -299888 -49043 0
12.54 0 5.22841e-10 -74261 -285872 -74261 0
12.56 0 3.75757e-10 -95416.6 -260043 -95416.6 0
12.58 0 4.91377e-10 -112239 -225385 -112239 0
12.6 0 1.57602e-10 -124817 -185380 -124817 0
12.62 0 2.95667e-11 -133216 -142442 -133216 0
12.64 0 -9.37755e-11 -137720 -98092.3 -137720 0
12.66 0 1.32592e-10 -138405 -52600.4 -138405 0
12.68 0 -3.75624e-11 -135303 -5517.23 -135303 0
12.7 0 2.22657e-11 -128658 44119.7 -128658 0
12.72 0 -7.95105e-11 -119337 96822.3 -119337 0
12.74 0 2.63296e-11 -108552 151692 -108552 0
12.76 0 -5.26039e-11 -97034.8 205931 -97034.8 0
12.78 0 -1.83636e-10 -84575.2 255459 -84575.2 0
12.8 0 -3.58492e-10 -70546 296345 -70546 0
12.82 0 1.59128e-10 -54686.2 325943 -54686.2 0
12.84 0 2.60019e-10 -37420.2 343035 -37420.2 0
12.86 0 -3.54612e-10 -19598 347322 -19598 0
12.88 0 -7.93043e-10 -1716.82 338747 -1716.82 0
12.9 0 -4.59854e-11 15490.2 317310 15490.2 0
12.92 0 -1.61136e-10 31879.9 284924 31879.9 0
12.94 0 -5.37252e-10 47612.6 244590 47612.6 0
12.96 0 -1.85365e-11 62334.3 199186 62334.3 0
12.98 0 9.61623e-11 75741.8 151417 75741.8 0
13 0 -1.04972e-10 86950.8 102914 86950.8 0
13.02 0 2.55401e-10 94484.5 54356.7 94484.5 0
13.04 0 2.91965e-11 96636.3 5657.98 96636.3 0
13.06 0 1.95527e-11 92520.5 -43182.5 92520.5 0
13.08 0 -6.16845e-11 82712.7 -91553.2 82712.7 0
13.1 0 -2.40509e-10 68916.2 -138217 68916.2 0
13.12 0 -1.28552e-10 53075.1 -181673 53075.1 0
13.14 0 -2.12773e-10 36809.4 -220397 36809.4 0
13.16 0 -1.69382e-10 21256 -252948 21256 0
13.18 0 1.23797e-10 7074.45 -277966 7074.45 0
13.2 0 -2.15182e-11 -5538.07 -294016 -5538.07 0
13.22 0 5.07769e-10 -16826.8 -299563 -16826.8 0
13.24 0 2.21137e-10 -27479.7 -293060 -27479.7 0
13.26 0 -1.70565e-10 -37753.5 -273042 -37753.5 0
13.28 0 -4.73297e-10 -48669.8 -240774 -48669.8 0
13.3 0 -3.97507e-10 -61642.4 -199310 -61642.4 0
13.32 0 2.21015e-10 -76995.5 -151471 -76995.5 0
13.34 0 -1.79207e-10 -93878 -99762.2 -93878 0
13.36 0 -2.53127e-10 -109986 -45764 -109986 0
13.38 0 -1.38843e-11 -122788 9323.27 -122788 0
13.4 0 8.48496e-11 -130773 64838.1 -130773 0
13.42 0 3.85607e-10 -134204 120310 -134204 0
13.44 0 3.09876e-10 -134491 174985 -134491 0
13.46 0 9.93827e-11 -132798 227564 -132798 0
13.48 0 -5.94885e-10 -128998 276265 -128998 0
13.5 0 3.73446e-10 -121992 318756 -121992 0
13.52 0 1.14011e-09 -110887 352289 -110887 0
13.54 0 -4.53064e-10 -95727.2 374348 -95727.2 0
13.56 0 3.56811e-10 -77188.9 383394 -77188.9 0
13.58 0 6.09789e-11 -55348.6 378959 -55348.6 0
13.6 0 -1.40493e-09 -30592.2 360504 -30592.2 0
13.62 0 -1.11679e-09 -3290.22 328913 -3290.22 0
13.64 0 2.23569e-10 26517.5 287145 26517.5 0
13.66 0 -5.74343e-10 57442.1 238494 57442.1 0
13.68 0 -8.0902e-10 87479.4 186642 87479.4 0
13.7 0 5.70577e-10 114934 135017 114934 0
13.72 0 4.49034e-11 138851 85701.5 138851 0
13.74 0 3.78568e-11 158885 38590.3 158885 0
13.76 0 7.23267e-11 174875 -8364.72 174875 0
13.78 0 3.3425e-11 186755 -57523.6 186755 0
13.8 0 1.30152e-10 194590 -109780 194590 0
13.82 0 2.60748e-10 198442 -163801 198442 0
13.84 0 4.32916e-10 198187 -216632 198187 0
13.86 0 1.74147e-10 193662 -264886 193662 0
13.88 0 1.64872e-11 184889 -305733 184889 0
13.9 0 -4.67997e-10 172114 -337253 172114 0
13.92 0 4.48831e-10 155378 -358139 155378 0
13.94 0 2.98391e-10 134135 -367199 134135 0
13.96 0 1.18327e-09 106490 -362826 106490 0
13.98 0 1.5776e-10 72490.4 -344168 72490.4 0
14 0 1.0485e-10 34061.2 -313751 34061.2 0
14.02 0 -8.79729e-10 -6471.93 -276580 -6471.93 0
14.04 0 3.05394e-10 -45601.2 -237048 -45601.2 0
14.06 0 -2.85546e-11 -81363.4 -197083 -81363.4 0
14.08 0 -6.46376e-11 -114190 -155711 -114190 0
14.1 0 1.33283e-11 -145746 -110400 -145746 0
14.12 0 -2.87534e-11 -176668 -59140.1 -176668 0
14.14 0 1.17738e-10 -205289 -2198.51 -205289 0
14.16 0 -3.22934e-11 -228302 57236.7 -228302 0
14.18 0 -1.04468e-11 -242754 114218 -242754 0
14.2 0 1.49868e-11 -247666 164407 -247666 0
14.22 0 -4.03338e-10 -243929 205671 -243929 0
14.24 0 -5.80913e-10 -232800 238040 -232800 0
14.26 0 -6.11094e-10 -215044 262651 -215044 0
14.28 0 5.01087e-10 -191591 280341 -191591 0
14.3 0 5.75146e-10 -164016 290640 -164016 0
14.32 0 -8.99912e-11 -133494 291679 -133494 0
14.34 0 -6.66843e-11 -100098 281488 -100098 0
14.36 0 1.07745e-10 -63640.9 259046 -63640.9 0
14.38 0 8.90448e-11 -23089.4 225941 -23089.4 0
14.4 0 4.25e-11 22331.7 185739 22331.7 0
14.42 0 1.6599e-10 71579.2 141904 71579.2 0
14.44 0 -1.07063e-10 121722 97101.8 121722 0
14.46 0 1.36264e-10 168231 52943.4 168231 0
14.48 0 6.13468e-11 206762 10503.6 206762 0
14.5 0 -1.00275e-11 234560 -29814.4 234560 0
14.52 0 2.03685e-11 251048 -68159 251048 0
14.54 0 3.08844e-11 257211 -104789 257211 0
14.56 0 -4.16217e-10 254449 -139642 254449 0
14.58 0 -8.97829e-12 243937 -172237 243937 0
14.6 0 -1.45454e-10 226716 -201444 226716 0
14.62 0 -5.39737e-10 204077 -225073 204077 0
14.64 0 -4.91388e-10 176861 -239881 176861 0
14.66 0 2.01331e-10 144271 -242288 144271 0
14.68 0 8.16693e-12 104654 -229742 104654 0
14.7 0 -7.96886e-10 58218.6 -202602 58218.6 0
14.72 0 3.89206e-10 6857.89 -165510 6857.89 0
14.74 0 2.4567e-11 -46661.4 -124949 -46661.4 0
14.76 0 -1.48152e-11 -99035.2 -85483.8 -99035.2 0
14.78 0 7.04114e-11 -147307 -48236.2 -147307 0
14.8 0 4.71479e-11 -188896 -11830.1 -188896 0
14.82 0 -7.16496e-12 -221992 25300.7 -221992 0
14.84 0 4.91508e-11 -245503 63675.7 -245503 0
14.86 0 -1.74945e-10 -259142 102493 -259142 0
14.88 0 -7.60572e-11 -263380 140219 -263380 0
14.9 0 -1.01439e-10 -259034 175412 -259034 0
14.92 0 5.38777e-11 -246330 206839 -246330 0
14.94 0 -2.74903e-10 -224571 232869 -224571 0
14.96 0 -3.30498e-10 -193451 251329 -193451 0
14.98 0 5.24677e-11 -154251 260240 -154251 0
15 0 -2.38451e-10 -109545 258274 -109545 0
15.02 0 5.05084e-11 -62857.8 245420 -62857.8 0
15.04 0 -6.1716e-10 -16836.5 222852 -16836.5 0
15.06 0 -8.40723e-11 28438.5 193168 28438.5 0
15.08 0 6.43868e-11 73977.6 159685 73977.6 0
15.1 0 1.68492e-10 119957 124640 119957 0
15.12 0 -4.41417e-10 164815 88673 164815 0
15.14 0 7.65222e-11 205660 51008.8 205660 0
15.16 0 1.41784e-11 239315 10857.2 239315 0
15.18 0 2.48253e-11 263135 -31440.4 263135 0
15.2 0 6.36266e-11 275446 -74172.6 275446 0
15.22 0 7.15355e-11 275534 -115059 275534 0
15.24 0 -1.12571e-10 263726 -152095 263726 0
15.26 0 2.05432e-10 241254 -183833 241254 0
15.28 0 6.88289e-10 209862 -209347 209862 0
15.3 0 3.27395e-11 171562 -228059 171562 0
15.32 0 -7.2323e-12 127935 -239363 127935 0
15.34 0 -7.24753e-12 80042.5 -242334 80042.5 0
15.36 0 -2.67113e-10 29116.9 -236207 29116.9 0
15.38 0 6.3378e-10 -23560 -221024 -23560 0
15.4 0 -5.84472e-10 -77168 -197840 -77168 0
15.42 0 1.60619e-10 -130918 -168895 -130918 0
15.44 0 -4.87025e-11 -182796 -136433 -182796 0
15.46 0 1.60857e-10 -229675 -101638 -229675 0
15.48 0 6.5374e-11 -268504 -64590 -268504 0
15.5 0 -1.90271e-11 -297062 -24744.3 -297062 0
15.52 0 -1.96422e-11 -314144 17830.8 -314144 0
15.54 0 3.40371e-11 -319315 61601.4 -319315 0
15.56 0 2.47383e-10 -312890 103852 -312890 0
15.58 0 -3.49828e-10 -295336 141965 -295336 0
15.6 0 1.10537e-10 -266792 174537 -266792 0
15.62 0 -1.33149e-10 -228149 201533 -228149 0
15.64 0 6.60225e-10 -181741 223643 -181741 0
15.66 0 -2.43695e-10 -130843 241394 -130843 0
15.68 0 -2.57468e-10 -78402.6 254417 -78402.6 0
15.7 0 1.24008e-11 -26029.5 261294 -26029.5 0
15.72 0 -1.70964e-10 25483.7 260373 25483.7 0
15.74 0 -2.23979e-10 75252.4 250862 75252.4 0
15.76 0 -3.32988e-10 121456 232644 121456 0
15.78 0 1.72545e-10 161460 206852 161460 0
15.8 0 8.80612e-10 192780 176045 192780 0
15.82 0 1.54139e-10 213798 142703 213798 0
15.84 0 1.17036e-10 224461 108543 224461 0
15.86 0 -1.74787e-10 225782 74554.4 225782 0
15.88 0 1.95111e-10 218709 41407.9 218709 0
15.9 0 -2.08323e-11 203354 9472.43 203354 0
15.92 0 2.39281e-11 179435 -21382.4 179435 0
15.94 0 5.54213e-11 147588 -51466.1 147588 0
15.96 0 9.93474e-11 109873 -80776.3 109873 0
15.98 0 -2.71935e-10 69320 -108831 69320 0
16 0 -4.85519e-11 28532.6 -134571 28532.6 0
16.02 0 3.2098e-10 -11460.2 -156189 -11460.2 0
16.04 0 1.08273e-10 -50760.9 -171452 -50760.9 0
16.06 0 -6.4991e-11 -89020.5 -178487 -89020.5 0
16.08 0 -6.47251e-11 -124513 -176249 -124513 0
16.1 0 1.47695e-10 -154486 -164749 -154486 0
16.12 0 4.72823e-11 -176560 -145349 -176560 0
16.14 0 -6.16546e-11 -190291 -120866 -190291 0
16.16 0 -9.04026e-11 -196667 -94018.9 -196667 0
16.18 0 8.1654e-11 -196887 -66040.5 -196887 0
16.2 0 -3.2939e-11 -191517 -36909.2 -191517 0
16.22 0 1.88187e-11 -180158 -6105.37 -180158 0
16.24 0 1.84748e-11 -162119 26545.6 -162119 0
16.26 0 -1.19386e-10 -137252 60405.2 -137252 0
16.28 0 1.76754e-10 -106294 93843.3 -106294 0
16.3 0 2.73709e-10 -70629.5 124909 -70629.5 0
16.32 0 -2.50356e-10 -31906.8 152283 -31906.8 0
16.34 0 1.08725e-10 8266.69 175407 8266.69 0
16.36 0 4.57292e-10 48276 193811 48276 0
16.38 0 -5.52716e-11 86273.3 206627 86273.3 0
16.4 0 4.59871e-10 120107 212852 120107 0
16.42 0 3.22133e-10 147741 211852 147741 0
16.44 0 -6.67212e-10 167738 203668 167738 0
16.46 0 -1.12531e-10 179565 189030 179565 0
16.48 0 4.60766e-10 183947 169431 183947 0
16.5 0 3.68598e-10 182148 146340 182148 0
16.52 0 -1.00899e-10 175083 120662 175083 0
16.54 0 -9.37815e-11 162961 93086.5 162961 0
16.56 0 -1.61237e-10 145449 64158.1 145449 0
16.58 0 2.16992e-10 122317 34256.8 122317 0
16.6 0 -1.90017e-11 93761.6 3631.63 93761.6 0
16.62 0 1.45049e-11 60663.5 -27158.2 60663.5 0
16.64 0 3.27546e-11 24620.1 -57063.5 24620.1 0
16.66 0 3.71299e-11 -12397.3 -84870 -12397.3 0
16.68 0 1.41575e-10 -48519.8 -109637 -48519.8 0
16.7 0 6.55317e-11 -82210.4 -130725 -82210.4 0
16.72 0 1.52919e-10 -112318 -147396 -112318 0
16.74 0 -1.81048e-10 -137997 -158501 -137997 0
16.76 0 -5.51254e-11 -158565 -162746 -158565 0
16.78 0 4.56047e-11 -173469 -159446 -173469 0
16.8 0 -1.57573e-10 -182187 -148896 -182187 0
16.82 0 -3.40364e-10 -184601 -132313 -184601 0
16.84 0 1.25174e-10 -181155 -111021 -181155 0
16.86 0 1.36356e-11 -172288 -85737.2 -172288 0
16.88 0 7.78582e-11 -158366 -57129.5 -158366 0
16.9 0 -5.4746e-11 -139749 -26365.7 -139749 0
16.92 0 -3.12212e-11 -116745 5033.09 -116745 0
16.94 0 -2.46007e-11 -89744.8 35793.9 -89744.8 0
16.96 0 -1.47824e-10 -59366 65335.6 -59366 0
16.98 0 -6.97881e-11 -26488.5 93468.3 -26488.5 0
17 0 9.59576e-12 7754.24 119806 7754.24 0
17.02 0 1.21929e-10 41969.1 143621 41969.1 0
17.04 0 2.57341e-11 74604.8 164124 74604.8 0
17.06 0 2.84623e-10 104158 180727 104158 0
17.08 0 9.99693e-10 129333 193024 129333 0
17.1 0 1.96401e-10 149100 200611 149100 0
17.12 0 7.08425e-10 162669 203055 162669 0
17.14 0 -9.90229e-10 169509 199976 169509 0
17.16 0 -1.02909e-11 169270 191048 169270 0
17.18 0 -3.12759e-10 162231 176728 162231 0
17.2 0 2.28159e-10 149081 158234 149081 0
17.22 0 2.73434e-10 130589 137010 130589 0
17.24 0 -2.20504e-10 107612 114297 107612 0
17.26 0 -8.75801e-11 80734.7 90593.2 80734.7 0
17.28 0 -7.49473e-11 50455.6 65908.6 50455.6 0
17.3 0 8.00985e-11 17641.9 40199.3 17641.9 0
17.32 0 1.1893e-11 -16166.1 13744.9 -16166.1 0
17.34 0 1.58829e-11 -49097.8 -12841.2 -49097.8 0
17.36 0 -6.64958e-12 -79640.7 -38762.5 -79640.7 0
17.38 0 -5.64002e-12 -107082 -63102.3 -107082 0
17.4 0 2.57932e-10 -131246 -84675.5 -131246 0
17.42 0 -9.26897e-11 -151800 -102042 -151800 0
17.44 0 1.70127e-10 -167848 -113941 -167848 0
17.46 0 5.64758e-11 -178108 -119807 -178108 0
17.48 0 -6.66284e-11 -181506 -119824 -181506 0
17.5 0 3.63961e-10 -177657 -114346 -177657 0
17.52 0 -2.67192e-11 -167078 -103725 -167078 0
17.54 0 -1.04008e-10 -150762 -88563.3 -150762 0
17.56 0 1.20501e-10 -129458 -69634.2 -129458 0
17.58 0 -5.78483e-11 -103659 -47904.4 -103659 0
17.6 0 1.72985e-11 -73923.9 -24445.6 -73923.9 0
17.62 0 1.28702e-11 -41162.3 -207.041 -41162.3 0
17.64 0 -8.25282e-11 -6588.6 24155.3 -6588.6 0
17.66 0 5.74297e-11 28590.2 48386.5 28590.2 0
17.68 0 -1.90773e-10 63393.2 72397.5 63393.2 0
17.7 0 -8.37285e-11 97035.5 95852.6 97035.5 0
17.72 0 -3.56845e-10 128706 117893 128706 0
17.74 0 -4.34686e-10 157306 137203 157306 0
17.76 0 -1.04136e-10 181271 152430 181271 0
17.78 0 4.25052e-10 198680 162729 198680 0
17.8 0 -1.57269e-10 207703 167916 207703 0
17.82 0 -1.89074e-11 207204 168136 207204 0
17.84 0 3.01633e-10 197088 163290 197088 0
17.86 0 -1.90471e-10 178273 153303 178273 0
17.88 0 -3.71288e-10 152361 138701 152361 0
17.9 0 -3.71297e-10 120864 120469 120864 0
17.92 0 -8.7529e-11 84820.2 99777 84820.2 0
17.94 0 1.21396e-10 44972.1 77635.5 44972.1 0
17.96 0 1.90521e-10 2192.16 54700.8 2192.16 0
17.98 0 -9.8835e-11 -42095.1 31328.8 -42095.1 0
18 0 -1.35305e-10 -86031 7726.77 -86031 0
18.02 0 -1.66436e-12 -127841 -15772.4 -127841 0
18.04 0 -7.50204e-12 -166244 -38542.7 -166244 0
18.06 0 7.66462e-11 -200336 -59692.4 -200336 0
18.08 0 7.28396e-11 -229161 -78177.4 -229161 0
18.1 0 7.18246e-12 -251427 -92970.9 -251427 0
18.12 0 7.13071e-11 -265620 -103339 -265620 0
18.14 0 -1.20884e-10 -270415 -109030 -270415 0
18.16 0 -1.19479e-10 -265275 -110164 -265275 0
18.18 0 1.9496e-11 -250592 -106766 -250592 0
18.2 0 8.23046e-11 -227441 -98792.6 -227441 0
18.22 0 4.51135e-12 -197330 -86444.9 -197330 0
18.24 0 -5.39829e-11 -161555 -70112.9 -161555 0
18.26 0 6.1843e-11 -121177 -50428.3 -121177 0
18.28 0 -2.19737e-12 -77477 -28106.8 -77477 0
18.3 0 -5.9517e-12 -32024 -3746.17 -32024 0
18.32 0 -2.26268e-11 13580.7 22163.6 13580.7 0
18.34 0 1.18517e-10 58084.8 49104.1 58084.8 0
18.36 0 -5.74086e-11 100599 76309.1 100599 0
18.38 0 4.66693e-11 140353 102739 140353 0
18.4 0 1.5947e-10 176420 127268 176420 0
18.42 0 3.89774e-10 207563 148881 207563 0
18.44 0 -2.14691e-10 232252 166722 232252 0
18.46 0 -1.87118e-10 248912 180074 248912 0
18.48 0 -3.45162e-11 256298 188412 256298 0
18.5 0 -9.6018e-10 253832 191491 253832 0
18.52 0 -2.59449e-11 241682 189213 241682 0
18.54 0 -5.74409e-10 220538 181595 220538 0
18.56 0 7.3089e-10 191881 169031 191881 0
18.58 0 -9.02232e-11 157521 152118 157521 0
18.6 0 2.28573e-11 118925 131546 118925 0
18.62 0 3.31052e-10 77296.5 108137 77296.5 0
18.64 0 -2.18858e-10 33772.2 82745.5 33772.2 0
18.66 0 -4.32646e-11 -10294.5 56250.1 -10294.5 0
18.68 0 1.98841e-10 -53397.6 29397 -53397.6 0
18.7 0 -9.7866e-11 -93997.9 2781.39 -93997.9 0
18.72 0 2.00034e-11 -130683 -22996.2 -130683 0
18.74 0 6.71057e-12 -162277 -47166.7 -162277 0
18.76 0 -1.24769e-10 -187869 -68836.8 -187869 0
18.78 0 7.15887e-11 -206697 -87189.9 -206697 0
18.8 0 -1.14179e-10 -218020 -101651 -218020 0
18.82 0 -1.02968e-10 -221172 -111872 -221172 0
18.84 0 1.34881e-10 -215888 -117610 -215888 0
18.86 0 -1.39493e-10 -202538 -118580 -202538 0
18.88 0 5.8911e-11 -181919 -114287 -181919 0
18.9 0 1.31097e-10 -155405 -104558 -155405 0
18.92 0 1.52108e-10 -124422 -89814.3 -124422 0
18.94 0 5.38691e-11 -90004.1 -70932 -90004.1 0
18.96 0 1.02395e-10 -53224.6 -49095 -53224.6 0
18.98 0 3.42709e-13 -15433.9 -25398.6 -15433.9 0
19 0 -1.954e-11 21685.7 -721.372 21685.7 0
19.02 0 -1.01357e-11 56539.1 24366.5 56539.1 0
19.04 0 5.77715e-11 88019.5 49531.2 88019.5 0
19.06 0 -8.14403e-11 115615 74486.8 115615 0
19.08 0 6.63605e-11 139123 98724.3 139123 0
19.1 0 3.41176e-10 158220 121401 158220 0
19.12 0 -4.66753e-10 172252 141461 172252 0
19.14 0 3.00234e-10 180457 157850 180457 0
19.16 0 -2.31539e-10 182329 169713 182329 0
19.18 0 -2.46285e-10 177775 176484 177775 0
19.2 0 -5.29081e-10 166988 177953 166988 0
19.22 0 3.72219e-10 150139 174131 150139 0
19.24 0 -6.85227e-11 127695 165504 127695 0
19.26 0 3.71152e-10 100568 153087 100568 0
19.28 0 9.41594e-12 69886.3 137877 69886.3 0
19.3 0 -4.15642e-11 37077.9 120624 37077.9 0
19.32 0 3.82078e-11 3649.74 101769 3649.74 0
19.34 0 -2.97585e-11 -29093.9 81533.2 -29093.9 0
19.36 0 8.99911e-11 -60121 60087.5 -60121 0
19.38 0 2.43265e-11 -88553.5 37654 -88553.5 0
19.4 0 -6.21638e-11 -113558 14672.2 -113558 0
19.42 0 4.70038e-11 -134387 -8009.97 -134387 0
19.44 0 -4.34398e-12 -150405 -29187.5 -150405 0
19.46 0 -1.97064e-11 -161031 -47708.6 -161031 0
19.48 0 -1.15487e-10 -165752 -62860.2 -165752 0
19.5 0 -2.05825e-11 -164245 -74410.5 -164245 0
19.52 0 -1.87178e-10 -156501 -82387.5 -156501 0
19.54 0 9.39923e-11 -142826 -86858.7 -142826 0
19.56 0 -2.08072e-10 -123816 -87750.1 -123816 0
19.58 0 1.76297e-10 -100386 -84844.1 -100386 0
19.6 0 1.19621e-10 -73716.2 -77993 -73716.2 0
19.62 0 5.93693e-11 -45094.6 -67258.1 -45094.6 0
19.64 0 -9.99606e-12 -15850.4 -53004.9 -15850.4 0
19.66 0 4.61872e-11 12766 -35837.5 12766 0
19.68 0 -1.41909e-11 39786.3 -16434.5 39786.3 0
19.7 0 7.64519e-12 64471.2 4489.19 64471.2 0
19.72 0 4.05439e-12 86122.8 26186.9 86122.8 0
19.74 0 -5.82508e-11 104027 47915.7 104027 0
19.76 0 1.7265e-11 117577 68999.2 117577 0
19.78 0 1.87264e-10 126350 88861 126350 0
19.8 0 6.72453e-11 130058 107030 130058 0
19.82 0 -1.47311e-11 128495 123109 128495 0
19.84 0 -1.62551e-10 121580 136695 121580 0
19.86 0 6.3776e-11 109466 147302 109466 0
19.88 0 -4.81511e-10 92633 154346 92633 0
19.9 0 -1.40402e-10 71859.5 157205 71859.5 0
19.92 0 -2.2374e-10 48076.5 155416 48076.5 0
19.94 0 -2.43575e-10 22308.4 148978 22308.4 0
19.96 0 -1.39968e-10 -4533.4 138352 -4533.4 0
19.98 0 1.03982e-10 -31743.3 124261 -31743.3 0
20 0 1.81952e-10 -58690.4 107482 -58690.4 0
20.02 0 -3.64332e-11 -84700.7 88702.4 -84700.7 0
20.04 0 -9.58333e-11 -108920 68582.2 -108920 0
20.06 0 -7.26548e-11 -130340 47769.7 -130340 0
20.08 0 -1.76887e-12 -147913 26851.3 -147913 0
20.1 0 9.42042e-12 -160688 6278.78 -160688 0
20.12 0 5.17818e-11 -167916 -13587.3 -167916 0
20.14 0 3.22313e-11 -169143 -32305.3 -169143 0
20.16 0 3.4742e-11 -164292 -49229.2 -164292 0
20.18 0 -8.47492e-11 -153647 -63598.8 -153647 0
20.2 0 4.75239e-11 -137764 -74720.3 -137764 0
20.22 0 -1.20607e-10 -117393 -82047.7 -117393 0
20.24 0 1.43633e-10 -93328.5 -85165.4 -93328.5 0
20.26 0 8.68705e-11 -66334.9 -83840 -66334.9 0
20.28 0 -6.77678e-11 -37198.6 -78201.2 -37198.6 0
20.3 0 1.17212e-11 -6655.02 -68721.8 -6655.02 0
20.32 0 5.82241e-11 24528.9 -55992.1 24528.9 0
20.34 0 1.26049e-11 55303 -40501.3 55303 0
20.36 0 -7.31637e-12 84262.5 -22593.7 84262.5 0
20.38 0 -5.06339e-11 109897 -2666.58 109897 0
20.4 0 3.60932e-11 130975 18699.8 130975 0
20.42 0 -8.50705e-11 146715 40846 146715 0
20.44 0 -1.04114e-10 156738 63184.3 156738 0
20.46 0 -5.40815e-11 160959 85165.3 160959 0
20.48 0 -1.96432e-10 159490 106131 159490 0
20.5 0 -4.99388e-10 152584 125276 152584 0
20.52 0 -1.12187e-10 140589 141761 140589 0
20.54 0 -3.4047e-10 123974 154878 123974 0
20.56 0 1.7635e-10 103352 164170 103352 0
20.58 0 1.63359e-10 79394.6 169414 79394.6 0
20.6 0 3.02231e-10 52703.6 170452 52703.6 0
20.62 0 -4.59617e-11 23877.4 167195 23877.4 0
20.64 0 -2.05006e-10 -6352.24 159710 -6352.24 0
20.66 0 4.83022e-10 -37116.7 148243 -37116.7 0
20.68 0 9.90227e-11 -67319 133303 -67319 0
20.7 0 9.82156e-11 -95673.8 115585 -95673.8 0
20.72 0 1.58834e-10 -120970 95833.1 -120970 0
20.74 0 -7.204e-11 -142294 74768.5 -142294 0
20.76 0 -9.02755e-11 -159009 53056.1 -159009 0
20.78 0 -2.37171e-10 -170622 31266.6 -170622 0
20.8 0 -3.49773e-11 -176773 9891.74 -176773 0
20.82 0 6.72129e-11 -177312 -10574.8 -177312 0
20.84 0 2.32805e-12 -172311 -29611.4 -172311 0
20.86 0 -2.25877e-11 -161951 -46714.7 -161951 0
20.88 0 -3.52056e-11 -146427 -61447.3 -146427 0
20.9 0 -7.65264e-11 -126067 -73432.9 -126067 0
20.92 0 -1.1049e-10 -101452 -82303.8 -101452 0
20.94 0 -4.709e-11 -73468 -87657.6 -73468 0
20.96 0 1.39681e-10 -43231.1 -89049.8 -43231.1 0
20.98 0 -3.34413e-11 -12053.1 -86233.9 -12053.1 0
21 0 1.12173e-10 18720.1 -79339.8 18720.1 0
21.02 0 -2.43395e-11 47872.4 -68905.8 47872.4 0
21.04 0 -1.08546e-11 74309.7 -55748.6 74309.7 0
21.06 0 1.00759e-11 97083.3 -40633.2 97083.3 0
21.08 0 -1.31218e-11 115400 -24094.9 115400 0
21.1 0 8.89387e-12 128675 -6483.4 128675 0
21.12 0 -9.59462e-13 136521 11854.4 136521 0
21.14 0 -5.52237e-11 138711 30493.2 138711 0
21.16 0 1.09849e-10 135117 48955.8 135117 0
21.18 0 6.47648e-11 125706 66759.6 125706 0
21.2 0 1.45254e-10 110597 83432.5 110597 0
21.22 0 -2.04743e-10 90208.9 98527.6 90208.9 0
21.24 0 -1.13215e-12 65362.4 111627 65362.4 0
21.26 0 -2.18075e-11 37206.2 122335 37206.2 0
21.28 0 -4.1322e-11 7024.87 130245 7024.87 0
21.3 0 1.20435e-10 -24022.3 134983 -24022.3 0
21.32 0 -1.71387e-12 -55017.6 136340 -55017.6 0
21.34 0 -3.89381e-10 -85130.1 134428 -85130.1 0
21.36 0 1.51674e-10 -113443 129644 -113443 0
21.38 0 2.43063e-10 -138906 122524 -138906 0
21.4 0 -3.78888e-10 -160435 113553 -160435 0
21.42 0 3.57963e-11 -177112 103031 -177112 0
21.44 0 -2.86663e-10 -188295 91125.7 -188295 0
21.46 0 -1.54927e-10 -193612 78049.1 -193612 0
21.48 0 -7.68288e-11 -192817 64137.5 -192817 0
21.5 0 -6.72096e-12 -185660 49773.4 -185660 0
21.52 0 1.79764e-10 -171974 35312.5 -171974 0
21.54 0 -1.49533e-11 -151995 21110.2 -151995 0
21.56 0 5.8463e-11 -126610 7588.41 -126610 0
21.58 0 -1.0699e-11 -97208.2 -4761.56 -97208.2 0
21.6 0 -2.33835e-11 -65256.4 -15455.9 -65256.4 0
21.62 0 -3.20662e-12 -31849.7 -24122.3 -31849.7 0
21.64 0 1.36696e-12 2377.51 -30545.4 2377.51 0
21.66 0 -2.47421e-12 36905.4 -34636.7 36905.4 0
21.68 0 2.16247e-12 70866.1 -36413.4 70866.1 0
21.7 0 -2.97302e-11 102881 -35974.8 102881 0
21.72 0 4.49611e-12 131323 -33455.8 131323 0
21.74 0 6.72746e-12 154812 -28967.7 154812 0
21.76 0 2.21829e-12 172523 -22615.2 172523 0
21.78 0 7.86986e-13 184158 -14681.3 184158 0
21.8 0 5.70801e-12 189694 -5742.09 189694 0
21.82 0 6.43095e-11 189119 3468.87 189119 0
21.84 0 1.7557e-11 182389 12335.9 182389 0
21.86 0 4.78497e-11 169512 20554.8 169512 0
21.88 0 1.71778e-10 150846 28120.1 150846 0
21.9 0 5.4604e-11 127265 35134.8 127265 0
21.92 0 9.34116e-12 99927.3 41589.7 99927.3 0
21.94 0 9.45697e-11 69920.7 47287.5 69920.7 0
21.96 0 -1.91091e-10 37973.4 51928.7 37973.4 0
21.98 0 9.69454e-11 4543.9 55235.7 4543.9 0
22 0 -1.99142e-10 -29770.3 57029.9 -29770.3 0
22.02 0 3.49036e-11 -63861.2 57283.8 -63861.2 0
22.04 0 9.90273e-12 -96126.2 56129 -96126.2 0
22.06 0 7.85275e-11 -124908 53815.7 -124908 0
22.08 0 -1.85955e-10 -148989 50652.1 -148989 0
22.1 0 -1.70124e-10 -167804 46983.9 -167804 0
22.12 0 -4.10612e-11 -181277 43206.8 -181277 0
22.14 0 8.06308e-12 -189386 39707 -189386 0
22.16 0 1.25345e-10 -191800 36705.9 -191800 0
22.18 0 4.28968e-11 -187883 34128.7 -187883 0
22.2 0 9.71423e-11 -177086 31693.6 -177086 0
22.22 0 -1.50687e-10 -159421 29191.7 -159421 0
22.24 0 1.36463e-11 -135687 26731.4 -135687 0
22.26 0 1.01175e-10 -107217 24733.3 -107217 0
22.28 0 -3.54025e-11 -75380.2 23681.4 -75380.2 0
22.3 0 1.90559e-11 -41335.3 23856.5 -41335.3 0
22.32 0 3.18625e-11 -6094.33 25236.2 -6094.33 0
22.34 0 -2.23773e-10 29308.7 27563.1 29308.7 0
22.36 0 -1.29276e-10 63782.8 30462 63782.8 0
22.38 0 1.82982e-10 96307.8 33566.3 96307.8 0
22.4 0 -4.44472e-11 126020 36637.6 126020 0
22.42 0 -2.37061e-10 152112 39613.3 152112 0
22.44 0 -1.77992e-11 173712 42546.1 173712 0
22.46 0 4.9913e-11 189885 45492.3 189885 0
22.48 0 4.15017e-11 199784 48405.8 199784 0
22.5 0 1.52137e-10 202792 51072.1 202792 0
22.52 0 -9.67513e-11 198606 53131.1 198606 0
22.54 0 7.90718e-11 187340 54191.2 187340 0
22.56 0 6.20385e-11 169601 53981.1 169601 0
22.58 0 -2.08416e-10 146531 52456.5 146531 0
22.6 0 3.30184e-11 119523 49780.7 119523 0
22.62 0 1.07347e-10 89835.8 46169.7 89835.8 0
22.64 0 -7.56268e-11 58417.6 41696.4 58417.6 0
22.66 0 9.87074e-11 25867.5 36264.2 25867.5 0
22.68 0 -9.56601e-12 -7378.73 29832.6 -7378.73 0
22.7 0 -3.92609e-11 -40732.4 22644 -40732.4 0
22.72 0 -2.25341e-11 -73208.9 15179.3 -73208.9 0
22.74 0 8.293e-11 -103434 7928.28 -103434 0
22.76 0 2.02057e-12 -129883 1229.59 -129883 0
22.78 0 -2.92044e-11 -151174 -4731.84 -151174 0
22.8 0 7.34076e-12 -166295 -9814.3 -166295 0
22.82 0 -3.43504e-12 -174734 -13808.6 -174734 0
22.84 0 1.9464e-12 -176455 -16389.9 -176455 0
22.86 0 5.48065e-12 -171791 -17153.6 -171791 0
22.88 0 1.80582e-11 -161269 -15738.7 -161269 0
22.9 0 4.01857e-12 -145480 -12028.8 -145480 0
22.92 0 3.98354e-11 -125077 -6264.07 -125077 0
22.94 0 -3.36025e-11 -100706 1076.52 -100706 0
22.96 0 4.93991e-11 -73017.5 9509.36 -73017.5 0
22.98 0 -6.91898e-11 -42787.3 18763.3 -42787.3 0
23 0 -2.35255e-12 -10967.5 28819 -10967.5 0
23.02 0 1.4307e-10 21302.8 39711.4 21302.8 0
23.04 0 -2.27177e-10 52700.9 51303.4 52700.9 0
23.06 0 -1.2645e-11 81753.3 63230.1 81753.3 0
23.08 0 1.48882e-10 107022 75005.2 107022 0
23.1 0 1.28244e-10 127414 86144.7 127414 0
23.12 0 -1.48944e-10 142362 96221.2 142362 0
23.14 0 -4.84911e-12 151755 104877 151755 0
23.16 0 -2.44505e-10 155702 111812 155702 0
23.18 0 1.51818e-10 154296 116726 154296 0
23.2 0 -1.54317e-10 147573 119282 147573 0
23.22 0 -2.59289e-10 135565 119173 135565 0
23.24 0 1.23194e-10 118514 116294 118514 0
23.26 0 2.29039e-10 96995.6 110865 96995.6 0
23.28 0 -8.35765e-11 71794.3 103293 71794.3 0
23.3 0 7.91707e-11 43821.1 93953.5 43821.1 0
23.32 0 -2.08042e-10 14069.2 82992.3 14069.2 0
23.34 0 1.71251e-10 -16395.5 70308.3 -16395.5 0
23.36 0 1.60848e-10 -46423.9 55797.5 -46423.9 0
23.38 0 9.48905e-11 -74811.1 39613.9 -74811.1 0
23.4 0 -1.27751e-11 -100397 22299.9 -100397 0
23.42 0 -1.85395e-12 -122230 4726.91 -122230 0
23.44 0 -2.11608e-11 -139650 -12101.4 -139650 0
23.46 0 7.36112e-13 -152246 -27329.9 -152246 0
23.48 0 4.99648e-11 -159770 -40479.8 -159770 0
23.5 0 -5.08278e-11 -162071 -51437.5 -162071 0
23.52 0 -3.34759e-11 -159073 -60241.4 -159073 0
23.54 0 8.30623e-11 -150741 -66859.6 -150741 0
23.56 0 -6.43335e-11 -137135 -71103.3 -137135 0
23.58 0 4.77106e-11 -118542 -72657.3 -118542 0
23.6 0 1.01764e-10 -95558.3 -71199.3 -95558.3 0
23.62 0 5.653e-11 -69121.3 -66572.6 -69121.3 0
23.64 0 -4.23491e-11 -40419.9 -58825.8 -40419.9 0
23.66 0 6.01763e-11 -10764.8 -48175.7 -10764.8 0
23.68 0 -2.16343e-11 18567.1 -34971 18567.1 0
23.7 0 1.637e-12 46477.4 -19652.9 46477.4 0
23.72 0 -5.28421e-11 72044.4 -2769.44 72044.4 0
23.74 0 -2.0167e-11 94520.3 15018.9 94520.3 0
23.76 0 1.4864e-10 113300 32986.6 113300 0
23.78 0 1.10216e-11 127864 50456.1 127864 0
23.8 0 -2.65782e-10 137722 66952.9 137722 0
23.82 0 1.14412e-10 142441 82264.8 142441 0
23.84 0 2.39934e-10 141744 96309.4 141744 0
23.86 0 -1.28312e-10 135590 108929 135590 0
23.88 0 1.07454e-10 124156 119737 124156 0
23.9 0 5.95627e-12 107854 128072 107854 0
23.92 0 -1.49419e-10 87343.8 133105 87343.8 0
23.94 0 2.89463e-10 63464.9 134121 63464.9 0
23.96 0 -1.53297e-10 37244.1 130889 37244.1 0
23.98 0 -3.22473e-11 9888.42 123848 9888.42 0
24 0 -3.7586e-10 -17433.5 113855 -17433.5 0
24.02 0 -9.46298e-11 -43828 101795 -43828 0
24.04 0 -2.00457e-10 -68733.5 88265.2 -68733.5 0
24.06 0 1.80093e-10 -91805.5 73477.8 -91805.5 0
24.08 0 -1.07411e-10 -112640 57502.3 -112640 0
24.1 0 -1.28809e-10 -130538 40556.4 -130538 0
24.12 0 3.09475e-11 -144501 23115.9 -144501 0
24.14 0 5.29749e-11 -153523 5831.41 -153523 0
24.16 0 -1.48033e-11 -157043 -10589.7 -157043 0
24.18 0 1.44335e-11 -155176 -25480.5 -155176 0
24.2 0 3.35989e-11 -148538 -38288.1 -148538 0
24.22 0 -4.08892e-11 -137797 -48584.4 -137797 0
24.24 0 3.15406e-11 -123395 -55981 -123395 0
24.26 0 -6.84872e-11 -105617 -60091.1 -105617 0
24.28 0 3.68593e-11 -84851.3 -60582.7 -84851.3 0
24.3 0 7.82323e-11 -61789.2 -57332 -61789.2 0
24.32 0 2.09114e-11 -37383.6 -50604.3 -37383.6 0
24.34 0 -7.51311e-12 -12554.2 -40963.1 -12554.2 0
24.36 0 -7.10141e-12 11966.3 -29070.9 11966.3 0
24.38 0 1.7071e-12 35584 -15477.8 35584 0
24.4 0 3.86621e-11 57712.8 -528.164 57712.8 0
24.42 0 -9.39132e-11 77614.8 15510.5 77614.8 0
24.44 0 5.49684e-11 94378.2 32329 94378.2 0
24.46 0 -3.16442e-11 107111 49507.6 107111 0
24.48 0 -1.16845e-11 115294 66487.2 115294 0
24.5 0 1.14367e-10 118961 82533.6 118961 0
24.52 0 5.68039e-11 118502 96763.8 118502 0
24.54 0 -2.05084e-11 114312 108298 114312 0
24.56 0 4.0076e-10 106584 116455 106584 0
24.58 0 -2.91522e-10 95412.4 120885 95412.4 0
24.6 0 -2.04929e-10 81002.1 121583 81002.1 0
24.62 0 4.8904e-10 63788.6 118779 63788.6 0
24.64 0 1.69161e-10 44444.6 112822 44444.6 0
24.66 0 1.08402e-10 23689.5 103994 23689.5 0
24.68 0 -1.09383e-11 2191.02 92470.4 2191.02 0
24.7 0 1.15129e-10 -19353.9 78418.8 -19353.9 0
24.72 0 -1.81176e-10 -40188.3 62061.7 -40188.3 0
24.74 0 6.63448e-11 -59531.3 43795.1 -59531.3 0
24.76 0 2.64574e-11 -76684.6 24240.1 -76684.6 0
24.78 0 1.25947e-10 -91112.1 4231.18 -91112.1 0
24.8 0 -2.40369e-11 -102477 -15301.9 -102477 0
24.82 0 -4.51118e-12 -110638 -33503.3 -110638 0
24.84 0 -6.21644e-12 -115592 -49684.3 -115592 0
24.86 0 2.47478e-11 -117363 -63290.1 -117363 0
24.88 0 -1.90552e-11 -115918 -73871 -115918 0
24.9 0 -1.40608e-10 -111178 -81115.9 -111178 0
24.92 0 -3.93939e-11 -103135 -84877.1 -103135 0
24.94 0 1.19383e-11 -91960.9 -85096.4 -91960.9 0
24.96 0 -6.00263e-12 -78048.2 -81689.3 -78048.2 0
24.98 0 1.71439e-10 -62031.7 -74590.6 -62031.7 0
25 0 -1.07497e-11 -44647.3 -63769.4 -44647.3 0
25.02 0 -1.13472e-11 -26617.9 -49304.5 -26617.9 0
25.04 0 -1.24775e-11 -8616.16 -31528.6 -8616.16 0
25.06 0 8.8876e-13 8789.8 -11051.4 8789.8 0
25.08 0 7.86281e-11 25109.4 11301.6 25109.4 0
25.1 0 1.53793e-11 39900.5 34665.7 39900.5 0
25.12 0 4.1848e-12 52743.3 58278.5 52743.3 0
25.14 0 6.14662e-11 63274.7 81530 63274.7 0
25.16 0 2.90538e-10 71215.3 103905 71215.3 0
25.18 0 6.44287e-11 76358 124884 76358 0
25.2 0 -9.65083e-11 78538.5 143883 78538.5 0
25.22 0 1.09325e-10 77629.2 160270 77629.2 0
25.24 0 4.66431e-11 73601.8 173416 73601.8 0
25.26 0 1.84136e-10 66629.7 182730 66629.7 0
25.28 0 3.68668e-10 57150.3 187649 57150.3 0
25.3 0 -2.1623e-11 45750.4 187634 45750.4 0
25.32 0 -2.57335e-11 32979.3 182277 32979.3 0
25.34 0 -3.20503e-10 19357.2 171638 19357.2 0
25.36 0 -8.38266e-11 5269.58 156275 5269.58 0
25.38 0 -4.16563e-10 -8911.58 137007 -8911.58 0
25.4 0 -7.27655e-13 -22680.8 114710 -22680.8 0
25.42 0 -2.06309e-10 -35496.3 90148.2 -35496.3 0
25.44 0 -3.88973e-11 -46824 64011.9 -46824 0
25.46 0 1.14282e-10 -56229.7 36938.3 -56229.7 0
25.48 0 -1.22506e-11 -63410.5 9518.83 -63410.5 0
25.5 0 8.54776e-12 -68209.1 -17632 -68209.1 0
25.52 0 -1.40891e-12 -70572.2 -43774.3 -70572.2 0
25.54 0 -8.40946e-11 -70489.8 -68038.2 -70489.8 0
25.56 0 -6.68274e-11 -67978.9 -89509.1 -67978.9 0
25.58 0 1.2851e-10 -63154.4 -107308 -63154.4 0
25.6 0 -1.80703e-10 -56305.9 -120632 -56305.9 0
25.62 0 -2.16436e-10 -47889.5 -128830 -47889.5 0
25.64 0 1.89405e-10 -38389.1 -131487 -38389.1 0
25.66 0 2.25861e-10 -28106.5 -128376 -28106.5 0
25.68 0 1.09709e-10 -17246.4 -119583 -17246.4 0
25.7 0 1.61177e-11 -6023.69 -105729 -6023.69 0
25.72 0 1.94877e-11 5323.86 -87686 5323.86 0
25.74 0 -1.35914e-11 16401.4 -66293.9 16401.4 0
25.76 0 -3.28492e-11 26693.6 -42235.9 26693.6 0
25.78 0 1.46729e-11 35702.1 -16050.4 35702.1 0
25.8 0 -6.00382e-11 43065.6 11692.6 43065.6 0
25.82 0 2.82774e-10 48638.5 40358 48638.5 0
25.84 0 -6.92678e-11 52485.8 69206 52485.8 0
25.86 0 -1.48469e-10 54748.7 97347.3 54748.7 0
25.88 0 1.81588e-10 55484.6 123787 55484.6 0
25.9 0 -1.71497e-10 54608.6 147583 54608.6 0
25.92 0 -1.62522e-10 51952.3 167964 51952.3 0
25.94 0 -4.10944e-10 47394.1 184328 47394.1 0
25.96 0 6.01663e-12 40972 196190 40972 0
25.98 0 2.99594e-10 32924.6 203148 32924.6 0
26 0 1.27783e-10 23640.9 204838 23640.9 0
26.02 0 -7.85491e-11 13429.5 200828 13429.5 0
26.04 0 -8.30774e-10 2634.4 190999 2634.4 0
26.06 0 -7.64802e-10 -8447.14 175871 -8447.14 0
26.08 0 3.67555e-10 -19515 156442 -19515 0
26.1 0 -3.60209e-10 -30092.7 133897 -30092.7 0
26.12 0 -1.98085e-10 -39746.6 109212 -39746.6 0
26.14 0 -7.79473e-11 -48161.3 83084.9 -48161.3 0
26.16 0 6.42709e-11 -55200.3 56054.5 -55200.3 0
26.18 0 2.17036e-10 -60816.4 28680.9 -60816.4 0
26.2 0 5.9853e-11 -64948.4 1678.25 -64948.4 0
26.22 0 -3.05424e-11 -67444.7 -24102.3 -67444.7 0
26.24 0 -7.75279e-12 -68116.2 -47811.6 -68116.2 0
26.26 0 2.83014e-11 -66900.1 -68720.3 -66900.1 0
26.28 0 -9.77003e-11 -63984.7 -86209.7 -63984.7 0
26.3 0 -1.47114e-10 -59761.3 -99666.8 -59761.3 0
26.32 0 -1.63042e-11 -54635.8 -108433 -54635.8 0
26.34 0 -8.50719e-11 -48844.4 -111900 -48844.4 0
26.36 0 -4.27952e-11 -42375.3 -109627 -42375.3 0
26.38 0 1.37664e-10 -35151.3 -101543 -35151.3 0
26.4 0 2.46617e-10 -27267.8 -88277.6 -27267.8 0
26.42 0 2.30267e-11 -18979.1 -70926.5 -18979.1 0
26.44 0 3.43845e-11 -10625.2 -50632.6 -10625.2 0
26.46 0 1.25967e-11 -2516.54 -28317.7 -2516.54 0
26.48 0 1.26611e-12 5128.32 -4569.78 5128.32 0
26.5 0 7.50093e-11 12136.2 20155.8 12136.2 0
26.52 0 -6.62895e-11 18346.1 45389.6 18346.1 0
26.54 0 -3.07493e-11 23613.3 70552.4 23613.3 0
26.56 0 9.04067e-12 27846.4 94934.9 27846.4 0
26.58 0 4.55658e-11 31029.8 117718 31029.8 0
26.6 0 -3.64078e-10 33207.8 138053 33207.8 0
26.62 0 3.66802e-10 34407.2 155139 34407.2 0
26.64 0 -1.055e-10 34544.4 168283 34544.4 0
26.66 0 -5.22012e-11 33403.5 176914 33403.5 0
26.68 0 4.99558e-10 30760.2 180580 30760.2 0
26.7 0 2.48265e-10 26546.1 178970 26546.1 0
26.72 0 1.03338e-10 20955.3 171999 20955.3 0
26.74 0 2.95262e-10 14437.1 160089 14437.1 0
26.76 0 -3.6734e-10 7472.78 144007 7472.78 0
26.78 0 3.42789e-10 449.443 124551 449.443 0
26.8 0 -9.10224e-11 -6342.91 102430 -6342.91 0
26.82 0 -2.04794e-10 -12721.6 78220.2 -12721.6 0
26.84 0 4.29427e-11 -18579.9 52520.7 -18579.9 0
26.86 0 -1.22502e-10 -23881.8 25997.4 -23881.8 0
26.88 0 1.56358e-10 -28634.8 -587.736 -28634.8 0
26.9 0 4.46041e-12 -32823.7 -26373.6 -32823.7 0
26.92 0 4.81437e-12 -36339.3 -50438.1 -36339.3 0
26.94 0 2.01898e-12 -38983.3 -71915.6 -38983.3 0
26.96 0 -2.00879e-10 -40551.6 -90091.1 -40551.6 0
26.98 0 -2.1229e-10 -40914.5 -104401 -40914.5 0
27 0 -1.45533e-10 -40037 -114371 -40037 