0.02 0 6.18906e-22 -7.93999e-11 -1.34652e-10 -6.75721e-10 1.25031e-21
0.04 0 -9.49444e-21 -1.59069e-09 -2.70161e-09 -1.35373e-08 -1.79304e-20
0.06 0 -9.76549e-21 -9.91435e-09 -1.56971e-08 -8.43746e-08 -3.76586e-20
0.08 0 6.45568e-21 -3.21467e-08 -4.41975e-08 -2.73579e-07 -2.46169e-20
0.1 0 -2.66636e-20 -7.10808e-08 -6.31837e-08 -6.04923e-07 -7.84828e-20
0.12 0 -1.34994e-20 -1.52135e-07 -1.01662e-08 -1.29473e-06 -1.05754e-19
0.14 0 1.35767e-20 -3.9769e-07 1.70816e-07 -3.38448e-06 -7.83266e-20
0.16 0 3.06294e-20 -1.05983e-06 4.84682e-07 -9.01948e-06 -1.64489e-20
0.18 0 -5.61667e-20 -2.42314e-06 9.00531e-07 -2.06217e-05 -1.29917e-19
0.2 0 -1.18599e-19 -4.6412e-06 1.39355e-06 -3.94982e-05 -3.69512e-19
0.22 0 7.23974e-20 -7.63959e-06 1.95177e-06 -6.50156e-05 -2.23254e-19
0.24 0 -9.16765e-20 -1.11444e-05 2.55729e-06 -9.48424e-05 -4.08459e-19
0.26 0 1.21142e-19 -1.48124e-05 3.18102e-06 -0.000126059 -1.63728e-19
0.28 0 1.32634e-19 -1.83624e-05 3.78761e-06 -0.000156271 1.0422e-19
0.3 0 -1.22926e-19 -2.16012e-05 4.34289e-06 -0.000183834 -1.44116e-19
0.32 0 -2.35662e-20 -2.43892e-05 4.83936e-06 -0.000207561 -1.91725e-19
0.34 0 7.64423e-20 -2.66669e-05 5.31514e-06 -0.000226945 -3.72957e-20
0.36 0 1.87493e-19 -2.85187e-05 5.81359e-06 -0.000242704 3.41479e-19
0.38 0 -3.27811e-19 -3.01665e-05 6.31983e-06 -0.000256727 -3.20766e-19
0.4 0 -6.67799e-20 -3.18903e-05 6.77086e-06 -0.000271397 -4.55675e-19
0.42 0 8.45656e-20 -3.39262e-05 7.12701e-06 -0.000288724 -2.84836e-19
0.44 0 7.01921e-20 -3.63407e-05 7.39564e-06 -0.000309272 -1.43034e-19
0.46 0 2.92639e-22 -3.89092e-05 7.58885e-06 -0.000331131 -1.42442e-19
0.48 0 2.46102e-19 -4.11081e-05 7.70609e-06 -0.000349845 3.54733e-19
0.5 0 -7.06656e-20 -4.23122e-05 7.75999e-06 -0.000360092 2.11974e-19
0.52 0 -1.66796e-20 -4.2152e-05 7.7601e-06 -0.000358728 1.78278e-19
0.54 0 -5.93614e-20 -4.08103e-05 7.65315e-06 -0.00034731 5.83556e-20
0.56 0 1.57896e-20 -3.89515e-05 7.33934e-06 -0.000331491 9.02538e-20
0.58 0 1.54389e-21 -3.71934e-05 6.77955e-06 -0.000316529 9.33728e-20
0.6 0 -1.34577e-20 -3.54965e-05 6.04902e-06 -0.000302087 6.61856e-20
0.62 0 8.10855e-21 -3.30753e-05 5.27558e-06 -0.000281482 8.25665e-20
0.64 0 -2.40789e-19 -2.90015e-05 4.53876e-06 -0.000246813 -4.03876e-19
0.66 0 6.15257e-20 -2.29346e-05 3.78455e-06 -0.000195181 -2.79581e-19
0.68 0 6.45078e-21 -1.52945e-05 2.82649e-06 -0.000130161 -2.66549e-19
0.7 0 2.09085e-19 -6.84939e-06 1.53053e-06 -5.82907e-05 1.55845e-19
0.72 0 8.06601e-20 1.78159e-06 4.01538e-08 1.5162e-05 3.18795e-19
0.74 0 -3.79718e-19 1.03199e-05 -1.28489e-06 8.78258e-05 -4.48311e-19
0.76 0 1.99343e-19 1.86704e-05 -2.20466e-06 0.000158892 -4.55973e-20
0.78 0 1.05935e-19 2.66124e-05 -2.80652e-06 0.000226481 1.68412e-19
0.8 0 -1.41328e-19 3.36649e-05 -3.37221e-06 0.0002865 -1.171e-19
0.82 0 -4.33698e-19 3.93251e-05 -4.11234e-06 0.00033467 -9.93256e-19
0.84 0 8.71498e-19 4.34834e-05 -5.00824e-06 0.000370059 7.67345e-19
0.86 0 -1.11209e-19 4.65437e-05 -5.80051e-06 0.000396104 5.42679e-19
0.88 0 2.65853e-19 4.90022e-05 -6.13513e-06 0.000417026 1.07976e-18
0.9 0 -9.98517e-19 5.07948e-05 -5.85824e-06 0.000432281 -9.37449e-19
0.92 0 1.31857e-18 5.10664e-05 -5.21266e-06 0.000434593 1.72633e-18
0.94 0 -1.04214e-18 4.87216e-05 -4.64056e-06 0.000414638 -3.78994e-19
0.96 0 -1.38847e-18 4.33901e-05 -4.33899e-06 0.000369265 -3.18398e-18
0.98 0 1.38126e-18 3.59634e-05 -4.06161e-06 0.000306061 -3.9355e-19
1 0 -7.15491e-19 2.81702e-05 -3.36728e-06 0.000239738 -1.83899e-18
1.02 0 -3.06523e-19 2.16416e-05 -1.9988e-06 0.000184177 -2.45822e-18
1.04 0 9.73974e-20 1.73802e-05 -1.23565e-07 0.000147912 -2.26146e-18
1.06 0 8.03332e-19 1.55016e-05 1.33132e-06 0.000131924 -6.3857e-19
1.08 0 5.87538e-20 1.49234e-05 6.73707e-07 0.000127003 -5.19876e-19
1.1 0 2.86938e-20 1.43427e-05 -2.89796e-06 0.000122061 -4.61908e-19
1.12 0 1.7061e-19 1.41334e-05 -7.36085e-06 0.00012028 -1.17242e-19
1.14 0 2.57079e-19 1.5678e-05 -9.34864e-06 0.000133425 4.02109e-19
1.16 0 -1.124e-18 1.8666e-05 -7.84244e-06 0.000158854 -1.8686e-18
1.18 0 5.13992e-19 2.0885e-05 -4.95258e-06 0.000177738 -8.30237e-19
1.2 0 -8.66606e-19 2.03439e-05 -3.45403e-06 0.000173133 -2.58096e-18
1.22 0 4.26254e-19 1.67688e-05 -4.41102e-06 0.000142708 -1.71984e-18
1.24 0 -3.13102e-19 1.20756e-05 -6.33346e-06 0.000102767 -2.35237e-18
1.26 0 3.79088e-19 8.9624e-06 -6.63739e-06 7.62732e-05 -1.58653e-18
1.28 0 7.57893e-19 7.81649e-06 -4.74688e-06 6.6521e-05 -5.54331e-20
1.3 0 -1.17031e-20 6.42057e-06 -2.77516e-06 5.46413e-05 -7.90758e-20
1.32 0 3.71876e-20 3.51541e-06 -2.49376e-06 2.99174e-05 -3.94933e-21
1.34 0 -3.63676e-19 7.16696e-07 -3.17377e-06 6.09933e-06 -7.38649e-19
1.36 0 3.15776e-19 4.28432e-07 -2.9635e-06 3.6461e-06 -1.00717e-19
1.38 0 -4.95732e-20 3.57782e-06 -9.47584e-07 3.04485e-05 -2.00865e-19
1.4 0 1.87088e-19 9.64586e-06 2.31269e-06 8.20897e-05 1.77089e-19
1.42 0 1.13893e-19 1.73127e-05 4.6999e-06 0.000147337 4.07176e-19
1.44 0 -8.59582e-20 2.46152e-05 3.1755e-06 0.000209484 2.33523e-19
1.46 0 6.18728e-19 3.03724e-05 -3.08406e-06 0.00025848 1.48348e-18
1.48 0 -6.73216e-21 3.61139e-05 -1.00519e-05 0.000307342 1.46988e-18
1.5 0 1.32242e-18 4.39977e-05 -1.22496e-05 0.000374435 4.14143e-18
1.52 0 -1.91548e-18 5.2416e-05 -9.04178e-06 0.000446078 2.7177e-19
1.54 0 -1.24601e-19 5.70584e-05 -4.88055e-06 0.000485587 2.00502e-20
1.56 0 7.81122e-19 5.65242e-05 -3.66035e-06 0.00048104 1.59807e-18
1.58 0 -8.10155e-19 5.37195e-05 -5.29264e-06 0.000457172 -3.86031e-20
1.6 0 -1.16751e-20 5.19026e-05 -7.14287e-06 0.000441709 -6.21892e-20
1.62 0 -2.57758e-19 5.14966e-05 -6.91047e-06 0.000438254 -5.82912e-19
1.64 0 5.16592e-19 5.0068e-05 -4.71753e-06 0.000426096 4.60709e-19
1.66 0 -3.40885e-20 4.44266e-05 -3.16128e-06 0.000378086 3.91843e-19
1.68 0 -2.923e-19 3.40441e-05 -4.43291e-06 0.000289727 -1.98663e-19
1.7 0 -3.1356e-19 2.275e-05 -7.37661e-06 0.00019361 -8.32117e-19
1.72 0 4.34158e-20 1.54012e-05 -8.55313e-06 0.00013107 -7.44408e-19
1.74 0 3.21525e-19 1.25239e-05 -6.0426e-06 0.000106583 -9.48626e-20
1.76 0 2.61696e-20 9.60055e-06 -1.21547e-06 8.1704e-05 -4.19947e-20
1.78 0 1.90828e-19 1.92763e-06 2.93638e-06 1.64048e-05 3.43517e-19
1.8 0 7.11e-19 -1.08615e-05 4.41581e-06 -9.24347e-05 1.77988e-18
1.82 0 -1.24701e-19 -2.51534e-05 3.52655e-06 -0.000214064 1.52796e-18
1.84 0 8.38975e-20 -3.70842e-05 2.36793e-06 -0.000315599 1.69745e-18
1.86 0 -1.75419e-19 -4.56942e-05 3.07574e-06 -0.000388874 1.34307e-18
1.88 0 -4.17231e-19 -5.33447e-05 6.1123e-06 -0.000453982 5.00178e-19
1.9 0 -8.38865e-19 -6.31965e-05 1.00015e-05 -0.000537824 -1.1945e-18
1.92 0 1.86674e-19 -7.54862e-05 1.27149e-05 -0.000642414 -8.17378e-19
1.94 0 1.4705e-18 -8.63265e-05 1.33442e-05 -0.000734669 2.15333e-18
1.96 0 3.08429e-19 -9.09485e-05 1.24889e-05 -0.000774003 2.77642e-18
1.98 0 -4.45725e-19 -8.80405e-05 1.12926e-05 -0.000749255 1.87597e-18
2 0 5.28834e-19 -8.04745e-05 1.03492e-05 -0.000684866 2.94432e-18
2.02 0 -4.0673e-19 -7.21887e-05 9.34237e-06 -0.000614351 2.12264e-18
2.04 0 -2.25155e-18 -6.46756e-05 7.44514e-06 -0.000550412 -2.42594e-18
2.06 0 -6.5984e-19 -5.58695e-05 4.18544e-06 -0.000475469 -3.75895e-18
2.08 0 1.50113e-18 -4.20171e-05 9.49645e-08 -0.00035758 -7.26357e-19
2.1 0 8.8542e-19 -2.12002e-05 -3.62784e-06 -0.000180421 1.06237e-18
2.12 0 -8.65404e-19 4.40326e-06 -6.19827e-06 3.74732e-05 -6.85922e-19
2.14 0 3.02423e-19 2.98847e-05 -7.87493e-06 0.000254329 -7.49667e-20
2.16 0 -1.18304e-19 5.14123e-05 -9.43746e-06 0.000437537 -3.13965e-19
2.18 0 1.51587e-20 6.85327e-05 -1.11441e-05 0.000583237 -2.83342e-19
2.2 0 -2.37145e-19 8.28855e-05 -1.24144e-05 0.000705384 -7.62422e-19
2.22 0 -1.59168e-18 9.53356e-05 -1.25968e-05 0.00081134 -3.97794e-18
2.24 0 -6.74367e-19 0.000104609 -1.18073e-05 0.000890261 -5.3403e-18
2.26 0 -2.52117e-19 0.000108373 -1.08498e-05 0.000922293 -5.84963e-18
2.28 0 2.93157e-18 0.000105733 -1.044e-05 0.000899821 7.27454e-20
2.3 0 -1.91501e-18 9.90318e-05 -1.0555e-05 0.000842795 -3.79596e-18
2.32 0 1.81941e-18 9.26999e-05 -1.04883e-05 0.000788909 -1.20385e-19
2.34 0 -2.88692e-18 8.96219e-05 -9.6269e-06 0.000762714 -5.95255e-18
2.36 0 1.40455e-18 8.88463e-05 -8.10936e-06 0.000756113 -3.11508e-18
2.38 0 2.46213e-18 8.69175e-05 -6.56536e-06 0.000739698 1.85892e-18
2.4 0 -3.80006e-18 8.08433e-05 -5.52267e-06 0.000688005 -5.81797e-18
2.42 0 3.3483e-18 7.00247e-05 -5.26347e-06 0.000595934 9.46267e-19
2.44 0 4.72545e-19 5.64641e-05 -5.6932e-06 0.000480529 1.9009e-18
2.46 0 -1.55185e-18 4.32915e-05 -6.126e-06 0.000368426 -1.23414e-18
2.48 0 3.09335e-19 3.2346e-05 -5.81323e-06 0.000275276 -6.09222e-19
2.5 0 6.63372e-20 2.28918e-05 -4.77847e-06 0.000194818 -4.75207e-19
2.52 0 -1.45527e-18 1.27349e-05 -3.66753e-06 0.000108378 -3.41514e-18
2.54 0 2.13001e-18 5.12836e-07 -2.94845e-06 4.36441e-06 8.87905e-19
2.56 0 -4.46736e-20 -1.29971e-05 -2.51311e-06 -0.00011061 7.97655e-19
2.58 0 -7.84957e-19 -2.55858e-05 -1.76078e-06 -0.000217744 -7.88115e-19
2.6 0 -8.215e-19 -3.55765e-05 -2.18206e-07 -0.000302769 -2.44771e-18
2.62 0 3.41718e-18 -4.30794e-05 1.53607e-06 -0.000366621 4.45568e-18
2.64 0 -4.24814e-19 -4.91146e-05 2.14415e-06 -0.000417983 3.59747e-18
2.66 0 -1.49548e-19 -5.34405e-05 1.12263e-06 -0.000454797 3.29535e-18
2.68 0 1.39747e-18 -5.36921e-05 -5.53297e-07 -0.000456938 6.11852e-18
2.7 0 -2.66181e-18 -4.73078e-05 -1.8413e-06 -0.000402606 7.41125e-19
2.72 0 -3.55016e-19 -3.44298e-05 -2.65101e-06 -0.000293009 2.39212e-20
2.74 0 -1.34768e-19 -1.85438e-05 -3.27061e-06 -0.000157814 -2.48336e-19
2.76 0 3.88956e-19 -4.15995e-06 -3.70009e-06 -3.54027e-05 5.37434e-19
2.78 0 1.29891e-19 6.09305e-06 -3.69524e-06 5.18539e-05 7.99841e-19
2.8 0 2.05323e-20 1.25196e-05 -2.91277e-06 0.000106546 8.4132e-19
2.82 0 -8.73777e-19 1.70787e-05 -1.25408e-06 0.000145346 -9.23886e-19
2.84 0 5.08559e-19 2.13211e-05 5.50573e-07 0.00018145 1.03506e-19
2.86 0 -9.14308e-19 2.56788e-05 1.39057e-06 0.000218535 -1.74358e-18
2.88 0 -2.05083e-18 3.03107e-05 1.32835e-06 0.000257955 -5.88668e-18
2.9 0 -1.62393e-18 3.55278e-05 1.9195e-06 0.000302354 -9.16735e-18
2.92 0 -2.73231e-18 4.07775e-05 4.44083e-06 0.000347031 -1.46872e-17
2.94 0 1.09393e-18 4.36566e-05 8.44475e-06 0.000371533 -1.24772e-17
2.96 0 3.07411e-18 4.05937e-05 1.22888e-05 0.000345466 -6.26688e-18
2.98 0 -2.70319e-18 2.90314e-05 1.44608e-05 0.000247068 -1.17279e-17
3 0 5.2483e-18 9.67963e-06 1.45797e-05 8.23771e-05 -1.12524e-18
3.02 0 -5.91882e-18 -1.29556e-05 1.39137e-05 -0.000110257 -1.30824e-17
3.04 0 5.01216e-18 -3.29767e-05 1.46e-05 -0.000280643 -2.95687e-18
3.06 0 -4.53682e-18 -4.71696e-05 1.7509e-05 -0.00040143 -1.21222e-17
3.08 0 3.2502e-18 -5.70599e-05 2.10844e-05 -0.000485599 -5.55611e-18
3.1 0 2.84008e-18 -6.67191e-05 2.28207e-05 -0.000567803 1.81421e-19
3.12 0 2.32231e-18 -7.86143e-05 2.17051e-05 -0.000669035 4.87295e-18
3.14 0 -1.543e-18 -9.18073e-05 1.90909e-05 -0.000781312 1.75577e-18
3.16 0 -4.83271e-19 -0.000103864 1.74866e-05 -0.000883918 7.79466e-19
3.18 0 -2.96081e-19 -0.000113775 1.83085e-05 -0.000968261 1.81322e-19
3.2 0 -4.92113e-19 -0.000122659 2.03406e-05 -0.00104387 -8.12846e-19
3.22 0 -1.92214e-18 -0.000131854 2.06918e-05 -0.00112212 -4.69595e-18
3.24 0 4.13243e-18 -0.000140569 1.77901e-05 -0.00119629 3.65239e-18
3.26 0 -1.86027e-18 -0.000145575 1.30531e-05 -0.0012389 -1.05742e-19
3.28 0 3.44187e-18 -0.000143575 9.10898e-06 -0.00122187 6.84753e-18
3.3 0 2.48554e-20 -0.00013412 6.96996e-06 -0.00114141 6.89774e-18
3.32 0 -3.39437e-18 -0.000119877 5.57245e-06 -0.00102019 4.04285e-20
3.34 0 -3.52829e-18 -0.000103924 3.42155e-06 -0.00088443 -7.08744e-18
3.36 0 4.09454e-18 -8.74222e-05 -6.14041e-08 -0.000743994 1.18436e-18
3.38 0 -3.98103e-18 -6.98907e-05 -4.34397e-06 -0.000594794 -6.85813e-18
3.4 0 7.50304e-18 -5.05063e-05 -8.31203e-06 -0.000429826 8.29952e-18
3.42 0 -2.31641e-18 -2.84706e-05 -1.11336e-05 -0.000242294 3.6199e-18
3.44 0 5.59109e-19 -3.08121e-06 -1.28108e-05 -2.62222e-05 4.74941e-18
3.46 0 -4.36048e-18 2.56858e-05 -1.39689e-05 0.000218595 -4.05965e-18
3.48 0 1.46574e-18 5.68144e-05 -1.53382e-05 0.00048351 -1.09856e-18
3.5 0 -7.359e-20 8.84369e-05 -1.73569e-05 0.000752629 -1.24722e-18
3.52 0 1.98051e-18 0.000118104 -1.98395e-05 0.00100511 2.7538e-18
3.54 0 -4.61179e-18 0.000143415 -2.19752e-05 0.00122051 -6.56294e-18
3.56 0 -1.84523e-18 0.000163215 -2.29015e-05 0.00138902 -1.02907e-17
3.58 0 2.58043e-18 0.000178131 -2.23119e-05 0.00151596 -5.0777e-18
3.6 0 1.74931e-18 0.000189435 -2.05641e-05 0.00161216 -1.54374e-18
3.62 0 6.91283e-19 0.00019731 -1.84772e-05 0.00167918 -1.47211e-19
3.64 0 6.06088e-18 0.000200432 -1.70351e-05 0.00170574 1.2097e-17
3.66 0 -5.58085e-19 0.000197498 -1.68232e-05 0.00168078 1.09695e-17
3.68 0 -6.31331e-18 0.000189339 -1.7397e-05 0.00161134 -1.78462e-18
3.7 0 -1.17835e-18 0.000179189 -1.742e-05 0.00152496 -4.16513e-18
3.72 0 -1.80768e-19 0.000170176 -1.58414e-05 0.00144826 -4.53032e-18
3.74 0 -1.7186e-18 0.000162281 -1.28892e-05 0.00138107 -8.00224e-18
3.76 0 2.67016e-18 0.000151957 -9.62415e-06 0.00129321 -2.60798e-18
3.78 0 3.00514e-18 0.000134639 -6.74146e-06 0.00114583 3.46301e-18
3.8 0 -2.32715e-18 0.000107792 -4.20175e-06 0.000917352 -1.23831e-18
3.82 0 -1.51836e-18 7.25243e-05 -1.69128e-06 0.000617207 -4.30569e-18
3.84 0 5.4986e-19 3.30682e-05 1.09454e-06 0.000281422 -3.19486e-18
3.86 0 7.83374e-19 -5.80936e-06 4.32756e-06 -4.94397e-05 -1.61229e-18
3.88 0 -5.01225e-19 -4.17457e-05 7.73734e-06 -0.00035527 -2.62487e-18
3.9 0 1.63866e-18 -7.52509e-05 1.07051e-05 -0.000640411 6.85563e-19
3.92 0 -1.69332e-19 -0.00010725 1.29308e-05 -0.000912738 3.43478e-19
3.94 0 3.4182e-18 -0.00013658 1.46084e-05 -0.00116234 7.24893e-18
3.96 0 -8.8338e-19 -0.000159888 1.57534e-05 -0.0013607 5.46432e-18
3.98 0 -6.88838e-19 -0.000173437 1.57949e-05 -0.00147601 4.07273e-18
4 0 -5.3432e-18 -0.000175119 1.40363e-05 -0.00149032 -6.72162e-18
4.02 0 3.21998e-18 -0.000165526 1.02801e-05 -0.00140868 -2.16603e-19
4.04 0 9.3008e-19 -0.00014724 5.02052e-06 -0.00125306 1.66235e-18
4.06 0 1.24364e-18 -0.000122836 -6.15927e-07 -0.00104537 4.17476e-18
4.08 0 3.36174e-18 -9.3903e-05 -5.12969e-06 -0.000799148 1.09662e-17
4.1 0 -3.78952e-19 -6.21509e-05 -7.36093e-06 -0.000528926 1.02006e-17
4.12 0 -1.60516e-18 -3.04985e-05 -7.2217e-06 -0.000259553 6.95784e-18
4.14 0 -1.8994e-18 -2.42554e-06 -5.48583e-06 -2.06422e-05 3.12067e-18
4.16 0 -1.08207e-18 1.92712e-05 -2.82295e-06 0.000164005 9.34674e-19
4.18 0 -2.82806e-18 3.3013e-05 5.61956e-07 0.000280952 -4.77858e-18
4.2 0 -1.03792e-18 3.88108e-05 4.37376e-06 0.000330293 -6.87539e-18
4.22 0 2.40194e-18 3.87467e-05 7.96593e-06 0.000329748 -2.02299e-18
4.24 0 -3.00572e-18 3.65261e-05 1.08254e-05 0.00031085 -8.09516e-18
4.26 0 -2.1372e-18 3.58521e-05 1.28247e-05 0.000305114 -1.24127e-17
4.28 0 9.42461e-18 3.89973e-05 1.3893e-05 0.00033188 6.62687e-18
4.3 0 -1.88423e-18 4.64631e-05 1.39915e-05 0.000395417 2.82036e-18
4.32 0 -4.74716e-18 5.70769e-05 1.34799e-05 0.000485744 -6.76987e-18
4.34 0 -3.43387e-18 6.82615e-05 1.28201e-05 0.000580929 -1.3707e-17
4.36 0 -3.04991e-18 7.71619e-05 1.18261e-05 0.000656675 -1.98684e-17
4.38 0 8.39539e-18 8.19316e-05 9.96786e-06 0.000697267 -2.90804e-18
4.4 0 -5.67754e-18 8.1428e-05 7.49804e-06 0.00069298 -1.43778e-17
4.42 0 4.44784e-18 7.37483e-05 5.6001e-06 0.000627624 -5.39229e-18
4.44 0 4.69491e-18 5.56384e-05 5.51601e-06 0.000473502 4.09237e-18
4.46 0 2.413e-18 2.33993e-05 8.05953e-06 0.000199136 8.96711e-18
4.48 0 -3.59238e-18 -2.51079e-05 1.36048e-05 -0.000213677 1.70977e-18
4.5 0 -8.62039e-19 -8.8167e-05 2.18941e-05 -0.000750332 -3.17245e-20
4.52 0 7.99597e-19 -0.00015978 3.18353e-05 -0.00135979 1.58362e-18
4.54 0 -1.68815e-18 -0.000232268 4.16304e-05 -0.00197668 -1.82679e-18
4.56 0 1.61245e-18 -0.000299554 4.94024e-05 -0.00254931 1.43068e-18
4.58 0 6.33056e-18 -0.000358441 5.42353e-05 -0.00305046 1.42197e-17
4.6 0 -3.46392e-18 -0.000407857 5.65622e-05 -0.00347101 7.22187e-18
4.62 0 -5.05529e-18 -0.000447361 5.71508e-05 -0.0038072 -2.99084e-18
4.64 0 3.28015e-18 -0.000475926 5.59416e-05 -0.0040503 3.63572e-18
4.66 0 6.23746e-19 -0.00049163 5.21463e-05 -0.00418394 4.89582e-18
4.68 0 3.76759e-18 -0.000491805 4.52665e-05 -0.00418543 1.95036e-18
4.7 0 -3.80528e-18 -0.000473295 3.60022e-05 -0.0040279 9.35156e-18
4.72 0 5.30264e-18 -0.000433471 2.60751e-05 -0.00368899 -2.87003e-19
4.74 0 -1.23521e-17 -0.000371749 1.65026e-05 -0.00316371 -2.52407e-17
4.76 0 2.18718e-17 -0.000289875 6.06145e-06 -0.00246693 1.89447e-17
4.78 0 -1.69823e-17 -0.000190845 -7.56075e-06 -0.00162416 -1.5363e-17
4.8 0 1.61096e-17 -7.8305e-05 -2.49442e-05 -0.000666403 1.71816e-17
4.82 0 -3.04707e-18 4.29386e-05 -4.40202e-05 0.000365423 1.10259e-17
4.84 0 -8.62719e-18 0.000166387 -6.1883e-05 0.00141601 -6.40278e-18
4.86 0 -4.37811e-19 0.000284265 -7.68981e-05 0.00241919 -7.28725e-18
4.88 0 -7.62975e-19 0.00038957 -8.93003e-05 0.00331538 -8.82861e-18
4.9 0 -8.18809e-19 0.000479631 -0.000100356 0.00408183 -1.04828e-17
4.92 0 3.09347e-18 0.000558444 -0.000110923 0.00475255 4.36555e-19
4.94 0 3.11196e-18 0.000634472 -0.000120692 0.00539958 -1.61261e-18
4.96 0 8.25451e-20 0.000714704 -0.000129006 0.00608238 1.50594e-19
4.98 0 1.08698e-18 0.000799615 -0.000136116 0.006805 -5.29709e-18
5 0 1.47122e-18 0.000882432 -0.000142959 0.00750981 -4.95385e-18
5.02 0 -3.06705e-19 0.000952349 -0.00014967 0.00810483 -7.92729e-18
5.04 0 4.541e-18 0.000999234 -0.000154835 0.00850383 6.91262e-19
5.06 0 1.99638e-17 0.0010171 -0.000156248 0.00865585 2.60381e-17
5.08 0 -1.37205e-17 0.00100438 -0.000152027 0.00854764 -1.46898e-17
5.1 0 -9.2689e-18 0.000961339 -0.000141207 0.00818133 -7.63974e-19
5.12 0 -3.87807e-19 0.000887117 -0.000123747 0.00754968 5.18791e-18
5.14 0 6.68391e-18 0.00077908 -9.99325e-05 0.00663024 9.98237e-18
5.16 0 -1.72524e-17 0.000634169 -6.9636e-05 0.005397 -2.4871e-17
5.18 0 -5.09385e-20 0.000450309 -3.24853e-05 0.00383229 -2.49739e-17
5.2 0 1.40817e-17 0.000226765 1.10767e-05 0.00192985 3.47387e-18
5.22 0 2.8957e-18 -3.5667e-05 5.93187e-05 -0.000303539 9.32377e-18
5.24 0 8.52253e-18 -0.000333199 0.000109895 -0.00283564 4.29744e-18
5.26 0 -2.99294e-18 -0.000656005 0.000160432 -0.00558283 -6.92913e-18
5.28 0 -1.51358e-17 -0.000985249 0.000208321 -0.00838481 -2.3422e-17
5.3 0 3.17604e-18 -0.00129341 0.000250635 -0.0110074 -1.94448e-17
5.32 0 8.69657e-19 -0.00155002 0.000284533 -0.0131912 -9.21482e-18
5.34 0 -9.06054e-19 -0.00173106 0.000307242 -0.014732 -8.15553e-21
5.36 0 3.82983e-18 -0.00182737 0.00031579 -0.0155516 7.48367e-18
5.38 0 8.55847e-18 -0.00184619 0.000308068 -0.0157117 -2.12538e-17
5.4 0 3.58227e-18 -0.00180354 0.000285048 -0.0153488 -8.76661e-18
5.42 0 2.23108e-17 -0.00171674 0.0002515 -0.01461 -6.2642e-18
5.44 0 -2.06755e-17 -0.00160084 0.000213904 -0.0136237 -2.87825e-18
5.46 0 3.01319e-17 -0.00146584 0.000177527 -0.0124748 5.03143e-17
5.48 0 -1.29789e-18 -0.00131594 0.000144598 -0.0111991 7.437e-17
5.5 0 -2.00998e-18 -0.00114801 0.000114235 -0.00977 1.00714e-17
5.52 0 3.37598e-18 -0.000951738 8.38574e-05 -0.00809962 2.03367e-17
5.54 0 -1.38302e-17 -0.00071604 5.12325e-05 -0.00609375 -5.80443e-18
5.56 0 -1.78745e-17 -0.00043857 1.59903e-05 -0.00373238 -1.12095e-17
5.58 0 -4.23202e-19 -0.000131807 -2.02536e-05 -0.00112172 -1.47887e-17
5.6 0 5.46213e-19 0.000178485 -5.44952e-05 0.00151897 -1.125e-17
5.62 0 -5.12003e-18 0.000460708 -8.28311e-05 0.00392078 -3.91148e-18
5.64 0 1.12906e-18 0.00068675 -0.000101678 0.00584448 2.05629e-18
5.66 0 4.42027e-18 0.000840137 -0.000110241 0.00714986 1.90502e-18
5.68 0 7.60824e-18 0.000921182 -0.000111639 0.00783958 7.11571e-18
5.7 0 1.97084e-17 0.000946977 -0.000110514 0.00805911 2.0335e-17
5.72 0 4.18371e-18 0.00094458 -0.000109848 0.0080387 6.59474e-18
5.74 0 8.35584e-18 0.000939542 -0.000110576 0.00799583 -1.10536e-17
5.76 0 7.06399e-19 0.000946123 -0.00011303 0.00805184 1.94203e-18
5.78 0 -1.37965e-18 0.000964226 -0.000117612 0.0082059 -1.90235e-17
5.8 0 3.56962e-18 0.000982731 -0.000124725 0.00836338 -3.15105e-17
5.82 0 3.76124e-18 0.000985948 -0.000134661 0.00839076 -1.08413e-17
5.84 0 7.13889e-18 0.000960334 -0.000147063 0.00817277 3.58072e-18
5.86 0 -6.5014e-18 0.000899628 -0.00016025 0.00765615 -9.55343e-18
5.88 0 -7.38213e-19 0.000807166 -0.00017147 0.00686927 -1.10448e-17
5.9 0 1.83612e-18 0.00069476 -0.000178247 0.00591265 -7.33544e-18
5.92 0 2.05121e-18 0.000578216 -0.00017975 0.00492082 2.33044e-17
5.94 0 -1.66904e-17 0.000470938 -0.00017669 0.00400785 -2.922e-18
5.96 0 5.9072e-18 0.000377749 -0.000169305 0.00321478 -2.45957e-18
5.98 0 1.07466e-17 0.000290354 -0.000155462 0.00247101 1.59328e-17
6 0 1.91952e-17 0.000186662 -0.00013126 0.00158855 4.82234e-17
6.02 0 -2.35871e-17 3.78208e-05 -9.33458e-05 0.000321868 -7.56875e-17
6.04 0 4.45015e-18 -0.000176765 -4.08527e-05 -0.00150433 -1.41059e-17
6.06 0 -2.36757e-17 -0.0004535 2.28568e-05 -0.00385945 -4.65633e-18
6.08 0 -6.2803e-18 -0.000757598 8.93467e-05 -0.00644742 7.78319e-19
6.1 0 -8.02233e-18 -0.00103153 0.000148492 -0.0087787 -8.82117e-18
6.12 0 1.76553e-18 -0.00121874 0.000194545 -0.0103719 -5.28905e-18
6.14 0 -4.247e-18 -0.00129245 0.000227272 -0.0109992 -1.20657e-18
6.16 0 -2.07838e-18 -0.00127031 0.000247571 -0.0108108 7.72517e-18
6.18 0 -1.24407e-17 -0.00120144 0.000256504 -0.0102247 2.63911e-17
6.2 0 -9.36877e-18 -0.00113486 0.000259617 -0.00965807 -2.47078e-17
6.22 0 3.35713e-17 -0.00109292 0.000267022 -0.00930117 9.11545e-17
6.24 0 -1.60504e-17 -0.00106775 0.000285758 -0.00908691 5.58363e-17
6.26 0 -3.89563e-17 -0.00103578 0.0003131 -0.00881482 -1.00931e-16
6.28 0 1.82043e-17 -0.00097227 0.00033779 -0.00827436 5.81235e-17
6.3 0 -8.3706e-18 -0.000856024 0.000348377 -0.00728507 2.50348e-17
6.32 0 -1.05005e-17 -0.000670454 0.000339625 -0.0057058 7.73375e-17
6.34 0 -1.44309e-17 -0.000413996 0.000305471 -0.00352325 1.31932e-17
6.36 0 -7.25433e-17 -9.31182e-05 0.000258431 -0.000792469 -6.80304e-17
6.38 0 6.49034e-17 0.000271831 0.0002208 0.00231337 1.72481e-16
6.4 0 -7.43267e-17 0.000634175 0.000191663 0.00539705 -4.43399e-17
6.42 0 2.12777e-17 0.000945461 0.000161066 0.00804621 -1.69726e-17
6.44 0 5.54505e-18 0.00117678 0.000122472 0.0100148 -5.94305e-17
6.46 0 9.83002e-18 0.00132922 7.74749e-05 0.0113121 5.35306e-17
6.48 0 -7.76243e-18 0.00142713 3.03396e-05 0.0121454 -3.75903e-17
6.5 0 3.45619e-17 0.00149275 -2.27033e-05 0.0127038 1.99844e-17
6.52 0 -4.29824e-18 0.00153154 -9.03178e-05 0.013034 -3.45634e-17
6.54 0 1.12271e-17 0.00153979 -0.000170084 0.0131041 1.75887e-17
6.56 0 3.60665e-18 0.00151257 -0.000243576 0.0128725 -4.7866e-18
6.58 0 3.7777e-18 0.00144104 -0.000287585 0.0122638 -6.77081e-18
6.6 0 -2.9687e-17 0.00131884 -0.000287531 0.0112238 -4.31183e-17
6.62 0 1.97034e-17 0.00114163 -0.000246447 0.00971564 5.05992e-17
6.64 0 6.73473e-17 0.000909555 -0.000182189 0.00774063 1.12164e-16
6.66 0 1.88937e-17 0.000639574 -0.000116753 0.005443 9.73872e-17
6.68 0 -4.2539e-17 0.000365479 -6.75229e-05 0.00311035 -3.8883e-17
6.7 0 -2.46127e-17 0.000126091 -4.63065e-05 0.00107308 -1.49053e-17
6.72 0 3.71133e-17 -5.40059e-05 -5.92535e-05 -0.000459609 9.26588e-17
6.74 0 5.44117e-17 -0.000172242 -0.000103888 -0.00146584 1.00362e-16
6.76 0 1.70911e-18 -0.000244535 -0.000168037 -0.00208108 -6.1588e-18
6.78 0 7.62995e-17 -0.000299784 -0.000234694 -0.00255126 8.7466e-17
6.8 0 -3.10375e-17 -0.000363355 -0.000271884 -0.00309228 1.43153e-17
6.82 0 -2.06933e-17 -0.000453893 -0.000248264 -0.00386279 -4.51794e-17
6.84 0 -9.62865e-19 -0.00061611 -0.000201828 -0.00524331 1.71388e-17
6.86 0 2.84374e-18 -0.000825913 -0.000106838 -0.00702881 1.70273e-17
6.88 0 1.83281e-17 -0.00105945 2.44644e-05 -0.00901625 -3.35649e-17
6.9 0 1.05882e-17 -0.00130898 0.000132272 -0.0111399 -1.92703e-17
6.92 0 1.86453e-17 -0.0015426 0.000214368 -0.013128 2.04629e-18
6.94 0 -1.94449e-17 -0.00173537 0.000256259 -0.0147686 -1.53384e-18
6.96 0 4.83005e-18 -0.0018443 0.00026679 -0.0156956 6.79397e-18
6.98 0 1.96927e-18 -0.00184538 0.000248423 -0.0157049 2.29532e-19
7 0 -5.75735e-18 -0.00173603 0.000207451 -0.0147743 8.7279e-18
7.02 0 3.76138e-18 -0.00154256 0.00015337 -0.0131277 -1.72911e-18
7.04 0 6.09974e-18 -0.00128347 0.000105797 -0.0109228 1.45291e-17
7.06 0 6.14977e-18 -0.000975333 8.3129e-05 -0.00830043 2.8256e-17
7.08 0 -1.86398e-17 -0.000649085 9.0885e-05 -0.00552394 6.65605e-17
7.1 0 -2.46509e-17 -0.000348477 0.000118556 -0.00296566 4.11307e-20
7.12 0 -7.4705e-18 -0.000110146 0.00014873 -0.000937382 -2.84888e-17
7.14 0 3.48043e-17 5.51564e-05 0.000166782 0.000469399 4.05895e-17
7.16 0 2.21404e-17 0.000161458 0.000164165 0.00137406 -3.95953e-17
7.18 0 4.53211e-18 0.000234874 0.000137311 0.00199886 4.98655e-17
7.2 0 -8.52599e-18 0.000300988 8.5521e-05 0.00256151 -4.41661e-18
7.22 0 1.05682e-17 0.000381482 1.53182e-05 0.00324655 4.26899e-19
7.24 0 -1.24931e-17 0.000489938 -6.12034e-05 0.00416954 -2.91904e-17
7.26 0 -2.09086e-18 0.000628047 -0.000132746 0.0053449 1.508e-17
7.28 0 5.49345e-18 0.000786716 -0.000189964 0.00669522 2.23455e-17
7.3 0 4.84226e-18 0.000945507 -0.000228611 0.0080466 8.21438e-18
7.32 0 -4.70799e-19 0.00107622 -0.000249224 0.00915904 9.99441e-18
7.34 0 -2.25796e-18 0.00115438 -0.000255024 0.00982414 1.57126e-17
7.36 0 -9.42439e-18 0.00116544 -0.000250452 0.0099183 -1.98249e-17
7.38 0 1.04683e-17 0.00110783 -0.000240619 0.00942805 8.41532e-18
7.4 0 1.03176e-17 0.000995895 -0.000230273 0.00847541 6.76659e-17
7.42 0 -4.24617e-17 0.000854652 -0.000223297 0.00727338 -4.44144e-17
7.44 0 9.26648e-18 0.000710721 -0.000222965 0.00604848 -5.48357e-17
7.46 0 3.76646e-17 0.00058355 -0.000230645 0.00496622 6.42869e-17
7.48 0 -3.501e-18 0.000482318 -0.000243007 0.00410469 1.21197e-17
7.5 0 1.39675e-18 0.000404594 -0.00025098 0.00344323 -4.00736e-17
7.52 0 1.04308e-17 0.000334598 -0.000242833 0.00284755 1.36277e-18
7.54 0 -2.73167e-17 0.000244307 -0.000210102 0.00207913 -4.31481e-17
7.56 0 1.39682e-17 0.000102076 -0.000151732 0.000868703 4.43117e-17
7.58 0 -1.51616e-17 -0.00011371 -7.45116e-05 -0.000967716 -2.50753e-17
7.6 0 -6.57986e-18 -0.000401669 1.13286e-05 -0.00341834 1.64186e-18
7.62 0 -7.77049e-18 -0.000733592 9.67124e-05 -0.00624312 -2.32167e-17
7.64 0 -6.33024e-18 -0.00106378 0.000174029 -0.00905313 -2.05212e-17
7.66 0 7.81989e-19 -0.0013444 0.000235826 -0.0114413 -8.14995e-19
7.68 0 -5.69316e-18 -0.00153621 0.00027463 -0.0130736 -3.78677e-18
7.7 0 -1.08218e-17 -0.00160988 0.000285261 -0.0137006 -9.42778e-18
7.72 0 3.88447e-18 -0.00155196 0.00026821 -0.0132077 -2.94846e-17
7.74 0 1.4853e-17 -0.00137375 0.000231324 -0.0116911 3.26431e-18
7.76 0 1.82106e-17 -0.00110568 0.000186542 -0.00940972 2.18809e-17
7.78 0 -2.43179e-17 -0.000789385 0.000144476 -0.00671794 -1.3202e-17
7.8 0 1.14616e-17 -0.000470525 0.000111519 -0.00400433 -9.91876e-18
7.82 0 -8.14336e-18 -0.000189279 8.96996e-05 -0.00161083 -2.64263e-17
7.84 0 3.81943e-17 2.7681e-05 7.70241e-05 0.000235575 2.74355e-17
7.86 0 -1.21138e-17 0.000173629 6.8059e-05 0.00147764 3.38924e-17
7.88 0 -8.20043e-18 0.000262591 5.58492e-05 0.00223474 1.36453e-17
7.9 0 -2.35934e-18 0.000325466 3.44048e-05 0.00276983 -1.68237e-17
7.92 0 -2.74225e-18 0.000400802 3.22331e-07 0.00341096 4.01891e-17
7.94 0 -2.40823e-17 0.000520703 -4.68326e-05 0.00443136 -2.66663e-17
7.96 0 5.20229e-18 0.00069671 -0.000105631 0.00592924 -2.23608e-18
7.98 0 1.54462e-17 0.000915645 -0.000173467 0.00779246 1.20845e-17
8 0 -9.63173e-18 0.00114715 -0.000244412 0.00976268 -1.3695e-17
8.02 0 2.72945e-18 0.00135532 -0.000307146 0.0115342 -3.39306e-18
8.04 0 4.64987e-19 0.00150784 -0.0003477 0.0128322 2.74921e-18
8.06 0 -1.09037e-17 0.00157902 -0.000356685 0.013438 -6.05455e-18
8.08 0 -3.66421e-18 0.00155055 -0.000334802 0.0131957 -1.14687e-17
8.1 0 -1.40079e-17 0.0014175 -0.000292059 0.0120634 -6.38539e-17
8.12 0 -7.66674e-18 0.0011934 -0.000241971 0.0101563 -3.44694e-17
8.14 0 3.25629e-17 0.000908705 -0.000195505 0.00773339 1.28938e-17
8.16 0 -2.76923e-18 0.000602451 -0.000158422 0.00512707 -5.45495e-19
8.18 0 1.90746e-19 0.000309338 -0.000132077 0.00263258 -5.32412e-18
8.2 0 9.12496e-18 4.9429e-05 -0.000114919 0.000420658 1.45167e-17
8.22 0 2.28146e-17 -0.000175126 -0.000102268 -0.00149039 4.70778e-17
8.24 0 -3.32883e-17 -0.000375986 -8.55256e-05 -0.00319977 7.60757e-18
8.26 0 -2.86522e-18 -0.000570759 -5.41906e-05 -0.00485736 5.13819e-18
8.28 0 7.61085e-18 -0.000775679 -1.357e-06 -0.0066013 1.12283e-17
8.3 0 -1.69809e-17 -0.00100014 7.18401e-05 -0.00851158 -6.07823e-18
8.32 0 -3.85031e-18 -0.00124313 0.000156043 -0.0105795 1.31056e-17
8.34 0 -4.69126e-18 -0.00149157 0.000237558 -0.0126938 -1.69013e-18
8.36 0 -1.44045e-18 -0.00172177 0.000303285 -0.0146529 -2.1486e-17
8.38 0 -2.5315e-18 -0.00190402 0.000344194 -0.0162039 -1.18457e-17
8.4 0 -2.10655e-18 -0.00201029 0.000357183 -0.0171082 2.92548e-18
8.42 0 4.16894e-19 -0.00202208 0.000344894 -0.0172086 -2.8601e-18
8.44 0 -4.29525e-18 -0.0019299 0.000314433 -0.0164241 -1.8256e-17
8.46 0 -1.25655e-17 -0.00174229 0.000275168 -0.0148275 -5.07338e-17
8.48 0 1.76298e-17 -0.00148391 0.000236436 -0.0126286 4.11743e-17
8.5 0 -2.9767e-17 -0.00118269 0.000204415 -0.0100651 -2.81983e-17
8.52 0 -3.22396e-18 -0.000867756 0.000180204 -0.00738491 -2.2592e-17
8.54 0 8.75116e-18 -0.000565313 0.000160687 -0.00481101 -1.42944e-17
8.56 0 7.60694e-18 -0.00029561 0.0001406 -0.00251575 -1.47725e-17
8.58 0 7.04736e-19 -6.86448e-05 0.000115113 -0.000584193 -2.60376e-17
8.6 0 -7.03394e-18 0.00011838 8.12285e-05 0.00100745 2.02241e-17
8.62 0 -3.72876e-17 0.000279422 3.78878e-05 0.00237798 -3.93805e-17
8.64 0 3.90091e-17 0.000432909 -1.49568e-05 0.0036842 1.6584e-17
8.66 0 -1.72771e-17 0.000594432 -7.60907e-05 0.00505882 -6.69592e-18
8.68 0 1.34307e-17 0.000772515 -0.00014186 0.00657437 -1.37664e-18
8.7 0 7.74176e-18 0.000967209 -0.000205719 0.00823128 1.19167e-17
8.72 0 -3.6101e-18 0.00116919 -0.000259601 0.00995019 8.19938e-18
8.74 0 2.32879e-18 0.00135885 -0.000297135 0.0115642 -3.3559e-18
8.76 0 2.70575e-18 0.00150823 -0.00031586 0.0128355 4.79796e-18
8.78 0 1.07938e-18 0.00158746 -0.000317173 0.0135098 7.36664e-18
8.8 0 6.85064e-18 0.00157228 -0.000304763 0.0133807 3.34545e-17
8.82 0 1.50018e-17 0.00145371 -0.000283549 0.0123716 7.52082e-18
8.84 0 2.32894e-17 0.0012451 -0.000259042 0.0105962 7.8019e-18
8.86 0 -8.83759e-18 0.000974828 -0.000235642 0.00829613 -1.38923e-18
8.88 0 1.73979e-17 0.000677451 -0.000214737 0.00576535 7.17209e-17
8.9 0 1.56248e-17 0.000387711 -0.000194575 0.00329956 5.39723e-17
8.92 0 -2.44405e-20 0.000133456 -0.000171787 0.00113576 1.90981e-17
8.94 0 4.52749e-18 -7.05646e-05 -0.000143018 -0.00060053 2.26337e-17
8.96 0 -9.34008e-18 -0.000227915 -0.00010605 -0.00193964 -4.13749e-17
8.98 0 3.76564e-18 -0.000358147 -5.9799e-05 -0.00304796 -7.46802e-18
9 0 -3.10811e-17 -0.000487356 -3.96573e-06 -0.00414757 -1.81778e-17
9.02 0 1.53028e-17 -0.000636875 5.99043e-05 -0.00542003 1.91249e-17
9.04 0 -1.09477e-17 -0.000815546 0.00012645 -0.00694058 4.28078e-18
9.06 0 -1.72444e-18 -0.0010168 0.000186424 -0.00865329 2.70652e-18
9.08 0 -8.7561e-19 -0.00121969 0.000230695 -0.01038 2.25708e-18
9.1 0 1.30202e-19 -0.0013937 0.00025554 -0.0118609 6.3577e-18
9.12 0 1.26713e-17 -0.00150669 0.000264195 -0.0128225 2.21856e-17
9.14 0 -3.39695e-18 -0.00153342 0.000263389 -0.0130499 1.81174e-17
9.16 0 6.6286e-18 -0.00146311 0.000258289 -0.0124516 6.15887e-17
9.18 0 -1.4149e-17 -0.00130394 0.000249853 -0.011097 -1.37599e-17
9.2 0 1.04318e-17 -0.00108062 0.00023598 -0.00919645 1.19969e-17
9.22 0 -3.20908e-17 -0.000826989 0.000215582 -0.00703797 -2.80694e-18
9.24 0 3.69152e-17 -0.000579082 0.000191868 -0.00492819 -2.03321e-17
9.26 0 -4.33166e-17 -0.000369267 0.000170611 -0.00314259 -1.27011e-16
9.28 0 8.45553e-17 -0.000218676 0.000154519 -0.00186101 3.44248e-17
9.3 0 3.27155e-17 -0.000127786 0.000140406 -0.0010875 8.72031e-17
9.32 0 -3.49781e-17 -7.28476e-05 0.000122488 -0.00061996 -3.57025e-17
9.34 0 1.29353e-17 -1.62984e-05 9.67436e-05 -0.000138707 -2.15357e-17
9.36 0 -1.26134e-17 7.39734e-05 6.14347e-05 0.000629538 4.35594e-18
9.38 0 -1.43353e-17 0.000210979 1.5731e-05 0.00179551 7.97491e-18
9.4 0 2.78643e-17 0.000388847 -3.92999e-05 0.00330922 4.80223e-18
9.42 0 2.03591e-18 0.000591232 -9.83308e-05 0.00503159 3.1524e-17
9.44 0 -1.22964e-17 0.000797328 -0.000152523 0.00678554 -3.15245e-17
9.46 0 -3.72922e-18 0.000982486 -0.000193282 0.00836129 -1.10727e-17
9.48 0 8.09964e-19 0.00111826 -0.000215811 0.00951677 -1.69114e-18
9.5 0 1.2056e-19 0.00117726 -0.000220638 0.0100189 4.93005e-18
9.52 0 6.21121e-21 0.00114233 -0.000212187 0.00972166 7.13526e-18
9.54 0 2.72022e-18 0.00101669 -0.000195537 0.0086524 2.89842e-17
9.56 0 -3.15141e-18 0.000823199 -0.000174457 0.00700571 -1.35676e-17
9.58 0 -5.83325e-19 0.000593834 -0.000151997 0.00505373 8.55937e-18
9.6 0 1.39823e-17 0.000359563 -0.00013088 0.00306001 -9.93955e-19
9.62 0 2.66343e-17 0.000143715 -0.000111736 0.00122307 5.38065e-17
9.64 0 -2.06498e-17 -4.03576e-05 -9.20087e-05 -0.000343458 -3.21497e-17
9.66 0 9.69359e-18 -0.000190305 -6.80324e-05 -0.00161956 -1.94157e-17
9.68 0 1.50494e-18 -0.000313243 -3.81797e-05 -0.00266581 -3.58413e-17
9.7 0 1.50512e-17 -0.000421028 -3.45946e-06 -0.0035831 -2.62922e-18
9.72 0 -1.05442e-17 -0.000524224 3.40157e-05 -0.00446133 -3.59677e-17
9.74 0 1.8489e-17 -0.000628301 7.19665e-05 -0.00534706 2.03525e-18
9.76 0 -4.76417e-18 -0.000733197 0.000107681 -0.00623976 -7.79856e-18
9.78 0 2.18379e-18 -0.00083424 0.000137742 -0.00709967 -1.16503e-18
9.8 0 3.75514e-18 -0.00092172 0.000158774 -0.00784416 -6.15712e-18
9.82 0 6.93664e-19 -0.000979573 0.000169016 -0.00833651 -2.57637e-18
9.84 0 -3.35061e-18 -0.000987166 0.000169469 -0.00840113 9.58481e-18
9.86 0 1.20576e-17 -0.000926864 0.00016316 -0.00788793 1.58176e-18
9.88 0 -3.75785e-17 -0.000793662 0.000152466 -0.00675434 -1.80781e-17
9.9 0 -1.32275e-17 -0.000600401 0.000137188 -0.00510962 -2.55143e-17
9.92 0 8.80977e-18 -0.000374151 0.000115952 -0.00318416 2.49598e-17
9.94 0 -6.49776e-18 -0.000145831 8.95558e-05 -0.00124108 1.34853e-17
9.96 0 -1.39608e-17 5.96215e-05 6.21629e-05 0.000507398 -1.32971e-17
9.98 0 -1.52236e-17 0.000227559 3.86944e-05 0.00193661 1.5807e-18
10 0 -2.57903e-17 0.000352755 2.10897e-05 0.00300206 -7.16118e-18
10.02 0 -4.94758e-18 0.000437483 6.92301e-06 0.00372313 -5.37986e-18
10.04 0 -1.27084e-17 0.000491328 -8.57558e-06 0.00418137 -2.46952e-17
10.06 0 1.63039e-17 0.000531238 -2.88135e-05 0.00452102 3.40509e-17
10.08 0 -4.92794e-18 0.000577799 -5.33703e-05 0.00491727 -2.70243e-17
10.1 0 -1.16622e-17 0.000646249 -7.89205e-05 0.0054998 -3.63418e-17
10.12 0 -3.06892e-18 0.000736871 -0.000102405 0.00627103 -1.60436e-17
10.14 0 1.52784e-17 0.000832123 -0.00012263 0.00708166 2.23368e-17
10.16 0 -1.92655e-18 0.000903302 -0.000138699 0.00768741 1.27371e-17
10.18 0 1.86691e-18 0.00092247 -0.000147896 0.00785054 -2.70077e-19
10.2 0 -2.42618e-18 0.00087185 -0.000146163 0.00741975 6.19955e-18
10.22 0 -3.98613e-18 0.000748355 -0.000130974 0.00636876 8.46121e-18
10.24 0 3.55849e-18 0.00056293 -0.000103866 0.00479073 2.06818e-17
10.26 0 -5.99053e-18 0.000335826 -7.05144e-05 0.002858 -3.62679e-18
10.28 0 -1.76634e-18 9.27852e-05 -3.83831e-05 0.000789633 5.85857e-18
10.3 0 -4.34704e-18 -0.000139037 -1.32741e-05 -0.00118325 -3.42108e-17
10.32 0 -1.37093e-17 -0.000336514 3.06279e-06 -0.00286386 -3.10903e-17
10.34 0 1.8272e-17 -0.000485911 1.26285e-05 -0.00413527 1.89878e-18
10.36 0 -2.04931e-17 -0.000586433 1.89562e-05 -0.00499075 -9.27056e-18
10.38 0 -1.01832e-17 -0.000649275 2.52868e-05 -0.00552556 3.60645e-18
10.4 0 -4.15195e-18 -0.000691994 3.43257e-05 -0.00588911 2.98455e-17
10.42 0 -1.18786e-17 -0.00073097 4.86001e-05 -0.00622081 -1.54538e-17
10.44 0 -7.02573e-18 -0.000775857 6.99988e-05 -0.00660282 -1.56735e-17
10.46 0 7.80114e-18 -0.000827695 9.81337e-05 -0.00704398 -1.72337e-18
10.48 0 -3.88319e-18 -0.000879541 0.000129111 -0.0074852 -6.60633e-18
10.5 0 -2.25982e-18 -0.000918173 0.00015634 -0.00781398 -3.07665e-18
10.52 0 3.18792e-18 -0.000926613 0.000173234 -0.0078858 -4.90836e-18
10.54 0 -3.02189e-18 -0.000888449 0.00017613 -0.00756102 -6.97649e-18
10.56 0 -3.3787e-18 -0.000793596 0.000165306 -0.00675378 -1.84147e-17
10.58 0 -1.82747e-17 -0.000643525 0.000143808 -0.00547662 -2.46422e-17
10.6 0 1.29273e-17 -0.000452705 0.000115873 -0.00385268 1.49479e-17
10.62 0 3.14144e-17 -0.000243985 8.64268e-05 -0.0020764 5.41917e-17
10.64 0 -6.56839e-18 -4.05121e-05 6.07592e-05 -0.000344773 5.30658e-17
10.66 0 -1.40231e-17 0.000140961 4.28786e-05 0.00119963 4.54992e-17
10.68 0 -9.08118e-18 0.000292202 3.32759e-05 0.00248674 3.47304e-17
10.7 0 3.20477e-18 0.000411692 2.82561e-05 0.00350364 -4.88908e-18
10.72 0 1.99954e-18 0.000501565 2.16366e-05 0.00426849 -6.77283e-18
10.74 0 1.24141e-17 0.000566014 7.92346e-06 0.00481698 -1.53941e-17
10.76 0 -2.49867e-19 0.000611703 -1.47884e-05 0.00520581 -1.77302e-17
10.78 0 1.4864e-17 0.00064769 -4.40161e-05 0.00551207 -5.53393e-18
10.8 0 1.62603e-17 0.000682044 -7.50149e-05 0.00580443 3.31253e-18
10.82 0 -7.96365e-18 0.00071683 -0.000103829 0.00610047 -2.20803e-17
10.84 0 1.14005e-19 0.000746167 -0.000128014 0.00635014 -3.03492e-17
10.86 0 3.39037e-18 0.000758838 -0.000145512 0.00645797 -1.16691e-17
10.88 0 2.62893e-18 0.000743575 -0.000154268 0.00632808 -1.08129e-18
10.9 0 3.15745e-18 0.000693751 -0.000153165 0.00590406 -1.1484e-17
10.92 0 -7.2932e-18 0.000608202 -0.00014286 0.00517601 -6.61322e-18
10.94 0 5.22012e-18 0.000489046 -0.000125791 0.00416195 1.55672e-17
10.96 0 -1.38869e-17 0.000339606 -0.000105566 0.00289016 9.39123e-19
10.98 0 -5.7952e-18 0.000165372 -8.5486e-05 0.00140738 3.40985e-17
11 0 1.74701e-17 -2.26085e-05 -6.6813e-05 -0.000192408 5.04205e-17
11.02 0 2.00412e-17 -0.000206826 -4.87713e-05 -0.00176016 7.84242e-17
11.04 0 -3.34065e-17 -0.000367332 -3.0601e-05 -0.00312613 3.78276e-18
11.06 0 1.73293e-17 -0.000488534 -1.29214e-05 -0.00415759 -7.03514e-18
11.08 0 4.24399e-18 -0.000564843 3.45139e-06 -0.00480701 -4.0452e-17
11.1 0 7.46007e-18 -0.000602707 1.96025e-05 -0.00512925 -2.42469e-17
11.12 0 5.29265e-18 -0.000618293 3.84905e-05 -0.00526189 -1.13421e-17
11.14 0 -6.63053e-18 -0.000631182 6.29122e-05 -0.00537158 8.93986e-18
11.16 0 -6.33405e-18 -0.000656471 9.33693e-05 -0.0055868 -1.05796e-17
11.18 0 2.9343e-18 -0.000698825 0.000126979 -0.00594724 -5.54869e-18
11.2 0 -9.93366e-19 -0.000750978 0.000158269 -0.00639109 -1.15465e-17
11.22 0 -2.39038e-18 -0.000797041 0.000181723 -0.0067831 -2.63812e-17
11.24 0 -1.77163e-17 -0.000818537 0.000194334 -0.00696604 -3.25273e-17
11.26 0 1.58269e-17 -0.000800507 0.000195881 -0.0068126 6.48469e-18
11.28 0 8.84712e-18 -0.000735396 0.000187554 -0.00625848 6.34018e-18
11.3 0 -2.27361e-17 -0.000623971 0.000171504 -0.00531021 -6.26659e-17
11.32 0 -2.53567e-17 -0.000474707 0.000151431 -0.00403992 -8.84864e-17
11.34 0 6.09805e-17 -0.000303494 0.000131876 -0.00258284 1.23042e-17
11.36 0 -4.53509e-17 -0.000132502 0.000116045 -0.00112764 -8.03392e-17
11.38 0 2.21416e-17 1.49813e-05 0.000104649 0.000127495 -7.16093e-17
11.4 0 -1.37578e-17 0.000123272 9.64533e-05 0.00104908 -8.47376e-18
11.42 0 -1.04586e-17 0.000191028 8.87323e-05 0.00162572 -3.45582e-17
11.44 0 -3.94598e-18 0.000231281 7.72947e-05 0.00196828 -2.39866e-17
11.46 0 -4.60816e-18 0.000265047 5.76149e-05 0.00225564 -2.58081e-17
11.48 0 3.0466e-17 0.000311985 2.7483e-05 0.0026551 4.47138e-17
11.5 0 -2.46304e-17 0.00038128 -1.14544e-05 0.00324482 1.34736e-17
11.52 0 4.02095e-18 0.000467554 -5.40857e-05 0.00397905 5.58234e-19
11.54 0 -1.31491e-17 0.000555105 -9.33026e-05 0.00472413 -2.84407e-17
11.56 0 1.16536e-17 0.000626761 -0.000122797 0.00533395 3.13515e-18
11.58 0 -1.83175e-18 0.000670113 -0.000139707 0.00570289 9.50844e-19
11.6 0 -3.89605e-18 0.000678806 -0.000144848 0.00577688 7.75495e-19
11.62 0 4.16124e-18 0.000651338 -0.000140685 0.00554311 -6.46917e-18
11.64 0 6.83496e-18 0.000590128 -0.000130275 0.00502219 -5.02305e-17
11.66 0 -4.57326e-18 0.000500864 -0.000118098 0.00426252 1.38443e-18
11.68 0 3.42534e-17 0.000391787 -0.000109514 0.00333424 1.63457e-17
11.7 0 -6.94256e-18 0.000273347 -0.000107519 0.00232627 -3.54642e-18
11.72 0 -1.34478e-17 0.000155601 -0.000110231 0.00132422 9.51427e-18
11.74 0 -8.67812e-18 4.3518e-05 -0.000112008 0.000370352 1.83866e-17
11.76 0 3.2901e-18 -6.48175e-05 -0.000106609 -0.000551621 1.7611e-17
11.78 0 7.54553e-18 -0.000174527 -8.97315e-05 -0.00148529 -7.21937e-18
11.8 0 -1.02846e-17 -0.000289137 -6.0396e-05 -0.00246066 -3.26233e-17
11.82 0 2.60901e-18 -0.000408732 -2.07945e-05 -0.00347845 -3.4098e-17
11.84 0 -2.66076e-17 -0.00053081 2.50317e-05 -0.00451738 -4.76623e-17
11.86 0 -7.88898e-19 -0.000651381 7.29607e-05 -0.00554348 -1.93237e-17
11.88 0 5.5707e-18 -0.000765534 0.000119254 -0.00651496 -3.31426e-18
11.9 0 -6.89356e-18 -0.000867463 0.000159818 -0.00738242 -1.38115e-17
11.92 0 1.38038e-18 -0.000950065 0.000190379 -0.00808539 -5.75933e-18
11.94 0 -4.31453e-18 -0.00100525 0.00020765 -0.00855502 1.29867e-18
11.96 0 1.19311e-17 -0.00102536 0.000211022 -0.00872614 3.34741e-17
11.98 0 -6.67545e-18 -0.0010045 0.000203679 -0.00854862 3.3163e-17
12 0 -4.23729e-18 -0.00093995 0.000191963 -0.0079993 7.91307e-18
12.02 0 1.63377e-18 -0.00083405 0.000182529 -0.00709806 -5.34367e-17
12.04 0 -1.94549e-17 -0.000695584 0.000179007 -0.00591967 -2.85666e-18
12.06 0 -2.17654e-17 -0.00053963 0.000180897 -0.00459244 -1.43021e-17
12.08 0 -2.56282e-17 -0.000384266 0.000185271 -0.00327024 2.74286e-17
12.1 0 7.39124e-17 -0.000244928 0.000189021 -0.00208442 3.42467e-17
12.12 0 -9.67589e-19 -0.000129315 0.000189407 -0.00110052 1.05408e-17
12.14 0 2.82669e-17 -3.54728e-05 0.000183215 -0.000301888 -4.43897e-17
12.16 0 -7.6583e-17 4.67434e-05 0.000166605 0.000397801 -8.80548e-17
12.18 0 6.03481e-17 0.000131865 0.000136641 0.00112221 8.5291e-17
12.2 0 -3.16923e-17 0.000233775 9.36383e-05 0.00198951 -2.68088e-17
12.22 0 7.6588e-18 0.000359781 4.18842e-05 0.00306186 -1.07314e-16
12.24 0 8.13699e-18 0.000506156 -1.24971e-05 0.00430756 -4.58168e-17
12.26 0 -6.26609e-18 0.000659289 -6.30684e-05 0.00561078 1.79401e-17
12.28 0 2.85767e-17 0.000800648 -0.000103916 0.00681379 4.685e-17
12.3 0 -2.19848e-18 0.00091154 -0.000131053 0.00775752 9.70225e-18
12.32 0 -4.50335e-18 0.000976051 -0.000143623 0.00830653 2.31446e-18
12.34 0 3.26878e-18 0.000983336 -0.000144643 0.00836853 -7.00049e-18
12.36 0 5.48222e-18 0.00092948 -0.000139668 0.00791019 7.79502e-18
12.38 0 -1.08625e-20 0.00081935 -0.000133809 0.00697295 6.83582e-18
12.4 0 1.08963e-17 0.000667345 -0.000129467 0.00567934 2.75701e-17
12.42 0 -1.92799e-17 0.000494623 -0.000126494 0.00420941 -5.36362e-17
12.44 0 1.49571e-18 0.000323519 -0.00012391 0.00275326 -2.82345e-17
12.46 0 2.24242e-17 0.000171046 -0.000121115 0.00145566 -1.82031e-17
12.48 0 5.79109e-19 4.49485e-05 -0.000117454 0.000382526 -6.12522e-18
12.5 0 -1.41055e-17 -5.61769e-05 -0.000110836 -0.000478086 -3.57864e-17
12.52 0 -4.89115e-18 -0.000139878 -9.74051e-05 -0.00119042 -2.43073e-17
12.54 0 -8.58173e-18 -0.000216293 -7.37519e-05 -0.00184073 -6.16582e-17
12.56 0 2.60407e-17 -0.000294509 -3.96815e-05 -0.00250637 2.40901e-17
12.58 0 -2.76985e-17 -0.000379193 8.4592e-07 -0.00322707 -2.85212e-17
12.6 0 6.85501e-19 -0.0004681 4.20443e-05 -0.0039837 -1.46936e-17
12.62 0 -1.4291e-17 -0.000552427 7.89731e-05 -0.00470135 -7.57468e-18
12.64 0 -1.15762e-18 -0.000620183 0.000108015 -0.00527798 2.038e-17
12.66 0 -5.60811e-19 -0.000660398 0.000126954 -0.00562022 4.24377e-18
12.68 0 5.44489e-19 -0.00066727 0.000135402 -0.00567871 6.50076e-18
12.7 0 -7.72573e-18 -0.000641608 0.000135182 -0.00546031 -1.83958e-17
12.72 0 2.34145e-17 -0.000589764 0.000129963 -0.0050191 4.73666e-17
12.74 0 -1.80531e-17 -0.000521774 0.00012482 -0.00444048 -1.50717e-17
12.76 0 -2.09285e-18 -0.00044976 0.000125457 -0.00382762 -4.62632e-17
12.78 0 -1.09916e-17 -0.00038636 0.000136259 -0.00328806 -4.04999e-17
12.8 0 4.16981e-18 -0.00034118 0.000157923 -0.00290356 -5.51771e-17
12.82 0 -5.61059e-18 -0.000316169 0.000186417 -0.00269071 -9.26428e-17
12.84 0 3.60747e-17 -0.000303679 0.000213488 -0.00258441 1.23321e-16
12.86 0 -1.80947e-17 -0.000289309 0.000228502 -0.00246212 1.09859e-16
12.88 0 1.29677e-17 -0.000257359 0.000222353 -0.00219022 1.80518e-17
12.9 0 -8.49429e-18 -0.000196165 0.000191847 -0.00166944 3.37404e-18
12.92 0 1.02523e-17 -0.000101298 0.000141724 -0.000862081 6.52105e-17
12.94 0 -9.96892e-19 2.26654e-05 8.17999e-05 0.000192889 6.36703e-17
12.96 0 -8.01701e-19 0.000161785 2.14469e-05 0.00137685 3.21101e-17
12.98 0 1.14958e-17 0.00029655 -3.15215e-05 0.00252374 3.68948e-17
13 0 5.22137e-19 0.000407373 -7.07664e-05 0.00346689 9.98991e-18
13.02 0 3.12589e-19 0.000479782 -9.30634e-05 0.00408311 2.59808e-18
13.04 0 3.72505e-18 0.000508099 -9.85486e-05 0.0043241 3.03911e-18
13.06 0 -6.17057e-18 0.000494967 -9.03265e-05 0.00421234 4.61956e-18
13.08 0 4.33154e-18 0.000447714 -7.47e-05 0.0038102 2.82472e-18
13.1 0 2.25137e-17 0.000375527 -6.05251e-05 0.00319586 2.48122e-17
13.12 0 -1.1649e-17 0.000289575 -5.55848e-05 0.00246438 1.59036e-17
13.14 0 -3.04667e-17 0.000203585 -6.25947e-05 0.00173257 -3.82849e-17
13.16 0 -2.90336e-17 0.000131564 -7.87351e-05 0.00111965 -4.40687e-17
13.18 0 1.47521e-17 8.28661e-05 -9.83453e-05 0.000705218 1.02217e-17
13.2 0 1.79684e-17 5.84024e-05 -0.000115419 0.000497024 -1.14333e-18
13.22 0 -9.14048e-18 5.08305e-05 -0.000124601 0.000432584 -5.80615e-17
13.24 0 6.76807e-18 4.80936e-05 -0.000121981 0.000409292 1.5241e-17
13.26 0 9.85862e-18 3.7854e-05 -0.000106142 0.000322149 1.15506e-17
13.28 0 -1.41393e-17 1.08349e-05 -7.8049e-05 9.2207e-05 -3.15906e-17
13.3 0 -1.44167e-17 -3.82637e-05 -4.03335e-05 -0.000325639 -7.25653e-17
13.32 0 3.09581e-18 -0.000111566 3.39246e-06 -0.000949468 -3.1681e-17
13.34 0 2.4146e-18 -0.000209114 4.86946e-05 -0.00177964 -1.76667e-17
13.36 0 1.52312e-18 -0.000328245 9.09116e-05 -0.00279348 -5.82827e-18
13.38 0 2.53682e-18 -0.000461036 0.000126685 -0.00392358 9.07369e-18
13.4 0 3.58757e-19 -0.00059275 0.000154691 -0.00504451 -5.10597e-18
13.42 0 1.65848e-17 -0.000703799 0.000175591 -0.00598958 5.94397e-17
13.44 0 -1.84305e-18 -0.000775983 0.000191501 -0.00660389 5.23821e-17
13.46 0 1.63486e-17 -0.000800187 0.000205142 -0.00680987 2.44546e-18
13.48 0 -6.38371e-17 -0.00078066 0.000218684 -0.00664369 -9.55965e-17
13.5 0 3.49502e-17 -0.000732306 0.000232773 -0.00623218 9.22007e-18
13.52 0 -3.1964e-17 -0.000672098 0.000246273 -0.00571979 -8.80836e-17
13.54 0 -1.68732e-17 -0.000610259 0.000256778 -0.00519352 -1.07891e-16
13.56 0 1.97816e-17 -0.000547309 0.000261102 -0.00465779 -2.45158e-17
13.58 0 2.13983e-17 -0.000477909 0.000255176 -0.00406717 -4.97311e-17
13.6 0 -1.94166e-18 -0.00039621 0.000234515 -0.00337189 -4.49898e-17
13.62 0 3.37962e-17 -0.000297436 0.000196141 -0.00253128 9.2766e-18
13.64 0 -4.25441e-18 -0.000175518 0.000142179 -0.00149372 -1.62679e-17
13.66 0 -2.84889e-18 -2.41658e-05 7.91912e-05 -0.000205661 8.48816e-18
13.68 0 2.73742e-17 0.000157814 1.48896e-05 0.00134305 1.2574e-17
13.7 0 1.86849e-18 0.000361226 -4.40701e-05 0.00307416 -1.047e-17
13.72 0 -6.02669e-19 0.000565445 -9.39452e-05 0.00481213 -6.45014e-19
13.74 0 -2.6852e-18 0.000745624 -0.000133208 0.00634552 3.55168e-18
13.76 0 5.27761e-18 0.000883423 -0.000160679 0.00751823 -9.16575e-19
13.78 0 -5.88719e-18 0.000973119 -0.000175011 0.00828158 -1.7056e-17
13.8 0 -1.94702e-17 0.00101953 -0.00017742 0.00867654 -5.22835e-18
13.82 0 9.13625e-19 0.00103179 -0.000174349 0.00878089 -8.47358e-18
13.84 0 -4.84159e-18 0.00101969 -0.000175668 0.00867789 2.74064e-17
13.86 0 1.33052e-17 0.000993472 -0.000188937 0.00845479 7.24367e-17
13.88 0 -7.89752e-18 0.000963017 -0.000214804 0.00819561 -8.31378e-18
13.9 0 -4.59737e-18 0.000934563 -0.000246924 0.00795346 -3.55361e-17
13.92 0 2.75126e-17 0.000906812 -0.000275428 0.00771729 2.3561e-17
13.94 0 -1.19466e-17 0.000869621 -0.000290939 0.00740078 -7.85687e-17
13.96 0 8.32538e-18 0.000806783 -0.000286861 0.00686601 1.04824e-17
13.98 0 1.07825e-17 0.000701344 -0.000260017 0.00596868 1.35893e-17
14 0 9.87712e-18 0.000540661 -0.000210398 0.00460121 -1.69964e-18
14.02 0 -2.26277e-17 0.00032043 -0.000140501 0.00272697 -3.71125e-17
14.04 0 1.26702e-17 4.7912e-05 -5.62299e-05 0.000407746 -1.9709e-17
14.06 0 1.03494e-17 -0.000255524 3.19241e-05 -0.0021746 6.14836e-17
14.08 0 1.91583e-18 -0.000555594 0.000110101 -0.0047283 4.14552e-17
14.1 0 -7.46558e-18 -0.000813878 0.00016585 -0.00692638 -1.50832e-17
14.12 0 6.33042e-18 -0.00100199 0.000194082 -0.00852726 -1.46856e-17
14.14 0 3.23686e-18 -0.00111206 0.000199434 -0.00946399 -1.22818e-17
14.16 0 3.4399e-18 -0.00115707 0.000194258 -0.00984711 4.00208e-18
14.18 0 -2.87965e-17 -0.001162 0.000193578 -0.00988902 -9.62477e-18
14.2 0 6.42784e-18 -0.00115127 0.000208743 -0.0097977 -1.00203e-17
14.22 0 3.36821e-17 -0.00114072 0.00024237 -0.00970795 2.57083e-17
14.24 0 2.3375e-18 -0.00113624 0.000287299 -0.00966978 -6.1589e-18
14.26 0 1.52114e-17 -0.00113512 0.000329763 -0.00966026 8.18912e-19
14.28 0 -1.37815e-17 -0.00112541 0.000354678 -0.00957764 -1.50901e-18
14.3 0 -1.29483e-18 -0.0010847 0.000351041 -0.0092312 5.37127e-17
14.32 0 -3.2635e-17 -0.000985619 0.000316217 -0.00838796 -1.18234e-17
14.34 0 -3.95869e-18 -0.0008091 0.00025676 -0.00688572 9.60796e-20
14.36 0 1.26328e-17 -0.000557122 0.000184183 -0.0047413 3.22242e-17
14.38 0 9.26237e-18 -0.000254886 0.000108722 -0.00216917 5.44187e-17
14.4 0 -2.78441e-18 5.99068e-05 3.64811e-05 0.000509827 2.70533e-17
14.42 0 -1.40103e-17 0.000353782 -2.88001e-05 0.0030108 -1.22385e-18
14.44 0 1.44373e-19 0.000609199 -8.38905e-05 0.0051845 4.13162e-18
14.46 0 5.92415e-19 0.000824308 -0.000126861 0.00701515 -1.03324e-17
14.48 0 2.85441e-18 0.00100352 -0.000158567 0.00854034 -4.54931e-18
14.5 0 5.76417e-18 0.00114846 -0.000182799 0.00977383 3.59861e-18
14.52 0 2.67346e-19 0.0012558 -0.000204561 0.0106873 -1.07381e-17
14.54 0 9.33135e-18 0.00132069 -0.000226873 0.0112395 -1.37006e-18
14.56 0 5.37806e-18 0.00134072 -0.000248421 0.01141 -2.10066e-17
14.58 0 -2.00623e-17 0.00131719 -0.000264741 0.0112097 -5.25918e-17
14.6 0 6.03699e-18 0.00125298 -0.000271626 0.0106633 -1.51526e-17
14.62 0 2.53453e-17 0.00114972 -0.000266987 0.00978456 -2.00668e-17
14.64 0 3.00511e-17 0.00100792 -0.000250634 0.00857772 -5.18559e-18
14.66 0 -1.55677e-18 0.000830653 -0.00022383 0.00706915 4.28594e-17
14.68 0 1.28027e-17 0.000626037 -0.000188481 0.00532779 4.26351e-17
14.7 0 -1.6531e-17 0.000403705 -0.000145205 0.00343567 -1.25742e-17
14.72 0 -3.4725e-18 0.000169039 -9.24275e-05 0.00143858 8.47754e-18
14.74 0 -1.04275e-17 -7.78065e-05 -2.82802e-05 -0.000662162 -6.94071e-18
14.76 0 -4.6423e-18 -0.000337073 4.64116e-05 -0.00286861 -1.19057e-17
14.78 0 -1.40637e-18 -0.000604265 0.000126067 -0.0051425 -1.448e-17
14.8 0 2.37425e-18 -0.000868024 0.000200371 -0.00738719 -4.21663e-18
14.82 0 -4.11522e-18 -0.00111038 0.000257776 -0.00944969 1.27599e-18
14.84 0 8.2087e-18 -0.00130874 0.000291784 -0.0111378 2.28921e-17
14.86 0 9.48353e-18 -0.00144037 0.000304615 -0.012258 2.18793e-17
14.88 0 1.83431e-17 -0.00148884 0.000303981 -0.0126706 2.0284e-17
14.9 0 2.11907e-17 -0.00145075 0.00029674 -0.0123464 6.31164e-17
14.92 0 -1.81661e-17 -0.00133922 0.000286005 -0.0113973 5.91266e-18
14.94 0 -5.75369e-18 -0.00117986 0.000272445 -0.010041 -7.90398e-18
14.96 0 7.63999e-18 -0.000998595 0.000256494 -0.00849839 4.82542e-17
14.98 0 1.94549e-18 -0.000810241 0.000239116 -0.00689544 1.97911e-17
15 0 -5.46554e-18 -0.00061645 0.000220162 -0.0052462 -3.86107e-17
15.02 0 -1.44194e-18 -0.00041282 0.000195788 -0.00351324 -5.86575e-17
15.04 0 2.16511e-17 -0.000197474 0.000159486 -0.00168058 -6.54064e-18
15.06 0 3.66405e-17 2.56063e-05 0.000107561 0.000217917 1.53563e-17
15.08 0 -1.95937e-17 0.000248808 4.27684e-05 0.00211744 -2.18215e-17
15.1 0 1.08836e-17 0.000465691 -2.82571e-05 0.00396319 -1.5296e-17
15.12 0 3.61449e-18 0.000674563 -9.9126e-05 0.00574077 -5.57655e-18
15.14 0 1.54803e-18 0.000877384 -0.000163789 0.00746684 2.90009e-18
15.16 0 3.51845e-19 0.00107364 -0.000215591 0.00913709 -3.69059e-19
15.18 0 1.68631e-18 0.00125393 -0.000249564 0.0106714 4.54387e-18
15.2 0 -1.63756e-17 0.00139855 -0.000265585 0.0119022 -2.66072e-17
15.22 0 -8.27698e-18 0.00148276 -0.00026819 0.0126188 -3.42224e-17
15.24 0 9.73146e-18 0.00148604 -0.000263138 0.0126467 -1.05054e-17
15.26 0 1.58989e-17 0.00140074 -0.000253912 0.0119208 3.00046e-17
15.28 0 7.68894e-18 0.00123352 -0.000240438 0.0104977 4.53717e-17
15.3 0 1.70674e-17 0.00100064 -0.000220807 0.00851581 1.00425e-17
15.32 0 9.77871e-18 0.000723868 -0.000193995 0.00616037 2.79184e-17
15.34 0 -3.05707e-18 0.000428369 -0.000160309 0.00364557 -4.12083e-18
15.36 0 -2.34574e-17 0.000139412 -0.000119891 0.00118644 -4.45474e-17
15.38 0 -1.59528e-18 -0.000123752 -7.24009e-05 -0.00105318 3.2711e-17
15.4 0 6.47315e-18 -0.000353089 -1.8015e-05 -0.00300491 5.17952e-17
15.42 0 -6.24268e-18 -0.000552976 4.22614e-05 -0.00470602 7.57715e-19
15.44 0 9.18725e-19 -0.000736855 0.00010662 -0.0062709 3.95952e-18
15.46 0 4.31205e-18 -0.000919995 0.00017158 -0.00782948 8.98081e-18
15.48 0 -9.37326e-19 -0.00111083 0.000231261 -0.00945355 3.0471e-18
15.5 0 -1.73443e-18 -0.00130465 0.000278873 -0.0111031 1.58983e-18
15.52 0 4.96623e-19 -0.00148228 0.000309553 -0.0126147 8.85222e-18
15.54 0 1.82451e-18 -0.00161423 0.000322318 -0.0137376 1.08346e-17
15.56 0 -1.94477e-17 -0.0016697 0.000320461 -0.0142097 -8.54986e-18
15.58 0 2.67288e-17 -0.00162624 0.000309775 -0.0138399 2.10466e-17
15.6 0 2.06366e-17 -0.00148019 0.00029505 -0.0125969 2.29852e-17
15.62 0 1.40431e-17 -0.00124852 0.000277054 -0.0106254 6.26503e-17
15.64 0 3.58805e-18 -0.000959048 0.000253025 -0.00816183 -2.20977e-17
15.66 0 2.09309e-17 -0.000641569 0.000220425 -0.00545998 3.31567e-17
15.68 0 -3.89523e-18 -0.000323917 0.000179918 -0.00275664 6.96484e-19
15.7 0 -1.36407e-17 -3.08528e-05 0.000134804 -0.00026257 6.06568e-18
15.72 0 2.92347e-17 0.000219403 8.84194e-05 0.00186719 4.05546e-18
15.74 0 1.59775e-17 0.00042039 4.26151e-05 0.00357767 -5.12588e-18
15.76 0 -1.65565e-17 0.000578846 -2.13553e-06 0.00492618 -4.02499e-17
15.78 0 2.30897e-17 0.000709943 -4.58426e-05 0.00604186 2.57407e-17
15.8 0 -3.6248e-18 0.000828922 -8.77667e-05 0.00705441 9.49272e-19
15.82 0 4.41355e-18 0.00094258 -0.000125377 0.00802168 -1.11443e-17
15.84 0 3.59332e-19 0.00104434 -0.000155048 0.00888772 -1.23612e-17
15.86 0 -3.02361e-18 0.00111691 -0.000174054 0.00950532 -2.28233e-17
15.88 0 9.64596e-18 0.00114094 -0.000181344 0.00970976 -1.44718e-17
15.9 0 -3.34655e-20 0.00110279 -0.00017689 0.00938513 3.2655e-18
15.92 0 -2.65496e-18 0.000998946 -0.000161716 0.00850138 -1.41126e-18
15.94 0 -5.58957e-18 0.000834502 -0.000138124 0.0071019 5.97735e-18
15.96 0 -1.26727e-17 0.000620668 -0.000108843 0.0052821 -9.508e-18
15.98 0 -9.45949e-18 0.000374236 -7.65455e-05 0.00318487 -1.84665e-17
16 0 -1.3764e-17 0.000117163 -4.4541e-05 0.000997094 -2.77066e-17
16.02 0 1.20993e-17 -0.000124421 -1.64843e-05 -0.00105887 2.71544e-17
16.04 0 -1.47574e-17 -0.000326234 5.73323e-06 -0.00277637 -1.22766e-18
16.06 0 -9.11141e-18 -0.00047553 2.31618e-05 -0.00404693 6.64443e-18
16.08 0 -5.8991e-18 -0.000577075 3.87625e-05 -0.00491111 -1.77557e-17
16.1 0 4.7626e-18 -0.0006489 5.58311e-05 -0.00552237 -1.90195e-17
16.12 0 1.39394e-17 -0.000710802 7.68704e-05 -0.00604917 1.27701e-17
16.14 0 -6.97707e-18 -0.000773834 0.000102599 -0.0065856 -2.03407e-18
16.16 0 1.61722e-18 -0.000836336 0.000131516 -0.00711751 8.65285e-18
16.18 0 -1.3054e-18 -0.000887197 0.000160266 -0.00755036 -3.26503e-18
16.2 0 -1.36649e-18 -0.000913214 0.000183874 -0.00777177 -6.29662e-18
16.22 0 4.38693e-18 -0.000904327 0.00019635 -0.00769614 -3.29595e-18
16.24 0 -8.17459e-19 -0.000853691 0.00019326 -0.00726521 1.73128e-18
16.26 0 9.16279e-18 -0.00075571 0.00017481 -0.00643136 3.96307e-18
16.28 0 -3.38177e-18 -0.000607101 0.000145959 -0.00516664 -1.33557e-17
16.3 0 2.82322e-17 -0.000412098 0.000113483 -0.0035071 4.12901e-17
16.32 0 -3.57239e-18 -0.000185802 8.29359e-05 -0.00158124 5.60071e-17
16.34 0 -1.97235e-17 4.8293e-05 5.69747e-05 0.000410988 -6.63405e-18
16.36 0 1.72915e-17 0.000265286 3.51245e-05 0.00225767 6.93736e-17
16.38 0 -3.0329e-17 0.000447181 1.54376e-05 0.00380566 -4.48303e-19
16.4 0 1.63282e-17 0.000587556 -3.03354e-06 0.0050003 3.52202e-17
16.42 0 6.32349e-18 0.000689393 -1.99412e-05 0.00586697 5.79014e-17
16.44 0 -2.74946e-17 0.000758477 -3.56029e-05 0.0064549 2.17897e-17
16.46 0 -3.1144e-17 0.000798664 -5.17469e-05 0.00679691 -3.27483e-17
16.48 0 4.1285e-18 0.000811966 -6.94876e-05 0.00691011 -2.35661e-17
16.5 0 3.93795e-18 0.000800609 -8.7401e-05 0.00681346 -3.60559e-18
16.52 0 -5.09234e-18 0.000767718 -0.000101891 0.00653354 -3.8085e-17
16.54 0 1.36492e-18 0.00071677 -0.00010897 0.00609996 -2.34695e-17
16.56 0 -1.10267e-18 0.000649856 -0.000106133 0.0055305 -2.0233e-18
16.58 0 2.82036e-18 0.000565918 -9.34484e-05 0.00481616 -1.11484e-18
16.6 0 4.5899e-19 0.000461179 -7.31607e-05 0.0039248 -3.32379e-20
16.62 0 -3.45566e-18 0.000331894 -4.81003e-05 0.00282453 -5.05588e-18
16.64 0 7.90554e-18 0.000177296 -2.081e-05 0.00150885 1.0208e-17
16.66 0 -4.47306e-18 9.60167e-07 5.90362e-06 8.16975e-06 -1.09156e-17
16.68 0 2.90319e-18 -0.000188187 2.88315e-05 -0.00160154 -1.57951e-17
16.7 0 -8.38533e-18 -0.000375313 4.59714e-05 -0.00319405 -1.94536e-17
16.72 0 -4.97075e-18 -0.000542051 5.80219e-05 -0.00461305 4.44856e-18
16.74 0 1.92941e-17 -0.000672118 6.746e-05 -0.00571996 2.72134e-17
16.76 0 7.70893e-18 -0.000756711 7.61945e-05 -0.00643987 1.33365e-17
16.78 0 6.00291e-18 -0.000796421 8.45827e-05 -0.00677782 2.09631e-17
16.8 0 -1.24596e-17 -0.00079906 9.25204e-05 -0.00680028 -8.13798e-18
16.82 0 1.52895e-18 -0.000775109 0.000100871 -0.00659645 1.25661e-17
16.84 0 -1.89063e-18 -0.000734172 0.000111095 -0.00624806 2.76817e-18
16.86 0 -4.21197e-19 -0.000684329 0.000122926 -0.00582388 1.89643e-18
16.88 0 4.7202e-18 -0.000631808 0.000132655 -0.00537691 1.0878e-17
16.9 0 6.76984e-19 -0.00057847 0.000135136 -0.00492299 -5.31047e-19
16.92 0 -6.04157e-19 -0.000519147 0.000128218 -0.00441812 -2.51994e-18
16.94 0 -7.08462e-18 -0.000443148 0.000114262 -0.00377135 -5.14227e-18
16.96 0 -7.90863e-18 -0.000340318 9.69483e-05 -0.00289623 -1.20578e-18
16.98 0 -2.62315e-18 -0.000207007 7.7704e-05 -0.0017617 6.5234e-18
17 0 -7.58527e-18 -4.7858e-05 5.5856e-05 -0.00040729 -2.43588e-17
17.02 0 -3.11977e-18 0.000126626 3.14143e-05 0.00107763 -6.15352e-17
17.04 0 1.22465e-18 0.000303565 6.83284e-06 0.00258345 -1.83214e-17
17.06 0 -3.07311e-17 0.000469354 -1.42113e-05 0.00399436 -2.41579e-17
17.08 0 1.6406e-17 0.000609938 -2.97916e-05 0.00519078 3.64611e-17
17.1 0 -2.54403e-17 0.000712571 -4.11402e-05 0.00606423 4.27072e-18
17.12 0 -1.05087e-17 0.000769713 -5.06122e-05 0.00655052 2.36205e-17
17.14 0 1.64727e-17 0.000781866 -5.85484e-05 0.00665395 5.00142e-17
17.16 0 -3.56384e-18 0.000756249 -6.29272e-05 0.00643594 1.81273e-17
17.18 0 2.62067e-17 0.000702337 -6.1937e-05 0.00597713 3.4199e-17
17.2 0 -3.98037e-17 0.00062817 -5.60075e-05 0.00534595 -1.51035e-17
17.22 0 6.72489e-18 0.000539296 -4.70457e-05 0.0045896 1.3698e-17
17.24 0 -7.44909e-18 0.000439642 -3.63755e-05 0.0037415 -3.31127e-17
17.26 0 1.22537e-18 0.000332173 -2.38562e-05 0.0028269 -1.51346e-17
17.28 0 3.20372e-19 0.000218393 -8.5383e-06 0.0018586 -7.97489e-18
17.3 0 -8.31783e-19 9.76427e-05 1.01333e-05 0.000830971 -7.5859e-18
17.32 0 -1.78159e-19 -3.26169e-05 3.13758e-05 -0.000277583 -1.91518e-18
17.34 0 -2.05356e-18 -0.000174291 5.29102e-05 -0.00148328 2.12727e-18
17.36 0 9.10571e-19 -0.000324555 7.19936e-05 -0.00276207 6.9694e-18
17.38 0 1.22559e-18 -0.000473398 8.69632e-05 -0.00402879 5.94895e-18
17.4 0 7.60615e-18 -0.000605896 9.77626e-05 -0.00515639 -8.47195e-18
17.42 0 -1.14026e-17 -0.000708371 0.000105017 -0.00602848 -7.74952e-18
17.44 0 6.24937e-18 -0.00077402 0.000108985 -0.00658718 -8.92762e-18
17.46 0 1.59425e-18 -0.000803815 0.000109705 -0.00684075 -4.57156e-18
17.48 0 5.61908e-18 -0.000802665 0.000107997 -0.00683096 -1.47594e-17
17.5 0 1.08484e-18 -0.000775033 0.000105771 -0.00659581 -1.29341e-17
17.52 0 6.75687e-18 -0.000723795 0.000104635 -0.00615975 9.09306e-18
17.54 0 -8.99542e-19 -0.000651944 0.000104018 -0.00554827 -6.08708e-18
17.56 0 2.91317e-18 -0.000563842 0.000101144 -0.00479849 1.48124e-18
17.58 0 6.18489e-18 -0.000463541 9.31725e-05 -0.0039449 1.05833e-17
17.6 0 -4.74093e-19 -0.000351786 7.92288e-05 -0.00299383 6.46432e-18
17.62 0 -6.61477e-19 -0.000225574 6.03872e-05 -0.00191972 1.40465e-18
17.64 0 -3.37671e-18 -8.14495e-05 3.8258e-05 -0.000693165 1.74156e-19
17.66 0 -4.57716e-18 8.01546e-05 1.39406e-05 0.000682142 -2.60926e-18
17.68 0 -7.35173e-18 0.00025296 -1.17929e-05 0.00215277 -1.08566e-17
17.7 0 -5.43184e-18 0.000426259 -3.76056e-05 0.00362761 -2.05398e-17
17.72 0 5.84905e-18 0.000588301 -6.11415e-05 0.00500665 -7.59283e-18
17.74 0 -1.71927e-18 0.000729325 -7.9704e-05 0.00620681 7.25831e-18
17.76 0 -2.00245e-17 0.000842593 -9.15717e-05 0.00717076 -4.20745e-17
17.78 0 -2.87577e-17 0.000923577 -9.67382e-05 0.00785996 -5.07703e-17
17.8 0 2.19935e-17 0.000968647 -9.652e-05 0.00824353 3.64509e-17
17.82 0 1.10811e-17 0.000974317 -9.25848e-05 0.00829177 3.81076e-17
17.84 0 1.67881e-18 0.000937461 -8.60434e-05 0.00797812 -9.30402e-18
17.86 0 -1.12703e-17 0.000856604 -7.68389e-05 0.00728999 -1.29292e-18
17.88 0 4.5626e-18 0.000733869 -6.39219e-05 0.00624548 9.40067e-18
17.9 0 -3.21665e-18 0.000575321 -4.63799e-05 0.00489618 1.36246e-17
17.92 0 5.98654e-18 0.000389944 -2.45513e-05 0.00331856 1.11207e-17
17.94 0 8.46999e-18 0.000188365 1.66943e-07 0.00160305 1.49149e-17
17.96 0 1.29433e-18 -1.88468e-05 2.65877e-05 -0.000160394 2.20228e-18
17.98 0 6.13405e-19 -0.000223052 5.44218e-05 -0.00189825 1.76003e-18
18 0 -3.56559e-20 -0.000418978 8.35969e-05 -0.00356565 -1.01528e-18
18.02 0 -4.27174e-19 -0.000603961 0.000113147 -0.00513992 -4.13235e-18
18.04 0 5.58013e-18 -0.000775334 0.000140999 -0.00659837 2.04367e-18
18.06 0 3.52174e-18 -0.000928517 0.000164809 -0.00790201 3.32834e-18
18.08 0 -3.97493e-18 -0.00105756 0.000182986 -0.00900023 -4.41555e-18
18.1 0 -6.4661e-18 -0.0011569 0.000194972 -0.00984567 -8.28542e-18
18.12 0 -2.23064e-18 -0.00122222 0.000200695 -0.0104015 5.59232e-18
18.14 0 5.73817e-19 -0.0012498 0.000200069 -0.0106362 1.02002e-17
18.16 0 -1.03854e-17 -0.00123543 0.000193278 -0.0105139 6.39717e-18
18.18 0 1.05025e-17 -0.00117437 0.000181178 -0.00999429 -2.49258e-18
18.2 0 5.19075e-18 -0.00106443 0.000164895 -0.00905863 3.92999e-18
18.22 0 -5.88028e-18 -0.000909215 0.000144887 -0.00773774 5.91843e-18
18.24 0 -7.24249e-18 -0.000718651 0.000120837 -0.00611597 -7.51124e-18
18.26 0 3.38777e-18 -0.000506013 9.27205e-05 -0.00430635 1.65024e-18
18.28 0 2.56867e-19 -0.000283695 6.17886e-05 -0.00241435 -4.08354e-18
18.3 0 -1.74236e-19 -6.12417e-05 3.02587e-05 -0.00052119 -8.20839e-19
18.32 0 4.22724e-18 0.000154295 7.9559e-08 0.00131311 1.32354e-17
18.34 0 2.30291e-19 0.000357086 -2.78619e-05 0.00303893 -4.85849e-18
18.36 0 -2.07014e-18 0.000542034 -5.33751e-05 0.0046129 2.5978e-18
18.38 0 -1.66403e-18 0.000705505 -7.60322e-05 0.00600409 -1.95431e-18
18.4 0 7.40333e-18 0.000846267 -9.4813e-05 0.00720202 -5.55162e-18
18.42 0 -9.13926e-18 0.0009649 -0.000108766 0.00821163 1.36056e-18
18.44 0 7.2669e-18 0.00106148 -0.000117883 0.00903355 1.06647e-17
18.46 0 -1.41975e-17 0.00113337 -0.000123006 0.0096454 -3.58156e-17
18.48 0 1.55653e-18 0.00117485 -0.000124748 0.00999839 -1.86597e-18
18.5 0 2.1412e-17 0.00117833 -0.000122729 0.010028 1.40553e-17
18.52 0 3.76828e-18 0.00113627 -0.000116009 0.00967002 1.93217e-19
18.54 0 -2.3887e-17 0.00104305 -0.00010397 0.00887668 -3.58199e-17
18.56 0 -1.52968e-18 0.000898601 -8.67125e-05 0.0076474 -2.75176e-17
18.58 0 5.87079e-18 0.000709765 -6.47135e-05 0.00604035 -2.09241e-17
18.6 0 -5.37805e-18 0.000489477 -3.85171e-05 0.00416562 3.32362e-18
18.62 0 -6.60264e-18 0.000254946 -9.0724e-06 0.00216968 8.80865e-18
18.64 0 3.91181e-18 2.3623e-05 2.18521e-05 0.000201038 6.24145e-18
18.66 0 -2.27072e-18 -0.000190734 5.19466e-05 -0.00162321 -1.81651e-18
18.68 0 -5.37303e-19 -0.000380717 7.92642e-05 -0.00324004 -4.74613e-18
18.7 0 1.95033e-19 -0.000544762 0.000102829 -0.00463612 2.72179e-18
18.72 0 2.49686e-18 -0.000684405 0.000122531 -0.00582452 1.08804e-17
18.74 0 -3.74552e-18 -0.000801447 0.000138553 -0.0068206 6.39695e-18
18.76 0 2.28153e-18 -0.000896488 0.000150776 -0.00762942 -4.19296e-18
18.78 0 -5.40794e-18 -0.000968424 0.000158645 -0.00824162 -8.67387e-18
18.8 0 6.84084e-18 -0.0010142 0.000161609 -0.0086312 -9.55648e-19
18.82 0 -1.30005e-17 -0.00102886 0.000159649 -0.00875593 -1.00891e-17
18.84 0 -1.11966e-17 -0.00100644 0.00015318 -0.00856513 -3.40644e-17
18.86 0 -5.92126e-19 -0.000941839 0.000142413 -0.00801538 9.76431e-18
18.88 0 5.03695e-18 -0.000833261 0.000127027 -0.00709134 -1.1959e-17
18.9 0 1.67627e-17 -0.00068458 0.000106736 -0.00582602 2.08123e-17
18.92 0 -4.77747e-18 -0.000505526 8.21796e-05 -0.0043022 -5.96668e-19
18.94 0 6.35827e-18 -0.000309979 5.5233e-05 -0.00263803 7.97726e-18
18.96 0 -4.7825e-18 -0.000113025 2.84766e-05 -0.000961884 -2.36816e-18
18.98 0 -4.67552e-20 7.25717e-05 4.18799e-06 0.000617609 9.6783e-19
19 0 -2.95963e-18 0.000238481 -1.64101e-05 0.00202956 -6.47712e-18
19.02 0 7.33055e-19 0.000380967 -3.3189e-05 0.00324216 -2.26226e-19
19.04 0 5.85168e-18 0.00049935 -4.65827e-05 0.00424964 1.12257e-17
19.06 0 2.76546e-18 0.000594341 -5.71306e-05 0.00505805 1.39666e-19
19.08 0 -6.69608e-18 0.00066738 -6.53697e-05 0.00567964 -2.98913e-18
19.1 0 -1.05684e-17 0.000720868 -7.17424e-05 0.00613484 -9.35838e-18
19.12 0 -1.46085e-17 0.000757906 -7.62703e-05 0.00645004 -2.60393e-17
19.14 0 4.6665e-18 0.000780618 -7.8325e-05 0.00664333 1.04394e-17
19.16 0 2.24613e-17 0.00078792 -7.69101e-05 0.00670547 3.64684e-17
19.18 0 -1.88056e-18 0.000774839 -7.13195e-05 0.00659415 -3.94835e-17
19.2 0 5.30544e-18 0.000734418 -6.15658e-05 0.00625015 1.72027e-19
19.22 0 -1.22595e-17 0.000661195 -4.81925e-05 0.005627 -5.684e-18
19.24 0 6.3706e-18 0.000554245 -3.18351e-05 0.00471681 2.11188e-17
19.26 0 -8.24177e-18 0.000417713 -1.30703e-05 0.00355488 -2.13826e-17
19.28 0 2.89341e-18 0.000259463 7.40844e-06 0.00220812 -2.38562e-17
19.3 0 1.30883e-18 8.94113e-05 2.86886e-05 0.00076092 5.16876e-18
19.32 0 -6.0602e-18 -8.16315e-05 4.98387e-05 -0.000694714 8.84681e-18
19.34 0 -4.71848e-18 -0.00024265 7.01528e-05 -0.00206504 1.04414e-17
19.36 0 -1.87904e-18 -0.000383901 8.91421e-05 -0.00326713 8.87237e-19
19.38 0 4.5286e-20 -0.000499026 0.000106278 -0.00424689 1.56487e-18
19.4 0 -5.45647e-20 -0.000586355 0.00012077 -0.00499009 9.3136e-19
19.42 0 -1.06936e-18 -0.000648201 0.000131594 -0.00551642 5.13356e-19
19.44 0 1.48761e-18 -0.000688676 0.000137759 -0.00586088 3.53334e-18
19.46 0 -8.07138e-19 -0.00071141 0.000138608 -0.00605435 3.49259e-18
19.48 0 1.76246e-18 -0.000718017 0.000134046 -0.00611058 -1.87564e-18
19.5 0 5.05058e-18 -0.000707463 0.000124722 -0.00602076 1.34523e-19
19.52 0 3.54621e-19 -0.000676464 0.000111977 -0.00575695 8.27065e-18
19.54 0 2.57681e-18 -0.000621093 9.72814e-05 -0.00528572 3.14307e-18
19.56 0 4.50413e-18 -0.000538912 8.14444e-05 -0.00458633 1.27144e-17
19.58 0 4.26129e-20 -0.000430387 6.43708e-05 -0.00366275 6.08744e-18
19.6 0 2.87197e-18 -0.000299459 4.56603e-05 -0.0025485 1.9037e-17
19.62 0 -4.87395e-18 -0.000153364 2.53901e-05 -0.00130518 -3.40508e-18
19.64 0 -4.57057e-18 -1.65412e-06 4.40328e-06 -1.40787e-05 -8.97228e-18
19.66 0 1.96626e-18 0.000145236 -1.58884e-05 0.00123601 -1.0683e-18
19.68 0 1.02911e-18 0.000277444 -3.39405e-05 0.00236114 8.29225e-19
19.7 0 6.00069e-19 0.000387014 -4.8564e-05 0.00329362 -9.82958e-19
19.72 0 -1.14466e-18 0.000469275 -5.91562e-05 0.00399369 3.37862e-18
19.74 0 -2.34364e-18 0.000523702 -6.54792e-05 0.00445688 -3.37085e-20
19.76 0 2.67625e-18 0.000553406 -6.73531e-05 0.00470968 2.03954e-17
19.78 0 -1.19699e-18 0.000563308 -6.4767e-05 0.00479394 6.43216e-19
19.8 0 -5.46442e-18 0.000557985 -5.82273e-05 0.00474865 -1.15641e-18
19.82 0 -4.44364e-18 0.000540148 -4.87049e-05 0.00459685 4.46455e-18
19.84 0 6.81253e-18 0.000510065 -3.70824e-05 0.00434083 3.35815e-18
19.86 0 7.98222e-18 0.000465904 -2.36834e-05 0.00396501 8.82108e-18
19.88 0 -2.65259e-18 0.000404648 -8.31267e-06 0.00344369 5.60569e-18
19.9 0 8.35545e-18 0.000323186 9.34267e-06 0.00275042 8.48856e-18
19.92 0 5.84515e-18 0.000219781 2.9265e-05 0.00187041 -4.01321e-17
19.94 0 1.52234e-17 9.58149e-05 5.08086e-05 0.000815416 -9.89253e-18
19.96 0 1.73541e-17 -4.31105e-05 7.26853e-05 -0.000366887 2.42297e-17
19.98 0 -6.07618e-18 -0.000187666 9.32716e-05 -0.00159711 2.11136e-17
20 0 1.2329e-18 -0.000326893 0.00011113 -0.00278197 2.49341e-17
20.02 0 -9.10702e-18 -0.000450923 0.000125466 -0.00383752 -1.7081e-17
20.04 0 -1.12683e-17 -0.000553273 0.000136207 -0.00470855 -2.95634e-17
20.06 0 1.90496e-18 -0.000631855 0.000143631 -0.00537731 -3.72508e-18
20.08 0 8.8182e-18 -0.000688302 0.000147946 -0.00585769 5.14387e-18
20.1 0 3.12094e-19 -0.000725964 0.000149222 -0.00617821 4.14803e-18
20.12 0 -4.22955e-19 -0.000747639 0.000147566 -0.00636267 -4.23454e-19
20.14 0 -9.88029e-19 -0.000754009 0.000143109 -0.00641688 -4.08362e-18
20.16 0 3.19553e-18 -0.000743176 0.000135713 -0.00632469 1.68642e-17
20.18 0 1.57105e-18 -0.000711307 0.000124728 -0.00605347 8.94834e-18
20.2 0 2.00146e-18 -0.000654054 0.000109229 -0.00556623 6.85337e-18
20.22 0 -1.69107e-18 -0.000568249 8.87494e-05 -0.004836 1.42837e-17
20.24 0 1.06587e-18 -0.000453315 6.39667e-05 -0.00385787 -1.09097e-17
20.26 0 -9.38892e-18 -0.000312421 3.66377e-05 -0.00265882 -1.99965e-17
20.28 0 -2.14893e-18 -0.000152946 8.87163e-06 -0.00130162 2.45993e-19
20.3 0 4.56554e-19 1.45488e-05 -1.74617e-05 0.000123814 9.43241e-18
20.32 0 3.85912e-18 0.000178672 -4.08276e-05 0.00152056 1.21254e-17
20.34 0 -6.54429e-18 0.000329751 -6.01197e-05 0.0028063 -1.16327e-17
20.36 0 3.84141e-18 0.000461299 -7.49993e-05 0.00392582 5.61558e-18
20.38 0 4.73539e-19 0.000570031 -8.59298e-05 0.00485116 9.35483e-20
20.4 0 3.48026e-18 0.000654913 -9.35449e-05 0.00557353 6.9739e-19
20.42 0 5.63065e-18 0.000716003 -9.7952e-05 0.00609344 -1.87469e-18
20.44 0 -6.36691e-18 0.000753615 -9.87083e-05 0.00641352 -5.35338e-18
20.46 0 8.3957e-18 0.000767834 -9.53166e-05 0.00653453 3.8418e-18
20.48 0 9.87118e-18 0.00075844 -8.75774e-05 0.00645458 3.52263e-17
20.5 0 -5.44027e-18 0.000725236 -7.55036e-05 0.00617201 3.26137e-17
20.52 0 6.83388e-18 0.000668499 -5.90714e-05 0.00568916 1.54498e-17
20.54 0 -2.64018e-17 0.000589081 -3.82877e-05 0.00501328 -1.1816e-17
20.56 0 9.75728e-18 0.000488194 -1.36999e-05 0.0041547 -2.16295e-17
20.58 0 1.38593e-17 0.000367669 1.31642e-05 0.00312899 -1.61938e-17
20.6 0 -4.71633e-18 0.000230701 4.00774e-05 0.00196334 -2.47864e-17
20.62 0 -1.32803e-17 8.23392e-05 6.50643e-05 0.000700733 3.11535e-19
20.64 0 -1.39199e-17 -7.08493e-05 8.72169e-05 -0.000602954 -1.25757e-17
20.66 0 -2.23034e-17 -0.000222044 0.000106655 -0.00188967 -4.95349e-17
20.68 0 8.99619e-18 -0.000365602 0.000123788 -0.0031114 2.58058e-18
20.7 0 -1.34744e-19 -0.00049761 0.00013868 -0.00423484 5.0097e-18
20.72 0 1.74345e-19 -0.00061517 0.000151059 -0.00523531 2.38777e-17
20.74 0 -1.14335e-17 -0.00071526 0.000160653 -0.00608711 -9.70337e-18
20.76 0 -4.62919e-18 -0.000794357 0.000167322 -0.00676026 -9.85806e-19
20.78 0 -5.50754e-19 -0.00084907 0.000170838 -0.00722589 -5.54636e-18
20.8 0 -9.16021e-19 -0.000876952 0.000170603 -0.00746317 -8.14969e-19
20.82 0 1.10969e-18 -0.000876652 0.000165653 -0.00746062 7.25652e-18
20.84 0 -1.40136e-19 -0.000847586 0.000155171 -0.00721326 -9.68855e-19
20.86 0 -7.92355e-19 -0.000789848 0.000139085 -0.00672189 -3.738e-18
20.88 0 4.91828e-19 -0.000704659 0.000118166 -0.00599689 1.1649e-17
20.9 0 -3.69535e-18 -0.000594807 9.36232e-05 -0.00506202 -1.08292e-18
20.92 0 2.41953e-18 -0.000464427 6.67436e-05 -0.00395244 1.53145e-17
20.94 0 7.81299e-18 -0.000318394 3.8791e-05 -0.00270965 1.43877e-17
20.96 0 2.49069e-18 -0.000161837 1.09962e-05 -0.00137729 2.03789e-17
20.98 0 -8.42795e-18 -1.68172e-07 -1.55322e-05 -1.4328e-06 -1.39819e-19
21 0 -7.07215e-18 0.000160477 -3.98753e-05 0.00136572 -1.88624e-17
21.02 0 1.23783e-18 0.000313166 -6.12185e-05 0.00266515 -7.26594e-18
21.04 0 -2.1316e-18 0.00045076 -7.87342e-05 0.00383612 -1.43726e-17
21.06 0 -1.55344e-18 0.000566794 -9.16995e-05 0.00482361 -1.42484e-17
21.08 0 1.29149e-18 0.000656073 -9.98081e-05 0.00558341 -1.92261e-18
21.1 0 -5.59877e-19 0.000714949 -0.000103284 0.00608446 3.56829e-19
21.12 0 2.30703e-18 0.000741564 -0.000102575 0.00631097 -1.91905e-18
21.14 0 2.71979e-19 0.000736121 -9.78628e-05 0.00626465 -2.64126e-18
21.16 0 -2.10175e-18 0.000700804 -8.88419e-05 0.00596409 -1.22617e-17
21.18 0 -1.83923e-18 0.000639013 -7.49933e-05 0.00543823 -2.73877e-19
21.2 0 8.98295e-18 0.000554183 -5.61564e-05 0.00471629 -6.53217e-18
21.22 0 6.80458e-18 0.000448821 -3.28372e-05 0.00381962 -1.09235e-18
21.24 0 1.74938e-18 0.000324398 -5.96838e-06 0.00276073 1.25693e-17
21.26 0 -1.46489e-17 0.000182327 2.34659e-05 0.00155167 -5.86495e-18
21.28 0 -3.72307e-18 2.53626e-05 5.44349e-05 0.000215843 4.31411e-18
21.3 0 6.26166e-19 -0.000141425 8.56255e-05 -0.00120358 1.03057e-17
21.32 0 -1.98207e-18 -0.000310578 0.00011545 -0.00264313 8.93343e-18
21.34 0 6.61419e-18 -0.000473276 0.000142369 -0.00402774 1.0375e-17
21.36 0 -8.41223e-19 -0.000621041 0.000165171 -0.00528528 1.43229e-17
21.38 0 3.26856e-18 -0.000747218 0.000183034 -0.00635909 2.2196e-17
21.4 0 -1.82054e-18 -0.000847394 0.000195572 -0.00721162 -2.78797e-18
21.42 0 5.29046e-18 -0.000918886 0.000202942 -0.00782004 2.80843e-18
21.44 0 1.49502e-17 -0.000960168 0.000205758 -0.00817137 1.5158e-17
21.46 0 -1.39437e-17 -0.000970794 0.000204685 -0.0082618 -2.28812e-17
21.48 0 7.77565e-18 -0.000951652 0.000199928 -0.00809889 -1.98399e-18
21.5 0 3.09382e-18 -0.000904876 0.000191034 -0.00770081 -3.17807e-18
21.52 0 -2.4368e-18 -0.000832923 0.00017717 -0.00708847 -5.78153e-18
21.54 0 7.61903e-19 -0.000737192 0.000157674 -0.00627376 -5.44465e-18
21.56 0 2.06881e-18 -0.000617403 0.000132445 -0.00525432 -1.25314e-18
21.58 0 5.28244e-19 -0.00047291 0.000101996 -0.00402463 -1.07028e-18
21.6 0 4.30826e-19 -0.000305304 6.73812e-05 -0.00259824 1.59575e-18
21.62 0 -2.2428e-18 -0.000120357 3.02251e-05 -0.00102428 -6.3137e-19
21.64 0 -5.97264e-19 7.20861e-05 -7.26083e-06 0.000613476 -4.01112e-18
21.66 0 -3.4862e-19 0.000260424 -4.26122e-05 0.0022163 -6.68483e-18
21.68 0 -1.57282e-18 0.000434449 -7.37404e-05 0.00369731 -2.69783e-18
21.7 0 -2.82803e-18 0.000587356 -9.94249e-05 0.0049986 -3.63316e-18
21.72 0 7.35845e-20 0.000715564 -0.000119346 0.0060897 -3.49782e-18
21.74 0 9.06661e-19 0.000817103 -0.000133754 0.00695383 6.78104e-19
21.76 0 5.10903e-20 0.000890136 -0.000143118 0.00757537 -2.4735e-18
21.78 0 1.12953e-18 0.000932751 -0.00014795 0.00793803 -3.6238e-18
21.8 0 9.54598e-19 0.000943964 -0.000148639 0.00803346 -2.91983e-19
21.82 0 1.44479e-20 0.000924837 -0.000145146 0.00787068 -1.82748e-19
21.84 0 6.01986e-19 0.000878308 -0.000136906 0.0074747 1.26556e-18
21.86 0 -4.41446e-19 0.000807636 -0.000123358 0.00687326 1.80641e-18
21.88 0 -3.18672e-19 0.000714776 -0.00010465 0.00608299 2.87328e-18
21.9 0 -7.09968e-19 0.00060017 -8.16739e-05 0.00510765 -5.43944e-18
21.92 0 1.0602e-18 0.000464427 -5.55038e-05 0.00395243 1.53082e-18
21.94 0 -1.73008e-18 0.000310467 -2.70086e-05 0.00264218 6.82119e-18
21.96 0 -2.27464e-18 0.000144283 3.08386e-06 0.00122789 4.28312e-18
21.98 0 -5.52874e-18 -2.62489e-05 3.39617e-05 -0.000223389 -4.36241e-18
22 0 4.90744e-18 -0.000193698 6.45941e-05 -0.00164844 -4.55869e-18
22.02 0 -4.01112e-18 -0.000352851 9.38081e-05 -0.00300288 -6.30799e-18
22.04 0 6.21399e-19 -0.000500676 0.000120549 -0.00426093 -7.85226e-19
22.06 0 4.8259e-19 -0.000634669 0.00014403 -0.00540125 9.0854e-18
22.08 0 2.86307e-18 -0.000751011 0.000163608 -0.00639136 6.09542e-18
22.1 0 -1.29803e-18 -0.00084408 0.000178654 -0.00718341 -4.77648e-18
22.12 0 5.36518e-18 -0.000907755 0.000188627 -0.00772531 1.22157e-17
22.14 0 3.25772e-18 -0.00093775 0.00019321 -0.00798058 1.7054e-17
22.16 0 -7.47713e-18 -0.000933423 0.000192344 -0.00794375 1.82138e-18
22.18 0 3.25679e-18 -0.000897617 0.00018623 -0.00763904 -1.89179e-18
22.2 0 2.02593e-19 -0.000834579 0.000175335 -0.00710256 1.18969e-17
22.22 0 -3.22756e-18 -0.000747581 0.000160252 -0.00636218 -3.2757e-18
22.24 0 1.03177e-18 -0.000637971 0.000141369 -0.00542935 -3.74502e-18
22.26 0 3.37715e-18 -0.000506339 0.000118632 -0.00430912 -2.35632e-18
22.28 0 1.39386e-18 -0.000354542 9.17826e-05 -0.00301728 1.8038e-18
22.3 0 -3.69881e-18 -0.000186831 6.10531e-05 -0.00159 -7.70084e-18
22.32 0 -9.32656e-18 -9.53521e-06 2.77444e-05 -8.11496e-05 -1.2024e-17
22.34 0 2.45039e-18 0.000170042 -5.8977e-06 0.00144712 -8.68781e-18
22.36 0 5.96899e-18 0.000344413 -3.74598e-05 0.00293107 -5.28928e-18
22.38 0 3.99923e-18 0.000506076 -6.51525e-05 0.00430688 1.02805e-17
22.4 0 -6.03956e-18 0.00064779 -8.80976e-05 0.00551292 -7.32363e-20
22.42 0 -3.86806e-18 0.000763589 -0.000106169 0.0064984 -1.36571e-17
22.44 0 1.86726e-18 0.000850109 -0.000119711 0.00723472 -9.74469e-18
22.46 0 2.36341e-18 0.000907071 -0.000129233 0.00771949 6.56894e-19
22.48 0 3.48684e-18 0.000936335 -0.000135074 0.00796854 -6.15606e-18
22.5 0 -4.97701e-19 0.000940148 -0.000137186 0.00800099 -5.46802e-18
22.52 0 2.39636e-20 0.000919669 -0.000135135 0.0078267 -1.29534e-17
22.54 0 1.31234e-18 0.000874448 -0.00012821 0.00744186 -7.28052e-18
22.56 0 1.1163e-18 0.000802984 -0.000115639 0.00683367 2.23579e-18
22.58 0 -6.18076e-18 0.000703759 -9.7052e-05 0.00598924 -7.9969e-18
22.6 0 1.47166e-18 0.00057663 -7.29898e-05 0.00490732 1.11325e-17
22.62 0 -3.74659e-19 0.000424432 -4.49794e-05 0.00361206 -5.81138e-19
22.64 0 -3.43715e-18 0.000254021 -1.50627e-05 0.0021618 -9.87091e-19
22.66 0 6.48138e-19 7.59208e-05 1.48188e-05 0.000646111 -8.3682e-19
22.68 0 -2.07983e-18 -9.79426e-05 4.32103e-05 -0.000833527 3.53165e-20
22.7 0 -1.91175e-18 -0.000257657 6.91619e-05 -0.00219275 -7.10377e-18
22.72 0 2.69495e-18 -0.000398016 9.19601e-05 -0.00338726 2.59909e-18
22.74 0 -4.97358e-19 -0.000518676 0.000110991 -0.00441411 -1.26088e-18
22.76 0 3.31565e-19 -0.000621717 0.000126105 -0.00529103 -6.39335e-19
22.78 0 1.8483e-19 -0.000708531 0.000137986 -0.00602985 -5.62886e-19
22.8 0 1.22123e-19 -0.000778047 0.000147649 -0.00662145 -1.32193e-19
22.82 0 -6.22216e-19 -0.000826773 0.000155306 -0.00703613 -9.08049e-20
22.84 0 1.2772e-19 -0.000849878 0.000159871 -0.00723276 2.70011e-19
22.86 0 -1.11843e-18 -0.000842498 0.000159633 -0.00716996 1.43243e-19
22.88 0 -1.2302e-19 -0.00080099 0.00015328 -0.00681671 2.37461e-19
22.9 0 2.4521e-19 -0.000724245 0.00014049 -0.00616358 6.11343e-19
22.92 0 2.82291e-20 -0.000614796 0.000122004 -0.00523213 7.71622e-19
22.94 0 -1.0253e-18 -0.000478871 9.9386e-05 -0.00407536 -8.6241e-19
22.96 0 -6.1255e-19 -0.000325446 7.46118e-05 -0.00276966 -5.19491e-18
22.98 0 3.25298e-19 -0.000164574 4.95906e-05 -0.00140058 2.9738e-18
23 0 9.52009e-19 -5.50594e-06 2.57166e-05 -4.6859e-05 3.65293e-18
23.02 0 -8.57377e-18 0.000144696 3.62801e-06 0.00123141 -1.55021e-17
23.04 0 4.13815e-18 0.000281863 -1.66301e-05 0.00239875 -1.70709e-18
23.06 0 -3.16517e-18 0.000404474 -3.50779e-05 0.00344221 -4.45445e-18
23.08 0 -3.21314e-18 0.000512416 -5.1356e-05 0.00436084 -5.96243e-18
23.1 0 -1.20821e-17 0.000605088 -6.47889e-05 0.00514951 -2.53095e-17
23.12 0 -4.08957e-18 0.000679891 -7.47967e-05 0.00578611 -8.58334e-18
23.14 0 2.03804e-17 0.000732258 -8.10859e-05 0.00623177 2.02267e-17
23.16 0 -2.11199e-18 0.000757282 -8.34171e-05 0.00644473 3.42736e-18
23.18 0 1.47936e-18 0.000751734 -8.13669e-05 0.00639751 -2.20328e-17
23.2 0 -6.00138e-18 0.000715118 -7.44642e-05 0.00608591 -1.94173e-17
23.22 0 4.84895e-18 0.000649555 -6.2566e-05 0.00552794 2.04641e-18
23.24 0 -3.28351e-18 0.000558836 -4.61379e-05 0.00475589 7.60968e-18
23.26 0 -2.71448e-18 0.000447303 -2.63063e-05 0.00380671 1.33483e-17
23.28 0 -1.58373e-17 0.000319479 -4.67934e-06 0.00271888 -3.11786e-17
23.3 0 1.70322e-17 0.000180367 1.71109e-05 0.00153499 4.03123e-18
23.32 0 -1.99669e-18 3.56142e-05 3.79742e-05 0.000303087 5.63158e-18
23.34 0 -1.45109e-18 -0.000108931 5.76092e-05 -0.000927041 -2.26134e-18
23.36 0 4.93889e-18 -0.000248071 7.62218e-05 -0.00211117 5.26757e-18
23.38 0 4.74484e-18 -0.000377824 9.39349e-05 -0.00321542 1.18114e-17
23.4 0 9.50758e-19 -0.000495293 0.000110279 -0.00421511 2.14202e-18
23.42 0 1.86725e-18 -0.000597878 0.000124108 -0.00508815 -4.51381e-19
23.44 0 -1.68369e-18 -0.000682409 0.000134065 -0.00580754 1.43986e-18
23.46 0 -3.59873e-19 -0.000744955 0.000139255 -0.00633983 1.67496e-18
23.48 0 -6.26778e-18 -0.000781592 0.000139543 -0.00665162 -1.29016e-17
23.5 0 1.42984e-18 -0.000789492 0.000135377 -0.00671885 -3.27355e-18
23.52 0 -2.69048e-18 -0.000767648 0.00012749 -0.00653296 -4.15649e-18
23.54 0 6.14153e-18 -0.000717115 0.00011663 -0.0061029 2.81933e-18
23.56 0 1.42649e-18 -0.000640959 0.000103273 -0.00545478 5.9228e-18
23.58 0 4.22585e-18 -0.000543525 8.75081e-05 -0.00462559 2.69297e-18
23.6 0 1.96086e-18 -0.000429311 6.93038e-05 -0.00365359 -6.23366e-18
23.62 0 8.99456e-18 -0.000302233 4.89155e-05 -0.00257211 9.5794e-18
23.64 0 3.95849e-19 -0.000165613 2.70159e-05 -0.00140943 6.86479e-18
23.66 0 -1.1049e-18 -2.2825e-05 4.54479e-06 -0.00019425 7.3609e-18
23.68 0 1.67229e-18 0.000121901 -1.74511e-05 0.00103742 2.21398e-19
23.7 0 -2.30263e-18 0.000262977 -3.78995e-05 0.00223803 -2.67152e-18
23.72 0 1.60208e-19 0.000393783 -5.5748e-05 0.00335123 3.36386e-19
23.74 0 2.58277e-19 0.000507693 -6.99666e-05 0.00432064 -2.43417e-18
23.76 0 5.32441e-18 0.000599121 -7.96118e-05 0.00509873 -3.7107e-18
23.78 0 4.01917e-18 0.000664139 -8.40907e-05 0.00565205 5.4406e-18
23.8 0 -1.75479e-18 0.000700764 -8.3455e-05 0.00596374 -2.73411e-18
23.82 0 2.86355e-18 0.000708927 -7.83972e-05 0.00603322 2.25123e-17
23.84 0 5.39678e-18 0.000690018 -6.9941e-05 0.0058723 3.76502e-18
23.86 0 5.75178e-18 0.000646291 -5.90428e-05 0.00550016 1.93176e-17
23.88 0 -6.39014e-19 0.000580535 -4.62161e-05 0.00494055 -1.70959e-17
23.9 0 -9.29443e-18 0.000495837 -3.13299e-05 0.00421975 -2.37282e-17
23.92 0 5.7756e-18 0.000395106 -1.38331e-05 0.00336249 -1.01824e-17
23.94 0 5.45852e-18 0.00028077 6.65459e-06 0.00238945 1.15322e-17
23.96 0 2.00371e-18 0.000154977 2.98015e-05 0.00131891 2.63905e-17
23.98 0 -3.3121e-18 2.01884e-05 5.43282e-05 0.000171809 7.44538e-18
24 0 -3.24034e-18 -0.000120004 7.81378e-05 -0.00102128 1.90009e-17
24.02 0 1.63516e-17 -0.000260034 9.89456e-05 -0.00221298 1.85993e-17
24.04 0 5.01464e-18 -0.000392203 0.000115242 -0.00333779 1.83126e-17
24.06 0 3.70655e-18 -0.00050806 0.000126869 -0.00432377 9.01216e-18
24.08 0 3.49757e-18 -0.000601001 0.000134699 -0.00511473 1.09124e-17
24.1 0 7.09127e-18 -0.000668414 0.000139779 -0.00568844 1.55988e-17
24.12 0 1.76921e-18 -0.000711872 0.000142647 -0.00605828 3.81632e-18
24.14 0 -1.34831e-19 -0.000735173 0.000143176 -0.00625658 7.24673e-19
24.16 0 -2.56947e-19 -0.000741311 0.000140872 -0.00630882 -1.62128e-18
24.18 0 2.66281e-19 -0.000730353 0.000135356 -0.00621556 -4.61862e-19
24.2 0 2.26866e-18 -0.000699804 0.000126595 -0.00595558 -6.18184e-18
24.22 0 -4.61754e-18 -0.0006471 0.000114703 -0.00550705 -6.98557e-19
24.24 0 -6.32016e-18 -0.000572059 9.97249e-05 -0.00486842 -1.08903e-17
24.26 0 -2.73526e-18 -0.000477378 8.17662e-05 -0.00406265 -9.98265e-19
24.28 0 -9.50981e-19 -0.000367399 6.13041e-05 -0.0031267 -1.16061e-18
24.3 0 -2.10928e-19 -0.000246702 3.93455e-05 -0.00209952 3.93841e-19
24.32 0 2.50807e-18 -0.000119631 1.73916e-05 -0.0010181 6.4379e-18
24.34 0 -2.72341e-18 9.12146e-06 -2.81007e-06 7.76252e-05 -6.72607e-18
24.36 0 -4.35319e-20 0.0001339 -1.97793e-05 0.00113954 -1.91667e-18
24.38 0 7.9473e-19 0.000248535 -3.28176e-05 0.00211512 -2.79745e-18
24.4 0 3.84156e-19 0.00034781 -4.2146e-05 0.00295999 -2.39293e-18
24.42 0 2.41251e-18 0.000428829 -4.86197e-05 0.00364948 2.21435e-18
24.44 0 -6.92648e-18 0.000491217 -5.32067e-05 0.00418043 -9.61788e-18
24.46 0 2.65812e-18 0.000536038 -5.64333e-05 0.00456187 -4.86774e-18
24.48 0 -1.85428e-19 0.000564111 -5.81012e-05 0.00480078 -9.4777e-18
24.5 0 -1.44678e-17 0.000574897 -5.75027e-05 0.00489257 -2.79628e-17
24.52 0 -7.33919e-18 0.000566849 -5.39088e-05 0.00482409 -2.26585e-17
24.54 0 4.52254e-18 0.0005389 -4.68646e-05 0.00458622 -1.18447e-17
24.56 0 1.35324e-17 0.000491647 -3.62051e-05 0.00418409 -3.82432e-18
24.58 0 -9.29062e-18 0.000427291 -2.21479e-05 0.0036364 -1.84178e-17
24.6 0 6.92447e-20 0.000348613 -5.5644e-06 0.00296682 -7.60678e-18
24.62 0 -1.29524e-17 0.000258203 1.19796e-05 0.0021974 -1.1576e-17
24.64 0 1.89646e-17 0.000158677 2.87029e-05 0.0013504 2.4893e-17
24.66 0 4.58827e-18 5.34901e-05 4.33148e-05 0.000455218 2.82215e-17
24.68 0 -9.76875e-18 -5.26287e-05 5.54504e-05 -0.00044789 1.42946e-17
24.7 0 2.27552e-18 -0.000154422 6.55668e-05 -0.00131418 2.63343e-18
24.72 0 -1.73102e-19 -0.000247607 7.43655e-05 -0.00210722 9.01727e-19
24.74 0 1.29207e-18 -0.000329754 8.21824e-05 -0.00280632 1.01058e-17
24.76 0 2.03588e-18 -0.000399791 8.88508e-05 -0.00340237 5.00581e-18
24.78 0 -1.31043e-18 -0.000456911 9.3996e-05 -0.00388847 2.44957e-18
24.8 0 -3.07564e-18 -0.000499997 9.7241e-05 -0.00425515 1.48604e-19
24.82 0 3.46652e-18 -0.000527828 9.81536e-05 -0.004492 8.08104e-18
24.84 0 2.94178e-18 -0.000539554 9.63006e-05 -0.00459179 9.19618e-18
24.86 0 -1.68505e-18 -0.000535007 9.15494e-05 -0.0045531 2.54961e-19
24.88 0 -3.20783e-18 -0.000514769 8.42407e-05 -0.00438086 -1.40525e-17
24.9 0 -3.29792e-19 -0.000480036 7.49996e-05 -0.00408527 7.864e-18
24.92 0 -3.96428e-18 -0.000432391 6.44794e-05 -0.0036798 1.17104e-17
24.94 0 -7.54922e-18 -0.000373514 5.33397e-05 -0.00317874 5.16783e-18
24.96 0 -8.26584e-18 -0.000304992 4.22706e-05 -0.00259559 -9.11313e-18
24.98 0 4.79133e-18 -0.000228491 3.18036e-05 -0.00194454 -8.41347e-18
25 0 5.73758e-18 -0.000146177 2.20887e-05 -0.00124402 5.26333e-18
25.02 0 -1.15624e-18 -6.09935e-05 1.29724e-05 -0.000519077 3.04283e-18
25.04 0 -1.48721e-18 2.34669e-05 4.34812e-06 0.00019971 2.36452e-18
25.06 0 -6.55536e-19 0.000103443 -3.54054e-06 0.000880333 1.7546e-18
25.08 0 1.56986e-18 0.000175556 -1.00508e-05 0.00149404 -7.04007e-19
25.1 0 -1.73725e-18 0.000237143 -1.43958e-05 0.00201817 -1.14286e-17
25.12 0 6.16846e-19 0.000286296 -1.60906e-05 0.00243648 -1.25865e-17
25.14 0 -6.49177e-19 0.000321794 -1.52193e-05 0.00273858 -1.84832e-17
25.16 0 3.26169e-18 0.000343168 -1.22357e-05 0.00292048 1.76014e-17
25.18 0 -6.33344e-18 0.00035079 -7.54668e-06 0.00298534 3.56711e-18
25.2 0 -1.91028e-17 0.000345741 -1.33249e-06 0.00294237 -6.13086e-17
25.22 0 -1.38102e-17 0.000329385 6.34626e-06 0.00280318 -1.85953e-17
25.24 0 2.34369e-17 0.00030281 1.53956e-05 0.00257702 9.14378e-18
25.26 0 7.14906e-18 0.000266444 2.55903e-05 0.00226753 5.52414e-17
25.28 0 -6.98522e-18 0.000220145 3.65376e-05 0.00187351 3.6858e-17
25.3 0 -6.74448e-19 0.000163887 4.77432e-05 0.00139473 1.73313e-17
25.32 0 -2.49936e-17 9.87799e-05 5.87005e-05 0.00084065 -5.10073e-17
25.34 0 -1.80632e-17 2.7679e-05 6.88273e-05 0.000235556 -5.44333e-17
25.36 0 -2.1486e-17 -4.51565e-05 7.73196e-05 -0.000384299 -6.16692e-17
25.38 0 1.11137e-17 -0.000115086 8.32378e-05 -0.000979428 9.28758e-18
25.4 0 2.99323e-18 -0.000178064 8.59063e-05 -0.00151539 6.20575e-18
25.42 0 -9.47455e-18 -0.00023113 8.5297e-05 -0.001967 1.31077e-17
25.44 0 -4.0463e-18 -0.000272488 8.20183e-05 -0.00231897 -1.80012e-18
25.46 0 2.61673e-18 -0.000301353 7.69241e-05 -0.00256462 2.49172e-18
25.48 0 1.51343e-18 -0.000317775 7.0696e-05 -0.00270438 -3.88674e-19
25.5 0 2.22111e-18 -0.000322491 6.36713e-05 -0.00274451 5.18322e-19
25.52 0 -4.40251e-18 -0.000316728 5.59253e-05 -0.00269547 -1.36332e-17
25.54 0 6.03386e-18 -0.000301888 4.74229e-05 -0.00256917 6.64095e-18
25.56 0 5.74643e-18 -0.000279182 3.80605e-05 -0.00237594 2.93439e-17
25.58 0 -4.1148e-18 -0.000249352 2.76634e-05 -0.00212207 2.06485e-17
25.6 0 3.39985e-18 -0.000212581 1.61425e-05 -0.00180914 1.98648e-17
25.62 0 4.76501e-18 -0.000168764 3.78843e-06 -0.00143624 1.4266e-17
25.64 0 3.62215e-19 -0.000118144 -8.57211e-06 -0.00100545 1.40867e-17
25.66 0 3.16321e-18 -6.2048e-05 -1.97203e-05 -0.000528052 1.79849e-17
25.68 0 -8.17852e-19 -3.19414e-06 -2.84083e-05 -2.71849e-05 2.3287e-17
25.7 0 -4.34229e-18 5.47172e-05 -3.37336e-05 0.000465661 8.47685e-18
25.72 0 1.25447e-17 0.000107972 -3.53747e-05 0.000918881 1.31623e-17
25.74 0 2.52421e-18 0.000153858 -3.35937e-05 0.00130939 9.66405e-19
25.76 0 9.10054e-18 0.000191099 -2.91226e-05 0.00162632 4.62519e-18
25.78 0 1.13648e-18 0.000219482 -2.30398e-05 0.00186787 -8.36316e-19
25.8 0 2.78821e-18 0.000239176 -1.64877e-05 0.00203547 -5.5058e-18
25.82 0 6.48851e-18 0.000250389 -1.01932e-05 0.00213089 5.08015e-18
25.84 0 2.2683e-18 0.000253456 -4.12269e-06 0.002157 1.93363e-17
25.86 0 7.27346e-18 0.000249004 2.36224e-06 0.00211911 2.1017e-17
25.88 0 7.75451e-18 0.000237956 1.00039e-05 0.00202509 2.40577e-17
25.9 0 9.78532e-18 0.000221339 1.9263e-05 0.00188367 5.48043e-17
25.92 0 1.93544e-18 0.000199864 3.01859e-05 0.00170091 1.26469e-17
25.94 0 5.36467e-18 0.00017349 4.23632e-05 0.00147646 8.58304e-19
25.96 0 1.41567e-18 0.000141394 5.49803e-05 0.00120331 1.68432e-18
25.98 0 1.86447e-17 0.000102472 6.70453e-05 0.000872073 4.2857e-17
26 0 -1.28306e-17 5.61361e-05 7.76484e-05 0.000477736 -5.11002e-17
26.02 0 6.43414e-19 3.09982e-06 8.61017e-05 2.63789e-05 -4.39376e-17
26.04 0 4.23802e-18 -5.41984e-05 9.20209e-05 -0.000461249 -4.51386e-17
26.06 0 2.83453e-17 -0.000111957 9.5339e-05 -0.000952799 4.80289e-17
26.08 0 -9.66356e-18 -0.000166116 9.61476e-05 -0.00141371 2.72054e-17
26.1 0 -8.83232e-19 -0.000213472 9.44879e-05 -0.00181672 1.05833e-17
26.12 0 -1.09094e-18 -0.00025199 9.04618e-05 -0.00214452 1.16551e-17
26.14 0 -1.32264e-18 -0.000280357 8.461e-05 -0.00238594 1.18953e-17
26.16 0 -3.30976e-18 -0.000297714 7.79748e-05 -0.00253365 4.67873e-18
26.18 0 -9.29146e-19 -0.000304081 7.15565e-05 -0.00258784 -9.96202e-19
26.2 0 -3.77257e-19 -0.00030096 6.56138e-05 -0.00256128 7.27491e-19
26.22 0 -2.62376e-18 -0.00029121 5.95197e-05 -0.0024783 6.7117e-19
26.24 0 3.10863e-18 -0.000277869 5.23283e-05 -0.00236476 1.13012e-18
26.26 0 9.29979e-18 -0.0002625 4.35563e-05 -0.00223397 3.76447e-17
26.28 0 -3.65005e-18 -0.000244344 3.3548e-05 -0.00207945 2.57799e-17
26.3 0 2.94635e-18 -0.000221198 2.31796e-05 -0.00188247 7.72563e-18
26.32 0 -1.6941e-17 -0.000191443 1.32727e-05 -0.00162924 -1.99118e-17
26.34 0 7.00176e-18 -0.0001555 4.35102e-06 -0.00132336 -5.56416e-18
26.36 0 1.50009e-17 -0.00011576 -3.09572e-06 -0.000985158 2.3011e-17
26.38 0 -1.89274e-17 -7.5429e-05 -8.33259e-06 -0.000641929 -1.33741e-17
26.4 0 -9.74702e-18 -3.72949e-05 -1.05216e-05 -0.000317394 1.57783e-18
26.42 0 7.36002e-20 -3.08826e-06 -9.18841e-06 -2.62838e-05 1.1268e-17
26.44 0 -4.70322e-18 2.64086e-05 -4.58641e-06 0.000224745 -9.1295e-18
26.46 0 1.12365e-18 5.08977e-05 2.24921e-06 0.000433156 -5.13548e-18
26.48 0 2.23911e-19 7.033e-05 9.74436e-06 0.000598531 -5.99578e-19
26.5 0 2.09928e-18 8.50878e-05 1.6314e-05 0.000724125 -5.7939e-18
26.52 0 4.44199e-18 9.61634e-05 2.10062e-05 0.000818383 8.81366e-18
26.54 0 6.86871e-18 0.000104882 2.39057e-05 0.000892584 2.09714e-17
26.56 0 2.25289e-18 0.000112193 2.59866e-05 0.000954798 1.23316e-17
26.58 0 -3.05038e-18 0.000117993 2.85287e-05 0.00100416 3.88169e-18
26.6 0 -3.89793e-19 0.000121021 3.25231e-05 0.00102993 -1.07486e-17
26.62 0 -1.5662e-17 0.000119482 3.83638e-05 0.00101683 -7.37778e-17
26.64 0 6.2457e-18 0.00011205 4.58187e-05 0.000953582 -3.4993e-17
26.66 0 1.32178e-17 9.84879e-05 5.41402e-05 0.000838164 -4.21134e-17
26.68 0 7.00064e-18 7.94765e-05 6.22343e-05 0.000676371 -1.98671e-18
26.7 0 -4.92613e-18 5.59827e-05 6.88917e-05 0.00047643 1.44558e-17
26.72 0 -2.1258e-17 2.88878e-05 7.30757e-05 0.000245843 -3.05638e-17
26.74 0 2.25391e-18 -8.30205e-07 7.41557e-05 -7.06693e-06 1.75442e-17
26.76 0 9.90338e-18 -3.16866e-05 7.19956e-05 -0.000269666 3.78489e-17
26.78 0 -2.46266e-18 -6.15314e-05 6.6978e-05 -0.000523656 1.57975e-17
26.8 0 -1.76889e-18 -8.78507e-05 6.0022e-05 -0.000747642 7.85116e-18
26.82 0 9.50217e-18 -0.00010842 5.24525e-05 -0.000922697 3.02071e-17
26.84 0 -4.23856e-19 -0.000122034 4.55509e-05 -0.00103855 1.63576e-17
26.86 0 -1.99226e-18 -0.000128922 3.99847e-05 -0.00109717 1.36365e-18
26.88 0 -2.43541e-19 -0.000130598 3.55728e-05 -0.00111144 -5.88751e-19
26.9 0 4.0806e-18 -0.00012924 3.15621e-05 -0.00109988 -5.28753e-18
26.92 0 -4.44341e-19 -0.000126987 2.71355e-05 -0.00108071 2.48316e-18
26.94 0 -3.45905e-18 -0.000125346 2.17642e-05 -0.00106674 6.2896e-18
26.96 0 -1.91871e-18 -0.000124676 1.53135e-05 -0.00106103 8.27882e-18
26.98 0 -7.16485e-18 -0.000123906 8.04833e-06 -0.00105448 1.30744e-17
27 0 -9.62502e-18 -0.000120813 6.14248e-07 -0.00102816 -1.87797e-17
27.02 0 4.57618e-18 -0.000112902 -6.08782e-06 -0.000960841 -2.80434e-17
27.04 0 8.6816e-18 -9.84882e-05 -1.11579e-05 -0.00083817 6.187e-19
27.06 0 4.57003e-18 -7.74712e-05 -1.39355e-05 -0.000659308 1.82148e-17
27.08 0 -9.68967e-19 -5.14983e-05 -1.40713e-05 -0.00043827 3.76589e-18
27.1 0 -5.9866e-18 -2.35197e-05 -1.14946e-05 -0.000200163 1.56721e-18
27.12 0 -2.77228e-18 2.97634e-06 -6.44489e-06 2.53281e-05 -7.57405e-18
27.14 0 3.12097e-19 2.47831e-05 4.31554e-07 0.000210911 -5.56465e-18
27.16 0 -9.88361e-19 3.97806e-05 8.07848e-06 0.000338545 -4.12494e-18
27.18 0 -4.07762e-19 4.76912e-05 1.52871e-05 0.000405867 6.97988e-19
27.2 0 -2.8905e-18 5.04215e-05 2.11608e-05 0.000429103 1.25331e-18
27.22 0 3.17145e-18 5.14572e-05 2.54704e-05 0.000437917 -6.05123e-18
27.24 0 -1.04944e-17 5.43118e-05 2.86287e-05 0.00046221 -1.50381e-17
27.26 0 2.05883e-18 6.08712e-05 3.13419e-05 0.000518034 4.85831e-18
27.28 0 -3.19032e-18 7.0656e-05 3.42599e-05 0.000601306 9.89286e-19
27.3 0 9.12252e-18 8.12957e-05 3.78372e-05 0.000691853 1.49602e-17
27.32 0 1.33654e-17 8.96508e-05 4.23297e-05 0.000762958 2.09246e-17
27.34 0 -1.45464e-17 9.28302e-05 4.77518e-05 0.000790016 3.26975e-17
27.36 0 -9.45079e-18 8.87785e-05 5.37608e-05 0.000755535 -2.57629e-17
27.38 0 6.12343e-19 7.65753e-05 5.96185e-05 0.000651681 -9.90607e-18
27.4 0 1.59978e-17 5.66746e-05 6.43604e-05 0.000482319 -4.72572e-18
27.42 0 -1.28784e-17 3.10496e-05 6.70938e-05 0.000264241 -3.32478e-17
27.44 0 -6.26931e-18 2.92564e-06 6.72388e-05 2.48966e-05 -2.4257e-17
27.46 0 -1.20384e-17 -2.40583e-05 6.4687e-05 -0.000204746 -2.43096e-17
27.48 0 5.69394e-18 -4.69774e-05 5.98646e-05 -0.000399796 -1.00766e-17
27.5 0 2.91419e-18 -6.4434e-05 5.36389e-05 -0.000548357 -1.25895e-17
27.52 0 1.39222e-18 -7.66578e-05 4.70688e-05 -0.000652386 -1.08937e-17
27.54 0 6.90157e-18 -8.50072e-05 4.10941e-05 -0.000723443 1.37187e-17
27.56 0 -6.93024e-19 -9.12643e-05 3.62829e-05 -0.000776693 6.96394e-18
27.58 0 -2.