0.02 -0.285179 0.00737399 -0.680704 0.0134055 -0.680704 0.00737399
0.04 -2.08297 0.135762 -8.45101 0.145383 -8.45101 0.135762
0.06 -6.0977 1.18461 -40.1473 0.661255 -40.1473 1.18461
0.08 -4.60119 5.96555 -104.365 1.78984 -104.365 5.96555
0.1 27.3788 21.8138 -166.09 3.55497 -166.09 21.8138
0.12 121.641 63.1288 -155.194 6.05479 -155.194 63.1288
0.14 281.639 143.27 -35.9736 8.77873 -35.9736 143.27
0.16 456.849 248.704 144.097 7.92813 144.097 248.704
0.18 564.531 321.5 295.232 -4.72609 295.232 321.5
0.2 544.988 286.972 367.748 -37.5366 367.748 286.972
0.22 397.834 117.955 378.518 -92.2969 378.518 117.955
0.24 171.766 -123.324 365.142 -162.254 365.142 -123.324
0.26 -72.0162 -323.199 339.321 -236.595 339.321 -323.199
0.28 -288.051 -416.823 295.076 -305.848 295.076 -416.823
0.3 -449.2 -441.91 250.574 -362.951 250.574 -441.91
0.32 -532.877 -469.908 264.71 -401.78 264.71 -469.908
0.34 -520.454 -502.852 399.981 -418.223 399.981 -502.852
0.36 -427.033 -483.863 659.71 -413.707 659.71 -483.863
0.38 -330.991 -400.631 957.841 -396.925 957.841 -400.631
0.4 -352.064 -320.726 1156.92 -382.764 1156.92 -320.726
0.42 -579.564 -317.31 1150.48 -390.056 1150.48 -317.31
0.44 -1013.47 -415.025 927.86 -436.042 927.86 -415.025
0.46 -1562.42 -616.145 585.834 -525.109 585.834 -616.145
0.48 -2081.39 -901.363 292.906 -638.606 292.906 -901.363
0.5 -2426.27 -1157.5 204.589 -738.734 204.589 -1157.5
0.52 -2529.77 -1177.52 337.151 -790.217 337.151 -1177.52
0.54 -2467.28 -842.072 504.299 -786.384 504.299 -842.072
0.56 -2424.07 -323.546 445.487 -758.522 445.487 -323.546
0.58 -2538.61 -39.4453 78.5191 -755.305 78.5191 -39.4453
0.6 -2747.72 -303.266 -383.939 -801.297 -383.939 -303.266
0.62 -2796.27 -969.06 -607.198 -868.691 -607.198 -969.06
0.64 -2428.64 -1480.72 -444.07 -892.848 -444.07 -1480.72
0.66 -1599.53 -1379.02 -77.9497 -819.3 -77.9497 -1379.02
0.68 -502.35 -756.58 146.271 -637.547 146.271 -756.58
0.7 628.663 -121.832 53.3416 -377.641 53.3416 -121.832
0.72 1748.14 162.779 -177.259 -83.5283 -177.259 162.779
0.74 3006.51 178.976 -158.193 215.252 -158.193 178.976
0.76 4519.14 205.565 342.79 520.003 342.79 205.565
0.78 6161.87 360.728 1151.26 856.054 1151.26 360.728
0.8 7625.75 564.403 1789.18 1243.53 1789.18 564.403
0.82 8669.97 697.669 1868.87 1671.48 1868.87 697.669
0.84 9322.48 681.17 1460.14 2104.12 1460.14 681.17
0.86 9857.92 512.805 1100.59 2513.05 1100.59 512.805
0.88 10565.5 353.95 1361.69 2897.32 1361.69 353.95
0.9 11461 472.755 2285.08 3267.62 2285.08 472.755
0.92 12181.6 929.043 3242.1 3613.82 3242.1 929.043
0.94 12228 1350.85 3455.61 3893.62 3455.61 1350.85
0.96 11412.6 1206.19 2737.41 4055.7 2737.41 1206.19
0.98 10095.5 367.181 1710.58 4075.97 1710.58 367.181
1 8944.27 -695.15 1318.02 3974.17 1318.02 -695.15
1.02 8404.49 -1387.68 2228.14 3800.07 2228.14 -1387.68
1.04 8273.27 -1580.89 4418.15 3613.63 4418.15 -1580.89
1.06 7626.76 -1488.22 6438.37 3469.89 6438.37 -1488.22
1.08 5345.73 -1102.28 5577.25 3363.01 5577.25 -1102.28
1.1 1285.32 -235.123 668.939 3149.62 668.939 -235.123
1.12 -2979.99 900.056 -5414.31 2612.37 -5414.31 900.056
1.14 -5236.26 1626.32 -7902.04 1684.66 -7902.04 1626.32
1.16 -4804.98 1470.24 -4993.95 564.183 -4993.95 1470.24
1.18 -3298.03 710.629 132.345 -443.263 132.345 710.629
1.2 -3001.65 88.5021 2399.96 -1148.8 2399.96 88.5021
1.22 -4655.3 -21.5471 -18.2311 -1578.11 -18.2311 -21.5471
1.24 -6896.17 123.086 -4015.55 -1945.15 -4015.55 123.086
1.26 -7859.66 256.852 -5426.56 -2504.69 -5426.56 256.852
1.28 -7185.38 530.872 -3814.38 -3337.68 -3814.38 530.872
1.3 -6149.31 1035.03 -2368.63 -4281.1 -2368.63 1035.03
1.32 -5825.46 1314.55 -3496.72 -5062.13 -3496.72 1314.55
1.34 -5627.14 843.643 -5874.19 -5435.74 -5874.19 843.643
1.36 -3956.39 -169.072 -6122.65 -5244.05 -6122.65 -169.072
1.38 -23.8805 -975.437 -2295.61 -4479.74 -2295.61 -975.437
1.4 5108.94 -1314.16 4473.07 -3278.97 4473.07 -1314.16
1.42 8992.4 -1536.8 10114.2 -1786.44 10114.2 -1536.8
1.44 9442.46 -1553.77 9638.89 -134.507 9638.89 -1553.77
1.46 6620.39 -641.053 1995.97 1394.85 1995.97 -641.053
1.48 3637.75 1261.42 -6868.32 2437.65 -6868.32 1261.42
1.5 4040.27 2918.23 -8910.19 2954.22 -8910.19 2918.23
1.52 8180.38 3006.45 -2613.39 3379.12 -2613.39 3006.45
1.54 12856.4 1467.2 5539.95 4219.59 5539.95 1467.2
1.56 14890.5 -600.862 8636.48 5640.08 8636.48 -600.862
1.58 14254 -1891.09 6317.49 7423.56 6317.49 -1891.09
1.6 13255.5 -1609.82 3541.27 9064.22 3541.27 -1609.82
1.62 13379.1 44.5266 4126.47 9905.83 4126.47 44.5266
1.64 13599.6 1772.97 6805.18 9532.98 6805.18 1772.97
1.66 11700 2100.42 7159.37 8132.21 7159.37 2100.42
1.68 6943.42 826.231 2711.78 6312.5 2711.78 826.231
1.7 1320.38 -706.697 -4000.78 4607.16 -4000.78 -706.697
1.72 -1999.36 -968.519 -7519.16 3257.27 -7519.16 -968.519
1.74 -1627.67 282.42 -4820.59 2274.92 -4820.59 282.42
1.76 627.326 1767.35 1610.14 1468.47 1610.14 1767.35
1.78 1389.51 1771.61 6231.25 506.208 6231.25 1771.61
1.8 -1244.61 -164.919 5542.28 -853.561 5542.28 -164.919
1.82 -6233.27 -2378.1 573.745 -2620.6 573.745 -2378.1
1.84 -10865.2 -2429.73 -4816.68 -4671.92 -4816.68 -2429.73
1.86 -13242 193.095 -7303.51 -6834.85 -7303.51 193.095
1.88 -13625.4 3126.06 -6270.24 -8818.86 -6270.24 3126.06
1.9 -13729.2 3385.01 -3686.59 -10231.5 -3686.59 3385.01
1.92 -14897 413.605 -2085.53 -10789.7 -2085.53 413.605
1.94 -16903.1 -3385.11 -2370.18 -10497.1 -2370.18 -3385.11
1.96 -18395.3 -4957.67 -3443.62 -9625.74 -3443.62 -4957.67
1.98 -18404.1 -3286.29 -3812.22 -8587.98 -3812.22 -3286.29
2 -17327.4 -121.921 -3242.99 -7771.66 -3242.99 -121.921
2.02 -16433.7 1636.77 -2799.16 -7322.69 -2799.16 1636.77
2.04 -16480.1 509.252 -3534.43 -7002.1 -3534.43 509.252
2.06 -16838.3 -2252.35 -5321.43 -6320.69 -5321.43 -2252.35
2.08 -15937 -3859.4 -6839.74 -4891.84 -6839.74 -3859.4
2.1 -12599.7 -2613.56 -6664.15 -2697.24 -6664.15 -2613.56
2.12 -7080.94 567.113 -4543.34 -88.2881 -4543.34 567.113
2.14 -860.045 3116.23 -1669.19 2409.19 -1669.19 3116.23
2.16 4626.88 3238.12 481.578 4358.71 481.578 3238.12
2.18 9099.62 1475.94 1581.92 5621.58 1581.92 1475.94
2.2 13286.2 6.42793 2537.01 6376.62 2537.01 6.42793
2.22 17730.8 410.814 4167.05 6935.7 4167.05 410.814
2.24 21916.6 2185.4 6082.39 7519.63 6082.39 2185.4
2.26 24678.3 3411.63 7021.84 8159.19 7021.84 3411.63
2.28 25428.4 2685.35 6302.24 8739.2 6302.24 2685.35
2.3 24870.1 368.561 4795.11 9114.45 4795.11 368.561
2.32 24440.8 -1768.3 4199.29 9215.84 4199.29 -1768.3
2.34 25018.5 -2039.99 5321.26 9073.48 5321.26 -2039.99
2.36 26148.6 -282.365 7369.63 8748.85 7369.63 -282.365
2.38 26471.5 1948.41 8889.64 8267.93 8889.64 1948.41
2.4 24816.7 2698.22 8936.48 7637.12 8936.48 2698.22
2.42 20985.4 1351.25 7420 6890.57 7420 1351.25
2.44 15790.4 -853.685 4957.35 6072.8 4957.35 -853.685
2.46 10466.1 -2040.48 2549.08 5182.94 2549.08 -2040.48
2.48 5823.74 -1400.86 929.994 4171.27 929.994 -1400.86
2.5 1769.11 298.202 -38.5149 2975.34 -38.5149 298.202
2.52 -2353 1633.75 -1185.74 1544.58 -1185.74 1633.75
2.54 -6907.2 1708.75 -3045.81 -113.89 -3045.81 1708.75
2.56 -11465.1 672.879 -5043.02 -1874.75 -5043.02 672.879
2.58 -15155.7 -527.782 -5908.62 -3530.28 -5908.62 -527.782
2.6 -17558.2 -958.52 -5207.57 -4927.06 -5207.57 -958.52
2.62 -19215 -534.299 -4245.32 -6055.85 -4245.32 -534.299
2.64 -21048.1 -90.6114 -4836.66 -7023.99 -4836.66 -90.6114
2.66 -23175.2 -502.972 -7121.42 -7955.23 -7121.42 -502.972
2.68 -24545 -1686.33 -9271.62 -8859.05 -9271.62 -1686.33
2.7 -23923 -2451.18 -9604.5 -9564.01 -9604.5 -2451.18
2.72 -21071.3 -1497.1 -8366.73 -9832.51 -8366.73 -1497.1
2.74 -16830.2 1153.43 -7043.85 -9561.67 -7043.85 1153.43
2.76 -12234.6 3714.58 -6392.6 -8832.89 -6392.6 3714.58
2.78 -7715.48 4072.82 -5674.92 -7784.02 -5674.92 4072.82
2.8 -3045.64 1947.46 -3773.17 -6489.28 -3773.17 1947.46
2.82 2086.84 -705.75 -795.949 -4945.66 -795.949 -705.75
2.84 7531.52 -1762.5 1692.55 -3124.46 1692.55 -1762.5
2.86 12845.4 -1049.95 2363.74 -1037 2363.74 -1049.95
2.88 18039.1 -15.8525 1997.94 1241.66 1997.94 -15.8525
2.9 23793 307.99 3115.01 3634.17 3115.01 307.99
2.92 30520.4 304.09 7412.29 6129.01 7412.29 304.09
2.94 37259.5 750.649 13760.9 8733.37 13760.9 750.649
2.96 41841.7 1459.13 18829.4 11351.3 18829.4 1459.13
2.98 42408.4 1325.67 19660.1 13735.2 19660.1 1325.67
3 38955.5 -413.463 16082.3 15558.6 16082.3 -413.463
3.02 33550.1 -3213.57 11122.5 16565.9 11122.5 -3213.57
3.04 28887.9 -5490.82 8749.05 16730.8 8749.05 -5490.82
3.06 26198.1 -5839.27 10426.3 16287.5 10426.3 -5839.27
3.08 24295.5 -4209.26 13674.7 15538.3 13674.7 -4209.26
3.1 20795.1 -2056.61 14413.2 14599.8 14413.2 -2056.61
3.12 14439.4 -1101.16 10927.6 13348.1 10927.6 -1101.16
3.14 6273.88 -1647.3 5441.86 11554.5 5441.86 -1647.3
3.16 -1488.17 -2351.35 1803.98 9013.84 1803.98 -2351.35
3.18 -7741.64 -2004.75 1689.82 5628.23 1689.82 -2004.75
3.2 -13560 -1155.67 2951.98 1510.21 2951.98 -1155.67
3.22 -20891.2 -1255.25 1691.83 -3003.3 1691.83 -1255.25
3.24 -30187.8 -2458.47 -3791.51 -7526.41 -3791.51 -2458.47
3.26 -39541.9 -3263.64 -11111.9 -11811.7 -11111.9 -3263.64
3.28 -46336.6 -2456.78 -16108.7 -15739.6 -16108.7 -2456.78
3.3 -49588.7 -526.387 -16915.2 -19207.1 -16915.2 -526.387
3.32 -50464.4 1156.66 -15375.9 -22107.3 -15375.9 1156.66
3.34 -50713.1 1885.57 -14682.2 -24362.5 -14682.2 1885.57
3.36 -50973 1984.16 -16265.9 -25911 -16265.9 1984.16
3.38 -50519.1 2042.52 -19025.4 -26697.6 -19025.4 2042.52
3.4 -48170.7 2160.75 -20808.7 -26694.3 -20808.7 2160.75
3.42 -43201.2 1964.34 -20155.2 -25855.4 -20155.2 1964.34
3.44 -35636.6 1294.16 -17033.2 -24041.3 -17033.2 1294.16
3.46 -26084.1 699.625 -12595.5 -21077.9 -12595.5 699.625
3.48 -15410.4 991.859 -8338.38 -16938.4 -8338.38 991.859
3.5 -4419.8 2321.87 -5142.07 -11846.2 -5142.07 2321.87
3.52 6378.06 3917.09 -2844.15 -6200.71 -2844.15 3917.09
3.54 16807.1 4725.61 -607.097 -411.495 -607.097 4725.61
3.56 26882.8 4195.59 2409.62 5253.87 2409.62 4195.59
3.58 36606.7 2601.75 6598.55 10735.6 6598.55 2601.75
3.6 45754.3 913.56 11648.2 16102.1 11648.2 913.56
3.62 53701.8 190.061 16394.2 21355.1 16394.2 190.061
3.64 59519.2 614.06 19210.2 26276.8 19210.2 614.06
3.66 62548.4 1066.72 19242.8 30468.1 19242.8 1066.72
3.68 63129.3 168.024 17537 33554.4 17537 168.024
3.7 62608.6 -1970.81 16461 35375 16461 -1970.81
3.72 62266.9 -3444.18 17535.9 35993.5 17535.9 -3444.18
3.74 62075.6 -2491.58 20011.7 35549.7 20011.7 -2491.58
3.76 60602.5 417.194 21798.2 34109.1 21798.2 417.194
3.78 56166.8 2870.03 21402.6 31627.8 21402.6 2870.03
3.8 48068.8 2850.77 18716.3 28018.1 18716.3 2850.77
3.82 36926.8 496.176 14531.1 23244.7 14531.1 496.176
3.84 24165.8 -2309.06 9878.79 17409.1 9878.79 -2309.06
3.86 11176.8 -3612.15 5481.57 10775.8 5481.57 -3612.15
3.88 -1346.95 -2758.42 1312.46 3693.65 1312.46 -2758.42
3.9 -13437.2 -755.008 -3101.92 -3530.94 -3101.92 -755.008
3.92 -25214.7 448.729 -7677.24 -10647.6 -7677.24 448.729
3.94 -36286.7 -479.797 -11460.1 -17350.2 -11460.1 -479.797
3.96 -45860.7 -2966.58 -13701.7 -23240.3 -13701.7 -2966.58
3.98 -53355.3 -4905.21 -14950.8 -27971.2 -14950.8 -4905.21
4 -58726.9 -4553.45 -16658.6 -31406.3 -16658.6 -4553.45
4.02 -62186.3 -2089.96 -19754.9 -33621 -19754.9 -2089.96
4.04 -63665.3 691.873 -23723.3 -34774.7 -23723.3 691.873
4.06 -62540.3 2163.2 -26859.5 -34954.2 -26859.5 2163.2
4.08 -57887.3 2304.53 -27352.1 -34063.6 -27352.1 2304.53
4.1 -49194.7 2364.98 -24456 -31858.1 -24456 2364.98
4.12 -36997.8 3188.68 -18907.3 -28142.9 -18907.3 3188.68
4.14 -22774.8 4239.46 -12201.5 -22975.6 -12201.5 4239.46
4.16 -8143.6 4450.51 -5521.36 -16698.2 -5521.36 4450.51
4.18 5811.56 3550.21 568.068 -9812.76 568.068 3550.21
4.2 18550.9 2041.24 5749.05 -2813 5749.05 2041.24
4.22 29828.8 255.569 9849.18 3967.79 9849.18 255.569
4.24 39687.4 -1779.29 13092.4 10446.5 13092.4 -1779.29
4.26 48487.1 -3649.05 15981.8 16728.4 15981.8 -3649.05
4.28 56618.7 -4588.33 18887.7 22910.4 18887.7 -4588.33
4.3 64129.9 -4393.27 22052.1 28916.4 22052.1 -4393.27
4.32 70627.6 -3727.27 25717.6 34476 25717.6 -3727.27
4.34 75354.5 -3381.88 29636.7 39186.1 29636.7 -3381.88
4.36 77324.2 -3560.87 32585.7 42591 32585.7 -3560.87
4.38 75717.9 -3777.07 33017.3 44290.5 33017.3 -3777.07
4.4 70412.8 -3133.53 30344.6 44042.7 30344.6 -3133.53
4.42 62017.3 -950.06 25351.8 41778.2 25351.8 -950.06
4.44 51281.4 2418.79 19424.8 37537.1 19424.8 2418.79
4.46 38596.9 5347.94 13708.5 31441.3 13708.5 5347.94
4.48 24139.9 5855.39 9016.79 23748.7 9016.79 5855.39
4.5 8282.53 3141.63 5971.68 14886.3 5971.68 3141.63
4.52 -8414.66 -1565.49 4496.95 5365.46 4496.95 -1565.49
4.54 -25616.3 -5728.81 3226.49 -4374.44 3226.49 -5728.81
4.56 -43364.2 -7268.14 214.063 -14080.7 214.063 -7268.14
4.58 -61686.5 -5991.97 -5334.84 -23690.7 -5334.84 -5991.97
4.6 -80226.6 -3638.56 -12331.9 -33191.6 -12331.9 -3638.56
4.62 -98373.6 -2422.17 -19081.8 -42383.4 -19081.8 -2422.17
4.64 -115557 -3167.84 -25144.8 -50754.4 -25144.8 -3167.84
4.66 -131150 -4812.57 -31576.4 -57628.6 -31576.4 -4812.57
4.68 -144043 -5819.83 -39040.4 -62461.6 -39040.4 -5819.83
4.7 -152474 -5764.79 -45905.7 -65017.6 -45905.7 -5764.79
4.72 -154656 -5274.23 -49012.7 -65339.3 -49012.7 -5274.23
4.74 -149966 -4845.74 -46846.6 -63597.2 -46846.6 -4845.74
4.76 -139577 -4189.27 -41536.4 -59945.2 -41536.4 -4189.27
4.78 -125598 -2488.59 -37061.8 -54485.2 -37061.8 -2488.59
4.8 -109423 980.103 -35473.1 -47360.2 -35473.1 980.103
4.82 -91093.4 6152.34 -35227.7 -38861.4 -35227.7 6152.34
4.84 -70292 11739.7 -33236.3 -29415.5 -33236.3 11739.7
4.86 -47651.3 15683.9 -28176.8 -19455.4 -28176.8 15683.9
4.88 -24781.5 16344 -21557 -9291.7 -21557 16344
4.9 -2989.95 13404.1 -15652.5 918.8 -15652.5 13404.1
4.92 17916 8059.02 -10819.5 11125 -10819.5 8059.02
4.94 39425.1 2773.6 -5253.64 21310.3 -5253.64 2773.6
4.96 62749.2 489.422 2571.44 31401.3 2571.44 489.422
4.98 87280.8 3001.68 11669.7 41156.6 11669.7 3001.68
5 110553 9469.62 19118.3 50115.2 19118.3 9469.62
5.02 129766 16696.5 22716.3 57693.2 22716.3 16696.5
5.04 143485 21286.7 22816.9 63384.2 22816.9 21286.7
5.06 152117 21856.7 21748.6 66929.6 21748.6 21856.7
5.08 157055 19552.7 21800.6 68365.1 21800.6 19552.7
5.1 159446 16787.8 23680.6 67923.2 23680.6 16787.8
5.12 159513 15360.1 26584.5 65821.3 26584.5 15360.1
5.14 156714 15298.8 29600.2 62067.4 29600.2 15298.8
5.16 150285 15232.6 32870.2 56470.1 32870.2 15232.6
5.18 139455 13908.5 37026.3 48856.7 37026.3 13908.5
5.2 123197 11323.3 41486.1 39255.6 41486.1 11323.3
5.22 100134 8129.01 43939.7 27865.3 43939.7 8129.01
5.24 69182.4 3856.72 42079.4 14938.1 42079.4 3856.72
5.26 30630.2 -3778.49 35778.8 811.083 35778.8 -3778.49
5.28 -13186.8 -16899.4 27423.7 -13914.8 27423.7 -16899.4
5.3 -58205.4 -34240.2 20288 -28277.9 20288 -34240.2
5.32 -100037 -50285.4 16374.2 -41130.8 16374.2 -50285.4
5.34 -135941 -58506.2 14841.3 -51576.5 14841.3 -58506.2
5.36 -166040 -55973.7 11880.4 -59491.4 11880.4 -55973.7
5.38 -192462 -44873.1 2832.93 -65769.8 2832.93 -44873.1
5.4 -216773 -29474.5 -14177.1 -71721.6 -14177.1 -29474.5
5.42 -238055 -12287.2 -36021.8 -77704 -36021.8 -12287.2
5.44 -253706 5146.52 -56410.7 -82583.8 -56410.7 5146.52
5.46 -262113 18468.5 -70517.2 -85072.1 -70517.2 18468.5
5.48 -263671 21052 -77747.5 -85289.5 -77747.5 21052
5.5 -258508 10557.3 -80174.5 -84461.7 -80174.5 10557.3
5.52 -243991 -5891.38 -79102.7 -83115.2 -79102.7 -5891.38
5.54 -215937 -16090.7 -73883.2 -80127.8 -73883.2 -16090.7
5.56 -172604 -12915.6 -63849.5 -73887 -63849.5 -12915.6
5.58 -116853 1687.73 -50246.4 -64084.1 -50246.4 1687.73
5.6 -54413.4 21525.4 -35336.9 -52067.2 -35336.9 21525.4
5.62 8959.58 41230.7 -19893.5 -39601.4 -19893.5 41230.7
5.64 68250.4 56175.5 -2960.96 -27540.5 -2960.96 56175.5
5.66 118510 61396.6 15178.8 -15609.1 15178.8 61396.6
5.68 155436 54193.3 31064.8 -3116.42 31064.8 54193.3
5.7 177610 37610.2 40599.8 10399 40599.8 37610.2
5.72 187764 19373.1 43381.1 25116.8 43381.1 19373.1
5.74 190995 6574.54 43464.6 41008.5 43464.6 6574.54
5.76 191179 1573.24 45547.3 57493.6 45547.3 1573.24
5.78 188660 2493.41 50665.6 73077.5 50665.6 2493.41
5.8 180763 6476.13 55433.6 85783.2 55433.6 6476.13
5.82 164107 11982.8 54896.5 94269.7 54896.5 11982.8
5.84 136744 18348 46129.1 98498.6 46129.1 18348
5.86 99018.6 23885.7 29917.5 99101.1 29917.5 23885.7
5.88 53310.3 25763.1 9732.79 96088.7 9732.79 25763.1
5.9 3352.2 22661.1 -10921.2 88480.4 -10921.2 22661.1
5.92 -46519.9 16940.1 -30460.7 75384.1 -30460.7 16940.1
5.94 -92122.4 13285.7 -48729.6 57212.5 -48729.6 13285.7
5.96 -130106 15420.5 -65092.7 35537.4 -65092.7 15420.5
5.98 -158598 24106.8 -77927 11800.8 -77927 24106.8
6 -177765 36692.1 -85935.9 -13616.6 -85935.9 36692.1
6.02 -189722 46951.5 -88724.4 -41053.2 -88724.4 46951.5
6.04 -197255 46265.2 -85961.7 -70426.4 -85961.7 46265.2
6.06 -201910 28193.7 -77775.8 -100356 -77775.8 28193.7
6.08 -202508 -5006.74 -66262.9 -128152 -66262.9 -5006.74
6.1 -194823 -39742.2 -54358.8 -150538 -54358.8 -39742.2
6.12 -173298 -57350.1 -42928 -164626 -42928 -57350.1
6.14 -135297 -46963.7 -31497.7 -168703 -31497.7 -46963.7
6.16 -84749.7 -14969 -21934.5 -162619 -21934.5 -14969
6.18 -30056.1 17967.5 -17243.4 -147595 -17243.4 17967.5
6.2 23353.5 31086.2 -14549.6 -125395 -14549.6 31086.2
6.22 77954.8 17742.5 -2581.72 -97555.5 -2581.72 17742.5
6.24 140724 -12006.6 30418.1 -65450.2 30418.1 -12006.6
6.26 212829 -42337.1 70487.6 -30149.1 70487.6 -42337.1
6.28 282949 -64152.4 78062.1 8723.98 78062.1 -64152.4
6.3 332849 -75621.9 64201.3 52355.8 64201.3 -75621.9
6.32 352676 -75741.5 20054.8 100320 20054.8 -75741.5
6.34 349294 -62294.9 -60610.6 150913 -60610.6 -62294.9
6.36 343599 -36897.3 -132692 203578 -132692 -36897.3
6.38 353996 -8622.69 -161659 258551 -161659 -8622.69
6.4 377677 11659.2 -147320 312463 -147320 11659.2
6.42 397489 18378.8 -132003 356869 -132003 18378.8
6.44 403393 10924.7 -129217 384256 -129217 10924.7
6.46 400812 -6943.97 -115418 391628 -115418 -6943.97
6.48 395158 -24739.1 -74162.4 377787 -74162.4 -24739.1
6.5 373580 -31281 -30966.1 343740 -30966.1 -31281
6.52 312963 -24995.5 -33300.4 296835 -33300.4 -24995.5
6.54 205574 -14230.1 -103942 249542 -103942 -14230.1
6.56 71418.9 -7200.01 -210060 212422 -210060 -7200.01
6.58 -53260.7 -3729.3 -286035 188860 -286035 -3729.3
6.6 -140640 1388.2 -290629 173779 -290629 1388.2
6.62 -188381 8270.21 -238839 155696 -238839 8270.21
6.64 -213810 9450.95 -175626 122476 -175626 9450.95
6.66 -232889 -205.873 -130209 68263 -130209 -205.873
6.68 -247964 -14452.3 -100667 -3562.68 -100667 -14452.3
6.7 -254181 -20358.2 -69902 -83672.8 -69902 -20358.2
6.72 -251905 -10919.7 -29661.9 -162266 -29661.9 -10919.7
6.74 -250401 9382.21 10911.4 -231834 10911.4 9382.21
6.76 -261322 30377.1 37003.7 -286999 37003.7 30377.1
6.78 -290185 44625.3 42639.1 -323731 42639.1 44625.3
6.8 -332807 50254.9 31195.8 -339990 31195.8 50254.9
6.82 -378304 48881 6943.45 -338400 6943.45 48881
6.84 -413408 42789.5 -24839.1 -327008 -24839.1 42789.5
6.86 -425857 33265.2 -46318.6 -313789 -46318.6 33265.2
6.88 -408802 20749.1 -36991.8 -300748 -36991.8 20749.1
6.9 -362764 6964.26 586.832 -286513 586.832 6964.26
6.92 -295160 -3195.52 53439 -272425 53439 -3195.52
6.94 -217398 -3885.72 105421 -261454 105421 -3885.72
6.96 -140529 6398.6 139106 -252724 139106 6398.6
6.98 -72109.5 22074.5 149863 -240860 149863 22074.5
7 -14486.6 32420.3 144859 -219011 144859 32420.3
7.02 34486.4 27842.9 135615 -181069 135615 27842.9
7.04 78400.7 8214.6 127436 -124385 127436 8214.6
7.06 119510 -15732.1 118365 -51583.1 118365 -15732.1
7.08 158672 -31934.8 104932 31217.2 104932 -31934.8
7.1 195736 -36073.7 87234.5 116061 87234.5 -36073.7
7.12 229278 -30906.6 68398.2 192724 68398.2 -30906.6
7.14 257520 -20512.8 51626 250361 51626 -20512.8
7.16 279636 -7095.78 38594 282365 38594 -7095.78
7.18 295195 8082.22 29725.9 289643 29725.9 8082.22
7.2 303436 22636.1 23233.5 278678 23233.5 22636.1
7.22 304352 32607.3 22365.3 257054 22365.3 32607.3
7.24 297649 33204.6 31787.4 231682 31787.4 33204.6
7.26 280654 21048 48978.3 208870 48978.3 21048
7.28 248534 -1872.92 62795.5 192515 62795.5 -1872.92
7.3 197788 -26662.2 57375.4 182321 57375.4 -26662.2
7.32 131015 -42203.2 26616.7 175195 26616.7 -42203.2
7.34 57173.9 -42278.2 -20627.1 167408 -20627.1 -42278.2
7.36 -13086.6 -27871.3 -68004.3 154271 -68004.3 -27871.3
7.38 -72400.7 -4081.16 -102956 129072 -102956 -4081.16
7.4 -117802 23334.3 -120928 85222.8 -120928 23334.3
7.42 -149396 48841.8 -123408 21563.8 -123408 48841.8
7.44 -169325 67102.8 -114483 -54399.2 -114483 67102.8
7.46 -181066 74257.9 -98850.1 -129684 -98850.1 74257.9
7.48 -188125 69753.7 -80880.8 -192837 -80880.8 69753.7
7.5 -192959 56577.5 -61114 -238192 -61114 56577.5
7.52 -197126 39532.5 -40467.7 -264980 -40467.7 39532.5
7.54 -202253 22841.7 -23674 -274474 -23674 22841.7
7.56 -210328 8525.91 -15924.2 -268733 -15924.2 8525.91
7.58 -222130 -3252.54 -23230.3 -251132 -23230.3 -3252.54
7.6 -233943 -12129.1 -45644.6 -226336 -45644.6 -12129.1
7.62 -235682 -16645.9 -69130 -198421 -69130 -16645.9
7.64 -215253 -16164.8 -71515.3 -169250 -71515.3 -16164.8
7.66 -168047 -12457.2 -41577.1 -139642 -41577.1 -12457.2
7.68 -102137 -8438.49 8862.33 -111571 8862.33 -8438.49
7.7 -32686.6 -6402.25 55617.5 -87301.7 55617.5 -6402.25
7.72 28535.6 -8162.41 82887.6 -65752 82887.6 -8162.41
7.74 78049.3 -15287.4 91917.7 -40598.2 91917.7 -15287.4
7.76 117578 -27141.6 92663.9 -3534.41 92663.9 -27141.6
7.78 149034 -39342.7 91418 49065.5 91418 -39342.7
7.8 172810 -46127.9 86977.9 112197 86977.9 -46127.9
7.82 188894 -44382.1 75679.8 174726 75679.8 -44382.1
7.84 198360 -35052.6 56612.1 225393 56612.1 -35052.6
7.86 204008 -21734.5 33313.1 257081 33313.1 -21734.5
7.88 209501 -8574.72 14107.4 267460 14107.4 -8574.72
7.9 217599 1488.93 5873.61 257823 5873.61 1488.93
7.92 228511 7915.96 11667.2 232237 11667.2 7915.96
7.94 239085 12252.8 31058.9 197059 31058.9 12252.8
7.96 241873 15854 54534.4 159522 54534.4 15854
7.98 226200 17821.3 63665.4 125332 63665.4 17821.3
8 184865 16175.5 43179.1 97044 43179.1 16175.5
8.02 121869 11189.5 -3936.14 74565.2 -3936.14 11189.5
8.04 51835.6 6377.31 -56964.5 56586.9 -56964.5 6377.31
8.06 -9887.07 5699.19 -94356.5 40796.7 -94356.5 5699.19
8.08 -56253.1 10567.2 -109317 22998.1 -109317 10567.2
8.1 -88867.6 19734.4 -109544 -2200.77 -109544 19734.4
8.12 -112442 30722.6 -105137 -37914.5 -105137 30722.6
8.14 -130350 40622.2 -99109.2 -81622.8 -99109.2 40622.2
8.16 -144390 46849.2 -88591.7 -125934 -88591.7 46849.2
8.18 -156830 48300.8 -72287.9 -163221 -72287.9 48300.8
8.2 -171375 45310.3 -54933.9 -189496 -54933.9 45310.3
8.22 -191692 38045.2 -44446.7 -204237 -44446.7 38045.2
8.24 -218680 25595 -45373.3 -207711 -45373.3 25595
8.26 -248688 7365.14 -54974.6 -199436 -54974.6 7365.14
8.28 -274137 -14609.2 -65896.1 -179150 -65896.1 -14609.2
8.3 -286467 -35201.5 -70163.3 -148656 -70163.3 -35201.5
8.32 -279429 -48491 -61570.5 -112451 -61570.5 -48491
8.34 -251749 -50898.9 -39421.3 -76747.6 -39421.3 -50898.9
8.36 -208188 -42625.5 -10564.8 -47724.8 -10564.8 -42625.5
8.38 -157042 -26752.2 14758.3 -29763.6 14758.3 -26752.2
8.4 -105520 -7240.21 30598.1 -24053.5 30598.1 -7240.21
8.42 -57336.4 12153.7 38076.3 -27982.4 38076.3 12153.7
8.44 -14181.4 26560.4 41735.4 -35076.9 41735.4 26560.4
8.46 22437.6 28829.4 45394.1 -35544.5 45394.1 28829.4
8.48 51702.7 13510.4 51002.7 -19659.2 51002.7 13510.4
8.5 74926.6 -15691.6 58302.7 15669.9 58302.7 -15691.6
8.52 95343.4 -44653.1 64307.5 62841.1 64307.5 -44653.1
8.54 115964 -58326.7 65015.7 107489 65015.7 -58326.7
8.56 137694 -51688.3 59038.2 137285 59038.2 -51688.3
8.58 159469 -30394.7 48274.6 147374 48274.6 -30394.7
8.6 179591 -2689.36 35562.4 139399 35562.4 -2689.36
8.62 196238 26091.1 24476.7 118171 24476.7 26091.1
8.64 207009 51722.5 17852.1 89972.7 17852.1 51722.5
8.66 208409 68439.3 15877.8 61950.8 15877.8 68439.3
8.68 196257 71058.4 14507.3 40381.9 14507.3 71058.4
8.7 168182 59113.1 7311.28 28313.6 7311.28 59113.1
8.72 126541 37695.6 -7769.41 24893.8 -7769.41 37695.6
8.74 78231 14464.1 -26508.5 26997.8 -26508.5 14464.1
8.76 30916.4 -4004.77 -42859.6 31306.1 -42859.6 -4004.77
8.78 -10630.9 -14177.5 -54010.6 35076.5 -54010.6 -14177.5
8.8 -44917.5 -15056.8 -60745 35604.5 -60745 -15056.8
8.82 -72121.8 -5905.68 -65211.6 29359.1 -65211.6 -5905.68
8.84 -93323.4 13942.3 -69373.3 12510.8 -69373.3 13942.3
8.86 -110689 40749.8 -73892.2 -15915.6 -73892.2 40749.8
8.88 -127009 63829 -77096.5 -51139.7 -77096.5 63829
8.9 -144397 71845.9 -76239.1 -84538.3 -76239.1 71845.9
8.92 -163224 61917.9 -70817 -109054 -70817 61917.9
8.94 -182282 40143.5 -62663.3 -122116 -62663.3 40143.5
8.96 -199581 14234.5 -54867.2 -124087 -54867.2 14234.5
8.98 -212517 -11558.1 -49539.4 -116069 -49539.4 -11558.1
9 -217624 -34839 -44448.1 -100159 -44448.1 -34839
9.02 -211053 -51993.6 -35101.6 -80621.9 -35101.6 -51993.6
9.04 -190883 -58837.9 -19728.8 -63069.4 -19728.8 -58837.9
9.06 -159380 -53548.3 -2650.69 -51771.8 -2650.69 -53548.3
9.08 -121762 -37931.2 8641.61 -47727.3 8641.61 -37931.2
9.1 -82210 -16621.6 11404.6 -49012 11404.6 -16621.6
9.12 -41626.3 4055.41 11178.2 -52384.1 11178.2 4055.41
9.14 307.586 17522.2 16549.4 -54379.2 16549.4 17522.2
9.16 41722.5 18981.4 30589.7 -51182 30589.7 18981.4
9.18 78070.4 7053.14 48009 -38184.5 48009 7053.14
9.2 105106 -14954.1 60066.6 -11564.8 60066.6 -14954.1
9.22 122295 -38403.4 61474.6 27678.8 61474.6 -38403.4
9.24 133363 -52618.3 53396.3 71563.2 53396.3 -52618.3
9.26 143318 -52478.4 41500.1 108806 41500.1 -52478.4
9.28 154807 -42646.8 31485 131558 31485 -42646.8
9.3 167482 -31852.8 25108.7 138909 25108.7 -31852.8
9.32 180415 -22825.5 21682.2 135117 21682.2 -22825.5
9.34 193504 -10341.9 21599.9 125825 21599.9 -10341.9
9.36 205546 9598.2 25817.5 115765 25817.5 9598.2
9.38 211350 31131.8 32149.1 108111 32149.1 31131.8
9.4 202729 42125.8 32656.3 103944 32656.3 42125.8
9.42 174831 36289.7 19450.5 101909 19450.5 36289.7
9.44 131687 19529.2 -6232.65 99213.6 -6232.65 19529.2
9.46 84143.6 3938.98 -34034.8 93563.8 -34034.8 3938.98
9.48 41824.1 -2762.61 -53867.4 84236.4 -53867.4 -2762.61
9.5 7644.78 -1341.63 -63634.7 71620.7 -63634.7 -1341.63
9.52 -20508.4 3566.14 -67658.2 56116.4 -67658.2 3566.14
9.54 -45006.7 10155.3 -70274 37253.9 -70274 10155.3
9.56 -66576.7 20510.3 -72720.8 13668 -72720.8 20510.3
9.58 -85798.6 35318.7 -74605.5 -15477.1 -74605.5 35318.7
9.6 -104485 49677.7 -75765.8 -48644 -75765.8 49677.7
9.62 -124815 56024.2 -76420.9 -81805 -76420.9 56024.2
9.64 -147436 50433.9 -76760.1 -110156 -76760.1 50433.9
9.66 -170741 34617 -76785.9 -129808 -76785.9 34617
9.68 -191744 12797.5 -75811.3 -138501 -75811.3 12797.5
9.7 -207172 -10948.4 -72599.8 -135916 -72599.8 -10948.4
9.72 -213898 -32007.4 -67538.4 -124047 -67538.4 -32007.4
9.74 -209278 -44502.2 -61450 -107063 -61450 -44502.2
9.76 -191865 -44003.3 -54075.6 -89915.5 -54075.6 -44003.3
9.78 -162506 -31488.4 -45239.9 -76254.6 -45239.9 -31488.4
9.8 -124646 -13646.6 -35601.3 -67077.1 -35601.3 -13646.6
9.82 -82535.9 1310.29 -25820.3 -60760.6 -25820.3 1310.29
9.84 -38844.5 8338.18 -14353.5 -53878.6 -14353.5 8338.18
9.86 5516.4 7070.83 1534.81 -42120.6 1534.81 7070.83
9.88 49172.9 211.743 21767.1 -21613.4 21767.1 211.743
9.9 88762.4 -8981.52 41078.5 8976.21 41078.5 -8981.52
9.92 120354 -18284 52112.2 46812.6 52112.2 -18284
9.94 142451 -26359.8 51421.3 85579 51421.3 -26359.8
9.96 157399 -31513.3 42273.1 118378 42273.1 -31513.3
9.98 169697 -31260 31604 140732 31604 -31260
10 182638 -23917.3 24505.4 151736 24505.4 -23917.3
10.02 196174 -10873.1 21191.9 153261 21191.9 -10873.1
10.04 207707 3228.16 18851.8 148387 18851.8 3228.16
10.06 214769 13328.4 16512.2 140184 16512.2 13328.4
10.08 216796 17402.5 16807 131052 16807 17402.5
10.1 213973 17286.3 22326.2 122318 22326.2 17286.3
10.12 204404 16343.1 29576.7 113974 29576.7 16343.1
10.14 183779 16368.7 28942.2 104892 28942.2 16368.7
10.16 149168 16466 13497.3 93583.8 13497.3 16466
10.18 102920 14669.7 -13743.1 78909.1 -13743.1 14669.7
10.2 52056.4 10617.1 -42340.2 60243.4 -42340.2 10617.1
10.22 3880.06 6425.64 -63058.4 37563.9 -63058.4 6425.64
10.24 -37660.8 4764.42 -73139.5 11890.6 -73139.5 4764.42
10.26 -72399.7 6317.76 -75283.5 -14736.6 -75283.5 6317.76
10.28 -102259 9526.39 -74017.5 -40276.9 -74017.5 9526.39
10.3 -129245 12473.1 -72820.6 -63610.7 -72820.6 12473.1
10.32 -154109 14233.6 -72703.7 -84279.8 -72703.7 14233.6
10.34 -176303 14472.2 -72623.2 -101571 -72623.2 14472.2
10.36 -195075 12673.8 -71695.6 -114208 -71695.6 12673.8
10.38 -210238 8292.68 -71021.1 -120964 -71021.1 8292.68
10.4 -221596 1414.03 -72863.9 -121443 -72863.9 1414.03
10.42 -227713 -6970.75 -77074.2 -116251 -77074.2 -6970.75
10.44 -225425 -15222.2 -80346.8 -106634 -80346.8 -15222.2
10.46 -211039 -21562.2 -78048.5 -94072 -78048.5 -21562.2
10.48 -182530 -24624.7 -65938.1 -80047.6 -65938.1 -24624.7
10.5 -141422 -23884.7 -45008.8 -65898.6 -45008.8 -23884.7
10.52 -92704 -19843.3 -22044.7 -52396.6 -22044.7 -19843.3
10.54 -42051 -13827.2 -3419.37 -39032.9 -3419.37 -13827.2
10.56 7024.31 -7348.49 9621.01 -23980.9 9621.01 -7348.49
10.58 53072.9 -1611.97 19347.8 -5423.43 19347.8 -1611.97
10.6 94674.6 2154.9 26748.3 16946.9 26748.3 2154.9
10.62 129956 2204.7 30799.3 41871.5 30799.3 2204.7
10.64 158150 -2948.34 31559.3 67617 31559.3 -2948.34
10.66 180466 -12521.8 31547.7 92688.8 31547.7 -12521.8
10.68 198852 -22446.2 33280.8 115631 33280.8 -22446.2
10.7 214149 -27156 36599.2 134692 36599.2 -27156
10.72 225391 -23180.9 38947.3 148035 38947.3 -23180.9
10.74 230603 -11549.8 36564.1 154320 36564.1 -11549.8
10.76 227940 2957.72 28945.8 153185 28945.8 2957.72
10.78 216662 15024.7 20054.1 145443 20054.1 15024.7
10.8 196811 21936.1 12156.6 132851 12156.6 21936.1
10.82 168123 24194.2 3602.56 117552 3602.56 24194.2
10.84 130387 23297.7 -8695.36 101529 -8695.36 23297.7
10.86 84861.9 19452.9 -25252.2 86153.3 -25252.2 19452.9
10.88 34842.4 12240.1 -42961 71653.8 -42961 12240.1
10.9 -15392.9 3294.91 -58333.8 56708.2 -58333.8 3294.91
10.92 -61978 -2923.09 -69947.6 39024.7 -69947.6 -2923.09
10.94 -102332 -1998.25 -78154.1 16872.2 -78154.1 -1998.25
10.96 -135615 6565.13 -83741.7 -9932.18 -83741.7 6565.13
10.98 -162568 18266.3 -87210 -40288.3 -87210 18266.3
11 -184376 26488.2 -88310.7 -72330.6 -88310.7 26488.2
11.02 -201460 27003.4 -86159.6 -103417 -86159.6 27003.4
11.04 -213470 20478.7 -80681.7 -130176 -80681.7 20478.7
11.06 -220265 11269.3 -73571.5 -149350 -73571.5 11269.3
11.08 -222445 3920.7 -67946.5 -159015 -67946.5 3920.7
11.1 -220533 316.932 -67552.9 -159176 -67552.9 316.932
11.12 -213736 -676.202 -72679.8 -151411 -72679.8 -676.202
11.14 -199359 -1654.98 -77750 -137896 -77750 -1654.98
11.16 -173658 -4704.16 -73693.4 -120552 -73693.4 -4704.16
11.18 -134790 -9872.3 -54964.4 -100998 -54964.4 -9872.3
11.2 -85441.9 -14930.5 -25942.3 -80866.9 -25942.3 -14930.5
11.22 -31751.3 -17175.8 2874.51 -61415.4 2874.51 -17175.8
11.24 20551.1 -16060.8 24044.9 -42417.1 24044.9 -16060.8
11.26 68330.3 -13767.5 37197.4 -21859.9 37197.4 -13767.5
11.28 109998 -12961.3 44871.4 2559.71 44871.4 -12961.3
11.3 144148 -14364.7 47830.2 31592.8 47830.2 -14364.7
11.32 169964 -16619.5 45479.4 64177.8 45479.4 -16619.5
11.34 187990 -17955.5 38543.3 98405.8 38543.3 -17955.5
11.36 199755 -17813.8 29425.7 132068 29425.7 -17813.8
11.38 206915 -17372.1 20950.2 162454 20950.2 -17372.1
11.4 211019 -18671.3 15833.7 186429 15833.7 -18671.3
11.42 213567 -22542.3 15616 201308 15616 -22542.3
11.44 215449 -26782.4 20638.6 205826 20638.6 -26782.4
11.46 215863 -26800.9 29401.6 200343 29401.6 -26800.9
11.48 211738 -18884.3 36641.7 186351 36641.7 -18884.3
11.5 198089 -3436.26 34543.5 165914 34543.5 -3436.26
11.52 170422 14376.3 17800.5 141482 17800.5 14376.3
11.54 128271 27010 -10702.3 115796 -10702.3 27010
11.56 76016.9 28942.7 -41379.9 91247.8 -41379.9 28942.7
11.58 20130.9 20794.5 -66209.1 68756.4 -66209.1 20794.5
11.6 -33857.6 9379.11 -83655 47168.6 -83655 9379.11
11.62 -81911.3 2294.22 -95270 24109.8 -95270 2294.22
11.64 -121134 2032.45 -100754 -2333.52 -100754 2032.45
11.66 -150412 6071.92 -98891.2 -32678.6 -98891.2 6071.92
11.68 -170903 12012.6 -91409.9 -66228.4 -91409.9 12012.6
11.7 -184991 20507.4 -82830.7 -101404 -82830.7 20507.4
11.72 -194924 32446.3 -76588.4 -135682 -76588.4 32446.3
11.74 -202669 44825.3 -73060.9 -165650 -73060.9 44825.3
11.76 -210194 51131.6 -71129.4 -187717 -71129.4 51131.6
11.78 -218838 46226.5 -69418.2 -199190 -69418.2 46226.5
11.8 -228191 30624.9 -67901.3 -198970 -67901.3 30624.9
11.82 -235588 10219.9 -69169.9 -187619 -69169.9 10219.9
11.84 -236497 -7833.1 -73511.8 -167138 -73511.8 -7833.1
11.86 -225052 -19291.1 -74635 -140627 -74635 -19291.1
11.88 -196253 -23874.2 -63177.9 -111814 -63177.9 -23874.2
11.9 -150009 -23291.3 -35926.1 -84372.4 -35926.1 -23291.3
11.92 -92720.1 -19141.8 -790.933 -60880.6 -790.933 -19141.8
11.94 -33852.7 -12934.1 29541.7 -41659.1 29541.7 -12934.1
11.96 19352.7 -7156.52 47285.1 -24426.1 47285.1 -7156.52
11.98 64145.4 -4947.32 53064.9 -5456.36 53064.9 -4947.32
12 101040 -8220.8 52116.6 18416.7 52116.6 -8220.8
12.02 131663 -16352.2 48981.2 48384.4 48981.2 -16352.2
12.04 157319 -26532.4 44941.3 83412.5 44941.3 -26532.4
12.06 178535 -35139.2 38629 120635 38629 -35139.2
12.08 195595 -39427 28659.3 155976 28659.3 -39427
12.1 209422 -38908.5 16345.7 185068 16345.7 -38908.5
12.12 221618 -35298.6 5850.17 204406 5850.17 -35298.6
12.14 233440 -30716.7 1244.47 212372 1244.47 -30716.7
12.16 244851 -25764.7 3185.92 209566 3185.92 -25764.7
12.18 254254 -19376.5 9211.93 198101 9211.93 -19376.5
12.2 258737 -10520.7 17003.2 180395 17003.2 -10520.7
12.22 254078 -43.0039 22171.6 158705 22171.6 -43.0039
12.24 235229 9244.25 17081.5 135365 17081.5 9244.25
12.26 199358 14434.5 -3215.92 112803 -3215.92 14434.5
12.28 149273 14644 -34982.4 93056.8 -34982.4 14644
12.3 92580.5 11640.1 -67309.9 77129.5 -67309.9 11640.1
12.32 36734.5 8725.87 -91463.8 64330.2 -91463.8 8725.87
12.34 -14630.1 8758.46 -106409 52027.4 -106409 8758.46
12.36 -60781.7 12588.4 -115583 36447.3 -115583 12588.4
12.38 -101043 18956.2 -120737 14319 -120737 18956.2
12.4 -133889 25674.2 -120336 -15555.6 -120336 25674.2
12.42 -158239 30819.2 -112454 -51488.4 -112454 30819.2
12.44 -174801 33241.5 -97839.7 -89165.6 -97839.7 33241.5
12.46 -186165 32724.9 -80541.4 -123045 -80541.4 32724.9
12.48 -195694 29830.1 -66151.3 -148301 -66151.3 29830.1
12.5 -205846 25171.3 -58714.2 -162281 -58714.2 25171.3
12.52 -216975 18805.4 -58092 -164935 -58092 18805.4
12.54 -227538 10572.6 -61592.3 -158250 -61592.3 10572.6
12.56 -235040 1126.79 -68311.6 -145181 -68311.6 1126.79
12.58 -236394 -7518.81 -78509.2 -128736 -78509.2 -7518.81
12.6 -226895 -12816.1 -87788.7 -111338 -87788.7 -12816.1
12.62 -200721 -13343.1 -85493.6 -94490.5 -85493.6 -13343.1
12.64 -155466 -9645.73 -64036.8 -78962.6 -64036.8 -9645.73
12.66 -96173 -3578.48 -28448 -65105.8 -28448 -3578.48
12.68 -33189.5 2570.87 7536.77 -52499.3 7536.77 2570.87
12.7 24333.7 6363.09 33313.6 -39301.2 33313.6 6363.09
12.72 72117.8 5822.71 46907.4 -22825.5 46907.4 5822.71
12.74 109537 664.029 51105.7 -1313.75 51105.7 664.029
12.76 137432 -7458.9 48652.2 25055.5 48652.2 -7458.9
12.78 157434 -16547.5 41818.3 54737.7 41818.3 -16547.5
12.8 171672 -25934.9 33647.8 85707.6 33647.8 -25934.9
12.82 182066 -35743.4 27340.7 115697 27340.7 -35743.4
12.84 189978 -44575.3 24556.9 142176 24556.9 -44575.3
12.86 196288 -48567.7 24877.6 162587 24877.6 -48567.7
12.88 201273 -43777.1 25747.7 174793 25747.7 -43777.1
12.9 203948 -29838.4 25286.7 177456 25286.7 -29838.4
12.92 201935 -11119.9 24993.4 170323 24993.4 -11119.9
12.94 191626 5863.36 24264.4 154691 24264.4 5863.36
12.96 168705 16436.7 17591.5 133547 17591.5 16436.7
12.98 130758 19612.7 -416.2 110784 -416.2 19612.7
13 80245 16682.5 -28603.6 89889.9 -28603.6 16682.5
13.02 24165.7 9279.15 -58493.2 72813.5 -58493.2 9279.15
13.04 -29630.5 -222.836 -81353.4 59189.3 -81353.4 -222.836
13.06 -75731.5 -7484.33 -93855.8 46280.1 -93855.8 -7484.33
13.08 -111919 -7729.61 -97863.9 30101.7 -97863.9 -7729.61
13.1 -138571 505.832 -96969.5 7171.06 -96969.5 505.832
13.12 -157791 13861.5 -93960.1 -24073.8 -93960.1 13861.5
13.14 -172050 26901.4 -89874.6 -62413.3 -89874.6 26901.4
13.16 -182925 36013.9 -84386.3 -103739 -84386.3 36013.9
13.18 -191172 40478.3 -77383.6 -142187 -77383.6 40478.3
13.2 -197712 40586.4 -70309.5 -172158 -70309.5 40586.4
13.22 -203779 36024 -65601 -190017 -65601 36024
13.24 -209894 26672.2 -64594.7 -194759 -64594.7 26672.2
13.26 -214877 14422.9 -67915.8 -187726 -67915.8 14422.9
13.28 -215556 3374.14 -76380.9 -171790 -76380.9 3374.14
13.3 -207135 -2184.91 -86690.4 -150440 -86690.4 -2184.91
13.32 -184151 -357.261 -89574.9 -126915 -89574.9 -357.261
13.34 -143615 7100.54 -76121.5 -103625 -76121.5 7100.54
13.36 -88710.5 15487.4 -46257.4 -82048.3 -46257.4 15487.4
13.38 -28148.8 19276.9 -9375.27 -62686.8 -9375.27 19276.9
13.4 29053.4 14703.1 23943.6 -44790.9 23943.6 14703.1
13.42 77946.7 1873.96 48351.1 -26320.3 48351.1 1873.96
13.44 117360 -14943.3 63047.7 -4638.4 63047.7 -14943.3
13.46 147324 -29830.4 68361.8 22364.8 68361.8 -29830.4
13.48 167770 -39195.9 64828.8 55277.5 64828.8 -39195.9
13.5 178916 -43844.7 54064.7 92605.9 54064.7 -43844.7
13.52 182112 -47050.6 39108.4 130969 39108.4 -47050.6
13.54 180425 -50401.7 24118.6 166141 24118.6 -50401.7
13.56 178186 -51645.9 12028.9 194295 12028.9 -51645.9
13.58 178928 -46938.9 5259.82 212636 5259.82 -46938.9
13.6 183029 -35432.3 4914.24 219432 4914.24 -35432.3
13.62 187447 -21278.3 9560.41 214082 9560.41 -21278.3
13.64 187680 -10394 17420.8 197401 17420.8 -10394
13.66 179018 -5139.14 23482 171755 23482 -5139.14
13.68 157266 -2611.64 18859.1 140874 18859.1 -2611.64
13.7 120858 1452.14 -2550.86 109340 -2550.86 1452.14
13.72 72744.8 7625.71 -37810.9 81425.3 -37810.9 7625.71
13.74 19602.3 12547.7 -76700.3 59257.6 -76700.3 12547.7
13.76 -30868.9 13446.1 -108395 41614.9 -108395 13446.1
13.78 -71920.3 11765.5 -125732 24814.2 -125732 11765.5
13.8 -99265.2 11925.7 -126361 4990.04 -126361 11925.7
13.82 -112995 17118.9 -113325 -20259.3 -113325 17118.9
13.84 -117984 26735.5 -94220 -51373.7 -94220 26735.5
13.86 -120986 37581.8 -77104 -86729.8 -77104 37581.8
13.88 -126655 46987.4 -65836.2 -122906 -65836.2 46987.4
13.9 -136184 54261.2 -59510.8 -155644 -59510.8 54261.2
13.92 -148951 59263.2 -55835.3 -180987 -55835.3 59263.2
13.94 -164392 60632.7 -54122.5 -195978 -54122.5 60632.7
13.96 -182156 56684.5 -55942.5 -199196 -55942.5 56684.5
13.98 -200983 47812.7 -64880.4 -191154 -64880.4 47812.7
14 -217212 36492.5 -79439.5 -173944 -79439.5 36492.5
14.02 -224250 24450.4 -89938.1 -150439 -89938.1 24450.4
14.04 -214667 11012.3 -83505.5 -123935 -83505.5 11012.3
14.06 -185273 -4844.15 -51510.7 -97921.3 -51510.7 -4844.15
14.08 -141092 -20896.5 -2152.93 -75313.5 -2152.93 -20896.5
14.1 -92844.8 -30800.7 43030.7 -57366.1 43030.7 -30800.7
14.12 -49624.8 -28343.8 67177 -43206.1 67177 -28343.8
14.14 -14327.7 -14062.2 69086.3 -30647.6 69086.3 -14062.2
14.16 14557.7 2506.69 60188.4 -17604.8 60188.4 2506.69
14.18 39113.5 8722.07 53059.2 -2715.29 53059.2 8722.07
14.2 60474 -1510.39 53518.3 15174.7 53518.3 -1510.39
14.22 79046.7 -23341 59752.4 37422.6 59752.4 -23341
14.24 94533.9 -46065.9 66088.9 64741 66088.9 -46065.9
14.26 106051 -62262.4 67760.8 95518.8 67760.8 -62262.4
14.28 113258 -71195.6 63692.7 124844 63692.7 -71195.6
14.3 117708 -73635.5 55645.5 145610 55645.5 -73635.5
14.32 122745 -66289.2 43556.3 151806 43556.3 -66289.2
14.34 131532 -44607.7 29495.4 141963 29495.4 -44607.7
14.36 144482 -11237.4 19507.4 120112 19507.4 -11237.4
14.38 157846 21306.8 18041.5 93613.1 18041.5 21306.8
14.4 164412 38773.3 24027.6 69551.8 24027.6 38773.3
14.42 156657 35866.9 28064.7 52166.9 28064.7 35866.9
14.44 131417 19002.4 19712.7 42338.2 19712.7 19002.4
14.46 92626.1 423.905 -2754.8 38154.9 -2754.8 423.905
14.48 49059.3 -9274.54 -32214.6 35599.7 -32214.6 -9274.54
14.5 8700.25 -5298 -60742.6 29828.8 -60742.6 -5298
14.52 -24777.6 10533 -84755 17505.2 -84755 10533
14.54 -50857.4 31461.9 -102858 -1305.65 -102858 31461.9
14.56 -69480.7 49800.4 -112513 -23772.1 -112513 49800.4
14.58 -80513 61312.1 -111082 -46976.7 -111082 61312.1
14.6 -85151.3 66200.5 -99068.2 -69468.2 -99068.2 66200.5
14.62 -86890.6 65540.1 -80745.2 -90045.9 -80745.2 65540.1
14.64 -90754.1 57826 -61198.1 -106210 -61198.1 57826
14.66 -100958 41229 -46416.4 -115098 -46416.4 41229
14.68 -118380 19313.1 -42346.3 -115890 -42346.3 19313.1
14.7 -139332 1510.98 -51488.3 -110474 -51488.3 1510.98
14.72 -156798 -4769.53 -70759.9 -101473 -70759.9 -4769.53
14.74 -162897 -1856.21 -87919.4 -90030.1 -87919.4 -1856.21
14.76 -151495 609.027 -85388.8 -75864.1 -85388.8 609.027
14.78 -121898 -4209.55 -54752 -59148.9 -54752 -4209.55
14.8 -81312.4 -14622.9 -7351.09 -41653.9 -7351.09 -14622.9
14.82 -41527.8 -24750.7 33913.2 -25825.3 33913.2 -24750.7
14.84 -10926.8 -31594.7 54261.3 -13183.5 54261.3 -31594.7
14.86 10206.4 -36116.7 56503.2 -3893.25 56503.2 -36116.7
14.88 26622.4 -39345.6 52372.5 2834.66 52372.5 -39345.6
14.9 42057.9 -40206.8 48957.9 9056.34 48957.9 -40206.8
14.92 56858.9 -37519 45083.4 18553.3 45083.4 -37519
14.94 69928.9 -32908.9 37542.1 35276.1 37542.1 -32908.9
14.96 81464.2 -30732 27554.5 60102.1 27554.5 -30732
14.98 93850.9 -34159.5 21112.3 89089.1 21112.3 -34159.5
15 110178 -40711.9 23971.4 115242 23971.4 -40711.9
15.02 131341 -42454.1 36426.8 132108 36426.8 -42454.1
15.04 153718 -32205.4 51267.6 136082 51267.6 -32205.4
15.06 169755 -10411.9 58129.5 126673 58129.5 -10411.9
15.08 171617 14043.7 50588.3 106207 50588.3 14043.7
15.1 155452 30277.5 27937 79664.7 27937 30277.5
15.12 123861 33698.5 -4500.01 53591.9 -4500.01 33698.5
15.14 84898.4 28842 -37443.9 33599.1 -37443.9 28842
15.16 47783.9 24220.3 -62362.6 22018.6 -62362.6 24220.3
15.18 18060.1 24464.3 -74810.8 17572.8 -74810.8 24464.3
15.2 -4367.51 27648.4 -76109.7 16905.7 -76109.7 27648.4
15.22 -23262.8 29580.3 -71783 16208.4 -71783 29580.3
15.24 -42339.4 29415.5 -67807.5 11653.7 -67807.5 29415.5
15.26 -62923.4 30687.5 -67198.4 -699.707 -67198.4 30687.5
15.28 -84428.9 36900.7 -69533.9 -23679.9 -69533.9 36900.7
15.3 -106338 45999.9 -72802.2 -56204.5 -72802.2 45999.9
15.32 -129053 50468.3 -75282.6 -91874.6 -75282.6 50468.3
15.34 -152626 44548.6 -76378.5 -121785 -76378.5 44548.6
15.36 -175298 30310.7 -76597.1 -139530 -76597.1 30310.7
15.38 -193902 14722.8 -75850.2 -143572 -75850.2 14722.8
15.4 -205298 1980.18 -74072.4 -135728 -74072.4 1980.18
15.42 -207171 -8711.26 -68935.8 -118940 -68935.8 -8711.26
15.44 -197977 -18683.2 -55856 -96829.1 -55856 -18683.2
15.46 -177889 -26739.1 -33994.8 -73965.9 -33994.8 -26739.1
15.48 -150288 -31394 -8675.3 -54888.8 -8675.3 -31394
15.5 -120498 -33326.5 11680.5 -42302.3 11680.5 -33326.5
15.52 -92061.6 -33730.4 22021 -36319.3 22021 -33730.4
15.54 -64494.4 -31890.1 23421 -35130.3 23421 -31890.1
15.56 -34852.2 -26438.4 21463.5 -35593.7 21463.5 -26438.4
15.58 -1036.42 -18762 22467 -33030.3 22467 -18762
15.6 36123.1 -13756.8 29803.3 -21748.6 29803.3 -13756.8
15.62 73108 -15959.4 41646.1 2111.2 41646.1 -15959.4
15.64 105733 -24578.2 51945.1 36960.2 51945.1 -24578.2
15.66 131666 -33099.5 54895 75451.6 54895 -33099.5
15.68 151528 -34323.4 49416.2 108546 49416.2 -34323.4
15.7 167503 -25893.1 39117.2 129993 39117.2 -25893.1
15.72 181073 -11435.4 27636.2 137729 27636.2 -11435.4
15.74 192243 3230.6 18101.1 132857 18101.1 3230.6
15.76 200366 14902.2 12245.1 118566 12245.1 14902.2
15.78 204761 24229.1 10348.9 99621.1 10348.9 24229.1
15.8 203855 32849.5 11428.5 81403.2 11428.5 32849.5
15.82 194391 40259.6 11147 68111.6 11147 40259.6
15.84 172904 43695.3 4717.49 61175.9 4717.49 43695.3
15.86 138579 40412.9 -9131.36 58996.6 -9131.36 40412.9
15.88 94526.8 30157.7 -27160.2 57963.1 -27160.2 30157.7
15.9 46266.4 16452.2 -45010.6 53923.5 -45010.6 16452.2
15.92 -698.597 5571.73 -60392.8 43472.8 -60392.8 5571.73
15.94 -42332.1 2648.48 -72820.4 25074.6 -72820.4 2648.48
15.96 -76459.7 7566.01 -81187.1 -74.6786 -81187.1 7566.01
15.98 -102833 14992.1 -83354.7 -28347.2 -83354.7 14992.1
16 -122883 18971.3 -78577.3 -55376.7 -78577.3 18971.3
16.02 -138871 17637.1 -69353.1 -77817.8 -69353.1 17637.1
16.04 -152851 13864 -60304.1 -93973.2 -60304.1 13864
16.06 -166146 11714.1 -55515.7 -103487 -55515.7 11714.1
16.08 -179376 11927.3 -56703 -106943 -56703 11927.3
16.1 -192387 10551.1 -63102.9 -105622 -63102.9 10551.1
16.12 -203451 2534.1 -71835.5 -101040 -71835.5 2534.1
16.14 -208440 -12622.9 -78822.5 -94286.1 -78822.5 -12622.9
16.16 -201438 -28880.4 -78497.9 -85776.5 -78497.9 -28880.4
16.18 -177724 -37910.9 -65964.4 -75704.4 -65964.4 -37910.9
16.2 -137870 -35688 -42440.3 -64622.8 -42440.3 -35688
16.22 -88687.8 -25131.6 -16157.5 -53381 -16157.5 -25131.6
16.24 -39054.8 -12847.8 3532.39 -42398.3 3532.39 -12847.8
16.26 5573.78 -3710.48 13389.2 -31021.6 13389.2 -3710.48
16.28 44624.1 1595.29 16995.5 -17757.9 16995.5 1595.29
16.3 79510.4 4609.31 19626.7 -1206.54 19626.7 4609.31
16.32 110514 5803.83 23579.6 19210.4 23579.6 5803.83
16.34 136310 3850.89 27608.5 43020.6 27608.5 3850.89
16.36 155556 -2063.76 29145.7 68605.6 29145.7 -2063.76
16.38 168631 -9876.7 27055.6 93177.1 27055.6 -9876.7
16.4 177960 -15046 23156.1 113266 23156.1 -15046
16.42 186341 -13424 20936.8 125868 20936.8 -13424
16.44 194458 -4008.18 21831.7 129634 21831.7 -4008.18
16.46 199727 10416 23924.1 125298 23924.1 10416
16.48 197773 24742.7 23990.9 115213 23990.9 24742.7
16.5 185140 34013.8 19460.5 102351 19460.5 34013.8
16.52 160973 35531.5 10050 89237.6 10050 35531.5
16.54 127196 29596.4 -2070.86 77293.8 -2070.86 29596.4
16.56 87450 18891.3 -14019.8 66595.9 -14019.8 18891.3
16.58 45398.6 7243.09 -24538.1 55866 -24538.1 7243.09
16.6 3631.48 -1764.67 -34499.7 43002.4 -34499.7 -1764.67
16.62 -36129 -6071.71 -44643.8 26264 -44643.8 -6071.71
16.64 -72487.7 -5700.52 -53967 5269.3 -53967 -5700.52
16.66 -104645 -2197.62 -61120 -18968.1 -61120 -2197.62
16.68 -132763 2448.65 -66366.6 -44678.7 -66366.6 2448.65
16.7 -157272 6561.76 -70832.3 -69842.3 -70832.3 6561.76
16.72 -177789 9031.12 -74351.7 -92335.6 -74351.7 9031.12
16.74 -193225 9319.04 -75512.2 -110143 -75512.2 9319.04
16.76 -202933 7362.13 -73991.2 -121835 -73991.2 7362.13
16.78 -207248 3427.52 -71628.1 -126967 -71628.1 3427.52
16.8 -206644 -1954.72 -70327.4 -126028 -70327.4 -1954.72
16.82 -200387 -7862.16 -70221.6 -120055 -70221.6 -7862.16
16.84 -186531 -12889.1 -68384.9 -110210 -68384.9 -12889.1
16.86 -163490 -15576.8 -61030.2 -97489.1 -61030.2 -15576.8
16.88 -131874 -15225.4 -48191.3 -82697.2 -48191.3 -15225.4
16.9 -94686.8 -12268.4 -33980.2 -66561.4 -33980.2 -12268.4
16.92 -55169.8 -7865.32 -22034 -49642.7 -22034 -7865.32
16.94 -14816.2 -3269.28 -11472 -32113.2 -11472 -3269.28
16.96 25897.6 541.032 698.557 -13729.2 698.557 541.032
16.98 65256.1 2984.72 14293.7 5936.12 14293.7 2984.72
17 99999.9 3844.13 25019.6 27192.9 25019.6 3844.13
17.02 127593 3165.99 29154.2 49975.7 29154.2 3165.99
17.04 148140 1346.88 27676 73545 27676 1346.88
17.06 163684 -669.617 24899.8 96271.1 24899.8 -669.617
17.08 175919 -1615.67 23794.1 115859 23794.1 -1615.67
17.1 184914 -630.317 23662.5 130031 23662.5 -630.317
17.12 189834 2221.81 22256.6 137239 22256.6 2221.81
17.14 190422 6171.59 18995.5 137090 18995.5 6171.59
17.16 187367 10309 16267.8 130435 16267.8 10309
17.18 181104 13808.9 17028.8 119024 17028.8 13808.9
17.2 170426 15860 20666.7 104751 20666.7 15860
17.22 152548 15765.9 22316 88879.6 22316 15765.9
17.24 125150 13249.6 16612.7 71796.6 16612.7 13249.6
17.26 88796.8 8715.17 2591.54 53484.7 2591.54 8715.17
17.28 47259.4 3341.19 -15372.8 34170.9 -15372.8 3341.19
17.3 5321.41 -1222.83 -31539.8 14365.3 -31539.8 -1222.83
17.32 -33834.2 -3799.31 -43230.6 -5574.94 -43230.6 -3799.31
17.34 -69318.5 -4700.89 -51503.2 -25547.3 -51503.2 -4700.89
17.36 -101185 -5488.96 -58312.3 -45303.4 -58312.3 -5488.96
17.38 -128820 -7150.32 -63833.8 -64115 -63833.8 -7150.32
17.4 -150744 -8559.12 -66700.6 -80881.6 -66700.6 -8559.12
17.42 -165890 -7372.89 -66388.6 -94512.4 -66388.6 -7372.89
17.44 -174875 -2833.49 -64732.8 -104230 -64732.8 -2833.49
17.46 -179674 2604.06 -64624.2 -109632 -64624.2 2604.06
17.48 -181757 4937.47 -67092.2 -110594 -67092.2 4937.47
17.5 -180598 2098.62 -69812.3 -107175 -69812.3 2098.62
17.52 -174135 -4250.07 -69441.8 -99521.3 -69441.8 -4250.07
17.54 -160657 -10301.2 -65263.6 -87812.9 -65263.6 -10301.2
17.56 -139998 -13299.6 -58804.5 -72329.2 -58804.5 -13299.6
17.58 -112916 -13209.8 -51106.4 -53746.1 -51106.4 -13209.8
17.6 -80165 -11575.2 -41596 -33478.8 -41596 -11575.2
17.62 -42616.6 -9173.82 -29490.8 -13430 -29490.8 -9173.82
17.64 -1937.34 -5142.26 -15694 4964.63 -15694 -5142.26
17.66 39197.7 1527.36 -2671.96 21491.1 -2671.96 1527.36
17.68 77571.5 9925.41 6977.48 36913.3 6977.48 9925.41
17.7 110336 17058.1 11991.3 52025.8 11991.3 17058.1
17.72 136055 19921.9 13095.2 66935.1 13095.2 19921.9
17.74 155168 17789 12568.5 81041 12568.5 17789
17.76 169276 12628.3 12814.5 93403 12814.5 12628.3
17.78 179739 7591.45 14871.7 103046 14871.7 7591.45
17.8 186751 5126.29 17991.3 109139 17991.3 5126.29
17.82 189437 6053.1 20477.8 111158 20477.8 6053.1
17.84 186604 9710.83 20920 108954 20920 9710.83
17.86 177368 14551.7 19262.1 102585 19262.1 14551.7
17.88 161186 18630.9 16740 92061.5 16740 18630.9
17.9 137467 20002.7 13462.6 77354.8 13462.6 20002.7
17.92 105600 17460.1 7337.73 58945 7337.73 17460.1
17.94 66070.6 11384.7 -3543.77 38404.9 -3543.77 11384.7
17.96 21613.6 3648.96 -18091.9 18026.4 -18091.9 3648.96
17.98 -23408.3 -3709.38 -32368.5 -411.474 -32368.5 -3709.38
18 -65110.6 -9858.84 -42761.7 -16462.9 -42761.7 -9858.84
18.02 -101515 -15233.5 -48335.4 -30665.1 -48335.4 -15233.5
18.04 -132168 -20182.8 -50476.3 -43602 -50476.3 -20182.8
18.06 -157025 -23657.2 -51135.3 -55426 -51135.3 -23657.2
18.08 -176004 -23659.8 -51675.6 -66078.6 -51675.6 -23659.8
18.1 -189306 -19369.7 -52763.4 -75598.5 -52763.4 -19369.7
18.12 -197713 -12617 -54743 -84058.7 -54743 -12617
18.14 -202213 -6791.7 -57847.1 -91331.7 -57847.1 -6791.7
18.16 -203139 -4219.64 -61872.6 -96960.7 -61872.6 -4219.64
18.18 -199673 -4806.02 -65731.7 -100090 -65731.7 -4806.02
18.2 -190317 -6950.27 -67618 -99466.7 -67618 -6950.27
18.22 -173853 -8975.24 -66581.3 -93680.6 -66581.3 -8975.24
18.24 -149892 -9691.14 -62631.6 -81813.4 -62631.6 -9691.14
18.26 -118741 -8603.18 -55790.9 -64389.8 -55790.9 -8603.18
18.28 -81266.8 -5885.44 -46222 -43752.5 -46222 -5885.44
18.3 -39056 -1681.52 -34680.2 -23079.5 -34680.2 -1681.52
18.32 5633.31 4413.54 -22815.7 -4725.74 -22815.7 4413.54
18.34 50178.2 12562.2 -12490.1 10701.4 -12490.1 12562.2
18.36 91946.4 21370.1 -4853.68 23996.2 -4853.68 21370.1
18.38 128753 27971.6 257.773 36382.3 257.773 27971.6
18.4 159374 29891.4 4125.76 48812.7 4125.76 29891.4
18.42 183606 26873.9 8136.42 61781.9 8136.42 26873.9
18.44 201689 20889.3 12637.3 75310.2 12637.3 20889.3
18.46 213721 14534.3 16821.4 88886.7 16821.4 14534.3
18.48 219648 9488.75 19799.4 101504 19799.4 9488.75
18.5 219560 6188.95 21548.7 111897 21548.7 6188.95
18.52 213722 4576.86 22492.6 118860 22492.6 4576.86
18.54 202325 4887.06 22441 121492 22441 4887.06
18.56 185164 7141.96 21086.4 119242 21086.4 7141.96
18.58 161633 9757.22 17923.6 111696 17923.6 9757.22
18.6 131189 9898.85 12138.9 98671.3 12138.9 9898.85
18.62 94228.4 6057.05 3564.8 80964.9 3564.8 6057.05
18.64 52695.1 -454.761 -6868.79 60732.5 -6868.79 -454.761
18.66 9413.67 -7083.16 -17580 40527.6 -17580 -7083.16
18.68 -33232.5 -12538.5 -27636.1 21837.9 -27636.1 -12538.5
18.7 -73718.3 -17285 -36911.4 4604.52 -36911.4 -17285
18.72 -110657 -21964 -45195.6 -12005.8 -45195.6 -21964
18.74 -142337 -25914.8 -51803.9 -28603.6 -51803.9 -25914.8
18.76 -167248 -27389 -56399.3 -45252 -56399.3 -27389
18.78 -184802 -25074.9 -59664.6 -61680.8 -59664.6 -25074.9
18.8 -195339 -19354.3 -62683 -77450.2 -62683 -19354.3
18.82 -199563 -12186.9 -65783 -91894.1 -65783 -12186.9
18.84 -198081 -5848.57 -68312.7 -104060 -68312.7 -5848.57
18.86 -191363 -1652.38 -69522.6 -112789 -69522.6 -1652.38
18.88 -179929 439.44 -69291.5 -116950 -69291.5 439.44
18.9 -164320 1385.25 -68489.6 -115659 -68489.6 1385.25
18.92 -144723 2287.19 -68081.5 -108344 -68081.5 2287.19
18.94 -120709 3539.84 -67067.6 -94961.9 -67067.6 3539.84
18.96 -91512.7 4596.66 -62719.2 -76488.5 -62719.2 4596.66
18.98 -56942.3 4947.97 -53116.7 -55025.2 -53116.7 4947.97
19 -18181 5315.55 -39190.8 -32985.9 -39190.8 5315.55
19.02 22357.6 7367.74 -24116.2 -11951.8 -24116.2 7367.74
19.04 61808.2 11959.4 -10827.5 7782.16 -10827.5 11959.4
19.06 97480.2 17799.3 -619.018 26678.4 -619.018 17799.3
19.08 127170 22063.7 6455.89 45132 6455.89 22063.7
19.1 149559 22440.7 10770.8 63127.4 10770.8 22440.7
19.12 164638 18774.4 13002.3 80383.6 13002.3 18774.4
19.14 173588 12977.7 14249 96481 14249 12977.7
19.16 177954 7421.16 15709.3 110768 15709.3 7421.16
19.18 178707 3249.99 18071.3 122295 18071.3 3249.99
19.2 175914 132.598 21200.8 129973 21200.8 132.598
19.22 169115 -2470.8 24275.1 132835 24275.1 -2470.8
19.24 157815 -4177.19 26073 130166 26073 -4177.19
19.26 141542 -4137.01 25558.1 121451 25558.1 -4137.01
19.28 119737 -2383.36 21470 106524 21470 -2383.36
19.3 92041.3 -348.891 12612.4 86098.1 12612.4 -348.891
19.32 59136.3 -6.10193 -472.414 62077 -472.414 -6.10193
19.34 23318.9 -2471 -15024.4 37056.8 -15024.4 -2471
19.36 -12168.7 -7207.42 -27570 13288.2 -27570 -7207.42
19.38 -44565.5 -12456.7 -36249.1 -8059.45 -36249.1 -12456.7
19.4 -72489.3 -16528.7 -41411.8 -26857 -41411.8 -16528.7
19.42 -95774.5 -18741.6 -44529 -43490.7 -44529 -18741.6
19.44 -114835 -19158.2 -47092.6 -58425.9 -47092.6 -19158.2
19.46 -130160 -17733.7 -50382.7 -72021.1 -50382.7 -17733.7
19.48 -142008 -14209 -55293.1 -84373.6 -55293.1 -14209
19.5 -150208 -8905.55 -61674.9 -95126.8 -61674.9 -8905.55
19.52 -154169 -3162.27 -68021.4 -103405 -68021.4 -3162.27
19.54 -153198 1373.6 -72342.3 -107969 -72342.3 1373.6
19.56 -146930 3854.57 -73514 -107499 -73514 3854.57
19.58 -135535 4599.56 -71518.1 -100894 -71518.1 4599.56
19.6 -119576 4542.49 -67133 -87724.6 -67133 4542.49
19.62 -99755.2 4490.36 -61548.6 -68804.5 -61548.6 4490.36
19.64 -76756.7 4867.29 -55376.4 -46278.1 -55376.4 4867.29
19.66 -51138.4 5927.12 -48467.5 -22878.4 -48467.5 5927.12
19.68 -23496.4 7892.77 -40549.2 -888.613 -40549.2 7892.77
19.7 5150.56 10663.5 -31889.2 18466.3 -31889.2 10663.5
19.72 33333.5 13468.1 -23273.9 35006.2 -23273.9 13468.1
19.74 59644.5 15158.5 -15156.7 49209.5 -15156.7 15158.5
19.76 83188.3 15060.5 -7323.22 61739.3 -7323.22 15060.5
19.78 103428 13413.4 483.566 73044.8 483.566 13413.4
19.8 119751 10894.6 7796.31 83140.2 7796.31 10894.6
19.82 131396 7970.94 13529.5 91602.5 13529.5 7970.94
19.84 137839 4915.92 16794.3 97712.4 16794.3 4915.92
19.86 139149 2185.93 17549.8 100634 17549.8 2185.93
19.88 135917 316.08 16578.5 99598.8 16578.5 316.08
19.9 128819 -667.199 14933.5 94092 14933.5 -667.199
19.92 118257 -1482.58 13216.4 84078.5 13216.4 -1482.58
19.94 104338 -3057.95 11580 70214.1 11580 -3057.95
19.96 87091.9 -5728.68 9937.35 53759.2 9937.35 -5728.68
19.98 66647.6 -8894.34 7571.77 36115.4 7571.77 -8894.34
20 43241.9 -11422.6 3247.76 18390.4 3247.76 -11422.6
20.02 17348.7 -12487.5 -3897.03 1354.33 -3897.03 -12487.5
20.04 -10091 -12138.8 -13441.4 -14358.8 -13441.4 -12138.8
20.06 -37758.9 -11152.5 -23909.6 -28173 -23909.6 -11152.5
20.08 -64347.3 -10404.9 -33967.5 -39699.1 -33967.5 -10404.9
20.1 -88750.3 -10380.7 -42973.6 -48848.1 -42973.6 -10380.7
20.12 -109882 -11107.8 -50482.4 -55775.5 -50482.4 -11107.8
20.14 -126585 -12311.5 -55789.4 -60760.4 -55789.4 -12311.5
20.16 -137942 -13501.1 -58398.4 -64128.4 -58398.4 -13501.1
20.18 -143675 -13988.6 -58809.9 -66122.7 -58809.9 -13988.6
20.2 -144122 -13021.1 -58461.8 -66661.5 -58461.8 -13021.1
20.22 -139826 -10073.2 -58636.2 -65182.2 -58636.2 -10073.2
20.24 -131165 -5166.05 -59474.5 -60857.2 -59474.5 -5166.05
20.26 -118444 984.997 -60132.9 -53163.9 -60132.9 984.997
20.28 -102202 7164.99 -59860.8 -42330.9 -59860.8 7164.99
20.3 -83220.9 12124.5 -58659 -29252.5 -58659 12124.5
20.32 -62153.5 14995.3 -56463.3 -15057.3 -56463.3 14995.3
20.34 -39223.8 15526.1 -52486 -792.222 -52486 15526.1
20.36 -14486.7 14266.5 -46041.8 12615.1 -46041.8 14266.5
20.38 11610.8 12569.4 -37726 24344.2 -37726 12569.4
20.4 38109.6 11998.9 -29187.3 33842.2 -29187.3 11998.9
20.42 63916.3 13256.7 -21539.6 41055.1 -21539.6 13256.7
20.44 88061.6 15607.2 -14604.7 46449.2 -14604.7 15607.2
20.46 109543 17521.4 -7832.84 50741.5 -7832.84 17521.4
20.48 127217 17893.8 -1450.85 54560 -1450.85 17893.8
20.5 140107 16568.7 3743.61 58246.4 3743.61 16568.7
20.52 147807 13905.7 7468.92 61778.1 7468.92 13905.7
20.54 150455 10193.3 10315 64716.6 10315 10193.3
20.56 148321 5569.36 12885.4 66250.2 12885.4 5569.36
20.58 141519 336.984 14908.6 65513.7 14908.6 336.984
20.6 130173 -4817.03 15436.8 62097.8 15436.8 -4817.03
20.62 114818 -8998.62 13754.8 56279.5 13754.8 -8998.62
20.64 96467.8 -11552.6 10482.3 48753.1 10482.3 -11552.6
20.66 76205.3 -12436.6 7029.52 40204.2 7029.52 -12436.6
20.68 54584.6 -12270.6 4030.04 31118 4030.04 -12270.6
20.7 31403.9 -12060.3 694.367 21859.7 694.367 -12060.3
20.72 6297.34 -12747.3 -4364.18 12807 -4364.18 -12747.3
20.74 -20359.2 -14746.6 -11469.2 4342.84 -11469.2 -14746.6
20.76 -47172.1 -17653.5 -19606.6 -3291.71 -19606.6 -17653.5
20.78 -72346.5 -20397.5 -27524.1 -10126 -27524.1 -20397.5
20.8 -94447.6 -21906.1 -34734.6 -16417.5 -34734.6 -21906.1
20.82 -112596 -21725 -41364.9 -22467.3 -41364.9 -21725
20.84 -126208 -19947.6 -47442.4 -28467.5 -47442.4 -19947.6
20.86 -134815 -16706 -52617.1 -34458.4 -52617.1 -16706
20.88 -138184 -12071 -56476.3 -40293.7 -56476.3 -12071
20.9 -136536 -6481.73 -58882.9 -45530.3 -58882.9 -6481.73
20.92 -130564 -929.633 -60003.9 -49386.8 -60003.9 -929.633
20.94 -121176 3580 -60202.5 -51009.8 -60202.5 3580
20.96 -109180 6785.99 -59958.8 -49926 -59958.8 6785.99
20.98 -95122 9294.68 -59662.9 -46249.9 -59662.9 9294.68
21 -79301.2 11916.6 -59664.8 -40506.3 -59664.8 11916.6
21.02 -61825.2 14944.7 -59876.3 -33332 -59876.3 14944.7
21.04 -42648.6 18052.4 -59321.9 -25299.7 -59321.9 18052.4
21.06 -21702.5 20730.9 -56475.5 -16860.8 -56475.5 20730.9
21.08 673.232 22706.1 -50389.4 -8341.02 -50389.4 22706.1
21.1 23305.3 23934.5 -41830.3 47.2866 -41830.3 23934.5
21.12 44419.8 24290.9 -32735.2 8202.38 -32735.2 24290.9
21.14 62477.4 23415.1 -24594.4 16129 -24594.4 23415.1
21.16 76774.2 21016.2 -17556.5 23884.8 -17556.5 21016.2
21.18 87267 17331 -11097.6 31481.8 -11097.6 17331
21.2 94023.6 13138.4 -5142.37 38829.9 -5142.37 13138.4
21.22 96952.1 9186.53 -281.477 45720.1 -281.477 9186.53
21.24 95948.9 5593.64 2934.41 51758.8 2934.41 5593.64
21.26 91167.5 1845.44 4628.54 56338.4 4628.54 1845.44
21.28 83130.9 -2648.39 5528.01 58821.1 5528.01 -2648.39
21.3 72620.8 -7974.4 6394.67 58823.2 6394.67 -7974.4
21.32 60442.8 -13528.1 7519.14 56331.4 7519.14 -13528.1
21.34 47229 -18302.3 8573.16 51606 8573.16 -18302.3
21.36 33347.6 -21491.9 8927.02 45034.2 8927.02 -21491.9
21.38 18918.7 -23030.6 8067.27 37056.1 8067.27 -23030.6
21.4 3962.12 -23578.5 5612.13 28135.3 5612.13 -23578.5
21.42 -11349.5 -23889.2 1381.19 18728.3 1381.19 -23889.2
21.44 -26437.8 -24152 -4300.78 9266.17 -4300.78 -24152
21.46 -40341.7 -23957.4 -10545.8 140.954 -10545.8 -23957.4
21.48 -52163.7 -22848.4 -16461.6 -8355.34 -16461.6 -22848.4
21.5 -61543.2 -20856.8 -21876 -16120.9 -21876 -20856.8
21.52 -68607.2 -18544 -27253.5 -23236.8 -27253.5 -18544
21.54 -73422.4 -16467.3 -32902.5 -29781.7 -32902.5 -16467.3
21.56 -75585 -14435.2 -38472.7 -35554.5 -38472.7 -14435.2
21.58 -74418.5 -11309.6 -43321.5 -39963.8 -43321.5 -11309.6
21.6 -69570.6 -5812.79 -47208.2 -42297.6 -47208.2 -5812.79
21.62 -61420 2208.17 -50420.7 -42161 -50420.7 2208.17
21.64 -50943 11185.9 -53202 -39636.7 -53202 11185.9
21.66 -39202.1 18565.9 -55236.4 -35072.3 -55236.4 18565.9
21.68 -26906.9 22463.2 -55850.5 -28798.1 -55850.5 22463.2
21.7 -14336.4 22988.5 -54666.7 -21067.8 -54666.7 22988.5
21.72 -1572.94 22080.3 -52046.3 -12199.9 -52046.3 22080.3
21.74 11174.7 21884.7 -48838.2 -2684.47 -48838.2 21884.7
21.76 23382.3 23061.4 -45693.6 6895 -45693.6 23061.4
21.78 34325.8 24506.2 -42754 16035.3 -42754 24506.2
21.8 43442.8 24648.6 -39759.8 24414.9 -39759.8 24648.6
21.82 50635.9 22976.6 -36223 31882.4 -36223 22976.6
21.84 56186 20348.3 -31625.1 38408.3 -31625.1 20348.3
21.86 60224.9 17989.4 -25829.8 44030.9 -25829.8 17989.4
21.88 62214.4 16276.2 -19538.1 48736.8 -19538.1 16276.2
21.9 61020.9 14403.2 -14183.4 52240.5 -14183.4 14403.2
21.92 55667 11156 -11102.5 53895.1 -11102.5 11156
21.94 46163.4 6036.04 -10579 53030.4 -10579 6036.04
21.96 33699.2 -244.876 -11646.2 49467.5 -11646.2 -244.876
21.98 20022.1 -6184.15 -12903.7 43634.7 -12903.7 -6184.15
22 6535.87 -10391.6 -13571.5 36200.6 -13571.5 -10391.6
22.02 -6186.07 -12442.5 -13771.9 27669.4 -13771.9 -12442.5
22.04 -18249 -13222.6 -13966.3 18309.8 -13966.3 -13222.6
22.06 -29948.6 -14384.9 -14380.7 8368.23 -14380.7 -14384.9
22.08 -41333.1 -17050.7 -15030.7 -1745.74 -15030.7 -17050.7
22.1 -52020.5 -20732.5 -16097.9 -11496 -16097.9 -20732.5
22.12 -61311.9 -23564.2 -18019.9 -20385.7 -18019.9 -23564.2
22.14 -68501.3 -23787.6 -21149.7 -28062.6 -21149.7 -23787.6
22.16 -73144.4 -21189.3 -25375.8 -34316.6 -25375.8 -21189.3
22.18 -75070.5 -17257.9 -29994.5 -39042.2 -29994.5 -17257.9
22.2 -74166.3 -14059.3 -33867 -42191.4 -33867 -14059.3
22.22 -70202.4 -12782.9 -35882.2 -43690.6 -35882.2 -12782.9
22.24 -62945.2 -12918.9 -35614.7 -43300.7 -35614.7 -12918.9
22.26 -52477.3 -12628.4 -33723.1 -40555.7 -33723.1 -12628.4
22.28 -39408.6 -10162.8 -31669.5 -35059.4 -31669.5 -10162.8
22.3 -24731.7 -5205.56 -30814 -26986.6 -30814 -5205.56
22.32 -9368.01 1059.89 -31472.2 -17176.9 -31472.2 1059.89
22.34 6221.89 7095.02 -32733.3 -6642.65 -32733.3 7095.02
22.36 21959.1 12139.3 -33253.8 3974.87 -33253.8 12139.3
22.38 37662.1 16270.7 -32288.1 14472.9 -32288.1 16270.7
22.4 52682.2 19556.6 -30008.1 24747.6 -30008.1 19556.6
22.42 66023.7 21437.6 -27037.4 34505.4 -27037.4 21437.6
22.44 76785.7 21187.5 -23938.5 43286.8 -23938.5 21187.5
22.46 84528.5 18978.1 -21138.3 50664.7 -21138.3 18978.1
22.48 89327.4 16209.2 -19031.6 56377 -19031.6 16209.2
22.5 91540.9 14527.3 -17859.6 60333.5 -17859.6 14527.3
22.52 91502.3 14527.2 -17444.9 62559.8 -17444.9 14527.2
22.54 89344.8 15547.7 -17165.8 63112.2 -17165.8 15547.7
22.56 84958.8 16555.1 -16347.4 61976.7 -16347.4 16555.1
22.58 77935 16747.2 -14874.9 58957.4 -14874.9 16747.2
22.6 67567 15338 -13509.6 53682.4 -13509.6 15338
22.62 53224.3 11533.6 -13430.3 45917.1 -13430.3 11533.6
22.64 35054.2 5263.75 -15280.2 35953.4 -15280.2 5263.75
22.66 14362.8 -2219.07 -18615.4 24604 -18615.4 -2219.07
22.68 -6846.91 -8780.76 -22275.5 12807.1 -22275.5 -8780.76
22.7 -26861.5 -12623 -25353.3 1266.18 -25353.3 -12623
22.72 -44965 -13328 -27924.8 -9609.16 -27924.8 -13328
22.74 -61356.9 -12028.3 -30827.9 -19560.9 -30827.9 -12028.3
22.76 -76399.6 -10630.4 -34594.3 -28370.8 -34594.3 -10630.4
22.78 -89857.1 -10630.5 -38617.4 -35855.5 -38617.4 -10630.5
22.8 -100822 -12349.6 -41558.3 -41887.3 -41558.3 -12349.6
22.82 -108340 -15055.6 -42633.5 -46390.6 -42633.5 -15055.6
22.84 -111986 -17643.9 -42370 -49328.2 -42370 -17643.9
22.86 -111821 -19184.6 -42048.8 -50674.4 -42048.8 -19184.6
22.88 -107926 -19079.5 -42536.1 -50336.6 -42536.1 -19079.5
22.9 -100131 -17065 -43668 -48071.4 -43668 -17065
22.92 -88169.1 -13245.9 -44491.8 -43514.7 -44491.8 -13245.9
22.94 -72032.3 -8145.27 -43878.5 -36416.3 -43878.5 -8145.27
22.96 -52260.1 -2703.58 -41121.9 -26988.2 -41121.9 -2703.58
22.98 -29997 1944.03 -36318.3 -15994.5 -36318.3 1944.03
23 -6761.17 4972.22 -30353.3 -4392.69 -30353.3 4972.22
23.02 15994.3 6317.66 -24509.7 7106.22 -24509.7 6317.66
23.04 37284.5 6666.58 -19867.4 18141.3 -19867.4 6666.58
23.06 56745.4 7007.74 -16767.8 28510 -16767.8 7007.74
23.08 74474.1 8150.25 -14696.2 38000.1 -14696.2 8150.25
23.1 90616.7 10443.8 -12774.3 46399.3 -12774.3 10443.8
23.12 104929 13610.4 -10488.4 53566.7 -10488.4 13610.4
23.14 116656 16679.1 -7943.65 59421.1 -7943.65 16679.1
23.16 124872 18305.5 -5458.87 63867.8 -5458.87 18305.5
23.18 128985 17544.6 -3100.75 66765.7 -3100.75 17544.6
23.2 128939 14534.3 -715.097 67947.3 -715.097 14534.3
23.22 125003 10420.8 1717.02 67250.4 1717.02 10420.8
23.24 117385 6528.79 3831.39 64527.5 3831.39 6528.79
23.26 106008 3510.64 4838.49 59644.6 4838.49 3510.64
23.28 90613.2 1220.7 3764.46 52579.7 3764.46 1220.7
23.3 71198.5 -732.26 -87.7484 43616.1 -87.7484 -732.26
23.32 48454.2 -2474.57 -6516.99 33374.6 -6516.99 -2474.57
23.34 23802.4 -3905.32 -14163.5 22572.7 -14163.5 -3905.32
23.36 -1097.76 -5097.67 -21119.4 11741.4 -21119.4 -5097.67
23.38 -25032.7 -6511.96 -26021.4 1158.59 -26021.4 -6511.96
23.4 -47573.9 -8714 -28865.2 -9004.04 -28865.2 -8714
23.42 -68840.7 -11825.8 -30903.5 -18537.3 -30903.5 -11825.8
23.44 -88900.3 -15221 -33726.4 -27205.9 -33726.4 -15221
23.46 -107281 -17773.1 -38224.4 -34846 -38224.4 -17773.1
23.48 -122939 -18501.8 -44142 -41393.4 -44142 -18501.8
23.5 -134622 -17124.4 -50344.9 -46808.7 -50344.9 -17124.4
23.52 -141334 -14107.2 -55455.4 -50984.9 -55455.4 -14107.2
23.54 -142659 -10283.5 -58501.3 -53710.4 -58501.3 -10283.5
23.56 -138859 -6471.76 -59326.3 -54706.6 -59326.3 -6471.76
23.58 -130725 -3308.99 -58515.7 -53694.6 -58515.7 -3308.99
23.6 -119204 -1142.51 -56776.3 -50453.4 -56776.3 -1142.51
23.62 -105012 121.054 -54664.9 -44955.5 -54664.9 121.054
23.64 -88493.9 1064.03 -52505.4 -37533.6 -52505.4 1064.03
23.66 -69768.4 2515.33 -50370 -28826.7 -50370 2515.33
23.68 -48907.5 5080.9 -48066.2 -19471.7 -48066.2 5080.9
23.7 -26122.5 8766.43 -45120.1 -9850.96 -45120.1 8766.43
23.72 -1952.22 12951.9 -41133.6 -121.841 -41133.6 12951.9
23.74 22714.8 16705.9 -35939 9601.18 -35939 16705.9
23.76 46820.8 19202.3 -29506.9 19151.7 -29506.9 19202.3
23.78 69291.7 19983.9 -21921.9 28336.4 -21921.9 19983.9
23.8 89017.2 19014.2 -13645.6 36953.4 -13645.6 19014.2
23.82 104847 16632.6 -5726.8 44760 -5726.8 16632.6
23.84 115802 13470.6 427.033 51468.6 427.033 13470.6
23.86 121423 10251.6 3724.78 56801.7 3724.78 10251.6
23.88 121999 7499.06 4103.5 60551.2 4103.5 7499.06
23.9 118506 5357.51 2724.7 62595.6 2724.7 5357.51
23.92 112178 3636.14 1382.72 62855.5 1382.72 3636.14
23.94 103921 1971.24 1501.17 61260.2 1501.17 1971.24
23.96 93914.6 -41.8501 3393.62 57828 3393.62 -41.8501
23.98 81604.9 -2770.64 6204.97 52752.4 6204.97 -2770.64
24 66072.7 -6417.54 8263.87 46313.5 8263.87 -6417.54
24.02 46642.6 -10783.2 7542.26 38682 7542.26 -10783.2
24.04 23529.4 -15086 2660.04 29883.5 2660.04 -15086
24.06 -1798.09 -18135.4 -5964.93 20022.4 -5964.93 -18135.4
24.08 -26980.8 -18937.4 -16105.7 9498.09 -16105.7 -18937.4
24.1 -49857.4 -17389.9 -25218.9 -1067.51 -25218.9 -17389.9
24.12 -69435.5 -14529.3 -32132.7 -11102.2 -32132.7 -14529.3
24.14 -85883.7 -12031.3 -37298 -20253 -37298 -12031.3
24.16 -99645.1 -11175.8 -41657.7 -28364.2 -41657.7 -11175.8
24.18 -110616 -11925.9 -45554 -35409.3 -45554 -11925.9
24.2 -118119 -12859.2 -48731.3 -41451.3 -48731.3 -12859.2
24.22 -121520 -12184.4 -51063.6 -46565.7 -51063.6 -12184.4
24.24 -120791 -9138.48 -52950.8 -50691.2 -52950.8 -9138.48
24.26 -116498 -4557.78 -54957.6 -53486.1 -54957.6 -4557.78
24.28 -109274 -82.2586 -57227.3 -54347 -57227.3 -82.2586
24.3 -99322.7 3264.49 -59281.8 -52679.8 -59281.8 3264.49
24.32 -86350.4 5762.85 -60289.2 -48241.3 -60289.2 5762.85
24.34 -69942.5 8303.41 -59452.1 -41257.5 -59452.1 8303.41
24.36 -50098.5 11094.5 -56033.8 -32263.9 -56033.8 11094.5
24.38 -27540.2 13249.2 -49643.3 -21894.4 -49643.3 13249.2
24.4 -3654.55 13752.1 -40887.1 -10791.7 -40887.1 13752.1
24.42 19898.1 12667.1 -31444.1 444.134 -31444.1 12667.1
24.44 41731.3 11209 -23193.3 11380.5 -23193.3 11209
24.46 61062.3 10692.1 -17055 21841.5 -17055 10692.1
24.48 77596.2 11500.3 -12728.9 31807.8 -12728.9 11500.3
24.5 91155.7 12881.4 -9369.09 41207.4 -9369.09 12881.4
24.52 101487 13473 -6281.23 49821.6 -6281.23 13473
24.54 108391 12148.4 -3016.66 57367.9 -3016.66 12148.4
24.56 111910 8774.26 781.205 63607.6 781.205 8774.26
24.58 112211 4351.24 5197.23 68329.9 5197.23 4351.24
24.6 109214 276.307 9634.53 71236.9 9634.53 276.307
24.62 102400 -2679.73 12770.4 71876.6 12770.4 -2679.73
24.64 91127.1 -4690.27 13103.5 69764.2 13103.5 -4690.27
24.66 75231.7 -6271.91 9983.54 64643.5 9983.54 -6271.91
24.68 55431.1 -7537.67 3914.41 56658.1 3914.41 -7537.67
24.7 33118.9 -8128.67 -3877.94 46308.2 -3877.94 -8128.67
24.72 9771.47 -7842.11 -12007.8 34300.4 -12007.8 -7842.11
24.74 -13532.9 -7176.98 -19517.7 21406.7 -19517.7 -7176.98
24.76 -36200 -7069.09 -26058.7 8338.65 -26058.7 -7069.09
24.78 -57862.1 -8013.88 -31804.1 -4362.95 -31804.1 -8013.88
24.8 -78089.8 -9527.08 -37196.9 -16379.9 -37196.9 -9527.08
24.82 -96313 -10525.2 -42707.4 -27585.9 -42707.4 -10525.2
24.84 -111911 -10175.9 -48565.7 -37954.5 -48565.7 -10175.9
24.86 -124281 -8365.43 -54550.1 -47440.2 -54550.1 -8365.43
24.88 -132859 -5527.43 -60044.5 -55871.4 -60044.5 -5527.43
24.9 -137208 -2266.74 -64396.2 -62902.8 -64396.2 -2266.74
24.92 -137129 823.549 -67202.8 -68052.5 -67202.8 823.549
24.94 -132657 3218.79 -68251.8 -70794.7 -68251.8 3218.79
24.96 -123982 4610.58 -67246 -70647.5 -67246 4610.58
24.98 -111432 5086.68 -64151.8 -67263.8 -64151.8 5086.68
25 -95521.8 5108.64 -59640 -60579.8 -59640 5108.64
25.02 -76921.2 5222.01 -54570.8 -50935.2 -54570.8 5222.01
25.04 -56223.8 5722.35 -49434.1 -39025.1 -49434.1 5722.35
25.06 -33810.1 6554.9 -44130.6 -25706.4 -44130.6 6554.9
25.08 -9960.65 7457.29 -38132.9 -11775.2 -38132.9 7457.29
25.1 14939.1 8136.71 -30913.6 2197.62 -30913.6 8136.71
25.12 40229.2 8358.02 -22320.5 15905.3 -22320.5 8358.02
25.14 64898 7974.21 -12859.6 29198.7 -12859.6 7974.21
25.16 87682 6932.05 -3580.18 41917.4 -3580.18 6932.05
25.18 107377 5255.68 4442.54 53795.5 4442.54 5255.68
25.2 123162 3062.85 10620.7 64479.3 10620.7 3062.85
25.22 134682 634.766 14933.2 73588.4 14933.2 634.766
25.24 141908 -1593.79 17636.9 80763.3 17636.9 -1593.79
25.26 144933 -3249.98 18993.8 85703.4 18993.8 -3249.98
25.28 143869 -4317.69 19241.9 88190.5 19241.9 -4317.69
25.3 138862 -5211.36 18671.9 88074.3 18671.9 -5211.36
25.32 130170 -6463.96 17545.3 85247.1 17545.3 -6463.96
25.34 118099 -8236.36 16386.4 79677.7 16386.4 -8236.36
25.36 102798 -10073 15254.1 71474.6 15254.1 -10073
25.38 84050.2 -11154.9 12806.6 60875.9 12806.6 -11154.9
25.4 61422.7 -10935.7 6990.41 48245.5 6990.41 -10935.7
25.42 35022 -9647.8 -3115.08 34182.4 -3115.08 -9647.8
25.44 6092.98 -8108.21 -16047.6 19549.7 -16047.6 -8108.21
25.46 -23325.3 -6934.5 -29190.2 5236.29 -29190.2 -6934.5
25.48 -51327.7 -6042.27 -40762.7 -8154.97 -40762.7 -6042.27
25.5 -76631.1 -4967.28 -50374.5 -20374.1 -50374.5 -4967.28
25.52 -98399.6 -3488.76 -58085.3 -31375.5 -58085.3 -3488.76
25.54 -116017 -1758.49 -63713.6 -41208.3 -63713.6 -1758.49
25.56 -129156 46.1028 -67150.1 -49987.7 -67150.1 46.1028
25.58 -137884 1948.05 -68857.3 -57788.2 -68857.3 1948.05
25.6 -142546 4057.64 -69732.8 -64460 -69732.8 4057.64
25.62 -143515 6409.17 -70561.8 -69554.8 -70561.8 6409.17
25.64 -141013 8925.73 -71629.1 -72448.1 -71629.1 8925.73
25.66 -135104 11381.5 -72546.2 -72551.6 -72546.2 11381.5
25.68 -125789 13323.1 -72568.6 -69491.3 -72568.6 13323.1
25.7 -113028 14152.4 -71391.9 -63202.2 -71391.9 14152.4
25.72 -96675.6 13449.1 -68487.3 -53932 -68487.3 13449.1
25.74 -76401.5 11326.7 -62578.7 -42207.4 -62578.7 11326.7
25.76 -52083.1 8541.08 -52792.2 -28832.3 -52792.2 8541.08
25.78 -24551.5 6165.53 -40035.8 -14829.2 -40035.8 6165.53
25.8 4332.62 4944.66 -26882.9 -1181.87 -26882.9 4944.66
25.82 32540.2 4814.95 -15540.2 11510.6 -15540.2 4814.95
25.84 58716.3 5030.81 -6488.47 23165.6 -6488.47 5030.81
25.86 82167.3 4743.81 972.291 34032.1 972.291 4743.81
25.88 102401 3477.12 7400.23 44421.5 7400.23 3477.12
25.9 118951 1224.43 12770.2 54554.8 12770.2 1224.43
25.92 131507 -1664.41 16882.4 64460 16882.4 -1664.41
25.94 139963 -4654.27 19703.1 73829.2 19703.1 -4654.27
25.96 144338 -7249.62 21343.7 81956.9 21343.7 -7249.62
25.98 144716 -9196.01 21983 87887.4 21983 -9196.01
26 141248 -10507.8 21825.4 90714.3 21825.4 -10507.8
26.02 134183 -11319.8 20786.5 89865.1 20786.5 -11319.8
26.04 123825 -11712.5 19015.9 85255.9 19015.9 -11712.5
26.06 110385 -11638.8 17173.4 77287.5 17173.4 -11638.8
26.08 93723 -10986.8 14898.3 66690.7 14898.3 -10986.8
26.1 73204.5 -9795.75 10250.1 54318.5 10250.1 -9795.75
26.12 48347.3 -8470.65 1280.16 41026.9 1280.16 -8470.65
26.14 19947.6 -7600.91 -11701.8 27615.5 -11701.8 -7600.91
26.16 -9710.46 -7355.8 -25886.5 14683.4 -25886.5 -7355.8
26.18 -37995.4 -7150.6 -38341.7 2451.67 -38341.7 -7150.6
26.2 -63217.6 -6148.33 -48030.1 -9213.16 -48030.1 -6148.33
26.22 -84834.7 -4103.26 -55624 -20541.2 -55624 -4103.26
26.24 -102783 -1560.02 -61966.5 -31631.1 -61966.5 -1560.02
26.26 -116858 771.528 -67065.4 -42409.1 -67065.4 771.528
26.28 -126630 2702.71 -70297.2 -52620.4 -70297.2 2702.71
26.3 -131804 4633.16 -71282.3 -61750.9 -71282.3 4633.16
26.32 -132639 7031.11 -70562.5 -69032.5 -70562.5 7031.11
26.34 -130017 9823.4 -69462.9 -73643.6 -69462.9 9823.4
26.36 -124965 12211.9 -69038.9 -74968.7 -69038.9 12211.9
26.38 -117996 13132.5 -69288.1 -72730.5 -69288.1 13132.5
26.4 -108741 12053.4 -69460.6 -66981.1 -69460.6 12053.4
26.42 -96174.3 9407.8 -68106.3 -58037.5 -68106.3 9407.8
26.44 -79165.5 6268.87 -63381.6 -46437.9 -63381.6 6268.87
26.46 -57251.9 3640.49 -54212 -32967.2 -54212 3640.49
26.48 -31346.6 1989.09 -41448.7 -18645.4 -41448.7 1989.09
26.5 -3609.05 1254.49 -27733.8 -4500.52 -27733.8 1254.49
26.52 23594.1 1148.41 -15636.8 8800.04 -15636.8 1148.41
26.54 48670.3 1414.31 -6155.47 21130.7 -6155.47 1414.31
26.56 70843 1818.81 1100.48 32731.6 1100.48 1818.81
26.58 89613.2 1941.97 6740.98 43889.7 6740.98 1941.97
26.6 104492 1128.8 10974.7 54744.4 10974.7 1128.8
26.62 115201 -1145.25 13861.8 65211.3 13861.8 -1145.25
26.64 121907 -4751.09 15699.5 74906.9 15699.5 -4751.09
26.66 125155 -8756.03 16982.7 83118.8 16982.7 -8756.03
26.68 125540 -11846.1 18078.8 88924.5 18078.8 -11846.1
26.7 123350 -13019.4 18952 91429.3 18952 -13019.4
26.72 118413 -12098.4 19049.7 90001.3 19049.7 -12098.4
26.74 110137 -9766.37 17967.1 84434.8 17967.1 -9766.37
26.76 97781.8 -7084.4 15211.3 75025.5 15211.3 -7084.4
26.78 80782.2 -4835.66 9767.61 62551.4 9767.61 -4835.66
26.8 59156.3 -3264.49 945.078 48170 945.078 -3264.49
26.82 33918.8 -2338.17 -10599.9 33203.6 -10599.9 -2338.17
26.84 6920.76 -2035.13 -22828.3 18788.5 -22828.3 -2035.13
26.86 -19920.5 -2251.51 -33861 5532.38 -33861 -2251.51
26.88 -45288.6 -2559.64 -43166.7 -6572.83 -43166.7 -2559.64
26.9 -68433.7 -2275.81 -51247.8 -17909 -51247.8 -2275.81
26.92 -88779.2 -868.555 -58521.7 -28884.7 -58521.7 -868.555
26.94 -105771 1665.15 -64820.5 -39718.8 -64820.5 1665.15
26.96 -119003 4774.39 -69717.9 -50343.1 -69717.9 4774.39
26.98 -128285 7694.47 -72957.6 -60326.1 -72957.6 7694.47
27 -133571 9883.56 -74548 -68867.9 -74548 9883.56
27.02 -134917 11191.2 -74689.5 -74967 -74689.5 11191.2
27.04 -132504 11663.1 -73623.1 -77713 -73623.1 11663.1
27.06 -126654 11298.8 -71399.6 -76545 -71399.6 11298.8
27.08 -117666 10110 -68423.5 -71373.3 -68423.5 10110
27.1 -105660 8329.82 -65056.3 -62565.3 -65056.3 8329.82
27.12 -90486.2 6377.03 -60775.3 -50842.1 -60775.3 6377.03
27.14 -71864.7 4600.86 -54402.2 -37182.4 -54402.2 4600.86
27.16 -49973.6 3134.08 -45296.7 -22734.5 -45296.7 3134.08
27.18 -25880 1950.66 -34520.9 -8602.24 -34520.9 1950.66
27.2 -1149.03 989.061 -23903.2 4501.5 -23903.2 989.061
27.22 22996.4 256.454 -14403.2 16471.6 -14403.2 256.454
27.24 45894.3 -151.677 -5832.07 27648.7 -5832.07 -151.677
27.26 66909.1 -243.304 2021.23 38412.6 2021.23 -243.304
27.28 85065.1 -411.649 8671.86 48907.1 8671.86 -411.649
27.3 99369.1 -1341.17 13409.3 59016.2 13409.3 -1341.17
27.32 109352 -3395.85 16059.3 68386.8 16059.3 -3395.85
27.34 115218 -6130.18 17080.7 76395.5 17080.7 -6130.18
27.36 117552 -8576.07 17145.5 82200.8 17145.5 -8576.07
27.38 116900 -10009.3 16764.2 84966.2 16764.2 -10009.3
27.4 113539 -10332.1 16005.6 84132 16005.6 -10332.1
27.42 107473 -9791.02 14655.7 79575 14655.7 -9791.02
27.44 98541 -8545.08 12622.2 71608.8 12622.2 -8545.08
27.46 86501.7 -6597.27 9523.13 60873.7 9523.13 -6597.27
27.48 71032.9 -4084.46 4486.05 48217.3 4486.05 -4084.46
27.5 51949.1 -1545.43 -3213.7 34620.1 -3213.7 -1545.43
27.52 29688.8 221.081 -13293 21083.8 -13293 221.081
27.54 5505.78 696.046 -24345.7 8401.61 -24345.7 696.046
27.56 -18922.2 79.553 -34856.8 -3068.37 -34856.8 79.553
27.58 -42059.9 -840.736 -44017.7 -13411.1 -44017.7 -840.736
27.6 -62743 -1255.11 -51637.3 -22922 -51637.3 -1255.11
27.62 -80139.7 -753.419 -57628.5 -31847.6 -57628.5 -753.419
27.64 -93748.3 689.675 -61877.7 -40266 -61877.7 689.675
27.66 -103457 2901.46 -64474.3 -48050 -64474.3 2901.46
27.68 -109507 5551.45 -65806.2 -54824 -65806.2 5551.45
27.7 -112334 8104.1 -66351.8 -59972.2 -66351.8 8104.1
27.72 -112364 9907.73 -66420 -62773.9 -66420 9907.73
27.74 -109851 10443.7 -65968.6 -62619.8 -65968.6 10443.7
27.76 -104812 9570.13 -64724.2 -59190.2 -64724.2 9570.13
27.78 -97033.8 7594.84 -62576.4 -52536 -62576.4 7594.84
27.8 -86189.6 5106.38 -59290.9 -43077.4 -59290.9 5106.38
27.82 -71982.1 2687.12 -54277.4 -31561 -54277.4 2687.12
27.84 -54396.4 746.278 -47084.9 -18986 -47084.9 746.278
27.86 -34026.1 -462.406 -38060.1 -6432.65 -38060.1 -462.406
27.88 -12069.7 -811.668 -28405.6 5226.07 -28405.6 -811.668
27.9 10080 -390.056 -19321.9 15578.3 -19321.9 -390.056
27.92 31246 407.323 -11357.1 24698.9 -11357.1 407.323
27.94 50526.2 976.325 -4540.65 32934.3 -4540.65 976.325
27.96 67195.7 778.091 1129.99 40636.9 1129.99 778.091
27.98 80741.9 -407.675 5552.76 48004.3 5552.76 -407.675
28 90969.3 -2403.74 8713.44 55000.4 8713.44 -2403.74
28.02 97968.8 -4736.43 10785.9 61299 10785.9 -4736.43
28.04 101952 -6834.99 11996.2 66299.3 11996.2 -6834.99
28.06 103097 -8223.87 12457.7 69273.1 12457.7 -8223.87
28.08 101484 -8632.21 12095 69594.5 12095 -8632.21
28.1 97122.6 -8019.57 10694.2 66933.7 10694.2 -8019.57
28.12 89972 -6561.09 8268.49 61339.4 8268.49 -6561.09
28.14 79982 -4595.8 4876.94 53215 4876.94 -4595.8
28.16 67104.5 -2540.64 281.778 43239.7 281.778 -2540.64
28.18 51390.9 -807.775 -5832.33 32276.8 -5832.33 -807.775
28.2 33254.2 277.864 -13371.3 21238.2 -13371.3 277.864
28.22 13582.7 588.444 -21584.8 10873.6 -21584.8 588.444
28.24 -6489.18 275.247 -29580.4 1568.46 -29580.4 275.247
28.26 -25935.8 -283.681 -36871.4 -6698.37 -36871.4 -283.681
28.28 -43961.7 -663.01 -43385.7 -14195.8 -43385.7 -663.01
28.3 -59913.9 -554.239 -49093.6 -21213.2 -49093.6 -554.239
28.32 -73241.2 183.408 -53828 -27911.3 -53828 183.408
28.34 -83567.8 1531.13 -57419.7 -34257.3 -57419.7 1531.13
28.36 -90749.6 3301.71 -59850.3 -39989.7 -59850.3 3301.71
28.38 -94839.2 5147.52 -61233.1 -44626.1 -61233.1 5147.52
28.4 -95998.2 6651.44 -61718.5 -47564.7 -61718.5 6651.44
28.42 -94407.1 7470.62 -61406.5 -48260.9 -61406.5 7470.62
28.44 -90196 7437.97 -60260.6 -46390.7 -60260.6 7437.97
28.46 -83384.1 6579.23 -58268.4 -41935.2 -58268.4 6579.23
28.48 -73901.3 5071.42 -55308.6 -35175.1 -55308.6 5071.42
28.5 -61662.4 3197.81 -51021.2 -26632.3 -51021.2 3197.81
28.52 -46712.5 1325.81 -45135.7 -17001.6 -45135.7 1325.81
28.54 -29443.8 -147.603 -37866.2 -7053.04 -37866.2 -147.603
28.56 -10648.3 -936.219 -29983.5 2531.69 -29983.5 -936.219
28.58 8689.27 -1016.54 -22294.6 11338.1 -22294.6 -1016.54
28.6 27658.6 -645.363 -15204.6 19286.7 -15204.6 -645.363
28.62 45495.2 -218.792 -8770.62 26539.2 -8770.62 -218.792
28.64 61518.4 -106.198 -2981.38 33327.3 -2981.38 -106.198
