0.02 0 1.72391e-16 0.00504264 -0.00775382 0.00504264 0
0.04 0 -1.48244e-14 -0.191432 -0.0575075 -0.191432 0
0.06 0 -2.17501e-15 -1.72277 -0.187121 -1.72277 0
0.08 0 -1.1429e-13 -7.05333 -0.327983 -7.05333 0
0.1 0 3.00592e-13 -18.8479 -0.240478 -18.8479 0
0.12 0 1.31435e-12 -38.0743 0.35336 -38.0743 0
0.14 0 -3.27898e-13 -63.3589 1.61793 -63.3589 0
0.16 0 -1.45365e-12 -91.9098 3.75628 -91.9098 0
0.18 0 5.00574e-12 -120.635 7.34101 -120.635 0
0.2 0 1.4436e-12 -146.762 13.194 -146.762 0
0.22 0 -1.4615e-11 -168.45 21.6452 -168.45 0
0.24 0 -9.43423e-13 -185.555 32.0129 -185.555 0
0.26 0 7.0473e-12 -199.92 42.9509 -199.92 0
0.28 0 -2.85074e-12 -214.764 53.1421 -214.764 0
0.3 0 3.80429e-11 -233.373 61.6567 -233.373 0
0.32 0 -3.99836e-11 -257.49 68.0152 -257.49 0
0.34 0 -8.94416e-12 -285.812 72.0788 -285.812 0
0.36 0 5.13166e-11 -313.398 73.8126 -313.398 0
0.38 0 -9.99378e-12 -332.891 73.466 -332.891 0
0.4 0 -7.43301e-11 -337.459 72.3632 -337.459 0
0.42 0 -1.87642e-11 -323.989 73.0954 -323.989 0
0.44 0 -9.2533e-12 -294.85 78.1109 -294.85 0
0.46 0 4.00644e-11 -257.072 87.8679 -257.072 0
0.48 0 -1.1306e-11 -218.617 100.382 -218.617 0
0.5 0 4.59354e-11 -183.491 112.193 -183.491 0
0.52 0 -3.95882e-11 -149.988 119.854 -149.988 0
0.54 0 -6.73103e-12 -114.522 121.944 -114.522 0
0.56 0 5.71525e-11 -77.6053 120.917 -77.6053 0
0.58 0 4.57881e-11 -45.9907 122.075 -45.9907 0
0.6 0 -4.94653e-11 -29.1786 128.822 -29.1786 0
0.62 0 -1.12151e-11 -33.8469 138.49 -33.8469 0
0.64 0 6.13802e-11 -60.7533 143.265 -60.7533 0
0.66 0 -5.84576e-11 -106.185 135.261 -106.185 0
0.68 0 -4.57701e-12 -166.72 111.394 -166.72 0
0.7 0 1.23272e-12 -243.262 74.9235 -243.262 0
0.72 0 1.61544e-11 -340.067 32.5795 -340.067 0
0.74 0 -3.40844e-12 -458.664 -11.1322 -458.664 0
0.76 0 -3.6159e-12 -592.119 -57.4436 -592.119 0
0.78 0 -6.6791e-12 -725.851 -110.889 -725.851 0
0.8 0 -1.43851e-12 -845.57 -173.828 -845.57 0
0.82 0 -2.1582e-11 -946.26 -244.023 -946.26 0
0.84 0 -8.84093e-11 -1034.18 -316.517 -1034.18 0
0.86 0 1.56001e-10 -1118.75 -386.53 -1118.75 0
0.88 0 -2.02381e-11 -1200.68 -451.487 -1200.68 0
0.9 0 -2.41848e-11 -1267.71 -511.81 -1267.71 0
0.92 0 1.06458e-10 -1303.19 -568.609 -1303.19 0
0.94 0 4.6414e-11 -1299.88 -618.88 -1299.88 0
0.96 0 -1.73972e-10 -1266.64 -654.263 -1266.64 0
0.98 0 -3.00472e-11 -1222.29 -667.155 -1222.29 0
1 0 -3.51944e-12 -1181.07 -657.724 -1181.07 0
1.02 0 1.01511e-11 -1129.77 -634.144 -1129.77 0
1.04 0 1.09997e-11 -1006.24 -608.406 -1006.24 0
1.06 0 7.01772e-13 -732.642 -591.045 -732.642 0
1.08 0 6.91888e-11 -305.769 -581.094 -305.769 0
1.1 0 -2.84196e-11 170.891 -555.74 170.891 0
1.12 0 -1.65965e-11 565.655 -479.106 565.655 0
1.14 0 1.47639e-12 810.28 -334.951 810.28 0
1.16 0 -1.3008e-11 924.116 -150.597 924.116 0
1.18 0 2.31074e-11 976.516 21.5288 976.516 0
1.2 0 3.13344e-12 1024.89 148.16 1024.89 0
1.22 0 2.77012e-11 1081.61 238.839 1081.61 0
1.24 0 -1.39295e-11 1132.68 330.549 1132.68 0
1.26 0 -1.19512e-11 1164.54 452.339 1164.54 0
1.28 0 3.31604e-12 1159.49 600.099 1159.49 0
1.3 0 -4.10095e-12 1083.47 742.123 1083.47 0
1.32 0 -3.14688e-12 898.952 846.743 898.952 0
1.34 0 3.22285e-13 586.743 898.386 586.743 0
1.36 0 -2.02351e-12 155.258 889.248 155.258 0
1.38 0 7.55664e-12 -338.986 809.037 -338.986 0
1.4 0 -1.08251e-11 -760.327 648.379 -760.327 0
1.42 0 9.87242e-12 -948.807 409.897 -948.807 0
1.44 0 7.96765e-12 -872.837 121.565 -872.837 0
1.46 0 -3.32915e-11 -685.326 -158.355 -685.326 0
1.48 0 -4.8293e-11 -581.995 -368.461 -581.995 0
1.5 0 5.52495e-11 -643.998 -497.37 -643.998 0
1.52 0 -4.09833e-11 -834.896 -604.2 -834.896 0
1.54 0 -3.43162e-11 -1080.47 -767.312 -1080.47 0
1.56 0 1.52752e-11 -1306.76 -1010.19 -1306.76 0
1.58 0 2.23331e-11 -1447.29 -1281.52 -1447.29 0
1.6 0 4.15111e-11 -1461.96 -1496.63 -1461.96 0
1.62 0 1.81278e-11 -1341.31 -1589.97 -1341.31 0
1.64 0 -1.56732e-11 -1088.89 -1543.61 -1088.89 0
1.66 0 -6.18195e-11 -728.229 -1385.75 -728.229 0
1.68 0 9.076e-11 -331.619 -1165.09 -331.619 0
1.7 0 -4.37028e-12 -5.83499 -921.992 -5.83499 0
1.72 0 3.19021e-11 175.542 -680.375 175.542 0
1.74 0 -4.44842e-11 222.928 -454.689 222.928 0
1.76 0 -1.48604e-11 217.974 -248.517 217.974 0
1.78 0 1.2764e-11 261.336 -44.8301 261.336 0
1.8 0 3.24224e-11 417.774 190.098 417.774 0
1.82 0 2.454e-11 678.431 482.212 678.431 0
1.84 0 -8.64065e-11 966.537 824.975 966.537 0
1.86 0 -1.35965e-11 1195.68 1176.78 1195.68 0
1.88 0 2.51249e-12 1331.34 1480.66 1331.34 0
1.9 0 -3.50976e-11 1397.87 1688.62 1397.87 0
1.92 0 -4.25966e-11 1440.43 1777.1 1440.43 0
1.94 0 1.95357e-10 1492.06 1752.46 1492.06 0
1.96 0 7.53857e-11 1565.45 1647.71 1565.45 0
1.98 0 -1.87495e-10 1656.6 1508.87 1656.6 0
2 0 -1.90021e-12 1752.43 1373.82 1752.43 0
2.02 0 -7.67235e-11 1837.69 1253.76 1837.69 0
2.04 0 7.72158e-12 1892.76 1128.18 1892.76 0
2.06 0 4.20978e-11 1885.63 956.757 1885.63 0
2.08 0 -2.32223e-12 1776.41 704.025 1776.41 0
2.1 0 3.14723e-11 1537.57 365.043 1537.57 0
2.12 0 1.95175e-11 1168.02 -24.0738 1168.02 0
2.14 0 -4.34018e-12 687.088 -400.782 687.088 0
2.16 0 -1.95669e-11 123.374 -707.756 123.374 0
2.18 0 1.45467e-10 -485.844 -920.403 -485.844 0
2.2 0 -1.96101e-10 -1091.69 -1054.14 -1091.69 0
2.22 0 2.2586e-10 -1640.15 -1149.25 -1640.15 0
2.24 0 -2.4808e-10 -2088.02 -1242.52 -2088.02 0
2.26 0 2.48812e-10 -2420.58 -1343.84 -2420.58 0
2.28 0 -4.90982e-11 -2656.54 -1435.15 -2656.54 0
2.3 0 -2.05817e-11 -2830.27 -1490.38 -2830.27 0
2.32 0 -1.29358e-10 -2964.7 -1496.18 -2964.7 0
2.34 0 1.68931e-10 -3057.89 -1457.92 -3057.89 0
2.36 0 -1.30727e-10 -3083.41 -1391.01 -3083.41 0
2.38 0 1.37658e-10 -2996.52 -1308.24 -2996.52 0
2.4 0 2.94022e-11 -2754.84 -1214.05 -2754.84 0
2.42 0 -9.54012e-11 -2349.6 -1107.7 -2349.6 0
2.44 0 -2.21366e-11 -1814.92 -987.814 -1814.92 0
2.46 0 -1.38162e-10 -1203.35 -852.602 -1203.35 0
2.48 0 2.0286e-12 -558.684 -698.011 -558.684 0
2.5 0 5.81949e-11 87.5735 -516.861 87.5735 0
2.52 0 4.01477e-11 704.799 -301.376 704.799 0
2.54 0 -1.04251e-11 1258.94 -50.6668 1258.94 0
2.56 0 2.20806e-11 1724.45 222.872 1724.45 0
2.58 0 -1.28131e-11 2102.26 496.153 2102.26 0
2.6 0 1.07606e-11 2418.4 745.355 2418.4 0
2.62 0 9.22055e-11 2693.56 957.071 2693.56 0
2.64 0 -1.66625e-10 2915.97 1135.95 2915.97 0
2.66 0 4.84784e-11 3050.67 1299.21 3050.67 0
2.68 0 -2.23738e-11 3067.75 1454.08 3067.75 0
2.7 0 5.74322e-11 2951.53 1580.29 2951.53 0
2.72 0 -5.68998e-11 2691.53 1642.64 2691.53 0
2.74 0 -1.90346e-12 2281.14 1620.75 2281.14 0
2.76 0 3.79692e-11 1726.15 1521.56 1726.15 0
2.78 0 -2.436e-11 1049.91 1365.62 1049.91 0
2.8 0 1.91365e-11 292.232 1167.5 292.232 0
2.82 0 -5.52733e-12 -501.621 926.525 -501.621 0
2.84 0 -7.27573e-12 -1305.3 632.464 -1305.3 0
2.86 0 1.18919e-11 -2127.46 283.392 -2127.46 0
2.88 0 3.66979e-11 -2991.39 -102.24 -2991.39 0
2.9 0 2.59309e-11 -3889.83 -499.605 -3889.83 0
2.92 0 1.72403e-11 -4756.33 -902.477 -4756.33 0
2.94 0 -5.45049e-11 -5476.08 -1321.74 -5476.08 0
2.96 0 2.02887e-11 -5933.34 -1755.62 -5933.34 0
2.98 0 2.59256e-11 -6075.21 -2169.96 -6075.21 0
3 0 -2.62375e-11 -5945.88 -2510.46 -5945.88 0
3.02 0 -1.05255e-11 -5650.61 -2731.27 -5650.61 0
3.04 0 -2.51618e-11 -5273.37 -2818.4 -5273.37 0
3.06 0 1.11653e-11 -4825.16 -2795.69 -4825.16 0
3.08 0 1.01722e-11 -4264.63 -2705.02 -4264.63 0
3.1 0 4.83e-11 -3557.38 -2569.07 -3557.38 0
3.12 0 -1.25714e-10 -2715.43 -2369.22 -2715.43 0
3.14 0 1.12505e-10 -1790.34 -2061.17 -1790.34 0
3.16 0 -1.21816e-10 -831.543 -1612.61 -831.543 0
3.18 0 1.48736e-11 152.666 -1028.96 152.666 0
3.2 0 3.12896e-11 1188.73 -349.368 1188.73 0
3.22 0 -8.53983e-11 2286.51 377.762 2286.51 0
3.24 0 -3.9515e-12 3399.68 1115.91 3399.68 0
3.26 0 1.3679e-10 4441.65 1840.53 4441.65 0
3.28 0 -4.21692e-11 5331.65 2526.14 5331.65 0
3.3 0 -1.14417e-11 6023.07 3142.37 6023.07 0
3.32 0 1.9582e-11 6505.44 3662.47 6505.44 0
3.34 0 -8.65396e-11 6792.28 4069.42 6792.28 0
3.36 0 1.63671e-10 6896.47 4354.29 6896.47 0
3.38 0 7.2834e-12 6802.43 4512.76 6802.43 0
3.4 0 -1.72346e-10 6465.99 4539.03 6465.99 0
3.42 0 -7.2764e-11 5852.12 4417.01 5852.12 0
3.44 0 4.22974e-11 4973.84 4121.24 4973.84 0
3.46 0 9.0732e-11 3892.62 3633.46 3892.62 0
3.48 0 8.8445e-12 2686.19 2959.99 2686.19 0
3.5 0 -2.56914e-13 1417.37 2134.9 1417.37 0
3.52 0 1.42885e-10 121.539 1209.92 121.539 0
3.54 0 -6.06443e-11 -1188.41 238.867 -1188.41 0
3.56 0 -2.27526e-11 -2501.45 -737.588 -2501.45 0
3.58 0 -4.08579e-11 -3779.75 -1698.74 -3779.75 0
3.6 0 -1.19453e-11 -4946.7 -2636.63 -4946.7 0
3.62 0 -1.13356e-13 -5912.37 -3539.41 -5912.37 0
3.64 0 -2.0599e-10 -6623.08 -4377.24 -6623.08 0
3.66 0 3.68474e-10 -7090.51 -5099.97 -7090.51 0
3.68 0 4.72391e-11 -7370.51 -5650.68 -7370.51 0
3.7 0 -5.24392e-11 -7512.93 -5990.16 -7512.93 0
3.72 0 -1.23429e-10 -7528.83 -6113.92 -7528.83 0
3.74 0 -1.93565e-10 -7390.36 -6042.92 -7390.36 0
3.76 0 1.17695e-10 -7045.64 -5795.1 -7045.64 0
3.78 0 4.88987e-11 -6441.82 -5368.34 -6441.82 0
3.8 0 -7.79426e-11 -5558.01 -4751.59 -5558.01 0
3.82 0 -3.80651e-11 -4425.06 -3946.39 -4425.06 0
3.84 0 1.08403e-10 -3108.64 -2975.07 -3108.64 0
3.86 0 -1.97475e-12 -1678.62 -1875.48 -1678.62 0
3.88 0 1.06579e-10 -202.135 -694.008 -202.135 0
3.9 0 3.83215e-11 1249.23 520.21 1249.23 0
3.92 0 -2.31982e-10 2610.42 1718.98 2610.42 0
3.94 0 -8.68369e-11 3844.84 2852.04 3844.84 0
3.96 0 4.0836e-10 4945.05 3862.09 4945.05 0
3.98 0 1.78839e-10 5909.74 4692.91 5909.74 0
4 0 -4.04616e-10 6719.42 5311.03 6719.42 0
4.02 0 -8.21185e-13 7322.09 5717.66 7322.09 0
4.04 0 3.35959e-10 7631.24 5933.45 7631.24 0
4.06 0 -4.09398e-10 7547.04 5970.61 7547.04 0
4.08 0 1.70561e-12 6998.57 5818.32 6998.57 0
4.1 0 -7.92528e-11 5978.46 5450.12 5978.46 0
4.12 0 -7.87479e-11 4547.69 4844.99 4547.69 0
4.14 0 3.13307e-11 2818.17 4010.68 2818.17 0
4.16 0 1.19413e-10 927.889 2994.2 927.889 0
4.18 0 5.83179e-11 -989.309 1866.75 -989.309 0
4.2 0 1.01756e-11 -2832.28 694.533 -2832.28 0
4.22 0 -1.10477e-11 -4540.75 -478.688 -4540.75 0
4.24 0 -4.0862e-11 -6081.66 -1629.52 -6081.66 0
4.26 0 -2.79464e-12 -7436.38 -2747.93 -7436.38 0
4.28 0 5.1263e-11 -8595.82 -3829.79 -8595.82 0
4.3 0 1.02833e-10 -9545.58 -4860.27 -9545.58 0
4.32 0 1.18866e-10 -10242.9 -5797.54 -10242.9 0
4.34 0 -7.23746e-11 -10617 -6579.24 -10617 0
4.36 0 -2.2412e-10 -10599.3 -7145.27 -10599.3 0
4.38 0 -2.99402e-11 -10156.2 -7447.34 -10156.2 0
4.4 0 3.08553e-11 -9302.17 -7444.88 -9302.17 0
4.42 0 -9.01856e-14 -8099.78 -7110.42 -8099.78 0
4.44 0 -2.06375e-11 -6650.72 -6441.75 -6650.72 0
4.46 0 -5.46981e-11 -5072.02 -5460.99 -5072.02 0
4.48 0 6.25254e-11 -3455.38 -4206.46 -3455.38 0
4.5 0 2.36712e-11 -1827.17 -2734.17 -1827.17 0
4.52 0 -1.58976e-11 -144.463 -1119.59 -144.463 0
4.54 0 -1.61071e-10 1661.14 558.856 1661.14 0
4.56 0 9.06615e-11 3630.07 2245.29 3630.07 0
4.58 0 -1.21615e-10 5755.4 3912.08 5755.4 0
4.6 0 5.45826e-10 7996.26 5536.24 7996.26 0
4.62 0 -7.72261e-10 10292.1 7070.08 10292.1 0
4.64 0 -2.70619e-11 12557.4 8434.47 12557.4 0
4.66 0 8.83745e-10 14665.2 9538.78 14665.2 0
4.68 0 -4.08011e-10 16450.9 10311.5 16450.9 0
4.7 0 5.92377e-10 17756.4 10722.9 17756.4 0
4.72 0 -5.94683e-10 18492.5 10782.1 18492.5 0
4.74 0 2.04035e-10 18665.9 10509.9 18665.9 0
4.76 0 -6.99653e-11 18350.2 9914.84 18350.2 0
4.78 0 5.46167e-10 17631.4 9005.53 17631.4 0
4.8 0 -3.64801e-10 16570.8 7816.57 16570.8 0
4.82 0 1.79939e-10 15198.4 6410.07 15198.4 0
4.84 0 -7.22942e-11 13530.7 4852.23 13530.7 0
4.86 0 -9.84033e-13 11587.6 3197.42 11587.6 0
4.88 0 -1.37771e-10 9395.48 1488.86 9395.48 0
4.9 0 -2.73218e-10 6985.43 -239.395 6985.43 0
4.92 0 1.82681e-10 4403.06 -1962.49 4403.06 0
4.94 0 6.33417e-10 1725.44 -3659.98 1725.44 0
4.96 0 2.04632e-10 -935.485 -5309.25 -935.485 0
4.98 0 -9.42879e-10 -3453.87 -6878.83 -3453.87 0
5 0 -2.08727e-09 -5723.76 -8316.87 -5723.76 0
5.02 0 1.13472e-09 -7689.67 -9545.24 -7689.67 0
5.04 0 2.65606e-10 -9361.5 -10479.8 -9361.5 0
5.06 0 -1.583e-09 -10802.1 -11068.5 -10802.1 0
5.08 0 9.56633e-10 -12089.8 -11309.1 -12089.8 0
5.1 0 -2.75203e-10 -13282.1 -11228.7 -13282.1 0
5.12 0 2.88994e-10 -14399.9 -10848.4 -14399.9 0
5.14 0 -2.81715e-10 -15421.1 -10165.1 -15421.1 0
5.16 0 1.27858e-09 -16266.4 -9160.31 -16266.4 0
5.18 0 -3.94956e-10 -16795.4 -7824.74 -16795.4 0
5.2 0 2.09831e-10 -16839.9 -6178.36 -16839.9 0
5.22 0 -3.91768e-10 -16262.1 -4268.83 -16262.1 0
5.24 0 9.42216e-10 -15001.2 -2154.23 -15001.2 0
5.26 0 9.63438e-11 -13084.6 101.953 -13084.6 0
5.28 0 -1.29256e-09 -10604.3 2412.28 -10604.3 0
5.3 0 8.0556e-10 -7659.54 4649.93 -7659.54 0
5.32 0 -8.79589e-10 -4288.07 6671.78 -4288.07 0
5.34 0 -1.3891e-09 -447.936 8378.43 -447.936 0
5.36 0 3.65694e-10 3909.36 9755.49 3909.36 0
5.38 0 -2.46659e-09 8724.79 10855.8 8724.79 0
5.4 0 -2.05743e-09 13775.2 11754.3 13775.2 0
5.42 0 1.31645e-09 18700.7 12456.4 18700.7 0
5.44 0 7.90277e-10 23069.2 12900.5 23069.2 0
5.46 0 -4.59793e-09 26444 13124.8 26444 0
5.48 0 1.39306e-09 28461.7 13252.3 28461.7 0
5.5 0 1.53225e-10 28908.2 13335.3 28908.2 0
5.52 0 2.95978e-09 27748.4 13281.2 27748.4 0
5.54 0 -4.23532e-10 25097.3 12916.6 25097.3 0
5.56 0 -4.19965e-10 21164.1 12130 21164.1 0
5.58 0 -5.23763e-10 16207.7 10930.2 16207.7 0
5.6 0 1.76857e-10 10522.6 9408.07 10522.6 0
5.62 0 1.72618e-10 4461.88 7664.84 4461.88 0
5.64 0 4.38005e-11 -1544.04 5768.85 -1544.04 0
5.66 0 7.65927e-10 -7035.4 3741.96 -7035.4 0
5.68 0 2.45738e-10 -11624.6 1560.35 -11624.6 0
5.7 0 6.86008e-10 -15069.5 -828.037 -15069.5 0
5.72 0 -8.60846e-10 -17275.1 -3456.22 -17275.1 0
5.74 0 9.65815e-10 -18249.7 -6274.16 -18249.7 0
5.76 0 -1.62142e-10 -18040.3 -9118.57 -18040.3 0
5.78 0 1.10343e-09 -16666.2 -11756 -16666.2 0
5.8 0 5.16505e-10 -14088.8 -13979.9 -14088.8 0
5.82 0 -1.57938e-09 -10257.7 -15688.6 -10257.7 0
5.84 0 -6.26625e-10 -5217.4 -16854.2 -5217.4 0
5.86 0 1.83112e-09 807.808 -17415.8 807.808 0
5.88 0 -1.51746e-09 7421.16 -17235.4 7421.16 0
5.9 0 1.48015e-09 14133.6 -16167.8 14133.6 0
5.92 0 -1.07311e-09 20440.9 -14167 20440.9 0
5.94 0 -6.56043e-11 25871.5 -11298.3 25871.5 0
5.96 0 5.51089e-10 30030.9 -7681.21 30030.9 0
5.98 0 7.84521e-11 32631.8 -3447.11 32631.8 0
6 0 3.22486e-10 33486.9 1280.8 33486.9 0
6.02 0 -1.8236e-10 32509.4 6386.48 32509.4 0
6.04 0 2.9645e-11 29762.4 11724.1 29762.4 0
6.06 0 -1.23933e-09 25480.2 17042.8 25480.2 0
6.08 0 -1.45369e-10 19991.7 21944.4 19991.7 0
6.1 0 5.50226e-10 13632.7 25947.1 13632.7 0
6.12 0 -8.51563e-12 6732.42 28622.9 6732.42 0
6.14 0 3.83281e-10 -427.1 29686.1 -427.1 0
6.16 0 -8.53349e-10 -7769.07 29045.6 -7769.07 0
6.18 0 2.41217e-09 -15530.9 26838.7 -15530.9 0
6.2 0 -2.73807e-09 -24116 23335.3 -24116 0
6.22 0 5.01486e-10 -33746.1 18845 -33746.1 0
6.24 0 5.12718e-11 -44079.2 13559.3 -44079.2 0
6.26 0 5.70355e-10 -53971.5 7431.04 -53971.5 0
6.28 0 -6.36923e-10 -61806.6 391.81 -61806.6 0
6.3 0 1.06612e-09 -66376.1 -7407.22 -66376.1 0
6.32 0 -2.86049e-10 -67361.1 -15733.7 -67361.1 0
6.34 0 6.00366e-11 -65256.5 -24529 -65256.5 0
6.36 0 4.92947e-11 -61379.1 -33736.5 -61379.1 0
6.38 0 -7.15367e-10 -57241.9 -42942 -57241.9 0
6.4 0 -1.20553e-09 -53124.8 -51445.7 -53124.8 0
6.42 0 5.51451e-10 -49852.6 -58710.5 -49852.6 0
6.44 0 9.69273e-10 -47791 -64634.1 -47791 0
6.46 0 -3.73118e-09 -45571.2 -68718.6 -45571.2 0
6.48 0 3.86846e-10 -41596 -68850.9 -41596 0
6.5 0 5.49581e-10 -34312.9 -65227.9 -34312.9 0
6.52 0 2.08257e-09 -23181.8 -60146 -23181.8 0
6.54 0 2.7289e-09 -8867.99 -54368.7 -8867.99 0
6.56 0 3.36095e-09 6868.07 -48803.3 6868.07 0
6.58 0 -1.87872e-09 21847.4 -44055.7 21847.4 0
6.6 0 2.3135e-09 34117.8 -39673.6 34117.8 0
6.62 0 -1.00684e-09 42425.4 -34460.8 42425.4 0
6.64 0 5.54183e-11 46484.7 -27107.2 46484.7 0
6.66 0 -3.88782e-10 47008.3 -17174.5 47008.3 0
6.68 0 -3.38559e-11 45330.7 -5225.02 45330.7 0
6.7 0 1.6772e-10 42888.7 7535.71 42888.7 0
6.72 0 -2.78413e-10 40914.1 19796.7 40914.1 0
6.74 0 -2.40495e-10 40271 30558.2 40271 0
6.76 0 2.68994e-10 41326.9 39309 41326.9 0
6.78 0 1.12812e-09 43935.7 45846.7 43935.7 0
6.8 0 -1.80964e-11 47494.8 50070.2 47494.8 0
6.82 0 -1.39887e-09 50828.8 52219.2 50828.8 0
6.84 0 -5.11014e-10 52235.1 53202.6 52235.1 0
6.86 0 -1.68326e-09 50349.7 54095.7 50349.7 0
6.88 0 1.22012e-09 44792.7 55176.7 44792.7 0
6.9 0 1.7508e-09 36077.2 55826.3 36077.2 0
6.92 0 -3.08079e-09 25332.4 55305.2 25332.4 0
6.94 0 4.27869e-09 13852.1 53295 13852.1 0
6.96 0 -1.36934e-09 2754.25 50228.9 2754.25 0
6.98 0 9.8162e-10 -7167.09 46354 -7167.09 0
7 0 -2.85485e-09 -15481.8 40801.6 -15481.8 0
7.02 0 -9.46902e-10 -22094 32995.5 -22094 0
7.04 0 2.73352e-09 -27173.8 23031.2 -27173.8 0
7.06 0 -1.9423e-09 -30991.3 11380.9 -30991.3 0
7.08 0 -5.341e-10 -33718.7 -1139.75 -33718.7 0
7.1 0 3.0333e-10 -35408.1 -13682.9 -35408.1 0
7.12 0 -1.95301e-10 -36137 -25225.1 -36137 0
7.14 0 6.03695e-11 -36102.1 -34687.1 -36102.1 0
7.16 0 4.34632e-10 -35552.9 -41276.5 -35552.9 0
7.18 0 -4.5311e-10 -34680 -44832.1 -34680 0
7.2 0 -5.46229e-10 -33572.9 -45794 -33572.9 0
7.22 0 3.10913e-10 -32133.2 -44906.2 -32133.2 0
7.24 0 -7.53505e-10 -29959.4 -42917.3 -29959.4 0
7.26 0 1.23714e-09 -26444.8 -40516.8 -26444.8 0
7.28 0 -1.87505e-09 -21055.2 -38034.3 -21055.2 0
7.3 0 -3.43149e-09 -13578.4 -35427.4 -13578.4 0
7.32 0 -1.58439e-10 -4228.97 -32676.5 -4228.97 0
7.34 0 -9.36276e-10 6321.71 -29602.6 6321.71 0
7.36 0 -9.87901e-10 16970.9 -25599 16970.9 0
7.38 0 9.36155e-10 26422.2 -19807.8 26422.2 0
7.4 0 1.55575e-11 33628.8 -11718.6 33628.8 0
7.42 0 -3.93727e-10 38114.8 -1606.15 38114.8 0
7.44 0 3.38831e-10 39955 9595.09 39955 0
7.46 0 -4.29239e-10 39576.2 20660.4 39576.2 0
7.48 0 3.1066e-10 37599 30418.4 37599 0
7.5 0 1.074e-10 34732.5 38017.2 34732.5 0
7.52 0 4.95671e-11 31658 43096.3 31658 0
7.54 0 4.0791e-10 28908.1 45743.4 28908.1 0
7.56 0 3.58766e-11 26719.6 46285.7 26719.6 0
7.58 0 -3.65786e-10 24851 45099 24851 0
7.6 0 1.56642e-09 22571.4 42492.8 22571.4 0
7.62 0 -7.32561e-10 19013.3 38676.2 19013.3 0
7.64 0 -2.4638e-09 13660.5 33863.6 13660.5 0
7.66 0 5.62785e-10 6548.63 28424.2 6548.63 0
7.68 0 1.08866e-09 -1834.32 22859 -1834.32 0
7.7 0 -1.62997e-09 -10668.1 17468.2 -10668.1 0
7.72 0 4.32405e-10 -18923 12067 -18923 0
7.74 0 -1.66264e-09 -25620.8 6004.36 -25620.8 0
7.76 0 -3.30734e-10 -30152.3 -1337.5 -30152.3 0
7.78 0 4.51788e-10 -32394.9 -9997.52 -32394.9 0
7.8 0 2.97087e-10 -32595.5 -19381.6 -32595.5 0
7.82 0 -2.2648e-11 -31242.2 -28448.5 -31242.2 0
7.84 0 -1.0382e-10 -29003.3 -35991.7 -29003.3 0
7.86 0 8.59975e-10 -26620.8 -41002.3 -26620.8 0
7.88 0 8.36739e-10 -24713.4 -43026.2 -24713.4 0
7.9 0 3.60869e-11 -23572.2 -42238 -23572.2 0
7.92 0 -2.3514e-10 -22978.4 -39242.6 -22978.4 0
7.94 0 -1.37936e-09 -22132.9 -34836.1 -22132.9 0
7.96 0 -6.31416e-10 -19945.4 -29805.6 -19945.4 0
7.98 0 -1.16641e-09 -15619.7 -24735 -15619.7 0
8 0 1.96368e-09 -9074.63 -19917.8 -9074.63 0
8.02 0 1.3454e-09 -910.931 -15454.5 -910.931 0
8.04 0 -5.10615e-10 7871.04 -11306.1 7871.04 0
8.06 0 -2.80613e-10 16134.9 -7194.27 16134.9 0
8.08 0 6.81004e-10 22875.1 -2620.99 22875.1 0
8.1 0 1.41298e-09 27512.5 2841.08 27512.5 0
8.12 0 1.56203e-09 30035.7 9148.18 30035.7 0
8.14 0 5.43771e-10 30864.8 15771.9 30864.8 0
8.16 0 -5.50549e-11 30603 22023.6 30603 0
8.18 0 2.37908e-11 29868.2 27273.4 29868.2 0
8.2 0 -1.66124e-10 29179 31044.5 29179 0
8.22 0 2.50931e-10 28823.5 33095.9 28823.5 0
8.24 0 4.32649e-10 28767.8 33455.4 28767.8 0
8.26 0 4.59815e-10 28664.6 32287.7 28664.6 0
8.28 0 8.71922e-10 27958 29749.2 27958 0
8.3 0 -4.82609e-09 26096.1 26012.6 26096.1 0
8.32 0 3.40008e-09 22786.9 21390.6 22786.9 0
8.34 0 -1.27328e-09 18102.3 16401.5 18102.3 0
8.36 0 3.94479e-09 12365.1 11753.5 12365.1 0
8.38 0 -2.8224e-09 5984.69 8222.77 5984.69 0
8.4 0 -6.89529e-10 -606.843 6151.92 -606.843 0
8.42 0 1.40743e-09 -6973.12 5288.27 -6973.12 0
8.44 0 -2.57726e-10 -12721.8 4746.01 -12721.8 0
8.46 0 -2.24143e-09 -17557.8 3281.54 -17557.8 0
8.48 0 -8.02655e-11 -21306.5 112.853 -21306.5 0
8.5 0 1.08954e-09 -23912.1 -4670.96 -23912.1 0
8.52 0 -1.39659e-09 -25419.7 -10244.5 -25419.7 0
8.54 0 -4.71471e-10 -25958.6 -15499.4 -25958.6 0
8.56 0 2.78162e-10 -25729.8 -19334.7 -25729.8 0
8.58 0 -1.01763e-10 -24967.1 -20951.7 -24967.1 0
8.6 0 -4.70225e-10 -23848.9 -20210.4 -23848.9 0
8.62 0 -2.4076e-10 -22391.1 -17721.6 -22391.1 0
8.64 0 -2.69612e-10 -20391.9 -14481.3 -20391.9 0
8.66 0 5.14001e-10 -17529.7 -11372.1 -17529.7 0
8.68 0 -5.4776e-10 -13579.1 -8900.12 -13579.1 0
8.7 0 -1.80397e-09 -8556.21 -7198.6 -8556.21 0
8.72 0 -1.67052e-09 -2693.44 -6153.24 -2693.44 0
8.74 0 1.09029e-09 3659.45 -5569.32 3659.45 0
8.76 0 1.54418e-09 10094.4 -5236.09 10094.4 0
8.78 0 -8.24386e-10 16192.9 -4876.88 16192.9 0
8.8 0 -6.7502e-10 21600.8 -4124.76 21600.8 0
8.82 0 -8.97049e-10 26076.5 -2513.44 26076.5 0
8.84 0 -6.20255e-10 29491.4 242.701 29491.4 0
8.86 0 1.79838e-09 31807.6 3958.56 31807.6 0
8.88 0 7.53738e-10 33051 8125.29 33051 0
8.9 0 1.20748e-10 33293 12188.1 33293 0
8.92 0 -3.98186e-10 32651.3 15624.9 32651.3 0
8.94 0 1.68968e-11 31276.6 17937.6 31276.6 0
8.96 0 -2.66243e-10 29274.7 18836 29274.7 0
8.98 0 -5.56338e-10 26615.7 18418.5 26615.7 0
9 0 1.40328e-09 23175.3 17081.3 23175.3 0
9.02 0 1.01726e-09 18915.1 15276.5 18915.1 0
9.04 0 -9.67903e-10 13977.5 13384.8 13977.5 0
9.06 0 -1.06235e-09 8579.59 11710.3 8579.59 0
9.08 0 6.92447e-10 2866.42 10456.8 2866.42 0
9.1 0 7.27283e-10 -3096.36 9665.28 -3096.36 0
9.12 0 -2.71185e-09 -9222.27 9170.7 -9222.27 0
9.14 0 -5.83618e-10 -15305.8 8598.38 -15305.8 0
9.16 0 2.49064e-10 -20974.9 7376.45 -20974.9 0
9.18 0 9.42347e-10 -25741 4864.59 -25741 0
9.2 0 -1.11972e-09 -29185.7 766.827 -29185.7 0
9.22 0 2.90742e-10 -31166.4 -4549.28 -31166.4 0
9.24 0 -3.2352e-10 -31862.4 -10209 -31862.4 0
9.26 0 1.66689e-10 -31653.7 -15237.3 -31653.7 0
9.28 0 -1.90602e-10 -30961.3 -18882 -30961.3 0
9.3 0 -6.70552e-11 -30115 -20811.1 -30115 0
9.32 0 -5.93535e-11 -29234.5 -21232.6 -29234.5 0
9.34 0 -4.09347e-10 -28133.4 -20792.2 -28133.4 0
9.36 0 2.28215e-10 -26349.7 -20194.2 -26349.7 0
9.38 0 1.10726e-09 -23395.4 -19801.8 -23395.4 0
9.4 0 -8.40329e-12 -19067.1 -19524.3 -19067.1 0
9.42 0 1.33288e-09 -13557.1 -19019.3 -13557.1 0
9.44 0 -9.98869e-10 -7317.11 -17989.7 -7317.11 0
9.46 0 -1.60293e-09 -868.755 -16343.6 -868.755 0
9.48 0 9.6788e-10 5295.87 -14170.3 5295.87 0
9.5 0 -1.0054e-09 10781.5 -11594.9 10781.5 0
9.52 0 4.27278e-10 15366.8 -8662.2 15366.8 0
9.54 0 2.44414e-10 19021.7 -5307.86 19021.7 0
9.56 0 -5.28081e-10 21829.3 -1423.49 21829.3 0
9.58 0 7.73893e-10 23889.1 2991.44 23889.1 0
9.6 0 -1.06604e-09 25274.4 7758.62 25274.4 0
9.62 0 2.43494e-10 26039.2 12544.9 26039.2 0
9.64 0 2.1407e-10 26234.2 16887.7 26234.2 0
9.66 0 -7.86345e-12 25906.8 20256.4 25906.8 0
9.68 0 3.01224e-10 25088 22217.9 25088 0
9.7 0 4.48405e-10 23761.4 22630.2 23761.4 0
9.72 0 -1.78756e-11 21840.8 21698 21840.8 0
9.74 0 -2.72074e-10 19209.4 19851.8 19209.4 0
9.76 0 -2.59639e-10 15802.5 17571.3 15802.5 0
9.78 0 9.24041e-10 11634.6 15253.4 11634.6 0
9.8 0 6.67895e-10 6760.41 13116.5 6760.41 0
9.82 0 -5.64132e-10 1282.06 11122.9 1282.06 0
9.84 0 5.73343e-10 -4562.9 8961.94 -4562.9 0
9.86 0 2.46049e-09 -10349.9 6140.32 -10349.9 0
9.88 0 -6.40631e-11 -15558.9 2257.75 -15558.9 0
9.9 0 -6.0334e-11 -19752.3 -2708.27 -19752.3 0
9.92 0 -7.65229e-11 -22709.5 -8346.28 -22709.5 0
9.94 0 1.36196e-10 -24464.8 -13957.9 -24464.8 0
9.96 0 4.6255e-11 -25260.3 -18799.1 -25260.3 0
9.98 0 7.25958e-11 -25433.4 -22324.6 -25433.4 0
10 0 2.63716e-10 -25278.4 -24362.2 -25278.4 0
10.02 0 2.72208e-10 -24960.1 -25107.9 -24960.1 0
10.04 0 -1.08203e-09 -24519 -24947.8 -24519 0
10.06 0 -9.18341e-10 -23897.1 -24253.4 -23897.1 0
10.08 0 2.41657e-10 -22908.7 -23266.2 -22908.7 0
10.1 0 1.61964e-09 -21235.4 -22069.5 -21235.4 0
10.12 0 -6.37196e-10 -18556.1 -20618.1 -18556.1 0
10.14 0 4.82916e-10 -14738 -18795.2 -14738 0
10.16 0 1.78261e-09 -9921.16 -16465.6 -9921.16 0
10.18 0 -1.80954e-09 -4472.11 -13513.4 -4472.11 0
10.2 0 4.04264e-10 1113.87 -9919.87 1113.87 0
10.22 0 -2.97018e-10 6341.22 -5830.5 6341.22 0
10.24 0 -3.0288e-10 10864.4 -1506.26 10864.4 0
10.26 0 -1.72356e-10 14576.4 2789.25 14576.4 0
10.28 0 -2.81604e-10 17561.6 6854.35 17561.6 0
10.3 0 -1.2702e-10 19964.5 10547.2 19964.5 0
10.32 0 3.6894e-10 21892.7 13766.3 21892.7 0
10.34 0 -5.3237e-11 23397.6 16422.3 23397.6 0
10.36 0 3.61099e-10 24478.9 18406.9 24478.9 0
10.38 0 -9.83709e-10 25072.7 19605.4 25072.7 0
10.4 0 -2.7131e-10 25034.2 19958.7 25034.2 0
10.42 0 -1.00492e-10 24133.6 19509.2 24133.6 0
10.44 0 9.23876e-10 22103.1 18378.7 22103.1 0
10.46 0 3.91881e-10 18770.5 16710.8 18770.5 0
10.48 0 1.56804e-09 14191.1 14645.7 14191.1 0
10.5 0 3.04204e-11 8647.98 12305.9 8647.98 0
10.52 0 5.61697e-10 2545.31 9758.52 2545.31 0
10.54 0 -1.40174e-09 -3678.17 6982.78 -3678.17 0
10.56 0 -8.24079e-10 -9595.3 3906.34 -9595.3 0
10.58 0 3.98754e-11 -14866.1 467.202 -14866.1 0
10.6 0 1.02633e-10 -19320.8 -3337.54 -19320.8 0
10.62 0 2.71501e-10 -22953.1 -7401.69 -22953.1 0
10.64 0 1.50803e-10 -25819.1 -11506.8 -25819.1 0
10.66 0 1.48205e-11 -27941.1 -15395.1 -27941.1 0
10.68 0 -5.34658e-10 -29278.6 -18854 -29278.6 0
10.7 0 -5.81362e-11 -29747.4 -21728.7 -29747.4 0
10.72 0 6.1909e-10 -29262.8 -23886.5 -29262.8 0
10.74 0 -1.22189e-09 -27789.1 -25208.4 -27789.1 0
10.76 0 -3.44466e-10 -25347.1 -25617.4 -25347.1 0
10.78 0 2.10606e-09 -21975.3 -25097.2 -21975.3 0
10.8 0 2.80374e-10 -17714.3 -23716.6 -17714.3 0
10.82 0 -1.30436e-09 -12644.6 -21666.5 -12644.6 0
10.84 0 -8.2364e-10 -6915.55 -19214.6 -6915.55 0
10.86 0 4.38573e-10 -743.733 -16543.6 -743.733 0
10.88 0 1.40337e-09 5584.29 -13662.7 5584.29 0
10.9 0 -1.08245e-09 11719.2 -10452.9 11719.2 0
10.92 0 4.21545e-10 17311.2 -6789.31 17311.2 0
10.94 0 9.46321e-11 22084.8 -2627.53 22084.8 0
10.96 0 7.07788e-11 25854.7 1995.37 25854.7 0
10.98 0 -1.8684e-10 28503.1 6948.89 28503.1 0
11 0 1.70135e-10 29990.8 11988.9 29990.8 0
11.02 0 -3.53323e-10 30397.4 16763.6 30397.4 0
11.04 0 -4.80869e-10 29917.2 20869.6 29917.2 0
11.06 0 4.82256e-10 28789.9 23941.6 28789.9 0
11.08 0 1.25289e-09 27195.9 25756.7 27195.9 0
11.1 0 9.41355e-10 25135.6 26297.4 25135.6 0
11.12 0 -4.15647e-10 22368.6 25708.5 22368.6 0
11.14 0 1.30209e-10 18544.1 24181.3 18544.1 0
11.16 0 -1.48624e-09 13460.9 21888.9 13460.9 0
11.18 0 5.55483e-10 7210.07 19002 7210.07 0
11.2 0 7.08747e-10 123.47 15696.5 123.47 0
11.22 0 -4.13311e-10 -7315.25 12097.9 -7315.25 0
11.24 0 -2.05219e-10 -14517.4 8204.97 -14517.4 0
11.26 0 -1.09564e-09 -20891.6 3921.03 -20891.6 0
11.28 0 -6.1199e-12 -26010.8 -831.652 -26010.8 0
11.3 0 1.71796e-10 -29697.9 -6040.04 -29697.9 0
11.32 0 2.31444e-10 -31976.8 -11575.2 -31976.8 0
11.34 0 2.96616e-11 -33004.7 -17188.5 -33004.7 0
11.36 0 2.51961e-12 -33055.1 -22531.1 -33055.1 0
11.38 0 3.83546e-11 -32476.5 -27217.2 -32476.5 0
11.4 0 3.21672e-11 -31577.6 -30899.3 -31577.6 0
11.42 0 6.93693e-10 -30509.1 -33324.4 -30509.1 0
11.44 0 -1.43917e-10 -29192.3 -34368.6 -29192.3 0
11.46 0 3.46574e-10 -27303.8 -34041.5 -27303.8 0
11.48 0 5.65277e-10 -24396.2 -32452.3 -24396.2 0
11.5 0 -1.49929e-09 -20146.4 -29775.4 -20146.4 0
11.52 0 5.20726e-10 -14536.6 -26248.9 -14536.6 0
11.54 0 9.18752e-10 -7829.45 -22163.5 -7829.45 0
11.56 0 6.33696e-10 -452.769 -17797.4 -452.769 0
11.58 0 -6.36868e-10 7051.98 -13315.4 7051.98 0
11.6 0 4.31623e-10 14085.1 -8725.55 14085.1 0
11.62 0 -7.01127e-10 20144.1 -3936.61 20144.1 0
11.64 0 4.22154e-10 24971.3 1146.85 24971.3 0
11.66 0 3.60033e-10 28543.1 6539.26 28543.1 0
11.68 0 9.31925e-11 30958.8 12124 30958.8 0
11.7 0 -4.79353e-11 32372.5 17652.4 32372.5 0
11.72 0 1.15845e-10 32975.8 22787 32975.8 0
11.74 0 2.46312e-11 32959.9 27162.5 32959.9 0
11.76 0 -8.0074e-11 32465.4 30437.9 32465.4 0
11.78 0 9.96737e-11 31572 32341.7 31572 0
11.8 0 4.18006e-11 30275.8 32714.7 30275.8 0
11.82 0 1.79077e-09 28395.6 31546.2 28395.6 0
11.84 0 -3.57217e-10 25554.1 28993.3 25554.1 0
11.86 0 -1.52942e-09 21377.7 25371.9 21377.7 0
11.88 0 -2.70101e-10 15750.3 21099.3 15750.3 0
11.9 0 1.17204e-09 8885.99 16601.6 8885.99 0
11.92 0 1.14149e-10 1239.48 12204.4 1239.48 0
11.94 0 -4.2918e-10 -6595.39 8031.12 -6595.39 0
11.96 0 1.15761e-09 -14000.1 3964.2 -14000.1 0
11.98 0 -9.10545e-10 -20491.9 -277.081 -20491.9 0
12 0 -1.99519e-09 -25831.8 -4937.4 -25831.8 0
12.02 0 1.78577e-11 -29984.6 -10075.7 -29984.6 0
12.04 0 1.16274e-09 -33012.5 -15549.2 -33012.5 0
12.06 0 -7.04734e-10 -35037 -21038.7 -35037 0
12.08 0 3.23149e-10 -36252.4 -26092.9 -36252.4 0
12.1 0 -1.69135e-10 -36898.7 -30223.8 -36898.7 0
12.12 0 -1.39062e-10 -37182.2 -33052.4 -37182.2 0
12.14 0 -5.75663e-10 -37209.7 -34418.4 -37209.7 0
12.16 0 -3.44292e-10 -36949.5 -34392.3 -36949.5 0
12.18 0 -2.73005e-10 -36176.7 -33195.4 -36176.7 0
12.2 0 -5.10865e-10 -34456.6 -31084.9 -34456.6 0
12.22 0 -4.04415e-10 -31304.3 -28279.7 -31304.3 0
12.24 0 -9.68649e-10 -26463.3 -24969.7 -26463.3 0
12.26 0 1.09783e-09 -20039.7 -21373.1 -20039.7 0
12.28 0 9.64691e-10 -12401.9 -17759.3 -12401.9 0
12.3 0 8.71938e-10 -4042.21 -14370.9 -4042.21 0
12.32 0 1.9819e-09 4458.65 -11258.8 4458.65 0
12.34 0 8.93104e-10 12472.5 -8207.9 12472.5 0
12.36 0 3.84673e-10 19446.7 -4843.98 19446.7 0
12.38 0 -7.25591e-11 25014.3 -854.789 25014.3 0
12.4 0 1.86268e-10 29013.3 3842.32 29013.3 0
12.42 0 -5.49598e-10 31474.8 9058.67 31474.8 0
12.44 0 -1.80756e-10 32633.6 14351.7 32633.6 0
12.46 0 1.1971e-10 32890.1 19126.2 32890.1 0
12.48 0 2.89148e-11 32678 22823 32678 0
12.5 0 1.19617e-10 32313.3 25112.4 32313.3 0
12.52 0 -7.53531e-10 31928.6 25972.4 31928.6 0
12.54 0 -5.41991e-10 31462.6 25622.7 31462.6 0
12.56 0 1.0735e-09 30605 24384.5 30605 0
12.58 0 -4.69495e-11 28802 22545.4 28802 0
12.6 0 -1.36686e-09 25488.9 20292.2 25488.9 0
12.62 0 -1.19373e-09 20417.6 17733.8 20417.6 0
12.64 0 6.81034e-10 13761.2 14961.9 13761.2 0
12.66 0 1.61947e-09 5978.68 12066.6 5978.68 0
12.68 0 -4.75925e-10 -2302.37 9086.09 -2302.37 0
12.7 0 -8.19335e-10 -10350.5 5944.69 -10350.5 0
12.72 0 1.84734e-10 -17499.9 2490.91 -17499.9 0
12.74 0 2.6647e-10 -23368.6 -1380.13 -23368.6 0
12.76 0 -2.19268e-10 -27905 -5641.46 -27905 0
12.78 0 -5.93388e-10 -31241.4 -10141.3 -31241.4 0
12.8 0 1.92907e-10 -33535.3 -14661.8 -33535.3 0
12.82 0 -6.3375e-11 -34901.7 -18960.2 -34901.7 0
12.84 0 -8.90727e-11 -35401.7 -22785.1 -35401.7 0
12.86 0 2.14978e-11 -35051.8 -25892.1 -35051.8 0
12.88 0 -1.03774e-10 -33844.5 -28063.7 -33844.5 0
12.9 0 2.40861e-11 -31737 -29122 -31737 0
12.92 0 -2.65829e-10 -28605 -28942 -28605 0
12.94 0 -1.90468e-10 -24280.7 -27509.6 -24280.7 0
12.96 0 9.10359e-11 -18710.1 -25002.3 -18710.1 0
12.98 0 1.32661e-10 -12059.5 -21788.3 -12059.5 0
13 0 3.34978e-10 -4678.61 -18300.2 -4678.61 0
13.02 0 -4.28809e-10 2967.63 -14859.1 2967.63 0
13.04 0 -1.04049e-09 10340.7 -11540.7 10340.7 0
13.06 0 4.26499e-10 16923.1 -8152.14 16923.1 0
13.08 0 -9.82179e-11 22362.4 -4349.44 22362.4 0
13.1 0 -4.06548e-11 26534.1 155.39 26534.1 0
13.12 0 -2.32195e-10 29478.8 5438.16 29478.8 0
13.14 0 3.18638e-11 31321.8 11313 31321.8 0
13.16 0 7.71046e-12 32251.8 17339.5 32251.8 0
13.18 0 4.49202e-11 32506.2 22893.4 32506.2 0
13.2 0 -3.34772e-11 32319.7 27336 32319.7 0
13.22 0 2.42183e-11 31866.3 30221 31866.3 0
13.24 0 1.0456e-10 31212.5 31409.9 31212.5 0
13.26 0 -1.16156e-10 30236.5 31040.5 30236.5 0
13.28 0 1.25016e-10 28546.1 29407.5 28546.1 0
13.3 0 -1.39119e-10 25584.5 26838.9 25584.5 0
13.32 0 2.72631e-10 20927.9 23614.7 20927.9 0
13.34 0 -4.69472e-10 14502.7 19951 14502.7 0
13.36 0 -3.76964e-10 6572.61 16035.4 6572.61 0
13.38 0 8.23869e-10 -2350.86 12037.9 -2350.86 0
13.4 0 7.84305e-10 -11545.5 8035.49 -11545.5 0
13.42 0 -6.35213e-10 -20168.8 3923.33 -20168.8 0
13.44 0 -2.71799e-10 -27465.4 -533.601 -27465.4 0
13.46 0 -2.2513e-10 -32949.6 -5515.62 -32949.6 0
13.48 0 1.59096e-10 -36443.2 -11009.8 -36443.2 0
13.5 0 -1.12067e-09 -38033.7 -16801.6 -38033.7 0
13.52 0 -1.35727e-10 -38035.6 -22527.8 -38035.6 0
13.54 0 2.80909e-10 -36919.1 -27738.5 -36919.1 0
13.56 0 4.01349e-10 -35169.2 -31988 -35169.2 0
13.58 0 1.22333e-11 -33152.1 -34937.3 -33152.1 0
13.6 0 7.6549e-11 -31039 -36387.4 -31039 0
13.62 0 1.99649e-10 -28727.4 -36239.6 -28727.4 0
13.64 0 1.49013e-10 -25835.9 -34469.1 -25835.9 0
13.66 0 6.22891e-10 -21878 -31193.4 -21878 0
13.68 0 -2.25199e-10 -16526.8 -26777.3 -16526.8 0
13.7 0 1.44503e-10 -9773.08 -21795.1 -9773.08 0
13.72 0 -6.32446e-10 -1942.68 -16817.2 -1942.68 0
13.74 0 3.00147e-10 6314.64 -12189.3 6314.64 0
13.76 0 -1.40528e-09 14128.9 -7932.59 14128.9 0
13.78 0 -9.91634e-10 20693 -3790.42 20693 0
13.8 0 8.26921e-10 25576.2 585.58 25576.2 0
13.82 0 -1.22724e-09 28824.3 5401.13 28824.3 0
13.84 0 3.05538e-10 30818.8 10604.9 30818.8 0
13.86 0 7.12255e-10 32060.4 15948.6 32060.4 0
13.88 0 1.72728e-09 33003.1 21088.5 33003.1 0
13.9 0 6.58668e-11 33949.7 25625.5 33949.7 0
13.92 0 -1.14402e-09 35008.8 29139 35008.8 0
13.94 0 -6.75179e-10 36111.1 31290.5 36111.1 0
13.96 0 1.29865e-09 37039.8 31941.3 37039.8 0
13.98 0 -1.31957e-10 37387.5 31162.6 37387.5 0
14 0 1.63969e-10 36507.7 29159.5 36507.7 0
14.02 0 2.06471e-10 33737.8 26211.1 33737.8 0
14.04 0 -2.68546e-10 28808.2 22624.7 28808.2 0
14.06 0 -1.25791e-09 22045.3 18695.4 22045.3 0
14.08 0 6.50346e-10 14210 14692.9 14210 0
14.1 0 2.85419e-10 6169.81 10846.9 6169.81 0
14.12 0 6.49267e-11 -1351.55 7289.98 -1351.55 0
14.14 0 1.32002e-09 -7945.01 4016.52 -7945.01 0
14.16 0 1.73472e-09 -13588.4 935.931 -13588.4 0
14.18 0 -1.48296e-09 -18514 -2051.94 -18514 0
14.2 0 -6.29794e-10 -22909.1 -5085.71 -22909.1 0
14.22 0 -7.15257e-10 -26702.4 -8392.39 -26702.4 0
14.24 0 -7.80444e-10 -29613.8 -12149.2 -29613.8 0
14.26 0 2.13078e-11 -31363.4 -16223.7 -31363.4 0
14.28 0 1.21951e-09 -31850.1 -20050.7 -31850.1 0
14.3 0 -1.03363e-09 -31214.2 -22836.5 -31214.2 0
14.32 0 -2.53936e-10 -29796.9 -23956.9 -29796.9 0
14.34 0 7.49689e-11 -28003.4 -23220.2 -28003.4 0
14.36 0 -9.04376e-11 -26061.6 -20908.3 -26061.6 0
14.38 0 -2.69308e-11 -23820.3 -17676.8 -23820.3 0
14.4 0 -2.34907e-10 -20833.4 -14328.3 -20833.4 0
14.42 0 4.31618e-10 -16681.2 -11475.5 -16681.2 0
14.44 0 -1.91083e-10 -11222.1 -9296.79 -11222.1 0
14.46 0 -1.9505e-09 -4620.85 -7565.8 -4620.85 0
14.48 0 -1.50333e-10 2715.41 -5882.48 2715.41 0
14.5 0 -5.97561e-10 10174.9 -3899.83 10174.9 0
14.52 0 1.59533e-09 17031.8 -1441.02 17031.8 0
14.54 0 1.52625e-09 22631.3 1492.96 22631.3 0
14.56 0 8.76332e-10 26556.9 4792.13 26556.9 0
14.58 0 -3.07138e-10 28693.6 8279.34 28693.6 0
14.6 0 8.21787e-10 29229.4 11652 29229.4 0
14.62 0 -1.5159e-09 28616.4 14539.5 28616.4 0
14.64 0 7.66289e-10 27441.3 16648.1 27441.3 0
14.66 0 -1.31971e-10 26216.8 17883.5 26216.8 0
14.68 0 4.53041e-10 25178.4 18316.5 25178.4 0
14.7 0 5.67991e-10 24134 18028 24134 0
14.72 0 -3.50215e-10 22460 17078.2 22460 0
14.74 0 3.81616e-10 19408.1 15534.1 19408.1 0
14.76 0 -7.28758e-10 14608.2 13467 14608.2 0
14.78 0 -5.65901e-11 8324.6 10937.5 8324.6 0
14.8 0 -8.17919e-10 1261.17 8060.37 1261.17 0
14.82 0 4.68169e-10 -5791.91 5091.47 -5791.91 0
14.84 0 1.24267e-09 -12164.9 2383.62 -12164.9 0
14.86 0 -4.56439e-10 -17395.1 190.715 -17395.1 0
14.88 0 -4.42078e-10 -21286.6 -1524.35 -21286.6 0
14.9 0 1.16608e-09 -23892.7 -3128.35 -23892.7 0
14.92 0 9.74977e-10 -25413.2 -5119.46 -25413.2 0
14.94 0 -2.21091e-11 -26112.4 -7849.5 -26112.4 0
14.96 0 -2.2408e-09 -26292.8 -11297.2 -26292.8 0
14.98 0 5.22108e-10 -26226.8 -15028.6 -26226.8 0
15 0 -1.47335e-09 -26027.9 -18384.1 -26027.9 0
15.02 0 -6.06528e-10 -25565.5 -20701.2 -25565.5 0
15.04 0 9.57811e-11 -24482.8 -21500.1 -24482.8 0
15.06 0 1.66201e-10 -22330.8 -20613.2 -22330.8 0
15.08 0 -3.2197e-10 -18776.7 -18251.7 -18776.7 0
15.1 0 1.889e-10 -13787.2 -14960.2 -13787.2 0
15.12 0 4.14789e-10 -7684.68 -11452 -7684.68 0
15.14 0 6.35961e-11 -1046.02 -8367.45 -1046.02 0
15.16 0 -2.9582e-10 5494.56 -6061.33 5494.56 0
15.18 0 1.00722e-09 11439.8 -4524.01 11439.8 0
15.2 0 3.00101e-10 16534.1 -3458.67 16534.1 0
15.22 0 3.89539e-10 20733.8 -2402.37 20733.8 0
15.24 0 1.33691e-09 24091.2 -829.464 24091.2 0
15.26 0 1.89903e-09 26661.7 1704.56 26661.7 0
15.28 0 1.87779e-09 28488.9 5362.51 28488.9 0
15.3 0 -5.36308e-10 29621.3 9809.19 29621.3 0
15.32 0 -2.26682e-10 30103.3 14347 30103.3 0
15.34 0 -2.81586e-10 29964.8 18242.4 29964.8 0
15.36 0 4.89262e-11 29217.8 20883.3 29217.8 0
15.38 0 -6.15661e-11 27817.5 21893.6 27817.5 0
15.4 0 -7.03595e-10 25614.6 21254.5 25614.6 0
15.42 0 1.5758e-09 22425.5 19335.9 22425.5 0
15.44 0 -8.96548e-10 18211.1 16696.4 18211.1 0
15.46 0 -7.28338e-11 13169.6 13838.1 13169.6 0
15.48 0 1.62347e-09 7647.64 11140.1 7647.64 0
15.5 0 1.43254e-09 1990.12 8905.62 1990.12 0
15.52 0 -4.87768e-09 -3548.51 7306.47 -3548.51 0
15.54 0 -2.19841e-10 -8830.72 6245.09 -8830.72 0
15.56 0 2.44584e-09 -13800.7 5299.88 -13800.7 0
15.58 0 -3.46373e-09 -18382.1 3861.98 -18382.1 0
15.6 0 1.78805e-10 -22388.7 1363.64 -22388.7 0
15.62 0 1.03506e-09 -25554.6 -2400.65 -25554.6 0
15.64 0 -1.74983e-10 -27654.9 -7129.43 -27654.9 0
15.66 0 4.01298e-10 -28604.8 -12161.5 -28604.8 0
15.68 0 -4.03461e-10 -28501.5 -16674.7 -28501.5 0
15.7 0 5.03129e-11 -27608.5 -19911.2 -27608.5 0
15.72 0 -3.11042e-10 -26267.1 -21414.9 -26267.1 0
15.74 0 -4.40272e-10 -24749.4 -21206.7 -24749.4 0
15.76 0 6.71445e-10 -23118.5 -19738 -23118.5 0
15.78 0 8.63332e-10 -21190.1 -17665.1 -21190.1 0
15.8 0 2.7401e-10 -18646.8 -15594.6 -18646.8 0
15.82 0 1.00928e-10 -15230.3 -13899.4 -15230.3 0
15.84 0 -8.04572e-10 -10874.9 -12649 -10874.9 0
15.86 0 -3.16596e-11 -5725.48 -11661.3 -5725.48 0
15.88 0 -1.12159e-09 -100.945 -10612.7 -100.945 0
15.9 0 1.79908e-09 5547.32 -9084.46 5547.32 0
15.92 0 -7.13427e-10 10715.5 -6727.01 10715.5 0
15.94 0 -6.91363e-10 14986.6 -3475.29 14986.6 0
15.96 0 3.39046e-10 18150 417.427 18150 0
15.98 0 3.66909e-10 20224.8 4516.05 20224.8 0
16 0 8.85311e-11 21405.4 8378.87 21405.4 0
16.02 0 -2.13851e-10 21986.6 11631.9 21986.6 0
16.04 0 3.6823e-10 22272.6 14037.5 22272.6 0
16.06 0 4.76813e-10 22466.2 15558 22466.2 0
16.08 0 -7.10049e-10 22584.8 16328.1 22584.8 0
16.1 0 2.45846e-10 22443.3 16535.5 22443.3 0
16.12 0 8.74625e-10 21686.2 16323.8 21686.2 0
16.14 0 2.31906e-10 19896.9 15755.1 19896.9 0
16.16 0 -9.53906e-10 16806.1 14813.8 16806.1 0
16.18 0 -1.2115e-09 12468.7 13455.7 12468.7 0
16.2 0 1.41227e-09 7247.75 11684.6 7247.75 0
16.22 0 -4.25265e-10 1642.11 9588.48 1642.11 0
16.24 0 2.09733e-11 -3865.45 7273.52 -3865.45 0
16.26 0 -9.45223e-10 -8884.38 4778.99 -8884.38 0
16.28 0 -2.33284e-11 -13163.7 2059.76 -13163.7 0
16.3 0 4.52016e-10 -16603.8 -973.537 -16603.8 0
16.32 0 -1.00673e-10 -19199.9 -4373.93 -19199.9 0
16.34 0 -1.54022e-10 -20977.6 -8083.8 -20977.6 0
16.36 0 -6.58577e-11 -21995.4 -11896.2 -21995.4 0
16.38 0 4.2982e-10 -22374.9 -15475.4 -22374.9 0
16.4 0 -7.90261e-10 -22270.3 -18435.9 -22270.3 0
16.42 0 2.70551e-09 -21787.7 -20461.3 -21787.7 0
16.44 0 -2.46305e-10 -20934.3 -21410 -20934.3 0
16.46 0 -2.47606e-10 -19618.8 -21345.3 -19618.8 0
16.48 0 1.0763e-09 -17695.9 -20470.9 -17695.9 0
16.5 0 -3.32907e-10 -15054.6 -19035.9 -15054.6 0
16.52 0 4.15583e-10 -11701.8 -17273.5 -11701.8 0
16.54 0 -2.34727e-09 -7770.63 -15329.6 -7770.63 0
16.56 0 1.31047e-09 -3469.9 -13210.2 -3469.9 0
16.58 0 -3.85553e-10 958.755 -10808.4 958.755 0
16.6 0 -3.34092e-10 5270.42 -7991.76 5270.42 0
16.62 0 -8.44117e-11 9264.06 -4688.3 9264.06 0
16.64 0 -1.52436e-10 12824 -927.344 12824 0
16.66 0 -1.75126e-10 15902.7 3136.13 15902.7 0
16.68 0 -2.3234e-10 18463.4 7239.38 18463.4 0
16.7 0 -8.65994e-10 20454.6 11090 20454.6 0
16.72 0 1.38305e-10 21833.5 14446.9 21833.5 0
16.74 0 -1.20257e-09 22590.6 17139.9 22590.6 0
16.76 0 1.2613e-09 22738.3 19053.8 22738.3 0
16.78 0 -1.51837e-09 22277.3 20133.5 22277.3 0
16.8 0 -5.47858e-10 21166.4 20399.9 21166.4 0
16.82 0 -5.74733e-10 19328.2 19931.8 19328.2 0
16.84 0 -5.77505e-10 16715.8 18811.7 16715.8 0
16.86 0 2.92398e-10 13388.8 17091.5 13388.8 0
16.88 0 1.3059e-09 9503.34 14807.6 9503.34 0
16.9 0 -9.24998e-10 5233.69 12016.6 5233.69 0
16.92 0 8.86226e-10 743.463 8831.22 743.463 0
16.94 0 3.70169e-10 -3766.24 5398.15 -3766.24 0
16.96 0 2.23119e-11 -8032.75 1817.42 -8032.75 0
16.98 0 -2.70799e-10 -11792.1 -1889.4 -11792.1 0
17 0 1.27474e-10 -14860.8 -5719.61 -14860.8 0
17.02 0 6.37534e-10 -17164.1 -9607.91 -17164.1 0
17.04 0 1.14804e-09 -18717.1 -13401.7 -18717.1 0
17.06 0 -1.67995e-10 -19601.4 -16886.6 -19601.4 0
17.08 0 7.2204e-10 -19945 -19825.4 -19945 0
17.1 0 2.49094e-10 -19896.2 -21998.2 -19896.2 0
17.12 0 -1.10869e-09 -19592.3 -23242.7 -19592.3 0
17.14 0 -8.49558e-10 -19126.1 -23489.9 -19126.1 0
17.16 0 -8.20337e-10 -18504.3 -22790.5 -18504.3 0
17.18 0 6.67583e-11 -17611.8 -21303 -17611.8 0
17.2 0 4.75721e-10 -16242.9 -19216.4 -16242.9 0
17.22 0 3.49395e-10 -14213.7 -16667.1 -14213.7 0
17.24 0 1.23504e-10 -11466.6 -13714.9 -11466.6 0
17.26 0 6.86973e-10 -8092.4 -10406.6 -8092.4 0
17.28 0 -5.45532e-10 -4292.06 -6833.89 -4292.06 0
17.3 0 -2.83176e-11 -327.348 -3119.36 -327.348 0
17.32 0 -7.97799e-11 3534.21 607.815 3534.21 0
17.34 0 -2.12685e-11 7073.47 4222.07 7073.47 0
17.36 0 -3.39874e-10 10147.9 7606.63 10147.9 0
17.38 0 8.97086e-11 12689.6 10660.1 12689.6 0
17.4 0 -4.90429e-11 14695.2 13285 14695.2 0
17.42 0 4.40677e-10 16207.3 15375.9 16207.3 0
17.44 0 -1.38737e-09 17273.8 16840.1 17273.8 0
17.46 0 -1.88938e-09 17899.4 17638.2 17899.4 0
17.48 0 -8.19726e-10 18036.6 17791.1 18036.6 0
17.5 0 6.0376e-10 17624.4 17331.7 17624.4 0
17.52 0 -3.9364e-10 16625.2 16250.5 16625.2 0
17.54 0 3.16023e-10 15024.7 14498.6 15024.7 0
17.56 0 -5.76767e-10 12825.1 12057.5 12825.1 0
17.58 0 4.87878e-10 10061.4 9032.7 10061.4 0
17.6 0 2.40289e-10 6823.16 5660.79 6823.16 0
17.62 0 -3.22655e-10 3257.2 2209.08 3257.2 0
17.64 0 -1.18622e-10 -438.731 -1125.43 -438.731 0
17.66 0 4.13317e-11 -4032.18 -4253.15 -4032.18 0
17.68 0 -7.46067e-10 -7301.52 -7168.05 -7301.52 0
17.7 0 1.52192e-11 -10099.8 -9891.25 -10099.8 0
17.72 0 -6.58936e-10 -12387.9 -12411.2 -12387.9 0
17.74 0 6.21381e-10 -14207.4 -14661.1 -14207.4 0
17.76 0 -1.54209e-09 -15619.8 -16543 -15619.8 0
17.78 0 1.65693e-09 -16653.5 -17964 -16653.5 0
17.8 0 -6.45276e-10 -17284.1 -18853.1 -17284.1 0
17.82 0 2.68834e-10 -17451.9 -19166.8 -17451.9 0
17.84 0 7.05385e-10 -17096.4 -18880.4 -17096.4 0
17.86 0 1.03735e-09 -16172.5 -17961.2 -16172.5 0
17.88 0 -1.45879e-10 -14641.8 -16354 -14641.8 0
17.9 0 2.04417e-11 -12478.9 -14045.5 -12478.9 0
17.92 0 -2.42598e-10 -9712.82 -11150.7 -9712.82 0
17.94 0 1.16309e-10 -6462.11 -7895.04 -6462.11 0
17.96 0 -6.78869e-11 -2923.51 -4530.39 -2923.51 0
17.98 0 -4.58879e-10 670.377 -1270.73 670.377 0
18 0 -3.68281e-10 4093.28 1735.95 4093.28 0
18.02 0 5.69147e-10 7166.44 4425.26 7166.44 0
18.04 0 4.76279e-10 9795.64 6804.14 9795.64 0
18.06 0 -1.70101e-09 11977.1 8902.47 11977.1 0
18.08 0 1.21424e-09 13760.9 10736.5 13760.9 0
18.1 0 1.61246e-09 15198.6 12315.3 15198.6 0
18.12 0 -1.6369e-09 16305.9 13655 16305.9 0
18.14 0 -1.23878e-09 17048.1 14764.3 17048.1 0
18.16 0 -8.76989e-10 17351.8 15609.3 17351.8 0
18.18 0 2.00468e-10 17140.3 16079.9 17140.3 0
18.2 0 4.61447e-10 16363.3 15985.2 16363.3 0
18.22 0 -1.3548e-09 14998.2 15106.3 14998.2 0
18.24 0 3.41038e-10 13037.4 13326.1 13037.4 0
18.26 0 5.18789e-10 10494 10742.9 10494 0
18.28 0 5.71532e-10 7425.55 7646.03 7425.55 0
18.3 0 2.1623e-10 3942.93 4390.22 3942.93 0
18.32 0 3.28456e-11 202.089 1267.67 202.089 0
18.34 0 2.55533e-10 -3614.44 -1570.42 -3614.44 0
18.36 0 4.89841e-10 -7323.04 -4129.43 -7323.04 0
18.38 0 6.12902e-10 -10765.7 -6514.26 -10765.7 0
18.4 0 -7.69531e-10 -13820.5 -8837.65 -13820.5 0
18.42 0 -1.57563e-09 -16392.8 -11160.5 -16392.8 0
18.44 0 -7.75767e-10 -18406 -13480 -18406 0
18.46 0 1.50194e-09 -19805.1 -15729.9 -19805.1 0
18.48 0 -1.51176e-09 -20561.7 -17780.2 -20561.7 0
18.5 0 7.44975e-10 -20669.5 -19467.6 -20669.5 0
18.52 0 1.17616e-09 -20139.5 -20653 -20139.5 0
18.54 0 -5.39033e-10 -18997.2 -21221.9 -18997.2 0
18.56 0 -3.24064e-10 -17279.7 -21051.6 -17279.7 0
18.58 0 -1.1419e-09 -15033.4 -20018 -15033.4 0
18.6 0 -9.38788e-11 -12314 -18091.5 -12314 0
18.62 0 7.93285e-11 -9190.04 -15419.5 -9190.04 0
18.64 0 3.40858e-10 -5747.08 -12269.8 -5747.08 0
18.66 0 -2.804e-10 -2093.97 -8921.27 -2093.97 0
18.68 0 4.23347e-11 1628.29 -5583.51 1628.29 0
18.7 0 -6.08112e-10 5250.05 -2357.84 5250.05 0
18.72 0 -6.3357e-10 8600.23 757.586 8600.23 0
18.74 0 -1.78769e-10 11541.6 3804.02 11541.6 0
18.76 0 -1.52403e-09 13985.5 6788.16 13985.5 0
18.78 0 1.02747e-09 15880.5 9662.6 15880.5 0
18.8 0 -2.87758e-10 17199.8 12351.1 17199.8 0
18.82 0 -7.42993e-10 17940.2 14763 17940.2 0
18.84 0 -1.25999e-09 18127.2 16786.9 18127.2 0
18.86 0 5.96246e-10 17812.5 18279.3 17812.5 0
18.88 0 8.05301e-10 17057.9 19077.6 17057.9 0
18.9 0 -1.53075e-09 15904.9 19011 15904.9 0
18.92 0 -1.71993e-10 14339.4 17951.2 14339.4 0
18.94 0 -5.56139e-10 12295.2 15909 12295.2 0
18.96 0 -1.31209e-10 9713.21 13059.1 9713.21 0
18.98 0 1.70603e-10 6607.34 9668.31 6607.34 0
19 0 -1.05078e-10 3086.42 6000.81 3086.42 0
19.02 0 -4.83811e-10 -657.345 2267.48 -657.345 0
19.04 0 6.50549e-10 -4374.38 -1397.72 -4374.38 0
19.06 0 -2.2508e-10 -7806.85 -4941.69 -7806.85 0
19.08 0 -1.75823e-10 -10756.1 -8358.5 -10756.1 0
19.1 0 1.21078e-09 -13126.9 -11633.1 -13126.9 0
19.12 0 1.47776e-10 -14920.7 -14710.3 -14920.7 0
19.14 0 1.13004e-09 -16194.3 -17500.6 -16194.3 0
19.16 0 -7.91335e-10 -17019.1 -19893.4 -17019.1 0
19.18 0 -5.34301e-10 -17450.1 -21767.6 -17450.1 0
19.2 0 -1.0346e-09 -17506 -22998.5 -17506 0
19.22 0 1.51589e-10 -17164.6 -23466.8 -17164.6 0
19.24 0 6.56912e-10 -16374.1 -23052.6 -16374.1 0
19.26 0 -1.3102e-09 -15073.9 -21659.5 -15073.9 0
19.28 0 1.35827e-10 -13233 -19283.3 -13233 0
19.3 0 5.03705e-10 -10895.1 -16055.3 -10895.1 0
19.32 0 -1.0101e-10 -8188.89 -12220.6 -8188.89 0
19.34 0 6.43647e-11 -5290.28 -8080.93 -5290.28 0
19.36 0 1.29841e-10 -2373.86 -3935.48 -2373.86 0
19.38 0 2.02971e-10 416.804 -18.0597 416.804 0
19.4 0 4.46662e-10 2990.28 3547.96 2990.28 0
19.42 0 -2.2329e-10 5322.64 6739.37 5322.64 0
19.44 0 -2.22508e-10 7443.09 9576.77 7443.09 0
19.46 0 1.19306e-09 9382.5 12072.4 9382.5 0
19.48 0 -2.21897e-09 11123.1 14207.9 11123.1 0
19.5 0 -1.69036e-09 12590.7 15930.4 12590.7 0
19.52 0 8.75682e-10 13687.6 17143.3 13687.6 0
19.54 0 8.19179e-10 14333.2 17706.5 14333.2 0
19.56 0 -8.04288e-10 14491 17452.7 14491 0
19.58 0 7.56641e-10 14173.2 16239.1 14173.2 0
19.6 0 -3.18445e-10 13417.9 14044.9 13417.9 0
19.62 0 4.45769e-10 12256.2 11021.1 12256.2 0
19.64 0 8.24561e-11 10700.4 7446.85 10700.4 0
19.66 0 -5.06925e-11 8762.14 3649.18 8762.14 0
19.68 0 1.61479e-10 6471.24 -74.7642 6471.24 0
19.7 0 -1.72326e-10 3881.12 -3518.6 3881.12 0
19.72 0 1.44611e-10 1071.28 -6593.19 1071.28 0
19.74 0 -6.73517e-10 -1847.51 -9301.01 -1847.51 0
19.76 0 4.67633e-10 -4737.75 -11680.1 -4737.75 0
19.78 0 -1.87094e-10 -7454.42 -13755 -7454.42 0
19.8 0 4.3186e-10 -9867.58 -15510.4 -9867.58 0
19.82 0 5.24227e-10 -11879.2 -16884.4 -11879.2 0
19.84 0 -4.48906e-10 -13435 -17778.5 -13435 0
19.86 0 -7.76086e-10 -14529 -18084.8 -14529 0
19.88 0 -9.78026e-10 -15194.9 -17715.9 -15194.9 0
19.9 0 2.91543e-11 -15481.4 -16631.4 -15481.4 0
19.92 0 5.15304e-10 -15419.1 -14872.7 -15419.1 0
19.94 0 -4.14751e-10 -14997.8 -12564.5 -14997.8 0
19.96 0 1.03403e-10 -14163.9 -9873.88 -14163.9 0
19.98 0 1.74454e-10 -12846.3 -6973.13 -12846.3 0
20 0 1.00566e-10 -11002.8 -4021.8 -11002.8 0
20.02 0 -7.39254e-10 -8653.56 -1155.85 -8653.56 0
20.04 0 1.81112e-10 -5882.42 1519.42 -5882.42 0
20.06 0 1.61185e-10 -2823.07 3921.47 -2823.07 0
20.08 0 -6.27251e-10 353.13 5981.73 353.13 0
20.1 0 7.83324e-10 3454.71 7654.89 3454.71 0
20.12 0 1.14687e-09 6303.44 8933.58 6303.44 0
20.14 0 8.23291e-10 8770.04 9844.07 8770.04 0
20.16 0 -1.67867e-09 10790.9 10422.3 10790.9 0
20.18 0 -1.50915e-09 12360.3 10682.9 12360.3 0
20.2 0 -8.01129e-10 13508 10601 13508 0
20.22 0 1.55623e-10 14273.6 10115.9 14273.6 0
20.24 0 -4.60056e-10 14683.7 9173.47 14683.7 0
20.26 0 3.35922e-10 14737.2 7771.98 14737.2 0
20.28 0 -2.18622e-10 14400.3 5967.37 14400.3 0
20.3 0 3.47633e-11 13611.3 3862.92 13611.3 0
20.32 0 1.049e-10 12305.9 1599.12 12305.9 0
20.34 0 -3.57868e-10 10459.7 -666.115 10459.7 0
20.36 0 1.7749e-10 8111.12 -2793.05 8111.12 0
20.38 0 6.40201e-10 5347.08 -4685.08 5347.08 0
20.4 0 -2.41884e-10 2279.06 -6289.89 2279.06 0
20.42 0 4.65322e-10 -961.966 -7596 -961.966 0
20.44 0 -1.6678e-10 -4224.92 -8634.49 -4224.92 0
20.46 0 1.34528e-09 -7356.95 -9468.98 -7356.95 0
20.48 0 -1.19573e-09 -10230.5 -10167.2 -10230.5 0
20.5 0 1.56777e-09 -12753.4 -10767.8 -12753.4 0
20.52 0 -1.20246e-09 -14859.4 -11259.1 -14859.4 0
20.54 0 -2.2579e-10 -16498 -11576.8 -16498 0
20.56 0 2.44108e-10 -17630.3 -11628.9 -17630.3 0
20.58 0 -1.55737e-10 -18228 -11352.3 -18228 0
20.6 0 -3.29817e-11 -18278.7 -10745.2 -18278.7 0
20.62 0 2.02098e-11 -17794.3 -9851.87 -17794.3 0
20.64 0 4.29716e-11 -16806.6 -8737.43 -16806.6 0
20.66 0 -8.79669e-11 -15346.8 -7472.57 -15346.8 0
20.68 0 1.04092e-10 -13439.6 -6122.15 -13439.6 0
20.7 0 -6.16201e-10 -11121.1 -4734.76 -11121.1 0
20.72 0 -2.14068e-10 -8453.05 -3343.98 -8453.05 0
20.74 0 1.399e-10 -5517.99 -1978.63 -5517.99 0
20.76 0 -4.13262e-10 -2415.12 -665.877 -2415.12 0
20.78 0 6.76333e-10 736.492 576.994 736.492 0
20.8 0 -4.66985e-10 3802.41 1749.02 3802.41 0
20.82 0 1.69112e-09 6652.39 2861.28 6652.39 0
20.84 0 -1.18456e-09 9178.31 3925.71 9178.31 0
20.86 0 6.29489e-10 11299.7 4940.77 11299.7 0
20.88 0 3.017e-10 12965.8 5876.57 12965.8 0
20.9 0 8.54589e-11 14161.1 6661.04 14161.1 0
20.92 0 -1.73937e-10 14904.6 7198.96 14904.6 0
20.94 0 -1.92348e-10 15236.9 7415.34 15236.9 0
20.96 0 3.55583e-10 15202.1 7276.74 15202.1 0
20.98 0 -1.58873e-10 14831 6790.59 14831 0
21 0 1.4918e-10 14123 6000.44 14123 0
21.02 0 8.08654e-11 13039.1 4976.99 13039.1 0
21.04 0 3.51083e-10 11529.9 3793 11529.9 0
21.06 0 -6.72195e-10 9586.16 2499.48 9586.16 0
21.08 0 -2.00916e-10 7265.02 1125.51 7265.02 0
21.1 0 -1.11191e-10 4674.35 -306.141 4674.35 0
21.12 0 3.35375e-10 1945.15 -1769.28 1945.15 0
21.14 0 -1.33556e-09 -784.965 -3235.59 -784.965 0
21.16 0 -7.71696e-11 -3384.31 -4678.57 -3384.31 0
21.18 0 -6.38488e-10 -5743.92 -6071.89 -5743.92 0
21.2 0 -9.21055e-10 -7789.72 -7386.22 -7789.72 0
21.22 0 5.82329e-10 -9484.15 -8575.13 -9484.15 0
21.24 0 1.25245e-10 -10820.9 -9568.11 -10820.9 0
21.26 0 -4.21041e-10 -11816.6 -10288.2 -11816.6 0
21.28 0 5.73031e-11 -12500.3 -10673.8 -12500.3 0
21.3 0 1.01897e-10 -12900.2 -10691.5 -12900.2 0
21.32 0 -5.46936e-10 -13031.4 -10338.6 -13031.4 0
21.34 0 7.60898e-10 -12888.5 -9641.22 -12888.5 0
21.36 0 -3.66408e-10 -12449.2 -8647.45 -12449.2 0
21.38 0 -1.78302e-10 -11689.5 -7413.03 -11689.5 0
21.4 0 1.86681e-10 -10605.8 -5991.48 -10605.8 0
21.42 0 1.81363e-09 -9231.35 -4436.07 -9231.35 0
21.44 0 -6.01411e-10 -7630.86 -2806.72 -7630.86 0
21.46 0 -2.29829e-10 -5876.91 -1169.36 -5876.91 0
21.48 0 1.95193e-11 -4033.97 415.186 -4033.97 0
21.5 0 3.71609e-10 -2160.07 1903.62 -2160.07 0
21.52 0 -6.04373e-10 -311.529 3269.06 -311.529 0
21.54 0 2.66802e-10 1462.35 4482.5 1462.35 0
21.56 0 1.2741e-10 3126.51 5483.71 3126.51 0
21.58 0 -8.03101e-11 4654 6189.57 4654 0
21.6 0 -2.94596e-10 6012.16 6533.01 6012.16 0
21.62 0 2.89973e-10 7157.65 6485.16 7157.65 0
21.64 0 4.34348e-11 8042.86 6058.25 8042.86 0
21.66 0 -1.40739e-10 8627.22 5295.14 8627.22 0
21.68 0 -6.82229e-10 8888.53 4253.53 8888.53 0
21.7 0 -1.48175e-10 8831.15 2988.53 8831.15 0
21.72 0 4.33547e-10 8486.03 1548.27 8486.03 0
21.74 0 -9.03437e-10 7900.96 -15.817 7900.96 0
21.76 0 -2.71202e-10 7126.13 -1639.68 7126.13 0
21.78 0 7.80615e-10 6200.94 -3251.3 6200.94 0
21.8 0 1.59297e-10 5148.78 -4784.91 5148.78 0
21.82 0 -9.87071e-10 3987.73 -6193.15 3987.73 0
21.84 0 5.53443e-10 2754.31 -7450.56 2754.31 0
21.86 0 1.02409e-09 1518.07 -8539.81 1518.07 0
21.88 0 7.90766e-10 368.557 -9427.09 368.557 0
21.9 0 2.74692e-10 -616.837 -10038.3 -616.837 0
21.92 0 3.14964e-10 -1396.61 -10282.5 -1396.61 0
21.94 0 -5.399e-10 -1969.26 -10105 -1969.26 0
21.96 0 4.50761e-10 -2364.76 -9508.03 -2364.76 0
21.98 0 -6.09136e-12 -2628.72 -8540.75 -2628.72 0
22 0 -1.88329e-11 -2803.73 -7279.15 -2803.73 0
22.02 0 -2.31389e-11 -2914.5 -5806.89 -2914.5 0
22.04 0 1.81559e-10 -2962.85 -4196.37 -2962.85 0
22.06 0 5.17108e-10 -2931.9 -2503.68 -2931.9 0
22.08 0 1.03837e-09 -2796.18 -782.334 -2796.18 0
22.1 0 1.67731e-10 -2534.46 902.353 -2534.46 0
22.12 0 7.56804e-10 -2142.46 2476.15 -2142.46 0
22.14 0 -3.96393e-10 -1642.98 3871.39 -1642.98 0
22.16 0 -6.19161e-10 -1091.06 5039.61 -1091.06 0
22.18 0 -3.7836e-10 -567.644 5953.4 -567.644 0
22.2 0 1.6651e-09 -154.774 6593.02 -154.774 0
22.22 0 2.13124e-09 101.305 6926.05 101.305 0
22.24 0 -4.95291e-10 214.667 6885.82 214.667 0
22.26 0 -1.86662e-10 247.202 6397.18 247.202 0
22.28 0 -1.77076e-10 266.012 5441.17 266.012 0
22.3 0 -2.36019e-11 305.138 4079.96 305.138 0
22.32 0 -1.10444e-10 354.123 2429.78 354.123 0
22.34 0 -2.9094e-11 370.259 617.137 370.259 0
22.36 0 3.08172e-10 301.305 -1250.19 301.305 0
22.38 0 -6.24214e-11 110.204 -3097.66 110.204 0
22.4 0 1.65877e-10 -206.016 -4879.37 -206.016 0
22.42 0 -4.06919e-10 -612.511 -6555.52 -612.511 0
22.44 0 -1.43627e-09 -1050.83 -8074.46 -1050.83 0
22.46 0 7.75657e-10 -1462.04 -9378.83 -1462.04 0
22.48 0 2.31707e-09 -1805.53 -10424.1 -1805.53 0
22.5 0 4.30566e-10 -2066.47 -11186 -2066.47 0
22.52 0 6.3789e-11 -2250.83 -11653.7 -2250.83 0
22.54 0 -2.4878e-12 -2370.99 -11815.6 -2370.99 0
22.56 0 9.40012e-10 -2428.76 -11645.9 -2428.76 0
22.58 0 -7.93791e-11 -2406.17 -11100.9 -2406.17 0
22.6 0 -7.96576e-10 -2267.86 -10147.1 -2267.86 0
22.62 0 -9.89217e-11 -1975.42 -8800.58 -1975.42 0
22.64 0 2.3319e-10 -1507.48 -7130 -1507.48 0
22.66 0 -1.07297e-10 -869.652 -5238.97 -869.652 0
22.68 0 -6.91785e-11 -86.2993 -3247.72 -86.2993 0
22.7 0 -4.14768e-10 813.348 -1273.88 813.348 0
22.72 0 -9.4809e-10 1795.38 590.682 1795.38 0
22.74 0 -2.88597e-10 2809.25 2289.9 2809.25 0
22.76 0 1.38505e-11 3784.06 3794.28 3784.06 0
22.78 0 2.43835e-10 4643.32 5086.56 4643.32 0
22.8 0 -7.59152e-10 5325.97 6152.46 5325.97 0
22.82 0 2.85826e-10 5798.42 6975.69 5798.42 0
22.84 0 -1.11286e-09 6053.88 7537.18 6053.88 0
22.86 0 -4.68919e-10 6102.87 7815.24 6102.87 0
22.88 0 6.85525e-10 5958.09 7778.27 5958.09 0
22.9 0 -2.09253e-11 5618.44 7381.54 5618.44 0
22.92 0 6.32964e-10 5062.21 6580.53 5062.21 0
22.94 0 1.30471e-10 4258.05 5371.81 4258.05 0
22.96 0 -3.6399e-10 3191.54 3816.81 3191.54 0
22.98 0 -5.45459e-10 1889.54 2018.64 1889.54 0
23 0 3.70896e-11 421.631 91.9078 421.631 0
23.02 0 6.18449e-11 -1122.29 -1856.56 -1122.29 0
23.04 0 -1.592e-10 -2660.73 -3741.23 -2660.73 0
23.06 0 -4.45015e-10 -4137.19 -5506.82 -4137.19 0
23.08 0 -3.53589e-10 -5520.51 -7120.68 -5520.51 0
23.1 0 -4.81365e-10 -6796.25 -8557.57 -6796.25 0
23.12 0 1.26763e-10 -7957.04 -9793.82 -7957.04 0
23.14 0 1.96675e-09 -8994.1 -10808.3 -8994.1 0
23.16 0 -2.05283e-09 -9890.51 -11578.8 -9890.51 0
23.18 0 -5.92155e-10 -10617.4 -12078.6 -10617.4 0
23.2 0 -9.14705e-10 -11133.8 -12279.4 -11133.8 0
23.22 0 -6.68787e-11 -11387.6 -12157.3 -11387.6 0
23.24 0 1.44664e-10 -11317.1 -11688.6 -11317.1 0
23.26 0 -9.34942e-11 -10858.3 -10859.1 -10858.3 0
23.28 0 9.73532e-10 -9966.13 -9689.49 -9966.13 0
23.3 0 1.04555e-10 -8643.5 -8239.8 -8643.5 0
23.32 0 -1.27007e-10 -6956.8 -6590.57 -6956.8 0
23.34 0 8.77747e-11 -5020.09 -4823.71 -5020.09 0
23.36 0 1.49581e-10 -2956.02 -3015.38 -2956.02 0
23.38 0 2.22803e-11 -857.821 -1229.8 -857.821 0
23.4 0 1.48826e-10 1227.94 485.309 1227.94 0
23.42 0 -1.89841e-10 3292.35 2093.97 3292.35 0
23.44 0 -5.89314e-10 5335.65 3563.98 5335.65 0
23.46 0 -7.85833e-10 7333.58 4867.01 7333.58 0
23.48 0 -1.30198e-09 9216.68 5983.02 9216.68 0
23.5 0 6.33347e-10 10876.8 6897.99 10876.8 0
23.52 0 3.92992e-10 12199.1 7595.2 12199.1 0
23.54 0 -4.68075e-10 13099.7 8047.11 13099.7 0
23.56 0 -8.13728e-10 13547.8 8215.18 13547.8 0
23.58 0 2.36839e-10 13563.9 8051.37 13563.9 0
23.6 0 -7.07227e-10 13199.4 7521.81 13199.4 0
23.62 0 4.31826e-10 12509.4 6640.08 12509.4 0
23.64 0 -2.11477e-10 11529.4 5465.87 11529.4 0
23.66 0 5.08663e-11 10269 4077.63 10269 0
23.68 0 -5.65323e-11 8723.63 2549.57 8723.63 0
23.7 0 1.62687e-10 6889.34 945.269 6889.34 0
23.72 0 -8.35155e-10 4774.69 -686.501 4774.69 0
23.74 0 -2.15339e-10 2412.72 -2313.19 2412.72 0
23.76 0 -5.75431e-11 -125.529 -3910.05 -125.529 0
23.78 0 -4.10406e-10 -2725.45 -5448.95 -2725.45 0
23.8 0 -5.67015e-10 -5238.78 -6895.16 -5238.78 0
23.82 0 2.0297e-09 -7508.52 -8209.59 -7508.52 0
23.84 0 4.96421e-10 -9403.31 -9351.25 -9403.31 0
23.86 0 5.42109e-10 -10850.9 -10278.8 -10850.9 0
23.88 0 -3.66169e-10 -11853.5 -10954.4 -11853.5 0
23.9 0 5.93506e-10 -12473.9 -11345.2 -12473.9 0
23.92 0 5.08554e-10 -12797.1 -11421.6 -12797.1 0
23.94 0 -2.27242e-10 -12881.8 -11173.3 -12881.8 0
23.96 0 4.88237e-10 -12723.2 -10621.5 -12723.2 0
23.98 0 1.10399e-10 -12246.8 -9804.67 -12246.8 0
24 0 8.31787e-11 -11343.5 -8757.8 -11343.5 0
24.02 0 2.97853e-10 -9934.42 -7503.47 -9934.42 0
24.04 0 -1.4528e-10 -8027.47 -6061.14 -8027.47 0
24.06 0 -5.23258e-10 -5725.7 -4460.5 -5725.7 0
24.08 0 -9.28902e-10 -3191.12 -2751.76 -3191.12 0
24.1 0 -4.85767e-10 -596.798 -1007.33 -596.798 0
24.12 0 -4.62023e-10 1906.9 691.843 1906.9 0
24.14 0 8.02144e-10 4208.63 2279.41 4208.63 0
24.16 0 -1.54903e-09 6239.83 3717.47 6239.83 0
24.18 0 -1.85774e-10 7968.11 4992.58 7968.11 0
24.2 0 -2.87763e-09 9383.87 6099.68 9383.87 0
24.22 0 3.14912e-10 10487.1 7026.6 10487.1 0
24.24 0 -2.42193e-10 11279.6 7741 11279.6 0
24.26 0 4.34612e-11 11759.2 8183.4 11759.2 0
24.28 0 3.21322e-10 11910.5 8286.25 11910.5 0
24.3 0 5.81073e-11 11697 8000.34 11697 0
24.32 0 -2.97569e-10 11064.5 7307.33 11064.5 0
24.34 0 8.72226e-11 9962.01 6225.16 9962.01 0
24.36 0 1.09368e-10 8376.42 4810.95 8376.42 0
24.38 0 8.29085e-11 6361.53 3154.79 6361.53 0
24.4 0 -1.84345e-10 4038.78 1355.66 4038.78 0
24.42 0 1.8081e-10 1569.03 -506.156 1569.03 0
24.44 0 -1.26699e-10 -885.691 -2378.16 -885.691 0
24.46 0 -3.09441e-10 -3193.32 -4225.14 -3193.32 0
24.48 0 -1.60945e-10 -5270.67 -6014.08 -5270.67 0
24.5 0 -6.02589e-10 -7087.2 -7705.01 -7087.2 0
24.52 0 1.71229e-10 -8649.1 -9249.42 -8649.1 0
24.54 0 -5.15036e-10 -9966.94 -10594.8 -9966.94 0
24.56 0 -2.06073e-10 -11023.6 -11691.2 -11023.6 0
24.58 0 -2.33276e-12 -11760.9 -12494.3 -11760.9 0
24.6 0 4.04771e-10 -12091.8 -12958.7 -12091.8 0
24.62 0 3.74849e-10 -11928.1 -13035.6 -11928.1 0
24.64 0 -5.1059e-11 -11212.6 -12683.2 -11212.6 0
24.66 0 1.73779e-10 -9943.25 -11879 -9943.25 0
24.68 0 -1.01208e-10 -8182.89 -10632.7 -8182.89 0
24.7 0 7.16616e-11 -6045.2 -8995.89 -6045.2 0
24.72 0 -1.26044e-10 -3663.9 -7060.77 -3663.9 0
24.74 0 8.35437e-11 -1162.13 -4939.81 -1162.13 0
24.76 0 2.0416e-10 1364.34 -2739.12 1364.34 0
24.78 0 -8.66882e-10 3848.79 -542.986 3848.79 0
24.8 0 1.02233e-12 6243.48 1586.88 6243.48 0
24.82 0 -3.4361e-10 8501.87 3605.32 8501.87 0
24.84 0 -6.37288e-11 10562.6 5477.03 10562.6 0
24.86 0 1.10555e-10 12346.7 7169.04 12346.7 0
24.88 0 -5.11803e-10 13767 8641.66 13767 0
24.9 0 4.71705e-10 14741.3 9841.13 14741.3 0
24.92 0 -2.44523e-11 15205.3 10700.9 15205.3 0
24.94 0 9.3566e-10 15127.3 11149.9 15127.3 0
24.96 0 1.61664e-10 14519.6 11121.9 14519.6 0
24.98 0 -4.15454e-10 13431.3 10574 13431.3 0
25 0 4.47787e-10 11925.5 9505.85 11925.5 0
25.02 0 -2.64065e-10 10059.2 7965.44 10059.2 0
25.04 0 9.73813e-11 7875.34 6042.73 7875.34 0
25.06 0 4.47117e-11 5402.75 3852.17 5402.75 0
25.08 0 1.3187e-10 2664.36 1509.4 2664.36 0
25.1 0 -3.59318e-10 -300.166 -889.849 -300.166 0
25.12 0 1.42263e-10 -3412.2 -3277.95 -3412.2 0
25.14 0 -3.07511e-10 -6552.45 -5607.34 -6552.45 0
25.16 0 3.4004e-10 -9580.1 -7833.27 -9580.1 0
25.18 0 -7.56772e-10 -12356.5 -9900.77 -12356.5 0
25.2 0 7.9403e-10 -14763 -11744.4 -14763 0
25.22 0 1.42744e-10 -16713 -13298.1 -16713 0
25.24 0 -4.07606e-10 -18155.4 -14505.7 -18155.4 0
25.26 0 -3.19096e-10 -19072.2 -15325.3 -19072.2 0
25.28 0 -4.24616e-10 -19469.8 -15727.8 -19469.8 0
25.3 0 3.92793e-10 -19368.7 -15692.7 -19368.7 0
25.32 0 4.21658e-11 -18784.2 -15211.2 -18784.2 0
25.34 0 8.84974e-11 -17701.6 -14291.1 -17701.6 0
25.36 0 -8.93274e-11 -16069.5 -12953.4 -16069.5 0
25.38 0 2.36228e-11 -13837.2 -11231.5 -13837.2 0
25.4 0 2.47928e-11 -11008.3 -9182.4 -11008.3 0
25.42 0 -9.32327e-11 -7659.56 -6894.77 -7659.56 0
25.44 0 -6.69822e-11 -3926.97 -4480.48 -3926.97 0
25.46 0 2.55468e-10 10.4476 -2057.73 10.4476 0
25.48 0 -2.45255e-10 3945.18 268.818 3945.18 0
25.5 0 -2.6874e-10 7672.02 2427.38 7672.02 0
25.52 0 1.44755e-10 11026.7 4385.85 11026.7 0
25.54 0 2.98525e-10 13904.3 6138.46 13904.3 0
25.56 0 -4.77874e-10 16251.4 7683.11 16251.4 0
25.58 0 5.56848e-10 18050.3 9005.05 18050.3 0
25.6 0 -2.04872e-10 19306.7 10070.9 19306.7 0
25.62 0 -4.30615e-11 20035.4 10829.1 20035.4 0
25.64 0 9.52051e-11 20245.1 11217.3 20245.1 0
25.66 0 6.66017e-11 19928.8 11178 19928.8 0
25.68 0 2.23225e-10 19059.1 10674.9 19059.1 0
25.7 0 -8.6236e-11 17586.2 9699.8 17586.2 0
25.72 0 -9.70779e-12 15462.3 8276.96 15462.3 0
25.74 0 -5.61277e-11 12691.8 6468.41 12691.8 0
25.76 0 -9.33407e-11 9362.57 4374.01 9362.57 0
25.78 0 -1.4572e-10 5624.66 2117.16 5624.66 0
25.8 0 6.14616e-10 1654.18 -178.585 1654.18 0
25.82 0 3.1706e-10 -2365.5 -2415.25 -2365.5 0
25.84 0 -2.91847e-10 -6256.5 -4539.4 -6256.5 0
25.86 0 -6.46741e-10 -9869.06 -6541.72 -9869.06 0
25.88 0 -6.72334e-11 -13095.9 -8434.64 -13095.9 0
25.9 0 -8.37492e-11 -15862 -10223.8 -15862 0
25.92 0 2.37055e-10 -18108.2 -11889.2 -18108.2 0
25.94 0 2.78542e-10 -19790.8 -13378 -19790.8 0
25.96 0 -1.10174e-10 -20890.1 -14605.4 -20890.1 0
25.98 0 -2.84718e-12 -21411.8 -15467 -21411.8 0
26 0 1.16182e-10 -21379.7 -15863.8 -21379.7 0
26.02 0 -1.30587e-10 -20824.9 -15732 -20824.9 0
26.04 0 6.01193e-11 -19761.6 -15061 -19761.6 0
26.06 0 -8.56789e-11 -18160.7 -13891.2 -18160.7 0
26.08 0 -7.15662e-12 -15964.3 -12300.8 -15964.3 0
26.1 0 -9.89235e-11 -13150.4 -10391.2 -13150.4 0
26.12 0 1.90011e-10 -9783.86 -8270.26 -9783.86 0
26.14 0 -1.56143e-11 -6009.57 -6037.24 -6009.57 0
26.16 0 -2.37158e-10 -2019.76 -3774.5 -2019.76 0
26.18 0 1.18783e-10 1971.41 -1543.46 1971.41 0
26.2 0 1.82545e-10 5753.79 619.028 5753.79 0
26.22 0 -3.38312e-10 9153.85 2696.28 9153.85 0
26.24 0 1.5531e-11 12051.9 4675.64 12051.9 0
26.26 0 8.10501e-11 14376.5 6530.72 14376.5 0
26.28 0 -5.43949e-11 16096.7 8212.14 16096.7 0
26.3 0 -3.97222e-10 17223.1 9646.58 17223.1 0
26.32 0 2.73971e-10 17801.5 10744.5 17801.5 0
26.34 0 2.1227e-10 17888.4 11417.9 17888.4 0
26.36 0 1.07286e-10 17523.5 11601.8 17523.5 0
26.38 0 -8.42403e-11 16706.9 11267.2 16706.9 0
26.4 0 -3.39389e-10 15390.4 10416.7 15390.4 0
26.42 0 1.46866e-10 13501.4 9078 13501.4 0
26.44 0 1.88611e-11 11006 7307.27 11006 0
26.46 0 1.80485e-11 7959.89 5196.65 7959.89 0
26.48 0 3.73451e-12 4505.44 2868.56 4505.44 0
26.5 0 5.83671e-11 834.332 454.135 834.332 0
26.52 0 -1.09549e-11 -2846.17 -1935.88 -2846.17 0
26.54 0 1.25842e-10 -6339.81 -4233.68 -6339.81 0
26.56 0 -1.77331e-10 -9490.47 -6415.85 -9490.47 0
26.58 0 -4.25038e-12 -12201.1 -8480.47 -12201.1 0
26.6 0 2.64957e-10 -14427.6 -10417.3 -14427.6 0
26.62 0 2.07911e-10 -16158.7 -12190.1 -16158.7 0
26.64 0 1.20335e-10 -17398.2 -13735 -17398.2 0
26.66 0 9.57496e-11 -18156 -14965.6 -18156 0
26.68 0 5.10923e-10 -18438.6 -15784.8 -18438.6 0
26.7 0 1.15477e-10 -18242.5 -16100.7 -18242.5 0
26.72 0 2.3119e-10 -17547.5 -15846 -17547.5 0
26.74 0 -5.7119e-11 -16312.8 -14994.4 -16312.8 0
26.76 0 1.60607e-10 -14493.3 -13574.6 -14493.3 0
26.78 0 -5.3068e-11 -12080.3 -11676.6 -12080.3 0
26.8 0 -2.69979e-11 -9133.99 -9440.17 -9133.99 0
26.82 0 1.14531e-11 -5775.33 -7024.43 -5775.33 0
26.84 0 -1.33125e-10 -2157.46 -4573.1 -2157.46 0
26.86 0 2.19522e-10 1553.5 -2188.47 1553.5 0
26.88 0 -6.70764e-11 5189.72 80.1341 5189.72 0
26.9 0 -7.77246e-11 8598.77 2227.57 8598.77 0
26.92 0 3.76967e-10 11657.7 4265.66 11657.7 0
26.94 0 3.1975e-10 14271.2 6193.12 14271.2 0
26.96 0 -1.0553e-10 16362.8 7977.83 16362.8 0
26.98 0 -4.10989e-10 17877.3 9553.17 17877.3 0
27 0 -1.46059e-11 18789.7 10824.5 18789.7 0
27.02 0 3.37098e-10 19107.5 11684.9 19107.5 0
27.04 0 -2.46368e-10 18863.5 12040 18863.5 0
27.06 0 4.15064e-10 18101.1 11830.8 18101.1 0
27.08 0 2.43266e-11 16854 11044.9 16854 0
27.1 0 3.57483e-11 15129.7 9718.11 15129.7 0
27.12 0 3.9596e-12 12926.5 7931.97 12926.5 0
27.14 0 -8.55407e-12 10274.2 5806.55 10274.2 0
27.16 0 -8.25541e-12 7249.31 3481.23 7249.31 0
27.18 0 -1.61571e-11 3957.07 1090.16 3957.07 0
27.2 0 -1.14647e-11 520.353 -1259.44 520.353 0
27.22 0 1.33965e-11 -2915.52 -3503.46 -2915.52 0
27.24 0 1.7629e-10 -6191.51 -5623.11 -6191.51 0
27.26 0 5.71941e-11 -9164.3 -7623.55 -9164.3 0
27.28 0 1.32206e-10 -11727.6 -9500.34 -11727.6 0
27.3 0 4.09757e-11 -13812.3 -11218.8 -13812.3 0
27.32 0 -1.8839e-10 -15382.5 -12714.9 -15382.5 0
27.34 0 1.09264e-10 -16435.7 -13905.7 -16435.7 0
27.36 0 5.82974e-11 -16996.6 -14702.5 -16996.6 0
27.38 0 -1.06411e-10 -17098.4 -15026.9 -17098.4 0
27.4 0 -9.09909e-11 -16765.3 -14828.4 -16765.3 0
27.42 0 -2.1682e-10 -16000.5 -14096.9 -16000.5 0
27.44 0 1.09923e-10 -14781.4 -12865.2 -14781.4 0
27.46 0 1.39866e-10 -13072.7 -11207.1 -13072.7 0
27.48 0 3.50726e-11 -10862.5 -9229.67 -10862.5 0
27.5 0 4.32843e-11 -8193.43 -7057.95 -8193.43 0
27.52 0 -3.02684e-11 -5164.13 -4814.45 -5164.13 0
27.54 0 2.61712e-11 -1913.21 -2604.17 -1913.21 0
27.56 0 5.00935e-11 1394.72 -503.582 1394.72 0
27.58 0 1.85353e-11 4585.58 1446.75 4585.58 0
27.6 0 2.31339e-10 7502.75 3237.28 7502.75 0
27.62 0 -3.74438e-11 10031.2 4869.53 10031.2 0
27.64 0 -2.2177e-10 12103.1 6334.03 12103.1 0
27.66 0 -3.28501e-10 13689.7 7599.48 13689.7 0
27.68 0 1.90215e-10 14789.4 8613.21 14789.4 0
27.7 0 -2.04846e-10 15418.3 9308.58 15418.3 0
27.72 0 8.69771e-11 15597 9617.8 15597 0
27.74 0 3.16243e-10 15341.4 9487.62 15341.4 0
27.76 0 -1.62764e-10 14655.7 8891.52 14655.7 0
27.78 0 -6.75609e-11 13529.4 7837.29 13529.4 0
27.8 0 -1.46595e-11 11946.8 6373.95 11946.8 0
27.82 0 -4.91638e-11 9912.84 4593.48 9912.84 0
27.84 0 1.14084e-10 7474.83 2618.39 7474.83 0
27.86 0 -2.09844e-11 4721.86 577.654 4721.86 0
27.88 0 -4.23812e-11 1771.27 -1417.09 1771.27 0
27.9 0 3.89715e-11 -1241.39 -3289.48 -1241.39 0
27.92 0 2.22695e-12 -4173.22 -5007.03 -4173.22 0
27.94 0 -1.2611e-10 -6893.36 -6573.32 -6893.36 0
27.96 0 1.99658e-10 -9300.82 -8004.14 -9300.82 0
27.98 0 -2.0589e-10 -11328.3 -9302.9 -11328.3 0
28 0 -3.18858e-10 -12935.2 -10448.3 -12935.2 0
28.02 0 1.89306e-10 -14101.1 -11393.7 -14101.1 0
28.04 0 2.27158e-10 -14820.9 -12073.3 -14820.9 0
28.06 0 -1.278e-10 -15098.8 -12416.3 -15098.8 0
28.08 0 -3.13593e-10 -14943 -12365.5 -14943 0
28.1 0 -2.57195e-10 -14361.7 -11892.8 -14361.7 0
28.12 0 -3.46758e-11 -13358.9 -11006.6 -13358.9 0
28.14 0 1.37387e-10 -11936.9 -9754.05 -11936.9 0
28.16 0 1.79697e-10 -10110.5 -8217.93 -10110.5 0
28.18 0 -8.94029e-11 -7923.68 -6504.37 -7923.68 0
28.2 0 6.59981e-11 -5451.53 -4722.3 -5451.53 0
28.22 0 9.4382e-12 -2790.57 -2965.21 -2790.57 0
28.24 0 5.40271e-11 -51.7975 -1298.99 -51.7975 0
28.26 0 8.78341e-12 2645.08 244.024 2645.08 0
28.28 0 -1.66647e-10 5183.47 1660.76 5183.47 0
28.3 0 1.32234e-10 7464.32 2960.38 7464.32 0
28.32 0 -1.15956e-10 9412.75 4143.94 9412.75 0
28.34 0 -1.18259e-10 10976.7 5192.74 10976.7 0
28.36 0 -1.88732e-10 12124.2 6067.32 12124.2 0
28.38 0 9.12599e-11 12842 6713.09 12842 0
28.4 0 -8.70671e-11 13130.9 7070.76 13130.9 0
28.42 0 -1.2073e-10 12997.7 7090.67 12997.7 0
28.44 0 1.61298e-10 12448.3 6745.57 12448.3 0
28.46 0 2.27803e-10 11483.9 6037.23 11483.9 0
28.48 0 1.64104e-10 10104.2 4998.4 10104.2 0
28.5 0 -9.90929e-11 8322.51 3691.2 8322.51 0
28.52 0 -8.55559e-12 6180.27 2199.15 6180.27 0
28.54 0 4.0387e-11 3748.48 613.084 3748.48 0
28.56 0 -2.24514e-11 1119.72 -983.537 1119.72 0
28.58 0 -8.06827e-12 -1598.99 -2526.55 -1598.99 0
28.6 0 -1.19016e-10 -4292.39 -3978.99 -4292.39 0
28.62 0 1.27916e-10 -6847.91 -5330.3 -6847.91 0
28.64 0 8.00404e-11 -9165.26 -6584.18 -9165.26 0
