0.02 0 -2.86038e-14 -0.00027194 -0.00865857 -0.00027194 0
0.04 0 -1.82712e-13 -0.00487409 0.0726221 -0.00487409 0
0.06 0 9.28609e-13 -0.194588 0.918186 -0.194588 0
0.08 0 -2.13925e-12 -1.56605 4.13297 -1.56605 0
0.1 0 3.64526e-12 -7.62755 11.5797 -7.62755 0
0.12 0 1.85346e-13 -28.1809 24.0414 -28.1809 0
0.14 0 3.44679e-12 -83.2944 40.6686 -83.2944 0
0.16 0 -3.97159e-12 -201.301 59.6756 -201.301 0
0.18 0 3.86724e-12 -408.164 79.3254 -408.164 0
0.2 0 -1.63452e-11 -713.97 98.3198 -713.97 0
0.22 0 -5.54689e-12 -1105.83 115.755 -1105.83 0
0.24 0 3.89634e-12 -1552.94 131.259 -1552.94 0
0.26 0 9.83994e-12 -2019.84 145.327 -2019.84 0
0.28 0 -1.00423e-12 -2475.85 159.297 -2475.85 0
0.3 0 4.56855e-12 -2896.15 174.728 -2896.15 0
0.32 0 1.37614e-11 -3263.67 192.451 -3263.67 0
0.34 0 -1.71263e-11 -3576.77 211.575 -3576.77 0
0.36 0 1.28373e-11 -3851.37 228.932 -3851.37 0
0.38 0 -2.86609e-11 -4111.08 239.921 -4111.08 0
0.4 0 2.16481e-11 -4376.82 240.919 -4376.82 0
0.42 0 -6.17773e-12 -4664.13 231.553 -4664.13 0
0.44 0 -2.62376e-12 -4976.42 214.952 -4976.42 0
0.46 0 -8.46765e-12 -5288.18 196.037 -5288.18 0
0.48 0 1.76916e-11 -5539.27 178.848 -5539.27 0
0.5 0 -9.28089e-12 -5662.31 163.991 -5662.31 0
0.52 0 2.78781e-12 -5628.37 148.294 -5628.37 0
0.54 0 4.68648e-12 -5469.89 128.373 -5469.89 0
0.56 0 1.03741e-12 -5256.82 105.717 -5256.82 0
0.58 0 -8.9678e-12 -5039.03 87.6976 -5039.03 0
0.6 0 1.59105e-12 -4797.88 82.5838 -4797.88 0
0.62 0 3.816e-12 -4451.67 93.3193 -4451.67 0
0.64 0 6.43996e-12 -3913.81 115.84 -3913.81 0
0.66 0 -1.693e-11 -3147.39 142.859 -3147.39 0
0.68 0 -3.13765e-12 -2172.41 169.876 -2172.41 0
0.7 0 6.84318e-13 -1044.38 199.025 -1044.38 0
0.72 0 -2.34724e-12 161.768 237.037 161.768 0
0.74 0 1.75344e-11 1367.07 287.782 1367.07 0
0.76 0 2.86658e-11 2513.44 346.037 2513.44 0
0.78 0 -2.55165e-11 3573.48 399.344 3573.48 0
0.8 0 -9.47624e-12 4527.98 436.721 4527.98 0
0.82 0 -2.37913e-11 5347.79 456.225 5347.79 0
0.84 0 5.22351e-11 6013.79 465.166 6013.79 0
0.86 0 8.80058e-11 6538.73 473.028 6538.73 0
0.88 0 -5.07637e-11 6938.99 482.296 6938.99 0
0.9 0 -3.60894e-11 7182.12 484.898 7182.12 0
0.92 0 -3.52154e-11 7184.1 469 7184.1 0
0.94 0 -1.93434e-11 6871.56 431.32 6871.56 0
0.96 0 -6.37907e-11 6247.15 382.815 6247.15 0
0.98 0 -4.27375e-11 5400.76 341.1 5400.76 0
1 0 6.16451e-11 4470.28 316.298 4470.28 0
1.02 0 4.35488e-11 3604.44 296.095 3604.44 0
1.04 0 2.87761e-11 2955.78 233.973 2955.78 0
1.06 0 9.83691e-12 2641.3 72.6548 2641.3 0
1.08 0 2.0489e-12 2651.55 -190.499 2651.55 0
1.1 0 -9.90392e-12 2832.12 -474.395 2832.12 0
1.12 0 1.11089e-11 2984.55 -670.913 2984.55 0
1.14 0 -2.88972e-11 2971.19 -726.25 2971.19 0
1.16 0 1.8841e-13 2752.23 -672.001 2752.23 0
1.18 0 -4.73874e-11 2368.98 -588.443 2368.98 0
1.2 0 -3.9732e-11 1900.01 -534.682 1900.01 0
1.22 0 -3.68513e-11 1433.19 -511.188 1433.19 0
1.24 0 6.80951e-11 1050.14 -482.873 1050.14 0
1.26 0 2.1529e-11 776.078 -421.237 776.078 0
1.28 0 2.91055e-11 541.373 -318.57 541.373 0
1.3 0 1.27842e-11 252.252 -175.607 252.252 0
1.32 0 -4.53833e-11 -84.2569 9.73408 -84.2569 0
1.34 0 5.92805e-11 -346.293 239.613 -346.293 0
1.36 0 2.21937e-11 -414.408 504.65 -414.408 0
1.38 0 -8.11005e-12 -237.942 763.718 -237.942 0
1.4 0 1.50942e-12 252.849 925.131 252.849 0
1.42 0 -3.12412e-12 1188.54 887.438 1188.54 0
1.44 0 4.70978e-11 2594.53 647.681 2594.53 0
1.46 0 -7.19576e-11 4252.72 343.163 4252.72 0
1.48 0 1.57695e-11 5817.48 141.061 5817.48 0
1.5 0 2.99395e-11 7014.59 99.2267 7014.59 0
1.52 0 -4.07949e-11 7718.83 151.484 7718.83 0
1.54 0 1.15651e-10 7975.9 196.589 7975.9 0
1.56 0 -4.19104e-11 8009.64 173.428 8009.64 0
1.58 0 -1.30454e-12 8083.39 77.0468 8083.39 0
1.6 0 3.68316e-11 8253.8 -59.1485 8253.8 0
1.62 0 1.87026e-11 8307.1 -197.108 8307.1 0
1.64 0 -8.38944e-11 7977.92 -324.842 7977.92 0
1.66 0 -2.54015e-11 7188.98 -449.236 7188.98 0
1.68 0 -3.19085e-11 6078.55 -557.45 6078.55 0
1.7 0 -2.85531e-12 4863.55 -606.006 4863.55 0
1.72 0 -9.97508e-12 3674.16 -561.429 3674.16 0
1.74 0 2.71628e-11 2449.62 -440.331 2449.62 0
1.76 0 -9.6161e-12 1006.27 -299.817 1006.27 0
1.78 0 -3.04381e-11 -722.887 -194.644 -722.887 0
1.8 0 4.14094e-11 -2544.94 -142.875 -2544.94 0
1.82 0 1.54324e-11 -4181.17 -118.745 -4181.17 0
1.84 0 -3.25061e-11 -5560.54 -75.1601 -5560.54 0
1.86 0 7.33634e-11 -6872.17 14.8214 -6872.17 0
1.88 0 -1.02605e-10 -8346.48 131.643 -8346.48 0
1.9 0 4.59933e-11 -10018.9 224.283 -10018.9 0
1.92 0 -4.99611e-12 -11655.2 248.465 -11655.2 0
1.94 0 7.18539e-11 -12859.6 191.273 -12859.6 0
1.96 0 1.48198e-11 -13314.5 70.8517 -13314.5 0
1.98 0 6.44775e-11 -13000.8 -78.3357 -13000.8 0
2 0 -8.26781e-12 -12181.1 -224.843 -12181.1 0
2.02 0 -7.26828e-11 -11124.8 -354.742 -11124.8 0
2.04 0 -1.18442e-10 -9845.42 -470.739 -9845.42 0
2.06 0 -5.21623e-12 -8113.67 -577.904 -8113.67 0
2.08 0 5.35126e-11 -5704.67 -671.676 -5704.67 0
2.1 0 -1.89592e-12 -2635.78 -736.61 -2635.78 0
2.12 0 -2.30925e-11 790.507 -749.75 790.507 0
2.14 0 1.68953e-11 4155.16 -684.972 4155.16 0
2.16 0 -2.90361e-12 7157.23 -524.09 7157.23 0
2.18 0 2.97582e-11 9711.24 -273.744 9711.24 0
2.2 0 2.31137e-11 11846.8 26.5268 11846.8 0
2.22 0 -8.18116e-11 13557.1 316.253 13557.1 0
2.24 0 2.45431e-11 14751.9 542.105 14751.9 0
2.26 0 -3.59223e-11 15330.6 685.925 15330.6 0
2.28 0 9.44337e-11 15306.1 771.029 15306.1 0
2.3 0 4.89076e-11 14873.3 838.635 14873.3 0
2.32 0 -9.42504e-11 14322.5 915.242 14322.5 0
2.34 0 -9.40004e-11 13830.3 997.883 13830.3 0
2.36 0 1.88764e-11 13330.7 1059.02 13330.7 0
2.38 0 2.06216e-10 12601.4 1059.38 12601.4 0
2.4 0 6.08817e-11 11475.1 966.647 11475.1 0
2.42 0 -2.21536e-10 9975.91 775.321 9975.91 0
2.44 0 5.54115e-11 8285.96 509.932 8285.96 0
2.46 0 3.75013e-11 6609.67 207.535 6609.67 0
2.48 0 -5.60508e-11 5049.75 -100.472 5049.75 0
2.5 0 2.411e-11 3557.25 -390.418 3557.25 0
2.52 0 -7.3887e-12 1985.62 -639.587 1985.62 0
2.54 0 2.01313e-11 233.597 -826.781 233.597 0
2.56 0 4.78723e-11 -1647.23 -943.51 -1647.23 0
2.58 0 -6.28915e-11 -3494.77 -1004.47 -3494.77 0
2.6 0 -9.46044e-11 -5162.67 -1041.33 -5162.67 0
2.62 0 -4.04818e-11 -6572.64 -1076.5 -6572.64 0
2.64 0 1.75868e-10 -7657.39 -1099.88 -7657.39 0
2.66 0 -2.11572e-10 -8285.97 -1077.29 -8285.97 0
2.68 0 1.21486e-10 -8266.24 -983.546 -8266.24 0
2.7 0 1.17679e-10 -7466.64 -821.08 -7466.64 0
2.72 0 -1.02414e-10 -5983.62 -607.032 -5983.62 0
2.74 0 4.17962e-11 -4172.84 -352.855 -4172.84 0
2.76 0 -1.32311e-11 -2455.48 -60.5806 -2455.48 0
2.78 0 -4.04624e-11 -1062.87 266.657 -1062.87 0
2.8 0 -5.50843e-11 31.4646 613.563 31.4646 0
2.82 0 -1.7177e-11 978.474 952.837 978.474 0
2.84 0 7.85615e-11 1923.22 1262.53 1923.22 0
2.86 0 4.17996e-11 2972.72 1547.39 2972.72 0
2.88 0 -1.79701e-13 4165.09 1834.45 4165.09 0
2.9 0 2.73702e-11 5394.69 2135.68 5394.69 0
2.92 0 2.47761e-10 6395.89 2412.86 6395.89 0
2.94 0 -5.96224e-11 6844.85 2584.76 6844.85 0
2.96 0 -3.09418e-10 6498.59 2577.13 6498.59 0
2.98 0 9.82985e-11 5288.4 2377.77 5288.4 0
3 0 -2.8149e-10 3363.75 2051.93 3363.75 0
3.02 0 1.97744e-10 1072 1700.65 1072 0
3.04 0 1.27463e-10 -1179.33 1390.61 -1179.33 0
3.06 0 1.16594e-10 -3137 1114.61 -3137 0
3.08 0 5.88647e-12 -4813.01 817.025 -4813.01 0
3.1 0 -1.54651e-10 -6379.55 458.001 -6379.55 0
3.12 0 3.72362e-11 -7981.54 55.8982 -7981.54 0
3.14 0 -9.76532e-11 -9688.48 -326.357 -9688.48 0
3.16 0 3.41107e-11 -11573.1 -634.127 -11573.1 0
3.18 0 -7.6012e-11 -13697.7 -865.146 -13697.7 0
3.2 0 2.69465e-11 -15969.9 -1063.73 -15969.9 0
3.22 0 -5.31969e-11 -18097.4 -1269.96 -18097.4 0
3.24 0 -2.14036e-11 -19753.8 -1478.13 -19753.8 0
3.26 0 -1.8607e-10 -20746.3 -1647.25 -20746.3 0
3.28 0 5.96151e-10 -21014.8 -1741.63 -21014.8 0
3.3 0 -1.31823e-11 -20571.2 -1753.13 -20571.2 0
3.32 0 -5.73903e-10 -19499.7 -1695.39 -19499.7 0
3.34 0 1.53329e-10 -17942.8 -1590.23 -17942.8 0
3.36 0 -2.9809e-10 -16024.5 -1452.47 -16024.5 0
3.38 0 6.06656e-10 -13795.5 -1275 -13795.5 0
3.4 0 -1.73944e-10 -11231.5 -1033.21 -11231.5 0
3.42 0 -4.8865e-10 -8238.49 -715.227 -8238.49 0
3.44 0 -8.54972e-11 -4685.71 -346.109 -4685.71 0
3.46 0 3.28356e-10 -503.892 23.1115 -503.892 0
3.48 0 2.42145e-11 4217.11 347.528 4217.11 0
3.5 0 2.25769e-10 9214.25 609.557 9214.25 0
3.52 0 9.58032e-12 14115 819.807 14115 0
3.54 0 4.81539e-11 18547.3 1004.46 18547.3 0
3.56 0 -4.97042e-11 22275.6 1183.28 22275.6 0
3.58 0 -2.53663e-12 25280.5 1347.09 25280.5 0
3.6 0 5.48213e-11 27673.5 1454.09 27673.5 0
3.62 0 7.71129e-11 29504.3 1455.92 29504.3 0
3.64 0 -1.27088e-10 30682.7 1338.15 30682.7 0
3.66 0 4.45907e-10 31119.3 1141.22 31119.3 0
3.68 0 1.13657e-10 30898.1 939.283 30898.1 0
3.7 0 -5.49713e-10 30237.6 792.211 30237.6 0
3.72 0 2.08618e-10 29271.8 712.2 29271.8 0
3.74 0 -3.25465e-11 27899.5 668.062 27899.5 0
3.76 0 -3.71705e-10 25834.3 612.88 25834.3 0
3.78 0 6.95957e-11 22771.3 511.116 22771.3 0
3.8 0 4.6874e-10 18556.3 354.59 18556.3 0
3.82 0 -3.72868e-10 13307.4 162.555 13307.4 0
3.84 0 1.88584e-10 7417.05 -35.1611 7417.05 0
3.86 0 -1.48158e-10 1364.36 -216.721 1364.36 0
3.88 0 -4.48983e-11 -4541.71 -369.835 -4541.71 0
3.9 0 8.33285e-11 -10224.9 -483.106 -10224.9 0
3.92 0 1.64194e-11 -15640.3 -548.98 -15640.3 0
3.94 0 -1.57567e-11 -20550.8 -578.191 -20550.8 0
3.96 0 3.92734e-10 -24524 -602.957 -24524 0
3.98 0 -1.46848e-10 -27117.4 -657.639 -27117.4 0
4 0 -4.19704e-11 -28076.2 -750.733 -28076.2 0
4.02 0 1.39674e-10 -27420.4 -849.143 -27420.4 0
4.04 0 -1.62892e-10 -25387.7 -886.476 -25387.7 0
4.06 0 1.76151e-10 -22296 -793.47 -22296 0
4.08 0 2.43898e-11 -18459.4 -533.612 -18459.4 0
4.1 0 -7.17498e-11 -14196.7 -120.76 -14196.7 0
4.12 0 -5.62062e-11 -9829.2 391.162 -9829.2 0
4.14 0 -1.91053e-10 -5635.68 934.835 -5635.68 0
4.16 0 -9.67376e-11 -1849.2 1452.87 -1849.2 0
4.18 0 -1.36483e-10 1316.11 1907.72 1316.11 0
4.2 0 2.49113e-10 3738.83 2280.42 3738.83 0
4.22 0 6.44557e-11 5532.01 2563.85 5532.01 0
4.24 0 -1.15536e-10 7025.57 2754.92 7025.57 0
4.26 0 1.63811e-10 8544.32 2850.71 8544.32 0
4.28 0 5.2543e-11 10232.8 2850.05 10232.8 0
4.3 0 -6.85959e-10 12067.6 2754.7 12067.6 0
4.32 0 3.42293e-10 13917.4 2565.26 13917.4 0
4.34 0 6.31665e-10 15569.1 2277.43 15569.1 0
4.36 0 -6.99449e-10 16801.5 1887.24 16801.5 0
4.38 0 3.15684e-10 17455.9 1405.45 17455.9 0
4.4 0 -3.6038e-10 17350.2 868.336 17350.2 0
4.42 0 -1.95163e-10 16115.9 332.924 16115.9 0
4.44 0 -1.46796e-10 13194.8 -137.6 13194.8 0
4.46 0 -1.28896e-10 8064.44 -487.541 8064.44 0
4.48 0 1.29257e-10 539.018 -686.831 539.018 0
4.5 0 2.62196e-10 -9049.42 -755.675 -9049.42 0
4.52 0 3.19465e-11 -19898.6 -768.379 -19898.6 0
4.54 0 -1.42282e-10 -30999.7 -815.995 -30999.7 0
4.56 0 6.48998e-10 -41489.8 -957.26 -41489.8 0
4.58 0 -4.83905e-10 -50878.5 -1204.19 -50878.5 0
4.6 0 2.99105e-10 -58989.2 -1546.64 -58989.2 0
4.62 0 1.57515e-10 -65707 -1979.65 -65707 0
4.64 0 -7.42237e-10 -70802.2 -2502.9 -70802.2 0
4.66 0 4.86421e-10 -73932.2 -3096.02 -73932.2 0
4.68 0 -5.15068e-10 -74701.7 -3700.47 -74701.7 0
4.7 0 2.21414e-09 -72717.9 -4233.86 -72717.9 0
4.72 0 9.31187e-10 -67686.1 -4632.18 -67686.1 0
4.74 0 -2.40019e-09 -59493.2 -4885.8 -59493.2 0
4.76 0 -1.33308e-09 -48203.6 -5036.16 -48203.6 0
4.78 0 1.6151e-09 -34065.9 -5133.46 -34065.9 0
4.8 0 1.03246e-09 -17635.3 -5195.01 -17635.3 0
4.82 0 -2.00528e-10 137.767 -5201.36 137.767 0
4.84 0 -3.65648e-10 18051.9 -5123.53 18051.9 0
4.86 0 -2.24336e-10 34980.3 -4943.53 34980.3 0
4.88 0 -1.87357e-10 50199.3 -4653.48 50199.3 0
4.9 0 3.2037e-10 63625.7 -4250.56 63625.7 0
4.92 0 -4.71781e-11 75850.3 -3742.63 75850.3 0
4.94 0 -9.48298e-11 87813.6 -3157.99 87813.6 0
4.96 0 3.13099e-11 100204 -2546.74 100204 0
4.98 0 1.67396e-10 112965 -1966.3 112965 0
5 0 -2.33783e-10 125234 -1453.33 125234 0
5.02 0 -4.24808e-11 135658 -998.425 135658 0
5.04 0 2.71868e-10 142857 -546.462 142857 0
5.06 0 1.03313e-10 145829 -27.1155 145829 0
5.08 0 2.62395e-10 144112 609.839 144112 0
5.1 0 1.34043e-10 137650 1383.45 137650 0
5.12 0 -7.5199e-10 126479 2293.56 126479 0
5.14 0 -1.08014e-09 110532 3327.88 110532 0
5.16 0 8.69195e-10 89653.9 4447.46 89653.9 0
5.18 0 -6.16624e-10 63707.8 5568.43 63707.8 0
5.2 0 6.37005e-10 32636.8 6569.89 32636.8 0
5.22 0 -4.85186e-10 -3452.16 7332.8 -3452.16 0
5.24 0 1.88382e-10 -44025.6 7781.28 -44025.6 0
5.26 0 -1.18497e-10 -87696.5 7894.92 -87696.5 0
5.28 0 -2.39651e-10 -131921 7683.78 -131921 0
5.3 0 -5.78543e-11 -173183 7142.53 -173183 0
5.32 0 2.52408e-10 -207712 6217.47 -207712 0
5.34 0 -3.02031e-10 -232391 4828.45 -232391 0
5.36 0 1.36644e-10 -245577 2947.63 -245577 0
5.38 0 -5.14578e-10 -247477 659.042 -247477 0
5.4 0 -9.41891e-10 -239496 -1864.34 -239496 0
5.42 0 1.05216e-10 -224190 -4420.16 -224190 0
5.44 0 4.84891e-10 -205238 -6781.9 -205238 0
5.46 0 -1.31512e-09 -185594 -8659.18 -185594 0
5.48 0 1.05791e-09 -166215 -9748.99 -166215 0
5.5 0 -1.10002e-09 -145983 -9877.53 -145983 0
5.52 0 -7.51609e-10 -122689 -9076.13 -122689 0
5.54 0 -2.40738e-10 -94445.8 -7519.07 -94445.8 0
5.56 0 -3.99675e-10 -60339.5 -5404.86 -60339.5 0
5.58 0 8.41718e-10 -21023.7 -2895.44 -21023.7 0
5.6 0 -2.39359e-11 20760.6 -133.594 20760.6 0
5.62 0 -4.74867e-10 60569.5 2702.17 60569.5 0
5.64 0 1.38498e-10 93915.6 5363.66 93915.6 0
5.66 0 -3.58133e-10 118087 7559.98 118087 0
5.68 0 2.39195e-10 132889 9027.41 132889 0
5.7 0 -2.66535e-10 140172 9588.55 140172 0
5.72 0 6.69061e-11 142807 9180.95 142807 0
5.74 0 7.69339e-10 143622 7863.73 143622 0
5.76 0 3.97695e-12 144565 5790.41 144565 0
5.78 0 -8.12457e-10 146319 3134.69 146319 0
5.8 0 -5.14929e-10 148393 7.04061 148393 0
5.82 0 4.37424e-10 149512 -3564.04 149512 0
5.84 0 -7.51184e-11 148096 -7542.75 148096 0
5.86 0 2.47047e-10 142861 -11753.6 142861 0
5.88 0 2.35059e-10 133404 -15850.5 133404 0
5.9 0 -4.69258e-10 120338 -19423.8 120338 0
5.92 0 6.92812e-10 104884 -22117.9 104884 0
5.94 0 8.46208e-10 88224.7 -23670.7 88224.7 0
5.96 0 1.38092e-10 70844.8 -23909.1 70844.8 0
5.98 0 1.75972e-10 51961.9 -22744.2 51961.9 0
6 0 7.82602e-10 29415.5 -20155.6 29415.5 0
6.02 0 3.56387e-10 583.395 -16184.9 583.395 0
6.04 0 2.83004e-11 -35766.1 -10983.1 -35766.1 0
6.06 0 2.54351e-09 -77719 -4864.76 -77719 0
6.08 0 7.14673e-10 -119882 1716.82 -119882 0
6.1 0 3.99581e-10 -155114 8262.78 -155114 0
6.12 0 5.75221e-10 -177643 14310.2 -177643 0
6.14 0 -3.03473e-10 -185761 19509.1 -185761 0
6.16 0 3.51461e-10 -182387 23739.2 -182387 0
6.18 0 -1.02806e-09 -173184 27186.6 -173184 0
6.2 0 -3.91303e-10 -163590 30253.8 -163590 0
6.22 0 2.5815e-09 -156454 33288.5 -156454 0
6.24 0 -5.98778e-10 -151182 36208.2 -151182 0
6.26 0 2.84413e-09 -144190 38397 -144190 0
6.28 0 6.07417e-10 -130380 39076.1 -130380 0
6.3 0 -2.4857e-09 -105309 37722.9 -105309 0
6.32 0 -1.68942e-09 -67013.9 35268.8 -67013.9 0
6.34 0 -2.23897e-09 -16802.3 34280.8 -16802.3 0
6.36 0 -4.2279e-09 41025.3 32225.8 41025.3 0
6.38 0 4.81305e-09 100203 23706.6 100203 0
6.4 0 -3.0436e-09 153986 15098.6 153986 0
6.42 0 -1.26611e-09 196987 9035.95 196987 0
6.44 0 -4.78814e-09 226556 4019.52 226556 0
6.46 0 -3.77872e-09 242972 1377.33 242972 0
6.48 0 -1.79881e-09 248502 -656.059 248502 0
6.5 0 8.06423e-11 246223 -2815.27 246223 0
6.52 0 -3.61832e-10 238989 -6368.95 238989 0
6.54 0 1.00765e-09 229016 -11441.5 229016 0
6.56 0 1.41702e-09 217250 -17653.3 217250 0
6.58 0 -2.23776e-10 202621 -23928.5 202621 0
6.6 0 -1.21481e-10 182587 -28870.8 182587 0
6.62 0 -1.24648e-10 154849 -31011.8 154849 0
6.64 0 2.70526e-10 119385 -29427.5 119385 0
6.66 0 1.1405e-11 78777.3 -23921 78777.3 0
6.68 0 4.74093e-10 36807 -15389.6 36807 0
6.7 0 5.62506e-09 -2834.08 -5896.24 -2834.08 0
6.72 0 3.0381e-09 -37146.9 2269.88 -37146.9 0
6.74 0 -3.32703e-09 -64532.7 7513.43 -64532.7 0
6.76 0 -3.88013e-09 -85538.8 9440.46 -85538.8 0
6.78 0 1.79296e-09 -102632 8767.24 -102632 0
6.8 0 6.72638e-09 -118904 6668.24 -118904 0
6.82 0 -2.35174e-09 -136720 5226.29 -136720 0
6.84 0 1.00586e-09 -157017 5166.42 -157017 0
6.86 0 8.37495e-10 -179201 6098.4 -179201 0
6.88 0 -3.09788e-09 -201299 9323.77 -201299 0
6.9 0 2.58599e-09 -220430 14317.4 -220430 0
6.92 0 -5.68518e-09 -233722 19788.9 -233722 0
6.94 0 1.36178e-09 -239322 25365 -239322 0
6.96 0 -1.06095e-09 -236772 30302.9 -236772 0
6.98 0 5.59577e-10 -226473 33903.7 -226473 0
7 0 -6.76509e-12 -209526 35365.7 -209526 0
7.02 0 -5.50905e-10 -186816 34288.5 -186816 0
7.04 0 -1.84197e-10 -158285 30780.2 -158285 0
7.06 0 -2.48397e-09 -123574 25417 -123574 0
7.08 0 -4.13301e-10 -82980.4 18883.7 -82980.4 0
7.1 0 -1.70273e-09 -38256 11835.4 -38256 0
7.12 0 3.23044e-09 7704.55 4973.65 7704.55 0
7.14 0 -1.10609e-09 51614.4 -964.166 51614.4 0
7.16 0 -1.0222e-09 90461.5 -5417.29 90461.5 0
7.18 0 1.84895e-12 121865 -8150.93 121865 0
7.2 0 2.11513e-09 144259 -9221.38 144259 0
7.22 0 2.32219e-09 157081 -9333.83 157081 0
7.24 0 -1.10218e-09 161065 -9361.94 161065 0
7.26 0 -2.22924e-09 158438 -9985 158438 0
7.28 0 1.67339e-09 152562 -11708.1 152562 0
7.3 0 7.85574e-10 146968 -14640.2 146968 0
7.32 0 3.54025e-10 144211 -18651.8 144211 0
7.34 0 1.01246e-10 145054 -23189.6 145054 0
7.36 0 -1.66641e-10 148207 -27154.4 148207 0
7.38 0 -2.06851e-10 150716 -29153.2 150716 0
7.4 0 5.91745e-10 149090 -28197.1 149090 0
7.42 0 -4.61535e-10 140593 -24176.3 140593 0
7.44 0 -1.0149e-09 123940 -17774.3 123940 0
7.46 0 -3.75202e-09 99384.9 -10083.4 99384.9 0
7.48 0 4.10411e-10 68531.3 -2278.66 68531.3 0
7.5 0 3.61657e-09 33847.2 4613.18 33847.2 0
7.52 0 -3.66563e-10 -2130.74 9896.67 -2130.74 0
7.54 0 1.34007e-09 -37456 13305 -37456 0
7.56 0 -1.52005e-09 -70828.5 14949.7 -70828.5 0
7.58 0 8.77299e-10 -101220 15231.1 -101220 0
7.6 0 -4.39521e-10 -127622 14809.2 -127622 0
7.62 0 -1.79732e-10 -149110 14376.6 -149110 0
7.64 0 1.11876e-09 -164993 14401.6 -164993 0
7.66 0 -6.47995e-10 -174867 15120.1 -174867 0
7.68 0 1.91008e-10 -178579 16567.6 -178579 0
7.7 0 -2.41804e-10 -176022 18461.2 -176022 0
7.72 0 -7.16898e-11 -166846 20024.1 -166846 0
7.74 0 -4.00811e-10 -150426 20191 -150426 0
7.76 0 1.95563e-10 -126321 18173.9 -126321 0
7.78 0 1.92089e-10 -94909.7 13861 -94909.7 0
7.8 0 -1.74747e-10 -57695 7790.85 -57695 0
7.82 0 -2.49393e-09 -17185.3 944.893 -17185.3 0
7.84 0 -7.29378e-11 23449.3 -5453.88 23449.3 0
7.86 0 1.00532e-09 60949.7 -10245.9 60949.7 0
7.88 0 3.89598e-10 92846.3 -12704.7 92846.3 0
7.9 0 -6.14302e-10 118210 -12758.6 118210 0
7.92 0 1.8817e-09 137593 -10985.7 137593 0
7.94 0 2.30299e-10 152226 -8428.43 152226 0
7.96 0 8.56096e-10 163255 -6302.97 163255 0
7.98 0 -9.25756e-10 171502 -5514.44 171502 0
8 0 -9.48571e-10 177451 -6309.78 177451 0
8.02 0 -1.13697e-10 181169 -8375.89 181169 0
8.04 0 7.13885e-11 182197 -11062.1 182197 0
8.06 0 -3.64749e-10 179577 -13476.8 179577 0
8.08 0 -5.13354e-11 172027 -14637.5 172027 0
8.1 0 -6.43981e-10 158371 -13892.5 158371 0
8.12 0 -2.03965e-10 137997 -11273.2 137997 0
8.14 0 -3.9602e-11 111070 -7398.85 111070 0
8.16 0 2.58287e-10 78459.6 -3108.86 78459.6 0
8.18 0 5.34002e-10 41459.5 791.247 41459.5 0
8.2 0 7.02066e-10 1483.02 3650.58 1483.02 0
8.22 0 7.76678e-10 -40081.1 5117.47 -40081.1 0
8.24 0 -2.34784e-10 -81748.6 5240.78 -81748.6 0
8.26 0 -1.3665e-09 -121733 4372.96 -121733 0
8.28 0 4.0999e-10 -157911 2962.33 -157911 0
8.3 0 6.64376e-10 -188057 1461.22 -188057 0
8.32 0 -7.69994e-10 -210272 276.881 -210272 0
8.34 0 -2.24822e-09 -223475 -252.147 -223475 0
8.36 0 4.80825e-10 -227712 175.008 -227712 0
8.38 0 3.4523e-10 -224025 1777.83 -224025 0
8.4 0 -3.36832e-10 -214203 4541.1 -214203 0
8.42 0 2.61284e-10 -200615 8021.7 -200615 0
8.44 0 1.18633e-10 -185314 11331.3 -185314 0
8.46 0 1.68376e-10 -169025 13448.9 -169025 0
8.48 0 5.98336e-10 -150847 13732.9 -150847 0
8.5 0 1.80967e-10 -128901 12224.8 -128901 0
8.52 0 -5.40913e-10 -101587 9517.91 -101587 0
8.54 0 1.41631e-09 -68319.8 6444.43 -68319.8 0
8.56 0 1.84357e-09 -29714.8 3865.55 -29714.8 0
8.58 0 1.6241e-12 12335.1 2461.24 12335.1 0
8.6 0 1.22904e-09 54754.8 2437.81 54754.8 0
8.62 0 1.94692e-10 93953.5 3386.02 93953.5 0
8.64 0 9.67415e-10 126834 4496.55 126834 0
8.66 0 8.19279e-10 151512 4956.13 151512 0
8.68 0 6.63171e-11 167514 4258.09 167514 0
8.7 0 5.64178e-10 175623 2310.36 175623 0
8.72 0 3.24971e-13 177545 -657.671 177545 0
8.74 0 1.52737e-10 175407 -4263.08 175407 0
8.76 0 -3.51346e-11 171184 -8086.93 171184 0
8.78 0 -1.6747e-10 166226 -11694.9 166226 0
8.8 0 1.63752e-09 160920 -14608 160920 0
8.82 0 7.4726e-10 154389 -16354.7 154389 0
8.84 0 8.68914e-10 144575 -16676.1 144575 0
8.86 0 -9.6157e-11 129070 -15682.6 129070 0
8.88 0 8.48984e-10 106278 -13744.1 106278 0
8.9 0 -4.26772e-10 76046.4 -11278.7 76046.4 0
8.92 0 -3.03551e-09 39537.4 -8707.43 39537.4 0
8.94 0 3.19193e-09 -997.661 -6452.12 -997.661 0
8.96 0 -5.37694e-10 -42435.7 -4756.84 -42435.7 0
8.98 0 -3.81654e-10 -81378.9 -3521.37 -81378.9 0
9 0 -1.32214e-09 -114999 -2388.87 -114999 0
9.02 0 1.40194e-09 -141482 -1022.55 -141482 0
9.04 0 -8.67719e-10 -159942 739.282 -159942 0
9.06 0 6.61677e-10 -170288 2960.24 -170288 0
9.08 0 3.46429e-10 -173297 5684.59 -173297 0
9.1 0 1.65857e-10 -170606 8895.35 -170606 0
9.12 0 2.04129e-11 -164320 12425.3 -164320 0
9.14 0 7.4939e-10 -156319 15893.8 -156319 0
9.16 0 9.38766e-11 -147520 18670.6 -147520 0
9.18 0 -2.40231e-09 -137442 20013.4 -137442 0
9.2 0 -7.70376e-10 -124563 19465 -124563 0
9.22 0 4.21114e-10 -107503 17189.8 -107503 0
9.24 0 1.37933e-09 -86138.7 13897 -86138.7 0
9.26 0 6.74516e-10 -61628.3 10473.9 -61628.3 0
9.28 0 5.48844e-10 -35418.8 7673.36 -35418.8 0
9.3 0 7.02849e-10 -8383.07 5929.04 -8383.07 0
9.32 0 -1.45616e-09 19107.6 5192.49 19107.6 0
9.34 0 6.77871e-10 46471.6 4902.04 46471.6 0
9.36 0 -8.93001e-10 72459 4291.41 72459 0
9.38 0 2.53178e-09 95421.6 2802.85 95421.6 0
9.4 0 -6.98976e-10 113969 352.749 113969 0
9.42 0 -9.92191e-12 127417 -2710.23 127417 0
9.44 0 -2.89808e-10 135813 -5900.33 135813 0
9.46 0 1.82331e-10 139724 -8819.1 139724 0
9.48 0 1.85446e-10 139926 -11208.7 139926 0
9.5 0 -4.58615e-10 137080 -12909.3 137080 0
9.52 0 -3.65921e-10 131460 -13820.1 131460 0
9.54 0 -3.66818e-11 122790 -13875.1 122790 0
9.56 0 -1.32553e-10 110305 -13055.2 110305 0
9.58 0 1.34214e-09 93109.4 -11425.6 93109.4 0
9.6 0 -1.53609e-09 70685.8 -9154.73 70685.8 0
9.62 0 7.66599e-11 43193.1 -6503.56 43193.1 0
9.64 0 4.51564e-10 11520.7 -3814.13 11520.7 0
9.66 0 1.58637e-09 -22628.4 -1467.58 -22628.4 0
9.68 0 -1.32384e-09 -56633.3 238.234 -56633.3 0
9.7 0 5.58248e-10 -87243.2 1230.82 -87243.2 0
9.72 0 -2.81408e-09 -111408 1711.06 -111408 0
9.74 0 1.55934e-10 -127207 2052.04 -127207 0
9.76 0 1.00684e-09 -134321 2621.14 -134321 0
9.78 0 1.37604e-10 -133870 3670.09 -133870 0
9.8 0 -5.364e-10 -127802 5303.61 -127802 0
9.82 0 2.6671e-11 -118090 7430.77 -118090 0
9.84 0 -2.32048e-10 -106032 9686.61 -106032 0
9.86 0 -1.42672e-10 -91985.5 11468.8 -91985.5 0
9.88 0 -6.03189e-10 -75707.4 12182.6 -75707.4 0
9.9 0 -6.70567e-10 -56956.9 11536.5 -56956.9 0
9.92 0 1.30433e-10 -35826.3 9667.52 -35826.3 0
9.94 0 -1.79942e-10 -12708.7 7063.41 -12708.7 0
9.96 0 1.59927e-09 11768.3 4375.93 11768.3 0
9.98 0 -2.30275e-09 36682.5 2185.19 36682.5 0
10 0 -1.43661e-09 60818.8 792.531 60818.8 0
10.02 0 -6.39865e-10 82883.8 168.843 82883.8 0
10.04 0 -3.02209e-09 101831 75.0757 101831 0
10.06 0 8.48739e-10 117080 215.194 117080 0
10.08 0 -4.06711e-10 128501 311.505 128501 0
10.1 0 2.75834e-10 136173 111.31 136173 0
10.12 0 8.93155e-11 140066 -559.088 140066 0
10.14 0 -1.6163e-09 139860 -1709.92 139860 0
10.16 0 6.34824e-10 135021 -3168.62 135021 0
10.18 0 1.03009e-11 125086 -4630.09 125086 0
10.2 0 -3.53452e-10 110005 -5771.75 110005 0
10.22 0 -1.63186e-10 90335.2 -6375.93 90335.2 0
10.24 0 5.82949e-11 67163.5 -6394.13 67163.5 0
10.26 0 1.22989e-10 41837.5 -5929.25 41837.5 0
10.28 0 -2.8537e-10 15710.2 -5163.84 15710.2 0
10.3 0 -7.56262e-10 -10048.4 -4278.94 -10048.4 0
10.32 0 1.54234e-09 -34576.1 -3406.43 -34576.1 0
10.34 0 -1.21523e-09 -57332.2 -2636.49 -57332.2 0
10.36 0 -1.05906e-09 -77979.3 -2043.03 -77979.3 0
10.38 0 -7.76684e-10 -96233.3 -1667.38 -96233.3 0
10.4 0 8.99815e-10 -111760 -1458.13 -111760 0
10.42 0 1.87306e-10 -124112 -1240.11 -124112 0
10.44 0 1.00569e-09 -132714 -765.237 -132714 0
10.46 0 9.73862e-10 -136956 177.82 -136956 0
10.48 0 6.26791e-10 -136339 1656.29 -136339 0
10.5 0 -4.3538e-10 -130581 3578.63 -130581 0
10.52 0 -1.10594e-10 -119632 5735.41 -119632 0
10.54 0 -2.82219e-10 -103773 7835.06 -103773 0
10.56 0 -4.49459e-10 -83799.7 9558.51 -83799.7 0
10.58 0 -3.5259e-10 -61102.2 10642.6 -61102.2 0
10.6 0 6.63974e-10 -37387.9 10969.5 -37387.9 0
10.62 0 -1.74085e-09 -14165 10598.6 -14165 0
10.64 0 9.22194e-10 7714.92 9709.77 7714.92 0
10.66 0 -9.05022e-10 28209 8493.69 28209 0
10.68 0 -9.8623e-10 47843.8 7071.8 47843.8 0
10.7 0 2.59784e-09 67162.1 5495.32 67162.1 0
10.72 0 -3.25336e-10 86145.4 3798.84 86145.4 0
10.74 0 -8.79614e-10 103984 2043.35 103984 0
10.76 0 -2.23576e-10 119326 293.142 119326 0
10.78 0 -4.32956e-11 130771 -1425.87 130771 0
10.8 0 -1.79973e-10 137253 -3141.71 137253 0
10.82 0 7.65201e-10 138212 -4935.46 138212 0
10.84 0 -3.14048e-10 133642 -6891.78 133642 0
10.86 0 -5.08116e-11 124104 -9000.72 124104 0
10.88 0 -1.06967e-10 110649 -11084.3 110649 0
10.9 0 2.72444e-10 94579.5 -12834.5 94579.5 0
10.92 0 3.37701e-10 77063.1 -13941.3 77063.1 0
10.94 0 -5.86938e-10 58710.8 -14195.3 58710.8 0
10.96 0 1.18487e-09 39410.1 -13505.7 39410.1 0
10.98 0 -8.62519e-10 18650.1 -11889.2 18650.1 0
11 0 -6.41717e-10 -3814.32 -9488.49 -3814.32 0
11.02 0 1.59579e-09 -27428.3 -6589.98 -27428.3 0
11.04 0 -1.77968e-09 -50776.9 -3584.87 -50776.9 0
11.06 0 1.23374e-09 -71996 -867.384 -71996 0
11.08 0 8.40455e-10 -89441.7 1306.37 -89441.7 0
11.1 0 8.11968e-10 -102298 2932.83 -102298 0
11.12 0 6.33294e-10 -110778 4253.2 -110778 0
11.14 0 -6.95923e-10 -115777 5610.39 -115777 0
11.16 0 5.9943e-12 -118209 7244.78 -118209 0
11.18 0 4.16673e-10 -118506 9211.61 -118506 0
11.2 0 -5.3638e-11 -116527 11427.6 -116527 0
11.22 0 6.0409e-10 -111792 13676.6 -111792 0
11.24 0 1.96659e-10 -103773 15590.3 -103773 0
11.26 0 -2.70144e-10 -92150.3 16734.3 -92150.3 0
11.28 0 3.45008e-10 -76974 16788.2 -76974 0
11.3 0 4.07756e-10 -58657.6 15652 -58657.6 0
11.32 0 9.86504e-10 -37939 13426.2 -37939 0
11.34 0 1.05031e-09 -15944.2 10369 -15944.2 0
11.36 0 -1.66886e-09 5798.95 6875.78 5798.95 0
11.38 0 -4.41308e-09 25696.8 3416.67 25696.8 0
11.4 0 -2.69057e-09 42716.2 414.892 42716.2 0
11.42 0 9.51549e-10 56833.7 -1858.54 56833.7 0
11.44 0 1.53207e-09 68917.3 -3355.42 68917.3 0
11.46 0 -3.53585e-10 80098.6 -4281.35 80098.6 0
11.48 0 -1.25466e-09 90989.2 -4986.26 90989.2 0
11.5 0 2.40136e-10 101136 -5790.67 101136 0
11.52 0 -1.28484e-09 109058 -6877.73 109058 0
11.54 0 -2.0322e-10 112978 -8292.64 112978 0
11.56 0 -6.33668e-10 111827 -9964.39 111827 0
11.58 0 8.28676e-12 105714 -11662.8 105714 0
11.6 0 1.56981e-10 95630 -13008.9 95630 0
11.62 0 -6.64072e-10 82872.4 -13613.2 82872.4 0
11.64 0 -2.75289e-10 68708.4 -13240 68708.4 0
11.66 0 -1.09448e-09 54186 -11860.8 54186 0
11.68 0 4.51004e-10 39871.6 -9616.58 39871.6 0
11.7 0 6.05284e-10 25625.4 -6774.72 25625.4 0
11.72 0 -3.31538e-09 10678.9 -3692.25 10678.9 0
11.74 0 3.96756e-09 -5958.86 -749.55 -5958.86 0
11.76 0 -2.40475e-09 -24957 1723.19 -24957 0
11.78 0 -2.80764e-09 -46184.7 3491.72 -46184.7 0
11.8 0 -1.77095e-09 -68499.6 4466.81 -68499.6 0
11.82 0 -2.83543e-10 -89970 4762.23 -89970 0
11.84 0 1.33506e-09 -108474 4731.24 -108474 0
11.86 0 -1.08769e-09 -122357 4837.34 -122357 0
11.88 0 -5.93847e-10 -130823 5437.01 -130823 0
11.9 0 -4.44515e-10 -133963 6680.73 -133963 0
11.92 0 -4.10714e-11 -132532 8500.79 -132532 0
11.94 0 1.08968e-10 -127566 10609.1 -127566 0
11.96 0 -7.72217e-10 -119974 12528.5 -119974 0
11.98 0 -6.51684e-10 -110288 13761.1 -110288 0
12 0 1.57262e-09 -98635.6 13997.1 -98635.6 0
12.02 0 1.58142e-09 -84857.2 13186 -84857.2 0
12.04 0 -1.67667e-09 -68712.1 11475.3 -68712.1 0
12.06 0 -1.8869e-10 -50201 9160.16 -50201 0
12.08 0 7.96393e-10 -29840.3 6668.27 -29840.3 0
12.1 0 -2.96109e-09 -8608.69 4472.02 -8608.69 0
12.12 0 6.34554e-10 12439.1 2921.38 12439.1 0
12.14 0 -2.48289e-09 32556.9 2135.06 32556.9 0
12.16 0 -1.55507e-09 51405.6 2054.43 51405.6 0
12.18 0 -5.28477e-11 68896 2460.32 68896 0
12.2 0 -4.71552e-10 84950.6 2890.51 84950.6 0
12.22 0 4.68031e-09 99304.7 2877.53 99304.7 0
12.24 0 -4.27196e-09 111457 2142.78 111457 0
12.26 0 1.36571e-09 120825 592.71 120825 0
12.28 0 -2.51483e-10 126995 -1720.09 126995 0
12.3 0 -6.99061e-10 129802 -4654.23 129802 0
12.32 0 3.18825e-10 129193 -7882.94 129193 0
12.34 0 -1.52694e-10 125016 -10863.9 125016 0
12.36 0 1.98908e-10 116978 -12991.4 116978 0
12.38 0 3.63578e-11 104784 -13824.5 104784 0
12.4 0 -4.5675e-10 88391.5 -13200.8 88391.5 0
12.42 0 3.49773e-10 68265.7 -11260.8 68265.7 0
12.44 0 5.40934e-10 45474.6 -8443.85 45474.6 0
12.46 0 -4.26618e-11 21496.9 -5407.52 21496.9 0
12.48 0 5.2277e-09 -2178.39 -2813.8 -2178.39 0
12.5 0 8.57207e-10 -24374.8 -1094.34 -24374.8 0
12.52 0 8.00347e-10 -44285.9 -349.141 -44285.9 0
12.54 0 -1.59385e-09 -61339.2 -364.161 -61339.2 0
12.56 0 1.3818e-09 -75057.7 -723.503 -75057.7 0
12.58 0 -1.06385e-09 -85026.9 -889.393 -85026.9 0
12.6 0 6.57865e-10 -90978.1 -368.143 -90978.1 0
12.62 0 4.84525e-10 -92923.3 1069.98 -92923.3 0
12.64 0 -1.08719e-09 -91250.2 3378.67 -91250.2 0
12.66 0 2.03555e-10 -86716.8 6327.41 -86716.8 0
12.68 0 -1.86261e-10 -80315.7 9542.17 -80315.7 0
12.7 0 2.26371e-10 -73033 12504.6 -73033 0
12.72 0 -8.35307e-10 -65612.9 14686.7 -65612.9 0
12.74 0 1.81604e-09 -58469.2 15773.5 -58469.2 0
12.76 0 8.33579e-10 -51759.8 15755.9 -51759.8 0
12.78 0 -4.19268e-09 -45443.4 14831.1 -45443.4 0
12.8 0 2.7526e-09 -39153.9 13256.5 -39153.9 0
12.82 0 -1.93211e-09 -32047.9 11268.6 -32047.9 0
12.84 0 2.63077e-10 -22975 9058.99 -22975 0
12.86 0 -1.04303e-09 -11021.5 6782.65 -11021.5 0
12.88 0 7.22821e-10 3917.35 4599.77 3917.35 0
12.9 0 -1.70257e-10 20907.2 2633.72 20907.2 0
12.92 0 2.72125e-09 38183.2 868.531 38183.2 0
12.94 0 -1.89456e-10 53647.9 -807.288 53647.9 0
12.96 0 -4.52704e-10 65429.3 -2551.66 65429.3 0
12.98 0 -6.34721e-10 72340.5 -4518.77 72340.5 0
13 0 6.30009e-10 74192 -6779.25 74192 0
13.02 0 -5.19147e-10 71842.2 -9257.47 71842.2 0
13.04 0 -8.13255e-11 66817.9 -11660.4 66817.9 0
13.06 0 -3.23668e-10 60592.4 -13521.1 60592.4 0
13.08 0 -4.33619e-10 53969.2 -14374.7 53969.2 0
13.1 0 1.9463e-09 46985 -13945.9 46985 0
13.12 0 1.33326e-10 39256.9 -12212.3 39256.9 0
13.14 0 -8.67307e-10 30361.8 -9383.47 30361.8 0
13.16 0 -8.67817e-10 20036.1 -5879.36 20036.1 0
13.18 0 -2.99721e-10 8305.99 -2276.59 8305.99 0
13.2 0 -2.59557e-09 -4387.45 838.272 -4387.45 0
13.22 0 2.17659e-09 -17182.6 3047.69 -17182.6 0
13.24 0 4.23731e-10 -28973.6 4219.12 -28973.6 0
13.26 0 -4.83706e-09 -38685.4 4540.29 -38685.4 0
13.28 0 3.74065e-10 -45580.7 4460.09 -45580.7 0
13.3 0 -1.76196e-09 -49576.4 4553.03 -49576.4 0
13.32 0 -2.88206e-09 -51471.1 5280.09 -51471.1 0
13.34 0 -3.41608e-11 -52857.5 6823.8 -52857.5 0
13.36 0 -1.38599e-10 -55583.3 9134.74 -55583.3 0
13.38 0 1.54938e-10 -60922.5 11998.5 -60922.5 0
13.4 0 5.0135e-10 -68866.4 15013.8 -68866.4 0
13.42 0 5.9876e-10 -77964.3 17587.9 -77964.3 0
13.44 0 -1.4399e-09 -85873.6 19103.7 -85873.6 0
13.46 0 1.86362e-09 -90338.2 19155.6 -90338.2 0
13.48 0 -1.3895e-09 -89986.2 17655 -89986.2 0
13.5 0 -1.37375e-09 -84501.3 14795.6 -84501.3 0
13.52 0 -1.21861e-09 -74268.3 10996.5 -74268.3 0
13.54 0 1.84208e-09 -59982.6 6830.13 -59982.6 0
13.56 0 1.94754e-09 -42552.6 2891.26 -42552.6 0
13.58 0 -9.5242e-11 -23168 -314.21 -23168 0
13.6 0 9.82499e-10 -3204.13 -2528.5 -3204.13 0
13.62 0 2.80696e-09 16127.6 -3788.17 16127.6 0
13.64 0 -3.53567e-09 34138.5 -4317.01 34138.5 0
13.66 0 -2.99335e-10 50735 -4499.54 50735 0
13.68 0 3.50556e-11 66132.7 -4790.25 66132.7 0
13.7 0 7.67205e-11 80448.7 -5579.6 80448.7 0
13.72 0 3.33446e-10 93487.9 -7051.57 93487.9 0
13.74 0 1.06698e-10 104832 -9037.87 104832 0
13.76 0 -2.48759e-10 114069 -11009.4 114069 0
13.78 0 7.692e-10 120929 -12279 120929 0
13.8 0 -6.37574e-11 125285 -12330.3 125285 0
13.82 0 6.21087e-10 127127 -11046.2 127127 0
13.84 0 -4.95852e-10 126571 -8701.01 126571 0
13.86 0 -6.9041e-10 123763 -5785.2 123763 0
13.88 0 1.34382e-10 118685 -2830.8 118685 0
13.9 0 -3.75643e-09 111052 -315.401 111052 0
13.92 0 6.3791e-09 100439 1391.63 100439 0
13.94 0 -1.67487e-09 86510.3 2094.87 86510.3 0
13.96 0 1.6084e-09 69130.8 1845.02 69130.8 0
13.98 0 1.34793e-09 48286.1 993.016 48286.1 0
14 0 -7.28246e-11 24045.8 65.5783 24045.8 0
14.02 0 -4.8295e-10 -3218.17 -338.182 -3218.17 0
14.04 0 1.00568e-09 -32403.8 188.616 -32403.8 0
14.06 0 -1.41629e-09 -61368.8 1635.9 -61368.8 0
14.08 0 2.45073e-09 -87194.6 3721.37 -87194.6 0
14.1 0 -2.22561e-10 -107240 6064.66 -107240 0
14.12 0 9.53511e-11 -120457 8311 -120457 0
14.14 0 8.92765e-11 -127947 10193.6 -127947 0
14.16 0 -3.83946e-10 -132231 11620.7 -132231 0
14.18 0 -2.07553e-10 -135770 12655.6 -135770 0
14.2 0 -1.33153e-09 -139727 13323 -139727 0
14.22 0 -7.979e-10 -143595 13439 -143595 0
14.24 0 -7.41817e-10 -145585 12716.5 -145585 0
14.26 0 1.12617e-09 -143263 11075.3 -143263 0
14.28 0 4.83473e-10 -134170 8834.84 -134170 0
14.3 0 1.0112e-09 -116555 6611.54 -116555 0
14.32 0 2.50208e-09 -90271 5061.3 -90271 0
14.34 0 -1.50204e-09 -57281.9 4588.72 -57281.9 0
14.36 0 1.48619e-09 -21225.8 5117.85 -21225.8 0
14.38 0 5.88761e-10 13807.4 6087.23 13807.4 0
14.4 0 1.01366e-09 44607.7 6648.77 44607.7 0
14.42 0 -1.9048e-09 69763.4 6098.95 69763.4 0
14.44 0 2.38879e-10 89908.3 4234.57 89908.3 0
14.46 0 5.3403e-10 107104 1329.57 107104 0
14.48 0 -8.81039e-11 123486 -2069.82 123486 0
14.5 0 -2.91734e-10 139916 -5336.76 139916 0
14.52 0 -4.07396e-10 155491 -7898.42 155491 0
14.54 0 9.37907e-10 168056 -9355.39 168056 0
14.56 0 6.68759e-10 175113 -9536.09 175113 0
14.58 0 -1.58309e-09 174525 -8500.6 174525 0
14.6 0 4.66806e-10 164923 -6564.48 164923 0
14.62 0 1.76093e-09 146102 -4270.91 146102 0
14.64 0 -7.05111e-10 119387 -2201.34 119387 0
14.66 0 6.3608e-10 87522.2 -737.253 87522.2 0
14.68 0 -1.04344e-09 53782.3 42.0447 53782.3 0
14.7 0 1.03085e-09 20721 339.238 20721 0
14.72 0 -2.09026e-09 -10515.2 592.775 -10515.2 0
14.74 0 1.97966e-10 -39908.3 1326.27 -39908.3 0
14.76 0 -1.28293e-10 -67828.1 2823.68 -67828.1 0
14.78 0 -1.13893e-10 -94466.8 4950.91 -94466.8 0
14.8 0 -2.66984e-11 -119504 7337.07 -119504 0
14.82 0 -4.98247e-10 -141874 9659.13 -141874 0
14.84 0 -8.35004e-10 -159853 11741.8 -159853 0
14.86 0 2.76922e-10 -171591 13474.2 -171591 0
14.88 0 -7.59248e-10 -175767 14716.7 -175767 0
14.9 0 8.83045e-11 -171924 15268 -171924 0
14.92 0 7.39283e-10 -160552 14911.3 -160552 0
14.94 0 1.08338e-09 -142944 13565.1 -142944 0
14.96 0 -7.91477e-10 -120592 11432.3 -120592 0
14.98 0 1.99895e-09 -94489.4 8975.95 -94489.4 0
15 0 -1.68883e-09 -65017.3 6715.36 -65017.3 0
15.02 0 4.79482e-10 -32569.9 5003.21 -32569.9 0
15.04 0 -1.2726e-09 1742.16 3940.93 1742.16 0
15.06 0 1.19603e-09 35994.4 3354.5 35994.4 0
15.08 0 -3.79856e-10 68014.1 2870.13 68014.1 0
15.1 0 1.57426e-10 96187.8 2087.25 96187.8 0
15.12 0 8.85366e-10 119927 723.387 119927 0
15.14 0 -4.15269e-10 139473 -1280.96 139473 0
15.16 0 1.15453e-10 155251 -3752.73 155251 0
15.18 0 6.3625e-11 167316 -6367.43 167316 0
15.2 0 2.38318e-10 175189 -8773.87 175189 0
15.22 0 2.72723e-10 177989 -10655.4 177989 0
15.24 0 6.97754e-11 174657 -11700.1 174657 0
15.26 0 1.52445e-09 164144 -11625.9 164144 0
15.28 0 5.77997e-10 145682 -10360.8 145682 0
15.3 0 1.34389e-09 119272 -8170.89 119272 0
15.32 0 1.35819e-09 86100.6 -5547.51 86100.6 0
15.34 0 -9.88134e-10 48387.5 -2998.8 48387.5 0
15.36 0 -8.32007e-10 8719.45 -924.962 8719.45 0
15.38 0 1.25566e-09 -30484.1 466.363 -30484.1 0
15.4 0 -1.22733e-09 -67169.3 1265.57 -67169.3 0
15.42 0 3.25098e-10 -99890.4 1844.24 -99890.4 0
15.44 0 -8.25197e-11 -128103 2606.64 -128103 0
15.46 0 -9.27749e-10 -151965 3757.76 -151965 0
15.48 0 6.7769e-11 -171580 5324.4 -171580 0
15.5 0 -3.25998e-12 -186433 7289.99 -186433 0
15.52 0 1.49127e-10 -195559 9620.31 -195559 0
15.54 0 8.01988e-10 -198070 12180.3 -198070 0
15.56 0 3.84346e-11 -193422 14669 -193422 0
15.58 0 -1.28809e-11 -181448 16618.7 -181448 0
15.6 0 -1.17005e-09 -162412 17526.4 -162412 0
15.62 0 7.56774e-10 -136949 17087.4 -136949 0
15.64 0 9.5314e-10 -105935 15351.4 -105935 0
15.66 0 1.21983e-09 -70475.1 12704.1 -70475.1 0
15.68 0 -1.54928e-09 -32112.4 9749.43 -32112.4 0
15.7 0 2.04245e-09 7031.34 7155.97 7031.34 0
15.72 0 -6.08307e-11 44608 5446.39 44608 0
15.74 0 -6.464e-10 78664 4772.3 78664 0
15.76 0 1.20734e-09 107975 4859.58 107975 0
15.78 0 -1.07103e-10 131907 5155.12 131907 0
15.8 0 -1.12583e-09 150079 5051 150079 0
15.82 0 8.49512e-10 162077 4125.77 162077 0
15.84 0 -1.21373e-09 167364 2277.91 167364 0
15.86 0 9.08084e-10 165521 -292.14 165521 0
15.88 0 1.67541e-10 156686 -3156.29 156686 0
15.9 0 -6.63217e-11 141761 -5741.53 141761 0
15.92 0 9.12705e-12 122076 -7488.27 122076 0
15.94 0 -4.32986e-11 98900.2 -8077.27 98900.2 0
15.96 0 1.00874e-09 73244.9 -7543.32 73244.9 0
15.98 0 2.24574e-10 45985.7 -6188.55 45985.7 0
16 0 -2.59916e-10 18112.8 -4430.72 18112.8 0
16.02 0 7.94414e-10 -9161.72 -2702.45 -9161.72 0
16.04 0 -1.94197e-09 -34641.4 -1351.64 -34641.4 0
16.06 0 4.14846e-10 -57656.2 -529.635 -57656.2 0
16.08 0 -1.65702e-10 -78312.5 -157.857 -78312.5 0
16.1 0 -1.74294e-10 -97036.2 7.72803 -97036.2 0
16.12 0 7.45857e-10 -113737 279.624 -113737 0
16.14 0 -9.26264e-10 -127386 959.843 -127386 0
16.16 0 1.00374e-09 -136329 2220.78 -136329 0
16.18 0 -1.58952e-10 -139008 4011.25 -139008 0
16.2 0 -2.70851e-10 -134579 6115.85 -134579 0
16.22 0 -5.6932e-12 -123176 8276.02 -123176 0
16.24 0 3.5342e-13 -105773 10250.3 -105773 0
16.26 0 5.09913e-10 -83843.5 11813 -83843.5 0
16.28 0 -1.40591e-10 -59017.5 12769.2 -59017.5 0
16.3 0 -6.46365e-11 -32833.3 12991.5 -32833.3 0
16.32 0 -1.86492e-09 -6589.29 12435.5 -6589.29 0
16.34 0 4.55989e-11 18755.4 11148.3 18755.4 0
16.36 0 4.75431e-11 42648.4 9299.71 42648.4 0
16.38 0 1.86255e-09 64918.9 7192.93 64918.9 0
16.4 0 -3.92545e-10 85576.6 5191.58 85576.6 0
16.42 0 -5.72828e-10 104454 3583.3 104454 0
16.44 0 -9.76199e-10 120872 2468.39 120872 0
16.46 0 -3.97994e-10 133587 1740.9 133587 0
16.48 0 -4.59263e-11 141108 1161.27 141108 0
16.5 0 1.58968e-09 142223 478.324 142223 0
16.52 0 -1.99283e-10 136452 -463.93 136452 0
16.54 0 -2.95837e-10 124247 -1675.81 124247 0
16.56 0 -5.14134e-10 106840 -3023.47 106840 0
16.58 0 1.45957e-11 85867.6 -4273.79 85867.6 0
16.6 0 -1.27938e-10 62928.8 -5175.93 62928.8 0
16.62 0 1.13944e-10 39262.7 -5548.93 39262.7 0
16.64 0 -7.42729e-10 15631.6 -5336.98 15631.6 0
16.66 0 -1.22133e-10 -7566.43 -4613.93 -7566.43 0
16.68 0 -2.9538e-11 -30044.5 -3533.94 -30044.5 0
16.7 0 -3.47923e-11 -51414.2 -2260.5 -51414.2 0
16.72 0 2.85664e-10 -71129.2 -926.537 -71129.2 0
16.74 0 4.76386e-10 -88546.5 361.82 -88546.5 0
16.76 0 -6.34269e-10 -103014 1519.59 -103014 0
16.78 0 -2.0071e-09 -113942 2508.42 -113942 0
16.8 0 1.55974e-09 -120845 3368.75 -120845 0
16.82 0 -1.21927e-09 -123382 4202.19 -123382 0
16.84 0 4.02232e-10 -121399 5097.35 -121399 0
16.86 0 -5.44851e-10 -114981 6055.73 -114981 0
16.88 0 -5.70799e-10 -104432 6999.31 -104432 0
16.9 0 3.3328e-10 -90208 7852.88 -90208 0
16.92 0 1.89787e-10 -72882.1 8588.95 -72882.1 0
16.94 0 5.72094e-10 -53124.5 9179.58 -53124.5 0
16.96 0 1.78129e-10 -31631 9525.9 -31631 0
16.98 0 -9.76941e-10 -9059.1 9472.55 -9059.1 0
17 0 4.87475e-10 13958.9 8901.17 13958.9 0
17.02 0 9.47542e-10 36768.8 7804.75 36768.8 0
17.04 0 -3.83293e-10 58670.5 6293.13 58670.5 0
17.06 0 1.17669e-10 78898.4 4560.62 78898.4 0
17.08 0 1.36702e-09 96610.3 2847.06 96610.3 0
17.1 0 -6.3877e-10 110948 1393.5 110948 0
17.12 0 -1.68274e-10 121162 394.453 121162 0
17.14 0 4.95699e-10 126719 -47.036 126719 0
17.16 0 -1.54125e-09 127320 37.2993 127320 0
17.18 0 8.88028e-10 122903 467.122 122903 0
17.2 0 7.01992e-10 113636 982.403 113636 0
17.22 0 -8.13687e-10 99925.9 1376.48 99925.9 0
17.24 0 -7.60321e-10 82425.8 1575.15 82425.8 0
17.26 0 -7.20467e-10 62026.8 1606.78 62026.8 0
17.28 0 1.59829e-10 39736.5 1541.87 39736.5 0
17.3 0 5.99546e-10 16464.1 1466.72 16464.1 0
17.32 0 -2.83314e-11 -7076.64 1466.5 -7076.64 0
17.34 0 4.1158e-11 -30223.1 1596.39 -30223.1 0
17.36 0 -2.67906e-10 -52131.4 1869.14 -52131.4 0
17.38 0 -2.39883e-10 -71739.1 2262.73 -71739.1 0
17.4 0 -1.63e-10 -88019.4 2719.24 -88019.4 0
17.42 0 9.32189e-10 -100339 3144.06 -100339 0
17.44 0 3.89636e-10 -108635 3442.97 -108635 0
17.46 0 8.0771e-10 -113260 3580.69 -113260 0
17.48 0 -6.99528e-10 -114642 3595.68 -114642 0
17.5 0 6.64423e-11 -112975 3550.11 -112975 0
17.52 0 5.79177e-10 -108118 3466.14 -108118 0
17.54 0 -5.18559e-10 -99713.9 3320.9 -99713.9 0
17.56 0 -1.99415e-10 -87430.1 3102.32 -87430.1 0
17.58 0 9.51302e-11 -71181.3 2860.65 -71181.3 0
17.6 0 6.82895e-11 -51178.9 2698.35 -51178.9 0
17.62 0 3.79666e-11 -27901.8 2702.32 -27901.8 0
17.64 0 -7.78819e-11 -2145.15 2878.55 -2145.15 0
17.66 0 3.40646e-10 24893.5 3136.48 24893.5 0
17.68 0 -2.99377e-11 51684.1 3332.67 51684.1 0
17.7 0 2.57988e-10 76634.3 3350.97 76634.3 0
17.72 0 2.07122e-11 98406.9 3167.37 98406.9 0
17.74 0 -1.37563e-09 116133 2851.5 116133 0
17.76 0 2.30149e-10 129472 2510.91 129472 0
17.78 0 -1.02395e-10 138488 2230.21 138488 0
17.8 0 2.90134e-11 143368 2043.95 143368 0
17.82 0 -6.5132e-10 144124 1942.45 144124 0
17.84 0 -6.70267e-10 140426 1897.23 140426 0
17.86 0 7.18869e-10 131648 1899.01 131648 0
17.88 0 9.02299e-10 117152 1960.37 117152 0
17.9 0 2.04584e-10 96751.3 2071.22 96751.3 0
17.92 0 3.28534e-10 71031.6 2173.91 71031.6 0
17.94 0 4.64737e-10 41287.1 2196.63 41287.1 0
17.96 0 -3.26526e-10 9157.54 2103.42 9157.54 0
17.98 0 1.2467e-10 -23689.9 1907.11 -23689.9 0
18 0 8.50099e-11 -55688.7 1658.84 -55688.7 0
18.02 0 -1.90345e-10 -85388.6 1433.17 -85388.6 0
18.04 0 3.66244e-10 -111484 1297.37 -111484 0
18.06 0 4.42659e-10 -132925 1275.31 -132925 0
18.08 0 -5.24756e-10 -149078 1346.26 -149078 0
18.1 0 -1.10169e-09 -159818 1482.35 -159818 0
18.12 0 -1.17212e-10 -165415 1682.19 -165415 0
18.14 0 7.83463e-10 -166284 1970.24 -166284 0
18.16 0 1.59841e-10 -162747 2369.19 -162747 0
18.18 0 -1.03145e-10 -154855 2858.96 -154855 0
18.2 0 -7.40042e-10 -142355 3344.28 -142355 0
18.22 0 1.13241e-09 -124906 3690.91 -124906 0
18.24 0 4.20304e-10 -102499 3824.72 -102499 0
18.26 0 -2.80274e-10 -75674.4 3800.47 -75674.4 0
18.28 0 -1.94033e-11 -45361.7 3773.07 -45361.7 0
18.3 0 -9.40482e-11 -12712.1 3905.27 -12712.1 0
18.32 0 9.16836e-11 20862.1 4288.67 20862.1 0
18.34 0 1.98292e-10 53678.6 4903.12 53678.6 0
18.36 0 5.45561e-10 84036.5 5622.82 84036.5 0
18.38 0 6.95461e-10 110555 6272.79 110555 0
18.4 0 -6.73604e-10 132344 6699.45 132344 0
18.42 0 7.36672e-10 149010 6804.44 149010 0
18.44 0 9.80028e-10 160572 6543.5 160572 0
18.46 0 -1.3493e-09 167310 5926.22 167310 0
18.48 0 -1.04368e-09 169544 5019.67 169544 0
18.5 0 -2.07662e-10 167471 3929.21 167471 0
18.52 0 9.8249e-10 161089 2757.56 161089 0
18.54 0 5.98349e-10 150133 1595.72 150133 0
18.56 0 2.17872e-09 134149 549.298 134149 0
18.58 0 -5.49964e-10 112909 -267.524 112909 0
18.6 0 -5.26872e-10 86867.9 -798.604 86867.9 0
18.62 0 -5.86923e-10 57189.1 -1094.82 57189.1 0
18.64 0 4.33522e-10 25379.6 -1274.81 25379.6 0
18.66 0 1.25457e-10 -6992.16 -1447.55 -6992.16 0
18.68 0 -2.35185e-10 -38379.7 -1657.27 -38379.7 0
18.7 0 2.30674e-10 -67355.4 -1860.66 -67355.4 0
18.72 0 -5.22091e-10 -92754.6 -1946.4 -92754.6 0
18.74 0 4.3392e-11 -113709 -1799.07 -113709 0
18.76 0 1.30502e-10 -129595 -1358.19 -129595 0
18.78 0 2.27405e-10 -140047 -624.405 -140047 0
18.8 0 5.42453e-10 -145028 366.456 -145028 0
18.82 0 -1.15714e-09 -144802 1552.81 -144802 0
18.84 0 2.5335e-10 -139784 2839.92 -139784 0
18.86 0 3.64942e-10 -130384 4101.72 -130384 0
18.88 0 -4.19439e-10 -116925 5188.84 -116925 0
18.9 0 -1.988e-10 -99697.2 5955.69 -99697.2 0
18.92 0 1.99392e-10 -79158.2 6322.18 -79158.2 0
18.94 0 6.5873e-10 -56054.3 6333.17 -56054.3 0
18.96 0 -8.11321e-11 -31300.9 6140.5 -31300.9 0
18.98 0 -1.36965e-11 -5764.18 5910.77 -5764.18 0
19 0 6.1702e-11 19779.2 5749.38 19779.2 0
19.02 0 -2.31386e-10 44508.4 5674.31 44508.4 0
19.04 0 2.51449e-10 67475 5616.65 67475 0
19.06 0 -7.87969e-10 87682.9 5446.75 87682.9 0
19.08 0 -2.0544e-10 104262 5039.89 104262 0
19.1 0 7.38432e-10 116637 4344.53 116637 0
19.12 0 6.97101e-10 124618 3399.97 124618 0
19.14 0 2.32551e-10 128336 2306.41 128336 0
19.16 0 1.27197e-10 128074 1187.67 128074 0
19.18 0 -1.34989e-09 124115 162.923 124115 0
19.2 0 -5.24769e-11 116707 -674.687 116707 0
19.22 0 1.51427e-09 106054 -1259.77 106054 0
19.24 0 -1.25058e-09 92300.5 -1542.42 92300.5 0
19.26 0 2.09527e-09 75566.1 -1494.01 75566.1 0
19.28 0 1.03273e-09 56070.5 -1130.12 56070.5 0
19.3 0 3.86859e-10 34237.6 -511.183 34237.6 0
19.32 0 2.26995e-10 10750.2 281.301 10750.2 0
19.34 0 2.38046e-10 -13416.5 1159.6 -13416.5 0
19.36 0 4.85626e-10 -37036.3 2038.18 -37036.3 0
19.38 0 -3.85207e-10 -58812.6 2855.42 -58812.6 0
19.4 0 1.96853e-10 -77606.6 3589.75 -77606.6 0
19.42 0 3.48975e-11 -92568 4242.06 -92568 0
19.44 0 2.55158e-11 -103167 4806.61 -103167 0
19.46 0 5.3867e-11 -109211 5269.49 -109211 0
19.48 0 -2.20502e-11 -110835 5627.01 -110835 0
19.5 0 -6.57683e-10 -108393 5887.73 -108393 0
19.52 0 5.57979e-10 -102301 6050.03 -102301 0
19.54 0 -3.62959e-10 -92917.9 6071.56 -92917.9 0
19.56 0 -5.39578e-10 -80511.8 5858.32 -80511.8 0
19.58 0 -8.727e-10 -65315.9 5304.55 -65315.9 0
19.6 0 -1.10844e-10 -47653 4371.52 -47653 0
19.62 0 -3.04818e-10 -28040.4 3139.41 -28040.4 0
19.64 0 1.04371e-10 -7212.17 1786.22 -7212.17 0
19.66 0 -1.24743e-10 13901.1 521.274 13901.1 0
19.68 0 2.29493e-10 34220.4 -478.283 34220.4 0
19.7 0 -1.76087e-12 52651.6 -1110.91 52651.6 0
19.72 0 1.94672e-10 68292.4 -1369.48 68292.4 0
19.74 0 2.85807e-10 80576.9 -1327.1 80576.9 0
19.76 0 -3.56302e-10 89263.9 -1095.92 89263.9 0
19.78 0 2.49207e-10 94344.4 -782.214 94344.4 0
19.8 0 -5.23849e-10 95972.3 -455.179 95972.3 0
19.82 0 3.22677e-10 94403.4 -132.685 94403.4 0
19.84 0 1.08492e-10 89889.4 216.774 89889.4 0
19.86 0 -6.55475e-10 82562.3 661.367 82562.3 0
19.88 0 -9.75334e-10 72409.2 1283.54 72409.2 0
19.9 0 1.67726e-09 59385.7 2141.26 59385.7 0
19.92 0 -5.07695e-10 43605.9 3225.44 43605.9 0
19.94 0 -5.37965e-10 25487.1 4445.96 25487.1 0
19.96 0 2.17627e-10 5786.52 5658.62 5786.52 0
19.98 0 -1.89549e-09 -14472.9 6707.45 -14472.9 0
20 0 1.19154e-09 -34177.1 7463.38 -34177.1 0
20.02 0 -2.34722e-10 -52348 7852.12 -52348 0
20.04 0 2.34603e-10 -68316.5 7858.36 -68316.5 0
20.06 0 -1.67098e-10 -81753 7511.16 -81753 0
20.08 0 -3.36746e-10 -92560.8 6870.82 -92560.8 0
20.1 0 -4.44344e-11 -100717 6025.58 -100717 0
20.12 0 6.9577e-11 -106130 5081.88 -106130 0
20.14 0 -3.19621e-10 -108562 4139.35 -108562 0
20.16 0 2.45862e-10 -107619 3264.84 -107619 0
20.18 0 -4.85583e-10 -102833 2476.75 -102833 0
20.2 0 3.42607e-11 -93810 1741.11 -93810 0
20.22 0 3.7009e-10 -80437.2 991.894 -80437.2 0
20.24 0 -3.92195e-10 -63055.9 175.177 -63055.9 0
20.26 0 -4.43429e-10 -42511.8 -713.572 -42511.8 0
20.28 0 4.60729e-10 -20034.1 -1620.85 -20034.1 0
20.3 0 -1.14951e-10 2984.92 -2445.46 2984.92 0
20.32 0 1.68546e-10 25241.2 -3058.66 25241.2 0
20.34 0 5.31073e-10 45749.4 -3342.54 45749.4 0
20.36 0 -1.26978e-10 63957.3 -3229.09 63957.3 0
20.38 0 1.05315e-10 79655.9 -2708.26 79655.9 0
20.4 0 2.94214e-10 92745.3 -1813.89 92745.3 0
20.42 0 -2.08189e-10 103051 -619.669 103051 0
20.44 0 -3.24944e-10 110295 757.861 110295 0
20.46 0 2.24794e-10 114156 2177.55 114156 0
20.48 0 2.09711e-10 114348 3511.52 114348 0
20.5 0 2.84158e-10 110689 4673.1 110689 0
20.52 0 -1.50378e-09 103167 5627.21 103167 0
20.54 0 8.1293e-10 91968.3 6388.2 91968.3 0
20.56 0 2.18257e-09 77493.1 6995.81 77493.1 0
20.58 0 -1.90174e-09 60357.8 7476.98 60357.8 0
20.6 0 -1.80537e-10 41353.3 7828.85 41353.3 0
20.62 0 5.26561e-10 21330.2 8033.21 21330.2 0
20.64 0 1.3283e-10 1065.62 8070.39 1065.62 0
20.66 0 -4.61248e-10 -18830.6 7916.33 -18830.6 0
20.68 0 -2.0974e-09 -37936.8 7544.71 -37936.8 0
20.7 0 2.27022e-10 -55954.3 6945.98 -55954.3 0
20.72 0 5.2889e-10 -72570.4 6137.36 -72570.4 0
20.74 0 -2.41005e-10 -87330.6 5153.14 -87330.6 0
20.76 0 -2.67424e-10 -99624.6 4039.59 -99624.6 0
20.78 0 -3.7996e-11 -108792 2862.42 -108792 0
20.8 0 -3.76954e-11 -114251 1707.82 -114251 0
20.82 0 1.87716e-11 -115581 666.606 -115581 0
20.84 0 -9.04074e-11 -112594 -183.847 -112594 0
20.86 0 1.37219e-11 -105392 -792.111 -105392 0
20.88 0 -1.49293e-10 -94361.5 -1148.26 -94361.5 0
20.9 0 4.92997e-10 -80084.7 -1294.81 -80084.7 0
20.92 0 -1.0132e-10 -63216.1 -1311.64 -63216.1 0
20.94 0 -1.89396e-10 -44404 -1279.29 -44404 0
20.96 0 8.96285e-10 -24265 -1251.72 -24265 0
20.98 0 -1.77168e-10 -3409.01 -1246.55 -3409.01 0
21 0 7.0094e-10 17507.8 -1236.81 17507.8 0
21.02 0 3.54648e-10 37743 -1153.96 37743 0
21.04 0 1.5588e-10 56483.4 -921.217 56483.4 0
21.06 0 -1.43365e-10 72909.3 -501.542 72909.3 0
21.08 0 9.09126e-11 86268.2 85.3076 86268.2 0
21.1 0 -3.72369e-11 95942.1 784.342 95942.1 0
21.12 0 9.14793e-13 101516 1529.51 101516 0
21.14 0 4.14983e-11 102833 2253.2 102833 0
21.16 0 3.13894e-10 100002 2891.21 100002 0
21.18 0 7.22589e-11 93333.4 3392.86 93333.4 0
21.2 0 4.06999e-10 83224 3733.64 83224 0
21.22 0 -7.16876e-10 70054.2 3924.35 70054.2 0
21.24 0 -1.58422e-10 54154 4010.27 54154 0
21.26 0 1.01096e-10 35866.3 4055.8 35866.3 0
21.28 0 6.75289e-11 15655.7 4122.9 15655.7 0
21.3 0 -1.24917e-09 -5805.07 4255.69 -5805.07 0
21.32 0 2.28972e-10 -27631.5 4470.83 -27631.5 0
21.34 0 -1.62609e-10 -48828.9 4752.82 -48828.9 0
21.36 0 5.03611e-10 -68455.7 5060.09 -68455.7 0
21.38 0 1.4247e-11 -85743.9 5343.22 -85743.9 0
21.4 0 -8.9752e-10 -100117 5565.44 -100117 0
21.42 0 -1.6264e-10 -111148 5712.32 -111148 0
21.44 0 -1.63803e-11 -118530 5784.47 -118530 0
21.46 0 -1.43933e-10 -122081 5783.28 -122081 0
21.48 0 -2.76801e-11 -121750 5707.63 -121750 0
21.5 0 -2.42238e-10 -117595 5564.32 -117595 0
21.52 0 2.96238e-10 -109707 5371.76 -109707 0
21.54 0 -1.11304e-10 -98111.7 5139.84 -98111.7 0
21.56 0 -7.63068e-11 -82780 4849.03 -82780 0
21.58 0 3.86978e-11 -63803.1 4460.62 -63803.1 0
21.6 0 6.36996e-11 -41640.4 3948.01 -41640.4 0
21.62 0 -5.97417e-11 -17241.1 3314.89 -17241.1 0
21.64 0 1.69252e-10 8056.74 2591.85 8056.74 0
21.66 0 2.13319e-10 32819.2 1824.71 32819.2 0
21.68 0 -3.13522e-10 55853.9 1059.43 55853.9 0
21.7 0 -3.0565e-10 76396.6 327.093 76396.6 0
21.72 0 -6.60299e-12 94050.9 -359.565 94050.9 0
21.74 0 1.20232e-10 108575 -994.844 108575 0
21.76 0 2.14737e-11 119712 -1566.7 119712 0
21.78 0 -1.12934e-11 127174 -2052.25 127174 0
21.8 0 7.28333e-12 130742 -2422.95 130742 0
21.82 0 3.4152e-11 130350 -2657.72 130350 0
21.84 0 -2.16887e-11 126095 -2760.85 126095 0
21.86 0 1.52472e-10 118149 -2765.01 118149 0
21.88 0 -2.23801e-10 106665 -2702.26 106665 0
21.9 0 2.10336e-10 91779.8 -2570.3 91779.8 0
21.92 0 3.22177e-10 73750 -2333.93 73750 0
21.94 0 3.36038e-10 53101.5 -1954.55 53101.5 0
21.96 0 -1.76079e-10 30654.7 -1410.55 30654.7 0
21.98 0 6.73557e-10 7400.29 -700.081 7400.29 0
22 0 -1.49409e-10 -15713.4 158.337 -15713.4 0
22.02 0 -7.09976e-11 -37958.2 1127.69 -37958.2 0
22.04 0 1.42145e-10 -58836.2 2161.7 -58836.2 0
22.06 0 -7.34849e-11 -77903.8 3212.38 -77903.8 0
22.08 0 2.31193e-11 -94571 4228.49 -94571 0
22.1 0 -4.16227e-10 -108074 5154.73 -108074 0
22.12 0 2.91444e-10 -117653 5941.26 -117653 0
22.14 0 7.70799e-12 -122802 6558.79 -122802 0
22.16 0 1.21518e-11 -123428 7008.76 -123428 0
22.18 0 -2.48346e-10 -119825 7321.4 -119825 0
22.2 0 2.57212e-10 -112447 7534.99 -112447 0
22.22 0 -2.1562e-10 -101619 7654.82 -101619 0
22.24 0 3.21478e-11 -87413.8 7625.42 -87413.8 0
22.26 0 7.27154e-11 -69816.8 7357.81 -69816.8 0
22.28 0 3.58551e-11 -49019.9 6796.06 -49019.9 0
22.3 0 -9.21181e-11 -25584.6 5958.6 -25584.6 0
22.32 0 -4.47771e-11 -420.864 4925.43 -420.864 0
22.34 0 -3.34024e-10 25319.3 3802.48 25319.3 0
22.36 0 2.60065e-10 50365.1 2689.3 50365.1 0
22.38 0 -4.17956e-11 73475.2 1654.82 73475.2 0
22.4 0 -6.60981e-11 93598.7 728.247 93598.7 0
22.42 0 4.29156e-10 110012 -88.0084 110012 0
22.44 0 -3.79066e-10 122384 -796.827 122384 0
22.46 0 2.32071e-10 130736 -1395.55 130736 0
22.48 0 2.53922e-10 135295 -1876.97 135295 0
22.5 0 2.4393e-10 136314 -2231.13 136314 0
22.52 0 -2.58362e-10 133946 -2446.03 133946 0
22.54 0 -8.2195e-11 128161 -2508.7 128161 0
22.56 0 3.62406e-10 118716 -2402.08 118716 0
22.58 0 -2.4008e-10 105285 -2108.78 105285 0
22.6 0 2.77921e-10 87776 -1629.87 87776 0
22.62 0 -1.21761e-10 66637.8 -999.095 66637.8 0
22.64 0 2.09116e-10 42896.8 -272.462 42896.8 0
22.66 0 -1.39862e-10 17966.8 491.344 17966.8 0
22.68 0 -6.96176e-11 -6640.66 1235.56 -6640.66 0
22.7 0 7.73309e-11 -29638.8 1906.36 -29638.8 0
22.72 0 -2.38206e-11 -50230.1 2466.36 -50230.1 0
22.74 0 5.69242e-11 -68150.3 2909.31 -68150.3 0
22.76 0 3.47776e-11 -83450.3 3257.77 -83450.3 0
22.78 0 -4.36998e-11 -96186.6 3546.04 -96186.6 0
22.8 0 -1.3719e-11 -106210 3802.18 -106210 0
22.82 0 1.26731e-10 -113104 4037.44 -113104 0
22.84 0 -7.30859e-11 -116259 4245.55 -116259 0
22.86 0 7.54248e-11 -115052 4409.14 -115052 0
22.88 0 -1.80785e-10 -109062 4503.88 -109062 0
22.9 0 5.23387e-11 -98242.1 4500.03 -98242.1 0
22.92 0 -3.83126e-11 -83013.1 4378.69 -83013.1 0
22.94 0 2.64389e-11 -64262.4 4154.13 -64262.4 0
22.96 0 1.10429e-10 -43197.5 3870.99 -43197.5 0
22.98 0 -2.65626e-10 -21081.5 3575.71 -21081.5 0
23 0 1.36777e-10 1002.04 3295.5 1002.04 0
23.02 0 -1.64789e-10 22261.4 3041.52 22261.4 0
23.04 0 -3.77492e-11 42198.4 2818.16 42198.4 0
23.06 0 -3.85921e-10 60529.6 2626.86 60529.6 0
23.08 0 -3.03515e-10 77020.8 2470.13 77020.8 0
23.1 0 1.24314e-10 91291.8 2355.65 91291.8 0
23.12 0 -2.53647e-10 102730 2293.4 102730 0
23.14 0 2.35905e-10 110598 2289.54 110598 0
23.16 0 8.72799e-10 114263 2345.39 114263 0
23.18 0 1.51799e-10 113406 2458.64 113406 0
23.2 0 -1.43057e-10 108099 2620.93 108099 0
23.22 0 -4.32139e-10 98753.4 2817.93 98753.4 0
23.24 0 -5.28765e-10 85985.6 3030.87 85985.6 0
23.26 0 3.07924e-10 70492.2 3232.01 70492.2 0
23.28 0 -6.08474e-11 52979.7 3381.74 52979.7 0
23.3 0 9.53538e-10 34114.5 3443.57 34114.5 0
23.32 0 -2.174e-10 14482.8 3407.97 14482.8 0
23.34 0 5.21635e-11 -5415.86 3294.88 -5415.86 0
23.36 0 2.4357e-10 -25129.1 3133.23 -25129.1 0
23.38 0 1.44545e-11 -44185.6 2940.45 -44185.6 0
23.4 0 1.14071e-10 -62027.7 2715.39 -62027.7 0
23.42 0 -5.44005e-11 -77967.4 2441.35 -77967.4 0
23.44 0 -6.03337e-11 -91213.2 2098.83 -91213.2 0
23.46 0 3.409e-12 -100990 1686.5 -100990 0
23.48 0 -2.71047e-10 -106703 1236.65 -106703 0
23.5 0 -2.61371e-10 -108069 809.061 -108069 0
23.52 0 -1.36425e-10 -105153 465.325 -105153 0
23.54 0 -6.11478e-10 -98329 240.215 -98329 0
23.56 0 2.53243e-10 -88157 123.964 -88157 0
23.58 0 -5.57124e-11 -75225.2 67.0907 -75225.2 0
23.6 0 3.31934e-10 -60036.3 11.3059 -60036.3 0
23.62 0 1.40268e-10 -42991.9 -71.1504 -42991.9 0
23.64 0 -2.7149e-10 -24445.9 -163.462 -24445.9 0
23.66 0 3.26506e-10 -4792.63 -220.413 -4792.63 0
23.68 0 1.69806e-10 15428.5 -191.087 15428.5 0
23.7 0 2.39131e-10 35465.3 -33.6593 35465.3 0
23.72 0 6.20265e-11 54387.2 275.222 54387.2 0
23.74 0 3.87995e-11 71212.1 732.239 71212.1 0
23.76 0 4.58482e-11 85055.9 1305.59 85055.9 0
23.78 0 4.69384e-10 95258.9 1939.69 95258.9 0
23.8 0 -5.96209e-10 101476 2563.79 101476 0
23.82 0 3.57531e-10 103695 3105.88 103695 0
23.84 0 -4.33239e-10 102163 3512.46 102163 0
23.86 0 8.79243e-10 97258.5 3766.56 97258.5 0
23.88 0 2.95321e-10 89376.1 3895.84 89376.1 0
23.9 0 -8.87244e-10 78847.8 3965.67 78847.8 0
23.92 0 -3.95831e-10 65920 4052.02 65920 0
23.94 0 1.00788e-10 50799.9 4200.15 50799.9 0
23.96 0 8.43485e-10 33748.1 4393.96 33748.1 0
23.98 0 -6.45841e-10 15176.5 4561.24 15176.5 0
24 0 9.43264e-11 -4278.04 4612.1 -4278.04 0
24.02 0 3.77497e-10 -23734.3 4485.24 -23734.3 0
24.04 0 -1.46083e-10 -42155.9 4177.4 -42155.9 0
24.06 0 2.99627e-10 -58561.9 3739.13 -58561.9 0
24.08 0 -1.851e-10 -72262.7 3242.98 -72262.7 0
24.1 0 2.14175e-10 -82983.9 2750.56 -82983.9 0
24.12 0 -4.67073e-11 -90802.4 2300.19 -90802.4 0
24.14 0 -1.86097e-11 -95934 1913.83 -95934 0
24.16 0 5.15013e-11 -98494.1 1606.41 -98494.1 0
24.18 0 -2.07429e-11 -98374.6 1388.81 -98374.6 0
24.2 0 -3.4664e-10 -95319 1266.67 -95319 0
24.22 0 6.60509e-11 -89127 1235.05 -89127 0
24.24 0 2.21526e-10 -79828.2 1270.01 -79828.2 0
24.26 0 1.35225e-10 -67718 1330.17 -67718 0
24.28 0 5.77189e-11 -53283.5 1376.24 -53283.5 0
24.3 0 -2.80155e-11 -37117.1 1394.54 -37117.1 0
24.32 0 -3.23078e-10 -19880 1404.35 -19880 0
24.34 0 -3.1668e-10 -2301.7 1447.15 -2301.7 0
24.36 0 -1.26377e-10 14858.5 1566.58 14858.5 0
24.38 0 5.03109e-11 30914.8 1786.04 30914.8 0
24.4 0 -2.30206e-11 45367 2092.72 45367 0
24.42 0 -2.28819e-11 57939.8 2437.92 57939.8 0
24.44 0 -4.19142e-10 68521.9 2755.17 68521.9 0
24.46 0 2.37957e-10 77034.4 2986.08 77034.4 0
24.48 0 1.92116e-11 83293.8 3100.95 83293.8 0
24.5 0 7.61507e-11 86967.4 3106.79 86967.4 0
24.52 0 -1.60066e-10 87686.3 3038.9 87686.3 0
24.54 0 -1.06184e-11 85248.7 2938.47 85248.7 0
24.56 0 -5.77024e-10 79747.9 2828.38 79747.9 0
24.58 0 1.03111e-09 71535.3 2704.42 71535.3 0
24.6 0 -4.39593e-10 61095.3 2545.53 61095.3 0
24.62 0 1.30417e-09 48949.1 2331.3 48949.1 0
24.64 0 -3.99021e-10 35616.8 2055.78 35616.8 0
24.66 0 -6.07333e-10 21595.8 1734.74 21595.8 0
24.68 0 -3.02777e-10 7334.52 1403.72 7334.52 0
24.7 0 -2.97938e-10 -6789 1102.31 -6789 0
24.72 0 1.6422e-11 -20465.6 854.554 -20465.6 0
24.74 0 9.32547e-11 -33417.2 663.001 -33417.2 0
24.76 0 -1.3313e-10 -45334.6 516.651 -45334.6 0
24.78 0 -3.31301e-11 -55837.8 401.274 -55837.8 0
24.8 0 1.21276e-11 -64494.6 306.524 -64494.6 0
24.82 0 -2.60347e-10 -70889 232.64 -70889 0
24.84 0 1.88871e-10 -74706.2 195.295 -74706.2 0
24.86 0 1.20726e-10 -75809.4 221.975 -75809.4 0
24.88 0 -5.56418e-10 -74280.7 339.706 -74280.7 0
24.9 0 -6.85985e-10 -70391.5 562.895 -70391.5 0
24.92 0 -3.42372e-10 -64500.8 886.049 -64500.8 0
24.94 0 -8.45234e-10 -56940.1 1278.83 -56940.1 0
24.96 0 2.8004e-10 -47954.8 1687.09 -47954.8 0
24.98 0 -6.66492e-10 -37725.4 2049.74 -37725.4 0
25 0 -1.73412e-10 -26433.8 2325.8 -26433.8 0
25.02 0 1.60131e-10 -14326.6 2510.99 -14326.6 0
25.04 0 -3.69654e-11 -1756.57 2637.38 -1756.57 0
25.06 0 -1.58645e-10 10811.2 2762.24 10811.2 0
25.08 0 6.56531e-11 22838.3 2947.21 22838.3 0
25.1 0 -3.40482e-11 33788.3 3230.24 33788.3 0
25.12 0 2.83836e-10 43201.9 3605.95 43201.9 0
25.14 0 -2.05425e-10 50741.5 4030.14 50741.5 0
25.16 0 -4.24843e-10 56207.7 4443.72 56207.7 0
25.18 0 7.84038e-10 59538.5 4796.64 59538.5 0
25.2 0 -1.02251e-09 60791.5 5059.3 60791.5 0
25.22 0 8.53123e-10 60097.6 5222.81 60097.6 0
25.24 0 -1.30646e-09 57597.2 5294.21 57597.2 0
25.26 0 -4.96546e-10 53389.3 5290.85 53389.3 0
25.28 0 -7.41086e-10 47528.2 5237.28 47528.2 0
25.3 0 1.43147e-09 40082.9 5160.94 40082.9 0
25.32 0 8.74223e-10 31232.5 5078.05 31232.5 0
25.34 0 -8.43875e-10 21329.7 4975.12 21329.7 0
25.36 0 -7.53191e-10 10871.9 4808.15 10871.9 0
25.38 0 -1.02823e-09 401.102 4525.01 401.102 0
25.4 0 -4.17742e-10 -9593.89 4091.16 -9593.89 0
25.42 0 -1.67382e-10 -18721.7 3496.84 -18721.7 0
25.44 0 -2.82826e-10 -26689.6 2752.89 -26689.6 0
25.46 0 4.24062e-10 -33292 1892.52 -33292 0
25.48 0 -1.18369e-10 -38395.1 975.982 -38395.1 0
25.5 0 -1.3295e-11 -41917.7 84.4289 -41917.7 0
25.52 0 -1.39722e-10 -43818.2 -700.304 -43818.2 0
25.54 0 -9.45801e-10 -44097.7 -1316.49 -44097.7 0
25.56 0 -5.65403e-10 -42799.7 -1732.6 -42799.7 0
25.58 0 -3.61398e-10 -39993.5 -1948.13 -39993.5 0
25.6 0 3.9409e-10 -35757.4 -1990.02 -35757.4 0
25.62 0 9.29996e-10 -30196.9 -1903.72 -30196.9 0
25.64 0 4.33952e-11 -23498.4 -1738.2 -23498.4 0
25.66 0 -1.37459e-09 -15970 -1529.11 -15970 0
25.68 0 4.24186e-10 -8017.09 -1285.36 -8017.09 0
25.7 0 2.50531e-10 -55.1114 -983.52 -55.1114 0
25.72 0 4.23341e-10 7589.76 -578.377 7589.76 0
25.74 0 7.40349e-10 14734.4 -31.0268 14734.4 0
25.76 0 -2.03708e-10 21318.5 670.833 21318.5 0
25.78 0 1.5426e-11 27325.5 1516.22 27325.5 0
25.8 0 1.48953e-10 32696 2477.87 32696 0
25.82 0 -1.56556e-10 37282.5 3506.26 37282.5 0
25.84 0 -8.95735e-10 40867 4524.46 40867 0
25.86 0 9.38419e-10 43231 5443.36 43231 0
25.88 0 -1.30169e-09 44241.4 6186.67 44241.4 0
25.9 0 -3.52783e-11 43893.7 6704.06 43893.7 0
25.92 0 -1.11572e-09 42283.6 6972.86 42283.6 0
25.94 0 -1.15004e-09 39533.7 7002.25 39533.7 0
25.96 0 -1.44288e-10 35733.8 6837.97 35733.8 0
25.98 0 -1.38683e-09 30929.3 6554.86 30929.3 0
26 0 -2.24967e-10 25155.1 6235.39 25155.1 0
26.02 0 4.6649e-10 18496.1 5942.68 18496.1 0
26.04 0 -4.05451e-10 11135.6 5693.58 11135.6 0
26.06 0 2.20184e-09 3353.22 5444.21 3353.22 0
26.08 0 5.6868e-10 -4531.59 5106.37 -4531.59 0
26.1 0 2.05809e-10 -12214.1 4597.92 -12214.1 0
26.12 0 -3.36793e-10 -19407.6 3887.66 -19407.6 0
26.14 0 7.58345e-11 -25824.3 3001.02 -25824.3 0
26.16 0 -5.62929e-10 -31198.5 2004.51 -31198.5 0
26.18 0 -1.72434e-11 -35348.1 992.313 -35348.1 0
26.2 0 8.21444e-11 -38214.8 72.2595 -38214.8 0
26.22 0 4.06576e-10 -39850 -658.235 -39850 0
26.24 0 -1.35644e-10 -40359.4 -1133.87 -40359.4 0
26.26 0 2.81139e-10 -39835.7 -1328.75 -39835.7 0
26.28 0 5.04375e-10 -38315.4 -1257.09 -38315.4 0
26.3 0 -3.15163e-11 -35801.9 -974.9 -35801.9 0
26.32 0 -7.52867e-10 -32348.6 -571.931 -32348.6 0
26.34 0 -6.38758e-10 -28127.3 -145.296 -28127.3 0
26.36 0 -1.2146e-10 -23410.2 234.017 -23410.2 0
26.38 0 -9.65982e-10 -18475.2 544.657 -18475.2 0
26.4 0 4.18992e-10 -13508.2 817.768 -13508.2 0
26.42 0 4.93979e-10 -8562.59 1117.99 -8562.59 0
26.44 0 8.15309e-11 -3591.71 1506.56 -3591.71 0
26.46 0 -1.81487e-10 1476.34 2011.68 1476.34 0
26.48 0 -6.61632e-11 6667.21 2626.46 6667.21 0
26.5 0 1.71726e-10 11922.3 3318.35 11922.3 0
26.52 0 -2.6389e-10 17087.8 4031.22 17087.8 0
26.54 0 -2.95355e-10 21916.8 4686.63 21916.8 0
26.56 0 -1.88711e-10 26092.6 5201.11 26092.6 0
26.58 0 3.28437e-11 29291.5 5513.71 29291.5 0
26.6 0 -7.81708e-10 31270.2 5602.82 31270.2 0
26.62 0 -2.72671e-10 31941.3 5485.4 31941.3 0
26.64 0 4.14728e-11 31402.4 5208.29 31402.4 0
26.66 0 2.32506e-09 29897.2 4837.88 29897.2 0
26.68 0 -5.87229e-11 27711.3 4446.43 27711.3 0
26.7 0 1.66645e-09 25046.8 4095.06 25046.8 0
26.72 0 1.57443e-09 21953.8 3816.56 21953.8 0
26.74 0 -2.72609e-10 18366.5 3602.71 18366.5 0
26.76 0 1.63937e-09 14206.2 3404.46 14206.2 0
26.78 0 3.3048e-10 9473.16 3154.44 9473.16 0
26.8 0 -8.81457e-10 4285.61 2796.43 4285.61 0
26.82 0 -1.53727e-10 -1122.3 2300.53 -1122.3 0
26.84 0 4.0909e-10 -6431.94 1667.4 -6431.94 0
26.86 0 8.08577e-11 -11299.6 933.495 -11299.6 0
26.88 0 1.80132e-10 -15432.3 171.919 -15432.3 0
26.9 0 -1.79315e-11 -18653.5 -524.32 -18653.5 0
26.92 0 3.28125e-10 -20932.4 -1070.02 -20932.4 0
26.94 0 -3.18202e-10 -22362.5 -1406.91 -22362.5 0
26.96 0 5.49427e-10 -23092.9 -1509.91 -23092.9 0
26.98 0 5.43825e-10 -23247.9 -1390.2 -23247.9 0
27 0 7.53643e-10 -22879.6 -1096.46 -22879.6 0
27.02 0 2.35854e-10 -21968.9 -705.744 -21968.9 0
27.04 0 1.02244e-11 -20451.8 -302.543 -20451.8 0
27.06 0 -7.86389e-10 -18255 46.0437 -18255 0
27.08 0 2.80285e-10 -15343.1 310.838 -15343.1 0
27.1 0 -1.75431e-10 -11763.1 510.498 -11763.1 0
27.12 0 4.83352e-12 -7657.48 701.211 -7657.48 0
27.14 0 4.4869e-10 -3232.61 945.302 -3232.61 0
27.16 0 -1.8101e-11 1296.66 1287.7 1296.66 0
27.18 0 -9.41923e-11 5763.19 1752.01 5763.19 0
27.2 0 -1.48896e-10 10077.7 2333.6 10077.7 0
27.22 0 -1.60813e-10 14204.4 2985.2 14204.4 0
27.24 0 3.36943e-10 18087.3 3619.84 18087.3 0
27.26 0 -1.25527e-10 21590.3 4143.56 21590.3 0
27.28 0 -2.78559e-12 24512 4491.62 24512 0
27.3 0 -9.17107e-10 26657.1 4642.85 26657.1 0
27.32 0 -6.7677e-10 27893.1 4617.17 27893.1 0
27.34 0 -1.37689e-09 28160.8 4469.14 28160.8 0
27.36 0 8.07947e-10 27466.6 4275.17 27466.6 0
27.38 0 3.29447e-10 25880.7 4110.39 25880.7 0
27.4 0 -1.52504e-09 23528.2 4024.56 23528.2 0
27.42 0 -7.25572e-10 20560.3 4026.77 20560.3 0
27.44 0 7.93586e-10 17121.3 4081.39 17121.3 0
27.46 0 -1.14082e-09 13322.9 4116.84 13322.9 0
27.48 0 7.54169e-10 9232.34 4052.69 9232.34 0
27.5 0 3.67135e-10 4885.45 3831 4885.45 0
27.52 0 -8.80661e-10 328.874 3430.73 328.874 0
27.54 0 3.68347e-11 -4332.13 2868.1 -4332.13 0
27.56 0 -6.87431e-11 -8913.93 2195.38 -8913.93 0
27.58 0 2.7744e-11 -13173.2 1495.73 -13173.2 0
27.6 0 6.93689e-11 -16851.3 862.549 -16851.3 0
27.62 0 1.73586e-11 -19728.8 370.195 -19728.8 0
27.64 0 3.07578e-11 -21675.9 55.1939 -21675.9 0
27.66 0 -2.92751e-10 -22677.6 -85.5872 -22677.6 0
27.68 0 -1.20101e-10 -22818.1 -87.5987 -22818.1 0
27.7 0 5.59335e-10 -22235.6 -6.84393 -22235.6 0
27.72 0 8.39943e-10 -21069.8 96.7069 -21069.8 0
27.74 0 -8.91506e-10 -19419 176.515 -19419 0
27.76 0 -7.34167e-10 -17319.1 211.959 -17319.1 0
27.78 0 -6.08462e-10 -14754.9 215.012 -14754.9 0
27.8 0 4.25926e-10 -11698.5 229.25 -11698.5 0
27.82 0 9.56114e-11 -8148.83 314.521 -8148.83 0
27.84 0 1.17326e-10 -4154.01 523.844 -4154.01 0
27.86 0 2.76805e-11 180.798 887.906 180.798 0
27.88 0 -3.34134e-10 4689.27 1407.79 4689.27 0
27.9 0 5.91384e-10 9151.42 2049.3 9151.42 0
27.92 0 1.28339e-10 13323.2 2743.7 13323.2 0
27.94 0 8.90423e-11 16981.4 3405.25 16981.4 0
27.96 0 -2.61989e-10 19963.1 3959.02 19963.1 0
27.98 0 3.8641e-10 22185.5 4360.18 22185.5 0
28 0 -4.03538e-10 23642.8 4597.91 23642.8 0
28.02 0 8.65128e-10 24383.6 4691.44 24383.6 0
28.04 0 -1.82017e-09 24475.5 4682.49 24475.5 0
28.06 0 7.67958e-10 23972.7 4622.08 23972.7 0
28.08 0 2.14283e-09 22899 4554.09 22899 0
28.1 0 -7.68052e-10 21251.6 4502.32 21251.6 0
28.12 0 2.47173e-09 19019.1 4463.68 19019.1 0
28.14 0 4.11898e-13 16204.8 4407.65 16204.8 0
28.16 0 -4.21974e-10 12847.9 4287.26 12847.9 0
28.18 0 -1.24935e-09 9036.24 4058.66 9036.24 0
28.2 0 3.58873e-10 4907.35 3695.96 4907.35 0
28.22 0 3.42072e-10 638.251 3197.4 638.251 0
28.24 0 -1.95091e-10 -3573.04 2588.84 -3573.04 0
28.26 0 1.57745e-11 -7529.17 1924.33 -7529.17 0
28.28 0 1.43383e-10 -11053.5 1275.72 -11053.5 0
28.3 0 -1.81365e-10 -14005.6 711.988 -14005.6 0
28.32 0 1.89609e-10 -16290.3 281.197 -16290.3 0
28.34 0 -6.52824e-11 -17859.4 3.55698 -17859.4 0
28.36 0 -3.42329e-10 -18705.7 -127.591 -18705.7 0
28.38 0 4.83998e-11 -18851.4 -140.961 -18851.4 0
28.4 0 -1.08781e-09 -18337.3 -77.344