0.02 0 1.2741e-21 -7.93796e-12 -2.83008e-10 -6.75548e-11 2.57393e-21
0.04 0 -1.34512e-21 -7.05715e-11 -2.91113e-09 -6.00588e-10 -1.43482e-22
0.06 0 -2.11877e-21 -3.6873e-10 -1.05531e-08 -3.13802e-09 -4.42382e-21
0.08 0 -1.04392e-20 -1.30504e-09 -1.04042e-08 -1.11063e-08 -2.55131e-20
0.1 0 1.80231e-21 -3.20794e-09 5.0349e-08 -2.73007e-08 -2.1872e-20
0.12 0 -9.1417e-21 -4.31257e-09 2.50362e-07 -3.67015e-08 -4.03401e-20
0.14 0 3.23215e-20 6.639e-09 6.20279e-07 5.65002e-08 2.49559e-20
0.16 0 8.09524e-20 6.35391e-08 1.08749e-06 5.4074e-07 1.88496e-19
0.18 0 -1.16265e-19 2.2634e-07 1.52486e-06 1.92623e-06 -4.63833e-20
0.2 0 -1.00136e-19 5.53361e-07 1.85422e-06 4.70929e-06 -2.48679e-19
0.22 0 2.63866e-19 1.05184e-06 2.08278e-06 8.95151e-06 2.84383e-19
0.24 0 -7.66675e-21 1.65313e-06 2.25152e-06 1.40687e-05 2.68894e-19
0.26 0 -4.24865e-19 2.24796e-06 2.38445e-06 1.9131e-05 -5.89419e-19
0.28 0 2.55861e-19 2.75974e-06 2.49873e-06 2.34863e-05 -7.25283e-20
0.3 0 1.8569e-19 3.18595e-06 2.64169e-06 2.71135e-05 3.02604e-19
0.32 0 -2.53611e-19 3.56152e-06 2.8898e-06 3.03098e-05 -2.09742e-19
0.34 0 4.05728e-19 3.89236e-06 3.2923e-06 3.31253e-05 6.09911e-19
0.36 0 -2.44292e-19 4.15401e-06 3.8041e-06 3.53521e-05 1.16393e-19
0.38 0 1.30337e-19 4.35641e-06 4.27119e-06 3.70746e-05 3.797e-19
0.4 0 -1.72046e-19 4.56957e-06 4.49511e-06 3.88887e-05 3.21324e-20
0.42 0 -2.50808e-19 4.86497e-06 4.34225e-06 4.14026e-05 -4.74551e-19
0.44 0 -1.87915e-19 5.25739e-06 3.82699e-06 4.47423e-05 -8.54178e-19
0.46 0 -6.17406e-20 5.71111e-06 3.11536e-06 4.86035e-05 -9.78907e-19
0.48 0 -1.72705e-20 6.15392e-06 2.44646e-06 5.2372e-05 -1.0138e-18
0.5 0 2.32751e-19 6.45612e-06 2.00318e-06 5.49438e-05 -5.43594e-19
0.52 0 1.2587e-19 6.45599e-06 1.78428e-06 5.49427e-05 -2.89312e-19
0.54 0 -5.11493e-20 6.0954e-06 1.5786e-06 5.1874e-05 -3.92644e-19
0.56 0 -1.5863e-20 5.54432e-06 1.13512e-06 4.71841e-05 -4.2469e-19
0.58 0 1.17745e-19 5.12417e-06 4.38557e-07 4.36084e-05 -1.86822e-19
0.6 0 1.20345e-22 5.03146e-06 -1.92086e-07 4.28195e-05 -1.86579e-19
0.62 0 4.43026e-20 5.10525e-06 -3.40936e-07 4.34475e-05 -9.70791e-20
0.64 0 8.49713e-21 4.90036e-06 1.41041e-07 4.17038e-05 -7.99132e-20
0.66 0 -7.1123e-21 4.0607e-06 1.01368e-06 3.45579e-05 -9.42815e-20
0.68 0 2.3341e-20 2.6474e-06 1.88991e-06 2.25303e-05 -4.71279e-20
0.7 0 -1.6866e-19 1.06113e-06 2.61023e-06 9.03056e-06 -3.87855e-19
0.72 0 -3.03588e-19 -3.59313e-07 3.40204e-06 -3.05788e-06 -1.00116e-18
0.74 0 3.65366e-19 -1.59112e-06 4.66932e-06 -1.3541e-05 -2.6305e-19
0.76 0 -2.26731e-19 -2.78407e-06 6.58187e-06 -2.36934e-05 -7.21093e-19
0.78 0 6.1916e-19 -3.99298e-06 8.82667e-06 -3.39817e-05 5.29735e-19
0.8 0 -2.25327e-19 -5.12986e-06 1.07744e-05 -4.36569e-05 7.45282e-20
0.82 0 -7.22486e-19 -6.08739e-06 1.19645e-05 -5.18058e-05 -1.38504e-18
0.84 0 1.56278e-18 -6.80894e-06 1.25102e-05 -5.79465e-05 1.7721e-18
0.86 0 -1.14382e-18 -7.29645e-06 1.30379e-05 -6.20953e-05 -5.38658e-19
0.88 0 6.87723e-19 -7.64272e-06 1.41373e-05 -6.50422e-05 8.50681e-19
0.9 0 1.67444e-18 -7.98987e-06 1.57496e-05 -6.79966e-05 4.23339e-18
0.92 0 -1.08955e-19 -8.32575e-06 1.70903e-05 -7.08551e-05 4.01328e-18
0.94 0 -1.34459e-18 -8.34974e-06 1.72944e-05 -7.10592e-05 1.29693e-18
0.96 0 -5.17297e-20 -7.69313e-06 1.6241e-05 -6.54712e-05 1.19243e-18
0.98 0 1.06877e-18 -6.33484e-06 1.47413e-05 -5.39117e-05 3.35155e-18
1 0 -4.30493e-19 -4.72373e-06 1.38726e-05 -4.02006e-05 2.48187e-18
1.02 0 -4.39773e-19 -3.42524e-06 1.40994e-05 -2.915e-05 1.59344e-18
1.04 0 1.11355e-18 -2.69043e-06 1.47724e-05 -2.28965e-05 3.84303e-18
1.06 0 -1.31917e-18 -2.44856e-06 1.39461e-05 -2.08381e-05 1.17803e-18
1.08 0 -4.72637e-19 -2.6252e-06 9.05486e-06 -2.23414e-05 2.2321e-19
1.1 0 2.60594e-20 -3.18927e-06 -4.95271e-07 -2.71418e-05 2.75855e-19
1.12 0 -3.55393e-20 -3.8473e-06 -1.09214e-05 -3.27419e-05 2.04059e-19
1.14 0 4.27079e-20 -4.04489e-06 -1.63225e-05 -3.44234e-05 2.90337e-19
1.16 0 -2.36561e-19 -3.479e-06 -1.45761e-05 -2.96075e-05 -1.87564e-19
1.18 0 -1.13662e-18 -2.43466e-06 -9.74561e-06 -2.07198e-05 -2.48378e-18
1.2 0 1.87966e-18 -1.49003e-06 -7.89553e-06 -1.26807e-05 1.31351e-18
1.22 0 -8.60361e-19 -9.65289e-07 -1.11648e-05 -8.21495e-06 -4.24596e-19
1.24 0 1.33273e-19 -7.28596e-07 -1.61818e-05 -6.20061e-06 -1.55357e-19
1.26 0 -2.92999e-20 -5.26794e-07 -1.8141e-05 -4.4832e-06 -2.14549e-19
1.28 0 -4.77663e-19 -3.43015e-07 -1.60978e-05 -2.91918e-06 -1.17952e-18
1.3 0 3.20172e-19 -2.38451e-07 -1.33133e-05 -2.0293e-06 -5.32712e-19
1.32 0 -1.56829e-19 -1.90136e-08 -1.23881e-05 -1.61812e-07 -8.49538e-19
1.34 0 6.74213e-19 5.43979e-07 -1.17562e-05 4.62945e-06 5.12509e-19
1.36 0 2.78655e-19 1.19928e-06 -7.79317e-06 1.02063e-05 1.07545e-18
1.38 0 -4.31105e-19 1.34077e-06 8.6016e-07 1.14104e-05 2.04531e-19
1.4 0 2.18491e-19 7.07669e-07 1.16305e-05 6.02251e-06 6.45927e-19
1.42 0 4.97124e-19 -4.5724e-07 1.92642e-05 -3.89128e-06 1.65022e-18
1.44 0 -8.04054e-19 -2.04655e-06 1.87185e-05 -1.74168e-05 2.58649e-20
1.46 0 2.50868e-19 -4.29472e-06 9.70818e-06 -3.65495e-05 5.3267e-19
1.48 0 -1.31903e-18 -7.00724e-06 -5.14836e-07 -5.96341e-05 -2.13203e-18
1.5 0 2.09595e-19 -9.17372e-06 -2.27561e-06 -7.80715e-05 -1.70861e-18
1.52 0 -1.36922e-18 -9.87992e-06 6.51536e-06 -8.40816e-05 -4.4747e-18
1.54 0 -3.08302e-19 -9.27267e-06 1.79896e-05 -7.89136e-05 -5.09754e-18
1.56 0 1.07646e-18 -8.32529e-06 2.33652e-05 -7.08511e-05 -2.92286e-18
1.58 0 4.65651e-19 -7.98877e-06 2.17066e-05 -6.79872e-05 -1.98216e-18
1.6 0 3.21798e-19 -8.65356e-06 1.84152e-05 -7.36448e-05 -1.33206e-18
1.62 0 -4.90679e-19 -9.9079e-06 1.76292e-05 -8.43197e-05 -2.32333e-18
1.64 0 1.30595e-18 -1.06259e-05 1.80524e-05 -9.04298e-05 3.14954e-19
1.66 0 -1.20812e-18 -9.77138e-06 1.53048e-05 -8.31578e-05 -2.12568e-18
1.68 0 1.46934e-18 -7.42786e-06 7.26224e-06 -6.32136e-05 8.42676e-19
1.7 0 2.68452e-20 -4.82535e-06 -2.83769e-06 -4.10654e-05 8.96909e-19
1.72 0 -2.87211e-19 -3.18807e-06 -8.71342e-06 -2.71316e-05 3.16684e-19
1.74 0 -3.72988e-20 -2.63325e-06 -6.99744e-06 -2.24098e-05 2.41333e-19
1.76 0 3.4217e-19 -2.14016e-06 -7.75511e-07 -1.82135e-05 9.32586e-19
1.78 0 6.2188e-19 -4.7826e-07 3.22531e-06 -4.07016e-06 2.18891e-18
1.8 0 -9.2332e-19 2.61649e-06 7.20422e-07 2.22672e-05 3.23617e-19
1.82 0 -6.47965e-20 5.95019e-06 -7.05689e-06 5.06382e-05 1.92715e-19
1.84 0 -9.06868e-19 7.83883e-06 -1.54036e-05 6.67112e-05 -1.63934e-18
1.86 0 1.44485e-18 7.93001e-06 -2.02134e-05 6.74871e-05 1.27954e-18
1.88 0 -1.4996e-18 7.82122e-06 -2.05406e-05 6.65613e-05 -1.74995e-18
1.9 0 1.67879e-18 9.44781e-06 -1.85501e-05 8.04042e-05 1.64155e-18
1.92 0 -2.0246e-18 1.29515e-05 -1.73565e-05 0.000110222 -2.44855e-18
1.94 0 3.87967e-18 1.64262e-05 -1.83849e-05 0.000139793 5.38918e-18
1.96 0 -2.46101e-18 1.76887e-05 -2.05833e-05 0.000150537 4.17434e-19
1.98 0 3.1635e-18 1.61671e-05 -2.2139e-05 0.000137587 6.80834e-18
2 0 -1.69851e-18 1.32623e-05 -2.2532e-05 0.000112867 3.37702e-18
2.02 0 -1.8077e-18 1.1063e-05 -2.26919e-05 9.41501e-05 -2.74896e-19
2.04 0 5.07231e-19 1.05109e-05 -2.35628e-05 8.94517e-05 7.49812e-19
2.06 0 -1.74299e-18 1.05402e-05 -2.48542e-05 8.97009e-05 -2.77137e-18
2.08 0 1.31109e-18 9.04616e-06 -2.50298e-05 7.6986e-05 -1.22708e-19
2.1 0 1.33533e-18 4.88325e-06 -2.24129e-05 4.15582e-05 2.57493e-18
2.12 0 -1.45858e-19 -1.01767e-06 -1.65598e-05 -8.66071e-06 2.28027e-18
2.14 0 5.99243e-21 -6.46427e-06 -8.68888e-06 -5.50132e-05 2.29237e-18
2.16 0 -2.88815e-19 -9.87411e-06 -5.89177e-07 -8.40321e-05 1.70891e-18
2.18 0 -3.04081e-19 -1.14391e-05 6.92266e-06 -9.7351e-05 1.0946e-18
2.2 0 -8.41504e-20 -1.26259e-05 1.42347e-05 -0.000107451 9.24604e-19
2.22 0 8.04095e-19 -1.45846e-05 2.16651e-05 -0.00012412 2.54904e-18
2.24 0 -2.08281e-18 -1.70175e-05 2.83893e-05 -0.000144825 -1.65866e-18
2.26 0 1.96969e-19 -1.85861e-05 3.29506e-05 -0.000158174 -1.26075e-18
2.28 0 3.32251e-18 -1.83338e-05 3.47889e-05 -0.000156027 5.45139e-18
2.3 0 -3.19003e-18 -1.66308e-05 3.50759e-05 -0.000141534 -9.93119e-19
2.32 0 3.80222e-19 -1.48458e-05 3.57922e-05 -0.000126343 -2.24993e-19
2.34 0 -4.52185e-18 -1.42024e-05 3.7807e-05 -0.000120867 -9.36005e-18
2.36 0 6.60794e-19 -1.47801e-05 4.00097e-05 -0.000125784 -8.02512e-18
2.38 0 -7.97057e-19 -1.54197e-05 4.04169e-05 -0.000131227 -9.63533e-18
2.4 0 4.5593e-19 -1.46958e-05 3.77798e-05 -0.000125067 -8.71426e-18
2.42 0 -3.65109e-19 -1.21918e-05 3.20654e-05 -0.000103757 -9.45186e-18
2.44 0 4.06266e-18 -8.87648e-06 2.41254e-05 -7.5542e-05 -1.24445e-18
2.46 0 2.4652e-19 -6.19117e-06 1.53299e-05 -5.2689e-05 -7.46434e-19
2.48 0 6.91005e-19 -4.77769e-06 6.93035e-06 -4.06598e-05 6.49535e-19
2.5 0 -7.86593e-19 -4.07958e-06 -7.48886e-07 -3.47187e-05 -9.39543e-19
2.52 0 1.03594e-18 -3.02986e-06 -8.24592e-06 -2.57852e-05 1.15327e-18
2.54 0 -4.37942e-19 -9.8669e-07 -1.58574e-05 -8.39708e-06 2.68538e-19
2.56 0 -1.80988e-18 1.86368e-06 -2.28156e-05 1.58605e-05 -3.38778e-18
2.58 0 2.49687e-18 4.7351e-06 -2.78411e-05 4.02974e-05 1.65641e-18
2.6 0 -2.59897e-18 6.85042e-06 -3.06258e-05 5.82995e-05 -3.59404e-18
2.62 0 -2.48174e-19 8.04462e-06 -3.25687e-05 6.84625e-05 -4.0954e-18
2.64 0 4.00608e-18 8.82425e-06 -3.54708e-05 7.50975e-05 3.99768e-18
2.66 0 4.11949e-19 9.71508e-06 -3.92753e-05 8.26787e-05 4.8299e-18
2.68 0 -2.14133e-18 1.05305e-05 -4.17325e-05 8.9618e-05 5.03994e-19
2.7 0 -3.32522e-20 1.03672e-05 -4.07653e-05 8.82285e-05 4.36818e-19
2.72 0 1.44676e-18 8.4277e-06 -3.65843e-05 7.17227e-05 3.35956e-18
2.74 0 1.48954e-18 4.98347e-06 -3.08997e-05 4.2411e-05 6.36873e-18
2.76 0 -3.1156e-18 1.52424e-06 -2.45969e-05 1.29718e-05 7.4595e-20
2.78 0 6.933e-19 -3.29382e-07 -1.69731e-05 -2.80316e-06 1.4752e-18
2.8 0 1.49815e-19 -3.11975e-07 -7.14971e-06 -2.65501e-06 1.77786e-18
2.82 0 -6.39026e-19 2.00123e-07 4.31631e-06 1.70312e-06 4.86897e-19
2.84 0 7.69076e-19 -4.00064e-07 1.55071e-05 -3.40468e-06 2.04059e-18
2.86 0 -1.85537e-18 -2.37833e-06 2.49995e-05 -2.02404e-05 -1.70763e-18
2.88 0 3.47001e-18 -4.72796e-06 3.36437e-05 -4.02366e-05 5.30249e-18
2.9 0 -7.07917e-19 -6.56632e-06 4.39387e-05 -5.58817e-05 3.87235e-18
2.92 0 3.3182e-18 -7.92271e-06 5.70927e-05 -6.7425e-05 1.05758e-17
2.94 0 -3.24469e-18 -9.07837e-06 7.08654e-05 -7.72601e-05 4.02085e-18
2.96 0 -2.44268e-18 -9.6611e-06 8.07012e-05 -8.22193e-05 -9.1387e-19
2.98 0 3.68732e-19 -8.79808e-06 8.31129e-05 -7.48748e-05 -1.68956e-19
3 0 1.77608e-18 -6.06562e-06 7.83593e-05 -5.16205e-05 3.41907e-18
3.02 0 -4.16086e-18 -2.09796e-06 7.0427e-05 -1.78543e-05 -4.9867e-18
3.04 0 5.19283e-18 1.7151e-06 6.41329e-05 1.45961e-05 5.50387e-18
3.06 0 2.06411e-18 4.15145e-06 6.11994e-05 3.53303e-05 9.67379e-18
3.08 0 -6.3863e-18 5.03647e-06 5.87531e-05 4.28621e-05 -3.22783e-18
3.1 0 -1.40063e-18 5.39111e-06 5.2167e-05 4.58802e-05 -6.05738e-18
3.12 0 -5.59609e-19 6.55236e-06 3.96953e-05 5.57628e-05 -7.1879e-18
3.14 0 1.21973e-18 8.93987e-06 2.41619e-05 7.60814e-05 -4.7238e-18
3.16 0 1.40226e-18 1.17946e-05 1.01107e-05 0.000100376 -1.89095e-18
3.18 0 7.53472e-19 1.4289e-05 -5.20409e-07 0.000121604 -3.6878e-19
3.2 0 2.49597e-18 1.66056e-05 -1.00435e-05 0.000141319 4.67358e-18
3.22 0 -4.75315e-18 1.94525e-05 -2.2555e-05 0.000165548 -4.92874e-18
3.24 0 -4.11466e-18 2.26657e-05 -3.95902e-05 0.000192893 -1.32412e-17
3.26 0 2.30656e-18 2.49779e-05 -5.80336e-05 0.00021257 -8.58146e-18
3.28 0 2.1733e-18 2.53795e-05 -7.26365e-05 0.000215988 -4.19095e-18
3.3 0 -1.34119e-18 2.4178e-05 -8.07386e-05 0.000205763 -6.90044e-18
3.32 0 4.59634e-18 2.24268e-05 -8.41534e-05 0.00019086 2.3851e-18
3.34 0 -4.13926e-18 2.07374e-05 -8.647e-05 0.000176482 -5.97703e-18
3.36 0 1.17049e-18 1.89737e-05 -8.92534e-05 0.000161472 -3.61241e-18
3.38 0 2.33066e-18 1.6793e-05 -9.10513e-05 0.000142914 1.09601e-18
3.4 0 1.30985e-18 1.41084e-05 -8.92065e-05 0.000120067 3.74216e-18
3.42 0 4.47309e-18 1.10401e-05 -8.19916e-05 9.39548e-05 1.27787e-17
3.44 0 -6.17943e-18 7.55205e-06 -6.95479e-05 6.42706e-05 2.95008e-19
3.46 0 1.64141e-18 3.24083e-06 -5.36478e-05 2.75806e-05 3.61099e-18
3.48 0 -7.42891e-19 -2.331e-06 -3.66403e-05 -1.98376e-05 2.1102e-18
3.5 0 -3.62808e-19 -8.9952e-06 -2.01044e-05 -7.65523e-05 1.37726e-18
3.52 0 -1.13822e-18 -1.58084e-05 -4.16681e-06 -0.000134535 -9.22167e-19
3.54 0 8.85671e-19 -2.16336e-05 1.19892e-05 -0.000184109 8.67068e-19
3.56 0 3.17834e-18 -2.58665e-05 2.90516e-05 -0.000220133 7.28795e-18
3.58 0 9.66051e-19 -2.86866e-05 4.6876e-05 -0.000244133 9.23957e-18
3.6 0 2.12195e-18 -3.081e-05 6.43041e-05 -0.000262204 1.35263e-17
3.62 0 -6.82355e-18 -3.29435e-05 7.93169e-05 -0.000280361 -2.58596e-19
3.64 0 -8.3092e-18 -3.5143e-05 8.97883e-05 -0.00029908 -1.70449e-17
3.66 0 1.7016e-17 -3.66017e-05 9.49242e-05 -0.000311493 1.73309e-17
3.68 0 -8.95405e-18 -3.63948e-05 9.62592e-05 -0.000309732 -7.58034e-19
3.7 0 4.91132e-18 -3.46593e-05 9.67013e-05 -0.000294963 9.16382e-18
3.72 0 7.29809e-18 -3.27462e-05 9.79628e-05 -0.000278681 2.39074e-17
3.74 0 -8.446e-18 -3.18139e-05 9.89386e-05 -0.000270747 6.84482e-18
3.76 0 -6.00664e-18 -3.1354e-05 9.68484e-05 -0.000266834 -5.2898e-18
3.78 0 -1.74935e-18 -2.94677e-05 8.97144e-05 -0.00025078 -8.82385e-18
3.8 0 1.85714e-18 -2.46513e-05 7.74753e-05 -0.000209791 -5.07205e-18
3.82 0 3.9214e-19 -1.71283e-05 6.13336e-05 -0.000145768 -4.27985e-18
3.84 0 6.91872e-18 -8.52746e-06 4.2847e-05 -7.25717e-05 9.69736e-18
3.86 0 -5.3333e-20 -5.77563e-07 2.33811e-05 -4.91526e-06 9.58962e-18
3.88 0 -1.6392e-18 5.94512e-06 3.6644e-06 5.0595e-05 6.27809e-18
3.9 0 -1.21241e-18 1.14772e-05 -1.60843e-05 9.76746e-05 3.82877e-18
3.92 0 -1.5703e-18 1.71141e-05 -3.5226e-05 0.000145647 6.56449e-19
3.94 0 5.80587e-18 2.34682e-05 -5.23409e-05 0.000199723 1.23855e-17
3.96 0 -5.12739e-18 2.97615e-05 -6.63867e-05 0.000253281 2.0271e-18
3.98 0 -1.09474e-17 3.41741e-05 -7.78633e-05 0.000290833 -2.00889e-17
4 0 1.16089e-17 3.5317e-05 -8.81422e-05 0.00030056 3.36342e-18
4.02 0 1.08742e-18 3.33749e-05 -9.76214e-05 0.000284032 5.56022e-18
4.04 0 -5.67255e-19 2.97957e-05 -0.000104772 0.000253571 4.41425e-18
4.06 0 -5.12508e-18 2.59587e-05 -0.000106825 0.000220917 -5.93945e-18
4.08 0 1.30151e-17 2.21553e-05 -0.000101329 0.000188549 2.03537e-17
4.1 0 8.51757e-19 1.77819e-05 -8.75599e-05 0.00015133 2.20744e-17
4.12 0 -1.3056e-20 1.24509e-05 -6.69566e-05 0.000105962 2.2048e-17
4.14 0 -8.56984e-18 6.74781e-06 -4.22267e-05 5.74262e-05 4.73523e-18
4.16 0 -9.58964e-19 1.74682e-06 -1.5921e-05 1.4866e-05 2.79793e-18
4.18 0 4.58375e-19 -2.00908e-06 1.01952e-05 -1.7098e-05 3.72394e-18
4.2 0 -1.90414e-18 -4.70879e-06 3.48745e-05 -4.00734e-05 -1.22804e-19
4.22 0 -4.0876e-18 -6.6682e-06 5.7244e-05 -5.67487e-05 -8.38058e-18
4.24 0 2.04657e-19 -8.1063e-06 7.70515e-05 -6.89874e-05 -7.96713e-18
4.26 0 2.01772e-18 -9.52138e-06 9.45418e-05 -8.10302e-05 -3.89093e-18
4.28 0 2.70152e-18 -1.16249e-05 0.000109899 -9.89317e-05 1.56669e-18
4.3 0 3.51599e-18 -1.45945e-05 0.000123052 -0.000124205 8.6697e-18
4.32 0 3.05569e-18 -1.77744e-05 0.000133785 -0.000151266 1.48428e-17
4.34 0 5.23347e-18 -2.03173e-05 0.000141357 -0.000172907 2.54155e-17
4.36 0 -1.23401e-17 -2.18396e-05 0.000144044 -0.000185863 4.86041e-19
4.38 0 9.31559e-18 -2.24218e-05 0.000139912 -0.000190817 1.93054e-17
4.4 0 -8.36006e-18 -2.23119e-05 0.000128417 -0.000189882 2.41641e-18
4.42 0 3.6097e-18 -2.15773e-05 0.000110987 -0.00018363 9.70873e-18
4.44 0 1.21969e-17 -1.96252e-05 9.00621e-05 -0.000167017 3.4349e-17
4.46 0 -5.33545e-18 -1.50734e-05 6.79022e-05 -0.00012828 2.35703e-17
4.48 0 -9.91638e-18 -6.55549e-06 4.61234e-05 -5.57895e-05 3.53717e-18
4.5 0 1.36948e-18 6.0336e-06 2.5556e-05 5.1348e-05 6.30379e-18
4.52 0 1.19656e-19 2.10481e-05 5.80541e-06 0.000179126 6.54552e-18
4.54 0 -1.58904e-18 3.58833e-05 -1.5029e-05 0.00030538 3.33533e-18
4.56 0 -4.32821e-19 4.84368e-05 -3.93417e-05 0.000412214 2.46095e-18
4.58 0 -3.64363e-18 5.81584e-05 -6.79553e-05 0.000494949 -4.89992e-18
4.6 0 -2.94641e-18 6.59857e-05 -9.91812e-05 0.000561562 -1.08523e-17
4.62 0 2.59516e-21 7.32124e-05 -0.000130332 0.000623063 -1.0847e-17
4.64 0 -8.0302e-18 8.01139e-05 -0.000159943 0.000681797 -2.70696e-17
4.66 0 -4.57386e-18 8.55352e-05 -0.000187982 0.000727935 -3.63098e-17
4.68 0 -1.27367e-17 8.78813e-05 -0.000213786 0.0007479 -5.95134e-18
4.7 0 4.4631e-18 8.63824e-05 -0.0002343 0.000735144 1.77241e-17
4.72 0 -1.31904e-17 8.12068e-05 -0.000245267 0.000691098 -7.39979e-18
4.74 0 -3.37516e-18 7.26157e-05 -0.000244838 0.000617985 -1.42183e-17
4.76 0 -1.54653e-17 6.04773e-05 -0.000235747 0.000514683 -4.54613e-17
4.78 0 1.04493e-17 4.45727e-05 -0.000223119 0.000379329 -2.43516e-17
4.8 0 8.50109e-18 2.51067e-05 -0.00020993 0.000213667 -7.17764e-18
4.82 0 7.37802e-18 3.08483e-06 -0.000194953 2.6253e-05 7.72745e-18
4.84 0 -1.43131e-17 -1.95331e-05 -0.000175041 -0.000166233 -2.11879e-17
4.86 0 3.85577e-18 -4.03003e-05 -0.000148903 -0.000342969 -1.33985e-17
4.88 0 2.36357e-18 -5.74106e-05 -0.000118408 -0.000488584 -8.62362e-18
4.9 0 -3.03304e-18 -7.06311e-05 -8.64485e-05 -0.000601096 -1.4751e-17
4.92 0 4.65183e-18 -8.13424e-05 -5.40672e-05 -0.000692253 -3.02531e-19
4.94 0 -2.52746e-19 -9.19094e-05 -2.01889e-05 -0.000782181 -1.07438e-18
4.96 0 8.2207e-19 -0.000104696 1.57544e-05 -0.000890998 3.2162e-18
4.98 0 -1.43485e-18 -0.000120719 5.15355e-05 -0.00102736 -1.9356e-17
5 0 8.881e-18 -0.000138559 8.3048e-05 -0.00117918 1.47289e-17
5.02 0 -1.04082e-17 -0.000154714 0.000107486 -0.00131667 -8.84108e-18
5.04 0 1.80141e-17 -0.000165532 0.000125388 -0.00140874 2.65967e-17
5.06 0 3.1845e-18 -0.000169138 0.000139774 -0.00143942 8.88302e-18
5.08 0 3.33284e-17 -0.00016588 0.000153644 -0.0014117 4.30662e-17
5.1 0 2.98573e-19 -0.0001573 0.000168127 -0.00133868 1.17635e-17
5.12 0 -1.91514e-17 -0.000144672 0.000182441 -0.00123121 -4.65524e-17
5.14 0 1.92262e-17 -0.000128056 0.000195281 -0.0010898 1.55858e-17
5.16 0 -9.33582e-18 -0.000106435 0.000206002 -0.000905796 -3.27443e-18
5.18 0 4.91364e-18 -7.87614e-05 0.000214102 -0.000670287 6.65212e-18
5.2 0 -2.12142e-17 -4.49176e-05 0.000217586 -0.000382264 -3.62048e-17
5.22 0 3.75194e-17 -5.53084e-06 0.000212753 -4.70693e-05 3.9592e-17
5.24 0 -2.17761e-17 3.8984e-05 0.000196512 0.000331768 1.77787e-17
5.26 0 -3.80147e-18 8.85899e-05 0.000169025 0.000753931 1.87535e-17
5.28 0 -2.68401e-18 0.00014213 0.000133771 0.00120958 -8.46708e-18
5.3 0 5.38684e-18 0.000195415 9.49954e-05 0.00166305 8.6889e-18
5.32 0 -3.3087e-18 0.000241269 5.48477e-05 0.00205329 -3.70018e-19
5.34 0 1.08863e-18 0.000272456 1.19841e-05 0.0023187 4.96093e-18
5.36 0 -3.19279e-18 0.000285394 -3.76544e-05 0.0024288 1.67998e-19
5.38 0 -1.06104e-17 0.000281525 -9.77068e-05 0.00239588 -1.5421e-17
5.4 0 -2.10063e-17 0.000265438 -0.000167277 0.00225897 -4.52471e-17
5.42 0 -1.9666e-17 0.000241833 -0.000239247 0.00205809 -3.19817e-17
5.44 0 1.7578e-17 0.000214375 -0.000303247 0.0018244 -1.24196e-17
5.46 0 4.56901e-17 0.000187242 -0.000350874 0.0015935 1.20214e-16
5.48 0 -7.15985e-17 0.000165699 -0.000378318 0.00141016 5.30572e-19
5.5 0 1.5915e-17 0.000151813 -0.000384961 0.00129198 6.67331e-17
5.52 0 -3.14568e-18 0.000139707 -0.000371029 0.00118896 2.14514e-17
5.54 0 4.86561e-18 0.000118448 -0.000337194 0.00100804 3.3179e-18
5.56 0 -3.14955e-17 8.11732e-05 -0.000285682 0.000690812 -2.33161e-17
5.58 0 1.61761e-17 3.02216e-05 -0.000220705 0.000257196 2.17774e-17
5.6 0 7.93912e-18 -2.63281e-05 -0.000147197 -0.000224061 1.1021e-17
5.62 0 -9.71495e-18 -8.03024e-05 -6.90854e-05 -0.000683401 -4.08574e-18
5.64 0 2.68498e-19 -0.00012502 1.04985e-05 -0.00106397 9.27837e-19
5.66 0 3.48945e-18 -0.000155044 8.67535e-05 -0.00131948 5.35212e-18
5.68 0 -1.07043e-17 -0.000168131 0.000152044 -0.00143086 -2.80954e-17
5.7 0 1.1642e-17 -0.000167574 0.000199182 -0.00142611 1.2967e-17
5.72 0 -1.66795e-17 -0.000160962 0.00022631 -0.00136984 3.70414e-18
5.74 0 2.00592e-17 -0.000155766 0.000237433 -0.00132562 1.26629e-17
5.76 0 -3.51575e-18 -0.000155626 0.000237658 -0.00132443 4.29714e-17
5.78 0 1.99486e-17 -0.000159877 0.000228245 -0.00136061 -1.53389e-17
5.8 0 -2.6384e-17 -0.000165646 0.000205837 -0.00140971 1.93441e-18
5.82 0 7.37631e-18 -0.00017024 0.000165558 -0.0014488 2.22255e-17
5.84 0 -7.34485e-18 -0.000171963 0.000105029 -0.00146346 7.38741e-18
5.86 0 3.82663e-18 -0.000169327 2.67931e-05 -0.00144103 1.5118e-17
5.88 0 -3.93168e-18 -0.000160477 -6.203e-05 -0.00136571 7.1752e-18
5.9 0 -1.19938e-17 -0.000144435 -0.000152536 -0.00122919 -1.70547e-17
5.92 0 1.55379e-17 -0.000122971 -0.000237302 -0.00104653 -2.24253e-17
5.94 0 1.58643e-17 -0.000100243 -0.0003115 -0.000853106 -2.07831e-17
5.96 0 -3.85967e-17 -7.98317e-05 -0.000371376 -0.000679396 -2.73826e-17
5.98 0 -4.45844e-17 -6.19534e-05 -0.000412806 -0.000527245 -5.43509e-17
6 0 2.26871e-17 -4.29244e-05 -0.00043209 -0.000365301 3.09379e-17
6.02 0 4.35002e-17 -1.64718e-05 -0.000427371 -0.000140181 8.4631e-17
6.04 0 -2.66673e-17 2.35386e-05 -0.000398671 0.000200322 8.50866e-17
6.06 0 -1.37397e-17 7.88018e-05 -0.000347999 0.000670631 -2.94701e-17
6.08 0 1.85578e-18 0.000142466 -0.000280389 0.00121243 4.88845e-18
6.1 0 -1.01627e-17 0.000199219 -0.000202851 0.00169542 -4.77122e-18
6.12 0 2.21525e-18 0.000231976 -0.000120575 0.00197419 2.15425e-17
6.14 0 -2.38901e-18 0.00023224 -3.55976e-05 0.00197644 6.05252e-18
6.16 0 2.66745e-18 0.000206726 5.0581e-05 0.00175931 1.89962e-20
6.18 0 -2.36533e-19 0.000174085 0.000137309 0.00148153 2.37923e-17
6.2 0 3.55565e-18 0.00015295 0.000230354 0.00130166 -2.48187e-19
6.22 0 1.16331e-17 0.000150216 0.000342631 0.00127839 7.33898e-17
6.24 0 -3.31745e-17 0.000158913 0.000482581 0.00135241 -1.04646e-16
6.26 0 1.04673e-16 0.000165726 0.000639858 0.00141038 3.64682e-17
6.28 0 7.43004e-17 0.000159607 0.000781155 0.00135831 -1.00082e-17
6.3 0 2.82863e-17 0.000134714 0.000863048 0.00114646 3.0847e-17
6.32 0 2.08163e-17 8.88818e-05 0.000857708 0.000756415 -3.97287e-17
6.34 0 -4.86215e-18 2.28805e-05 0.000778554 0.000194721 -9.92507e-17
6.36 0 -1.18513e-17 -5.76945e-05 0.0006806 -0.000491 -2.34463e-16
6.38 0 2.76286e-17 -0.000142005 0.000616527 -0.00120851 -6.6061e-18
6.4 0 -9.11159e-18 -0.000216785 0.000593008 -0.00184492 -1.51771e-16
6.42 0 -5.45201e-17 -0.000270356 0.0005811 -0.00230083 -2.37295e-17
6.44 0 9.91877e-17 -0.000297063 0.000560133 -0.00252811 1.35908e-17
6.46 0 9.86861e-17 -0.000299518 0.000541575 -0.002549 2.35116e-16
6.48 0 -1.32441e-16 -0.000286431 0.000536108 -0.00243763 -6.84179e-17
6.5 0 1.5006e-17 -0.000267197 0.000507129 -0.00227394 3.28072e-18
6.52 0 -2.13386e-17 -0.000247258 0.000393892 -0.00210425 -1.58757e-16
6.54 0 2.42819e-17 -0.000228011 0.000175963 -0.00194045 -9.06056e-17
6.56 0 2.21525e-17 -0.000209533 -0.000100863 -0.0017832 1.22143e-17
6.58 0 -7.61685e-18 -0.0001928 -0.000353928 -0.0016408 1.22112e-17
6.6 0 3.45335e-18 -0.000178319 -0.000519107 -0.00151755 -1.32679e-17
6.62 0 1.69514e-17 -0.000161279 -0.000588654 -0.00137254 -8.32005e-18
6.64 0 1.35404e-17 -0.000131602 -0.00059834 -0.00111998 4.32779e-17
6.66 0 -2.33017e-17 -8.32961e-05 -0.000582869 -0.000708879 1.47835e-17
6.68 0 1.95799e-18 -2.31032e-05 -0.000553397 -0.000196616 -3.12422e-17
6.7 0 -3.13586e-17 3.37255e-05 -0.000511021 0.000287015 2.37867e-18
6.72 0 3.46136e-17 7.65921e-05 -0.000465115 0.000651826 -1.58335e-16
6.74 0 -2.95169e-18 0.000105906 -0.000435202 0.000901296 -1.08292e-17
6.76 0 -9.96324e-17 0.000127473 -0.000440012 0.00108484 -1.21141e-16
6.78 0 -5.2988e-17 0.000145322 -0.00048513 0.00123674 -3.04013e-17
6.8 0 -5.75113e-17 0.000160838 -0.000559084 0.00136879 -4.19169e-17
6.82 0 1.55008e-17 0.000175105 -0.000638386 0.0014902 -1.00519e-16
6.84 0 2.17862e-17 0.000189675 -0.000692272 0.0016142 -1.40313e-16
6.86 0 4.61238e-17 0.000205511 -0.000692416 0.00174897 -1.11249e-16
6.88 0 -1.02177e-17 0.000222194 -0.000626835 0.00189094 -1.95899e-16
6.9 0 -1.64922e-18 0.000238049 -0.000500845 0.00202588 -5.71231e-17
6.92 0 2.68342e-17 0.000249307 -0.000336046 0.00212169 4.57278e-17
6.94 0 -3.91755e-17 0.000251126 -0.000163304 0.00213717 -3.10164e-17
6.96 0 9.0755e-18 0.00024157 -8.4306e-06 0.00205584 -1.15802e-16
6.98 0 -2.63205e-17 0.000224001 0.00011554 0.00190632 -6.20011e-17
7 0 8.54723e-18 0.000204865 0.000210802 0.00174348 -1.68955e-17
7.02 0 2.86084e-18 0.000187398 0.000288072 0.00159483 -4.69065e-18
7.04 0 -1.73932e-18 0.000168098 0.000354531 0.00143058 4.18016e-18
7.06 0 -6.95066e-18 0.000139741 0.000408647 0.00118924 -1.64379e-17
7.08 0 1.87319e-17 9.64501e-05 0.000446267 0.000820824 4.31273e-17
7.1 0 -3.98337e-17 3.81231e-05 0.000467266 0.000324441 -3.4448e-17
7.12 0 1.32135e-17 -2.80105e-05 0.000475223 -0.000238379 -7.72185e-17
7.14 0 2.62212e-17 -9.16319e-05 0.000474434 -0.000779819 -2.57877e-17
7.16 0 -6.23542e-18 -0.000145098 0.000468531 -0.00123483 -2.90738e-17
7.18 0 -8.41997e-18 -0.000184844 0.000459292 -0.00157309 -1.15524e-16
7.2 0 1.74004e-17 -0.000209342 0.000446611 -0.00178158 -2.98374e-17
7.22 0 -4.56252e-17 -0.000217535 0.000431723 -0.00185129 -3.71651e-17
7.24 0 -2.88231e-18 -0.000209345 0.000416176 -0.0017816 2.37315e-17
7.26 0 2.90437e-17 -0.000187558 0.000393784 -0.00159618 -1.38782e-17
7.28 0 2.27768e-18 -0.000159126 0.000347863 -0.00135422 -3.97919e-18
7.3 0 2.22387e-17 -0.000133948 0.000260911 -0.00113994 4.88079e-17
7.32 0 -4.89947e-18 -0.000121138 0.00012935 -0.00103092 5.94245e-17
7.34 0 -3.55739e-18 -0.000124778 -3.09288e-05 -0.0010619 2.62723e-17
7.36 0 -1.6476e-18 -0.000141802 -0.000193793 -0.00120678 1.06116e-17
7.38 0 1.15712e-17 -0.000163499 -0.000336059 -0.00139143 8.56934e-17
7.4 0 -2.3907e-17 -0.000178983 -0.00044268 -0.00152321 1.1304e-17
7.42 0 3.16535e-17 -0.000179012 -0.000506304 -0.00152346 5.06069e-17
7.44 0 7.25911e-18 -0.000159492 -0.000528171 -0.00135734 9.9843e-17
7.46 0 -1.17455e-17 -0.000122454 -0.000517755 -0.00104213 1.44929e-17
7.48 0 3.78615e-17 -7.35193e-05 -0.000487355 -0.000625675 5.91586e-17
7.5 0 4.04789e-17 -1.89047e-05 -0.000446586 -0.000160885 5.74151e-17
7.52 0 -5.81561e-18 3.53953e-05 -0.000402538 0.000301227 -3.49918e-19
7.54 0 3.71584e-17 8.37899e-05 -0.000362651 0.000713081 8.88641e-18
7.56 0 3.64187e-17 0.000122502 -0.000334531 0.00104253 7.76356e-17
7.58 0 -6.04471e-18 0.00015071 -0.000321795 0.00128259 -3.21246e-17
7.6 0 -3.17708e-17 0.000169574 -0.000317711 0.00144313 8.81148e-18
7.62 0 1.81945e-17 0.000180382 -0.000301317 0.00153511 -1.7739e-17
7.64 0 4.52134e-18 0.000184059 -0.000245797 0.0015664 2.43232e-17
7.66 0 7.81969e-18 0.000182071 -0.000139401 0.00154949 1.71367e-17
7.68 0 -8.67351e-19 0.000176913 1.5017e-06 0.00150559 8.281e-18
7.7 0 1.31176e-17 0.000171339 0.000144418 0.00145816 -9.39446e-18
7.72 0 -9.79082e-18 0.000166693 0.000264765 0.00141861 6.69617e-18
7.74 0 8.74425e-18 0.000160769 0.000355378 0.0013682 -1.67847e-17
7.76 0 6.2266e-18 0.00014773 0.000417586 0.00125724 -4.88701e-17
7.78 0 3.70667e-18 0.000121489 0.000451549 0.00103392 -2.02616e-17
7.8 0 3.11481e-17 7.97779e-05 0.000456564 0.000678938 1.30134e-16
7.82 0 -9.49385e-17 2.60155e-05 0.000435816 0.000221401 -2.83935e-17
7.84 0 4.62203e-17 -3.2257e-05 0.000398107 -0.000274518 4.34517e-17
7.86 0 -3.68345e-17 -8.71605e-05 0.000355968 -0.000741767 9.48939e-18
7.88 0 -2.33012e-17 -0.000132834 0.000322177 -0.00113047 -4.96501e-17
7.9 0 1.5309e-17 -0.000165651 0.000305194 -0.00140975 7.65028e-18
7.92 0 2.76454e-17 -0.000184855 0.000305474 -0.00157318 -7.46468e-18
7.94 0 -4.74177e-17 -0.000193151 0.00031402 -0.00164378 -5.31208e-17
7.96 0 1.58143e-17 -0.000194803 0.000311943 -0.00165784 -5.36257e-17
7.98 0 3.38023e-17 -0.000192651 0.000274151 -0.00163953 3.76605e-17
8 0 -3.66613e-17 -0.000187631 0.000183602 -0.0015968 -2.01695e-17
8.02 0 2.03973e-18 -0.000180836 4.83458e-05 -0.00153898 1.42399e-17
8.04 0 -1.34041e-18 -0.000174569 -9.97299e-05 -0.00148565 -1.8553e-18
8.06 0 -5.5413e-18 -0.000170663 -0.000227093 -0.0014524 -4.5383e-17
8.08 0 -3.88988e-18 -0.00016826 -0.000318192 -0.00143195 -5.77575e-17
8.1 0 1.43481e-17 -0.0001632 -0.000374982 -0.00138889 -2.30737e-17
8.12 0 -2.43031e-17 -0.000149965 -0.00040475 -0.00127625 -3.42946e-17
8.14 0 2.09998e-17 -0.000125347 -0.00041278 -0.00106675 -5.38822e-18
8.16 0 -8.30922e-18 -9.00729e-05 -0.000403644 -0.000766552 5.54677e-17
8.18 0 3.55666e-17 -4.69654e-05 -0.000384588 -0.000399692 8.34088e-17
8.2 0 -2.09114e-17 1.44123e-06 -0.00036567 1.22654e-05 1.51305e-17
8.22 0 2.64266e-17 5.34729e-05 -0.000356027 0.000455073 7.81111e-17
8.24 0 -7.64341e-17 0.000107338 -0.000358611 0.000913481 -3.86754e-17
8.26 0 7.35302e-17 0.000159817 -0.000367558 0.0013601 3.10586e-17
8.28 0 5.88279e-17 0.000205904 -0.000370903 0.00175231 1.55646e-16
8.3 0 -3.1552e-18 0.000240033 -0.000355907 0.00204277 1.00082e-17
8.32 0 3.16676e-17 0.000258291 -0.000313736 0.00219815 4.52877e-17
8.34 0 1.7e-17 0.000260086 -0.000243403 0.00221342 6.20077e-17
8.36 0 -1.62184e-17 0.000248266 -0.000153873 0.00211283 4.88289e-17
8.38 0 -9.29718e-18 0.000227741 -6.00394e-05 0.00193816 -1.04673e-17
8.4 0 6.47336e-18 0.000203664 2.67925e-05 0.00173326 -9.23035e-18
8.42 0 6.54508e-18 0.000180709 0.000104011 0.0015379 -8.20404e-18
8.44 0 -1.63067e-18 0.000162959 0.000173484 0.00138684 2.16378e-18
8.46 0 -1.38091e-19 0.000152587 0.000235253 0.00129857 -2.00238e-17
8.48 0 1.25242e-17 0.000147727 0.000286426 0.00125721 -1.95101e-18
8.5 0 -6.66605e-18 0.000141372 0.000323635 0.00120312 6.65927e-18
8.52 0 2.54412e-17 0.000123707 0.000345064 0.00105279 7.79462e-17
8.54 0 4.46771e-17 8.8338e-05 0.000351355 0.000751787 9.79533e-17
8.56 0 -2.40975e-17 3.68769e-05 0.000345451 0.000313836 -3.12836e-17
8.58 0 -2.6346e-17 -2.32048e-05 0.000331147 -0.000197481 1.65238e-17
8.6 0 -2.9221e-17 -8.38288e-05 0.000311517 -0.000713412 -1.37625e-17
8.62 0 2.64335e-17 -0.000138546 0.00028864 -0.00117907 1.50687e-16
8.64 0 -9.25067e-18 -0.000181845 0.000263288 -0.00154757 6.98805e-17
8.66 0 -1.88501e-17 -0.000209188 0.000233001 -0.00178026 6.23141e-19
8.68 0 -1.5198e-17 -0.00021866 0.000191081 -0.00186088 -3.19241e-17
8.7 0 1.50994e-17 -0.00021232 0.000130532 -0.00180692 4.2348e-18
8.72 0 -2.01297e-18 -0.00019572 5.14488e-05 -0.00166564 2.02318e-18
8.74 0 6.13349e-19 -0.000175817 -3.68674e-05 -0.00149626 6.66481e-18
8.76 0 -4.81288e-18 -0.000158599 -0.000122763 -0.00134973 -1.09057e-17
8.78 0 9.41543e-18 -0.000147602 -0.000199644 -0.00125614 -3.67833e-17
8.8 0 3.17126e-17 -0.0001438 -0.000266182 -0.00122379 1.5489e-17
8.82 0 -8.10975e-18 -0.000146054 -0.000322313 -0.00124297 -6.04541e-18
8.84 0 3.94767e-17 -0.000150578 -0.000367142 -0.00128147 3.87552e-19
8.86 0 -3.72659e-17 -0.000150431 -0.000399137 -0.00128022 6.8625e-18
8.88 0 1.05501e-17 -0.000137272 -0.00041679 -0.00116823 -7.23087e-18
8.9 0 5.06444e-17 -0.000105676 -0.000419734 -0.000899338 1.01831e-16
8.92 0 2.74607e-17 -5.6995e-05 -0.000409874 -0.000485047 6.61011e-17
8.94 0 -2.19949e-18 1.50616e-06 -0.000390691 1.2818e-05 -3.22085e-17
8.96 0 -1.21046e-17 6.14719e-05 -0.000365164 0.000523147 -2.27102e-17
8.98 0 3.6515e-17 0.00011649 -0.000334189 0.000991368 1.11421e-16
9 0 1.63937e-17 0.000161555 -0.000295602 0.00137489 4.86176e-17
9.02 0 -1.7673e-17 0.00019266 -0.000244988 0.0016396 1.48744e-17
9.04 0 1.28745e-17 0.000207959 -0.000179954 0.0017698 4.49801e-18
9.06 0 -1.81399e-18 0.000208386 -0.00010514 0.00177344 2.84863e-17
9.08 0 5.28665e-19 0.000197024 -3.04765e-05 0.00167674 1.09583e-17
9.1 0 3.82124e-20 0.000178485 3.82761e-05 0.00151897 1.26864e-18
9.12 0 6.40505e-18 0.000158516 0.000105138 0.00134902 3.60247e-17
9.14 0 -2.59495e-17 0.000142832 0.000177719 0.00121555 2.33565e-18
9.16 0 -1.11529e-17 0.000134943 0.000256313 0.00114842 -1.02963e-17
9.18 0 -3.16444e-17 0.000134007 0.000330315 0.00114044 -3.4426e-17
9.2 0 -1.00656e-17 0.000134413 0.000384766 0.0011439 -2.18928e-17
9.22 0 -2.13835e-17 0.000128093 0.000410696 0.00109012 -3.1148e-17
9.24 0 7.24566e-17 0.000109009 0.000411146 0.000927708 7.23663e-17
9.26 0 -4.6879e-17 7.74303e-05 0.000398397 0.000658959 3.21633e-17
9.28 0 -1.27783e-17 3.98687e-05 0.000384776 0.000339297 -2.6471e-17
9.3 0 4.07011e-17 3.35592e-06 0.000375238 2.856e-05 9.95283e-17
9.32 0 -3.18789e-17 -3.04932e-05 0.000367728 -0.000259507 -1.12186e-17
9.34 0 -1.07862e-17 -6.49044e-05 0.000358488 -0.000552359 4.07172e-18
9.36 0 2.40185e-17 -0.000101421 0.000344411 -0.000863129 7.34617e-17
9.38 0 -2.06069e-17 -0.000135093 0.000319891 -0.00114969 5.48136e-17
9.4 0 -4.07572e-17 -0.000157261 0.000275287 -0.00133835 -1.28905e-17
9.42 0 -4.65769e-18 -0.000163267 0.000203781 -0.00138945 -5.75159e-17
9.44 0 2.14048e-17 -0.000156845 0.000110946 -0.00133481 8.08034e-18
9.46 0 -4.79274e-18 -0.000146692 1.3895e-05 -0.0012484 -4.90402e-18
9.48 0 2.88041e-18 -0.000139273 -7.1224e-05 -0.00118526 -5.45128e-18
9.5 0 -8.67427e-19 -0.000135281 -0.000139224 -0.00115128 4.46068e-18
9.52 0 1.14729e-17 -0.000132091 -0.000193659 -0.00112414 1.59261e-17
9.54 0 5.7424e-19 -0.000127747 -0.000238667 -0.00108717 -2.01842e-17
9.56 0 -7.56557e-18 -0.000121559 -0.000275206 -0.00103451 -4.15052e-17
9.58 0 4.09798e-18 -0.000111788 -0.00030281 -0.000951358 1.08904e-17
9.6 0 1.61857e-17 -9.43638e-05 -0.000321797 -0.000803069 5.29941e-17
9.62 0 1.82519e-17 -6.51543e-05 -0.00033336 -0.000554486 -6.03915e-17
9.64 0 -5.04362e-17 -2.37817e-05 -0.000338611 -0.000202391 -7.42501e-17
9.66 0 4.44416e-17 2.53948e-05 -0.000337879 0.000216119 5.90664e-17
9.68 0 1.24268e-18 7.5752e-05 -0.000330578 0.000644676 5.68734e-17
9.7 0 2.26163e-17 0.00012082 -0.000315717 0.00102822 1.32957e-16
9.72 0 -1.43324e-17 0.000154787 -0.000292632 0.00131729 2.49536e-17
9.74 0 -5.79931e-18 0.000172966 -0.000260725 0.001472 -2.22721e-17
9.76 0 -2.25991e-17 0.000173746 -0.00021872 0.00147864 -6.31884e-17
9.78 0 1.095e-17 0.000160258 -0.00016558 0.00136385 2.6333e-18
9.8 0 1.26951e-17 0.0001394 -0.000102462 0.00118634 -5.2531e-19
9.82 0 -6.9065e-19 0.000118397 -3.22357e-05 0.0010076 6.39145e-18
9.84 0 -3.58587e-18 0.000101415 4.32035e-05 0.000863075 3.92047e-18
9.86 0 7.47025e-18 8.83766e-05 0.000122534 0.000752116 2.06117e-17
9.88 0 -3.77304e-19 7.61956e-05 0.000200703 0.000648451 1.4435e-17
9.9 0 2.46579e-17 6.12944e-05 0.000267309 0.000521636 3.49527e-17
9.92 0 6.69448e-18 4.18808e-05 0.000312003 0.00035642 7.01911e-18
9.94 0 -6.83308e-19 1.84642e-05 0.000332073 0.000157137 -5.61967e-17
9.96 0 5.87632e-18 -7.72356e-06 0.000334249 -6.57302e-05 7.62304e-17
9.98 0 -1.87252e-17 -3.63634e-05 0.000329253 -0.000309466 -2.66711e-17
10 0 4.98399e-17 -6.74245e-05 0.000324602 -0.000573806 1.49945e-17
10.02 0 6.27702e-18 -9.91268e-05 0.000321567 -0.000843604 3.49809e-17
10.04 0 2.5138e-17 -0.000127502 0.000317395 -0.00108509 2.87607e-17
10.06 0 -6.58431e-17 -0.000148542 0.000309772 -0.00126415 -1.40788e-17
10.08 0 -1.46076e-17 -0.000160735 0.000299033 -0.00136791 8.55802e-17
10.1 0 -2.56947e-17 -0.000165487 0.000285173 -0.00140835 4.43864e-17
10.12 0 2.84664e-17 -0.00016522 0.000262648 -0.00140608 2.44076e-17
10.14 0 -1.01637e-17 -0.000161068 0.00022099 -0.00137074 8.86065e-18
10.16 0 -4.03745e-17 -0.000152244 0.000154086 -0.00129565 -5.78226e-17
10.18 0 8.14539e-18 -0.000137435 6.85563e-05 -0.00116962 -3.56361e-17
10.2 0 -1.73593e-18 -0.000116689 -1.94512e-05 -0.000993064 -7.59767e-18
10.22 0 2.07633e-18 -9.19051e-05 -9.54762e-05 -0.000782145 -6.17238e-18
10.24 0 -3.35073e-18 -6.56292e-05 -0.000154009 -0.000558527 -2.4206e-17
10.26 0 2.59743e-18 -3.96108e-05 -0.000197389 -0.000337102 4.65861e-18
10.28 0 1.93882e-17 -1.42404e-05 -0.00023106 -0.00012119 3.0349e-17
10.3 0 -1.10369e-17 1.1073e-05 -0.000259555 9.42353e-05 -9.6939e-18
10.32 0 1.01154e-17 3.68634e-05 -0.000284374 0.00031372 -2.88184e-18
10.34 0 4.9346e-18 6.28596e-05 -0.000304363 0.000534957 2.18745e-17
10.36 0 -3.3994e-18 8.82433e-05 -0.000318149 0.000750981 -2.84106e-18
10.38 0 1.3946e-17 0.000112127 -0.000325897 0.000954242 4.78651e-17
10.4 0 -2.29197e-17 0.000133434 -0.000328103 0.00113557 8.30227e-17
10.42 0 -2.82936e-17 0.000150664 -0.000322842 0.0012822 3.27736e-17
10.44 0 -9.65582e-18 0.000162153 -0.000304848 0.00137998 -1.72731e-19
10.46 0 1.84579e-17 0.000166515 -0.000267591 0.0014171 7.03481e-17
10.48 0 -2.366e-17 0.000163014 -0.000207482 0.00138731 -5.10233e-17
10.5 0 1.20553e-17 0.000151886 -0.000127939 0.0012926 -1.49867e-17
10.52 0 5.89414e-18 0.000134374 -3.9423e-05 0.00114357 -5.1191e-18
10.54 0 6.1664e-18 0.000112191 4.64741e-05 0.000954781 3.85556e-18
10.56 0 -9.01318e-18 8.67845e-05 0.00012363 0.000738566 -2.68649e-17
10.58 0 3.85492e-17 5.93879e-05 0.000191209 0.000505412 5.49761e-19
10.6 0 1.27022e-17 3.18377e-05 0.000248843 0.00027095 1.87184e-17
10.62 0 2.78776e-17 6.67284e-06 0.000295183 5.67882e-05 -3.82702e-17
10.64 0 -1.46992e-17 -1.43614e-05 0.000330505 -0.000122221 -3.25763e-17
10.66 0 3.72058e-17 -3.20118e-05 0.000357317 -0.000272432 3.51242e-17
10.68 0 2.59614e-17 -4.94206e-05 0.000377244 -0.000420587 1.33115e-16
10.7 0 1.0124e-17 -7.00322e-05 0.000388581 -0.000595998 1.41765e-16
10.72 0 -1.7833e-18 -9.50301e-05 0.000387483 -0.000808739 7.07626e-17
10.74 0 1.05499e-17 -0.000122055 0.000370978 -0.00103873 6.50253e-18
10.76 0 1.67635e-17 -0.000146203 0.000339422 -0.00124424 -5.54561e-17
10.78 0 3.19845e-17 -0.000162683 0.000296232 -0.00138449 -8.37755e-17
10.8 0 6.3388e-17 -0.000169218 0.000244362 -0.00144011 1.44763e-17
10.82 0 -2.88463e-17 -0.000166408 0.00018323 -0.00141619 -3.27615e-17
10.84 0 2.15914e-17 -0.000156113 0.000110633 -0.00132858 5.56319e-17
10.86 0 -1.64685e-17 -0.000139902 2.79227e-05 -0.00119062 3.05206e-18
10.88 0 -1.06135e-18 -0.000119132 -5.86789e-05 -0.00101386 6.28024e-18
10.9 0 -3.2869e-18 -9.59848e-05 -0.000141867 -0.000816864 1.05719e-17
10.92 0 1.20971e-19 -7.3559e-05 -0.000216622 -0.000626013 5.96214e-18
10.94 0 -1.89176e-17 -5.43211e-05 -0.000280241 -0.000462291 -2.86492e-17
10.96 0 1.23976e-17 -3.81085e-05 -0.00033121 -0.000324317 2.76955e-17
10.98 0 4.08108e-17 -2.16231e-05 -0.000368488 -0.00018402 8.01626e-17
11 0 1.07064e-17 -4.49169e-07 -0.000390905 -3.82258e-06 3.15261e-19
11.02 0 -4.66306e-17 2.74606e-05 -0.000397534 0.000233699 -3.1922e-17
11.04 0 6.22756e-18 5.96756e-05 -0.000389723 0.00050786 -1.96501e-17
11.06 0 -4.44157e-17 9.05627e-05 -0.000372354 0.00077072 -6.96486e-17
11.08 0 2.32919e-17 0.000114786 -0.000351567 0.000976868 -7.1969e-17
11.1 0 -1.08178e-17 0.000130049 -0.000330591 0.00110676 -1.22873e-16
11.12 0 3.4264e-17 0.000137381 -0.0003069 0.00116916 -2.1054e-17
11.14 0 -7.04451e-18 0.000139571 -0.00027204 0.00118779 -2.02839e-17
11.16 0 -4.8433e-18 0.000139168 -0.000215219 0.00118437 6.242e-18
11.18 0 -1.4196e-17 0.000137136 -0.000131151 0.00116707 -6.49305e-18
11.2 0 -2.46087e-18 0.000132783 -2.67481e-05 0.00113003 3.50637e-18
11.22 0 2.01502e-18 0.000124914 8.21996e-05 0.00106307 -3.3695e-18
11.24 0 -2.70278e-18 0.000113136 0.000182103 0.000962823 -3.8724e-17
11.26 0 -4.38277e-18 9.80602e-05 0.000267315 0.000834527 -2.77659e-17
11.28 0 -4.58377e-17 8.04131e-05 0.000336062 0.000684343 -5.48511e-17
11.3 0 5.18755e-17 6.03724e-05 0.000385929 0.00051379 8.79959e-17
11.32 0 -9.12058e-18 3.78379e-05 0.000415289 0.000322014 3.287e-17
11.34 0 6.37931e-17 1.30403e-05 0.000426069 0.000110978 3.62052e-17
11.36 0 3.28803e-19 -1.29363e-05 0.000423138 -0.000110093 -1.71553e-17
11.38 0 2.37911e-17 -3.78143e-05 0.000412352 -0.000321813 -6.48777e-17
11.4 0 2.46326e-17 -5.86927e-05 0.000399583 -0.000499495 4.99738e-17
11.42 0 -4.55027e-17 -7.3918e-05 0.000389117 -0.000629068 -5.30964e-17
11.44 0 1.77997e-17 -8.4789e-05 0.00038093 -0.000721584 8.33882e-17
11.46 0 -3.01152e-17 -9.49475e-05 0.000369633 -0.000808036 2.58572e-17
11.48 0 -7.64654e-18 -0.000107439 0.000345859 -0.000914341 6.55481e-17
11.5 0 -2.17295e-17 -0.000121962 0.000299325 -0.00103794 -8.28038e-18
11.52 0 1.53856e-17 -0.000134582 0.000224197 -0.00114534 -9.01785e-18
11.54 0 2.11439e-17 -0.000139998 0.000124959 -0.00119143 -1.74373e-17
11.56 0 -5.03103e-18 -0.000134849 1.55386e-05 -0.00114761 -1.59061e-17
11.58 0 8.98176e-19 -0.000120098 -9.01162e-05 -0.00102208 -7.61772e-18
11.6 0 -9.1221e-18 -0.000100607 -0.000185168 -0.000856199 4.47717e-18
11.62 0 3.39769e-18 -8.16685e-05 -0.000267028 -0.000695027 5.16761e-18
11.64 0 -3.95585e-18 -6.54371e-05 -0.000332037 -0.000556892 2.8527e-18
11.66 0 2.68485e-18 -5.07965e-05 -0.000376993 -0.000432296 -4.56027e-17
11.68 0 1.03304e-17 -3.62724e-05 -0.000403682 -0.00030869 1.74583e-17
11.7 0 -7.34898e-17 -2.19606e-05 -0.000418023 -0.000186892 -5.83962e-17
11.72 0 1.07803e-17 -8.14652e-06 -0.000424976 -6.93297e-05 2.13466e-18
11.74 0 -1.16811e-17 6.99897e-06 -0.000426167 5.95637e-05 -4.52765e-18
11.76 0 3.11993e-17 2.70168e-05 -0.000421672 0.000229922 6.581e-17
11.78 0 4.81067e-17 5.39709e-05 -0.000411854 0.000459311 1.16844e-16
11.8 0 -4.03803e-17 8.58059e-05 -0.000397365 0.000730238 6.82821e-18
11.82 0 6.76e-18 0.000116877 -0.000378311 0.000994665 5.55045e-18
11.84 0 -2.88794e-17 0.000141059 -0.000351793 0.00120046 -1.597e-17
11.86 0 8.58338e-18 0.000154883 -0.000309316 0.00131811 -4.439e-19
11.88 0 7.98246e-18 0.000158549 -0.00023995 0.00134931 5.66804e-17
11.9 0 1.49822e-18 0.0001546 -0.000140781 0.0013157 3.01532e-17
11.92 0 -6.55431e-18 0.00014594 -2.3613e-05 0.001242 -2.95269e-18
11.94 0 2.12093e-18 0.000134847 9.21765e-05 0.00114759 5.61622e-18
11.96 0 5.45631e-18 0.000123068 0.000192564 0.00104735 -5.09437e-18
11.98 0 -1.15344e-17 0.000111811 0.000273823 0.000951549 -5.90723e-17
12 0 -8.43449e-18 0.000101153 0.000338309 0.000860847 -8.72333e-18
12.02 0 -5.45389e-17 8.96748e-05 0.00038902 0.000763163 -5.95238e-17
12.04 0 -4.2471e-19 7.51098e-05 0.000427105 0.00063921 1.44488e-17
12.06 0 -4.19333e-18 5.56281e-05 0.00045194 0.000473414 5.59972e-17
12.08 0 -7.14441e-17 3.0932e-05 0.000463382 0.000263242 1.44815e-17
12.1 0 -4.39419e-17 2.74176e-06 0.000464596 2.33334e-05 -6.47806e-17
12.12 0 -4.02271e-17 -2.57247e-05 0.000461937 -0.000218926 -4.59232e-17
12.14 0 -2.71866e-17 -5.14356e-05 0.000460871 -0.000437734 -8.46999e-17
12.16 0 -5.72867e-17 -7.32488e-05 0.00046175 -0.000623372 -2.48865e-16
12.18 0 -7.41504e-17 -9.19539e-05 0.000459693 -0.00078256 -1.53567e-16
12.2 0 1.39562e-17 -0.000108586 0.00044793 -0.000924104 7.67575e-17
12.22 0 1.85161e-17 -0.000122916 0.000418686 -0.00104606 4.00847e-17
12.24 0 4.62922e-17 -0.000133625 0.000362908 -0.0011372 2.98899e-17
12.26 0 -2.28606e-17 -0.000139583 0.00027551 -0.0011879 -1.02294e-17
12.28 0 1.91957e-18 -0.000140897 0.000162796 -0.00119908 3.31983e-18
12.3 0 9.50832e-18 -0.000139022 4.10549e-05 -0.00118312 6.96237e-18
12.32 0 7.68275e-18 -0.000135877 -7.46741e-05 -0.00115636 -1.04785e-17
12.34 0 -2.40915e-18 -0.00013235 -0.000178178 -0.00112634 2.21916e-18
12.36 0 2.94247e-18 -0.000127283 -0.000268352 -0.00108323 -1.3496e-17
12.38 0 1.18042e-18 -0.000118039 -0.000342212 -0.00100455 -1.69647e-17
12.4 0 1.43507e-17 -0.000102217 -0.000394393 -0.000869903 5.12151e-17
12.42 0 -1.95942e-17 -7.91339e-05 -0.000421894 -0.000673457 -8.52974e-17
12.44 0 -2.99389e-17 -5.0187e-05 -0.000427546 -0.000427109 -8.82719e-17
12.46 0 -2.85387e-17 -1.82373e-05 -0.000419552 -0.000155206 -1.0326e-16
12.48 0 1.89075e-17 1.34509e-05 -0.000408102 0.000114472 -6.90898e-17
12.5 0 3.32427e-17 4.22585e-05 -0.000400715 0.000359635 2.7175e-17
12.52 0 -1.11863e-17 6.68093e-05 -0.000398899 0.00056857 -1.14515e-18
12.54 0 4.29658e-17 8.672e-05 -0.000398858 0.000738018 4.436e-17
12.56 0 1.14437e-17 0.000101726 -0.000395591 0.000865722 6.92116e-17
12.58 0 -3.94725e-17 0.000111104 -0.000384399 0.00094553 4.12171e-17
12.6 0 1.01083e-17 0.000114096 -0.000357274 0.000970998 3.83314e-17
12.62 0 -2.63707e-17 0.000110844 -0.000301797 0.000943321 6.69733e-19
12.64 0 -1.35157e-17 0.000102814 -0.000210526 0.000874987 -1.25549e-17
12.66 0 9.12399e-18 9.24105e-05 -9.21377e-05 0.000786446 4.81229e-18
12.68 0 3.50474e-19 8.20878e-05 3.22499e-05 0.000698596 -1.65679e-18
12.7 0 1.14745e-17 7.35254e-05 0.000144313 0.000625727 -1.03559e-17
12.72 0 2.16233e-17 6.72304e-05 0.000236759 0.000572154 7.28483e-18
12.74 0 -3.22376e-17 6.25719e-05 0.000309133 0.000532509 -9.28763e-18
12.76 0 2.93897e-17 5.8175e-05 0.00036251 0.000495089 3.18169e-17
12.78 0 1.52303e-17 5.26808e-05 0.000399327 0.000448332 8.59684e-17
12.8 0 7.24302e-18 4.5446e-05 0.000423712 0.000386761 7.21488e-17
12.82 0 4.50446e-18 3.63553e-05 0.000439291 0.000309396 -1.52956e-17
12.84 0 5.48009e-17 2.47287e-05 0.000447265 0.00021045 4.69362e-17
12.86 0 -4.04507e-18 8.84582e-06 0.000446714 7.5281e-05 1.50279e-17
12.88 0 2.76107e-17 -1.25494e-05 0.000435918 -0.0001068 -3.58968e-17
12.9 0 -4.22443e-17 -3.79616e-05 0.000413597 -0.000323066 -3.81109e-17
12.92 0 -3.0456e-17 -6.27315e-05 0.000379806 -0.000533867 -1.00386e-17
12.94 0 -5.5506e-17 -8.1383e-05 0.000333454 -0.000692598 -8.54349e-17
12.96 0 -1.47235e-17 -9.0734e-05 0.000269377 -0.000772178 2.07515e-17
12.98 0 -1.51197e-17 -9.10388e-05 0.000182535 -0.000774772 -3.89932e-17
13 0 -2.00873e-17 -8.47237e-05 7.64438e-05 -0.000721028 -6.10105e-17
13.02 0 7.45292e-18 -7.46687e-05 -3.55388e-05 -0.000635457 -1.9812e-18
13.04 0 3.39829e-18 -6.3729e-05 -0.000138825 -0.000542356 -2.42294e-18
13.06 0 -1.55299e-17 -5.4874e-05 -0.000225465 -0.000466997 -2.31268e-17
13.08 0 -2.92626e-17 -5.0212e-05 -0.00029408 -0.000427322 -4.93319e-17
13.1 0 3.13239e-18 -4.90678e-05 -0.000345937 -0.000417584 1.02484e-17
13.12 0 8.17032e-18 -4.75767e-05 -0.000382732 -0.000404894 -2.00923e-17
13.14 0 -2.09281e-17 -4.12256e-05 -0.000406081 -0.000350844 -6.65139e-17
13.16 0 -1.56639e-17 -2.81583e-05 -0.000417476 -0.000239637 -3.19548e-17
13.18 0 -6.36585e-17 -9.86185e-06 -0.000419086 -8.39278e-05 -1.23407e-16
13.2 0 7.40315e-18 1.09116e-05 -0.000414576 9.28613e-05 1.07124e-17
13.22 0 -6.87458e-18 3.1994e-05 -0.000408086 0.00027228 3.26693e-17
13.24 0 -2.43203e-17 5.1578e-05 -0.000401909 0.000438947 2.64539e-17
13.26 0 -6.35369e-17 6.72487e-05 -0.000395351 0.00057231 -8.83268e-17
13.28 0 9.81733e-18 7.62239e-05 -0.000384758 0.000648692 1.0187e-17
13.3 0 5.01148e-17 7.68588e-05 -0.000362291 0.000654095 9.78964e-17
13.32 0 1.83888e-18 7.015e-05 -0.000315732 0.000597001 3.23875e-17
13.34 0 -1.26911e-17 6.00402e-05 -0.000234606 0.000510963 1.55011e-18
13.36 0 -2.38107e-18 5.21969e-05 -0.000120307 0.000444214 1.49386e-18
13.38 0 2.18398e-18 5.17593e-05 1.21197e-05 0.00044049 -3.17897e-18
13.4 0 1.25723e-17 6.09228e-05 0.000144368 0.000518474 -3.33457e-18
13.42 0 9.2243e-18 7.74972e-05 0.000264124 0.000659528 7.02583e-17
13.44 0 2.97734e-17 9.54682e-05 0.000364297 0.000812468 7.28963e-17
13.46 0 -3.7219e-17 0.000107717 0.000438924 0.000916709 -1.35181e-17
13.48 0 4.67942e-17 0.000109575 0.000483761 0.000932521 3.80083e-17
13.5 0 2.00077e-18 0.000100866 0.000499324 0.000858405 2.81513e-17
13.52 0 -3.27054e-17 8.47662e-05 0.000491402 0.00072139 -3.06896e-17
13.54 0 1.53326e-17 6.44512e-05 0.000469044 0.000548502 3.73432e-17
13.56 0 2.39159e-17 4.08593e-05 0.000441807 0.000347727 -5.52059e-17
13.58 0 3.63656e-17 1.38401e-05 0.000416571 0.000117784 6.28686e-17
13.6 0 -5.19522e-17 -1.49286e-05 0.000395093 -0.000127047 -3.65305e-17
13.62 0 2.92082e-17 -4.10854e-05 0.000374739 -0.000349651 -3.73252e-17
13.64 0 3.15531e-17 -6.02887e-05 0.000350455 -0.000513078 1.5977e-17
13.66 0 5.68436e-17 -7.18309e-05 0.000313922 -0.000611306 8.92329e-18
13.68 0 3.35764e-17 -7.92764e-05 0.000253536 -0.00067467 2.1988e-17
13.7 0 -2.49468e-17 -8.73068e-05 0.000161625 -0.000743011 -1.13692e-17
13.72 0 -1.04807e-17 -9.78937e-05 4.33041e-05 -0.00083311 9.88511e-18
13.74 0 -7.58144e-18 -0.00010941 -8.45764e-05 -0.000931116 6.15279e-18
13.76 0 -1.40631e-17 -0.000119111 -0.000202743 -0.00101367 1.28694e-17
13.78 0 -9.22432e-18 -0.000126052 -0.000296492 -0.00107275 3.59096e-17
13.8 0 -5.11921e-18 -0.000131359 -0.000358249 -0.00111791 -1.12516e-18
13.82 0 7.77357e-18 -0.000135893 -0.000389562 -0.0011565 1.59868e-17
13.84 0 6.70064e-17 -0.000138414 -0.000400845 -0.00117795 3.8889e-17
13.86 0 -4.66464e-17 -0.000136529 -0.000405543 -0.00116191 -1.15736e-16
13.88 0 5.41282e-17 -0.000129084 -0.000412666 -0.00109855 8.41683e-17
13.9 0 -3.58897e-17 -0.000116916 -0.000424397 -0.000994999 2.12982e-17
13.92 0 -4.36377e-17 -0.000101328 -0.000439062 -0.000862337 -8.74628e-17
13.94 0 3.7516e-17 -8.26308e-05 -0.000454629 -0.000703217 1.53169e-16
13.96 0 4.51867e-17 -6.05862e-05 -0.000469598 -0.000515609 1.08019e-16
13.98 0 1.92183e-17 -3.57173e-05 -0.00048155 -0.000303966 1.75651e-16
14 0 -1.00914e-16 -9.37344e-06 -0.000484405 -7.97713e-05 -2.94684e-17
14.02 0 -2.51402e-17 1.76206e-05 -0.000465682 0.000149957 -6.40705e-17
14.04 0 -2.45052e-17 4.57141e-05 -0.00040937 0.000389043 -3.14268e-17
14.06 0 3.27556e-17 7.52241e-05 -0.00030837 0.000640183 9.93618e-17
14.08 0 -2.88037e-17 0.000103917 -0.000176828 0.000884373 -1.18825e-17
14.1 0 -5.37567e-18 0.000126528 -4.54617e-05 0.0010768 3.86111e-18
14.12 0 5.51e-18 0.00013796 5.97646e-05 0.00117409 6.36049e-18
14.14 0 -2.71486e-18 0.000138224 0.000133793 0.00117633 1.25988e-17
14.16 0 6.3655e-18 0.000134179 0.000188938 0.00114191 2.6085e-17
14.18 0 2.60405e-18 0.000135016 0.000240316 0.00114903 -1.47278e-17
14.2 0 2.64805e-18 0.0001448 0.000295133 0.0012323 -5.72601e-18
14.22 0 -1.14883e-17 0.000159097 0.000350295 0.00135397 1.78168e-17
14.24 0 7.71096e-20 0.000168817 0.000396004 0.00143669 -8.61625e-18
14.26 0 -3.168e-17 0.000167253 0.00042262 0.00142338 4.91126e-17
14.28 0 -1.8301e-18 0.000153446 0.000426823 0.00130588 -2.22857e-17
14.3 0 9.7336e-18 0.00012944 0.000412636 0.00110158 -9.82783e-17
14.32 0 5.72921e-18 9.60144e-05 0.000387379 0.000817116 -4.9874e-17
14.34 0 2.87226e-17 5.30194e-05 0.000357773 0.000451213 5.07603e-17
14.36 0 -4.04713e-17 3.94718e-06 0.000329187 3.35919e-05 -7.29181e-17
14.38 0 1.39648e-17 -4.20714e-05 0.000304025 -0.000358043 -5.23308e-17
14.4 0 -1.52296e-18 -7.51376e-05 0.00027765 -0.000639448 -9.90814e-17
14.42 0 2.95882e-18 -9.19365e-05 0.000237603 -0.000782411 -2.60474e-17
14.44 0 2.14126e-17 -9.80243e-05 0.000171487 -0.000834221 5.49441e-17
14.46 0 4.28453e-18 -0.000103302 7.82453e-05 -0.000879139 1.57967e-17
14.48 0 -3.30571e-18 -0.000115456 -3.00144e-05 -0.00098257 1.10212e-17
14.5 0 -7.90068e-18 -0.000136287 -0.000137674 -0.00115985 1.90241e-18
14.52 0 3.50869e-18 -0.000161933 -0.000234168 -0.00137811 1.98491e-18
14.54 0 -2.43611e-17 -0.000185494 -0.000313064 -0.00157862 -5.98938e-17
14.56 0 -1.05607e-18 -0.000200349 -0.000368203 -0.00170504 -2.6669e-17
14.58 0 -2.05243e-17 -0.000202556 -0.000394924 -0.00172382 -6.41949e-17
14.6 0 -3.86012e-17 -0.000191126 -0.000394087 -0.00162655 -1.28144e-17
14.62 0 9.2846e-18 -0.000166654 -0.000373229 -0.00141828 3.01105e-17
14.64 0 1.96654e-17 -0.000130422 -0.000344127 -0.00110993 -3.75094e-17
14.66 0 -7.19151e-18 -8.5406e-05 -0.000318924 -0.000726835 1.68362e-18
14.68 0 -2.78768e-17 -3.7767e-05 -0.000305544 -0.000321411 -6.3956e-17
14.7 0 -2.54728e-17 4.46967e-06 -0.000303792 3.80385e-05 -6.48747e-17
14.72 0 3.21904e-17 3.61812e-05 -0.000303738 0.000307914 1.71229e-17
14.74 0 1.29938e-17 5.9025e-05 -0.000287267 0.000502323 4.5984e-17
14.76 0 -2.8133e-17 7.9591e-05 -0.000235071 0.000677347 -1.09467e-18
14.78 0 9.82531e-19 0.000103094 -0.000140343 0.000877364 -1.85191e-17
14.8 0 2.73961e-18 0.000129273 -1.951e-05 0.00110016 -6.00586e-18
14.82 0 1.27586e-18 0.000154196 9.60717e-05 0.00131226 1.30852e-18
14.84 0 1.48172e-17 0.000174465 0.000183518 0.00148476 2.86313e-17
14.86 0 4.54247e-18 0.000188659 0.000241699 0.00160556 -1.91369e-17
14.88 0 -1.74059e-17 0.00019581 0.000281946 0.00166641 -4.28452e-17
14.9 0 1.09395e-17 0.000194249 0.000311776 0.00165313 8.98226e-19
14.92 0 4.67417e-17 0.000182431 0.000330308 0.00155255 9.01514e-17
14.94 0 -5.29095e-17 0.000160684 0.000335161 0.00136748 -1.12229e-16
14.96 0 4.96675e-17 0.000132031 0.0003296 0.00112363 1.94573e-17
14.98 0 -3.65147e-17 0.000100539 0.000322752 0.000855625 -5.03969e-17
15 0 2.34202e-17 6.79439e-05 0.000322994 0.000578226 4.32251e-17
15.02 0 5.62328e-18 3.22749e-05 0.000330055 0.00027467 -7.7461e-18
15.04 0 -3.41869e-17 -8.90867e-06 0.000333372 -7.58159e-05 -8.60695e-17
15.06 0 -2.53019e-18 -5.36156e-05 0.000318478 -0.000456287 5.54753e-17
15.08 0 -6.97098e-18 -9.46993e-05 0.000275485 -0.000805924 6.21469e-18
15.1 0 7.23798e-18 -0.000124891 0.000203549 -0.00106287 6.28659e-17
15.12 0 -1.92692e-17 -0.000142647 0.000110458 -0.00121397 -2.45895e-17
15.14 0 8.51467e-18 -0.000152964 9.70899e-06 -0.00130177 1.51772e-17
15.16 0 1.23292e-18 -0.000162568 -8.4246e-05 -0.00138351 -3.41008e-18
15.18 0 5.97692e-18 -0.00017419 -0.000161554 -0.00148242 9.02243e-18
15.2 0 -1.34828e-17 -0.000185104 -0.000220146 -0.0015753 -2.94881e-17
15.22 0 -4.35397e-18 -0.000190604 -0.000264545 -0.00162211 -4.0393e-17
15.24 0 4.37837e-18 -0.000188208 -0.000301219 -0.00160171 2.65611e-17
15.26 0 7.15194e-18 -0.000178216 -0.000333548 -0.00151668 4.96083e-17
15.28 0 -2.00468e-17 -0.000160921 -0.00036018 -0.0013695 2.3114e-18
15.3 0 -2.32764e-17 -0.00013461 -0.000377963 -0.00114558 -5.31054e-17
15.32 0 4.43596e-17 -9.71163e-05 -0.00038586 -0.000826494 -3.86633e-17
15.34 0 -1.4301e-17 -4.94938e-05 -0.00038555 -0.000421209 -9.92221e-17
15.36 0 -6.54741e-18 2.46461e-06 -0.000378828 2.09747e-05 -5.69695e-17
15.38 0 -1.59676e-17 5.14405e-05 -0.000365285 0.000437777 -1.30909e-16
15.4 0 3.35534e-17 9.33194e-05 -0.000342232 0.000794181 1.91412e-17
15.42 0 5.73571e-19 0.000127984 -0.000305511 0.00108918 3.85029e-18
15.44 0 -2.45618e-17 0.000156387 -0.000251249 0.00133091 -1.37637e-17
15.46 0 1.76347e-17 0.000178735 -0.000179555 0.0015211 6.16075e-18
15.48 0 5.54424e-18 0.000195334 -9.76265e-05 0.00166236 3.11278e-17
15.5 0 -4.66886e-18 0.000207075 -1.72361e-05 0.00176228 5.49257e-18
15.52 0 -1.22698e-18 0.000214016 5.30405e-05 0.00182135 -6.28384e-19
15.54 0 -4.29714e-18 0.000214555 0.000112747 0.00182594 -5.9371e-18
15.56 0 -1.20994e-17 0.000206982 0.00016727 0.00176149 -5.2582e-17
15.58 0 1.91356e-18 0.000191571 0.000221964 0.00163033 -1.79396e-17
15.6 0 8.64881e-18 0.000170221 0.000277312 0.00144864 2.23015e-17
15.62 0 6.94209e-17 0.000144213 0.000327312 0.00122731 9.6497e-17
15.64 0 -2.14475e-17 0.000113261 0.000362599 0.000963887 -5.69421e-17
15.66 0 2.94196e-17 7.64087e-05 0.000376995 0.000650265 -2.21253e-18
15.68 0 2.58391e-17 3.34696e-05 0.00037189 0.000284838 7.55267e-17
15.7 0 -5.70042e-19 -1.36814e-05 0.000354446 -0.000116434 -3.65057e-18
15.72 0 -1.83221e-17 -6.07561e-05 0.000332267 -0.000517056 -5.92519e-17
15.74 0 -4.745e-18 -0.00010263 0.000310023 -0.000873413 -3.33919e-17
15.76 0 3.79777e-17 -0.000136101 0.000289291 -0.00115827 -1.25203e-17
15.78 0 -3.31303e-19 -0.000161249 0.000268886 -0.00137229 2.97575e-17
15.8 0 -1.1508e-18 -0.000179798 0.000244362 -0.00153014 3.03052e-17
15.82 0 1.05397e-17 -0.000192244 0.000208572 -0.00163606 3.55378e-17
15.84 0 5.29092e-18 -0.000196921 0.000155508 -0.00167586 6.99248e-17
15.86 0 -6.41128e-18 -0.000191664 8.5507e-05 -0.00163113 1.32927e-17
15.88 0 1.82176e-18 -0.000176063 6.1469e-06 -0.00149835 -7.02378e-18
15.9 0 5.51571e-19 -0.000152559 -7.26703e-05 -0.00129833 -2.87065e-18
15.92 0 9.24529e-18 -0.000125607 -0.000143719 -0.00106896 -1.30729e-18
15.94 0 4.01089e-18 -9.90838e-05 -0.000202753 -0.000843238 -3.07506e-18
15.96 0 1.73427e-17 -7.38982e-05 -0.000246482 -0.000628899 1.95276e-17
15.98 0 1.84759e-17 -4.81007e-05 -0.000272816 -0.000409353 8.21198e-19
16 0 -8.60139e-18 -1.95902e-05 -0.000283199 -0.00016672 -3.55582e-17
16.02 0 -6.64452e-18 1.12566e-05 -0.000283273 9.57974e-05 1.35876e-17
16.04 0 3.73212e-18 4.15463e-05 -0.000280444 0.000353574 -1.89683e-17
16.06 0 -1.2382e-17 6.81695e-05 -0.000280433 0.000580146 1.63394e-17
16.08 0 1.06382e-17 9.0378e-05 -0.000284924 0.000769148 -1.94819e-17
16.1 0 -2.03038e-17 0.000110469 -0.000290838 0.000940127 -1.85673e-17
16.12 0 3.22499e-17 0.000131364 -0.000291546 0.00111795 1.65953e-17
16.14 0 -2.92776e-17 0.000152586 -0.000279069 0.00129856 5.13948e-18
16.16 0 -1.06823e-17 0.000168808 -0.00024607 0.00143661 1.69855e-17
16.18 0 -1.0756e-17 0.000173314 -0.000188698 0.00147496 -8.9964e-18
16.2 0 -2.78676e-18 0.000163239 -0.000110898 0.00138922 -8.3593e-18
16.22 0 -2.46524e-18 0.000141495 -2.54502e-05 0.00120417 9.65862e-18
16.24 0 3.33459e-18 0.000113995 5.29652e-05 0.000970136 1.46883e-18
16.26 0 -8.13568e-18 8.53446e-05 0.000116913 0.000726312 -3.48558e-17
16.28 0 -3.43466e-18 5.69739e-05 0.000167731 0.000484868 -6.16814e-17
16.3 0 1.12386e-17 2.86273e-05 0.00020955 0.000243628 -7.62752e-19
16.32 0 5.87694e-18 6.738e-07 0.000244003 5.73427e-06 1.20548e-17
16.34 0 2.50152e-17 -2.5469e-05 0.000269747 -0.00021675 4.83532e-18
16.36 0 -2.13667e-17 -4.88305e-05 0.000284716 -0.000415564 -1.88927e-17
16.38 0 -1.80406e-17 -7.01823e-05 0.000288754 -0.000597276 -4.23441e-17
16.4 0 -1.70718e-18 -9.15368e-05 0.000285091 -0.00077901 6.01869e-17
16.42 0 2.89002e-18 -0.000114291 0.000278659 -0.000972658 -1.98226e-17
16.44 0 -2.36776e-17 -0.00013763 0.000271712 -0.00117128 7.24769e-18
16.46 0 4.47154e-17 -0.000158361 0.000261448 -0.00134771 1.48166e-16
16.48 0 4.14572e-18 -0.000172173 0.000242402 -0.00146525 4.05364e-17
16.5 0 -1.48005e-17 -0.000175495 0.00021067 -0.00149352 -1.60662e-17
16.52 0 -2.66115e-17 -0.000166988 0.000166108 -0.00142113 -4.80165e-17
16.54 0 1.30145e-17 -0.000147948 0.000112045 -0.00125909 2.32275e-17
16.56 0 -1.12516e-17 -0.000121626 5.35402e-05 -0.00103508 -2.94149e-17
16.58 0 4.45426e-18 -9.19649e-05 -5.21651e-06 -0.000782653 -1.31328e-17
16.6 0 1.80827e-18 -6.22739e-05 -6.22576e-05 -0.000529972 -8.03037e-18
16.62 0 -9.26536e-18 -3.44517e-05 -0.000116333 -0.000293196 -6.55321e-18
16.64 0 3.67749e-18 -9.02562e-06 -0.00016524 -7.68112e-05 5.89299e-18
16.66 0 -4.95125e-18 1.44144e-05 -0.00020694 0.000122672 -4.68065e-19
16.68 0 -1.48803e-17 3.6742e-05 -0.000241329 0.000312687 -5.78864e-17
16.7 0 -2.3133e-17 5.86806e-05 -0.0002692 0.000499393 -5.50341e-17
16.72 0 -1.94176e-18 8.02141e-05 -0.000289903 0.00068265 -2.7749e-17
16.74 0 1.97919e-17 0.000100524 -0.00030153 0.00085549 -1.30352e-18
16.76 0 -4.24832e-18 0.000118452 -0.000303448 0.00100807 -1.46275e-17
16.78 0 -1.80789e-17 0.000132939 -0.000297383 0.00113136 -1.23257e-17
16.8 0 2.46712e-17 0.000143077 -0.000285269 0.00121764 -1.06093e-17
16.82 0 2.48821e-17 0.000147997 -0.00026648 0.00125951 3.33847e-17
16.84 0 -1.81891e-17 0.000146835 -0.00023757 0.00124961 -1.47751e-18
16.86 0 -1.27361e-18 0.000139009 -0.000195408 0.00118301 2.56889e-17
16.88 0 -7.86192e-19 0.000124715 -0.000141198 0.00106137 4.71705e-18
16.9 0 -5.94518e-18 0.00010516 -8.08611e-05 0.000894944 -4.43706e-18
16.92 0 -1.8458e-18 8.20999e-05 -2.04053e-05 0.000698699 4.64361e-18
16.94 0 4.05642e-18 5.70799e-05 3.85976e-05 0.00048577 -9.78421e-18
16.96 0 3.88076e-19 3.11792e-05 9.70973e-05 0.000265346 -3.717e-18
16.98 0 -3.53493e-18 5.22581e-06 0.000152794 4.44735e-05 -5.18077e-17
17 0 -1.95208e-17 -2.01502e-05 0.000199046 -0.000171485 -6.69562e-17
17.02 0 2.55671e-17 -4.46128e-05 0.000230429 -0.00037967 -1.46087e-17
17.04 0 1.35223e-17 -6.7993e-05 0.000247701 -0.000578644 2.01832e-17
17.06 0 5.64376e-18 -9.00315e-05 0.000256259 -0.000766199 2.95315e-18
17.08 0 -7.52954e-18 -0.000110208 0.00026066 -0.000937912 5.25185e-17
17.1 0 -1.62124e-17 -0.000127616 0.00026169 -0.00108605 -3.23428e-17
17.12 0 -2.60136e-17 -0.000140961 0.000258293 -0.00119962 -7.20925e-17
17.14 0 4.68118e-17 -0.000148933 0.0002509 -0.00126747 5.28435e-17
17.16 0 -1.0803e-17 -0.000150735 0.000241917 -0.00128281 1.16242e-16
17.18 0 1.93252e-18 -0.000146231 0.000232909 -0.00124448 8.42486e-17
17.2 0 -6.93361e-18 -0.000135611 0.000221399 -0.0011541 1.77075e-17
17.22 0 2.84491e-17 -0.000119153 0.000200917 -0.00101403 2.34083e-17
17.24 0 7.102e-19 -9.74025e-05 0.00016544 -0.000828929 3.85839e-19
17.26 0 8.66647e-18 -7.14547e-05 0.000114843 -0.000608104 1.43682e-17
17.28 0 -1.16717e-17 -4.30467e-05 5.58244e-05 -0.000366343 -1.60075e-17
17.3 0 2.16826e-19 -1.42924e-05 -2.97187e-06 -0.000121633 -3.77399e-18
17.32 0 1.51681e-19 1.31381e-05 -5.63606e-05 0.00011181 9.59493e-19
17.34 0 -2.55705e-18 3.88169e-05 -0.000103402 0.000330346 2.37535e-18
17.36 0 1.52986e-20 6.3157e-05 -0.000144464 0.000537488 -3.38537e-18
17.38 0 -9.50082e-18 8.59025e-05 -0.000178823 0.00073106 5.09319e-19
17.4 0 -1.39881e-17 0.000105253 -0.000204977 0.00089574 7.76854e-18
17.42 0 -2.63855e-17 0.000118894 -0.000222604 0.00101183 -3.64744e-17
17.44 0 1.08928e-17 0.000126054 -0.000233661 0.00107276 2.76288e-17
17.46 0 -1.79268e-17 0.000128442 -0.000240941 0.00109309 8.54895e-18
17.48 0 -4.14308e-18 0.000128881 -0.000245098 0.00109682 2.20324e-17
17.5 0 -2.12008e-17 0.000128781 -0.000243391 0.00109597 -5.32874e-17
17.52 0 -1.8724e-17 0.000126885 -0.000232103 0.00107983 -5.37269e-17
17.54 0 2.76603e-17 0.000120424 -0.000210135 0.00102485 6.34301e-18
17.56 0 2.99938e-18 0.000107385 -0.000179466 0.000913883 -8.27607e-19
17.58 0 -1.15772e-18 8.77493e-05 -0.000142205 0.000746778 9.46054e-18
17.6 0 -4.94186e-18 6.29853e-05 -9.85888e-05 0.000536027 -2.03503e-18
17.62 0 5.04931e-18 3.46973e-05 -4.86926e-05 0.000295287 -9.93061e-18
17.64 0 1.93622e-18 3.78808e-06 4.927e-06 3.22379e-05 6.96628e-18
17.66 0 3.84547e-18 -2.91193e-05 5.72489e-05 -0.000247816 -7.55434e-19
17.68 0 -2.9245e-18 -6.24467e-05 0.000103113 -0.000531443 1.14736e-17
17.7 0 2.30833e-17 -9.31951e-05 0.000139515 -0.000793123 7.16511e-17
17.72 0 -3.3597e-17 -0.000118216 0.000166596 -0.00100606 3.45302e-18
17.74 0 -9.30548e-18 -0.000136084 0.00018697 -0.00115812 -4.31838e-17
17.76 0 2.72058e-17 -0.000147622 0.000203629 -0.00125632 -3.44963e-17
17.78 0 -5.70034e-18 -0.000154752 0.000217801 -0.001317 1.65683e-17
17.8 0 1.33741e-17 -0.000158959 0.000228346 -0.00135279 1.90234e-17
17.82 0 -2.7972e-18 -0.000160543 0.000232861 -0.00136627 8.28527e-18
17.84 0 -2.5591e-18 -0.000158696 0.000229363 -0.00135056 -3.20312e-17
17.86 0 -4.87666e-19 -0.00015194 0.000217391 -0.00129306 -1.45482e-17
17.88 0 -4.71971e-18 -0.000138571 0.000197736 -0.00117929 -3.63318e-17
17.9 0 3.43237e-17 -0.000117146 0.000170758 -0.000996949 5.57577e-17
17.92 0 -6.07511e-18 -8.7281e-05 0.000135297 -0.000742792 3.78393e-17
17.94 0 -1.59965e-17 -5.05328e-05 9.03382e-05 -0.000430052 -1.27272e-17
17.96 0 6.93925e-18 -1.03322e-05 3.81634e-05 -8.79308e-05 2.69405e-17
17.98 0 -7.60585e-18 2.9608e-05 -1.5213e-05 0.000251974 1.11046e-17
18 0 -4.60151e-18 6.70723e-05 -6.34407e-05 0.000570809 7.22135e-18
18.02 0 5.329e-18 0.000101346 -0.000103318 0.000862487 8.19058e-18
18.04 0 1.63889e-17 0.000131692 -0.000135146 0.00112074 1.27192e-17
18.06 0 -2.69731e-18 0.000156397 -0.000160826 0.00133099 1.49076e-17
18.08 0 -9.33761e-18 0.000173502 -0.000182127 0.00147656 -1.78238e-17
18.1 0 1.06315e-17 0.000182367 -0.000200033 0.00155201 4.25886e-17
18.12 0 2.03133e-17 0.000184441 -0.000214795 0.00156966 2.53641e-17
18.14 0 1.09145e-17 0.000182333 -0.000226122 0.00155171 1.52992e-17
18.16 0 4.29116e-18 0.000177891 -0.000233085 0.00151391 -4.28662e-17
18.18 0 -6.672e-19 0.000171051 -0.000233946 0.0014557 -4.28927e-18
18.2 0 1.675e-17 0.000160311 -0.000226699 0.0013643 3.43005e-17
18.22 0 -4.39462e-17 0.000143951 -0.000210289 0.00122508 -2.50174e-17
18.24 0 -1.81499e-18 0.000120843 -0.000185017 0.00102841 -1.49831e-17
18.26 0 -2.28044e-18 9.08672e-05 -0.000151559 0.000773312 -1.38485e-18
18.28 0 -1.99328e-18 5.52936e-05 -0.000110295 0.000470568 -3.1777e-18
18.3 0 1.53605e-18 1.64261e-05 -6.22013e-05 0.000139792 5.71153e-18
18.32 0 1.52215e-18 -2.36267e-05 -9.99997e-06 -0.000201071 3.17328e-19
18.34 0 -4.62602e-19 -6.33523e-05 4.23202e-05 -0.00053915 -1.29831e-17
18.36 0 -3.57427e-18 -0.000100761 9.12508e-05 -0.000857515 2.59448e-18
18.38 0 4.36095e-18 -0.000132902 0.000135047 -0.00113104 -7.11885e-18
18.4 0 1.31791e-17 -0.000157242 0.00017359 -0.00133819 2.12063e-17
18.42 0 2.11191e-18 -0.000173247 0.000207128 -0.00147439 3.76434e-17
18.44 0 3.62012e-17 -0.000182275 0.000235015 -0.00155122 5.74033e-17
18.46 0 -2.33587e-17 -0.000186213 0.000255622 -0.00158474 -1.80457e-17
18.48 0 4.71772e-18 -0.000186318 0.000267522 -0.00158563 -9.5524e-17
18.5 0 5.4564e-17 -0.000182954 0.000270589 -0.001557 1.47648e-17
18.52 0 4.4031e-18 -0.000176001 0.000265674 -0.00149783 -1.55124e-17
18.54 0 -2.5172e-17 -0.000165338 0.000253388 -0.00140709 -1.8483e-18
18.56 0 -1.13898e-17 -0.000150675 0.000233665 -0.0012823 -1.50023e-17
18.58 0 2.32111e-17 -0.000130851 0.000206303 -0.00111359 3.51614e-17
18.6 0 -1.86733e-17 -0.000104097 0.000171501 -0.000885903 1.43252e-17
18.62 0 -3.96856e-18 -6.99748e-05 0.000130047 -0.00059551 2.76848e-17
18.64 0 -9.04437e-18 -3.10079e-05 8.34128e-05 -0.000263888 -1.14532e-18
18.66 0 8.41859e-18 8.56616e-06 3.36482e-05 7.2901e-05 1.86667e-17
18.68 0 -2.97681e-18 4.57929e-05 -1.70661e-05 0.000389713 6.15346e-18
18.7 0 -1.7773e-18 7.99472e-05 -6.65811e-05 0.000680378 2.18822e-18
18.72 0 5.50617e-18 0.000110721 -0.000112532 0.000942277 -5.55839e-18
18.74 0 -3.08747e-18 0.000136677 -0.000152557 0.00116317 -1.69951e-17
18.76 0 -2.2874e-18 0.000155752 -0.000185225 0.0013255 -1.7428e-17
18.78 0 -1.35615e-17 0.000166642 -0.000210552 0.00141818 -4.0346e-17
18.8 0 2.65542e-17 0.000169565 -0.000229227 0.00144305 -3.50176e-18
18.82 0 3.43159e-17 0.000166051 -0.000241416 0.00141315 4.34851e-17
18.84 0 2.78057e-18 0.000158021 -0.000246585 0.00134482 2.68543e-17
18.86 0 -2.4917e-17 0.000146753 -0.00024449 0.00124892 -4.45723e-17
18.88 0 6.40588e-18 0.000132499 -0.000235955 0.00112761 -6.34654e-17
18.9 0 -2.59149e-18 0.000114881 -0.00022245 0.000977676 1.05733e-17
18.92 0 -2.60579e-18 9.3539e-05 -0.000204742 0.000796049 1.38018e-17
18.94 0 6.33086e-18 6.86091e-05 -0.000181603 0.000583887 -4.87705e-18
18.96 0 1.74166e-18 4.10028e-05 -0.00015007 0.000348948 -1.60592e-17
18.98 0 -5.09839e-18 1.2179e-05 -0.000107893 0.000103647 -1.45371e-17
19 0 4.26921e-18 -1.6762e-05 -5.63822e-05 -0.000142651 -1.04011e-17
19.02 0 -2.71519e-18 -4.5615e-05 -5.96388e-07 -0.0003882 -3.07629e-18
19.04 0 -2.74995e-18 -7.41734e-05 5.34993e-05 -0.000631241 2.45605e-17
19.06 0 6.90995e-18 -0.000100895 0.000101729 -0.000858654 1.30572e-17
19.08 0 -2.4922e-17 -0.000123038 0.000142056 -0.0010471 -2.34465e-17
19.1 0 2.96015e-18 -0.000138299 0.000173771 -0.00117697 4.51417e-18
19.12 0 -1.58244e-17 -0.000146221 0.000197219 -0.00124439 4.67628e-19
19.14 0 -3.99683e-18 -0.000148129 0.00021375 -0.00126063 -8.40073e-18
19.16 0 -1.38236e-17 -0.000145856 0.000225097 -0.00124128 -2.70367e-17
19.18 0 2.00199e-17 -0.000140444 0.000232455 -0.00119523 -2.55956e-17
19.2 0 9.49006e-18 -0.000131878 0.000235973 -0.00112233 1.84592e-17
19.22 0 -5.5195e-18 -0.0001199 0.000234797 -0.00102039 1.35349e-17
19.24 0 1.36855e-17 -0.000104819 0.000227449 -0.00089205 -1.81568e-18
19.26 0 -5.75918e-18 -8.72622e-05 0.000212365 -0.000742631 -1.98713e-17
19.28 0 -2.23616e-17 -6.72569e-05 0.000188301 -0.00057238 -6.77766e-17
19.3 0 9.61828e-18 -4.41127e-05 0.000154871 -0.000375415 -2.85261e-18
19.32 0 -2.91802e-17 -1.74642e-05 0.000113556 -0.000148626 -5.53506e-17
19.34 0 7.89683e-18 1.17723e-05 6.82783e-05 0.000100187 5.7027e-19
19.36 0 5.20288e-19 4.15052e-05 2.40777e-05 0.000353224 7.15402e-18
19.38 0 3.61882e-18 6.92584e-05 -1.55229e-05 0.000589413 5.25752e-18
19.4 0 -1.78338e-18 9.29467e-05 -4.97957e-05 0.000791009 1.46102e-18
19.42 0 -1.4647e-18 0.000111336 -7.98109e-05 0.000947508 3.96032e-18
19.44 0 8.4568e-19 0.000123989 -0.000106972 0.00105519 1.69555e-17
19.46 0 -6.50315e-18 0.000130816 -0.000132439 0.00111329 2.12142e-17
19.48 0 -7.95032e-18 0.00013186 -0.000156757 0.00112217 -5.42347e-18
19.5 0 4.73733e-18 0.000127609 -0.00017908 0.00108599 -9.85819e-18
19.52 0 -7.20726e-18 0.000119191 -0.000196955 0.00101435 -6.37512e-17
19.54 0 2.60548e-17 0.000107874 -0.000207544 0.00091805 -1.41036e-17
19.56 0 5.49104e-18 9.43005e-05 -0.000209371 0.00080253 1.4606e-17
19.58 0 -6.05292e-18 7.8276e-05 -0.000202933 0.000666156 5.16712e-18
19.6 0 1.45226e-17 5.92911e-05 -0.000189859 0.000504588 2.06292e-17
19.62 0 -7.92905e-18 3.72765e-05 -0.000171679 0.000317236 3.20912e-18
19.64 0 -1.32791e-17 1.3042e-05 -0.000148991 0.000110992 -2.3595e-17
19.66 0 7.15073e-18 -1.19706e-05 -0.000121451 -0.000101874 -2.06963e-18
19.68 0 -2.95673e-18 -3.63293e-05 -8.87051e-05 -0.000309175 -1.50272e-17
19.7 0 1.3258e-18 -5.88469e-05 -5.15589e-05 -0.000500807 -1.67895e-18
19.72 0 3.92468e-18 -7.83252e-05 -1.19745e-05 -0.000666575 9.88222e-18
19.74 0 -5.10621e-18 -9.35949e-05 2.81094e-05 -0.000796526 1.99917e-18
19.76 0 1.39567e-18 -0.000104041 6.7423e-05 -0.000885428 3.01445e-17
19.78 0 3.86623e-18 -0.000109857 0.000104743 -0.000934922 3.08529e-17
19.8 0 -5.61795e-18 -0.000111615 0.000138203 -0.000949884 -2.62358e-17
19.82 0 4.78812e-18 -0.000109741 0.000165635 -0.000933935 1.10051e-17
19.84 0 -2.31207e-17 -0.000104473 0.000185555 -0.0008891 -4.95852e-17
19.86 0 3.47237e-18 -9.60827e-05 0.000197824 -0.000817697 5.2818e-18
19.88 0 -3.44613e-17 -8.48288e-05 0.000203532 -0.000721923 -7.47767e-18
19.9 0 -2.73876e-17 -7.06606e-05 0.000204256 -0.000601347 -3.0205e-17
19.92 0 -1.12918e-17 -5.32074e-05 0.000201153 -0.000452813 -8.99571e-18
19.94 0 -1.94441e-18 -3.23391e-05 0.0001944 -0.000275217 -1.92768e-17
19.96 0 1.65696e-17 -8.83491e-06 0.000183192 -7.51882e-05 3.25819e-18
19.98 0 3.48381e-17 1.56049e-05 0.000166056 0.000132803 4.86735e-17
20 0 -3.16184e-17 3.90517e-05 0.000141472 0.000332344 -2.98425e-17
20.02 0 1.48068e-17 6.0076e-05 0.000108869 0.000511267 4.79897e-18
20.04 0 1.07739e-17 7.80218e-05 6.95253e-05 0.000663993 1.35697e-17
20.06 0 -4.74943e-18 9.28827e-05 2.63358e-05 0.000790464 2.71804e-18
20.08 0 -3.81943e-18 0.000104972 -1.75322e-05 0.00089335 5.98644e-20
20.1 0 2.01348e-18 0.000114532 -5.95562e-05 0.000974707 -2.28227e-18
20.12 0 -1.00493e-17 0.000121478 -9.75978e-05 0.00103382 -1.16936e-18
20.14 0 -3.29491e-18 0.000125392 -0.000129577 0.00106713 5.11476e-18
20.16 0 -1.08142e-18 0.000125641 -0.000154104 0.00106925 5.02823e-18
20.18 0 -8.97858e-18 0.000121486 -0.000171363 0.00103389 -1.2424e-17
20.2 0 1.22032e-17 0.000112206 -0.000182953 0.000954916 -8.50854e-18
20.22 0 -1.03754e-17 9.73268e-05 -0.0001906 0.000828285 -1.79393e-17
20.24 0 1.19427e-17 7.69432e-05 -0.000194922 0.000654813 1.52268e-17
20.26 0 8.14951e-18 5.20435e-05 -0.000195302 0.000442908 2.40387e-17
20.28 0 -6.71011e-18 2.45543e-05 -0.000190708 0.000208966 1.1081e-17
20.3 0 -1.46864e-17 -3.12771e-06 -0.000180375 -2.66179e-05 -3.45638e-18
20.32 0 -3.00864e-18 -2.89378e-05 -0.000163647 -0.000246271 -1.81668e-17
20.34 0 1.39969e-17 -5.169e-05 -0.000139688 -0.0004399 3.2856e-17
20.36 0 -8.41333e-18 -7.11116e-05 -0.000108143 -0.000605185 9.13808e-18
20.38 0 -1.34384e-18 -8.75981e-05 -7.02912e-05 -0.00074549 5.35357e-18
20.4 0 -6.34759e-18 -0.000101789 -2.89462e-05 -0.000866259 4.69238e-19
20.42 0 -3.87509e-19 -0.000113935 1.32181e-05 -0.000969628 -1.34506e-17
20.44 0 1.00035e-17 -0.000123455 5.48143e-05 -0.00105064 -1.38179e-17
20.46 0 -3.65128e-19 -0.000129217 9.49696e-05 -0.00109968 6.58978e-18
20.48 0 7.48355e-18 -0.00013034 0.000132114 -0.00110924 8.69851e-18
20.5 0 1.25396e-17 -0.000126641 0.000164261 -0.00107776 -8.48608e-18
20.52 0 -6.56562e-18 -0.000118404 0.000190262 -0.00100766 -4.78478e-17
20.54 0 -1.38533e-17 -0.000105946 0.000210178 -0.000901639 -8.87273e-17
20.56 0 9.16921e-18 -8.95488e-05 0.000224314 -0.000762092 -3.64746e-17
20.58 0 -9.94028e-18 -6.97075e-05 0.000232252 -0.000593235 -4.39216e-17
20.6 0 -2.70286e-17 -4.7394e-05 0.000233013 -0.000403339 -2.86258e-17
20.62 0 1.14329e-17 -2.40282e-05 0.000226052 -0.000204488 -2.15308e-17
20.64 0 7.66131e-19 -1.03413e-06 0.000212055 -8.80077e-06 -2.03735e-17
20.66 0 -8.37713e-18 2.07524e-05 0.000192626 0.00017661 -1.20349e-17
20.68 0 -9.39651e-19 4.12536e-05 0.000168961 0.000351082 3.78488e-17
20.7 0 4.91647e-18 6.07572e-05 0.000140858 0.000517065 -2.43499e-17
20.72 0 -1.08852e-17 7.93903e-05 0.000107452 0.000675639 -1.59236e-17
20.74 0 8.90741e-18 9.67887e-05 6.90692e-05 0.000823705 1.53492e-17
20.76 0 3.70963e-18 0.000112013 2.78544e-05 0.000953266 1.80412e-17
20.78 0 -4.68056e-18 0.00012376 -1.35283e-05 0.00105324 5.17958e-18
20.8 0 -2.23824e-18 0.00013087 -5.32373e-05 0.00111375 4.10966e-18
20.82 0 -7.77708e-19 0.000132765 -9.01721e-05 0.00112988 -3.58571e-18
20.84 0 -5.40137e-18 0.000129458 -0.000123232 0.00110174 -1.43271e-17
20.86 0 -2.53175e-19 0.000121246 -0.000151146 0.00103185 -9.50193e-18
20.88 0 -3.42467e-18 0.00010858 -0.000172884 0.000924049 -1.05883e-17
20.9 0 -1.00374e-18 9.22114e-05 -0.000188045 0.000784752 -1.48953e-17
20.92 0 1.55618e-18 7.31959e-05 -0.000196942 0.000622922 1.88896e-17
20.94 0 2.35427e-17 5.2512e-05 -0.00020043 0.000446895 6.46214e-17
20.96 0 -1.65311e-17 3.07134e-05 -0.000199544 0.000261382 -2.54812e-17
20.98 0 7.94978e-19 8.02231e-06 -0.000195034 6.82726e-05 -3.54014e-17
21 0 7.02506e-18 -1.52669e-05 -0.00018708 -0.000129927 -1.37535e-17
21.02 0 -2.52857e-18 -3.84694e-05 -0.000175183 -0.000327388 -5.96597e-18
21.04 0 -4.97955e-18 -6.04845e-05 -0.000158138 -0.000514744 1.76049e-17
21.06 0 -9.0556e-19 -8.00518e-05 -0.000134466 -0.000681269 6.00563e-18
21.08 0 -1.77407e-18 -9.6097e-05 -0.000103692 -0.000817819 -3.7363e-19
21.1 0 -2.45927e-19 -0.000107877 -6.7562e-05 -0.000918072 2.3716e-18
21.12 0 -1.15718e-19 -0.000114878 -2.9523e-05 -0.000977653 -4.62877e-20
21.14 0 -2.45067e-18 -0.000116751 7.3541e-06 -0.000993592 -4.14139e-18
21.16 0 9.07756e-18 -0.00011348 4.1675e-05 -0.000965755 6.19256e-18
21.18 0 5.64779e-18 -0.000105577 7.30349e-05 -0.000898499 -1.23653e-18
21.2 0 -6.11512e-18 -9.39663e-05 0.000100744 -0.000799686 -1.97528e-17
21.22 0 1.20747e-17 -7.95332e-05 0.000123659 -0.000676856 -8.82854e-18
21.24 0 -1.2603e-17 -6.26901e-05 0.000141017 -0.000533515 4.06493e-18
21.26 0 1.0759e-17 -4.33406e-05 0.000153102 -0.000368843 2.87129e-17
21.28 0 -9.85629e-18 -2.13478e-05 0.000161028 -0.000181678 9.92005e-18
21.3 0 1.16097e-18 2.84816e-06 0.000165896 2.42388e-05 3.13198e-17
21.32 0 -1.4316e-17 2.80234e-05 0.000168072 0.000238489 -3.77552e-17
21.34 0 3.0585e-18 5.25399e-05 0.000167109 0.000447133 -8.27287e-18
21.36 0 3.06264e-18 7.49378e-05 0.000162196 0.000637746 -1.19981e-17
21.38 0 3.69894e-18 9.43342e-05 0.000152653 0.000802817 2.49801e-17
21.4 0 -7.84855e-18 0.00011043 0.000138195 0.000939798 -1.82171e-17
21.42 0 -2.17449e-17 0.000123138 0.000119064 0.00104795 -4.76949e-17
21.44 0 1.31318e-17 0.000132154 9.61956e-05 0.00112468 6.84157e-18
21.46 0 8.64112e-18 0.00013691 7.11799e-05 0.00116516 3.56365e-17
21.48 0 5.69224e-18 0.000136978 4.56383e-05 0.00116573 3.52825e-17
21.5 0 -3.59203e-18 0.000132452 2.04183e-05 0.00112721 6.78483e-18
21.52 0 1.37239e-18 0.000123893 -4.39336e-06 0.00105437 1.64837e-18
21.54 0 -1.44961e-18 0.000111836 -2.85985e-05 0.000951761 -7.54061e-19
21.56 0 -1.83298e-20 9.62511e-05 -5.13653e-05 0.000819131 2.22957e-18
21.58 0 6.65352e-19 7.64795e-05 -7.17301e-05 0.000650867 2.14178e-19
21.6 0 5.09974e-19 5.19452e-05 -8.92908e-05 0.000442071 9.26835e-19
21.62 0 5.76299e-18 2.32723e-05 -0.000104069 0.000198056 8.35077e-18
21.64 0 6.64009e-20 -7.26157e-06 -0.00011577 -6.17985e-05 1.31756e-18
21.66 0 6.2129e-20 -3.65841e-05 -0.000123471 -0.000311344 -5.54082e-18
21.68 0 4.50331e-19 -6.23617e-05 -0.000126176 -0.00053072 -2.00424e-18
21.7 0 -8.92515e-18 -8.39588e-05 -0.000123659 -0.000714518 -1.26303e-17
21.72 0 9.1245e-18 -0.000102149 -0.000116734 -0.000869326 6.02459e-18
21.74 0 1.40733e-18 -0.000117894 -0.000106767 -0.00100332 -4.55115e-19
21.76 0 7.25903e-18 -0.00013118 -9.49063e-05 -0.00111639 1.38877e-17
21.78 0 -1.94809e-18 -0.000140874 -8.16799e-05 -0.00119889 1.42662e-19
21.8 0 -8.96271e-19 -0.00014566 -6.71065e-05 -0.00123962 -2.71171e-18
21.82 0 -1.37595e-19 -0.000145122 -5.10118e-05 -0.00123504 -3.54207e-19
21.84 0 -6.13752e-19 -0.000139946 -3.3366e-05 -0.00119099 6.67263e-19
21.86 0 2.05451e-18 -0.000131179 -1.47437e-05 -0.00111638 -1.07067e-18
21.88 0 6.20389e-18 -0.000119322 3.27846e-06 -0.00101547 9.51405e-18
21.9 0 -3.88513e-18 -0.00010405 1.8453e-05 -0.000885505 -4.5891e-18
21.92 0 -1.38274e-18 -8.4726e-05 2.9064e-05 -0.000721048 3.286e-18
21.94 0 -1.34312e-18 -6.12742e-05 3.50174e-05 -0.000521464 1.5394e-17
21.96 0 -1.00059e-17 -3.48043e-05 3.77274e-05 -0.000296196 8.12088e-19
21.98 0 -8.96143e-18 -7.38404e-06 3.89291e-05 -6.28407e-05 -3.89942e-17
22 0 -4.59878e-18 1.89712e-05 3.95823e-05 0.000161451 -3.85269e-17
22.02 0 2.74082e-18 4.32405e-05 3.9721e-05 0.000367992 -1.69534e-17
22.04 0 8.94173e-18 6.55309e-05 3.90236e-05 0.000557691 -8.1048e-18
22.06 0 1.39171e-17 8.6404e-05 3.72813e-05 0.000735328 9.45746e-18
22.08 0 1.41643e-18 0.000105878 3.43365e-05 0.000901056 1.13632e-17
22.1 0 1.39844e-18 0.000122788 2.98218e-05 0.00104497 2.82754e-18
22.12 0 7.16901e-19 0.000135126 2.32492e-05 0.00114997 4.07727e-18
22.14 0 2.48895e-18 0.000141232 1.45078e-05 0.00120193 -8.85154e-19
22.16 0 -2.32533e-18 0.000140877 4.30806e-06 0.00119891 2.97399e-18
22.18 0 -1.31883e-18 0.000135299 -5.81507e-06 0.00115144 4.5224e-19
22.2 0 2.12786e-18 0.000126248 -1.39375e-05 0.00107441 9.16525e-18
22.22 0 -8.91847e-19 0.000114812 -1.84766e-05 0.000977089 1.56494e-18
22.24 0 3.68477e-18 0.000100803 -1.9039e-05 0.00085787 1.41309e-18
22.26 0 9.25445e-19 8.30388e-05 -1.68811e-05 0.000706689 1.51962e-18
22.28 0 -2.59547e-18 6.04036e-05 -1.43397e-05 0.000514056 -4.77858e-18
22.3 0 -2.44471e-18 3.30928e-05 -1.33043e-05 0.000281631 -6.02444e-18
22.32 0 6.03115e-19 2.95576e-06 -1.3871e-05 2.51545e-05 -6.30009e-18
22.34 0 -1.88593e-18 -2.75234e-05 -1.44126e-05 -0.000234234 -2.72645e-18
22.36 0 1.02835e-17 -5.65149e-05 -1.29982e-05 -0.000480962 8.21035e-18
22.38 0 3.30509e-19 -8.3042e-05 -8.77858e-06 -0.000706717 8.07499e-18
22.4 0 8.30839e-18 -0.000106257 -2.19451e-06 -0.000904286 8.94071e-18
22.42 0 4.12914e-18 -0.000125019 5.72313e-06 -0.00106395 5.04544e-19
22.44 0 -5.3787e-18 -0.000138347 1.39495e-05 -0.00117738 -1.60566e-18
22.46 0 1.56739e-18 -0.000146186 2.15558e-05 -0.00124409 2.2436e-18
22.48 0 -7.15446e-18 -0.000149552 2.77046e-05 -0.00127274 -8.92008e-18
22.5 0 -2.82646e-18 -0.000149769 3.19082e-05 -0.00127459 -2.04671e-17
22.52 0 3.89779e-18 -0.00014746 3.43287e-05 -0.00125494 -2.00106e-17
22.54 0 -1.36371e-18 -0.000142243 3.56787e-05 -0.00121054 -1.19077e-18
22.56 0 -3.49682e-18 -0.00013327 3.66284e-05 -0.00113417 -9.77797e-18
22.58 0 1.28059e-17 -0.000119777 3.71207e-05 -0.00101934 -2.08123e-18
22.6 0 2.45489e-18 -0.000101168 3.61753e-05 -0.000860971 1.30263e-17
22.62 0 -5.55522e-18 -7.71633e-05 3.24447e-05 -0.000656687 -2.17102e-17
22.64 0 -2.56287e-19 -4.85524e-05 2.5139e-05 -0.000413198 -1.37553e-17
22.66 0 8.65914e-18 -1.76802e-05 1.45841e-05 -0.000150465 2.36068e-19
22.68 0 5.31416e-18 1.23297e-05 1.98596e-06 0.00010493 -3.43274e-18
22.7 0 -5.53943e-19 3.90244e-05 -1.14212e-05 0.000332111 -5.15304e-18
22.72 0 1.28624e-18 6.14315e-05 -2.51674e-05 0.000522803 3.59214e-19
22.74 0 4.86563e-19 7.99286e-05 -3.94701e-05 0.000680221 -2.28382e-19
22.76 0 -1.31126e-19 9.55861e-05 -5.41916e-05 0.000813471 -5.15114e-19
22.78 0 -7.77245e-19 0.000109284 -6.79594e-05 0.000930047 2.23454e-18
22.8 0 -1.66417e-18 0.000121013 -7.86855e-05 0.00102986 2.30566e-18
22.82 0 -5.39751e-18 0.000129851 -8.51076e-05 0.00110508 -1.22049e-17
22.84 0 7.8614e-19 0.000134539 -8.76603e-05 0.00114498 -1.15836e-17
22.86 0 5.62923e-18 0.000134027 -8.77671e-05 0.00114061 1.27743e-18
22.88 0 -1.55287e-18 0.000127691 -8.64178e-05 0.0010867 -4.80141e-18
22.9 0 6.87705e-18 0.000115395 -8.34082e-05 0.000982049 2.89819e-18
22.92 0 -2.02389e-19 9.75436e-05 -7.76434e-05 0.00083013 3.8494e-18
22.94 0 9.00519e-19 7.51467e-05 -6.79123e-05 0.000639524 4.04587e-18
22.96 0 -2.14652e-19 4.98248e-05 -5.35398e-05 0.000424026 -3.99221e-19
22.98 0 1.19555e-18 2.36053e-05 -3.47838e-05 0.000200889 -4.14576e-19
23 0 2.3369e-18 -1.67186e-06 -1.29673e-05 -1.42281e-05 3.82515e-18
23.02 0 5.72531e-18 -2.50416e-05 9.81581e-06 -0.000213113 7.05526e-18
23.04 0 -1.05072e-17 -4.65203e-05 3.1508e-05 -0.000395904 -4.46817e-18
23.06 0 -7.18425e-18 -6.65073e-05 5.10055e-05 -0.000566 -1.39222e-17
23.08 0 7.62358e-18 -8.51421e-05 6.84511e-05 -0.000724589 -1.06741e-17
23.1 0 3.3668e-18 -0.000102077 8.45889e-05 -0.000868715 2.16968e-17
23.12 0 -6.7405e-18 -0.000116465 9.97985e-05 -0.00099116 -5.79458e-18
23.14 0 -2.26819e-17 -0.000126992 0.00011375 -0.00108074 1.00776e-17
23.16 0 -1.38283e-18 -0.000132203 0.000125849 -0.0011251 -5.68096e-17
23.18 0 4.46077e-18 -0.000131183 0.000135738 -0.00111642 2.57826e-17
23.2 0 1.64549e-17 -0.000124101 0.000143218 -0.00105615 1.93811e-17
23.22 0 8.57457e-18 -0.000112113 0.000147812 -0.000954123 6.41089e-17
23.24 0 -3.55428e-17 -9.66801e-05 0.000148525 -0.000822781 -5.0722e-17
23.26 0 1.72931e-17 -7.88846e-05 0.000144026 -0.000671335 1.40473e-17
23.28 0 -1.63635e-17 -5.92537e-05 0.000133073 -0.000504269 2.02348e-18
23.3 0 9.36845e-18 -3.81219e-05 0.000115094 -0.000324431 -1.09412e-17
23.32 0 1.64896e-18 -1.60636e-05 9.08203e-05 -0.000136707 1.50451e-17
23.34 0 -9.79977e-18 6.15977e-06 6.2507e-05 5.24218e-05 7.24403e-19
23.36 0 5.52849e-18 2.80219e-05 3.32372e-05 0.000238476 4.31126e-18
23.38 0 -6.05596e-19 4.93645e-05 5.47114e-06 0.000420109 9.48004e-18
23.4 0 -3.06782e-18 7.00064e-05 -2.01419e-05 0.000595779 -3.09327e-18
23.42 0 8.85676e-19 8.92717e-05 -4.4699e-05 0.000759733 -1.94025e-18
23.44 0 4.57213e-19 0.000105893 -6.97641e-05 0.000901182 -2.52009e-18
23.46 0 -4.09642e-18 0.000118349 -9.59036e-05 0.00100719 -1.45074e-17
23.48 0 1.65393e-19 0.000125429 -0.000122054 0.00106744 9.33562e-18
23.5 0 4.02268e-18 0.000126684 -0.000145925 0.00107813 9.35764e-18
23.52 0 -1.85515e-17 0.000122497 -0.000164978 0.00104249 -2.11203e-17
23.54 0 -8.24503e-19 0.000113769 -0.000177408 0.000968215 -5.94782e-18
23.56 0 2.76808e-18 0.000101535 -0.000182742 0.000864098 -2.85974e-18
23.58 0 4.78384e-18 8.67211e-05 -0.000181763 0.000738027 -1.19098e-17
23.6 0 -1.15975e-17 6.9998e-05 -0.000175823 0.000595708 -6.75411e-18
23.62 0 5.19053e-18 5.16482e-05 -0.000166087 0.000439545 2.56661e-17
23.64 0 -8.17331e-18 3.16444e-05 -0.000153205 0.000269304 -1.00789e-17
23.66 0 9.03949e-18 9.99006e-06 -0.000137308 8.50189e-05 -6.9768e-18
23.68 0 -5.4753e-18 -1.2974e-05 -0.000118102 -0.000110413 -5.52385e-18
23.7 0 -1.7759e-20 -3.64668e-05 -9.51221e-05 -0.000310345 4.61629e-18
23.72 0 -2.8042e-18 -5.92644e-05 -6.81677e-05 -0.000504361 -2.16249e-18
23.74 0 4.60475e-19 -7.98338e-05 -3.75622e-05 -0.000679413 9.83567e-19
23.76 0 4.74492e-18 -9.67008e-05 -4.07817e-06 -0.000822957 1.10368e-17
23.78 0 -1.72799e-18 -0.000108853 3.10595e-05 -0.000926373 -1.65448e-17
23.8 0 3.10419e-18 -0.000115888 6.59321e-05 -0.00098625 1.24194e-18
23.82 0 8.66823e-18 -0.000117946 9.79155e-05 -0.00100376 2.50519e-17
23.84 0 -2.91159e-17 -0.00011557 0.000124283 -0.000983541 -5.97597e-17
23.86 0 -1.55147e-17 -0.00010953 0.000143194 -0.000932143 4.89925e-19
23.88 0 -2.29594e-18 -0.000100547 0.000154517 -0.000855694 -2.13869e-17
23.9 0 1.51707e-17 -8.90727e-05 0.000159909 -0.00075804 -8.08706e-18
23.92 0 -8.3547e-18 -7.52711e-05 0.000161922 -0.000640584 8.77979e-18
23.94 0 1.15211e-17 -5.91299e-05 0.000162553 -0.000503216 2.38358e-17
23.96 0 4.63344e-18 -4.06118e-05 0.000162131 -0.00034562 3.58786e-17
23.98 0 -5.19715e-19 -1.98827e-05 0.000159133 -0.000169209 -4.29854e-17
24 0 3.28633e-18 2.48249e-06 0.000150848 2.11269e-05 -1.95542e-17
24.02 0 -6.63449e-18 2.54596e-05 0.000134598 0.00021667 -4.4101e-17
24.04 0 1.43135e-17 4.76456e-05 0.000109214 0.000405481 -3.64628e-18
24.06 0 -1.53661e-18 6.74283e-05 7.61503e-05 0.000573838 -2.38837e-17
24.08 0 -9.38506e-18 8.34096e-05 3.92091e-05 0.000709844 -3.75577e-17
24.1 0 6.84518e-19 9.50039e-05 2.68107e-06 0.000808516 -2.70827e-17
24.12 0 4.65765e-18 0.000102718 -3.07387e-05 0.000874169 -6.45193e-18
24.14 0 1.39041e-18 0.000107717 -6.0427e-05 0.000916709 -7.58073e-19
24.16 0 -1.06763e-18 0.000110899 -8.6645e-05 0.000943785 3.85208e-18
24.18 0 -5.08682e-18 0.00011217 -0.000109308 0.00095461 -1.12294e-17
24.2 0 9.0087e-18 0.000110481 -0.000127905 0.00094023 1.43794e-17
24.22 0 6.09067e-18 0.000104615 -0.000142173 0.000890313 3.7951e-18
24.24 0 1.13222e-19 9.41712e-05 -0.000152434 0.00080143 7.62922e-18
24.26 0 -7.16194e-18 7.99126e-05 -0.00015919 0.000680084 5.34385e-18
24.28 0 -2.78198e-18 6.32021e-05 -0.000162482 0.000537872 1.0476e-17
24.3 0 -6.19625e-18 4.50766e-05 -0.000161618 0.000383617 3.0686e-18
24.32 0 -5.72556e-18 2.59005e-05 -0.000155394 0.000220423 -6.25455e-18
24.34 0 1.41376e-17 5.86533e-06 -0.000142534 4.9916e-05 2.48822e-17
24.36 0 1.53387e-18 -1.43192e-05 -0.000122172 -0.000121861 1.75387e-17
24.38 0 -1.7709e-18 -3.33357e-05 -9.44592e-05 -0.000283698 7.62271e-18
24.4 0 -1.19473e-18 -4.99224e-05 -6.11316e-05 -0.000424857 -3.54985e-19
24.42 0 -4.5854e-19 -6.36494e-05 -2.54224e-05 -0.000541678 -1.28972e-19
24.44 0 -5.88245e-18 -7.50079e-05 9.10635e-06 -0.000638343 5.56121e-18
24.46 0 2.83777e-18 -8.47027e-05 4.00872e-05 -0.000720849 -2.09062e-18
24.48 0 1.00609e-17 -9.28272e-05 6.69066e-05 -0.000789992 1.91654e-17
24.5 0 3.05473e-20 -9.86168e-05 9.00411e-05 -0.000839263 9.69891e-18
24.52 0 -1.19599e-17 -0.000100867 0.00011015 -0.000858412 -5.07657e-17
24.54 0 4.00544e-18 -9.86644e-05 0.00012768 -0.000839669 -2.23866e-17
24.56 0 4.00428e-17 -9.20014e-05 0.000142735 -0.000782964 2.65558e-17
24.58 0 3.31247e-18 -8.1852e-05 0.000154763 -0.000696589 -2.71424e-17
24.6 0 -3.14921e-17 -6.95677e-05 0.000162273 -0.000592045 -2.9518e-17
24.62 0 3.43421e-19 -5.60574e-05 0.000163117 -0.000477068 -2.10785e-18
24.64 0 1.39984e-17 -4.15174e-05 0.00015544 -0.000353327 -1.0767e-18
24.66 0 1.30676e-17 -2.59277e-05 0.000138705 -0.000220654 -6.8196e-18
24.68 0 4.31427e-18 -9.66001e-06 0.00011403 -8.221e-05 3.31899e-17
24.7 0 -1.51344e-17 6.52432e-06 8.37163e-05 5.55243e-05 -1.76938e-17
24.72 0 3.13122e-18 2.19983e-05 5.03932e-05 0.000187213 1.70612e-18
24.74 0 1.3723e-18 3.66286e-05 1.62512e-05 0.000311722 5.54658e-19
24.76 0 2.23765e-18 5.05445e-05 -1.73623e-05 0.000430152 -3.39646e-19
24.78 0 5.59847e-19 6.35707e-05 -4.99117e-05 0.000541009 -9.76343e-19
24.8 0 1.38867e-18 7.49203e-05 -8.12953e-05 0.000637598 -4.44954e-19
24.82 0 -1.94067e-18 8.34855e-05 -0.00011139 0.000710491 -1.07943e-17
24.84 0 -1.04118e-18 8.84578e-05 -0.000139685 0.000752806 2.05683e-17
24.86 0 -8.25479e-18 8.96967e-05 -0.000165078 0.00076335 -8.29546e-18
24.88 0 5.13132e-18 8.76017e-05 -0.000185981 0.000745521 -7.83e-18
24.9 0 2.32239e-17 8.27796e-05 -0.000200822 0.000704483 4.71146e-17
24.92 0 1.60562e-18 7.58475e-05 -0.000208527 0.000645488 3.24243e-17
24.94 0 -2.7003e-17 6.73507e-05 -0.000208612 0.000573178 -2.56807e-17
24.96 0 -6.85468e-18 5.76378e-05 -0.000201041 0.000490517 -3.2318e-17
24.98 0 6.78276e-18 4.67479e-05 -0.000186334 0.000397841 4.78377e-18
25 0 1.20593e-18 3.45093e-05 -0.000165722 0.000293686 -1.77625e-17
25.02 0 1.07457e-17 2.08564e-05 -0.000140721 0.000177495 1.91355e-17
25.04 0 -3.65206e-18 6.10658e-06 -0.000112302 5.19691e-05 8.90121e-18
25.06 0 3.52098e-19 -9.04728e-06 -8.05511e-05 -7.69955e-05 1.12989e-17
25.08 0 1.41672e-19 -2.37566e-05 -4.51508e-05 -0.000202177 2.47603e-18
25.1 0 8.87793e-18 -3.72277e-05 -6.08837e-06 -0.000316821 4.58337e-18
25.12 0 7.5799e-18 -4.88336e-05 3.58924e-05 -0.000415591 1.22816e-17
25.14 0 -6.73087e-18 -5.81471e-05 7.90755e-05 -0.000494852 -5.65825e-18
25.16 0 -1.97115e-17 -6.49243e-05 0.000120965 -0.000552529 -3.73149e-17
25.18 0 -3.16606e-18 -6.90732e-05 0.000159014 -0.000587837 -1.18614e-17
25.2 0 6.00779e-18 -7.06583e-05 0.000191391 -0.000601327 -2.66609e-17
25.22 0 5.98643e-20 -6.99195e-05 0.00021715 -0.000595039 -6.10437e-18
25.24 0 -2.41697e-17 -6.7211e-05 0.00023592 -0.000571989 -6.42899e-17
25.26 0 6.7932e-18 -6.28255e-05 0.000247618 -0.000534667 -8.65982e-18
25.28 0 3.79314e-17 -5.68138e-05 0.000252402 -0.000483505 4.54965e-17
25.3 0 1.87979e-18 -4.89818e-05 0.000250702 -0.000416852 2.98304e-17
25.32 0 1.66091e-17 -3.91345e-05 0.000243091 -0.000333048 1.94285e-18
25.34 0 -7.80365e-18 -2.74473e-05 0.000229969 -0.000233586 -3.06946e-17
25.36 0 1.53158e-17 -1.46602e-05 0.000210973 -0.000124764 -8.29232e-19
25.38 0 -3.07532e-18 -1.8516e-06 0.000184564 -1.57577e-05 8.70792e-19
25.4 0 -2.01838e-17 1.00848e-05 0.000148784 8.58251e-05 -3.96567e-17
25.42 0 -2.54077e-19 2.0796e-05 0.000103321 0.000176982 -2.54276e-17
25.44 0 1.17669e-18 3.03094e-05 5.09166e-05 0.000257943 -1.33693e-17
25.46 0 2.34867e-18 3.85834e-05 -3.84859e-06 0.000328358 1.82119e-18
25.48 0 6.22356e-19 4.52974e-05 -5.70836e-05 0.000385497 -2.5683e-18
25.5 0 -1.64631e-18 5.00581e-05 -0.000106533 0.000426012 5.68192e-18
25.52 0 3.34141e-18 5.27087e-05 -0.000150677 0.000448569 1.27494e-17
25.54 0 4.32033e-18 5.33846e-05 -0.000188064 0.000454321 -6.67914e-18
25.56 0 1.943e-17 5.23178e-05 -0.000217747 0.000445243 8.53265e-18
25.58 0 -8.45536e-19 4.96467e-05 -0.00023977 0.000422511 -5.02958e-18
25.6 0 1.4641e-17 4.53902e-05 -0.0002549 0.000386286 2.02097e-18
25.62 0 -1.48021e-17 3.95347e-05 -0.000263941 0.000336454 -6.02572e-17
25.64 0 -6.09012e-18 3.21422e-05 -0.000267226 0.000273541 -4.40277e-19
25.66 0 3.6999e-19 2.346e-05 -0.000264458 0.000199653 -3.39818e-18
25.68 0 -2.16284e-17 1.40031e-05 -0.00025489 0.000119171 -5.06773e-18
25.7 0 -9.05033e-18 4.4922e-06 -0.000237699 3.82302e-05 -3.42794e-17
25.72 0 -2.0729e-17 -4.43232e-06 -0.00021204 -3.77206e-05 7.35688e-19
25.74 0 -1.60285e-18 -1.25255e-05 -0.000176989 -0.000106597 -3.15615e-18
25.76 0 2.0093e-19 -1.99897e-05 -0.000132391 -0.000170119 1.19002e-17
25.78 0 2.26295e-18 -2.71849e-05 -8.0352e-05 -0.000231353 -1.56099e-19
25.8 0 4.03897e-18 -3.42189e-05 -2.5217e-05 -0.000291215 -4.95232e-18
25.82 0 -1.8828e-18 -4.07527e-05 2.87538e-05 -0.00034682 -1.80791e-17
25.84 0 8.50307e-18 -4.61484e-05 7.93456e-05 -0.000392739 1.41473e-18
25.86 0 -9.93093e-18 -4.98069e-05 0.000125899 -0.000423874 -2.07583e-17
25.88 0 3.02258e-17 -5.14416e-05 0.00016777 -0.000437786 4.62095e-17
25.9 0 -4.1879e-17 -5.11557e-05 0.000203865 -0.000435353 -2.04335e-17
25.92 0 1.84424e-17 -4.93359e-05 0.000233146 -0.000419866 -1.94559e-17
25.94 0 -1.03844e-17 -4.64219e-05 0.00025498 -0.000395067 -1.10096e-19
25.96 0 3.5778e-17 -4.26597e-05 0.00026913 -0.000363049 6.30724e-17
25.98 0 4.54018e-17 -3.79966e-05 0.000275737 -0.000323364 7.26001e-17
26 0 -2.35106e-17 -3.21969e-05 0.000275257 -0.000274007 4.53374e-17
26.02 0 1.63473e-17 -2.50783e-05 0.000268222 -0.000213425 7.22497e-17
26.04 0 -3.97489e-17 -1.67133e-05 0.000255054 -0.000142236 -6.47082e-17
26.06 0 1.17674e-17 -7.48576e-06 0.000235916 -6.37064e-05 -1.64966e-17
26.08 0 -1.50835e-17 2.0388e-06 0.000210118 1.73509e-05 -2.20256e-17
26.1 0 2.67261e-17 1.13554e-05 0.000175818 9.66383e-05 3.60241e-17
26.12 0 -2.47704e-17 2.01958e-05 0.000131522 0.000171874 -4.42355e-17
26.14 0 6.66072e-18 2.84292e-05 7.86886e-05 0.000241943 -1.03662e-17
26.16 0 1.64368e-18 3.57534e-05 2.21667e-05 0.000304274 1.26804e-17
26.18 0 1.20177e-18 4.15962e-05 -3.26594e-05 0.000353998 -4.6924e-18
26.2 0 9.07347e-20 4.54595e-05 -8.26713e-05 0.000386876 2.88402e-18
26.22 0 -8.70892e-19 4.73594e-05 -0.000126953 0.000403045 1.03272e-17
26.24 0 -8.66519e-18 4.78326e-05 -0.000165057 0.000407072 -1.22539e-17
26.26 0 -1.26268e-17 4.74733e-05 -0.00019603 0.000404015 -1.27718e-17
26.28 0 2.13421e-17 4.646e-05 -0.000218728 0.000395391 5.51833e-17
26.3 0 -7.15179e-18 4.44857e-05 -0.000232676 0.000378588 7.43518e-17
26.32 0 -7.05962e-18 4.11244e-05 -0.000238722 0.000349983 3.59172e-17
26.34 0 -7.43529e-18 3.63302e-05 -0.000238752 0.000309183 8.9687e-18
26.36 0 -1.91129e-17 3.06419e-05 -0.000234409 0.000260773 -8.25086e-17
26.38 0 2.92314e-17 2.48745e-05 -0.000225863 0.000211691 1.76662e-17
26.4 0 -3.83302e-18 1.95365e-05 -0.000211765 0.000166263 5.94594e-18
26.42 0 -4.72176e-18 1.44799e-05 -0.00019007 0.000123229 -9.89399e-18
26.44 0 6.73799e-19 9.10681e-06 -0.000158944 7.75021e-05 -3.05472e-18
26.46 0 1.79587e-18 2.92276e-06 -0.000117869 2.48737e-05 -8.26458e-18
26.48 0 8.57687e-19 -4.06988e-06 -6.88619e-05 -3.46361e-05 1.8568e-18
26.5 0 -3.03267e-18 -1.14182e-05 -1.63964e-05 -9.71733e-05 6.0462e-19
26.52 0 -4.72565e-18 -1.85709e-05 3.47274e-05 -0.000158045 -3.0457e-18
26.54 0 -1.24873e-17 -2.51449e-05 8.15254e-05 -0.000213992 -1.82551e-17
26.56 0 9.1184e-18 -3.08712e-05 0.000122893 -0.000262725 1.64395e-17
26.58 0 1.66904e-17 -3.53742e-05 0.000158358 -0.000301047 1.78943e-17
26.6 0 -2.23983e-17 -3.81531e-05 0.000187428 -0.000324696 -1.43218e-17
26.62 0 -1.29266e-17 -3.88798e-05 0.000209826 -0.000330881 -1.32779e-17
26.64 0 -1.08318e-17 -3.77275e-05 0.000225734 -0.000321074 -1.86597e-17
26.66 0 -2.56696e-17 -3.5379e-05 0.000235631 -0.000301088 -5.33435e-17
26.68 0 1.02297e-17 -3.26743e-05 0.000239905 -0.00027807 -8.575e-18
26.7 0 -8.26389e-18 -3.01414e-05 0.000238532 -0.000256514 -2.22693e-17
26.72 0 1.09477e-17 -2.77043e-05 0.000231003 -0.000235773 -4.59951e-19
26.74 0 -8.27477e-18 -2.47601e-05 0.000216557 -0.000210717 -1.30584e-17
26.76 0 -2.48525e-17 -2.05873e-05 0.000194349 -0.000175205 2.49187e-18
26.78 0 -2.25581e-17 -1.48408e-05 0.000163526 -0.000126301 -3.22902e-17
26.8 0 3.72706e-18 -7.77697e-06 0.000123888 -6.61847e-05 -3.40341e-17
26.82 0 -8.43035e-18 -5.25295e-08 7.70266e-05 -4.47045e-07 -2.866e-17
26.84 0 6.08439e-18 7.6364e-06 2.64577e-05 6.49884e-05 -1.52954e-17
26.86 0 3.74877e-18 1.47256e-05 -2.40651e-05 0.00012532 2.32224e-18
26.88 0 -1.60752e-18 2.07283e-05 -7.22529e-05 0.000176405 1.0544e-19
26.9 0 -4.35186e-18 2.52178e-05 -0.000117133 0.000214613 -1.08203e-17
26.92 0 4.75199e-18 2.79925e-05 -0.000157807 0.000238226 6.11844e-18
26.94 0 1.29312e-17 2.92613e-05 -0.000192913 0.000249024 2.77249e-17
26.96 0 7.56593e-18 2.95946e-05 -0.000221051 0.000251861 -1.58291e-17
26.98 0 2.95087e-18 2.95911e-05 -0.00024127 0.00025183 -5.39116e-17
27 0 1.36692e-17 2.95051e-05 -0.000253215 0.000251099 3.85895e-17
27.02 0 -2.98954e-18 2.9152e-05 -0.000257094 0.000248094 2.91011e-17
27.04 0 -2.41123e-17 2.81491e-05 -0.000253555 0.000239559 -3.0842e-17
27.06 0 1.06589e-17 2.62117e-05 -0.000243375 0.000223071 3.66502e-17
27.08 0 3.78701e-18 2.32373e-05 -0.00022723 0.000197757 -5.91069e-19
27.1 0 2.06402e-17 1.91982e-05 -0.000205485 0.000163384 6.30422e-17
27.12 0 -2.05286e-17 1.41079e-05 -0.000177878 0.000120063 6.23482e-18
27.14 0 1.33715e-17 8.1495e-06 -0.000143637 6.93551e-05 1.35556e-17
27.16 0 3.49906e-18 1.75046e-06 -0.000102666 1.4897e-05 1.00834e-17
27.18 0 -1.05307e-18 -4.55812e-06 -5.68625e-05 -3.87912e-05 -2.53841e-19
27.2 0 1.83722e-18 -1.04102e-05 -9.51384e-06 -8.85941e-05 -6.74384e-18
27.22 0 4.21319e-19 -1.57608e-05 3.66992e-05 -0.00013413 2.82736e-18
27.24 0 -3.62701e-18 -2.07748e-05 8.04155e-05 -0.000176801 1.54097e-17
27.26 0 1.69172e-17 -2.5502e-05 0.000120473 -0.000217031 1.59081e-17
27.28 0 3.95277e-17 -2.96246e-05 0.000155148 -0.000252116 4.76842e-17
27.3 0 -2.11538e-17 -3.25803e-05 0.000182829 -0.000277269 5.22219e-19
27.32 0 9.32116e-18 -3.40056e-05 0.000202887 -0.0002894 4.41862e-17
27.34 0 -1.21376e-17 -3.40366e-05 0.000215689 -0.000289664 -6.52969e-19
27.36 0 -6.1876e-18 -3.31154e-05 0.000222069 -0.000281824 -2.18331e-17
27.38 0 1.41675e-17 -3.15352e-05 0.00022286 -0.000268375 3.55353e-18
27.4 0 -1.4996e-17 -2.92514e-05 0.000218537 -0.000248939 -2.89061e-17
27.42 0 -2.81114e-18 -2.61194e-05 0.000209047 -0.000222285 -7.17646e-18
27.44 0 -1.38507e-18 -2.2191e-05 0.00019395 -0.000188853 -3.62571e-17
27.46 0 3.11066e-17 -1.76942e-05 0.000172575 -0.000150584 3.50113e-17
27.48 0 -3.14707e-17 -1.27869e-05 0.000144153 -0.000108821 -2.47063e-17
27.5 0 -1.32596e-18 -7.41161e-06 0.000108359 -6.30754e-05 -1.98636e-18
27.52 0 3.00303e-18 -1.41958e-06 6.62931e-05 -1.20811e-05 -5.9975e-18
27.54 0 -1.23257e-18 5.1479e-06 2.07486e-05 4.38105e-05 -5.41906e-18
27.56 0 1.59478e-18 1.18841e-05 -2.49291e-05 0.000101138 -1.52339e-17
27.58 0 4.26869e-19 1.8117e-05 -6.8125e-05 0.000154182 6.33727e-19
27.6 0 -3.91719e-18 2.3212e-05 -0.000107107 0.000197542 2.01667e-18
27.62 0 -4.8215e-18 2.68215e-05 -0.00014055 0.000228261 -7.50743e-18
27.64 0 1.6241e-17 2.89155e-05 -0.000167479 0.000246081 9.3129e-18
27.66 0 -2.54892e-18 2.9666e-05 -0.000187542 0.000252468 7.85812e-18
27.68 0 2.2639e-18 2.9352e-05 -0.000201021 0.000249796 1.21555e-17
27.7 0 -8.55939e-18 2.83188e-05 -0.000208493 0.000241003 -2.34548e-17
27.72 0 2.08206e-18 2.6907e-05 -0.00021047 0.000228988 -3.49362e-19
27.74 0 1.72917e-17 2.53215e-05 -0.000207175 0.000215495 6.92927e-17
27.76 0 -1.73219e-17 2.35262e-05 -0.000198527 0.000200216 3.56192e-18
27.78 0 3.96914e-18 2.12577e-05 -0.000184282 0.000180911 -1.61347e-18
27.8 0 9.93482e-18 1.81609e-05 -0.000164122 0.000154556 -1.09492e-17
27.82 0 -1.74809e-18 1.39926e-05 -0.000137679 0.000119082 7.3464e-18
27.84 0 -6.14191e-18 8.77021e-06 -0.000104925 7.46375e-05 3.6608e-18
27.86 0 1.29447e-18 2.75854e-06 -6.69176e-05 2.34761e-05 -2.53092e-18
27.88 0 -1.73433e-18 -3.6608e-06 -2.60066e-05 -3.11547e-05 -2.95426e-18
27.9 0 9.39703e-18 -1.00829e-05 1.50923e-05 -8.58088e-05 1.10233e-17
27.92 0 -5.70938e-18 -1.60689e-05 5.43183e-05 -0.000136752 1.09066e-17
27.94 0 -5.49077e-18 -2.11476e-05 9.03297e-05 -0.000179973 4.49612e-18
27.96 0 1.56306e-17 -2.49397e-05 0.000122033 -0.000212246 2.44814e-17
27.98 0 6.85055e-18 -2.73297e-05 0.000148485 -0.000232585 1.49788e-17
28 0 2.54929e-17 -2.85071e-05 0.000169137 -0.000242605 4.88312e-17
28.02 0 2.14588e-17 -2.88285e-05 0.000183891 -0.00024534 5.46486e-17
28.04 0 -4.10424e-18 -2.86174e-05 0.000192892 -0.000243544 1.0909e-17
28.06 0 1.63732e-17 -2.80411e-05 0.000196305 -0.00023864 2.58373e-17
28.08 0 -3.02531e-19 -2.7097e-05 0.00019421 -0.000230605 5.33324e-18
28.1 0 1.06303e-18 -2.56638e-05 0.00018661 -0.000218408 1.77059e-18
28.12 0 -3.94361e-17 -2.3572e-05 0.000173529 -0.000200606 -3.103e-17
28.14 0 4.06869e-18 -2.06566e-05 0.00015505 -0.000175795 1.94139e-17
28.16 0 -3.18075e-17 -1.6808e-05 0.000131213 -0.000143042 9.70835e-18
28.18 0 -4.84161e-18 -1.20338e-05 0.000102138 -0.000102412 -6.56517e-18
28.2 0 -2.88206e-18 -6.50316e-06 6.85518e-05 -5.53441e-05 -5.28431e-18
28.22 0 7.63863e-18 -5.41613e-07 3.2131e-05 -4.60932e-06 -7.81197e-18
28.24 0 6.19417e-18 5.43277e-06 -4.98583e-06 4.62348e-05 -8.70377e-19
28.26 0 2.78618e-19 1.09969e-05 -4.10005e-05 9.35872e-05 1.38589e-18
28.28 0 2.70047e-19 1.57979e-05 -7.46431e-05 0.000134446 -3.49263e-18
28.3 0 -1.89393e-18 1.96002e-05 -0.000104834 0.000166804 -2.16892e-18
28.32 0 -3.63531e-18 2.23016e-05 -0.000130541 0.000189795 -1.88041e-17
28.34 0 8.50341e-18 2.39253e-05 -0.000150976 0.000203612 -3.72298e-18
28.36 0 -5.35308e-18 2.45898e-05 -0.000165752 0.000209268 -2.72629e-17
28.38 0 6.54027e-18 2.44652e-05 -0.000174825 0.000208207 -1.18893e-17
28.4 0 1.44443e-17 2.37185e-05 -0.00017835 0.000201853 1.92829e-17
28.42 0 -1.85897e-18 2.24643e-05 -0.000176542 0.000191179 2.07255e-17
28.44 0 -1.65374e-17 2.07432e-05 -0.000169537 0.000176532 -1.3233e-17
28.46 0 1.46816e-19 1.85431e-05 -0.000157334 0.000157808 7.77096e-18
28.48 0 -2.6556e-18 1.58287e-05 -0.000139804 0.000134708 -4.48193e-18
28.5 0 -2.20164e-18 1.2557e-05 -0.000116802 0.000106865 2.51605e-18
28.52 0 4.01641e-18 8.69615e-06 -8.84625e-05 7.40072e-05 7.12389e-18
28.54 0 -1.47724e-18 4.26467e-06 -5.56285e-05 3.62938e-05 3.54568e-18
28.56 0 7.0972e-19 -6.16123e-07 -1.99724e-05 -5.24342e-06 -5.08588e-18
28.58 0 -1.74989e-18 -5.70032e-06 1.65337e-05 -4.85117e-05 -4.71873e-19
28.6 0 -9.78348e-18 -1.06468e-05 5.22582e-05 -9.06082e-05 1.7772e-18
28.62 0 -6.01942e-18 -1.50877e-05 8.59859e-05 -0.000128402 1.8939e-17
28.64 0 -1.93846e-17 -1.87028e-05 0.000116628 -0.000159167 -8.00063e-18
