0.02 0 3.65164e-22 5.55606e-12 5.24095e-12 4.7284e-11 7.37704e-22
0.04 0 8.44001e-21 1.41254e-10 9.20068e-12 1.20212e-09 1.77882e-20
0.06 0 -5.66396e-21 9.65769e-10 -1.07525e-10 8.21903e-09 6.3459e-21
0.08 0 8.16129e-21 3.59321e-09 -7.66908e-10 3.05795e-08 2.28333e-20
0.1 0 -4.35815e-21 8.2142e-09 -2.81141e-09 6.99057e-08 1.4029e-20
0.12 0 6.68182e-20 6.05981e-09 -6.94693e-09 5.15711e-08 1.49015e-19
0.14 0 -5.3593e-20 -4.30529e-08 -1.16985e-08 -3.66395e-07 4.07467e-20
0.16 0 -7.6096e-21 -2.38838e-07 -1.08158e-08 -2.0326e-06 2.53738e-20
0.18 0 -1.56688e-19 -7.33357e-07 6.33031e-09 -6.24113e-06 -2.91167e-19
0.2 0 -7.93878e-20 -1.65592e-06 4.93462e-08 -1.40924e-05 -4.51546e-19
0.22 0 3.02795e-19 -3.00788e-06 1.19771e-07 -2.55981e-05 1.60161e-19
0.24 0 -8.31966e-20 -4.62249e-06 2.08279e-07 -3.9339e-05 -7.91293e-21
0.26 0 -1.48189e-21 -6.24953e-06 2.99282e-07 -5.31857e-05 -1.09066e-20
0.28 0 -2.29987e-19 -7.70809e-06 3.80054e-07 -6.55986e-05 -4.75527e-19
0.3 0 9.25428e-20 -8.96226e-06 4.45766e-07 -7.62719e-05 -2.88572e-19
0.32 0 -2.65584e-19 -1.00463e-05 4.95233e-07 -8.54979e-05 -8.25106e-19
0.34 0 9.04425e-20 -1.09553e-05 5.25279e-07 -9.32335e-05 -6.42393e-19
0.36 0 2.01571e-19 -1.16633e-05 5.34627e-07 -9.9259e-05 -2.3518e-19
0.38 0 1.86929e-19 -1.22348e-05 5.32221e-07 -0.000104122 1.42455e-19
0.4 0 1.34999e-19 -1.28423e-05 5.36065e-07 -0.000109293 4.15179e-19
0.42 0 1.15268e-19 -1.36513e-05 5.63426e-07 -0.000116178 6.48045e-19
0.44 0 -4.26513e-20 -1.4717e-05 6.24419e-07 -0.000125247 5.61881e-19
0.46 0 -2.63501e-19 -1.59673e-05 7.19072e-07 -0.000135888 2.95562e-20
0.48 0 -9.12804e-20 -1.7187e-05 8.3042e-07 -0.000146267 -1.54849e-19
0.5 0 -4.02886e-20 -1.80024e-05 9.21906e-07 -0.000153207 -2.3624e-19
0.52 0 1.71377e-19 -1.80274e-05 9.55502e-07 -0.000153419 1.09977e-19
0.54 0 -2.08804e-20 -1.71884e-05 9.23306e-07 -0.000146279 6.7794e-20
0.56 0 3.48509e-20 -1.59281e-05 8.61307e-07 -0.000135554 1.382e-19
0.58 0 -1.12762e-19 -1.49586e-05 8.2565e-07 -0.000127303 -8.96017e-20
0.6 0 -1.48481e-20 -1.46479e-05 8.45822e-07 -0.000124659 -1.19598e-19
0.62 0 4.31597e-20 -1.45692e-05 8.92022e-07 -0.000123989 -3.24065e-20
0.64 0 3.78706e-20 -1.37265e-05 8.89733e-07 -0.000116817 4.40998e-20
0.66 0 2.52992e-20 -1.1372e-05 7.77568e-07 -9.67793e-05 9.52092e-20
0.68 0 -2.51848e-20 -7.64703e-06 5.56373e-07 -6.50789e-05 4.43308e-20
0.7 0 1.97926e-19 -3.37827e-06 2.78636e-07 -2.87503e-05 4.44181e-19
0.72 0 5.55014e-20 7.11557e-07 -5.34453e-09 6.05559e-06 5.56305e-19
0.74 0 -3.19874e-19 4.47559e-06 -2.80916e-07 3.80888e-05 -8.99045e-20
0.76 0 6.60416e-19 8.1086e-06 -5.5805e-07 6.9007e-05 1.24427e-18
0.78 0 5.27762e-20 1.17005e-05 -8.49039e-07 9.9575e-05 1.35089e-18
0.8 0 -1.69435e-19 1.51141e-05 -1.15896e-06 0.000128627 1.0086e-18
0.82 0 -7.52304e-19 1.81259e-05 -1.4798e-06 0.000154258 -5.1121e-19
0.84 0 -1.76218e-19 2.05596e-05 -1.78945e-06 0.000174969 -8.67206e-19
0.86 0 9.55413e-19 2.24001e-05 -2.0704e-06 0.000190632 1.06292e-18
0.88 0 1.32681e-18 2.38639e-05 -2.3301e-06 0.00020309 3.74334e-18
0.9 0 -1.69239e-18 2.51995e-05 -2.58536e-06 0.000214456 3.24369e-19
0.92 0 3.76915e-19 2.62457e-05 -2.82182e-06 0.00022336 1.08581e-18
0.94 0 -2.32085e-19 2.62927e-05 -2.98469e-06 0.00022376 6.16955e-19
0.96 0 -1.38328e-18 2.46289e-05 -3.02047e-06 0.0002096 -2.17754e-18
0.98 0 6.3299e-19 2.13196e-05 -2.92402e-06 0.000181437 -8.98775e-19
1 0 -5.31766e-19 1.73489e-05 -2.74353e-06 0.000147646 -1.97305e-18
1.02 0 1.42532e-18 1.39179e-05 -2.54522e-06 0.000118446 9.06385e-19
1.04 0 -4.1403e-19 1.16759e-05 -2.37572e-06 9.93659e-05 6.99604e-20
1.06 0 1.32711e-19 1.06953e-05 -2.25117e-06 9.10211e-05 3.38064e-19
1.08 0 -3.25874e-19 1.08707e-05 -2.15514e-06 9.25134e-05 -3.20267e-19
1.1 0 2.2269e-19 1.18496e-05 -2.02202e-06 0.000100844 1.29611e-19
1.12 0 3.153e-20 1.26712e-05 -1.7452e-06 0.000107837 1.93308e-19
1.14 0 7.36171e-19 1.21073e-05 -1.24853e-06 0.000103038 1.68052e-18
1.16 0 -7.94568e-19 9.6855e-06 -5.68947e-07 8.2427e-05 7.53341e-20
1.18 0 5.81565e-19 6.22811e-06 1.30001e-07 5.30034e-05 1.25021e-18
1.2 0 -8.32533e-19 3.17411e-06 6.50814e-07 2.70128e-05 -4.31672e-19
1.22 0 1.98848e-18 1.29181e-06 9.27279e-07 1.09938e-05 3.58546e-18
1.24 0 -2.42323e-20 1.66341e-07 1.10419e-06 1.41562e-06 3.5365e-18
1.26 0 -1.39331e-18 -1.00621e-06 1.40222e-06 -8.56319e-06 7.21727e-19
1.28 0 -4.23039e-19 -2.50311e-06 1.91132e-06 -2.13023e-05 -1.32896e-19
1.3 0 1.66656e-19 -4.20465e-06 2.53938e-06 -3.5783e-05 2.03783e-19
1.32 0 4.20325e-19 -6.07803e-06 3.09444e-06 -5.17262e-05 1.05292e-18
1.34 0 3.79033e-19 -7.89616e-06 3.36982e-06 -6.71991e-05 1.81865e-18
1.36 0 -3.76117e-19 -8.78406e-06 3.22667e-06 -7.47554e-05 1.05882e-18
1.38 0 -1.33006e-19 -7.76015e-06 2.67031e-06 -6.60416e-05 7.90117e-19
1.4 0 -2.04392e-19 -4.68274e-06 1.83272e-06 -3.98517e-05 3.77205e-19
1.42 0 8.4664e-20 -5.84094e-08 8.58715e-07 -4.97084e-07 5.48243e-19
1.44 0 -9.11102e-19 5.94542e-06 -1.63361e-07 5.05976e-05 -1.29237e-18
1.46 0 3.61621e-19 1.33493e-05 -1.14755e-06 0.000113607 -5.61819e-19
1.48 0 6.82863e-19 2.10833e-05 -1.95504e-06 0.000179427 8.17702e-19
1.5 0 9.08394e-19 2.693e-05 -2.47793e-06 0.000229183 2.65284e-18
1.52 0 -1.68436e-18 2.9395e-05 -2.7852e-06 0.000250162 -7.49906e-19
1.54 0 -1.32885e-18 2.92411e-05 -3.14204e-06 0.000248852 -3.43446e-18
1.56 0 8.61214e-19 2.88848e-05 -3.84081e-06 0.000245819 -1.69463e-18
1.58 0 -1.02095e-18 3.04415e-05 -4.94011e-06 0.000259068 -3.75716e-18
1.6 0 1.45778e-18 3.40854e-05 -6.11292e-06 0.000290079 -8.12154e-19
1.62 0 3.19247e-20 3.77042e-05 -6.79785e-06 0.000320876 -7.4766e-19
1.64 0 -1.81905e-18 3.82066e-05 -6.593e-06 0.000325151 -4.42252e-18
1.66 0 2.57015e-18 3.38969e-05 -5.54947e-06 0.000288474 7.69709e-19
1.68 0 -4.3519e-19 2.60482e-05 -4.11554e-06 0.000221679 -1.09464e-19
1.7 0 9.63672e-20 1.80378e-05 -2.82483e-06 0.000153508 8.52177e-20
1.72 0 4.70632e-20 1.26349e-05 -1.98244e-06 0.000107527 1.80295e-19
1.74 0 9.16294e-20 9.81862e-06 -1.52632e-06 8.35599e-05 3.65405e-19
1.76 0 -1.95508e-19 6.93882e-06 -1.12128e-06 5.90518e-05 -2.95613e-20
1.78 0 -5.25778e-20 1.09605e-06 -4.25058e-07 9.32775e-06 -1.35779e-19
1.8 0 5.26206e-20 -8.08689e-06 6.64729e-07 -6.88223e-05 -2.94749e-20
1.82 0 5.99528e-19 -1.78232e-05 1.98894e-06 -0.000151681 1.18169e-18
1.84 0 8.67695e-19 -2.47539e-05 3.33129e-06 -0.000210664 2.93461e-18
1.86 0 -7.77528e-19 -2.84733e-05 4.60289e-06 -0.000242318 1.36385e-18
1.88 0 -8.00175e-19 -3.20209e-05 5.80112e-06 -0.000272509 -2.52667e-19
1.9 0 -1.6693e-18 -3.84773e-05 6.83961e-06 -0.000327455 -3.62498e-18
1.92 0 1.11111e-18 -4.7334e-05 7.49906e-06 -0.000402828 -1.38032e-18
1.94 0 -1.26358e-18 -5.45372e-05 7.57115e-06 -0.000464131 -3.93301e-18
1.96 0 7.45073e-19 -5.60549e-05 7.05224e-06 -0.000477046 -2.42781e-18
1.98 0 -1.34153e-18 -5.14508e-05 6.21744e-06 -0.000437864 -5.13797e-18
2 0 1.51414e-19 -4.427e-05 5.48698e-06 -0.000376753 -4.83208e-18
2.02 0 -1.65934e-18 -3.89245e-05 5.13012e-06 -0.000331261 -8.18428e-18
2.04 0 3.37697e-18 -3.67349e-05 5.02441e-06 -0.000312627 -1.36212e-18
2.06 0 -9.26465e-20 -3.46585e-05 4.7135e-06 -0.000294956 -1.54929e-18
2.08 0 4.4385e-19 -2.80062e-05 3.75425e-06 -0.000238343 -6.52624e-19
2.1 0 -1.49936e-18 -1.47475e-05 2.06333e-06 -0.000125507 -3.68163e-18
2.12 0 2.68284e-18 2.52488e-06 -1.57865e-08 2.14876e-05 1.73825e-18
2.14 0 -1.84946e-19 1.8641e-05 -1.94918e-06 0.000158641 1.36462e-18
2.16 0 2.80789e-19 2.99085e-05 -3.35461e-06 0.000254532 1.93187e-18
2.18 0 -1.57899e-18 3.65697e-05 -4.20339e-06 0.000311221 -1.25802e-18
2.2 0 6.27503e-19 4.16619e-05 -4.7467e-06 0.000354557 9.66159e-21
2.22 0 -1.00638e-18 4.76012e-05 -5.25071e-06 0.000405103 -2.02343e-18
2.24 0 7.82734e-19 5.38735e-05 -5.7907e-06 0.000458482 -4.42149e-19
2.26 0 -3.72829e-19 5.79127e-05 -6.2674e-06 0.000492857 -1.19534e-18
2.28 0 -1.97114e-18 5.79089e-05 -6.56136e-06 0.000492825 -5.17744e-18
2.3 0 1.27689e-18 5.46564e-05 -6.64792e-06 0.000465145 -2.59786e-18
2.32 0 -3.94478e-19 5.09429e-05 -6.60303e-06 0.000433542 -3.39479e-18
2.34 0 6.05547e-19 4.92366e-05 -6.52401e-06 0.00041902 -2.17146e-18
2.36 0 4.53134e-18 4.96005e-05 -6.42474e-06 0.000422118 6.98277e-18
2.38 0 -2.4227e-18 4.95996e-05 -6.20745e-06 0.00042211 2.08843e-18
2.4 0 -2.6376e-18 4.6444e-05 -5.76391e-06 0.000395255 -3.24004e-18
2.42 0 -4.60853e-20 3.9519e-05 -5.10013e-06 0.00033632 -3.33314e-18
2.44 0 2.08189e-18 3.09075e-05 -4.3375e-06 0.000263034 8.72698e-19
2.46 0 -5.51369e-19 2.3449e-05 -3.59312e-06 0.000199559 -2.4118e-19
2.48 0 -2.26371e-19 1.83019e-05 -2.87123e-06 0.000155756 -6.98495e-19
2.5 0 1.09073e-18 1.42658e-05 -2.06637e-06 0.000121407 1.50501e-18
2.52 0 -6.68602e-19 9.16909e-06 -1.06644e-06 7.80321e-05 1.54297e-19
2.54 0 9.13373e-19 1.78233e-06 1.38069e-07 1.51683e-05 1.99949e-18
2.56 0 9.60904e-19 -7.29064e-06 1.42502e-06 -6.20459e-05 3.94071e-18
2.58 0 5.50796e-19 -1.61622e-05 2.60851e-06 -0.000137546 5.05343e-18
2.6 0 -2.33523e-18 -2.31226e-05 3.55815e-06 -0.000196781 3.35806e-19
2.62 0 2.33469e-18 -2.78948e-05 4.28538e-06 -0.000237395 5.05235e-18
2.64 0 1.33755e-18 -3.15342e-05 4.91333e-06 -0.000268367 7.75448e-18
2.66 0 -3.0536e-18 -3.49532e-05 5.54075e-06 -0.000297464 1.58559e-18
2.68 0 -4.35881e-19 -3.75128e-05 6.12623e-06 -0.000319247 7.0502e-19
2.7 0 -3.50783e-18 -3.71867e-05 6.49963e-06 -0.000316472 -6.38151e-18
2.72 0 3.3194e-18 -3.23737e-05 6.48542e-06 -0.000275512 3.24359e-19
2.74 0 -4.72564e-19 -2.38673e-05 6.04531e-06 -0.000203119 -6.30316e-19
2.76 0 2.72251e-19 -1.49676e-05 5.3266e-06 -0.000127379 -8.03127e-20
2.78 0 5.7808e-19 -9.04941e-06 4.54073e-06 -7.70137e-05 1.08753e-18
2.8 0 -1.00477e-18 -6.58655e-06 3.7602e-06 -5.60538e-05 -9.42322e-19
2.82 0 -2.50448e-19 -4.83787e-06 2.86564e-06 -4.11719e-05 -1.44828e-18
2.84 0 5.64138e-19 -7.61527e-07 1.71864e-06 -6.48086e-06 -3.08604e-19
2.86 0 1.00486e-18 6.11438e-06 3.30135e-07 5.20355e-05 1.72142e-18
2.88 0 7.88781e-20 1.39926e-05 -1.1875e-06 0.000119082 1.88077e-18
2.9 0 3.11039e-18 2.12692e-05 -2.77011e-06 0.000181008 8.16438e-18
2.92 0 -1.9647e-18 2.77378e-05 -4.42479e-06 0.000236059 4.19528e-18
2.94 0 1.2165e-19 3.34286e-05 -6.12768e-06 0.000284489 4.44103e-18
2.96 0 -1.41646e-18 3.72058e-05 -7.75235e-06 0.000316634 1.57951e-18
2.98 0 -2.63098e-18 3.71455e-05 -9.08818e-06 0.000316121 -3.73561e-18
3 0 -2.77793e-18 3.22732e-05 -9.92231e-06 0.000274656 -9.34758e-18
3.02 0 3.99764e-18 2.38277e-05 -1.01627e-05 0.000202782 -1.27154e-18
3.04 0 6.65248e-19 1.48089e-05 -9.9215e-06 0.000126029 7.24e-20
3.06 0 -2.17207e-18 8.00225e-06 -9.43789e-06 6.81019e-05 -4.31562e-18
3.08 0 3.21237e-18 3.94637e-06 -8.87994e-06 3.3585e-05 2.17401e-18
3.1 0 2.08806e-19 6.42915e-07 -8.22907e-06 5.47143e-06 2.59584e-18
3.12 0 5.43877e-19 -4.5252e-06 -7.34917e-06 -3.8511e-05 3.69458e-18
3.14 0 -2.49735e-18 -1.24601e-05 -6.11465e-06 -0.00010604 -1.35056e-18
3.16 0 5.30811e-19 -2.20913e-05 -4.44756e-06 -0.000188005 -2.78217e-19
3.18 0 2.93556e-19 -3.23404e-05 -2.29023e-06 -0.000275228 3.14826e-19
3.2 0 3.32139e-19 -4.35406e-05 3.61371e-07 -0.000370545 9.85813e-19
3.22 0 -2.1534e-19 -5.62193e-05 3.35728e-06 -0.000478446 5.50783e-19
3.24 0 8.73025e-19 -6.90167e-05 6.3806e-06 -0.000587356 2.31447e-18
3.26 0 1.44919e-20 -7.90042e-05 9.1116e-06 -0.000672354 2.34375e-18
3.28 0 2.87301e-18 -8.42895e-05 1.14149e-05 -0.000717333 8.1478e-18
3.3 0 -1.07091e-19 -8.55277e-05 1.33356e-05 -0.00072787 7.93145e-18
3.32 0 -6.36764e-18 -8.46352e-05 1.4933e-05 -0.000720275 -4.93247e-18
3.34 0 6.56916e-18 -8.26968e-05 1.6171e-05 -0.000703778 8.33856e-18
3.36 0 -6.69384e-18 -7.94408e-05 1.69554e-05 -0.000676069 -5.18434e-18
3.38 0 1.30513e-17 -7.41956e-05 1.72215e-05 -0.000631431 2.11818e-17
3.4 0 -1.05643e-17 -6.67791e-05 1.69634e-05 -0.000568313 -1.60127e-19
3.42 0 -4.38889e-19 -5.73627e-05 1.61872e-05 -0.000488176 -1.04677e-18
3.44 0 1.70714e-19 -4.56412e-05 1.48315e-05 -0.000388423 -7.01896e-19
3.46 0 6.27e-18 -3.05261e-05 1.27563e-05 -0.000259788 1.19648e-17
3.48 0 -4.16278e-18 -1.11523e-05 9.8715e-06 -9.49097e-05 3.55511e-18
3.5 0 2.66615e-19 1.16853e-05 6.29876e-06 9.94458e-05 4.09372e-18
3.52 0 3.70465e-19 3.53656e-05 2.37496e-06 0.000300973 4.84214e-18
3.54 0 -6.08492e-19 5.68809e-05 -1.52796e-06 0.000484077 3.61286e-18
3.56 0 3.20634e-19 7.4536e-05 -5.19451e-06 0.000634327 4.26061e-18
3.58 0 3.85913e-18 8.86141e-05 -8.62427e-06 0.000754137 1.20568e-17
3.6 0 -3.56829e-18 0.000100752 -1.1943e-05 0.000857433 4.84815e-18
3.62 0 2.03282e-18 0.000112389 -1.52228e-05 0.000956472 8.95485e-18
3.64 0 -7.91997e-19 0.000123204 -1.8326e-05 0.00104851 7.35486e-18
3.66 0 2.11875e-18 0.00013101 -2.09256e-05 0.00111494 1.16352e-17
3.68 0 4.36402e-18 0.000133763 -2.27199e-05 0.00113837 2.04514e-17
3.7 0 -9.40109e-18 0.000131911 -2.36458e-05 0.00112261 1.45928e-18
3.72 0 -1.37468e-17 0.00012824 -2.38649e-05 0.00109136 -2.6312e-17
3.74 0 1.52695e-17 0.000124868 -2.35442e-05 0.00106267 4.53546e-18
3.76 0 -7.627e-18 0.000120569 -2.26712e-05 0.00102608 -1.08726e-17
3.78 0 7.45683e-19 0.000111519 -2.10715e-05 0.000949065 -9.36619e-18
3.8 0 1.61694e-18 9.4711e-05 -1.85721e-05 0.000806023 -6.09964e-18
3.82 0 1.88799e-18 7.05552e-05 -1.51522e-05 0.000600449 -2.28552e-18
3.84 0 7.16109e-19 4.25066e-05 -1.09923e-05 0.000361746 -8.38831e-19
3.86 0 1.61966e-18 1.4595e-05 -6.40125e-06 0.000124209 2.43321e-18
3.88 0 7.22354e-19 -1.09957e-05 -1.66228e-06 -9.35768e-05 3.89251e-18
3.9 0 -2.80489e-18 -3.47268e-05 3.07717e-06 -0.000295537 -1.77394e-18
3.92 0 -2.91006e-18 -5.83726e-05 7.74987e-06 -0.000496771 -7.65284e-18
3.94 0 -4.64453e-19 -8.24333e-05 1.22074e-05 -0.000701536 -8.59113e-18
3.96 0 8.28515e-18 -0.000104517 1.61532e-05 -0.000889475 8.14656e-18
3.98 0 -2.16613e-18 -0.000120455 1.92594e-05 -0.00102512 3.77054e-18
4 0 -6.34354e-18 -0.000127329 2.13494e-05 -0.00108361 -9.04469e-18
4.02 0 -7.68007e-18 -0.000125574 2.24807e-05 -0.00106868 -2.456e-17
4.04 0 8.26213e-18 -0.000118269 2.2865e-05 -0.00100651 -7.8688e-18
4.06 0 5.56665e-18 -0.000108383 2.26703e-05 -0.00092238 3.37695e-18
4.08 0 7.03036e-18 -9.66212e-05 2.18528e-05 -0.00082228 1.75797e-17
4.1 0 2.32868e-19 -8.18653e-05 2.01967e-05 -0.000696702 1.80501e-17
4.12 0 -2.20304e-18 -6.35474e-05 1.75511e-05 -0.00054081 1.35996e-17
4.14 0 -4.78274e-18 -4.31465e-05 1.40112e-05 -0.000367192 3.93746e-18
4.16 0 -5.18453e-18 -2.32031e-05 9.87011e-06 -0.000197466 -6.53633e-18
4.18 0 4.77871e-18 -5.44906e-06 5.46567e-06 -4.63734e-05 3.11762e-18
4.2 0 -1.61329e-18 9.65998e-06 1.09462e-06 8.22098e-05 -1.41558e-19
4.22 0 7.90945e-19 2.23124e-05 -3.04316e-06 0.000189886 1.45631e-18
4.24 0 6.93973e-18 3.32664e-05 -6.92899e-06 0.000283109 1.5476e-17
4.26 0 -1.33924e-17 4.41205e-05 -1.07151e-05 0.00037548 -1.15793e-17
4.28 0 -9.80233e-19 5.64901e-05 -1.45449e-05 0.00048075 -1.35596e-17
4.3 0 6.48875e-18 7.05143e-05 -1.83795e-05 0.000600101 -4.51037e-19
4.32 0 -7.60833e-18 8.4566e-05 -2.19957e-05 0.000719686 -1.58214e-17
4.34 0 -1.31313e-18 9.64345e-05 -2.50733e-05 0.000820691 -1.84742e-17
4.36 0 1.7956e-18 0.000104526 -2.72664e-05 0.000889551 -1.48467e-17
4.38 0 1.10535e-17 0.000108265 -2.82995e-05 0.000921372 7.48366e-18
4.4 0 -6.25423e-18 0.000107794 -2.80651e-05 0.000917368 -5.15115e-18
4.42 0 7.82583e-18 0.000102947 -2.65762e-05 0.000876111 1.06586e-17
4.44 0 4.75482e-19 9.20346e-05 -2.382e-05 0.000783246 1.16192e-17
4.46 0 -8.29693e-18 7.19824e-05 -1.97481e-05 0.000612595 -5.14229e-18
4.48 0 3.5676e-18 4.03918e-05 -1.44309e-05 0.000343748 2.06497e-18
4.5 0 -5.91611e-19 -2.03083e-06 -8.15646e-06 -1.7283e-05 8.69801e-19
4.52 0 -1.24996e-18 -5.086e-05 -1.36128e-06 -0.000432836 -1.65536e-18
4.54 0 -6.7909e-19 -9.98111e-05 5.51552e-06 -0.000849427 -3.02726e-18
4.56 0 -5.20544e-18 -0.000143851 1.21749e-05 -0.00122422 -1.35433e-17
4.58 0 3.97908e-18 -0.000181437 1.85463e-05 -0.00154409 -5.50477e-18
4.6 0 -1.02755e-17 -0.000214234 2.47243e-05 -0.00182321 -2.62634e-17
4.62 0 -7.07764e-18 -0.000244397 3.0731e-05 -0.00207991 -4.05617e-17
4.64 0 2.39328e-17 -0.000271592 3.62931e-05 -0.00231135 7.78743e-18
4.66 0 -1.9408e-17 -0.00029249 4.08821e-05 -0.00248919 -3.14207e-17
4.68 0 2.95908e-18 -0.000303131 4.40044e-05 -0.00257975 -1.2418e-17
4.7 0 1.40857e-18 -0.000301476 4.54447e-05 -0.00256567 6.83505e-18
4.72 0 -3.59978e-18 -0.000287591 4.52522e-05 -0.0024475 1.7474e-17
4.74 0 1.17874e-17 -0.000262095 4.35734e-05 -0.00223052 4.1287e-17
4.76 0 3.2111e-19 -0.000225115 4.05262e-05 -0.00191581 4.19357e-17
4.78 0 -1.43616e-17 -0.000176593 3.61644e-05 -0.00150287 1.29224e-17
4.8 0 9.87285e-18 -0.000117366 3.0535e-05 -0.000998828 3.28675e-17
4.82 0 -2.86771e-17 -5.03714e-05 2.38283e-05 -0.000428678 -2.5066e-17
4.84 0 2.80056e-17 1.902e-05 1.64655e-05 0.000161867 3.15109e-17
4.86 0 -2.20525e-17 8.45311e-05 8.95544e-06 0.000719389 -1.30396e-17
4.88 0 5.70493e-18 0.000141728 1.63918e-06 0.00120615 -1.51452e-18
4.9 0 3.67852e-18 0.000189935 -5.40631e-06 0.00161641 5.91683e-18
4.92 0 1.62015e-18 0.000232252 -1.22872e-05 0.00197654 6.57869e-18
4.94 0 -1.06898e-18 0.000274094 -1.91873e-05 0.00233264 4.78882e-20
4.96 0 -1.00124e-18 0.000320582 -2.62436e-05 0.00272826 1.25959e-18
4.98 0 7.63553e-18 0.000373233 -3.336e-05 0.00317634 1.68725e-17
5 0 -4.15805e-18 0.000427906 -4.01062e-05 0.00364163 2.75219e-18
5.02 0 -5.29279e-18 0.000476167 -4.58591e-05 0.00405234 1.0413e-17
5.04 0 -1.56689e-18 0.000509508 -5.00766e-05 0.00433609 2.34149e-17
5.06 0 -5.5872e-18 0.000523278 -5.24911e-05 0.00445328 1.55757e-17
5.08 0 1.45399e-17 0.000517693 -5.31466e-05 0.00440575 1.29546e-17
5.1 0 -3.89915e-17 0.000495829 -5.2296e-05 0.00421967 -4.46913e-17
5.12 0 1.73181e-17 0.000460341 -5.01811e-05 0.00391766 6.79064e-19
5.14 0 -1.58936e-17 0.000411222 -4.68222e-05 0.00349964 -1.41647e-17
5.16 0 2.34085e-17 0.000346131 -4.20174e-05 0.0029457 3.31252e-17
5.18 0 -2.19465e-17 0.000262793 -3.55597e-05 0.00223646 -1.12112e-17
5.2 0 4.45245e-18 0.000160931 -2.74234e-05 0.00136958 -2.21634e-18
5.22 0 -2.51119e-17 4.188e-05 -1.77411e-05 0.000356413 -5.29475e-17
5.24 0 -3.73596e-18 -9.30014e-05 -6.683e-06 -0.000791474 -5.55245e-17
5.26 0 1.02051e-17 -0.00024205 5.5369e-06 -0.00205993 -2.27255e-17
5.28 0 9.95354e-19 -0.000399962 1.84562e-05 -0.00340382 2.90786e-18
5.3 0 5.79978e-19 -0.000554315 3.11556e-05 -0.00471741 1.0427e-17
5.32 0 5.17046e-19 -0.000686691 4.23576e-05 -0.00584398 -6.12983e-20
5.34 0 2.78663e-18 -0.000779663 5.09484e-05 -0.0066352 2.54485e-18
5.36 0 5.12882e-18 -0.000825004 5.66262e-05 -0.00702107 -6.30213e-18
5.38 0 1.04429e-17 -0.000826684 6.01523e-05 -0.00703537 5.28913e-18
5.4 0 -3.22434e-18 -0.000796515 6.28263e-05 -0.00677862 -3.59169e-18
5.42 0 7.05667e-18 -0.00074644 6.53375e-05 -0.00635247 2.30742e-17
5.44 0 1.47154e-17 -0.000685122 6.71257e-05 -0.00583062 1.33537e-18
5.46 0 8.8188e-18 -0.000621186 6.72876e-05 -0.00528651 -2.27884e-17
5.48 0 3.38951e-17 -0.000564538 6.59392e-05 -0.00480441 1.85855e-17
5.5 0 -2.88e-17 -0.000518532 6.40466e-05 -0.00441289 -3.60002e-17
5.52 0 9.5724e-18 -0.00047137 6.18484e-05 -0.00401152 -7.04932e-18
5.54 0 -2.93765e-17 -0.000401125 5.80703e-05 -0.00341371 -4.79507e-17
5.56 0 7.57179e-18 -0.000292886 5.11429e-05 -0.00249256 4.91434e-18
5.58 0 2.93351e-18 -0.000150386 4.0927e-05 -0.00127983 2.29388e-18
5.6 0 8.25903e-18 7.88888e-06 2.89466e-05 6.71371e-05 1.05073e-17
5.62 0 -6.03944e-18 0.000159805 1.7143e-05 0.00135999 -1.05429e-18
5.64 0 3.74979e-19 0.00028673 6.66812e-06 0.00244017 8.25758e-19
5.66 0 -2.37959e-18 0.000376497 -2.34321e-06 0.00320412 1.49103e-18
5.68 0 1.21749e-17 0.000426605 -1.03547e-05 0.00363056 1.98902e-17
5.7 0 -8.86657e-18 0.000446249 -1.80529e-05 0.00379774 2.95188e-18
5.72 0 1.87293e-17 0.000452643 -2.61891e-05 0.00385215 -3.79113e-17
5.74 0 -6.22056e-18 0.000462182 -3.53306e-05 0.00393333 -2.66613e-17
5.76 0 -1.987e-17 0.000482554 -4.53835e-05 0.0041067 -4.11396e-17
5.78 0 -1.14534e-17 0.000511086 -5.53024e-05 0.00434952 -1.50772e-18
5.8 0 1.13893e-18 0.000539272 -6.34922e-05 0.00458939 -5.60379e-18
5.82 0 -2.39265e-18 0.000558932 -6.87385e-05 0.0047567 1.6282e-17
5.84 0 -8.51679e-18 0.000565112 -7.08362e-05 0.0048093 -9.23607e-19
5.86 0 5.08488e-19 0.000554692 -7.0243e-05 0.00472063 1.03642e-19
5.88 0 -5.19178e-18 0.00052444 -6.71081e-05 0.00446317 -1.03848e-17
5.9 0 -2.60417e-18 0.000472644 -6.08747e-05 0.00402237 -1.56458e-17
5.92 0 4.6476e-18 0.000402981 -5.10617e-05 0.00342951 -3.2505e-17
5.94 0 -5.89042e-18 0.000324792 -3.82381e-05 0.00276409 -6.13342e-17
5.96 0 3.3579e-17 0.000247275 -2.38237e-05 0.0021044 2.15184e-17
5.98 0 -4.92239e-17 0.000172094 -8.85561e-06 0.00146458 -2.84701e-17
6 0 2.27893e-17 9.041e-05 6.84978e-06 0.000769421 4.1565e-17
6.02 0 7.37685e-18 -1.35195e-05 2.42873e-05 -0.000115056 -5.80581e-17
6.04 0 5.91679e-17 -0.000153389 4.41144e-05 -0.00130539 9.11772e-17
6.06 0 -2.91871e-17 -0.000329469 6.57134e-05 -0.0028039 7.75293e-18
6.08 0 3.79988e-18 -0.000520544 8.69335e-05 -0.00443001 3.08776e-17
6.1 0 -2.59169e-17 -0.00068668 0.000104531 -0.00584389 -2.68361e-18
6.12 0 1.58975e-18 -0.000786118 0.000115252 -0.00669014 -5.1308e-18
6.14 0 -4.46058e-19 -0.000798819 0.00011727 -0.00679823 6.43606e-18
6.16 0 4.57613e-18 -0.000740197 0.000111109 -0.00629933 1.07944e-17
6.18 0 2.01214e-18 -0.000652334 9.9108e-05 -0.00555159 -8.42349e-18
6.2 0 8.09325e-18 -0.000577104 8.37216e-05 -0.00491136 -4.6616e-18
6.22 0 7.28071e-18 -0.000531606 6.62385e-05 -0.00452415 -3.42784e-17
6.24 0 -3.79214e-17 -0.000504376 4.70641e-05 -0.00429241 -9.47695e-17
6.26 0 6.75287e-17 -0.00047007 2.64085e-05 -0.00400046 -2.43307e-17
6.28 0 -2.67682e-17 -0.00040416 3.62225e-06 -0.00343955 2.15013e-16
6.3 0 8.23089e-17 -0.000288473 -2.32194e-05 -0.002455 1.00246e-16
6.32 0 8.08744e-17 -0.000114349 -5.52794e-05 -0.000973153 2.42307e-16
6.34 0 9.17467e-17 0.000113997 -9.157e-05 0.000970156 2.25987e-16
6.36 0 1.70509e-17 0.000380179 -0.000130595 0.00323546 1.50091e-16
6.38 0 -1.33984e-16 0.000657553 -0.000171086 0.005596 -3.57037e-17
6.4 0 -2.09449e-17 0.000910575 -0.000209838 0.00774931 -7.77366e-17
6.42 0 4.59084e-17 0.00110289 -0.000241073 0.00938601 1.13442e-16
6.44 0 -3.05942e-17 0.001213 -0.000259873 0.0103231 2.47159e-17
6.46 0 -1.04302e-18 0.00124119 -0.000263855 0.0105629 -2.56616e-17
6.48 0 9.31191e-18 0.00120236 -0.000251896 0.0102325 2.03014e-16
6.5 0 -1.17337e-17 0.00111805 -0.000225439 0.00951497 6.93582e-18
6.52 0 -1.57013e-17 0.00101274 -0.0001908 0.00861879 -6.71967e-17
6.54 0 -1.26776e-17 0.000910184 -0.000157789 0.00774599 -2.09857e-17
6.56 0 -1.88299e-17 0.000825999 -0.000134266 0.00702954 -2.3165e-17
6.58 0 1.83767e-19 0.000762191 -0.00012152 0.00648651 6.25402e-18
6.6 0 -3.32817e-18 0.000705967 -0.000114522 0.00600803 9.72221e-18
6.62 0 -2.43145e-17 0.000630113 -0.00010496 0.00536248 -2.95228e-17
6.64 0 2.39103e-17 0.000502897 -8.4649e-05 0.00427983 1.17158e-17
6.66 0 -3.92321e-17 0.000310789 -4.92905e-05 0.00264493 -7.73729e-17
6.68 0 4.67786e-17 7.3974e-05 -8.74517e-07 0.000629545 8.45045e-17
6.7 0 -7.53121e-17 -0.00016604 5.39411e-05 -0.00141306 -5.09676e-17
6.72 0 -5.23254e-17 -0.000375298 0.000108039 -0.00319392 3.12e-18
6.74 0 4.92113e-20 -0.000542024 0.000156179 -0.00461282 -3.37568e-17
6.76 0 -4.85609e-17 -0.000668008 0.000194187 -0.00568498 -5.68992e-17
6.78 0 1.05632e-16 -0.00075581 0.000218064 -0.0064322 2.46503e-16
6.8 0 9.80034e-17 -0.000809375 0.000226241 -0.00688807 2.4428e-16
6.82 0 -8.25968e-17 -0.000840509 0.000222119 -0.00715302 -1.85188e-16
6.84 0 3.07212e-19 -0.000865803 0.000212207 -0.00736828 1.9601e-16
6.86 0 -1.11243e-16 -0.000894677 0.000200853 -0.00761402 -2.0223e-16
6.88 0 -7.52831e-18 -0.000925897 0.000189121 -0.00787971 -2.99799e-16
6.9 0 5.46744e-17 -0.000956277 0.000178977 -0.00813825 -2.00431e-16
6.92 0 -4.08813e-18 -0.00097998 0.000172497 -0.00833997 -1.20982e-16
6.94 0 4.53752e-17 -0.000985981 0.000169155 -0.00839104 4.75597e-17
6.96 0 6.94597e-18 -0.000966233 0.000167018 -0.00822298 -8.43813e-18
6.98 0 -2.77432e-17 -0.000919132 0.000162678 -0.00782214 2.58266e-17
7 0 -1.00682e-17 -0.000846552 0.000151263 -0.00720445 -4.9532e-18
7.02 0 -2.96804e-18 -0.000748316 0.000128737 -0.00636843 4.89792e-18
7.04 0 -1.98098e-17 -0.000616581 9.3188e-05 -0.00524732 3.44841e-17
7.06 0 -1.14162e-17 -0.000439225 4.47978e-05 -0.00373796 4.3446e-19
7.08 0 3.66388e-18 -0.000212841 -1.32291e-05 -0.00181135 -9.02725e-18
7.1 0 7.01125e-18 4.63085e-05 -7.39737e-05 0.000394102 -5.12623e-17
7.12 0 -3.51522e-17 0.000304808 -0.00012832 0.00259402 -5.63239e-18
7.14 0 2.19655e-17 0.000526834 -0.00016797 0.00448354 1.27792e-17
7.16 0 2.72621e-17 0.000689801 -0.00018867 0.00587045 7.62931e-17
7.18 0 -6.1616e-17 0.000789466 -0.000191793 0.00671863 -5.83726e-17
7.2 0 6.42634e-17 0.000831921 -0.000182115 0.00707994 5.16131e-17
7.22 0 -3.23669e-17 0.000824809 -0.000164727 0.00701942 4.67207e-17
7.24 0 -2.1883e-17 0.000778332 -0.000144772 0.00662387 -6.18846e-17
7.26 0 -5.20981e-18 0.000708738 -0.000127323 0.00603161 -6.09944e-17
7.28 0 1.11126e-17 0.00063722 -0.000115889 0.00542296 -1.09405e-16
7.3 0 3.34673e-17 0.000584336 -0.000111131 0.00497291 -3.85166e-17
7.32 0 4.50661e-18 0.000562368 -0.000110775 0.00478595 -2.49503e-18
7.34 0 -3.00833e-19 0.000570525 -0.000110995 0.00485537 -1.1811e-17
7.36 0 -1.86038e-18 0.000594171 -0.000107607 0.0050566 -3.33789e-17
7.38 0 2.80645e-17 0.000606829 -9.56684e-05 0.00516433 -1.67403e-17
7.4 0 -6.17797e-18 0.000577791 -7.00114e-05 0.00491721 -5.12445e-18
7.42 0 4.7285e-19 0.000486979 -2.8917e-05 0.00414436 -3.03922e-17
7.44 0 -2.26351e-17 0.000337313 2.25993e-05 0.00287065 -4.89213e-17
7.46 0 3.62539e-17 0.000151783 7.47361e-05 0.00129173 -5.04989e-17
7.48 0 1.12723e-17 -4.20037e-05 0.000118666 -0.000357466 -3.35084e-17
7.5 0 5.33243e-17 -0.000223648 0.000150159 -0.00190332 2.47964e-17
7.52 0 -1.2925e-17 -0.000380368 0.000168669 -0.00323706 3.81412e-17
7.54 0 -3.91696e-17 -0.000503629 0.00017494 -0.00428606 -7.76994e-17
7.56 0 4.62116e-17 -0.000589854 0.000170331 -0.00501986 6.04029e-17
7.58 0 -1.67699e-17 -0.000642726 0.000157589 -0.00546983 6.6207e-17
7.6 0 3.0615e-18 -0.000670741 0.000140711 -0.00570824 1.63996e-17
7.62 0 -2.6141e-17 -0.000680836 0.00012313 -0.00579415 -3.42615e-17
7.64 0 8.826e-18 -0.000675619 0.000106385 -0.00574975 -2.9411e-17
7.66 0 9.64615e-18 -0.0006568 9.08497e-05 -0.0055896 8.45188e-18
7.68 0 -2.47154e-18 -0.000628777 7.71165e-05 -0.00535111 1.63306e-17
7.7 0 -6.7214e-18 -0.000596436 6.57811e-05 -0.00507588 1.04833e-17
7.72 0 -5.95741e-18 -0.000558606 5.55763e-05 -0.00475393 -2.74396e-17
7.74 0 3.989e-18 -0.000502868 4.20817e-05 -0.00427959 1.86903e-18
7.76 0 7.26392e-18 -0.000408683 1.92635e-05 -0.00347803 -3.61044e-17
7.78 0 2.16026e-17 -0.000261377 -1.60661e-05 -0.00222441 -7.27323e-18
7.8 0 -3.3374e-17 -6.63705e-05 -6.05475e-05 -0.000564836 -1.19234e-16
7.82 0 -2.07597e-17 0.000150626 -0.000105578 0.00128188 -1.31788e-16
7.84 0 4.95019e-17 0.000357218 -0.000142464 0.00304005 4.06346e-17
7.86 0 2.31e-18 0.000527757 -0.000166081 0.00449139 1.7023e-17
7.88 0 8.06595e-18 0.000647352 -0.000174781 0.00550919 8.72903e-17
7.9 0 -1.61116e-17 0.000711227 -0.000169191 0.00605279 5.6677e-17
7.92 0 5.43699e-19 0.000725518 -0.000152056 0.00617441 -4.06992e-17
7.94 0 2.54981e-17 0.000706375 -0.000128185 0.00601149 -4.9758e-18
7.96 0 -2.74247e-18 0.000672959 -0.000103145 0.00572712 -2.14597e-18
7.98 0 -2.07507e-17 0.000638698 -8.1299e-05 0.00543554 -3.82537e-17
8 0 8.28826e-19 0.000608757 -6.47208e-05 0.00518074 -3.75318e-17
8.02 0 5.61688e-18 0.000583834 -5.33317e-05 0.00496864 -2.52876e-17
8.04 0 5.09259e-18 0.000563402 -4.56306e-05 0.00479474 7.11792e-19
8.06 0 4.85405e-18 0.000544314 -3.93102e-05 0.0046323 7.93495e-18
8.08 0 2.7719e-17 0.000517091 -3.11732e-05 0.00440062 3.26926e-17
8.1 0 -2.4108e-17 0.000465781 -1.71599e-05 0.00396396 -2.41389e-17
8.12 0 1.16291e-18 0.000375902 5.70455e-06 0.00319905 5.45267e-19
8.14 0 1.11627e-17 0.000245909 3.62643e-05 0.00209278 5.94278e-17
8.16 0 4.98278e-19 8.96657e-05 6.89452e-05 0.000763086 6.63629e-17
8.18 0 1.19352e-17 -7.40791e-05 9.74946e-05 -0.000630439 6.20684e-17
8.2 0 -4.22517e-17 -0.00023325 0.000118692 -0.00198504 -7.1963e-17
8.22 0 1.48717e-17 -0.000383464 0.00013218 -0.00326341 -4.80908e-17
8.24 0 8.43965e-18 -0.000521081 0.000137889 -0.00443458 -9.39247e-17
8.26 0 4.06898e-17 -0.000638347 0.000134946 -0.00543256 1.66205e-18
8.28 0 -2.95007e-17 -0.000725025 0.000122926 -0.00617021 -6.47487e-17
8.3 0 5.27634e-17 -0.000773432 0.000103393 -0.00658217 -1.25339e-17
8.32 0 7.63532e-19 -0.000782541 8.00561e-05 -0.00665969 -3.20367e-17
8.34 0 3.86297e-18 -0.000759045 5.76812e-05 -0.00645973 4.18044e-17
8.36 0 6.91758e-19 -0.000715057 4.05637e-05 -0.00608538 1.93174e-17
8.38 0 -6.42467e-18 -0.000663632 3.12156e-05 -0.00564774 8.10383e-18
8.4 0 -5.01202e-18 -0.000614671 2.97905e-05 -0.00523107 2.153e-18
8.42 0 1.92626e-18 -0.000573496 3.42401e-05 -0.00488065 -7.26065e-18
8.44 0 -3.07103e-18 -0.000540446 4.04166e-05 -0.00459938 2.59222e-18
8.46 0 2.03027e-17 -0.000507927 4.19101e-05 -0.00432264 9.27645e-18
8.48 0 -1.73536e-17 -0.000458913 3.16409e-05 -0.00390551 8.57944e-18
8.5 0 -2.00299e-17 -0.000374439 6.50932e-06 -0.00318661 -5.95723e-17
8.52 0 1.04651e-18 -0.000247189 -2.86253e-05 -0.00210366 -5.4576e-17
8.54 0 3.02961e-17 -8.82504e-05 -6.30055e-05 -0.000751042 -4.62537e-18
8.56 0 1.34564e-18 8.02388e-05 -8.70475e-05 0.00068286 5.89465e-17
8.58 0 -2.12694e-17 0.000237973 -9.72073e-05 0.00202524 -9.27062e-18
8.6 0 -1.17757e-17 0.000372069 -9.48623e-05 0.00316643 -7.02984e-18
8.62 0 1.45326e-17 0.000474906 -8.30582e-05 0.00404162 5.2413e-17
8.64 0 -1.22154e-18 0.000542378 -6.55239e-05 0.00461583 1.42641e-18
8.66 0 -8.69325e-18 0.000575204 -4.70505e-05 0.00489518 -4.04406e-17
8.68 0 2.76413e-17 0.000579546 -3.249e-05 0.00493214 -7.86964e-18
8.7 0 9.59237e-18 0.000565002 -2.47108e-05 0.00480836 2.13596e-17
8.72 0 1.35358e-18 0.000541686 -2.36554e-05 0.00460993 2.57856e-17
8.74 0 -2.70424e-18 0.000518014 -2.71377e-05 0.00440848 4.07896e-18
8.76 0 2.83699e-18 0.000499476 -3.23711e-05 0.00425072 1.34423e-18
8.78 0 1.16521e-17 0.000487878 -3.69868e-05 0.00415201 1.85103e-17
8.8 0 -2.87075e-18 0.000480629 -3.8916e-05 0.00409032 -1.37474e-17
8.82 0 2.34661e-18 0.000469944 -3.56283e-05 0.00399939 -2.66665e-18
8.84 0 3.05899e-18 0.000442488 -2.42249e-05 0.00376573 -5.04546e-17
8.86 0 -1.96454e-17 0.00038306 -3.55245e-06 0.00325997 -4.69937e-17
8.88 0 -1.15929e-17 0.000283378 2.32729e-05 0.00241165 -3.80499e-17
8.9 0 4.53802e-17 0.000148532 4.95898e-05 0.00126405 1.58242e-16
8.92 0 -4.98709e-17 -5.84058e-06 6.94453e-05 -4.97053e-05 -6.20201e-17
8.94 0 -6.37753e-18 -0.000161942 8.07016e-05 -0.00137819 -1.06964e-16
8.96 0 1.88239e-17 -0.000304856 8.38763e-05 -0.00259443 1.1828e-18
8.98 0 -6.20052e-18 -0.000422726 7.97276e-05 -0.00359754 1.85555e-19
9 0 -1.96935e-17 -0.000507673 6.94699e-05 -0.00432048 2.05261e-17
9.02 0 2.48133e-17 -0.000558652 5.63272e-05 -0.00475432 5.37557e-17
9.04 0 3.70879e-18 -0.000581326 4.49571e-05 -0.00494729 3.27053e-17
9.06 0 1.28002e-17 -0.000583447 3.87992e-05 -0.00496533 2.03365e-17
9.08 0 3.132e-18 -0.000570743 3.82647e-05 -0.00485722 7.38375e-18
9.1 0 -2.3877e-18 -0.00054746 4.13269e-05 -0.00465908 -2.88173e-18
9.12 0 1.36682e-17 -0.000519052 4.52904e-05 -0.00441731 1.12281e-17
9.14 0 2.01397e-17 -0.000491651 4.77761e-05 -0.00418412 -1.53511e-18
9.16 0 -1.4673e-18 -0.000467073 4.63667e-05 -0.00397496 -3.86605e-17
9.18 0 -6.54026e-18 -0.000437661 3.80026e-05 -0.00372464 6.59743e-18
9.2 0 -4.50038e-17 -0.000387397 1.98277e-05 -0.00329688 3.04577e-17
9.22 0 -8.68674e-18 -0.000302372 -7.99993e-06 -0.00257329 3.25497e-17
9.24 0 2.44523e-17 -0.000184052 -4.01012e-05 -0.00156635 5.55876e-17
9.26 0 8.63627e-18 -5.22911e-05 -6.78477e-05 -0.000445015 1.47215e-16
9.28 0 -6.4117e-17 6.73163e-05 -8.47409e-05 0.000572885 1.25371e-17
9.3 0 -3.96558e-17 0.00016122 -8.99783e-05 0.00137204 -1.93513e-17
9.32 0 -4.20863e-17 0.000234699 -8.71845e-05 0.00199737 4.54169e-18
9.34 0 -1.41226e-18 0.000302605 -8.08736e-05 0.00257527 6.85353e-18
9.36 0 -6.99192e-18 0.000373714 -7.44068e-05 0.00318044 5.06558e-17
9.38 0 -2.0053e-17 0.000442565 -6.98219e-05 0.00376638 6.86672e-18
9.4 0 -1.2304e-17 0.000494952 -6.7866e-05 0.00421221 -3.05864e-17
9.42 0 -1.50376e-18 0.00052103 -6.78797e-05 0.00443414 3.5194e-18
9.44 0 4.25846e-19 0.000523246 -6.82102e-05 0.00445301 -1.07339e-17
9.46 0 1.41884e-17 0.000512161 -6.7119e-05 0.00435867 -2.3725e-18
9.48 0 3.5589e-18 0.000496144 -6.3549e-05 0.00422236 -6.44987e-18
9.5 0 -1.52787e-19 0.000475836 -5.72287e-05 0.00404953 1.53376e-18
9.52 0 1.89623e-18 0.000446918 -4.81178e-05 0.00380343 7.90806e-18
9.54 0 1.79642e-18 0.00040541 -3.58113e-05 0.00345018 2.49885e-18
9.56 0 2.54233e-17 0.000348638 -1.95273e-05 0.00296703 4.28732e-17
9.58 0 -1.1391e-17 0.000272849 1.11955e-06 0.00232204 -9.42398e-18
9.6 0 2.17484e-17 0.000173637 2.50071e-05 0.00147771 2.13058e-17
9.62 0 3.33111e-18 5.0722e-05 4.91837e-05 0.000431662 5.79057e-17
9.64 0 2.13685e-17 -8.81768e-05 6.99449e-05 -0.000750415 1.09446e-16
9.66 0 5.11993e-18 -0.000229007 8.43805e-05 -0.00194893 3.85545e-17
9.68 0 -2.97415e-17 -0.000356344 9.10673e-05 -0.00303261 2.98863e-17
9.7 0 -1.12394e-17 -0.000456916 8.99713e-05 -0.00388851 -2.08683e-17
9.72 0 -1.79498e-17 -0.000521181 8.24638e-05 -0.00443543 -2.58949e-17
9.74 0 1.39415e-17 -0.000545263 7.13754e-05 -0.00464038 1.40794e-18
9.76 0 6.16993e-18 -0.000533114 6.02401e-05 -0.00453698 1.41229e-17
9.78 0 6.46752e-18 -0.000496203 5.18233e-05 -0.00422286 -5.5536e-18
9.8 0 4.34519e-18 -0.000449084 4.69695e-05 -0.00382187 -1.97733e-18
9.82 0 3.52341e-18 -0.000402667 4.44509e-05 -0.00342684 -4.10974e-18
9.84 0 4.51146e-18 -0.000359297 4.16292e-05 -0.00305775 -1.31398e-17
9.86 0 -7.52186e-18 -0.000312365 3.52986e-05 -0.00265833 -4.01955e-17
9.88 0 2.10477e-17 -0.000250598 2.25533e-05 -0.00213268 -2.37053e-17
9.9 0 4.85521e-18 -0.000165733 2.14174e-06 -0.00141044 -4.0598e-17
9.92 0 1.52853e-17 -5.92892e-05 -2.41309e-05 -0.000504572 -2.47261e-17
9.94 0 2.63862e-17 5.7612e-05 -5.16263e-05 0.000490298 6.83815e-18
9.96 0 3.12972e-18 0.000171844 -7.51878e-05 0.00146245 -9.75252e-18
9.98 0 -4.51911e-17 0.000275543 -9.16015e-05 0.00234497 -8.30224e-17
10 0 9.26987e-18 0.00036619 -0.000100255 0.0031164 -5.73201e-17
10.02 0 -2.07568e-17 0.000441961 -0.000102277 0.00376124 -1.24565e-16
10.04 0 -2.75035e-17 0.000499501 -9.95437e-05 0.00425093 -1.22707e-16
10.06 0 5.28249e-17 0.000536413 -9.41189e-05 0.00456506 8.00728e-17
10.08 0 1.05743e-17 0.000554492 -8.78949e-05 0.00471892 2.11181e-17
10.1 0 6.41825e-18 0.000559135 -8.21726e-05 0.00475843 3.30564e-17
10.12 0 1.95253e-18 0.000554874 -7.72496e-05 0.00472217 -1.34714e-17
10.14 0 1.47229e-17 0.000541388 -7.24249e-05 0.0046074 -4.84857e-18
10.16 0 -1.22128e-17 0.000513752 -6.6509e-05 0.00437221 2.95399e-17
10.18 0 -2.95937e-18 0.000466333 -5.83536e-05 0.00396866 2.92495e-17
10.2 0 -4.14189e-18 0.000396862 -4.70921e-05 0.00337744 2.08943e-17
10.22 0 -3.90427e-18 0.000308067 -3.23867e-05 0.00262176 6.75444e-18
10.24 0 -1.8854e-18 0.000206609 -1.48562e-05 0.00175832 6.42364e-18
10.26 0 -2.7891e-18 0.0001002 3.95191e-06 0.000852735 -9.71966e-19
10.28 0 8.00859e-19 -5.49433e-06 2.24055e-05 -4.67586e-05 -1.1199e-17
10.3 0 -1.19158e-17 -0.000107786 3.95492e-05 -0.000917296 -4.20224e-17
10.32 0 7.41477e-18 -0.000205109 5.49006e-05 -0.00174555 2.2226e-18
10.34 0 -2.05438e-17 -0.000294946 6.77787e-05 -0.0025101 -8.68739e-17
10.36 0 -1.89375e-17 -0.000373959 7.7187e-05 -0.00318252 -5.59999e-17
10.38 0 1.03664e-17 -0.000439307 8.23217e-05 -0.00373865 -1.43112e-17
10.4 0 9.91196e-18 -0.000489114 8.3022e-05 -0.00416253 8.04257e-18
10.42 0 3.05555e-18 -0.000521996 7.97756e-05 -0.00444237 -1.9686e-18
10.44 0 7.57351e-18 -0.000536778 7.34747e-05 -0.00456817 4.70939e-19
10.46 0 1.38701e-17 -0.000532844 6.523e-05 -0.00453468 9.80632e-18
10.48 0 -1.03228e-17 -0.000510701 5.62368e-05 -0.00434624 -2.03641e-17
10.5 0 -8.83152e-18 -0.000472142 4.75337e-05 -0.00401809 -2.2517e-17
10.52 0 1.52246e-18 -0.000419413 3.95418e-05 -0.00356935 -1.54189e-18
10.54 0 -3.73185e-18 -0.000353577 3.1577e-05 -0.00300906 3.63409e-18
10.56 0 7.80269e-18 -0.000274129 2.2016e-05 -0.00233294 1.78152e-17
10.58 0 -2.32874e-17 -0.000181679 9.44872e-06 -0.00154615 1.42138e-17
10.6 0 -1.46325e-17 -8.11918e-05 -6.19363e-06 -0.000690971 -4.89676e-17
10.62 0 1.95757e-17 1.88968e-05 -2.37651e-05 0.000160818 1.11947e-17
10.64 0 -1.29245e-17 0.000111727 -4.19148e-05 0.000950833 3.12222e-17
10.66 0 2.26707e-17 0.000196111 -5.96418e-05 0.00166897 -6.20975e-17
10.68 0 -9.05926e-18 0.000275764 -7.60124e-05 0.00234685 -8.49616e-17
10.7 0 -1.45722e-17 0.000354688 -8.98029e-05 0.00301852 -1.69947e-16
10.72 0 3.2163e-17 0.000432463 -9.9634e-05 0.00368041 -2.93932e-17
10.74 0 3.35595e-17 0.000502606 -0.000104414 0.00427736 3.95745e-17
10.76 0 4.21299e-17 0.000555228 -0.00010375 0.00472518 1.0111e-16
10.78 0 -5.11407e-17 0.000582538 -9.82521e-05 0.0049576 3.79035e-17
10.8 0 -3.72174e-18 0.000582932 -8.94283e-05 0.00496095 1.64701e-17
10.82 0 -1.81187e-17 0.000560337 -7.90667e-05 0.00476866 1.38752e-17
10.84 0 -6.46927e-18 0.000520411 -6.86425e-05 0.00442888 9.37754e-18
10.86 0 2.72684e-18 0.000467542 -5.90409e-05 0.00397895 1.06432e-17
10.88 0 9.53817e-19 0.00040461 -5.02954e-05 0.00344338 -4.52409e-18
10.9 0 -3.74952e-18 0.000334243 -4.1389e-05 0.00284452 -3.40511e-18
10.92 0 -8.72577e-18 0.000259395 -3.06441e-05 0.00220754 -1.29116e-17
10.94 0 -1.11657e-17 0.000182259 -1.67126e-05 0.00155108 -1.38856e-17
10.96 0 -1.65882e-17 0.000101972 7.32682e-07 0.000867816 -5.38832e-17
10.98 0 1.74342e-18 1.37454e-05 2.11344e-05 0.000116978 -3.51696e-18
11 0 -5.06974e-17 -8.76047e-05 4.33702e-05 -0.000745547 -1.28266e-16
11.02 0 -1.63476e-17 -0.000200992 6.56062e-05 -0.00171051 -1.27286e-16
11.04 0 3.67434e-18 -0.000315513 8.51962e-05 -0.00268513 1.45985e-17
11.06 0 -4.35256e-17 -0.000414539 9.93898e-05 -0.00352787 2.48707e-17
11.08 0 1.5939e-17 -0.000484378 0.000106479 -0.00412222 1.84137e-17
11.1 0 1.7424e-17 -0.000520507 0.000106376 -0.0044297 5.2246e-18
11.12 0 -2.0389e-17 -0.000527791 0.000100355 -0.00449168 -5.34074e-17
11.14 0 -1.05835e-17 -0.000516071 9.03428e-05 -0.00439195 -4.77408e-17
11.16 0 1.56599e-17 -0.00049461 7.82508e-05 -0.00420931 -2.5655e-17
11.18 0 1.17507e-17 -0.000468497 6.56471e-05 -0.00398707 1.50226e-18
11.2 0 1.03811e-18 -0.000438264 5.36612e-05 -0.00372978 8.89385e-19
11.22 0 1.36569e-18 -0.000401722 4.27314e-05 -0.0034188 1.80655e-18
11.24 0 -8.84606e-18 -0.000355917 3.22305e-05 -0.00302898 1.01921e-17
11.26 0 -1.90841e-17 -0.000297947 2.05132e-05 -0.00253564 -2.4701e-17
11.28 0 -5.0208e-18 -0.000225503 5.79749e-06 -0.00191911 -2.47025e-17
11.3 0 -2.53623e-17 -0.000137984 -1.26776e-05 -0.00117429 1.82409e-17
11.32 0 2.53862e-17 -3.72894e-05 -3.43189e-05 -0.000317345 -2.48834e-18
11.34 0 -6.04013e-18 7.23025e-05 -5.7773e-05 0.000615319 -6.00129e-17
11.36 0 2.22134e-17 0.000183892 -8.13872e-05 0.00156498 1.16839e-17
11.38 0 -6.28096e-17 0.000287373 -0.000103022 0.00244564 -1.03154e-16
11.4 0 -8.22397e-18 0.000371422 -0.000120065 0.00316093 5.12017e-18
11.42 0 1.78886e-17 0.000429056 -0.000130306 0.00365142 -5.12235e-17
11.44 0 5.53023e-17 0.000462177 -0.000132926 0.00393329 6.99258e-17
11.46 0 5.74432e-17 0.000479895 -0.000128599 0.00408408 8.29384e-17
11.48 0 -5.09855e-17 0.000491493 -0.00011887 0.00418278 -3.9052e-18
11.5 0 -1.49733e-17 0.000499966 -0.000105572 0.00425488 1.1527e-17
11.52 0 2.02223e-17 0.000500815 -9.05352e-05 0.00426211 4.89788e-17
11.54 0 -4.68373e-18 0.000486218 -7.54216e-05 0.00413788 3.52594e-17
11.56 0 7.39028e-18 0.000451203 -6.13881e-05 0.00383989 3.15949e-17
11.58 0 -4.43384e-18 0.000397616 -4.8662e-05 0.00338385 8.13697e-18
11.6 0 -9.23594e-18 0.000332764 -3.63974e-05 0.00283194 -4.69987e-18
11.62 0 -8.71176e-18 0.00026355 -2.30533e-05 0.0022429 -1.82307e-17
11.64 0 1.34765e-17 0.000191749 -7.14755e-06 0.00163185 2.96934e-17
11.66 0 -1.62297e-17 0.000115238 1.20554e-05 0.000980713 -4.18609e-17
11.68 0 4.3742e-17 3.31339e-05 3.42691e-05 0.000281981 -5.68851e-17
11.7 0 5.36601e-17 -5.16752e-05 5.82558e-05 -0.000439774 -2.80994e-17
11.72 0 -2.6438e-17 -0.000135318 8.19948e-05 -0.0011516 -1.54499e-16
11.74 0 2.77407e-17 -0.000216894 0.000102964 -0.00184584 -8.73631e-17
11.76 0 -6.40864e-18 -0.000298266 0.00011868 -0.00253834 -2.31622e-17
11.78 0 2.11461e-17 -0.000379531 0.000127342 -0.00322994 -4.13976e-17
11.8 0 -2.0887e-17 -0.000454977 0.000128181 -0.00387202 -5.49249e-17
11.82 0 3.56108e-17 -0.000514045 0.000121468 -0.00437471 -7.87905e-17
11.84 0 1.25871e-17 -0.00054705 0.000108464 -0.00465558 -3.23268e-17
11.86 0 1.01226e-18 -0.000551006 9.13715e-05 -0.00468926 -1.53901e-18
11.88 0 -3.1795e-17 -0.000531143 7.30953e-05 -0.00452021 -2.976e-17
11.9 0 1.58695e-18 -0.000497281 5.65594e-05 -0.00423203 -7.88617e-19
11.92 0 -5.23289e-18 -0.000458027 4.3519e-05 -0.00389797 -3.74545e-18
11.94 0 8.14908e-18 -0.000417222 3.36884e-05 -0.0035507 -3.11701e-18
11.96 0 6.27546e-18 -0.000374383 2.50164e-05 -0.00318613 -4.37636e-18
11.98 0 -1.73963e-17 -0.00032657 1.47581e-05 -0.00277922 -6.43926e-17
12 0 -7.30756e-18 -0.000269465 5.47889e-07 -0.00229324 -9.39152e-17
12.02 0 -8.20565e-18 -0.000198593 -1.87517e-05 -0.00169009 1.35521e-17
12.04 0 2.64697e-17 -0.000111421 -4.25702e-05 -0.000948235 9.39297e-17
12.06 0 -8.40075e-18 -9.32527e-06 -6.87852e-05 -7.93613e-05 4.30466e-17
12.08 0 2.1563e-17 0.000101505 -9.43393e-05 0.000863846 -3.33215e-17
12.1 0 9.56166e-18 0.000210552 -0.000115913 0.00179187 -3.57863e-17
12.12 0 1.87597e-17 0.00030584 -0.000130667 0.0026028 -5.76537e-17
12.14 0 1.07684e-17 0.000379006 -0.00013712 0.00322548 -6.99162e-17
12.16 0 3.76559e-17 0.000429087 -0.000135659 0.00365168 5.212e-17
12.18 0 -1.16157e-17 0.000461067 -0.000127975 0.00392384 9.18182e-18
12.2 0 -2.19452e-17 0.000480769 -0.000116032 0.00409151 -2.4179e-17
12.22 0 1.09272e-17 0.000491534 -0.000101759 0.00418313 -1.65943e-18
12.24 0 -2.20245e-17 0.000494482 -8.71546e-05 0.00420821 -3.47649e-17
12.26 0 8.59744e-17 0.000490369 -7.40853e-05 0.00417321 6.24072e-17
12.28 0 -3.66933e-18 0.000480894 -6.38141e-05 0.00409257 7.77039e-17
12.3 0 -1.61939e-17 0.000468187 -5.64898e-05 0.00398443 5.40478e-17
12.32 0 -2.2569e-18 0.000452896 -5.09997e-05 0.0038543 1.24061e-17
12.34 0 3.02135e-19 0.000432113 -4.52535e-05 0.00367743 3.34092e-18
12.36 0 -8.43995e-18 0.000398553 -3.65901e-05 0.00339183 -4.32465e-18
12.38 0 -2.27269e-17 0.000342941 -2.24958e-05 0.00291855 -1.89029e-17
12.4 0 2.39428e-17 0.00025946 -1.87086e-06 0.00220809 8.62779e-19
12.42 0 -9.32262e-18 0.000150342 2.39637e-05 0.00127947 -2.88041e-18
12.44 0 4.4696e-17 2.60275e-05 5.15288e-05 0.000221503 1.23835e-16
12.46 0 -1.18786e-17 -9.87192e-05 7.6529e-05 -0.000840135 1.56787e-17
12.48 0 1.24469e-17 -0.000209896 9.53112e-05 -0.00178629 2.14309e-17
12.5 0 -3.73969e-18 -0.000298314 0.000105834 -0.00253876 -3.07871e-17
12.52 0 -4.50321e-17 -0.000361249 0.00010801 -0.00307435 -1.55923e-17
12.54 0 -4.86538e-17 -0.000400925 0.00010335 -0.00341202 -4.45408e-17
12.56 0 2.64479e-18 -0.000421114 9.41125e-05 -0.00358383 -8.52279e-17
12.58 0 -1.00237e-17 -0.000424763 8.25938e-05 -0.00361488 -6.55479e-17
12.6 0 -3.53024e-18 -0.000413951 7.07234e-05 -0.00352287 -2.45826e-17
12.62 0 -8.46698e-18 -0.00039122 5.9873e-05 -0.00332942 -3.79858e-17
12.64 0 -1.55812e-17 -0.000360571 5.08854e-05 -0.00306859 -4.78096e-17
12.66 0 7.22503e-18 -0.000326624 4.39241e-05 -0.00277968 -1.54169e-18
12.68 0 -1.76115e-18 -0.000292406 3.81087e-05 -0.00248848 4.84188e-18
12.7 0 1.46211e-17 -0.000258027 3.15917e-05 -0.0021959 1.02686e-17
12.72 0 -2.53891e-17 -0.000221356 2.23601e-05 -0.00188381 4.18831e-20
12.74 0 -1.41048e-17 -0.000179694 9.17364e-06 -0.00152926 -3.79041e-17
12.76 0 1.62336e-18 -0.000131253 -8.00403e-06 -0.00111701 -1.71733e-17
12.78 0 1.58339e-18 -7.61873e-05 -2.81562e-05 -0.00064838 -3.84706e-17
12.8 0 -2.73337e-17 -1.67411e-05 -4.96298e-05 -0.000142472 -7.59491e-17
12.82 0 1.65082e-17 4.42429e-05 -7.05068e-05 0.000376523 -6.19858e-17
12.84 0 -3.90295e-17 0.000105614 -8.88276e-05 0.000898812 -5.66998e-17
12.86 0 1.86831e-17 0.000168324 -0.00010278 0.00143249 1.56001e-17
12.88 0 -7.62138e-18 0.00023252 -0.000110965 0.00197883 -3.06303e-18
12.9 0 -3.57479e-17 0.000293557 -0.000112513 0.00249827 -2.37903e-17
12.92 0 4.95616e-17 0.000341868 -0.000107273 0.00290941 3.04003e-17
12.94 0 2.02499e-17 0.000368458 -9.63714e-05 0.00313571 4.29367e-17
12.96 0 -2.15406e-17 0.000370638 -8.22509e-05 0.00315426 -1.33945e-17
12.98 0 -2.23054e-17 0.00035283 -6.78633e-05 0.00300271 -2.80278e-17
13 0 1.83581e-18 0.000322982 -5.56683e-05 0.00274869 4.72042e-18
13.02 0 -1.06947e-18 0.000288197 -4.67175e-05 0.00245265 -1.24198e-18
13.04 0 4.47569e-18 0.000253019 -4.0263e-05 0.00215328 -9.87009e-18
13.06 0 -7.93802e-18 0.00021989 -3.42125e-05 0.00187134 6.32396e-18
13.08 0 7.90962e-18 0.000188133 -2.58634e-05 0.00160107 -4.23022e-18
13.1 0 1.10291e-17 0.000151813 -1.25689e-05 0.00129198 -2.74897e-17
13.12 0 1.93281e-17 0.000101513 7.24583e-06 0.00086391 6.72244e-17
13.14 0 -3.92475e-17 3.12313e-05 3.29193e-05 0.00026579 -4.1656e-19
13.16 0 -5.13949e-17 -5.58356e-05 6.13311e-05 -0.00047518 -7.07492e-17
13.18 0 -1.92937e-17 -0.000148528 8.80311e-05 -0.00126403 -1.02926e-17
13.2 0 -2.24679e-17 -0.000234131 0.000108879 -0.00199253 -2.37904e-17
13.22 0 3.92311e-17 -0.000303485 0.000121219 -0.00258276 4.35064e-17
13.24 0 -5.99225e-18 -0.000351567 0.000124301 -0.00299196 9.69652e-18
13.26 0 9.91438e-18 -0.000375616 0.000119056 -0.00319663 2.98263e-17
13.28 0 2.94656e-18 -0.000374493 0.000107508 -0.00318707 -2.11707e-17
13.3 0 -2.42844e-17 -0.000350396 9.22327e-05 -0.00298199 3.75365e-17
13.32 0 -7.6405e-18 -0.00031079 7.59168e-05 -0.00264493 1.20491e-17
13.34 0 4.24486e-19 -0.000268059 6.09064e-05 -0.00228128 -1.07313e-17
13.36 0 -1.61729e-17 -0.000236011 4.86895e-05 -0.00200854 -3.01474e-17
13.38 0 3.1279e-18 -0.000224361 3.94005e-05 -0.00190939 -3.96652e-18
13.4 0 5.83356e-18 -0.000234034 3.1816e-05 -0.00199171 2.20514e-17
13.42 0 -4.05021e-18 -0.000255753 2.39044e-05 -0.00217655 3.69648e-18
13.44 0 -1.47931e-17 -0.000272667 1.3376e-05 -0.00232049 -1.07624e-17
13.46 0 -2.42665e-17 -0.000266917 -1.80844e-06 -0.00227156 -7.53581e-17
13.48 0 -9.34073e-19 -0.000228174 -2.2533e-05 -0.00194184 -1.7611e-17
13.5 0 2.95912e-17 -0.00015872 -4.76629e-05 -0.00135077 1.04431e-16
13.52 0 -2.35518e-17 -7.03485e-05 -7.42737e-05 -0.00059869 6.11117e-17
13.54 0 3.7073e-17 2.43174e-05 -9.89262e-05 0.00020695 7.53407e-17
13.56 0 -3.84013e-17 0.000117691 -0.000118791 0.00100159 -1.97052e-17
13.58 0 4.84104e-17 0.00020546 -0.000131903 0.00174853 2.10557e-17
13.6 0 3.31094e-18 0.000281279 -0.000136958 0.00239378 -1.46465e-17
13.62 0 1.08485e-17 0.000335852 -0.000133373 0.00285822 1.12963e-17
13.64 0 -2.97994e-17 0.000362889 -0.000121833 0.00308831 1.36836e-17
13.66 0 2.15938e-17 0.000365677 -0.000104582 0.00311204 1.49439e-17
13.68 0 -1.28576e-18 0.000356762 -8.49436e-05 0.00303617 3.0772e-17
13.7 0 2.08241e-17 0.000350611 -6.64936e-05 0.00298382 7.8176e-17
13.72 0 7.35778e-19 0.000355002 -5.19621e-05 0.00302119 4.13296e-17
13.74 0 -1.25604e-17 0.000367458 -4.19884e-05 0.0031272 2.58733e-17
13.76 0 1.34882e-18 0.000379342 -3.48551e-05 0.00322833 6.48538e-18
13.78 0 1.33971e-17 0.0003832 -2.76588e-05 0.00326116 2.69038e-17
13.8 0 -1.96644e-17 0.000375796 -1.77186e-05 0.00319815 -3.2966e-17
13.82 0 5.45717e-18 0.000355375 -3.23014e-06 0.00302436 -2.55993e-17
13.84 0 1.25682e-17 0.000319306 1.64091e-05 0.0027174 -4.30767e-18
13.86 0 -3.40856e-17 0.000266428 4.01534e-05 0.0022674 -8.31671e-17
13.88 0 2.70489e-17 0.00020051 6.53122e-05 0.00170641 3.788e-17
13.9 0 -3.67266e-17 0.000129354 8.84449e-05 0.00110085 -3.73903e-17
13.92 0 -4.71162e-17 6.0225e-05 0.000106496 0.000512536 -1.05124e-16
13.94 0 2.42953e-17 -3.18613e-06 0.00011738 -2.7115e-05 -9.55878e-17
13.96 0 3.31182e-17 -6.01027e-05 0.000120179 -0.000511495 1.04809e-17
13.98 0 -2.49338e-17 -0.000110804 0.000115301 -0.000942977 5.95365e-18
14 0 -2.22253e-17 -0.000156221 0.000104242 -0.0013295 -4.57363e-17
14.02 0 1.30343e-17 -0.000199276 8.92189e-05 -0.00169591 2.33136e-18
14.04 0 -7.10632e-18 -0.000245354 7.30992e-05 -0.00208805 1.61819e-17
14.06 0 -2.43807e-18 -0.000298555 5.89566e-05 -0.00254081 1.29621e-17
14.08 0 2.75126e-17 -0.000355335 4.88066e-05 -0.00302402 4.19419e-17
14.1 0 -7.61766e-18 -0.000402733 4.24478e-05 -0.0034274 1.84071e-17
14.12 0 5.45282e-18 -0.000426328 3.78018e-05 -0.0036282 1.05753e-17
14.14 0 -6.55233e-18 -0.000422945 3.2662e-05 -0.00359941 6.90475e-18
14.16 0 2.3463e-18 -0.000405158 2.59587e-05 -0.00344803 1.46299e-17
14.18 0 -1.30845e-17 -0.00039102 1.7382e-05 -0.00332771 -2.64734e-18
14.2 0 2.93575e-17 -0.000388071 6.37433e-06 -0.00330262 3.24987e-17
14.22 0 2.89133e-17 -0.000386905 -8.06597e-06 -0.0032927 3.57301e-17
14.24 0 -6.48422e-18 -0.00036973 -2.65263e-05 -0.00314653 4.67853e-17
14.26 0 -1.34548e-17 -0.000325241 -4.7881e-05 -0.00276792 7.05528e-17
14.28 0 -9.87764e-18 -0.000256069 -6.85478e-05 -0.00217924 1.49173e-17
14.3 0 1.23878e-17 -0.000173026 -8.34034e-05 -0.00147251 4.75656e-17
14.32 0 3.40034e-17 -8.418e-05 -8.83832e-05 -0.000716402 1.16644e-17
14.34 0 -1.09585e-17 8.30816e-06 -8.29486e-05 7.07053e-05 1.06001e-17
14.36 0 -5.88162e-17 0.000101327 -7.03388e-05 0.000862328 -8.00841e-17
14.38 0 5.44809e-17 0.000184801 -5.54207e-05 0.00157272 5.21879e-18
14.4 0 -1.37312e-18 0.000246427 -4.21894e-05 0.00209718 -2.72145e-18
14.42 0 -1.58734e-17 0.000283327 -3.29896e-05 0.00241121 -4.4768e-17
14.44 0 1.0976e-17 0.000306886 -2.88687e-05 0.00261171 -1.38347e-17
14.46 0 5.11067e-18 0.000334319 -2.93029e-05 0.00284517 -8.3581e-18
14.48 0 1.2356e-20 0.000375358 -3.1624e-05 0.00319443 -3.22485e-18
14.5 0 1.99602e-18 0.000426227 -3.18392e-05 0.00362734 2.18007e-18
14.52 0 -3.61917e-18 0.000473876 -2.69194e-05 0.00403285 1.76403e-17
14.54 0 -2.95571e-18 0.000504349 -1.6541e-05 0.00429218 2.06719e-17
14.56 0 -1.04445e-17 0.000508337 -2.62621e-06 0.00432613 -1.15591e-17
14.58 0 8.74205e-18 0.000481643 1.2696e-05 0.00409895 -1.12821e-17
14.6 0 4.18386e-17 0.000423202 2.84336e-05 0.0036016 -5.30292e-18
14.62 0 -2.13015e-17 0.000334773 4.39559e-05 0.00284904 4.96478e-17
14.64 0 -7.84153e-17 0.00022299 5.74897e-05 0.00189772 -9.88748e-17
14.66 0 -2.08133e-17 0.000100506 6.64365e-05 0.000855343 -5.38282e-17
14.68 0 4.74024e-17 -1.65718e-05 6.94567e-05 -0.000141032 3.60097e-17
14.7 0 -9.70851e-18 -0.000114461 6.75282e-05 -0.000974099 2.09934e-17
14.72 0 -2.96918e-18 -0.000187806 6.26208e-05 -0.0015983 -1.70885e-18
14.74 0 -2.29874e-17 -0.000242085 5.5939e-05 -0.00206023 -1.205e-17
14.76 0 5.84867e-18 -0.000289346 4.78959e-05 -0.00246243 1.21562e-18
14.78 0 9.86283e-18 -0.000339518 3.92657e-05 -0.00288941 2.76796e-18
14.8 0 1.2513e-18 -0.000394146 3.14262e-05 -0.00335432 4.71174e-18
14.82 0 -7.91582e-18 -0.00044732 2.53515e-05 -0.00380685 1.37675e-17
14.84 0 4.29577e-18 -0.000491367 2.10074e-05 -0.0041817 -6.23157e-18
14.86 0 1.40783e-17 -0.00052081 1.78677e-05 -0.00443227 7.47667e-17
14.88 0 -7.91003e-18 -0.000531498 1.53113e-05 -0.00452323 4.71601e-17
14.9 0 -2.08463e-17 -0.00051776 1.19888e-05 -0.00440632 -1.74179e-17
14.92 0 -6.21444e-18 -0.000472702 5.29092e-06 -0.00402286 -1.64613e-18
14.94 0 3.31958e-17 -0.000393442 -7.44502e-06 -0.00334833 9.06654e-17
14.96 0 -1.69969e-17 -0.00028654 -2.65163e-05 -0.00243856 -5.95356e-17
14.98 0 -4.57612e-17 -0.000166322 -4.86691e-05 -0.00141546 -1.57301e-16
15 0 4.2019e-17 -4.58965e-05 -6.86133e-05 -0.000390595 1.52071e-17
15.02 0 -3.68592e-17 6.95558e-05 -8.18491e-05 0.000591944 3.34207e-18
15.04 0 1.67732e-17 0.000179168 -8.6217e-05 0.00152478 -1.29327e-17
15.06 0 4.1571e-17 0.000277626 -8.16391e-05 0.00236269 5.11786e-17
15.08 0 1.16888e-17 0.000353911 -6.96542e-05 0.0030119 6.2337e-17
15.1 0 -2.78552e-17 0.000400694 -5.35087e-05 0.00341004 -1.59833e-17
15.12 0 7.81785e-18 0.00042362 -3.7726e-05 0.00360516 -6.7119e-18
15.14 0 3.40933e-18 0.000439232 -2.6428e-05 0.00373802 4.16432e-18
15.16 0 7.47461e-19 0.000462565 -2.14481e-05 0.00393659 -2.83536e-18
15.18 0 -3.50652e-18 0.000495933 -2.17729e-05 0.00422056 3.45761e-18
15.2 0 -1.00486e-17 0.000528532 -2.45703e-05 0.00449799 -1.27872e-17
15.22 0 -4.68047e-18 0.00054537 -2.66483e-05 0.00464129 6.41852e-18
15.24 0 -3.36819e-18 0.000535607 -2.51136e-05 0.0045582 -2.83543e-17
15.26 0 1.2832e-17 0.000493424 -1.72761e-05 0.00419921 5.974e-18
15.28 0 -2.03888e-17 0.000414677 -1.12695e-06 0.00352904 -2.27402e-17
15.3 0 -1.26886e-17 0.000297538 2.28568e-05 0.00253216 -4.00674e-17
15.32 0 2.5804e-17 0.000148484 5.02495e-05 0.00126365 -4.32665e-18
15.34 0 6.68028e-17 -1.46286e-05 7.41933e-05 -0.000124494 5.51832e-17
15.36 0 4.90497e-17 -0.00016895 8.93649e-05 -0.00143782 5.44137e-17
15.38 0 5.02568e-17 -0.000297649 9.44193e-05 -0.0025331 1.25399e-16
15.4 0 -6.79855e-17 -0.000395189 9.08419e-05 -0.0033632 -3.28706e-17
15.42 0 1.29151e-17 -0.000464291 8.08051e-05 -0.00395128 6.14178e-17
15.44 0 -5.98751e-18 -0.000511163 6.68748e-05 -0.00435017 1.04103e-17
15.46 0 8.50682e-18 -0.000543736 5.26003e-05 -0.00462738 2.40724e-17
15.48 0 4.58675e-19 -0.000570246 4.16505e-05 -0.00485299 -7.28653e-18
15.5 0 -1.42586e-18 -0.000595263 3.5911e-05 -0.0050659 7.70595e-18
15.52 0 -4.98482e-18 -0.0006164 3.48757e-05 -0.00524578 -3.81078e-18
15.54 0 1.23184e-18 -0.000625923 3.66922e-05 -0.00532683 1.61593e-17
15.56 0 1.31831e-17 -0.000615232 3.89268e-05 -0.00523584 4.4509e-17
15.58 0 3.05107e-18 -0.000577551 3.82385e-05 -0.00491516 -8.1552e-18
15.6 0 -1.01131e-18 -0.000508134 3.0583e-05 -0.0043244 -4.0695e-17
15.62 0 -5.50532e-17 -0.000404876 1.32223e-05 -0.00344564 -5.39886e-17
15.64 0 6.76076e-18 -0.000271081 -1.26979e-05 -0.002307 -7.26168e-17
15.66 0 9.1858e-18 -0.000117065 -4.17872e-05 -0.000996261 -2.85558e-17
15.68 0 6.07627e-17 4.26452e-05 -6.72848e-05 0.000362926 2.97614e-17
15.7 0 -3.72451e-17 0.000193504 -8.45585e-05 0.00164679 -9.64866e-17
15.72 0 -4.60172e-17 0.000322871 -9.21541e-05 0.00274774 -7.71957e-17
15.74 0 -1.8194e-17 0.000421539 -9.0719e-05 0.00358744 -4.79338e-17
15.76 0 4.22556e-17 0.00048737 -8.22252e-05 0.00414769 -4.80295e-17
15.78 0 -2.51817e-17 0.00052717 -6.99989e-05 0.0044864 -3.92086e-17
15.8 0 1.52492e-18 0.000552013 -5.81307e-05 0.00469782 -3.80481e-17
15.82 0 3.17513e-17 0.000569044 -4.99249e-05 0.00484276 4.23662e-18
15.84 0 2.39846e-18 0.00057716 -4.65401e-05 0.00491183 -3.90235e-18
15.86 0 -3.14749e-18 0.000569316 -4.66871e-05 0.00484508 8.23816e-18
15.88 0 -6.98823e-18 0.000538439 -4.74192e-05 0.0045823 -1.49637e-18
15.9 0 1.87907e-18 0.000482681 -4.55456e-05 0.00410778 -3.31383e-18
15.92 0 5.18504e-18 0.000406187 -3.87987e-05 0.0034568 4.9735e-18
15.94 0 2.74229e-18 0.00031487 -2.6257e-05 0.00267965 -1.18377e-18
15.96 0 1.00091e-17 0.000212464 -8.54548e-06 0.00180815 7.30015e-18
15.98 0 -9.69706e-18 0.000101229 1.20773e-05 0.000861498 1.19879e-17
16 0 -2.51002e-17 -1.4785e-05 3.24841e-05 -0.000125826 -1.18479e-17
16.02 0 -4.33196e-18 -0.000128067 5.00203e-05 -0.00108989 1.44458e-17
16.04 0 2.3919e-17 -0.000229072 6.31313e-05 -0.00194948 1.25251e-17
16.06 0 5.92868e-18 -0.000310295 7.11312e-05 -0.00264072 3.30711e-17
16.08 0 2.67344e-17 -0.000371153 7.41544e-05 -0.00315864 5.46976e-17
16.1 0 2.175e-18 -0.000418979 7.33226e-05 -0.00356566 5.19776e-17
16.12 0 -2.62914e-17 -0.000462472 7.02255e-05 -0.0039358 -6.75298e-17
16.14 0 -1.70526e-17 -0.000502209 6.59142e-05 -0.00427398 -6.08737e-17
16.16 0 -4.85557e-18 -0.000528123 6.0588e-05 -0.00449451 -5.97158e-17
16.18 0 1.68547e-17 -0.000527358 5.42256e-05 -0.004488 -1.2154e-18
16.2 0 -1.62885e-19 -0.000494771 4.72117e-05 -0.00421067 3.51503e-18
16.22 0 6.39397e-19 -0.000436085 4.01862e-05 -0.00371124 -4.58562e-19
16.24 0 2.8527e-18 -0.000362013 3.33754e-05 -0.00308086 1.38597e-17
16.26 0 2.62693e-18 -0.000280023 2.61453e-05 -0.00238309 1.25885e-18
16.28 0 1.38918e-18 -0.000191433 1.72339e-05 -0.00162917 1.18805e-17
16.3 0 2.57202e-17 -9.51724e-05 5.50406e-06 -0.00080995 3.1691e-17
16.32 0 8.39442e-19 7.26431e-06 -9.40558e-06 6.18218e-05 -2.08246e-17
16.34 0 1.85956e-18 0.000110962 -2.691e-05 0.000944329 -2.00038e-17
16.36 0 -1.12965e-17 0.000210546 -4.56076e-05 0.00179182 -1.45626e-17
16.38 0 -1.26327e-17 0.000302802 -6.34449e-05 0.00257695 9.51931e-20
16.4 0 -8.04485e-18 0.000386409 -7.80451e-05 0.00328848 -7.55594e-17
16.42 0 -5.62966e-17 0.000459761 -8.73657e-05 0.00391273 -8.1432e-17
16.44 0 5.69611e-17 0.000519264 -9.04156e-05 0.00441912 9.83241e-17
16.46 0 -3.10962e-17 0.000559522 -8.75872e-05 0.00476173 -4.05423e-18
16.48 0 -1.1305e-17 0.000575296 -8.04662e-05 0.00489597 -3.60088e-18
16.5 0 7.60254e-20 0.000563882 -7.12201e-05 0.00479883 -2.36893e-17
16.52 0 -2.97487e-17 0.000526413 -6.18041e-05 0.00447996 -3.86625e-17
16.54 0 1.05993e-17 0.000467595 -5.33832e-05 0.0039794 7.28225e-19
16.56 0 2.9671e-18 0.000394148 -4.61263e-05 0.00335433 1.24516e-17
16.58 0 7.79738e-19 0.000312305 -3.91862e-05 0.00265782 1.18165e-17
16.6 0 -2.33053e-19 0.000225836 -3.10126e-05 0.00192194 8.62411e-19
16.62 0 -6.82299e-19 0.000136188 -2.02031e-05 0.00115901 -1.51022e-17
16.64 0 1.40586e-17 4.39808e-05 -6.3003e-06 0.000374292 -4.76815e-18
16.66 0 -7.21248e-18 -5.00841e-05 1.01697e-05 -0.000426233 -3.14604e-17
16.68 0 4.45604e-17 -0.000144942 2.81477e-05 -0.0012335 3.59658e-17
16.7 0 -2.73975e-17 -0.000238349 4.62499e-05 -0.00202843 6.3154e-18
16.72 0 4.92962e-19 -0.000326027 6.27579e-05 -0.00277461 2.23855e-17
16.74 0 1.35823e-17 -0.000402343 7.59033e-05 -0.00342408 5.3626e-17
16.76 0 -1.22734e-17 -0.000462306 8.44398e-05 -0.00393438 1.62332e-17
16.78 0 -1.28435e-17 -0.000503028 8.79987e-05 -0.00428094 2.05336e-17
16.8 0 -2.59058e-17 -0.00052361 8.69817e-05 -0.0044561 -2.04652e-17
16.82 0 -1.49747e-17 -0.000524199 8.22203e-05 -0.00446111 -6.27123e-17
16.84 0 -1.7762e-18 -0.000505357 7.46946e-05 -0.00430076 -2.77032e-18
16.86 0 -9.09516e-18 -0.000468198 6.53597e-05 -0.00398453 7.52298e-18
16.88 0 -1.97967e-18 -0.000415036 5.50742e-05 -0.0035321 6.19249e-18
16.9 0 -2.08681e-18 -0.000349475 4.45144e-05 -0.00297415 -3.41035e-18
16.92 0 2.44087e-18 -0.000275147 3.39311e-05 -0.0023416 -4.50038e-18
16.94 0 3.43805e-18 -0.000194442 2.30583e-05 -0.00165477 1.63965e-17
16.96 0 -5.02482e-18 -0.000108716 1.14141e-05 -0.000925211 -9.35471e-18
16.98 0 3.99083e-18 -1.91089e-05 -1.38918e-06 -0.000162623 2.09323e-17
17 0 4.02257e-18 7.32986e-05 -1.56203e-05 0.000623797 4.46978e-17
17.02 0 1.6272e-17 0.000167335 -3.13542e-05 0.00142408 5.96943e-17
17.04 0 -2.52009e-18 0.000260847 -4.81099e-05 0.0022199 2.93317e-17
17.06 0 -1.83724e-17 0.000349917 -6.46016e-05 0.00297791 -3.94324e-17
17.08 0 1.8615e-17 0.00042907 -7.89802e-05 0.00365153 4.69157e-17
17.1 0 1.72036e-17 0.000492246 -8.94071e-05 0.00418919 1.32906e-17
17.12 0 1.87172e-17 0.000534138 -9.46316e-05 0.0045457 3.55667e-17
17.14 0 2.37444e-17 0.000551692 -9.43775e-05 0.00469509 3.372e-17
17.16 0 -2.6498e-17 0.000544985 -8.9388e-05 0.00463801 -4.16268e-17
17.18 0 -4.64561e-18 0.000516592 -8.10502e-05 0.00439638 -3.01919e-18
17.2 0 -3.12803e-17 0.000469826 -7.07738e-05 0.00399838 -4.87193e-17
17.22 0 1.16002e-17 0.000407488 -5.95271e-05 0.00346787 1.99909e-18
17.24 0 2.01629e-17 0.000331963 -4.775e-05 0.00282512 3.94906e-17
17.26 0 -7.83265e-19 0.000246046 -3.55449e-05 0.00209394 -3.65244e-18
17.28 0 2.90107e-18 0.000153644 -2.29712e-05 0.00130756 -6.38025e-19
17.3 0 -1.19912e-18 5.92875e-05 -1.01702e-05 0.000504557 -2.17936e-18
17.32 0 2.68503e-18 -3.37316e-05 2.80251e-06 -0.000287068 -8.67565e-18
17.34 0 -1.93315e-18 -0.000124583 1.60916e-05 -0.00106025 -5.7848e-18
17.36 0 -7.17801e-19 -0.000213187 2.97302e-05 -0.0018143 -2.13325e-17
17.38 0 -1.00619e-18 -0.00029682 4.31932e-05 -0.00252604 2.99922e-20
17.4 0 -4.4721e-18 -0.000369118 5.5427e-05 -0.00314133 3.46101e-18
17.42 0 -1.12206e-17 -0.000423307 6.53633e-05 -0.00360249 2.25669e-17
17.44 0 1.88441e-17 -0.00045672 7.23424e-05 -0.00388685 5.3805e-17
17.46 0 1.21124e-17 -0.000472198 7.61262e-05 -0.00401857 6.03844e-17
17.48 0 -5.71825e-18 -0.000474968 7.67081e-05 -0.00404214 3.08524e-17
17.5 0 -1.68496e-18 -0.000467844 7.41809e-05 -0.00398151 1.41944e-17
17.52 0 9.70505e-18 -0.000448973 6.86822e-05 -0.00382092 -1.05577e-17
17.54 0 2.6229e-18 -0.000413848 6.03895e-05 -0.00352199 -1.94107e-17
17.56 0 6.54184e-18 -0.000359415 4.95842e-05 -0.00305875 1.77425e-17
17.58 0 -1.10202e-17 -0.000286655 3.68025e-05 -0.00243953 -1.35981e-17
17.6 0 1.21679e-17 -0.000200105 2.30153e-05 -0.00170296 3.7956e-18
17.62 0 -1.01671e-18 -0.000105149 9.4624e-06 -0.000894851 1.74119e-18
17.64 0 3.27429e-18 -5.3832e-06 -3.0093e-06 -4.58129e-05 -3.07435e-18
17.66 0 4.38645e-18 9.73029e-05 -1.44423e-05 0.000828082 9.30155e-18
17.68 0 8.89164e-18 0.000199991 -2.54552e-05 0.00170199 8.71971e-19
17.7 0 -1.14209e-17 0.000296898 -3.64852e-05 0.00252671 -9.05644e-18
17.72 0 -1.51374e-18 0.0003812 -4.74122e-05 0.00324414 2.19185e-17
17.74 0 -4.16852e-18 0.000448576 -5.77118e-05 0.00381754 -1.46111e-18
17.76 0 -1.78944e-17 0.00049863 -6.67123e-05 0.00424352 -3.88054e-17
17.78 0 -2.4165e-17 0.000533184 -7.37231e-05 0.00453758 -2.08276e-17
17.8 0 3.121e-17 0.000553698 -7.81302e-05 0.00471216 2.94425e-17
17.82 0 -6.46087e-19 0.00055992 -7.95217e-05 0.00476512 3.38752e-17
17.84 0 9.21912e-18 0.000549932 -7.77596e-05 0.00468011 2.91011e-17
17.86 0 4.47294e-18 0.00052073 -7.2889e-05 0.0044316 4.20738e-17
17.88 0 -1.39305e-17 0.000468918 -6.49599e-05 0.00399066 -3.56074e-17
17.9 0 -1.86055e-17 0.000391933 -5.3989e-05 0.00333549 -4.08213e-18
17.92 0 -3.72846e-18 0.000290479 -4.03078e-05 0.00247207 -3.50424e-17
17.94 0 1.24864e-17 0.000170936 -2.50861e-05 0.00145472 -1.68505e-17
17.96 0 -4.63807e-18 4.42635e-05 -1.01468e-05 0.000376698 -4.84092e-18
17.98 0 4.67759e-18 -7.92292e-05 3.12018e-06 -0.000674268 2.64785e-18
18 0 -6.73702e-19 -0.000194256 1.45533e-05 -0.00165318 2.15095e-18
18.02 0 -3.85729e-18 -0.000299573 2.47954e-05 -0.00254947 -1.58947e-17
18.04 0 -4.40028e-18 -0.000393693 3.4334e-05 -0.00335046 -2.22337e-17
18.06 0 -1.15552e-17 -0.000472714 4.31471e-05 -0.00402296 -2.18599e-17
18.08 0 5.48885e-18 -0.000532289 5.10198e-05 -0.00452996 -4.44087e-18
18.1 0 -2.30459e-17 -0.000571022 5.78657e-05 -0.0048596 1.02114e-17
18.12 0 -1.23649e-17 -0.000591661 6.37162e-05 -0.00503524 2.59094e-17
18.14 0 -2.01237e-17 -0.000598813 6.85257e-05 -0.00509611 -9.00188e-18
18.16 0 -1.22425e-17 -0.000595131 7.19915e-05 -0.00506477 -1.38742e-17
18.18 0 3.49427e-18 -0.000579161 7.34703e-05 -0.00492886 5.03302e-18
18.2 0 -2.15246e-18 -0.000546313 7.20477e-05 -0.00464931 -8.96292e-18
18.22 0 1.93617e-17 -0.000491616 6.68101e-05 -0.00418382 4.89864e-17
18.24 0 -1.78586e-17 -0.000412299 5.72582e-05 -0.00350881 6.73147e-19
18.26 0 4.10979e-18 -0.000309906 4.3848e-05 -0.00263741 8.49268e-18
18.28 0 -4.45087e-18 -0.000191123 2.82869e-05 -0.00162652 4.25659e-19
18.3 0 7.4723e-19 -6.534e-05 1.29026e-05 -0.000556066 4.69345e-19
18.32 0 3.08001e-18 5.96455e-05 -6.48046e-07 0.000507604 -5.47473e-18
18.34 0 -3.11208e-18 0.000179148 -1.20709e-05 0.00152461 -2.02691e-18
18.36 0 1.38273e-18 0.000289299 -2.19705e-05 0.00246203 3.28671e-17
18.38 0 -2.54332e-17 0.000385401 -3.10662e-05 0.00327989 -1.68848e-17
18.4 0 1.84267e-17 0.000463685 -3.98923e-05 0.00394612 2.26004e-17
18.42 0 1.84103e-17 0.000523696 -4.88094e-05 0.00445684 5.43318e-17
18.44 0 -1.23684e-17 0.000567906 -5.7917e-05 0.00483308 1.54752e-18
18.46 0 8.46746e-18 0.000599094 -6.69107e-05 0.0050985 1.61976e-17
18.48 0 -1.05713e-17 0.000618191 -7.50949e-05 0.00526102 -4.293e-18
18.5 0 1.26682e-18 0.000624029 -8.15637e-05 0.0053107 -2.06162e-17
18.52 0 -6.99927e-18 0.000614461 -8.54323e-05 0.00522927 -7.56712e-18
18.54 0 3.20168e-17 0.000587541 -8.6034e-05 0.00500018 1.50828e-17
18.56 0 -3.07321e-18 0.000541559 -8.30278e-05 0.00460886 -2.48444e-17
18.58 0 -6.53148e-18 0.000474066 -7.62716e-05 0.00403447 -4.75205e-18
18.6 0 3.76638e-18 0.000382763 -6.57379e-05 0.00325745 -2.64689e-17
18.62 0 3.35785e-17 0.00026973 -5.20016e-05 0.00229549 5.21351e-17
18.64 0 -8.12932e-18 0.000144175 -3.67009e-05 0.00122698 8.34514e-18
18.66 0 -4.79267e-18 1.84634e-05 -2.1866e-05 0.00015713 -2.75176e-17
18.68 0 -2.95081e-18 -9.90792e-05 -8.58619e-06 -0.000843198 -5.25504e-18
18.7 0 -2.08005e-18 -0.000206331 3.38751e-06 -0.00175595 1.27471e-18
18.72 0 -4.40227e-18 -0.000303242 1.48124e-05 -0.00258069 3.37791e-18
18.74 0 -7.56632e-18 -0.000387768 2.61095e-05 -0.00330004 1.06393e-18
18.76 0 -1.268e-17 -0.000456102 3.72553e-05 -0.00388158 -1.46957e-17
18.78 0 -1.09951e-17 -0.000505318 4.80275e-05 -0.00430043 -2.75865e-17
18.8 0 -1.27396e-17 -0.000535068 5.81102e-05 -0.00455361 -4.19826e-17
18.82 0 2.67422e-19 -0.000547141 6.70477e-05 -0.00465636 -2.46779e-17
18.84 0 -1.04749e-17 -0.000543656 7.42054e-05 -0.0046267 -1.4908e-17
18.86 0 -2.2838e-18 -0.000525351 7.88154e-05 -0.00447092 4.78753e-17
18.88 0 -4.55017e-18 -0.00049131 8.01319e-05 -0.00418122 -1.59041e-17
18.9 0 9.54299e-18 -0.000440118 7.76331e-05 -0.00374556 1.42288e-18
18.92 0 -1.92798e-17 -0.000371208 7.10779e-05 -0.00315911 -1.63085e-17
18.94 0 -1.40483e-17 -0.000285951 6.05542e-05 -0.00243355 -1.23539e-17
18.96 0 -3.76455e-19 -0.000188617 4.68055e-05 -0.00160519 -9.29001e-18
18.98 0 2.59064e-18 -8.58036e-05 3.14112e-05 -0.000730219 -1.06749e-17
19 0 2.36906e-18 1.64688e-05 1.6163e-05 0.000140156 -4.31029e-18
19.02 0 1.39638e-18 0.000115249 2.05092e-06 0.00098081 -8.99142e-18
19.04 0 6.66739e-18 0.000209459 -1.09943e-05 0.00178257 -1.50514e-17
19.06 0 -3.647e-18 0.00029659 -2.34271e-05 0.00252408 -7.78456e-18
19.08 0 1.54089e-18 0.000371841 -3.54343e-05 0.00316449 7.35439e-18
19.1 0 2.25802e-17 0.000430825 -4.69125e-05 0.00366647 2.64653e-17
19.12 0 4.87714e-18 0.000472454 -5.77244e-05 0.00402075 3.22078e-17
19.14 0 -1.33077e-17 0.000498844 -6.77299e-05 0.00424533 2.54558e-17
19.16 0 -1.24392e-17 0.000512587 -7.65925e-05 0.00436229 -4.20972e-17
19.18 0 4.4967e-18 0.000514184 -8.36544e-05 0.00437588 -4.54105e-18
19.2 0 9.91212e-18 0.000501913 -8.80595e-05 0.00427146 -2.36576e-17
19.22 0 1.25934e-18 0.000473918 -8.90507e-05 0.00403321 -3.25452e-18
19.24 0 2.68389e-17 0.000429964 -8.6185e-05 0.00365914 2.19701e-17
19.26 0 2.22821e-17 0.000370852 -7.92722e-05 0.00315608 4.64525e-17
19.28 0 -1.71496e-17 0.0002969 -6.83017e-05 0.00252672 -4.87088e-17
19.3 0 6.15764e-18 0.000208485 -5.37429e-05 0.00177428 -1.74502e-17
19.32 0 -2.37973e-17 0.000108402 -3.69105e-05 0.000922537 -2.96942e-17
19.34 0 3.81863e-18 2.83081e-06 -1.96858e-05 2.40912e-05 8.74435e-18
19.36 0 8.14288e-18 -0.000100429 -3.66507e-06 -0.000854689 -4.24105e-18
19.38 0 3.95177e-18 -0.000194521 1.0408e-05 -0.00165544 5.08009e-18
19.4 0 -3.50562e-19 -0.000274944 2.25207e-05 -0.00233987 1.21807e-18
19.42 0 -5.45796e-20 -0.000339683 3.30015e-05 -0.00289082 -2.01157e-18
19.44 0 -3.24596e-18 -0.000388483 4.2268e-05 -0.00330613 -2.22396e-17
19.46 0 1.93057e-18 -0.000421734 5.06646e-05 -0.0035891 7.73865e-18
19.48 0 5.02735e-18 -0.000439844 5.82883e-05 -0.00374322 -2.98295e-18
19.5 0 8.40108e-18 -0.00044345 6.48757e-05 -0.00377391 8.58125e-18
19.52 0 5.76832e-18 -0.000433554 6.98213e-05 -0.0036897 4.20539e-17
19.54 0 -5.99731e-18 -0.000410815 7.22912e-05 -0.00349618 9.913e-18
19.56 0 -1.5431e-17 -0.000374681 7.13951e-05 -0.00318867 -1.62958e-17
19.58 0 7.41432e-19 -0.000323529 6.63856e-05 -0.00275335 -9.13538e-19
19.6 0 1.41161e-17 -0.000256183 5.69356e-05 -0.00218021 6.85369e-18
19.62 0 6.8734e-18 -0.000174115 4.35469e-05 -0.00148178 1.83422e-17
19.64 0 7.7847e-18 -8.24683e-05 2.77232e-05 -0.000701834 1.66418e-18
19.66 0 4.70407e-18 1.14554e-05 1.14786e-05 9.7489e-05 -5.00875e-19
19.68 0 3.37766e-18 0.00010092 -3.51649e-06 0.000858863 2.97336e-18
19.7 0 -8.32527e-19 0.000181155 -1.64304e-05 0.00154169 1.29568e-18
19.72 0 2.15346e-18 0.000249095 -2.71874e-05 0.00211988 5.45543e-19
19.74 0 -3.67775e-18 0.000303076 -3.61521e-05 0.00257928 -6.33131e-18
19.76 0 -1.05027e-17 0.000343054 -4.38399e-05 0.00291951 -2.56963e-17
19.78 0 3.69515e-18 0.000370297 -5.06616e-05 0.00315136 2.20962e-17
19.8 0 -2.26006e-17 0.000386204 -5.67304e-05 0.00328673 -9.90473e-18
19.82 0 -1.5039e-17 0.000391332 -6.18216e-05 0.00333038 -5.99036e-17
19.84 0 1.688e-17 0.000385427 -6.54714e-05 0.00328012 -7.14977e-18
19.86 0 1.63769e-17 0.000367903 -6.7111e-05 0.00313098 3.76015e-17
19.88 0 4.6296e-18 0.000337962 -6.61818e-05 0.00287617 3.89838e-17
19.9 0 -2.03614e-17 0.000294468 -6.22483e-05 0.00250602 -9.05989e-18
19.92 0 -3.54064e-17 0.0002365 -5.51579e-05 0.00201269 -2.63065e-17
19.94 0 -5.51997e-18 0.000164887 -4.52495e-05 0.00140325 -3.10714e-17
19.96 0 -6.57356e-18 8.34162e-05 -3.34012e-05 0.000709901 -3.8023e-17
19.98 0 3.16142e-18 -1.84747e-06 -2.07229e-05 -1.57226e-05 -6.07196e-17
20 0 1.94228e-17 -8.46694e-05 -8.13923e-06 -0.000720566 4.23118e-17
20.02 0 -8.74533e-18 -0.000160346 3.72344e-06 -0.0013646 -6.98812e-18
20.04 0 1.59987e-18 -0.000226164 1.43933e-05 -0.00192474 3.73948e-19
20.06 0 -2.01695e-18 -0.000281165 2.35128e-05 -0.00239282 -1.2906e-17
20.08 0 5.47019e-18 -0.000325611 3.09365e-05 -0.00277106 3.9332e-18
20.1 0 1.69202e-20 -0.000360138 3.67349e-05 -0.0030649 1.95505e-18
20.12 0 4.87273e-20 -0.000384978 4.10794e-05 -0.0032763 -7.6834e-18
20.14 0 1.65879e-18 -0.000399689 4.41724e-05 -0.00340149 -6.50304e-18
20.16 0 -3.83853e-18 -0.000403274 4.62279e-05 -0.003432 1.35459e-17
20.18 0 -3.92154e-18 -0.00039424 4.73762e-05 -0.00335512 -7.61662e-18
20.2 0 1.375e-17 -0.000370622 4.74865e-05 -0.00315412 2.96051e-17
20.22 0 -1.14902e-17 -0.000330439 4.60801e-05 -0.00281215 1.5549e-17
20.24 0 -4.55111e-18 -0.000272798 4.2498e-05 -0.00232161 1.73983e-17
20.26 0 -1.46095e-18 -0.000199363 3.63317e-05 -0.00169665 -4.87002e-19
20.28 0 4.00195e-18 -0.000115025 2.78051e-05 -0.000978907 -1.33706e-17
20.3 0 9.89599e-18 -2.67214e-05 1.77106e-05 -0.000227408 1.31847e-17
20.32 0 -9.73121e-18 5.89389e-05 6.9837e-06 0.00050159 -2.19566e-17
20.34 0 3.53997e-18 0.000137364 -3.5926e-06 0.00116901 -2.46216e-18
20.36 0 -1.6458e-18 0.000206198 -1.33553e-05 0.00175481 3.7933e-18
20.38 0 -1.09875e-18 0.000264812 -2.17189e-05 0.00225365 -2.86333e-18
20.4 0 8.50469e-20 0.000313609 -2.83409e-05 0.00266892 2.93374e-18
20.42 0 -7.49019e-19 0.00035298 -3.3271e-05 0.00300398 8.51755e-18
20.44 0 -1.3164e-17 0.000382394 -3.68592e-05 0.00325431 1.01548e-17
20.46 0 1.82096e-18 0.000400586 -3.95494e-05 0.00340913 -8.00318e-18
20.48 0 -9.31409e-18 0.00040665 -4.17421e-05 0.00346073 1.10429e-17
20.5 0 2.76147e-17 0.000400641 -4.37093e-05 0.00340959 4.3707e-17
20.52 0 -4.7913e-18 0.000383053 -4.54859e-05 0.00325991 -2.41127e-17
20.54 0 7.45618e-19 0.000354008 -4.67847e-05 0.00301273 -3.12792e-17
20.56 0 -2.07678e-17 0.000313192 -4.70285e-05 0.00266537 -4.14219e-17
20.58 0 2.26233e-17 0.000260722 -4.55719e-05 0.00221883 3.98056e-17
20.6 0 -6.57593e-18 0.000198348 -4.20866e-05 0.00168801 4.95438e-17
20.62 0 1.12583e-18 0.00012976 -3.68067e-05 0.0011043 2.10619e-17
20.64 0 -1.19968e-17 5.9279e-05 -3.03407e-05 0.000504485 7.23287e-18
20.66 0 1.32344e-17 -9.98592e-06 -2.32594e-05 -8.49837e-05 4.03572e-17
20.68 0 -1.52039e-17 -7.67793e-05 -1.59116e-05 -0.000653418 -2.73694e-17
20.7 0 -4.70319e-18 -0.000140779 -8.55973e-06 -0.00119807 4.9917e-19
20.72 0 9.02781e-18 -0.000201302 -1.53252e-06 -0.00171315 -6.6187e-18
20.74 0 4.48317e-18 -0.000256677 4.82647e-06 -0.00218441 -1.04007e-17
20.76 0 -4.03221e-19 -0.000304367 1.03191e-05 -0.00259027 -2.10098e-17
20.78 0 6.28713e-18 -0.000341619 1.49664e-05 -0.0029073 -5.46391e-18
20.8 0 4.56095e-19 -0.000366326 1.89482e-05 -0.00311756 -7.76285e-19
20.82 0 1.06954e-19 -0.000377588 2.24916e-05 -0.00321341 -3.76864e-18
20.84 0 4.85534e-18 -0.000375553 2.57748e-05 -0.00319609 2.28251e-18
20.86 0 -5.58684e-18 -0.000360866 2.8863e-05 -0.0030711 -3.44403e-17
20.88 0 1.64489e-17 -0.00033446 3.16732e-05 -0.00284637 -5.56986e-18
20.9 0 -3.89124e-18 -0.000297665 3.39458e-05 -0.00253324 -8.5011e-18
20.92 0 6.07431e-18 -0.000251985 3.52162e-05 -0.00214448 4.6527e-18
20.94 0 4.15207e-18 -0.000198587 3.49234e-05 -0.00169005 1.8543e-18
20.96 0 1.21641e-17 -0.000138319 3.2714e-05 -0.00117714 2.40445e-19
20.98 0 -9.82295e-19 -7.23082e-05 2.86684e-05 -0.000615368 1.8426e-18
21 0 1.7636e-18 -2.50789e-06 2.32081e-05 -2.1343e-05 -1.20745e-17
21.02 0 -1.07094e-18 6.81848e-05 1.68466e-05 0.000580276 1.66761e-17
21.04 0 4.93863e-18 0.00013615 1.00665e-05 0.00115869 1.96466e-17
21.06 0 -2.23162e-18 0.000197615 3.3129e-06 0.00168177 1.22284e-17
21.08 0 -3.88355e-18 0.000249384 -3.04818e-06 0.00212234 4.15892e-18
21.1 0 2.57099e-18 0.000289261 -8.80747e-06 0.00246171 -1.51162e-18
21.12 0 4.36039e-19 0.000315962 -1.39332e-05 0.00268895 -1.10544e-18
21.14 0 1.48234e-18 0.000328953 -1.85086e-05 0.00279951 6.06035e-18
21.16 0 -3.32214e-19 0.000328568 -2.26474e-05 0.00279623 6.44887e-18
21.18 0 -1.77567e-18 0.000316162 -2.64417e-05 0.00269065 5.32983e-19
21.2 0 -1.74305e-18 0.000293758 -2.99391e-05 0.00249998 -1.08882e-17
21.22 0 1.08792e-18 0.000263104 -3.30982e-05 0.00223911 -7.00265e-18
21.24 0 -1.24904e-17 0.000224719 -3.56991e-05 0.00191244 -6.55411e-17
21.26 0 2.46454e-17 0.000177853 -3.73038e-05 0.00151359 1.59775e-17
21.28 0 1.30221e-17 0.000121723 -3.74119e-05 0.00103591 6.46191e-17
21.3 0 6.42952e-18 5.71606e-05 -3.57345e-05 0.000486457 -1.02302e-17
21.32 0 -1.82766e-19 -1.27849e-05 -3.23348e-05 -0.000108804 3.33948e-17
21.34 0 -1.85261e-17 -8.37262e-05 -2.75294e-05 -0.000712539 -2.1789e-17
21.36 0 1.23722e-17 -0.000151464 -2.17123e-05 -0.00128901 6.59756e-17
21.38 0 -1.61405e-17 -0.000213016 -1.52651e-05 -0.00181284 2.59622e-17
21.4 0 1.02552e-17 -0.000266657 -8.54904e-06 -0.00226934 6.69046e-19
21.42 0 6.18303e-18 -0.000311197 -1.9069e-06 -0.0026484 3.27872e-17
21.44 0 -3.68956e-18 -0.00034524 4.34054e-06 -0.00293811 2.31198e-17
21.46 0 1.08022e-18 -0.000367189 9.92369e-06 -0.00312491 1.68581e-18
21.48 0 -2.15625e-18 -0.000376048 1.46955e-05 -0.0032003 1.76848e-17
21.5 0 3.77408e-18 -0.000372128 1.86887e-05 -0.00316694 1.55678e-17
21.52 0 -3.8169e-18 -0.000356799 2.20718e-05 -0.00303648 -3.1589e-18
21.54 0 3.03737e-19 -0.000331255 2.49892e-05 -0.0028191 -4.43745e-19
21.56 0 1.13017e-18 -0.000295177 2.73553e-05 -0.00251206 -2.02451e-18
21.58 0 3.94947e-18 -0.000246604 2.87497e-05 -0.00209869 4.0778e-18
21.6 0 4.77957e-19 -0.00018385 2.86077e-05 -0.00156463 -2.72869e-18
21.62 0 -2.28819e-18 -0.000108316 2.66305e-05 -0.000921806 -1.30809e-19
21.64 0 7.54059e-19 -2.55145e-05 2.29968e-05 -0.000217137 5.51576e-18
21.66 0 1.03243e-18 5.70687e-05 1.81541e-05 0.000485674 2.2913e-19
21.68 0 1.45297e-18 0.000133553 1.24746e-05 0.00113658 1.28932e-17
21.7 0 7.24866e-18 0.000201723 6.1545e-06 0.00171674 8.94494e-18
21.72 0 -9.96549e-18 0.00026222 -6.38292e-07 0.00223159 -1.18115e-17
21.74 0 3.98755e-19 0.000315913 -7.61204e-06 0.00268853 -9.26185e-18
21.76 0 -6.04718e-19 0.00036174 -1.43504e-05 0.00307854 -4.35812e-18
21.78 0 1.85419e-18 0.000396732 -2.0437e-05 0.00337633 6.67916e-18
21.8 0 -1.29385e-19 0.000417968 -2.55948e-05 0.00355706 3.34723e-18
21.82 0 -7.96217e-19 0.000424588 -2.97501e-05 0.00361339 1.6903e-18
21.84 0 -5.29111e-20 0.000418044 -3.29995e-05 0.0035577 1.13464e-18
21.86 0 1.3622e-19 0.000400565 -3.55004e-05 0.00340895 -2.6376e-18
21.88 0 3.79679e-18 0.000373259 -3.7324e-05 0.00317656 5.68876e-18
21.9 0 5.59055e-22 0.000335361 -3.83098e-05 0.00285404 3.81944e-18
21.92 0 6.64161e-19 0.00028514 -3.80199e-05 0.00242664 1.09036e-17
21.94 0 3.92707e-18 0.000222029 -3.59697e-05 0.00188955 7.39942e-18
21.96 0 -2.15864e-18 0.000148484 -3.20433e-05 0.00126365 -1.49399e-17
21.98 0 -1.21179e-17 6.97046e-05 -2.66394e-05 0.000593211 -3.10487e-17
22 0 5.19524e-18 -8.85119e-06 -2.03486e-05 -7.53267e-05 -6.81743e-18
22.02 0 7.73163e-18 -8.40028e-05 -1.35463e-05 -0.000714893 -1.27411e-17
22.04 0 8.10435e-18 -0.000155256 -6.34413e-06 -0.00132128 3.21616e-18
22.06 0 -4.60026e-18 -0.000223021 1.1594e-06 -0.00189798 -4.81056e-18
22.08 0 -5.77585e-18 -0.000286244 8.67811e-06 -0.00243604 -7.49992e-18
22.1 0 1.10527e-17 -0.000341315 1.5755e-05 -0.00290471 6.46237e-18
22.12 0 -1.05137e-18 -0.000383158 2.19163e-05 -0.00326081 4.22164e-18
22.14 0 -5.46789e-18 -0.000407833 2.68266e-05 -0.0034708 -3.29876e-18
22.16 0 1.64696e-18 -0.000414623 3.03605e-05 -0.00352859 2.27086e-18
22.18 0 -6.11189e-18 -0.000406032 3.25741e-05 -0.00345547 -7.35528e-18
22.2 0 4.25184e-19 -0.000385755 3.36003e-05 -0.00328291 -2.31713e-18
22.22 0 7.63991e-20 -0.000356125 3.35148e-05 -0.00303075 7.56175e-19
22.24 0 5.13217e-19 -0.000316648 3.22098e-05 -0.00269479 -2.92692e-19
22.26 0 -2.52793e-18 -0.000264546 2.93428e-05 -0.00225138 -5.68324e-18
22.28 0 9.66095e-19 -0.000197372 2.45403e-05 -0.00167971 -6.50958e-18
22.3 0 1.57604e-18 -0.000116129 1.78387e-05 -0.000988299 5.06651e-18
22.32 0 -8.09159e-19 -2.60294e-05 9.86901e-06 -0.000221519 4.72263e-18
22.34 0 1.02229e-19 6.60898e-05 1.4696e-06 0.000562447 1.68087e-18
22.36 0 2.3769e-18 0.000154938 -6.84662e-06 0.00131858 5.48404e-18
22.38 0 -2.57318e-19 0.000237359 -1.49544e-05 0.00202001 7.32413e-18
22.4 0 3.17513e-18 0.000310692 -2.2764e-05 0.0026441 9.15925e-18
22.42 0 3.79987e-18 0.000371756 -2.99797e-05 0.00316377 1.27043e-17
22.44 0 -2.9962e-18 0.000417846 -3.61996e-05 0.00355601 2.37036e-18
22.46 0 -2.84421e-18 0.000448404 -4.1136e-05 0.00381608 -8.60989e-18
22.48 0 -5.19329e-19 0.000465267 -4.4706e-05 0.00395958 3.06662e-18
22.5 0 5.90632e-18 0.000471023 -4.69665e-05 0.00400857 8.22924e-18
22.52 0 -1.38343e-17 0.00046699 -4.80016e-05 0.00397425 -8.11993e-18
22.54 0 -5.93455e-18 0.000452558 -4.78497e-05 0.00385142 -1.58159e-17
22.56 0 -3.11461e-18 0.000425987 -4.64739e-05 0.0036253 -9.37918e-18
22.58 0 8.86424e-18 0.000385325 -4.37256e-05 0.00327925 4.59039e-18
22.6 0 8.01108e-18 0.000328809 -3.93194e-05 0.00279828 1.28441e-17
22.62 0 -1.00523e-18 0.000255948 -3.30193e-05 0.00217821 9.37299e-18
22.64 0 -3.49564e-18 0.000169532 -2.5006e-05 0.00144278 -2.34571e-18
22.66 0 -1.81331e-18 7.62571e-05 -1.59742e-05 0.000648974 1.43161e-18
22.68 0 -2.24661e-18 -1.55404e-05 -6.77252e-06 -0.000132254 -6.61297e-18
22.7 0 -2.2794e-18 -9.9275e-05 2.0045e-06 -0.000844865 -8.66651e-18
22.72 0 2.66175e-18 -0.000171949 1.00822e-05 -0.00146334 -1.9061e-18
22.74 0 3.88582e-20 -0.000233816 1.73477e-05 -0.00198986 -4.36358e-19
22.76 0 -1.44226e-19 -0.00028675 2.37318e-05 -0.00244035 -6.43149e-19
22.78 0 2.34202e-19 -0.000332237 2.91656e-05 -0.00282745 -1.29707e-18
22.8 0 -3.43154e-18 -0.000369976 3.35583e-05 -0.00314863 -4.23762e-18
22.82 0 5.48535e-20 -0.000397853 3.68074e-05 -0.00338587 -6.32704e-18
22.84 0 5.21475e-18 -0.000412976 3.88269e-05 -0.00351457 1.11892e-17
22.86 0 -6.58082e-18 -0.000412738 3.95464e-05 -0.00351254 6.21092e-18
22.88 0 2.02216e-18 -0.000395369 3.8871e-05 -0.00336473 4.2062e-18
22.9 0 -1.18985e-18 -0.000360191 3.66427e-05 -0.00306535 -1.21627e-18
22.92 0 -1.74017e-19 -0.00030787 3.26606e-05 -0.00262008 -1.08422e-18
22.94 0 2.08474e-18 -0.000240778 2.68111e-05 -0.0020491 3.54342e-18
22.96 0 -3.35255e-19 -0.000163315 1.93023e-05 -0.00138987 1.33058e-18
22.98 0 1.38561e-18 -8.14322e-05 1.0764e-05 -0.000693016 3.03299e-18
23 0 2.30198e-18 -7.87955e-07 1.97285e-06 -6.70578e-06 -1.08747e-19
23.02 0 -4.85745e-18 7.52475e-05 -6.55634e-06 0.000640383 -6.67658e-18
23.04 0 3.84708e-18 0.00014587 -1.46576e-05 0.00124141 1.11677e-17
23.06 0 3.14324e-18 0.000211367 -2.22722e-05 0.00179881 2.10953e-17
23.08 0 -2.13615e-18 0.000271603 -2.92695e-05 0.00231143 -1.91136e-17
23.1 0 2.84583e-18 0.000325444 -3.54851e-05 0.00276964 -2.39709e-17
23.12 0 3.52232e-18 0.000370667 -4.07849e-05 0.00315451 -9.16728e-18
23.14 0 -5.30473e-18 0.000404076 -4.50363e-05 0.00343883 -1.69271e-17
23.16 0 2.0836e-17 0.000422275 -4.80786e-05 0.00359371 4.74858e-17
23.18 0 -8.84149e-18 0.000423097 -4.97605e-05 0.0036007 1.26097e-17
23.2 0 1.79956e-18 0.000406685 -4.99903e-05 0.00346103 1.75943e-17
23.22 0 -2.19011e-17 0.000375292 -4.87415e-05 0.00319387 2.09627e-17
23.24 0 -6.06849e-18 0.000331958 -4.60206e-05 0.00282508 -2.94973e-17
23.26 0 1.52864e-17 0.000279125 -4.18157e-05 0.00237545 -2.71032e-17
23.28 0 -1.06632e-18 0.000218343 -3.61221e-05 0.00185818 -2.06604e-17
23.3 0 9.24195e-19 0.000151206 -2.9113e-05 0.00128682 -1.71675e-17
23.32 0 1.11747e-17 8.01932e-05 -2.12475e-05 0.000682472 2.6672e-17
23.34 0 -2.759e-18 8.1671e-06 -1.30932e-05 6.95049e-05 -6.5542e-18
23.36 0 3.67426e-18 -6.28324e-05 -5.0302e-06 -0.000534726 -1.2558e-17
23.38 0 -1.50092e-18 -0.000131841 2.8098e-06 -0.00112201 -1.69311e-17
23.4 0 2.47646e-18 -0.000197904 1.03505e-05 -0.00168424 2.14266e-18
23.42 0 2.20971e-19 -0.000258943 1.74172e-05 -0.0022037 -3.09973e-19
23.44 0 2.39518e-18 -0.000311637 2.37709e-05 -0.00265214 4.96472e-18
23.46 0 -3.61885e-18 -0.000352314 2.92153e-05 -0.00299832 -4.47014e-18
23.48 0 6.36426e-19 -0.000378173 3.36429e-05 -0.00321838 6.45248e-18
23.5 0 -2.97363e-18 -0.000388102 3.70086e-05 -0.00330289 2.25911e-17
23.52 0 -3.48941e-18 -0.000382697 3.92692e-05 -0.00325689 5.23165e-18
23.54 0 1.06708e-17 -0.000363617 4.03376e-05 -0.0030945 1.86345e-17
23.56 0 -7.59738e-18 -0.00033288 4.00925e-05 -0.00283293 1.60446e-17
23.58 0 1.65847e-18 -0.000292416 3.84275e-05 -0.00248857 9.19273e-18
23.6 0 4.87867e-18 -0.000243684 3.52665e-05 -0.00207384 -2.33483e-18
23.62 0 -6.20238e-18 -0.00018752 3.06008e-05 -0.00159586 6.22978e-18
23.64 0 -1.61835e-18 -0.000124596 2.46122e-05 -0.00106036 5.8055e-18
23.66 0 3.02832e-18 -5.6112e-05 1.77159e-05 -0.000477533 1.7135e-17
23.68 0 -5.89007e-18 1.59648e-05 1.03754e-05 0.000135866 -1.93607e-18
23.7 0 -3.29427e-18 8.90127e-05 2.89029e-06 0.000757529 -2.74693e-18
23.72 0 2.80638e-19 0.000159743 -4.58617e-06 0.00135947 1.30557e-18
23.74 0 2.14031e-19 0.000224327 -1.18973e-05 0.0019091 -2.28425e-18
23.76 0 3.45319e-19 0.000279083 -1.88398e-05 0.00237509 -1.38869e-18
23.78 0 -2.46731e-18 0.000321348 -2.52256e-05 0.00273478 -2.05706e-18
23.8 0 4.23249e-18 0.000349842 -3.09039e-05 0.00297728 1.02806e-18
23.82 0 7.04766e-18 0.000364542 -3.57327e-05 0.00310238 1.90388e-17
23.84 0 1.28154e-17 0.000366373 -3.95732e-05 0.00311796 2.64511e-17
23.86 0 1.64779e-17 0.000356783 -4.23135e-05 0.00303635 5.25857e-17
23.88 0 4.59813e-18 0.000337204 -4.38853e-05 0.00286972 3.19197e-17
23.9 0 -7.63939e-18 0.000308639 -4.42609e-05 0.00262663 1.67968e-17
23.92 0 -1.94533e-17 0.000271545 -4.34226e-05 0.00231094 4.05805e-18
23.94 0 1.20829e-17 0.000225969 -4.13251e-05 0.00192308 1.81058e-17
23.96 0 1.73992e-17 0.000172034 -3.79436e-05 0.00146407 9.60919e-18
23.98 0 -1.97889e-17 0.000110616 -3.33784e-05 0.000941383 -5.98306e-17
24 0 2.39324e-17 4.36989e-05 -2.78435e-05 0.000371893 -1.71354e-17
24.02 0 9.99484e-18 -2.57806e-05 -2.15269e-05 -0.000219402 3.33874e-17
24.04 0 -1.31833e-17 -9.4171e-05 -1.45486e-05 -0.000801428 -1.67066e-17
24.06 0 -1.4207e-17 -0.000157349 -7.10805e-06 -0.00133909 -1.59199e-17
24.08 0 -2.12886e-18 -0.000211541 4.12928e-07 -0.00180029 -2.10896e-17
24.1 0 5.89729e-18 -0.000254717 7.57724e-06 -0.00216773 -6.98381e-18
24.12 0 8.30938e-19 -0.000287339 1.40912e-05 -0.00244536 3.12164e-18
24.14 0 -2.81064e-18 -0.000311467 1.98483e-05 -0.00265069 2.50295e-18
24.16 0 2.85866e-18 -0.000328747 2.48335e-05 -0.00279775 6.1831e-19
24.18 0 -1.41882e-18 -0.000338897 2.9041e-05 -0.00288414 -1.2133e-17
24.2 0 -2.99557e-18 -0.000339806 3.24582e-05 -0.00289186 -1.76628e-17
24.22 0 2.69666e-18 -0.000329134 3.50694e-05 -0.00280105 4.27332e-19
24.24 0 1.43491e-17 -0.000306126 3.68281e-05 -0.00260524 3.77947e-17
24.26 0 -6.02982e-18 -0.000272067 3.758e-05 -0.00231539 1.57065e-17
24.28 0 -1.67574e-17 -0.0002291 3.70083e-05 -0.00194972 -2.58708e-17
24.3 0 1.7834e-18 -0.000178805 3.47457e-05 -0.00152169 -3.77205e-17
24.32 0 7.82139e-18 -0.000122093 3.06226e-05 -0.00103906 9.02795e-18
24.34 0 1.08026e-17 -6.03427e-05 2.48146e-05 -0.000513538 1.48956e-17
24.36 0 -2.61704e-18 3.61718e-06 1.77619e-05 3.07834e-05 -9.93903e-19
24.38 0 -2.51005e-18 6.58182e-05 9.99601e-06 0.000560136 6.84242e-19
24.4 0 1.4571e-19 0.000122649 2.03175e-06 0.00104378 -2.03533e-19
24.42 0 -4.22422e-19 0.000172357 -5.70949e-06 0.00146682 7.11344e-19
24.44 0 -1.56088e-18 0.00021528 -1.29934e-05 0.00183211 -2.04317e-18
24.46 0 5.02428e-19 0.000252537 -1.97906e-05 0.00214918 -5.46056e-18
24.48 0 1.31935e-17 0.00028425 -2.61455e-05 0.00241907 2.0759e-18
24.5 0 2.75176e-18 0.000308729 -3.20074e-05 0.00262739 -8.40416e-18
24.52 0 -3.78758e-18 0.00032319 -3.71913e-05 0.00275046 1.33445e-17
24.54 0 -1.01281e-17 0.000325442 -4.14833e-05 0.00276962 -1.74017e-18
24.56 0 -1.01293e-17 0.000315304 -4.47547e-05 0.00268335 -1.78461e-17
24.58 0 2.3285e-17 0.000294649 -4.69463e-05 0.00250757 -8.86463e-20
24.6 0 8.33653e-18 0.000265963 -4.794e-05 0.00226344 -7.60892e-18
24.62 0 -4.15378e-18 0.000230704 -4.74608e-05 0.00196337 1.88521e-17
24.64 0 -2.34759e-18 0.000189028 -4.51582e-05 0.0016087 -2.50046e-17
24.66 0 -2.74576e-18 0.000141075 -4.08455e-05 0.00120059 -1.40143e-17
24.68 0 2.56368e-18 8.82377e-05 -3.46765e-05 0.000750933 1.87123e-18
24.7 0 1.57773e-18 3.30161e-05 -2.70897e-05 0.000280979 6.25069e-18
24.72 0 -1.12492e-19 -2.22162e-05 -1.86184e-05 -0.000189068 2.29335e-17
24.74 0 -3.94652e-18 -7.60302e-05 -9.75821e-06 -0.000647044 7.24899e-18
24.76 0 -8.81985e-19 -0.000127559 -9.33855e-07 -0.00108557 9.26362e-19
24.78 0 -1.6612e-19 -0.000175503 7.50957e-06 -0.00149359 -2.99216e-19
24.8 0 -1.62826e-18 -0.000217685 1.53339e-05 -0.00185257 -2.04878e-18
24.82 0 -4.4201e-18 -0.000251667 2.24308e-05 -0.00214178 -1.8944e-17
24.84 0 3.29865e-18 -0.000275816 2.87967e-05 -0.00234729 1.47034e-17
24.86 0 -5.90868e-18 -0.000289799 3.44502e-05 -0.00246629 1.29947e-17
24.88 0 -3.65881e-18 -0.000294226 3.93335e-05 -0.00250396 7.83001e-18
24.9 0 -6.81109e-18 -0.000290007 4.3263e-05 -0.00246806 -1.47654e-18
24.92 0 -9.73746e-18 -0.000277966 4.59509e-05 -0.00236559 -2.97534e-17
24.94 0 5.99917e-18 -0.000258694 4.70702e-05 -0.00220157 -1.46148e-17
24.96 0 4.60017e-18 -0.000232402 4.63182e-05 -0.00197782 -1.86804e-17
24.98 0 -2.76241e-18 -0.000198878 4.3471e-05 -0.00169252 1.37425e-17
25 0 -1.43877e-17 -0.000157902 3.84728e-05 -0.0013438 -1.72236e-17
25.02 0 -2.94172e-18 -0.000110037 3.15385e-05 -0.000936457 -2.93315e-17
25.04 0 3.12913e-18 -5.71206e-05 2.31588e-05 -0.000486116 2.5362e-18
25.06 0 -2.01514e-18 -1.99473e-06 1.3965e-05 -1.69759e-05 -3.10973e-18
25.08 0 -2.37819e-19 5.22575e-05 4.53573e-06 0.000444729 -5.76733e-20
25.1 0 -8.01284e-18 0.000103017 -4.73522e-06 0.000876707 -4.01217e-18
25.12 0 -1.52677e-18 0.000148426 -1.36501e-05 0.00126316 -2.27029e-18
25.14 0 -5.50635e-18 0.000187318 -2.21222e-05 0.00159414 1.63499e-18
25.16 0 -2.64542e-17 0.000218978 -3.00744e-05 0.00186358 -3.04561e-17
25.18 0 1.60143e-18 0.000242984 -3.7381e-05 0.00206788 -2.8696e-17
25.2 0 -7.36889e-18 0.00025918 -4.38638e-05 0.00220571 1.6585e-17
25.22 0 -2.80649e-17 0.000267705 -4.93131e-05 0.00227826 -2.8073e-17
25.24 0 1.40546e-17 0.000268874 -5.35178e-05 0.00228821 -2.35918e-17
25.26 0 1.14852e-17 0.000262885 -5.62883e-05 0.00223724 -2.57619e-17
25.28 0 -1.09552e-17 0.000249525 -5.74648e-05 0.00212355 -3.31876e-17
25.3 0 1.89095e-17 0.00022823 -5.69142e-05 0.00194232 4.14945e-17
25.32 0 -8.81814e-18 0.000198624 -5.4534e-05 0.00169036 3.75529e-17
25.34 0 -2.90164e-18 0.000161296 -5.02936e-05 0.00137269 -2.07351e-17
25.36 0 -7.24771e-18 0.00011822 -4.42988e-05 0.00100609 -6.44992e-17
25.38 0 3.18674e-17 7.22458e-05 -3.67959e-05 0.000614837 2.01207e-17
25.4 0 -9.76328e-18 2.60338e-05 -2.81352e-05 0.000221557 2.30616e-18
25.42 0 5.59634e-18 -1.85457e-05 -1.87822e-05 -0.000157831 1.36801e-17
25.44 0 -1.14341e-17 -6.01618e-05 -9.30433e-06 -0.000511998 5.6314e-18
25.46 0 -6.54844e-18 -9.75436e-05 -2.32141e-07 -0.00083013 -4.09982e-18
25.48 0 -8.6689e-19 -0.00012942 8.09777e-06 -0.00110141 4.0677e-19
25.5 0 -5.50638e-18 -0.000154852 1.55564e-05 -0.00131785 -1.39762e-17
25.52 0 -1.04825e-18 -0.000173569 2.21435e-05 -0.00147713 -3.42865e-17
25.54 0 1.18774e-17 -0.000185979 2.79462e-05 -0.00158275 2.47233e-17
25.56 0 8.9265e-18 -0.000192791 3.31062e-05 -0.00164072 3.08009e-17
25.58 0 1.48699e-17 -0.000194475 3.77137e-05 -0.00165505 6.21399e-17
25.6 0 5.78503e-18 -0.000190919 4.16664e-05 -0.00162478 3.55166e-17
25.62 0 2.11914e-18 -0.000181499 4.46234e-05 -0.00154462 5.47702e-17
25.64 0 6.12107e-18 -0.000165533 4.61081e-05 -0.00140874 1.35975e-17
25.66 0 6.02816e-18 -0.000142886 4.56884e-05 -0.00121601 1.40864e-17
25.68 0 -2.40164e-17 -0.000114386 4.31245e-05 -0.000973462 -3.06138e-17
25.7 0 -1.40581e-17 -8.17194e-05 3.84293e-05 -0.000695461 -4.9869e-17
25.72 0 1.46051e-19 -4.67925e-05 3.18492e-05 -0.00039822 -5.75428e-18
25.74 0 8.45361e-18 -1.10445e-05 2.38148e-05 -9.39926e-05 -5.56302e-18
25.76 0 6.0895e-18 2.46638e-05 1.49213e-05 0.000209898 1.36068e-17
25.78 0 -3.40187e-18 5.95992e-05 5.86997e-06 0.00050721 -2.86212e-18
25.8 0 1.27031e-18 9.27492e-05 -2.72571e-06 0.000789328 -3.13048e-18
25.82 0 -2.16171e-18 0.000122829 -1.05444e-05 0.00104532 2.63268e-18
25.84 0 1.36197e-17 0.000148583 -1.75814e-05 0.00126449 2.13118e-17
25.86 0 -2.81144e-19 0.000169165 -2.40211e-05 0.00143965 6.78925e-18
25.88 0 -4.74494e-18 0.000184457 -3.01148e-05 0.00156979 1.28674e-17
25.9 0 -7.01964e-18 0.000195083 -3.6093e-05 0.00166023 4.32747e-17
25.92 0 -1.84867e-17 0.000201965 -4.20462e-05 0.0017188 1.1384e-17
25.94 0 -2.19776e-17 0.000205585 -4.77899e-05 0.0017496 -1.81289e-18
25.96 0 -1.83361e-17 0.000205427 -5.28194e-05 0.00174826 -8.11241e-18
25.98 0 1.67682e-17 0.000200029 -5.64236e-05 0.00170232 8.45519e-17
26 0 1.22453e-17 0.000187675 -5.79192e-05 0.00159718 -3.16876e-18
26.02 0 1.47716e-18 0.000167312 -5.68814e-05 0.00142388 -2.12564e-18
26.04 0 -2.44686e-18 0.00013918 -5.32667e-05 0.00118447 -1.13897e-17
26.06 0 -1.67485e-17 0.000104881 -4.74047e-05 0.00089257 -4.41128e-17
26.08 0 6.65247e-18 6.68502e-05 -3.98755e-05 0.000568919 -4.56793e-18
26.1 0 -1.32999e-17 2.75474e-05 -3.1349e-05 0.000234438 1.66639e-17
26.12 0 -1.00668e-18 -1.10343e-05 -2.24896e-05 -9.39055e-05 -2.23242e-17
26.14 0 4.91869e-18 -4.72878e-05 -1.38818e-05 -0.000402435 6.10673e-18
26.16 0 -6.49138e-18 -7.976e-05 -5.89028e-06 -0.000678785 -1.70654e-17
26.18 0 3.51278e-18 -0.00010726 1.43474e-06 -0.000912821 -2.90186e-18
26.2 0 3.24837e-18 -0.000129318 8.27497e-06 -0.00110054 -7.89044e-18
26.22 0 -4.15821e-19 -0.000146523 1.48657e-05 -0.00124696 6.95533e-18
26.24 0 -9.1458e-19 -0.000160232 2.13786e-05 -0.00136363 2.66397e-19
26.26 0 -2.91026e-18 -0.000171618 2.78626e-05 -0.00146053 6.59302e-18
26.28 0 1.19036e-17 -0.000180688 3.41702e-05 -0.00153772 2.18591e-17
26.3 0 -1.52195e-17 -0.000186082 3.98983e-05 -0.00158363 5.91792e-19
26.32 0 -1.31128e-17 -0.000185905 4.44427e-05 -0.00158211 -7.5494e-18
26.34 0 3.77554e-17 -0.000179029 4.71824e-05 -0.0015236 3.81948e-17
26.36 0 1.44573e-17 -0.000165823 4.76858e-05 -0.00141121 -7.02131e-18
26.38 0 4.3456e-18 -0.000147687 4.58025e-05 -0.00125687 4.15966e-17
26.4 0 3.25773e-18 -0.000125876 4.16249e-05 -0.00107125 5.10257e-17
26.42 0 -8.14025e-18 -0.000100734 3.54131e-05 -0.000857284 1.49231e-17
26.44 0 -1.48713e-17 -7.20232e-05 2.75697e-05 -0.000612943 -2.37256e-17
26.46 0 8.79475e-18 -3.99749e-05 1.86784e-05 -0.0003402 7.15095e-18
26.48 0 2.92606e-18 -5.9664e-06 9.4796e-06 -5.07761e-05 -9.17912e-18
26.5 0 -3.37006e-18 2.79334e-05 6.58257e-07 0.000237723 -6.29868e-18
26.52 0 -8.73132e-18 6.00506e-05 -7.42613e-06 0.000511052 -5.63404e-18
26.54 0 -2.37443e-19 8.96437e-05 -1.4804e-05 0.000762899 -2.8609e-17
26.56 0 4.23236e-18 0.000116455 -2.17188e-05 0.000991072 1.23483e-18
26.58 0 -1.77283e-17 0.00013999 -2.84145e-05 0.00119137 -5.29623e-17
26.6 0 -1.83251e-18 0.00015938 -3.50205e-05 0.00135638 -3.09542e-17
26.62 0 1.21831e-17 0.000173858 -4.14976e-05 0.0014796 -3.55748e-17
26.64 0 2.44458e-17 0.000183259 -4.75894e-05 0.0015596 -4.59889e-18
26.66 0 -3.68067e-17 0.00018798 -5.28092e-05 0.00159977 -3.48613e-17
26.68 0 1.26833e-17 0.000188456 -5.65158e-05 0.00160382 -1.7127e-17
26.7 0 8.74292e-18 0.00018455 -5.80711e-05 0.00157059 2.24292e-18
26.72 0 2.17508e-17 0.00017532 -5.70127e-05 0.00149204 4.45857e-17
26.74 0 -1.40366e-18 0.000159407 -5.31768e-05 0.00135661 -4.11776e-17
26.76 0 2.21249e-17 0.000135962 -4.67632e-05 0.00115708 -3.63398e-18
26.78 0 -1.1577e-17 0.000105573 -3.83416e-05 0.000898462 -6.48242e-17
26.8 0 4.1138e-18 7.05083e-05 -2.87865e-05 0.00060005 -1.88688e-19
26.82 0 -7.92018e-18 3.39876e-05 -1.90872e-05 0.000289247 -2.42744e-17
26.84 0 2.51125e-18 -1.04453e-06 -1.00335e-05 -8.88932e-06 -1.23288e-17
26.86 0 5.39148e-18 -3.27183e-05 -1.96455e-06 -0.000278444 -9.82893e-18
26.88 0 -2.19902e-18 -6.01933e-05 5.22154e-06 -0.000512266 -3.67335e-19
26.9 0 -7.23777e-19 -8.32753e-05 1.18536e-05 -0.000708702 -1.50932e-17
26.92 0 5.17331e-18 -0.000102311 1.828e-05 -0.000870701 -2.11538e-17
26.94 0 4.09386e-18 -0.000118234 2.47474e-05 -0.00100622 9.8657e-18
26.96 0 -1.44904e-18 -0.000132213 3.1299e-05 -0.00112518 7.85389e-18
26.98 0 6.92027e-18 -0.000144813 3.76749e-05 -0.00123241 2.3363e-17
27 0 -4.30909e-18 -0.000155303 4.32922e-05 -0.00132168 5.92154e-17
27.02 0 6.39676e-18 -0.000161799 4.73779e-05 -0.00137697 3.20653e-17
27.04 0 -4.35755e-18 -0.000162192 4.92157e-05 -0.00138031 -7.80839e-18
27.06 0 -7.90559e-18 -0.000155119 4.8372e-05 -0.00132012 -2.58514e-17
27.08 0 6.18895e-19 -0.000140303 4.47927e-05 -0.00119402 -2.18449e-17
27.1 0 4.00345e-18 -0.000118353 3.87688e-05 -0.00100722 1.97463e-17
27.12 0 -4.55818e-18 -9.05566e-05 3.08472e-05 -0.000770668 1.11132e-17
27.14 0 -5.84336e-18 -5.8923e-05 2.17723e-05 -0.000501456 -1.5114e-17
27.16 0 -4.70734e-18 -2.61002e-05 1.24241e-05 -0.000222122 -1.57816e-17
27.18 0 5.42374e-18 5.34179e-06 3.60391e-06 4.54605e-05 -6.18031e-18
27.2 0 -1.5157e-18 3.39899e-05 -4.278e-06 0.000289266 5.01383e-18
27.22 0 -7.48264e-18 6.0024e-05 -1.13127e-05 0.000510825 -4.20854e-18
27.24 0 -1.95403e-18 8.44858e-05 -1.78715e-05 0.000719004 -6.55759e-18
27.26 0 1.05402e-18 0.000108018 -2.42918e-05 0.000919269 -5.23351e-18
27.28 0 -1.98534e-17 0.000130146 -3.07187e-05 0.00110759 -9.93614e-18
27.3 0 2.47939e-17 0.000149574 -3.70915e-05 0.00127292 5.7717e-17
27.32 0 1.82211e-17 0.000165016 -4.31519e-05 0.00140434 2.54748e-17
27.34 0 2.45647e-17 0.000175701 -4.84427e-05 0.00149528 3.56489e-17
27.36 0 -3.05939e-17 0.00018112 -5.23511e-05 0.00154139 -3.51739e-17
27.38 0 -2.27411e-17 0.000180561 -5.4246e-05 0.00153664 -1.79976e-17
27.4 0 1.32845e-17 0.000173222 -5.36815e-05 0.00147418 -1.83895e-17
27.42 0 1.6732e-17 0.000158878 -5.05558e-05 0.00135211 3.64005e-17
27.44 0 -4.75679e-18 0.000138331 -4.51255e-05 0.00117724 4.42308e-18
27.46 0 -1.98323e-17 0.000113125 -3.78978e-05 0.00096273 -2.63949e-17
27.48 0 -7.98662e-18 8.48782e-05 -2.95122e-05 0.000722343 1.27166e-17
27.5 0 -3.19719e-18 5.49148e-05 -2.06811e-05 0.000467344 1.41557e-18
27.52 0 1.54212e-17 2.43399e-05 -1.21036e-05 0.000207141 2.60209e-17
27.54 0 3.8251e-19 -5.77983e-06 -4.2796e-06 -4.91884e-05 1.54221e-17
27.56 0 9.80646e-19 -3.43689e-05 2.63795e-06 -0.000292492 1.03449e-17
27.58 0 -1.42225e-18 -6.04227e-05 8.79351e-06 -0.000514219 1.06953e-18
27.6 0 -3.80578e-18 -8.31828e-05 1.44437e-05 -0.000707915 -9.6033e-19
27.62 0 4.32641e-18 -0.000102297 1.98084e-05 -0.000870585 1.33739e-18
27.64 0 1.06563e-17 -0.000117771 2.49976e-05 -0.00100227 8.24819e-19
27.66 0 3.65333e-19 -0.000129707 2.9954e-05 -0.00110385 -2.32662e-17
27.68 0 1.51233e-18 -0.000138068 3.44089e-05 -0.001175 -3.63201e-17
27.7 0 1.90125e-17 -0.000142617 3.7902e-05 -0.00121372 1.21774e-17
27.72 0 -7.84584e-19 -0.000142969 3.98879e-05 -0.00121672 -3.75183e-17
27.74 0 1.08668e-17 -0.000138652 3.98978e-05 -0.00117998 -9.75203e-18
27.76 0 5.16134e-18 -0.000129189 3.76812e-05 -0.00109944 2.12807e-18
27.78 0 -6.72116e-18 -0.000114236 3.32687e-05 -0.000972187 -1.55897e-17
27.8 0 3.04824e-18 -9.38201e-05 2.69635e-05 -0.000798442 -3.81303e-18
27.82 0 1.99001e-18 -6.86524e-05 1.93092e-05 -0.000584256 2.43539e-18
27.84 0 4.92257e-18 -4.02774e-05 1.10429e-05 -0.000342775 6.83498e-18
27.86 0 -6.63714e-19 -1.07615e-05 2.95686e-06 -9.15837e-05 7.49092e-19
27.88 0 2.18849e-18 1.80043e-05 -4.35287e-06 0.000153223 3.26592e-18
27.9 0 6.82894e-18 4.4799e-05 -1.0674e-05 0.000381255 2.21654e-18
27.92 0 5.59406e-18 6.89834e-05 -1.61394e-05 0.000587073 2.33391e-17
27.94 0 -1.28451e-17 9.01717e-05 -2.1038e-05 0.000767393 -2.90268e-18
27.96 0 -3.13603e-18 0.000108162 -2.56541e-05 0.000920493 -1.27454e-17
27.98 0 9.25518e-18 0.000123051 -3.0178e-05 0.00104721 -2.05322e-17
28 0 -2.48353e-18 0.000135151 -3.46285e-05 0.00115018 -1.86502e-17
28.02 0 2.03273e-17 0.000144618 -3.8788e-05 0.00123075 3.51465e-17
28.04 0 -2.39922e-17 0.000151131 -4.22128e-05 0.00128618 -3.74756e-17
28.06 0 8.15798e-18 0.000153891 -4.43472e-05 0.00130966 -1.39844e-19
28.08 0 -8.39432e-18 0.000151939 -4.47001e-05 0.00129305 1.15409e-17
28.1 0 8.33116e-18 0.00014457 -4.30051e-05 0.00123034 2.95741e-17
28.12 0 -2.08011e-18 0.000131586 -3.92901e-05 0.00111984 1.98096e-17
28.14 0 3.92802e-18 0.000113352 -3.38521e-05 0.000964665 2.85653e-17
28.16 0 -2.50944e-17 9.07496e-05 -2.71892e-05 0.000772311 -3.89641e-17
28.18 0 -3.66404e-18 6.51533e-05 -1.99365e-05 0.000554477 -1.35342e-17
28.2 0 -1.15682e-17 3.82959e-05 -1.27663e-05 0.000325911 -7.79158e-18
28.22 0 1.46642e-17 1.18913e-05 -6.20843e-06 0.000101199 1.51414e-17
28.24 0 -4.81877e-18 -1.28e-05 -4.8551e-07 -0.000108932 -2.4789e-18
28.26 0 1.32973e-18 -3.51226e-05 4.48803e-06 -0.000298905 1.4757e-18
28.28 0 -1.8066e-18 -5.48642e-05 8.95856e-06 -0.000466913 8.15258e-19
28.3 0 6.71799e-18 -7.20281e-05 1.31767e-05 -0.000612984 4.97319e-18
28.32 0 -1.60122e-18 -8.66766e-05 1.7303e-05 -0.000737648 9.96788e-19
28.34 0 -1.22959e-18 -9.87991e-05 2.13481e-05 -0.000840815 -3.592e-18
28.36 0 -1.91809e-18 -0.000108185 2.51308e-05 -0.000920692 1.58203e-18
28.38 0 -1.75011e-18 -0.000114374 2.82883e-05 -0.000973362 -1.55212e-17
28.4 0 6.40809e-19 -0.000116733 3.03593e-05 -0.000993442 -7.63768e-18
28.42 0 -1.19609e-17 -0.000114648 3.09195e-05 -0.000975698 -3.61013e-17
28.44 0 -1.52432e-18 -0.000107752 2.97124e-05 -0.000917003 -1.30138e-17
28.46 0 -1.12171e-17 -9.60871e-05 2.67202e-05 -0.000817734 -2.79069e-17
28.48 0 -9.45706e-18 -8.01308e-05 2.21581e-05 -0.000681941 -3.0862e-17
28.5 0 7.29908e-19 -6.06976e-05 1.64225e-05 -0.000516557 -2.11555e-17
28.52 0 3.9016e-18 -3.88487e-05 1.00343e-05 -0.000330616 -5.63933e-18
28.54 0 -6.37949e-19 -1.58017e-05 3.56014e-06 -0.000134478 9.49481e-19
28.56 0 3.28266e-19 7.24732e-06 -2.52526e-06 6.16772e-05 3.48437e-18
28.58 0 9.79809e-20 2.9335e-05 -7.97317e-06 0.000249651 -2.53804e-18
28.6 0 -1.02707e-18 4.98139e-05 -1.27854e-05 0.000423934 -2.07877e-17
28.62 0 1.41846e-17 6.82834e-05 -1.71231e-05 0.000581115 2.69452e-18
28.64 0 -4.66405e-18 8.44938e-05 -2.11911e-05 0.00071907