0.02 0 1.6148e-16 -0.0100886 0.00406153 -0.0100886 0
0.04 0 -5.35037e-15 -0.0873918 0.0256026 -0.0873918 0
0.06 0 2.43542e-14 -0.30825 0.0705601 -0.30825 0
0.08 0 -2.03512e-13 -0.408855 0.0678488 -0.408855 0
0.1 0 6.47923e-13 0.769671 -0.194994 0.769671 0
0.12 0 6.83451e-13 4.98981 -0.866185 4.98981 0
0.14 0 -2.14321e-12 12.9954 -1.25153 12.9954 0
0.16 0 -5.39314e-12 23.2773 1.25904 23.2773 0
0.18 0 7.77824e-12 33.1312 11.2497 33.1312 0
0.2 0 6.7438e-12 40.9267 33.0855 40.9267 0
0.22 0 -1.74771e-11 46.8617 67.4103 46.8617 0
0.24 0 6.82684e-13 51.7441 109.421 51.7441 0
0.26 0 -6.32105e-12 55.8755 151.272 55.8755 0
0.28 0 1.10496e-12 59.4279 187.304 59.4279 0
0.3 0 -3.29483e-12 63.4029 217.108 63.4029 0
0.32 0 2.15854e-11 69.5475 242.841 69.5475 0
0.34 0 1.03719e-11 78.9595 264.473 78.9595 0
0.36 0 3.49098e-11 90.6249 280.156 90.6249 0
0.38 0 7.63718e-13 101.231 291.214 101.231 0
0.4 0 1.64795e-11 106.577 303.551 106.577 0
0.42 0 1.96856e-11 103.837 322.887 103.837 0
0.44 0 4.91921e-11 93.3793 350.73 93.3793 0
0.46 0 -1.2676e-11 78.897 384.939 78.897 0
0.48 0 -7.13948e-12 65.5794 420.027 65.5794 0
0.5 0 -2.33228e-12 57.0976 445.257 57.0976 0
0.52 0 -1.7655e-10 52.919 447.642 52.919 0
0.54 0 -4.4374e-11 48.1521 423.123 48.1521 0
0.56 0 4.69382e-11 37.5542 385.226 37.5542 0
0.58 0 -8.21535e-11 21.4363 358.077 21.4363 0
0.6 0 1.28237e-10 7.32882 355.798 7.32882 0
0.62 0 1.48488e-11 4.22609 366.01 4.22609 0
0.64 0 4.17307e-11 14.4953 355.45 14.4953 0
0.66 0 -4.10071e-11 31.8546 297.453 31.8546 0
0.68 0 -5.01066e-12 47.5899 196.297 47.5899 0
0.7 0 9.39598e-12 58.8834 81.243 58.8834 0
0.72 0 -1.54417e-11 71.5682 -23.3831 71.5682 0
0.74 0 -1.08305e-11 94.9474 -116.263 94.9474 0
0.76 0 2.72098e-11 132.848 -207.856 132.848 0
0.78 0 3.59199e-11 178.307 -301.674 178.307 0
0.8 0 -8.44241e-11 217.205 -391.814 217.205 0
0.82 0 -6.71868e-11 239.177 -470.988 239.177 0
0.84 0 -1.74386e-11 246.943 -534.364 246.943 0
0.86 0 -1.69542e-11 254.885 -581.222 254.885 0
0.88 0 5.20704e-11 276.319 -618.673 276.319 0
0.9 0 7.97737e-11 309.794 -657.289 309.794 0
0.92 0 -3.4691e-11 337.829 -694.609 337.829 0
0.94 0 7.24393e-11 341.53 -706.848 341.53 0
0.96 0 -8.04202e-13 318.652 -667.244 318.652 0
0.98 0 6.88243e-11 287.363 -575.355 287.363 0
1 0 -4.0968e-11 271.479 -463.717 271.479 0
1.02 0 -4.63405e-12 281.016 -372.491 281.016 0
1.04 0 5.02127e-11 301.021 -319.502 301.021 0
1.06 0 -6.08993e-11 287.621 -298.064 287.621 0
1.08 0 -5.9125e-12 182.905 -298.031 182.905 0
1.1 0 -2.40173e-11 -27.2009 -313.807 -27.2009 0
1.12 0 -1.63772e-11 -257.737 -328.44 -257.737 0
1.14 0 -5.09013e-11 -374.201 -308.88 -374.201 0
1.16 0 5.37969e-11 -326.807 -234.516 -326.807 0
1.18 0 -2.12065e-11 -208.174 -126.408 -208.174 0
1.2 0 -8.21153e-12 -159.003 -33.2273 -159.003 0
1.22 0 3.50315e-11 -229.865 17.0321 -229.865 0
1.24 0 5.66763e-12 -342.84 40.5652 -342.84 0
1.26 0 4.79754e-13 -386.129 67.5383 -386.129 0
1.28 0 -1.34947e-11 -336.799 106.731 -336.799 0
1.3 0 1.41813e-12 -269.425 152.72 -269.425 0
1.32 0 1.72818e-11 -245.641 205.471 -245.641 0
1.34 0 -2.00191e-11 -233.06 259.427 -233.06 0
1.36 0 4.11979e-12 -150.317 285.351 -150.317 0
1.38 0 7.85084e-12 35.2907 248.032 35.2907 0
1.4 0 -1.06099e-11 267.935 144.669 267.935 0
1.42 0 5.97322e-12 430.554 6.01693 430.554 0
1.44 0 1.20103e-12 409.594 -149.224 409.594 0
1.46 0 4.40617e-11 197.019 -334.022 197.019 0
1.48 0 -7.51565e-11 -44.6119 -543.225 -44.6119 0
1.5 0 6.14007e-11 -94.0687 -714.872 -94.0687 0
1.52 0 1.67041e-12 100.128 -784.401 100.128 0
1.54 0 -1.0625e-11 358.898 -765.671 358.898 0
1.56 0 -7.61221e-11 476.717 -744.263 476.717 0
1.58 0 1.19563e-10 428.721 -794.619 428.721 0
1.6 0 -7.83264e-11 341.894 -918.928 341.894 0
1.62 0 7.79684e-12 317.921 -1048.04 317.921 0
1.64 0 4.02754e-11 332.022 -1081.99 332.022 0
1.66 0 1.3641e-12 284.48 -956.09 284.48 0
1.68 0 -7.77142e-12 121.961 -703.991 121.961 0
1.7 0 -3.26835e-11 -90.1527 -447.43 -90.1527 0
1.72 0 -4.62799e-11 -214.411 -295.031 -214.411 0
1.74 0 2.43055e-11 -171.864 -247.711 -171.864 0
1.76 0 1.57342e-12 -25.6894 -206.411 -25.6894 0
1.78 0 3.5663e-11 75.5976 -64.2308 75.5976 0
1.8 0 2.11472e-12 33.7452 199.483 33.7452 0
1.82 0 -4.20134e-11 -126.926 493.994 -126.926 0
1.84 0 1.83806e-11 -302.663 695.538 -302.663 0
1.86 0 7.83252e-12 -400.474 775.159 -400.474 0
1.88 0 -1.89522e-12 -396.68 836.322 -396.68 0
1.9 0 1.06618e-10 -339.089 999.88 -339.089 0
1.92 0 -4.17453e-11 -300.866 1261.36 -300.866 0
1.94 0 2.1272e-10 -319.012 1483.93 -319.012 0
1.96 0 1.15327e-10 -371.694 1527.69 -371.694 0
1.98 0 -2.26838e-10 -414.704 1376.48 -414.704 0
2 0 -1.61407e-10 -430.539 1149.47 -430.539 0
2.02 0 -3.31743e-12 -436.696 997.362 -436.696 0
2.04 0 5.5584e-11 -456.073 970.313 -456.073 0
2.06 0 -1.0614e-10 -487.888 968.027 -487.888 0
2.08 0 2.82499e-11 -503.33 824.645 -503.33 0
2.1 0 5.44115e-11 -465.891 460.145 -465.891 0
2.12 0 -7.86826e-11 -361.082 -42.7268 -361.082 0
2.14 0 4.08013e-11 -209.58 -507.37 -209.58 0
2.16 0 -5.2437e-11 -47.558 -807.862 -47.558 0
2.18 0 -3.13292e-11 106.156 -956.741 106.156 0
2.2 0 -1.96638e-10 257.416 -1065.84 257.416 0
2.22 0 1.35358e-10 411.521 -1225.23 411.521 0
2.24 0 -4.40126e-11 550.625 -1418.1 550.625 0
2.26 0 1.80007e-10 644.009 -1550.4 644.009 0
2.28 0 -1.21314e-10 680.253 -1553.34 680.253 0
2.3 0 -1.89174e-11 685.037 -1450.31 685.037 0
2.32 0 1.4313e-10 701.136 -1334.75 701.136 0
2.34 0 1.01301e-10 746.793 -1291.24 746.793 0
2.36 0 1.35851e-10 797.383 -1324.81 797.383 0
2.38 0 -1.42878e-10 810.179 -1354.02 810.179 0
2.4 0 -1.28984e-10 758.961 -1280.53 758.961 0
2.42 0 -2.66678e-11 643.053 -1078.34 643.053 0
2.44 0 -2.18905e-11 479.481 -817.959 479.481 0
2.46 0 -3.92928e-11 296.483 -600.638 296.483 0
2.48 0 6.55232e-12 121.55 -468.116 121.55 0
2.5 0 6.86987e-11 -36.5232 -375.916 -36.5232 0
2.52 0 4.24173e-11 -188.467 -246.965 -188.467 0
2.54 0 -5.59846e-12 -341.368 -41.0011 -341.368 0
2.56 0 3.75948e-11 -479.589 220.25 -479.589 0
2.58 0 5.77537e-12 -576.112 474.289 -576.112 0
2.6 0 3.22807e-11 -625.22 663.897 -625.22 0
2.62 0 4.32418e-12 -658.361 781.707 -658.361 0
2.64 0 -8.18493e-12 -715.03 871.177 -715.03 0
2.66 0 -5.26208e-11 -793.569 971.675 -793.569 0
2.68 0 -1.7118e-11 -844.428 1064.53 -844.428 0
2.7 0 4.94162e-11 -822.536 1079.88 -822.536 0
2.72 0 6.21743e-11 -734.078 957.492 -734.078 0
2.74 0 -2.48377e-11 -617.95 711.509 -617.95 0
2.76 0 -3.54408e-11 -492.103 443.61 -492.103 0
2.78 0 -1.71653e-11 -337.065 270.934 -337.065 0
2.8 0 1.47846e-11 -131.388 216.812 -131.388 0
2.82 0 1.00806e-11 110.363 185.919 110.363 0
2.84 0 -2.82553e-11 342.471 68.5559 342.471 0
2.86 0 -1.95196e-11 533.049 -147.597 533.049 0
2.88 0 1.90801e-12 703.059 -392.008 703.059 0
2.9 0 1.16484e-10 910.146 -611.082 910.146 0
2.92 0 -1.97658e-11 1182.67 -810.288 1182.67 0
2.94 0 6.35682e-11 1471.9 -1001.56 1471.9 0
2.96 0 -9.2516e-11 1677.04 -1148.33 1677.04 0
2.98 0 2.00304e-11 1721.15 -1180.79 1721.15 0
3 0 -3.36928e-11 1611.4 -1059.02 1611.4 0
3.02 0 -9.59018e-12 1437.54 -819.542 1437.54 0
3.04 0 -8.13372e-11 1305.97 -562.32 1305.97 0
3.06 0 -4.82834e-12 1252.85 -381.822 1252.85 0
3.08 0 7.4224e-11 1212.28 -294.778 1212.28 0
3.1 0 -7.86598e-11 1080.19 -229.938 1080.19 0
3.12 0 7.6565e-11 817.849 -95.3549 817.849 0
3.14 0 1.98136e-10 489.672 137.84 489.672 0
3.16 0 -1.27476e-10 199.055 422.968 199.055 0
3.18 0 -9.88665e-11 -9.2987 712.736 -9.2987 0
3.2 0 2.49376e-11 -187.077 1024.75 -187.077 0
3.22 0 -3.12963e-11 -428.319 1399.72 -428.319 0
3.24 0 3.34233e-10 -772.4 1805.41 -772.4 0
3.26 0 -1.69126e-10 -1154.33 2133.55 -1154.33 0
3.28 0 -2.07302e-10 -1457.23 2308.09 -1457.23 0
3.3 0 1.77442e-11 -1618.81 2355.99 -1618.81 0
3.32 0 1.82566e-10 -1678.33 2352.24 -1678.33 0
3.34 0 -8.13079e-11 -1718.28 2331.86 -1718.28 0
3.36 0 6.05475e-12 -1776.37 2277.66 -1776.37 0
3.38 0 1.41391e-10 -1820.56 2163.69 -1820.56 0
3.4 0 -8.53996e-11 -1790.25 1983.78 -1790.25 0
3.42 0 -8.5039e-11 -1645.68 1745.17 -1645.68 0
3.44 0 -2.05083e-11 -1389.94 1442.87 -1389.94 0
3.46 0 -2.20286e-11 -1064.19 1043.71 -1064.19 0
3.48 0 5.67428e-11 -722.87 512.827 -722.87 0
3.5 0 7.11868e-11 -400.563 -132.677 -400.563 0
3.52 0 -1.34559e-10 -95.6421 -809.977 -95.6421 0
3.54 0 -6.57148e-11 215.694 -1421.73 215.694 0
3.56 0 -4.69133e-10 552.038 -1917.24 552.038 0
3.58 0 1.54799e-10 910.203 -2310.45 910.203 0
3.6 0 5.8865e-10 1262.61 -2655.84 1262.61 0
3.62 0 -2.43374e-10 1562.9 -3001.57 1562.9 0
3.64 0 2.60978e-10 1764.53 -3339.35 1764.53 0
3.66 0 -1.12803e-10 1853.04 -3594.37 1853.04 0
3.68 0 1.58434e-11 1866 -3689.56 1866 0
3.7 0 -1.05679e-11 1869.1 -3634.01 1869.1 0
3.72 0 2.40245e-10 1898.56 -3527.4 1898.56 0
3.74 0 -2.00708e-10 1927.45 -3453.66 1927.45 0
3.76 0 1.35098e-11 1893.64 -3377.77 1893.64 0
3.78 0 -1.0209e-10 1755.39 -3167.32 1755.39 0
3.8 0 -6.6248e-13 1514.1 -2715.32 1514.1 0
3.82 0 -3.23537e-13 1197.11 -2033.1 1197.11 0
3.84 0 -8.48202e-11 836.351 -1234.98 836.351 0
3.86 0 -2.08304e-11 457.728 -451.48 457.728 0
3.88 0 6.76247e-11 73.9741 250.382 73.9741 0
3.9 0 1.6574e-10 -311.365 891.316 -311.365 0
3.92 0 -1.39865e-10 -684.29 1537.67 -684.29 0
3.94 0 -1.68227e-11 -1014.08 2217.96 -1014.08 0
3.96 0 -9.28779e-11 -1280.26 2864.37 -1280.26 0
3.98 0 -1.04851e-10 -1498.36 3342.63 -1498.36 0
4 0 -1.10699e-10 -1702.97 3553.93 -1702.97 0
4.02 0 2.19374e-10 -1903.81 3512.18 -1903.81 0
4.04 0 1.55188e-10 -2064.09 3321.6 -2064.09 0
4.06 0 1.1526e-10 -2118.98 3079.08 -2118.98 0
4.08 0 -1.42494e-10 -2013.47 2796.55 -2013.47 0
4.1 0 3.70953e-11 -1733.38 2417.51 -1733.38 0
4.12 0 -5.6249e-11 -1311.97 1906.92 -1311.97 0
4.14 0 -2.28942e-11 -807.928 1310.79 -807.928 0
4.16 0 2.77179e-11 -274.483 718.341 -274.483 0
4.18 0 -9.34498e-12 252.925 186.85 252.925 0
4.2 0 -5.03272e-11 749.974 -273.672 749.974 0
4.22 0 2.87956e-12 1199.63 -666.375 1199.63 0
4.24 0 7.51997e-11 1596.53 -1003.28 1596.53 0
4.26 0 -9.60987e-12 1944.45 -1328.66 1944.45 0
4.28 0 -1.8317e-10 2246.01 -1698.74 2246.01 0
4.3 0 1.11903e-10 2500.21 -2122.45 2500.21 0
4.32 0 2.49044e-11 2704.84 -2545.59 2704.84 0
4.34 0 8.53839e-11 2846.84 -2896.18 2846.84 0
4.36 0 -4.29629e-11 2891.06 -3126.31 2891.06 0
4.38 0 -1.68569e-10 2796.11 -3220.91 2796.11 0
4.4 0 -7.05976e-11 2549.38 -3191.61 2549.38 0
4.42 0 -1.24543e-11 2181.87 -3049.47 2181.87 0
4.44 0 1.77543e-10 1749.08 -2757.88 1749.08 0
4.46 0 -4.25742e-11 1303.64 -2224.51 1303.64 0
4.48 0 -2.99448e-11 882.097 -1367.53 882.097 0
4.5 0 1.31818e-10 500.463 -199.173 500.463 0
4.52 0 -2.88001e-10 145.081 1152.31 145.081 0
4.54 0 3.26134e-10 -232.454 2500.35 -232.454 0
4.56 0 4.20126e-10 -690.733 3696.6 -690.733 0
4.58 0 -2.29573e-10 -1249.99 4702.3 -1249.99 0
4.6 0 -1.30423e-10 -1870.8 5582.98 -1870.8 0
4.62 0 -2.42172e-10 -2491.2 6423.55 -2491.2 0
4.64 0 3.43939e-10 -3080.87 7225.12 -3080.87 0
4.66 0 1.13055e-10 -3646.45 7878.91 -3646.45 0
4.68 0 -3.70436e-10 -4180.86 8248.68 -4180.86 0
4.7 0 -2.75445e-11 -4619.24 8269.11 -4619.24 0
4.72 0 9.14752e-10 -4865.37 7952.41 -4865.37 0
4.74 0 -8.71182e-10 -4875.6 7325.48 -4875.6 0
4.76 0 5.30276e-10 -4710.02 6393.1 -4710.02 0
4.78 0 -3.65697e-10 -4483.86 5149.92 -4483.86 0
4.8 0 -3.45633e-10 -4264.39 3608.43 -4264.39 0
4.82 0 -3.31257e-10 -4021.34 1835.5 -4021.34 0
4.84 0 2.93568e-10 -3676.69 -21.7159 -3676.69 0
4.86 0 -2.1816e-10 -3192.81 -1773.38 -3192.81 0
4.88 0 -6.99326e-11 -2606.77 -3281.68 -2606.77 0
4.9 0 3.41106e-10 -1983.61 -4527.94 -1983.61 0
4.92 0 3.28391e-10 -1349.27 -5607.27 -1349.27 0
4.94 0 -1.59947e-09 -682.571 -6682.31 -682.571 0
4.96 0 1.81239e-09 27.4405 -7913.12 27.4405 0
4.98 0 1.82978e-10 732.024 -9357.11 732.024 0
5 0 -2.67285e-10 1344.34 -10894 1344.34 0
5.02 0 -2.54484e-09 1809.17 -12263.5 1809.17 0
5.04 0 -1.4185e-09 2145.81 -13205.8 2145.81 0
5.06 0 1.99414e-09 2426.32 -13591.5 2426.32 0
5.08 0 -1.42478e-12 2718.33 -13447.7 2718.33 0
5.1 0 -5.83772e-10 3044.13 -12889.9 3044.13 0
5.12 0 1.12894e-09 3382.74 -12015.5 3382.74 0
5.14 0 -1.83337e-10 3704.31 -10830.5 3704.31 0
5.16 0 -1.10701e-09 3997.38 -9256.34 3997.38 0
5.18 0 1.00846e-09 4254.78 -7211.53 4254.78 0
5.2 0 3.50636e-10 4434.08 -4682.54 4434.08 0
5.22 0 2.51327e-10 4451.74 -1711.4 4451.74 0
5.24 0 -7.12742e-10 4236.49 1670.93 4236.49 0
5.26 0 -1.44038e-09 3789.56 5454.94 3789.56 0
5.28 0 -8.3443e-10 3184.27 9546.71 3184.27 0
5.3 0 3.53049e-09 2505.02 13630.9 2505.02 0
5.32 0 8.3658e-10 1782.83 17175.6 1782.83 0
5.34 0 -3.92649e-09 971.151 19651.9 971.151 0
5.36 0 8.2358e-10 -28.1106 20819.3 -28.1106 0
5.38 0 -1.81199e-09 -1292.48 20833.2 -1292.48 0
5.4 0 -2.74508e-09 -2789.93 20075.7 -2789.93 0
5.42 0 2.15014e-09 -4350.58 18877.6 -4350.58 0
5.44 0 -2.07911e-09 -5746.21 17409.7 -5746.21 0
5.46 0 2.25978e-09 -6800.64 15835.2 -6800.64 0
5.48 0 -6.35422e-10 -7431.89 14464.9 -7431.89 0
5.5 0 4.26714e-09 -7619.58 13507.2 -7619.58 0
5.52 0 1.52272e-09 -7367.09 12642.4 -7367.09 0
5.54 0 -1.14848e-09 -6702.75 11117.2 -6702.75 0
5.56 0 -3.70167e-10 -5692.18 8386.22 -5692.18 0
5.58 0 2.7456e-10 -4428.07 4572.83 -4428.07 0
5.6 0 8.33606e-11 -2997.85 285.545 -2997.85 0
5.62 0 5.22193e-10 -1459.33 -3826.6 -1459.33 0
5.64 0 -1.07883e-09 139.365 -7269.53 139.365 0
5.66 0 3.80424e-10 1699.31 -9702.2 1699.31 0
5.68 0 9.61617e-10 3046.48 -11018.9 3046.48 0
5.7 0 7.85429e-10 4008.95 -11467.8 4008.95 0
5.72 0 -6.09595e-10 4531.97 -11569.3 4531.97 0
5.74 0 8.1994e-10 4696.84 -11826.3 4696.84 0
5.76 0 -1.00427e-09 4619.6 -12458.5 4619.6 0
5.78 0 -8.8806e-10 4340.37 -13349.7 4340.37 0
5.8 0 7.48427e-10 3800.76 -14203.8 3800.76 0
5.82 0 -1.207e-09 2904.15 -14760.1 2904.15 0
5.84 0 1.37596e-09 1598.81 -14900.3 1598.81 0
5.86 0 7.90965e-10 -66.4591 -14584.2 -66.4591 0
5.88 0 -7.34915e-10 -1940.49 -13736.1 -1940.49 0
5.9 0 -9.26378e-10 -3826.03 -12271.6 -3826.03 0
5.92 0 -1.51656e-09 -5559.51 -10263.3 -5559.51 0
5.94 0 -1.25316e-09 -7045.97 -8007.49 -7045.97 0
5.96 0 6.89621e-10 -8221.66 -5838.47 -8221.66 0
5.98 0 -7.11135e-10 -9005.7 -3853.85 -9005.7 0
6 0 2.11437e-10 -9307.72 -1805.07 -9307.72 0
6.02 0 -3.95743e-10 -9066.39 787.385 -9066.39 0
6.04 0 2.38534e-10 -8266.63 4371.63 -8266.63 0
6.06 0 9.82171e-10 -6954.18 9032.03 -6954.18 0
6.08 0 1.94478e-09 -5263.71 14219.4 -5263.71 0
6.1 0 2.02288e-09 -3393.02 18774.9 -3393.02 0
6.12 0 -6.35694e-10 -1503.21 21405.9 -1503.21 0
6.14 0 2.06956e-09 336.466 21446.3 336.466 0
6.16 0 -3.36523e-10 2105.29 19359.3 2105.29 0
6.18 0 2.55473e-09 3826.43 16483.5 3826.43 0
6.2 0 9.82699e-10 5664.28 14136.3 5664.28 0
6.22 0 6.85819e-10 7927.66 12794.2 7927.66 0
6.24 0 9.24508e-10 10830.6 11997.5 10830.6 0
6.26 0 3.00785e-10 14159.2 10948 14159.2 0
6.28 0 -8.90661e-10 17148.9 9017.37 17148.9 0
6.3 0 -1.31134e-09 18771.6 5706.14 18771.6 0
6.32 0 7.72607e-10 18387.8 676.685 18387.8 0
6.34 0 -7.31903e-11 16367.8 -5945.12 16367.8 0
6.36 0 6.72328e-10 13913.5 -13641.5 13913.5 0
6.38 0 1.63261e-10 12146.9 -21604.6 12146.9 0
6.4 0 -6.41233e-10 11272 -28777 11272 0
6.42 0 -1.48091e-09 10720.9 -34109.8 10720.9 0
6.44 0 3.71081e-09 10090.1 -36923.5 10090.1 0
6.46 0 2.48663e-09 9746.89 -37091.7 9746.89 0
6.48 0 -4.30753e-09 9973.35 -35019.8 9973.35 0
6.5 0 2.99565e-10 9873.01 -31456.8 9873.01 0
6.52 0 3.80981e-09 7949.83 -27281.2 7949.83 0
6.54 0 -1.15837e-09 3555.9 -23430.4 3555.9 0
6.56 0 1.95148e-09 -2391.03 -20587.7 -2391.03 0
6.58 0 -1.03791e-09 -8016.43 -18808.7 -8016.43 0
6.6 0 -2.24125e-09 -11745.4 -17620.5 -11745.4 0
6.62 0 -5.88747e-10 -13265.8 -16119.2 -13265.8 0
6.64 0 -5.92731e-10 -13306.6 -13123.5 -13306.6 0
6.66 0 8.42586e-10 -12623 -7918.25 -12623 0
6.68 0 1.21187e-10 -11480.5 -947.237 -11480.5 0
6.7 0 -2.055e-10 -9977.97 6438.51 -9977.97 0
6.72 0 -6.5545e-11 -8454.47 13066.9 -8454.47 0
6.74 0 3.77214e-10 -7488.44 18515.7 -7488.44 0
6.76 0 -6.20409e-10 -7539 22711.5 -7539 0
6.78 0 1.40614e-10 -8602.77 25464.1 -8602.77 0
6.8 0 2.1793e-09 -10344 26727.2 -10344 0
6.82 0 -1.30524e-09 -12268.1 26959.7 -12268.1 0
6.84 0 -9.76082e-10 -13720.7 26745.1 -13720.7 0
6.86 0 2.87474e-10 -14098.8 26269.7 -14098.8 0
6.88 0 -8.53617e-10 -13023.9 25646 -13023.9 0
6.9 0 2.17994e-09 -10462.9 25283.7 -10462.9 0
6.92 0 -1.47574e-09 -6855.49 25247.7 -6855.49 0
6.94 0 2.86819e-09 -2949.9 25075.2 -2949.9 0
6.96 0 -3.82214e-09 587.941 24582.7 587.941 0
6.98 0 -9.01931e-10 3413.32 23650.3 3413.32 0
7 0 1.72428e-10 5520.57 22103.3 5520.57 0
7.02 0 2.63161e-09 7097.14 19832.5 7097.14 0
7.04 0 2.11308e-11 8249.99 16423.3 8249.99 0
7.06 0 -3.46803e-10 8900.6 11300.6 8900.6 0
7.08 0 1.14702e-09 8991.35 4266.75 8991.35 0
7.1 0 -3.34612e-10 8698.39 -3993.39 8698.39 0
7.12 0 -1.23722e-10 8332.7 -12139.4 8332.7 0
7.14 0 -1.86945e-10 8069.28 -18862.9 8069.28 0
7.16 0 -3.25071e-10 7863.69 -23449.2 7863.69 0
7.18 0 -5.02865e-10 7665.94 -25836.6 7665.94 0
7.2 0 1.28774e-09 7606.67 -26222.2 7606.67 0
7.22 0 4.50088e-10 7666.83 -24922.7 7666.83 0
7.24 0 -2.97352e-10 7743.8 -22417.9 7743.8 0
7.26 0 1.54951e-10 7636.39 -19351.8 7636.39 0
7.28 0 -1.9444e-09 6863.99 -16517.8 6863.99 0
7.3 0 -8.77773e-10 5001.47 -14652.3 5001.47 0
7.32 0 2.65676e-10 1990.49 -14120.8 1990.49 0
7.34 0 5.10386e-11 -1724.4 -14746.8 -1724.4 0
7.36 0 1.52111e-09 -5467.95 -15940.1 -5467.95 0
7.38 0 -1.27427e-09 -8638.06 -16783.8 -8638.06 0
7.4 0 -1.06331e-09 -10825.6 -16188.2 -10825.6 0
7.42 0 2.72963e-10 -11833.6 -13390.4 -11833.6 0
7.44 0 -2.19045e-10 -11742.3 -8490.5 -11742.3 0
7.46 0 1.6644e-09 -10888.6 -2394.55 -10888.6 0
7.48 0 -3.41173e-10 -9674.15 3829.14 -9674.15 0
7.5 0 -1.09103e-10 -8382.85 9451.63 -8382.85 0
7.52 0 -2.33481e-10 -7181.32 14045.3 -7181.32 0
7.54 0 -2.84429e-11 -6245.52 17285.4 -6245.52 0
7.56 0 3.06459e-11 -5767.04 19012.7 -5767.04 0
7.58 0 -6.21514e-10 -5773.04 19417.3 -5773.04 0
7.6 0 -3.46484e-10 -6028.68 18954.6 -6028.68 0
7.62 0 -1.77143e-09 -5988.09 18047.7 -5988.09 0
7.64 0 1.94927e-09 -4981.68 16942.8 -4981.68 0
7.66 0 2.27445e-10 -2723.96 15793.7 -2723.96 0
7.68 0 -2.91778e-09 399.644 14767.9 399.644 0
7.7 0 1.37888e-09 3613.27 13989.1 3613.27 0
7.72 0 -6.72696e-10 6315.68 13356.2 6315.68 0
7.74 0 2.14117e-09 8288.29 12389.4 8288.29 0
7.76 0 5.69926e-10 9493.75 10263.6 9493.75 0
7.78 0 -1.97464e-09 9893.95 6300.4 9893.95 0
7.8 0 -1.13694e-09 9506.68 583.832 9506.68 0
7.82 0 1.16186e-09 8510.54 -5988.86 8510.54 0
7.84 0 -4.00376e-10 7216.84 -12254.3 7216.84 0
7.86 0 -1.63655e-10 5973.98 -17343.5 5973.98 0
7.88 0 -4.96944e-10 5090.43 -20763.9 5090.43 0
7.9 0 -3.9519e-10 4764.5 -22297.8 4764.5 0
7.92 0 1.73738e-09 5013.08 -22063 5013.08 0
7.94 0 6.1698e-10 5571.09 -20596.9 5571.09 0
7.96 0 5.53378e-10 5920.73 -18619.2 5920.73 0
7.98 0 -2.02841e-09 5420.47 -16679.3 5420.47 0
8 0 3.40448e-09 3621.88 -15062.8 3621.88 0
8.02 0 -1.56791e-10 691.786 -13884.2 691.786 0
8.04 0 8.14783e-10 -2621.22 -13165 -2621.22 0
8.06 0 4.83668e-10 -5507.27 -12800.1 -5507.27 0
8.08 0 1.74946e-09 -7562.2 -12448.2 -7562.2 0
8.1 0 -1.91465e-09 -8770.87 -11517.4 -8770.87 0
8.12 0 -1.08668e-09 -9242.14 -9368.79 -9242.14 0
8.14 0 1.05945e-09 -9084.74 -5799.75 -9084.74 0
8.16 0 -1.61218e-10 -8457.37 -1271.42 -8457.37 0
8.18 0 -1.51617e-09 -7606.05 3522.25 -7606.05 0
8.2 0 1.68081e-10 -6817.31 8143.43 -6817.31 0
8.22 0 -1.73665e-10 -6330.31 12436.5 -6330.31 0
8.24 0 -1.14407e-10 -6245.75 16227.7 -6245.75 0
8.26 0 -1.06052e-09 -6466.08 19181.2 -6466.08 0
8.28 0 4.24407e-10 -6725.39 20930.2 -6725.39 0
8.3 0 2.46993e-09 -6695.02 21298.6 -6695.02 0
8.32 0 -1.45391e-09 -6096.07 20417.6 -6096.07 0
8.34 0 -5.34636e-09 -4818.52 18695.8 -4818.52 0
8.36 0 1.31774e-09 -3004.47 16676.1 -3004.47 0
8.38 0 3.62798e-09 -973.427 14837.6 -973.427 0
8.4 0 -2.05583e-09 999.87 13464.8 999.87 0
8.42 0 -1.79339e-09 2820.89 12621.7 2820.89 0
8.44 0 -4.02065e-10 4481.02 12221.9 4481.02 0
8.46 0 -5.51101e-10 5903.75 11935.9 5903.75 0
8.48 0 1.28383e-09 6934.63 11075.2 6934.63 0
8.5 0 -4.21463e-11 7451.48 8903.72 7451.48 0
8.52 0 4.76852e-10 7464.4 5168.3 7464.4 0
8.54 0 -1.24028e-10 7122.8 361.809 7122.8 0
8.56 0 1.12689e-10 6624.11 -4611.52 6624.11 0
8.58 0 2.87069e-10 6110.25 -9025.27 6110.25 0
8.6 0 -9.7859e-11 5644.61 -12521.5 5644.61 0
8.62 0 -6.78286e-10 5253.49 -14914.9 5253.49 0
8.64 0 -2.21577e-10 4922.46 -16099.1 4922.46 0
8.66 0 9.9373e-10 4533.88 -16157.5 4533.88 0
8.68 0 -1.33466e-09 3858.22 -15395.6 3858.22 0
8.7 0 1.67382e-09 2672.39 -14232.7 2672.39 0
8.72 0 -2.34496e-09 952.161 -13062.5 952.161 0
8.74 0 1.1063e-10 -1071.89 -12152.6 -1071.89 0
8.76 0 -1.39008e-09 -3089.41 -11621.4 -3089.41 0
8.78 0 5.73877e-10 -4903.74 -11464.7 -4903.74 0
8.8 0 1.475e-09 -6445.97 -11546.3 -6445.97 0
8.82 0 -9.02404e-10 -7674.76 -11579.1 -7674.76 0
8.84 0 -7.62375e-10 -8531.35 -11100.4 -8531.35 0
8.86 0 -1.63956e-09 -8967.44 -9569.04 -8967.44 0
8.88 0 -6.61831e-10 -8989.04 -6701.08 -8989.04 0
8.9 0 -6.29568e-10 -8680.03 -2728.03 -8680.03 0
8.92 0 -6.26265e-10 -8172.65 1733.65 -8172.65 0
8.94 0 1.65088e-10 -7583.52 6063.48 -7583.52 0
8.96 0 4.58821e-10 -6981.87 9827.39 -6981.87 0
8.98 0 5.31166e-10 -6386.56 12692.2 -6386.56 0
9 0 -3.2931e-10 -5723.26 14429 -5723.26 0
9.02 0 2.59981e-10 -4832.28 15070.6 -4832.28 0
9.04 0 1.16388e-09 -3581.33 14934.7 -3581.33 0
9.06 0 -2.72165e-09 -2016.79 14399.8 -2016.79 0
9.08 0 -1.25092e-10 -360.095 13684 -360.095 0
9.1 0 1.07162e-09 1222.26 12872.4 1222.26 0
9.12 0 -1.6403e-09 2777.29 12069 2777.29 0
9.14 0 3.70405e-10 4442.63 11415.1 4442.63 0
9.16 0 5.0791e-10 6193.24 10928.2 6193.24 0
9.18 0 -1.23634e-09 7754.21 10336.2 7754.21 0
9.2 0 1.05357e-09 8758.75 9089.18 8758.75 0
9.22 0 4.8344e-10 9006.66 6684.6 9006.66 0
9.24 0 -1.57169e-09 8625.83 3140.01 8625.83 0
9.26 0 6.05047e-10 7996.91 -848.431 7996.91 0
9.28 0 -7.63218e-10 7481.96 -4345.34 7481.96 0
9.3 0 6.16674e-10 7205.14 -6860.65 7205.14 0
9.32 0 -1.93774e-10 7079.64 -8598.32 7079.64 0
9.34 0 -5.69648e-10 6984.59 -10088.9 6984.59 0
9.36 0 -1.53738e-10 6812.01 -11650.9 6812.01 0
9.38 0 3.29643e-11 6402.3 -13136.6 6402.3 0
9.4 0 6.47209e-10 5512.97 -14121.6 5512.97 0
9.42 0 -2.04256e-10 3967.52 -14346 3967.52 0
9.44 0 6.69397e-10 1895.24 -13959.5 1895.24 0
9.46 0 -9.39049e-10 -291.916 -13348.2 -291.916 0
9.48 0 7.86514e-10 -2196.56 -12778 -2196.56 0
9.5 0 -3.55654e-10 -3680.63 -12233.7 -3680.63 0
9.52 0 1.28416e-09 -4813.56 -11524.6 -4813.56 0
9.54 0 9.16742e-10 -5679.29 -10479.1 -5679.29 0
9.56 0 6.21363e-10 -6291.8 -8993.56 -6291.8 0
9.58 0 -1.49661e-09 -6642.73 -6936.23 -6642.73 0
9.6 0 -3.58535e-10 -6759.75 -4146.45 -6759.75 0
9.62 0 9.4619e-12 -6713.07 -614.462 -6713.07 0
9.64 0 1.86385e-10 -6580.19 3368.13 -6580.19 0
9.66 0 6.34486e-11 -6405.54 7303.14 -6405.54 0
9.68 0 3.53269e-10 -6190.51 10704.7 -6190.51 0
9.7 0 -8.78843e-10 -5911.3 13206.5 -5911.3 0
9.72 0 1.69324e-09 -5527.71 14570.6 -5527.71 0
9.74 0 1.70311e-09 -4985.59 14735.7 -4985.59 0
9.76 0 -3.68123e-10 -4209.8 13889.8 -4209.8 0
9.78 0 -1.0886e-09 -3137.27 12451.6 -3137.27 0
9.8 0 1.38904e-09 -1783.12 10906.7 -1783.12 0
9.82 0 1.00827e-09 -230.789 9580.06 -230.789 0
9.84 0 8.63164e-10 1440.09 8497.91 1440.09 0
9.86 0 6.2398e-10 3160.35 7404.14 3160.35 0
9.88 0 -1.13579e-10 4782.29 5889.95 4782.29 0
9.9 0 1.47793e-10 6053.92 3626.1 6053.92 0
9.92 0 7.29795e-10 6757.39 620.156 6757.39 0
9.94 0 -1.17324e-10 6882.18 -2746.79 6882.18 0
9.96 0 -9.13946e-11 6640.65 -6003.7 6640.65 0
9.98 0 3.86411e-10 6315.19 -8894.69 6315.19 0
10 0 -8.35139e-11 6088.27 -11375.1 6088.27 0
10.02 0 -1.49514e-10 5982.83 -13403.8 5982.83 0
10.04 0 1.24094e-09 5923.6 -14855.9 5923.6 0
10.06 0 -5.59685e-10 5841.42 -15633.7 5841.42 0
10.08 0 8.65915e-10 5715.7 -15802.5 5715.7 0
10.1 0 -6.71977e-10 5520.6 -15575.4 5520.6 0
10.12 0 -1.28679e-09 5116.44 -15152.5 5116.44 0
10.14 0 -4.38025e-10 4261.25 -14573 4261.25 0
10.16 0 1.18594e-09 2824.39 -13709.2 2824.39 0
10.18 0 6.75476e-10 973.361 -12386 973.361 0
10.2 0 2.83127e-10 -903.493 -10509.5 -903.493 0
10.22 0 -1.76945e-09 -2463.2 -8133.28 -2463.2 0
10.24 0 -4.51058e-10 -3581.12 -5430.74 -3581.12 0
10.26 0 -4.82358e-10 -4325.06 -2607.07 -4325.06 0
10.28 0 -7.89779e-11 -4837.35 199.667 -4837.35 0
10.3 0 1.1003e-10 -5236.23 2956.99 -5236.23 0
10.32 0 -1.02258e-10 -5569.94 5652.89 -5569.94 0
10.34 0 -2.55101e-10 -5829.76 8197.78 -5829.76 0
10.36 0 -9.25146e-10 -6002.62 10442.8 -6002.62 0
10.38 0 -1.56565e-10 -6104.2 12259 -6104.2 0
10.4 0 5.37272e-10 -6150.19 13563 -6150.19 0
10.42 0 -5.81643e-10 -6097.77 14299.6 -6097.77 0
10.44 0 7.21382e-11 -5816.97 14436.8 -5816.97 0
10.46 0 -2.24898e-10 -5134.71 13992.1 -5134.71 0
10.48 0 7.57604e-10 -3941.02 13046.6 -3941.02 0
10.5 0 2.05951e-10 -2289.37 11726.3 -2289.37 0
10.52 0 -3.26576e-10 -409.734 10148.9 -409.734 0
10.54 0 2.76274e-10 1421.35 8349.46 1421.35 0
10.56 0 2.97099e-10 3041.28 6266.1 3041.28 0
10.58 0 -2.67773e-10 4413.47 3845.51 4413.47 0
10.6 0 -1.5514e-10 5527.52 1181.56 5527.52 0
10.62 0 -1.47442e-10 6361.92 -1497.53 6361.92 0
10.64 0 -5.79937e-11 6934.4 -4003.45 6934.4 0
10.66 0 2.51457e-11 7313.71 -6321.62 7313.71 0
10.68 0 -4.88882e-10 7553.09 -8567.8 7553.09 0
10.7 0 -5.98405e-10 7635.39 -10833.6 7635.39 0
10.72 0 7.53092e-10 7494.03 -13056.1 7494.03 0
10.74 0 1.80518e-09 7082.51 -14991.3 7082.51 0
10.76 0 1.80224e-09 6425.87 -16302 6425.87 0
10.78 0 -2.18847e-10 5586.31 -16759.1 5586.31 0
10.8 0 -4.16829e-10 4597.64 -16378.9 4597.64 0
10.82 0 -1.62335e-09 3413.9 -15364.3 3413.9 0
10.84 0 -1.44408e-10 1956.24 -13953 1956.24 0
10.86 0 2.42247e-09 241.206 -12306.4 241.206 0
10.88 0 7.40415e-10 -1590.68 -10504.6 -1590.68 0
10.9 0 -1.76276e-10 -3359.79 -8594.79 -3359.79 0
10.92 0 6.02148e-10 -4930.12 -6623.08 -4930.12 0
10.94 0 1.38984e-10 -6218.44 -4612.09 -6218.44 0
10.96 0 -1.46965e-10 -7177.96 -2502.27 -7177.96 0
10.98 0 -4.69231e-10 -7785.51 -121.964 -7785.51 0
11 0 -7.86272e-11 -8027.48 2715.25 -8027.48 0
11.02 0 1.34522e-10 -7908.12 5991.45 -7908.12 0
11.04 0 -1.83727e-10 -7493.84 9347.48 -7493.84 0
11.06 0 -1.00999e-09 -6932.95 12218.2 -6932.95 0
11.08 0 -3.3479e-10 -6395.92 14141.3 -6395.92 0
11.1 0 4.0761e-10 -5969.21 14963.2 -5969.21 0
11.12 0 -1.87897e-10 -5579.73 14836.7 -5579.73 0
11.14 0 9.69637e-10 -5002.99 14089.5 -5002.99 0
11.16 0 -1.72955e-09 -3952.32 13058.4 -3952.32 0
11.18 0 1.00606e-09 -2266.6 11964.5 -2266.6 0
11.2 0 -8.05986e-10 -80.4573 10868 -80.4573 0
11.22 0 3.32232e-10 2247.6 9710.38 2247.6 0
11.24 0 -8.40094e-11 4392.51 8392.14 4392.51 0
11.26 0 4.03819e-10 6203.17 6810.77 6203.17 0
11.28 0 1.03668e-09 7615.6 4861.5 7615.6 0
11.3 0 -4.21537e-10 8557.6 2471.6 8557.6 0
11.32 0 -6.94421e-10 8989.05 -343.578 8989.05 0
11.34 0 -2.07186e-10 8965.24 -3477.95 8965.24 0
11.36 0 6.32646e-12 8618.98 -6743.43 8618.98 0
11.38 0 7.52471e-12 8115.32 -9831.35 8115.32 0
11.4 0 -3.55334e-10 7625.95 -12341.5 7625.95 0
11.42 0 9.08682e-11 7281.92 -13977.4 7281.92 0
11.44 0 -7.88487e-10 7103.74 -14741.3 7103.74 0
11.46 0 -5.35694e-10 6968.59 -14902.4 6968.59 0
11.48 0 3.86886e-10 6632.6 -14783.9 6632.6 0
11.5 0 8.55048e-10 5820.51 -14549.4 5820.51 0
11.52 0 -1.25115e-09 4360.3 -14144.3 4360.3 0
11.54 0 -1.55191e-09 2323.37 -13397.8 2323.37 0
11.56 0 -9.83726e-10 16.617 -12181 16.617 0
11.58 0 1.13545e-09 -2237.45 -10537 -2237.45 0
11.6 0 1.81827e-09 -4268.79 -8672.01 -4268.79 0
11.62 0 -6.57993e-10 -5998.19 -6776.04 -5998.19 0
11.64 0 -6.05344e-11 -7316.93 -4839.8 -7316.93 0
11.66 0 1.35086e-10 -8130.36 -2700.21 -8130.36 0
11.68 0 -2.55759e-10 -8474.15 -264.391 -8474.15 0
11.7 0 6.49e-10 -8500.96 2364.01 -8500.96 0
11.72 0 -3.50249e-10 -8359.27 4987.92 -8359.27 0
11.74 0 -2.62853e-10 -8126.7 7491.44 -8126.7 0
11.76 0 2.17301e-10 -7836.93 9869.57 -7836.93 0
11.78 0 -1.37405e-10 -7517.65 12095.9 -7517.65 0
11.8 0 7.34361e-11 -7208.59 13988 -7208.59 0
11.82 0 1.15748e-09 -6919.07 15233.8 -6919.07 0
11.84 0 -1.51347e-09 -6551.57 15582.9 -6551.57 0
11.86 0 -1.71901e-10 -5871.34 15025.5 -5871.34 0
11.88 0 -3.01311e-10 -4576.37 13834.8 -4576.37 0
11.9 0 6.24539e-11 -2549.1 12424.9 -2549.1 0
11.92 0 -1.04365e-09 -39.2043 11101.1 -39.2043 0
11.94 0 -3.10827e-10 2495.43 9932.73 2495.43 0
11.96 0 3.41567e-10 4699.16 8823.79 4699.16 0
11.98 0 5.75021e-10 6449.12 7618.92 6449.12 0
12 0 -1.51836e-09 7764.11 6119.29 7764.11 0
12.02 0 1.00867e-09 8690.13 4116.38 8690.13 0
12.04 0 6.78793e-10 9257.32 1501.22 9257.32 0
12.06 0 -1.11742e-09 9483.9 -1659.42 9483.9 0
12.08 0 5.89095e-10 9413.92 -5126.8 9413.92 0
12.1 0 3.12833e-11 9166.85 -8521.52 9166.85 0
12.12 0 7.20785e-11 8922.95 -11404.3 8922.95 0
12.14 0 -5.1199e-11 8819.94 -13451.1 8819.94 0
12.16 0 -6.13119e-10 8860.96 -14611.2 8860.96 0
12.18 0 -6.74362e-10 8953.7 -15049.1 8953.7 0
12.2 0 4.01787e-10 8916.01 -14986.8 8916.01 0
12.22 0 1.61176e-10 8516.32 -14605.9 8516.32 0
12.24 0 -5.41409e-10 7507.81 -14039.2 7507.81 0
12.26 0 9.40281e-10 5726.68 -13411 5726.68 0
12.28 0 6.34443e-10 3300.89 -12834.8 3300.89 0
12.3 0 -1.64998e-09 611.789 -12371.7 611.789 0
12.32 0 2.09668e-10 -1965.49 -11990.7 -1965.49 0
12.34 0 7.25904e-10 -4255.89 -11551.3 -4255.89 0
12.36 0 -1.92693e-10 -6199.51 -10772 -6199.51 0
12.38 0 -1.90676e-09 -7694.61 -9279.29 -7694.61 0
12.4 0 1.79674e-09 -8603.87 -6818.67 -8603.87 0
12.42 0 1.84417e-10 -8881.28 -3458.16 -8881.28 0
12.44 0 -1.18294e-09 -8644.48 420.581 -8644.48 0
12.46 0 -1.09027e-10 -8139.78 4292.47 -8139.78 0
12.48 0 -1.78803e-10 -7644.44 7666.18 -7644.44 0
12.5 0 -1.11296e-10 -7350.21 10209.3 -7350.21 0
12.52 0 1.3691e-10 -7286.4 11814.7 -7286.4 0
12.54 0 -2.19244e-10 -7373.49 12563.9 -7373.49 0
12.56 0 4.28681e-10 -7488.48 12615.1 -7488.48 0
12.58 0 1.3442e-10 -7472.12 12129.4 -7472.12 0
12.6 0 4.44171e-10 -7100.42 11255 -7100.42 0
12.62 0 -8.54675e-11 -6052.56 10160.1 -6052.56 0
12.64 0 -6.18196e-10 -4127.77 9044.95 -4127.77 0
12.66 0 2.42197e-10 -1524.63 8062.42 -1524.63 0
12.68 0 -4.12072e-10 1246.18 7231.28 1246.18 0
12.7 0 -4.85824e-10 3726.97 6448.14 3726.97 0
12.72 0 2.68586e-09 5722.2 5566.19 5722.2 0
12.74 0 -1.18691e-09 7204.02 4439.55 7204.02 0
12.76 0 -9.61525e-10 8190.36 2954.41 8190.36 0
12.78 0 4.86935e-10 8747.79 1090.95 8747.79 0
12.8 0 -5.62221e-10 9001.69 -1041.91 9001.69 0
12.82 0 3.69896e-10 9075.76 -3261.44 9075.76 0
12.84 0 -3.22604e-10 9032.55 -5414.4 9032.55 0
12.86 0 6.92112e-11 8869.32 -7429.02 8869.32 0
12.88 0 -4.6117e-11 8554.9 -9257.76 8554.9 0
12.9 0 3.57712e-11 8111.66 -10729.1 8111.66 0
12.92 0 -1.71539e-10 7535.77 -11572.4 7535.77 0
12.94 0 -2.41702e-10 6748.67 -11615.7 6748.67 0
12.96 0 1.66356e-10 5584.67 -10926.1 5584.67 0
12.98 0 -6.43618e-10 3863.74 -9793.76 3863.74 0
13 0 2.62428e-10 1631.53 -8566.07 1631.53 0
13.02 0 1.3796e-10 -813.24 -7470.45 -813.24 0
13.04 0 -2.08493e-10 -3111.32 -6566.35 -3111.32 0
13.06 0 3.29148e-10 -5045.89 -5837.07 -5045.89 0
13.08 0 -6.62356e-10 -6545.7 -5187.16 -6545.7 0
13.1 0 -5.01086e-10 -7597.15 -4336.78 -7597.15 0
13.12 0 -7.86803e-10 -8209.87 -2885.35 -8209.87 0
13.14 0 -2.4719e-10 -8430.21 -602.492 -8430.21 0
13.16 0 -8.21775e-11 -8341.61 2353.6 -8341.61 0
13.18 0 1.94118e-10 -8058.69 5516.43 -8058.69 0
13.2 0 5.76327e-12 -7717.99 8376.71 -7717.99 0
13.22 0 -3.46043e-10 -7439.47 10578.7 -7439.47 0
13.24 0 2.17878e-10 -7278.44 11942.7 -7278.44 0
13.26 0 -1.88496e-10 -7241.19 12385.3 -7241.19 0
13.28 0 -3.98257e-10 -7237.4 11895.5 -7237.4 0
13.3 0 7.26147e-10 -7025.81 10602.1 -7025.81 0
13.32 0 -1.21478e-10 -6274.08 8820.85 -6274.08 0
13.34 0 -1.29109e-09 -4690.26 7031.56 -4690.26 0
13.36 0 1.45185e-09 -2269.9 5729.29 -2269.9 0
13.38 0 6.51089e-11 638.762 5207.21 638.762 0
13.4 0 -8.56861e-10 3586.77 5437.94 3586.77 0
13.42 0 -1.56566e-09 6255.22 6088.07 6255.22 0
13.44 0 2.27131e-10 8446.98 6601.13 8446.98 0
13.46 0 -9.70573e-11 9992.02 6364.61 9992.02 0
13.48 0 -1.31576e-09 10775.5 4999.4 10775.5 0
13.5 0 -5.95451e-10 10824.6 2585.45 10824.6 0
13.52 0 2.2038e-09 10316.6 -425.329 10316.6 0
13.54 0 -1.96844e-09 9508.68 -3542.19 9508.68 0
13.56 0 5.45474e-10 8656.74 -6471.52 8656.74 0
13.58 0 -2.44821e-10 7941.9 -9057.4 7941.9 0
13.6 0 -6.97816e-10 7437.85 -11076.6 7437.85 0
13.62 0 2.61934e-10 7112.3 -12201.9 7112.3 0
13.64 0 2.15317e-10 6820.09 -12254.7 6820.09 0
13.66 0 -8.48738e-12 6313.55 -11439.4 6313.55 0
13.68 0 -5.66974e-10 5261.15 -10299.2 5261.15 0
13.7 0 -8.99792e-10 3422.99 -9431.64 3422.99 0
13.72 0 -6.69422e-10 887.634 -9150.46 887.634 0
13.74 0 -1.18991e-09 -1949.66 -9346.19 -1949.66 0
13.76 0 -2.47763e-10 -4610.49 -9660.82 -4610.49 0
13.78 0 9.61938e-11 -6716.99 -9793.55 -6716.99 0
13.8 0 -1.9008e-12 -8057.48 -9600.71 -8057.48 0
13.82 0 -7.78461e-10 -8633.42 -8966.93 -8633.42 0
13.84 0 8.7803e-10 -8663.63 -7728.06 -8663.63 0
13.86 0 -2.14659e-10 -8467.57 -5802.02 -8467.57 0
13.88 0 -1.30143e-09 -8298.74 -3350.35 -8298.74 0
13.9 0 -1.66949e-09 -8271.87 -738.012 -8271.87 0
13.92 0 7.62906e-10 -8399.35 1674.44 -8399.35 0
13.94 0 2.50511e-10 -8649.21 3679.88 -8649.21 0
13.96 0 -1.19064e-09 -8972.82 5210.35 -8972.82 0
13.98 0 1.37024e-09 -9325.97 6254.28 -9325.97 0
14 0 7.72198e-10 -9599.12 6836.75 -9599.12 0
14.02 0 -2.6913e-10 -9457.47 7111.36 -9457.47 0
14.04 0 7.54208e-11 -8460.83 7397.35 -8460.83 0
14.06 0 3.23664e-10 -6385.26 8035.28 -6385.26 0
14.08 0 4.97871e-10 -3509.77 9093.83 -3509.77 0
14.1 0 -3.81437e-10 -554.869 10201.8 -554.869 0
14.12 0 -9.44774e-10 1836.52 10806.6 1836.52 0
14.14 0 2.23488e-10 3502.81 10676.2 3502.81 0
14.16 0 3.15038e-10 4703.28 10117 4703.28 0
14.18 0 -9.63176e-10 5768.8 9633.77 5768.8 0
14.2 0 -1.36267e-09 6849.69 9397.13 6849.69 0
14.22 0 -5.96959e-10 7871.87 9064.76 7871.87 0
14.24 0 2.07578e-09 8631.33 8093.7 8631.33 0
14.26 0 2.71428e-09 8948.35 6233.07 8948.35 0
14.28 0 3.63295e-10 8795.25 3754.81 8795.25 0
14.3 0 -1.59558e-09 8307.06 1202.83 8307.06 0
14.32 0 4.67878e-10 7695.05 -1067.89 7695.05 0
14.34 0 5.31103e-10 7133.95 -3064.14 7133.95 0
14.36 0 -5.21925e-11 6686.31 -4892.43 6686.31 0
14.38 0 2.51438e-10 6337.49 -6412.43 6337.49 0
14.4 0 3.97899e-10 5944.28 -7312.95 5944.28 0
14.42 0 -2.44892e-10 5187.55 -7560.45 5187.55 0
14.44 0 -4.921e-10 3758.73 -7609.71 3758.73 0
14.46 0 3.8699e-10 1627.7 -8064.83 1627.7 0
14.48 0 -4.53902e-10 -890.874 -9168.05 -890.874 0
14.5 0 -7.63996e-10 -3376.62 -10652.5 -3376.62 0
14.52 0 1.2865e-09 -5537.83 -11990.4 -5537.83 0
14.54 0 1.31686e-09 -7215.94 -12715.6 -7215.94 0
14.56 0 1.03496e-09 -8290.86 -12582.1 -8290.86 0
14.58 0 1.5098e-09 -8685.4 -11540 -8685.4 0
14.6 0 2.58645e-10 -8438.5 -9625.72 -8438.5 0
14.62 0 -1.33402e-10 -7734.78 -6922.65 -7734.78 0
14.64 0 -1.14418e-09 -6867.96 -3647.39 -6867.96 0
14.66 0 4.01035e-10 -6152.82 -217.298 -6152.82 0
14.68 0 -2.75722e-10 -5800.43 2851.66 -5800.43 0
14.7 0 8.24898e-10 -5813.72 5141.18 -5813.72 0
14.72 0 -2.09027e-12 -5941.63 6512.78 -5941.63 0
14.74 0 -3.57473e-10 -5740.06 7188.46 -5740.06 0
14.76 0 6.84881e-10 -4737.61 7639.5 -4737.61 0
14.78 0 1.44823e-09 -2738.74 8304.21 -2738.74 0
14.8 0 -5.24772e-10 -89.7639 9315.86 -89.7639 0
14.82 0 7.76056e-10 2494.08 10487.7 2494.08 0
14.84 0 1.87003e-09 4467.41 11544.1 4467.41 0
14.86 0 -3.90851e-09 5781.96 12311.2 5781.96 0
14.88 0 -1.87486e-09 6679.92 12670.5 6679.92 0
14.9 0 1.93837e-09 7310.98 12412.2 7310.98 0
14.92 0 9.49969e-10 7624.04 11241.4 7624.04 0
14.94 0 2.02994e-10 7540.76 8980.65 7540.76 0
14.96 0 1.49391e-09 7144.04 5801.05 7144.04 0
14.98 0 -1.91563e-09 6691.09 2217.72 6691.09 0
15 0 -3.10251e-10 6442.64 -1235.12 6442.64 0
15.02 0 1.61048e-12 6451.3 -4319.89 6451.3 0
15.04 0 -1.70279e-10 6502.74 -7026.94 6502.74 0
15.06 0 -2.40821e-10 6270.03 -9248.44 6270.03 0
15.08 0 -2.70644e-10 5496.85 -10694.6 5496.85 0
15.1 0 -1.76025e-10 4109.83 -11193.3 4109.83 0
15.12 0 1.30193e-09 2228.24 -11003.8 2228.24 0
15.14 0 1.55027e-09 105.385 -10747.9 105.385 0
15.16 0 -3.59133e-10 -1953.96 -10977.6 -1953.96 0
15.18 0 4.13471e-10 -3714.57 -11781 -3714.57 0
15.2 0 -1.24118e-09 -5089.67 -12763.4 -5089.67 0
15.22 0 3.05078e-09 -6133.21 -13374 -6133.21 0
15.24 0 2.58491e-10 -6948.24 -13221.1 -6948.24 0
15.26 0 1.80127e-09 -7577.09 -12116.5 -7577.09 0
15.28 0 -4.26636e-10 -7968.67 -9931.61 -7968.67 0
15.3 0 1.06825e-09 -8061.83 -6585.78 -8061.83 0
15.32 0 2.39919e-10 -7888.58 -2277.64 -7888.58 0
15.34 0 -5.81334e-10 -7572.37 2376.79 -7572.37 0
15.36 0 5.23779e-11 -7224.07 6586.64 -7224.07 0
15.38 0 -1.25776e-10 -6860.8 9814.13 -6860.8 0
15.4 0 -5.84682e-10 -6414.77 11946.1 -6414.77 0
15.42 0 1.50753e-09 -5758.75 13144 -5758.75 0
15.44 0 -1.77054e-10 -4758.93 13660.2 -4758.93 0
15.46 0 6.71191e-10 -3359.22 13808.3 -3359.22 0
15.48 0 -9.34225e-10 -1664.81 13934.6 -1664.81 0
15.5 0 -2.74231e-10 78.8267 14244.1 78.8267 0
15.52 0 5.97295e-10 1661.64 14669.1 1661.64 0
15.54 0 1.05821e-09 3040.74 14947.6 3040.74 0
15.56 0 -2.23207e-09 4302.34 14788.5 4302.34 0
15.58 0 2.56112e-09 5523.31 13935.7 5523.31 0
15.6 0 1.50257e-10 6665.37 12179.3 6665.37 0
15.62 0 2.39771e-09 7565.05 9381.8 7565.05 0
15.64 0 -5.02317e-11 8029.41 5610.48 8029.41 0
15.66 0 -1.93133e-12 7984.2 1233.63 7984.2 0
15.68 0 -9.67415e-11 7542.13 -3222.11 7542.13 0
15.7 0 2.24294e-10 6921.06 -7285.81 6921.06 0
15.72 0 2.17385e-10 6313.82 -10611.2 6313.82 0
15.74 0 -2.40007e-10 5830.22 -12946 5830.22 0
15.76 0 7.54696e-10 5485.52 -14228.2 5485.52 0
15.78 0 7.54338e-10 5210.7 -14702.4 5210.7 0
15.8 0 -2.01941e-09 4852.7 -14797.5 4852.7 0
15.82 0 -1.22783e-10 4197 -14830.2 4197 0
15.84 0 -2.65724e-10 3080.62 -14826.5 3080.62 0
15.86 0 -2.94102e-09 1520.38 -14574.6 1520.38 0
15.88 0 1.20451e-09 -273.155 -13805.2 -273.155 0
15.9 0 -1.58591e-10 -2031.19 -12391 -2031.19 0
15.92 0 -1.50551e-09 -3559.79 -10421.7 -3559.79 0
15.94 0 2.69222e-10 -4749.14 -8055.97 -4749.14 0
15.96 0 -5.98869e-12 -5524.28 -5362.54 -5524.28 0
15.98 0 9.89476e-11 -5855.99 -2362.85 -5855.99 0
16 0 -2.87539e-10 -5812.16 836.078 -5812.16 0
16.02 0 -1.33458e-10 -5558.36 3998.96 -5558.36 0
16.04 0 -1.64507e-10 -5292.29 6820.26 -5292.29 0
16.06 0 5.05241e-10 -5164.65 9030.82 -5164.65 0
16.08 0 -2.06034e-10 -5221.07 10560.4 -5221.07 0
16.1 0 3.00189e-10 -5383.16 11625.8 -5383.16 0
16.12 0 -1.60041e-10 -5482.77 12541.4 -5482.77 0
16.14 0 2.12337e-10 -5317.27 13378 -5317.27 0
16.16 0 -8.60822e-10 -4704.21 13850.4 -4704.21 0
16.18 0 3.95859e-10 -3542.06 13580.6 -3542.06 0
16.2 0 1.8128e-09 -1903.89 12454.1 -1903.89 0
16.22 0 -2.29919e-10 -71.2769 10702.3 -71.2769 0
16.24 0 6.0296e-10 1617.84 8680.57 1617.84 0
16.26 0 1.99812e-11 2978.01 6589.99 2978.01 0
16.28 0 -1.45815e-09 4018.58 4392.26 4018.58 0
16.3 0 4.04483e-11 4815.6 1959.5 4815.6 0
16.32 0 1.75631e-10 5399.98 -728.591 5399.98 0
16.34 0 -1.62632e-10 5750.55 -3539.88 5750.55 0
16.36 0 6.16764e-11 5843.11 -6295.24 5843.11 0
16.38 0 1.19088e-10 5704.36 -8871.67 5704.36 0
16.4 0 -1.27992e-10 5438.85 -11203.1 5438.85 0
16.42 0 -1.30928e-09 5184.25 -13215.6 5184.25 0
16.44 0 2.01558e-10 5008.93 -14781.1 5008.93 0
16.46 0 1.06124e-09 4849.85 -15731.6 4849.85 0
16.48 0 -3.43053e-10 4559.43 -15931.2 4559.43 0
16.5 0 -1.23693e-10 4013.94 -15350.4 4013.94 0
16.52 0 3.69262e-10 3175.82 -14083.5 3175.82 0
16.54 0 -1.82068e-10 2096.59 -12317.9 2096.59 0
16.56 0 2.7847e-10 884.814 -10271.8 884.814 0
16.58 0 -1.0746e-09 -354.204 -8113.79 -354.204 0
16.6 0 9.07457e-10 -1553.92 -5907.63 -1553.92 0
16.62 0 -1.07978e-12 -2663.59 -3635.33 -2663.59 0
16.64 0 3.28072e-10 -3619.64 -1269.19 -3619.64 0
16.66 0 7.17554e-11 -4372.98 1199.61 -4372.98 0
16.68 0 6.31457e-12 -4927.87 3766.93 -4927.87 0
16.7 0 6.32341e-11 -5320.35 6380.11 -5320.35 0
16.72 0 -3.38637e-10 -5564.85 8890.9 -5564.85 0
16.74 0 7.24202e-10 -5649.49 11086.6 -5649.49 0
16.76 0 -3.65771e-10 -5581.97 12782.2 -5581.97 0
16.78 0 -1.53386e-10 -5409.89 13879.5 -5409.89 0
16.8 0 1.39303e-09 -5178.33 14356 -5178.33 0
16.82 0 1.78105e-10 -4862.72 14224.1 -4862.72 0
16.84 0 -5.76683e-10 -4362.99 13514.5 -4362.99 0
16.86 0 1.9401e-09 -3583.65 12289 -3583.65 0
16.88 0 5.83841e-10 -2526.7 10659 -2526.7 0
16.9 0 5.07853e-11 -1309.85 8773.41 -1309.85 0
16.92 0 5.07005e-10 -69.2971 6748 -69.2971 0
16.94 0 6.98304e-10 1146.67 4618.82 1146.67 0
16.96 0 -2.17175e-10 2345.95 2382.43 2345.95 0
16.98 0 5.72562e-11 3467.49 49.267 3467.49 0
17 0 -3.08075e-10 4353.62 -2369.29 4353.62 0
17.02 0 -6.13719e-10 4876.64 -4873.65 4876.64 0
17.04 0 -2.61174e-10 5058.95 -7429.16 5058.95 0
17.06 0 -9.58427e-11 5041.98 -9921.61 5041.98 0
17.08 0 1.22742e-09 4957.06 -12168.8 4957.06 0
17.1 0 -2.02404e-09 4849.57 -13961.5 4849.57 0
17.12 0 -9.81852e-11 4713.5 -15115.5 4713.5 0
17.14 0 2.03074e-09 4562.71 -15533 4562.71 0
17.16 0 -3.49461e-10 4441.5 -15237.1 4441.5 0
17.18 0 7.64233e-10 4364.95 -14334.9 4364.95 0
17.2 0 -4.93106e-10 4257.45 -12946.8 4257.45 0
17.22 0 1.08745e-10 3955.76 -11166.8 3955.76 0
17.24 0 3.13003e-10 3309.22 -9073.3 3309.22 0
17.26 0 5.26023e-10 2308.76 -6748.05 2308.76 0
17.28 0 1.08878e-10 1109.18 -4286.67 1109.18 0
17.3 0 -4.72124e-11 -85.9279 -1801.72 -85.9279 0
17.32 0 -2.73242e-10 -1151.57 623.615 -1151.57 0
17.34 0 -1.52288e-10 -2059.71 2994.97 -2059.71 0
17.36 0 -1.80809e-10 -2815.9 5359.81 -2815.9 0
17.38 0 -6.93153e-11 -3411.13 7667.86 -3411.13 0
17.4 0 1.7794e-09 -3828.73 9716.88 -3828.73 0
17.42 0 -3.19449e-10 -4080.2 11269.9 -4080.2 0
17.44 0 -1.97456e-10 -4223.23 12222.2 -4223.23 0
17.46 0 -9.41036e-10 -4328.69 12652.6 -4328.69 0
17.48 0 8.27813e-10 -4414.88 12721.9 -4414.88 0
17.5 0 4.97076e-10 -4420.72 12517.4 -4420.72 0
17.52 0 1.05696e-09 -4258.18 11979.4 -4258.18 0
17.54 0 3.6825e-10 -3891.84 10971.3 -3891.84 0
17.56 0 -2.34911e-09 -3354.41 9414.34 -3354.41 0
17.58 0 -3.94518e-10 -2681.06 7360.9 -2681.06 0
17.6 0 1.94252e-11 -1863.97 4969.69 -1863.97 0
17.62 0 3.80658e-10 -894.018 2417.3 -894.018 0
17.64 0 1.36766e-10 174.61 -196.491 174.61 0
17.66 0 -2.33288e-10 1222.3 -2858.71 1222.3 0
17.68 0 2.94553e-10 2122.6 -5537.83 2122.6 0
17.7 0 -3.28288e-10 2802.39 -8092.4 2802.39 0
17.72 0 -1.53791e-10 3266.98 -10325 3266.98 0
17.74 0 1.45897e-10 3582.85 -12112.7 3582.85 0
17.76 0 -1.90751e-09 3828.47 -13454.1 3828.47 0
17.78 0 1.44512e-09 4044.17 -14406 4044.17 0
17.8 0 4.7667e-10 4215.82 -15001.5 4215.82 0
17.82 0 1.66102e-09 4296.98 -15219 4296.98 0
17.84 0 -5.82143e-10 4246.7 -14993.7 4246.7 0
17.86 0 -1.30341e-09 4054.93 -14241.5 4054.93 0
17.88 0 2.2073e-09 3734.95 -12874.4 3734.95 0
17.9 0 -7.53456e-10 3288.51 -10818 3288.51 0
17.92 0 -3.85766e-10 2679.6 -8075.65 2679.6 0
17.94 0 5.07264e-10 1867.29 -4825.93 1867.29 0
17.96 0 5.9647e-12 880.82 -1414.95 880.82 0
17.98 0 6.68624e-10 -157.959 1830.48 -157.959 0
18 0 1.08423e-09 -1103.04 4783.19 -1103.04 0
18.02 0 -5.2453e-10 -1871.09 7471.23 -1871.09 0
18.04 0 1.04432e-09 -2462.13 9896.08 -2462.13 0
18.06 0 6.19463e-10 -2919.86 11951.6 -2919.86 0
18.08 0 1.03493e-10 -3288.18 13501.7 -3288.18 0
18.1 0 1.34765e-09 -3593.18 14499.1 -3593.18 0
18.12 0 2.44646e-09 -3843.98 15030.2 -3843.98 0
18.14 0 2.1287e-10 -4037.97 15245.8 -4037.97 0
18.16 0 2.17332e-09 -4160.11 15230.4 -4160.11 0
18.18 0 1.78884e-09 -4180.12 14925.8 -4180.12 0
18.2 0 -7.14873e-10 -4063.16 14176.3 -4063.16 0
18.22 0 -1.45031e-09 -3790.7 12821.3 -3790.7 0
18.24 0 7.55304e-10 -3367.76 10768.5 -3367.76 0
18.26 0 9.18439e-10 -2799.7 8048.26 -2799.7 0
18.28 0 3.90392e-10 -2074.5 4857.42 -2074.5 0
18.3 0 -2.41919e-10 -1189.65 1502.38 -1189.65 0
18.32 0 -4.76957e-11 -190.941 -1777.29 -190.941 0
18.34 0 -1.30607e-10 832.306 -4886.89 832.306 0
18.36 0 5.60831e-10 1794.34 -7762.39 1794.34 0
18.38 0 1.00729e-09 2650.31 -10275.9 2650.31 0
18.4 0 6.66763e-10 3393.9 -12310.1 3393.9 0
18.42 0 3.22723e-10 4028.04 -13861 4028.04 0
18.44 0 3.63051e-11 4538.62 -15018.5 4538.62 0
18.46 0 2.24668e-09 4894.3 -15870.1 4894.3 0
18.48 0 -2.29415e-09 5072.38 -16437.5 5072.38 0
18.5 0 4.38821e-10 5080.9 -16676.3 5080.9 0
18.52 0 7.54659e-10 4950.04 -16511.8 4950.04 0
18.54 0 8.11027e-10 4703 -15885 4703 0
18.56 0 5.55485e-10 4339.69 -14759.4 4339.69 0
18.58 0 -5.34363e-10 3850.79 -13069.4 3850.79 0
18.6 0 3.26798e-10 3234.14 -10717.4 3234.14 0
18.62 0 -5.56327e-10 2495.89 -7716.94 2495.89 0
18.64 0 3.78775e-11 1649.56 -4336.78 1649.56 0
18.66 0 -2.31367e-10 719.413 -983.811 719.413 0
18.68 0 1.80921e-10 -255.287 2092.12 -255.287 0
18.7 0 3.71594e-10 -1221.05 4886.42 -1221.05 0
18.72 0 6.70666e-10 -2115.29 7450.19 -2115.29 0
18.74 0 2.02873e-09 -2880.18 9729.03 -2880.18 0
18.76 0 5.07214e-10 -3483.84 11596.9 -3483.84 0
18.78 0 8.77169e-10 -3929.75 12961.2 -3929.75 0
18.8 0 3.471e-10 -4238.96 13811.5 -4238.96 0
18.82 0 -7.35096e-10 -4422.58 14203.6 -4422.58 0
18.84 0 1.25512e-09 -4476.7 14202.8 -4476.7 0
18.86 0 -2.74909e-10 -4404 13826.6 -4404 0
18.88 0 2.17756e-10 -4230.83 13038.6 -4230.83 0
18.9 0 1.39726e-09 -3994.1 11786.6 -3994.1 0
18.92 0 -6.24492e-10 -3709.39 10040.1 -3709.39 0
18.94 0 -1.7018e-09 -3343.82 7816.35 -3343.82 0
18.96 0 -8.39669e-11 -2818.8 5219.15 -2818.8 0
18.98 0 -1.45756e-12 -2063.21 2451.3 -2063.21 0
19 0 -2.58001e-10 -1086.39 -285.44 -1086.39 0
19.02 0 1.68305e-10 5.35197 -2915.2 5.35197 0
19.04 0 -2.69383e-10 1072.72 -5452.03 1072.72 0
19.06 0 -4.41619e-10 2015.63 -7848.3 2015.63 0
19.08 0 -4.40339e-10 2787.82 -9948.5 2787.82 0
19.1 0 5.02701e-10 3375.62 -11601.5 3375.62 0
19.12 0 -8.89105e-10 3787.59 -12773.7 3787.59 0
19.14 0 -1.22696e-09 4054.63 -13542.6 4054.63 0
19.16 0 6.04118e-10 4219.26 -13999.3 4219.26 0
19.18 0 8.59872e-10 4316.53 -14158.2 4316.53 0
19.2 0 1.03776e-09 4361 -13949 4361 0
19.22 0 1.93915e-09 4343.75 -13295 4343.75 0
19.24 0 -5.27193e-10 4236.61 -12186.2 4236.61 0
19.26 0 -2.81171e-11 4002.39 -10656 4002.39 0
19.28 0 -3.62433e-10 3608.06 -8711.32 3608.06 0
19.3 0 2.51364e-10 3036.07 -6341.66 3036.07 0
19.32 0 5.24112e-11 2303.01 -3617.74 2303.01 0
19.34 0 -5.73716e-10 1476.81 -732.723 1476.81 0
19.36 0 3.78045e-10 656.103 2077.66 656.103 0
19.38 0 -5.36168e-10 -84.6473 4625.23 -84.6473 0
19.4 0 6.70185e-10 -727.479 6795.44 -727.479 0
19.42 0 4.63889e-10 -1291.93 8543.89 -1291.93 0
19.44 0 1.61498e-09 -1803.47 9881.55 -1803.47 0
19.46 0 -6.39893e-10 -2283.33 10835.1 -2283.33 0
19.48 0 -4.04981e-10 -2743.46 11415 -2743.46 0
19.5 0 4.99873e-10 -3169.89 11626 -3169.89 0
19.52 0 1.21616e-10 -3516.06 11484.4 -3516.06 0
19.54 0 -1.82583e-09 -3728.18 11000.9 -3728.18 0
19.56 0 -1.53689e-09 -3782.53 10149.4 -3782.53 0
19.58 0 -4.08152e-10 -3698.1 8868 -3698.1 0
19.6 0 1.11168e-09 -3514.82 7103.89 -3514.82 0
19.62 0 -2.91607e-11 -3260.79 4883.77 -3260.79 0
19.64 0 2.79727e-11 -2932.55 2362.59 -2932.55 0
19.66 0 2.44925e-10 -2498.82 -222.899 -2498.82 0
19.68 0 -3.51743e-10 -1931.76 -2664.8 -1931.76 0
19.7 0 2.0529e-11 -1240.48 -4839.15 -1240.48 0
19.72 0 -9.67871e-10 -469.426 -6678.3 -469.426 0
19.74 0 -1.49059e-12 332.791 -8145.16 332.791 0
19.76 0 -1.20774e-09 1131.31 -9245.7 1131.31 0
19.78 0 1.24686e-09 1893.27 -10026.9 1893.27 0
19.8 0 -2.95754e-10 2574.24 -10535.3 2574.24 0
19.82 0 -1.6278e-09 3126.9 -10781.6 3126.9 0
19.84 0 1.15135e-10 3522.71 -10745.3 3522.71 0
19.86 0 -5.49849e-10 3765.72 -10399.3 3765.72 0
19.88 0 -1.22966e-10 3888.53 -9715.45 3888.53 0
19.9 0 -1.05955e-09 3934.08 -8653.08 3934.08 0
19.92 0 -2.64676e-11 3933.48 -7170.65 3933.48 0
19.94 0 -1.05503e-10 3890.13 -5275.75 3890.13 0
19.96 0 6.71747e-11 3776.8 -3074.26 3776.8 0
19.98 0 -7.78366e-11 3546.07 -752.116 3546.07 0
20 0 -2.1743e-10 3149.77 1503.08 3149.77 0
20.02 0 3.8046e-11 2564.17 3557.96 2564.17 0
20.04 0 2.12167e-11 1810.5 5337.33 1810.5 0
20.06 0 7.04937e-10 950.165 6816.43 950.165 0
20.08 0 -5.63272e-10 54.9417 8011.63 54.9417 0
20.1 0 1.71531e-09 -815.691 8951.96 -815.691 0
20.12 0 2.20955e-10 -1610.76 9649.41 -1610.76 0
20.14 0 9.10322e-10 -2280.7 10095.1 -2280.7 0
20.16 0 -9.10006e-10 -2791.72 10268 -2791.72 0
20.18 0 -1.3211e-09 -3147.6 10133.9 -3147.6 0
20.2 0 2.07208e-09 -3388.07 9637.99 -3388.07 0
20.22 0 -8.47788e-10 -3559.97 8712.09 -3559.97 0
20.24 0 -5.89717e-10 -3686.94 7304.8 -3686.94 0
20.26 0 1.21064e-10 -3761.76 5434.32 -3761.76 0
20.28 0 -1.77065e-10 -3760.03 3226.72 -3760.03 0
20.3 0 2.4965e-10 -3655.07 885.419 -3655.07 0
20.32 0 1.37174e-10 -3419.81 -1394.57 -3419.81 0
20.34 0 -8.95752e-10 -3024.32 -3485.57 -3024.32 0
20.36 0 3.47344e-10 -2450.04 -5321.59 -2450.04 0
20.38 0 -5.16431e-11 -1716.73 -6878.19 -1716.73 0
20.4 0 5.74558e-10 -883.575 -8167.87 -883.575 0
20.42 0 9.693e-10 -12.2168 -9215.6 -12.2168 0
20.44 0 -2.36198e-09 862.278 -10017.4 862.278 0
20.46 0 1.78707e-10 1716.29 -10538.3 1716.29 0
20.48 0 -4.27497e-10 2510.12 -10755.7 2510.12 0
20.5 0 3.3393e-10 3194.99 -10682.6 3194.99 0
20.52 0 1.87632e-09 3744.24 -10342 3744.24 0
20.54 0 2.01181e-10 4163.24 -9732.13 4163.24 0
20.56 0 3.63232e-10 4467.11 -8823.53 4467.11 0
20.58 0 -2.65362e-10 4655.99 -7588.74 4655.99 0
20.6 0 4.24396e-10 4713.91 -6048.71 4713.91 0
20.62 0 -2.76598e-10 4628.33 -4299.3 4628.33 0
20.64 0 -2.0398e-10 4408.3 -2473.49 4408.3 0
20.66 0 2.25088e-10 4081.63 -667.798 4081.63 0
20.68 0 -5.09062e-11 3668.76 1085.75 3668.76 0
20.7 0 -3.8584e-10 3158.21 2782.25 3158.21 0
20.72 0 1.8047e-09 2521.93 4397.81 2521.93 0
20.74 0 -9.4223e-10 1760.13 5879.5 1760.13 0
20.76 0 1.05607e-09 918.339 7157.5 918.339 0
20.78 0 -2.08037e-09 57.7971 8161.02 57.7971 0
20.8 0 2.31968e-09 -777.051 8839.33 -777.051 0
20.82 0 -1.00205e-09 -1557.88 9180.2 -1557.88 0
20.84 0 -9.12599e-10 -2256.6 9203.26 -2256.6 0
20.86 0 -1.46469e-09 -2843.13 8933.37 -2843.13 0
20.88 0 -7.389e-10 -3295.71 8389.81 -3295.71 0
20.9 0 9.17925e-10 -3609.07 7596.13 -3609.07 0
20.92 0 6.01029e-10 -3796.16 6579.21 -3796.16 0
20.94 0 2.79332e-10 -3883.69 5350.97 -3883.69 0
20.96 0 1.76521e-10 -3900.51 3909.94 -3900.51 0
20.98 0 5.26028e-11 -3864.25 2271.86 -3864.25 0
21 0 -2.3941e-10 -3774.3 487.558 -3774.3 0
21.02 0 2.11679e-10 -3611.54 -1362.34 -3611.54 0
21.04 0 -4.73805e-10 -3340.09 -3174.41 -3340.09 0
21.06 0 1.01949e-09 -2916.79 -4833.74 -2916.79 0
21.08 0 1.23095e-10 -2321.8 -6239.81 -2321.8 0
21.1 0 -5.08504e-10 -1589.81 -7328.73 -1589.81 0
21.12 0 1.19344e-09 -799.102 -8072.02 -799.102 0
21.14 0 1.0296e-10 -22.2195 -8463.46 -22.2195 0
21.16 0 -8.45311e-10 706.097 -8517.59 706.097 0
21.18 0 2.44221e-09 1373.91 -8277.69 1373.91 0
21.2 0 -5.2152e-10 1963.19 -7809.03 1963.19 0
21.22 0 -9.79983e-10 2447.13 -7166.33 2447.13 0
21.24 0 8.54674e-10 2810.86 -6358.41 2810.86 0
21.26 0 -3.76664e-10 3067 -5342.72 3067 0
21.28 0 -7.39138e-11 3248.61 -4065.37 3248.61 0
21.3 0 3.99681e-11 3385.93 -2522.86 3385.93 0
21.32 0 -1.18803e-10 3487.23 -789.827 3487.23 0
21.34 0 -4.81742e-10 3538.17 1010.54 3538.17 0
21.36 0 -1.98897e-09 3514.25 2759.01 3514.25 0
21.38 0 4.06667e-10 3393.22 4372.81 3393.22 0
21.4 0 -1.59056e-09 3161.74 5804.88 3161.74 0
21.42 0 2.00892e-09 2818.63 7020.76 2818.63 0
21.44 0 -7.75293e-10 2379.21 7974.75 2379.21 0
21.46 0 1.05143e-09 1876.09 8612.53 1876.09 0
21.48 0 -5.91981e-10 1346.16 8902.68 1346.16 0
21.5 0 2.09525e-09 811.93 8862.11 811.93 0
21.52 0 3.04449e-10 279.752 8546.01 279.752 0
21.54 0 -4.139e-10 -242.513 8004.85 -242.513 0
21.56 0 -5.94315e-10 -735.72 7236.07 -735.72 0
21.58 0 8.92208e-10 -1182.41 6170.05 -1182.41 0
21.6 0 1.62028e-10 -1580.91 4723.99 -1580.91 0
21.62 0 2.12449e-10 -1937.23 2903.73 -1937.23 0
21.64 0 -4.1905e-10 -2244.36 854.447 -2244.36 0
21.66 0 -6.49575e-10 -2476.91 -1207.11 -2476.91 0
21.68 0 3.71146e-10 -2608.04 -3115.67 -2608.04 0
21.7 0 1.65488e-10 -2629.96 -4822.62 -2629.96 0
21.72 0 -4.04662e-10 -2558.43 -6364.39 -2558.43 0
21.74 0 1.11531e-09 -2419.67 -7776.81 -2419.67 0
21.76 0 -4.06018e-10 -2233.25 -9025.52 -2233.25 0
21.78 0 -2.35135e-10 -2004.5 -10007.5 -2004.5 0
21.8 0 -2.3118e-10 -1729.31 -10620.7 -1729.31 0
21.82 0 -7.71052e-10 -1403.15 -10837.2 -1403.15 0
21.84 0 3.41488e-10 -1028.37 -10712.3 -1028.37 0
21.86 0 2.86425e-09 -621.94 -10328.7 -621.94 0
21.88 0 -1.84371e-10 -221.937 -9727.25 -221.937 0
21.9 0 1.20669e-09 121.219 -8879.75 121.219 0
21.92 0 -1.03338e-09 372.426 -7716.61 372.426 0
21.94 0 -7.50935e-10 534.678 -6193.86 534.678 0
21.96 0 -1.11715e-10 642.184 -4363.55 642.184 0
21.98 0 -1.56041e-10 730.776 -2377.87 730.776 0
22 0 -4.44079e-10 816.27 -402.33 816.27 0
22.02 0 -1.10275e-10 896.04 1478.44 896.04 0
22.04 0 -6.41575e-11 962.286 3270.98 962.286 0
22.06 0 8.40548e-10 1009.15 5007.24 1009.15 0
22.08 0 -2.62915e-10 1028.93 6667.74 1028.93 0
22.1 0 -1.58334e-09 1006.59 8146.75 1006.59 0
22.12 0 8.77494e-11 923.867 9285.79 923.867 0
22.14 0 -7.41506e-10 773.138 9959.25 773.138 0
22.16 0 -8.96948e-10 569.231 10146.7 569.231 0
22.18 0 1.89335e-09 349.262 9932.01 349.262 0
22.2 0 -5.65954e-10 160.684 9435.74 160.684 0
22.22 0 -6.47766e-10 42.3768 8734.08 42.3768 0
22.24 0 -4.19225e-10 3.90247 7812.16 3.90247 0
22.26 0 -1.04485e-10 14.1296 6575.66 14.1296 0
22.28 0 -6.66853e-10 15.521 4925.55 15.521 0
22.3 0 2.6289e-10 -36.3215 2866.62 -36.3215 0
22.32 0 -1.89934e-10 -138.568 551.009 -138.568 0
22.34 0 4.8512e-10 -246.101 -1811.49 -246.101 0
22.36 0 -4.05098e-10 -309.966 -4078.14 -309.966 0
22.38 0 3.69195e-10 -309.504 -6189.41 -309.504 0
22.4 0 1.56679e-09 -252.625 -8090.9 -252.625 0
22.42 0 -1.65065e-09 -157.444 -9688.25 -157.444 0
22.44 0 3.54292e-10 -40.9117 -10888.1 -40.9117 0
22.46 0 3.01952e-09 79.8723 -11665 79.8723 0
22.48 0 -1.25188e-09 186.322 -12077.5 186.322 0
22.5 0 -1.83152e-10 265.391 -12215.2 265.391 0
22.52 0 7.81643e-10 318.33 -12126.2 318.33 0
22.54 0 3.53953e-10 359.806 -11793.3 359.806 0
22.56 0 -1.39309e-09 404.834 -11166.1 404.834 0
22.58 0 -6.82419e-10 453.348 -10190.8 453.348 0
22.6 0 -7.18874e-10 486.311 -8809.2 486.311 0
22.62 0 2.22387e-10 476.801 -6978.52 476.801 0
22.64 0 2.09549e-10 406.328 -4748.93 406.328 0
22.66 0 -1.61775e-11 275.182 -2309.66 275.182 0
22.68 0 2.9265e-11 101.091 88.0548 101.091 0
22.7 0 8.94549e-11 -94.7813 2256.03 -94.7813 0
22.72 0 -2.62762e-10 -305.052 4121.42 -305.052 0
22.74 0 -3.40352e-10 -536.515 5702.28 -536.515 0
22.76 0 -2.0108e-09 -787.818 7058.72 -787.818 0
22.78 0 -1.04845e-09 -1029.88 8237.3 -1029.88 0
22.8 0 8.4789e-11 -1217.69 9227.93 -1217.69 0
22.82 0 1.15498e-09 -1324.71 9966.2 -1324.71 0
22.84 0 1.25308e-10 -1362.14 10371.9 -1362.14 0
22.86 0 1.61439e-09 -1363 10380.1 -1363 0
22.88 0 8.87398e-10 -1350.27 9949.38 -1350.27 0
22.9 0 1.12185e-09 -1319.96 9063.1 -1319.96 0
22.92 0 -2.86976e-10 -1247.93 7733.34 -1247.93 0
22.94 0 -9.08366e-11 -1106.86 6009.89 -1106.86 0
22.96 0 3.64342e-10 -878.935 3998.93 -878.935 0
22.98 0 -4.09357e-10 -563.247 1864.1 -563.247 0
23 0 8.81069e-11 -181.353 -227.406 -181.353 0
23.02 0 6.50236e-12 224.64 -2182.47 224.64 0
23.04 0 5.41761e-12 609.437 -3996.78 609.437 0
23.06 0 -4.87772e-10 948.777 -5694.59 948.777 0
23.08 0 4.39522e-10 1248.27 -7274.55 1248.27 0
23.1 0 1.13757e-09 1527.87 -8703.09 1527.87 0
23.12 0 -8.34714e-10 1799.09 -9919.57 1799.09 0
23.14 0 6.5973e-10 2057.39 -10834.3 2057.39 0
23.16 0 1.0573e-09 2292.19 -11346.8 2292.19 0
23.18 0 -1.18814e-09 2497.25 -11391.9 2497.25 0
23.2 0 -1.44545e-10 2668.47 -10975.9 2668.47 0
23.22 0 -3.45596e-10 2794.2 -10170.2 2794.2 0
23.24 0 -9.10464e-10 2850.86 -9066.93 2850.86 0
23.26 0 8.1438e-10 2807.81 -7731.04 2807.81 0
23.28 0 4.03911e-10 2636.96 -6188.77 2636.96 0
23.3 0 3.07268e-11 2323.9 -4464.62 2323.9 0
23.32 0 4.54134e-12 1880.22 -2623.01 1880.22 0
23.34 0 3.59436e-10 1350.35 -752.565 1350.35 0
23.36 0 -4.90383e-10 799.875 1088.35 799.875 0
23.38 0 -2.44405e-11 283.226 2885.93 283.226 0
23.4 0 5.574e-10 -186.252 4627.79 -186.252 0
23.42 0 -5.0303e-10 -636.76 6261.05 -636.76 0
23.44 0 8.60519e-10 -1108.2 7691.43 -1108.2 0
23.46 0 -9.56693e-10 -1617.46 8812.45 -1617.46 0
23.48 0 -6.43074e-10 -2143.31 9542.22 -2143.31 0
23.5 0 6.69581e-10 -2635.47 9849.49 -2635.47 0
23.52 0 2.00798e-09 -3037.15 9753.67 -3037.15 0
23.54 0 -3.56953e-10 -3308.09 9302.57 -3308.09 0
23.56 0 -2.88639e-10 -3437.91 8551 -3437.91 0
23.58 0 -3.1456e-10 -3444.06 7550.51 -3444.06 0
23.6 0 2.10503e-10 -3356.76 6339.79 -3356.76 0
23.62 0 7.12665e-11 -3202.23 4934.58 -3202.23 0
23.64 0 1.14626e-10 -2993.76 3340.68 -2993.76 0
23.66 0 2.3989e-11 -2730.58 1584.47 -2730.58 0
23.68 0 -1.44821e-10 -2401.01 -280.633 -2401.01 0
23.7 0 -2.31516e-10 -1990.46 -2187.52 -1990.46 0
23.72 0 -3.85842e-10 -1491.54 -4054.39 -1491.54 0
23.74 0 1.18454e-11 -908.381 -5779.12 -908.381 0
23.76 0 -1.38171e-09 -254.604 -7258.43 -254.604 0
23.78 0 1.01666e-09 445.89 -8418.31 445.89 0
23.8 0 6.14242e-10 1152.89 -9224.37 1152.89 0
23.82 0 -3.25616e-10 1809.41 -9674.84 1809.41 0
23.84 0 9.51013e-10 2355.15 -9792.77 2355.15 0
23.86 0 -1.43839e-09 2748.94 -9616.72 2748.94 0
23.88 0 1.79811e-09 2987.62 -9186.04 2987.62 0
23.9 0 -5.45608e-10 3108.26 -8527.74 3108.26 0
23.92 0 1.18866e-09 3168.34 -7652.7 3168.34 0
23.94 0 -1.87046e-11 3213.66 -6557.2 3213.66 0
23.96 0 -1.36924e-10 3253.18 -5233.48 3253.18 0
23.98 0 -4.63255e-11 3252.91 -3693.26 3252.91 0
24 0 3.29314e-12 3149.67 -1982.3 3149.67 0
24.02 0 -7.80161e-10 2879.7 -174.048 2879.7 0
24.04 0 4.03999e-10 2412.48 1637.48 2412.48 0
24.06 0 9.54883e-10 1774.95 3336.19 1774.95 0
24.08 0 -3.12736e-10 1046.59 4804.72 1046.59 0
24.1 0 -1.17342e-09 319.226 5975.41 319.226 0
24.12 0 1.307e-09 -348.702 6862.51 -348.702 0
24.14 0 -2.15747e-10 -943.775 7534.87 -943.775 0
24.16 0 -5.01164e-10 -1471.89 8050.2 -1471.89 0
24.18 0 4.37672e-10 -1931.15 8404.52 -1931.15 0
24.2 0 2.15528e-09 -2310.43 8532.74 -2310.43 0
24.22 0 -8.74105e-10 -2604.49 8358.73 -2604.49 0
24.24 0 -7.19727e-10 -2821.33 7855.07 -2821.33 0
24.26 0 -2.84214e-10 -2973.71 7059.12 -2973.71 0
24.28 0 -9.66396e-12 -3065.52 6031.29 -3065.52 0
24.3 0 5.7678e-11 -3085.36 4804.62 -3085.36 0
24.32 0 1.7525e-11 -3008.54 3383.82 -3008.54 0
24.34 0 1.04297e-10 -2804.13 1789.64 -2804.13 0
24.36 0 -1.03758e-10 -2446.52 96.3512 -2446.52 0
24.38 0 -1.14733e-10 -1931.17 -1576.73 -1931.17 0
24.4 0 -3.45007e-10 -1289.38 -3114.07 -1289.38 0
24.42 0 6.76758e-10 -588.239 -4457.29 -588.239 0
24.44 0 -1.36004e-09 94.7894 -5619.37 94.7894 0
24.46 0 6.51381e-14 706.721 -6643.54 706.721 0
24.48 0 -5.65139e-10 1233.53 -7542.43 1233.53 0
24.5 0 2.3353e-09 1686.67 -8269.35 1686.67 0
24.52 0 -2.12648e-10 2082.73 -8740.35 2082.73 0
24.54 0 7.5088e-11 2433.46 -8886.84 2433.46 0
24.56 0 2.58706e-10 2742.04 -8701.57 2742.04 0
24.58 0 -1.38185e-11 2996.47 -8241.77 2996.47 0
24.6 0 -6.12212e-10 3164.6 -7580.82 3164.6 0
24.62 0 9.57543e-10 3201.72 -6750.25 3201.72 0
24.64 0 1.6094e-10 3070.75 -5730.68 3070.75 0
24.66 0 1.0809e-10 2761.42 -4502.76 2761.42 0
24.68 0 1.68432e-10 2295.77 -3101.31 2295.77 0
24.7 0 2.74949e-10 1718.78 -1609.73 1718.78 0
24.72 0 -5.6448e-11 1082.16 -107.67 1082.16 0
24.74 0 -3.98908e-10 429.27 1363.1 429.27 0
24.76 0 -1.37358e-10 -214.314 2783.97 -214.314 0
24.78 0 -1.47458e-10 -840.897 4122.02 -840.897 0
24.8 0 2.71834e-10 -1451.71 5313.65 -1451.71 0
24.82 0 9.90364e-10 -2045.6 6286.37 -2045.6 0
24.84 0 2.16986e-09 -2610.8 6995.17 -2610.8 0
24.86 0 1.017e-09 -3121.48 7436.92 -3121.48 0
24.88 0 -8.29324e-10 -3541.87 7633.81 -3541.87 0
24.9 0 5.22341e-10 -3838.13 7609.61 -3838.13 0
24.92 0 3.91793e-10 -3989.26 7379.91 -3989.26 0
24.94 0 -3.36385e-10 -3988.14 6952.2 -3988.14 0
24.96 0 -6.35464e-10 -3837.89 6324.52 -3837.89 0
24.98 0 6.91334e-10 -3552.94 5482.56 -3552.94 0
25 0 -3.26912e-10 -3161.13 4410.29 -3161.13 0
25.02 0 8.19725e-11 -2693.96 3118.25 -2693.96 0
25.04 0 7.9089e-11 -2167.11 1662.1 -2167.11 0
25.06 0 -2.86792e-12 -1574.09 131.147 -1574.09 0
25.08 0 -7.54787e-13 -900.249 -1382.06 -900.249 0
25.1 0 1.18095e-10 -140.261 -2804.75 -140.261 0
25.12 0 -2.43788e-10 691.926 -4088.45 691.926 0
25.14 0 6.01141e-10 1559.24 -5203.26 1559.24 0
25.16 0 3.10902e-10 2406.24 -6131.13 2406.24 0
25.18 0 -5.27531e-10 3175.98 -6861.54 3175.98 0
25.2 0 8.35654e-11 3828.01 -7389.92 3828.01 0
25.22 0 -3.95526e-10 4342.7 -7718.24 4342.7 0
25.24 0 -6.59936e-10 4714.03 -7853.08 4714.03 0
25.26 0 -4.51901e-10 4942.78 -7796.99 4942.78 0
25.28 0 2.80324e-10 5035.37 -7538.19 5035.37 0
25.3 0 2.98495e-10 5004.45 -7050.92 5004.45 0
25.32 0 1.17405e-10 4866.71 -6312.96 4866.71 0
25.34 0 1.2855e-10 4633.07 -5329.2 4633.07 0
25.36 0 3.9377e-11 4293.78 -4148.99 4293.78 0
25.38 0 1.99114e-10 3809.2 -2857.06 3809.2 0
25.4 0 2.9292e-10 3126.98 -1538.33 3126.98 0
25.42 0 -4.03737e-12 2231.02 -252.953 2231.02 0
25.44 0 -4.67637e-10 1175.95 959.545 1175.95 0
25.46 0 2.33347e-10 60.5471 2063.24 60.5471 0
25.48 0 -5.23081e-10 -1030.2 3020.22 -1030.2 0
25.5 0 -1.65882e-10 -2047.24 3800.47 -2047.24 0
25.52 0 -3.59382e-10 -2956.64 4396.28 -2956.64 0
25.54 0 1.89579e-10 -3723.92 4825.64 -3723.92 0
25.56 0 4.28766e-10 -4325.06 5117.24 -4325.06 0
25.58 0 4.31598e-10 -4759.84 5288.29 -4759.84 0
25.6 0 -6.30648e-11 -5047.62 5331.28 -5047.62 0
25.62 0 3.40488e-10 -5212.02 5215.76 -5212.02 0
25.64 0 -6.0909e-10 -5267.92 4903.31 -5267.92 0
25.66 0 -1.9727e-11 -5215.75 4371.17 -5215.75 0
25.68 0 5.41964e-11 -5043.67 3630.18 -5043.67 0
25.7 0 -5.46096e-11 -4732.65 2724.09 -4732.65 0
25.72 0 4.12729e-11 -4257.87 1712.95 -4257.87 0
25.74 0 1.79812e-10 -3589.47 650.09 -3589.47 0
25.76 0 5.29613e-11 -2712.4 -425.585 -2712.4 0
25.78 0 -6.6073e-11 -1663.77 -1479.76 -1663.77 0
25.8 0 2.49774e-10 -535.394 -2476.72 -535.394 0
25.82 0 -8.26294e-11 578.373 -3380.5 578.373 0
25.84 0 1.27727e-11 1626.95 -4158.99 1626.95 0
25.86 0 5.04417e-11 2593.46 -4793.28 2593.46 0
25.88 0 1.55716e-10 3459.61 -5289.7 3459.61 0
25.9 0 3.33836e-10 4196.44 -5678.45 4196.44 0
25.92 0 -1.07658e-10 4778.73 -5993.48 4778.73 0
25.94 0 1.71049e-10 5195.06 -6246.16 5195.06 0
25.96 0 -2.17353e-10 5447.71 -6408.3 5447.71 0
25.98 0 3.21432e-10 5550.2 -6416.33 5550.2 0
26 0 7.94274e-12 5522.62 -6197.93 5522.62 0
26.02 0 1.62119e-10 5384.28 -5707.09 5384.28 0
26.04 0 -1.17426e-10 5147.27 -4944.98 5147.27 0
26.06 0 1.70163e-11 4809.79 -3960.93 4809.79 0
26.08 0 -1.5698e-10 4346.49 -2836.9 4346.49 0
26.1 0 -3.52413e-11 3703.54 -1659.89 3703.54 0
26.12 0 4.45545e-11 2833.75 -503.019 2833.75 0
26.14 0 -6.3142e-11 1760.43 577.583 1760.43 0
26.16 0 -1.16418e-10 589.544 1539.88 589.544 0
26.18 0 9.76735e-10 -555.325 2355.03 -555.325 0
26.2 0 3.14014e-10 -1599.99 3014.87 -1599.99 0
26.22 0 -3.63721e-10 -2519.87 3544.23 -2519.87 0
26.24 0 -1.58103e-10 -3300.96 3996.25 -3300.96 0
26.26 0 -1.07586e-09 -3919.3 4417.78 -3919.3 0
26.28 0 2.65141e-10 -4350.52 4809.64 -4350.52 0
26.3 0 2.79567e-10 -4590.28 5118.01 -4590.28 0
26.32 0 1.10284e-10 -4667.17 5264.67 -4667.17 0
26.34 0 1.31858e-10 -4633.62 5193.31 -4633.62 0
26.36 0 3.86899e-10 -4534.35 4899.25 -4534.35 0
26.38 0 3.83082e-11 -4377.33 4419.3 -4377.33 0
26.4 0 -8.13922e-11 -4130.57 3791.68 -4130.57 0
26.42 0 6.95192e-11 -3741.46 3030.24 -3741.46 0
26.44 0 2.89767e-14 -3159.28 2135.84 -3159.28 0
26.46 0 -1.49941e-11 -2360.02 1130.94 -2360.02 0
26.48 0 -3.70446e-11 -1377.14 78.1799 -1377.14 0
26.5 0 7.43646e-12 -303.969 -944.686 -303.969 0
26.52 0 -3.49518e-10 752.663 -1886.51 752.663 0
26.54 0 1.8093e-10 1722.64 -2737.65 1722.64 0
26.56 0 1.5856e-10 2576.61 -3508.87 2576.61 0
26.58 0 -1.54926e-10 3299.32 -4203.37 3299.32 0
26.6 0 1.42535e-10 3876.32 -4807.47 3876.32 0
26.62 0 1.11287e-11 4301.05 -5301.63 4301.05 0
26.64 0 -2.65676e-12 4581.6 -5675.29 4581.6 0
26.66 0 3.22659e-10 4736.54 -5928.02 4736.54 0
26.68 0 -4.79018e-11 4784.79 -6055.4 4784.79 0
26.7 0 -1.3604e-10 4735.86 -6034.71 4735.86 0
26.72 0 -3.42396e-11 4586.36 -5823.33 4586.36 0
26.74 0 5.49602e-11 4321.74 -5371.38 4321.74 0
26.76 0 6.10611e-11 3918.33 -4652.11 3918.33 0
26.78 0 -3.82341e-11 3346.57 -3693.13 3346.57 0
26.8 0 1.5573e-10 2586.92 -2583.41 2586.92 0
26.82 0 -9.84544e-11 1660.14 -1444.25 1660.14 0
26.84 0 3.43121e-11 635.73 -377.384 635.73 0
26.86 0 1.92271e-10 -404.114 565.155 -404.114 0
26.88 0 -7.13735e-12 -1405.02 1371.33 -1405.02 0
26.9 0 -3.8335e-10 -2340.04 2047.57 -2340.04 0
26.92 0 -3.72373e-12 -3182.94 2615.21 -3182.94 0
26.94 0 -3.05734e-10 -3897.69 3113.71 -3897.69 0
26.96 0 -4.25151e-10 -4450.62 3586.5 -4450.62 0
26.98 0 3.53009e-10 -4823.61 4050.37 -4823.61 0
27 0 -2.73772e-10 -5017.39 4471.96 -5017.39 0
27.02 0 6.10211e-11 -5048.68 4773.83 -5048.68 0
27.04 0 -2.40697e-10 -4943.41 4870.45 -4943.41 0
27.06 0 7.89479e-11 -4727.59 4707.77 -4727.59 0
27.08 0 1.24196e-10 -4418.44 4274.2 -4418.44 0
27.1 0 1.29966e-10 -4018.93 3591.27 -4018.93 0
27.12 0 -9.34397e-11 -3513.44 2705.55 -3513.44 0
27.14 0 4.04142e-11 -2870.69 1691.24 -2870.69 0
27.16 0 -4.693e-12 -2073.19 649.549 -2073.19 0
27.18 0 3.7212e-11 -1152.51 -322.478 -1152.51 0
27.2 0 -8.17562e-12 -179.818 -1177.52 -179.818 0
27.22 0 1.35375e-11 780.509 -1931.72 780.509 0
27.24 0 -1.04677e-10 1691.59 -2632.49 1691.59 0
27.26 0 1.54215e-10 2521.65 -3314.54 2521.65 0
27.28 0 -1.54968e-10 3227.78 -3976.74 3227.78 0
27.3 0 -2.86802e-11 3772.49 -4586.96 3772.49 0
27.32 0 -1.30437e-10 4144.72 -5105.54 4144.72 0
27.34 0 2.89745e-10 4359.77 -5503.85 4359.77 0
27.36 0 -2.60531e-10 4446.22 -5757.5 4446.22 0
27.38 0 -3.98978e-10 4433.02 -5829.36 4433.02 0
27.4 0 1.46613e-10 4338.97 -5676.12 4338.97 0
27.42 0 -5.32506e-11 4166.35 -5277.85 4166.35 0
27.44 0 7.75545e-11 3901.85 -4656.73 3901.85 0
27.46 0 1.30742e-10 3521.85 -3867.78 3521.85 0
27.48 0 -1.11702e-10 2997.91 -2973.58 2997.91 0
27.5 0 2.46658e-11 2310.29 -2030.01 2310.29 0
27.52 0 2.0114e-10 1472.99 -1085.15 1472.99 0
27.54 0 -3.66612e-11 543.259 -177.56 543.259 0
27.56 0 -7.47386e-11 -403.414 664.464 -403.414 0
27.58 0 -1.04751e-10 -1304.59 1419.74 -1304.59 0
27.6 0 -1.14812e-10 -2116.76 2075.47 -2116.76 0
27.62 0 -1.16346e-10 -2805.77 2633.18 -2805.77 0
27.64 0 -1.29929e-10 -3346.62 3105.4 -3346.62 0
27.66 0 -2.00713e-10 -3731.58 3501.24 -3731.58 0
27.68 0 -2.59549e-10 -3971.3 3815.8 -3971.3 0
27.7 0 2.43266e-10 -4086.44 4030.44 -4086.44 0
27.72 0 -7.82477e-10 -4097.57 4117.97 -4097.57 0
27.74 0 1.99561e-10 -4018.03 4049.01 -4018.03 0
27.76 0 -1.84673e-11 -3851.1 3798.8 -3851.1 0
27.78 0 4.3127e-11 -3591.1 3352.75 -3591.1 0
27.8 0 1.46137e-10 -3225.4 2714.3 -3225.4 0
27.82 0 -4.88571e-11 -2736.3 1914.04 -2736.3 0
27.84 0 4.23514e-12 -2110.75 1014.09 -2110.75 0
27.86 0 -1.3666e-11 -1360.68 94.9786 -1360.68 0
27.88 0 -1.24487e-11 -531.644 -775.735 -531.644 0
27.9 0 -3.47246e-11 316.392 -1563.97 316.392 0
27.92 0 1.29748e-10 1134.06 -2260.88 1134.06 0
27.94 0 2.32233e-12 1886.57 -2865.28 1886.57 0
27.96 0 -3.80736e-10