0.02 -0.681497 0.108334 -11.254 0.0266477 -11.254 0.108334
0.04 -5.97657 2.07913 -76.7684 -0.00217581 -76.7684 2.07913
0.06 -25.6476 12.6663 -243.429 -0.723715 -243.429 12.6663
0.08 -75.1763 49.1633 -494.077 -3.15267 -494.077 49.1633
0.1 -174.816 149.892 -754.171 -7.30093 -754.171 149.892
0.12 -348.078 368.213 -972.256 -11.4581 -972.256 368.213
0.14 -616.971 729.371 -1156.54 -13.2153 -1156.54 729.371
0.16 -996.653 1196.04 -1341.56 -9.68402 -1341.56 1196.04
0.18 -1492.96 1687 -1554.98 4.215 -1554.98 1687
0.2 -2099.96 2133.04 -1816.6 35.4154 -1816.6 2133.04
0.22 -2796.33 2533.65 -2140.37 87.9784 -2140.37 2533.65
0.24 -3546.4 2954.6 -2527.25 158.627 -2527.25 2954.6
0.26 -4310.06 3447.22 -2965.02 237.802 -2965.02 3447.22
0.28 -5056.84 3995.25 -3428.13 315.563 -3428.13 3995.25
0.3 -5773.79 4569.52 -3864.47 387.629 -3864.47 4569.52
0.32 -6458.54 5185.1 -4191.63 456.066 -4191.63 5185.1
0.34 -7103.34 5855.68 -4331.87 523.303 -4331.87 5855.68
0.36 -7688.06 6543.62 -4269.67 587.822 -4269.67 6543.62
0.38 -8190.66 7205.98 -4078.47 650.05 -4078.47 7205.98
0.4 -8601.24 7829.67 -3887.25 719.301 -3887.25 7829.67
0.42 -8923.57 8358.97 -3809.66 805.388 -3809.66 8358.97
0.44 -9165.31 8654.08 -3864.76 902.433 -3864.76 8654.08
0.46 -9325.18 8622.05 -3920.93 990.093 -3920.93 8622.05
0.48 -9381.95 8381.93 -3750.09 1052.05 -3750.09 8381.93
0.5 -9295.01 8222.58 -3228.35 1082.33 -3228.35 8222.58
0.52 -9028.24 8361.46 -2498.44 1071.35 -2498.44 8361.46
0.54 -8588.74 8729.74 -1880.62 1001.65 -1880.62 8729.74
0.56 -8044.45 8949.82 -1616.11 868.347 -1616.11 8949.82
0.58 -7492.04 8575.69 -1702.35 693.711 -1702.35 8575.69
0.6 -6989.97 7481.69 -1937.51 509.181 -1937.51 7481.69
0.62 -6507.89 5999.13 -2112.41 324.616 -2112.41 5999.13
0.64 -5939.68 4580.55 -2213.57 121.97 -2213.57 4580.55
0.66 -5183.67 3393.68 -2476.48 -118.1 -2476.48 3393.68
0.68 -4232.32 2322.15 -3203.15 -382.438 -3203.15 2322.15
0.7 -3190.47 1203.12 -4471.48 -621.784 -4471.48 1203.12
0.72 -2203.23 -85.6421 -6013.8 -788.28 -6013.8 -85.6421
0.74 -1364.84 -1624.29 -7415.73 -872.45 -7415.73 -1624.29
0.76 -686.401 -3339.91 -8479.23 -889.538 -8479.23 -3339.91
0.78 -127.7 -4976.16 -9421.95 -835.227 -9421.95 -4976.16
0.8 353.259 -6357.54 -10702.8 -680.96 -10702.8 -6357.54
0.82 765.376 -7601.21 -12564 -416.383 -12564 -7601.21
0.84 1074.78 -8867.75 -14683.9 -66.4859 -14683.9 -8867.75
0.86 1229.32 -9980.83 -16353.4 344.486 -16353.4 -9980.83
0.88 1205.04 -10522.4 -17094.6 815.571 -17094.6 -10522.4
0.9 1026.56 -10311.7 -17102.5 1339.04 -17102.5 -10311.7
0.92 727.935 -9634.31 -17057.8 1879.16 -17057.8 -9634.31
0.94 295.212 -8981.92 -17524.9 2404.86 -17524.9 -8981.92
0.96 -331.511 -8650.06 -18470.1 2915.49 -18470.1 -8650.06
0.98 -1177.31 -8578.76 -19215 3404.46 -19215 -8578.76
1 -2106.63 -8582.57 -18376.6 3816.24 -18376.6 -8582.57
1.02 -2721.28 -8662.94 -14222.5 4084.44 -14222.5 -8662.94
1.04 -2483.75 -8717.31 -7365.24 4217.21 -7365.24 -8717.31
1.06 -1044.05 -8231.96 -1975.59 4276.72 -1975.59 -8231.96
1.08 1559.34 -6965.08 -1011.86 4251.51 -1011.86 -6965.08
1.1 4827.11 -5412.54 -2613.46 4034.24 -2613.46 -5412.54
1.12 7847.76 -4224.74 -2912.88 3541.74 -2912.88 -4224.74
1.14 9757.84 -3721.95 470.237 2776.49 470.237 -3721.95
1.16 10343.6 -3780.59 7026.36 1780.06 7026.36 -3780.59
1.18 10104 -3899.56 13468.5 593.777 13468.5 -3899.56
1.2 9756.58 -3723.31 16759.5 -742.971 16759.5 -3723.31
1.22 9695.29 -3261.95 17040.9 -2179.18 17040.9 -3261.95
1.24 9792.27 -2448.63 16387.2 -3620.47 16387.2 -2448.63
1.26 9644.57 -1160.16 15823.8 -4921.36 15823.8 -1160.16
1.28 8986.82 212.683 14728.9 -5956.62 14728.9 212.683
1.3 7806.76 910.494 12234.3 -6703.37 12234.3 910.494
1.32 6104.61 696.982 8117.19 -7218.59 8117.19 696.982
1.34 3762.71 116.446 3070.92 -7550.13 3070.92 116.446
1.36 830.384 -427.122 -529.393 -7702.52 -529.393 -427.122
1.38 -2093.08 -1453.09 591.821 -7624.67 591.821 -1453.09
1.4 -3999.72 -3385.68 5465 -7152.45 5465 -3385.68
1.42 -4105.2 -5295.74 6880.46 -6068.74 6880.46 -5295.74
1.44 -2291.75 -6095.58 -138.695 -4350.02 -138.695 -6095.58
1.46 771.969 -6144.9 -11467.8 -2256.61 -11467.8 -6144.9
1.48 3726.91 -6509.39 -19503.7 -85.1035 -19503.7 -6509.39
1.5 5173.31 -7697.3 -21454.1 2042.5 -21454.1 -7697.3
1.52 4685.66 -9806.4 -19522.3 4074.67 -19522.3 -9806.4
1.54 3109 -12699.5 -16815.6 5882.35 -16815.6 -12699.5
1.56 1704.19 -15352.3 -15492.1 7325.4 -15492.1 -15352.3
1.58 1160.75 -16139.5 -16064.7 8356.42 -16064.7 -16139.5
1.6 1455.67 -14577.4 -16644.2 9001.84 -16644.2 -14577.4
1.62 2289.65 -12073.4 -14925.7 9355.47 -14925.7 -12073.4
1.64 3397.48 -10442.8 -11702 9589.43 -11702 -10442.8
1.66 4582.06 -10241.3 -10245.6 9785.67 -10245.6 -10241.3
1.68 5636.59 -10646.4 -11741.7 9717.34 -11741.7 -10646.4
1.7 6250.13 -10218.7 -13334.9 8971.81 -13334.9 -10218.7
1.72 6037.35 -7801.96 -11263.6 7354.41 -11263.6 -7801.96
1.74 4816.17 -3647.67 -4547.25 5063.23 -4547.25 -3647.67
1.76 2896.23 371.886 4549.22 2479.82 4549.22 371.886
1.78 970.938 2637.24 12296.6 -67.3915 12296.6 2637.24
1.8 -347.204 3726.28 15761.7 -2367.19 15761.7 3726.28
1.82 -894.98 5650.19 14943.6 -4356.67 14943.6 5650.19
1.84 -990.068 9409.17 13068.7 -6123.09 13068.7 9409.17
1.86 -1235.19 14027.7 13687.2 -7740.23 13687.2 14027.7
1.88 -2171.93 17633.1 17407.7 -9100.97 17407.7 17633.1
1.9 -3865.83 18918.5 22104.1 -10027 22104.1 18918.5
1.92 -5758.04 18065.9 25631.5 -10506.8 25631.5 18065.9
1.94 -7020.24 16775.4 27433.1 -10680.2 27433.1 16775.4
1.96 -7117.59 16942.1 28133.9 -10600.6 28133.9 16942.1
1.98 -6073.03 18702.2 28551.1 -10140.6 28551.1 18702.2
2 -4299.8 19990.2 28904.3 -9145.01 28904.3 19990.2
2.02 -2247.65 18470.2 28483.4 -7596.41 28483.4 18470.2
2.04 -132.672 13779.3 26278.3 -5649.73 26278.3 13779.3
2.06 2097.74 7749.59 22214.4 -3592.88 22214.4 7749.59
2.08 4541.95 2759.96 17423.1 -1747.05 17423.1 2759.96
2.1 7053.29 -105.004 12977.1 -294.929 12977.1 -105.004
2.12 9186.67 -1756.91 8743.87 826.641 8743.87 -1756.91
2.14 10457.3 -4119.28 3856.81 1827.23 3856.81 -4119.28
2.16 10653.7 -8206.05 -2055.63 2854.75 -2055.63 -8206.05
2.18 9934.11 -13195.6 -8514.36 3889.78 -8514.36 -13195.6
2.2 8681.31 -17414.6 -14726.3 4800.03 -14726.3 -17414.6
2.22 7254.62 -19862.5 -20275.1 5469.61 -20275.1 -19862.5
2.24 5798.84 -20807.1 -25518.3 5898.43 -25518.3 -20807.1
2.26 4257.45 -21434.4 -31064.1 6184.66 -31064.1 -21434.4
2.28 2559.72 -22813.7 -36668.8 6403.32 -36668.8 -22813.7
2.3 768.871 -24728.3 -41151.3 6529.39 -41151.3 -24728.3
2.32 -923.786 -25700.1 -43424.2 6496.04 -43424.2 -25700.1
2.34 -2282.97 -24505.9 -43034.9 6290.56 -43034.9 -24505.9
2.36 -3125.49 -21494.3 -40111.8 5974.34 -40111.8 -21494.3
2.38 -3401.07 -18244.6 -35622.7 5642.91 -35622.7 -18244.6
2.4 -3164.23 -16124 -31063 5374.54 -31063 -16124
2.42 -2434.42 -15246.1 -27027.1 5178.42 -27027.1 -15246.1
2.44 -1138.69 -14630.1 -22632.8 4975.34 -22632.8 -14630.1
2.46 756.465 -13122.8 -16782.7 4651.07 -16782.7 -13122.8
2.48 3084.28 -10165.7 -9454.77 4143.98 -9454.77 -10165.7
2.5 5481.92 -6162.85 -1635.93 3468.69 -1635.93 -6162.85
2.52 7546.09 -2313.05 5620.96 2648.65 5620.96 -2313.05
2.54 8996.03 406.619 12147 1651.81 12147 406.619
2.56 9765.85 2176.01 18766.9 416.013 18766.9 2176.01
2.58 10008.5 3929.47 26020.3 -1080.83 26020.3 3929.47
2.6 10001 6155.08 32917.6 -2796.2 32917.6 6155.08
2.62 9997.15 8388.06 37770.8 -4637.73 37770.8 8388.06
2.64 10118.7 9684.09 40014.3 -6470.63 40014.3 9684.09
2.66 10347.7 9445.41 40346.7 -8145.13 40346.7 9445.41
2.68 10593.5 8182.03 39419.8 -9566.51 39419.8 8182.03
2.7 10759.5 7344.05 37275.5 -10730.1 37275.5 7344.05
2.72 10716.5 7870.73 33747.2 -11659.6 33747.2 7870.73
2.74 10189.6 8995.08 28656.5 -12319.2 28656.5 8995.08
2.76 8757.56 8938.93 21998.3 -12596.9 21998.3 8938.93
2.78 6101.07 6823.77 14246.8 -12355.2 14246.8 6823.77
2.8 2304.5 3383.8 5757.24 -11503.5 5757.24 3383.8
2.82 -2133.42 -160.38 -4154.19 -10062.5 -4154.19 -160.38
2.84 -6650.84 -3138.01 -16487.6 -8150.11 -16487.6 -3138.01
2.86 -11017.7 -5287.56 -30752 -5856.56 -30752 -5287.56
2.88 -15397.5 -6402.34 -44676.1 -3160.63 -44676.1 -6402.34
2.9 -20022.9 -6461.04 -55705.8 -39.2744 -55705.8 -6461.04
2.92 -24818.3 -5714.62 -62540.3 3388.4 -62540.3 -5714.62
2.94 -29354.8 -4493.87 -66055.5 6938.57 -66055.5 -4493.87
2.96 -33149.8 -3220.89 -69111.3 10545.5 -69111.3 -3220.89
2.98 -35971.4 -2517.56 -74209.4 14228.7 -74209.4 -2517.56
3 -37879.5 -2785.53 -80566.1 17883.7 -80566.1 -2785.53
3.02 -39043.8 -3468.47 -84290.3 21227.5 -84290.3 -3468.47
3.04 -39521.3 -3126.03 -82002.9 23953.5 -82002.9 -3126.03
3.06 -39146.8 -699.92 -73831.5 25835.7 -73831.5 -699.92
3.08 -37638.5 3391.37 -62830.8 26704.7 -62830.8 3391.37
3.1 -34884.8 7785.91 -52140.7 26457.8 -52140.7 7785.91
3.12 -31157.1 11749.4 -42603.2 25118.2 -42603.2 11749.4
3.14 -26987.4 15624.1 -32320.4 22784.1 -32320.4 15624.1
3.16 -22791.4 19588.9 -18571.6 19508.5 -18571.6 19588.9
3.18 -18614.7 22917.2 -911.476 15332.4 -911.476 22917.2
3.2 -14207 25002 17756.5 10438.4 17756.5 25002
3.22 -9268.11 26291.1 33859.4 5129.85 33859.4 26291.1
3.24 -3665.16 27548.8 46479.1 -403.855 46479.1 27548.8
3.26 2429.09 28881.6 57385 -6182.31 57385 28881.6
3.28 8554.3 30071 68541.9 -12193.3 68541.9 30071
3.3 14214.5 31030.7 80269.6 -18140.5 80269.6 31030.7
3.32 19164.7 31422.8 91071.1 -23555.2 91071.1 31422.8
3.34 23402.1 30637.4 98460.6 -28119.3 98460.6 30637.4
3.36 26896.3 28412 100421 -31759.2 100421 28412
3.38 29432.3 24828.8 96880.9 -34442.6 96880.9 24828.8
3.4 30739.4 19843.9 89753.4 -36014.2 89753.4 19843.9
3.42 30722.7 13512.3 81160.4 -36267.7 81160.4 13512.3
3.44 29588.3 6458.72 71649.8 -35106.2 71649.8 6458.72
3.46 27783.9 -433.589 60239.5 -32593.8 60239.5 -433.589
3.48 25748.8 -6647.1 45809.9 -28872.8 45809.9 -6647.1
3.5 23611.2 -12193.2 28098.5 -24052.4 28098.5 -12193.2
3.52 21105.2 -17551 7836.26 -18187.3 7836.26 -17551
3.54 17828 -23518.1 -13353.6 -11370.1 -13353.6 -23518.1
3.56 13617.7 -30541.7 -33328.7 -3827.77 -33328.7 -30541.7
3.58 8737.9 -37870.3 -50446.1 4095.08 -50446.1 -37870.3
3.6 3766.66 -43839.1 -64681.4 12027.5 -64681.4 -43839.1
3.62 -697.874 -47458.9 -77553.3 19620.3 -77553.3 -47458.9
3.64 -4327.34 -49448.3 -90444.1 26551.1 -90444.1 -49448.3
3.66 -7172.81 -51273.1 -102858 32560.7 -102858 -51273.1
3.68 -9512.47 -53286.1 -112606 37482 -112606 -53286.1
3.7 -11548.9 -54233.1 -117649 41159 -117649 -54233.1
3.72 -13214.7 -52571.7 -117244 43344.7 -117244 -52571.7
3.74 -14279.4 -47843 -111715 43786.6 -111715 -47843
3.76 -14645.6 -40863.7 -102194 42451.3 -102194 -40863.7
3.78 -14482.8 -33137.6 -90426 39569.6 -90426 -33137.6
3.8 -14027.1 -26065.6 -77578.6 35413.2 -77578.6 -26065.6
3.82 -13307.2 -20024.2 -63192.8 30115.6 -63192.8 -20024.2
3.84 -12146.5 -13862.7 -46269.8 23759.1 -46269.8 -13862.7
3.86 -10406 -5864.38 -27132.8 16517.3 -27132.8 -5864.38
3.88 -8164.26 4308 -7153.55 8623.22 -7153.55 4308
3.9 -5688.7 14896.1 12910.3 295.064 12910.3 14896.1
3.92 -3262.6 23552.3 33141.5 -8198.97 33141.5 23552.3
3.94 -945.079 29276.3 53280.6 -16482.8 53280.6 29276.3
3.96 1591.98 32750.3 72192.1 -24186.6 72192.1 32750.3
3.98 4906.42 35316.3 88271.4 -31066 88271.4 35316.3
4 9302.91 37767.1 99743.8 -36927.1 99743.8 37767.1
4.02 14428.7 39658 105088 -41502 105088 39658
4.04 19318.8 39782.7 104033 -44501.5 104033 39782.7
4.06 22816.2 37525.2 97868.2 -45761.2 97868.2 37525.2
4.08 24027.9 33450.8 88234.4 -45288.4 88234.4 33450.8
4.1 22567.4 28476 75883 -43202.5 75883 28476
4.12 18522 23143.2 60801.2 -39642 60801.2 23143.2
4.14 12250.6 17866.8 42858.4 -34664.3 42858.4 17866.8
4.16 4223.56 12941.3 21910.6 -28238 21910.6 12941.3
4.18 -4996.22 7940 -2009.52 -20401.9 -2009.52 7940
4.2 -14745.4 1944.69 -28041.6 -11405.9 -28041.6 1944.69
4.22 -24348.1 -5105.08 -54504.4 -1624.4 -54504.4 -5105.08
4.24 -33222.8 -12009.2 -79906.1 8590.7 -79906.1 -12009.2
4.26 -40894.3 -17663.6 -103276 18845.6 -103276 -17663.6
4.28 -46982.1 -21934.3 -123221 28593.5 -123221 -21934.3
4.3 -51256.7 -25003 -137834 37295.5 -137834 -25003
4.32 -53641.1 -27022.5 -146166 44666.6 -146166 -27022.5
4.34 -54065.6 -28513.3 -148868 50615.2 -148868 -28513.3
4.36 -52392.6 -29773.7 -147132 55008.8 -147132 -29773.7
4.38 -48604.3 -29787.2 -141796 57655.1 -141796 -29787.2
4.4 -43093.1 -26774.4 -133406 58427 -133406 -26774.4
4.42 -36790.1 -19833 -122215 57229.8 -122215 -19833
4.44 -31035.3 -9654.71 -107890 53919.4 -107890 -9654.71
4.46 -27173.6 1989.39 -89411.9 48416.9 -89411.9 1989.39
4.48 -25983.3 13362.3 -65589.6 40868.6 -65589.6 13362.3
4.5 -27250.1 23863.1 -36294.5 31586.7 -36294.5 23863.1
4.52 -29783.2 34418.5 -3199.3 20893.5 -3199.3 34418.5
4.54 -31902.2 46747.5 31216.3 9140.47 31216.3 46747.5
4.56 -32136.2 61726.7 65319.8 -3166.68 65319.8 61726.7
4.58 -29739.7 78074.1 98791.4 -15394.8 98791.4 78074.1
4.6 -24738.5 92928.8 131760 -26948.3 131760 92928.8
4.62 -17566.5 103927 163544 -37362.3 163544 103927
4.64 -8649.87 110310 192118 -46314.9 192118 110310
4.66 1733.23 112219 215302 -53671.2 215302 112219
4.68 13299.7 109933 232758 -59467.3 232758 109933
4.7 25618.3 103781 246130 -63728.6 246130 103781
4.72 38277.5 93831.4 256792 -66324.1 256792 93831.4
4.74 51228.1 79764.7 263972 -67072.7 263972 79764.7
4.76 64823.3 61869.9 265212 -65920.9 265212 61869.9
4.78 79375.2 41780.7 258284 -62941.7 258284 41780.7
4.8 94604.6 21346.6 242815 -58255 242815 21346.6
4.82 109452 1070.65 220523 -52044.2 220523 1070.65
4.84 122374 -19863.9 193801 -44562 193801 -19863.9
4.86 131958 -42720.8 163933 -36042.9 163933 -42720.8
4.88 137527 -68726.1 130920 -26696.9 130920 -68726.1
4.9 139398 -98237 95018.8 -16840.2 95018.8 -98237
4.92 138706 -129417 57851.2 -6916.07 57851.2 -129417
4.94 136960 -158341 21625.6 2680.26 21625.6 -158341
4.96 135553 -181228 -12365.5 11709.2 -12365.5 -181228
4.98 135262 -196591 -44284.2 20005.8 -44284.2 -196591
5 135811 -205427 -75208.2 27419.9 -75208.2 -205427
5.02 135837 -210032 -106082 33863.4 -106082 -210032
5.04 133391 -212473 -136569 39285.3 -136569 -212473
5.06 126675 -213099 -164835 43551.7 -164835 -213099
5.08 114533 -209852 -188921 46442 -188921 -209852
5.1 96489.2 -199424 -208121 47790.6 -208121 -199424
5.12 72514.8 -179492 -222477 47579.8 -222477 -179492
5.14 42787.4 -149767 -231345 45935.5 -231345 -149767
5.16 7618.92 -111105 -233485 43137.8 -233485 -111105
5.18 -32427.1 -64291 -228516 39611.6 -228516 -64291
5.2 -76394 -10192.2 -217493 35782.1 -217493 -10192.2
5.22 -122958 48883.7 -201943 31902.6 -201943 48883.7
5.24 -170545 108297 -182729 28063.9 -182729 108297
5.26 -217220 162334 -159336 24334.1 -159336 162334
5.28 -260263 207270 -129305 20784.5 -129305 207270
5.3 -295820 243400 -88940.9 17326.2 -88940.9 243400
5.32 -319261 273917 -36295.4 13507.7 -36295.4 273917
5.34 -326372 301752 25889.9 8594.82 25889.9 301752
5.36 -314716 327337 90738.9 2397.03 90738.9 327337
5.38 -284507 349027 151048 -3774.66 151048 349027
5.4 -239245 364791 202799 -8037.24 202799 364791
5.42 -185300 372456 245601 -10325.7 245601 372456
5.44 -129843 368907 280597 -13222.1 280597 368907
5.46 -79079 349092 308104 -19732.5 308104 349092
5.48 -36919.7 309521 326380 -29978.3 326380 309521
5.5 -4198.87 254550 332454 -41381.8 332454 254550
5.52 21180.4 193290 324331 -52207.4 324331 193290
5.54 42933.7 133317 301905 -62938.6 301905 133317
5.56 63902.1 80842.8 265971 -74136.1 265971 80842.8
5.58 84360.2 40710.5 217972 -84488.4 217972 40710.5
5.6 102221 12434.3 161431 -91479 161431 12434.3
5.62 114516 -11309.4 101774 -93318.8 101774 -11309.4
5.64 118898 -39385.4 43157.5 -89665.9 43157.5 -39385.4
5.66 114811 -75846.6 -13331.3 -80798.5 -13331.3 -75846.6
5.68 104153 -118688 -67654.8 -66856.7 -67654.8 -118688
5.7 90910.2 -162426 -118050 -48173.3 -118050 -162426
5.72 79740.3 -200724 -160200 -25949.8 -160200 -200724
5.74 74460.2 -228444 -188134 -2099.29 -188134 -228444
5.76 77319.7 -243640 -196385 21721.8 -196385 -243640
5.78 89074.7 -248048 -182872 44850.4 -182872 -248048
5.8 109316 -245079 -150533 67607.5 -150533 -245079
5.82 136663 -237368 -105557 89982.1 -105557 -237368
5.84 168888 -226712 -53205.6 109911 -53205.6 -226712
5.86 203089 -215223 4419.76 124228 4419.76 -215223
5.88 236038 -204366 66596.4 131146 66596.4 -204366
5.9 264778 -193146 131229 130511 131229 -193146
5.92 287107 -178126 194660 122296 194660 -178126
5.94 301385 -154251 253173 105932 253173 -154251
5.96 305597 -115851 303003 81045.7 303003 -115851
5.98 296526 -59800.8 339811 48332.2 339811 -59800.8
6 270106 9882.09 360762 9664.41 360762 9882.09
6.02 223029 80857.6 366427 -32355.6 366427 80857.6
6.04 154818 137681 357840 -74937.2 357840 137681
6.06 69438.8 170997 333113 -115476 333113 170997
6.08 -24501.1 184666 290512 -151670 290512 184666
6.1 -115846 194518 232154 -181478 232154 194518
6.12 -195006 217772 159504 -203116 159504 217772
6.14 -258059 260507 67704.8 -215094 67704.8 260507
6.16 -308239 312662 -49563.9 -216210 -49563.9 312662
6.18 -353856 354463 -189928 -205970 -189928 354463
6.2 -403919 369204 -341046 -185251 -341046 369204
6.22 -463084 350744 -486530 -154372 -486530 350744
6.24 -527286 301963 -608103 -111992 -608103 301963
6.26 -581387 232698 -695999 -59839.2 -695999 232698
6.28 -597185 156609 -756711 -2509.13 -756711 156609
6.3 -565454 83209.8 -818023 59096.6 -818023 83209.8
6.32 -497502 15937.1 -904383 126319 -904383 15937.1
6.34 -402432 -43242.7 -979429 196622 -979429 -43242.7
6.36 -290478 -94065.6 -1.00811e+06 265144 -1.00811e+06 -94065.6
6.38 -179568 -141202 -1.01356e+06 329588 -1.01356e+06 -141202
6.4 -80388.5 -191987 -1.01485e+06 387679 -1.01485e+06 -191987
6.42 450.301 -250303 -998953 434556 -998953 -250303
6.44 61698.1 -315057 -923288 470712 -923288 -315057
6.46 108406 -383249 -799287 503219 -799287 -383249
6.48 145747 -446278 -633233 534562 -633233 -446278
6.5 191078 -496454 -457006 560412 -457006 -496454
6.52 257826 -532617 -304466 574780 -304466 -532617
6.54 342276 -543042 -191379 572402 -191379 -543042
6.56 430910 -521632 -98977.6 549777 -98977.6 -521632
6.58 507042 -470158 2807.6 503777 2807.6 -470158
6.6 551850 -394645 131866 433737 131866 -394645
6.62 555841 -315084 282718 346989 282718 -315084
6.64 521368 -246142 437792 254623 437792 -246142
6.66 459974 -188816 582430 163240 582430 -188816
6.68 384484 -137755 707825 74760.3 707825 -137755
6.7 306412 -88341.7 808011 -10017.6 808011 -88341.7
6.72 235741 -34909.3 879437 -90013.9 879437 -34909.3
6.74 179693 27678.2 923074 -164347 923074 27678.2
6.76 141261 99043.3 944445 -232825 944445 99043.3
6.78 118427 173880 949603 -296470 949603 173880
6.8 104174 248278 923286 -358580 923286 248278
6.82 89568.3 320976 879385 -422628 879385 320976
6.84 65695.9 387465 822874 -485035 822874 387465
6.86 23661.6 439146 753003 -535812 753003 439146
6.88 -40233.7 471509 681682 -569044 681682 471509
6.9 -120366 488671 613376 -584279 613376 488671
6.92 -207955 497669 539568 -579157 539568 497669
6.94 -293325 501368 445179 -549405 445179 501368
6.96 -366062 495001 324124 -495075 324124 495001
6.98 -418966 471250 183247 -422065 183247 471250
7 -450396 427849 34531.3 -338883 34531.3 427849
7.02 -461292 366229 -110464 -253518 -110464 366229
7.04 -452117 292822 -242478 -171488 -242478 292822
7.06 -423505 218399 -356314 -95538.1 -356314 218399
7.08 -376691 151454 -451463 -26288.2 -451463 151454
7.1 -315541 94074.4 -529806 37825 -529806 94074.4
7.12 -246534 42197.7 -592699 100508 -592699 42197.7
7.14 -177408 -9599.5 -640408 165555 -640408 -9599.5
7.16 -115042 -64101.5 -673082 233512 -673082 -64101.5
7.18 -64143.5 -120582 -690878 300168 -690878 -120582
7.2 -25589.7 -177028 -690186 359759 -690186 -177028
7.22 3969.33 -232378 -652142 408131 -652142 -232378
7.24 27688.6 -285962 -576944 440384 -576944 -285962
7.26 51259.2 -335346 -472290 450778 -472290 -335346
7.28 82923.5 -375245 -354582 437332 -354582 -375245
7.3 128803 -398561 -237202 402709 -237202 -398561
7.32 190996 -399392 -127653 351215 -127653 -399392
7.34 264898 -375476 -27758.8 285713 -27758.8 -375476
7.36 340769 -330762 66324.2 209064 66324.2 -330762
7.38 406219 -276501 161084 128330 161084 -276501
7.4 449971 -225254 259302 52168.3 259302 -225254
7.42 464974 -182988 357273 -15365.9 357273 -182988
7.44 450144 -148915 448276 -75760.7 448276 -148915
7.46 410006 -119563 527666 -132642 527666 -119563
7.48 352136 -89853.9 593356 -188395 593356 -89853.9
7.5 284521 -53646.9 642967 -242495 642967 -53646.9
7.52 214339 -6995.48 672464 -291744 672464 -6995.48
7.54 145830 49203.1 674652 -332987 674652 49203.1
7.56 82024 110539 640257 -364990 640257 110539
7.58 23793.3 171574 564648 -385004 564648 171574
7.6 -31788.9 227371 455138 -387396 455138 227371
7.62 -88355.7 274307 335313 -369057 335313 274307
7.64 -148724 309453 224867 -331803 224867 309453
7.66 -212807 329753 128890 -279616 128890 329753
7.68 -276762 331568 43368.9 -215736 43368.9 331568
7.7 -333610 310493 -38757.2 -141128 -38757.2 310493
7.72 -375523 265746 -123737 -57803.5 -123737 265746
7.74 -396284 205357 -211826 26497.8 -211826 205357
7.76 -392196 141404 -296457 101835 -296457 141404
7.78 -362903 82300.1 -370848 163093 -370848 82300.1
7.8 -311933 31634.2 -433750 210996 -433750 31634.2
7.82 -246148 -10261.5 -487702 248785 -487702 -10261.5
7.84 -174551 -46499.7 -533208 279240 -533208 -46499.7
7.86 -106156 -83497 -566049 303197 -566049 -83497
7.88 -47946.5 -126763 -578957 319541 -578957 -126763
7.9 -2023.7 -176447 -560029 327250 -560029 -176447
7.92 33571.5 -227715 -500606 326732 -500606 -227715
7.94 64454.1 -274814 -404459 317712 -404459 -274814
7.96 98493.9 -313938 -291167 297832 -291167 -313938
7.98 141601 -342965 -184748 265080 -184748 -342965
8 195668 -360193 -95157.4 220492 -95157.4 -360193
8.02 257239 -363820 -19754.2 167081 -19754.2 -363820
8.04 318496 -351622 50493.1 106267 50493.1 -351622
8.06 369977 -322412 124487 38606.4 124487 -322412
8.08 403955 -279861 205880 -31073.8 205880 -279861
8.1 415947 -231179 290495 -93761.9 290495 -231179
8.12 405064 -181651 370756 -142774 370756 -181651
8.14 373740 -132553 442075 -177428 442075 -132553
8.16 326657 -82787.7 503502 -200414 503502 -82787.7
8.18 269459 -31047.8 553142 -214234 553142 -31047.8
8.2 207507 23134.2 585794 -220321 585794 23134.2
8.22 145053 78380.8 596036 -219521 596036 78380.8
8.24 84430.3 131794 580446 -212887 580446 131794
8.26 25099.9 181194 537981 -202374 537981 181194
8.28 -33233 226779 475533 -190052 475533 226779
8.3 -90208.2 270031 406228 -176108 406228 270031
8.32 -145349 311375 338901 -158252 338901 311375
8.34 -197142 349234 273215 -133736 273215 349234
8.36 -244030 380625 204205 -101772 204205 380625
8.38 -284447 401741 129391 -63888.6 129391 401741
8.4 -317307 408025 49057.2 -22514.3 49057.2 408025
8.42 -342504 395541 -34929.5 21015.6 -34929.5 395541
8.44 -360513 362419 -118020 65206.7 -118020 362419
8.46 -370511 311320 -192406 103500 -192406 311320
8.48 -370258 251040 -252040 126784 -252040 251040
8.5 -356945 191078 -297324 132758 -297324 191078
8.52 -328375 136508 -332023 127117 -332023 136508
8.54 -284490 88689.2 -358118 117288 -358118 88689.2
8.56 -228022 46986.8 -375336 108567 -375336 46986.8
8.58 -163745 8975.98 -382343 103389 -382343 8975.98
8.6 -96334.2 -28924.7 -374425 101335 -374425 -28924.7
8.62 -29768.7 -69468.5 -345025 100360 -345025 -69468.5
8.64 32546.9 -113313 -292992 98723.5 -292992 -113313
8.66 89216.5 -159365 -225087 94982.1 -225087 -159365
8.68 140614 -205570 -150860 86931.3 -150860 -205570
8.7 187945 -249041 -75605.3 72399.2 -75605.3 -249041
8.72 232424 -285932 -1022.38 51403.3 -1022.38 -285932
8.74 274368 -311938 71810.3 26480.9 71810.3 -311938
8.76 313325 -323491 143149 667.341 143149 -323491
8.78 348191 -318240 214525 -24695.5 214525 -318240
8.8 377168 -295122 285348 -49515.6 285348 -295122
8.82 397668 -256163 350472 -70644.4 350472 -256163
8.84 406342 -208117 404012 -82344 404012 -208117
8.86 399907 -159014 444874 -83896 444874 -159014
8.88 376217 -113026 475264 -80685.8 475264 -113026
8.9 335200 -70904 495787 -78182.1 495787 -70904
8.92 279483 -32489.5 504743 -79111.7 504743 -32489.5
8.94 213424 3696.81 498977 -84199.2 498977 3696.81
8.96 141184 40935.8 474111 -92749.3 474111 40935.8
8.98 67107.7 81875.6 430334 -102862 430334 81875.6
9 -5044.32 125838 374550 -112033 374550 125838
9.02 -72670.4 169550 313899 -117485 313899 169550
9.04 -133760 210046 248845 -116112 248845 210046
9.06 -187251 245912 174602 -105405 174602 245912
9.08 -232862 275954 89350.5 -85563.3 89350.5 275954
9.1 -271545 297568 -2306.56 -60130.9 -2306.55 297568
9.12 -305164 306677 -91502.5 -33461.5 -91502.4 306677
9.14 -335075 298959 -170050 -7091.84 -170050 298959
9.16 -360450 272591 -234741 19393.5 -234741 272591
9.18 -377861 232117 -288397 43461.5 -288397 232117
9.2 -382798 188381 -337160 60807.5 -337160 188381
9.22 -372307 151089 -385415 71500.8 -385415 151089
9.24 -346891 121577 -432018 80181.1 -432018 121577
9.26 -310494 93434.4 -471665 91412.7 -471665 93434.4
9.28 -268373 59058.6 -498874 107075 -498874 59058.6
9.3 -224415 16528.3 -509837 126398 -509837 16528.3
9.32 -179240 -28885.2 -499927 146920 -499927 -28885.2
9.34 -131532 -69889.9 -465570 165534 -465570 -69889.9
9.36 -80515.4 -103513 -410131 178987 -410131 -103513
9.38 -26176 -132281 -343776 184558 -343776 -132281
9.4 30391.3 -160236 -276967 180875 -276967 -160236
9.42 87242 -188602 -212925 168003 -212925 -188602
9.44 142134 -214657 -149528 147182 -149528 -214657
9.46 192514 -233594 -83815 120557 -83815 -233594
9.48 235936 -241250 -13629.3 90695.7 -13629.3 -241250
9.5 270438 -235528 61603.4 59650.3 61603.4 -235528
9.52 294760 -216366 139243 28573.3 139243 -216366
9.54 308209 -185435 213346 -1066.07 213346 -185435
9.56 310302 -146147 278030 -27254.9 278030 -146147
9.58 300574 -102787 330859 -49276.8 330859 -102787
9.6 278745 -58781.3 372062 -68231.3 372062 -58781.3
9.62 245245 -16523.7 401647 -85706.7 401647 -16523.7
9.64 201862 21740.7 418885 -102838 418885 21740.7
9.66 151846 54298.4 423842 -120034 423842 54298.4
9.68 99125.1 81594.7 416733 -136732 416733 81594.7
9.7 47112.1 106516 396098 -151154 396098 106516
9.72 -824.947 132230 361887 -160474 361887 132230
9.74 -42405.5 159695 316382 -161779 316382 159695
9.76 -77418.5 186716 260947 -153202 260947 186716
9.78 -107179 208457 195185 -134460 195185 208457
9.8 -133926 218931 120143 -106911 120143 218931
9.82 -159202 213255 41228.9 -72787.7 41228.9 213255
9.84 -182910 190496 -34472.2 -34551 -34472.2 190496
9.86 -203050 155244 -102417 4462.89 -102417 155244
9.88 -216353 114962 -162592 40428.9 -162592 114962
9.9 -219514 74772 -218174 70991.6 -218174 74772
9.92 -210705 35798.5 -272309 96115.9 -272309 35798.5
9.94 -190542 -2227.25 -325207 117303 -325207 -2227.25
9.96 -161824 -38895.1 -373340 136362 -373340 -38895.1
9.98 -128325 -73321.6 -411314 154306 -411314 -73321.6
10 -93582.6 -105012 -435281 170732 -435281 -105012
10.02 -60273 -134178 -444860 184224 -444860 -134178
10.04 -29817.3 -161458 -440848 193592 -440848 -161458
10.06 -2521.89 -186868 -421425 198214 -421425 -186868
10.08 22190.5 -208621 -383585 197096 -383585 -208621
10.1 45940.7 -223531 -329161 188989 -329161 -223531
10.12 70499.3 -228983 -266484 173603 -266484 -228983
10.14 96630 -224250 -203732 151619 -203732 -224250
10.16 123262 -210417 -144553 123918 -144553 -210417
10.18 147416 -189948 -88647 92101.9 -88647 -189948
10.2 165475 -165065 -32671.9 58904.5 -32671.9 -165065
10.22 174792 -136105 28399.3 26834.2 28399.3 -136105
10.24 174645 -102396 96903.5 -2767.25 96903.5 -102396
10.26 166094 -64202.1 168896 -29247.6 168896 -64202.1
10.28 151230 -23066.1 236710 -52185 236710 -23066.1
10.3 132292 18999.5 294686 -71370.8 294686 18999.5
10.32 111071 59809.4 341074 -86791.5 341074 59809.4
10.34 88730.2 97276.6 375343 -98655.4 375343 97276.6
10.36 65926.2 130047 395898 -107535 395898 130047
10.38 42994 157645 400811 -114153 400811 157645
10.4 19774.5 179866 388218 -118822 388218 179866
10.42 -5073.84 196320 356329 -120949 356329 196320
10.44 -32288.4 206722 308938 -119324 308938 206722
10.46 -61770.1 211203 253990 -113113 253990 211203
10.48 -92815.8 209543 195642 -101756 195642 209543
10.5 -123340 200587 133012 -84321.7 133012 200587
10.52 -150608 183844 64673.8 -60500.8 64673.8 183844
10.54 -171847 160961 -8019.94 -31945.3 -8019.94 160961
10.56 -185346 134326 -83340.7 -1522.74 -83340.7 134326
10.58 -190812 104950 -160008 28292.8 -160008 104950
10.6 -189166 72223 -235018 56022.1 -235018 72223
10.62 -181873 35052.8 -303194 81040.7 -303194 35052.8
10.64 -170214 -6756.45 -359784 103199 -359784 -6756.45
10.66 -154687 -51188.4 -402015 122416 -402015 -51188.4
10.68 -134891 -93797.6 -428661 138700 -428661 -93797.6
10.7 -110052 -129685 -440148 152598 -440148 -129685
10.72 -79930 -156540 -438732 165223 -438732 -156540
10.74 -44638.7 -175732 -424171 177349 -424171 -175732
10.76 -5528.2 -190273 -394052 188110 -394052 -190273
10.78 34532.4 -202108 -347460 195212 -347460 -202108
10.8 73542.5 -211252 -286665 196643 -286665 -211252
10.82 110438 -216461 -215719 191093 -215719 -216461
10.84 144492 -216117 -137838 177345 -137838 -216117
10.86 175005 -209109 -56109.1 154627 -56109.1 -209109
10.88 200952 -195061 26301.9 123762 26301.9 -195061
10.9 221355 -173431 107514 87460.6 107514 -173431
10.92 235315 -142899 186282 48986 186282 -142899
10.94 241851 -102987 259769 10944.8 259769 -102987
10.96 239761 -56675.8 324147 -24864.3 324147 -56675.8
10.98 227980 -10151.5 377738 -57324.4 377738 -10151.5
11 206252 30555.1 421560 -85932.1 421560 30555.1
11.02 175876 62685.5 456281 -110696 456281 62685.5
11.04 139982 87578.9 480022 -132023 480022 87578.9
11.06 102792 109446 489215 -150454 489215 109446
11.08 67074.6 132717 477627 -166317 477627 132717
11.1 33204.2 158852 439051 -178940 439051 158852
11.12 -12.4891 184999 375573 -186332 375573 184999
11.14 -35332.1 206075 297910 -186639 297910 206075
11.16 -75163.2 218114 216691 -178977 216691 218114
11.18 -119763 219943 135376 -162710 135376 219943
11.2 -166741 212290 53022.4 -136887 53022.4 212290
11.22 -211516 196334 -30562.3 -101059 -30562.3 196334
11.24 -249122 173578 -114805 -57071.3 -114805 173578
11.26 -275644 145715 -199061 -8857.24 -199061 145715
11.28 -288754 113909 -281010 39779 -281010 113909
11.3 -287766 79511.4 -356398 86389.5 -356398 79511.4
11.32 -273801 45235.9 -422322 129487 -422322 45235.9
11.34 -249715 13907.5 -478677 167896 -478677 13907.5
11.36 -219515 -14195.2 -524851 200656 -524851 -14195.2
11.38 -187435 -41856.6 -557165 227304 -557165 -41856.6
11.4 -156889 -72285.4 -571277 248064 -571277 -72285.4
11.42 -128923 -106019 -563433 263738 -563433 -106019
11.44 -101091 -139937 -529393 274862 -529393 -139937
11.46 -70121.9 -168556 -471131 280628 -471131 -168556
11.48 -33037.6 -186745 -397755 279295 -397755 -186745
11.5 11625 -192914 -319461 269396 -319461 -192914
11.52 62257.4 -190468 -239711 249867 -239711 -190468
11.54 115164 -185026 -156415 219637 -156415 -185026
11.56 165438 -179336 -68969.2 178418 -68969.2 -179336
11.58 208848 -171539 20952.4 128180 20952.4 -171539
11.6 242874 -158408 112769 72870.8 112769 -158408
11.62 266592 -138896 206373 16649.3 206373 -138896
11.64 279871 -114072 298436 -37138.6 298436 -114072
11.66 283105 -85050.5 383230 -85883.1 383230 -85050.5
11.68 277391 -52206.4 456652 -127640 456652 -52206.4
11.7 264282 -15974.2 516826 -161453 516826 -15974.2
11.72 244994 22268.3 561914 -187562 561914 22268.3
11.74 219959 59924.8 590265 -207103 590265 59924.8
11.76 189319 93753.1 602087 -221406 602087 93753.1
11.78 153463 121454 596875 -231314 596875 121454
11.8 112417 143283 568249 -236716 568249 143283
11.82 67550.3 161911 512217 -236419 512217 161911
11.84 20220.9 180184 434533 -228752 434533 180184
11.86 -29463 198736 347121 -212250 347121 198736
11.88 -81296.8 215564 258841 -185857 258841 215564
11.9 -134576 227346 171564 -149236 171564 227346
11.92 -186906 230754 83775.5 -103148 83775.6 230754
11.94 -234834 223508 -7772.23 -49726.1 -7772.22 223508
11.96 -275007 205546 -105648 7152.11 -105648 205546
11.98 -305105 179028 -207829 62543.2 -207829 179028
12 -323829 146852 -307013 112304 -307013 146852
12.02 -330749 111952 -396031 154236 -396031 111952
12.04 -326192 77736.2 -472725 187798 -472725 77736.2
12.06 -311284 47208.3 -538359 213421 -538359 47208.3
12.08 -288085 20738.2 -593084 232260 -593084 20738.2
12.1 -259616 -4405.81 -634651 245976 -634651 -4405.81
12.12 -229270 -31609.1 -660344 256113 -660344 -31609.1
12.14 -199628 -62236.5 -668527 263413 -668527 -62236.5
12.16 -170531 -95142.9 -654029 267727 -654029 -95142.9
12.18 -138696 -127713 -611246 268242 -611246 -127713
12.2 -101761 -157089 -543444 263500 -543444 -157089
12.22 -57994.1 -181368 -462062 251765 -462062 -181368
12.24 -6288.42 -200256 -377276 231794 -377276 -200256
12.26 52214.9 -214158 -290971 203305 -290971 -214158
12.28 114813 -222379 -200534 167080 -200534 -222379
12.3 177157 -222561 -105270 124750 -105270 -222561
12.32 234539 -212422 -6599.84 78728.1 -6599.84 -212422
12.34 282549 -192100 92992 32502.4 92992 -192100
12.36 317547 -164555 189645 -10036.1 189645 -164555
12.38 336804 -133891 279380 -46138.5 279380 -133891
12.4 339131 -103833 360981 -74911.5 360981 -103833
12.42 325553 -76651.2 435668 -96993.8 435668 -76651.2
12.44 299377 -52025 503018 -114010 503018 -52025
12.46 265533 -27425.2 558824 -128050 558824 -27425.2
12.48 229288 -378.664 597886 -140903 597886 -378.664
12.5 194815 29420.9 617663 -153288 617663 29420.9
12.52 164289 60081.1 618189 -164709 618189 60081.1
12.54 136264 88996.9 594348 -174179 594348 88996.9
12.56 108887 114046 543619 -180105 543619 114046
12.58 80171.5 133967 470420 -179897 470420 133967
12.6 47335.3 148452 387327 -171434 387327 148452
12.62 8791.73 157645 305099 -154000 305099 157645
12.64 -35891.1 161393 224650 -127739 224650 161393
12.66 -84710.7 159119 144407 -93456.5 144407 159119
12.68 -133910 150342 62690 -53163.3 62690 150342
12.7 -179369 135619 -23778.7 -10440.4 -23778.7 135619
12.72 -217973 117069 -117860 30683 -117860 117069
12.74 -247944 97673.8 -216671 67474.9 -216671 97673.8
12.76 -268724 79463.5 -312018 99078.9 -312018 79463.5
12.78 -280655 62005.7 -395733 125809 -395733 62005.7
12.8 -284439 43240.8 -462761 148337 -462761 43240.8
12.82 -280506 22111.1 -510546 167595 -510546 22111.1
12.84 -268717 -137.344 -538387 184946 -538387 -137.344
12.86 -248659 -21146.9 -547382 201734 -547382 -21146.9
12.88 -219482 -39397.7 -536031 218482 -536031 -39397.7
12.9 -180601 -55225.3 -499803 234372 -499803 -55225.3
12.92 -133965 -70316.2 -439321 247107 -439321 -70316.2
12.94 -82126.4 -86074.6 -362495 253500 -362495 -86074.6
12.96 -27131 -102416 -278681 250413 -278681 -102416
12.98 28825.2 -117918 -192701 235427 -192701 -117918
13 83561.9 -130375 -105878 207572 -105878 -130375
13.02 134420 -136750 -18814.7 167951 -18814.7 -136750
13.04 178991 -133534 69649.7 119531 69649.7 -133534
13.06 215588 -118805 160930 66394.3 160930 -118805
13.08 243275 -94479.1 252782 13033 252782 -94479.1
13.1 261447 -65682.7 339496 -36595.7 339496 -65682.7
13.12 269745 -37644.2 416564 -79898.4 416564 -37644.2
13.14 268342 -13583.4 482775 -115896 482775 -13583.4
13.16 258316 5369.09 537952 -145186 537952 5369.09
13.18 241731 19709.4 581027 -169579 581027 19709.4
13.2 221286 31088.3 610457 -191010 610457 31088.3
13.22 199699 41359.1 624474 -210220 624474 41359.1
13.24 178568 51869 618492 -226566 618492 51869
13.26 156829 63751.6 583298 -238629 583298 63751.6
13.28 132981 78433 517959 -244235 517959 78433
13.3 104537 97113.3 432288 -240584 432288 97113.3
13.32 67641.9 119331 337722 -225282 337722 119331
13.34 19437.2 141833 240075 -197385 240075 141833
13.36 -40916.7 158998 140852 -157783 140852 158998
13.38 -110713 165158 41860.7 -108771 41860.7 165158
13.4 -184253 157761 -56126.8 -53333.9 -56126.8 157761
13.42 -254033 139640 -153648 4961.27 -153648 139640
13.44 -312424 117928 -249538 62067.3 -249538 117928
13.46 -353331 99290.9 -339986 114553 -339986 99290.9
13.48 -373726 85617.7 -421795 160538 -421795 85617.7
13.5 -374146 74172.3 -493658 199506 -493658 74172.3
13.52 -357922 61245.1 -553355 231835 -553355 61245.1
13.54 -329707 45249.3 -596403 258508 -596403 45249.3
13.56 -294123 26780.5 -618754 280502 -618754 26780.5
13.58 -254045 6486.93 -617185 298097 -617185 6486.93
13.6 -210841 -16696.6 -586401 310918 -586401 -16696.6
13.62 -165709 -44774.7 -525949 317486 -525949 -44774.7
13.64 -117903 -78220.1 -439928 315349 -439928 -78220.1
13.66 -65076.9 -114455 -340729 302681 -340729 -114455
13.68 -4987.68 -148217 -239272 278154 -239272 -148217
13.7 63108.9 -174194 -141303 240545 -141303 -174194
13.72 136558 -190200 -50580.7 190233 -50580.7 -190200
13.74 209721 -197440 32639.7 130072 32639.7 -197440
13.76 275931 -198148 114862 64452.4 114862 -198148
13.78 329830 -194150 204463 -1813.03 204463 -194150
13.8 368689 -187249 303050 -64009.4 303050 -187249
13.82 392680 -179191 404225 -118366 404225 -179191
13.84 404221 -170740 499228 -162846 499228 -170740
13.86 406705 -161432 581198 -197063 581198 -161432
13.88 403142 -150409 645790 -221701 645790 -150409
13.9 395342 -136955 691279 -238168 691279 -136955
13.92 383828 -120111 718461 -248507 718461 -120111
13.94 368203 -98284.1 728634 -254628 728634 -98284.1
13.96 347455 -69733 718899 -257169 718899 -69733
13.98 318117 -33820.5 680027 -255513 680027 -33820.5
14 275150 7636.54 610697 -248584 610697 7636.54
14.02 216351 49740.9 528154 -234927 528154 49740.9
14.04 141922 85939.5 450130 -212605 450130 85939.5
14.06 55468.4 112175 379794 -179967 379794 112175
14.08 -34959 130679 310348 -136729 310348 130679
14.1 -119892 148462 231192 -84705.3 231192 148462
14.12 -192094 170887 134938 -28096.7 134938 170887
14.14 -249686 196573 21997.8 27272.6 21997.8 196573
14.16 -295649 218343 -96347.1 76185 -96347.1 218343
14.18 -334658 228577 -203620 116284 -203620 228577
14.2 -369348 224555 -288778 147875 -288778 224555
14.22 -398493 209785 -351291 171684 -351291 209785
14.24 -417793 189910 -396626 187555 -396626 189910
14.26 -422445 167702 -430074 195569 -430074 167702
14.28 -409621 142960 -455044 198199 -455044 142960
14.3 -379433 116052 -472815 199728 -472815 116052
14.32 -334169 89029.9 -480207 202492 -480207 89029.9
14.34 -276892 62715.5 -467721 204920 -467721 62715.5
14.36 -212655 34498 -427410 203232 -427410 34498
14.38 -146395 128.473 -359234 193867 -359234 128.473
14.4 -80499.4 -43019.8 -272854 174653 -272854 -43019.8
14.42 -14824.3 -94000.7 -181026 145103 -181026 -94000.7
14.44 53070.1 -147424 -90334 106555 -90334 -147424
14.46 125063 -194370 -4084.57 62130 -4084.57 -194370
14.48 200402 -226570 75221.6 16422.9 75221.6 -226570
14.5 275140 -241254 146736 -25476.1 146736 -241254
14.52 343209 -241779 212352 -60072.5 212352 -241779
14.54 397906 -233619 274464 -87365.6 274464 -233619
14.56 433465 -220493 334002 -109713 334002 -220493
14.58 446418 -203935 390654 -127909 390654 -203935
14.6 436516 -185252 443451 -140399 443451 -185252
14.62 406772 -166107 489434 -146903 489434 -166107
14.64 362659 -146849 521976 -149610 521976 -146849
14.66 310733 -124517 532334 -150619 532334 -124517
14.68 255766 -93380 510769 -150087 510769 -93380
14.7 199707 -49479.8 452923 -146574 452923 -49479.8
14.72 141483 5247.25 367668 -138437 367668 5247.25
14.74 77424.4 64024.3 276892 -124721 276892 64024.3
14.76 4493.37 119675 199567 -105120 199567 119675
14.78 -76965.8 167062 137085 -79774.8 137085 167062
14.8 -162008 202961 79545.9 -49380.3 79545.9 202961
14.82 -242587 226163 17762.8 -15363.9 17762.8 226163
14.84 -310989 237630 -51642 20124.4 -51642 237630
14.86 -362321 239283 -126721 54792.3 -126721 239283
14.88 -394700 232875 -201386 87123 -201386 232875
14.9 -408217 220486 -268944 116117 -268944 220486
14.92 -404226 204432 -326424 139983 -326424 204432
14.94 -385319 184554 -373685 156121 -373685 184554
14.96 -355006 157519 -408269 163290 -408269 157519
14.98 -316870 121383 -424553 163539 -424553 121383
15 -273356 79019.4 -418233 160772 -418233 79019.4
15.02 -224285 35789.9 -387850 157684 -387850 35789.9
15.04 -167786 -5218.03 -336711 154824 -336711 -5218.03
15.06 -103353 -45436.2 -274282 151320 -274282 -45436.2
15.08 -32160.8 -88818.4 -210355 145449 -210355 -88818.4
15.1 43297.1 -137275 -149381 135032 -149381 -137275
15.12 119630 -187217 -89877.5 118072 -89877.5 -187217
15.14 193451 -230850 -26376.1 93655.7 -26376.1 -230850
15.16 261330 -261140 45884.7 62754.3 45884.7 -261140
15.18 320015 -275404 127196 28249.8 127196 -275404
15.2 366694 -274889 212286 -6515 212286 -274889
15.22 399442 -261909 293501 -39899.7 293501 -261909
15.24 417184 -238112 364663 -71258.2 364663 -238112
15.26 419400 -206094 422101 -97529 422101 -206094
15.28 405800 -170246 464402 -114463 464402 -170246
15.3 376653 -134301 492458 -121803 492458 -134301
15.32 333557 -98598.8 507997 -123510 507997 -98598.8
15.34 279658 -60590.7 511413 -123672 511413 -60590.7
15.36 218882 -18018.4 500403 -124175 500403 -18018.4
15.38 153660 29808.3 470991 -125040 470991 29808.3
15.4 85777.2 82922.9 424860 -125249 424860 82922.9
15.42 16351 140197 369569 -122965 369569 140197
15.44 -54092.1 197258 311031 -116229 311031 197258
15.46 -123974 247139 250517 -104053 250517 247139
15.48 -190859 284146 185798 -86351.5 185798 284146
15.5 -251553 306379 113982 -63260.3 113982 306379
15.52 -303082 314709 33332.9 -35515.9 33332.9 314709
15.54 -343273 310577 -53313.9 -4770.53 -53313.9 310577
15.56 -370802 294742 -137641 27399 -137641 294742
15.58 -384891 268594 -210025 58680.2 -210025 268594
15.6 -385107 234702 -265520 84491.1 -265520 234702
15.62 -370803 194664 -306046 101101 -306046 194664
15.64 -341559 149675 -337121 109408 -337121 149675
15.66 -298375 102588 -363081 113501 -363081 102588
15.68 -244282 56359.8 -384929 117060 -384929 56359.8
15.7 -184027 10777.7 -400359 121596 -400359 10777.7
15.72 -122671 -36751.1 -404562 126660 -404562 -36751.1
15.74 -63775.5 -86879.7 -391657 131123 -391657 -86879.7
15.76 -9690.18 -136549 -359170 134222 -359170 -136549
15.78 39157.1 -180598 -309139 135114 -309139 -180598
15.8 83958.5 -213861 -247800 132131 -247800 -213861
15.82 125547 -233175 -182331 123366 -182331 -233175
15.84 163873 -239226 -116717 107996 -116717 -239226
15.86 197573 -235643 -52823.8 86758.3 -52823.8 -235643
15.88 224524 -225073 8514.67 61167.4 8514.67 -225073
15.9 242685 -207333 66814.2 33557.9 66814.2 -207333
15.92 250747 -181336 122056 7528.09 122056 -181336
15.94 248159 -147394 175014 -14068.8 175014 -147394
15.96 235055 -107766 226638 -30935.2 226638 -107766
15.98 212434 -66232.1 276778 -44106.2 276778 -66232.1
16 182575 -26443.9 323922 -54447.3 323922 -26443.9
16.02 148881 11102 365117 -62720.3 365117 11102
16.04 114884 49382.6 395697 -69825.3 395697 49382.6
16.06 82977.4 90481.2 410734 -76406.8 410734 90481.2
16.08 53664 131339 407577 -82738.5 407577 131339
16.1 25264.8 165208 385042 -88827.8 385042 165208
16.12 -4711.48 187008 344572 -93976.1 344572 187008
16.14 -37278.9 196630 293699 -96645.1 293699 196630
16.16 -71580.3 197882 241929 -95286.1 241929 197882
16.18 -105182 195151 193397 -89050.5 193397 195151
16.2 -134896 190009 145461 -77397.2 145461 190009
16.22 -157811 180393 93348.3 -59881.2 93348.3 180393
16.24 -171933 163196 34768.1 -37146.5 34768.1 163196
16.26 -176608 137037 -29342.3 -11356.2 -29342.3 137037
16.28 -172329 103039 -94868.8 14745.9 -94868.8 103039
16.3 -160339 63809.5 -155464 38956.6 -155464 63809.5
16.32 -142175 21840 -206328 60089.2 -206328 21840
16.34 -119369 -21264.6 -247374 77817.8 -247374 -21264.6
16.36 -93187.8 -64268.2 -280841 92389.6 -280841 -64268.2
16.38 -64636.1 -105241 -306507 104526 -306507 -105241
16.4 -34733.8 -141238 -321254 115334 -321254 -141238
16.42 -4735.27 -169272 -322606 125945 -322606 -169272
16.44 24364.4 -187860 -309555 136841 -309555 -187860
16.46 51706.1 -197681 -282899 147118 -282899 -197681
16.48 76053.8 -200880 -246451 154638 -246451 -200880
16.5 96431.3 -199703 -204682 157207 -204682 -199703
16.52 112223 -194882 -159201 153031 -159201 -194882
16.54 123165 -185297 -108957 140738 -108957 -185297
16.56 129469 -169111 -53776.1 120361 -53776.1 -169111
16.58 131606 -145111 4404.06 93898.5 4404.06 -145111
16.6 130158 -113262 63945.9 64201.4 63945.9 -113262
16.62 125542 -74801.3 123965 33811.5 123965 -74801.3
16.64 117900 -32405.7 182326 4768.24 182326 -32405.7
16.66 107224 10460.9 235629 -21430.3 235629 10460.9
16.68 93621.4 50863.9 281641 -44033.2 281641 50863.9
16.7 77442 87162.1 320108 -63024.1 320108 87162.1
16.72 59279.3 118657 350977 -78918.8 350977 118657
16.74 39945.6 145061 372940 -92594.5 372940 145061
16.76 20434.3 166272 383830 -104919 383830 166272
16.78 1700.15 182128 381472 -116165 381472 182128
16.8 -16158.8 192233 363913 -125604 363913 192233
16.82 -33046.9 196290 332901 -131659 332901 196290
16.84 -48804.2 194393 293274 -132678 293274 194393
16.86 -63392.5 186544 247638 -127290 247638 186544
16.88 -76306 172518 195404 -114437 195404 172518
16.9 -86921.1 152385 136699 -93994.8 136699 152385
16.92 -94509.3 126439 75102.6 -67080.8 75102.6 126439
16.94 -98469 94907 14792.9 -35659.9 14792.9 94907
16.96 -98241.5 58523.5 -42313.4 -2111.52 -42313.4 58523.5
16.98 -93232.2 19079.4 -96249.7 31166.2 -96249.7 19079.4
17 -82933.6 -21167.9 -147082 62161.7 -147082 -21167.9
17.02 -67411.2 -60177.1 -193941 89460.1 -193941 -60177.1
17.04 -47715.3 -96067.8 -235130 112251 -235130 -96067.8
17.06 -25774.5 -127129 -268719 130396 -268719 -127129
17.08 -3837.44 -152366 -293414 144490 -293414 -152366
17.1 16025.4 -171655 -309045 155509 -309045 -171655
17.12 32093.3 -185095 -315909 164089 -315909 -185095
17.14 43195.7 -192467 -313138 170084 -313138 -192467
17.16 49024.5 -193402 -298083 172606 -298083 -193402
17.18 50065.9 -187464 -269405 170223 -269405 -187464
17.2 47625.9 -174369 -229887 161469 -229887 -174369
17.22 43428.8 -154744 -184992 145846 -184992 -154744
17.24 38909.4 -129971 -139049 124219 -139049 -129971
17.26 34774.8 -100874 -93188.9 97945 -93188.9 -100874
17.28 30820 -67315.1 -46198.1 68302.3 -46198.1 -67315.1
17.3 26353.1 -29686.1 3484.62 36901.2 3484.62 -29686.1
17.32 20703.2 9733.39 55845 5884.73 55845 9733.39
17.34 13538.9 47447.7 108820 -22597.1 108820 47447.7
17.36 5021.8 80769.3 159601 -47014.1 159601 80769.3
17.38 -4106.71 109197 206196 -66658.6 206196 109197
17.4 -12688.1 133962 247292 -81544.6 247292 133962
17.42 -19599.7 156175 280882 -92200.6 280882 156175
17.44 -24246.2 175165 304089 -99350.1 304089 175165
17.46 -26779 188439 314949 -103556 314949 188439
17.48 -27895.6 193292 313945 -105055 313945 193292
17.5 -28560.5 188529 302516 -103695 302516 188529
17.52 -29148.7 174992 281384 -98828.5 281384 174992
17.54 -29106.4 155045 251333 -89793.3 251333 155045
17.56 -27763.9 130965 214059 -76612.9 214059 130965
17.58 -24641.1 103326 171659 -59694.7 171659 103326
17.6 -19508.1 71591.5 125938 -39329.4 125938 71591.5
17.62 -12247 36178.6 78827.2 -15967.3 78827.2 36178.6
17.64 -2634.02 -1009.72 32108.3 9342.51 32108.3 -1009.72
17.66 9439.29 -38004.6 -13884.2 34926.9 -13884.2 -38004.6
17.68 23549.4 -73855.7 -59965.5 58849.2 -59965.5 -73855.7
17.7 38527.2 -108379 -106055 79471.5 -106055 -108379
17.72 52749.1 -141407 -149924 95962 -149924 -141407
17.74 64725.4 -172190 -188065 108364 -188065 -172190
17.76 73583.4 -198912 -217322 117213 -217322 -198912
17.78 79158.6 -218734 -236052 123176 -236052 -218734
17.8 81717.9 -228821 -244549 126948 -244549 -228821
17.82 81534.1 -227704 -244292 129098 -244292 -227704
17.84 78695.9 -215241 -235554 129415 -235554 -215241
17.86 72933.1 -192654 -216832 126816 -216832 -192654
17.88 63702.3 -163300 -188047 120712 -188047 -163300
17.9 50844.4 -130791 -152107 111547 -152107 -130791
17.92 34784.2 -96280 -112669 99708.9 -112669 -96280
17.94 16393.5 -58766.1 -71755.8 85003.9 -71755.8 -58766.1
17.96 -3309.93 -17406 -29795.3 67260.6 -29795.3 -17406
17.98 -23572.6 27060.8 13385.2 46991.7 13385.2 27060.8
18 -43872.2 72498 58181.4 25507.9 58181.4 72498
18.02 -63546.6 116256 104376 4585.97 104376 116256
18.04 -81476.5 156368 150184 -14199.7 150184 156368
18.06 -96218.5 192193 192681 -30136 192681 192193
18.08 -106486 223604 229289 -43430.9 229289 223604
18.1 -111644 249515 258324 -54631 258324 249515
18.12 -111898 267570 278567 -64072.8 278567 267570
18.14 -108053 275322 289378 -71864.8 289378 275322
18.16 -100976 271326 291259 -78104.7 291259 271326
18.18 -91220.1 255274 284951 -82561.7 284951 255274
18.2 -79025.3 228979 270228 -84548.8 270228 228979
18.22 -64311 196407 247182 -83832.3 247182 196407
18.24 -47112.7 160672 217103 -80784.6 217103 160672
18.26 -27849.7 122102 181478 -75350 181478 122102
18.28 -7281.05 80256.9 141242 -66716.1 141242 80256.9
18.3 13559.1 36204.1 96933.3 -54084 96933.3 36204.1
18.32 33732.3 -8333.89 49089.1 -37492.3 49089.1 -8333.89
18.34 52456.5 -52483.1 -1696.1 -18002.4 -1696.1 -52483.1
18.36 68929.3 -95953 -54197.3 2761.93 -54197.3 -95953
18.38 82276.5 -138069 -105993 23380.1 -105993 -138069
18.4 91867.3 -177674 -154017 43134.6 -154017 -177674
18.42 97634.3 -213270 -195853 61871.9 -195853 -213270
18.44 100065 -242772 -230227 79542 -230227 -242772
18.46 99889.3 -263738 -256432 96004.2 -256432 -263738
18.48 97709.9 -274474 -273841 111151 -273841 -274474
18.5 93765.1 -274666 -282129 125087 -282129 -274666
18.52 87881.6 -264083 -281188 137897 -281188 -264083
18.54 79851.7 -242536 -270135 148603 -270135 -242536
18.56 69187.3 -212172 -248733 155410 -248733 -212172
18.58 55483.1 -177312 -218606 157632 -218606 -177312
18.6 38863.7 -140751 -181876 155586 -181876 -140751
18.62 19969.6 -102266 -139777 149061 -139777 -102266
18.64 171.56 -61193.3 -93023.8 137277 -93023.8 -61193.3
18.66 -18959.3 -18043.4 -43011.1 119870 -43011.1 -18043.4
18.68 -36227.3 26017.1 8588.69 97517.7 8588.69 26017.1
18.7 -51036.1 69411.4 60488.5 71836.2 60488.5 69411.4
18.72 -63058.1 109885 111540 44769.2 111540 109885
18.74 -71934 145319 160096 17823.2 160096 145319
18.76 -77260.7 174867 204139 -8277.64 204139 174867
18.78 -78761.3 198515 241897 -33219.3 241897 198515
18.8 -76439.3 215627 272201 -56563.6 272201 215627
18.82 -70614.6 224700 294483 -77734.2 294483 224700
18.84 -61762.2 224477 308615 -96399.8 308615 224477
18.86 -50223.3 214493 314371 -112193 314371 214493
18.88 -36298.5 195444 310333 -123989 310333 195444
18.9 -20435.4 169618 294429 -130467 294429 169618
18.92 -3287.88 139656 266729 -131212 266729 139656
18.94 13955.1 106643 230110 -126449 230110 106643
18.96 29850.3 70332.6 188104 -116108 188104 70332.6
18.98 43248 31240 143027 -99765 143027 31240
19 53670.1 -8588.46 96026.9 -77363.5 96026.9 -8588.46
19.02 61457.3 -46781.2 47761.1 -49743 47761.1 -46781.2
19.04 67266.5 -81846.5 -1596.7 -18602.4 -1596.7 -81846.5
19.06 71479.3 -113325 -51871.8 13973.9 -51871.8 -113325
19.08 74013.5 -141365 -101971 46158.7 -101971 -141365
19.1 74566.3 -166029 -149645 76733.6 -149645 -166029
19.12 72875.4 -186493 -192241 104875 -192241 -186493
19.14 68805.9 -200985 -227420 129755 -227420 -200985
19.16 62328.2 -207920 -253328 150551 -253328 -207920
19.18 53499.7 -206934 -268731 166827 -268731 -206934
19.2 42482.4 -198322 -273247 178430 -273247 -198322
19.22 29733.5 -182227 -266918 184898 -266918 -182227
19.24 16034 -159165 -250154 185590 -250154 -159165
19.26 2017.01 -130535 -225095 180399 -225095 -130535
19.28 -11880.2 -98103.2 -195014 169703 -195014 -98103.2
19.3 -25445.2 -63562.7 -162011 153761 -162011 -63562.7
19.32 -38637 -28614.2 -126191 132595 -126191 -28614.2
19.34 -51280.2 5466.37 -86777.8 106409 -86777.8 5466.37
19.36 -62997 38348.7 -43446.5 76004.4 -43446.5 38348.7
19.38 -73088.7 70045.8 3529.65 42911.6 3529.65 70045.8
19.4 -80579.9 99820.2 53043.6 9198.3 53043.6 99820.2
19.42 -84436.5 126202 102641 -23012.3 102641 126202
19.44 -83875.3 147892 148695 -52002.8 148695 147892
19.46 -78559.7 164015 187793 -76596.9 187793 164015
19.48 -68693.9 173677 218190 -96066.5 218190 173677
19.5 -55043.8 175957 239971 -110076 239971 175957
19.52 -38766.4 170280 254043 -118551 254043 170280
19.54 -21002.5 156629 261177 -121357 261177 156629
19.56 -2458.33 135957 261810 -118520 261810 135957
19.58 16425 110351 255667 -110719 255667 110351
19.6 35328.2 81999.5 241709 -98810.8 241709 81999.5
19.62 53900.1 52290.9 219433 -83192.8 219433 52290.9
19.64 71279.9 22168.8 189678 -63947.9 189678 22168.8
19.66 86242.5 -7513.39 154011 -41217.9 154011 -7513.39
19.68 97552 -36231.7 113782 -15504.7 113782 -36231.7
19.7 104248 -63792.1 70278.5 12115.8 70278.5 -63792.1
19.72 105841 -89679.8 25247.5 40071.6 25247.5 -89679.8
19.74 102318 -112661 -19375.9 66707.3 -19375.9 -112661
19.76 94149.4 -131298 -61912.5 90655.3 -61912.5 -131298
19.78 82216.1 -144589 -101040 110882 -101040 -144589
19.8 67600.8 -151916 -135803 126626 -135803 -151916
19.82 51286 -152740 -165734 137484 -165734 -152740
19.84 33924.6 -146628 -190614 143387 -190614 -146628
19.86 15747 -133594 -209819 144351 -209819 -133594
19.88 -3383.87 -114549 -222146 140600 -222146 -114549
19.9 -23703.2 -91277.1 -226327 132894 -226327 -91277.1
19.92 -45079 -65631.3 -221296 122151 -221296 -65631.3
19.94 -66810.2 -38900.5 -206505 108909 -206505 -38900.5
19.96 -87641.4 -11800.9 -182801 93470.1 -182801 -11800.9
19.98 -105817 15474.1 -152420 76259.5 -152420 15474.1
20 -119623 43092.8 -117736 57848.1 -117736 43092.8
20.02 -127929 70992.2 -80213.5 38862.9 -80213.5 70992.2
20.04 -130417 98287.1 -40806.6 19982.7 -40806.6 98287.1
20.06 -127595 123361 -688.692 1890.29 -688.692 123361
20.08 -120493 144462 39019.5 -14798 39019.5 144462
20.1 -110261 160110 77645.3 -29510.6 77645.3 160110
20.12 -97826 169181 114776 -41699.2 114776 169181
20.14 -83679.5 171015 149777 -50929.8 149777 171015
20.16 -67793.9 165538 181486 -56901.1 181486 165538
20.18 -49697 153179 208196 -59275.3 208196 153179
20.2 -28746.2 135061 228168 -57897.8 228168 135061
20.22 -4584.06 112988 240327 -53338.3 240327 112988
20.24 22462.7 88594.4 244351 -46695.8 244351 88594.4
20.26 51156.5 62667.8 240159 -38872.6 240159 62667.8
20.28 79524.2 35368.4 227738 -30289.7 227738 35368.4
20.3 105368 6646.05 207857 -21131.2 207857 6646.05
20.32 126664 -23563 182241 -11591.1 182241 -23563
20.34 142003 -54852.9 152443 -1848.46 152443 -54852.9
20.36 150805 -85694.5 118948 8018.72 118948 -85694.5
20.38 153216 -113657 81866 18029 81866 -113657
20.4 149890 -136638 42009.5 28201.8 42009.5 -136638
20.42 141598 -153689 756.634 38385.4 756.634 -153689
20.44 128951 -164669 -40630.2 48167.1 -40630.2 -164669
20.46 112390 -169648 -81125.9 57021.7 -81125.9 -169648
20.48 92364.4 -168813 -119546 64563.2 -119546 -168813
20.5 69415.7 -162399 -154375 70533.4 -154375 -162399
20.52 44119.5 -150579 -184007 74633.9 -184007 -150579
20.54 17073 -133911 -207170 76825.1 -207170 -133911
20.56 -10982.7 -113562 -223228 77696.2 -223228 -113562
20.58 -39078.6 -90629.5 -232189 78064.2 -232189 -90629.5
20.6 -66063.9 -65577.7 -234387 78371.5 -234387 -65577.7
20.62 -90691.8 -38493.7 -229639 78617 -229639 -38493.7
20.64 -112027 -9573.15 -217219 78552.5 -217219 -9573.15
20.66 -129496 20601.6 -196782 77824.1 -196782 20601.6
20.68 -142770 50868.7 -169301 76094.4 -169301 50868.7
20.7 -151705 79499.7 -136617 73091 -136617 79499.7
20.72 -156142 104732 -100292 68539.1 -100292 104732
20.74 -155963 125536 -61605.2 62172.9 -61605.2 125536
20.76 -151110 141750 -21689.1 53920.4 -21689.1 141750
20.78 -141592 153438 18555.8 44057.9 18555.8 153438
20.8 -127499 160399 58404.6 33128.7 58404.6 160399
20.82 -109117 162416 96924.1 21715.9 96924.1 162416
20.84 -86991.8 159520 132896 10297.3 132896 159520
20.86 -61879.1 151687 165222 -670.256 165222 151687
20.88 -34619.3 138693 193218 -10689.3 193218 138693
20.9 -6063.58 120537 216458 -19525.5 216458 120537
20.92 22994.2 97759.2 234412 -27361.2 234412 97759.2
20.94 51884.1 71326 246283 -34408.8 246283 71326
20.96 80018.5 42534.7 251152 -40591.1 251152 42534.7
20.98 106633 12997.1 248047 -45628 248047 12997.1
21 130720 -15734.4 236359 -49129.8 236359 -15734.4
21.02 151107 -42605.7 216903 -50570.5 216903 -42605.7
21.04 166460 -67005.3 191961 -49442.1 191961 -67005.3
21.06 175590 -88389.8 163801 -45445.8 163801 -88389.8
21.08 177761 -106181 133398 -38467.4 133398 -106181
21.1 172832 -119953 100824 -28546.4 100824 -119953
21.12 161235 -129480 66272.1 -15986.2 66272.1 -129480
21.14 143763 -134527 30387.1 -1409.64 30387.1 -134527
21.16 121388 -134664 -5834.26 14403.3 -5834.26 -134664
21.18 95180.5 -129246 -41184.1 30675.2 -41184.1 -129246
21.2 66195.6 -117640 -74440.8 46577 -74440.8 -117640
21.22 35325.3 -99798 -104676 61306.7 -104676 -99798
21.24 3203.14 -76691.4 -131285 74377.9 -131285 -76691.4
21.26 -29745.5 -50052.2 -153601 85615.4 -153601 -50052.2
21.28 -63077.4 -21733.6 -170646 94923.2 -170646 -21733.6
21.3 -96064 6841.71 -181401 102173 -181401 6841.71
21.32 -127575 34987.7 -185316 107182 -185316 34987.7
21.34 -156150 62556 -182468 109712 -182468 62556
21.36 -180327 89259.7 -173483 109473 -173483 89259.7
21.38 -198956 114185 -159535 106184 -159535 114185
21.4 -211261 136006 -141933 99708.8 -141933 136006
21.42 -216869 153595 -121410 90120.3 -121410 153595
21.44 -215740 166349 -97937.7 77664.5 -97937.7 166349
21.46 -208064 174047 -71484.5 62766.7 -71484.5 174047
21.48 -194227 176467 -42716.2 46056.5 -42716.2 176467
21.5 -174721 172959 -12746.9 28342.6 -12746.9 172959
21.52 -150040 162424 17341.6 10712.4 17341.6 162424
21.54 -120601 144352 46601.4 -5563.72 46601.4 144352
21.56 -86799.2 119957 74144.2 -19611.4 74144.2 119957
21.58 -49147.4 91795.2 99085.6 -31175.3 99085.6 91795.2
21.6 -8527.98 62288.2 120530 -40246.9 120530 62288.2
21.62 33569.7 32576.4 137692 -46781.9 137692 32576.4
21.64 75079.8 2356.87 150121 -50705.2 150121 2356.87
21.66 113775 -29279.3 157808 -51988.1 157808 -29279.3
21.68 147833 -62417.2 161029 -50672.7 161029 -62417.2
21.7 176175 -95434.2 160034 -46858.6 160034 -95434.2
21.72 198440 -125564 154887 -40631.8 154887 -125564
21.74 214633 -150442 145530 -32013.8 145530 -150442
21.76 224717 -169188 131963 -21060.6 131963 -169188
21.78 228503 -182177 114584 -8030.18 114584 -182177
21.8 225807 -190018 94592.1 6549.28 94592.1 -190018
21.82 216716 -192753 73937.9 21980.9 73937.9 -192753
21.84 201706 -189663 54473.7 37528.7 54473.7 -189663
21.86 181524 -179692 37096.4 52232.9 37096.4 -179692
21.88 156993 -162625 21656.1 64933.2 21656.1 -162625
21.9 128887 -139867 7441.19 74933 7441.19 -139867
21.92 97920.5 -113631 -6035.51 82197.9 -6035.51 -113631
21.94 64829.8 -85505.6 -18431.9 86839.8 -18431.9 -85505.6
21.96 30500.7 -55868.5 -28699.5 88811.2 -28699.5 -55868.5
21.98 -4016.6 -24276.5 -35749.3 88022.7 -35749.3 -24276.5
22 -37663 9585.27 -38993.4 84529.1 -38993.4 9585.27
22.02 -69542.1 44812.2 -38440.9 78586.8 -38440.9 44812.2
22.04 -98927.5 78967.1 -34540.7 70605.4 -34540.7 78967.1
22.06 -125087 109136 -27973.2 61023.6 -27973.2 109136
22.08 -147098 133540 -19503.2 50188.9 -19503.2 133540
22.1 -163842 152190 -9934.81 38363.7 -9934.81 152190
22.12 -174269 166161 -178.027 25869 -178.027 166161
22.14 -177821 176295 8769.52 13189.5 8769.52 176295
22.16 -174729 182268 16224.2 907.131 16224.2 182268
22.18 -165901 182457 22362.2 -10448.9 22362.2 182457
22.2 -152436 174643 28122.8 -20265.8 28122.8 174643
22.22 -135078 157680 34296.7 -27641 34296.7 157680
22.24 -113976 132883 40726.4 -31895.4 40726.4 132883
22.26 -88874.7 103251 46247 -33098.5 46247 103251
22.28 -59608.3 71309.5 49270.4 -31653.8 49270.4 71309.5
22.3 -26646.1 38154.9 48716.9 -27773.1 48716.9 38154.9
22.32 8665.93 4170.04 44627.3 -21541.4 44627.3 4170.04
22.34 44354.7 -30171.7 37982.4 -13200.4 37982.4 -30171.7
22.36 78342.9 -64097.1 30079.2 -3270.75 30079.2 -64097.1
22.38 108859 -96671.9 22031.8 7523.98 22031.8 -96671.9
22.4 134604 -127053 14482.8 18486.9 14482.8 -127053
22.42 154801 -154609 7468.95 29207.5 7468.95 -154609
22.44 169217 -178624 594.978 39598.8 594.978 -178624
22.46 178104 -197911 -6506.67 49626.9 -6506.67 -197911
22.48 182003 -210932 -13812.3 59023.1 -13812.3 -210932
22.5 181428 -216388 -20825.8 67296.2 -20825.8 -216388
22.52 176604 -213531 -26639.1 73982.9 -26639.1 -213531
22.54 167386 -201991 -30063.7 78593.1 -30063.7 -201991
22.56 153452 -182390 -30101.7 80532.4 -30101.7 -182390
22.58 134652 -157078 -26626.4 79591.1 -26626.4 -157078
22.6 111275 -129001 -20440.5 76141.5 -20440.5 -129001
22.62 84160.1 -100001 -12582.6 70713 -12582.6 -100001
22.64 54722.1 -70574 -3548.87 63688.8 -3548.87 -70574
22.66 24812.6 -40468.2 7013.52 55322.6 7013.52 -40468.2
22.68 -3672.82 -8959.72 19775.4 45883.2 19775.4 -8959.72
22.7 -29264.3 24517.4 34655.9 35780.3 34655.9 24517.4
22.72 -51185 59232.9 50389.2 25565.5 50389.2 59232.9
22.74 -69340.3 92824.6 65368.7 15744.9 65368.7 92824.6
22.76 -84103.8 122362 78753.3 6582.84 78753.3 122362
22.78 -95954.7 145600 90581.3 -1870.58 90581.3 145600
22.8 -105077 161358 101067 -9580.94 101067 161358
22.82 -111135 169377 109987 -16389 109987 169377
22.84 -113375 170194 116510 -22003.1 116510 170194
22.86 -110964 164727 119359 -25992.1 119359 164727
22.88 -103378 153716 117288 -27791.6 117288 153716
22.9 -90685.7 137988 109883 -27082.5 109883 137988
22.92 -73650.5 118640 98032.1 -24154.5 98032.1 118640
22.94 -53601.9 96271.4 83362.4 -19518.4 83362.4 96271.4
22.96 -32119.4 70682.9 67211 -13408.6 67211 70682.9
22.98 -10679.1 41677.9 50060.8 -5877.14 50060.8 41677.9
23 9649.16 9780.06 31583.8 2913.76 31583.8 9780.06
23.02 28341.6 -23824.7 11158.4 12603 11158.4 -23824.7
23.04 45296.8 -57448.5 -11358.3 22699.2 -11358.3 -57448.5
23.06 60508.4 -88889.7 -35181.3 32708.7 -35181.3 -88889.7
23.08 73762.9 -115797 -58928.7 42295.3 -58928.7 -115797
23.1 84530.4 -136559 -81306.3 51317.7 -81306.3 -136559
23.12 92038.6 -150888 -101398 59655.2 -101398 -150888
23.14 95447.9 -159498 -118529 67054.8 -118529 -159498
23.16 94089.5 -163289 -132151 73219.2 -132151 -163289
23.18 87726.3 -162760 -141774 77977.5 -141774 -162760
23.2 76725 -157693 -146771 81189.1 -146771 -157693
23.22 62015.6 -147420 -146392 82574.2 -146392 -147420
23.24 44911.3 -131670 -140301 81976.2 -140301 -131670
23.26 26810.8 -110972 -129170 79623.7 -129170 -110972
23.28 8874.08 -86227.6 -114448 75856 -114448 -86227.6
23.3 -8097.4 -58305.7 -97299.9 70811.7 -97299.9 -58305.7
23.32 -23703.5 -28116.5 -77870.4 64491.5 -77870.4 -28116.5
23.34 -37901.3 3223.08 -55373.3 56944.8 -55373.3 3223.08
23.36 -50813.7 34367.7 -28804.2 48357.7 -28804.2 34367.7
23.38 -62441.9 63770.5 2058.57 39057.9 2058.57 63770.5
23.4 -72384.7 89862.9 36052.7 29445.6 36052.7 89862.9
23.42 -79794.9 111508 70849.8 19853.7 70849.8 111508
23.44 -83627 128374 103795 10475.4 103795 128374
23.46 -83036.4 140720 132811 1453.67 132811 140720
23.48 -77708.5 148813 157002 -7006.86 157002 148813
23.5 -67970.8 152602 176678 -14664 176678 152602
23.52 -54662.2 151789 192649 -21338.5 192649 151789
23.54 -38833 145841 205279 -26855 205279 145841
23.56 -21416.8 134162 214114 -30920.6 214114 134162
23.58 -3070.09 116668 218299 -33332.7 218299 116668
23.6 15763.8 94085.4 216966 -34168 216966 94085.4
23.62 34790.1 67599.2 209364 -33513.2 209364 67599.2
23.64 53750 38595.7 195245 -31255.3 195245 38595.7
23.66 72157.7 8729.71 175124 -27274.7 175124 8729.71
23.68 89220.3 -20340.7 149941 -21632.1 149941 -20340.7
23.7 103900 -47466.5 120634 -14538.7 120634 -47466.5
23.72 115043 -72086.7 88277.4 -6277.79 88277.4 -72086.7
23.74 121615 -93872.8 54342.5 2852.5 54342.5 -93872.8
23.76 122936 -112547 20442.4 12608.1 20442.4 -112547
23.78 118896 -127882 -12094.2 22811.3 -12094.2 -127882
23.8 110002 -139528 -42484.8 33278.6 -42484.8 -139528
23.82 97232.1 -146825 -70634.8 43780.4 -70634.8 -146825
23.84 81736.3 -149017 -96970.3 54075.4 -96970.3 -149017
23.86 64503.7 -145590 -121713 63893.7 -121713 -145590
23.88 46100.2 -136313 -144093 72788 -144093 -136313
23.9 26620.1 -121342 -162279 80190.9 -162279 -121342
23.92 5920.53 -101453 -174008 85761.2 -174008 -101453
23.94 -16010.5 -77895.1 -177387 89433.7 -177387 -77895.1
23.96 -38671.8 -52060.4 -171522 91181.4 -171522 -52060.4
23.98 -60959.3 -25371.4 -157122 90905.3 -157122 -25371.4
24 -81374.9 812.423 -136693 88533.6 -136693 812.423
24.02 -98289.9 25596.8 -113247 84175.6 -113247 25596.8
24.04 -110399 48927.3 -88468.1 78060.2 -88468.1 48927.3
24.06 -117074 71303.9 -62234.1 70365.6 -62234.1 71303.9
24.08 -118446 92956.1 -33658.4 61168.4 -33658.4 92956.1
24.1 -115287 113206 -2352.87 50512.2 -2352.87 113206
24.12 -108659 130426 31050.3 38546.4 31050.3 130426
24.14 -99533.6 142612 65041 25627.4 65041 142612
24.16 -88508.5 148385 97788.6 12277.8 97788.6 148385
24.18 -75736.3 147816 127706 -944.636 127706 147816
24.2 -61059.5 142195 153672 -13488.5 153672 142195
24.22 -44271.9 132838 174848 -24703.4 174848 132838
24.24 -25400.5 120268 190401 -33941.6 190401 120268
24.26 -4890.02 104412 199439 -40893.9 199439 104412
24.28 16414 85273.8 201242 -45594.7 201242 85273.8
24.3 37361.1 63480.9 195500 -48117.3 195500 63480.9
24.32 56676.2 40229.2 182643 -48395.6 182643 40229.2
24.34 73175.7 16649.7 164164 -46310.9 164164 16649.7
24.36 85857.9 -6770.72 141965 -41835.3 141965 -6770.72
24.38 94136.4 -30083.8 117244 -34978.2 117244 -30083.8
24.4 98052.1 -53208.2 90172.1 -25738.1 90172.1 -53208.2
24.42 98242.2 -75355.8 60516.6 -14216.4 60516.6 -75355.8
24.44 95662.1 -95013.4 28401.4 -719.449 28401.4 -95013.4
24.46 91106.8 -110471 -5475.51 14241 -5475.51 -110471
24.48 84869 -120666 -39857.5 29994.2 -39857.5 -120666
24.5 76732.3 -125795 -72954.7 45782.9 -72954.7 -125795
24.52 66274.7 -127002 -102600 60876.2 -102600 -127002
24.54 53271.4 -125250 -126682 74654.5 -126682 -125250
24.56 37999.6 -120512 -143644 86563.5 -143644 -120512
24.58 21308.1 -112121 -152782 96053.9 -152782 -112121
24.6 4438.72 -99745.9 -154325 102752 -154325 -99745.9
24.62 -11276.3 -83830.2 -149164 106634 -149164 -83830.2
24.64 -24742.9 -65260 -138327 107823 -138327 -65260
24.66 -35359.7 -44912.9 -122642 106337 -122642 -44912.9
24.68 -42952.7 -23460.1 -102353 102090 -102353 -23460.1
24.7 -47679.1 -1422.09 -77165.4 94981.9 -77165.4 -1422.09
24.72 -49940.4 20564.1 -46880.2 84976.8 -46880.2 20564.1
24.74 -50173.2 41565.7 -11927.4 72231.1 -11927.4 41565.7
24.76 -48665.6 60577.7 26468 57146.7 26468 60577.7
24.78 -45433 76917.4 66460 40311.1 66460 76917.4
24.8 -40275.7 90353.3 105841 22417.4 105841 90353.3
24.82 -32979.7 100934 142486 4243.54 142486 100934
24.84 -23559.3 108759 174818 -13363.5 174818 108759
24.86 -12399.2 113788 201870 -29578.5 201870 113788
24.88 -226.77 115708 222982 -43735.2 222982 115708
24.9 12059.9 113982 237677 -55391.2 237677 113982
24.92 23617.2 108131 245802 -64230.3 245802 108131
24.94 33837.9 98093 247477 -69953.3 247477 98093
24.96 42339.9 84421 242534 -72376.6 242534 84421
24.98 49033.9 68099.1 230399 -71484 230399 68099.1
25 54099 50181 210706 -67303.7 210706 50181
25.02 57610 31585.8 183504 -59885.5 183504 31585.8
25.04 59384 12998.6 149242 -49330 149242 12998.6
25.06 59001.3 -5199.02 109014 -35824.9 109014 -5199.02
25.08 55949.5 -22814.7 64751.9 -19743.8 64751.9 -22814.7
25.1 49879.1 -39597.2 18770.5 -1696.05 18770.5 -39597.2
25.12 40764.3 -55092.2 -27115.3 17536.2 -27115.3 -55092.2
25.14 28973.3 -68731.1 -71819.2 37114.9 -71819.2 -68731.1
25.16 15208.7 -80016.3 -114576 56238.3 -114576 -80016.3
25.18 345.753 -88565.5 -154563 74188.8 -154563 -88565.5
25.2 -14756.7 -94008.8 -190801 90355.7 -190801 -94008.8
25.22 -29389.5 -95938 -222167 104245 -222167 -95938
25.24 -43057.9 -94034.4 -247479 115481 -247479 -94034.4
25.26 -55498.2 -88293.4 -265653 123769 -265653 -88293.4
25.28 -66635.4 -79229.1 -275742 128873 -275742 -79229.1
25.3 -76430.1 -67867.3 -276808 130705 -276808 -67867.3
25.32 -84496.9 -55288.6 -267380 129361 -267380 -55288.6
25.34 -90245.1 -42046 -246569 124916 -246569 -42046
25.36 -92839.1 -28168.3 -215548 117421 -215548 -28168.3
25.38 -91285.8 -13689.5 -177215 107142 -177215 -13689.5
25.4 -84929.7 1043.61 -134208 94412.3 -134208 1043.61
25.42 -73674.2 15457.1 -87773.8 79444.9 -87773.8 15457.1
25.44 -58143.8 28930 -38763 62494.5 -38763 28930
25.46 -39451.5 40940.4 11894.4 44030.4 11894.4 40940.4
25.48 -18866.9 51125.4 63370.8 24714.4 63370.8 51125.4
25.5 2431.36 59243.3 114762 5313.88 114762 59243.3
25.52 23433 65072.2 164538 -13363.8 164538 65072.2
25.54 43350.3 68327.5 210676 -30557.6 210676 68327.5
25.56 61684 68690.3 251327 -45626.7 251327 68690.3
25.58 78225.4 65998.7 285014 -58068.2 285014 65998.7
25.6 92943.6 60491.4 310316 -67536.5 310316 60491.4
25.62 105810 52861.1 325902 -73915.7 325902 52861.1
25.64 116636 43973.6 331057 -77353.6 331057 43973.6
25.66 124843 34412.5 325458 -78121.5 325458 34412.5
25.68 129496 24266.5 308640 -76358.3 308640 24266.5
25.7 129809 13355.3 281313 -72014.8 281313 13355.3
25.72 125194 1642.15 246010 -65031.4 246010 1642.15
25.74 115456 -10530.4 205417 -55385.7 205417 -10530.4
25.76 101027 -22501.9 160734 -43028.8 160734 -22501.9
25.78 82820.9 -33553.6 112143 -27966.6 112143 -33553.6
25.8 62076.5 -43205 60220 -10442 60220 -43205
25.82 39986 -51349.5 6037.38 8955.15 6037.38 -51349.5
25.84 17479.4 -58153.3 -49045 29314.1 -49045 -58153.3
25.86 -4758.67 -63797.5 -103098 49561 -103098 -63797.5
25.88 -26130.6 -68185 -153603 68684.2 -153603 -68185
25.9 -46055.5 -70827.7 -198342 85886.7 -198342 -70827.7
25.92 -64007 -71052.5 -236109 100599 -236109 -71052.5
25.94 -79591.9 -68386.9 -266331 112470 -266331 -68386.9
25.96 -92613.8 -62844.4 -288400 121404 -288400 -62844.4
25.98 -103082 -54964.3 -301678 127556 -301678 -54964.3
26 -111121 -45622.7 -305738 131174 -305738 -45622.7
26.02 -116591 -35653.9 -299583 132395 -299583 -35653.9
26.04 -119083 -25467 -281644 131108 -281644 -25467
26.06 -118179 -15005.2 -252066 127036 -252066 -15005.2
26.08 -113269 -4150.19 -213708 119931 -213708 -4150.19
26.1 -103849 6878.95 -170207 109637 -170207 6878.95
26.12 -89879.8 17623.7 -123688 96103.1 -123688 17623.7
26.14 -71902.2 27794.3 -74885.4 79506 -74885.4 27794.3
26.16 -51040.7 37408.4 -24336.6 60371.3 -24336.6 37408.4
26.18 -28656.9 46513 27353.9 39557.7 27353.9 46513
26.2 -6063.33 54859.2 79153.8 18154.5 79153.8 54859.2
26.22 15594 61813.7 129088 -2684.76 129088 61813.7
26.24 35365.4 66540.1 174712 -21949.7 174712 66540.1
26.26 52587.4 68416.4 214384 -38899.4 214384 68416.4
26.28 66959.3 67488.1 247535 -53045.7 247535 67488.1
26.3 78515.5 64516.1 273645 -64118.5 273645 64516.1
26.32 87482.9 60447.1 291458 -72086.1 291458 60447.1
26.34 94062.1 55762.2 299412 -77111.3 299412 55762.2
26.36 98122.5 50287.9 296223 -79377.6 296223 50287.9
26.38 99070.4 43560.1 280958 -78884.1 280958 43560.1
26.4 96348.4 35370.5 254408 -75434.7 254408 35370.5
26.42 89572.3 26042.9 219682 -68855.7 219682 26042.9
26.44 78677.9 16224.3 180372 -59077.2 180372 16224.3
26.46 64148.4 6416.59 138446 -46043.6 138446 6416.59
26.48 46892.1 -3249.72 94187.4 -29765.3 94187.4 -3249.72
26.5 28162.4 -12806.7 47701.2 -10528.7 47701.2 -12806.7
26.52 9235.32 -22127.9 -489.982 10945.6 -489.982 -22127.9
26.54 -8868.72 -30859.5 -49393.2 33522.6 -49393.2 -30859.5
26.56 -25527.9 -38609.7 -97405.1 55853.6 -97405.1 -38609.7
26.58 -40468.8 -45155.2 -142371 76665.7 -142371 -45155.2
26.6 -53636.1 -50474.7 -182221 94968.7 -182221 -50474.7
26.62 -65025.6 -54581.1 -215461 110089 -215461 -54581.1
26.64 -74546 -57269.4 -240992 121638 -240992 -57269.4
26.66 -81974.7 -58021.4 -257805 129534 -257805 -58021.4
26.68 -87018.6 -56252.5 -265088 133989 -265088 -56252.5
26.7 -89362.7 -51787.1 -262316 135335 -262316 -51787.1
26.72 -88590.4 -45152 -248889 133773 -248889 -45152
26.74 -84519.4 -37364.2 -225225 129318 -225225 -37364.2
26.76 -77121 -29363.3 -193413 121934 -193413 -29363.3
26.78 -66398.5 -21595.3 -155895 111551 -155895 -21595.3
26.8 -52567.5 -14041 -114044 98025.9 -114044 -14041
26.82 -36041.2 -6479.18 -68241.6 81304.7 -68241.6 -6479.18
26.84 -17517.8 1314.98 -19128.9 61674.9 -19128.9 1314.98
26.86 2172.4 9467.59 32100 39906.3 32100 9467.59
26.88 22208.3 17929.8 83875.9 17175.1 83875.9 17929.8
26.9 41822.1 26424.9 134235 -5171.89 134235 26424.9
26.92 60229.9 34417.6 180881 -25893.5 180881 34417.6
26.94 76625.4 41152 221819 -44027.8 221819 41152
26.96 90278.2 45861.2 255900 -58922.1 255900 45861.2
26.98 100676 48092.5 282579 -70224.7 282579 48092.5
27 107620 47879.5 301332 -77915.6 301332 47879.5
27.02 111235 45624.2 311513 -82273.7 311513 45624.2
27.04 111840 41861.8 312583 -83671.3 312583 41861.8
27.06 109568 37111.8 303653 -82311.7 303653 37111.8
27.08 104599 31809.2 284155 -78144.8 284155 31809.2
27.1 97035 26211.6 255038 -71038.3 255038 26211.6
27.12 86793 20316.7 218853 -60929 218853 20316.7
27.14 73897.6 13866.3 177996 -47774.8 177996 13866.3
27.16 58500.4 6471.31 133483 -31572.3 133483 6471.31
27.18 41121.4 -2116.6 86252 -12566.3 86252 -2116.6
27.2 22614.6 -11677.9 37803.9 8569.78 37803.9 -11677.9
27.22 3989.36 -21422.6 -10363.9 30734 -10363.9 -21422.6
27.24 -13821.3 -30349.2 -57057.2 52573.4 -57057.2 -30349.2
27.26 -30062.8 -37811.7 -100949 72780.1 -100949 -37811.7
27.28 -44217.1 -43698.7 -140592 90354.8 -140592 -43698.7
27.3 -56030.9 -48086.3 -174941 104672 -174941 -48086.3
27.32 -65474.3 -50896.6 -203344 115390 -203344 -50896.6
27.34 -72635 -51965.6 -224963 122411 -224963 -51965.6
27.36 -77633.5 -51284.2 -238617 125926 -238617 -51284.2
27.38 -80575.3 -49036.3 -243350 126355 -243350 -49036.3
27.4 -81396.6 -45458.2 -238618 124100 -238618 -45458.2
27.42 -79819.5 -40735.9 -224075 119335 -224075 -40735.9
27.44 -75578 -34975.6 -200289 112063 -200289 -34975.6
27.46 -68395.1 -28218.9 -169129 102288 -169129 -28218.9
27.48 -58148.4 -20550.9 -132883 90032.3 -132883 -20550.9
27.5 -45078.6 -12241.4 -93177.9 75335.3 -93177.9 -12241.4
27.52 -29762.3 -3713.33 -51024.7 58387.9 -51024.7 -3713.33
27.54 -13072.7 4666.86 -7476.8 39676.8 -7476.8 4666.86
27.56 4040.08 12709 36403.5 20025 36403.5 12709
27.58 20728.8 20307 79663.5 514.051 79663.5 20307
27.6 36326.1 27314.9 121211 -17700.5 121211 27314.9
27.62 50325.6 33527.7 159615 -33617.3 159615 33527.7
27.64 62370.3 38690.4 193386 -46531.7 193386 38690.4
27.66 72246 42489.6 221289 -56046.5 221289 42489.6
27.68 79845.1 44610.8 242307 -62051.4 242307 44610.8
27.7 85112.7 44854.6 255543 -64728.2 255543 44854.6
27.72 88014.7 43191.3 260397 -64491.3 260397 43191.3
27.74 88471.5 39753.1 256591 -61789.8 256591 39753.1
27.76 86345.6 34856.3 243977 -56919 243977 34856.3
27.78 81628.9 28988.5 223092 -50035.1 223092 28988.5
27.8 74364.4 22620.5 195513 -41243.3 195513 22620.5
27.82 64650.2 15991 163120 -30569.6 163120 15991
27.84 52751.8 9129.45 127244 -17966.3 127244 9129.45
27.86 39092.7 2041.1 88737.3 -3468.18 88737.3 2041.1
27.88 24294.3 -5213.57 48558.8 12625.9 48558.8 -5213.57
27.9 9062.56 -12554.8 7764.76 29675.1 7764.76 -12554.8
27.92 -5935.28 -19865.4 -32623.9 46754.4 -32623.9 -19865.4
27.94 -20142.6 -26926.1 -71466.4 62833.2 -71466.4 -26926.1
27.96 -33099.1 -33419.5 -107374 76996 -107374 -33419.5
27.98 -44423.1 -38980 -138964 88574.7 -138964 -38980
28 -53813.8 -43218.6 -165146 97163.7 -165146 -43218.6
28.02 -61061.1 -45780 -185081 102624 -185081 -45780
28.04 -66046.4 -46470.5 -198076 105111 -198076 -46470.5
28.06 -68734.5 -45347.7 -203676 105027 -203676 -45347.7
28.08 -69129.2 -42662.5 -201727 102819 -201727 -42662.5
28.1 -67191.3 -38737.8 -192082 98781 -192082 -38737.8
28.12 -62970.5 -33907.2 -174959 93048.2 -174959 -33907.2
28.14 -56556.2 -28469.8 -151378 85685.3 -151378 -28469.8
28.16 -48049.6 -22619.7 -122807 76692 -122807 -22619.7
28.18 -37660.8 -16432.2 -90507.6 66012.6 -90507.6 -16432.2
28.2 -25697 -9928.09 -55403.8 53658.1 -55403.8 -9928.09
28.22 -12614.4 -3141.02 -18511.2 39854 -18511.2 -3141.02
28.24 1037.83 3841.45 19040.4 25108 19040.4 3841.45
28.26 14688.9 10832.5 56161.5 10179.3 56161.5 10832.5
28.28 27806.2 17527.1 91761.1 -4047.02 91761.1 17527.1
28.3 39910.1 23558.7 124632 -16744.5 124632 23558.7
28.32 50591.5 28586.5 153603 -27291.4 153603 28586.5
28.34 59535.4 32339.2 177755 -35309.5 177755 32339.2
28.36 66530.1 34627.5 196397 -40653.3 196397 34627.5
28.38 71452.7 35384.7 208886 -43413.9 208886 35384.7
28.4 74240.5 34698.2 214612 -43890 214612 34698.2
28.42 74845.7 32755.3 213165 -42454.6 213165 32755.3
28.44 73154.9 29749.4 204279 -39384.5 204279 29749.4
28.46 69103.8 25855.7 188168 -34814.5 188168 25855.7
28.48 62678.4 21248.5 165806 -28795.1 165806 21248.5
28.5 53927.1 16088.6 138532 -21308.5 138532 16088.6
28.52 43069.7 10510.3 107478 -12281.4 107478 10510.3
28.54 30482.9 4641.72 73470.1 -1681.37 73470.1 4641.72
28.56 16702.7 -1378.49 37410.7 10358 37410.7 -1378.49
28.58 2335.14 -7402.14 350.582 23465.2 350.582 -7402.14
28.6 -12029.2 -13259.6 -36618.7 37039.3 -36618.7 -13259.6
28.62 -25860.1 -18752.7 -72223.4 50337.5 -72223.4 -18752.7
28.64 -38660.9 -23687 -104712 62622.8 -104712 -23687
