0.02 -2.23908 0.145082 -20.9145 -0.0231133 -20.9145 0.145082
0.04 -15.1923 3.76465 -109.301 -0.257127 -109.301 3.76465
0.06 -49.2428 20.4041 -249.975 -0.684454 -249.975 20.4041
0.08 -99.9091 72.9151 -353.741 -1.03539 -353.741 72.9151
0.1 -128.704 209.364 -399.882 -0.332149 -399.882 209.364
0.12 -62.0121 461.763 -442.53 7.85894 -442.53 461.763
0.14 175.892 790.544 -495.421 31.5482 -495.421 790.544
0.16 616.259 1134.75 -541.096 63.4483 -541.096 1134.75
0.18 1225.51 1469.53 -576.378 83.0618 -576.378 1469.53
0.2 1933.33 1802.89 -608.362 78.5783 -608.362 1802.89
0.22 2691.67 2179.97 -670.989 62.3029 -670.989 2179.97
0.24 3500.06 2603.54 -809.567 81.2809 -809.567 2603.54
0.26 4362.41 2958.83 -1010.79 201.803 -1010.79 2958.83
0.28 5234.7 3176.13 -1196.77 457.65 -1196.77 3176.13
0.3 6040.65 3372.06 -1293.53 832.159 -1293.53 3372.06
0.32 6745.55 3668.31 -1273.11 1291.87 -1273.11 3668.31
0.34 7401.48 4027.44 -1155.01 1792.26 -1155.01 4027.44
0.36 8106.83 4388.34 -995.832 2259.64 -995.832 4388.34
0.38 8926.27 4783.33 -855.875 2621.1 -855.875 4783.33
0.4 9853.9 5226.99 -773.35 2843.33 -773.35 5226.99
0.42 10821.7 5623.09 -772.461 2914.32 -772.461 5623.09
0.44 11710.9 5858.92 -830.522 2825.01 -830.522 5858.92
0.46 12387.2 5945.64 -830.017 2608.01 -830.017 5945.64
0.48 12794.3 6025.1 -671.947 2368.15 -671.947 6025.1
0.5 13024.9 6207.11 -447.485 2241.17 -447.485 6207.11
0.52 13247.4 6407.56 -342.465 2314.94 -342.465 6407.56
0.54 13503.1 6363.26 -402.348 2578.31 -402.348 6363.26
0.56 13555.9 5833.79 -529.121 2915.83 -529.121 5833.79
0.58 13004.5 4919.79 -625.676 3148.61 -625.676 4919.79
0.6 11623.4 4060.72 -671.894 3150.19 -671.894 4060.72
0.62 9593.98 3459.67 -757.654 2959.61 -757.654 3459.67
0.64 7340.18 2773.09 -1031.51 2711.18 -1031.51 2773.09
0.66 5111.76 1690.83 -1534.52 2439.33 -1534.52 1690.83
0.68 2767.01 462.34 -2123.66 2037.38 -2123.66 462.34
0.7 -4.90879 -488.32 -2599.82 1386.8 -2599.82 -488.32
0.72 -3282.91 -1092.97 -2884.81 432.859 -2884.81 -1092.97
0.74 -6787.86 -1562.1 -3080.52 -800.212 -3080.52 -1562.1
0.76 -10120.6 -2071.29 -3382.69 -2164.15 -3382.69 -2071.29
0.78 -13051.9 -2673.41 -3930.06 -3424.04 -3930.06 -2673.41
0.8 -15619.8 -3400.23 -4683.63 -4427.94 -4683.63 -3400.23
0.82 -18025.4 -4225.12 -5387.6 -5202.47 -5387.6 -4225.12
0.84 -20402.5 -4915.83 -5723.76 -5820.86 -5723.76 -4915.83
0.86 -22595.6 -5186.69 -5654.02 -6210.98 -5654.02 -5186.69
0.88 -24158.1 -5065.72 -5516.53 -6170.18 -5516.53 -5065.72
0.9 -24670 -4937.9 -5646.5 -5573.35 -5646.5 -4937.9
0.92 -24140.1 -5159.98 -6023.79 -4529.3 -6023.79 -5159.98
0.94 -23067 -5672.69 -6359.09 -3347.27 -6359.09 -5672.69
0.96 -22019.4 -6019.2 -6363.9 -2355.53 -6363.9 -6019.2
0.98 -21128.8 -5857.39 -5896.51 -1678.26 -5896.51 -5857.39
1 -19981.1 -5634.36 -4127.53 -1135.38 -4127.53 -5634.36
1.02 -18018.6 -6118.99 -364.261 -472.925 -364.261 -6118.99
1.04 -15155.6 -6761.81 2062.49 305.974 2062.49 -6761.81
1.06 -11970.8 -6505.7 67.8924 1061.39 67.8924 -6505.7
1.08 -9224.23 -5784.05 -2194.94 1648.48 -2194.94 -5784.05
1.1 -7282.89 -4998.78 -1319.17 1740.95 -1319.17 -4998.78
1.12 -5920.43 -3808.26 429.868 1265.66 429.868 -3808.26
1.14 -4502.23 -2812.15 2399.07 831.551 2399.07 -2812.15
1.16 -2542.03 -2363.32 3657.62 984.229 3657.62 -2363.32
1.18 -218.428 -2092.32 1859.77 1613.29 1859.77 -2092.32
1.2 1768.34 -2582.53 773.778 2158.38 773.778 -2582.53
1.22 2876.52 -3471.78 4066.69 1777.43 4066.69 -3471.78
1.24 3252.24 -2730.58 6952.3 61.5851 6952.3 -2730.58
1.26 3587.5 -511.902 5247.8 -2146.89 5247.8 -511.902
1.28 4330.06 765.969 1356.48 -3590.32 1356.48 765.969
1.3 4988.96 216.274 -1816.93 -3949.07 -1816.93 216.274
1.32 4448.1 -1055.77 -3330.46 -3760.27 -3330.46 -1055.77
1.34 2150.1 -1749.55 -2743.56 -3670.98 -2743.56 -1749.55
1.36 -1190.35 -1702.58 -76.6186 -3973.26 -76.6186 -1702.58
1.38 -4270.29 -2258.79 3732.47 -4408.35 3732.47 -2258.79
1.4 -6530.27 -3708.37 4282.09 -4526.42 4282.09 -3708.37
1.42 -8581.58 -4608.83 -1247.84 -4145.47 -1247.84 -4608.83
1.44 -11348.8 -4928.89 -6328.92 -3569.23 -6328.92 -4928.89
1.46 -15024.6 -5134.7 -5639.12 -3657.68 -5639.12 -5134.7
1.48 -18861.7 -4423.08 -3768.24 -4805.47 -3768.24 -4423.08
1.5 -21885.4 -3500.32 -4606.56 -5839.47 -4606.56 -3500.32
1.52 -23831.1 -4385.93 -6592.62 -5236.47 -6592.62 -4385.93
1.54 -25338.2 -6854.16 -8069.36 -3021.69 -8069.36 -6854.16
1.56 -27080.3 -8994.23 -7147.35 -528.763 -7147.35 -8994.23
1.58 -28726.9 -9736.84 -2422.04 962.819 -2422.04 -9736.84
1.6 -29035.5 -9019.74 2595.29 1005.68 2595.29 -9019.74
1.62 -27132.7 -7529.01 2818.58 258.249 2818.58 -7529.01
1.64 -23546.8 -6637.68 -1233.28 18.6985 -1233.28 -6637.68
1.66 -19806.3 -7037.01 -4727.08 880.099 -4727.08 -7037.01
1.68 -17017.7 -7547.85 -4773.38 2027.92 -4773.38 -7547.85
1.7 -14807.4 -6267.71 -2285.59 2295.09 -2285.59 -6267.71
1.72 -11649.3 -3058.1 320.167 1663 320.167 -3058.1
1.74 -6411.94 -249.911 1593.77 1261.75 1593.77 -249.911
1.76 326.053 212.504 1915.69 1921.87 1915.69 212.504
1.78 6663.7 -434.561 2338.31 3177.22 2338.31 -434.561
1.8 11227.8 481.52 3172.6 3780.46 3172.6 481.52
1.82 14579.7 3724.65 4139.35 2821.33 4139.35 3724.65
1.84 18591.2 7915.31 4834.86 465.396 4834.86 7915.31
1.86 24392.7 11140.3 4792.11 -1953.57 4792.11 11140.3
1.88 31110.2 12066.7 4297.44 -2866.25 4297.44 12066.7
1.9 36644.6 11048.6 4485.23 -1983.54 4485.23 11048.6
1.92 39528.2 10155.6 5730.25 -552.945 5730.25 10155.6
1.94 40063.8 10884.5 7293.48 163.611 7293.48 10884.5
1.96 39857.9 12490.9 8571.46 201.302 8571.46 12490.9
1.98 40171.9 13034.4 9197.63 582.539 9197.63 13034.4
2 40551.2 11315.3 8705.53 2143.69 8705.53 11315.3
2.02 39119.6 7800.59 7267.57 4698.74 7267.57 7800.59
2.04 34301 4090.52 5788.71 7076.53 5788.71 4090.52
2.06 26293.8 1577.76 4846.68 8010.67 4846.68 1577.76
2.08 16946.9 416.948 4166.72 7229.13 4166.72 416.948
2.1 8199.12 -610.02 3048.95 5684.05 3048.95 -610.02
2.12 531.779 -2910.25 1167.87 4517.55 1167.87 -2910.25
2.14 -7113.51 -6243.8 -897.045 3828.41 -897.045 -6243.8
2.16 -15911.7 -8800.64 -2234.76 2675.22 -2234.76 -8800.64
2.18 -25661.7 -9483.31 -2707.68 177.016 -2707.68 -9483.31
2.2 -34687.9 -8962.22 -3019.35 -3635.42 -3019.35 -8962.22
2.22 -41217.6 -8405.56 -4170.41 -7811.62 -4170.41 -8405.56
2.24 -44906.5 -8709.26 -6712.31 -11040.8 -6712.31 -8709.26
2.26 -47044.1 -10415.5 -9673.26 -12583.5 -9673.26 -10415.5
2.28 -49281.5 -12702.4 -11428.5 -12862.4 -11428.5 -12702.4
2.3 -52159.5 -13770.5 -11991.7 -12720.6 -11991.7 -13770.5
2.32 -54688.8 -13241 -12326.9 -12200.9 -12326.9 -13241
2.34 -55201 -12504 -12121.6 -10612 -12121.6 -12504
2.36 -52804.1 -12727.4 -10845.6 -7581.16 -10845.6 -12727.4
2.38 -48208.1 -13878.8 -9338.92 -3642.79 -9338.92 -13878.8
2.4 -43024.2 -14902.2 -8127.75 -76.5746 -8127.75 -14902.2
2.42 -38221.5 -14296.5 -6612.04 1779 -6612.04 -14296.5
2.44 -33356.1 -11636.6 -4822.77 1518.36 -4822.77 -11636.6
2.46 -27161.3 -8097.03 -3284.46 29.7473 -3284.46 -8097.03
2.48 -18796 -4895.89 -1850.59 -1282.02 -1850.59 -4895.89
2.5 -8789.43 -2594.97 -498.851 -1538.1 -498.851 -2594.97
2.52 1134.62 -1254.61 699.053 -884.772 699.053 -1254.61
2.54 9360.04 47.384 2751.44 -161.28 2751.44 47.384
2.56 15565.3 2187.72 6265.17 140.127 6265.17 2187.72
2.58 20666.4 4429.68 9435.66 451.938 9435.66 4429.68
2.6 25657.9 5371.07 10312.4 1519.04 10312.4 5371.07
2.62 30429.7 4500.65 9810.8 3542.41 9810.8 4500.65
2.64 33657.4 2199.08 9869.89 5936.57 9869.89 2199.08
2.66 33978.7 -199.383 10398.8 7598.22 10398.8 -199.383
2.68 31380.5 -663.255 10033.7 7678.83 10033.7 -663.255
2.7 27337.1 1120.06 8251.44 6416.74 8251.44 1120.06
2.72 23528.2 2900.51 5543.72 4766.51 5543.72 2900.51
2.74 20348.2 2812.63 2842.03 3135.77 2842.03 2812.63
2.76 16644.4 1545.32 1169.49 1020.32 1169.49 1545.32
2.78 11078.3 1165.21 272.36 -2190.82 272.36 1165.21
2.8 3633.67 2407.72 -1935 -6409.51 -1935 2407.72
2.82 -4482.06 3700.14 -6652.66 -10763.2 -6652.66 3700.14
2.84 -12249.1 3300.32 -12088.6 -14079.9 -12088.6 3300.32
2.86 -19708.6 1428.9 -15759.6 -15478.3 -15759.6 1428.9
2.88 -27289.1 -290.112 -17242.5 -14783.5 -17242.5 -290.112
2.9 -34582.1 -690.142 -17378.8 -12531 -17378.8 -690.142
2.92 -40201.5 -53.5079 -17008.9 -9450.28 -17008.9 -53.5079
2.94 -42938.3 367.703 -17387.3 -5979.34 -17387.3 367.703
2.96 -42858.9 -227.389 -19259.5 -2408.28 -19259.5 -227.389
2.98 -41148.3 -1270.44 -21232.2 764.707 -21232.2 -1270.44
3 -38884.3 -1486.18 -21317.4 3027.21 -21317.4 -1486.18
3.02 -35909 -113.56 -19520.2 4402.9 -19520.2 -113.56
3.04 -30928.9 2453.14 -17298 5631.34 -17298 2453.14
3.06 -22928 4759.86 -15540.9 7677.01 -15540.9 4759.86
3.08 -12536.3 5580.94 -13993.3 10862.7 -13993.3 5580.94
3.1 -1789.01 5606.35 -11666.9 14413.8 -11666.9 5606.35
3.12 7706.62 7027.98 -7496.78 17042.5 -7496.78 7027.98
3.14 16298.4 10581.9 -1506.96 18094.7 -1506.96 10581.9
3.16 25724 14147.1 4499.38 17968.6 4499.38 14147.1
3.18 37012 15599.3 8315.63 17456.1 8315.63 15599.3
3.2 49196 15463 9902.31 17004.1 9902.31 15463
3.22 60217.2 15486.1 11658.1 16465.7 11658.1 15486.1
3.24 68783.4 16290.3 15163.2 15178 15163.2 16290.3
3.26 75063.2 17519.5 19112.4 12538.8 19112.4 17519.5
3.28 79826.4 18729.9 21607.4 8924.24 21607.4 18729.9
3.3 83310.2 19146.5 22441.7 5676.29 22441.7 19146.5
3.32 84977.7 18179.5 22409.9 3698.77 22409.9 18179.5
3.34 84065.2 16386.4 22125.2 2474.35 22125.2 16386.4
3.36 80057.4 14325.1 21634.1 810.51 21634.1 14325.1
3.38 72774.9 11636.3 20445.4 -2002.56 20445.4 11636.3
3.4 62362.9 8442.97 18181.2 -5833.61 18181.2 8442.97
3.42 49315.3 5459.81 15150.7 -9757.71 15150.7 5459.81
3.44 34419 2319 11883 -12574.8 11883 2319
3.46 18495 -1781.29 8485.21 -13938.3 8485.21 -1781.29
3.48 1996.92 -6236.18 4743.62 -14705.9 4743.62 -6236.18
3.5 -15120.6 -9879.17 438.86 -15836.8 438.86 -9879.17
3.52 -32942.7 -12660.5 -4298.81 -17417.6 -4298.81 -12660.5
3.54 -51023.9 -15285.6 -8792.05 -18854.9 -8792.05 -15285.6
3.56 -68353.3 -18180 -12326.6 -19434.6 -12326.6 -18180
3.58 -83712.9 -21186 -14885.8 -18673.9 -14885.8 -21186
3.6 -96095.4 -23911 -17324.3 -16585.2 -17324.3 -23911
3.62 -105210 -26411.9 -20535 -13682.1 -20535 -26411.9
3.64 -111780 -29117.3 -24130.8 -10580.4 -24130.8 -29117.3
3.66 -117018 -31771.9 -26625.6 -7560.56 -26625.6 -31771.9
3.68 -121377 -33172.1 -27409.7 -4471.51 -27409.7 -33172.1
3.7 -123770 -32640.8 -27312.4 -975.621 -27312.4 -32640.8
3.72 -122231 -30974.1 -26642.8 3016.52 -26642.8 -30974.1
3.74 -115482 -29117.9 -24670.3 7023.76 -24670.3 -29117.9
3.76 -103951 -26880.5 -21426.8 10143.4 -21426.8 -26880.5
3.78 -89275.7 -23472.5 -17795.2 11521.3 -17795.2 -23472.5
3.8 -72897.8 -18515.8 -14030.4 10748.5 -14030.4 -18515.8
3.82 -55118.1 -12199.1 -10066.2 8105.12 -10066.2 -12199.1
3.84 -35319.8 -5014.21 -6518.15 4603.18 -6518.15 -5014.21
3.86 -13023.6 2109.91 -3693.88 1598.59 -3693.88 2109.91
3.88 11072 7923.67 -601.036 30.8345 -601.036 7923.67
3.9 34872.5 11783 3669.96 -63.6021 3669.96 11783
3.92 55794.1 14181.7 8750.4 740.536 8750.4 14181.7
3.94 72172.1 15921.2 13718.8 1927.94 13718.8 15921.2
3.96 83976.1 17189.2 17735.5 3321.77 17735.5 17189.2
3.98 92229.8 17744.8 20025.3 4882.71 20025.3 17744.8
4 97639 17155 20259.7 6453.62 20259.7 17155
4.02 99695.3 15273.9 18934.5 7525.09 18934.5 15273.9
4.04 97190.8 13373.1 16792.6 7223.42 16792.6 13373.1
4.06 89612.6 13248.7 14008.7 4940.94 14008.7 13248.7
4.08 77933.9 14604.6 10498.9 948.212 10498.9 14604.6
4.1 63993.3 15366.1 6705.04 -3966.54 6705.04 15366.1
4.12 49202.9 14797.4 3314.72 -9190.47 3314.72 14797.4
4.14 33973.3 13995.3 284.997 -14282 284.997 13995.3
4.16 18213.5 13419.2 -3173.91 -18759.2 -3173.91 13419.2
4.18 1966.06 12135.8 -7550.09 -22243.7 -7550.09 12135.8
4.2 -14591.9 9372.82 -12566.7 -24364 -12566.7 9372.82
4.22 -31291.1 5462.2 -17838.3 -24374.6 -17838.3 5462.2
4.24 -47770.5 913.889 -23286.2 -21360.4 -23286.2 913.889
4.26 -63340.2 -4370.54 -28346.4 -15081 -28346.4 -4370.54
4.28 -77202 -10096 -31699.3 -6372.5 -31699.3 -10096
4.3 -88751.3 -15317 -32843.1 3422.13 -32843.1 -15317
4.32 -97631.7 -19707.8 -32621.2 13005.8 -32621.2 -19707.8
4.34 -103512 -23026.6 -31688.4 21005.8 -31688.4 -23026.6
4.36 -105785 -23822.7 -30137.5 26133.7 -30137.5 -23822.7
4.38 -103423 -20979.8 -28227 27895.8 -28227 -20979.8
4.4 -95108 -14985.7 -26026.5 26581.3 -26026.5 -14985.7
4.42 -79826.1 -6441.22 -23385.9 22688.8 -23385.9 -6441.22
4.44 -57731.5 3875.56 -20318.2 17082.8 -20318.2 3875.56
4.46 -30371 14062.6 -15943.5 11143.8 -15943.5 14062.6
4.48 169.046 22962.1 -8866.05 6088.61 -8866.05 22962.1
4.5 32259.3 30935.3 273.201 2728.17 273.201 30935.3
4.52 65123.9 38104.8 9498.83 1846.29 9498.83 38104.8
4.54 98667.4 44254.9 18464.4 3998.04 18464.4 44254.9
4.56 132732 49253.3 27934.1 9058.11 27934.1 49253.3
4.58 166269 52538.9 37830.3 16211.1 37830.3 52538.9
4.6 197374 54242.4 47193.5 24068.7 47193.5 54242.4
4.62 224116 55714.1 54357 31043.6 54357 55714.1
4.64 245144 57077.5 57992.9 35977.2 57992.9 57077.5
4.66 259658 56802 59487.8 38210.3 59487.8 56802
4.68 267039 54383.6 61974.7 37372.8 61974.7 54383.6
4.7 266568 50364 66143.9 33661.7 66143.9 50364
4.72 257467 44444.9 69682.8 27851.7 69682.8 44444.9
4.74 239179 36390.7 70686.3 20618.3 70686.3 36390.7
4.76 211656 27140.3 69315 12351.3 69315 27140.3
4.78 175695 17347 66860 3547.5 66860 17347
4.8 133152 6801.49 64307.5 -5315.22 64307.5 6801.49
4.82 86513.6 -4353.98 60921.6 -14020.3 60921.6 -4353.98
4.84 37881.6 -16045.2 54555.4 -22169.7 54555.4 -16045.2
4.86 -11839 -29656.1 44472.2 -29020.7 44472.2 -29656.1
4.88 -62944.6 -46745.8 32840 -34268.9 32840 -46745.8
4.9 -116109 -66569.1 22477 -38398.9 22477 -66569.1
4.92 -171088 -86451.2 14097.3 -41838.6 14097.3 -86451.2
4.94 -225820 -104166 6304.57 -44304.5 6304.57 -104166
4.96 -276916 -118948 -2373.78 -45267.5 -2373.78 -118948
4.98 -321372 -130837 -12021 -44699.8 -12021 -130837
5 -357949 -139842 -21836.3 -43386.2 -21836.3 -139842
5.02 -386920 -145294 -31282.3 -42866.4 -31282.3 -145294
5.04 -408531 -145747 -40361.6 -44784.9 -40361.6 -145747
5.06 -421648 -139990 -49464.2 -49634.2 -49464.2 -139990
5.08 -423682 -128204 -58829.5 -56040.6 -58829.5 -128204
5.1 -411791 -111826 -67426.2 -61544.1 -67426.2 -111826
5.12 -384423 -92074.1 -72924.1 -64134 -72924.1 -92074.1
5.14 -341833 -68690.4 -73721.9 -63054.3 -73721.9 -68690.4
5.16 -285131 -40377.1 -70531.7 -58433.6 -70531.7 -40377.1
5.18 -214864 -6553.72 -65307 -50463.3 -65307 -6553.72
5.2 -130822 30939.5 -59246.3 -38903.7 -59246.3 30939.5
5.22 -33660 67627.9 -52318.2 -23274.3 -52318.2 67627.9
5.24 73006 98657.5 -44053.7 -3574.6 -44053.7 98657.5
5.26 182331 122335 -33777.2 19270.5 -33777.2 122335
5.28 286706 140821 -20268.3 44014.1 -20268.3 140821
5.3 381099 156601 -2730.4 70066.4 -2730.4 156601
5.32 464286 169889 17532.9 97374 17532.9 169889
5.34 536847 179717 37622.1 125292 37622.1 179717
5.36 598005 185858 55348.9 151701 55348.9 185858
5.38 644611 189439 70069.1 172972 70069.1 189439
5.4 673019 192118 81579.8 184943 81579.8 192118
5.42 681510 194149 89080.1 184797 89080.1 194149
5.44 671183 193065 91603.2 172624 91603.2 193065
5.46 644381 184768 89504.5 151207 89504.5 184768
5.48 602061 166413 84671.7 124248 84671.7 166413
5.5 543010 139080 79064.9 94801.5 79064.9 139080
5.52 465594 107556 73173.8 64991.3 73173.8 107556
5.54 370572 77217.8 65384.9 36422.7 65384.9 77217.8
5.56 262536 51090.3 53685.9 10273.9 53685.9 51090.3
5.58 148917 29065.4 39014.6 -13077.4 39014.6 29065.4
5.6 37350.3 8722.43 25113.8 -34419 25113.8 8722.43
5.62 -66841.6 -12586.5 13306.4 -55677.8 13306.4 -12586.5
5.64 -161360 -35020 860.936 -79021.4 860.936 -35020
5.66 -245464 -56367.6 -13658.3 -104986 -13658.3 -56367.6
5.68 -317798 -75059.3 -28085 -131080 -28085 -75059.3
5.7 -375688 -91830.9 -39484.3 -152335 -39484.3 -91830.9
5.72 -416656 -108153 -45324.8 -163332 -45324.8 -108153
5.74 -440483 -123783 -43951.9 -160185 -43951.9 -123783
5.76 -449457 -136697 -35918.1 -141766 -35918.1 -136697
5.78 -446454 -145404 -22895.2 -110094 -22895.2 -145404
5.8 -433048 -150848 -6072.41 -69841.8 -6072.41 -150848
5.82 -409516 -155435 12877.6 -27053.5 12877.6 -155435
5.84 -376093 -160295 31843.7 12406.5 31843.7 -160295
5.86 -333698 -164058 49565.3 44181.2 49565.3 -164058
5.88 -283575 -164088 64615.6 66185 64615.6 -164088
5.9 -226714 -158566 75505.4 78646 75505.4 -158566
5.92 -163724 -146332 83325.2 83270.1 83325.2 -146332
5.94 -94782.3 -124484 90418.8 82004.2 90418.8 -124484
5.96 -19383.9 -89374.4 95920.9 76410.6 95920.9 -89374.4
5.98 63321.9 -41804.9 97205.1 67537 97205.1 -41804.9
6 152703 10639.5 94747.3 55606.9 94747.3 10639.5
6.02 243773 56774.4 89829.3 40062.3 89829.3 56774.4
6.04 325983 87862.3 79685.5 20398.8 79685.5 87862.3
6.06 386768 103841 61852.4 -2790.82 61852.4 103841
6.08 418997 113652 40220.6 -26786.1 40220.6 113652
6.1 426115 126125 18157.7 -46353.2 18157.7 126125
6.12 419243 142343 -9733.86 -55754.2 -9733.86 142343
6.14 407621 158428 -50213.3 -52398.1 -50213.3 158428
6.16 390448 171054 -100495 -38787.3 -100495 171054
6.18 357909 179539 -151048 -21605 -151048 179539
6.2 300753 185234 -194985 -8645.06 -194985 185234
6.22 218849 187010 -230190 -4459.28 -230190 187010
6.24 120701 177791 -257631 -7820.73 -257631 177791
6.26 15705.6 150435 -278879 -13811.5 -278879 150435
6.28 -91679.3 106636 -289030 -18125.1 -289030 106636
6.3 -199402 56826.1 -275730 -19212.4 -275730 56826.1
6.32 -310596 12060.6 -246677 -17340.2 -246677 12060.6
6.34 -432962 -23515.7 -221846 -12297.3 -221846 -23515.7
6.36 -558988 -54160.1 -205082 -2149.18 -205082 -54160.1
6.38 -671475 -87595.1 -190623 15302.8 -190623 -87595.1
6.4 -762479 -127737 -170464 39348.5 -170464 -127737
6.42 -834572 -171196 -132022 64717.7 -132022 -171196
6.44 -889767 -210312 -74354.1 83981.1 -74354.1 -210312
6.46 -920469 -238805 -15948.5 92513 -15948.5 -238805
6.48 -917636 -253637 24206.3 91529.7 24206.3 -253637
6.5 -877246 -254170 36852.3 87036.6 36852.3 -254170
6.52 -802945 -242559 31024.8 86078.6 31024.8 -242559
6.54 -701948 -222544 28456.7 92726.7 28456.7 -222544
6.56 -584451 -200120 42996.2 106607 42996.2 -200120
6.58 -461342 -180453 73384.4 125174 73384.4 -180453
6.6 -338935 -167008 116679 146379 116679 -167008
6.62 -219984 -163297 173612 167670 173612 -163297
6.64 -104360 -168119 238811 183191 238811 -168119
6.66 9253.6 -172762 295487 184116 295487 -172762
6.68 122339 -163603 325066 163053 325066 -163603
6.7 235694 -129750 320433 118966 320433 -129750
6.72 349414 -69077.3 286776 58337.1 286776 -69077.3
6.74 461133 11134.3 230038 -7781.03 230038 11134.3
6.76 568078 97845.8 163772 -67876.7 163772 97845.8
6.78 665013 177470 108823 -113867 108823 177470
6.8 747187 240426 76663.8 -143404 76663.8 240426
6.82 812677 282124 68580 -158717 68580 282124
6.84 859217 300659 76692.9 -163129 76692.9 300659
6.86 884110 295871 86976.4 -158600 86976.4 295871
6.88 885241 271463 96670.9 -146544 96670.9 271463
6.9 857664 237578 116294 -131061 116294 237578
6.92 800899 210847 135989 -119207 135989 210847
6.94 725872 201680 122055 -114877 122055 201680
6.96 646370 201387 58997.1 -113462 58997.1 201387
6.98 568004 194590 -33138.6 -105401 -33138.6 194590
7 481645 179341 -120990 -84252.9 -120990 179341
7.02 375505 165823 -180339 -50311.5 -180339 165823
7.04 248946 157565 -203657 -8596.54 -203657 157565
7.06 113997 142925 -196707 34321.3 -196707 142925
7.08 -15664.6 109069 -168752 71970.6 -168752 109069
7.1 -134365 57191.2 -126298 98466.2 -126298 57191.2
7.12 -243900 580.882 -77013.4 108667 -77013.4 580.882
7.14 -345887 -46898.1 -35159.7 99227.6 -35159.7 -46898.1
7.16 -435837 -79281.8 -15540.7 71663.7 -15540.7 -79281.8
7.18 -505745 -99837.2 -22019.2 35052.7 -22019.2 -99837.2
7.2 -549841 -115478 -44168.8 3976.27 -44168.8 -115478
7.22 -569929 -129758 -68063.9 -8019.65 -68063.9 -129758
7.24 -572860 -142230 -86350.6 5941.31 -86350.6 -142230
7.26 -564597 -153088 -93165.6 44622.8 -93165.6 -153088
7.28 -548188 -165154 -80848 100050 -80848 -165154
7.3 -523507 -181402 -47273.3 159926 -47273.3 -181402
7.32 -489590 -201968 1285.78 210476 1285.78 -201968
7.34 -446295 -223339 56062.6 238947 56062.6 -223339
7.36 -394596 -239385 109110 235480 109110 -239385
7.38 -335055 -242780 151984 195269 151984 -242780
7.4 -266748 -227655 176398 121159 176398 -227655
7.42 -188206 -193121 177769 24490.5 177769 -193121
7.44 -99801.2 -143076 157821 -77754.3 157821 -143076
7.46 -5083.15 -82489.8 124240 -168092 124240 -82489.8
7.48 90143.9 -15739.1 87628.7 -232750 87628.7 -15739.1
7.5 180530 51222.7 57325.1 -263718 57325.1 51222.7
7.52 262830 109262 38051.6 -259488 38051.6 109262
7.54 334738 148766 29873.4 -224978 29873.4 148766
7.56 392698 164443 31226.1 -170338 31226.1 164443
7.58 432420 158495 40388.9 -108712 40388.9 158495
7.6 451443 139393 53460.6 -53143.7 53460.6 139393
7.62 451019 116683 62980.9 -12989.6 62980.9 116683
7.64 435238 96851.7 60921.9 8765.93 60921.9 96851.7
7.66 408208 83429.6 43344.1 15670.3 43344.1 83429.6
7.68 372372 78246.4 12299.5 15342.4 12299.5 78246.4
7.7 327846 80850.8 -25796.2 15851 -25796.2 80850.8
7.72 272822 88698.5 -63506.3 22720.9 -63506.3 88698.5
7.74 205787 98807.4 -94856.9 37934.7 -94856.9 98807.4
7.76 127275 106675 -115535 60811 -115535 106675
7.78 39939.1 105037 -122595 88965.1 -122595 105037
7.8 -52465.7 87783.1 -115530 118406 -115530 87783.1
7.82 -146167 53837.6 -97166.4 143732 -97166.4 53837.6
7.84 -238228 5747.69 -73013.5 159199 -73013.5 5747.69
7.86 -326925 -51952.5 -48917.7 160428 -48917.7 -51952.5
7.88 -410323 -111132 -28366 146342 -28366 -111132
7.9 -484193 -161216 -12918.5 120482 -12918.5 -161216
7.92 -541547 -195548 -4406.04 90053 -4406.04 -195548
7.94 -575533 -214620 -4929.1 62428.9 -4929.1 -214620
7.96 -584025 -221531 -14201.3 41681 -14201.3 -221531
7.98 -571411 -217063 -27045.5 27796.7 -27045.5 -217063
8 -545076 -201359 -34676.7 18208.8 -34676.7 -201359
8.02 -509721 -178258 -29760.7 9555.75 -29760.7 -178258
8.04 -465428 -155364 -10525.5 -1207.5 -10525.5 -155364
8.06 -410650 -139512 19968 -16302.5 19968 -139512
8.08 -345767 -132070 57026.9 -37320.9 57026.9 -132070
8.1 -273358 -128097 95694.7 -65412.6 95694.7 -128097
8.12 -195611 -119613 129918 -100202 129918 -119613
8.14 -112086 -100096 151999 -137838 151999 -100096
8.16 -20399.5 -67378.6 154637 -170467 154637 -67378.6
8.18 80576.5 -23510.8 136012 -188491 136012 -23510.8
8.2 187942 26975.3 103698 -184239 103698 26975.3
8.22 294922 78255.1 71403 -154908 71403 78255.1
8.24 393471 124122 50322.3 -103610 50322.3 124122
8.26 477084 159210 44402.3 -38208.4 44402.3 159210
8.28 542032 180136 52307.1 31269.1 52307.1 180136
8.3 586953 186333 70054.2 94985.2 70054.2 186333
8.32 611869 180506 91471.9 144518 91471.9 180506
8.34 617429 168189 108466 173754 108466 168189
8.36 604777 156171 112339 180317 112339 156171
8.38 575957 150019 96730.5 166979 96730.5 150019
8.4 534121 151350 61661.8 141604 61661.8 151350
8.42 482380 157258 14858.7 114740 14858.7 157258
8.44 422505 163314 -31967.4 95727 -31967.4 163314
8.46 355041 166015 -68708.2 89562.9 -68708.2 166015
8.48 280135 161534 -90033.6 95911.4 -90033.6 161534
8.5 197848 145563 -95348.6 109954 -95348.6 145563
8.52 108141 116598 -87249.7 124452 -87249.7 116598
8.54 11672.5 77105.4 -70043.5 132183 -70043.5 77105.4
8.56 -88871.3 31037.8 -48772.9 127575 -48772.9 31037.8
8.58 -188235 -17611.1 -29076 107402 -29076 -17611.1
8.6 -279667 -64246.9 -16825.4 71594.8 -16825.4 -64246.9
8.62 -357123 -103885 -16101.3 24125.3 -16101.3 -103885
8.64 -416781 -132591 -26146.4 -27359.8 -26146.4 -132591
8.66 -457033 -149055 -40783.1 -73549 -40783.1 -149055
8.68 -477841 -155297 -51875.8 -106198 -51875.8 -155297
8.7 -480398 -155294 -53234.9 -120535 -53234.9 -155294
8.72 -467042 -152291 -41866.4 -116524 -41866.4 -152291
8.74 -440787 -147931 -17185.4 -98524.2 -17185.4 -147931
8.76 -404616 -143686 19160.4 -73864.3 19160.4 -143686
8.78 -361097 -141190 62151.4 -51077.8 62151.4 -141190
8.8 -312018 -140586 103442 -37776.7 103442 -140586
8.82 -258187 -139720 134261 -38199.1 134261 -139720
8.84 -199670 -135101 149091 -51525.9 149091 -135101
8.86 -135837 -123351 147571 -71970.8 147571 -123351
8.88 -65616.1 -102911 133960 -90631.6 133960 -102911
8.9 11374.4 -74928.5 114257 -98489.5 114257 -74928.5
8.92 93315.8 -41591.1 93405.4 -89440.2 93405.4 -41591.1
8.94 175929 -4359.26 75710.5 -62098.6 75710.5 -4359.26
8.96 253907 34733.4 66106.4 -20072.5 66106.4 34733.4
8.98 322574 71287.6 67773.3 28826.7 67773.3 71287.6
9 378403 100071 78005.3 74388.6 78005.3 100071
9.02 418483 118641 88027.3 106806 88027.3 118641
9.04 440333 129121 87818.1 119566 87818.1 129121
9.06 442918 135998 72023 111347 72023 135998
9.08 427741 141825 42370.1 86391.2 42370.1 141825
9.1 398347 145550 5446.03 53259.9 5446.03 145550
9.12 358476 145454 -31373.9 22317 -31373.9 145454
9.14 310548 142227 -63575.6 2867.63 -63575.6 142227
9.16 255858 138104 -90167.9 607.183 -90167.9 138104
9.18 196128 134320 -109977 15784.3 -109977 134320
9.2 134222 129874 -119513 43026.1 -119513 129874
9.22 72858 121799 -117434 73361.6 -117434 121799
9.24 12505.7 106471 -108586 97419.7 -108586 106471
9.26 -49264.8 81484.9 -99704.9 108178 -99704.9 81484.9
9.28 -115540 48044.8 -92620.2 102469 -92620.2 48044.8
9.3 -185975 11285.2 -84913.8 81518.7 -84913.8 11285.2
9.32 -254755 -24024.1 -76019 50574.2 -76019 -24024.1
9.34 -313238 -56769.2 -68615.4 17136.1 -68615.4 -56769.2
9.36 -355684 -86371.3 -64758.4 -11453.3 -64758.4 -86371.3
9.38 -382679 -109334 -63747.5 -29463.9 -63747.5 -109334
9.4 -398414 -121879 -62458.9 -33558.9 -62458.9 -121879
9.42 -405244 -124318 -56029.3 -23920.9 -56029.3 -124318
9.44 -401547 -121492 -40671.7 -4679.68 -40671.7 -121492
9.46 -384649 -119430 -16973.3 17404.1 -16973.3 -119430
9.48 -354737 -120531 11794.9 34820.2 11794.9 -120531
9.5 -315109 -121699 42850.6 40880.2 42850.6 -121699
9.52 -268840 -118313 72629.6 31494 72629.6 -118313
9.54 -216271 -109241 95344.6 6807.76 95344.6 -109241
9.56 -156045 -96077.3 106196 -28484.3 106196 -96077.3
9.58 -87866.2 -78504.2 105053 -66215.5 105053 -78504.2
9.6 -13653.7 -54210 96100.5 -96631.7 96100.5 -54210
9.62 63591 -23689.7 84741.4 -111191 84741.4 -23689.7
9.64 140663 8065.5 74911.4 -105622 74911.4 8065.5
9.66 213473 35435.5 68576.6 -81238.8 68576.6 35435.5
9.68 276522 56318.7 66592.4 -43806.6 66592.4 56318.7
9.7 324533 71971.1 68733.7 -1355.02 68733.7 71971.1
9.72 355050 83830.2 72732.1 37758.3 72732.1 83830.2
9.74 368957 91339.7 74191.9 66508 74191.9 91339.7
9.76 368102 92876.1 68401.7 80544.1 68401.7 92876.1
9.78 352715 88570.7 53228.6 78795.3 53228.6 88570.7
9.8 321584 81556.5 30876.2 63478.4 30876.2 81556.5
9.82 274808 75860.2 6425.23 39876.4 6425.23 75860.2
9.84 216092 73115.3 -16022.2 15479.7 -16022.2 73115.3
9.86 151809 71472.4 -35649.9 -2048.36 -35649.9 71472.4
9.88 87238.9 67447.5 -53112.5 -7521.66 -53112.5 67447.5
9.9 23370.2 58639.2 -67462.5 -84.6522 -67462.5 58639.2
9.92 -42564.7 45023.4 -76273.5 16764.8 -76273.5 45023.4
9.94 -113235 27771.1 -78396.5 37013.2 -78396.5 27771.1
9.96 -187634 6934.13 -75553.2 54782.4 -75553.2 6934.13
9.98 -260993 -18999.3 -71493.8 66227.8 -71493.8 -18999.3
10 -327921 -51078.7 -69624.7 69832.8 -69624.7 -51078.7
10.02 -385489 -87293.5 -70382.3 65539.8 -70382.3 -87293.5
10.04 -433300 -121628 -71060.1 53999.9 -71060.1 -121628
10.06 -470730 -146600 -68944 36860.5 -68944 -146600
10.08 -494604 -157698 -64173 17412 -64173 -157698
10.1 -499980 -155455 -58797.5 130.364 -58797.5 -155455
10.12 -483528 -143687 -53406 -11185.6 -53406 -143687
10.14 -446397 -126580 -45833.1 -15466.5 -45833.1 -126580
10.16 -393891 -106939 -33429.4 -15108 -33429.4 -106939
10.18 -332308 -85961.1 -15567.8 -14569.8 -15567.8 -85961.1
10.2 -265534 -64880.8 6220.26 -17418 6220.26 -64880.8
10.22 -194288 -46679.1 29215.6 -24081.1 29215.6 -46679.1
10.24 -118309 -34288.7 50451.9 -32185.2 50451.9 -34288.7
10.26 -38851 -26859.1 67760.6 -38577 67760.6 -26859.1
10.28 40913 -19834.9 80288.6 -40852.3 80288.6 -19834.9
10.3 117499 -8781.2 87853.4 -37733.7 87853.4 -8781.2
10.32 188743 8235.77 90091.9 -28760.4 90091.9 8235.77
10.34 253787 30495.7 86700.6 -13731.8 86700.6 30495.7
10.36 311768 55039.9 78709.9 7132.92 78709.9 55039.9
10.38 360748 78212.2 69286.1 31888.9 69286.1 78212.2
10.4 397832 97441 62175.7 56072.8 62175.7 97441
10.42 420122 111405 58825.9 74009.3 58825.9 111405
10.44 425748 119466 57507.4 81324.6 57507.4 119466
10.46 414254 121313 54985.4 76762.7 54985.4 121313
10.48 386238 116818 48865 62365.2 48865 116818
10.5 342883 106700 38720 42230.3 38720 106700
10.52 285930 93407.6 24741.5 20896.2 24741.5 93407.6
10.54 217986 80453.1 5737.97 2430.64 5737.97 80453.1
10.56 142540 69990.1 -19638 -9700.64 -19638 69990.1
10.58 63237.7 60850.8 -49132.8 -12872.6 -49132.8 60850.8
10.6 -17165.2 49351.4 -76250.2 -6199.53 -76250.2 49351.4
10.62 -97222.1 32277.5 -94248.1 8535.28 -94248.1 32277.5
10.64 -175972 9143.52 -100064 26989 -100064 9143.52
10.66 -251505 -17932.5 -95166.2 43660.2 -95166.2 -17932.5
10.68 -320272 -45892.1 -84205.7 53825 -84205.7 -45892.1
10.7 -377986 -72479.9 -72140.5 54968.7 -72140.5 -72479.9
10.72 -421526 -96518.3 -61289.6 47032.7 -61289.6 -96518.3
10.74 -450077 -116318 -51458.1 31767.9 -51458.1 -116318
10.76 -464242 -128911 -42841 12228.3 -42841 -128911
10.78 -464382 -132120 -36911 -7296.11 -36911 -132120
10.8 -449800 -127100 -33459 -21768.8 -33459 -127100
10.82 -419757 -118188 -28777.4 -26872.1 -28777.4 -118188
10.84 -375506 -110086 -18243.7 -20827.1 -18243.7 -110086
10.86 -320847 -104730 394.893 -5416.12 394.893 -104730
10.88 -260322 -100331 26212.9 14598.2 26212.9 -100331
10.9 -196555 -93598.8 55380.1 33473.6 55380.1 -93598.8
10.92 -129307 -83017 82304.4 46592.1 82304.4 -83017
10.94 -57249.6 -69713.9 102834 51345.7 102834 -69713.9
10.96 19120.5 -55241.3 116289 46825.9 116289 -55241.3
10.98 96233 -39032 123415 33423.1 123415 -39032
11 168997 -18946.3 123812 13086.1 123812 -18946.3
11.02 233469 5854.13 116626 -10308.8 116626 5854.13
11.04 288122 33825.1 102848 -31474.3 102848 33825.1
11.06 332945 62216 85889.2 -45210.6 85889.2 62216
11.08 367690 88147.8 69769.6 -48324.9 69769.6 88147.8
11.1 390863 109257 56790.1 -41109.3 56790.1 109257
11.12 400034 124029 46937.7 -27230.8 46937.7 124029
11.14 393010 131551 38661.7 -11854.4 38661.7 131551
11.16 369154 131695 29653.8 567.122 29653.8 131695
11.18 330194 125648 18164.4 7564.71 18164.4 125648
11.2 279874 115269 3865.52 8917.72 3865.52 115269
11.22 222458 102219 -13655 6204.58 -13655 102219
11.24 160979 88166.2 -35771.2 2066.63 -35771.2 88166.2
11.26 96538.7 74810.4 -61948.8 -350.264 -61948.8 74810.4
11.28 29298.4 63177.9 -87597.5 2058.16 -87597.5 63177.9
11.3 -39678.6 53184.6 -107226 11459 -107226 53184.6
11.32 -107496 43484.5 -118437 28169.5 -118437 43484.5
11.34 -170460 31349.1 -121179 50277.6 -121179 31349.1
11.36 -226204 13792.8 -115374 73885.1 -115374 13792.8
11.38 -274839 -10116.1 -101704 94030.3 -101704 -10116.1
11.4 -317970 -38172.1 -83417.2 106313 -83417.2 -38172.1
11.42 -356372 -66317.5 -65153.6 108554 -65153.6 -66317.5
11.44 -388208 -90704.1 -50136.3 101481 -50136.3 -90704.1
11.46 -409264 -108480 -39774.6 88134.7 -39774.6 -108480
11.48 -415280 -118033 -34011.7 72617.1 -34011.7 -118033
11.5 -404385 -120213 -30121.8 58737 -30121.8 -120213
11.52 -378232 -118156 -23793.3 48673.1 -23793.3 -118156
11.54 -341095 -113825 -12953 42262.7 -12953 -113825
11.56 -297091 -106520 2465.04 37793.4 2465.04 -106520
11.58 -247731 -96848.1 24418.4 33384 24418.4 -96848.1
11.6 -192206 -88571.7 54814.1 27104.2 54814.1 -88571.7
11.62 -130244 -83616.3 89376.1 16573.9 89376.1 -83616.3
11.64 -64314.7 -78626.8 118957 -9.47656 118957 -78626.8
11.66 1444.47 -68135 136931 -22441 136931 -68135
11.68 64383.4 -48982.7 141928 -48512.1 141928 -48982.7
11.7 124777 -22235.3 135963 -74632.2 135963 -22235.3
11.72 184003 7561.95 123000 -96220.7 123000 7561.95
11.74 241712 35884.9 107310 -108787 107310 35884.9
11.76 295020 61043 91890.3 -109567 91890.3 61043
11.78 340157 82688.7 79051 -98314.7 79051 82688.7
11.8 374556 99458.9 71030.4 -77135.8 71030.4 99458.9
11.82 397400 109722 68591.2 -49952.5 68591.2 109722
11.84 408574 113480 69976.5 -21567.7 69976.5 113480
11.86 407581 112913 71647 3579.24 71647 112913
11.88 393849 111270 69069.3 22454.3 69069.3 111270
11.9 367701 110599 57617.9 33999.3 57617.9 110599
11.92 330485 110630 34642.2 39112.9 34642.2 110630
11.94 283766 110300 1332.09 40181.8 1332.09 110300
11.96 228690 109069 -37342.2 40588.4 -37342.2 109069
11.98 166289 106102 -74616.9 44096.1 -74616.9 106102
12 98177.5 99800.3 -104812 53717.8 -104812 99800.3
12.02 26738.8 88861.1 -125112 70484.2 -125112 88861.1
12.04 -45368.9 72692.5 -134576 92797.7 -134576 72692.5
12.06 -115859 51069.4 -132849 116407 -132849 51069.4
12.08 -183202 24679.1 -121420 135178 -121420 24679.1
12.1 -246533 -4172.67 -104921 143112 -104921 -4172.67
12.12 -305043 -32196.1 -89627 136840 -89627 -32196.1
12.14 -357254 -56590.2 -80394.6 116942 -80394.6 -56590.2
12.16 -400895 -75896.1 -78411.3 87383.8 -78411.3 -75896.1
12.18 -433441 -89741.9 -81134.5 53928.8 -81134.5 -89741.9
12.2 -453263 -98324.3 -85343.1 22525.9 -85343.1 -98324.3
12.22 -460457 -102471 -88992.1 -1859.94 -88992.1 -102471
12.24 -456195 -103886 -88558.1 -16049.6 -88558.1 -103886
12.26 -441753 -104738 -78334.1 -19270.7 -78334.1 -104738
12.28 -417667 -106782 -54805.5 -13523.9 -54805.5 -106782
12.3 -383489 -110559 -19761.7 -3339.83 -19761.7 -110559
12.32 -338572 -114843 21040.2 5343.77 21040.2 -114843
12.34 -283147 -116964 60721 7038.49 60721 -116964
12.36 -218818 -114280 93979.3 -1389.03 93979.3 -114280
12.38 -148083 -105449 118350 -19645.6 118350 -105449
12.4 -73591.8 -90377.4 132889 -44137.7 132889 -90377.4
12.42 2199.02 -69622.7 136834 -69003.1 136834 -69622.7
12.44 76894.3 -44488.4 130821 -87684 130821 -44488.4
12.46 147910 -17440.9 118649 -94801.6 118649 -17440.9
12.48 212348 8290.85 106573 -87790.3 106573 8290.85
12.5 267173 29754.4 99754.6 -67555.2 99754.6 29754.4
12.52 309675 44981.5 99025.2 -37989.4 99025.2 44981.5
12.54 338011 53323.4 101628 -4854.33 101628 53323.4
12.56 351550 55599.8 104645 25517.1 104645 55599.8
12.58 350926 53729.1 106313 47496.6 106313 53729.1
12.6 337632 50337.1 104549 57201.3 104549 50337.1
12.62 313653 48887.8 96414.6 53290 96414.6 48887.8
12.64 281275 52784.7 79301.2 37628.3 79301.2 52784.7
12.66 242769 62992.9 51743.5 15255.9 51743.5 62992.9
12.68 199937 77146.3 14502.6 -7021.67 14502.6 77146.3
12.7 153695 91484.9 -28031.3 -22763.3 -28031.3 91484.9
12.72 104267 102954 -68913.6 -27431.1 -68913.6 102954
12.74 52068.1 108875 -101438 -19008.9 -101438 108875
12.76 -1675.37 105519 -120105 1760.15 -120105 105519
12.78 -55338.6 89269.2 -121175 31341.9 -121175 89269.2
12.8 -107688 60313.2 -105960 64047.6 -105960 60313.2
12.82 -157759 23898.2 -82304.9 93485.6 -82304.9 23898.2
12.84 -203830 -12681.9 -59311.9 114126 -59311.9 -12681.9
12.86 -243030 -43214.6 -41910.4 122450 -41910.4 -43214.6
12.88 -272329 -63849.2 -31470.5 117896 -31470.5 -63849.2
12.9 -289536 -73399.4 -28346.6 103190 -28346.6 -73399.4
12.92 -293981 -72123.2 -32066.3 83274.2 -32066.3 -72123.2
12.94 -286361 -61458 -40193.5 63677.3 -40193.5 -61458
12.96 -267759 -46557.5 -47563.9 49228.9 -47563.9 -46557.5
12.98 -239970 -35568.9 -46719.7 42554.8 -46719.7 -35568.9
13 -205944 -33455.4 -31100.3 42902.1 -31100.3 -33455.4
13.02 -168866 -38889.8 598.398 46970.4 598.398 -38889.8
13.04 -130361 -47926.9 43120.8 50868.5 43120.8 -47926.9
13.06 -89667 -57990.2 87463.4 51046.9 87463.4 -57990.2
13.08 -45402.4 -67832.6 125430 44474.6 125430 -67832.6
13.1 1975.06 -75041.5 152254 29263.1 152254 -75041.5
13.12 50009.5 -74815.4 165679 5512.54 165679 -74815.4
13.14 96434.8 -62936.2 164583 -24247.1 164583 -62936.2
13.16 140778 -40084.9 150239 -55255.3 150239 -40084.9
13.18 183429 -11825.2 127771 -81604.9 127771 -11825.2
13.2 223315 15307.9 104206 -98136.8 104206 15307.9
13.22 256860 37154.9 85057 -102412 85057 37154.9
13.24 279470 52627 73149.5 -95570 73149.5 52627
13.26 288244 62293.9 68767.1 -81400.5 68767.1 62293.9
13.28 283572 67082.3 69479.8 -64468.8 69479.8 67082.3
13.3 268697 68432.4 70948.5 -48667.8 70948.5 68432.4
13.32 247809 68486 68581.9 -36618.9 68581.9 68486
13.34 224005 69132 58598.7 -29540.5 58598.7 69132
13.36 198300 71218.9 38970.2 -27213 38970.2 71218.9
13.38 170021 75137.7 10270.5 -27802.9 10270.5 75137.7
13.4 138274 81360.2 -24520.3 -27615 -24520.3 81360.2
13.42 103486 89494.2 -60643.3 -21512.7 -60643.3 89494.2
13.44 67694.5 96864 -92111 -4657.55 -92111 96864
13.46 32913.9 98648.1 -113500 25031.3 -113500 98648.1
13.48 -1171.73 90472.7 -121969 65224.6 -121969 90472.7
13.5 -37510.5 71903.2 -117079 109495 -117079 71903.2
13.52 -78878.7 47230.9 -100546 149607 -100546 47230.9
13.54 -124286 21833.3 -77478.6 178565 -77478.6 21833.3
13.56 -168484 -1983.73 -55459.3 192599 -55459.3 -1983.73
13.58 -205621 -24743.6 -40201.9 191254 -40201.9 -24743.6
13.6 -233406 -46206 -32616.6 176375 -32616.6 -46206
13.62 -253672 -63371.2 -30436.3 151241 -30436.3 -63371.2
13.64 -269351 -72633.3 -30701.6 120291 -30701.6 -72633.3
13.66 -280653 -73841.6 -31083.8 88965.7 -31083.8 -73841.6
13.68 -284899 -71915.2 -30280.7 62740.9 -30280.7 -71915.2
13.7 -280215 -73947.6 -26221.9 45049.3 -26221.9 -73947.6
13.72 -268539 -83867.3 -14184.1 35262.9 -14184.1 -83867.3
13.74 -254675 -99682.7 10823 28680.1 10823 -99682.7
13.76 -241993 -116347 48585.5 19014.8 48585.5 -116347
13.78 -229347 -130774 92045.2 1565.02 92045.2 -130774
13.8 -212346 -142799 131706 -25139.9 131706 -142799
13.82 -187460 -151537 160453 -59648.2 160453 -151537
13.84 -154575 -153034 174973 -98756.7 174973 -153034
13.86 -115962 -142873 175271 -138420 175271 -142873
13.88 -73760.8 -120420 163548 -173953 163548 -120420
13.9 -29015.5 -89683 143219 -199881 143219 -89683
13.92 17459.9 -56471.8 119023 -210498 119023 -56471.8
13.94 64299.7 -25546.9 97055.1 -201813 97055.1 -25546.9
13.96 109976 79.218 83205.3 -173963 83205.3 79.218
13.98 153375 18632.6 81102.6 -132058 81102.6 18632.6
14 193600 29031.3 90973.2 -84424.1 90973.2 29031.3
14.02 229171 30903.3 108997 -39494.1 108997 30903.3
14.04 257493 26387.8 127795 -3422.13 127795 26387.8
14.06 276292 22426.4 138206 20958.9 138206 22426.4
14.08 286073 28133.5 131523 34485.2 131523 28133.5
14.1 290543 47505.9 103355 41111.2 103355 47505.9
14.12 293782 76810.4 57195.4 46045.9 57195.4 76810.4
14.14 296163 109211 3307.98 53983.7 3307.98 109211
14.16 293393 138856 -45588.1 68493.9 -45588.1 138856
14.18 280408 161302 -78302.3 91297.6 -78302.3 161302
14.2 256307 172685 -89119.7 121012 -89119.7 172685
14.22 224882 168650 -79977.8 152973 -79977.8 168650
14.24 190109 145792 -58488.1 180461 -58488.1 145792
14.26 151564 107189 -34925 196418 -34925 107189
14.28 104996 64834.4 -18961.5 195858 -18961.5 64834.4
14.3 48028.5 32324.1 -14988.4 178593 -14988.4 32324.1
14.32 -14973.6 14054.1 -21250.4 149763 -21250.4 14054.1
14.34 -74857.5 3796.26 -34286 116902 -34286 3796.26
14.36 -124894 -6049.48 -50591 86075.4 -50591 -6049.48
14.38 -165449 -17876.5 -64212.6 60180 -64212.6 -17876.5
14.4 -201703 -31327.4 -67838.5 39109 -67838.5 -31327.4
14.42 -237428 -46754.1 -57338.8 20539.1 -57338.8 -46754.1
14.44 -271294 -65222.8 -33816.3 1817.92 -33816.3 -65222.8
14.46 -298617 -87568.1 -2632.03 -17925 -2632.03 -87568.1
14.48 -315485 -112685 29218.6 -38021.9 29218.6 -112685
14.5 -321079 -136068 57105.4 -58274.5 57105.4 -136068
14.52 -316860 -152106 80072.6 -79521.1 80072.6 -152106
14.54 -304230 -157970 97596.8 -102310 97596.8 -157970
14.56 -282932 -153547 107744 -125666 107744 -153547
14.58 -251343 -139512 109661 -146570 109661 -139512
14.6 -208228 -118534 105312 -160247 105312 -118534
14.62 -154585 -95990.5 97678.6 -162211 97678.6 -95990.5
14.64 -94201.9 -75330 88594.6 -151059 88594.6 -75330
14.66 -32207 -54315 78435.8 -128838 78435.8 -54315
14.68 27529.5 -29799.5 67641.7 -98727.1 67641.7 -29799.5
14.7 83785.9 -3974.57 58790.4 -63526.9 58790.4 -3974.57
14.72 136863 18519.7 55905.6 -26300.4 55905.6 18519.7
14.74 186466 36865 60153.6 9320.21 60153.6 36865
14.76 231088 53417.1 66642.6 39912.3 66642.6 53417.1
14.78 268997 69696.5 67337.8 62518.5 67337.8 69696.5
14.8 298732 86001.9 57628.9 75005.2 57628.9 86001.9
14.82 318532 102231 38555.9 77922 38555.9 102231
14.84 326192 117461 13310.3 75696.3 13310.3 117461
14.86 320336 130838 -15441.1 74778.4 -15441.1 130838
14.88 301570 141827 -44996.7 80640.6 -44996.7 141827
14.9 271743 147276 -71549.6 95911.3 -71549.6 147276
14.92 231939 141137 -89199.8 119042 -89199.8 141137
14.94 181276 120311 -91224.5 143862 -91224.5 120311
14.96 118248 88956.5 -76538.1 162054 -76538.1 88956.5
14.98 44142.5 55037 -53665.5 167395 -53665.5 55037
15 -34647.9 24059 -33417.5 157900 -33417.5 24059
15.02 -108527 -3052.8 -19152.8 134883 -19152.8 -3052.8
15.04 -170036 -28044.7 -8524.77 101247 -8524.77 -28044.7
15.06 -218073 -52127.6 -1902.05 60448.2 -1902.05 -52127.6
15.08 -257198 -73345.7 -2998.89 16192.8 -2998.89 -73345.7
15.1 -292669 -88095.4 -11785.1 -26833.7 -11785.1 -88095.4
15.12 -325505 -96859.5 -20703.4 -62317.8 -20703.4 -96859.5
15.14 -351715 -105891 -18907.3 -84095.6 -18907.3 -105891
15.16 -365918 -120289 -452.134 -89719.8 -452.134 -120289
15.18 -365570 -137722 31137.6 -82076 31137.6 -137722
15.2 -351723 -151234 66701.2 -67843.1 66701.2 -151234
15.22 -326095 -155401 99054.3 -54977.8 99054.3 -155401
15.24 -288259 -148926 125064 -50190.8 125064 -148926
15.26 -236425 -134218 141931 -56384.1 141931 -134218
15.28 -170474 -114455 146134 -71674.3 146134 -114455
15.3 -93400.1 -89728.9 137107 -90769 137107 -89728.9
15.32 -9958.17 -58418.4 118965 -106872 118965 -58418.4
15.34 75386.9 -22816.3 98264.8 -113207 98264.8 -22816.3
15.36 158913 11262.7 81489.7 -104997 81489.7 11262.7
15.38 236974 41515.5 72777.6 -81067.7 72777.6 41515.5
15.4 306197 70494.4 72333.1 -43550.9 72333.1 70494.4
15.42 364809 98871.7 77681.9 2997.99 77681.9 98871.7
15.44 412822 122512 85419.5 51517.6 85419.5 122512
15.46 449833 137397 90418.9 93244.6 90418.9 137397
15.48 472870 143992 85832.9 120773 85832.9 143992
15.5 477485 146162 66847.3 131004 66847.3 146162
15.52 461285 147464 34845.7 125849 34845.7 147464
15.54 426197 148261 -2512.52 111313 -2512.52 148261
15.56 377290 145662 -36095.7 95560.6 -36095.7 145662
15.58 319107 136425 -60512.7 85691 -60512.7 136425
15.6 252955 120069 -74742.9 84586 -74742.9 120069
15.62 177617 99596.4 -79626.6 90103.5 -79626.6 99596.4
15.64 92776.4 79029 -76770.7 96985.2 -76770.7 79029
15.66 1768.9 59390.5 -69077.1 99666.5 -69077.1 59390.5
15.68 -89302.1 37468 -60210.3 94096.6 -60210.3 37468
15.7 -175125 9885.01 -53254.9 78276.1 -53254.9 9885.01
15.72 -253615 -22085.8 -50440.5 52466.7 -50440.5 -22085.8
15.74 -324653 -53661.6 -52543.1 19423.6 -52543.1 -53661.6
15.76 -386832 -80884.5 -57136.8 -16118 -57136.8 -80884.5
15.78 -435686 -101525 -59395.7 -48615.5 -59395.7 -101525
15.8 -465285 -114702 -56356.6 -72565.6 -56356.6 -114702
15.82 -471666 -121710 -48208.6 -83614.6 -48208.6 -121710
15.84 -455143 -124656 -35055.9 -80568.1 -35055.9 -124656
15.86 -420026 -123910 -16477.3 -66367.3 -16477.3 -123910
15.88 -371983 -118684 6010.95 -46572.9 6010.95 -118684
15.9 -314784 -109255 29912.8 -26970.6 29912.8 -109255
15.92 -249309 -97253.5 53869.7 -12005.5 53869.7 -97253.5
15.94 -175595 -84634.7 76114.3 -3923.3 76114.3 -84634.7
15.96 -95576.4 -72635.8 93437.6 -2588.81 93437.6 -72635.8
15.98 -13740.8 -60425.7 103908 -6275.23 103908 -60425.7
16 64926.4 -44453.3 107986 -12481.6 107986 -44453.3
16.02 137803 -20721.2 106285 -17848 106285 -20721.2
16.04 205630 10724.4 99565.2 -18209.6 99565.2 10724.4
16.06 270095 44156.9 90599 -10179.5 90599 44156.9
16.08 329794 72411.1 82403.8 6676.92 82403.8 72411.1
16.1 378681 92290 75813.2 29262.4 75813.2 92290
16.12 409195 104842 71247.2 52364.3 71247.2 104842
16.14 417400 111612 69846.7 70680.6 69846.7 111612
16.16 405199 112365 70426 80490.1 70426 112365
16.18 377668 105957 68451 80652.1 68451 105957
16.2 338542 92677.3 59986.6 72346.3 59986.6 92677.3
16.22 288209 76015.1 44130.4 57758 44130.4 76015.1
16.24 225659 61223.8 21840.9 39314 21840.9 61223.8
16.26 152039 51119.6 -4101.82 20073.7 -4101.82 51119.6
16.28 72066.7 43823.8 -28681.6 3882.34 -28681.6 43823.8
16.3 -8066.68 34901.6 -47588.4 -5699.64 -47588.4 34901.6
16.32 -84195.7 20964.4 -59929.6 -7009.87 -59929.6 20964.4
16.34 -155692 1350.87 -65928.7 -1353.81 -65928.7 1350.87
16.36 -223804 -22316.4 -64531.3 7201.85 -64531.3 -22316.4
16.38 -288665 -47393.7 -56006.2 13626 -56006.2 -47393.7
16.4 -347582 -71293.6 -44344.3 14499.8 -44344.3 -71293.6
16.42 -395737 -92048.5 -34664.7 9571.21 -34664.7 -92048.5
16.44 -428454 -108436 -29520.5 1196.63 -29520.5 -108436
16.46 -443208 -119633 -28396.7 -7578.34 -28396.7 -119633
16.48 -440112 -124915 -28923.3 -14545.3 -28923.3 -124915
16.5 -420978 -123945 -27998.7 -18502.7 -27998.7 -123945
16.52 -387862 -116950 -23543.5 -18571.3 -23543.5 -116950
16.54 -342156 -104789 -15257.1 -13706.9 -15257.1 -104789
16.56 -284742 -89596.1 -2605.26 -3148.59 -2605.26 -89596.1
16.58 -216911 -74266.3 16232.7 12216.7 16232.7 -74266.3
16.6 -141150 -59914 41282.6 28918.8 41282.6 -59914
16.62 -61062.8 -45022.9 67913.6 41959.1 67913.6 -45022.9
16.64 19454.5 -27930.2 89322 47279.9 89322 -27930.2
16.66 97172.6 -8461.17 101562 43557.5 101562 -8461.17
16.68 169942 12728.2 105171 32526.8 105171 12728.2
16.7 236381 34369.5 102938 18227.6 102938 34369.5
16.72 295233 54960.8 97057.8 5350.06 97057.8 54960.8
16.74 344773 73842.7 88112.2 -2464.68 88112.2 73842.7
16.76 382562 90440.5 76956.4 -3268.73 76956.4 90440.5
16.78 405947 103030 67293.4 3110.78 67293.4 103030
16.8 413245 109992 63997.7 14832.5 63997.7 109992
16.82 404594 111176 67246.1 28336.6 67246.1 111176
16.84 381621 107116 70686.8 39485.2 70686.8 107116
16.86 346287 98466.9 67807.8 44691.2 67807.8 98466.9
16.88 300017 86467.3 58053.7 41745.2 58053.7 86467.3
16.9 243844 72677.1 44906 30577.3 44906 72677.1
16.92 179306 58242.5 30447.1 13564.3 30447.1 58242.5
16.94 108948 43709.2 13844.6 -5004.63 13844.6 43709.2
16.96 35705.9 28831.2 -5928.6 -20059.9 -5928.6 28831.2
16.98 -38174.2 12388.8 -26661.2 -27263.2 -26661.2 12388.8
17 -111394 -6716.01 -42535.7 -24638 -42535.7 -6716.01
17.02 -182771 -27867.2 -48968 -13333.4 -48968 -27867.2
17.04 -250254 -49164.7 -47605.1 3216.43 -47605.1 -49164.7
17.06 -310823 -69256.4 -44343.8 20891.1 -44343.8 -69256.4
17.08 -361346 -87647.3 -42999.3 35938 -42999.3 -87647.3
17.1 -399539 -103563 -42696.3 45396.8 -42696.3 -103563
17.12 -424092 -115395 -40970 47419.9 -40970 -115395
17.14 -434051 -121159 -37771.9 41629.7 -37771.9 -121159
17.16 -428469 -119648 -35353.7 29469 -35353.7 -119648
17.18 -406902 -111509 -34732.2 14219.8 -34732.2 -111509
17.2 -370201 -98800.8 -34000.6 122.186 -34000.6 -98800.8
17.22 -320693 -83463.6 -30322.6 -9214.97 -30322.6 -83463.6
17.24 -261479 -66452.7 -22114.8 -12065.1 -22114.8 -66452.7
17.26 -195355 -47849.8 -9522.51 -8743.5 -9522.51 -47849.8
17.28 -124211 -27818.4 5789.49 -824.434 5789.49 -27818.4
17.3 -49486.8 -7926.69 21543.5 9724.1 21543.5 -7926.69
17.32 26663.7 9352.89 36202.7 20735.2 36202.7 9352.89
17.34 100736 23148.2 49239.9 29758.5 49239.9 23148.2
17.36 168736 35268 60254.5 34598.3 60254.5 35268
17.38 228034 48412.5 68274.9 34340.7 68274.9 48412.5
17.4 278324 63586.1 71912.8 29977.7 71912.8 63586.1
17.42 320404 78922.7 70600.6 24078.4 70600.6 78922.7
17.44 353862 91186.6 66256.5 19497.5 66256.5 91186.6
17.46 376168 98634.3 62802 17863.4 62802 98634.3
17.48 384119 101777 62794.4 19021.8 62794.4 101777
17.5 376200 101597 65044.3 21715.7 65044.3 101597
17.52 353542 97802.3 66377.9 24665 66377.9 97802.3
17.54 318530 88634 65041.2 27101.8 65041.2 88634
17.56 272609 72596.6 61526.5 28450.8 61526.5 72596.6
17.58 215641 50925.4 56572.9 27831.6 56572.9 50925.4
17.6 147463 27412.8 49481.3 24392.6 49481.3 27412.8
17.62 69969.1 5172.18 38850.6 18257.7 38850.6 5172.18
17.64 -12469.7 -15462 24481.9 10857.1 24481.9 -15462
17.66 -94701 -35784.1 8171.92 4204.55 8171.92 -35784.1
17.68 -172949 -56447 -7234.52 -251.205 -7234.52 -56447
17.7 -245408 -76416.2 -19588.1 -2436.17 -19588.1 -76416.2
17.72 -311037 -93779.4 -28304.1 -3555.59 -28304.1 -93779.4
17.74 -368087 -107347 -33538.5 -5105.45 -33538.5 -107347
17.76 -413722 -117045 -35289.6 -7853.2 -35289.6 -117045
17.78 -444834 -122840 -34053.9 -11636.9 -34053.9 -122840
17.8 -459153 -124087 -31322.3 -15904.2 -31322.3 -124087
17.82 -455845 -120073 -28318 -20281.4 -28318 -120073
17.84 -435399 -110787 -25098.7 -24573.1 -25098.7 -110787
17.86 -399123 -97108.9 -21479.5 -28202.6 -21479.5 -97108.9
17.88 -348705 -80329.6 -17866.7 -29723 -17866.7 -80329.6
17.9 -285934 -61571.5 -14530.1 -27027.2 -14530.1 -61571.5
17.92 -212581 -41641.9 -10484 -18282.7 -10484 -41641.9
17.94 -130517 -21106.6 -3885.91 -3012.01 -3885.91 -21106.6
17.96 -42079.8 -308.866 6318.87 17445.6 6318.87 -308.866
17.98 49504.4 20456.9 19606.8 40380.2 19606.8 20456.9
18 140148 40958.2 34425.7 62587.4 34425.7 40958.2
18.02 225669 61416 49039.5 81114.9 49039.5 61416
18.04 302897 82126.9 62255 93784.7 62255 82126.9
18.06 370148 102268 73478.9 99459 73478.9 102268
18.08 426462 119878 81738.1 98005.9 81738.1 119878
18.1 470276 133286 85480.7 90274.4 85480.7 133286
18.12 498956 141869 84402.9 78205 84402.9 141869
18.14 509864 145455 80539.3 64575.6 80539.3 145455
18.16 501967 143784 76370 52133.7 76370 143784
18.18 476359 136648 72535.5 42715.8 72535.5 136648
18.2 435255 123971 68064.7 36871.1 68064.7 123971
18.22 380469 105932 62134.1 33804.8 62134.1 105932
18.24 312781 83513 54882.5 31540.7 54882.5 83513
18.26 232765 58581.6 46700.3 27604.7 46700.3 58581.6
18.28 142257 32923.1 37286.2 20062.7 37286.2 32923.1
18.3 45079.2 7290.21 25674.5 8199.88 25674.5 7290.21
18.32 -53804.5 -18467.8 11400.5 -7436.7 11400.5 -18467.8
18.34 -149944 -44491.7 -4365.14 -25360.9 -4365.14 -44491.7
18.36 -240362 -70028.5 -19250.7 -43610.5 -19250.7 -70028.5
18.38 -323103 -93373.9 -31468.7 -60174.5 -31468.7 -93373.9
18.4 -396147 -112856 -40885.5 -73181.8 -40885.5 -112856
18.42 -456900 -127743 -48045.8 -80972.4 -48045.8 -127743
18.44 -502645 -138020 -52667.1 -82368.5 -52667.1 -138020
18.46 -531389 -143703 -53809.1 -77125.6 -53809.1 -143703
18.48 -542368 -144635 -51400.7 -66195.2 -51400.7 -144635
18.5 -535976 -140776 -46925.7 -51486.3 -46925.7 -140776
18.52 -513371 -132653 -42190.5 -35145.7 -42190.5 -132653
18.54 -475953 -121509 -37648.3 -18770.5 -37648.3 -121509
18.56 -425147 -108862 -32226.7 -3021.94 -32226.7 -108862
18.58 -362418 -95575.4 -24690.6 12236.1 -24690.6 -95575.4
18.6 -289269 -81178.4 -14845.8 27524.5 -14845.8 -81178.4
18.62 -207255 -64416.6 -3352.98 43318.9 -3352.98 -64416.6
18.64 -118220 -44515.8 9158.68 59672.1 9158.68 -44515.8
18.66 -24774 -21711.7 22467.7 75928.8 22467.7 -21711.7
18.68 69460.1 3193.92 36419.4 90666.4 36419.4 3193.92
18.7 160166 29251.3 50330.9 101969 50330.9 29251.3
18.72 243117 55238 62746.5 107980 62746.5 55238
18.74 314877 79371.5 72079.7 107521 72079.7 79371.5
18.76 372928 99437.7 77727.3 100475 77727.3 99437.7
18.78 415379 113523 80365.3 87765.8 80365.3 113523
18.8 440792 120778 81126.6 71073.9 81126.6 120778
18.82 448457 121567 80636.3 52473.6 80636.3 121567
18.84 438824 117019 78770 34078.8 78770 117019
18.86 413565 108511 75172.2 17654.8 75172.2 108511
18.88 375084 97385.7 69829.8 4236.88 69829.8 97385.7
18.9 325838 84636.7 63088.8 -6110.19 63088.8 84636.7
18.92 267778 70592.3 55265.5 -14267.3 55265.5 70592.3
18.94 202164 55104 46425.5 -21684.6 46425.5 55104
18.96 129972 38191.9 36563.8 -29679.2 36563.8 38191.9
18.98 52718.6 20201.5 26010.5 -38719.6 26010.5 20201.5
19 -26909.5 1278.98 15560.2 -48169.1 15560.2 1278.98
19.02 -105303 -18820.1 5876.13 -56621.1 5876.13 -18820.1
19.04 -178993 -40200.3 -3081.32 -62463 -3081.32 -40200.3
19.06 -245656 -62116.2 -11723.1 -64317.4 -11723.1 -62116.2
19.08 -304114 -82714 -20106.4 -61266.1 -20106.4 -82714
19.1 -353356 -99691.7 -27593.7 -52874.4 -27593.7 -99691.7
19.12 -391604 -111589 -33135.9 -39175.9 -33135.9 -111589
19.14 -416498 -118560 -35933.9 -20850.4 -35933.9 -118560
19.16 -426362 -121634 -35914.6 459.604 -35914.6 -121634
19.18 -421286 -121071 -33605.9 22134.4 -33605.9 -121071
19.2 -402857 -116019 -29675.5 41198.3 -29675.5 -116019
19.22 -372821 -105926 -24803.5 55249.3 -24803.5 -105926
19.24 -332100 -91576.2 -19801.8 63120.4 -19801.8 -91576.2
19.26 -281129 -74609.7 -15419.7 65111.1 -15419.7 -74609.7
19.28 -220989 -56516.2 -11843.5 62797.8 -11843.5 -56516.2
19.3 -154069 -38004.2 -8473.97 58377.2 -8473.97 -38004.2
19.32 -83609.9 -18955.2 -4317.9 53859.8 -4317.9 -18955.2
19.34 -12700.6 821.159 1479.83 50642.3 1479.83 821.159
19.36 56313.8 20621.7 9402.06 49421.1 9402.06 20621.7
19.38 121577 38992.8 19420.6 50055.2 19420.6 38992.8
19.4 181102 54889.7 30752.8 51459.4 30752.8 54889.7
19.42 232580 68277.9 41717.5 51882.7 41717.5 68277.9
19.44 273853 79384.3 50241.2 49517.4 50241.2 79384.3
19.46 303468 87713.1 55161 43097.4 55161 87713.1
19.48 320771 92310 56955.7 32337.4 56955.7 92310
19.5 325651 92753.4 56848.2 18207 56848.2 92753.4
19.52 318375 89315.4 55715.1 2817.11 55715.1 89315.4
19.54 299633 82422.2 54163.7 -11281.2 54163.7 82422.2
19.56 270521 72411 52860.5 -22007.9 52860.5 72411
19.58 232283 59628.6 52196.2 -28282.5 52196.2 59628.6
19.6 186089 44634 51944.7 -30078.1 51944.7 44634
19.62 133177 28439.7 51370 -28207.4 51370 28439.7
19.64 75259.1 12199.1 49478.8 -23893.2 49478.8 12199.1
19.66 14705.4 -3782.29 45476.1 -18300.6 45476.1 -3782.29
19.68 -45813.2 -20169.2 39244.8 -12400 39244.8 -20169.2
19.7 -103945 -37202.4 31303.5 -7060.43 31303.5 -37202.4
19.72 -157896 -53698.2 22414.4 -2898.55 22414.4 -53698.2
19.74 -206051 -67907.7 13310.4 69.9811 13310.4 -67907.7
19.76 -246557 -78903.5 4556.55 2467.62 4556.55 -78903.5
19.78 -277524 -86573 -3466.62 5184.94 -3466.62 -86573
19.8 -297685 -90717.2 -10441.4 8971.56 -10441.4 -90717.2
19.82 -306724 -90750 -16079 14128.2 -16079 -90750
19.84 -304924 -86090.5 -20248.7 20279 -20248.7 -86090.5
19.86 -292617 -76778.9 -23040.5 26471.5 -23040.5 -76778.9
19.88 -270096 -63844.8 -24623.5 31655.8 -24623.5 -63844.8
19.9 -237956 -48886.5 -25059.8 35096.3 -25059.8 -48886.5
19.92 -197420 -33181.7 -24379 36454.4 -24379 -33181.7
19.94 -150276 -17261.4 -22816.8 35765.6 -22816.8 -17261.4
19.96 -98495.6 -1204.59 -20634.1 33497.5 -20634.1 -1204.59
19.98 -43837.1 14922 -17637 30559.6 -17637 14922
20 12239.8 30927.3 -13310.3 28134.4 -13310.3 30927.3
20.02 68345.2 46488.5 -7442.32 27371.3 -7442.32 46488.5
20.04 122868 61081.5 -236.724 29000 -236.724 61081.5
20.06 173877 74002.4 8066.46 32962.1 8066.46 74002.4
20.08 219257 84485.9 17371.3 38315 17371.3 84485.9
20.1 256969 91723.7 27608.1 43567.3 27608.1 91723.7
20.12 285295 94993.3 38441.9 47248.5 38441.9 94993.3
20.14 302962 93983.6 48892.4 48398.3 48892.4 93983.6
20.16 309163 88896 57495.6 46803 57495.6 88896
20.18 303550 80229.7 63365.8 42911.4 63365.8 80229.7
20.2 286253 68635.4 66839.5 37492.9 66839.5 68635.4
20.22 257921 54981.7 68568.4 31303.4 68568.4 54981.7
20.24 219724 40247.1 68531.1 24967.7 68531.1 40247.1
20.26 173299 25143.3 66517.7 18977.3 66517.7 25143.3
20.28 120616 9788.33 63036.4 13603 63036.4 9788.33
20.3 63727.4 -6255.6 59092.1 8735.01 59092.1 -6255.6
20.32 4512.77 -23309.4 55073.2 3823.01 55073.2 -23309.4
20.34 -55366.4 -40707.7 50231.5 -1903.36 50231.5 -40707.7
20.36 -114196 -56887.8 43491.3 -8952.12 43491.3 -56887.8
20.38 -169929 -70644.3 34545.4 -17166.1 34545.4 -70644.3
20.4 -220314 -81833.8 23931.7 -25770.2 23931.7 -81833.8
20.42 -263407 -90507.7 12227.5 -33738.7 12227.5 -90507.7
20.44 -297971 -96143.2 -391.583 -40049.2 -391.583 -96143.2
20.46 -323369 -98161.2 -13519.3 -43814.2 -13519.3 -98161.2
20.48 -339098 -96540.8 -25769.9 -44478.7 -25769.9 -96540.8
20.5 -344514 -91746.2 -35279.9 -41914 -35279.9 -91746.2
20.52 -339022 -84448.8 -41013.3 -36298.8 -41013.3 -84448.8
20.54 -322479 -75194 -43335.5 -28074.6 -43335.5 -75194
20.56 -295465 -64116.8 -43466.4 -18022.9 -43466.4 -64116.8
20.58 -259238 -51124.8 -42447.4 -7160.9 -42447.4 -51124.8
20.6 -215410 -36251.4 -40483 3573.15 -40483 -36251.4
20.62 -165560 -19644.4 -37391.7 13603.8 -37391.7 -19644.4
20.64 -111074 -1575.53 -33439.9 22880.6 -33439.9 -1575.53
20.66 -53301 17251.5 -29103.1 31863.9 -29103.1 17251.5
20.68 6136.97 35589.7 -24213 41227.3 -24213 35589.7
20.7 65144.5 52018.9 -17916.6 51386.3 -17916.6 52018.9
20.72 121297 65610.2 -9347.68 62174.8 -9347.68 65610.2
20.74 172322 76192.4 1745.36 72898.6 1745.36 76192.4
20.76 216503 83704.2 14676.9 82650.8 14676.9 83704.2
20.78 252649 87680.4 28144.1 90520.2 28144.1 87680.4
20.8 279760 87932.2 41000.2 95589.8 41000.2 87932.2
20.82 296871 85197.7 52480.9 96999.7 52480.9 85197.7
20.84 303321 80513.4 61919.2 94130 61919.2 80513.4
20.86 299079 74386.1 68761.5 86716.1 68761.5 74386.1
20.88 284676 66760 72798.5 74958.7 72798.5 66760
20.9 260829 57402.5 74267.7 59666.1 74267.7 57402.5
20.92 228274 46313.8 73777.6 42148.6 73777.6 46313.8
20.94 187977 33810.5 71941.2 23829.1 71941.2 33810.5
20.96 141367 20196 69055 5912.21 69055 20196
20.98 90273.7 5604.73 65337.2 -10715.2 65337.2 5604.73
21 36649.7 -9715.99 61225.6 -25459.6 61225.6 -9715.99
21.02 -17603.2 -25124 57039.1 -37980.6 57039.1 -25124
21.04 -70556.4 -39647.1 52560.9 -48144.9 52560.9 -39647.1
21.06 -120106 -52355.6 47177.3 -55959.5 47177.3 -52355.6
21.08 -164083 -62715.2 40297.1 -61492.5 40297.1 -62715.2
21.1 -200632 -70491.8 31774.3 -64790 31774.3 -70491.8
21.12 -228536 -75332.6 22128.2 -65760.6 22128.2 -75332.6
21.14 -247160 -76730.3 12232.2 -64054.5 12232.2 -76730.3
21.16 -256126 -74417.5 2764.47 -59098.6 2764.47 -74417.5
21.18 -255073 -68603.7 -5820.35 -50354.2 -5820.35 -68603.7
21.2 -243795 -59928.7 -12884.4 -37644.9 -12884.4 -59928.7
21.22 -222611 -49192.2 -17669.3 -21400.5 -17669.3 -49192.2
21.24 -192584 -37010.1 -19894.1 -2710.06 -19894.1 -37010.1
21.26 -155382 -23729.8 -20045.5 16909.6 -20045.5 -23729.8
21.28 -112890 -9550.27 -18980.2 35940.7 -18980.2 -9550.27
21.3 -66802.1 5384.77 -17366.7 53245.6 -17366.7 5384.77
21.32 -18465.5 20899.4 -15631 68212.1 -15631 20899.4
21.34 30913.6 36592.2 -14166.4 80655 -14166.4 36592.2
21.36 79840.2 51798.1 -13196.7 90582.4 -13196.7 51798.1
21.38 126285 65889.4 -12477.8 97998.1 -12477.8 65889.4
21.4 167929 78422.3 -11300.5 102871 -11300.5 78422.3
21.42 202778 88883.4 -8799.24 105187 -8799.24 88883.4
21.44 229653 96529.3 -4467.46 104936 -4467.46 96529.3
21.46 248129 100588 1440.02 102035 1440.02 100588
21.48 258018 100416 8228.21 96299.7 8228.21 100416
21.5 258839 95570.2 15391.9 87457.6 15391.9 95570.2
21.52 249784 86302.7 22526.4 75229.9 22526.4 86302.7
21.54 230282 73882.7 28849.3 59644.8 28849.3 73882.7
21.56 200751 59895.3 33355.1 41427.7 33355.1 59895.3
21.58 162890 45328.8 35491.6 21995.9 35491.6 45328.8
21.6 119147 30266.6 35591.9 2998.54 35591.9 30266.6
21.62 71675.6 14102.2 34741 -14227.3 34741 14102.2
21.64 21667.3 -3668.45 34122.5 -29011.4 34122.5 -3668.45
21.66 -30327.1 -22555.7 34302 -41338.3 34302 -22555.7
21.68 -83349 -41303.6 35213.2 -51420.5 35213.2 -41303.6
21.7 -135235 -58994.4 36722.7 -59260.5 36722.7 -58994.4
21.72 -182867 -75392.9 38720.5 -64646.6 38720.5 -75392.9
21.74 -223378 -90346.4 40571.1 -67434.3 40571.1 -90346.4
21.76 -255298 -103157 41140.1 -67732.8 41140.1 -103157
21.78 -278597 -112489 39862.2 -65852.4 39862.2 -112489
21.8 -293681 -117134 37352.3 -62036 37352.3 -117134
21.82 -300359 -116920 34579.6 -56193.5 34579.6 -116920
21.84 -297703 -112589 31943.5 -47924.8 31943.5 -112589
21.86 -284799 -105022 29425.1 -36840.4 29425.1 -105022
21.88 -261671 -94905.9 27080.7 -22978.2 27080.7 -94905.9
21.9 -229583 -82798.9 25163.1 -7080.13 25163.1 -82798.9
21.92 -190568 -69001.2 24024.4 9516.29 24024.4 -69001.2
21.94 -146593 -53464.7 23738.4 25417.2 23738.4 -53464.7
21.96 -98952 -35991.8 23744 39726.9 23744 -35991.8
21.98 -48219.3 -16612.7 23335.6 52158.4 23335.6 -16612.7
22 5118.56 3898.43 22468.8 62709.4 22468.8 3898.43
22.02 59746.2 24080.9 21567.2 71217.9 21567.2 24080.9
22.04 113077 42753.5 20780 77187.2 20780 42753.5
22.06 161798 59647.3 19917.2 80103.5 19917.2 59647.3
22.08 203089 74841.2 18842.2 79965.1 18842.2 74841.2
22.1 235575 87906.6 17592.2 77467.3 17592.2 87906.6
22.12 259216 97874.8 16255 73663.7 16255 97874.8
22.14 274284 103728 14956 69411.8 14956 103728
22.16 280362 104837 13970.4 64938 13970.4 104837
22.18 276247 101275 13714.8 59761.6 13714.8 101275
22.2 260795 93708.2 14422.3 53107.6 14422.3 93708.2
22.22 233982 82922.9 15704.6 44527.9 15704.6 82922.9
22.24 197267 69405.4 16644.9 34217.3 16644.9 69405.4
22.26 152944 53332.5 16487.2 22819.4 16487.2 53332.5
22.28 103077 35044.3 15198.3 11005.5 15198.3 35044.3
22.3 48956.8 15425.6 13331.4 -752.13 13331.4 15425.6
22.32 -8473.54 -4262.57 11422.1 -12084 11422.1 -4262.57
22.34 -67724.2 -23047.7 9721.37 -22485.6 9721.37 -23047.7
22.36 -126347 -40926.9 8538.46 -31235.8 8538.46 -40926.9
22.38 -181483 -58736.4 8422.54 -37657.4 8422.54 -58736.4
22.4 -230880 -76984.5 9628.15 -41541.7 9628.15 -76984.5
22.42 -273384 -94684.7 11618.4 -43281.4 11618.4 -94684.7
22.44 -308450 -109697 13381.5 -43495.1 13381.5 -109697
22.46 -335273 -120363 14113.6 -42514.5 14113.6 -120363
22.48 -352524 -126424 13636.6 -40239.7 13636.6 -126424
22.5 -358930 -128300 12489.8 -36385.3 12489.8 -128300
22.52 -353937 -125968 11596.6 -30806.7 11596.6 -125968
22.54 -337748 -119062 11633.2 -23690.5 11633.2 -119062
22.56 -310944 -107913 12757.9 -15577.4 12757.9 -107913
22.58 -274324 -93838 14846.7 -7209.16 14846.7 -93838
22.6 -229170 -78328.2 17691.8 774.746 17691.8 -78328.2
22.62 -177427 -62186.6 21042.6 8073.63 21042.6 -62186.6
22.64 -121345 -45278.9 24752.1 14715.1 24752.1 -45278.9
22.66 -62837.1 -26962.6 28683.6 20947 28683.6 -26962.6
22.68 -3199.16 -7002.72 32245.9 27188.9 32245.9 -7002.72
22.7 56433.5 13801.2 34530.1 33873.9 34530.1 13801.2
22.72 114354 34111.4 35328 41087.2 35328 34111.4
22.74 168043 52876.9 35539.2 48361.3 35539.2 52876.9
22.76 214714 69264.1 36175 54879.7 36175 69264.1
22.78 252170 82208.1 37430.2 59845.8 37430.2 82208.1
22.8 279173 90574.1 38893.3 62760.9 38893.3 90574.1
22.82 295160 93760.8 40132.5 63560.3 40132.5 93760.8
22.84 299810 92051.7 40938.8 62515.5 40938.8 92051.7
22.86 292974 86481.5 41171.7 59902.3 41171.7 86481.5
22.88 274870 78384.7 40436 55754.4 40436 78384.7
22.9 246220 68864.9 38184.6 49971.5 38184.6 68864.9
22.92 208235 58470.4 34304.7 42591.8 34304.7 58470.4
22.94 162495 47190.4 29341.4 33890.9 29341.4 47190.4
22.96 110787 34661.9 24012.1 24270.5 24012.1 34661.9
22.98 54934.1 20471.9 18662.9 14116.9 18662.9 20471.9
23 -3334.64 4436.85 13247.3 3756.98 13247.3 4436.85
23.02 -62413.1 -13176.7 7774.91 -6476.13 7774.91 -13176.7
23.04 -120673 -31474.9 2584.94 -16105.1 2584.94 -31474.9
23.06 -176192 -49042.2 -2072.52 -24407.5 -2072.52 -49042.2
23.08 -226622 -64534.8 -6454.84 -30515.4 -6454.84 -64534.8
23.1 -269503 -77296.8 -10931.6 -33764.4 -10931.6 -77296.8
23.12 -302906 -87224.3 -15386.2 -34076.3 -15386.2 -87224.3
23.14 -325889 -94086 -19293.2 -32034.1 -19293.2 -94086
23.16 -338339 -97313.3 -22187 -28558.6 -22187 -97313.3
23.18 -340323 -96434.8 -23792.2 -24451.7 -23792.2 -96434.8
23.2 -331593 -91573.8 -23862.1 -20096.6 -23862.1 -91573.8
23.22 -311769 -83543.8 -22251.4 -15433.8 -22251.4 -83543.8
23.24 -281036 -73355.4 -19121 -10212.4 -19121 -73355.4
23.26 -240660 -61491.6 -14888.7 -4314.24 -14888.7 -61491.6
23.28 -192788 -47729.5 -10023.3 2152.83 -10023.3 -47729.5
23.3 -139722 -31850.5 -4821.2 9054.74 -4821.2 -31850.5
23.32 -83285.8 -14361.1 840.292 16435.7 840.292 -14361.1
23.34 -24788.9 3616.6 7411.12 24492.8 7411.12 3616.6
23.36 34479.3 20887.3 15073 33366.8 15073 20887.3
23.38 92759.4 36552.8 23459 42879.5 23459 36552.8
23.4 147779 50119.8 32070.2 52375.8 32070.2 50119.8
23.42 197141 61425 40488.8 60843.6 40488.8 61425
23.44 238783 70375 48164.2 67300.6 48164.2 70375
23.46 271224 76724.4 54547.5 71158.5 54547.5 76724.4
23.48 293539 80241.3 59546.1 72302.1 59546.1 80241.3
23.5 305267 80959.4 63474 70936.7 63474 80959.4
23.52 306345 79013.6 66567.1 67373.9 66567.1 79013.6
23.54 297031 74345.1 68844.2 61827.7 68844.2 74345.1
23.56 277775 66880.4 70224.7 54321.4 70224.7 66880.4
23.58 249127 56913.9 70471.7 44842.4 70471.7 56913.9
23.6 211817 44990.9 69192.8 33632.7 69192.8 44990.9
23.62 166958 31595.9 66069.8 21298.2 66069.8 31595.9
23.64 116130 17175.9 60989.2 8677.09 60989.2 17175.9
23.66 61228 2156.89 54024 -3332.91 54024 2156.89
23.68 4194.56 -13153.5 45572.5 -13952.9 45572.5 -13153.5
23.7 -53123 -28377 36425.3 -22731.7 36425.3 -28377
23.72 -108900 -42820 27392.1 -29598 27392.1 -42820
23.74 -161172 -55785.9 18971.7 -34669.6 18971.7 -55785.9
23.76 -207815 -66963.4 11437.6 -38079 11437.6 -66963.4
23.78 -246758 -76092.7 4879.06 -39966.1 4879.06 -76092.7
23.8 -276334 -82598.3 -1001.93 -40435.4 -1001.93 -82598.3
23.82 -295538 -85886.8 -6806.79 -39454.4 -6806.79 -85886.8
23.84 -304059 -85696 -12843.7 -36887.2 -12843.7 -85696
23.86 -302165 -82041.5 -18779.5 -32589.1 -18779.5 -82041.5
23.88 -290510 -75117.6 -23921.3 -26386.6 -23921.3 -75117.6
23.9 -269882 -65381.6 -27401.4 -18069.9 -27401.4 -65381.6
23.92 -240997 -53558.1 -28217.6 -7573.19 -28217.6 -53558.1
23.94 -204525 -40486.4 -25857.7 4801.16 -25857.7 -40486.4
23.96 -161385 -27016.4 -20923.5 18328.7 -20923.5 -27016.4
23.98 -113069 -13828.7 -14661.1 31961.9 -14661.1 -13828.7
24 -61665.7 -1083.58 -8070.88 44534 -8070.88 -1083.58
24.02 -9448.26 11709.2 -1693.89 55103.8 -1693.89 11709.2
24.04 41752.4 25149 4286.11 63316.1 4286.11 25149
24.06 90867 39141 10063.8 69447.8 10063.8 39141
24.08 137251 52751.8 16004 74025.6 16004 52751.8
24.1 179908 64634.4 22302.6 77332.8 22302.6 64634.4
24.12 216975 73546.6 29070.4 79127.5 29070.4 73546.6
24.14 246030 78949.5 36465.4 78690.2 36465.4 78949.5
24.16 265111 81269.6 44227.7 75257.8 44227.7 81269.6
24.18 273645 81259.2 51374.1 68645.2 51374.1 81259.2
24.2 272523 79025.5 56827.4 59506.4 56827.4 79025.5
24.22 263166 74018.1 60092.2 48947.9 60092.2 74018.1
24.24 246349 65951.8 61084.8 37900.7 61084.8 65951.8
24.26 221847 55490.5 59786.7 26808.1 59786.7 55490.5
24.28 189262 44019.2 56399.3 15759.6 56399.3 44019.2
24.3 149211 32600.5 51454.2 4874.28 51454.2 32600.5
24.32 103700 21080.4 45697.6 -5416.61 45697.6 21080.4
24.34 55357.5 8497.72 40006.9 -14486.6 40006.9 8497.72
24.36 6314.6 -5586.16 34977.2 -21917.9 34977.2 -5586.16
24.38 -42246 -20425.4 30450 -27764.9 30450 -20425.4
24.4 -89583.2 -34670.8 25791.1 -32435.4 25791.1 -34670.8
24.42 -134584 -47180.8 20531.7 -36307.5 20531.7 -47180.8
24.44 -175443 -57248.5 14478.7 -39333.1 14478.7 -57248.5
24.46 -210066 -64574 7516.2 -40892.5 7516.2 -64574
24.48 -236818 -69352.1 -218.48 -40083 -218.48 -69352.1
24.5 -255060 -72100.9 -7962.02 -36284.8 -7962.02 -72100.9
24.52 -265071 -73058.7 -14342.6 -29520.9 -14342.6 -73058.7
24.54 -267378 -72004.8 -17998.8 -20310.1 -17998.8 -72004.8
24.56 -262059 -68843.8 -18366.8 -9308.36 -18366.8 -68843.8
24.58 -248665 -63955.5 -15899.7 2826.21 -15899.7 -63955.5
24.6 -226869 -57861.1 -11663.6 15363.5 -11663.6 -57861.1
24.62 -197233 -50753.6 -6733.38 27449.1 -6733.38 -50753.6
24.64 -161287 -42273.5 -1687.25 38142.7 -1687.25 -42273.5
24.66 -120858 -31755.6 3371.71 46628 3371.71 -31755.6
24.68 -77340.1 -19022.1 8381.44 52586.3 8381.44 -19022.1
24.7 -31616.5 -5006.25 13323.4 56384.9 13323.4 -5006.25
24.72 15383.2 8752.02 18632.2 58758 18632.2 8752.02
24.74 62139.8 21244.8 25048.6 60250.3 25048.6 21244.8
24.76 106608 32288.2 32884.9 60933.3 32884.9 32288.2
24.78 146805 41911.5 41627.2 60489.5 41627.2 41911.5
24.8 181319 49940.8 50241.4 58485.5 50241.4 49940.8
24.82 209322 56109.9 57787.7 54693.2 57787.7 56109.9
24.84 230291 60263.6 63743.9 49257 63743.9 60263.6
24.86 243801 62405.7 67773.2 42543.6 67773.2 62405.7
24.88 249500 62604.9 69573.6 34869.9 69573.6 62604.9
24.9 247155 60872.9 69248.5 26441.8 69248.5 60872.9
24.92 236735 57230.2 67430.2 17512.8 67430.2 57230.2
24.94 218546 51832.6 64751.2 8526.32 64751.2 51832.6
24.96 193322 44901.9 61392.3 90.3214 61392.3 44901.9
24.98 162147 36634.4 57135.2 -7203.77 57135.2 36634.4
25 126204 27254.5 51630.3 -12987.7 51630.3 27254.5
25.02 86553 17099.1 44695.1 -17206.6 44695.1 17099.1
25.04 44124.2 6634.58 36546.2 -20028 36546.2 6634.58
25.06 -65.5397 -3672.34 27629.2 -21623.8 27629.2 -3672.34
25.08 -44708.8 -13558.2 18180.4 -21994.7 18180.4 -13558.2
25.1 -88220 -22973 8225.29 -20993.2 8225.29 -22973
25.12 -128976 -31860.1 -2001.33 -18499.2 -2001.33 -31860.1
25.14 -165603 -39992.5 -11959.4 -14570.8 -11959.4 -39992.5
25.16 -197092 -46960.8 -21124.9 -9467.19 -21124.9 -46960.8
25.18 -222691 -52206.9 -29151.4 -3547.72 -29151.4 -52206.9
25.2 -241707 -55215.7 -35801.2 2890.51 -35801.2 -55215.7
25.22 -253415 -55785.5 -40923.1 9680.2 -40923.1 -55785.5
25.24 -257184 -54080.1 -44391.8 16665.5 -44391.8 -54080.1
25.26 -252744 -50509.2 -45961.3 23533.9 -45961.3 -50509.2
25.28 -240421 -45570.3 -45286.2 29784.9 -45286.2 -45570.3
25.3 -221082 -39589.2 -42230 34872.8 -42230 -39589.2
25.32 -195808 -32584.3 -37167 38458.5 -37167 -32584.3
25.34 -165540 -24592.4 -30801.9 40618.4 -30801.9 -24592.4
25.36 -131015 -16055.2 -23615.4 41805.1 -23615.4 -16055.2
25.38 -93050.9 -7659.95 -15678.4 42552.8 -15678.4 -7659.95
25.4 -52880.9 142.033 -6941.31 43194.5 -6941.31 142.033
25.42 -12162.1 7323.92 2576.43 43788.7 2576.43 7323.92
25.44 27402.1 13993.2 12819.4 44203.4 12819.4 13993.2
25.46 64466 19957.5 23757.8 44210.9 23757.8 19957.5
25.48 98122.7 24713.4 35425.1 43505.3 35425.1 24713.4
25.5 127685 27915.6 47713.8 41680 47713.8 27915.6
25.52 152452 29669.2 59952.6 38271.1 59952.6 29669.2
25.54 171668 30315.2 70940 32904.6 70940 30315.2
25.56 184650 30089.4 79532.7 25493.5 79532.7 30089.4
25.58 190925 29065.5 85067.9 16394.8 85067.9 29065.5
25.6 190322 27293.7 87376.3 6428.24 87376.3 27293.7
25.62 183023 24838.5 86710.2 -3296.66 86710.2 24838.5
25.64 169527 21630.5 83657.5 -11677.7 83657.5 21630.5
25.66 150475 17374.5 78910.3 -17901.2 78910.3 17374.5
25.68 126466 11770.2 73114.1 -21611.2 73114.1 11770.2
25.7 98009.8 4797.86 66870.3 -22933.4 66870.3 4797.86
25.72 65723.5 -3164.71 60531.9 -22385.2 60531.9 -3164.71
25.74 30580.9 -11429.2 53830.7 -20700.8 53830.7 -11429.2
25.76 -6045.49 -19299.3 45951.3 -18595.1 45951.3 -19299.3
25.78 -42634.7 -26246.6 36144.3 -16569.5 36144.3 -26246.6
25.8 -77856 -31830.5 24178.4 -14819 24178.4 -31830.5
25.82 -110739 -35746.8 10357.6 -13203.2 10357.6 -35746.8
25.84 -140607 -38071 -4500.91 -11289.2 -4500.91 -38071
25.86 -166876 -39184.6 -19064.6 -8502.6 -19064.6 -39184.6
25.88 -188895 -39411.1 -31826.2 -4309.59 -31826.2 -39411.1
25.9 -205909 -38955.6 -41647.3 1633.7 -41647.3 -38955.6
25.92 -217154 -37965.2 -47991 9300.97 -47991 -37965.2
25.94 -222035 -36399.5 -50893.3 18162.1 -50893.3 -36399.5
25.96 -220311 -34069.4 -50946.3 27285.3 -50946.3 -34069.4
25.98 -212156 -30843.1 -49054.8 35617.6 -49054.8 -30843.1
26 -198043 -26658.8 -45903.8 42265.8 -45903.8 -26658.8
26.02 -178533 -21441.7 -41762 46734.2 -41762 -21441.7
26.04 -154115 -15171.1 -36818.6 49078.2 -36818.6 -15171.1
26.06 -125234 -8096.86 -31384.7 49848.3 -31384.7 -8096.86
26.08 -92563.8 -874.992 -25617.5 49810.3 -25617.5 -874.992
26.1 -57325.4 5747.15 -19133.6 49596.4 -19133.6 5747.15
26.12 -21215.5 11535.2 -11084.4 49500.5 -11084.4 11535.2
26.14 14115.9 16733.9 -773.587 49502.9 -773.587 16733.9
26.16 47606.5 21402.8 11758 49361.3 11758 21402.8
26.18 78807.7 25238.5 25587 48610.9 25587 25238.5
26.2 107353 27936.3 39283.9 46587.9 39283.9 27936.3
26.22 132419 29444.2 51674.2 42556.9 51674.2 29444.2
26.24 152774 30126.9 62173.5 35897.2 62173.5 30126.9
26.26 167362 30745.8 70254.9 26416.9 70254.9 30745.8
26.28 175891 31877.5 75143.3 14743.4 75143.3 31877.5
26.3 178862 33282.5 76415.3 2376.97 76415.3 33282.5
26.32 177002 34079.2 74533.5 -8830.36 74533.5 34079.2
26.34 170581 33441.6 70625.3 -17392.2 70625.3 33441.6
26.36 159218 31020.7 65891.8 -22607.5 65891.8 31020.7
26.38 142369 26959.5 61098.3 -24559.2 61098.3 26959.5
26.4 120040 21618.2 56450.7 -23807.3 56450.7 21618.2
26.42 93109 15183.7 51837.6 -21019.1 51837.6 15183.7
26.44 63024.1 7646.72 46972.2 -16830.3 46972.2 7646.72
26.46 31179.3 -747.808 41277.3 -11956.9 41277.3 -747.808
26.48 -1479.72 -9083.5 33948.2 -7244.9 33948.2 -9083.5
26.5 -34300.7 -16006.2 24393.3 -3411.54 24393.3 -16006.2
26.52 -66455.5 -20591.2 12664.3 -637.773 12664.3 -20591.2
26.54 -96694.9 -22944.1 -452.057 1600.88 -452.057 -22944.1
26.56 -123617 -23957.2 -13642.2 4300.67 -13642.2 -23957.2
26.58 -146203 -24656.9 -25376.9 8440.35 -25376.9 -24656.9
26.6 -164102 -25718.2 -34229.5 14482.5 -34229.5 -25718.2
26.62 -177432 -27270.3 -39253.6 22124.8 -39253.6 -27270.3
26.64 -186299 -28977.1 -40328.5 30468 -40328.5 -28977.1
26.66 -190457 -30334.2 -38157.4 38455.4 -38157.4 -30334.2
26.68 -189325 -30964.3 -33830.5 45211.9 -33830.5 -30964.3
26.7 -182364 -30695.5 -28421.7 50106 -28421.7 -30695.5
26.72 -169502 -29377.2 -22925.1 52687.5 -22925.1 -29377.2
26.74 -151276 -26700.2 -18094.3 52725.2 -18094.3 -26700.2
26.76 -128593 -22398.8 -14024.9 50369.8 -14024.9 -22398.8
26.78 -102353 -16682.4 -9988.47 46251.2 -9988.47 -16682.4
26.8 -73303.7 -10317.7 -4805.59 41348.3 -4805.59 -10317.7
26.82 -42203.5 -4227.64 2521.81 36651.6 2521.81 -4227.64
26.84 -10053.7 978.984 12398.7 32773.5 12398.7 978.984
26.86 21887.4 5212.59 24570.1 29689.7 24570.1 5212.59
26.88 52349.5 8759.89 38184.1 26774.6 38184.1 8759.89
26.9 80301.6 11883.1 51883.4 23144.8 51883.4 11883.1
26.92 104976 14567.9 64038.9 18089.3 64038.9 14567.9
26.94 125712 16739.3 73205.9 11358.4 73205.9 16739.3
26.96 141859 18533.7 78606.7 3277.3 78606.7 18533.7
26.98 152882 20110.1 80323.1 -5290.33 80323.1 20110.1
27 158510 21299.4 79115.2 -13157.4 79115.2 21299.4
27.02 158723 21674.1 76028.4 -19150.2 76028.4 21674.1
27.04 153600 20919.1 72096.4 -22405.2 72096.4 20919.1
27.06 143252 19005.9 68199.9 -22562.2 68199.9 19005.9
27.08 127955 16079.5 64835.6 -19878.4 64835.6 16079.5
27.1 108287 12287.2 61847.7 -15201.2 61847.7 12287.2
27.12 85062.1 7731.49 58465 -9726.05 58465 7731.49
27.14 59095.8 2529.09 53725.1 -4621.96 53725.1 2529.09
27.16 31041.5 -3050.74 46943.2 -702.412 46943.2 -3050.74
27.18 1491.15 -8443.26 37893.5 1781.47 37893.5 -8443.26
27.2 -28747.9 -12975.1 26766.7 3234.19 26766.7 -12975.1
27.22 -58501.2 -16366.8 14156.1 4614.25 14156.1 -16366.8
27.24 -86432 -18969.3 1107.93 7065.62 1107.93 -18969.3
27.26 -111480 -21373.8 -11022.2 11432.5 -11022.2 -21373.8
27.28 -133104 -23805.7 -20947.3 17924 -20947.3 -23805.7
27.3 -151059 -26035.8 -27819.3 26052.5 -27819.3 -26035.8
27.32 -164968 -27835 -31443.1 34779.5 -31443.1 -27835
27.34 -174170 -29255.5 -32205.9 42776 -32205.9 -29255.5
27.36 -178000 -30377 -30784.7 48751 -30784.7 -30377
27.38 -176178 -30945.2 -27967.7 51761.5 -27967.7 -30945.2
27.4 -168890 -30373.4 -24591.9 51396.3 -24591.9 -30373.4
27.42 -156557 -28087.3 -21307.9 47833 -21307.9 -28087.3
27.44 -139594 -23935.8 -18275.6 41826.8 -18275.6 -23935.8
27.46 -118416 -18348.4 -15177.7 34591.6 -15177.7 -18348.4
27.48 -93646.1 -12068.2 -11453.1 27503.9 -11453.1 -12068.2
27.5 -66250.3 -5757.74 -6463.91 21721.1 -6463.91 -5757.74
27.52 -37450.6 84.9775 329.727 17891.1 329.727 84.9775
27.54 -8476.35 5011.3 9152.08 16022.2 9152.08 5011.3
27.56 19624.4 8672.16 19780.3 15524.2 19780.3 8672.16
27.58 45997.5 11016.2 31509.5 15433.6 31509.5 11016.2
27.6 69913 12371.6 43216.5 14747.8 43216.5 12371.6
27.62 90749.4 13292.6 53593.7 12719 53593.7 13292.6
27.64 108028 14269.5 61510.4 9034.39 61510.4 14269.5
27.66 121406 15526.7 66334.6 3890.04 66334.6 15526.7
27.68 130606 17020.8 68075.8 -2035.43 68075.8 17020.8
27.7 135361 18506.3 67292.1 -7723 67292.1 18506.3
27.72 135431 19600.1 64834.3 -12063.2 64834.3 19600.1
27.74 130683 19886.9 61587 -14146.1 61587 19886.9
27.76 121176 18996.2 58264.2 -13498.2 58264.2 18996.2
27.78 107176 16640.6 55231.8 -10216.1 55231.8 16640.6
27.8 89094.6 12731.8 52396.3 -4965.99 52396.3 12731.8
27.82 67438.7 7539.24 49246.9 1192.68 49246.9 7539.24
27.84 42844.1 1674.71 45054.6 7131.35 45054.6 1674.71
27.86 16174.8 -4152.78 39150.5 11983 39150.5 -4152.78
27.88 -11451.4 -9420.18 31187.1 15343.7 31187.1 -9420.18
27.9 -38808.3 -13876.1 21305.1 17306.1 21305.1 -13876.1
27.92 -64793.1 -17426.7 10167.3 18359.3 10167.3 -17426.7
27.94 -88562.5 -20047.4 -1146.18 19196.9 -1146.18 -20047.4
27.96 -109496 -21816.4 -11374.2 20479.6 -11374.2 -21816.4
27.98 -127082 -22948 -19401.5 22615.2 -19401.5 -22948
28 -140860 -23734.5 -24564 25627.4 -24564 -23734.5
28.02 -150468 -24396.1 -26791.1 29136.6 -26791.1 -24396.1
28.04 -155697 -24938.4 -26539 32452 -26539 -24938.4
28.06 -156498 -25157.1 -24584.5 34771 -24584.5 -25157.1
28.08 -152923 -24785 -21777.9 35439.2 -21777.9 -24785
28.1 -145074 -23627.5 -18815.6 34172.6 -18815.6 -23627.5
28.12 -133128 -21599.7 -16063.6 31165.3 -16063.6 -21599.7
28.14 -117385 -18715.8 -13465 27047.4 -13465 -18715.8
28.16 -98311.6 -15095.5 -10576.9 22704.3 -10576.9 -15095.5
28.18 -76535 -10976.8 -6746.65 19007.6 -6746.65 -10976.8
28.2 -52815.4 -6688.26 -1373.22 16551.9 -1373.22 -6688.26
28.22 -28014.5 -2565.89 5850.63 15487.2 5850.63 -2565.89
28.24 -3056.4 1136.19 14797.7 15496.1 14797.7 1136.19
28.26 21131.4 4290.79 24889.9 15907 24889.9 4290.79
28.28 43685.6 6891.49 35196.5 15907.3 35196.5 6891.49
28.3 63855.6 9014.54 44631.6 14799.6 44631.6 9014.54
28.32 81020.2 10767.8 52218.5 12229 52218.5 10767.8
28.34 94679.6 12241.5 57339.3 8314.64 57339.3 12241.5
28.36 104446 13474 59842.2 3641.53 59842.2 13474
28.38 110046 14434.5 59955.6 -885.577 59955.6 14434.5
28.4 111324 15002 58182.4 -4286.63 58182.4 15002
28.42 108252 14961.1 55250.6 -5783.44 55250.6 14961.1
28.44 100920 14083.5 51896.4 -5029.41 51896.4 14083.5
28.46 89542.2 12250.9 48536.1 -2209.12 48536.1 12250.9
28.48 74473 9500.93 45168 2023.56 45168 9500.93
28.5 56221.8 6007.13 41481 6727.72 41481 6007.13
28.52 35447.5 2054.48 36992.7 10918.9 36992.7 2054.48
28.54 12922.9 -1999.58 31250.4 13824.5 31250.4 -1999.58
28.56 -10511.8 -5780.99 24024.6 15085.6 24024.6 -5780.99
28.58 -33991.9 -8962.54 15365.3 14845.4 15365.3 -8962.54
28.6 -56666.8 -11354.2 5646.39 13700.3 5646.39 -11354.2
28.62 -77716.1 -12990.2 -4108.13 12520.7 -4108.13 -12990.2
28.64 -96342.7 -14099.9 -12308.9 12179.8 -12308.9 -14099.9
