0.02 -0.085063 -0.00185776 -6.66467 0.0623729 -6.66467 -0.00185776
0.04 -0.188501 0.571531 -42.0515 0.454753 -42.0515 0.571531
0.06 2.14816 4.09302 -116.79 1.30712 -116.79 4.09302
0.08 16.3292 16.799 -189.286 1.41994 -189.286 16.799
0.1 61.4648 50.7641 -195.317 -2.25133 -195.317 50.7641
0.12 163.02 109.468 -117.713 -12.7622 -117.713 109.468
0.14 345.317 155.131 7.9197 -30.1293 7.9197 155.131
0.16 626.836 105.418 142.992 -50.7095 142.992 105.418
0.18 1020.46 -119.421 267.323 -71.0951 267.323 -119.421
0.2 1530.13 -543.613 358.403 -92.0732 358.403 -543.613
0.22 2139.05 -1120.36 384.472 -116.784 384.472 -1120.36
0.24 2803.65 -1769.55 330.007 -145.973 330.007 -1769.55
0.26 3469.61 -2437.23 216.366 -176.748 216.366 -2437.23
0.28 4099.1 -3098.35 96.071 -204.614 96.071 -3098.35
0.3 4683.71 -3699.65 34.2459 -226.216 34.2459 -3699.65
0.32 5235.63 -4160.76 85.5556 -241.76 85.5556 -4160.76
0.34 5767.87 -4467.29 263.416 -253.177 263.416 -4467.29
0.36 6277.26 -4705.06 515.879 -257.76 515.879 -4705.06
0.38 6743.02 -4962.15 738.382 -248.389 738.382 -4962.15
0.4 7144.81 -5258.41 823.366 -224.969 823.366 -5258.41
0.42 7481.49 -5612.77 710.227 -200.667 710.227 -5612.77
0.44 7766.51 -6090.78 420.286 -190.812 420.286 -6090.78
0.46 8002.61 -6689.28 75.696 -200.353 75.696 -6689.28
0.48 8159.71 -7220.22 -153.521 -227.055 -153.521 -7220.22
0.5 8175.83 -7422.9 -196.867 -268.736 -196.867 -7422.9
0.52 7988.34 -7213.72 -171.65 -319.051 -171.65 -7213.72
0.54 7588.84 -6780.27 -264.449 -365.213 -264.449 -6780.27
0.56 7062.88 -6425.55 -530.766 -402.335 -530.766 -6425.55
0.58 6555.78 -6305.25 -845.605 -444.471 -845.605 -6305.25
0.6 6161.13 -6274.42 -1027.83 -510.411 -1027.83 -6274.42
0.62 5826.1 -6017.57 -985.737 -599.863 -985.737 -6017.57
0.64 5372.88 -5359.41 -771.993 -685.699 -771.993 -5359.41
0.66 4625.64 -4369.21 -529.853 -725.559 -529.853 -4369.21
0.68 3541.28 -3136.86 -362.644 -686.743 -362.644 -3136.86
0.7 2250.68 -1629.85 -220.828 -571.777 -220.828 -1629.85
0.72 981.425 120.716 71.6465 -414.712 71.6465 120.716
0.74 -87.3883 1875 646.941 -240.087 646.941 1875
0.76 -925.224 3396.58 1437.76 -31.5903 1437.76 3396.58
0.78 -1623.7 4685.9 2189.67 247.673 2189.67 4685.9
0.8 -2280.45 5830.48 2638.07 613.559 2638.07 5830.48
0.82 -2904.47 6763.99 2727.53 1051.36 2727.53 6763.99
0.84 -3412.88 7400 2698.41 1531.75 2698.41 7400
0.86 -3703.94 7888.22 2896.84 2017.91 2896.84 7888.22
0.88 -3742.81 8456.17 3422.47 2475.07 3422.47 8456.17
0.9 -3587.04 9008.31 3989.29 2898.65 3989.29 9008.31
0.92 -3315.56 9121.91 4182.42 3317.94 4182.42 9121.91
0.94 -2921.8 8494.02 3837.22 3742.9 3837.22 8494.02
0.96 -2297.46 7243.55 3172.55 4118.51 3172.55 7243.55
0.98 -1352.24 5730.47 2630.68 4361.9 2630.68 5730.47
1 -154.841 4172.25 2873.35 4439.76 2873.35 4172.25
1.02 1007.86 2594.91 4549.97 4393.41 4549.97 2594.91
1.04 1626.56 1299.03 6584.28 4309.55 6584.28 1299.03
1.06 1090.19 906.056 6031.24 4268.5 6031.24 906.056
1.08 -920.794 1513.42 1992.4 4264.35 1992.4 1513.42
1.1 -3954.34 2464.9 -2774.94 4140.27 -2774.94 2464.9
1.12 -6766.57 3189.55 -5402.71 3645.42 -5402.71 3189.55
1.14 -8091.63 3591.97 -5346.78 2645.65 -5346.78 3591.97
1.16 -7674.38 3726.72 -3801.73 1316.2 -3801.73 3726.72
1.18 -6470.52 3549.03 -2510.95 45.59 -2510.95 3549.03
1.2 -5713.3 2929.54 -2208.68 -921.64 -2208.68 2929.54
1.22 -5849.85 2003.12 -2210.65 -1694.36 -2210.65 2003.12
1.24 -6394.92 1393.91 -2093.63 -2553.74 -2093.63 1393.91
1.26 -6660.1 1565.9 -2552.16 -3628.83 -2552.16 1565.9
1.28 -6464.62 2057.21 -3969.04 -4778.16 -3969.04 2057.21
1.3 -6071.73 1978.37 -5371.54 -5738.75 -5371.54 1978.37
1.32 -5548.24 1222.91 -5578.61 -6360.85 -5578.61 1222.91
1.34 -4469.54 569.363 -4359.13 -6684.62 -4359.13 569.363
1.36 -2397.52 451.041 -1527.02 -6769.68 -1527.02 451.041
1.38 429.494 326.184 3566.53 -6492.8 3566.53 326.184
1.4 2888.4 -42.1339 9141.09 -5597.39 9141.09 -42.1339
1.42 3476.11 387.586 10377.6 -3972.8 10377.6 387.586
1.44 1355.25 2418.51 5691.77 -1856.46 5691.77 2418.51
1.46 -2719.74 5252.81 -202.612 258.309 -202.612 5252.81
1.48 -6558.65 7676.41 -2558.59 1926.64 -2558.59 7676.41
1.5 -8050.45 9320.48 -1698.84 3062.96 -1698.84 9320.48
1.52 -6829.61 10059.1 -23.0729 4045.14 -23.0729 10059.1
1.54 -4395.78 9576.74 1945.57 5405.66 1945.57 9576.74
1.56 -2578.94 8302.65 4486.51 7263 4486.51 8302.65
1.58 -2063.04 7539.17 6741.77 9122.94 6741.77 7539.17
1.6 -2363.93 7878.22 7718.59 10356.4 7718.59 7878.22
1.62 -2841.7 8433.91 7303.8 10762.9 7303.8 8433.91
1.64 -3411.47 8167.76 5427.53 10550 5427.53 8167.76
1.66 -4328.42 7085.19 1978.5 9928.98 1978.5 7085.19
1.68 -5526.51 5792.47 -1984.94 8926.58 -1984.94 5792.47
1.7 -6337.52 4730.58 -4451.79 7504.66 -4451.79 4730.58
1.72 -5922.38 4024.34 -4335.58 5708.18 -4335.58 4024.34
1.74 -4005.02 3269.56 -2261.68 3725.69 -2261.68 3269.56
1.76 -1207.29 1590.2 384.191 1833.78 384.191 1590.2
1.78 1331.32 -1196.04 2231.54 166.016 2231.54 -1196.04
1.8 2716.02 -3825.8 2132.47 -1488.75 2132.47 -3825.8
1.82 2817.09 -4971.69 -69.0658 -3497.52 -69.0658 -4971.69
1.84 2230.14 -4991.38 -2954.09 -5928.08 -2954.09 -4991.38
1.86 1860.87 -5414.35 -4708.43 -8398.09 -4708.43 -5414.35
1.88 2449.94 -7130.2 -4813.15 -10398.8 -4813.15 -7130.2
1.9 4181.98 -9828.16 -3998.41 -11643.3 -3998.41 -9828.16
1.92 6526.72 -12682.2 -3079.03 -12110.1 -3079.03 -12682.2
1.94 8515.62 -14839.1 -2499.86 -11937.7 -2499.86 -14839.1
1.96 9341.94 -15646.6 -2501.05 -11350 -2501.05 -15646.6
1.98 8809.85 -15140.8 -3071.21 -10556 -3071.21 -15140.8
2 7308.41 -14125.5 -3956.8 -9634.66 -3956.8 -14125.5
2.02 5424.7 -13269.8 -4995.27 -8544.24 -4995.27 -13269.8
2.04 3522.57 -12321.6 -6184 -7238.9 -6184 -12321.6
2.06 1565.87 -10514.4 -7287.46 -5705.14 -7287.46 -10514.4
2.08 -694.916 -7462.65 -7762.51 -3909.59 -7762.51 -7462.65
2.1 -3325.47 -3451.43 -7292.55 -1827.51 -7292.55 -3451.43
2.12 -5982.36 861.654 -6054.05 443.581 -6054.05 861.654
2.14 -8101.43 4898.97 -4259.18 2659.5 -4259.18 4898.97
2.16 -9303.52 8509.78 -1822.18 4539.71 -1822.18 8509.78
2.18 -9620.95 11853.9 1248.25 5900.62 1248.25 11853.9
2.2 -9404.27 14885 4465.4 6747.4 4465.4 14885
2.22 -9059.38 17202.6 7060.55 7290.03 7060.55 17202.6
2.24 -8782.89 18438.9 8409.62 7810.48 8409.62 18438.9
2.26 -8440.27 18488.9 8478.52 8439.98 8478.52 18488.9
2.28 -7726.89 17529.6 7982.97 9068.77 7982.97 17529.6
2.3 -6515.68 16149.1 7778.64 9473.43 7778.64 16149.1
2.32 -5044.07 15168.4 8148.54 9503.28 8148.54 15168.4
2.34 -3750.4 14935 9002.35 9170.56 9002.35 14935
2.36 -2930.67 14945.7 10229.3 8624.76 10229.3 14945.7
2.38 -2528.31 14394.6 11274.2 8044.62 11274.2 14394.6
2.4 -2255.29 12954.1 11121.8 7517.5 11121.8 12954.1
2.42 -1946.86 10908.3 9379.82 7005.6 9379.82 10908.3
2.44 -1769.11 8706.72 6749.24 6417.49 6749.24 8706.72
2.46 -2044.61 6642.74 4078.58 5689.72 4078.58 6642.74
2.48 -2912.92 4914.03 1561.22 4796.52 1561.22 4914.03
2.5 -4162.27 3546.2 -984.685 3713.7 -984.685 3546.2
2.52 -5321.54 2179.02 -3506.37 2412.15 -3506.37 2179.02
2.54 -5915.57 400.818 -5503.42 886.366 -5503.42 400.818
2.56 -5726.81 -1707.38 -6391.07 -831.57 -6391.07 -1707.38
2.58 -4914.66 -3754 -6319.32 -2662.8 -6319.32 -3754
2.6 -3937.42 -5632.14 -6381.74 -4463.03 -6381.74 -5632.14
2.62 -3298.17 -7520.18 -7403.5 -6070.3 -7403.5 -7520.18
2.64 -3219.26 -9371.28 -8885.62 -7434.97 -8885.62 -9371.28
2.66 -3532.88 -10660.2 -9823.55 -8661.01 -9823.55 -10660.2
2.68 -3978.78 -10563.9 -10060.4 -9849.67 -10060.4 -10563.9
2.7 -4555.66 -8558.35 -10043.6 -10925.1 -10043.6 -8558.35
2.72 -5402.51 -5125.11 -9762.58 -11660.8 -9762.58 -5125.11
2.74 -6329.9 -1662.24 -8758.66 -11859.6 -8758.66 -1662.24
2.76 -6660.28 663.814 -6778.64 -11480.1 -6778.64 663.814
2.78 -5680.6 1900.67 -3963.83 -10614.3 -3963.83 1900.67
2.8 -3286.81 2784.74 -896.424 -9373.45 -896.424 2784.74
2.82 -180.228 3505.83 1469.15 -7780.27 1469.15 3505.83
2.84 2630.71 3737.5 2659.92 -5763.9 2659.92 3737.5
2.86 4652.6 3744.46 3515.32 -3301.23 3515.32 3744.46
2.88 6302.25 4501.19 5513.79 -546.93 5513.79 4501.19
2.9 8444.67 6409.94 9331.92 2271.37 9331.92 6409.94
2.92 11526.2 8519.37 14338.4 5100.14 14338.4 8519.37
2.94 15194.2 9342.44 18919.4 8092.35 18919.4 9342.44
2.96 18697.9 8068.02 21104.8 11342.8 21104.8 8068.02
2.98 21539.9 4844.37 19875.1 14663.1 19875.1 4844.37
3 23758.8 411.232 16361.8 17647.5 16361.8 411.232
3.02 25694.9 -4159.34 13062.9 19897.6 13062.9 -4159.34
3.04 27490.3 -7785.42 11507.5 21196.3 11507.5 -7785.42
3.06 28776.1 -10075.6 11122.5 21587.4 11122.5 -10075.6
3.08 28905 -11632.2 10361.6 21320.3 10361.6 -11632.2
3.1 27571.4 -13212.2 8328.9 20603.2 8328.9 -13212.2
3.12 25195.4 -14723.3 5327.51 19340.8 5327.51 -14723.3
3.14 22666.3 -15678.3 2431.07 17184.4 2431.07 -15678.3
3.16 20679.3 -16512.7 507.144 13902.4 507.144 -16512.7
3.18 19220.2 -18371.5 -783.237 9652.45 -783.237 -18371.5
3.2 17598.1 -21337.6 -2796.81 4841.04 -2796.81 -21337.6
3.22 15019.4 -23959.3 -6301.42 -223.39 -6301.42 -23959.3
3.24 11238.7 -25013.6 -10545.8 -5456.24 -10545.8 -25013.6
3.26 6702.13 -24733 -14299.4 -10812.9 -14299.4 -24733
3.28 2092.46 -23769.1 -17022.3 -16098.8 -17022.3 -23769.1
3.3 -2205.9 -22055.5 -18645.7 -21002 -18645.7 -22055.5
3.32 -6221.32 -19353.6 -19162.7 -25239.5 -19162.7 -19353.6
3.34 -10106.4 -16013.1 -18999.7 -28636.6 -18999.7 -16013.1
3.36 -13791.1 -12645 -19026.5 -31130.4 -19026.5 -12645
3.38 -16897.5 -9582.1 -19513.2 -32720.2 -19513.2 -9582.1
3.4 -19007.6 -6788.81 -19507.1 -33355.6 -19507.1 -6788.81
3.42 -20037.3 -3851.55 -17784.6 -32867.3 -17784.6 -3851.55
3.44 -20336.5 -140.969 -14169.2 -31060.7 -14169.2 -140.969
3.46 -20448.7 4651.51 -9581.05 -27873.9 -9581.05 4651.51
3.48 -20769.5 10239 -5092.92 -23417.7 -5092.92 10239
3.5 -21297.5 16054.4 -1299.31 -17903.8 -1299.31 16054.4
3.52 -21580.1 21508.4 1763.4 -11584.1 1763.4 21508.4
3.54 -20965.2 25951.5 4620.98 -4725 4620.98 25951.5
3.56 -19059.2 28931 8113.23 2419.21 8113.23 28931
3.58 -16026.4 30692.7 12601.5 9625.95 12601.5 30692.7
3.6 -12497.8 31941.2 17248.4 16699.6 17248.4 31941.2
3.62 -9199.1 32823.8 20406.9 23463.2 20406.9 32823.8
3.64 -6552.69 32641.1 21089.5 29733.9 21089.5 32641.1
3.66 -4486.77 30970.4 19994.2 35250.4 19994.2 30970.4
3.68 -2611.61 28664.2 18775.5 39629.8 18775.5 28664.2
3.7 -663.978 27104 18449.2 42490.7 18449.2 27104
3.72 1204.29 26605.6 18960 43675.6 18960 26605.6
3.74 2627.98 26176.7 19889.7 43307.2 19889.7 26176.7
3.76 3513.26 24722.7 20636.5 41585.3 20636.5 24722.7
3.78 4229.29 21811.5 20175.9 38581.7 20175.9 21811.5
3.8 5250.02 17341.2 17737.4 34277.1 17737.4 17341.2
3.82 6639.92 11364.7 13705.1 28716.5 13705.1 11364.7
3.84 7945.32 4557.71 9039.8 22043.9 9039.8 4557.71
3.86 8582.3 -1927.59 4098.5 14444.3 4098.5 -1927.59
3.88 8335.49 -7575.53 -1109.05 6158.97 -1109.05 -7575.53
3.9 7551.36 -12940.3 -5979.31 -2460.94 -5979.31 -12940.3
3.92 6865.32 -18563.2 -9652.23 -11008.4 -9652.23 -18563.2
3.94 6616.96 -23970.5 -12072 -19118.2 -12072 -23970.5
3.96 6403.46 -28120.8 -14009.7 -26455.6 -14009.7 -28120.8
3.98 5244.32 -30319.2 -16235.9 -32669.8 -16235.9 -30319.2
4 2347.8 -30399.3 -19127.9 -37488.9 -19127.9 -30399.3
4.02 -2162.43 -28482.4 -22622.3 -40848.2 -22622.3 -28482.4
4.04 -7223.19 -24798.5 -25937.8 -42824.6 -25937.8 -24798.5
4.06 -11474.1 -19607.1 -27678.2 -43453.1 -27678.2 -19607.1
4.08 -13946.4 -13392.9 -26723 -42661.5 -26723 -13392.9
4.1 -14328.8 -7128.71 -22903.8 -40329.7 -22903.8 -7128.71
4.12 -12814.4 -1814.57 -16760.3 -36355.4 -16760.3 -1814.57
4.14 -9767.03 2354.12 -9151.57 -30752.6 -9151.57 2354.12
4.16 -5474.49 5709.7 -1281.54 -23764.6 -1281.54 5709.7
4.18 -171.911 7986.92 5573.03 -15810.1 5573.03 7986.92
4.2 5775.19 8394.39 10829.9 -7275.4 10829.9 8394.39
4.22 11835.4 7082.67 14781.9 1569.16 14781.9 7082.67
4.24 17494.1 5510.34 17844.5 10466 17844.5 5510.34
4.26 22412.4 4848.29 20199.4 19143.6 20199.4 4848.29
4.28 26429.4 5007.37 22341.4 27417.8 22341.4 5007.37
4.3 29525.3 5578.1 25014.6 35152.2 25014.6 5578.1
4.32 31762.1 6548.87 28170.3 42073.6 28170.3 6548.87
4.34 33078.1 7769.35 30722.3 47781.3 30722.3 7769.35
4.36 33104 8877.71 31557.1 51945.2 31557.1 8877.71
4.38 31386.2 9992.98 30214.2 54323.8 30214.2 9992.98
4.4 27929.7 11462.6 26679.6 54623.6 26679.6 11462.6
4.42 23509.4 12766.5 21224.3 52567.4 21224.3 12766.5
4.44 19519.3 12288.1 14644.5 48122.5 14644.5 12288.1
4.46 17535.5 8298.54 8417.32 41509.1 8417.32 8298.54
4.48 18685.5 87.2842 4098.83 33015.7 4098.83 87.2842
4.5 22977.8 -11674.1 2012.94 22950.9 2012.94 -11674.1
4.52 29073.3 -25324.9 763.191 11741.5 763.191 -25324.9
4.54 34839.3 -38875.1 -1440.24 -101.48 -1440.24 -38875.1
4.56 38418.7 -50778 -5253.46 -12160.9 -5253.46 -50778
4.58 39099.5 -60558 -10282.2 -24157.5 -10282.2 -60558
4.6 37352.6 -68544.5 -16153.4 -35786.8 -16153.4 -68544.5
4.62 34047.6 -74925.6 -23068.3 -46597.2 -23068.3 -74925.6
4.64 29610 -79521.6 -31375.8 -56054.4 -31375.8 -79521.6
4.66 23878 -82311.9 -40565.5 -63667.8 -40565.5 -82311.9
4.68 16613.8 -83247.4 -48747.7 -69087.9 -48747.7 -83247.4
4.7 7977.46 -81539.4 -53678.3 -72198.1 -53678.3 -81539.4
4.72 -1618.75 -76033.9 -54525.1 -73096.7 -54525.1 -76033.9
4.74 -12151.1 -66227.6 -52302 -71886.4 -52302 -66227.6
4.76 -24308.3 -52207 -48646.7 -68528.4 -48646.7 -52207
4.78 -38871.5 -34026.7 -44590.8 -63019.3 -44590.8 -34026.7
4.8 -55645 -12134.9 -40369.6 -55633.9 -40369.6 -12134.9
4.82 -73067 11801.4 -35868.7 -46831.8 -35868.7 11801.4
4.84 -88882 35245.5 -31046.4 -36966.3 -31046.4 35245.5
4.86 -101214 55822.4 -25973.1 -26224.2 -25973.1 55822.4
4.88 -109293 71935.1 -20481.5 -14798.3 -20481.5 71935.1
4.9 -113596 83387.4 -13970.9 -2980.91 -13970.9 83387.4
4.92 -115527 92105 -5887.3 8880.79 -5887.3 92105
4.94 -116886 101487 3526.54 20431.7 3526.54 101487
4.96 -119340 114103 13164.3 31366.3 13164.3 114103
4.98 -123847 129966 21728.9 41495.8 21728.9 129966
5 -130029 146955 28268.3 50664.7 28268.3 146955
5.02 -135972 162255 32321.9 58554.9 32321.9 162255
5.04 -138921 173316 34131.8 64695.3 34131.8 173316
5.06 -136553 178386 34679 68739.1 34679 178386
5.08 -127866 176946 35072.9 70639.4 35072.9 176946
5.1 -113105 169465 35971.3 70502.8 35971.3 169465
5.12 -92989 156463 37829.5 68374.5 37829.5 156463
5.14 -67963 138015 41184.9 64216.1 41184.9 138015
5.16 -38039.5 114076 45954.8 58010 45954.8 114076
5.18 -3245.36 84631.7 50660.7 49848.1 50660.7 84631.7
5.2 35879.8 49103.1 53019.3 39993.4 53019.3 49103.1
5.22 78331.1 5962.98 51368.4 28877.9 51368.4 5962.98
5.24 123067 -46254.7 45363.1 16984.4 45363.1 -46254.7
5.26 169000 -106781 35887.4 4727.88 35887.4 -106781
5.28 214194 -171074 24981 -7513.22 24981 -171074
5.3 255028 -231673 15142 -19298.7 15142 -231673
5.32 286334 -280861 7307.05 -30176.4 7307.05 -280861
5.34 302691 -312837 -544.41 -39936.3 -544.41 -312837
5.36 300214 -324574 -11745.8 -48768 -11745.8 -324574
5.38 278034 -316580 -27811.8 -56810.8 -27811.8 -316580
5.4 238933 -291900 -47702.9 -63466.8 -47702.9 -291900
5.42 189108 -255676 -69379.5 -67876 -69379.5 -255676
5.44 136970 -218759 -90339.6 -70349 -90339.6 -218759
5.46 90790.2 -190412 -107391 -72551.2 -107391 -190412
5.48 55988.9 -170774 -117094 -75799 -117094 -170774
5.5 32631.7 -152672 -117456 -79592.4 -117456 -152672
5.52 15303.4 -128761 -109114 -82331.2 -109114 -128761
5.54 -3403.84 -96790 -94232.2 -83140.3 -94232.2 -96790
5.56 -28376 -54659.5 -74868.1 -82302.2 -74868.1 -54659.5
5.58 -59640.6 420.403 -51978.7 -80102.9 -51978.7 420.403
5.6 -93213.7 65656.9 -25524 -76002.7 -25524 65656.9
5.62 -123395 129493 3903.51 -69110.2 3903.51 129493
5.64 -144892 178482 33272.2 -59062.8 33272.2 178482
5.66 -154540 206084 58141.4 -46141.8 58141.4 206084
5.68 -152498 214135 75642 -30638.6 75642 214135
5.7 -142190 208495 85546.3 -12475.7 85546.3 208495
5.72 -128774 195594 89106.2 8277.95 89106.2 195594
5.74 -117159 181615 88200 30631.9 88200 181615
5.76 -110703 171701 85033.9 52755.4 85033.9 171701
5.78 -111004 168353 80927.4 72964.5 80927.4 168353
5.8 -118361 170791 74887.5 90549.1 74887.5 170791
5.82 -132156 175435 63936.2 105588 63936.2 175435
5.84 -150738 176913 45547 117850 45547 176913
5.86 -171248 170857 20116.7 125944 20116.7 170857
5.88 -190185 157020 -9379.24 127957 -9379.24 157020
5.9 -204740 138774 -39752.6 122881 -39752.6 138774
5.92 -213831 119987 -68424.1 110862 -68424.1 119987
5.94 -217716 103666 -92714.1 92157.6 -92714.1 103666
5.96 -216325 92007.2 -110519 66682.4 -110519 92007.2
5.98 -207674 84352.7 -121457 34800.3 -121457 84352.7
6 -187745 74371.5 -125449 -1986.87 -125449 74371.5
6.02 -152103 51606 -121141 -41474.4 -121141 51606
6.04 -98633.5 8275.34 -108067 -81562.7 -108067 8275.34
6.06 -30282 -53745.7 -88938.6 -120318 -88938.6 -53745.7
6.08 44038.1 -121345 -66852.4 -155499 -66852.4 -121345
6.1 112009 -175970 -42654.5 -184534 -42654.5 -175970
6.12 163335 -203647 -18610.9 -205080 -18610.9 -203647
6.14 194831 -202393 -1036.04 -215384 -1036.04 -202393
6.16 212112 -182170 6049.58 -214257 6049.58 -182170
6.18 227068 -158273 8015.56 -201333 8015.56 -158273
6.2 252175 -143212 16078.8 -177832 16078.8 -143212
6.22 294012 -142421 39218.6 -146237 39218.6 -142421
6.24 349064 -155475 79241.7 -107708 79241.7 -155475
6.26 403822 -176757 123204 -60968.3 123204 -176757
6.28 439319 -193035 138260 -5879.54 138260 -193035
6.3 438391 -187631 94502 54136.7 94502 -187631
6.32 393909 -151732 8888.12 116069 8888.12 -151732
6.34 313006 -89652.3 -86067.3 180599 -86067.3 -89652.3
6.36 214854 -12821.4 -178755 247775 -178755 -12821.4
6.38 120852 67417.8 -264473 312511 -264473 67417.8
6.4 44235.4 138421 -330645 369525 -330645 138421
6.42 -9683.23 186796 -350265 418331 -350265 186796
6.44 -41110.3 209137 -319650 457038 -319650 209137
6.46 -54790.8 213675 -263647 479244 -263647 213675
6.48 -59496 208479 -212204 482522 -212204 208479
6.5 -69967.4 197799 -193762 471604 -193762 197799
6.52 -99633.8 186951 -221640 451125 -221640 186951
6.54 -149971 181123 -285696 422336 -285696 181123
6.56 -209874 181756 -363061 386973 -363061 181756
6.58 -262737 182892 -431892 348028 -431892 182892
6.6 -295890 172424 -472186 305439 -472186 172424
6.62 -304549 143108 -465700 254431 -465700 143108
6.64 -290180 100649 -405720 190292 -405720 100649
6.66 -257883 57485.3 -303548 112915 -303548 57485.3
6.68 -215171 20461.5 -179630 26252.6 -179630 20461.5
6.7 -171050 -10156.7 -52519.9 -63374.6 -52519.9 -10156.7
6.72 -133257 -33306.7 62408.4 -148398 62408.4 -33306.7
6.74 -105560 -45159.1 150395 -222753 150395 -45159.1
6.76 -87769.1 -44896.3 198114 -284559 198114 -44896.3
6.78 -77574.2 -38731.8 198519 -334810 198519 -38731.8
6.8 -71598.1 -37199.3 156717 -373896 156717 -37199.3
6.82 -65464.5 -48430.2 93752 -401876 93752 -48430.2
6.84 -52604.2 -72468.6 39811.5 -421617 39811.5 -72468.6
6.86 -27247.3 -103357 13579.2 -437423 13579.2 -103357
6.88 9578.61 -135988 22193 -449415 22193 -135988
6.9 52333.6 -166926 62857.3 -452636 62857.3 -166926
6.92 93955.5 -190939 119690 -442988 119690 -190939
6.94 129453 -202323 175806 -421244 175806 -202323
6.96 159097 -200105 220694 -390042 220694 -200105
6.98 184939 -189082 249255 -349320 249255 -189082
7 209427 -175823 257422 -296566 257422 -175823
7.02 233480 -163276 244476 -230861 244476 -163276
7.04 254239 -149063 215513 -154881 215513 -149063
7.06 265731 -128950 177842 -73185.7 177842 -128950
7.08 260658 -100469 135866 9888.42 135866 -100469
7.1 233453 -63970.4 91387.9 90840.8 91387.9 -63970.4
7.12 183617 -21493.8 47526.6 166497 47526.6 -21493.8
7.14 117673 24397.6 10255.3 233028 10255.3 24397.6
7.16 47592.3 70416.6 -14188.2 285895 -14188.2 70416.6
7.18 -14282.5 111795 -23307.2 321709 -23307.2 111795
7.2 -59590.6 142798 -17612.2 340965 -17612.2 142798
7.22 -82879.1 158493 1667.95 348167 1667.95 158493
7.24 -83439 156860 27841.1 347695 27841.1 156860
7.26 -67778.1 141500 48298.9 340190 48298.9 141500
7.28 -48529.6 121673 52439.8 324088 52439.8 121673
7.3 -41487.5 106967 36190 299726 36190 106967
7.32 -59197.1 102566 -259.073 269921 -259.073 102566
7.34 -105815 109901 -53435.3 235803 -53435.3 109901
7.36 -175547 128490 -111895 193996 -111895 128490
7.38 -255082 154930 -157208 140124 -157208 154930
7.4 -327853 181926 -175271 74531.9 -175271 181926
7.42 -378603 201048 -164571 2349.4 -164571 201048
7.44 -397074 206367 -132184 -71300.6 -132184 206367
7.46 -380050 195450 -86484.3 -143129 -86484.3 195450
7.48 -331177 169056 -35810.8 -209123 -35810.8 169056
7.5 -259331 130854 10525.2 -263793 10525.2 130854
7.52 -176473 86066.2 44020.9 -303279 44020.9 86066.2
7.54 -95224.2 38886.5 58509.4 -327652 58509.4 38886.5
7.56 -26293.2 -8428.83 50022 -339391 50022 -8428.83
7.58 23931.7 -53506.2 20877.5 -340159 20877.5 -53506.2
7.6 55668.5 -93521.4 -14542 -329243 -14542 -93521.4
7.62 75674.6 -127530 -37354.1 -305158 -37354.1 -127530
7.64 93601.5 -155921 -38693.1 -268867 -38693.1 -155921
7.66 116961 -178097 -20284.5 -224582 -20284.5 -178097
7.68 148152 -192735 13848 -177061 13848 -192735
7.7 185198 -199426 58117.4 -128407 58117.4 -199426
7.72 223839 -198733 100761 -77182.4 100761 -198733
7.74 258780 -190667 127224 -21055.2 127224 -190667
7.76 283449 -174130 130328 39513.8 130328 -174130
7.78 290305 -148445 112826 101402 112826 -148445
7.8 273256 -114422 80608.9 161751 80608.9 -114422
7.82 230901 -73638.8 38868.5 218085 38868.5 -73638.8
7.84 168126 -28373.1 -5112.83 265830 -5112.83 -28373.1
7.86 94710.9 17375.7 -40822.7 298768 -40822.7 17375.7
7.88 22144 58745.5 -58585.6 313073 -58585.6 58745.5
7.9 -39763.9 93286.3 -52606.1 309802 -52606.1 93286.3
7.92 -85545.6 122035 -22696.9 293223 -22696.9 122035
7.94 -114945 146343 19835.5 267794 19835.5 146343
7.96 -132724 165866 52960.9 236718 52960.9 165866
7.98 -146703 180769 59815.3 201943 59815.3 180769
8 -163894 193245 39481.2 164785 39481.2 193245
8.02 -187388 205046 432.821 126598 432.821 205046
8.04 -215979 215197 -47847.9 88190.8 -47847.9 215197
8.06 -246504 221615 -94298.1 48308.7 -94298.1 221615
8.08 -275669 223320 -125524 4435.63 -125524 223320
8.1 -300017 219647 -132769 -43440.4 -132769 219647
8.12 -314907 208709 -117809 -91298.4 -117809 208709
8.14 -314935 188372 -89166.9 -134625 -89166.9 188372
8.16 -295997 158378 -55408.6 -171701 -55408.6 158378
8.18 -257148 119839 -24158 -201940 -24158 119839
8.2 -201073 73324.8 -3367.35 -223137 -3367.35 73324.8
8.22 -132835 19256.4 1304.76 -232791 1304.76 19256.4
8.24 -58244.7 -40283.9 -10171.3 -231170 -10171.3 -40283.9
8.26 16881.4 -101236 -33007.7 -221074 -33007.7 -101236
8.28 86660.8 -158915 -59008.4 -204826 -59008.4 -158915
8.3 145357 -208951 -77450.8 -182774 -77450.8 -208951
8.32 188394 -247305 -81804.3 -154732 -81804.3 -247305
8.34 213590 -270448 -73531.1 -122110 -73531.1 -270448
8.36 221844 -276352 -56562.1 -88623.3 -56562.1 -276352
8.38 217254 -265765 -33184 -59234.9 -33184 -265765
8.4 206598 -242731 -5861.58 -37647 -5861.58 -242731
8.42 197796 -213896 20651.4 -23058.5 20651.4 -213896
8.44 198096 -188425 41463.5 -9402.48 41463.5 -188425
8.46 211155 -173197 53966.9 9787.01 53966.9 -173197
8.48 233890 -165723 58032.3 35143.7 58032.3 -165723
8.5 256124 -156772 55075 62088 55075 -156772
8.52 263619 -139171 46536.1 87157.5 46536.1 -139171
8.54 244350 -110310 33924.3 109870 33924.3 -110310
8.56 194283 -67625.5 20588.3 128017 20588.3 -67625.5
8.58 118649 -8833.59 11732.3 136061 11732.3 -8833.59
8.6 29029.7 61794.7 11331.1 130723 11331.1 61794.7
8.62 -60918.2 132276 20282.6 115418 20282.6 132276
8.64 -138781 190102 34406 97208.2 34406 190102
8.66 -195723 228726 44817 80969.5 44817 228726
8.68 -228228 247564 44986.8 67575.3 44986.8 247564
8.7 -238552 249318 34638.9 56012.3 34638.9 249318
8.72 -233490 238827 16281.4 45501.9 16281.4 238827
8.74 -222093 222436 -8014.14 35948.2 -8014.14 222436
8.76 -213356 206260 -35188.8 27425.1 -35188.8 206260
8.78 -214392 194601 -60228.1 19206.3 -60228.1 194601
8.8 -228950 190091 -78724.1 8921.04 -78724.1 190091
8.82 -256179 193302 -88937.2 -6093.36 -88937.2 193302
8.84 -289710 198824 -91473.4 -25416.3 -91473.4 198824
8.86 -318131 196297 -88376.4 -45429.6 -88376.4 196297
8.88 -328058 179209 -81613.8 -63996.4 -81613.8 179209
8.9 -309296 147915 -72476.2 -82358.4 -72476.2 147915
8.92 -259359 103861 -63099.1 -100717 -63099.1 103861
8.94 -184127 47294.5 -56846 -115314 -56846 47294.5
8.96 -94565.9 -17909.1 -56427.6 -122282 -56427.6 -17909.1
8.98 -2691.58 -82565.5 -60243.5 -122107 -60243.5 -82565.5
9 80635.7 -137573 -61505.8 -118130 -61505.8 -137573
9.02 146736 -178630 -55839.4 -112164 -55839.4 -178630
9.04 190001 -204829 -45984.9 -103620 -45984.9 -204829
9.06 209062 -215673 -36108.6 -92203.6 -36108.6 -215673
9.08 207979 -211848 -26135.8 -79560.9 -26135.8 -211848
9.1 196109 -197484 -13153 -68029.7 -13153 -197484
9.12 185514 -179346 4460.22 -58568.9 4460.22 -179346
9.14 186395 -163634 25787.4 -49563.9 25787.4 -163634
9.16 203021 -154379 47100.4 -36951.4 47100.4 -154379
9.18 232142 -152030 61807.1 -16871.6 61807.1 -152030
9.2 264272 -151282 63934.3 10517.2 63934.3 -151282
9.22 287422 -144428 52726.5 41166.4 52726.5 -144428
9.24 291806 -128707 32409 71364.6 32409 -128707
9.26 273333 -106988 9050.83 99509.1 9050.83 -106988
9.28 234026 -81076.1 -10596.9 123595 -10596.9 -81076.1
9.3 179554 -48393.1 -19997.4 140261 -19997.4 -48393.1
9.32 116469 -6902.24 -15849.4 148065 -15849.4 -6902.24
9.34 51114.1 39251.2 -458.862 149912 -458.862 39251.2
9.36 -10052.5 81517.5 16701.4 150402 16701.4 81517.5
9.38 -61127 114027 23364.9 151281 23364.9 114027
9.4 -98555.1 136951 14558.4 150436 14558.4 136951
9.42 -122395 152977 -5464.88 144817 -5464.88 152977
9.44 -136188 163165 -30494.4 133249 -30494.4 163165
9.46 -145367 167341 -56864.4 116660 -56864.4 167341
9.48 -155281 166736 -81192.9 96751 -81192.9 166736
9.5 -169584 164392 -98793 74835.3 -98793 164392
9.52 -189325 163110 -106582 51240.9 -106582 163110
9.54 -212679 163165 -105726 25566.4 -105726 163165
9.56 -235188 161201 -100154 -2170.55 -100154 161201
9.58 -250456 152334 -93225.5 -31039.9 -93225.5 152334
9.6 -251513 134115 -86290 -60151 -86290 134115
9.62 -232905 106954 -79835.5 -89055.9 -79835.5 106954
9.64 -192953 71022.1 -74867.2 -116455 -74867.2 71022.1
9.66 -135071 25729.1 -72576.2 -139354 -72576.2 25729.1
9.68 -67215.8 -26562.9 -73389.2 -154506 -73389.2 -26562.9
9.7 240.013 -78333.8 -77014.3 -160589 -77014.3 -78333.8
9.72 57237.5 -120218 -81419.4 -158510 -81419.4 -120218
9.74 96646.8 -146362 -82915 -149934 -82915 -146362
9.76 116164 -156353 -79806.1 -136307 -79806.1 -156353
9.78 118808 -153330 -72959.6 -119139 -72959.6 -153330
9.8 111702 -141699 -62128.4 -100173 -62128.4 -141699
9.82 103528 -125976 -44979 -80441.9 -44979 -125976
9.84 101551 -109972 -21013.6 -59069.7 -21013.6 -109972
9.86 109085 -95760.4 5204.4 -33785.2 5204.4 -95760.4
9.88 124330 -83291.8 26370 -3256.93 26370 -83291.8
9.9 141328 -71311.5 37220.8 31423.3 37220.8 -71311.5
9.92 152754 -58099.6 36515.3 67585.2 36515.3 -58099.6
9.94 152900 -41373.3 26270.6 102297 26270.6 -41373.3
9.96 139200 -18895 10856 132612 10856 -18895
9.98 112085 9738.29 -4160.41 155804 -4160.41 9738.29
10 74297.2 42023.7 -14360.8 170513 -14360.8 42023.7
10.02 30453.7 73768.4 -18266.2 177510 -18266.2 73768.4
10.04 -13467.6 101570 -16426.1 178934 -16426.1 101570
10.06 -51367.1 124098 -8781.2 176763 -8781.2 124098
10.08 -78878 141457 3616.32 171855 3616.32 141457
10.1 -95101.5 154130 14806.3 163968 14806.3 154130
10.12 -102835 162345 17232.3 152486 17232.3 162345
10.14 -106659 165750 7906.06 137036 7906.06 165750
10.16 -110117 163616 -11179.8 117352 -11179.8 163616
10.18 -114161 155550 -36138.6 93089.4 -36138.6 155550
10.2 -117888 141609 -62125.1 64681.4 -62125.1 141609
10.22 -120240 122020 -83372.4 34048.9 -83372.4 122020
10.24 -120835 97507.5 -95521.6 3553.97 -95521.6 97507.5
10.26 -119557 69798.4 -98438 -25442.8 -98438 69798.4
10.28 -115726 41318.4 -95634.4 -52393 -95634.4 41318.4
10.3 -107774 13962.3 -90955.6 -76607.9 -90955.6 13962.3
10.32 -93849.7 -11663.5 -86707 -97254 -86707 -11663.5
10.34 -72954.5 -35822.3 -84456.8 -113896 -84456.8 -35822.3
10.36 -45763.1 -58893.2 -85787.8 -126403 -85787.8 -58893.2
10.38 -14574.3 -81066 -91333.1 -134489 -91333.1 -81066
10.4 17475.7 -102229 -100079 -137772 -100079 -102229
10.42 47443.9 -121596 -109242 -136231 -109242 -121596
10.44 73268.2 -137593 -114019 -130256 -114019 -137593
10.46 93794.1 -148476 -109494 -120322 -109494 -148476
10.48 108442 -152896 -95024.3 -106886 -95024.3 -152896
10.5 117018 -149989 -73978.6 -90303.9 -73978.6 -149989
10.52 119938 -139304 -49490.5 -70647.1 -49490.5 -139304
10.54 118593 -120801 -24134.8 -48105.2 -24134.8 -120801
10.56 115228 -95630.6 -1937.94 -23509.3 -1937.94 -95630.6
10.58 112113 -67021.1 12699.2 2246.19 12699.2 -67021.1
10.6 110600 -39493.7 18705.7 29015.8 18705.7 -39493.7
10.62 110693 -16475.3 19051.6 56782 19051.6 -16475.3
10.64 110952 1560.07 17569.5 84459.1 17569.5 1560.07
10.66 108479 16810.8 16360.8 110108 16360.8 16810.8
10.68 99359.8 32466.8 15917.9 132265 15917.9 32466.8
10.7 80083.2 51023.7 15774 150516 15774 51023.7
10.72 49526.5 73159.4 14618.7 164884 14618.7 73159.4
10.74 10188.2 97446.5 11553.6 175177 11553.6 97446.5
10.76 -32417.5 121106 7606.88 180838 7606.88 121106
10.78 -71802.1 141339 2798.97 180972 2798.97 141339
10.8 -103138 155931 -4968.24 174885 -4968.24 155931
10.82 -124716 162714 -16859.9 163007 -16859.9 162714
10.84 -137388 159891 -32553.6 146792 -32553.6 159891
10.86 -143282 147882 -51498.9 127273 -51498.9 147882
10.88 -145000 130066 -72688.4 104249 -72688.4 130066
10.9 -145472 110977 -93269.5 77341.8 -93269.5 110977
10.92 -147371 93887 -109812 47129.2 -109812 93887
10.94 -151803 79527.3 -120667 14676.4 -120667 79527.3
10.96 -157181 66171.9 -125717 -19304.4 -125717 66171.9
10.98 -159435 50943.9 -124559 -54091 -124559 50943.9
11 -153755 31689.8 -116772 -88206.8 -116772 31689.8
11.02 -137075 8179.39 -103928 -119605 -103928 8179.39
11.04 -109893 -17885.1 -90005.6 -146383 -90005.6 -17885.1
11.06 -76132.5 -43498.8 -79345.1 -167113 -79345.1 -43498.8
11.08 -41018.9 -65417.3 -75213.3 -180919 -75213.3 -65417.3
11.1 -8365.47 -81526.8 -79154.5 -187613 -79154.5 -81526.8
11.12 20874.8 -91970.8 -87042.6 -187448 -87042.6 -91970.8
11.14 48154 -99083.7 -89774.7 -180637 -89774.7 -99083.7
11.16 75431.8 -105375 -81826.2 -167433 -81826.2 -105375
11.18 103135 -111440 -64272.8 -148464 -64272.8 -111440
11.2 129556 -116130 -39930.9 -124513 -39930.9 -116130
11.22 152166 -118026 -11042.4 -95999.9 -11042.4 -118026
11.24 169456 -116059 17628.5 -63172.6 17628.5 -116059
11.26 181375 -109423 38766.8 -26838.5 38766.8 -109423
11.28 188265 -97949.8 47737 11715.4 47737 -97949.8
11.3 189943 -82267.1 45113.3 51551.8 45113.3 -82267.1
11.32 185922 -63261.1 33401.4 92034.4 33401.4 -63261.1
11.34 176160 -42095 14500.1 131802 14500.1 -42095
11.36 161451 -21004.6 -8340.19 168494 -8340.19 -21004.6
11.38 143224 -3006.94 -29040.9 199773 -29040.9 -3006.94
11.4 122898 10213.7 -41653.9 224219 -41653.9 10213.7
11.42 101014 20067.6 -43913.6 241171 -43913.6 20067.6
11.44 76645.2 30238.9 -36380.7 250181 -36380.7 30238.9
11.46 47818 44269.4 -23206.3 250857 -23206.3 44269.4
11.48 13127.9 63811.1 -13533.6 243013 -13533.6 63811.1
11.5 -26684.5 87556.3 -14865.7 226903 -14865.7 87556.3
11.52 -68053.3 110762 -27487.7 203406 -27487.7 110762
11.54 -105622 127346 -48166.5 173897 -48166.5 127346
11.56 -134979 134037 -74794.1 139812 -74794.1 134037
11.58 -155052 131840 -104203 102396 -104203 131840
11.6 -168146 123360 -129250 62840.3 -129250 123360
11.62 -177724 110803 -142878 22195.2 -142878 110803
11.64 -186148 97134.9 -143754 -18974.3 -143754 97134.9
11.66 -194014 86477.9 -135117 -60350.1 -135117 86477.9
11.68 -200632 81245.9 -120047 -101042 -120047 81245.9
11.7 -204318 79583 -100827 -139271 -100827 79583
11.72 -202280 76566.5 -81148.5 -173010 -81148.5 76566.5
11.74 -190986 67447 -65433.8 -200715 -65433.8 67447
11.76 -167652 49600.8 -56169.6 -221344 -56169.6 49600.8
11.78 -132126 22718.5 -53763.6 -233956 -53763.6 22718.5
11.8 -87584.2 -11334.1 -59431.5 -237634 -59431.5 -11334.1
11.82 -39436.2 -48706.7 -72870.1 -231853 -72870.1 -48706.7
11.84 7009.95 -84501.7 -86208.2 -216892 -86208.2 -84501.7
11.86 48756.5 -114161 -89378.8 -193983 -89378.8 -114161
11.88 85304.5 -134581 -79066.8 -164973 -79066.8 -134581
11.9 117132 -144935 -57805.5 -131792 -57805.5 -144935
11.92 144468 -146873 -29516.1 -96171.7 -29516.1 -146873
11.94 167472 -143564 770.404 -59454.6 770.404 -143564
11.96 187046 -138083 25821.6 -22265.6 25821.6 -138083
11.98 204709 -132328 39528.9 15411.1 39528.9 -132328
12 221339 -126830 40753 53598.5 40753 -126830
12.02 235896 -120826 31919.4 91849 31919.4 -120826
12.04 245358 -112479 15266.1 129223 15266.1 -112479
12.06 246107 -99982.2 -7368.34 164308 -7368.34 -99982.2
12.08 235883 -82934.8 -32323.8 195188 -32323.8 -82934.8
12.1 215000 -62375.7 -54111.8 219824 -54111.8 -62375.7
12.12 186065 -39539.6 -67814.4 236785 -67814.4 -39539.6
12.14 152557 -15047.8 -70736.5 245644 -70736.5 -15047.8
12.16 117327 10762.8 -62797 246785 -62797 10762.8
12.18 81683.6 37305.6 -46101.2 241054 -46101.2 37305.6
12.2 46167.9 63725.7 -26874.8 229420 -26874.8 63725.7
12.22 10879.5 89109 -16298.5 212527 -16298.5 89109
12.24 -24549.2 112414 -21130.7 190608 -21130.7 112414
12.26 -60220.4 132329 -38787 164212 -38787 132329
12.28 -95672.6 147608 -64465.4 134936 -64465.4 147608
12.3 -130089 157589 -95683.2 105007 -95683.2 157589
12.32 -162980 162365 -129210 75856.4 -129210 162365
12.34 -193996 162576 -158333 47257.2 -158333 162576
12.36 -221912 158920 -176497 18036 -176497 158920
12.38 -243889 151473 -181060 -12593.9 -181060 151473
12.4 -256119 139572 -172264 -44521.7 -172264 139572
12.42 -255549 122704 -151393 -76943 -151393 122704
12.44 -241418 101436 -122030 -108377 -122030 101436
12.46 -215657 77160.7 -91216.4 -136568 -91216.4 77160.7
12.48 -182091 51071.7 -66903.5 -159037 -66903.5 51071.7
12.5 -145094 23912.4 -54140.4 -174139 -54140.4 23912.4
12.52 -108536 -3367.19 -53837.1 -181682 -53837.1 -3367.19
12.54 -75281.9 -29279.3 -65197.8 -182655 -65197.8 -29279.3
12.56 -47230.1 -51963 -86247.5 -178396 -86247.5 -51963
12.58 -25025.3 -69627.2 -107626 -169717 -107626 -69627.2
12.6 -7113 -81332.2 -115860 -156683 -115860 -81332.2
12.62 9900.47 -87013.4 -106008 -139234 -106008 -87013.4
12.64 29298.9 -87031.5 -82322.7 -117804 -82322.7 -87031.5
12.66 52500.4 -82463.1 -49663.9 -93199.8 -49663.9 -82463.1
12.68 79004.6 -75466.3 -11927.3 -66237.3 -11927.3 -75466.3
12.7 107596 -68659.3 23072.7 -37682.6 23072.7 -68659.3
12.72 136960 -63884.1 45427.8 -8197.49 45427.8 -63884.1
12.74 165425 -61779 50706.8 21861.2 50706.8 -61779
12.76 190802 -62502.4 42217.5 52299.8 42217.5 -62502.4
12.78 210709 -66234.2 26276.5 82626.8 26276.5 -66234.2
12.8 222889 -72204.2 8108 111927 8108 -72204.2
12.82 225263 -77370.7 -8480.21 139169 -8480.21 -77370.7
12.84 216121 -77147.4 -20745.2 163450 -20745.2 -77147.4
12.86 194792 -68037.3 -27569.3 183993 -27569.3 -68037.3
12.88 162525 -49462.6 -29677.5 200015 -29677.5 -49462.6
12.9 122492 -23504.2 -27438.6 210556 -27438.6 -23504.2
12.92 79687.4 6363.91 -22882.5 214329 -22882.5 6363.91
12.94 38971.1 36235.9 -22869.4 209999 -22869.4 36235.9
12.96 2918.74 61898.2 -32439 197054 -32439 61898.2
12.98 -27980.3 79086.7 -50770.2 176529 -50770.2 79086.7
13 -54449 85391.9 -75416.9 150644 -75416.9 85391.9
13.02 -77749.2 82533.2 -104096 121651 -104096 82533.2
13.04 -99766.9 75769.2 -132147 90849.7 -132147 75769.2
13.06 -122584 70300.8 -152694 58310 -152694 70300.8
13.08 -147332 68282.8 -161293 23397.2 -161293 68282.8
13.1 -172998 69114.7 -158169 -14180.4 -158169 69114.7
13.12 -196180 71577.7 -145676 -53754.9 -145676 71577.7
13.14 -212180 74579.7 -126063 -93939.1 -126063 74579.7
13.16 -216995 76128 -102329 -132905 -102329 76128
13.18 -209025 73200.3 -79005.9 -168216 -79005.9 73200.3
13.2 -189594 63690 -60810.2 -197025 -60810.2 63690
13.22 -162365 48259.6 -51248.7 -217087 -51248.7 48259.6
13.24 -132240 29960.1 -52354.9 -227632 -52354.9 29960.1
13.26 -103871 12496.1 -64666.9 -229255 -64666.9 12496.1
13.28 -80320.4 -1016.11 -83772.7 -223081 -83772.7 -1016.11
13.3 -61769.2 -8909.21 -98295.1 -209989 -98295.1 -8909.21
13.32 -44840.2 -12009.2 -99094.4 -190390 -99094.4 -12009.2
13.34 -24050.9 -13964.7 -85597.5 -164590 -85597.5 -13964.7
13.36 5606.4 -19848.4 -60500.4 -133424 -60500.4 -19848.4
13.38 46564.4 -33438.9 -26053.4 -98515.1 -26053.4 -33438.9
13.4 97781.6 -54992.1 12843.6 -61620.6 12843.6 -54992.1
13.42 154850 -81169.5 46717.7 -23537.1 46717.7 -81169.5
13.44 210845 -106927 66532.1 15939.8 66532.1 -106927
13.46 258097 -127870 68810.6 56816.3 68810.6 -127870
13.48 290443 -141672 54806.3 98149.5 54806.3 -141672
13.5 304781 -147784 27753.7 138525 27753.7 -147784
13.52 301168 -145964 -6834.61 176520 -6834.61 -145964
13.54 281863 -135597 -40770.7 210428 -40770.7 -135597
13.56 250313 -116903 -66395.2 238189 -66395.2 -116903
13.58 210620 -92260.3 -80543.7 258129 -80543.7 -92260.3
13.6 167075 -65213.6 -81832.8 269431 -81832.8 -65213.6
13.62 123533 -38158.3 -70364 271486 -70364 -38158.3
13.64 82428.5 -11110.8 -52996.9 263226 -52996.9 -11110.8
13.66 43241.4 17299.9 -40790.1 243867 -40790.1 17299.9
13.68 2879.62 47163.1 -41014 214475 -41014 47163.1
13.7 -41622.1 76393 -55487.2 178019 -55487.2 76393
13.72 -90582.8 102679 -83625.1 137800 -83625.1 102679
13.74 -141270 125158 -120628 96384.8 -120628 125158
13.76 -189728 144198 -155135 55405.3 -155135 144198
13.78 -232794 160420 -174332 15216.1 -174332 160420
13.8 -269057 174134 -172209 -24881.3 -172209 174134
13.82 -298566 185432 -151483 -65150.4 -151483 185432
13.84 -321751 194736 -119200 -104423 -119200 194736
13.86 -338333 202765 -82819.8 -140967 -82819.8 202765
13.88 -347091 209313 -49286.9 -173568 -49286.9 209313
13.9 -346569 212164 -24437.9 -201141 -24437.9 212164
13.92 -336007 208041 -11860.7 -222042 -11860.7 208041
13.94 -315802 195089 -12802.5 -234719 -12802.5 195089
13.96 -287251 173791 -27646.5 -238742 -27646.5 173791
13.98 -251532 144971 -53869.3 -234576 -53869.3 144971
14 -208666 108101 -81332.5 -222934 -81332.5 108101
14.02 -157749 62453.4 -95160.7 -204719 -95160.7 62453.4
14.04 -98156.4 9485.59 -86455.8 -180791 -86455.8 9485.59
14.06 -32119.7 -45602.6 -59311 -151705 -59311 -45602.6
14.08 33883.8 -94311.5 -24278.8 -118320 -24278.8 -94311.5
14.1 91881.3 -128591 9605.8 -82673.7 9605.8 -128591
14.12 137378 -146168 34723.1 -47594.8 34723.1 -146168
14.14 172470 -152183 45702.5 -15226.5 45702.5 -152183
14.16 204097 -155014 43584 13728.7 43584 -155014
14.18 238958 -160769 36206.7 39526.4 36206.7 -160769
14.2 278676 -171600 31123.6 63014.6 31123.6 -171600
14.22 318307 -187297 29224 85727.5 29224 -187297
14.24 348871 -206289 26222.4 109098 26222.4 -206289
14.26 361689 -223955 18273.1 132715 18273.1 -223955
14.28 351562 -230883 4896.41 153773 4896.41 -230883
14.3 317697 -216496 -11203.8 168782 -11203.8 -216496
14.32 263419 -176824 -25176.8 175439 -25176.8 -176824
14.34 195999 -117919 -30850.7 172737 -30850.7 -117919
14.36 125888 -51425.3 -23279.1 160631 -23279.1 -51425.3
14.38 63228.8 11639 -5741.55 140885 -5741.55 11639
14.4 13530.6 63337.7 10006.3 117491 10006.3 63337.7
14.42 -24590.8 99417.8 14208.8 94561.5 14208.8 99417.8
14.44 -58245.2 121150 4957.77 73503.3 4957.77 121150
14.46 -96082.1 135862 -15880.5 52943.5 -15880.5 135862
14.48 -143888 152740 -46289.4 31308.8 -46289.4 152740
14.5 -201975 176757 -81629 8727.41 -81629 176757
14.52 -264903 206436 -113359 -13702.8 -113359 206436
14.54 -323145 236400 -133180 -35771 -133180 236400
14.56 -366339 260901 -137197 -58490.9 -137197 260901
14.58 -386938 274978 -125727 -82096.9 -125727 274978
14.6 -382169 273343 -102161 -104084 -102161 273343
14.62 -353687 251662 -73434.1 -120656 -73434.1 251662
14.64 -306509 211058 -48988.4 -130444 -48988.4 211058
14.66 -248284 159989 -37040 -135375 -37040 159989
14.68 -187976 108912 -41894.9 -137466 -41894.9 108912
14.7 -132680 62765.3 -62995.6 -136230 -62995.6 62765.3
14.72 -84165.9 20280 -89991.7 -130014 -89991.7 20280
14.74 -38182.7 -20679.1 -104805 -118588 -104805 -20679.1
14.76 11968.9 -59939.3 -97082.8 -103063 -97082.8 -59939.3
14.78 69763.2 -97530.7 -71803.8 -83944.7 -71803.8 -97530.7
14.8 132281 -135402 -40116.7 -60963.1 -40116.7 -135402
14.82 192147 -173858 -9445.81 -35158.6 -9445.81 -173858
14.84 242515 -208270 15765.8 -9842.93 15765.8 -208270
14.86 280178 -231798 30997 11602.1 30997 -231798
14.88 304796 -240587 33835.6 28707.6 33835.6 -240587
14.9 316709 -235286 26158.3 44075.4 26158.3 -235286
14.92 316323 -219537 11789.6 60615.4 11789.6 -219537
14.94 304828 -198558 -5510.48 79166.4 -5510.48 -198558
14.96 284301 -176042 -20975.2 98618.5 -20975.2 -176042
14.98 256542 -151062 -29137.8 117308 -29137.8 -151062
15 221650 -119472 -27077.3 133529 -27077.3 -119472
15.02 177908 -78480 -16185.9 144970 -16185.9 -78480
15.04 123627 -29422.9 -954.357 148898 -954.357 -29422.9
15.06 59731 23165.5 11692.3 143725 11692.3 23165.5
15.08 -9144.98 73989.7 14192.5 130149 14192.5 73989.7
15.1 -76545.4 119217 3041.62 110623 3041.62 119217
15.12 -137165 157203 -19293 88110.1 -19293 157203
15.14 -188281 187516 -46342 65365.8 -46342 187516
15.16 -229378 210050 -70964.7 44577.8 -70964.7 210050
15.18 -261052 225549 -88505.3 26865.5 -88505.3 225549
15.2 -284265 235787 -98072.3 11857.1 -98072.3 235787
15.22 -300142 242089 -101453 -2396.91 -101453 242089
15.24 -309875 244135 -100621 -18938.3 -100621 244135
15.26 -314065 239976 -96565.3 -40010.6 -96565.3 239976
15.28 -311578 226099 -90555.9 -64695 -90555.9 226099
15.3 -299250 199034 -84747.3 -89493.2 -84747.3 199034
15.32 -273465 159615 -80597.7 -111748 -80597.7 159615
15.34 -232615 112674 -78449.5 -130732 -78449.5 112674
15.36 -178492 61524.1 -79166.7 -145023 -79166.7 61524.1
15.38 -115469 6946.58 -83941.4 -151443 -83941.4 6946.58
15.4 -48287.8 -48233 -90777.7 -148168 -90777.7 -48233
15.42 19347.9 -97999.4 -93184 -137225 -93184 -97999.4
15.44 84567.4 -138774 -86754.7 -122350 -86754.7 -138774
15.46 144180 -172657 -73505.7 -105524 -73505.7 -172657
15.48 194223 -202562 -57825 -87141.6 -57825 -202562
15.5 231196 -226876 -42720.5 -68510 -42720.5 -226876
15.52 253831 -241433 -29684.6 -51965.7 -29684.6 -241433
15.54 263973 -244588 -18935.4 -38312.7 -18935.4 -244588
15.56 265921 -237798 -8869.16 -25321 -8869.16 -237798
15.58 264486 -223171 2042.96 -9349.19 2042.96 -223171
15.6 262493 -202546 12609.9 11470.8 12609.9 -202546
15.62 258865 -176559 19701 35938.7 19701 -176559
15.64 249010 -144656 20841.6 61803.6 20841.6 -144656
15.66 227527 -106272 15106.4 87696.4 15106.4 -106272
15.68 191362 -61690.2 3465.37 111889 3465.37 -61690.2
15.7 141471 -12751.4 -10230.7 130701 -10230.7 -12751.4
15.72 82228.8 37685.2 -20375.2 140305 -20375.2 37685.2
15.74 19637.4 86770.1 -22481.7 139991 -22481.7 86770.1
15.76 -40312.8 131870 -15459.4 132610 -15459.4 131870
15.78 -92834.6 170239 -3571.15 122093 -3571.15 170239
15.8 -134925 199628 5378.43 111103 5378.43 199628
15.82 -165226 218848 5590.67 100501 5590.67 218848
15.84 -183673 227073 -4221.47 90049.7 -4221.47 227073
15.86 -191372 223515 -22767.9 79132.7 -22767.9 223515
15.88 -190749 208909 -47907.1 66796.9 -47907.1 208909
15.9 -185307 186893 -75753.9 51506.7 -75753.9 186893
15.92 -178583 161862 -100218 31978.2 -100218 161862
15.94 -172527 135779 -115673 8702.8 -115673 135779
15.96 -166415 108358 -120057 -16196.4 -120057 108358
15.98 -157422 79233.3 -114821 -40624.6 -114821 79233.3
16 -142726 49030.6 -103156 -63085.1 -103156 49030.6
16.02 -121416 19118.5 -89433.3 -82034.6 -89433.3 19118.5
16.04 -94629.5 -8900.17 -79034.7 -96134.4 -79034.7 -8900.17
16.06 -64205 -34471.6 -76335.8 -105344 -76335.8 -34471.6
16.08 -31447.4 -59137.2 -82443.8 -110879 -82443.8 -59137.2
16.1 2976.35 -84988.7 -95361.6 -113896 -95361.6 -84988.7
16.12 38206.9 -111640 -110496 -114697 -110496 -111640
16.14 72230 -135726 -119875 -113005 -119875 -135726
16.16 101766 -153319 -116313 -108337 -116313 -153319
16.18 123242 -161809 -99691.9 -100134 -99691.9 -161809
16.2 134185 -159837 -75588.8 -88065.5 -75588.8 -159837
16.22 134288 -146967 -49551.6 -72374.4 -49551.6 -146967
16.24 125652 -124093 -25124.9 -53868.2 -25124.9 -124093
16.26 112073 -93875.3 -5382.47 -33599.4 -5382.47 -93875.3
16.28 97549.6 -60390.1 7437.89 -12354.5 7437.89 -60390.1
16.3 84761.8 -27764.9 13626.9 9726.83 13626.9 -27764.9
16.32 74307.7 1298.24 14926 32865.6 14926 1298.24
16.34 64839.5 26080.7 12134.9 56859.7 12134.9 26080.7
16.36 53765.7 47451.9 5726.65 80634.1 5726.65 47451.9
16.38 38279.4 67178 -1992.08 102501 -1992.08 67178
16.4 16503.3 87314.7 -7605.96 120742 -7605.96 87314.7
16.42 -11634.2 109356 -9361 134080 -9361 109356
16.44 -44101.1 133008 -7799.12 141976 -7799.12 133008
16.46 -77069.8 155482 -4495.48 144632 -4495.48 155482
16.48 -105730 172419 -2387.79 142591 -2387.79 172419
16.5 -125608 179819 -4896.63 136396 -4896.63 179819
16.52 -134001 175429 -13165.1 126620 -13165.1 175429
16.54 -130891 159523 -26109.4 113681 -26109.4 159523
16.56 -118916 134965 -42186.4 97465.7 -42186.4 134965
16.58 -102395 106057 -59581.9 77671.3 -59581.9 106057
16.6 -85803.4 76756.8 -75545.4 54528.2 -75545.4 76756.8
16.62 -72303.6 49559.4 -87604.8 28732.6 -87604.8 49559.4
16.64 -62995.4 25383.8 -95536.9 1024.98 -95536.9 25383.8
16.66 -57107.1 3756.3 -100819 -27549.2 -100819 3756.3
16.68 -52695.8 -16526.7 -104249 -55258.6 -104249 -16526.7
16.7 -47317.4 -36335.7 -105350 -80243.3 -105350 -36335.7
16.72 -38641 -55656.3 -104059 -101446 -104059 -55656.3
16.74 -25227.2 -73893.3 -101775 -118659 -101775 -73893.3
16.76 -7224.29 -90336.1 -100369 -131819 -100369 -90336.1
16.78 13603.8 -104246 -100653 -140658 -100653 -104246
16.8 34651.4 -114636 -101657 -144972 -101657 -114636
16.82 53439.9 -120281 -100917 -144766 -100917 -120281
16.84 68122.6 -120312 -95863.9 -139996 -95863.9 -120312
16.86 77477.1 -114775 -86608.6 -130392 -86608.6 -114775
16.88 80783 -104365 -75426.5 -115573 -75426.5 -104365
16.9 78075.1 -89744.1 -62901.9 -95501.1 -62901.9 -89744.1
16.92 70603.2 -71438.6 -47724 -71078.6 -47724 -71438.6
16.94 60650.6 -50181.8 -30151.4 -44042 -30151.4 -50181.8
16.96 50418.3 -26995.5 -13488.3 -15944.4 -13488.3 -26995.5
16.98 40869 -3007.28 -1355.18 12527 -1355.18 -3007.28
17 31627.9 20790.1 5054.21 41058.5 5054.21 20790.1
17.02 21841.4 43773.1 6556.08 68883.7 6556.08 43773.1
17.04 10964.9 65722.1 4127.83 94742.3 4127.83 65722.1
17.06 -1169.12 86414.4 -1499.7 117432 -1499.7 86414.4
17.08 -14651.2 105187 -9011.93 136107 -9011.93 105187
17.1 -29429.2 121085 -16265.9 150143 -16265.9 121085
17.12 -44739.2 133351 -21048.6 158969 -21048.6 133351
17.14 -58724.3 141521 -21888.9 162123 -21888.9 141521
17.16 -68929.4 145003 -18371.6 159476 -18371.6 145003
17.18 -73479.8 142885 -12198 151382 -12198 142885
17.2 -72011.6 134478 -7562.25 138476 -7562.25 134478
17.22 -65609.3 119890 -8248.27 121254 -8248.27 119890
17.24 -55921.5 100123 -15186 100090 -15186 100123
17.26 -44292.3 76928.4 -27309.1 75594.1 -27309.1 76928.4
17.28 -31576.8 52258.4 -42886.7 48672.5 -42886.7 52258.4
17.3 -18524.8 27326.2 -59626.6 20384.1 -59626.6 27326.2
17.32 -6026.67 2176.08 -74886.7 -7961.62 -74886.7 2176.08
17.34 5106.06 -23393.1 -86620.2 -34822.5 -86620.2 -23393.1
17.36 14446.4 -48324.9 -93932.4 -58922.6 -93932.4 -48324.9
17.38 21909.8 -70134.4 -96939.6 -79689.2 -96939.6 -70134.4
17.4 27471 -86527 -96754.3 -96997.1 -96754.3 -86527
17.42 31091.9 -97083.9 -95500.1 -110593 -95500.1 -97083.9
17.44 33046.7 -103208 -95319.8 -120028 -95319.8 -103208
17.46 34252.2 -106585 -96786.6 -125120 -96786.6 -106585
17.48 36014.7 -107972 -98655.5 -126178 -98655.5 -107972
17.5 39112.3 -107244 -99486.7 -123572 -99486.7 -107244
17.52 42924.8 -104021 -99163.8 -117108 -99163.8 -104021
17.54 45465.9 -97924 -97766.3 -105990 -97766.3 -97924
17.56 44458 -88368.8 -94063.7 -89737.7 -94063.7 -88368.8
17.58 38579.8 -74423.6 -86747.6 -69105.2 -86747.6 -74423.6
17.6 27855.8 -54973.7 -75745.4 -45792.9 -75745.4 -54973.7
17.62 13124.9 -29345.2 -61882.7 -21414.1 -61882.7 -29345.2
17.64 -4598.05 1781.72 -46497.6 2902.43 -46497.6 1781.72
17.66 -24190.3 36024 -31683.4 26253.2 -31683.4 36024
17.68 -44069.4 70022.6 -19951.1 47902.1 -19951.1 70022.6
17.7 -62081.5 100677 -12819.4 67462.1 -12819.4 100677
17.72 -76058.5 125899 -9863.07 84779.1 -9863.07 125899
17.74 -84790.9 144705 -9263.73 99607.1 -9263.73 144705
17.76 -88666.8 157194 -9065.2 111563 -9065.2 157194
17.78 -89411.1 164528 -8114.01 120339 -8114.01 164528
17.8 -89047 168349 -6429.6 125804 -6429.6 168349
17.82 -88754 169619 -4849.78 127929 -4849.78 169619
17.84 -88256.4 167817 -4094.03 126623 -4094.03 167817
17.86 -85991.2 161073 -4265.39 121431 -4265.39 161073
17.88 -79915.4 147055 -5934.97 111639 -5934.97 147055
17.9 -68517.3 124438 -10900.3 97158.2 -10900.3 124438
17.92 -51452.8 93928.2 -20435.3 78996.8 -20435.3 93928.2
17.94 -29487.7 57711.8 -33822.8 58467.4 -33822.8 57711.8
17.96 -3997.04 18169 -49222.7 36452.5 -49222.7 18169
17.98 23467.6 -22739.7 -64848.1 13836.6 -64848.1 -22739.7
18 51235.9 -63167.1 -78942.5 -8006.28 -78942.5 -63167.1
18.02 77319.2 -100779 -89706.2 -27772.1 -89706.2 -100779
18.04 99374.9 -132801 -96222.3 -45011.4 -96222.3 -132801
18.06 115154 -157030 -99159.8 -59985.3 -99159.8 -157030
18.08 123277 -172911 -100216 -72976 -100216 -172911
18.1 123813 -181415 -101065 -84063.5 -101065 -181415
18.12 118270 -183893 -102659 -93369.6 -102659 -183893
18.14 108995 -181306 -104859 -101090 -104859 -181306
18.16 98300.2 -174330 -106573 -107197 -106573 -174330
18.18 87659.1 -163517 -106713 -111125 -106713 -163517
18.2 77263.4 -148665 -105149 -111617 -105149 -148665
18.22 66134.7 -128620 -102183 -107187 -102183 -128620
18.24 52730.2 -102885 -97256 -97214.5 -97256 -102885
18.26 35738.1 -72197.2 -89391 -82437.5 -89391 -72197.2
18.28 14654.7 -37107.6 -78414.3 -64270.2 -78414.3 -37107.6
18.3 -10111.1 2285.64 -65035.1 -44117.2 -65035.1 2285.64
18.32 -37441.5 44783.8 -50376.5 -23365.4 -50376.5 44783.8
18.34 -65560.1 87203.8 -35745.3 -3289.69 -35745.3 87203.8
18.36 -91907.8 125681 -22432.7 15487.2 -22432.7 125681
18.38 -113416 157449 -11259.3 33201.7 -11259.3 157449
18.4 -127471 181238 -2478 50416 -2478 181238
18.42 -133001 196751 3817.92 67425.4 3817.92 196751
18.44 -130863 204460 7522.28 84159.2 7522.28 204460
18.46 -123266 205667 8814.46 100273 8814.46 205667
18.48 -112741 202080 8216.81 115105 8216.81 202080
18.5 -101373 195082 6144.94 127770 6144.94 195082
18.52 -90498.9 185354 2613.19 137523 2613.19 185354
18.54 -80542.2 172301 -2440.14 143736 -2440.14 172301
18.56 -70846.7 153570 -8764.94 145326 -8764.94 153570
18.58 -59789.3 127373 -16275.5 141027 -16275.5 127373
18.6 -45499.9 94832.8 -25130.7 130638 -25130.7 94832.8
18.62 -26923 58526.8 -35368.9 115230 -35368.9 58526.8
18.64 -4456.8 20173.8 -47006.1 96052.8 -47006.1 20173.8
18.66 20315.7 -19263.5 -59967.6 74066.4 -59967.6 -19263.5
18.68 45423.3 -58040 -73664.2 50415.9 -73664.2 -58040
18.7 68968.1 -93462.3 -86695.3 26422.8 -86695.3 -93462.3
18.72 89031.2 -123092 -97468.8 2865.61 -97468.8 -123092
18.74 103570 -145522 -105168 -20204.7 -105168 -145522
18.76 110772 -160177 -109911 -42819.8 -109911 -160177
18.78 109763 -166994 -112059 -64618.6 -112059 -166994
18.8 101168 -166419 -111753 -85007.4 -111753 -166419
18.82 87082.6 -159371 -109163 -103392 -109163 -159371
18.84 70311.3 -146965 -104872 -119153 -104872 -146965
18.86 53230.4 -130268 -99792.5 -131551 -99792.5 -130268
18.88 37037.1 -109988 -94958.7 -139525 -94958.7 -109988
18.9 21809.1 -86424.2 -91441.2 -141605 -91441.2 -86424.2
18.92 7201.77 -60292.4 -89128.2 -136626 -89128.2 -60292.4
18.94 -6928.74 -32985.6 -85977.8 -124714 -85977.8 -32985.6
18.96 -20491.1 -5512.23 -79828 -107147 -79828 -5512.23
18.98 -33564 22124.3 -70042.2 -85279.2 -70042.2 22124.3
19 -46673.5 50123.2 -57142.9 -60139.7 -57142.9 50123.2
19.02 -60397.5 77801.7 -42238.8 -32900.4 -42238.8 77801.7
19.04 -74503.1 103511 -27331.4 -5015.62 -27331.4 103511
19.06 -87474.6 125300 -15140.8 22382.8 -15140.8 125300
19.08 -97006.6 141565 -7695.55 48860.7 -7695.55 141565
19.1 -101086 151463 -5178.23 74258 -5178.23 151463
19.12 -98837.7 155078 -6288.96 98109 -6288.96 155078
19.14 -90691.9 153144 -9341.49 119585 -9341.49 153144
19.16 -78021.3 146520 -12848.2 137795 -12848.2 146520
19.18 -62627.7 136021 -15656.7 152010 -15656.7 136021
19.2 -46329.3 122659 -17247.7 161679 -17247.7 122659
19.22 -30684.6 107433 -17913.5 166167 -17913.5 107433
19.24 -16780.9 90637.6 -18474.8 164549 -18474.8 90637.6
19.26 -5038.49 71935.7 -20325.1 156035 -20325.1 71935.7
19.28 4939.24 51038.4 -25202.2 140721 -25202.2 51038.4
19.3 14308.1 27951.4 -33587.7 119626 -33587.7 27951.4
19.32 24561.2 2964.39 -44127 94065 -44127 2964.39
19.34 36826 -23147.4 -55013.6 65383.5 -55013.6 -23147.4
19.36 51187.5 -49015.7 -64958.5 35213.8 -64958.5 -49015.7
19.38 66400.5 -72993.9 -72941.5 5407.19 -72941.5 -72993.9
19.4 80189.8 -93467.2 -78118.5 -22579.3 -78118.5 -93467.2
19.42 89981.3 -108861 -80634.2 -48061.2 -80634.2 -108861
19.44 93665.7 -117851 -81980.7 -70822.2 -81980.7 -117851
19.46 90131.2 -120036 -83885 -90626.6 -83885 -120036
19.48 79550.1 -116258 -86861.5 -107091 -86861.5 -116258
19.5 63414.3 -107922 -90103.8 -119812 -90103.8 -107922
19.52 44172.1 -96114.7 -92490 -128391 -92490 -96114.7
19.54 24434.9 -81536.8 -93319 -132200 -93319 -81536.8
19.56 6089.91 -64817.1 -92478.5 -130260 -92478.5 -64817.1
19.58 -10156.7 -46548.4 -90458.3 -121762 -90458.3 -46548.4
19.6 -24583.3 -27096.5 -88087.9 -106875 -88087.9 -27096.5
19.62 -37862.4 -6545.89 -85704.1 -86764.5 -85704.1 -6545.89
19.64 -50498.3 15096.1 -82746 -62954 -82746 15096.1
19.66 -62544.6 37493.3 -78613.3 -36992 -78613.3 37493.3
19.68 -73606.6 59540.9 -73189.5 -10476.3 -73189.5 59540.9
19.7 -82963.2 79455 -66430.1 15133.4 -66430.1 79455
19.72 -89669.6 95602.3 -58252.6 38868.5 -58252.6 95602.3
19.74 -92697.5 107203 -48991.8 60299.3 -48991.8 107203
19.76 -91231.4 114106 -39621.5 79260.5 -39621.5 114106
19.78 -85035.8 116273 -31329 95600.6 -31329 116273
19.8 -74616.1 113930 -25007.4 109060 -25007.4 113930
19.82 -61016.2 107965 -21110.1 119199 -21110.1 107965
19.84 -45397.9 99571.7 -19673.7 125432 -19673.7 99571.7
19.86 -28675.6 89399.1 -20245.4 127175 -20245.4 89399.1
19.88 -11358 77206.4 -21829.6 124003 -21829.6 77206.4
19.9 6394.4 62365.3 -23211.5 115910 -23211.5 62365.3
19.92 24535.2 44502.1 -23599.4 103509 -23599.4 44502.1
19.94 42793.8 23783.4 -22969.8 87791.5 -22969.8 23783.4
19.96 60421.6 1040.07 -22184.3 69676.8 -22184.3 1040.07
19.98 76243.2 -22282.1 -22891.6 49976.8 -22891.6 -22282.1
20 89033.3 -44488.7 -26437.2 29620.4 -26437.2 -44488.7
20.02 98002 -64128.4 -33036.9 9573.09 -33036.9 -64128.4
20.04 103076 -80355.6 -42263.5 -9438.11 -42263.5 -80355.6
20.06 104785 -93078.3 -53540.5 -26896.3 -53540.5 -93078.3
20.08 103854 -102809 -65888.2 -42260.7 -65888.2 -102809
20.1 100817 -110216 -77681.8 -54995.7 -77681.8 -110216
20.12 95838.8 -115598 -87209.5 -64835.2 -87209.5 -115598
20.14 88690.7 -118580 -93512.3 -71857.6 -93512.3 -118580
20.16 78786.7 -118158 -96675.9 -76257.7 -96675.9 -118158
20.18 65337.9 -113015 -97465.8 -78068.5 -97465.8 -113015
20.2 47706.1 -101993 -96851.7 -77071.4 -96851.7 -101993
20.22 25857.5 -84593.4 -95766.7 -73033.2 -95766.7 -84593.4
20.24 655.564 -61349 -94946.1 -66067.4 -94946.1 -61349
20.26 -26199.8 -33788.8 -94755.9 -56613.4 -94755.9 -33788.8
20.28 -52548 -4085.1 -95061.3 -45090.4 -95061.3 -4085.1
20.3 -76256.4 25311.6 -94963.4 -31854.7 -94963.4 25311.6
20.32 -95678.6 52198.9 -92904.1 -17536.7 -92904.1 52198.9
20.34 -110003 75330.9 -87915.7 -3113.34 -87915.7 75330.9
20.36 -119389 94744.8 -80399.8 10519.3 -80399.8 94744.8
20.38 -124721 111199 -71182.1 22898.8 -71182.1 111199
20.4 -126975 125193 -60607.9 33870 -60607.9 125193
20.42 -126557 136567 -49012.5 43329.6 -49012.5 136567
20.44 -123114 144811 -37474.5 51240.8 -37474.5 144811
20.46 -115901 149310 -27413.1 57766.9 -27413.1 149310
20.48 -104348 149265 -19583.1 63215.8 -19583.1 149265
20.5 -88357.4 143833 -13889.7 67803.8 -13889.7 143833
20.52 -68295.9 132640 -10022.3 71420.9 -10022.3 132640
20.54 -44898.3 116056 -7810.33 73612 -7810.33 116056
20.56 -19273.6 95055 -7140.43 73943.9 -7140.43 95055
20.58 7099.98 70947.5 -7970.81 72414.6 -7970.81 70947.5
20.6 32595 45145.3 -10289 69343.5 -10289 45145.3
20.62 55841.7 19004.2 -13837.1 64967.1 -13837.1 19004.2
20.64 76067.1 -6363.24 -17999.3 59377.2 -17999.3 -6363.24
20.66 93142.2 -30297.2 -22615.2 52764 -22615.2 -30297.2
20.68 107307 -52661.7 -28375.6 45462.5 -28375.6 -52661.7
20.7 118804 -73655.4 -35736.4 37727.6 -35736.4 -73655.4
20.72 127667 -93364.8 -44402.8 29601.2 -44402.8 -93364.8
20.74 133671 -111312 -54004.5 21044.8 -54004.5 -111312
20.76 136333 -126469 -64422.3 12129.2 -64422.3 -126469
20.78 134948 -137714 -75242.9 3062.74 -75242.9 -137714
20.8 128774 -144095 -85451.4 -5924.09 -85451.4 -144095
20.82 117357 -144695 -93948.2 -14700.6 -93948.2 -144695
20.84 100804 -138750 -100104 -23251.1 -100104 -138750
20.86 79834.5 -126228 -103693 -31534.8 -103693 -126228
20.88 55606 -108116 -104673 -39256.5 -104673 -108116
20.9 29437 -85944.5 -103324 -45834.7 -103324 -85944.5
20.92 2562.71 -61125.6 -100342 -50729.7 -100342 -61125.6
20.94 -24050.8 -34639 -96603.6 -53728.2 -96603.6 -34639
20.96 -49785.2 -7179.2 -92952.9 -54800.4 -92952.9 -7179.2
20.98 -74265.4 20568.2 -90079 -53873.8 -90079 20568.2
21 -97097.2 47866.8 -88201 -50944.4 -88201 47866.8
21.02 -117595 73964.1 -86428 -46243 -86428 73964.1
21.04 -134694 97999.5 -83003 -40085.2 -83003 97999.5
21.06 -147156 118906 -76957.1 -32623.3 -76957.1 118906
21.08 -153962 135481 -68810.6 -23856.8 -68810.6 135481
21.1 -154605 146587 -59585.4 -13832.4 -59585.4 146587
21.12 -149083 151455 -50052 -2772.54 -50052 151455
21.14 -137702 149950 -40950.5 8943.9 -40950.5 149950
21.16 -120978 142582 -33242.6 20887.4 -33242.6 142582
21.18 -99693.3 130194 -27768.4 32682.8 -27768.4 130194
21.2 -74903.3 113578 -24844.6 43979.7 -24844.6 113578
21.22 -47719 93280.9 -24252.1 54304.4 -24252.1 93280.9
21.24 -19011.6 69695.3 -25466.1 63075.8 -25466.1 69695.3
21.26 10676.6 43219.4 -27855.4 69840.6 -27855.4 43219.4
21.28 40901.9 14401.3 -30738.4 74378.9 -30738.4 14401.3
21.3 70964.4 -15828.8 -33423.8 76566.2 -33423.8 -15828.8
21.32 99754.2 -46039.7 -35440.4 76287.9 -35440.4 -46039.7
21.34 125923 -74566.9 -36819.9 73533.5 -36819.9 -74566.9
21.36 148221 -100021 -38083.8 68461.9 -38083.8 -100021
21.38 165747 -121509 -40020.3 61306.8 -40020.3 -121509
21.4 177981 -138426 -43278.7 52278.9 -43278.7 -138426
21.42 184683 -150285 -47764.2 41617.1 -47764.2 -150285
21.44 185757 -156832 -52725.7 29684.5 -52725.7 -156832
21.46 181201 -158141 -57564.3 16966.6 -57564.3 -158141
21.48 171120 -154520 -62172.9 3993.51 -62172.9 -154520
21.5 155750 -146387 -66486.2 -8746.84 -66486.2 -146387
21.52 135426 -134041 -70086.1 -20818.8 -70086.1 -134041
21.54 110491 -117264 -72571.9 -31711.9 -72571.9 -117264
21.56 81243.1 -95389.9 -74102.8 -40799 -74102.8 -95389.9
21.58 48051.3 -68027.9 -75201.6 -47570.7 -75201.6 -68027.9
21.6 11690.5 -35757.8 -76161.7 -51811.6 -76161.7 -35757.8
21.62 -26306.2 -360.934 -76890.4 -53458.1 -76890.4 -360.934
21.64 -63650.9 35530.3 -77138.7 -52458.8 -77138.7 35530.3
21.66 -97863.3 69264.3 -76675.6 -48891.1 -76675.6 69264.3
21.68 -127112 99043 -75354.3 -43073.9 -75354.3 99043
21.7 -150731 124186 -73189.9 -35428 -73189.9 124186
21.72 -169048 144680 -70437 -26270.1 -70437 144680
21.74 -182675 160577 -67544.6 -15813.1 -67544.6 160577
21.76 -191819 171765 -64955.2 -4333.19 -64955.2 171765
21.78 -196092 178124 -62855.4 7730.57 -62855.4 178124
21.8 -194865 179650 -60914.8 19845.2 -60914.8 179650
21.82 -187793 176407 -58416.9 31527.7 -58416.9 176407
21.84 -175099 168497 -55006 42439.6 -55006 168497
21.86 -157462 156058 -51273 52303.6 -51273 156058
21.88 -135702 139138 -48357.9 60635.7 -48357.9 139138
21.9 -110525 117799 -47050.6 66703.9 -47050.6 117799
21.92 -82537.4 92419.1 -47483.7 69944.1 -47483.7 92419.1
21.94 -52458.6 63840.3 -49359.5 70254.4 -49359.5 63840.3
21.96 -21325.6 33411.8 -52107.9 67767.6 -52107.9 33411.8
21.98 9572.43 2857.22 -54981.3 62604.1 -54981.3 2857.22
22 39037.2 -26281.2 -57279.7 55010 -57279.7 -26281.2
22.02 66305 -53296.7 -58614.1 45529.9 -58614.1 -53296.7
22.04 91074.8 -78263.9 -59014.3 34831.8 -59014.3 -78263.9
22.06 113152 -101186 -58849.9 23408.3 -58849.9 -101186
22.08 131975 -121277 -58651 11548.4 -58651 -121277
22.1 146426 -137123 -58922.7 -450.198 -58922.7 -137123
22.12 155185 -147392 -60047 -12145.9 -60047 -147392
22.14 157407 -151372 -62197.4 -23023.8 -62197.4 -151372
22.16 153266 -149185 -65101.9 -32637.2 -65101.9 -149185
22.18 143921 -141744 -67837.2 -40679.3 -67837.2 -141744
22.2 130875 -130286 -69086.1 -46914.2 -69086.1 -130286
22.22 115141 -115522 -67992.1 -50930.5 -67992.1 -115522
22.24 96772.6 -97247.9 -64955.9 -52045.6 -64955.9 -97247.9
22.26 75059 -75007.2 -61388.9 -49749 -61388.9 -75007.2
22.28 49302.5 -48813.2 -58609.9 -44183.6 -58609.9 -48813.2
22.3 19657.7 -19194.8 -57116.9 -35966.3 -57116.9 -19194.8
22.32 -12537.8 12958.7 -56696.5 -25714.6 -56696.5 12958.7
22.34 -45151.8 46314 -56787.8 -13988.1 -56787.8 46314
22.36 -75982.1 78939.6 -56675 -1474.93 -56675 78939.6
22.38 -103256 108511 -55683.3 11114.6 -55683.3 108511
22.4 -125738 132939 -53535.4 23326.8 -53535.4 132939
22.42 -142705 151102 -50590.9 34957.3 -50590.9 151102
22.44 -153997 163153 -47638.9 45790.1 -47638.9 163153
22.46 -160064 170067 -45417.6 55474.4 -45417.6 170067
22.48 -161778 172828 -44287.8 63637.1 -44287.8 172828
22.5 -160005 172035 -44167.2 69994.5 -44167.2 172035
22.52 -155181 168085 -44604.9 74353.6 -44604.9 168085
22.54 -147132 161209 -45058.4 76534.2 -45058.4 161209
22.56 -135263 150837 -45244.5 76229.6 -45244.5 150837
22.58 -118975 135401 -45279 73069.5 -45279 135401
22.6 -98118.4 113659 -45641.8 67006.8 -45641.8 113659
22.62 -73265.8 86035.3 -46921.9 58468.7 -46921.9 86035.3
22.64 -45766.9 54482.6 -49346 48009.9 -49346 54482.6
22.66 -17531.6 21616.7 -52580.3 36071.7 -52580.3 21616.7
22.68 9433.15 -9904.7 -56154 23170.7 -56154 -9904.7
22.7 33544.8 -37917.7 -60024.5 10051.3 -60024.5 -37917.7
22.72 53968.1 -61416.8 -64480.1 -2531.95 -64480.1 -61416.8
22.74 70652.4 -80722.1 -69472.9 -14091.3 -69472.9 -80722.1
22.76 84129.9 -96824.1 -74350.5 -24418.5 -74350.5 -96824.1
22.78 95089.5 -110550 -78340 -33431.2 -78340 -110550
22.8 103825 -122152 -81056.4 -41055.2 -81056.4 -122152
22.82 109879 -131154 -82496.3 -47169.3 -82496.3 -131154
22.84 112186 -136296 -82840.1 -51598.3 -82840.1 -136296
22.86 109644 -135910 -82418.9 -54141.5 -82418.9 -135910
22.88 101689 -128701 -81666 -54543.4 -81666 -128701
22.9 88554.3 -114320 -80847 -52443.8 -80847 -114320
22.92 71210.7 -93503.7 -79707.7 -47575.3 -79707.7 -93503.7
22.94 51130.3 -67993.3 -77449.5 -40088.6 -77449.5 -67993.3
22.96 29961.1 -40102.1 -73344.1 -30482.3 -73344.1 -40102.1
22.98 9153.04 -11969.5 -67449.1 -19254 -67449.1 -11969.5
23 -10380.9 14915.8 -60644.3 -6870.17 -60644.3 14915.8
23.02 -28407.1 39752.8 -54025.9 6024.64 -54025.9 39752.8
23.04 -45173.8 62313.2 -48288.5 18683.5 -48288.5 62313.2
23.06 -60942.4 82863.5 -43585.9 30577.1 -43585.9 82863.5
23.08 -75544.8 101841 -39787.5 41484.6 -39787.5 101841
23.1 -88230.9 119161 -36707.5 51295.5 -36707.5 119161
23.12 -97827.6 133738 -34113.6 59866.6 -34113.6 133738
23.14 -103068 143858 -31721.8 67044.7 -31721.8 143858
23.16 -102971 148089 -29343 72679.2 -29343 148089
23.18 -97196.9 145878 -26992.8 76592.4 -26992.8 145878
23.2 -86244.1 137521 -24816.6 78598.9 -24816.6 137521
23.22 -71362.4 123875 -23017.3 78498.7 -23017.3 123875
23.24 -54191.1 106079 -21969.2 76052.5 -21969.2 106079
23.26 -36308.2 85408.3 -22415.7 71155.8 -22415.7 85408.3
23.28 -18886.5 63112.9 -25293 64055.5 -25293 63112.9
23.3 -2530.97 40160.4 -31019.6 55220.8 -31019.6 40160.4
23.32 12715.4 17090.5 -38948 45050.8 -38948 17090.5
23.34 27224.2 -5921.99 -47642.4 33868.4 -47642.4 -5921.99
23.36 41479.7 -28827.6 -55681.4 22112 -55681.4 -28827.6
23.38 55663.2 -51417.2 -62298 10323.7 -62298 -51417.2
23.4 69294.9 -73115.2 -67558.5 -1067.09 -67558.5 -73115.2
23.42 81164.4 -92910.4 -72157 -11834.1 -72157 -92910.4
23.44 89644.5 -109452 -77013.2 -21838.3 -77013.2 -109452
23.46 93260.3 -121339 -82746.2 -30922.7 -82746.2 -121339
23.48 91233.8 -127483 -89172.7 -38926.1 -89172.7 -127483
23.5 83744.2 -127348 -95236.1 -45716.2 -95236.1 -127348
23.52 71810.1 -121065 -99600.1 -51175.1 -99600.1 -121065
23.54 56880.5 -109487 -101421 -55145.8 -101421 -109487
23.56 40340 -94018.2 -100669 -57332.6 -100669 -94018.2
23.58 23150.5 -76051.1 -97972.6 -57307.2 -97972.6 -76051.1
23.6 5748.51 -56468.1 -94247.4 -54802.9 -94247.4 -56468.1
23.62 -11832.8 -35542.8 -90328.9 -49989 -90328.9 -35542.8
23.64 -29718.7 -13179.8 -86621.3 -43301.1 -86621.3 -13179.8
23.66 -47900.8 10691.4 -82929.6 -35112.2 -82929.6 10691.4
23.68 -65983.1 35763.3 -78833.8 -25731.3 -78833.8 35763.3
23.7 -83073.6 61129.3 -73993.4 -15560.9 -73993.4 61129.3
23.72 -97885.6 85331 -68044.9 -5016.41 -68044.9 85331
23.74 -109004 106668 -60642.8 5664.42 -60642.8 106668
23.76 -115229 123547 -51787 16389.8 -51787 123547
23.78 -115923 134791 -42061.8 27027.1 -42061.8 134791
23.8 -111229 139922 -32570.8 37336.3 -32570.8 139922
23.82 -102023 139269 -24712.1 47031.4 -24712.1 139269
23.84 -89587 133702 -19767.8 55822.7 -19767.8 133702
23.86 -75136.4 124193 -18319 63416.6 -18319 124193
23.88 -59434.6 111591 -19894 69496.2 -19894 111591
23.9 -42650.1 96516.6 -23111.9 73683 -23111.9 96516.6
23.92 -24533.9 79273.4 -26201.2 75630 -26201.2 79273.4
23.94 -4819.22 59846.4 -27779.8 75260.9 -27779.8 59846.4
23.96 16366.4 38083.7 -27591.7 72816.5 -27591.7 38083.7
23.98 38251.6 14042.4 -26744 68588.1 -26744 14042.4
24 59429.7 -11629.9 -27303.4 62704.9 -27303.4 -11629.9
24.02 78153.2 -37460.8 -31138 55223.5 -31138 -37460.8
24.04 92836.6 -61355.1 -38607.7 46287.1 -38607.7 -61355.1
24.06 102556 -81292.2 -48535.8 36096 -48535.8 -81292.2
24.08 107283 -96123.6 -59255.7 24850.7 -59255.7 -96123.6
24.1 107733 -105944 -69386.9 12866.6 -69386.9 -105944
24.12 104950 -111793 -77986.2 668.286 -77986.2 -111793
24.14 99859.8 -114857 -84492.7 -11167.2 -84492.7 -114857
24.16 92941.4 -115662 -88781.5 -22250.3 -88781.5 -115662
24.18 84112.5 -113776 -91184.5 -32418.1 -91184.5 -113776
24.2 72883.2 -108257 -92269.9 -41581.2 -92269.9 -108257
24.22 58749 -98456.1 -92513.7 -49544.8 -92513.7 -98456.1
24.24 41635.2 -84423.2 -92249.6 -55914.2 -92249.6 -84423.2
24.26 22135.2 -66766.9 -91829.9 -60197.6 -91829.9 -66766.9
24.28 1391.87 -46289.1 -91512.1 -62049.8 -91512.1 -46289.1
24.3 -19261.6 -23833.7 -91153.7 -61349.5 -91153.7 -23833.7
24.32 -38600.4 -465.651 -90097.1 -58043.9 -90097.1 -465.651
24.34 -55585.9 22418.1 -87291.8 -52090.1 -87291.8 22418.1
24.36 -69366.4 43435.9 -81828.6 -43650.9 -81828.6 43435.9
24.38 -79405.6 61772.8 -73701.3 -33224.3 -73701.3 61772.8
24.4 -85714.4 77270.3 -63914.4 -21428.2 -63914.4 77270.3
24.42 -88924.1 90054.9 -53888.8 -8703.32 -53888.8 90054.9
24.44 -89980.1 100301 -44915.4 4680.04 -44915.4 100301
24.46 -89570.1 108197 -37931.9 18411.6 -37931.9 108197
24.48 -87678 113697 -33365.3 32063.2 -33365.3 113697
24.5 -83595.3 116170 -30903.9 45185.9 -30903.9 116170
24.52 -76381.4 114653 -29536.7 57373.8 -29536.7 114653
24.54 -65475.9 108636 -28101 68225.8 -28101 108636
24.56 -51124.2 98461.2 -26019 77314.3 -26019 98461.2
24.58 -34431 84941.5 -23610.1 84212.2 -23610.1 84941.5
24.6 -17043.8 68910.2 -21821.8 88548.9 -21821.8 68910.2
24.62 -626.457 51252.7 -21740.3 90079.6 -21740.3 51252.7
24.64 13609 33013 -24185.2 88693.3 -24185.2 33013
24.66 25094.9 15209.9 -29401.4 84313.2 -29401.4 15209.9
24.68 33833.6 -1462.63 -36906.3 76880.5 -36906.3 -1462.63
24.7 40219.3 -16811.4 -45628.8 66538.4 -45628.8 -16811.4
24.72 44850.2 -31031.4 -54404.8 53771.1 -54404.8 -31031.4
24.74 48300.8 -44308.3 -62421.8 39282.8 -62421.8 -44308.3
24.76 50856.5 -56459.9 -69324.4 23763.4 -69324.4 -56459.9
24.78 52327.3 -66943.8 -75214 7780.55 -75214 -66943.8
24.8 52072.2 -75119.9 -80539.8 -8185.26 -80539.8 -75119.9
24.82 49275.7 -80392.5 -85740.3 -23683.9 -85740.3 -80392.5
24.84 43381.5 -82197 -90844.3 -38284.5 -90844.3 -82197
24.86 34455 -80149.7 -95474.4 -51584.8 -95474.4 -80149.7
24.88 23248.9 -74391.2 -99165.6 -63200.1 -99165.6 -74391.2
24.9 10952.8 -65711.5 -101490 -72734.9 -101490 -65711.5
24.92 -1187.74 -55192.3 -101966 -79758 -101966 -55192.3
24.94 -12190.1 -43680.8 -100234 -83801.2 -100234 -43680.8
24.96 -21525.8 -31591.5 -96494 -84433.3 -96494 -31591.5
24.98 -29164.9 -19051.5 -91590.6 -81415.6 -91590.6 -19051.5
25 -35436.6 -6100.79 -86337.2 -74791 -86337.2 -6100.79
25.02 -40727 7184.2 -81071.5 -64844.2 -81071.5 7184.2
25.04 -45162.8 20626.4 -75879.7 -52050.7 -75879.7 20626.4
25.06 -48479.1 33858.5 -70557.8 -37042.2 -70557.8 33858.5
25.08 -50124.9 46267.8 -64483.5 -20523.2 -64483.5 46267.8
25.1 -49502.9 57106 -57063.3 -3162.98 -57063.3 57106
25.12 -46216 65690.1 -48366.5 14469.9 -48366.5 65690.1
25.14 -40220.4 71528.5 -39158.9 31905 -39158.9 71528.5
25.16 -31832.5 74374.2 -30429.7 48709.5 -30429.7 74374.2
25.18 -21620.5 74299.2 -23031.3 64409 -23031.3 74299.2
25.2 -10275.2 71721 -17566.9 78468.5 -17566.9 71721
25.22 1491.34 67235.3 -14306.6 90366 -14306.6 67235.3
25.24 13047.5 61321.2 -13132.4 99693.4 -13132.4 61321.2
25.26 23955 54143.5 -13619.8 106184 -13619.8 54143.5
25.28 34035.3 45579 -15147 109654 -15147 45579
25.3 43302.9 35467.5 -16960.6 109976 -16960.6 35467.5
25.32 51739.5 23941.1 -18378.1 107134 -18378.1 23941.1
25.34 59001.7 11568.2 -19241.9 101241 -19241.9 11568.2
25.36 64288.1 -772.829 -20765.6 92424.2 -20765.6 -772.829
25.38 66538.2 -12204.7 -24788.4 80845.6 -24788.4 -12204.7
25.4 64933.6 -22147.9 -31975.3 66862 -31975.3 -22147.9
25.42 59381.2 -30279.9 -41827.4 51025.4 -41827.4 -30279.9
25.44 50567.4 -36351.9 -53673 33946.2 -53673 -36351.9
25.46 39524.9 -40292.7 -66774.1 16301.4 -66774.1 -40292.7
25.48 27119.9 -42333.8 -79736.4 -1124.52 -79736.4 -42333.8
25.5 13890 -42754.3 -90780.3 -17628.7 -90780.3 -42754.3
25.52 201.451 -41548.9 -98760.5 -32824.3 -98760.5 -41548.9
25.54 -13604.3 -38529 -103601 -46571.6 -103601 -38529
25.56 -27237 -33671.5 -105813 -58711.3 -105813 -33671.5
25.58 -40524.1 -27166.2 -106034 -68959.8 -106034 -27166.2
25.6 -53354.3 -19171.2 -105020 -77011.3 -105020 -19171.2
25.62 -65506.9 -9761.82 -103621 -82613.3 -103621 -9761.82
25.64 -76506.4 790.748 -102428 -85543.9 -102428 790.748
25.66 -85614.1 11799.8 -101586 -85606.3 -101586 11799.8
25.68 -91955.1 22319.3 -100965 -82657.3 -100965 22319.3
25.7 -94720.2 31489.5 -99774.4 -76615.2 -99774.4 31489.5
25.72 -93396.8 38815.7 -96189.1 -67521.7 -96189.1 38815.7
25.74 -87969.3 44316.6 -89011.7 -55661.2 -89011.7 44316.6
25.76 -79041.4 48422.4 -78901.6 -41555.9 -78901.6 48422.4
25.78 -67737.8 51645.7 -67189.8 -25829.7 -67189.8 51645.7
25.8 -55277.9 54304 -54768.2 -9143.04 -54768.2 54304
25.82 -42438.2 56421.4 -42434.7 7807.15 -42434.7 56421.4
25.84 -29334 57683.4 -31411.3 24405.1 -31411.3 57683.4
25.86 -15698.5 57503.6 -22725.8 40286.9 -22725.8 57503.6
25.88 -1364.72 55372.5 -16506.4 55306.2 -16506.4 55372.5
25.9 13450.1 51231.9 -12353.8 69304.3 -12353.8 51231.9
25.92 28167.1 45456.3 -10086.1 81967.4 -10086.1 45456.3
25.94 42040.9 38528 -9708.85 92878.2 -9708.85 38528
25.96 54379.1 30817.7 -10944 101599 -10944 30817.7
25.98 64701.6 22578.6 -13198.8 107689 -13198.8 22578.6
26 72792.7 13988.4 -15835.6 110732 -15835.6 13988.4
26.02 78628.6 5200.96 -18200.5 110452 -18200.5 5200.96
26.04 82218.5 -3537.06 -19620.8 106775 -19620.8 -3537.06
26.06 83451.2 -11842.9 -20571.5 99808.5 -20571.5 -11842.9
26.08 82033.2 -19401.8 -23353 89831.4 -23353 -19401.8
26.1 77617 -26162 -29841.7 77312.3 -29841.7 -26162
26.12 70116.1 -32097.6 -39820.3 62808.1 -39820.3 -32097.6
26.14 59941 -36841 -52072.2 46819.6 -52072.2 -36841
26.16 47863.8 -39857.8 -65505.7 29828 -65505.7 -39857.8
26.18 34604.4 -40947.4 -78907.5 12417.8 -78907.5 -40947.4
26.2 20594.3 -40320.1 -90697.9 -4786.6 -90697.9 -40320.1
26.22 6135.72 -38256.3 -99642.6 -21315.3 -99642.6 -38256.3
26.24 -8320.02 -34923.5 -105351 -36870.2 -105351 -34923.5
26.26 -22135.1 -30436 -107925 -51145.9 -107925 -30436
26.28 -34699.2 -24855.9 -107645 -63723.7 -107645 -24855.9
26.3 -45636.3 -18209.8 -105218 -74137.2 -105218 -18209.8
26.32 -54795.5 -10718 -101881 -81957.4 -101881 -10718
26.34 -62043.6 -2977.72 -98906.8 -86816.4 -98906.8 -2977.72
26.36 -67059.7 4220.2 -97062.8 -88440.3 -97062.8 4220.2
26.38 -69337.2 10278.2 -96522.7 -86686.5 -96522.7 10278.2
26.4 -68416.5 14961.6 -96525.6 -81514.7 -96525.6 14961.6
26.42 -64169.7 18325.4 -94931.1 -72971.5 -94931.1 18325.4
26.44 -56923 20670.1 -89769.8 -61280.3 -89769.8 20670.1
26.46 -47413.3 22496.1 -80938.3 -46894.7 -80938.3 22496.1
26.48 -36643.5 24340.1 -69607 -30426 -69607 24340.1
26.5 -25622.3 26606.7 -57080.8 -12584.4 -57080.8 26606.7
26.52 -15034.5 29429.2 -44643.6 5832.12 -44643.6 29429.2
26.54 -5048.04 32497.5 -33798 24053.1 -33798 32497.5
26.56 4588.58 35025.5 -25774.1 41530.8 -25774.1 35025.5
26.58 14262 36073.3 -20875.5 57958.8 -20875.5 36073.3
26.6 24216.5 35030.1 -18578.8 73066.9 -18578.8 35030.1
26.62 34356.2 31861.1 -18126.8 86455.9 -18126.8 31861.1
26.64 44142.9 27061.3 -18826.2 97636 -18826.2 27061.3
26.66 52657.4 21501.1 -20020.8 106139 -20020.8 21501.1
26.68 58864.7 16171.4 -21147.2 111559 -21147.2 16171.4
26.7 61989.7 11784.1 -21884.7 113551 -21884.7 11784.1
26.72 61784.6 8480.56 -22231.5 111850 -22231.5 8480.56
26.74 58518.3 5964.21 -22742.7 106321 -22742.7 5964.21
26.76 52746.7 3837.37 -24901.3 97068.2 -24901.3 3837.37
26.78 45059.2 1715.42 -30011.3 84519.5 -30011.3 1715.42
26.8 35987.8 -764.415 -37949 69367.1 -37949 -764.415
26.82 26044.4 -3743.37 -47794.5 52382.1 -47794.5 -3743.37
26.84 15666 -6932.52 -58767.5 34316.1 -58767.5 -6932.52
26.86 5031.82 -9714.51 -70168.7 15904.2 -70168.7 -9714.51
26.88 -6018.08 -11452.3 -80967.4 -2198.25 -80967.4 -11452.3
26.9 -17760.1 -11734.9 -90152.8 -19539.7 -90152.8 -11734.9
26.92 -30205.6 -10505.6 -97305.1 -35856.8 -97305.1 -10505.6
26.94 -42871.5 -8070.02 -102464 -50891.3 -102464 -8070.02
26.96 -54850.7 -4920.38 -105613 -64255.4 -105613 -4920.38
26.98 -65089.2 -1498 -106646 -75468.6 -106646 -1498
27 -72693.9 1866.72 -105749 -84058 -105749 1866.72
27.02 -77148.3 4892.56 -103517 -89606.7 -103517 4892.56
27.04 -78385.7 7419.55 -100658 -91777.7 -100658 7419.55
27.06 -76718.7 9562.88 -97777 -90355.1 -97777 9562.88
27.08 -72656.7 11610.8 -95393.2 -85265.9 -95393.2 11610.8
27.1 -66710.3 13705.3 -93012.6 -76610 -93012.6 13705.3
27.12 -59258.3 15739.3 -89160.7 -64744.5 -89160.7 15739.3
27.14 -50554.9 17544.1 -83192.9 -50275.5 -83192.9 17544.1
27.16 -40873.5 19025.7 -75606.9 -33892.7 -75606.9 19025.7
27.18 -30605.1 20207 -66803.4 -16266.3 -66803.4 20207
27.2 -20165.9 21307.6 -56784.2 1887.97 -56784.2 21307.6
27.22 -9808.27 22653.6 -46149.6 19807.9 -46149.6 22653.6
27.24 417.04 24288.6 -36306.2 36884.4 -36306.2 24288.6
27.26 10518.5 25744.9 -28468 52795.3 -28468 25744.9
27.28 20419.7 26396.3 -23023.1 67340 -23023.1 26396.3
27.3 29907.5 25976.8 -19910.1 80184.4 -19910.1 25976.8
27.32 38619.7 24602.2 -18990.6 90835.2 -18990.6 24602.2
27.34 46053.3 22421 -19835.9 98809 -19835.9 22421
27.36 51647.4 19525.9 -21581.7 103756 -21581.7 19525.9
27.38 54945 16187.6 -23323.6 105461 -23323.6 16187.6
27.4 55729.2 12914.3 -24561.7 103812 -24561.7 12914.3
27.42 54029.2 10184.6 -25179.6 98792.7 -25179.6 10184.6
27.44 50028.8 8209.65 -25615.9 90517.2 -25615.9 8209.65
27.46 44001.4 6884.33 -27218.5 79318.8 -27218.5 6884.33
27.48 36319.9 5839.11 -31281.6 65777.1 -31281.6 5839.11
27.5 27507.8 4613.75 -38009.8 50576.9 -38009.8 4613.75
27.52 18211.5 2902 -46898.9 34352.6 -46898.9 2902
27.54 9009.31 654.427 -57316.3 17710.2 -57316.3 654.427
27.56 162.054 -1981.23 -68400.4 1303.29 -68400.4 -1981.23
27.58 -8456.71 -4679.57 -78852.2 -14254.8 -78852.2 -4679.57
27.6 -17152.7 -6902.3 -87394.7 -28553 -87394.7 -6902.3
27.62 -26100 -8029.49 -93391.3 -41370.5 -93391.3 -8029.49
27.64 -35157.9 -7685.79 -96897.8 -52502 -96897.8 -7685.79
27.66 -43873 -5964.37 -98318.6 -61649.9 -98318.6 -5964.37
27.68 -51581.4 -3341.19 -98214.3 -68475.2 -98214.3 -3341.19
27.7 -57543.5 -425.047 -97261.9 -72691.7 -97261.9 -425.047
27.72 -61102.2 2240.79 -96082.6 -74107.6 -96082.6 2240.79
27.74 -61857 4310.02 -95019.3 -72619.7 -95019.3 4310.02
27.76 -59781.9 5710.04 -94146.5 -68196.8 -94146.5 5710.04
27.78 -55214.6 6591.83 -93159.7 -60899.3 -93159.7 6591.83
27.8 -48734.4 7221.98 -91097.4 -50970.6 -91097.4 7221.98
27.82 -41005.7 7939.15 -87038.3 -38896.3 -87038.3 7939.15
27.84 -32676.1 9108.89 -80894 -25306.7 -80894 9108.89
27.86 -24318.2 10992.6 -73078 -10830.9 -73078 10992.6
27.88 -16332.1 13601.3 -64040.3 3928.75 -64040.3 13601.3
27.9 -8820.4 16652.3 -54390.4 18378 -54390.4 16652.3
27.92 -1568.33 19656.6 -45112.5 32019.8 -45112.5 19656.6
27.94 5786.12 22084.5 -37206.3 44562.9 -37206.3 22084.5
27.96 13489.9 23535.8 -31180.5 55869.6 -31180.5 23535.8
27.98 21482.2 23852.8 -27032.7 65786.6 -27032.7 23852.8
28 29350.1 23140.3 -24560.9 74058.5 -24560.9 23140.3
28.02 36420 21704.9 -23497.8 80377.8 -23497.8 21704.9
28.04 41931.3 19951.8 -23468.9 84462.6 -23468.9 19951.8
28.06 45235.8 18261 -24068 86096 -24068 18261
28.08 45966.9 16866.8 -25030.6 85146.4 -25030.6 16866.8
28.1 44123 15798.2 -26238.1 81576.5 -26238.1 15798.2
28.12 40035.6 14925.6 -27733.2 75455.4 -27733.2 14925.6
28.14 34255.5 14037.5 -30048.8 67010.6 -30048.8 14037.5
28.16 27411.1 12882.8 -33866.5 56667.5 -33866.5 12882.8
28.18 20098.2 11246.2 -39325.5 44970.4 -39325.5 11246.2
28.2 12810.5 9053.41 -46138.2 32447.6 -46138.2 9053.41
28.22 5860.74 6400.02 -53979.2 19581.5 -53979.2 6400.02
28.24 -700.672 3496.74 -62476 6852.27 -62476 3496.74
28.26 -7078.73 631.677 -70967.6 -5297.95 -70967.6 631.677
28.28 -13584.5 -1841.64 -78643.9 -16564.5 -78643.9 -1841.64
28.3 -20424.7 -3576.11 -84934.7 -26782 -84934.7 -3576.11
28.32 -27558.2 -4360.44 -89638.5 -35804 -89638.5 -4360.44
28.34 -34668.6 -4191.24 -92753.9 -43412.1 -92753.9 -4191.24
28.36 -41224.1 -3233.04 -94380.6 -49339.1 -94380.6 -3233.04
28.38 -46588.7 -1730.54 -94786.3 -53336.9 -94786.3 -1730.54
28.4 -50158.5 53.7068 -94383.8 -55216.3 -94383.8 53.7068
28.42 -51494.4 1874.5 -93523.3 -54860.8 -93523.3 1874.5
28.44 -50410.9 3540.06 -92354.3 -52231.1 -92354.3 3540.06
28.46 -46992.3 4942.27 -90794 -47367.7 -90794 4942.27
28.48 -41558.5 6088.24 -88361.1 -40423.6 -88361.1 6088.24
28.5 -34608.6 7120.25 -84494.7 -31701.5 -84494.7 7120.25
28.52 -26753.1 8258.9 -79085.3 -21614.7 -79085.3 8258.9
28.54 -18622.4 9687.89 -72378.3 -10596.8 -72378.3 9687.89
28.56 -10723 11482.1 -64683.6 928.95 -64683.6 11482.1
28.58 -3290.96 13599.8 -56383.8 12530.4 -56383.8 13599.8
28.6 3751.41 15868.3 -48096.3 23802.7 -48096.3 15868.3
28.62 10678.7 17965.2 -40453.4 34451.8 -40453.4 17965.2
28.64 17756.5 19481.3 -33689.2 44302.7 -33689.2 19481.3
