0.02 -1.25959e-13 4.54942e-14 0.00646965 -0.0130456 0.00646965 0
0.04 -1.25959e-13 5.70371e-13 0.0196306 -0.00471607 0.0196306 0
0.06 1.00767e-12 1.36629e-13 -0.123104 0.425783 -0.123104 0
0.08 8.06137e-12 1.28329e-12 -1.11805 2.33759 -1.11805 0
0.1 9.40395e-28 -5.0221e-12 -4.84716 7.04973 -4.84716 0
0.12 0 -1.26494e-12 -15.714 15.2301 -15.714 0
0.14 0 1.48194e-12 -42.1409 26.486 -42.1409 0
0.16 -1.28982e-10 1.24271e-11 -95.8544 39.8644 -95.8544 0
0.18 -1.28982e-10 2.44996e-12 -187.675 54.5847 -187.675 0
0.2 6.4491e-10 -2.20987e-12 -321.894 70.1928 -321.894 0
0.22 1.28982e-10 -2.03158e-11 -493.07 86.1994 -493.07 0
0.24 -7.73892e-10 8.33096e-12 -687.989 101.972 -687.989 0
0.26 -5.15928e-10 -8.44011e-12 -891.35 117.145 -891.35 0
0.28 7.73892e-10 1.3212e-11 -1089.92 131.917 -1089.92 0
0.3 1.20371e-25 2.09658e-11 -1273.05 146.782 -1273.05 0
0.32 -2.57964e-10 -1.67257e-11 -1433.45 161.977 -1433.45 0
0.34 1.80575e-09 1.15056e-11 -1570.25 176.878 -1570.25 0
0.36 -1.28982e-09 -6.8867e-11 -1689.73 189.551 -1689.73 0
0.38 -5.15928e-10 5.43021e-11 -1801.29 197.259 -1801.29 0
0.4 1.67677e-09 -3.60222e-11 -1913.73 198.29 -1913.73 0
0.42 -9.02874e-10 3.18525e-11 -2034.45 193.557 -2034.45 0
0.44 -1.4188e-09 -8.45858e-12 -2166.14 186.181 -2166.14 0
0.46 -2.32168e-09 -1.35146e-11 -2298.78 179.483 -2298.78 0
0.48 -5.15928e-10 -8.81813e-12 -2406.93 174.98 -2406.93 0
0.5 6.28787e-10 2.38753e-11 -2461.23 171.289 -2461.23 0
0.52 1.88636e-09 1.88209e-11 -2448.05 164.757 -2448.05 0
0.54 -8.66598e-10 1.52795e-11 -2380 152.701 -2380 0
0.56 -5.48173e-10 -1.65012e-11 -2287.24 137.346 -2287.24 0
0.58 1.28982e-10 -9.49078e-12 -2193.21 125.817 -2193.21 0
0.6 -5.15928e-10 6.94421e-12 -2092.22 124.771 -2092.22 0
0.62 3.35353e-09 -8.86736e-12 -1949.58 134.664 -1949.58 0
0.64 0 -1.22667e-11 -1725.88 149.286 -1725.88 0
0.66 -5.15928e-10 1.23077e-11 -1401.91 160.465 -1401.91 0
0.68 -5.15928e-10 6.08401e-12 -984.191 163.927 -984.191 0
0.7 -1.20371e-25 -1.92598e-11 -497.262 162.436 -497.262 0
0.72 0 -1.68789e-11 24.0813 163.455 24.0813 0
0.74 -5.80419e-10 4.4296e-11 544.321 171.93 544.321 0
0.76 0 7.42502e-11 1039.98 184.393 1039.98 0
0.78 -5.15928e-10 -6.01053e-11 1502.7 190.917 1502.7 0
0.8 1.54778e-09 -6.04764e-11 1926.67 183.28 1926.67 0
0.82 -1.03186e-09 -3.81219e-11 2299.04 161.237 2299.04 0
0.84 -2.06371e-09 1.31567e-10 2608.91 131.827 2608.91 0
0.86 1.03186e-09 -3.54492e-11 2858.33 103.351 2858.33 0
0.88 -2.57964e-09 -3.63326e-11 3052.43 78.6017 3052.43 0
0.9 -1.93473e-09 1.00059e-10 3178.54 52.415 3178.54 0
0.92 -2.38617e-09 -1.05385e-10 3203.49 16.9719 3203.49 0
0.94 1.16084e-09 4.21635e-11 3096.22 -28.4728 3096.22 0
0.96 2.8376e-09 -1.57687e-10 2853.57 -73.4285 2853.57 0
0.98 -2.57964e-10 2.04762e-10 2508.03 -103.465 2508.03 0
1 -1.28982e-09 2.48272e-11 2116.03 -112.026 2116.03 0
1.02 -9.02874e-10 -1.08253e-10 1744.86 -110.357 1744.86 0
1.04 -2.70862e-09 -3.18665e-11 1469.77 -134.259 1469.77 0
1.06 1.28982e-09 4.32673e-11 1351.65 -226.702 1351.65 0
1.08 -5.15928e-10 -2.97272e-11 1385.83 -389.707 1385.83 0
1.1 -1.67677e-09 3.11926e-11 1486.89 -560.333 1486.89 0
1.12 1.4188e-09 -1.84315e-11 1543.22 -651.89 1543.22 0
1.14 2.57964e-10 1.41572e-11 1484.94 -621.628 1484.94 0
1.16 -1.80575e-09 1.00613e-11 1311.58 -501.976 1311.58 0
1.18 -2.57964e-10 2.95061e-11 1071.32 -368.749 1071.32 0
1.2 -1.28982e-10 -9.10981e-11 816.545 -275.524 816.545 0
1.22 5.15928e-10 1.06474e-10 579.447 -218.46 579.447 0
1.24 -7.73892e-10 9.40476e-11 375.509 -158.45 375.509 0
1.26 1.20371e-25 -1.41039e-11 201.233 -64.1496 201.233 0
1.28 5.15928e-10 3.91465e-11 28.6393 67.8633 28.6393 0
1.3 6.4491e-11 -6.83743e-11 -169.172 223.101 -169.172 0
1.32 -1.28982e-10 -1.03314e-10 -377.285 388.236 -377.285 0
1.34 -3.22455e-11 1.75832e-11 -538.599 557.099 -538.599 0
1.36 1.93473e-10 -2.67598e-11 -598.212 720.756 -598.212 0
1.38 2.57964e-10 1.14826e-11 -524.541 849.649 -524.541 0
1.4 -1.61227e-10 -8.18722e-12 -271.814 880.608 -271.814 0
1.42 5.15928e-10 -3.28473e-12 226.553 747.33 226.553 0
1.44 -5.15928e-10 6.47337e-11 968.408 458.902 968.408 0
1.46 1.03186e-09 -4.97703e-12 1818.83 130.976 1818.83 0
1.48 -1.54778e-09 -8.24948e-11 2586.55 -99.001 2586.55 0
1.5 -5.15928e-10 6.34409e-12 3147.21 -187.337 3147.21 0
1.52 1.54778e-09 -1.06452e-10 3483.04 -203.035 3483.04 0
1.54 1.54778e-09 7.32387e-11 3656.79 -247.129 3656.79 0
1.56 1.03186e-09 1.27851e-10 3776.28 -370.681 3776.28 0
1.58 -5.67521e-09 -1.58289e-10 3929.65 -554.59 3929.65 0
1.6 -1.93473e-09 9.68114e-11 4102.88 -738.685 4102.88 0
1.62 -2.8376e-09 -3.96322e-11 4177.45 -867.711 4177.45 0
1.64 2.06371e-09 2.29908e-12 4035.35 -925.674 4035.35 0
1.66 -1.80575e-09 -1.66409e-11 3656.7 -930.924 3656.7 0
1.68 -2.57964e-10 9.39873e-11 3115.78 -898.246 3115.78 0
1.7 -1.03186e-09 -4.86607e-11 2511.87 -817.657 2511.87 0
1.72 -1.03186e-09 -3.6067e-11 1903.84 -677.278 1903.84 0
1.74 1.03186e-09 2.01249e-11 1275.57 -493.256 1275.57 0
1.76 -1.03186e-09 -7.897e-12 561.646 -303.797 561.646 0
1.78 1.03186e-09 -2.61612e-11 -264.167 -137.706 -264.167 0
1.8 -5.15928e-10 -5.78695e-11 -1133.11 6.57608 -1133.11 0
1.82 1.03186e-09 1.27764e-10 -1944.68 156.525 -1944.68 0
1.84 -2.06371e-09 -4.92153e-13 -2674.38 341.007 -2674.38 0
1.86 6.19113e-09 -9.80323e-11 -3387.37 560.796 -3387.37 0
1.88 -2.06371e-09 1.13094e-10 -4151.48 778.186 -4151.48 0
1.9 -3.6115e-09 2.8084e-11 -4952.69 937.488 -4952.69 0
1.92 -3.6115e-09 -1.93588e-10 -5677.68 998.087 -5677.68 0
1.94 6.19113e-09 1.25175e-10 -6164.19 953.754 -6164.19 0
1.96 2.32168e-09 -1.64473e-11 -6297.59 831.008 -6297.59 0
1.98 -1.22533e-09 -7.95558e-11 -6092.92 673.178 -6092.92 0
2 -2.57964e-10 1.22692e-10 -5676.74 517.887 -5676.74 0
2.02 7.22299e-09 1.68309e-10 -5164.95 378.817 -5164.95 0
2.04 -5.15928e-09 -1.67691e-10 -4553.82 244.095 -4553.82 0
2.06 3.09557e-09 -1.11658e-10 -3732.83 91.7892 -3732.83 0
2.08 2.06371e-09 1.46513e-11 -2597.7 -90.666 -2597.7 0
2.1 -1.03186e-09 1.59278e-10 -1157.59 -294.594 -1157.59 0
2.12 0 -4.15706e-11 444.319 -488.363 444.319 0
2.14 1.03186e-09 -1.57874e-12 2006.22 -626.967 2006.22 0
2.16 1.03186e-09 -1.47823e-11 3377.47 -672.977 3377.47 0
2.18 1.03186e-09 -1.06527e-11 4511.71 -619.182 4511.71 0
2.2 0 1.19466e-10 5430.16 -496.811 5430.16 0
2.22 -5.15928e-09 8.40959e-11 6152.58 -361.601 6152.58 0
2.24 -6.19113e-09 -1.55502e-10 6663.66 -263.917 6663.66 0
2.26 -2.57964e-09 7.07224e-11 6929.7 -220.32 6929.7 0
2.28 -4.64335e-09 -7.73969e-11 6947.19 -208.411 6947.19 0
2.3 9.02874e-10 -5.32952e-10 6781.71 -190.495 6781.71 0
2.32 3.6115e-09 2.82718e-10 6544.22 -143.842 6544.22 0
2.34 -2.32168e-09 -1.5101e-10 6309.69 -72.605 6309.69 0
2.36 -6.70706e-09 -6.75515e-11 6060.3 -0.862122 6060.3 0
2.38 6.70706e-09 2.56015e-10 5715.13 40.6473 5715.13 0
2.4 -3.6115e-09 1.49086e-10 5212.33 28.8437 5212.33 0
2.42 1.03186e-09 2.53617e-10 4562.95 -39.9763 4562.95 0
2.44 3.09557e-09 -1.95e-10 3838.15 -149.583 3838.15 0
2.46 0 -4.13227e-10 3116.12 -275.294 3116.12 0
2.48 -2.06371e-09 1.70427e-10 2433.48 -395.276 2433.48 0
2.5 -3.09557e-09 -6.25735e-11 1764.69 -491.575 1764.69 0
2.52 2.06371e-09 2.95119e-10 1043.89 -546.53 1043.89 0
2.54 1.03186e-09 9.47024e-11 226.469 -546.207 226.469 0
2.56 1.20371e-25 -1.19868e-10 -662.285 -490.649 -662.285 0
2.58 2.06371e-09 1.48535e-10 -1543.94 -399.713 -1543.94 0
2.6 -2.40741e-25 1.04516e-10 -2343.73 -304.622 -2343.73 0
2.62 0 -3.77854e-10 -3020.04 -226.17 -3020.04 0
2.64 2.57964e-09 6.76124e-11 -3546.74 -156.521 -3546.74 0
2.66 -2.19269e-09 1.7886e-10 -3879.36 -66.9408 -3879.36 0
2.68 -1.28982e-10 2.70664e-10 -3943.74 61.3225 -3943.74 0
2.7 3.09557e-09 -1.47141e-10 -3677.86 217.646 -3677.86 0
2.72 -5.67521e-09 2.20637e-10 -3107.49 376.082 -3107.49 0
2.74 -1.28982e-09 -5.25575e-10 -2372.23 521.481 -2372.23 0
2.76 -1.54778e-09 1.49785e-10 -1649.44 656.672 -1649.44 0
2.78 -1.54778e-09 9.92645e-11 -1042.05 789.007 -1042.05 0
2.8 -2.40741e-25 -1.79975e-10 -542.737 914.898 -542.737 0
2.82 0 -2.95885e-11 -86.2147 1016.6 -86.2147 0
2.84 6.4491e-11 9.86382e-13 393.321 1075.76 393.321 0
2.86 1.50463e-26 -1.14466e-10 940.206 1094.35 940.206 0
2.88 -5.15928e-10 8.01893e-11 1559.97 1097.45 1559.97 0
2.9 1.03186e-09 5.07545e-10 2197.34 1104.33 2197.34 0
2.92 2.32168e-09 3.26302e-11 2743.38 1095.14 2743.38 0
2.94 -2.32168e-09 -1.13497e-09 3076.96 1014.6 3076.96 0
2.96 -2.57964e-09 2.8164e-10 3105.3 816.111 3105.3 0
2.98 1.54778e-09 -1.71231e-10 2788.15 506.269 2788.15 0
3 3.35353e-09 2.20592e-10 2158.37 150.416 2158.37 0
3.02 -1.03186e-09 -1.06121e-10 1329.66 -166.563 1329.66 0
3.04 -5.15928e-10 1.85489e-10 457.4 -395.899 457.4 0
3.06 5.15928e-10 -2.91975e-10 -342.457 -553.187 -342.457 0
3.08 6.01853e-26 6.79875e-10 -1050.41 -693.227 -1050.41 0
3.1 1.03186e-09 -3.89228e-10 -1723.06 -852.416 -1723.06 0
3.12 1.03186e-09 1.53629e-10 -2430.32 -1011.32 -2430.32 0
3.14 -2.06371e-09 -1.30256e-10 -3227.61 -1109.46 -3227.61 0
3.16 2.06371e-09 -1.54561e-10 -4165.87 -1095.76 -4165.87 0
3.18 3.09557e-09 2.41317e-10 -5268.8 -969.972 -5268.8 0
3.2 -5.15928e-09 -7.92685e-12 -6474.99 -779.122 -6474.99 0
3.22 -6.19113e-09 2.66056e-10 -7637.01 -573.387 -7637.01 0
3.24 -5.15928e-09 -2.80639e-10 -8604.71 -367.334 -8604.71 0
3.26 2.57964e-09 -5.97176e-10 -9293.48 -145.268 -9293.48 0
3.28 1.54778e-09 1.83218e-10 -9672.1 105.413 -9672.1 0
3.3 -1.05765e-08 5.14985e-10 -9733.28 376.371 -9733.28 0
3.32 5.80419e-09 -1.55602e-10 -9498.95 646.038 -9498.95 0
3.34 5.15928e-10 2.92278e-10 -9019.28 892.299 -9019.28 0
3.36 -2.06371e-09 -2.67829e-10 -8341.34 1101.82 -8341.34 0
3.38 5.15928e-09 1.23649e-10 -7485.7 1277.73 -7485.7 0
3.4 1.4446e-08 -2.4806e-11 -6442.64 1433.66 -6442.64 0
3.42 8.25485e-09 7.10723e-10 -5167.46 1570.07 -5167.46 0
3.44 4.12742e-09 -2.57262e-10 -3592.09 1659.08 -3592.09 0
3.46 4.81482e-25 5.31416e-10 -1674.64 1659.51 -1674.64 0
3.48 0 -2.87114e-10 549.081 1545.84 549.081 0
3.5 -2.06371e-09 -2.16892e-10 2956.61 1323.01 2956.61 0
3.52 -6.19113e-09 -4.21634e-10 5370.02 1022.19 5370.02 0
3.54 9.62965e-25 -1.83976e-11 7609.25 685.558 7609.25 0
3.56 2.06371e-09 2.76129e-11 9556.8 345.204 9556.8 0
3.58 4.12742e-09 -3.45653e-10 11196.2 5.04921 11196.2 0
3.6 1.03186e-08 -6.24867e-11 12574.7 -358.29 12574.7 0
3.62 -9.2867e-09 7.91841e-10 13713.3 -770.643 13713.3 0
3.64 -1.75415e-08 -3.70345e-10 14564.6 -1227.64 14564.6 0
3.66 6.19113e-09 -3.22301e-11 15067.2 -1680.87 15067.2 0
3.68 -9.02874e-09 5.29831e-10 15224.9 -2057.93 15224.9 0
3.7 4.466e-09 5.26471e-10 15104.7 -2303.58 15104.7 0
3.72 1.54778e-09 -5.17711e-10 14757.2 -2407.57 14757.2 0
3.74 6.19113e-09 -1.13568e-09 14150.6 -2398.06 14150.6 0
3.76 2.06371e-08 -8.92148e-11 13178.7 -2312.44 13178.7 0
3.78 6.19113e-09 5.5146e-10 11719.8 -2172.79 11719.8 0
3.8 6.19113e-09 -2.81897e-10 9708.4 -1979.79 9708.4 0
3.82 0 2.47033e-11 7192.8 -1721.93 7192.8 0
3.84 8.25485e-09 5.46206e-10 4341.09 -1390.67 4341.09 0
3.86 0 2.66397e-11 1364.65 -990.231 1364.65 0
3.88 2.06371e-09 -1.311e-10 -1589.94 -534.651 -1589.94 0
3.9 4.12742e-09 1.55558e-10 -4470.01 -39.2167 -4470.01 0
3.92 -4.12742e-09 -1.35836e-10 -7234.72 478.645 -7234.72 0
3.94 -6.19113e-09 4.25318e-11 -9760.57 988.219 -9760.57 0
3.96 9.62965e-25 2.70118e-10 -11838.9 1441.68 -11838.9 0
3.98 -5.15928e-09 -3.96462e-10 -13258.9 1790.73 -13258.9 0
4 -1.4446e-08 1.72327e-10 -13900.8 2014.2 -13900.8 0
4.02 -1.28982e-09 -7.13019e-10 -13777.8 2133.31 -13777.8 0
4.04 3.09557e-09 -4.5126e-10 -13005 2199.82 -13005 0
4.06 1.85734e-08 2.72229e-10 -11728.8 2264.15 -11728.8 0
4.08 2.06371e-08 8.39262e-10 -10082.2 2346.15 -10082.2 0
4.1 8.25485e-09 4.99492e-10 -8188.38 2426.99 -8188.38 0
4.12 8.25485e-09 -5.62916e-10 -6168.35 2464.43 -6168.35 0
4.14 2.06371e-09 -4.67146e-10 -4133.93 2419.62 -4133.93 0
4.16 4.12742e-09 1.33221e-10 -2194.05 2277.06 -2194.05 0
4.18 -2.06371e-09 1.45144e-10 -461.669 2045.4 -461.669 0
4.2 0 -1.05234e-10 988.629 1743.36 988.629 0
4.22 -2.06371e-09 5.29623e-10 2187.54 1386.23 2187.54 0
4.24 -4.12742e-09 -1.00551e-11 3263.77 981.395 3263.77 0
4.26 -4.12742e-09 -6.60289e-10 4348.98 530.54 4348.98 0
4.28 1.03186e-09 6.26763e-10 5501.49 35.0874 5501.49 0
4.3 2.06371e-09 -8.87906e-10 6705.12 -496.475 6705.12 0
4.32 1.23823e-08 -9.393e-10 7888.43 -1044.69 7888.43 0
4.34 -1.13504e-08 2.32277e-09 8938.26 -1584.06 8938.26 0
4.36 8.25485e-09 2.89469e-10 9737.97 -2089.7 9737.97 0
4.38 -1.03186e-09 -9.4345e-10 10198.2 -2532.85 10198.2 0
4.4 3.6115e-09 1.9849e-10 10218.6 -2871.89 10218.6 0
4.42 4.12742e-09 -1.51517e-09 9624.21 -3056.73 9624.21 0
4.44 -1.03186e-08 8.20482e-10 8171.86 -3043.89 8171.86 0
4.46 -4.12742e-09 6.24996e-10 5646.31 -2806.01 5646.31 0
4.48 -4.12742e-09 -7.51518e-10 1983.94 -2340.76 1983.94 0
4.5 -6.19113e-09 5.52458e-10 -2648.97 -1687.5 -2648.97 0
4.52 -8.25485e-09 3.84261e-10 -7875.82 -930.184 -7875.82 0
4.54 8.25485e-09 -6.83831e-10 -13231.4 -165.325 -13231.4 0
4.56 -1.23823e-08 2.20453e-12 -18324.3 541.874 -18324.3 0
4.58 -1.92593e-24 -2.29421e-11 -22934.7 1169.86 -22934.7 0
4.6 4.12742e-09 6.73907e-10 -26976.1 1714.04 -26976.1 0
4.62 9.62965e-25 -2.38093e-10 -30377.5 2155.13 -30377.5 0
4.64 -1.03186e-08 1.11438e-09 -33008.6 2456.28 -33008.6 0
4.66 0 2.83613e-10 -34692.6 2588.56 -34692.6 0
4.68 -1.65601e-08 -2.46755e-09 -35244 2556.56 -35244 0
4.7 2.74323e-08 3.13927e-10 -34496.7 2398.7 -34496.7 0
4.72 -1.96467e-08 -6.32373e-10 -32337.7 2159.03 -32337.7 0
4.74 4.12742e-09 1.35187e-10 -28727.5 1852.14 -28727.5 0
4.76 4.81482e-25 3.38114e-10 -23692.1 1455.25 -23692.1 0
4.78 1.65097e-08 1.87825e-09 -17335.9 940.237 -17335.9 0
4.8 3.85186e-24 -4.14932e-10 -9907.23 313.156 -9907.23 0
4.82 0 -3.79988e-11 -1834.59 -382.065 -1834.59 0
4.84 6.19113e-09 2.81103e-10 6347.81 -1092.68 6347.81 0
4.86 0 -2.90444e-10 14144.4 -1779.29 14144.4 0
4.88 8.25485e-09 4.41433e-10 21234.3 -2415.6 21234.3 0
4.9 -2.47645e-08 -9.54568e-11 27568.1 -2984.3 27568.1 0
4.92 3.65061e-08 -2.4325e-10 33382.5 -3480.68 33382.5 0
4.94 1.69911e-08 -1.46312e-10 39063.8 -3915.97 39063.8 0
4.96 -4.15061e-08 2.5019e-10 44894 -4313.42 44894 0
4.98 3.76756e-09 -4.36215e-10 50841.8 -4694.82 50841.8 0
5 -1.00488e-08 -1.51379e-10 56528.2 -5057.88 56528.2 0
5.02 1.02534e-08 7.78145e-10 61354.3 -5358.36 61354.3 0
5.04 -6.66475e-08 -1.52427e-09 64702.5 -5519.81 64702.5 0
5.06 -5.38056e-08 1.50545e-09 66120.9 -5470.58 66120.9 0
5.08 2.7629e-09 -3.97984e-10 65405.3 -5175.35 65405.3 0
5.1 5.37698e-08 -5.90228e-12 62535.5 -4633.22 62535.5 0
5.12 -9.54656e-08 -9.94719e-10 57531.9 -3853.39 57531.9 0
5.14 -5.3595e-08 1.55673e-09 50365.8 -2841.82 50365.8 0
5.16 8.25485e-08 -8.88235e-10 40971.4 -1614.69 40971.4 0
5.18 1.65097e-08 -1.14534e-09 29301 -221.166 29301 0
5.2 1.65097e-08 -9.39245e-10 15356.1 1252.91 15356.1 0
5.22 -2.47645e-08 4.60003e-09 -780.847 2710.38 -780.847 0
5.24 -2.14816e-08 1.50138e-11 -18846.4 4075.55 -18846.4 0
5.26 -2.17327e-08 -1.03019e-10 -38220.7 5302.41 -38220.7 0
5.28 -2.58432e-08 1.56687e-09 -57793.3 6349.77 -57793.3 0
5.3 -5.49393e-08 1.62443e-10 -76034.9 7146.36 -76034.9 0
5.32 1.29536e-07 -3.07632e-10 -91316.1 7581.06 -91316.1 0
5.34 1.21609e-07 -1.90585e-10 -102319 7545.09 -102319 0
5.36 5.75914e-08 2.3267e-10 -108325 7011.18 -108325 0
5.38 8.16703e-08 5.5109e-10 -109315 6068.14 -109315 0
5.4 -1.03186e-07 1.98201e-10 -105972 4857.07 -105972 0
5.42 -2.64179e-08 1.35911e-09 -99507.3 3504.36 -99507.3 0
5.44 -4.57695e-08 8.71896e-11 -91400.2 2148.59 -91400.2 0
5.46 2.46355e-08 1.65012e-09 -82941.8 1003.06 -82941.8 0
5.48 2.36405e-07 -5.57013e-10 -74644.4 313.183 -74644.4 0
5.5 1.81518e-08 3.29759e-09 -66071.2 206.314 -66071.2 0
5.52 -1.01736e-08 -1.40011e-09 -56268.7 612.468 -56268.7 0
5.54 -5.20615e-08 1.2616e-09 -44357.6 1342.43 -44357.6 0
5.56 1.69815e-08 -4.15576e-10 -29896.5 2220.36 -29896.5 0
5.58 -1.13259e-08 1.86891e-10 -13146.7 3147.7 -13146.7 0
5.6 4.51613e-09 8.85344e-10 4722.71 4080.28 4722.71 0
5.62 6.09389e-10 -9.27546e-11 21834.5 4965.23 21834.5 0
5.64 -1.75916e-08 4.71741e-11 36316.7 5692.1 36316.7 0
5.66 -1.48672e-08 3.247e-10 47064.5 6093.99 47064.5 0
5.68 -2.20115e-08 1.88265e-10 54037.9 5990.64 54037.9 0
5.7 4.90814e-08 -1.54274e-09 58051.2 5239.14 58051.2 0
5.72 -1.71943e-08 1.55899e-09 60322.8 3778.26 60322.8 0
5.74 5.29869e-08 7.11413e-11 62007.6 1662.9 62007.6 0
5.76 -8.34574e-08 5.35102e-09 63840 -939.454 63840 0
5.78 4.3076e-08 -6.42814e-10 65993.5 -3815.39 65993.5 0
5.8 1.72022e-08 -6.97477e-10 68169.3 -6802.02 68169.3 0
5.82 5.12959e-08 -1.08654e-09 69788.5 -9832.81 69788.5 0
5.84 8.46122e-08 4.33348e-10 70172.8 -12869.5 70172.8 0
5.86 -9.08033e-08 -2.45808e-10 68738.3 -15770.2 68738.3 0
5.88 4.12742e-08 -5.50137e-10 65213.8 -18250.6 65213.8 0
5.9 3.30194e-08 -4.62883e-11 59744.3 -19989.1 59744.3 0
5.92 -6.581e-08 1.26328e-09 52773.8 -20744.9 52773.8 0
5.94 4.7041e-08 -1.62738e-09 44782 -20383.9 44782 0
5.96 -1.77137e-08 3.801e-10 35989.2 -18851.2 35989.2 0
5.98 4.69185e-09 1.02886e-09 26103.1 -16147.2 26103.1 0
6 -6.20086e-09 5.38524e-10 14268.9 -12307.4 14268.9 0
6.02 2.09631e-08 1.54611e-09 -546.328 -7401.17 -546.328 0
6.04 6.88771e-08 6.62572e-10 -18758.6 -1585.85 -18758.6 0
6.06 8.833e-09 -3.06487e-09 -39404.6 4818.11 -39404.6 0
6.08 -3.58698e-08 1.12683e-09 -59998.8 11324.9 -59998.8 0
6.1 -7.04958e-08 -1.51345e-09 -77302.4 17377.6 -77302.4 0
6.12 -7.20095e-08 9.45607e-10 -88683.3 22470.9 -88683.3 0
6.14 -1.21026e-07 7.95603e-10 -93271.1 26255.7 -93271.1 0
6.16 2.73876e-08 -2.42878e-10 -92223.3 28629.8 -92223.3 0
6.18 -1.26002e-07 4.03372e-10 -87978.6 29776 -87978.6 0
6.2 1.59872e-08 -5.05045e-10 -82961.6 30086.6 -82961.6 0
6.22 1.78143e-08 -1.51057e-09 -78529.4 29942.2 -78529.4 0
6.24 -5.65364e-08 -1.63393e-09 -74505.2 29386.9 -74505.2 0
6.26 -2.42313e-08 6.65637e-09 -69283.5 27941.6 -69283.5 0
6.28 -3.01998e-09 -1.19621e-08 -60589 24838.7 -60589 0
6.3 -1.76586e-08 -7.13736e-09 -46526.8 19238 -46526.8 0
6.32 2.99598e-08 -1.686e-09 -26356.2 11416.9 -26356.2 0
6.34 1.23576e-08 2.98709e-09 -727.578 4751.22 -727.578 0
6.36 3.97796e-08 1.44841e-08 28442.2 -400.161 28442.2 0
6.38 -4.67582e-08 -1.31062e-09 58254.3 -9036.82 58254.3 0
6.4 2.02284e-08 4.78437e-09 85461.1 -18870 85461.1 0
6.42 4.89125e-08 1.02879e-09 107443 -25952.4 107443 0
6.44 -1.73471e-09 2.75804e-09 122946 -31159.9 122946 0
6.46 1.48288e-07 3.82149e-09 131843 -33987.9 131843 0
6.48 -4.62441e-08 1.53392e-09 134394 -34758.8 134394 0
6.5 4.4525e-08 -1.61595e-09 132229 -34579.9 132229 0
6.52 8.64139e-08 3.45622e-09 127641 -34436.8 127641 0
6.54 -1.7332e-10 -4.29404e-09 121800 -35036.8 121800 0
6.56 -7.33551e-08 8.83101e-10 115368 -36485.1 115368 0
6.58 3.12318e-08 -2.95644e-09 108064 -38322.6 108064 0
6.6 1.88234e-07 -7.77706e-10 98439.9 -39396.4 98439.9 0
6.62 7.0676e-08 3.41976e-10 84851.8 -38099.6 84851.8 0
6.64 6.39691e-09 -1.34917e-09 66619.6 -33240.2 66619.6 0
6.66 1.17971e-09 -2.653e-09 44662.9 -24741.4 44662.9 0
6.68 9.10205e-08 -6.12795e-09 20950.7 -13590.1 20950.7 0
6.7 -3.01858e-08 -1.889e-09 -2253.36 -1464.76 -2253.36 0
6.72 -4.01053e-09 -9.90703e-10 -22936.9 9767.19 -22936.9 0
6.74 1.4242e-08 -1.41774e-09 -39853.5 18602 -39853.5 0
6.76 -4.59216e-08 7.24028e-09 -52942 24410.4 -52942 0
6.78 8.49736e-09 -2.52985e-09 -63150.7 27579.7 -63150.7 0
6.8 -3.58926e-08 4.2451e-10 -71779 29172.7 -71779 0
6.82 -1.30826e-07 -1.05429e-10 -80025.7 30649.3 -80025.7 0
6.84 -1.26186e-07 5.2853e-09 -88846.5 31817.9 -88846.5 0
6.86 -2.93313e-08 2.21805e-09 -98612.3 32467.2 -98612.3 0
6.88 1.01037e-07 -8.42537e-09 -108669 34609.2 -108669 0
6.9 3.19029e-08 2.46794e-10 -117507 37574.4 -117507 0
6.92 3.72758e-08 -3.62944e-09 -123570 40230.7 -123570 0
6.94 4.25766e-08 1.22107e-09 -125874 42733.3 -125874 0
6.96 -2.65518e-08 3.45431e-09 -124218 44518.4 -124218 0
6.98 -8.83626e-08 4.30807e-09 -118784 45030.9 -118784 0
7 2.12472e-07 -6.32094e-10 -109594 43405.6 -109594 0
7.02 -9.48652e-08 1.50153e-11 -96699.3 39168.6 -96699.3 0
7.04 -4.37329e-10 1.11974e-09 -80148.9 32345.4 -80148.9 0
7.06 6.34168e-08 -2.81758e-09 -60061.2 23516.9 -60061.2 0
7.08 2.56916e-08 3.08498e-09 -36996.2 13432.7 -36996.2 0
7.1 -3.17134e-08 -8.04944e-09 -12112 2899.8 -12112 0
7.12 1.37729e-08 7.79903e-09 12868.8 -7114.49 12868.8 0
7.14 8.29918e-09 -6.01557e-09 36012.2 -15510.2 36012.2 0
7.16 1.2342e-08 -1.61281e-09 55624.3 -21440.3 55624.3 0
7.18 1.81381e-08 8.23471e-11 70602.4 -24686.2 70602.4 0
7.2 -1.67848e-08 -3.52981e-09 80519.1 -25714.6 80519.1 0
7.22 6.59677e-09 7.39785e-09 85550.3 -25329.3 85550.3 0
7.24 -1.62679e-08 -3.75488e-09 86434.6 -24428.8 86434.6 0
7.26 2.55646e-09 2.56214e-09 84469.9 -23753.8 84469.9 0
7.28 -1.5815e-07 1.1336e-09 81244.6 -23686.7 81244.6 0
7.3 5.58512e-08 2.81669e-09 78242.1 -24346.8 78242.1 0
7.32 3.39827e-08 2.69096e-09 76501.7 -25646.7 76501.7 0
7.34 1.51565e-07 -8.30285e-10 76200.5 -27159.7 76200.5 0
7.36 7.94393e-08 -8.08404e-11 76405.9 -27901.4 76405.9 0
7.38 -8.60824e-08 2.84309e-10 75349.7 -26591.7 75349.7 0
7.4 8.18582e-08 -1.08246e-09 71236.8 -22366.6 71236.8 0
7.42 -2.73885e-09 -1.90066e-09 63017.4 -15276.7 63017.4 0
7.44 4.39748e-09 2.71461e-09 50617.5 -6172.6 50617.5 0
7.46 -3.47541e-08 -6.93529e-09 34774.3 3707.84 34774.3 0
7.48 -2.75291e-08 -1.72763e-09 16782.4 13092.5 16782.4 0
7.5 7.86085e-09 -3.6721e-09 -1843.25 20954.8 -1843.25 0
7.52 7.53335e-09 -1.17193e-09 -19797.7 26708 -19797.7 0
7.54 9.79699e-08 3.10894e-09 -36254.3 30185.5 -36254.3 0
7.56 -6.45152e-08 1.30251e-09 -50798.9 31579.7 -50798.9 0
7.58 3.05526e-09 -2.01964e-09 -63198.1 31328.6 -63198.1 0
7.6 -5.09398e-08 2.77238e-09 -73237.8 29979.8 -73237.8 0
7.62 9.13132e-08 -2.44319e-10 -80704.4 28062 -80704.4 0
7.64 -1.14661e-07 5.9493e-10 -85458.8 25969.8 -85458.8 0
7.66 2.47849e-08 -2.09105e-09 -87515 24019.3 -87515 0
7.68 -1.40752e-08 8.80762e-10 -87018.2 22457.1 -87018.2 0
7.7 5.832e-08 -7.37693e-10 -84003.9 21245.7 -84003.9 0
7.72 -2.79226e-08 8.66343e-10 -78144 19798.9 -78144 0
7.74 5.74106e-08 -1.71243e-09 -68772.1 17129.7 -68772.1 0
7.76 -2.78621e-08 7.55023e-10 -55352.2 12452.7 -55352.2 0
7.78 3.97678e-08 -2.09276e-10 -38020.8 5681.36 -38020.8 0
7.8 -8.50475e-09 1.33238e-09 -17726.3 -2548.93 -17726.3 0
7.82 3.22455e-10 1.1054e-09 3926.17 -11118.6 3926.17 0
7.84 -1.65943e-08 2.38329e-09 24958.1 -18695.3 24958.1 0
7.86 1.62759e-08 -2.25555e-09 43439.2 -24104.7 43439.2 0
7.88 -1.79224e-08 -1.7135e-09 58051.1 -26673.9 58051.1 0
7.9 3.28844e-08 1.0054e-09 68460.3 -26402.8 68460.3 0
7.92 -3.02705e-08 1.91375e-09 75213.2 -23942.5 75213.2 0
7.94 5.56678e-08 1.19165e-09 79283.9 -20335.9 79283.9 0
7.96 -2.62192e-07 -1.42135e-09 81633.2 -16719 81633.2 0
7.98 1.19399e-07 -1.14792e-09 82961.5 -13939.5 82961.5 0
8 5.86432e-08 -9.16766e-11 83624.7 -12289.9 83624.7 0
8.02 -8.84192e-08 1.01867e-09 83650.5 -11612.2 83650.5 0
8.04 6.34229e-08 -1.77563e-10 82746.4 -11468.3 82746.4 0
8.06 -5.42228e-09 8.87684e-13 80275.6 -11162.7 80275.6 0
8.08 -1.17489e-08 -1.41385e-09 75370.3 -9834.01 75370.3 0
8.1 -6.75855e-08 -2.70895e-09 67280.4 -6873.69 67280.4 0
8.12 -6.93661e-08 4.79554e-09 55773 -2324.78 55773 0
8.14 -9.84052e-08 3.80841e-09 41214.4 3182.09 41214.4 0
8.16 3.7692e-09 -1.88294e-10 24354.4 8800.89 24354.4 0
8.18 8.01704e-09 5.4279e-09 6092.18 13735.9 6092.18 0
8.2 -4.27253e-10 -7.09169e-09 -12700 17360.4 -12700 0
8.22 -2.20539e-08 3.16175e-09 -31288.1 19347.6 -31288.1 0
8.24 -3.77393e-08 -2.89652e-09 -49054.9 19734.6 -49054.9 0
8.26 -2.70862e-09 2.12559e-09 -65350 18792.5 -65350 0
8.28 -1.66467e-09 9.41102e-10 -79400.4 16866.9 -79400.4 0
8.3 3.85737e-09 1.89119e-09 -90408.9 14312.7 -90408.9 0
8.32 -5.2798e-08 2.04645e-09 -97777.3 11522.2 -97777.3 0
8.34 -4.30256e-08 -7.01894e-10 -101308 8967.06 -101308 0
8.36 1.56323e-07 9.8612e-10 -101304 7169.62 -101304 0
8.38 -2.63371e-07 1.28236e-09 -98533.3 6586.54 -98533.3 0
8.4 3.47526e-08 -8.16672e-12 -93935 7382.29 -93935 0
8.42 -2.8769e-09 -1.78003e-10 -88329 9176.34 -88329 0
8.44 5.82885e-08 -4.02976e-10 -82084 10994.1 -82084 0
8.46 -3.45122e-08 2.58106e-10 -74876.8 11638 -74876.8 0
8.48 6.78314e-09 2.04987e-09 -65926.2 10335.2 -65926.2 0
8.5 -5.90848e-08 -2.95422e-09 -54497.1 7148.93 -54497.1 0
8.52 -2.71401e-08 1.92202e-10 -40333.3 2824.05 -40333.3 0
8.54 -3.1387e-08 4.37348e-09 -23747.7 -1607.25 -23747.7 0
8.56 -7.32174e-09 -9.56872e-10 -5554.25 -5098.19 -5554.25 0
8.58 2.60987e-09 7.60243e-10 13036.8 -6853.47 13036.8 0
8.6 -6.48739e-09 2.48694e-09 30642.4 -6668.15 30642.4 0
8.62 1.16285e-09 -1.16571e-09 46047.1 -5052.7 46047.1 0
8.64 -9.34857e-08 -1.03637e-09 58456.9 -2956.86 58456.9 0
8.66 1.05537e-07 -9.22001e-11 67547.4 -1297.2 67547.4 0
8.68 6.18307e-08 2.26101e-09 73393.4 -637.2 73393.4 0
8.7 -2.57168e-08 2.56489e-10 76390 -1114.24 76390 0
8.72 6.89802e-09 4.1404e-10 77176.4 -2538.54 77176.4 0
8.74 -1.02987e-07 1.08994e-11 76518.3 -4568.41 76518.3 0
8.76 -1.19293e-07 4.91635e-10 75110.1 -6836.27 75110.1 0
8.78 -5.34529e-08 7.17846e-11 73348.9 -8957.14 73348.9 0
8.8 1.99202e-08 -1.60316e-09 71175.6 -10459.6 71175.6 0
8.82 -7.64984e-08 -8.5989e-10 67971.9 -10828.5 67971.9 0
8.84 -3.75131e-08 3.7851e-09 62727.6 -9766.21 62727.6 0
8.86 -1.03176e-07 -2.01005e-09 54522.9 -7416.64 54522.9 0
8.88 -4.84618e-08 -4.02667e-09 42947.2 -4242.72 42947.2 0
8.9 -3.10086e-09 3.58437e-09 28212.4 -759.961 28212.4 0
8.92 -4.23474e-09 5.37821e-09 11070.5 2527.81 11070.5 0
8.94 -5.41825e-09 -2.62574e-09 -7275.92 5124.96 -7275.92 0
8.96 1.38766e-08 2.61384e-09 -25359.7 6727.95 -25359.7 0
8.98 6.23346e-09 8.35761e-11 -41802.3 7436.41 -41802.3 0
9 3.03188e-08 5.89498e-10 -55618 7653.16 -55618 0
9.02 -7.3681e-08 1.05461e-09 -66264.3 7789.64 -66264.3 0
9.04 -1.20078e-07 -3.38864e-09 -73538.3 8117.23 -73538.3 0
9.06 3.79902e-08 8.91754e-10 -77532 8809.7 -77532 0
9.08 2.21247e-08 -2.30899e-10 -78665 9989.09 -78665 0
9.1 -8.17699e-08 -3.73131e-10 -77646.5 11667.1 -77646.5 0
9.12 -6.98276e-08 -5.95298e-10 -75276.5 13673.4 -75276.5 0
9.14 -3.06493e-08 9.37175e-13 -72134.9 15606.5 -72134.9 0
9.16 6.97724e-08 -5.00251e-10 -68282.9 16803.6 -68282.9 0
9.18 6.80425e-08 1.12314e-09 -63166.5 16496.5 -63166.5 0
9.2 -2.11714e-08 1.51615e-10 -55977.5 14253.9 -55977.5 0
9.22 -5.48224e-09 9.49712e-10 -46317.1 10343.4 -46317.1 0
9.24 -8.13352e-08 -3.16268e-09 -34582.7 5618.34 -34582.7 0
9.26 2.61017e-08 3.42379e-10 -21759.1 1094.32 -21759.1 0
9.28 -1.60648e-09 -3.95092e-09 -8844 -2402.33 -8844 0
9.3 -2.50306e-09 -8.60752e-10 3606.65 -4456.55 3606.65 0
9.32 2.4163e-08 3.90636e-09 15514.4 -5198.46 15514.4 0
9.34 8.34554e-09 -6.52908e-09 26950.3 -5258.67 26950.3 0
9.36 5.99978e-08 1.42815e-10 37767.7 -5441.06 37767.7 0
9.38 7.29252e-09 1.20144e-09 47498.2 -6264.96 47498.2 0
9.4 -3.61371e-08 -2.14766e-09 55537.4 -7740.98 55537.4 0
9.42 -5.99736e-08 -2.43049e-09 61415.2 -9498.98 61415.2 0
9.44 -2.51243e-08 -6.32622e-10 64966.9 -11094.2 64966.9 0
9.46 1.56234e-08 1.36834e-09 66340.5 -12227.7 66340.5 0
9.48 5.74302e-08 1.13693e-09 65865.3 -12769.3 65865.3 0
9.5 5.74635e-08 1.06981e-10 63847.3 -12678.3 63847.3 0
9.52 1.79177e-08 -5.0398e-10 60403.5 -11918.1 60403.5 0
9.54 7.57643e-08 5.57528e-10 55384.4 -10417 55384.4 0
9.56 -2.50739e-08 8.4063e-10 48421 -8111.41 48421 0
9.58 -1.52907e-08 7.85341e-10 39146.3 -5039.99 39146.3 0
9.6 3.31423e-09 -8.60797e-10 27439.2 -1388.82 27439.2 0
9.62 -1.03155e-08 1.80533e-09 13538 2525.04 13538 0
9.64 -3.02604e-09 3.11387e-10 -1948.65 6275.71 -1948.65 0
9.66 7.81701e-09 1.8561e-09 -18036.9 9381.79 -18036.9 0
9.68 3.39485e-09 -6.25999e-10 -33406.1 11451.3 -33406.1 0
9.7 2.04275e-08 -1.918e-09 -46619.5 12358.1 -46619.5 0
9.72 5.17591e-08 2.3144e-09 -56505.4 12313.4 -56505.4 0
9.74 4.85194e-10 2.00628e-10 -62482.2 11744.2 -62482.2 0
9.76 -4.91688e-08 2.54904e-10 -64656.8 11098.3 -64656.8 0
9.78 -4.17506e-08 -8.24112e-10 -63690 10717.5 -63690 0
9.8 -7.53829e-08 9.88952e-10 -60497.6 10771.7 -60497.6 0
9.82 -4.03341e-08 5.44317e-11 -55878.2 11195.6 -55878.2 0
9.84 4.37646e-08 -2.42087e-10 -50204.1 11620.1 -50204.1 0
9.86 -2.66083e-08 1.08452e-10 -43353.3 11440.7 -43353.3 0
9.88 -2.56858e-08 1.23266e-09 -34990.3 10098.5 -34990.3 0
9.9 -2.58818e-08 -1.45565e-09 -24971.6 7395.07 -24971.6 0
9.92 7.56862e-09 3.17613e-10 -13521.7 3602.81 -13521.7 0
9.94 2.73029e-09 -7.35848e-10 -1149.02 -653.061 -1149.02 0
9.96 2.03363e-08 -4.05309e-10 11499 -4620.65 11499 0
9.98 -2.7317e-08 -9.02832e-10 23737.5 -7681.13 23737.5 0
10 2.84163e-10 -5.48115e-09 34942.8 -9559.36 34942.8 0
10.02 4.06585e-08 -6.04809e-10 44651.8 -10358.4 44651.8 0
10.04 -2.53248e-08 -5.63942e-10 52610.1 -10400.9 52610.1 0
10.06 -2.48441e-09 2.13921e-09 58760.2 -10037.4 58760.2 0
10.08 1.28176e-08 -1.21377e-09 63179.2 -9556.25 63179.2 0
10.1 -5.37114e-09 -3.82038e-10 65964.8 -9158.09 65964.8 0
10.12 6.50137e-08 -2.6738e-09 67107 -8932.75 67107 0
10.14 -8.80907e-09 -1.746e-09 66424.7 -8836.78 66424.7 0
10.16 -1.22343e-08 1.61363e-10 63614.3 -8698.12 63614.3 0
10.18 4.07618e-08 -2.44351e-09 58401 -8268.41 58401 0
10.2 -1.29927e-10 5.36545e-10 50721.2 -7331.37 50721.2 0
10.22 -1.46871e-08 1.59414e-10 40841 -5812.8 40841 0
10.24 3.86966e-08 4.71676e-10 29314.9 -3802.39 29314.9 0
10.26 2.07328e-09 9.51528e-10 16827.3 -1490.27 16827.3 0
10.28 9.9961e-10 -1.37039e-09 4051.97 910.119 4051.97 0
10.3 1.12572e-08 1.21887e-09 -8437.31 3214.67 -8437.31 0
10.32 2.24983e-08 -6.41793e-10 -20217.6 5291.17 -20217.6 0
10.34 -1.93896e-08 2.36278e-09 -31011.3 7041.96 -31011.3 0
10.36 4.40725e-08 -1.85913e-09 -40621 8372.92 -40621 0
10.38 4.58843e-08 3.12569e-09 -48873.6 9207.73 -48873.6 0
10.4 -1.51453e-09 4.42161e-11 -55608.6 9549.18 -55608.6 0
10.42 4.63171e-08 -8.20883e-10 -60675.5 9518.04 -60675.5 0
10.44 8.33999e-08 1.44457e-10 -63915.4 9328.72 -63915.4 0
10.46 3.33487e-08 -3.20033e-09 -65156.9 9181.96 -65156.9 0
10.48 -8.40297e-09 -3.37564e-10 -64254.3 9182.3 -64254.3 0
10.5 -9.47412e-08 1.31925e-11 -61123.5 9329.88 -61123.5 0
10.52 -8.19496e-08 -5.11162e-11 -55747.1 9518.69 -55747.1 0
10.54 3.17687e-08 1.52311e-10 -48200.2 9553.36 -48200.2 0
10.56 -1.08826e-08 1.56918e-10 -38750.7 9200.68 -38750.7 0
10.58 -1.79554e-08 -6.99781e-10 -27925 8270.73 -27925 0
10.6 -1.73758e-08 -5.06191e-10 -16422.4 6693.25 -16422.4 0
10.62 -3.86946e-09 7.51447e-10 -4924.65 4556.91 -4924.65 0
10.64 2.32621e-09 -1.21868e-09 6100.71 2074.1 6100.71 0
10.66 1.27168e-08 -1.73777e-10 16505.5 -519.936 16505.5 0
10.68 4.17337e-08 1.64088e-09 26404 -3052.64 26404 0
10.7 4.69575e-10 7.27789e-10 35947.5 -5418 35947.5 0
10.72 2.21078e-08 3.69704e-09 45064.6 -7528.73 45064.6 0
10.74 -1.43895e-07 -2.5471e-11 53357.9 -9288.33 53357.9 0
10.76 -4.12581e-08 4.0323e-09 60223.1 -10620.7 60223.1 0
10.78 -5.59023e-08 -6.36694e-09 65065 -11500 65065 0
10.8 -2.60987e-08 -1.08251e-09 67469.1 -11974.9 67469.1 0
10.82 7.9189e-08 -3.40154e-09 67286.1 -12184 67286.1 0
10.84 6.08231e-09 -1.06682e-09 64627.7 -12299 64627.7 0
10.86 -1.90389e-08 1.3502e-10 59801.8 -12401 59801.8 0
10.88 -3.07272e-08 -5.5849e-10 53234.6 -12384.9 53234.6 0
10.9 -4.96273e-08 -9.18685e-10 45385.7 -12004.5 45385.7 0
10.92 -1.6358e-08 1.26315e-09 36652 -11011.5 36652 0
10.94 1.19681e-08 -3.77381e-10 27243.3 -9253.97 27243.3 0
10.96 -3.56413e-09 1.0043e-09 17116.7 -6689.34 17116.7 0
10.98 -1.17998e-09 -1.29686e-09 6118.44 -3382.99 6118.44 0
11 1.0645e-08 -2.18506e-09 -5729.61 466.709 -5729.61 0
11.02 -9.94471e-09 2.56462e-09 -18009.7 4518.85 -18009.7 0
11.04 -6.91716e-09 -1.1759e-09 -29914.2 8341.08 -29914.2 0
11.06 1.30262e-08 -2.65282e-09 -40467 11518.1 -40467 0
11.08 -4.64778e-08 -2.52545e-09 -48857.5 13774.4 -48857.5 0
11.1 -6.04956e-08 3.51698e-09 -54734.5 15084.1 -54734.5 0
11.12 -5.15348e-09 -5.56234e-10 -58275.1 15672.3 -58275.1 0
11.14 -1.00208e-08 -2.59771e-09 -59970.7 15849.5 -59970.7 0
11.16 -3.18853e-08 5.76027e-10 -60301 15849.2 -60301 0
11.18 -3.94937e-08 -7.38928e-10 -59520.3 15789.5 -59520.3 0
11.2 -3.57355e-08 1.44677e-10 -57631.8 15699.5 -57631.8 0
11.22 -2.47016e-08 -6.70296e-11 -54461.7 15496.8 -54461.7 0
11.24 7.54769e-08 1.89355e-09 -49743.8 14943.3 -49743.8 0
11.26 -2.13374e-09 -2.76424e-09 -43248.2 13716.2 -43248.2 0
11.28 -3.37444e-08 4.8991e-10 -34920.6 11571.1 -34920.6 0
11.3 -1.46878e-08 -3.79407e-10 -24928 8446.37 -24928 0
11.32 5.10033e-09 -4.19694e-10 -13649 4464.41 -13649 0
11.34 -6.06618e-10 -4.54142e-09 -1694.48 -89.8964 -1694.48 0
11.36 -2.98775e-10 5.93698e-10 10099.9 -4795.14 10099.9 0
11.38 5.53816e-09 -2.55773e-09 20849.3 -9169.11 20849.3 0
11.4 9.16175e-09 8.59683e-10 29928.4 -12783.8 29928.4 0
11.42 2.51011e-08 1.10933e-09 37191.6 -15360.8 37191.6 0
11.44 2.94089e-09 6.03626e-09 42942.6 -16815.1 42942.6 0
11.46 9.99409e-09 -7.42336e-10 47678.8 -17279.1 47678.8 0
11.48 3.19142e-08 -2.56734e-09 51739.1 -17029.6 51739.1 0
11.5 5.08661e-08 -2.10681e-09 55042.6 -16350.3 55042.6 0
11.52 2.07958e-09 -7.01165e-11 57090.4 -15463.4 57090.4 0
11.54 -8.18809e-09 6.48236e-10 57268.1 -14527.2 57268.1 0
11.56 -7.45324e-09 -1.38559e-09 55235.1 -13619.8 55235.1 0
11.58 1.23818e-09 1.32726e-09 51074.9 -12668.9 51074.9 0
11.6 -3.16359e-09 2.43255e-10 45151.3 -11439.8 45151.3 0
11.62 9.43433e-09 6.72293e-10 37917.2 -9647.27 37917.2 0
11.64 -1.71853e-08 5.41375e-10 29836.6 -7103.27 29836.6 0
11.66 -3.20661e-08 -1.39384e-09 21344.9 -3788.58 21344.9 0
11.68 -1.01372e-09 1.82838e-10 12746.4 153.811 12746.4 0
11.7 6.57002e-09 1.47861e-09 4114.71 4447.97 4114.71 0
11.72 5.40616e-10 -7.22023e-09 -4692.63 8726.13 -4692.63 0
11.74 -1.12708e-09 5.1529e-11 -13893.1 12592.4 -13893.1 0
11.76 -1.40666e-08 -2.25819e-09 -23581.1 15688.2 -23581.1 0
11.78 -4.62118e-09 -2.18592e-09 -33554.1 17737.5 -33554.1 0
11.8 -4.43093e-08 7.24887e-09 -43250.7 18589.4 -43250.7 0
11.82 -3.63215e-08 1.24879e-09 -51873.4 18305.8 -51873.4 0
11.84 -1.3726e-08 -1.95543e-09 -58646.5 17182.8 -58646.5 0
11.86 -1.09905e-07 -1.84738e-09 -63064 15651.7 -63064 0
11.88 -9.81686e-08 1.65871e-09 -65002.7 14128.8 -65002.7 0
11.9 -3.87294e-08 -3.26585e-10 -64687.3 12900.4 -64687.3 0
11.92 7.85687e-08 6.62952e-10 -62555.6 12074 -62555.6 0
11.94 -6.794e-08 -7.7753e-10 -59056.2 11527 -59056.2 0
11.96 -3.3098e-08 1.52875e-09 -54462.7 10903.8 -54462.7 0
11.98 3.41344e-08 -4.86214e-10 -48819.7 9760.75 -48819.7 0
12 2.20393e-08 7.95627e-10 -42041.3 7786.4 -42041.3 0
12.02 2.34405e-08 -5.34035e-10 -34030.5 4911.62 -34030.5 0
12.04 6.87736e-09 9.10383e-10 -24765.6 1286.96 -24765.6 0
12.06 -1.80736e-08 -3.50147e-09 -14416.9 -2755.72 -14416.9 0
12.08 1.91954e-08 -1.81671e-09 -3440.65 -6732.11 -3440.65 0
12.1 8.13418e-09 -4.60424e-09 7494.11 -10108 7494.11 0
12.12 -1.2156e-08 3.63597e-09 17745.1 -12473.2 17745.1 0
12.14 8.78337e-09 1.92059e-09 26913.6 -13665.1 26913.6 0
12.16 -3.15069e-08 -5.41438e-09 34890.2 -13756.3 34890.2 0
12.18 -2.30515e-08 -4.01017e-09 41756.7 -13007.5 41756.7 0
12.2 -4.02686e-08 -7.98341e-10 47639.4 -11823.2 47639.4 0
12.22 7.91526e-09 2.00465e-09 52575.1 -10597.5 52575.1 0
12.24 7.0504e-08 -3.52996e-09 56468.4 -9601.23 56468.4 0
12.26 2.87152e-08 -4.12861e-10 59175.2 -8988.7 59175.2 0
12.28 1.53168e-08 -7.75779e-10 60624 -8848.31 60624 0
12.3 2.00465e-08 -1.68839e-10 60827.3 -9197.09 60827.3 0
12.32 7.48556e-08 1.2148e-09 59738.4 -9853.19 59738.4 0
12.34 -6.1994e-08 -6.70438e-10 57132.4 -10375.3 57132.4 0
12.36 -1.62956e-08 1.55021e-11 52653.9 -10210.4 52653.9 0
12.38 1.3064e-08 1.10899e-10 45998.3 -8938.09 45998.3 0
12.4 -6.22409e-08 -2.22139e-09 37098.5 -6416.53 37098.5 0
12.42 1.27455e-08 3.73636e-10 26247.5 -2820.16 26247.5 0
12.44 -1.95196e-08 1.96308e-09 14129.7 1371.72 14129.7 0
12.46 -4.92071e-09 -2.12543e-09 1689.86 5474.99 1689.86 0
12.48 -1.36089e-08 -6.00624e-09 -10136.9 8822.34 -10136.9 0
12.5 6.5806e-09 3.62131e-09 -20666.5 10994.9 -20666.5 0
12.52 -6.44834e-09 -2.22583e-09 -29533.5 11918.2 -29533.5 0
12.54 -1.29012e-08 4.98987e-09 -36602.8 11798.6 -36602.8 0
12.56 4.03648e-09 -5.29121e-10 -41854.4 11042 -41854.4 0
12.58 -5.88334e-08 -2.88083e-09 -45304.7 10126.5 -45304.7 0
12.6 5.90202e-08 1.00327e-09 -46983.1 9445.84 -46983.1 0
12.62 -3.79856e-08 -6.26659e-10 -46970.2 9203.28 -46970.2 0
12.64 3.75181e-08 1.38465e-09 -45457.6 9410.94 -45457.6 0
12.66 -1.18652e-08 -4.02007e-10 -42770.7 9967.54 -42770.7 0
12.68 -3.22107e-08 2.17458e-10 -39296 10652 -39296 0
12.7 1.38807e-08 5.31425e-10 -35351 11102.6 -35351 0
12.72 -2.01121e-08 -3.65242e-10 -31117.4 10917.8 -31117.4 0
12.74 -1.90369e-08 1.38324e-09 -26684.8 9850.42 -26684.8 0
12.76 -8.56521e-11 -2.51281e-09 -22129.5 7904.06 -22129.5 0
12.78 1.51753e-08 -8.77092e-09 -17519.2 5267.07 -17519.2 0
12.8 6.96855e-09 6.02198e-09 -12816.8 2196.8 -12816.8 0
12.82 -7.48385e-09 -1.66872e-09 -7794.71 -1046.18 -7794.71 0
12.84 3.21224e-09 -3.76637e-09 -2100.44 -4218.66 -2100.44 0
12.86 4.24236e-09 2.37369e-09 4521.91 -7101.06 4521.91 0
12.88 -2.1014e-08 -2.98101e-09 12002.1 -9500.15 12002.1 0
12.9 1.24156e-08 -9.89309e-10 19859 -11268.7 19859 0
12.92 2.80907e-08 2.06884e-09 27303.7 -12348.1 27303.7 0
12.94 -9.34187e-09 -5.54287e-10 33467.2 -12799.3 33467.2 0
12.96 4.7726e-08 1.86202e-09 37656.5 -12804.3 37656.5 0
12.98 2.58128e-08 1.62222e-09 39539.7 -12621.6 39539.7 0
13 2.24689e-08 4.33167e-10 39220.5 -12491 39220.5 0
13.02 2.82237e-08 -1.01736e-10 37179.4 -12510.7 37179.4 0
13.04 -4.39738e-08 3.26965e-10 34049.9 -12534.7 34049.9 0
13.06 -3.71342e-08 -1.0923e-10 30308.9 -12184.1 30308.9 0
13.08 -4.45018e-08 1.39379e-09 26091.5 -11012 26091.5 0
13.1 3.36915e-08 3.71072e-10 21262.6 -8714.24 21262.6 0
13.12 -2.36279e-08 -2.73442e-09 15632.8 -5241.14 15632.8 0
13.14 1.14597e-09 3.13e-09 9130.41 -807.61 9130.41 0
13.16 4.81667e-09 8.40752e-10 1877.84 4124.56 1877.84 0
13.18 9.46947e-09 1.46593e-10 -5788.15 8913.08 -5788.15 0
13.2 -3.04065e-09 -4.97667e-09 -13348.9 12902.4 -13348.9 0
13.22 -1.11184e-08 6.27473e-09 -20207.3 15628.4 -20207.3 0
13.24 1.82663e-08 -6.53344e-09 -25822.2 16938.3 -25822.2 0
13.26 -1.95602e-09 1.87676e-09 -29818.1 16991.9 -29818.1 0
13.28 -1.73803e-08 -9.96089e-10 -32066.3 16205.9 -32066.3 0
13.3 1.86075e-08 -8.35788e-10 -32745.6 15101.6 -32745.6 0
13.32 -1.01975e-08 -3.90323e-10 -32365.7 14101.3 -32365.7 0
13.34 -2.17463e-08 3.19901e-10 -31703.4 13428.2 -31703.4 0
13.36 -8.96538e-09 -2.34048e-10 -31597.9 13140.6 -31597.9 0
13.38 1.82565e-08 -1.58785e-10 -32621.6 13183.2 -32621.6 0
13.4 -4.68582e-08 1.20708e-09 -34748.6 13334.1 -34748.6 0
13.42 -2.11636e-08 5.14932e-10 -37250.4 13163.3 -37250.4 0
13.44 -6.4496e-09 -1.31031e-09 -38970 12158.2 -38970 0
13.46 -8.65388e-09 1.48333e-09 -38836.9 9960.42 -38836.9 0
13.48 -3.79887e-08 9.12455e-10 -36268 6509.27 -36268 0
13.5 -1.14346e-08 -2.63714e-09 -31237.5 2036.7 -31237.5 0
13.52 -1.41288e-08 6.45762e-09 -24103.5 -3003 -24103.5 0
13.54 2.90738e-09 -4.45873e-10 -15415.1 -8028.87 -15415.1 0
13.56 1.0095e-09 2.12004e-09 -5817.52 -12478 -5817.52 0
13.58 -1.39099e-08 6.42131e-09 3984.76 -15897.5 3984.76 0
13.6 -8.66598e-09 -3.71567e-09 13297.7 -18011.5 13297.7 0
13.62 5.5296e-10 -9.81685e-11 21575.5 -18784.6 21575.5 0
13.64 1.73337e-08 3.02488e-09 28552.3 -18358.4 28552.3 0
13.66 -2.82649e-08 -2.30135e-09 34285 -17033.3 34285 0
13.68 4.73894e-08 2.17867e-09 39063.2 -15267 39063.2 0
13.7 -5.47198e-08 -1.92552e-09 43212.4 -13566.8 43212.4 0
13.72 1.34878e-08 1.26549e-10 46904.4 -12305.9 46904.4 0
13.74 -2.03824e-08 6.94889e-11 50086.7 -11530.7 50086.7 0
13.76 3.31247e-08 1.33617e-10 52530.3 -10912.4 52530.3 0
13.78 -4.87194e-08 1.29137e-10 53929.1 -9897.43 53929.1 0
13.8 3.6387e-08 -4.96139e-10 54018.3 -8001.99 54018.3 0
13.82 6.35992e-09 6.81879e-10 52695.4 -5061.82 52695.4 0
13.84 -2.80569e-08 -5.53982e-10 50065 -1275.05 50065 0
13.86 -6.49568e-08 1.5604e-11 46350.4 2937.37 46350.4 0
13.88 8.27465e-08 -2.94505e-09 41749.9 7089.2 41749.9 0
13.9 -3.29964e-08 1.19683e-09 36364.8 10706.2 36364.8 0
13.92 -3.31124e-09 1.5641e-09 30232.2 13371.7 30232.2 0
13.94 2.22943e-08 -3.93045e-09 23374.3 14813.3 23374.3 0
13.96 -2.36984e-08 -9.63109e-10 15785.1 15003.2 15785.1 0
13.98 -2.42244e-09 -4.66067e-09 7391.07 14165.8 7391.07 0
14 -1.61454e-09 -2.2216e-10 -1932.26 12722.4 -1932.26 0
14.02 2.84388e-08 4.80415e-09 -12218.3 11209.8 -12218.3 0
14.04 1.69178e-08 2.79166e-09 -23168.3 10015.9 -23168.3 0
14.06 2.6864e-08 -1.47581e-09 -33991.2 9258.77 -33991.2 0
14.08 -2.14858e-08 -8.99428e-10 -43533.6 8871.01 -43533.6 0
14.1 2.03809e-08 1.58262e-10 -50742.9 8697.44 -50742.9 0
14.12 3.73592e-08 8.46384e-10 -55200.2 8569.6 -55200.2 0
14.14 5.06607e-10 -3.53658e-10 -57331.1 8322.37 -57331.1 0
14.16 -9.81714e-08 3.64983e-10 -58132.5 7868.77 -58132.5 0
14.18 -3.88261e-08 3.15795e-10 -58589.8 7209.39 -58589.8 0
14.2 1.95791e-09 3.01942e-09 -59131.5 6295.59 -59131.5 0
14.22 -4.29807e-08 -2.40626e-09 -59430 4903.31 -59430 0
14.24 -8.90404e-09 2.40754e-09 -58629.8 2762.54 -58629.8 0
14.26 -1.21817e-07 1.99311e-09 -55756.8 -122.952 -55756.8 0
14.28 -1.84782e-09 6.38528e-10 -50047.5 -3295.87 -50047.5 0
14.3 6.8934e-09 2.03618e-10 -41169.9 -6007.05 -41169.9 0
14.32 -2.96228e-08 -4.63259e-09 -29405 -7573.87 -29405 0
14.34 -1.54174e-10 4.94432e-09 -15716.1 -7645.02 -15716.1 0
14.36 1.26463e-09 -3.17396e-09 -1513.97 -6367.53 -1513.97 0
14.38 2.42345e-10 -4.37419e-11 11828.8 -4387.81 11828.8 0
14.4 6.65114e-09 1.07453e-10 23410.4 -2603.87 23410.4 0
14.42 -1.90379e-08 -1.13272e-09 32980.6 -1739.59 32980.6 0
14.44 8.06873e-08 1.00488e-09 40895 -2006.88 40895 0
14.46 6.57667e-08 -1.31903e-09 47876.6 -3131.94 47876.6 0
14.48 -3.0861e-08 2.78309e-11 54580.2 -4589.89 54580.2 0
14.5 -8.41149e-08 5.10404e-11 61145.1 -5826.15 61145.1 0
14.52 7.33698e-09 -2.76e-10 67050.3 -6394.38 67050.3 0
14.54 6.55197e-08 -2.22053e-10 71342.9 -6037.27 71342.9 0
14.56 1.43588e-08 1.51133e-09 72997 -4692.75 72997 0
14.58 -5.32177e-09 1.61355e-09 71189.7 -2475.66 71189.7 0
14.6 -7.55484e-08 -2.53073e-09 65508.4 290.898 65508.4 0
14.62 -4.02291e-08 -5.03022e-10 56094 3096.32 56094 0
14.64 7.34997e-08 -1.65856e-09 43700.7 5436.14 43700.7 0
14.66 -4.33431e-09 2.07946e-09 29567.2 7021.04 29567.2 0
14.68 -2.59778e-09 2.72485e-10 15048.3 7806.47 15048.3 0
14.7 -3.7299e-09 1.82759e-09 1155.25 7947.29 1155.25 0
14.72 4.93507e-09 -3.03884e-09 -11712.4 7757.78 -11712.4 0
14.74 -2.0887e-08 -1.50167e-09 -23634.6 7607.91 -23634.6 0
14.76 -1.63323e-08 1.63021e-09 -34819.4 7714.65 -34819.4 0
14.78 -3.8227e-08 1.2386e-09 -45342.7 8018.58 -45342.7 0
14.8 -2.32954e-08 8.65538e-11 -55064 8329.71 -55064 0
14.82 1.02339e-08 1.53744e-10 -63603.7 8550.12 -63603.7 0
14.84 -4.71253e-08 4.43458e-10 -70364.1 8718.99 -70364.1 0
14.86 -7.44216e-09 1.55315e-09 -74659.3 8874.01 -74659.3 0
14.88 2.962e-08 -2.72294e-09 -75895.3 8907.07 -75895.3 0
14.9 2.3382e-08 -2.24312e-09 -73699.7 8528.21 -73699.7 0
14.92 -1.91735e-09 1.41625e-09 -68052.1 7375.2 -68052.1 0
14.94 -7.21095e-08 -1.43701e-09 -59344.1 5241.8 -59344.1 0
14.96 -4.56728e-08 -3.20678e-09 -48234.3 2273.32 -48234.3 0
14.98 2.28084e-08 -5.23136e-10 -35371.9 -1042.14 -35371.9 0
15 -2.69318e-08 -7.43143e-09 -21253.3 -4080.1 -21253.3 0
15.02 9.67365e-10 3.58516e-09 -6370.93 -6307.23 -6370.93 0
15.04 -6.73326e-09 -3.56159e-09 8590.8 -7433.94 8590.8 0
15.06 4.80357e-09 6.21783e-10 22775.9 -7498.79 22775.9 0
15.08 5.51015e-08 1.248e-09 35410 -6830.49 35410 0
15.1 -3.30345e-08 -1.48014e-09 46093.1 -5928.14 46093.1 0
15.12 7.34512e-08 -3.87271e-10 54899.5 -5291.52 54899.5 0
15.14 -4.11452e-08 7.62853e-12 62186.7 -5240.94 62186.7 0
15.16 -5.80278e-08 -3.4843e-10 68245.9 -5819.89 68245.9 0
15.18 4.35616e-08 1.60003e-10 73054.4 -6815.71 73054.4 0
15.2 4.52799e-08 8.39112e-10 76251.6 -7877.44 76251.6 0
15.22 -1.92062e-08 2.92108e-10 77244.2 -8606.41 77244.2 0
15.24 -5.43337e-09 -2.48731e-09 75327 -8566.44 75327 0
15.26 4.93894e-08 4.37402e-09 69837.1 -7358.58 69837.1 0
15.28 -3.2684e-08 -1.00572e-09 60383 -4861.64 60383 0
15.3 -6.47857e-09 -9.18689e-10 47141.2 -1397.11 47141.2 0
15.32 -3.76734e-08 1.01297e-09 30960.1 2408.37 30960.1 0
15.34 1.98486e-09 -3.57652e-10 13133.3 5893.34 13133.3 0
15.36 -3.87349e-09 -1.35262e-09 -4955.43 8522.17 -4955.43 0
15.38 9.79356e-09 1.91306e-09 -22108.2 9978.95 -22108.2 0
15.4 -3.77675e-09 1.93271e-09 -37462.4 10310.2 -37462.4 0
15.42 4.25681e-08 1.91522e-10 -50603.2 9917.07 -50603.2 0
15.44 -1.07015e-09 7.55921e-10 -61572.7 9303.94 -61572.7 0
15.46 -8.66981e-08 2.96544e-12 -70658.5 8827.63 -70658.5 0
15.48 8.12808e-08 2.83889e-11 -78056.3 8671.31 -78056.3 0
15.5 1.3102e-07 7.09199e-10 -83675.4 8956.03 -83675.4 0
15.52 1.55789e-07 -1.01353e-10 -87181.6 9736.07 -87181.6 0
15.54 -1.0324e-07 6.66296e-10 -88143.8 10887.5 -88143.8 0
15.56 1.9571e-07 -9.43681e-10 -86118 12035.8 -86118 0
15.58 -1.22296e-07 1.31111e-09 -80731.6 12601 -80731.6 0
15.6 3.18888e-08 -3.91346e-10 -71799 12004.1 -71799 0
15.62 -4.6529e-08 -3.74079e-10 -59461.9 9959.81 -59461.9 0
15.64 6.41894e-08 6.88357e-10 -44222 6633.78 -44222 0
15.66 -1.72312e-08 4.63987e-09 -26864.9 2574.72 -26864.9 0
15.68 -8.31329e-11 -2.13234e-09 -8454.73 -1457.4 -8454.73 0
15.7 -3.97829e-09 -3.97739e-09 9721.73 -4687.71 9721.73 0
15.72 7.14036e-09 -5.98363e-10 26424.6 -6575.83 26424.6 0
15.74 1.41538e-08 6.9208e-09 40818.4 -7020.83 40818.4 0
15.76 -6.45313e-09 1.2955e-09 52600.8 -6389.75 52600.8 0
15.78 4.35234e-08 1.15858e-10 61837.5 -5330.12 61837.5 0
15.8 6.87091e-08 3.11536e-09 68687.9 -4499.27 68687.9 0
15.82 3.13038e-08 -2.22656e-09 73184 -4337.4 73184 0
15.84 -3.26529e-08 2.81348e-09 75146.5 -4948.13 75146.5 0
15.86 -2.01958e-08 -1.09299e-10 74302.9 -6127.19 74302.9 0
15.88 1.62881e-08 -1.30662e-09 70524.5 -7448.26 70524.5 0
15.9 4.86681e-08 2.10008e-10 63947.5 -8359.24 63947.5 0
15.92 -3.71937e-08 3.72497e-10 54915.4 -8351.25 54915.4 0
15.94 -4.57939e-08 1.21209e-10 43889.9 -7190.95 43889.9 0
15.96 4.06878e-08 8.50798e-10 31406.4 -5018.46 31406.4 0
15.98 7.76915e-10 -6.2807e-10 18055.3 -2225.07 18055.3 0
16 -5.00309e-10 -5.94311e-10 4491.69 719.401 4491.69 0
16.02 -4.38992e-09 4.7739e-09 -8567.74 3367.1 -8567.74 0
16.04 -2.00874e-08 -1.61252e-09 -20483.1 5386.69 -20483.1 0
16.06 -5.23989e-10 -7.79483e-10 -30941.9 6665.6 -30941.9 0
16.08 -1.87296e-08 -7.67645e-10 -40050.1 7317.03 -40050.1 0
16.1 5.78091e-08 -2.09287e-09 -48082.6 7575.48 -48082.6 0
16.12 -5.55298e-08 1.91106e-09 -55090.1 7698.39 -55090.1 0
16.14 1.26002e-08 -4.2695e-10 -60703.5 7905.93 -60703.5 0
16.16 -7.09804e-09 -4.58826e-10 -64250.3 8298.94 -64250.3 0
16.18 1.18959e-07 -1.44196e-09 -65057.7 8825.17 -65057.7 0
16.2 2.16287e-08 1.07853e-09 -62745.6 9350.76 -62745.6 0
16.22 6.33415e-08 2.49893e-10 -57369.4 9747.63 -57369.4 0
16.24 -5.28713e-08 3.91661e-10 -49348.6 9907.96 -49348.6 0
16.26 -1.50046e-08 7.83584e-11 -39288.1 9709.27 -39288.1 0
16.28 -1.84658e-08 -7.70929e-10 -27831.5 9013.78 -27831.5 0
16.3 1.10841e-08 1.18052e-09 -15576.3 7707.47 -15576.3 0
16.32 -8.72845e-09 -1.19328e-09 -3043.35 5742.07 -3043.35 0
16.34 9.22926e-09 -3.33547e-09 9334.78 3174.65 9334.78 0
16.36 -3.09421e-08 1.4917e-09 21219.9 206.617 21219.9 0
16.38 -2.4304e-08 -9.00513e-10 32362 -2817.26 32362 0
16.4 -4.91562e-08 -3.62319e-10 42556.7 -5490.98 42556.7 0
16.42 8.96465e-08 -4.23923e-10 51562.9 -7486.83 51562.9 0
16.44 -4.01557e-08 1.38986e-09 59022.1 -8669.72 59022.1 0
16.46 5.57482e-08 -1.30692e-10 64451.7 -9129.29 64451.7 0
16.48 -3.15315e-08 3.77976e-12 67342.2 -9112.26 67342.2 0
16.5 -4.64688e-09 -1.41715e-09 67320.4 -8892.78 67320.4 0
16.52 2.33916e-08 -2.84977e-10 64297.8 -8672.71 64297.8 0
16.54 3.8039e-08 1.28224e-09 58522.6 -8525.04 58522.6 0
16.56 2.14031e-08 -8.3738e-10 50498.8 -8370.82 50498.8 0
16.58 -1.65067e-08 -5.43117e-10 40838.3 -8017.25 40838.3 0
16.6 -7.5622e-09 1.53316e-10 30128 -7249.68 30128 0
16.62 2.34662e-09 -4.23388e-10 18838 -5924.19 18838 0
16.64 2.45544e-09 1.35546e-10 7297.84 -4020.96 7297.84 0
16.66 3.53139e-09 -8.37151e-10 -4248.44 -1657.83 -4248.44 0
16.68 -2.61375e-08 -1.62425e-10 -15550.4 947.967 -15550.4 0
16.7 1.96002e-08 -4.04388e-11 -26303.7 3559.59 -26303.7 0
16.72 5.32151e-08 -1.51186e-09 -36163.8 5982.45 -36163.8 0
16.74 -4.50404e-08 -1.46852e-09 -44778.1 8070.7 -44778.1 0
16.76 -5.23475e-08 -6.94445e-10 -51814.6 9716.41 -51814.6 0
16.78 1.59902e-08 -9.56786e-10 -56997.4 10867.6 -56997.4 0
16.8 -4.02817e-08 1.93444e-09 -60136 11552.2 -60136 0
16.82 -6.00409e-08 -4.54912e-10 -61131.2 11869.7 -61131.2 0
16.84 -1.38907e-07 6.3939e-10 -59962.7 11917.9 -59962.7 0
16.86 -3.8109e-08 3.19404e-10 -56684.5 11724 -56684.5 0
16.88 3.93289e-08 3.07193e-10 -51429.1 11256.7 -51429.1 0
16.9 -1.23463e-08 -4.18775e-10 -44402.3 10493.9 -44402.3 0
16.92 4.45445e-08 -8.84776e-11 -35889 9471.04 -35889 0
16.94 4.71653e-09 7.91058e-10 -26228.4 8238.41 -26228.4 0
16.96 -1.25052e-09 3.08323e-10 -15741.2 6780.58 -15741.2 0
16.98 2.00224e-09 7.34641e-10 -4693.74 5009.19 -4693.74 0
17 5.71854e-09 4.82829e-09 6659.85 2850.51 6659.85 0
17.02 -7.51522e-09 -4.37511e-09 18015.3 330.697 18015.3 0
17.04 1.30635e-08 1.35941e-09 28999.8 -2409.4 28999.8 0
17.06 -7.92836e-09 -8.25734e-10 39178.5 -5146.8 39178.5 0
17.08 4.76125e-09 -2.6838e-09 48069.5 -7618.46 48069.5 0
17.1 -1.5896e-08 4.14752e-10 55191 -9567.88 55191 0
17.12 -6.60781e-10 -1.15634e-09 60137 -10795.3 60137 0
17.14 -2.10684e-08 2.33054e-09 62640.8 -11202.6 62640.8 0
17.16 -5.5032e-09 9.17891e-10 62602 -10830.5 62602 0
17.18 -3.22072e-08 1.69643e-09 60079.1 -9865.4 60079.1 0
17.2 9.11705e-09 -1.938e-10 55253.2 -8561.38 55253.2 0
17.22 1.7984e-08 -9.85056e-11 48379.3 -7113.16 48379.3 0
17.24 2.37053e-08 1.71389e-09 39766.4 -5598.16 39766.4 0
17.26 -1.59489e-08 -4.77585e-10 29805.2 -4023.08 29805.2 0
17.28 2.75825e-09 6.79209e-10 18948.7 -2386.05 18948.7 0
17.3 1.30745e-09 -6.13202e-10 7619.67 -688.397 7619.67 0
17.32 -2.08739e-09 3.85338e-10 -3837.84 1065.72 -3837.84 0
17.34 1.26473e-08 -6.78321e-10 -15097.6 2853.12 -15097.6 0
17.36 2.07374e-08 6.77175e-10 -25755.3 4625.6 -25755.3 0
17.38 -1.10073e-08 3.23335e-12 -35319.5 6318.75 -35319.5 0
17.4 -3.04947e-08 6.09631e-10 -43313.8 7847.91 -43313.8 0
17.42 5.20865e-08 1.18338e-09 -49419.6 9103.39 -49419.6 0
17.44 -2.50474e-08 -2.11406e-09 -53560.6 9983.37 -53560.6 0
17.46 -2.30517e-08 -6.60333e-10 -55863 10448.2 -55863 0
17.48 -4.69492e-09 1.30992e-09 -56516.1 10531.8 -56516.1 0
17.5 8.83728e-10 -1.00471e-09 -55619.8 10287.1 -55619.8 0
17.52 6.52189e-08 -1.35518e-09 -53112.8 9725.53 -53112.8 0
17.54 1.28447e-08 -9.2909e-10 -48825.1 8812.24 -48825.1 0
17.56 2.11177e-08 -5.13338e-10 -42611.6 7530.71 -42611.6 0
17.58 -4.17973e-09 -1.33075e-09 -34485.8 5960.65 -34485.8 0
17.6 -2.76902e-08 4.51568e-10 -24645.3 4274.09 -24645.3 0
17.62 -1.24672e-08 -2.72986e-10 -13411 2647.76 -13411 0
17.64 -1.18905e-10 -4.10154e-10 -1201.19 1175.93 -1201.19 0
17.66 6.67028e-09 2.36929e-10 11451.9 -155.489 11451.9 0
17.68 -8.36871e-09 1.76187e-09 23918.1 -1430.78 23918.1 0
17.7 3.59295e-08 -2.97261e-10 35551.3 -2729.03 35551.3 0
17.72 6.9353e-08 -1.16042e-10 45788.1 -4056.2 45788.1 0
17.74 -2.68867e-08 8.13312e-10 54227 -5333.66 54227 0
17.76 -3.73282e-08 -2.16241e-09 60668.5 -6445.62 60668.5 0
17.78 7.18676e-08 1.11004e-09 65088.6 -7295.32 65088.6 0
17.8 -3.5872e-08 9.15528e-10 67532.1 -7829.66 67532.1 0
17.82 6.71701e-08 -2.74136e-10 67986.7 -8036.42 67986.7 0
17.84 -1.51332e-08 2.07369e-09 66304.1 -7922.37 66304.1 0
17.86 2.57636e-08 1.99515e-09 62208.4 -7475.86 62208.4 0
17.88 7.7712e-08 7.52314e-10 55414.3 -6662.18 55414.3 0
17.9 5.97204e-08 3.39087e-09 45842.2 -5482.51 45842.2 0
17.92 -2.55084e-08 2.5415e-09 33794.3 -4028.39 33794.3 0
17.94 1.15567e-08 1.30394e-09 19914.4 -2452.24 19914.4 0
17.96 -1.70072e-08 5.41693e-10 4996.66 -894.093 4996.66 0
17.98 -4.34256e-09 -2.92407e-10 -10171.9 555.516 -10171.9 0
18 -3.80477e-08 4.5307e-12 -24874.7 1859.74 -24874.7 0
18.02 -6.28485e-09 -5.896e-11 -38479.2 3032.35 -38479.2 0
18.04 -4.6232e-08 1.48568e-10 -50444.4 4113.4 -50444.4 0
18.06 3.90493e-08 2.8849e-10 -60343.3 5125.77 -60343.3 0
18.08 -3.44966e-08 4.55895e-10 -67915.6 6059.61 -67915.6 0
18.1 4.35677e-08 1.20908e-09 -73108.6 6899.94 -73108.6 0
18.12 7.23307e-09 4.26071e-10 -76041.8 7653.91 -76041.8 0
18.14 4.77462e-08 1.6129e-11 -76896.6 8342.02 -76896.6 0
18.16 -2.89524e-08 9.04965e-10 -75794.2 8964.57 -75794.2 0
18.18 -6.85746e-09 -1.53936e-09 -72705 9461.03 -72705 0
18.2 -1.71273e-08 1.49328e-09 -67436.2 9683.97 -67436.2 0
18.22 -5.46e-08 -4.76175e-10 -59743.5 9448.67 -59743.5 0
18.24 7.73026e-09 1.00396e-09 -49567.9 8656.33 -49567.9 0
18.26 -2.18476e-09 1.01836e-10 -37184.4 7388.28 -37184.4 0
18.28 -1.17641e-08 -1.09328e-10 -23121.1 5876.89 -23121.1 0
18.3 1.75688e-09 -1.45576e-10 -8028.04 4387.46 -8028.04 0
18.32 2.496e-09 -3.06409e-10 7367.79 3112.77 7367.79 0
18.34 1.95891e-09 7.67353e-10 22296.3 2113.35 22296.3 0
18.36 -3.81605e-08 3.82944e-10 36057.6 1313.41 36057.6 0
18.38 -7.50715e-09 -1.28501e-09 48134.6 560.392 48134.6 0
18.4 -8.37174e-09 -1.6771e-09 58218.4 -289.224 58218.4 0
18.42 3.05123e-08 -2.11385e-09 66179.2 -1322.19 66179.2 0
18.44 8.84826e-08 3.54798e-09 72030.2 -2565.38 72030.2 0
18.46 3.80552e-08 -9.75064e-10 75861.2 -3986.29 75861.2 0
18.48 -2.79941e-08 -2.09333e-09 77747.1 -5488.69 77747.1 0
18.5 -7.80935e-08 -3.92681e-10 77693 -6934.73 77693 0
18.52 -2.9684e-08 -1.19215e-09 75622.1 -8192.93 75622.1 0
18.54 -1.50652e-09 2.60945e-09 71363.7 -9150.64 71363.7 0
18.56 3.35747e-08 1.60889e-09 64669.1 -9684.09 64669.1 0
18.58 -3.51698e-08 1.2517e-09 55378.5 -9663.9 55378.5 0
18.6 1.09555e-08 1.02588e-09 43667.8 -9044.39 43667.8 0
18.62 -2.5387e-09 8.94059e-11 30092.5 -7930.03 30092.5 0
18.64 -7.48574e-09 -3.24126e-10 15409.8 -6521.52 15409.8 0
18.66 -4.17327e-09 -3.21358e-11 405.459 -5016.19 405.459 0
18.68 1.79779e-08 -3.39421e-10 -14177.9 -3539.76 -14177.9 0
18.7 1.59514e-09 1.56027e-11 -27699.7 -2115.49 -27699.7 0
18.72 -1.11741e-08 8.47103e-11 -39680.1 -676.841 -39680.1 0
18.74 -1.40238e-08 -1.03022e-10 -49782.8 864.463 -49782.8 0
18.76 -1.00636e-08 -5.14543e-10 -57755.7 2547.04 -57755.7 0
18.78 1.41084e-08 -3.41378e-10 -63427.1 4347.32 -63427.1 0
18.8 3.31499e-08 1.78273e-09 -66747.6 6208.1 -66747.6 0
18.82 4.84756e-08 1.87365e-09 -67784 8050.34 -67784 0
18.84 -3.44493e-08 -5.16114e-10 -66652.5 9764 -66652.5 0
18.86 1.93977e-08 -5.21265e-10 -63447.2 11208.1 -63447.2 0
18.88 2.02416e-08 -2.29582e-10 -58220.6 12215.6 -58220.6 0
18.9 3.09117e-08 1.11829e-09 -51011.6 12614.7 -51011.6 0
18.92 1.27744e-09 1.38011e-10 -41951.9 12299.5 -41951.9 0
18.94 -2.76677e-08 -1.9959e-09 -31367.2 11307.3 -31367.2 0
18.96 -3.54839e-09 3.40549e-10 -19732.2 9817.24 -19732.2 0
18.98 -2.16801e-09 -5.67291e-10 -7540.43 8058.74 -7540.43 0
19 3.84427e-10 7.89474e-11 4759.24 6219.42 4759.24 0
19.02 4.90081e-09 -3.89399e-10 16729.9 4407.91 16729.9 0
19.04 -1.75889e-09 -5.48099e-11 27923.1 2644.04 27923.1 0
19.06 3.08781e-08 4.81114e-10 37914.1 872.685 37914.1 0
19.08 -5.98658e-08 8.58629e-10 46351.8 -980.329 46351.8 0
19.1 -2.66741e-08 1.06192e-11 52996.1 -2939.45 52996.1 0
19.12 -6.36798e-09 3.81341e-09 57738.3 -4954.05 57738.3 0
19.14 8.34224e-08 -1.93034e-09 60583.5 -6919.89 60583.5 0
19.16 1.68282e-08 1.26797e-09 61588.1 -8708.8 61588.1 0
19.18 -5.50844e-08 2.69712e-09 60806.4 -10190.9 60806.4 0
19.2 -1.78811e-08 -2.24091e-09 58279.6 -11253.6 58279.6 0
19.22 -7.85357e-08 -1.1761e-09 54039.4 -11802.4 54039.4 0
19.24 2.66988e-09 -1.4731e-10 48092 -11749.8 48092 0
19.26 4.71283e-08 1.54006e-09 40445.6 -11035.1 40445.6 0
19.28 4.38171e-08 -1.24959e-09 31194.6 -9668.06 31194.6 0
19.3 2.48253e-09 1.80576e-09 20580.4 -7748.46 20580.4 0
19.32 1.11544e-08 5.12309e-10 9002.44 -5441.37 9002.44 0
19.34 -5.6354e-10 -1.17877e-09 -2994.48 -2940.67 -2994.48 0
19.36 -1.7603e-08 -3.19224e-10 -14761.8 -438.103 -14761.8 0
19.38 1.30544e-09 6.14093e-10 -25651 1918.73 -25651 0
19.4 -1.04979e-08 -8.99257e-11 -35129.1 4057.11 -35129.1 0
19.42 2.21995e-08 2.78258e-10 -42827.4 5963.69 -42827.4 0
19.44 -1.02088e-07 -5.35631e-10 -48528.8 7640.73 -48528.8 0
19.46 -2.7978e-08 -4.22559e-10 -52154.6 9082.79 -52154.6 0
19.48 -3.7236e-09 6.4513e-11 -53753.4 10279.3 -53753.4 0
19.5 3.1929e-08 -2.83448e-10 -53454.1 11213 -53454.1 0
19.52 5.89931e-08 -1.74341e-10 -51391.3 11843.2 -51391.3 0
19.54 5.28908e-08 3.88528e-11 -47653.1 12082.7 -47653.1 0
19.56 6.82992e-08 4.61915e-10 -42274.6 11796.1 -42274.6 0
19.58 -1.4093e-08 -8.00762e-10 -35284.3 10851.1 -35284.3 0
19.6 -6.65712e-09 -9.74486e-10 -26807.3 9214.01 -26807.3 0
19.62 2.40512e-09 -5.90144e-10 -17135.2 7006.13 -17135.2 0
19.64 1.06595e-08 2.27645e-10 -6714.03 4468.79 -6714.03 0
19.66 5.45402e-11 -5.94763e-11 3904.82 1884.77 3904.82 0
19.68 1.31834e-08 1.44171e-10 14124 -495.886 14124 0
19.7 4.86781e-08 5.70848e-11 23385.6 -2511.77 23385.6 0
19.72 -1.40691e-08 -4.4907e-11 31272 -4114.82 31272 0
19.74 -1.42062e-08 1.65464e-10 37554.4 -5350.78 37554.4 0
19.76 6.32838e-08 -1.30186e-09 42160.2 -6307.02 42160.2 0
19.78 3.42912e-08 1.47443e-09 45108.3 -7061.64 45108.3 0
19.8 -2.1554e-08 -1.43305e-09 46465.4 -7651.86 46465.4 0
19.82 3.56225e-09 1.05589e-09 46315.8 -8062.07 46315.8 0
19.84 2.97707e-08 -1.05901e-09 44720.7 -8230.19 44720.7 0
19.86 -8.42132e-08 -1.25376e-10 41683 -8065.86 41683 0
19.88 3.85999e-08 -1.04258e-09 37152.7 -7476.02 37152.7 0
19.9 2.53318e-09 -1.50767e-10 31089.6 -6404.96 31089.6 0
19.92 1.4977e-08 1.5038e-09 23562.3 -4876.54 23562.3 0
19.94 1.36026e-09 1.54454e-09 14811 -3004.22 14811 0
19.96 4.00039e-09 -1.5905e-10 5241.95 -958.143 5241.95 0
19.98 -3.0535e-09 -2.90411e-09 -4624.57 1081.55 -4624.57 0
20 -1.48606e-09 6.94691e-10 -14239.5 2957.51 -14239.5 0
20.02 -3.85099e-08 3.81359e-10 -23126.8 4557.73 -23126.8 0
20.04 -2.84859e-08 4.23638e-10 -30959.5 5822.77 -30959.5 0
20.06 -2.87572e-08 6.98273e-10 -37567 6732.58 -37567 0
20.08 -3.07912e-08 -1.09065e-10 -42886.5 7293.88 -42886.5 0
20.1 -7.59472e-08 8.96487e-11 -46899.4 7541.77 -46899.4 0
20.12 4.6121e-08 -1.48273e-10 -49577.9 7539.99 -49577.9 0
20.14 -9.5184e-09 -7.86297e-10 -50844.2 7362.78 -50844.2 0
20.16 4.03018e-08 -1.85805e-10 -50555.8 7067.81 -50555.8 0
20.18 3.38701e-08 -3.09771e-11 -48523.9 6673.17 -48523.9 0
20.2 -8.73953e-08 -1.77165e-10 -44571 6144.44 -44571 0
20.22 3.89234e-09 -8.27261e-11 -38618.7 5411.34 -38618.7 0
20.24 -1.08216e-08 4.73223e-10 -30783.9 4416.65 -30783.9 0
20.26 3.53192e-08 -2.18101e-09 -21422.4 3158.53 -21422.4 0
20.28 6.42208e-09 1.45372e-09 -11081.2 1698.96 -11081.2 0
20.3 1.62638e-09 -5.945e-10 -400.506 153.051 -400.506 0
20.32 -3.53617e-09 3.86429e-10 9997.38 -1329.84 9997.38 0
20.34 -1.78328e-08 -5.68212e-11 19617.9 -2600.39 19617.9 0
20.36 -1.19157e-09 1.51179e-10 28161.4 -3550.27 28161.4 0
20.38 -6.75543e-09 1.07931e-10 35496.7 -4128.65 35496.7 0
20.4 -3.76224e-08 -2.62006e-10 41561.9 -4332.4 41561.9 0
20.42 6.95545e-09 6.09497e-10 46287 -4201.61 46287 0
20.44 -4.3015e-08 -1.44612e-10 49583 -3822.81 49583 0
20.46 -5.75406e-09 1.05628e-10 51360.8 -3313.39 51360.8 0
20.48 -1.50678e-08 -6.64171e-10 51544.7 -2784.35 51544.7 0
20.5 6.06618e-08 -2.4743e-09 50084.4 -2308.26 50084.4 0
20.52 4.04203e-08 -2.0104e-09 46974.1 -1902.77 46974.1 0
20.54 1.59819e-08 3.74642e-09 42265.9 -1529.64 42265.9 0
20.56 2.89706e-09 -2.56763e-09 36087.1 -1123.62 36087.1 0
20.58 1.94792e-08 -1.70473e-09 28669.8 -641.713 28669.8 0
20.6 3.60179e-09 2.66954e-10 20347.5 -87.5351 20347.5 0
20.62 -5.52217e-09 6.42174e-10 11498 506.246 11498 0
20.64 -7.55489e-09 1.5175e-10 2477.05 1096.46 2477.05 0
20.66 -6.86262e-09 -1.61769e-09 -6426.11 1634.06 -6426.11 0
20.68 7.97043e-09 1.09989e-09 -15002 2071.75 -15002 0
20.7 9.7593e-09 1.46224e-09 -23101.5 2379.85 -23101.5 0
20.72 -2.69517e-08 -1.14943e-10 -30579.7 2552.63 -30579.7 0
20.74 5.40477e-08 -1.95389e-09 -37237.1 2596.76 -37237.1 0
20.76 2.23096e-08 3.05945e-10 -42811.5 2527.01 -42811.5 0
20.78 4.5584e-08 4.70993e-10 -47026.8 2374.93 -47026.8 0
20.8 -3.42249e-08 1.79905e-10 -49649.4 2192.74 -49649.4 0
20.82 1.07742e-07 1.1906e-10 -50519.9 2041.31 -50519.9 0
20.84 -8.55362e-09 6.06479e-10 -49573.7 1974.49 -49573.7 0
20.86 -8.91745e-09 5.25238e-10 -46858.9 2025.72 -46858.9 0
20.88 -2.75371e-09 -1.34691e-09 -42528.4 2189.24 -42528.4 0
20.9 2.1937e-08 4.61256e-10 -36792.4 2407.3 -36792.4 0
20.92 8.35376e-09 -2.49482e-10 -29877.6 2588.45 -29877.6 0
20.94 -7.97067e-09 -3.40154e-10 -22016.8 2649.38 -22016.8 0
20.96 -1.40664e-08 9.30562e-10 -13450.9 2542.76 -13450.9 0
20.98 7.67573e-09 -6.55659e-10 -4439.37 2261.67 -4439.37 0
21 4.73631e-09 1.18147e-09 4718.65 1843.78 4718.65 0
21.02 -6.65454e-09 -1.54909e-09 13671.3 1367.63 13671.3 0
21.04 -1.50382e-08 -1.44925e-09 22035.8 918.128 22035.8 0
21.06 3.39069e-08 6.86827e-10 29441.2 544.731 29441.2 0
21.08 1.85303e-08 3.15211e-10 35561.4 250.965 35561.4 0
21.1 -4.7154e-09 -1.38464e-10 40133.9 14.3909 40133.9 0
21.12 2.69599e-08 -1.40071e-10 42981.5 -193.603 42981.5 0
21.14 -3.70089e-08 4.84206e-10 44035.6 -402.754 44035.6 0
21.16 1.44475e-08 -3.22506e-10 43339.5 -642.233 43339.5 0
21.18 -8.24074e-09 -4.54049e-10 41018.8 -934.128 41018.8 0
21.2 -2.29189e-09 9.04939e-10 37231.7 -1282.01 37231.7 0
21.22 -2.53114e-08 8.42923e-10 32117.8 -1658.75 32117.8 0
21.24 7.49141e-10 -5.04062e-10 25782.7 -2004.86 25782.7 0
21.26 -4.4308e-09 1.90961e-09 18333.5 -2245.69 18333.5 0
21.28 2.98601e-10 9.49964e-10 9936 -2315.75 9936 0
21.3 -3.3854e-09 -2.91307e-09 856.08 -2174.02 856.08 0
21.32 4.21534e-09 -3.87918e-09 -8536.62 -1811.08 -8536.62 0
21.34 -8.25359e-09 1.06089e-09 -17811.2 -1250.9 -17811.2 0
21.36 -5.6747e-09 2.80363e-09 -26546.3 -543.908 -26546.3 0
21.38 -4.13725e-09 8.7677e-10 -34388.4 250.259 -34388.4 0
21.4 -2.52716e-08 -1.68175e-09 -41066.4 1081.55 -41066.4 0
21.42 -9.77693e-09 1.72119e-09 -46375.7 1914.85 -46375.7 0
21.44 -2.7602e-08 9.80219e-11 -50162.9 2722.11 -50162.9 0
21.46 -2.06181e-08 -3.87981e-10 -52324.8 3473.98 -52324.8 0
21.48 -2.71281e-08 3.85342e-11 -52815.2 4142.21 -52815.2 0
21.5 2.59899e-08 1.67813e-10 -51640.5 4712.06 -51640.5 0
21.52 4.2923e-08 -8.90467e-10 -48829.1 5184.44 -48829.1 0
21.54 9.13643e-10 1.73604e-10 -44381.6 5551.93 -44381.6 0
21.56 4.318e-08 -1.47562e-10 -38259.8 5774.22 -38259.8 0
21.58 3.10803e-09 1.81547e-11 -30467.1 5789.8 -30467.1 0
21.6 8.44885e-10 9.22804e-11 -21170.2 5553.02 -21170.2 0
21.62 -8.34636e-09 -1.55358e-10 -10759.6 5056.46 -10759.6 0
21.64 -2.57334e-10 -1.59687e-10 193.079 4328.7 193.079 0
21.66 7.4079e-09 -2.31034e-10 11063.2 3421.89 11063.2 0
21.68 1.47503e-08 -7.30796e-10 21320.3 2394.36 21320.3 0
21.7 1.84525e-08 4.27786e-10 30614.2 1292.93 30614.2 0
21.72 -5.00511e-08 -1.71659e-11 38752.6 149.189 38752.6 0
21.74 -5.52809e-09 1.93673e-10 45608.5 -1008.18 45608.5 0
21.76 -3.12726e-08 7.36221e-11 51045.4 -2141.15 51045.4 0
21.78 -1.38171e-08 -3.04638e-10 54912.1 -3201.92 54912.1 0
21.8 4.74725e-08 -1.7177e-11 57087.5 -4142.35 57087.5 0
21.82 -4.63868e-08 -5.44447e-11 57522.9 -4927.37 57522.9 0
21.84 7.98499e-08 -2.14653e-10 56246.9 -5547.91 56246.9 0
21.86 1.41313e-08 4.30733e-10 53327.3 -6018.25 53327.3 0
21.88 7.87341e-09 -3.68546e-10 48819.4 -6343.96 48819.4 0
21.9 -7.23246e-08 -2.3145e-10 42752.4 -6490.73 42752.4 0
21.92 -1.73239e-08 -2.62199e-10 35195.8 -6396.92 35195.8 0
21.94 -6.95972e-09 -6.99508e-11 26346.3 -6015.04 26346.3 0
21.96 2.29515e-08 3.88189e-10 16548.2 -5334.62 16548.2 0
21.98 9.46632e-09 1.46551e-10 6236.92 -4378.59 6236.92 0
22 2.52837e-09 -1.7618e-10 -4156.19 -3194.88 -4156.19 0
22.02 -1.01064e-08 -3.46356e-10 -14285 -1846.35 -14285 0
22.04 1.95725e-08 2.34851e-10 -23900.9 -396.648 -23900.9 0
22.06 3.25367e-08 1.23426e-10 -32783.8 1096.52 -32783.8 0
22.08 -6.7972e-08 2.40099e-10 -40654.4 2573.73 -40654.4 0
22.1 -2.93482e-08 -2.40419e-10 -47158 3967.16 -47158 0
22.12 -1.29672e-07 8.29485e-10 -51940.7 5208.88 -51940.7 0
22.14 9.86804e-08 2.11735e-10 -54760.7 6248.08 -54760.7 0
22.16 2.45033e-08 2.45548e-10 -55560.1 7063.3 -55560.1 0
22.18 -6.25648e-08 -7.34711e-10 -54452.8 7662.26 -54452.8 0
22.2 -5.57076e-08 1.83599e-10 -51622.4 8063.47 -51622.4 0
22.22 4.26631e-08 1.95824e-11 -47192.1 8257.09 -47192.1 0
22.24 3.40725e-08 2.93685e-10 -41160 8177.59 -41160 0
22.26 -2.94376e-08 -7.27451e-11 -33481.5 7734.68 -33481.5 0
22.28 -7.42604e-09 -1.15474e-10 -24226.6 6884.61 -24226.6 0
22.3 -1.25802e-09 6.0947e-11 -13661.3 5668.73 -13661.3 0
22.32 -3.49788e-10 -2.87609e-10 -2226.4 4192.16 -2226.4 0
22.34 6.74863e-09 -5.67463e-11 9528.65 2581.83 9528.65 0
22.36 2.92124e-09 -1.02673e-09 21011.6 953.295 21011.6 0
22.38 -1.287e-08 2.96826e-10 31658.7 -611.46 31658.7 0
22.4 -1.95992e-10 7.40112e-10 41003.8 -2069.05 41003.8 0
22.42 4.6034e-08 -1.86021e-10 48725.2 -3397.33 48725.2 0
22.44 7.90644e-08 -5.3625e-10 54663.5 -4573.8 54663.5 0
22.46 5.75504e-08 3.09985e-10 58803.6 -5571.06 58803.6 0
22.48 1.03941e-08 -3.50448e-11 61220.3 -6364.8 61220.3 0
22.5 -2.40355e-08 3.74422e-10 62007.9 -6937.91 62007.9 0
22.52 -1.73088e-08 8.61295e-11 61223 -7278.21 61223 0
22.54 -2.42163e-08 8.26244e-10 58844.9 -7373.31 58844.9 0
22.56 2.41455e-08 -5.32369e-11 54761 -7200.27 54761 0
22.58 1.31557e-08 -1.16924e-09 48816.6 -6726.66 48816.6 0
22.6 -3.3448e-08 1.07351e-09 40963.2 -5937.96 40963.2 0
22.62 4.4718e-08 -7.06074e-11 31403.2 -4864.72 31403.2 0
22.64 4.32524e-09 8.81645e-10 20604.9 -3577.29 20604.9 0
22.66 2.13475e-09 -1.43954e-10 9212.17 -2163.36 9212.17 0
22.68 -6.26772e-10 -9.89959e-10 -2084.81 -716.623 -2084.81 0
22.7 5.84928e-09 1.55817e-10 -12690.6 672.438 -12690.6 0
22.72 1.4652e-08 -1.40888e-10 -22226.1 1936.07 -22226.1 0
22.74 3.04413e-08 -1.31817e-10 -30553.4 3043.74 -30553.4 0
22.76 1.8318e-08 -2.78666e-11 -37680.9 3995.99 -37680.9 0
22.78 -1.3785e-07 9.75172e-11 -43626.9 4806.26 -43626.9 0
22.8 6.56851e-09 -8.47569e-14 -48325 5484.96 -48325 0
22.82 8.25094e-09 7.9596e-12 -51595.4 6030.24 -51595.4 0
22.84 -5.4687e-08 1.13461e-12 -53174.8 6427.15 -53174.8 0
22.86 4.84136e-09 4.16914e-11 -52791.2 6653.02 -52791.2 0
22.88 6.37092e-08 -6.12725e-11 -50252 6678.03 -50252 0
22.9 -7.11774e-08 -3.51006e-10 -45517.2 6462.62 -45517.2 0
22.92 -2.05945e-08 -3.49889e-11 -38744.5 5975.87 -38744.5 0
22.94 -1.79906e-08 1.95099e-11 -30308.2 5228.98 -30308.2 0
22.96 2.32993e-08 -3.45058e-11 -20747.1 4282.07 -20747.1 0
22.98 -2.35102e-10 -2.4458e-10 -10639.7 3215.01 -10639.7 0
23 1.66367e-09 2.7206e-10 -491.949 2099.19 -491.949 0
23.02 7.00659e-09 -9.47143e-10 9317.21 991.607 9317.21 0
23.04 1.68961e-09 -3.88133e-10 18540.2 -65.0317 18540.2 0
23.06 1.00606e-08 4.68028e-10 27031.7 -1043.73 27031.7 0
23.08 1.88276e-08 1.81962e-09 34676.6 -1927.1 34676.6 0
23.1 2.99294e-08 5.49032e-10 41301.8 -2697.08 41301.8 0
23.12 -8.42318e-08 -1.03446e-09 46638.3 -3333.89 46638.3 0
23.14 -6.76185e-08 -3.81296e-10 50367.3 -3821.18 50367.3 0
23.16 2.86217e-09 1.88804e-09 52215.6 -4146.13 52215.6 0
23.18 1.19073e-08 8.09781e-10 52039.2 -4297.51 52039.2 0
23.2 2.01781e-08 -3.36166e-09 49857.8 -4269.13 49857.8 0
23.22 1.09215e-08 2.31669e-09 45835.7 -4060.48 45835.7 0
23.24 1.05013e-08 -2.5794e-09 40224.5 -3673.91 40224.5 0
23.26 -2.31264e-08 2.19942e-10 33315.7 -3122.82 33315.7 0
23.28 -1.15224e-08 8.63531e-10 25421.8 -2444.55 25421.8 0
23.3 -1.52004e-09 -1.17141e-09 16853.7 -1692.07 16853.7 0
23.32 1.56153e-08 9.69531e-10 7892.86 -909.341 7892.86 0
23.34 -1.26098e-09 7.04192e-10 -1219.22 -121.331 -1219.22 0
23.36 4.25363e-09 3.40488e-10 -10263.5 655.547 -10263.5 0
23.38 7.52605e-09 -1.69675e-10 -19015.5 1402.24 -19015.5 0
23.4 -5.89853e-08 2.17996e-10 -27218.4 2094.35 -27218.4 0
23.42 -9.84823e-09 -4.69195e-11 -34564.7 2702.04 -34564.7 0
23.44 -1.09098e-08 6.78264e-11 -40705.4 3194.88 -40705.4 0
23.46 5.30068e-08 3.28026e-10 -45303.6 3556 -45303.6 0
23.48 3.89284e-08 1.96231e-10 -48106.4 3794.65 -48106.4 0
23.5 5.60932e-08 -9.17481e-11 -48996.7 3941.62 -48996.7 0
23.52 4.41207e-08 -3.52534e-11 -48003 4029.28 -48003 0
23.54 -3.03007e-08 -1.21837e-09 -45274.7 4069.93 -45274.7 0
23.56 5.7763e-08 -7.15393e-10 -41030.3 4041.77 -41030.3 0
23.58 -2.69895e-08 1.72652e-10 -35491.4 3893.14 -35491.4 0
23.6 -3.41119e-08 -2.65951e-10 -28848.6 3572.97 -28848.6 0
23.62 -2.50302e-08 -1.50873e-10 -21274.2 3069.91 -21274.2 0
23.64 1.12516e-08 -8.96077e-12 -12945.6 2422.96 -12945.6 0
23.66 1.73408e-09 3.25601e-10 -4068.63 1697.56 -4068.63 0
23.68 3.30705e-09 -1.41139e-10 5090.98 960.996 5090.98 0
23.7 2.25983e-09 6.29569e-11 14184 271.014 14184 0
23.72 2.29956e-08 -2.64446e-10 22795.1 -332.423 22795.1 0
23.74 -2.56075e-08 2.58078e-10 30497.9 -833.331 30497.9 0
23.76 2.00149e-08 1.22866e-09 36914.3 -1237.59 36914.3 0
23.78 1.88598e-08 -7.77945e-10 41762.6 -1565.18 41762.6 0
23.8 -8.52163e-08 1.5385e-10 44892.8 -1843.86 44892.8 0
23.82 1.71377e-08 -9.10286e-10 46292.7 -2101.68 46292.7 0
23.84 -3.78866e-09 -4.23215e-10 46056.1 -2355.14 46056.1 0
23.86 5.35079e-08 -1.23707e-09 44326.8 -2598.44 44326.8 0
23.88 2.52193e-08 -4.43177e-10 41251 -2799 41251 0
23.9 2.34385e-08 -3.25944e-10 36947.2 -2900.62 36947.2 0
23.92 -3.69695e-08 2.62553e-09 31498.5 -2841.85 31498.5 0
23.94 2.1733e-08 3.97492e-10 24983.5 -2589.85 24983.5 0
23.96 8.28671e-09 3.74403e-09 17524.6 -2164.37 17524.6 0
23.98 7.71939e-09 -2.17071e-09 9322.4 -1629.69 9322.4 0
24 -1.93334e-09 -1.18418e-09 672.736 -1061.6 672.736 0
24.02 1.37182e-09 5.58948e-10 -8035.44 -512.784 -8035.44 0
24.04 -5.39847e-09 1.0141e-09 -16358 2.39318 -16358 0
24.06 1.89651e-08 -4.79817e-10 -23877.7 499.641 -23877.7 0
24.08 1.1557e-08 -3.2727e-10 -30294.1 1000.98 -30294.1 0
24.1 -1.64074e-09 3.75442e-10 -35469.8 1512.6 -35469.8 0
24.12 -4.20142e-08 1.08268e-10 -39407 2022.39 -39407 0
24.14 -1.88606e-08 7.90272e-11 -42169.7 2514.07 -42169.7 0
24.16 -1.21799e-08 1.90172e-10 -43791.7 2979.3 -43791.7 0
24.18 1.27074e-08 -5.81604e-10 -44223.6 3417.97 -44223.6 0
24.2 1.62417e-08 -2.32826e-10 -43357.9 3831.35 -43357.9 0
24.22 4.04747e-08 3.09718e-10 -41107 4211.47 -41107 0
24.24 -2.55593e-08 -4.63888e-10 -37468.5 4528.4 -37468.5 0
24.26 -2.76092e-08 -1.00845e-09 -32536.8 4729.6 -32536.8 0
24.28 -2.44391e-08 -1.42915e-09 -26484.1 4760.89 -26484.1 0
24.3 -1.73321e-08 -3.57986e-11 -19538.5 4592.5 -19538.5 0
24.32 5.36851e-09 -1.43583e-10 -11975.3 4230.44 -11975.3 0
24.34 1.57247e-09 2.90924e-10 -4116.17 3712.49 -4116.17 0
24.36 1.37925e-11 -6.91375e-12 3689.96 3095.13 3689.96 0
24.38 -1.64087e-09 -5.34385e-10 11115.5 2435.85 11115.5 0
24.4 -3.64324e-09 1.24219e-10 17911.9 1772.24 17911.9 0
24.42 -5.58093e-08 -3.62935e-10 23936.5 1109.88 23936.5 0
24.44 -3.78096e-08 8.09937e-10 29127.4 430.595 29127.4 0
24.46 -3.12618e-09 2.41582e-10 33442.2 -286.141 33442.2 0
24.48 1.7337e-08 -8.59684e-10 36793.2 -1043.09 36793.2 0
24.5 -1.74012e-08 3.7253e-10 39024 -1816.28 39024 0
24.52 1.9437e-08 -1.27329e-09 39957.1 -2559.96 39957.1 0
24.54 -1.13549e-08 1.34797e-09 39482.4 -3223.76 39482.4 0
24.56 1.012e-08 3.42003e-09 37616.2 -3771.44 37616.2 0
24.58 -2.14461e-08 2.01962e-09 34488.2 -4186.8 34488.2 0
24.6 2.47002e-09 -7.40846e-10 30286.1 -4464.04 30286.1 0
24.62 3.14833e-08 -1.31588e-09 25212.4 -4595.7 25212.4 0
24.64 2.38612e-09 1.23181e-10 19471.3 -4568.41 19471.3 0
24.66 -1.91514e-08 -2.54453e-10 13262.4 -4364.5 13262.4 0
24.68 -3.22586e-09 6.77265e-10 6774.37 -3967.18 6774.37 0
24.7 4.44415e-10 -7.49576e-10 182.078 -3375.04 182.078 0
24.72 8.53951e-09 -8.38919e-10 -6349.66 -2614.82 -6349.66 0
24.74 1.30059e-09 -1.51614e-10 -12657.3 -1736.36 -12657.3 0
24.76 -5.52028e-09 2.35282e-10 -18564.6 -795.898 -18564.6 0
24.78 5.64008e-08 2.436e-10 -23874.7 157.716 -23874.7 0
24.8 -2.8211e-09 3.98336e-10 -28379.2 1088.24 -28379.2 0
24.82 6.02449e-09 5.54136e-10 -31885.5 1973.94 -31885.5 0
24.84 2.2466e-08 -9.62233e-10 -34249.3 2807.75 -34249.3 0
24.86 -3.76175e-08 1.41794e-09 -35403.5 3591.73 -35403.5 0
24.88 -3.24446e-08 -2.12978e-09 -35369.8 4325.36 -35369.8 0
24.9 3.0147e-09 -6.16474e-10 -34242.1 4995.03 -34242.1 0
24.92 2.12554e-08 5.40852e-10 -32143.3 5569.22 -32143.3 0
24.94 -2.6265e-09 -6.52781e-10 -29180.5 5997.68 -29180.5 0
24.96 -1.08488e-09 -1.26836e-09 -25423.6 6216.16 -25423.6 0
24.98 -1.0929e-08 -8.42597e-10 -20924 6166.32 -20924 0
25 -1.2807e-08 4.21129e-10 -15754.4 5822.81 -15754.4 0
25.02 -7.5679e-09 -5.02405e-10 -10038.7 5205.45 -10038.7 0
25.04 -1.97841e-09 -5.04379e-10 -3966.87 4376.04 -3966.87 0
25.06 1.47104e-09 4.6032e-10 2211.39 3424.29 2211.39 0
25.08 -2.20705e-09 7.68421e-11 8214.59 2443.55 8214.59 0
25.1 4.48005e-09 7.10188e-10 13773.1 1503.33 13773.1 0
25.12 1.34408e-08 -4.79983e-10 18666.3 632.541 18666.3 0
25.14 -1.00981e-08 -7.96533e-10 22738.3 -174.188 22738.3 0
25.16 4.34178e-08 1.40096e-09 25894.2 -933.55 25894.2 0
25.18 -2.81482e-08 1.27867e-09 28091.9 -1652.44 28091.9 0
25.2 2.86317e-08 2.16701e-09 29332.7 -2320.5 29332.7 0
25.22 3.81089e-09 -1.35047e-09 29645.9 -2914.21 29645.9 0
25.24 -1.79932e-08 8.23188e-10 29066.6 -3404.59 29066.6 0
25.26 -1.97015e-08 -2.00826e-09 27617.4 -3762.58 27617.4 0
25.28 1.89582e-08 -2.50098e-09 25307 -3959.75 25307 0
25.3 2.34399e-08 1.0775e-10 22153.9 -3969.68 22153.9 0
25.32 -5.18479e-09 -7.26734e-10 18229.2 -3776.68 18229.2 0
25.34 2.35514e-08 -1.5958e-09 13687.1 -3393.28 13687.1 0
25.36 -2.41785e-09 -2.44388e-10 8751.74 -2859.52 8751.74 0
25.38 -1.10992e-09 2.55145e-10 3671.07 -2225.43 3671.07 0
25.4 -5.05599e-10 1.2408e-10 -1321.89 -1540.86 -1321.89 0
25.42 9.67437e-09 9.21554e-10 -6024.97 -853.622 -6024.97 0
25.44 1.05055e-08 -1.18141e-09 -10270 -208.617 -10270 0
25.46 7.27703e-09 -3.64603e-10 -13925.8 361.284 -13925.8 0
25.48 4.80244e-09 7.12955e-11 -16901.3 846.831 -16901.3 0
25.5 1.62151e-08 1.44943e-10 -19144.1 1266.94 -19144.1 0
25.52 -2.53768e-08 7.478e-10 -20634.9 1658.79 -20634.9 0
25.54 9.56123e-09 -1.28767e-09 -21379.6 2058.75 -21379.6 0
25.56 9.85881e-09 1.06961e-09 -21399.2 2486 -21399.2 0
25.58 -2.85573e-08 1.15061e-09 -20716.9 2934.74 -20716.9 0
25.6 -2.87504e-08 -7.83384e-10 -19349.2 3373.67 -19349.2 0
25.62 1.71651e-08 1.86349e-10 -17315 3751.62 -17315 0
25.64 8.65614e-10 6.30984e-10 -14662.4 4010.43 -14662.4 0
25.66 1.89093e-08 6.5024e-10 -11493.6 4101.52 -11493.6 0
25.68 -3.54508e-09 -1.27126e-09 -7963.07 4001.84 -7963.07 0
25.7 -5.15849e-09 1.02386e-10 -4245.26 3724.69 -4245.26 0
25.72 6.7847e-10 1.80604e-10 -493.099 3311.69 -493.099 0
25.74 3.76288e-09 1.43365e-10 3186.01 2816.3 3186.01 0
25.76 -6.18751e-09 4.25078e-10 6724 2292.3 6724 0
25.78 -2.11967e-09 2.26632e-11 10064.5 1788.52 10064.5 0
25.8 9.68838e-09 4.52972e-11 13135 1343.62 13135 0
25.82 1.11357e-08 1.53166e-10 15839.7 970.726 15839.7 0
25.84 -1.89617e-08 2.30552e-10 18075.8 645.964 18075.8 0
25.86 1.3501e-08 4.16946e-11 19760.6 317.955 19760.6 0
25.88 -1.9729e-09 -4.20106e-10 20853.3 -66.6746 20853.3 0
25.9 -1.45236e-08 -1.79166e-09 21360.4 -542.496 21360.4 0
25.92 1.09472e-08 3.36052e-09 21316.3 -1115.58 21316.3 0
25.94 1.49126e-08 -1.24367e-09 20749.5 -1757.26 20749.5 0
25.96 7.15825e-10 2.30358e-09 19657.7 -2401.17 19657.7 0
25.98 1.07956e-08 9.82139e-10 18008.9 -2953.26 18008.9 0
26 -8.59982e-09 2.03533e-10 15768.3 -3316.94 15768.3 0
26.02 -1.27987e-08 -3.82666e-10 12938.2 -3422.12 12938.2 0
26.04 -1.22055e-09 1.84447e-09 9589.51 -3251.66 9589.51 0
26.06 2.59375e-09 -5.00699e-10 5862.13 -2853.42 5862.13 0
26.08 2.03611e-09 4.55879e-10 1933.83 -2320.69 1933.83 0
26.1 6.30362e-10 3.61313e-10 -2015.42 -1752.79 -2015.42 0
26.12 -3.20723e-09 1.36961e-09 -5817.06 -1220.11 -5817.06 0
26.14 -3.03114e-09 -7.21352e-11 -9313.09 -752.387 -9313.09 0
26.16 -1.43341e-08 -2.39927e-10 -12366.6 -345.328 -12366.6 0
26.18 4.59196e-09 8.98978e-11 -14888.2 33.0682 -14888.2 0
26.2 4.90075e-09 1.64052e-10 -16852.8 434.66 -16852.8 0
26.22 5.18138e-09 9.91721e-11 -18288 913.752 -18288 0
26.24 -5.45673e-09 1.1926e-10 -19241.1 1506.09 -19241.1 0
26.26 -3.66437e-08 7.96876e-10 -19742.8 2216.46 -19742.8 0
26.28 1.3351e-08 6.99801e-10 -19787 3013.99 -19787 0
26.3 -9.06693e-09 8.06181e-10 -19339 3830.62 -19339 0
26.32 6.92551e-09 -7.86129e-10 -18375 4569.75 -18375 0
26.34 7.85221e-09 -8.67212e-10 -16919.9 5130.86 -16919.9 0
26.36 2.24048e-08 3.2193e-10 -15052.4 5439.77 -15052.4 0
26.38 3.4525e-08 -1.1172e-09 -12873.5 5467.96 -12873.5 0
26.4 -1.16669e-08 7.4358e-10 -10465.9 5237.36 -10465.9 0
26.42 -1.00436e-09 6.64371e-10 -7872.48 4803.27 -7872.48 0
26.44 2.67019e-09 5.30601e-10 -5105.17 4230.66 -5105.17 0
26.46 -1.91626e-09 -6.19883e-10 -2175.35 3579.87 -2175.35 0
26.48 2.36582e-10 -4.60424e-11 879.053 2901.53 879.053 0
26.5 1.96228e-09 -1.12911e-10 3984.43 2233.85 3984.43 0
26.52 -4.78354e-09 -1.00237e-10 7038.19 1591.01 7038.19 0
26.54 -5.23592e-09 1.88074e-10 9918.79 954.513 9918.79 0
26.56 8.22682e-09 9.89481e-12 12494.4 283.219 12494.4 0
26.58 -1.59981e-08 2.99064e-09 14636.3 -459.45 14636.3 0
26.6 1.49759e-08 -3.49455e-10 16241.3 -1281.93 16241.3 0
26.62 1.15192e-08 9.2257e-11 17256.4 -2157.17 17256.4 0
26.64 -1.0182e-08 -2.76074e-09 17690.5 -3027.15 17690.5 0
26.66 -7.38305e-09 -7.86069e-10 17602.2 -3811.8 17602.2 0
26.68 8.33395e-09 -5.53522e-10 17061.9 -4422.37 17061.9 0
26.7 1.84781e-08 9.82989e-12 16109.2 -4778.92 16109.2 0
26.72 -2.52247e-08 -2.16101e-09 14733.7 -4828.43 14733.7 0
26.74 -3.96711e-09 1.00465e-09 12899.5 -4564.43 12899.5 0
26.76 1.51779e-08 -2.59444e-09 10592.9 -4032.17 10592.9 0
26.78 -5.31022e-09 -8.49449e-10 7859.65 -3315.53 7859.65 0
26.8 -4.48382e-10 -7.29622e-10 4813.17 -2514.2 4813.17 0
26.82 1.38308e-09 7.53903e-10 1619.58 -1719.41 1619.58 0
26.84 -3.47319e-09 4.39432e-10 -1529.03 -996.459 -1529.03 0
26.86 3.53731e-09 -5.45128e-10 -4451.07 -369.373 -4451.07 0
26.88 -9.38363e-09 2.58546e-10 -7012.79 184.849 -7012.79 0
26.9 2.20661e-09 1.01836e-10 -9150.19 722.157 -9150.19 0
26.92 3.70804e-09 2.41392e-10 -10866.2 1301.83 -10866.2 0
26.94 -9.65179e-09 3.86132e-10 -12206.5 1960.7 -12206.5 0
26.96 -4.25785e-09 5.94311e-10 -13223.5 2700.91 -13223.5 0
26.98 -1.98867e-09 -1.92549e-09 -13940.3 3486.06 -13940.3 0
27 -6.08764e-09 1.58823e-10 -14334.8 4243.15 -14334.8 0
27.02 -2.02787e-08 -9.22155e-11 -14346.3 4875.59 -14346.3 0
27.04 -2.54589e-08 -2.82345e-10 -13899.5 5287.28 -13899.5 0
27.06 -8.84074e-09 3.58242e-10 -12931.2 5406.37 -12931.2 0
27.08 8.07258e-09 -1.14195e-10 -11417.7 5207.79 -11417.7 0
27.1 -8.39532e-09 -6.14156e-10 -9396.2 4720.77 -9396.2 0
27.12 7.46889e-09 -1.20802e-09 -6966.87 4018.67 -6966.87 0
27.14 -1.701e-10 3.86474e-10 -4272.79 3196.86 -4272.79 0
27.16 -4.77353e-10 -1.14813e-10 -1465.7 2347.7 -1465.7 0
27.18 -6.08224e-10 -1.82529e-10 1327.14 1547.28 1327.14 0
27.2 2.86072e-09 2.97982e-11 4024.66 841.136 4024.66 0
27.22 1.48581e-09 -3.66219e-10 6590.7 228.248 6590.7 0
27.24 -1.53653e-08 -8.58447e-10 9004.44 -337.824 9004.44 0
27.26 -9.89357e-09 1.28231e-09 11222.6 -918.551 11222.6 0
27.28 4.52634e-10 2.55951e-10 13167.4 -1552.62 13167.4 0
27.3 -2.01237e-08 -1.06877e-09 14745.9 -2237.69 14745.9 0
27.32 -7.14156