0.02 0 -1.08125e-16 0.0921964 -0.000848238 0.0921964 0
0.04 0 1.72754e-15 0.67208 -0.00768078 0.67208 0
0.06 0 5.11042e-14 1.59443 -0.0450952 1.59443 0
0.08 0 -2.01454e-13 -1.38488 -0.19612 -1.38488 0
0.1 0 3.03776e-13 -19.8118 -0.640052 -19.8118 0
0.12 0 -1.98419e-13 -67.6102 -1.56424 -67.6102 0
0.14 0 1.02895e-13 -148.097 -2.78045 -148.097 0
0.16 0 -2.52403e-12 -246.806 -3.20783 -246.806 0
0.18 0 9.65306e-13 -340.747 -0.895409 -340.747 0
0.2 0 1.15286e-11 -414.902 5.9895 -414.902 0
0.22 0 7.46239e-12 -468.435 17.8063 -468.435 0
0.24 0 3.25149e-12 -507.708 32.8639 -507.708 0
0.26 0 -8.78186e-12 -538.548 48.2678 -538.548 0
0.28 0 -4.69601e-11 -566.952 61.6855 -566.952 0
0.3 0 3.57242e-12 -603.725 72.3736 -603.725 0
0.32 0 3.23274e-13 -663.024 80.3364 -663.024 0
0.34 0 1.98407e-11 -751.978 85.0625 -751.978 0
0.36 0 2.65431e-12 -859.139 86.1611 -859.139 0
0.38 0 -3.57398e-11 -952.91 85.1279 -952.91 0
0.4 0 7.5829e-11 -994.502 85.3071 -994.502 0
0.42 0 -8.06833e-11 -958.844 89.9022 -958.844 0
0.44 0 -3.38311e-11 -850.156 100.604 -850.156 0
0.46 0 1.04773e-10 -702.153 117.275 -702.153 0
0.48 0 4.36004e-11 -561.863 136.996 -561.863 0
0.5 0 -6.89502e-11 -463.218 153.414 -463.218 0
0.52 0 4.81699e-11 -403.497 159.628 -403.497 0
0.54 0 -4.97135e-11 -343.195 153.935 -343.195 0
0.56 0 -2.94757e-11 -240.963 142.735 -240.963 0
0.58 0 -3.69546e-11 -100.684 136.438 -100.684 0
0.6 0 3.74082e-11 16.9115 140.728 16.9115 0
0.62 0 4.971e-11 38.2866 150.244 38.2866 0
0.64 0 -3.74755e-11 -61.3618 151.096 -61.3618 0
0.66 0 -1.11559e-11 -239.234 131.771 -239.234 0
0.68 0 3.90656e-11 -428.295 92.6625 -428.295 0
0.7 0 -1.35551e-11 -602.712 44.046 -602.712 0
0.72 0 6.83409e-12 -804.14 -4.67524 -804.14 0
0.74 0 2.43871e-12 -1101.88 -51.5727 -1101.88 0
0.76 0 -2.63493e-11 -1519.09 -99.3256 -1519.09 0
0.78 0 1.35735e-11 -1991.48 -150.095 -1991.48 0
0.8 0 -1.80065e-11 -2402.1 -204.06 -2402.1 0
0.82 0 3.18777e-12 -2670.7 -259.413 -2670.7 0
0.84 0 1.33567e-11 -2823.14 -312.434 -2823.14 0
0.86 0 6.86023e-11 -2973.36 -360.312 -2973.36 0
0.88 0 -1.70521e-11 -3219.93 -404.663 -3219.93 0
0.9 0 8.24344e-11 -3540.97 -448.968 -3540.97 0
0.92 0 -1.75178e-10 -3791.12 -490.933 -3791.12 0
0.94 0 1.39303e-11 -3821.49 -520.209 -3821.49 0
0.96 0 2.72835e-11 -3620.28 -526.265 -3620.28 0
0.98 0 4.57202e-11 -3337.6 -508.043 -3337.6 0
1 0 -7.91024e-11 -3166.46 -475.149 -3166.46 0
1.02 0 6.46529e-11 -3182.52 -440.339 -3182.52 0
1.04 0 -3.71901e-11 -3230.61 -411.403 -3230.61 0
1.06 0 3.67998e-11 -2899.33 -389.221 -2899.33 0
1.08 0 -3.09254e-11 -1737.76 -369.468 -1737.76 0
1.1 0 -1.15773e-11 237.436 -341.722 237.436 0
1.12 0 2.60166e-11 2255.44 -290.153 2255.44 0
1.14 0 -9.63491e-12 3306.96 -203.362 3306.96 0
1.16 0 1.11981e-11 3089.57 -87.2668 3089.57 0
1.18 0 1.45571e-11 2325.43 31.7759 2325.43 0
1.2 0 -2.06038e-11 2053.34 121.202 2053.34 0
1.22 0 -8.76473e-14 2634.31 169.746 2634.31 0
1.24 0 7.53355e-12 3496.62 201.366 3496.62 0
1.26 0 -4.66738e-12 3850.64 252.552 3850.64 0
1.28 0 -5.97265e-12 3540.95 337.756 3540.95 0
1.3 0 7.12853e-12 3055.8 441.855 3055.8 0
1.32 0 -1.78207e-12 2767.45 534.032 2767.45 0
1.34 0 -1.30843e-12 2415.48 579.946 2415.48 0
1.36 0 2.18108e-12 1428.07 554.244 1428.07 0
1.38 0 2.46306e-12 -392.448 455.456 -392.448 0
1.4 0 1.73632e-11 -2531 306.627 -2531 0
1.42 0 -1.24008e-11 -3951.41 136.7 -3951.41 0
1.44 0 2.35719e-11 -3752.21 -35.8772 -3752.21 0
1.46 0 -1.35185e-11 -2058.28 -198.735 -2058.28 0
1.48 0 -2.07641e-11 -293.452 -333.942 -293.452 0
1.5 0 -1.12212e-10 -85.1593 -425.587 -85.1593 0
1.52 0 1.68347e-10 -1683.67 -482.514 -1683.67 0
1.54 0 -6.041e-11 -3755.87 -545.757 -3755.87 0
1.56 0 2.49205e-11 -4843.04 -663.762 -4843.04 0
1.58 0 -2.01434e-11 -4715.34 -848.423 -4715.34 0
1.6 0 -1.4241e-11 -4191.17 -1047.42 -4191.17 0
1.62 0 9.2955e-11 -3955.96 -1166.85 -3955.96 0
1.64 0 -2.18327e-11 -3821.95 -1135.48 -3821.95 0
1.66 0 -3.50777e-11 -3080.15 -956.48 -3080.15 0
1.68 0 -9.42231e-11 -1432.31 -704.376 -1432.31 0
1.7 0 1.05463e-10 489.054 -475.181 489.054 0
1.72 0 -1.93224e-11 1584.07 -328.042 1584.07 0
1.74 0 -1.63579e-11 1318.59 -254.419 1318.59 0
1.76 0 6.44683e-12 272.05 -192.584 272.05 0
1.78 0 3.12742e-11 -372.424 -77.1396 -372.424 0
1.8 0 -3.16074e-11 150.279 113.108 150.279 0
1.82 0 -2.41246e-11 1647.43 347.706 1647.43 0
1.84 0 4.91647e-11 3276.45 581.662 3276.45 0
1.86 0 -4.90427e-11 4262.51 795.178 4262.51 0
1.88 0 -1.06931e-10 4412.1 992.122 4412.1 0
1.9 0 7.36573e-12 4119.83 1166.3 4119.83 0
1.92 0 -1.20935e-10 3947.78 1283.67 3947.78 0
1.94 0 1.81613e-10 4152.27 1304.06 4152.27 0
1.96 0 -6.0188e-11 4567.14 1219.78 4567.14 0
1.98 0 5.66708e-12 4892.57 1074.91 4892.57 0
2 0 -2.69253e-11 5028.8 944.41 5028.8 0
2.02 0 1.96508e-10 5114.69 880.538 5114.69 0
2.04 0 8.21458e-11 5298.73 866.28 5298.73 0
2.06 0 -1.3926e-10 5514.7 821.345 5514.7 0
2.08 0 2.45982e-13 5471.82 663.096 5471.82 0
2.1 0 -2.68387e-12 4863.56 372.173 4863.56 0
2.12 0 8.76636e-12 3617.79 8.7129 3617.79 0
2.14 0 6.55446e-11 1955.87 -329.868 1955.87 0
2.16 0 -7.34394e-11 192.787 -573.395 192.787 0
2.18 0 -5.00436e-11 -1512.43 -717.634 -1512.43 0
2.2 0 -1.24267e-10 -3182.88 -810.498 -3182.88 0
2.22 0 -1.36816e-10 -4823.3 -901.433 -4823.3 0
2.24 0 4.32782e-11 -6263.08 -1001.95 -6263.08 0
2.26 0 -3.00304e-12 -7252.1 -1089.83 -7252.1 0
2.28 0 5.18255e-11 -7716.53 -1141.01 -7716.53 0
2.3 0 2.91643e-10 -7883.58 -1152.52 -7883.58 0
2.32 0 3.60428e-11 -8100.37 -1141.82 -8100.37 0
2.34 0 4.64766e-12 -8506.13 -1129.28 -8506.13 0
2.36 0 -3.73254e-11 -8900.53 -1117.33 -8900.53 0
2.38 0 -2.03061e-12 -8924.67 -1085.38 -8924.67 0
2.4 0 -1.41189e-10 -8325.98 -1010.1 -8325.98 0
2.42 0 1.08032e-10 -7077.12 -890.77 -7077.12 0
2.44 0 -1.62551e-12 -5352.77 -751.069 -5352.77 0
2.46 0 4.66292e-12 -3435.65 -615.994 -3435.65 0
2.48 0 -1.38558e-10 -1565.44 -488.827 -1565.44 0
2.5 0 2.92208e-11 188.75 -349.959 188.75 0
2.52 0 2.99871e-11 1892.74 -177.024 1892.74 0
2.54 0 1.774e-11 3564.79 33.1651 3564.79 0
2.56 0 -1.82961e-12 5055.18 258.885 5055.18 0
2.58 0 5.40937e-11 6154.61 466.093 6154.61 0
2.6 0 7.18408e-11 6842.52 630.404 6842.52 0
2.62 0 -7.03038e-11 7375.39 753.95 7375.39 0
2.64 0 4.58119e-11 8033.37 860.592 8033.37 0
2.66 0 -1.53521e-11 8765.81 969.64 8765.81 0
2.68 0 -5.70375e-11 9183.36 1073.13 9183.36 0
2.7 0 -3.79466e-11 8946.39 1138.59 8946.39 0
2.72 0 -9.57921e-11 8078.41 1133.14 8078.41 0
2.74 0 1.09873e-10 6839.82 1050.14 6839.82 0
2.76 0 -1.06713e-11 5377.99 918.04 5377.99 0
2.78 0 9.69972e-12 3606.12 777.486 3606.12 0
2.8 0 -9.76263e-12 1417.99 642.106 1417.99 0
2.82 0 4.28465e-11 -1056.93 487.625 -1056.93 0
2.84 0 -1.62677e-11 -3483.2 285.863 -3483.2 0
2.86 0 1.21045e-11 -5645.21 39.0648 -5645.21 0
2.88 0 1.83761e-11 -7717.37 -229.485 -7717.37 0
2.9 0 4.66118e-12 -10107.3 -507.008 -10107.3 0
2.92 0 -4.20194e-11 -12952.7 -796.875 -12952.7 0
2.94 0 2.79051e-11 -15790.1 -1096.67 -15790.1 0
2.96 0 -1.97796e-11 -17772.9 -1382.38 -17772.9 0
2.98 0 -1.20954e-11 -18273.2 -1613.65 -18273.2 0
3 0 2.87754e-11 -17369.9 -1752.19 -17369.9 0
3.02 0 -3.63051e-12 -15825.1 -1784.89 -15825.1 0
3.04 0 -1.35948e-11 -14512.8 -1736.09 -14512.8 0
3.06 0 -2.13634e-11 -13713.7 -1650.46 -13713.7 0
3.08 0 -3.9264e-11 -12905.2 -1555.98 -12905.2 0
3.1 0 6.70229e-11 -11295.8 -1444.65 -11295.8 0
3.12 0 -9.36106e-11 -8610.41 -1288.46 -8610.41 0
3.14 0 2.38509e-10 -5355.55 -1066.15 -5355.55 0
3.16 0 -1.91045e-10 -2322.63 -769.944 -2322.63 0
3.18 0 1.37461e-11 158.602 -394.874 158.602 0
3.2 0 6.85857e-11 2498.16 61.8012 2498.16 0
3.22 0 1.46411e-10 5391.35 581.17 5391.35 0
3.24 0 -8.0876e-11 9052.15 1111.37 9052.15 0
3.26 0 2.94243e-10 12887.9 1592.04 12887.9 0
3.28 0 -4.31578e-10 15971.3 1993.49 15971.3 0
3.3 0 1.40723e-11 17834.7 2323.54 17834.7 0
3.32 0 1.50694e-10 18764.8 2597.22 18764.8 0
3.34 0 -1.28703e-12 19358.8 2811.22 19358.8 0
3.36 0 6.33443e-11 19896.4 2948.44 19896.4 0
3.38 0 -2.0868e-10 20139 2995.5 20139 0
3.4 0 8.04554e-11 19606.4 2950.12 19606.4 0
3.42 0 2.25121e-12 17967.2 2813.66 17967.2 0
3.44 0 -5.50765e-11 15249.2 2576.73 15249.2 0
3.46 0 -3.47248e-11 11803.2 2215.68 11803.2 0
3.48 0 -8.12783e-11 8086.05 1714.16 8086.05 0
3.5 0 -2.92514e-11 4406.76 1092.74 4406.76 0
3.52 0 1.5606e-10 810.945 410.585 810.945 0
3.54 0 -2.10658e-11 -2830.23 -266.803 -2830.23 0
3.56 0 2.43205e-10 -6631.52 -901.912 -6631.52 0
3.58 0 -3.30428e-10 -10548.1 -1495.1 -10548.1 0
3.6 0 3.10497e-11 -14323.7 -2068.76 -14323.7 0
3.62 0 -2.15782e-10 -17539.3 -2636.23 -17539.3 0
3.64 0 1.2603e-10 -19794.8 -3174.06 -19794.8 0
3.66 0 3.2993e-10 -20978.3 -3624.03 -20978.3 0
3.68 0 -3.3186e-10 -21401.8 -3931.59 -21401.8 0
3.7 0 -3.25792e-10 -21587 -4086.34 -21587 0
3.72 0 2.95193e-10 -21817.8 -4120.78 -21817.8 0
3.74 0 -8.20278e-11 -21890 -4067.84 -21890 0
3.76 0 -1.37354e-10 -21310.3 -3923.8 -21310.3 0
3.78 0 -2.99087e-10 -19701.9 -3652.48 -19701.9 0
3.8 0 1.73225e-10 -17019.6 -3219.65 -17019.6 0
3.82 0 1.66688e-11 -13486 -2622.83 -13486 0
3.84 0 1.90154e-10 -9427.75 -1897.66 -9427.75 0
3.86 0 1.64295e-10 -5129.73 -1101.28 -5129.73 0
3.88 0 7.50843e-11 -753.231 -283.635 -753.231 0
3.9 0 1.13726e-10 3609.24 531.502 3609.24 0
3.92 0 1.13886e-10 7789.74 1336.01 7789.74 0
3.94 0 -1.41976e-10 11529.3 2107.23 11529.3 0
3.96 0 6.17564e-11 14667.4 2793.64 14667.4 0
3.98 0 -2.0947e-10 17291.4 3335.2 17291.4 0
4 0 4.47977e-10 19606.6 3698.28 19606.6 0
4.02 0 -5.24523e-10 21639.6 3892.98 21639.6 0
4.04 0 4.1456e-10 23075.9 3958.47 23075.9 0
4.06 0 1.61802e-11 23375.6 3925.48 23375.6 0
4.08 0 6.36239e-11 22068.3 3785.06 22068.3 0
4.1 0 -1.41187e-10 19027.2 3496.54 19027.2 0
4.12 0 3.74528e-11 14540.9 3032.08 14540.9 0
4.14 0 -1.9515e-11 9142.92 2410.49 9142.92 0
4.16 0 -5.68656e-11 3364.7 1686.46 3364.7 0
4.18 0 -1.06898e-10 -2389.54 919.483 -2389.54 0
4.2 0 1.63626e-11 -7835.44 159.009 -7835.44 0
4.22 0 -2.32827e-11 -12796.8 -561.105 -12796.8 0
4.24 0 6.64222e-11 -17216.7 -1236.03 -17216.7 0
4.26 0 3.13947e-11 -21117.6 -1891.48 -21117.6 0
4.28 0 2.91052e-11 -24523.8 -2554.02 -24523.8 0
4.3 0 1.13279e-10 -27426.2 -3217.93 -27426.2 0
4.32 0 -1.32175e-10 -29760.1 -3843.03 -29760.1 0
4.34 0 9.35783e-11 -31330 -4372.21 -31330 0
4.36 0 -2.58731e-10 -31784 -4745.61 -31784 0
4.38 0 1.03519e-10 -30781.1 -4916.36 -30781.1 0
4.4 0 -5.8878e-11 -28245.6 -4867.29 -28245.6 0
4.42 0 -1.13092e-10 -24454.7 -4603.49 -24454.7 0
4.44 0 1.41248e-10 -19889.5 -4125.09 -19889.5 0
4.46 0 -2.61969e-11 -15026.4 -3422.81 -15026.4 0
4.48 0 -1.05095e-10 -10215.8 -2505.44 -10215.8 0
4.5 0 1.0525e-11 -5616.92 -1420.37 -5616.92 0
4.52 0 2.61182e-10 -1118.51 -243.712 -1118.51 0
4.54 0 -2.78538e-10 3661.31 946.369 3661.31 0
4.56 0 -1.29732e-10 9147.3 2096.65 9147.3 0
4.58 0 1.23981e-10 15456.9 3195.41 15456.9 0
4.6 0 -1.45904e-11 22279.4 4261.43 22279.4 0
4.62 0 -1.59933e-10 29138.6 5301.9 29138.6 0
4.64 0 -2.09863e-10 35738.9 6271.54 35738.9 0
4.66 0 7.41889e-10 41976.7 7077.43 41976.7 0
4.68 0 3.88688e-10 47601.2 7630.54 47601.2 0
4.7 0 -2.0435e-12 51969 7891.62 51969 0
4.72 0 -3.70149e-10 54310.2 7869.35 54310.2 0
4.74 0 -8.30471e-11 54345.6 7589.35 54345.6 0
4.76 0 2.2259e-10 52595.9 7072.1 52595.9 0
4.78 0 -2.72228e-11 49966.5 6327.64 49966.5 0
4.8 0 -2.02923e-11 46988.9 5364.01 46988.9 0
4.82 0 3.5809e-10 43486.6 4211.94 43486.6 0
4.84 0 -1.44964e-10 38955.6 2942.71 38955.6 0
4.86 0 6.70035e-11 33196.1 1645.95 33196.1 0
4.88 0 8.72503e-11 26531.4 383.928 26531.4 0
4.9 0 -5.31294e-10 19453.7 -828.452 19453.7 0
4.92 0 -1.36584e-10 12162.2 -2010.48 12162.2 0
4.94 0 -1.07598e-09 4543.51 -3196.72 4543.51 0
4.96 0 -1.66509e-12 -3398.11 -4414.82 -3398.11 0
4.98 0 1.75731e-10 -11194.7 -5650.98 -11194.7 0
5 0 4.80363e-10 -18092.8 -6829.33 -18092.8 0
5.02 0 -3.77133e-10 -23585.9 -7836.55 -23585.9 0
5.04 0 -1.63854e-09 -27762.9 -8574.36 -27762.9 0
5.06 0 -7.54968e-10 -31171.4 -8996.93 -31171.4 0
5.08 0 -2.24949e-10 -34380.5 -9116.36 -34380.5 0
5.1 0 -2.4075e-09 -37630.9 -8981.3 -37630.9 0
5.12 0 3.54419e-11 -40812.8 -8636.36 -40812.8 0
5.14 0 -9.25811e-10 -43698.8 -8084.62 -43698.8 0
5.16 0 7.78681e-11 -46124.8 -7288.23 -46124.8 0
5.18 0 1.00519e-10 -47887.4 -6208.1 -47887.4 0
5.2 0 -2.91196e-10 -48509 -4838.47 -48509 0
5.22 0 -1.03108e-11 -47269.3 -3202.52 -47269.3 0
5.24 0 -1.29481e-10 -43623.8 -1327.98 -43623.8 0
5.26 0 -9.15197e-11 -37628.3 753.839 -37628.3 0
5.28 0 -4.80104e-10 -29932.5 2970.26 -29932.5 0
5.3 0 1.13144e-09 -21330.8 5165.02 -21330.8 0
5.32 0 2.59562e-09 -12224.4 7111.78 -12224.4 0
5.34 0 -1.13967e-09 -2347.24 8608.53 -2347.24 0
5.36 0 1.49269e-09 9047.5 9599.83 9047.5 0
5.38 0 -3.12391e-10 22539 10225 22539 0
5.4 0 -1.31222e-09 37789.4 10715 37789.4 0
5.42 0 4.54676e-09 53329.1 11184.1 53329.1 0
5.44 0 7.04007e-10 67143 11526.2 67143 0
5.46 0 -4.32952e-09 77554.4 11579.4 77554.4 0
5.48 0 2.33286e-09 83665.3 11371.9 83665.3 0
5.5 0 -1.88824e-09 85180.2 11084.5 85180.2 0
5.52 0 -1.99437e-09 82075.5 10751.3 82075.5 0
5.54 0 -1.77548e-09 74538.5 10126 74538.5 0
5.56 0 -3.68711e-10 63108.3 8922.25 63108.3 0
5.58 0 2.87159e-10 48687.3 7126.96 48687.3 0
5.6 0 9.99115e-11 32291.1 5021.68 32291.1 0
5.62 0 -1.97489e-10 14796.1 2946.43 14796.1 0
5.64 0 -1.00061e-09 -2950.14 1098.79 -2950.14 0
5.66 0 1.42214e-09 -19744 -489.341 -19744 0
5.68 0 1.08435e-09 -33983.5 -1883.55 -33983.5 0
5.7 0 -3.40412e-10 -44316.5 -3198.23 -44316.5 0
5.72 0 4.76051e-11 -50406.3 -4573.13 -50406.3 0
5.74 0 -1.73233e-09 -52938.8 -6119.24 -52938.8 0
5.76 0 1.14097e-09 -52805.5 -7825.94 -52805.5 0
5.78 0 -5.51989e-10 -50253.2 -9510.13 -50253.2 0
5.8 0 -8.64958e-10 -44713.4 -10891.3 -44713.4 0
5.82 0 4.20049e-10 -35329.2 -11757.3 -35329.2 0
5.84 0 8.57406e-10 -21703.8 -12074.2 -21703.8 0
5.86 0 -1.15356e-09 -4385.59 -11923.9 -4385.59 0
5.88 0 -1.10863e-10 15176.2 -11333.5 15176.2 0
5.9 0 -1.59607e-10 35149.2 -10207.5 35149.2 0
5.92 0 -2.34382e-10 53920 -8468.54 53920 0
5.94 0 -9.90345e-10 70319.1 -6226 70319.1 0
5.96 0 -3.3289e-10 83418.5 -3735.02 83418.5 0
5.98 0 -1.04456e-09 92330.7 -1178.77 92330.7 0
6 0 8.59391e-11 96306.7 1474.76 96306.7 0
6.02 0 -1.5894e-10 94931.9 4402.12 94931.9 0
6.04 0 4.39615e-10 88214.9 7729.1 88214.9 0
6.06 0 -1.83293e-09 76694.2 11366.6 76694.2 0
6.08 0 2.81783e-09 61504.9 14955.1 61504.9 0
6.1 0 -2.77924e-10 44040 17929.4 44040 0
6.12 0 1.58947e-09 25362 19706.4 25362 0
6.14 0 -2.76689e-09 6067.81 19953 6067.81 0
6.16 0 -2.12126e-09 -13457.1 18766.6 -13457.1 0
6.18 0 5.81337e-10 -33326.9 16583.8 -33326.9 0
6.2 0 -3.19795e-09 -54924.7 13860 -54924.7 0
6.22 0 4.23271e-09 -80617.8 10818.1 -80617.8 0
6.24 0 2.86401e-09 -111630 7503.46 -111630 0
6.26 0 -1.33685e-09 -145451 3934.39 -145451 0
6.28 0 -1.23491e-09 -175060 13.5136 -175060 0
6.3 0 -9.67902e-11 -191530 -4558.95 -191530 0
6.32 0 1.95987e-10 -189830 -9988.17 -189830 0
6.34 0 7.2598e-11 -173511 -16133.4 -173511 0
6.36 0 1.43896e-10 -153025 -22753.8 -153025 0
6.38 0 -1.67236e-09 -137884 -29637.4 -137884 0
6.4 0 4.68268e-11 -129961 -36224.6 -129961 0
6.42 0 -2.58231e-09 -125005 -41499.4 -125005 0
6.44 0 2.59269e-10 -120241 -44584.3 -120241 0
6.46 0 1.86354e-10 -117127 -45095.7 -117127 0
6.48 0 -2.40161e-09 -115201 -42933.3 -115201 0
6.5 0 1.15588e-09 -106792 -38340.6 -106792 0
6.52 0 2.11793e-09 -81313 -32323.8 -81313 0
6.54 0 -1.23917e-09 -35357.1 -26545.7 -35357.1 0
6.56 0 1.52895e-09 22382.9 -22366.7 22382.9 0
6.58 0 2.95385e-09 76183.8 -20045.4 76183.8 0
6.6 0 -1.32179e-09 113630 -18773.9 113630 0
6.62 0 -1.13773e-09 132146 -17147.1 132146 0
6.64 0 4.84299e-10 136847 -13727.7 136847 0
6.66 0 -1.14585e-09 133733 -7730.89 133733 0
6.68 0 6.32343e-10 125843 510.735 125843 0
6.7 0 2.65311e-10 114617 9828.36 114617 0
6.72 0 1.64426e-11 102725 18992.7 102725 0
6.74 0 -3.61277e-10 94624.1 27136.6 94624.1 0
6.76 0 -7.31346e-10 94484.6 33579.5 94484.6 0
6.78 0 5.30277e-10 103610 37638.9 103610 0
6.8 0 3.3642e-10 119437 39027.9 119437 0
6.82 0 -7.79465e-10 136576 38311.8 136576 0
6.84 0 -6.22026e-10 148532 36582.3 148532 0
6.86 0 1.66893e-09 149500 34559.5 149500 0
6.88 0 -2.63923e-10 136460 32427.2 136460 0
6.9 0 -2.24238e-09 110243 30551.7 110243 0
6.92 0 1.21536e-09 75103.2 29308.3 75103.2 0
6.94 0 -1.77881e-09 37146.6 28609.8 37146.6 0
6.96 0 -1.65745e-09 1942.85 28126.2 1942.85 0
6.98 0 -7.82217e-10 -27395.5 27281.3 -27395.5 0
7 0 8.27082e-10 -50623 25268.9 -50623 0
7.02 0 2.95773e-09 -69047.8 21411.2 -69047.8 0
7.04 0 6.90738e-10 -83610.5 15366.8 -83610.5 0
7.06 0 -1.61962e-10 -94200.8 7145.09 -94200.8 0
7.08 0 8.94042e-10 -100486 -2729.77 -100486 0
7.1 0 -5.51841e-10 -102854 -13082.8 -102854 0
7.12 0 4.30627e-10 -102482 -22346.7 -102482 0
7.14 0 -5.58367e-11 -100781 -29091.1 -100781 0
7.16 0 -3.32895e-10 -98817.8 -32587.6 -98817.8 0
7.18 0 -5.66747e-10 -97000.8 -33078.1 -97000.8 0
7.2 0 -3.02536e-10 -95325.5 -31380.1 -95325.5 0
7.22 0 2.19107e-10 -93755.5 -28361.1 -93755.5 0
7.24 0 1.48999e-09 -91751.1 -24896.6 -91751.1 0
7.26 0 2.35086e-09 -87210.9 -21842.6 -87210.9 0
7.28 0 -1.4131e-09 -76486 -19792.8 -76486 0
7.3 0 4.39051e-09 -56350.6 -18870.9 -56350.6 0
7.32 0 5.21904e-10 -26556.2 -18701.7 -26556.2 0
7.34 0 -2.14442e-09 9419.77 -18643.8 9419.77 0
7.36 0 -1.96373e-10 46033.3 -17996.5 46033.3 0
7.38 0 1.6013e-10 77992 -15922 77992 0
7.4 0 2.92253e-10 101551 -11533.9 101551 0
7.42 0 -5.86738e-11 114963 -4526.97 114963 0
7.44 0 -3.52614e-10 118675 4255.21 118675 0
7.46 0 6.17919e-10 114922 13141.9 114922 0
7.48 0 -6.535e-12 106599 20624.9 106599 0
7.5 0 -1.51741e-10 96248.2 25982.9 96248.2 0
7.52 0 -2.91065e-10 85898.5 29122 85898.5 0
7.54 0 5.67244e-10 77345.1 30162.7 77345.1 0
7.56 0 -2.48235e-12 72037.2 29331 72037.2 0
7.58 0 -2.14019e-10 70233.5 27097.8 70233.5 0
7.6 0 -1.09865e-09 69794.2 24151.5 69794.2 0
7.62 0 1.78829e-09 65940.3 21078.8 65940.3 0
7.64 0 -1.42053e-09 53448.8 18136.2 53448.8 0
7.66 0 -2.01156e-09 30411.4 15387.3 30411.4 0
7.68 0 1.60959e-09 52.8054 12944 52.8054 0
7.7 0 5.52943e-10 -31490 10920.8 -31490 0
7.72 0 -7.8832e-10 -59043.6 9122.63 -59043.6 0
7.74 0 -1.22295e-09 -80189.4 6805.64 -80189.4 0
7.76 0 -6.30437e-10 -94306.9 2928.61 -94306.9 0
7.78 0 -5.43843e-10 -101224 -3069.19 -101224 0
7.8 0 -2.53831e-10 -101145 -10629.8 -101145 0
7.82 0 -2.95718e-10 -95235.3 -18288.5 -95235.3 0
7.84 0 3.64395e-11 -85809.5 -24557.4 -85809.5 0
7.86 0 4.9321e-10 -75867.6 -28561.6 -75867.6 0
7.88 0 1.19115e-10 -68266.7 -30024.4 -68266.7 0
7.9 0 7.81018e-10 -64783.2 -29049.5 -64783.2 0
7.92 0 -5.6242e-11 -65366 -26097.9 -65366 0
7.94 0 -9.6707e-10 -67722.8 -21988.2 -67722.8 0
7.96 0 -1.14273e-09 -67371.6 -17670.3 -67371.6 0
7.98 0 -3.81142e-10 -58989.1 -13881.3 -58989.1 0
8 0 5.51819e-10 -39478.5 -10965.8 -39478.5 0
8.02 0 1.10026e-09 -10681.5 -8915.55 -10681.5 0
8.04 0 9.53336e-10 21276.9 -7494.72 21276.9 0
8.06 0 1.25332e-09 49797.2 -6335.81 49797.2 0
8.08 0 4.6954e-10 71159.6 -4910.09 71159.6 0
8.1 0 8.3845e-11 84837 -2520.84 84837 0
8.12 0 -2.53697e-10 91787.1 1357.91 91787.1 0
8.14 0 -1.74684e-10 93187.1 6545.76 93187.1 0
8.16 0 -1.58164e-10 90410.3 12095.3 90410.3 0
8.18 0 -2.08082e-10 85386.6 16938.1 85386.6 0
8.2 0 -2.85693e-10 80473.5 20528.1 80473.5 0
8.22 0 5.02222e-10 77679.3 22810.2 77679.3 0
8.24 0 3.43036e-10 77698.3 23774.4 77698.3 0
8.26 0 7.57794e-10 79447.8 23264.9 79447.8 0
8.28 0 6.34145e-10 80476.6 21198.2 80476.6 0
8.3 0 3.96795e-09 77948.8 17830.2 77948.8 0
8.32 0 -4.28666e-10 69741.2 13788.4 69741.2 0
8.34 0 6.94005e-10 55423 9889.55 55423 0
8.36 0 6.78956e-10 36598.6 6877.32 36598.6 0
8.38 0 1.86426e-10 16009.1 5191.87 16009.1 0
8.4 0 -1.19523e-09 -4074.18 4865.35 -4074.18 0
8.42 0 9.67547e-10 -22652.7 5550.49 -22652.7 0
8.44 0 -2.80098e-09 -39446.7 6549.05 -39446.7 0
8.46 0 -3.9276e-09 -53984.7 6780.27 -53984.7 0
8.48 0 2.64165e-09 -65403.1 5042.61 -65403.1 0
8.5 0 8.55798e-10 -72948.9 798.523 -72948.9 0
8.52 0 -1.34107e-09 -76500.2 -5150.07 -76500.2 0
8.54 0 8.13516e-10 -76662.3 -10990.7 -76662.3 0
8.56 0 -3.08121e-10 -74458.5 -15087.6 -74458.5 0
8.58 0 1.99469e-10 -70903.5 -16822.2 -70903.5 0
8.6 0 1.15214e-10 -66740.6 -16420.9 -66740.6 0
8.62 0 -6.0583e-10 -62356.5 -14400.3 -62356.5 0
8.64 0 1.81389e-09 -57633.4 -11390.5 -57633.4 0
8.66 0 5.82026e-10 -51647.4 -8199.58 -51647.4 0
8.68 0 1.67015e-09 -42739.3 -5648.62 -42739.3 0
8.7 0 -1.42496e-09 -29503.9 -4228.85 -29503.9 0
8.72 0 4.55391e-10 -12068.3 -3942.59 -12068.3 0
8.74 0 -4.57388e-09 7729.31 -4433.83 7729.31 0
8.76 0 -2.81923e-09 27522.9 -5240.26 27522.9 0
8.78 0 -1.65165e-09 45659.7 -5961.49 45659.7 0
8.8 0 2.02785e-09 61390.6 -6247.4 61390.6 0
8.82 0 -1.07356e-09 74359.1 -5670.83 74359.1 0
8.84 0 1.09972e-09 84212.7 -3739.15 84212.7 0
8.86 0 -3.33919e-10 90616.7 -248.187 90616.7 0
8.88 0 1.27752e-09 93475.9 4290.46 93475.9 0
8.9 0 -4.29628e-11 93108.1 8758.32 93108.1 0
8.92 0 -3.88408e-10 90228.8 12140.8 90228.8 0
8.94 0 -7.37636e-11 85694.8 14059.2 85694.8 0
8.96 0 1.95732e-12 80138.6 14591.1 80138.6 0
8.98 0 1.1472e-10 73649.2 13864.4 73649.2 0
9 0 1.96078e-09 65608.2 12083.1 65608.2 0
9.02 0 -3.16942e-10 54973.2 9789.79 54973.2 0
9.04 0 4.93109e-10 41217.5 7777.68 41217.5 0
9.06 0 2.79224e-09 25161.7 6640.57 25161.7 0
9.08 0 -1.08712e-10 8499.65 6458.43 8499.65 0
9.1 0 -4.64693e-09 -7743.88 6892.39 -7743.88 0
9.12 0 2.56931e-09 -24009.5 7486.59 -24009.5 0
9.14 0 -6.03948e-10 -41182.8 7839.93 -41182.8 0
9.16 0 9.69289e-10 -58858 7550.68 -58858 0
9.18 0 3.08994e-10 -74775 6106.98 -74775 0
9.2 0 -6.17186e-10 -86029.4 3022.22 -86029.4 0
9.22 0 -8.9052e-10 -91037.1 -1690.37 -91037.1 0
9.24 0 -5.93012e-10 -90644.9 -7137.5 -90644.9 0
9.26 0 -5.7919e-10 -87471.6 -11861.5 -87471.6 0
9.28 0 -4.88907e-10 -84094 -14744.7 -84094 0
9.3 0 1.81796e-10 -81675.7 -15631.8 -81675.7 0
9.32 0 1.89577e-12 -79998.1 -15135.4 -79998.1 0
9.34 0 -4.04741e-10 -78276.9 -14038 -78276.9 0
9.36 0 -1.76045e-11 -75507.1 -12923.3 -75507.1 0
9.38 0 2.1708e-10 -70104.2 -12127.5 -70104.2 0
9.4 0 6.73943e-10 -60030.3 -11750.7 -60030.3 0
9.42 0 -1.30344e-09 -44208.3 -11665.6 -44208.3 0
9.44 0 -8.93849e-10 -23976.1 -11607.9 -23976.1 0
9.46 0 -7.82241e-10 -2658.79 -11317.4 -2658.79 0
9.48 0 4.51896e-10 16578.1 -10637.6 16578.1 0
9.5 0 5.67134e-10 32400.2 -9517.94 32400.2 0
9.52 0 -7.67041e-10 45076.3 -7936.87 45076.3 0
9.54 0 2.37624e-10 55224 -5820.48 55224 0
9.56 0 1.37673e-10 63083.8 -3040.38 63083.8 0
9.58 0 -6.75922e-10 68681.2 465.719 68681.2 0
9.6 0 1.30379e-10 72205.9 4515.97 72205.9 0
9.62 0 -3.66884e-10 74063.8 8622.92 74063.8 0
9.64 0 7.40575e-12 74657.7 12160.9 74657.7 0
9.66 0 2.40721e-10 74181.9 14626.7 74181.9 0
9.68 0 -7.13828e-10 72578 15768.8 72578 0
9.7 0 -8.47562e-12 69626.7 15578 69626.7 0
9.72 0 1.11783e-09 65037.6 14284.9 65037.6 0
9.74 0 9.27589e-10 58429.4 12365 58429.4 0
9.76 0 -1.32282e-09 49350.8 10414.2 49350.8 0
9.78 0 6.57685e-10 37561.5 8907.43 37561.5 0
9.8 0 1.86715e-09 23318.7 8001.21 23318.7 0
9.82 0 -5.08505e-10 7217.25 7500.02 7217.25 0
9.84 0 -1.13229e-09 -10165.5 6962.96 -10165.5 0
9.86 0 8.2257e-10 -28125.2 5845 -28125.2 0
9.88 0 -1.70847e-09 -45247.8 3647.39 -45247.8 0
9.9 0 5.4841e-10 -59377.2 153.222 -59377.2 0
9.92 0 -1.32191e-10 -68650.7 -4331.18 -68650.7 0
9.94 0 -5.92036e-10 -72746.4 -9013.27 -72746.4 0
9.96 0 -4.49649e-10 -73100.3 -13014.8 -73100.3 0
9.98 0 -1.52284e-10 -71883.2 -15796.8 -71883.2 0
10 0 -3.64193e-11 -70676.3 -17266 -70676.3 0
10.02 0 -5.41935e-10 -69873.9 -17616 -69873.9 0
10.04 0 1.3756e-09 -69051.9 -17155.8 -69051.9 0
10.06 0 -1.15787e-10 -67747.7 -16224.3 -67747.7 0
10.08 0 1.67984e-10 -65798.9 -15140.5 -65798.9 0
10.1 0 8.03782e-10 -62808.2 -14131.7 -62808.2 0
10.12 0 -3.0178e-10 -57418.7 -13256.1 -57418.7 0
10.14 0 8.0788e-10 -47705.4 -12393.7 -47705.4 0
10.16 0 -1.4252e-09 -32816.1 -11336.9 -32816.1 0
10.18 0 1.00271e-09 -14206.3 -9890.41 -14206.3 0
10.2 0 1.93573e-10 4997.77 -7913.91 4997.77 0
10.22 0 1.3797e-09 21885.4 -5360.36 21885.4 0
10.24 0 4.11283e-10 35128.4 -2341.98 35128.4 0
10.26 0 -8.93975e-10 44993.6 878.063 44993.6 0
10.28 0 3.68534e-10 52511.8 4026.67 52511.8 0
10.3 0 1.25104e-10 58615.9 6948.55 58615.9 0
10.32 0 -2.73175e-10 63697.6 9566.7 63697.6 0
10.34 0 2.27302e-10 67693 11764.5 67693 0
10.36 0 -4.92535e-10 70483.4 13369.6 70483.4 0
10.38 0 4.55335e-10 72125.9 14244.6 72125.9 0
10.4 0 1.9663e-09 72617.9 14362 72617.9 0
10.42 0 -3.21524e-10 71447.9 13801.1 71447.9 0
10.44 0 -7.907e-10 67452.6 12709.1 67452.6 0
10.46 0 -6.68745e-10 59261.5 11271.4 59261.5 0
10.48 0 -6.86975e-10 46178.1 9689.84 46178.1 0
10.5 0 1.6515e-09 28937.9 8143.99 28937.9 0
10.52 0 -1.51088e-09 9592.97 6714.84 9592.97 0
10.54 0 8.94652e-10 -9583.89 5296.02 -9583.89 0
10.56 0 -1.85221e-10 -27152.1 3615.39 -27152.1 0
10.58 0 -3.17195e-10 -42547.3 1431.49 -42547.3 0
10.6 0 -3.77143e-10 -55493.7 -1268.1 -55493.7 0
10.62 0 -4.47504e-10 -65787.6 -4283.93 -65787.6 0
10.64 0 8.44756e-11 -73543.3 -7382.14 -73543.3 0
10.66 0 -4.41899e-10 -79196.2 -10395 -79196.2 0
10.68 0 9.1251e-12 -83042.4 -13171.5 -83042.4 0
10.7 0 -7.4486e-11 -84863.7 -15510.7 -84863.7 0
10.72 0 1.03169e-09 -84083.4 -17179.9 -84083.4 0
10.74 0 -4.94519e-10 -80271.1 -17987.7 -80271.1 0
10.76 0 9.0092e-10 -73526.8 -17858.3 -73526.8 0
10.78 0 -6.67808e-10 -64365.5 -16888.6 -64365.5 0
10.8 0 1.70632e-09 -53135.8 -15336.7 -53135.8 0
10.82 0 -1.73341e-09 -39640.8 -13513.5 -39640.8 0
10.84 0 -2.00784e-10 -23569 -11674.5 -23569 0
10.86 0 6.2075e-10 -5283 -9971.92 -5283 0
10.88 0 -2.45636e-11 13993.7 -8414.22 13993.7 0
10.9 0 1.29288e-09 32729.6 -6832.83 32729.6 0
10.92 0 1.01535e-09 49668.7 -4950.2 49668.7 0
10.94 0 -3.96832e-10 64004.8 -2544.81 64004.8 0
10.96 0 4.76485e-10 75279.2 436.763 75279.2 0
10.98 0 -5.8347e-11 83212.6 3905.95 83212.6 0
11 0 -6.99721e-11 87601.4 7683.78 87601.4 0
11.02 0 5.11453e-12 88445.6 11467.1 88445.6 0
11.04 0 -9.82295e-10 86269.7 14804.4 86269.7 0
11.06 0 3.93548e-10 82210.5 17218.8 82210.5 0
11.08 0 -6.67175e-10 77531 18411.5 77531 0
11.1 0 4.03981e-11 72820.3 18365.8 72820.3 0
11.12 0 1.98374e-10 67427.4 17300.4 67427.4 0
11.14 0 1.73053e-09 59490.8 15545.9 59490.8 0
11.16 0 2.19959e-09 46837.2 13429.1 46837.2 0
11.18 0 -9.32628e-10 28560 11217.3 28560 0
11.2 0 7.28105e-10 6035.61 9103.33 6035.61 0
11.22 0 -3.18439e-10 -17792 7166.71 -17792 0
11.24 0 -1.33754e-10 -40178.7 5308.17 -40178.7 0
11.26 0 -2.12413e-10 -59532.7 3254.91 -59532.7 0
11.28 0 -1.15472e-09 -75027.9 708.499 -75027.9 0
11.3 0 4.25847e-10 -86065.2 -2460.71 -86065.2 0
11.32 0 -1.62377e-10 -92399.5 -6154.4 -92399.5 0
11.34 0 -3.34502e-11 -94467.4 -10146.6 -94467.4 0
11.36 0 -4.6612e-11 -93335 -14161.8 -93335 0
11.38 0 6.83185e-11 -90400.6 -17838.6 -90400.6 0
11.4 0 2.5707e-10 -87075.5 -20729.9 -87075.5 0
11.42 0 -5.78611e-11 -84336.1 -22453.8 -84336.1 0
11.44 0 -1.10247e-09 -82203.1 -22870 -82203.1 0
11.46 0 -1.4799e-09 -79521.8 -22098.4 -79521.8 0
11.48 0 2.54421e-11 -74225.3 -20407.3 -74225.3 0
11.5 0 1.33776e-09 -64088.7 -18106.8 -64088.7 0
11.52 0 -4.89085e-10 -47947.7 -15501.3 -47947.7 0
11.54 0 2.9714e-10 -26688.2 -12865.8 -26688.2 0
11.56 0 9.82767e-10 -2892.43 -10396.2 -2892.43 0
11.58 0 -6.08181e-10 20708.8 -8139.53 20708.8 0
11.6 0 -1.50044e-09 42336 -5967.4 42336 0
11.62 0 5.48467e-10 60906.9 -3632.83 60906.9 0
11.64 0 8.36699e-10 75472.4 -888.023 75472.4 0
11.66 0 -2.05517e-10 85465.5 2400.59 85465.5 0
11.68 0 4.27719e-10 91246.6 6193.91 91246.6 0
11.7 0 -6.43577e-10 93921.5 10282 93921.5 0
11.72 0 9.67605e-11 94586.7 14316.2 94586.7 0
11.74 0 1.93333e-10 93897.4 17867.9 93897.4 0
11.76 0 -2.0384e-10 92199.3 20524.1 92199.3 0
11.78 0 5.52254e-10 89753.7 21986.3 89753.7 0
11.8 0 1.09381e-10 86732.1 22122.1 86732.1 0
11.82 0 -3.72983e-10 82964.3 20967.5 82964.3 0
11.84 0 8.62124e-10 77457.7 18725.8 77457.7 0
11.86 0 -1.94135e-10 68170.1 15764.6 68170.1 0
11.88 0 -6.9298e-10 52965.5 12579.3 52965.5 0
11.9 0 1.35041e-09 31487.4 9675.98 31487.4 0
11.92 0 4.79689e-10 6047.07 7364.09 6047.07 0
11.94 0 4.32884e-10 -19630.3 5603.64 -19630.3 0
11.96 0 -1.44945e-09 -42533.7 4053.48 -42533.7 0
11.98 0 -7.7865e-11 -61396.7 2252.1 -61396.7 0
12 0 -1.27474e-09 -76251.8 -202.403 -76251.8 0
12.02 0 2.80142e-10 -87511.8 -3508.24 -87511.8 0
12.04 0 1.04451e-10 -95418.3 -7574.91 -95418.3 0
12.06 0 -8.69778e-10 -100043 -12045.6 -100043 0
12.08 0 1.63064e-11 -101702 -16402.8 -101702 0
12.1 0 -1.0921e-11 -101348 -20082.5 -101348 0
12.12 0 1.34988e-10 -100392 -22599 -100392 0
12.14 0 -2.82633e-11 -99940.4 -23695.6 -99940.4 0
12.16 0 1.74689e-10 -100090 -23434.7 -100090 0
12.18 0 -5.92598e-10 -99890.5 -22104.1 -99890.5 0
12.2 0 9.53368e-10 -97731.6 -20039.2 -97731.6 0
12.22 0 1.528e-09 -91593.9 -17566.7 -91593.9 0
12.24 0 -2.63456e-10 -79444.7 -15021.8 -79444.7 0
12.26 0 -3.74719e-10 -60396.1 -12719.4 -60396.1 0
12.28 0 -2.80082e-10 -35813.8 -10879.5 -35813.8 0
12.3 0 1.39158e-09 -8834.47 -9538.6 -8834.47 0
12.32 0 -1.25933e-10 17478.1 -8518.38 17478.1 0
12.34 0 1.3235e-09 41355.9 -7471.55 41355.9 0
12.36 0 1.9021e-09 61924.4 -5947.02 61924.4 0
12.38 0 -1.19143e-09 78269.3 -3512.39 78269.3 0
12.4 0 -6.08663e-10 89357.4 23.9366 89357.4 0
12.42 0 9.30022e-10 94774.6 4438.85 94774.6 0
12.44 0 8.27488e-11 95329.1 9140.33 95329.1 0
12.46 0 -2.85517e-10 92944.6 13398.8 92944.6 0
12.48 0 -3.44553e-10 89905.4 16594.6 89905.4 0
12.5 0 -1.64475e-12 87877.7 18381.3 87877.7 0
12.52 0 5.91658e-10 87291 18744.1 87291 0
12.54 0 6.39564e-10 87481.1 17938.3 87481.1 0
12.56 0 -3.7567e-10 87300.1 16346.8 87300.1 0
12.58 0 -1.56467e-10 85291.5 14358 85291.5 0
12.6 0 -1.75828e-09 79282.7 12295.2 79282.7 0
12.62 0 -1.60881e-10 66727.2 10387.7 66727.2 0
12.64 0 -4.28374e-10 46532.5 8778.98 46532.5 0
12.66 0 -1.56968e-09 20607.4 7505.23 20607.4 0
12.68 0 -8.29285e-10 -6972.28 6429.22 -6972.28 0
12.7 0 -3.29412e-10 -32401.3 5246.17 -32401.3 0
12.72 0 2.47317e-10 -53628.8 3617.3 -53628.8 0
12.74 0 -2.91272e-10 -70079.8 1330.93 -70079.8 0
12.76 0 7.47142e-10 -81909 -1623.6 -81909 0
12.78 0 7.93004e-11 -89719.3 -5078.49 -89719.3 0
12.8 0 -1.57333e-10 -94427.7 -8754.35 -94427.7 0
12.82 0 -6.08071e-11 -96910 -12322.1 -96910 0
12.84 0 -2.1263e-10 -97658.8 -15445.2 -97658.8 0
12.86 0 -5.27302e-11 -96743.9 -17816.7 -96743.9 0
12.88 0 1.01471e-10 -94012.2 -19201.7 -94012.2 0
12.9 0 -3.04082e-10 -89305.1 -19451.6 -89305.1 0
12.92 0 -3.06898e-11 -82418.9 -18534.1 -82418.9 0
12.94 0 -3.71142e-10 -72683.2 -16632.7 -72683.2 0
12.96 0 5.65321e-11 -58824.5 -14160.8 -58824.5 0
12.98 0 2.45392e-10 -39941.2 -11625.5 -39941.2 0
13 0 6.53879e-10 -16843.1 -9456.17 -16843.1 0
13.02 0 1.81361e-10 7893.69 -7842.23 7893.69 0
13.04 0 9.41622e-10 31316.7 -6662.71 31316.7 0
13.06 0 -2.7496e-10 51436.3 -5568.38 51436.3 0
13.08 0 6.41172e-10 67462.8 -4106.95 67462.8 0
13.1 0 -4.0833e-10 79334 -1828.01 79334 0
13.12 0 1.94916e-10 87293.6 1547.96 87293.6 0
13.14 0 -3.11805e-10 91731.9 5922.53 91731.9 0
13.16 0 3.78029e-10 93197.3 10769.4 93197.3 0
13.18 0 8.33107e-11 92495.7 15326 92495.7 0
13.2 0 -3.71656e-11 90682 18883 90682 0
13.22 0 -1.20586e-10 88769 20988.6 88769 0
13.24 0 1.59282e-10 87310.1 21516.7 87310.1 0
13.26 0 7.97986e-11 86135.3 20621.6 86135.3 0
13.28 0 -6.58526e-10 84206.5 18639.7 84206.5 0
13.3 0 4.73488e-10 79463 16000.6 79463 0
13.32 0 8.23806e-10 69160.1 13155.9 69160.1 0
13.34 0 7.04853e-10 51311.5 10507.2 51311.5 0
13.36 0 -5.3027e-10 26352.6 8319.17 26352.6 0
13.38 0 7.56413e-10 -2798.62 6632.24 -2798.62 0
13.4 0 -1.62519e-10 -32422.2 5252.81 -32422.2 0
13.42 0 -9.59751e-10 -59540.5 3841.35 -59540.5 0
13.44 0 -1.17938e-09 -82109.6 2005.43 -82109.6 0
13.46 0 1.87045e-10 -98630 -610.81 -98630 0
13.48 0 -8.44952e-10 -108232 -4165.62 -108232 0
13.5 0 -1.52085e-09 -111103 -8465.47 -111103 0
13.52 0 5.39742e-10 -108589 -13005.1 -108589 0
13.54 0 -6.50943e-10 -102823 -17195.1 -102823 0
13.56 0 8.06764e-10 -96055.6 -20560.2 -96055.6 0
13.58 0 1.54216e-10 -89924.9 -22776.9 -89924.9 0
13.6 0 -2.31166e-11 -84974.5 -23625.7 -84974.5 0
13.62 0 7.08353e-11 -80710.3 -22997.1 -80710.3 0
13.64 0 2.24367e-10 -75789.7 -20992.8 -75789.7 0
13.66 0 -1.03991e-09 -68021.5 -17990 -68021.5 0
13.68 0 3.80995e-10 -54860.1 -14562.1 -54860.1 0
13.7 0 -5.94664e-10 -34895.9 -11329.9 -34895.9 0
13.72 0 2.80673e-10 -9202.29 -8767.54 -9202.29 0
13.74 0 1.15414e-09 18889.1 -6986.07 18889.1 0
13.76 0 -1.49006e-09 45280.8 -5692.77 45280.8 0
13.78 0 1.14694e-09 66554.6 -4399.44 66554.6 0
13.8 0 -6.64155e-10 80865.3 -2660.88 80865.3 0
13.82 0 1.48981e-09 88398 -174.162 88398 0
13.84 0 -1.25312e-09 91133.3 3173.24 91133.3 0
13.86 0 -1.14644e-09 91733.1 7219.8 91733.1 0
13.88 0 -1.38858e-09 92240.1 11515.7 92240.1 0
13.9 0 7.36061e-10 93545.8 15470.9 93545.8 0
13.92 0 1.46105e-10 95730.5 18557.9 95730.5 0
13.94 0 4.81076e-10 98596.5 20419.6 98596.5 0
13.96 0 4.42031e-12 101841 20901.5 101841 0
13.98 0 -8.4482e-11 104784 20068.5 104784 0
14 0 -2.41568e-10 105777 18165.3 105777 0
14.02 0 -1.46739e-10 101854 15561 101854 0
14.04 0 1.84469e-11 89724.5 12743.7 89724.5 0
14.06 0 2.08939e-10 68278.2 10246.9 68278.2 0
14.08 0 -1.33691e-09 40461.1 8428.78 40461.1 0
14.1 0 -9.67932e-10 12085.9 7262.92 12085.9 0
14.12 0 -5.33757e-10 -11836.7 6391.5 -11836.7 0
14.14 0 2.95678e-10 -29851.2 5433.55 -29851.2 0
14.16 0 1.67279e-09 -43705.9 4214.24 -43705.9 0
14.18 0 -1.13328e-09 -55975.5 2697.04 -55975.5 0
14.2 0 -1.23717e-09 -67983.4 794.035 -67983.4 0
14.22 0 -1.10596e-10 -79183.3 -1675.96 -79183.3 0
14.24 0 -1.37202e-09 -87850.9 -4829.22 -87850.9 0
14.26 0 -1.69664e-09 -92408.8 -8480.55 -92408.8 0
14.28 0 -1.07616e-09 -92491.7 -12010.3 -92491.7 0
14.3 0 -5.49711e-10 -89072.5 -14532.6 -89072.5 0
14.32 0 -8.54133e-10 -83770 -15356.9 -83770 0
14.34 0 2.16143e-10 -78069.6 -14408.1 -78069.6 0
14.36 0 1.41737e-10 -72899.8 -12249.9 -72899.8 0
14.38 0 8.55904e-11 -68237.6 -9699.71 -68237.6 0
14.4 0 4.93013e-13 -62606.5 -7410.63 -62606.5 0
14.42 0 -3.99812e-10 -53336.1 -5766.18 -53336.1 0
14.44 0 -1.35078e-09 -38201.5 -4955.3 -38201.5 0
14.46 0 1.01826e-09 -17256.6 -4915.16 -17256.6 0
14.48 0 8.86642e-10 7025.64 -5213.96 7025.64 0
14.5 0 9.56267e-10 31358.9 -5180.54 31358.9 0
14.52 0 2.11212e-10 53125.1 -4295.96 53125.1 0
14.54 0 -1.42621e-09 70548 -2496.91 70548 0
14.56 0 2.69846e-09 82309.6 -104.327 82309.6 0
14.58 0 2.04222e-09 87677.7 2519.43 87677.7 0
14.6 0 -1.95273e-10 87039.1 5201.53 87039.1 0
14.62 0 -3.42175e-10 82116.7 7836.1 82116.7 0
14.64 0 1.10468e-09 75550.3 10130.7 75550.3 0
14.66 0 -2.15236e-09 70006.3 11652.2 70006.3 0
14.68 0 9.19701e-10 67124.5 12170.5 67124.5 0
14.7 0 1.86846e-10 66695.3 11835.1 66695.3 0
14.72 0 6.65367e-11 66395.1 10963 66395.1 0
14.74 0 -5.30909e-10 62304.6 9755.33 62304.6 0
14.76 0 -8.64712e-10 50640.8 8295.75 50640.8 0
14.78 0 5.63124e-10 30436.1 6732.65 30436.1 0
14.8 0 -6.0168e-11 5025.45 5309.49 5025.45 0
14.82 0 4.08752e-11 -19789.8 4195.86 -19789.8 0
14.84 0 7.04757e-10 -39644.1 3390.99 -39644.1 0
14.86 0 1.79099e-10 -53758.6 2810.47 -53758.6 0
14.88 0 -3.11819e-11 -63639.5 2347.72 -63639.5 0
14.9 0 1.43182e-09 -70529.4 1765.28 -70529.4 0
14.92 0 2.13348e-10 -74454.1 613.727 -74454.1 0
14.94 0 1.92446e-09 -75217.3 -1562.71 -75217.3 0
14.96 0 4.32214e-10 -73659.7 -4813.59 -73659.7 0
14.98 0 8.54811e-10 -71698.1 -8578.69 -71698.1 0
15 0 -1.1398e-10 -71046.8 -11955.4 -71046.8 0
15.02 0 2.98638e-10 -71742.4 -14184.7 -71742.4 0
15.04 0 -2.3493e-10 -71826.3 -14909.3 -71826.3 0
15.06 0 -4.69165e-11 -68458.8 -14114.1 -68458.8 0
15.08 0 5.95828e-10 -59504.5 -12042.4 -59504.5 0
15.1 0 3.89203e-10 -44526.5 -9227.78 -44526.5 0
15.12 0 -1.25289e-09 -24905.7 -6440.01 -24905.7 0
15.14 0 -3.07642e-10 -3291.63 -4403.36 -3291.63 0
15.16 0 3.08859e-09 17392.4 -3459.63 17392.4 0
15.18 0 -4.62169e-09 35039.2 -3451.49 35039.2 0
15.2 0 -2.50279e-09 48995 -3890.03 48995 0
15.22 0 2.62119e-09 59870.6 -4214.51 59870.6 0
15.24 0 2.29502e-10 68666.3 -3924.74 68666.3 0
15.26 0 5.66047e-10 75867.8 -2571.31 75867.8 0
15.28 0 -9.98543e-10 81233.9 179.925 81233.9 0
15.3 0 1.19509e-09 84348 4252.24 84348 0
15.32 0 -7.9461e-10 85259.2 8905.78 85259.2 0
15.34 0 5.12973e-10 84505.4 12981.3 84505.4 0
15.36 0 -2.243e-10 82579.6 15563.3 82579.6 0
15.38 0 -1.53302e-10 79455.1 16405.8 79455.1 0
15.4 0 6.38234e-11 74507.6 15756.4 74507.6 0
15.42 0 4.30626e-10 66744 13991.3 66744 0
15.44 0 8.63466e-10 55295.7 11551.9 55295.7 0
15.46 0 1.18324e-09 40177 9042.93 40177 0
15.48 0 1.55917e-10 22753.5 7094.74 22753.5 0
15.5 0 -4.9701e-10 5183.18 6041.29 5183.18 0
15.52 0 -1.23797e-09 -10883.1 5804.58 -10883.1 0
15.54 0 5.03452e-09 -25144.1 6065.36 -25144.1 0
15.56 0 2.08933e-09 -38341.2 6398.92 -38341.2 0
15.58 0 -2.75398e-09 -51202.6 6237.43 -51202.6 0
15.6 0 5.15357e-10 -63513.9 4901.36 -63513.9 0
15.62 0 1.58239e-09 -73936.1 1929.52 -73936.1 0
15.64 0 -1.09391e-10 -80761.4 -2482.52 -80761.4 0
15.66 0 -3.35213e-10 -83098.7 -7421.23 -83098.7 0
15.68 0 5.9657e-10 -81483.3 -11742 -81483.3 0
15.7 0 -1.21612e-10 -77455.7 -14663 -77455.7 0
15.72 0 1.00856e-10 -72627.1 -15938 -72627.1 0
15.74 0 -2.76553e-10 -68023.6 -15670.8 -68023.6 0
15.76 0 8.4066e-10 -63923.4 -14190.6 -63923.4 0
15.78 0 6.1609e-10 -59866.9 -12066.2 -59866.9 0
15.8 0 5.82789e-10 -54659 -10001.9 -54659 0
15.82 0 -4.52307e-10 -46685.1 -8563.06 -46685.1 0
15.84 0 8.75948e-10 -34778.7 -7942.11 -34778.7 0
15.86 0 -2.20974e-09 -19118 -7912.77 -19118 0
15.88 0 6.58714e-11 -1283.47 -7972.14 -1283.47 0
15.9 0 4.42994e-10 16601.4 -7586.16 16601.4 0
15.92 0 2.0494e-10 32762.3 -6382.52 32762.3 0
15.94 0 -7.74946e-10 45993.4 -4215.36 45993.4 0
15.96 0 3.3589e-10 55507.6 -1192.03 55507.6 0
15.98 0 2.06148e-10 61021.2 2313.3 61021.2 0
16 0 1.81033e-10 63039 5779.96 63039 0
16.02 0 1.28614e-10 62849.7 8761.65 62849.7 0
16.04 0 3.53911e-10 62046.6 10991.9 62046.6 0
16.06 0 4.45453e-10 61864.6 12348 61864.6 0
16.08 0 2.04738e-10 62679.8 12848.3 62679.8 0
16.1 0 -1.58378e-09 63858.2 12687 63858.2 0
16.12 0 1.18091e-09 63974.1 12144.2 63974.1 0
16.14 0 1.56399e-09 61235.2 11401.7 61235.2 0
16.16 0 -5.63951e-10 53997.5 10481 53997.5 0
16.18 0 7.17911e-10 41509.5 9361.23 41509.5 0
16.2 0 -4.68314e-10 24695.3 8102.46 24695.3 0
16.22 0 1.07472e-09 6103.04 6829.11 6103.04 0
16.24 0 9.34122e-10 -11413.9 5602.67 -11413.9 0
16.26 0 -4.17842e-10 -26207.3 4326.89 -26207.3 0
16.28 0 -2.27682e-10 -38144.1 2783.33 -38144.1 0
16.3 0 -1.17112e-09 -47742.6 768.637 -47742.6 0
16.32 0 5.91389e-11 -55269.4 -1782.62 -55269.4 0
16.34 0 -1.14925e-10 -60540.5 -4767.25 -60540.5 0
16.36 0 -1.92591e-10 -63300.6 -7942.48 -63300.6 0
16.38 0 -1.40569e-10 -63735.1 -10960.9 -63735.1 0
16.4 0 -5.54739e-10 -62659 -13426.2 -62659 0
16.42 0 6.79033e-10 -61084.2 -14999.3 -61084.2 0
16.44 0 -5.37645e-10 -59430.8 -15513.4 -59430.8 0
16.46 0 3.06809e-10 -57143.5 -15029.7 -57143.5 0
16.48 0 1.70934e-09 -53105.2 -13809.2 -53105.2 0
16.5 0 -2.33272e-09 -46410.6 -12214 -46410.6 0
16.52 0 7.83833e-10 -36877.6 -10574 -36877.6 0
16.54 0 -1.34583e-09 -25092.6 -9091.65 -25092.6 0
16.56 0 -2.92645e-10 -12053.4 -7803.76 -12053.4 0
16.58 0 1.45935e-09 1321.7 -6573.54 1321.7 0
16.6 0 -6.17505e-10 14405.7 -5142.15 14405.7 0
16.62 0 -4.49537e-10 26689.2 -3271.9 26689.2 0
16.64 0 2.78595e-10 37632.9 -884.813 37632.9 0
16.66 0 1.55579e-10 46849.5 1930.58 46849.5 0
16.68 0 2.18064e-10 54291 4997.27 54291 0
16.7 0 -1.02462e-09 60060.6 8083.84 60060.6 0
16.72 0 2.77965e-11 64096.2 10898.6 64096.2 0
16.74 0 -4.36765e-10 66210.5 13138.1 66210.5 0
16.76 0 -2.16441e-10 66428.2 14588.2 66428.2 0
16.78 0 -7.15649e-10 65090 15186.8 65090 0
16.8 0 -8.46714e-10 62482.2 15002.9 62482.2 0
16.82 0 -4.94835e-11 58379.3 14177.7 58379.3 0
16.84 0 3.36363e-10 52063 12874.8 52063 0
16.86 0 -3.75392e-10 42946.3 11253.1 42946.3 0
16.88 0 4.86391e-10 31273.7 9460.02 31273.7 0
16.9 0 3.81362e-10 18112.9 7616.71 18112.9 0
16.92 0 -4.04378e-10 4552.84 5772.09 4552.84 0
16.94 0 -4.60911e-10 -8939.6 3882.85 -8939.6 0
16.96 0 -3.32586e-10 -22179 1865.92 -22179 0
16.98 0 1.27986e-10 -34458.1 -342.919 -34458.1 0
17 0 -9.86335e-11 -44497.4 -2785.4 -44497.4 0
17.02 0 2.1334e-10 -51343.3 -5472.7 -51343.3 0
17.04 0 -5.48847e-10 -55136.8 -8325.39 -55136.8 0
17.06 0 5.37277e-10 -56867.1 -11128.9 -56867.1 0
17.08 0 1.32167e-09 -57476.3 -13572 -57476.3 0
17.1 0 2.77792e-10 -57325.9 -15343.1 -57325.9 0
17.12 0 3.7019e-10 -56433.7 -16228.5 -56433.7 0
17.14 0 2.14618e-10 -54966.4 -16179.9 -54966.4 0
17.16 0 7.62075e-10 -53294.3 -15324.5 -53294.3 0
17.18 0 -1.86785e-10 -51509.3 -13898.4 -51509.3 0
17.2 0 5.51899e-10 -48932.2 -12139.5 -48932.2 0
17.22 0 6.55585e-10 -44242.6 -10209.5 -44242.6 0
17.24 0 -1.13645e-09 -36347.7 -8180.27 -36347.7 0
17.26 0 1.12697e-09 -25311.4 -6069.55 -25311.4 0
17.28 0 -3.49817e-10 -12435.9 -3891.63 -12435.9 0
17.3 0 3.14464e-10 588.846 -1677.08 588.846 0
17.32 0 2.33772e-10 12604.4 558.917 12604.4 0
17.34 0 -1.73378e-10 23196.1 2840.99 23196.1 0
17.36 0 -1.81816e-10 32281.2 5180.13 32281.2 0
17.38 0 5.56159e-10 39707.8 7490.63 39707.8 0
17.4 0 5.88188e-10 45274.9 9590.05 45274.9 0
17.42 0 -8.98336e-10 49031.7 11290.1 49031.7 0
17.44 0 -2.97759e-10 51414.3 12476.3 51414.3 0
17.46 0 1.38632e-09 52945.3 13113.6 52945.3 0
17.48 0 9.06837e-10 53722.9 13209.2 53722.9 0
17.5 0 -6.39382e-12 53252 12781.4 53252 0
17.52 0 -5.19292e-10 50868.1 11847.2 50868.1 0
17.54 0 -8.47907e-10 46316.7 10429.8 46316.7 0
17.56 0 4.07411e-10 39828.3 8574.12 39828.3 0
17.58 0 -8.07621e-10 31696.7 6373.72 31696.7 0
17.6 0 -5.72912e-10 22016.6 3998.44 22016.6 0
17.62 0 -1.06756e-11 10941.8 1662.54 10941.8 0
17.64 0 1.35551e-11 -923.74 -488.867 -923.74 0
17.66 0 -1.1408e-10 -12523.8 -2464.07 -12523.8 0
17.68 0 -6.38622e-10 -22756.8 -4367.69 -22756.8 0
17.7 0 -1.04298e-09 -30948.9 -6268.99 -30948.9 0
17.72 0 5.28032e-10 -37079.6 -8141.49 -37079.6 0
17.74 0 1.21429e-09 -41641.1 -9895.56 -41641.1 0
17.76 0 2.53341e-10 -45227.3 -11422.7 -45227.3 0
17.78 0 5.4653e-10 -48129.7 -12612.3 -48129.7 0
17.8 0 1.49105e-09 -50200.9 -13362.9 -50200.9 0
17.82 0 1.14564e-09 -51029.7 -13604.1 -51029.7 0
17.84 0 9.18015e-10 -50246.4 -13308.2 -50246.4 0
17.86 0 2.28293e-09 -47729.1 -12479.8 -47729.1 0
17.88 0 -9.69823e-10 -43538.2 -11127.3 -43538.2 0
17.9 0 1.30492e-09 -37642.5 -9251.2 -37642.5 0
17.92 0 -4.19542e-10 -29810.1 -6904.19 -29810.1 0
17.94 0 1.32346e-10 -19947 -4284.12 -19947 0
17.96 0 -7.31398e-11 -8587.33 -1707.32 -8587.33 0
17.98 0 -1.08749e-10 3087.29 579.847 3087.29 0
18 0 7.17244e-10 13816.9 2545.92 13816.9 0
18.02 0 8.70223e-10 22868.7 4303.71 22868.7 0
18.04 0 1.34938e-09 30171 5940.02 30171 0
18.06 0 1.52567e-10 36031.5 7450.46 36031.5 0
18.08 0 -8.89463e-10 40802.3 8795.2 40802.3 0
18.1 0 2.31039e-09 44712.6 9958.08 44712.6 0
18.12 0 2.01625e-10 47853 10948 47853 0
18.14 0 -2.41866e-09 50188.8 11764 50188.8 0
18.16 0 -1.60106e-09 51532.4 12358.3 51532.4 0
18.18 0 -1.12713e-09 51540.4 12617.3 51540.4 0
18.2 0 3.53473e-10 49844.7 12380.5 49844.7 0
18.22 0 -5.61786e-10 46243.8 11489.4 46243.8 0
18.24 0 1.00084e-10 40743.9 9857.42 40743.9 0
18.26 0 -1.1711e-09 33419.3 7560.87 33419.3 0
18.28 0 -1.03223e-10 24344.7 4890.16 24344.7 0
18.3 0 -2.36625e-12 13757.2 2245.79 13757.2 0
18.32 0 3.54368e-11 2230.91 -86.8637 2230.91 0
18.34 0 5.02399e-10 -9411.4 -2058.93 -9411.4 0
18.36 0 6.09036e-10 -20408 -3773.32 -20408 0
18.38 0 1.02705e-09 -30313.4 -5346.59 -30313.4 0
18.4 0 1.15968e-09 -38997.6 -6863.52 -38997.6 0
18.42 0 -2.19764e-09 -46428.1 -8385.66 -46428.1 0
18.44 0 1.04068e-09 -52452.1 -9934.83 -52452.1 0
18.46 0 1.87911e-09 -56788.9 -11463.7 -56788.9 0
18.48 0 -1.59969e-09 -59221.4 -12855.7 -59221.4 0
18.5 0 1.77435e-09 -59753.9 -13957 -59753.9 0
18.52 0 -1.53382e-10 -58545.7 -14614.1 -58545.7 0
18.54 0 -2.40048e-09 -55726 -14712.5 -55726 0
18.56 0 7.73532e-11 -51308 -14197.5 -51308 0
18.58 0 8.15716e-10 -45256.9 -13044.5 -45256.9 0
18.6 0 1.0052e-09 -37600.4 -11242.7 -37600.4 0
18.62 0 -8.04033e-11 -28489.1 -8883.14 -28489.1 0
18.64 0 3.02529e-10 -18215.9 -6247.32 -18215.9 0
18.66 0 -9.6405e-11 -7190.68 -3691.56 -7190.68 0
18.68 0 4.19393e-10 4108.02 -1406.83 4108.02 0
18.7 0 9.93667e-11 15152 653.486 15152 0
18.72 0 4.13978e-10 25372.2 2622.24 25372.2 0
18.74 0 -5.2662e-10 34251.3 4568.17 34251.3 0
18.76 0 -2.19316e-09 41484.6 6482.01 41484.6 0
18.78 0 1.1724e-09 47040.6 8323.64 47040.6 0
18.8 0 -2.17435e-09 51024.9 10040.8 51024.9 0
18.82 0 3.43962e-10 53488.8 11559.8 53488.8 0
18.84 0 1.02337e-09 54400.9 12776.6 54400.9 0
18.86 0 -3.87824e-10 53787.3 13560.8 53787.3 0
18.88 0 6.39834e-10 51845.8 13784.4 51845.8 0
18.9 0 -9.21515e-10 48850.7 13358 48850.7 0
18.92 0 7.80814e-10 44893.7 12238.7 44893.7 0
18.94 0 -6.77787e-10 39679.6 10439.4 39679.6 0
18.96 0 -2.86791e-10 32629.5 8084.32 32629.5 0
18.98 0 1.1007e-11 23356.3 5443.28 23356.3 0
19 0 1.8557e-10 12151 2824 12151 0
19.02 0 -6.39149e-11 -3.3639 395.155 -3.3639 0
19.04 0 -5.74001e-10 -11901.2 -1856.79 -11901.2 0
19.06 0 9.43148e-10 -22594.8 -4006.89 -22594.8 0
19.08 0 -8.48284e-10 -31547.9 -6079.75 -31547.9 0
19.1 0 -4.7338e-10 -38566.7 -8051.69 -38566.7 0
19.12 0 1.31511e-09 -43728.6 -9899.22 -43728.6 0
19.14 0 5.48363e-10 -47320.5 -11603.7 -47320.5 0
19.16 0 -8.8541e-10 -49707.5 -13114.2 -49707.5 0
19.18 0 9.24953e-10 -51160.8 -14321.2 -51160.8 0
19.2 0 -1.38472e-09 -51745.7 -15075.8 -51745.7 0
19.22 0 5.92417e-10 -51317.2 -15245.5 -51317.2 0
19.24 0 1.52568e-10 -49590.1 -14755.1 -49590.1 0
19.26 0 6.525e-10 -46235.3 -13574.5 -46235.3 0
19.28 0 -3.43174e-10 -40983 -11702 -40983 0
19.3 0 -4.40137e-10 -33765.4 -9213.78 -33765.4 0
19.32 0 3.01397e-10 -24909.6 -6330.34 -24909.6 0
19.34 0 2.8023e-11 -15196.4 -3373.53 -15196.4 0
19.36 0 2.06328e-10 -5592.7 -619.691 -5592.7 0
19.38 0 -9.37291e-11 3187.07 1800.71 3187.07 0
19.4 0 -4.55254e-10 10906.5 3883.4 10906.5 0
19.42 0 2.30515e-10 17691.1 5684.36 17691.1 0
19.44 0 -9.63062e-10 23795.8 7276.59 23795.8 0
19.46 0 1.38592e-09 29448.1 8720.43 29448.1 0
19.48 0 1.50356e-09 34726.8 10032 34726.8 0
19.5 0 -1.27047e-09 39438.3 11165.4 39438.3 0
19.52 0 3.83863e-10 43120.9 12017 43120.9 0
19.54 0 -3.79702e-10 45271.8 12445.4 45271.8 0
19.56 0 -7.35342e-10 45640 12300 45640 0
19.58 0 -1.17123e-10 44325.9 11452.6 44325.9 0
19.6 0 3.45318e-10 41635.7 9845.55 41635.7 0
19.62 0 -1.74926e-12 37840.6 7562.61 37840.6 0
19.64 0 1.50049e-10 33014.9 4859.59 33014.9 0
19.66 0 7.55064e-11 27063.3 2080.84 27063.3 0
19.68 0 -5.54012e-11 19927.2 -488.853 19927.2 0
19.7 0 7.34555e-10 11783.3 -2708.68 11783.3 0
19.72 0 9.31439e-11 3025.02 -4564.93 3025.02 0
19.74 0 5.99426e-10 -5922.04 -6116.65 -5922.04 0
19.76 0 3.9044e-10 -14706.5 -7449.38 -14706.5 0
19.78 0 1.0954e-09 -22983.6 -8633.2 -22983.6 0
19.8 0 1.19106e-09 -30333.4 -9687.98 -30333.4 0
19.82 0 5.90733e-10 -36322.8 -10574.6 -36322.8 0
19.84 0 -5.2177e-10 -40672.8 -11212.3 -40672.8 0
19.86 0 1.60793e-10 -43376.7 -11503.9 -43376.7 0
19.88 0 5.58064e-10 -44674.1 -11356.2 -44674.1 0
19.9 0 -1.38689e-12 -44897.9 -10696.3 -44897.9 0
19.92 0 2.05495e-10 -44291.2 -9496.59 -44291.2 0
19.94 0 -2.62966e-10 -42887 -7812.11 -42887 0
19.96 0 -9.09678e-11 -40493.2 -5790.95 -40493.2 0
19.98 0 -8.96738e-11 -36773.3 -3623.15 -36773.3 0
20 0 2.43659e-10 -31403.4 -1467.57 -31403.4 0
20.02 0 -9.65601e-12 -24284.3 568.585 -24284.3 0
20.04 0 6.20881e-10 -15686.6 2404.64 -15686.6 0
20.06 0 -1.6614e-09 -6186.73 3979.1 -6186.73 0
20.08 0 1.21809e-09 3553.11 5266.96 3553.11 0
20.1 0 -1.37196e-10 12937.1 6279.9 12937.1 0
20.12 0 -1.27523e-09 21437.4 7046 21437.4 0
20.14 0 -1.56992e-11 28591.1 7598.04 28591.1 0
20.16 0 -1.98822e-10 34117.2 7971.15 34117.2 0
20.18 0 -7.90242e-10 38046.6 8186.45 38046.6 0
20.2 0 6.79669e-10 40680.6 8221.86 40680.6 0
20.22 0 -6.17162e-10 42362 7995.93 42362 0
20.24 0 6.55084e-10 43251.2 7395.49 43251.2 0
20.26 0 -4.96934e-12 43283.4 6350.01 43283.4 0
20.28 0 -2.54984e-10 42280.9 4897.76 42280.9 0
20.3 0 -2.72079e-10 40056.9 3175.53 40056.9 0
20.32 0 8.42601e-11 36418 1343.87 36418 0
20.34 0 -3.86726e-11 31171.2 -464.631 31171.2 0
20.36 0 -3.33186e-10 24267.8 -2138.43 24267.8 0
20.38 0 -5.12752e-10 15975 -3578.51 15975 0
20.4 0 -3.16266e-10 6825.42 -4727.23 6825.42 0
20.42 0 -4.03572e-10 -2645.39 -5593.47 -2645.39 0
20.44 0 -1.34565e-09 -12065 -6235.47 -12065 0
20.46 0 -6.68798e-10 -21127.6 -6725.33 -21127.6 0
20.48 0 1.28809e-09 -29449.9 -7128.31 -29449.9 0
20.5 0 9.1155e-12 -36628.7 -7489.51 -36628.7 0
20.52 0 2.02768e-09 -42426.4 -7814.94 -42426.4 0
20.54 0 -1.11557e-09 -46821.8 -8056.25 -46821.8 0
20.56 0 -1.96603e-11 -49857.3 -8114.53 -49857.3 0
20.58 0 -6.25907e-10 -51479 -7878.42 -51479 0
20.6 0 7.23439e-10 -51551.6 -7291.02 -51551.6 0
20.62 0 1.55546e-10 -50016.6 -6392.58 -50016.6 0
20.64 0 -8.86988e-11 -47015.2 -5288.81 -47015.2 0
20.66 0 -1.54336e-10 -42821.5 -4078.37 -42821.5 0
20.68 0 5.00187e-10 -37615.5 -2819.92 -37615.5 0
20.7 0 -1.70155e-10 -31347.6 -1556.27 -31347.6 0
20.72 0 -8.23431e-10 -23897.4 -342.084 -23897.4 0
20.74 0 -4.58602e-10 -15370.8 764.159 -15370.8 0
20.76 0 1.37007e-09 -6189.42 1727.16 -6189.42 0
20.78 0 -7.5482e-10 3105.76 2547.77 3105.76 0
20.8 0 1.10579e-09 12070.7 3254.21 12070.7 0
20.82 0 -5.1462e-10 20384.5 3884.32 20384.5 0
20.84 0 -3.37358e-10 27761.9 4468.66 27761.9 0
20.86 0 5.73346e-10 33925.8 5017.55 33925.8 0
20.88 0 -1.01373e-09 38669.9 5515.69 38669.9 0
20.9 0 1.21451e-09 41931.1 5918.48 41931.1 0
20.92 0 -9.74114e-10 43808.2 6147.84 43808.2 0
20.94 0 -3.12088e-10 44514.9 6109.73 44514.9 0
20.96 0 4.80034e-10 44287.2 5743.62 44287.2 0
20.98 0 3.4519e-10 43286.1 5061.72 43286.1 0
21 0 -4.73686e-11 41535.7 4134.35 41535.7 0
21.02 0 -1.37682e-10 38897.6 3048.04 38897.6 0
21.04 0 -2.66773e-10 35088.6 1884.72 35088.6 0
21.06 0 -3.94109e-10 29811.6 720.565 29811.6 0
21.08 0 -9.64158e-10 23013.7 -381.453 23013.7 0
21.1 0 -2.43539e-10 15069.5 -1384.95 15069.5 0
21.12 0 1.64616e-09 6655.2 -2283.12 6655.2 0
21.14 0 -1.37852e-09 -1598.8 -3088.18 -1598.8 0
21.16 0 -1.11098e-09 -9324.53 -3817.9 -9324.53 0
21.18 0 9.93826e-10 -16336.7 -4487.32 -16336.7 0
21.2 0 4.30702e-10 -22451.3 -5105.21 -22451.3 0
21.22 0 -5.01321e-10 -27453.1 -5665.47 -27453.1 0
21.24 0 1.14464e-10 -31221.9 -6130.35 -31221.9 0
21.26 0 -1.87749e-10 -33840.1 -6423.9 -33840.1 0
21.28 0 1.55757e-10 -35545.8 -6458.9 -35545.8 0
21.3 0 1.06238e-10 -36571.2 -6185.25 -36571.2 0
21.32 0 3.20544e-10 -37005.9 -5614.36 -37005.9 0
21.34 0 1.64243e-10 -36775.3 -4801.47 -36775.3 0
21.36 0 2.66378e-12 -35715.4 -3814.23 -35715.4 0
21.38 0 1.26596e-11 -33668.3 -2717.21 -33668.3 0
21.4 0 -5.6081e-10 -30550 -1570.48 -30550 0
21.42 0 -3.30843e-11 -26398.5 -431.019 -26398.5 0
21.44 0 1.49564e-09 -21409.3 646.447 -21409.3 0
21.46 0 -2.58003e-10 -15907.3 1614.07 -15907.3 0
21.48 0 -1.7443e-09 -10219.6 2444.77 -10219.6 0
21.5 0 9.95142e-10 -4547.65 3143.63 -4547.65 0
21.52 0 -1.75114e-10 1021.42 3740.12 1021.42 0
21.54 0 1.20367e-09 6390.72 4260.48 6390.72 0
21.56 0 1.07919e-09 11387.9 4690.19 11387.9 0
21.58 0 -2.53262e-10 15843 4954.9 15843 0
21.6 0 2.41362e-10 19682.2 4954.28 19682.2 0
21.62 0 -2.88142e-10 22893.9 4634.74 22893.9 0
21.64 0 1.29431e-10 25410.1 4028.29 25410.1 0
21.66 0 -1.38658e-10 27064.2 3215.05 27064.2 0
21.68 0 -5.90491e-10 27686.4 2260.86 27686.4 0
21.7 0 -1.84459e-10 27242.8 1198.05 27242.8 0
21.72 0 -9.55698e-10 25878.6 51.5095 25878.6 0
21.74 0 2.30545e-09 23835 -1132.67 23835 0
21.76 0 -7.59106e-10 21320.9 -2284.24 21320.9 0
21.78 0 -8.29098e-10 18443.2 -3329.44 18443.2 0
21.8 0 -1.46568e-09 15218.5 -4217.37 15218.5 0
21.82 0 -2.09365e-10 11630 -4934.42 11630 0
21.84 0 1.14082e-09 7705.4 -5498.93 7705.4 0
21.86 0 -1.32918e-09 3613.01 -5939.55 3613.01 0
21.88 0 -1.04543e-09 -289.792 -6268.73 -289.792 0
21.9 0 -3.26992e-10 -3552.14 -6456.73 -3552.14 0
21.92 0 9.53583e-10 -5857.81 -6425.08 -5857.81 0
21.94 0 1.2337e-10 -7205.07 -6088.84 -7205.07 0
21.96 0 -9.9034e-11 -7868.44 -5428.73 -7868.44 0
21.98 0 8.44138e-12 -8185.74 -4516.25 -8185.74 0
22 0 -7.75771e-11 -8363.21 -3455.43 -8363.21 0
22.02 0 6.21523e-10 -8438.02 -2310.61 -8438.02 0
22.04 0 -8.13638e-10 -8361.69 -1098.26 -8361.69 0
22.06 0 8.37926e-10 -8075.89 168.545 -8075.89 0
22.08 0 -6.40577e-10 -7514.25 1443.81 -7514.25 0
22.1 0 2.55962e-10 -6580.26 2649.62 -6580.26 0
22.12 0 -2.53547e-10 -5180.46 3702.2 -5180.46 0
22.14 0 -2.03364e-09 -3313.63 4540.93 -3313.63 0
22.16 0 9.43693e-10 -1144.59 5143.72 -1144.59 0
22.18 0 -8.4942e-10 998.697 5522.21 998.697 0
22.2 0 1.13601e-09 2714.6 5701.22 2714.6 0
22.22 0 1.45539e-09 3686.6 5694.97 3686.6 0
22.24 0 9.56236e-11 3852.48 5484.72 3852.48 0
22.26 0 -1.24694e-09 3475.12 5009.44 3475.12 0
22.28 0 -9.31529e-10 3010.79 4202.42 3010.79 0
22.3 0 1.09574e-10 2813.31 3068.34 2813.31 0
22.32 0 8.01859e-11 2897.48 1717.02 2897.48 0
22.34 0 2.48629e-10 2965.32 294.435 2965.32 0
22.36 0 4.37096e-10 2660.82 -1112.29 2660.82 0
22.38 0 5.55705e-11 1812.74 -2484.97 1812.74 0
22.4 0 9.34657e-10 482.729 -3810.11 482.729 0
22.42 0 -1.26436e-09 -1140.42 -5035.86 -1140.42 0
22.44 0 -9.6607e-10 -2845.66 -6091.05 -2845.66 0
22.46 0 5.23298e-10 -4435.29 -6925.81 -4435.29 0
22.48 0 -4.92666e-10 -5741.83 -7528.27 -5741.83 0
22.5 0 -1.23213e-10 -6674.03 -7911.63 -6674.03 0
22.52 0 -5.2994e-10 -7258.78 -8091.56 -7258.78 0
22.54 0 -1.92388e-09 -7613.45 -8072.44 -7613.45 0
22.56 0 -1.399e-09 -7839.75 -7846.37 -7839.75 0
22.58 0 -1.25681e-10 -7906.05 -7387.85 -7906.05 0
22.6 0 -1.23615e-10 -7622.44 -6647.11 -7622.44 0
22.62 0 4.18389e-10 -6745.27 -5580.64 -6745.27 0
22.64 0 -2.80465e-10 -5137.25 -4216.08 -5137.25 0
22.66 0 -8.20897e-11 -2865.2 -2673.51 -2865.2 0
22.68 0 1.96996e-10 -156.895 -1102.43 -156.895 0
22.7 0 -3.47812e-10 2755.23 392.694 2755.23 0
22.72 0 4.3654e-10 5770.97 1765.23 5770.97 0
22.74 0 8.9128e-10 8895.12 2998 8895.12 0
22.76 0 2.00165e-10 12055.9 4081.98 12055.9 0
22.78 0 -5.81418e-11 14974.9 5007.38 14974.9 0
22.8 0 -1.17824e-09 17270.7 5758.34 17270.7 0
22.82 0 7.43577e-10 18714.3 6315.37 18714.3 0
22.84 0 -8.47724e-10 19366.5 6662.6 19366.5 0
22.86 0 5.08724e-10 19459.8 6787.9 19459.8 0
22.88 0 2.09554e-09 19159.5 6674.75 19159.5 0
22.9 0 -8.82793e-10 18427.6 6296.12 18427.6 0
22.92 0 -9.4782e-10 17063 5617.31 17063 0
22.94 0 -2.48735e-10 14838.4 4617.96 14838.4 0
22.96 0 -6.84871e-10 11632 3333.25 11632 0
22.98 0 2.48842e-10 7511.78 1871.66 7511.78 0
23 0 2.38776e-10 2760.13 368.077 2760.13 0
23.02 0 3.17119e-10 -2194.73 -1088.47 -2194.73 0
23.04 0 4.43044e-10 -6941.9 -2470.91 -6941.9 0
23.06 0 -2.17559e-10 -11258.6 -3771.09 -11258.6 0
23.08 0 9.41325e-11 -15155 -4967.63 -15155 0
23.1 0 -1.4721e-09 -18753.8 -6033.03 -18753.8 0
23.12 0 6.71966e-10 -22120.8 -6944.82 -22120.8 0
23.14 0 9.88482e-10 -25202.3 -7679.53 -25202.3 0
23.16 0 -5.91417e-11 -27889.6 -8207.49 -27889.6 0
23.18 0 5.90732e-10 -30096.5 -8500.97 -30096.5 0
23.2 0 -1.51947e-09 -31750 -8543.65 -31750 0
23.22 0 6.60665e-10 -32726.3 -8332.61 -32726.3 0
23.24 0 -2.17269e-09 -32812.2 -7870.88 -32812.2 0
23.26 0 4.02995e-10 -31734.2 -7156.32 -31734.2 0
23.28 0 9.01952e-10 -29247 -6186.34 -29247 0
23.3 0 -3.36656e-10 -25257.4 -4988.16 -25257.4 0
23.32 0 1.47889e-10 -19943.4 -3639.92 -19943.4 0
23.34 0 4.38386e-11 -13777.3 -2240.58 -13777.3 0
23.36 0 2.45743e-10 -7374.66 -856.83 -7374.66 0
23.38 0 -6.68117e-10 -1218.93 489.09 -1218.93 0
23.4 0 8.07997e-10 4550.93 1785.58 4550.93 0
23.42 0 -1.37378e-10 10121.4 3003.88 10121.4 0
23.44 0 1.69083e-09 15766 4103.14 15766 0
23.46 0 -1.71292e-09 21570.8 5048.5 21570.8 0
23.48 0 -1.09681e-09 27309 5819.62 27309 0
23.5 0 1.4516e-09 32512.2 6407.33 32512.2 0
23.52 0 5.41959e-11 36661.8 6803.81 36661.8 0
23.54 0 6.07344e-10 39389.1 6994.03 39389.1 0
23.56 0 2.58603e-10 40593.2 6957.88 40593.2 0
23.58 0 -3.59609e-10 40422.3 6678.21 40422.3 0
23.6 0 1.78186e-10 39145.2 6143.07 39145.2 0
23.62 0 -5.51599e-11 37008.1 5351.19 37008.1 0
23.64 0 2.60616e-10 34152.6 4332.23 34152.6 0
23.66 0 2.68254e-10 30602 3155.39 30602 0
23.68 0 1.10411e-10 26291.4 1898.77 26291.4 0
23.7 0 -2.26775e-11 21135.3 612.846 21135.3 0
23.72 0 1.28006e-10 15107.5 -676.326 15107.5 0
23.74 0 -2.83162e-10 8281.91 -1940.83 8281.91 0
23.76 0 9.26761e-10 834.346 -3144.25 834.346 0
23.78 0 -1.70272e-09 -6943.37 -4253.17 -6943.37 0
23.8 0 6.70194e-11 -14613.5 -5241.04 -14613.5 0
23.82 0 -8.91897e-10 -21615.1 -6082.68 -21615.1 0
23.84 0 1.26288e-09 -27389.5 -6753.6 -27389.5 0
23.86 0 8.38031e-10 -31572.8 -7234.38 -31572.8 0
23.88 0 6.31101e-10 -34148.8 -7513.62 -34148.8 0
23.9 0 -4.59106e-10 -35451.7 -7587.68 -35451.7 0
23.92 0 3.13679e-10 -35980.7 -7454.46 -35980.7 0
23.94 0 -9.80305e-11 -36124.3 -7106.45 -36124.3 0
23.96 0 6.57465e-12 -35945.6 -6538.39 -35945.6 0
23.98 0 9.23187e-11 -35134.3 -5765.26 -35134.3 0
24 0 -1.72071e-10 -33139.7 -4821.57 -33139.7 0
24.02 0 -1.8453e-10 -29434.8 -3738.01 -29434.8 0
24.04 0 -2.47868e-10 -23821.7 -2534.81 -23821.7 0
24.06 0 -7.12755e-10 -16625 -1247.97 -16625 0
24.08 0 2.50644e-10 -8604.53 53.4846 -8604.53 0
24.1 0 1.46872e-09 -600.659 1291.79 -600.659 0
24.12 0 -8.82278e-10 6825.42 2416.75 6825.42 0
24.14 0 -1.01377e-09 13478.4 3412.75 13478.4 0
24.16 0 6.24555e-10 19344.7 4279.82 19344.7 0
24.18 0 2.32319e-10 24387.1 5017.06 24387.1 0
24.2 0 2.15433e-09 28514.6 5619.29 28514.6 0
24.22 0 1.29268e-09 31680.3 6079.98 31680.3 0
24.24 0 -7.62492e-10 33937.4 6389.9 33937.4 0
24.26 0 -6.35307e-10 35374.8 6524.46 35374.8 0
24.28 0 3.76893e-11 36003.7 6432.55 36003.7 0
24.3 0 7.74529e-11 35699.3 6052.4 35699.3 0
24.32 0 -4.23319e-10 34224.4 5352.7 34224.4 0
24.34 0 1.30125e-10 31313.7 4360.14 31313.7 0
24.36 0 2.50631e-10 26793 3148.47 26793 0
24.38 0 1.02849e-10 20717.2 1810.14 20717.2 0
24.4 0 7.28056e-10 13468.4 436.242 13468.4 0
24.42 0 3.8853e-10 5706.74 -899.082 5706.74 0
24.44 0 -1.38772e-10 -1859.22 -2156.04 -1859.22 0
24.46 0 3.24676e-10 -8737.3 -3331.03 -8737.3 0
24.48 0 -1.09782e-09 -14753 -4432.27 -14753 0
24.5 0 -1.34742e-09 -19953.8 -5450.18 -19953.8 0
24.52 0 2.94716e-10 -24454.7 -6351.15 -24454.7 0
24.54 0 -1.77192e-09 -28342.6 -7096.79 -28342.6 0
24.56 0 8.93188e-10 -31622.5 -7664.25 -31622.5 0
24.58 0 3.08742e-10 -34157.8 -8044.77 -34157.8 0
24.6 0 -7.14853e-10 -35636.6 -8220.05 -35636.6 0
24.62 0 9.9643e-10 -35642.9 -8143.02 -35642.9 0
24.64 0 1.16803e-10 -33835.1 -7751.35 -33835.1 0
24.66 0 2.61568e-10 -30124.8 -7010.67 -30124.8 0
24.68 0 6.57458e-12 -24740 -5947.37 -24740 0
24.7 0 -6.53256e-13 -18143.5 -4638.97 -18143.5 0
24.72 0 -5.82956e-10 -10869.8 -3178.97 -10869.8 0
24.74 0 -4.81518e-12 -3370.85 -1652.28 -3370.85 0
24.76 0 -9.59835e-10 4066.02 -130.108 4066.02 0
24.78 0 3.70542e-10 11309.4 1329.51 11309.4 0
24.8 0 -6.36436e-10 18310.2 2684.96 18310.2 0
24.82 0 1.04026e-09 25011.1 3915.48 25011.1 0
24.84 0 4.4945e-10 31271.7 5018.74 31271.7 0
24.86 0 1.30557e-09 36835.2 5997.49 36835.2 0
24.88 0 5.08444e-10 41365 6842.04 41365 0
24.9 0 -1.66219e-10 44539.5 7520.83 44539.5 0
24.92 0 3.84175e-10 46136.4 7984.33 46136.4 0
24.94 0 1.35554e-10 46056.5 8176.99 46056.5 0
24.96 0 -4.13134e-10 44315.6 8047.58 44315.6 0
24.98 0 3.03274e-10 41055.8 7557.9 41055.8 0
25 0 -2.79524e-10 36538.4 6698.01 36538.4 0
25.02 0 -2.33208e-10 31050.4 5504.04 31050.4 0
25.04 0 1.72221e-10 24769.5 4059.78 24769.5 0
25.06 0 2.0087e-10 17718.5 2473.38 17718.5 0
25.08 0 4.1106e-11 9849.45 843.924 9849.45 0
25.1 0 -4.95857e-11 1176.03 -761.118 1176.03 0
25.12 0 -2.96492e-12 -8120.5 -2307.35 -8120.5 0
25.14 0 -3.06021e-11 -17652.7 -3778.86 -17652.7 0
25.16 0 -5.56201e-10 -26886.2 -5160.97 -26886.2 0
25.18 0 -3.7473e-10 -35283.2 -6430.84 -35283.2 0
25.2 0 2.89111e-10 -42439.3 -7556.95 -42439.3 0
25.22 0 1.15153e-09 -48125.4 -8503.18 -48125.4 0
25.24 0 1.74218e-10 -52246 -9233.72 -52246 0
25.26 0 -1.91632e-11 -54788 -9716.63 -54788 0
25.28 0 2.9172e-10 -55799.6 -9924.73 -55799.6 0
25.3 0 7.60138e-12 -55385.6 -9834.68 -55385.6 0
25.32 0 1.89188e-10 -53675.6 -9427.66 -53675.6 0
25.34 0 -3.57334e-11 -50737.8 -8697.57 -50737.8 0
25.36 0 1.51445e-11 -46461.8 -7662.5 -46461.8 0
25.38 0 1.97931e-13 -40518.1 -6365.26 -40518.1 0
25.4 0 1.2384e-10 -32554.7 -4866.16 -32554.7 0
25.42 0 3.79022e-11 -22572.1 -3244.26 -22572.1 0
25.44 0 1.79168e-10 -11120.2 -1596.31 -11120.2 0
25.46 0 -1.78854e-10 920.312 -14.2114 920.312 0
25.48 0 4.27429e-10 12736.5 1442 12736.5 0
25.5 0 2.31009e-10 23763.1 2747.73 23763.1 0
25.52 0 3.01577e-11 33599 3901.37 33599 0
25.54 0 -4.43054e-10 41921.5 4917.12 41921.5 0
25.56 0 -1.02168e-09 48532.7 5819.16 48532.7 0
25.58 0 3.98325e-10 53424.3 6622.79 53424.3 0
25.6 0 4.35357e-10 56738.6 7310.53 56738.6 0
25.62 0 1.05081e-10 58648 7824.25 58648 0
25.64 0 -1.06161e-10 59246.5 8082.39 59246.5 0
25.66 0 2.33895e-10 58507.9 8010.55 58507.9 0
25.68 0 1.10112e-10 56308.6 7567.22 56308.6 0
25.7 0 2.10097e-11 52472.1 6754.92 52472.1 0
25.72 0 7.91847e-11 46783.6 5616.3 46783.6 0
25.74 0 2.73767e-11 39040 4224.82 39040 0
25.76 0 -1.49826e-10 29253.2 2681.37 29253.2 0
25.78 0 -4.42836e-11 17882.9 1105.41 17882.9 0
25.8 0 1.65888e-11 5771.38 -396.894 5771.38 0
25.82 0 -4.89612e-11 -6239.27 -1768.15 -6239.27 0
25.84 0 6.82838e-11 -17614.4 -3005 -17614.4 0
25.86 0 -4.58622e-11 -28087.9 -4136.93 -28087.9 0
25.88 0 7.58581e-10 -37450.8 -5205.58 -37450.8 0
25.9 0 1.31623e-10 -45459.2 -6249.75 -45459.2 0
25.92 0 -2.80539e-10 -51890.9 -7284.99 -51890.9 0
25.94 0 -3.69495e-10 -56613.4 -8280.29 -56613.4 0
25.96 0 9.42743e-11 -59602.1 -9149.91 -59602.1 0
25.98 0 -1.28997e-10 -60927.2 -9772.48 -60927.2 0
26 0 1.47908e-10 -60719.7 -10031 -60719.7 0
26.02 0 1.86285e-10 -59119.9 -9852.48 -59119.9 0
26.04 0 2.31933e-11 -56227.3 -9228.97 -56227.3 0
26.06 0 1.91982e-11 -52031.6 -8216.91 -52031.6 0
26.08 0 2.73467e-11 -46315.7 -6915.49 -46315.7 0
26.1 0 -1.20488e-10 -38686.4 -5438.73 -38686.4 0
26.12 0 1.7146e-11 -28913.1 -3899.33 -28913.1 0
26.14 0 7.34677e-12 -17349 -2397.02 -17349 0
26.16 0 3.86158e-11 -4940.21 -996.197 -4940.21 0
26.18 0 2.60528e-10 7246.5 290.714 7246.5 0
26.2 0 9.01047e-11 18486.5 1491.17 18486.5 0
26.22 0 -3.16069e-10 28445.1 2643.94 28445.1 0
26.24 0 4.04863e-11 36936 3779.04 36936 0
26.26 0 -3.10864e-10 43743.2 4905.9 43743.2 0
26.28 0 1.90041e-10 48656.1 5999.22 48656.1 0
26.3 0 8.56461e-11 51626.9 6988.96 51626.9 0
26.32 0 1.00282e-11 52875.2 7770.88 52875.2 0
26.34 0 -4.21077e-10 52804 8239.18 52804 0
26.36 0 -2.72211e-11 51751.9 8321.64 51751.9 0
26.38 0 -2.72788e-10 49771 7994.17 49771 0
26.4 0 -2.06588e-11 46597.1 7273.03 46597.1 0
26.42 0 1.65014e-10 41790.1 6201.13 41790.1 0
26.44 0 2.23138e-11 34949.5 4844.75 34949.5 0
26.46 0 4.00117e-11 25982.4 3302.21 25982.4 0
26.48 0 -3.87586e-11 15318.4 1701.12 15318.4 0
26.5 0 -6.1797e-11 3840.39 161.821 3840.39 0
26.52 0 -8.85597e-11 -7491.24 -1250.86 -7491.24 0
26.54 0 -2.32439e-10 -17993.6 -2540.35 -17993.6 0
26.56 0 2.27326e-10 -27312.8 -3747.86 -27312.8 0
26.58 0 -2.90848e-10 -35265.1 -4914.53 -35265.1 0
26.6 0 -2.14629e-11 -41724 -6061.28 -41724 0
26.62 0 3.30208e-10 -46632.8 -7180.28 -46632.8 0
26.64 0 -6.75484e-11 -50039.7 -8227.83 -50039.7 0
26.66 0 -2.99755e-10 -52068.2 -9122.34 -52068.2 0
26.68 0 2.64807e-10 -52835.4 -9756.18 -52835.4 0
26.7 0 -2.32994e-10 -52377.6 -10021.5 -52377.6 0
26.72 0 6.20132e-10 -50625 -9838.74 -50625 0
26.74 0 -2.05124e-10 -47421.4 -9178.26 -47421.4 0
26.76 0 -4.88937e-12 -42555 -8071.96 -42555 0
26.78 0 2.44241e-11 -35819.8 -6615.64 -35819.8 0
26.8 0 -1.08983e-11 -27183 -4958.91 -27183 0
26.82 0 -8.20494e-11 -16980.1 -3272.61 -16980.1 0
26.84 0 3.12955e-11 -5893.74 -1694.01 -5893.74 0
26.86 0 2.2444e-11 5331.68 -282.954 5331.68 0
26.88 0 8.52244e-11 16158.6 976.436 16158.6 0
26.9 0 -8.62265e-11 26260.5 2138.57 26260.5 0
26.92 0 -1.51051e-10 35358.9 3261.18 35358.9 0
26.94 0 -3.0177e-10 43137.4 4385.43 43137.4 0
26.96 0 -1.19145e-11 49295.9 5519.03 49295.9 0
26.98 0 2.07806e-10 53640.2 6618.52 53640.2 0
27 0 -2.79759e-11 56121.9 7584.97 56121.9 0
27.02 0 1.74365e-10 56827.8 8286.15 56827.8 0
27.04 0 4.17544e-11 55935.6 8599.25 55935.6 0
27.06 0 -1.36082e-10 53644.1 8450.18 53644.1 0
27.08 0 1.26127e-10 50106.2 7830.16 50106.2 0
27.1 0 1.34312e-10 45369.5 6789.11 45369.5 0
27.12 0 -7.40464e-11 39335.7 5419.75 39335.7 0
27.14 0 7.32374e-11 31837.7 3848.46 31837.7 0
27.16 0 -3.09571e-11 22887.7 2225.88 22887.7 0
27.18 0 2.51268e-11 12865.2 690.749 12865.2 0
27.2 0 -1.86175e-11 2394.26 -684.558 2394.26 0
27.22 0 -3.2323e-11 -7955.01 -1914.22 -7955.01 0
27.24 0 1.86221e-10 -17782.7 -3061.36 -17782.7 0
27.26 0 -6.2082e-11 -26737.8 -4183.24 -26737.8 0
27.28 0 2.33559e-10 -34432.6 -5303.3 -34432.6 0
27.3 0 1.6855e-10 -40537.8 -6409.14 -40537.8 0
27.32 0 2.4737e-10 -44919.3 -7455.47 -44919.3 0
27.34 0 1.36231e-10 -47656.9 -8365.13 -47656.9 0
27.36 0 6.29131e-10 -48954.1 -9035.67 -48954.1 0
27.38 0 2.68659e-10 -49023.5 -9360.69 -49023.5 0
27.4 0 -2.4506e-12 -47997.5 -9263.61 -47997.5 0
27.42 0 1.42981e-10 -45887.1 -8725.65 -45887.1 0
27.44 0 -8.44988e-11 -42593 -7790.11 -42593 0
27.46 0 -1.71207e-11 -37939.7 -6543.75 -37939.7 0
27.48 0 1.27425e-10 -31736 -5095.74 -31736 0
27.5 0 -2.97379e-11 -23918.2 -3567.26 -23918.2 0
27.52 0 -1.01917e-11 -14724.2 -2077.44 -14724.2 0
27.54 0 1.46854e-11 -4712.05 -712.644 -4712.05 0
27.56 0 7.94925e-11 5430.94 498.918 5430.94 0
27.58 0 -1.083e-10 15101.3 1579.21 15101.3 0
27.6 0 1.46404e-10 23845.3 2569.71 23845.3 0
27.62 0 9.32636e-11 31325.8 3506.74 31325.8 0
27.64 0 2.69075e-10 37317.7 4408.83 37317.7 0
27.66 0 -1.38992e-10 41740.3 5266.47 41740.3 0
27.68 0 -7.42143e-11 44654.7 6034.29 44654.7 0
27.7 0 2.91656e-10 46202.8 6634.41 46202.8 0
27.72 0 -1.28091e-10 46526.8 6974.62 46526.8 0
27.74 0 9.58128e-11 45712.9 6975.35 45712.9 0
27.76 0 9.0643e-11 43773 6593.63 43773 0
27.78 0 1.6881e-10 40657.6 5834.04 40657.6 0
27.8 0 -5.08578e-11 36273 4747.37 36273 0
27.82 0 -9.46405e-11 30515.7 3425.5 30515.7 0
27.84 0 -4.43049e-11 23377.6 1994.19 23377.6 0
27.86 0 -4.32663e-12 15079.9 589.593 15079.9 0
27.88 0 2.67022e-11 6086.89 -684.877 6086.89 0
27.9 0 2.43833e-11 -3047.07 -1791.4 -3047.07 0
27.92 0 -5.02975e-11 -11843.9 -2751.22 -11843.9 0
27.94 0 -8.90902e-11 -19941.4 -3612.02 -19941.4 0
27.96 0 1.58925e-10 -27052.1 -4420.71 -27052.1 0
27.98 0 9.09064e-12 -32952.9 -5208.95 -32952.9 0
28 0 -1.40072e-10 -37516.2 -5980.13 -37516.2 0
28.02 0 -1.60946e-10 -40720 -6697.88 -40720 0
28.04 0 2.2035