0.02 -7.53874 0.157376 -42.4403 -0.0948624 -42.4403 0.157376
0.04 -41.5742 4.6534 -172.71 -0.637249 -172.71 4.6534
0.06 -121.655 20.5322 -333.446 -2.02942 -333.446 20.5322
0.08 -264.626 68.1103 -444.798 -4.32288 -444.798 68.1103
0.1 -488.799 179.107 -500.961 -7.28262 -500.961 179.107
0.12 -811.364 336.522 -536.128 -9.75867 -536.128 336.522
0.14 -1238.31 473.98 -572.833 -7.47248 -572.833 473.98
0.16 -1754.44 534.794 -604.149 8.0064 -604.149 534.794
0.18 -2328.42 497.264 -623.068 46.5993 -623.068 497.264
0.2 -2930.92 402.812 -651.533 114.984 -651.533 402.812
0.22 -3546.45 318.866 -737.172 213.056 -737.172 318.866
0.24 -4170.23 233.583 -918.603 334.032 -918.603 233.583
0.26 -4800.97 75.2345 -1176.65 468.017 -1176.65 75.2345
0.28 -5439.23 -136.509 -1421.84 604.955 -1421.84 -136.509
0.3 -6086.37 -272.019 -1549.17 734.444 -1549.17 -272.019
0.32 -6734.77 -262.834 -1509.6 846.781 -1509.6 -262.834
0.34 -7356.66 -172.369 -1337.98 938.609 -1337.98 -172.369
0.36 -7904.53 -76.4784 -1118 1016.41 -1118 -76.4784
0.38 -8325.19 9.50869 -925.062 1091.36 -925.062 9.50869
0.4 -8578.5 47.4294 -814.019 1172.81 -814.019 47.4294
0.42 -8648.64 -55.4695 -816.917 1268.94 -816.917 -55.4695
0.44 -8539.48 -320.906 -880.895 1386.93 -880.895 -320.906
0.46 -8262.82 -603.579 -860.283 1521.31 -860.283 -603.579
0.48 -7839.79 -698.759 -688.039 1641.77 -688.039 -698.759
0.5 -7308.13 -554.824 -486.198 1703.49 -486.198 -554.824
0.52 -6714.98 -329.465 -410.62 1677.87 -410.62 -329.465
0.54 -6099.32 -306.116 -483.507 1573.31 -483.507 -306.116
0.56 -5488.69 -640.82 -606.769 1425.28 -606.769 -640.82
0.58 -4917.99 -1091.32 -674.343 1266.25 -674.343 -1091.32
0.6 -4442.74 -1231.61 -691.446 1101.62 -691.446 -1231.61
0.62 -4121.99 -1005.1 -807.958 910.741 -807.958 -1005.1
0.64 -3990.57 -803.754 -1198.97 670.044 -1198.97 -803.754
0.66 -4059.13 -874.394 -1871.41 374.304 -1871.41 -874.394
0.68 -4335.9 -997.842 -2611.39 38.043 -2611.39 -997.842
0.7 -4835.37 -855.321 -3161.11 -312.018 -3161.11 -855.321
0.72 -5563.94 -413.878 -3463.47 -637.889 -3463.47 -413.878
0.74 -6502.67 129.974 -3720.48 -895.68 -3720.48 129.974
0.76 -7610.15 620.144 -4219.71 -1058.55 -4219.71 620.144
0.78 -8836.04 940.414 -5106.17 -1132.89 -5106.17 940.414
0.8 -10125.6 978.76 -6238.88 -1136.71 -6238.88 978.76
0.82 -11416.6 837.272 -7210.73 -1064.6 -7210.73 837.272
0.84 -12651.6 861.37 -7670.84 -893.328 -7670.84 861.37
0.86 -13803.5 1280.27 -7709.22 -622.274 -7709.22 1280.27
0.88 -14868.1 1883.68 -7775.84 -285.431 -7775.84 1883.68
0.9 -15826.7 2218.44 -8213.46 85.4822 -8213.46 2218.44
0.92 -16625.7 2025.99 -8923.79 491.75 -8923.79 2025.99
0.94 -17215.2 1474.28 -9506.36 950.013 -9506.36 1474.28
0.96 -17585.6 954.316 -9563.16 1456.23 -9563.16 954.316
0.98 -17740.4 663.384 -8959.18 1976.21 -8959.18 663.384
1 -17280.2 137.875 -6084.52 2464.74 -6084.52 137.875
1.02 -15608.5 -792.576 -1506.41 2872.92 -1506.41 -792.576
1.04 -12714 -1217.92 -344.86 3121.98 -344.86 -1217.92
1.06 -8802.44 -918.691 -2757.53 3125.85 -2757.53 -918.691
1.08 -3974.88 -465.02 -4218.4 2893.99 -4218.4 -465.02
1.1 1415.68 20.7358 -3496.8 2552.2 -3496.8 20.7358
1.12 6801.64 299.421 -772.802 2213.77 -772.802 299.421
1.14 11461.5 302.466 2594.33 1858.5 2594.33 302.466
1.16 14737.4 560.453 3021.2 1331.99 3021.2 560.453
1.18 16731.6 822.052 1274.71 463.57 1274.71 822.052
1.2 18166.5 416.836 1971.68 -760.611 1971.68 416.836
1.22 19530 -244.131 5970.53 -2135.18 5970.53 -244.131
1.24 20660.8 -398.131 9377.6 -3377.2 9377.6 -398.131
1.26 20989.7 -190.088 8523.75 -4320.23 8523.75 -190.088
1.28 20158 -312.745 4090.38 -4961.18 4090.38 -312.745
1.3 18168.3 -877.471 -465.791 -5370.78 -465.791 -877.471
1.32 15004.1 -1317.98 -2495.98 -5613.9 -2495.98 -1317.98
1.34 10501.2 -1242.17 -1597.76 -5735.61 -1597.76 -1242.17
1.36 5175 -1494.27 2862.24 -5754.39 2862.24 -1494.27
1.38 188.623 -2582.09 8097.39 -5655.53 8097.39 -2582.09
1.4 -3872.61 -2953.38 6520.98 -5431.43 6520.98 -2953.38
1.42 -6824.78 -1898.97 -1015.56 -5066.08 -1015.56 -1898.97
1.44 -8394.57 -510.932 -6097.55 -4404.95 -6097.55 -510.932
1.46 -8641 605.801 -6071.3 -3172.85 -6071.3 605.801
1.48 -8449.28 1437.47 -5015.95 -1273.03 -5015.95 1437.47
1.5 -9206.85 1678.31 -6741.91 984.285 -6741.91 1678.31
1.52 -11528.7 1285.04 -10737.2 3036.55 -10737.2 1285.04
1.54 -14684.5 1148.42 -13647.8 4433.85 -13647.8 1148.42
1.56 -17435.7 1945.23 -12252.4 5078.28 -12252.4 1945.23
1.58 -18982.9 2874.25 -6257.22 5231.72 -6257.22 2874.25
1.6 -19077.3 2741.06 -42.1414 5329.53 -42.1414 2741.06
1.62 -17727.5 1708.95 653.888 5675.93 653.888 1708.95
1.64 -15050.2 824.005 -4574.94 6239.54 -4574.94 824.005
1.66 -11320.6 690.455 -10102.5 6751.55 -10102.5 690.455
1.68 -7052.43 1348.54 -10811.8 6957.49 -10811.8 1348.54
1.7 -3005.42 2564.28 -7050.28 6699.29 -7050.28 2564.28
1.72 97.009 3235.81 -2538.14 5834.93 -2538.14 3235.81
1.74 2095.84 1938.94 362.114 4273.22 362.114 1938.94
1.76 3563.44 -706.446 1898.72 2142.03 1898.72 -706.446
1.78 5303.92 -2112.25 3203.96 -181.562 3203.96 -2112.25
1.8 7722.91 -940.724 5077.48 -2257.14 5077.48 -940.724
1.82 10700.2 1189.03 7649.68 -3779.52 7649.68 1189.03
1.84 13809.7 1851.95 9768.52 -4669.54 9768.52 1851.95
1.86 16556.7 323.176 10037.3 -5092.41 10037.3 323.176
1.88 18595.1 -2294.59 9027.13 -5371.91 9027.13 -2294.59
1.9 19884.2 -4123.05 8840.7 -5771.59 8840.7 -4123.05
1.92 20678.9 -3957.93 10580 -6311.73 10580 -3957.93
1.94 21323.5 -2381.23 13458.2 -6802.75 13458.2 -2381.23
1.96 22053.3 -1433.16 15954.7 -7010.48 15954.7 -1433.16
1.98 22952.9 -2600.31 16793.3 -6755.25 16793.3 -2600.31
2 23988.9 -5015.31 15467.1 -5936.94 15467.1 -5015.31
2.02 24981.2 -6365.49 12558.2 -4592.7 12558.2 -6365.49
2.04 25593.9 -5391.3 9485.76 -2954.34 9485.76 -5391.3
2.06 25413.7 -2876.41 7323.26 -1385.08 7323.26 -2876.41
2.08 24032.3 -609.647 5727.31 -208.846 5727.31 -609.647
2.1 21130.5 56.18 3588.18 437.869 3588.18 56.18
2.12 16602.8 -683.398 622.787 651.075 622.787 -683.398
2.14 10659.2 -1085.11 -2189.21 694.501 -2189.21 -1085.11
2.16 3746.07 380.359 -3977.81 850.491 -3977.81 380.359
2.18 -3623 3162.07 -4889.16 1265.05 -4889.16 3162.07
2.2 -10982.7 5289.81 -5838.26 1888.11 -5838.26 5289.81
2.22 -17993.8 5565.52 -8099.23 2531.33 -8099.23 5565.52
2.24 -24390.3 4178.89 -11907.1 2991.69 -11907.1 4178.89
2.26 -29901.5 2258.37 -15659.3 3177.36 -15659.3 2258.37
2.28 -34340.9 1269.83 -17810 3155.48 -17810 1269.83
2.3 -37725.7 1843.27 -18617.6 3070.81 -18617.6 1843.27
2.32 -40140.6 3064.31 -18824.7 3015.05 -18824.7 3064.31
2.34 -41468.3 3446.69 -18229.7 2986.13 -18229.7 3446.69
2.36 -41397.3 2496.52 -16817.8 2951.3 -16817.8 2496.52
2.38 -39653.2 1036.22 -15179.5 2905.18 -15179.5 1036.22
2.4 -36125.6 304.334 -13307.4 2862.44 -13307.4 304.334
2.42 -30858.2 743.41 -10912.5 2825.2 -10912.5 743.41
2.44 -24024.6 1576.64 -8321.24 2773.03 -8321.24 1576.64
2.46 -15966.6 1885.79 -5963.36 2672.12 -5963.36 1885.79
2.48 -7217.43 1435.93 -3972.91 2486.37 -3972.91 1435.93
2.5 1630.72 367.479 -2290.36 2194.39 -2290.36 367.479
2.52 10116.5 -662.506 -276.412 1800.21 -276.412 -662.506
2.54 17999.3 -871.92 3226.99 1304.8 3226.99 -871.92
2.56 25140.2 -370.557 8096.9 661.162 8096.9 -370.557
2.58 31331.1 -151.54 12132.9 -216.037 12132.9 -151.54
2.6 36395.7 -1014.21 13842 -1373.55 13842 -1014.21
2.62 40380.6 -2809.19 14301.9 -2750.88 14301.9 -2809.19
2.64 43465.1 -4814.91 15130.9 -4189.96 15130.9 -4814.91
2.66 45594.1 -5774.45 16159 -5519.35 16159 -5774.45
2.68 46333.6 -4731.57 16030 -6650.77 16030 -4731.57
2.7 45179.1 -2434.23 14127.3 -7606.01 14127.3 -2434.23
2.72 41865.7 -777.248 10935.5 -8441.43 10935.5 -777.248
2.74 36415.5 -866.822 7762.48 -9138.57 7762.48 -866.822
2.76 28991.7 -1627.63 5859.35 -9575.61 5859.35 -1627.63
2.78 19742.7 -1259.5 4492.75 -9610.99 4492.75 -1259.5
2.8 8804.32 200.767 1156.15 -9173.14 1156.15 200.767
2.82 -3580.64 1193.84 -5235.73 -8258.11 -5235.73 1193.84
2.84 -16988.3 875.251 -12611.8 -6883.51 -12611.8 875.251
2.86 -30945 105.663 -18194 -5088.19 -18194 105.663
2.88 -45062.9 329.155 -21111.8 -2950.26 -21111.8 329.155
2.9 -58902.4 2008.59 -22117.5 -555.812 -22117.5 2008.59
2.92 -71787.2 4253.18 -22822.1 2040.17 -22822.1 4253.18
2.94 -82884.6 5559.48 -25030.4 4792.41 -25030.4 5559.48
2.96 -91455.7 5103.25 -28893.1 7640.46 -28893.1 5103.25
2.98 -97010.6 3435.45 -32197.7 10549.8 -32197.7 3435.45
3 -99355.5 1964.12 -32798.8 13529.2 -32798.8 1964.12
3.02 -98630.6 1686.53 -31065.7 16517.6 -31065.7 1686.53
3.04 -95235.5 2141.5 -29076.6 19254.6 -29076.6 2141.5
3.06 -89544.9 1983.52 -27967.6 21335.8 -27967.6 1983.52
3.08 -81674.4 714.948 -26856.5 22424.5 -26856.5 714.948
3.1 -71588.3 -392.551 -23797.3 22394.8 -23797.3 -392.551
3.12 -59370.6 198.466 -17342.3 21315.5 -17342.3 198.466
3.14 -45295.4 1802.2 -8096.98 19378.1 -8096.98 1802.2
3.16 -29717.5 2140.06 978.288 16830.6 978.288 2140.06
3.18 -12997.9 374.805 6930.25 13863.3 6930.25 374.805
3.2 4558.28 -2013.3 10240.6 10499.7 10240.6 -2013.3
3.22 22692.1 -3431 14251.2 6659.93 14251.2 -3431
3.24 40976.1 -3913.88 20660.2 2364.96 20660.2 -3913.88
3.26 58624.7 -4154.07 27831.3 -2192.15 27831.3 -4154.07
3.28 74648.6 -4524.21 33330.5 -6807.3 33330.5 -4524.21
3.3 88254.6 -5135.24 36348.6 -11397.9 36348.6 -5135.24
3.32 99037.6 -5521.99 37732.4 -15892.5 37732.4 -5521.99
3.34 106760 -5068.68 38500.3 -20051.3 38500.3 -5068.68
3.36 111095 -4262.65 38874.9 -23494.4 38874.9 -4262.65
3.38 111664 -4265.8 38312.6 -25915.2 38312.6 -4265.8
3.4 108227 -5081.41 36105.3 -27236.8 36105.3 -5081.41
3.42 100801 -5507.92 32102.5 -27575.9 32102.5 -5507.92
3.44 89653 -4815.79 26825.6 -27082.9 26825.6 -4815.79
3.46 75280.5 -3296.91 20988.4 -25806.2 20988.4 -3296.91
3.48 58316.9 -1494.93 14705.4 -23682.3 14705.4 -1494.93
3.5 39383.7 177.904 7569.89 -20627.2 7569.89 177.904
3.52 19042 1418.6 -373.684 -16623.6 -373.684 1418.6
3.54 -2116.65 2266.18 -8372.66 -11744.8 -8372.66 2266.18
3.56 -23361.7 3309.02 -15587.1 -6160.34 -15587.1 3309.02
3.58 -43875.5 5028.84 -21974.1 -152.284 -21974.1 5028.84
3.6 -62903.4 6764.86 -28413.9 5913.79 -28413.9 6764.86
3.62 -79794.8 7147.65 -35466.4 11701.5 -35466.4 7147.65
3.64 -93952.2 5768.93 -42230 17000.8 -42230 5768.93
3.66 -104915 4069.72 -47133.1 21693.8 -47133.1 4069.72
3.68 -112578 4014.06 -49832.3 25639.1 -49832.3 4014.06
3.7 -117114 5831.78 -50959.5 28632.6 -50959.5 5831.78
3.72 -118580 7950.9 -50457.6 30483.6 -50457.6 7950.9
3.74 -116727 8795.2 -47895.2 31085.3 -47895.2 8795.2
3.76 -111232 8068.07 -43494 30418 -43494 8068.07
3.78 -101981 6558.76 -37763.4 28550.5 -37763.4 6558.76
3.8 -89064.1 5198.89 -30854.5 25660.7 -30854.5 5198.89
3.82 -72748.3 4538.31 -23296.9 21980.2 -23296.9 4538.31
3.84 -53615.5 4277.06 -16297.7 17670.5 -16297.7 4277.06
3.86 -32557.1 3236.15 -10035.2 12792.4 -10035.2 3236.15
3.88 -10517.9 480.719 -3196.43 7424.49 -3196.43 480.719
3.9 11712.6 -3455.07 5210.35 1747.07 5210.35 -3455.07
3.92 33457.5 -6905.88 14704.5 -4038.43 14704.5 -6905.88
3.94 54057.5 -8824.9 23930.9 -9810.5 23930.9 -8824.9
3.96 72921.8 -9402.94 31632.4 -15479.8 31632.4 -9402.94
3.98 89540 -9474.24 36814.5 -20868.7 36814.5 -9474.24
4 103322 -9982.87 39026.8 -25679.4 39026.8 -9982.87
4.02 113441 -10931.5 38866.4 -29564.9 38866.4 -10931.5
4.04 118844 -10920.8 37205.9 -32232.7 37205.9 -10920.8
4.06 118458 -8704.19 34154.5 -33538.7 34154.5 -8704.19
4.08 111509 -5107.36 29513 -33516.3 29513 -5107.36
4.1 97829 -2106.59 23869.7 -32297.4 23869.7 -2106.59
4.12 77982.5 -294.684 18243.3 -29997.6 18243.3 -294.684
4.14 53100.4 1074.66 12649 -26664.2 12649 1074.66
4.16 24627.1 2292.84 6141.01 -22273.2 6141.01 2292.84
4.18 -5829.97 2737.04 -1931.72 -16739.2 -1931.72 2737.04
4.2 -36636.4 2322.27 -11425.1 -10010.7 -11425.1 2322.27
4.22 -66404.1 1922.76 -22049.1 -2260.02 -22049.1 1922.76
4.24 -94169.2 1846.49 -33384.4 6037.78 -33384.4 1846.49
4.26 -119196 1791.28 -43801.2 14276.4 -43801.2 1791.28
4.28 -140728 1978.15 -51390 21944.3 -51390 1978.15
4.3 -157985 2651.53 -55859.6 28675.4 -55859.6 2651.53
4.32 -170248 3316.33 -58056.5 34211.4 -58056.5 3316.33
4.34 -176861 3979.1 -58536.2 38433.1 -58536.2 3979.1
4.36 -177302 5729.33 -57595.8 41368.6 -57595.8 5729.33
4.38 -171386 8902.29 -55590.6 43080.5 -55590.6 8902.29
4.4 -159527 12445.3 -52590.3 43566.5 -52590.3 12445.3
4.42 -142784 15057.1 -48619.2 42795 -48619.2 15057.1
4.44 -122511 15717.8 -43257.2 40761.2 -43257.2 15717.8
4.46 -99857.8 14164.3 -35034.2 37457.3 -35034.2 14164.3
4.48 -75564.7 11090.8 -23037.1 32836 -23037.1 11090.8
4.5 -49996.6 7468.62 -8331.18 26875 -8331.18 7468.62
4.52 -23141.9 3957.61 7497.78 19683.6 7497.78 3957.61
4.54 5361.31 538.609 23899.3 11543.2 23899.3 538.609
4.56 36012.3 -3542.62 40944.1 2889.3 40944.1 -3542.62
4.58 69057 -8570.04 58292 -5728.63 58292 -8570.04
4.6 104081 -13235.7 74322.5 -13767.3 74322.5 -13235.7
4.62 139887 -16092.2 86483 -20886.2 86483 -16092.2
4.64 174809 -17585 93746.5 -27036.2 93746.5 -17585
4.66 207178 -19174.2 98446.4 -32322.9 98446.4 -19174.2
4.68 235531 -21315.5 103850 -36814.9 103850 -21315.5
4.7 258580 -23553.5 110324 -40490.8 110324 -23553.5
4.72 275320 -25222.9 115320 -43288.9 115320 -25222.9
4.74 285300 -25169.2 116419 -45138.1 116419 -25169.2
4.76 288738 -22232.3 113508 -45976.5 113508 -22232.3
4.78 286248 -16704.5 108334 -45770 108334 -16704.5
4.8 278359 -10241.4 102264 -44483.6 102264 -10241.4
4.82 265198 -4137.41 94382.8 -42050.1 94382.8 -4137.41
4.84 246616 963.368 82362.8 -38440.8 82362.8 963.368
4.86 222618 4102.7 65574.4 -33773.6 65574.4 4102.7
4.88 193735 4616.73 46557.8 -28301.3 46557.8 4616.73
4.9 161036 3529.56 28845.5 -22314.2 28845.5 3529.56
4.92 125840 2979.33 13683 -16125.5 13683 2979.33
4.94 89490 4241.51 -423.689 -10116.4 -423.689 4241.51
4.96 53355.5 7177.85 -15279.8 -4665 -15279.8 7177.85
4.98 18775.4 11192.8 -31210.5 34.9353 -31210.5 11192.8
5 -13266.7 15820.6 -47383.7 4057.48 -47383.7 15820.6
5.02 -42480.3 20765.8 -62678.9 7635.17 -62678.9 20765.8
5.04 -69305.4 25938.9 -76552.8 10968.2 -76552.8 25938.9
5.06 -94666.8 31319 -89433.4 14080 -89433.4 31319
5.08 -119611 36279.6 -101668 16786.2 -101668 36279.6
5.1 -144889 39459 -111785 18826.4 -111785 39459
5.12 -170600 40137.2 -116732 20103.8 -116732 40137.2
5.14 -196142 39232.5 -114723 20817.8 -114723 39232.5
5.16 -220459 38479 -106954 21358.3 -106954 38479
5.18 -242261 38362.8 -96223 22103.4 -96223 38362.8
5.2 -260060 36861.6 -84434.6 23340.4 -84434.6 36861.6
5.22 -272225 30317.2 -71935 25312.7 -71935 30317.2
5.24 -277232 16312.7 -58219.9 28198.9 -58219.9 16312.7
5.26 -273815 -3396.06 -41933.8 31939.3 -41933.8 -3396.06
5.28 -260779 -23822.2 -21297.3 36069.7 -21297.3 -23822.2
5.3 -236806 -40365.4 3992.02 39818.3 3992.02 -40365.4
5.32 -200654 -50752.5 31516.9 42575 31516.9 -50752.5
5.34 -151634 -53712.3 57792 44418.3 57792 -53712.3
5.36 -90084.9 -47074.3 80780.1 45822.5 80780.1 -47074.3
5.38 -17766.2 -29821.7 100466 46428.2 100466 -29821.7
5.4 61616.9 -5718.04 117141 44732.3 117141 -5718.04
5.42 142157 16788.6 129536 39565.5 129536 16788.6
5.44 216848 27734.5 135719 31652.5 135719 27734.5
5.46 279324 27712.8 135046 23022.5 135046 27712.8
5.48 324826 24715.1 129532 14327.6 129532 24715.1
5.5 350830 23073.3 122668 4057.42 122668 23073.3
5.52 356775 22780.3 115564 -8950.83 115564 22780.3
5.54 343453 24622.4 105783 -23786.6 105783 24622.4
5.56 312803 31476 90986.3 -38528.9 90986.3 31476
5.58 267404 44601.5 73454.4 -51828.4 73454.4 44601.5
5.6 210575 61910 57624.7 -62922.7 57624.7 61910
5.62 146190 78695.7 43338.6 -70707.8 43338.6 78695.7
5.64 78219 89831.3 26651.5 -73636.1 26651.5 89831.3
5.66 10790.3 92267.4 5591.32 -70728.5 5591.32 92267.4
5.68 -51736.9 86598.9 -17751.1 -62410.2 -17751.1 86598.9
5.7 -104992 75589.5 -38943.1 -50162.9 -38943.1 75589.5
5.72 -145225 62010.8 -54035.6 -35396.5 -54035.6 62010.8
5.74 -169663 48283.7 -61461 -18713.7 -61461 48283.7
5.76 -176362 37777.5 -62002.2 -171.634 -62002.2 37777.5
5.78 -163987 34285.4 -56849.8 19882.1 -56849.8 34285.4
5.8 -132047 38938.8 -46426.8 39988.7 -46426.8 38938.8
5.82 -81342.9 46755.7 -30984.1 57994.7 -30984.1 46755.7
5.84 -14052.4 51839.3 -11515.2 72731.4 -11515.2 51839.3
5.86 66226.5 52059.4 9399.34 84132.4 9399.34 52059.4
5.88 154473 49116.6 28449 91663.7 28449 49116.6
5.9 244695 45470.3 44343.8 93858.3 44343.8 45470.3
5.92 330656 43565.7 58992.1 89346.5 58992.1 43565.7
5.94 406172 46039.7 74209.2 77761 74209.2 46039.7
5.96 464938 53272.3 88664.7 59677 88664.7 53272.3
5.98 501061 61297.7 101179 36169.7 101179 61297.7
6 510596 63079.5 112964 8725.02 112964 63079.5
6.02 492582 52472.9 123231 -20598.3 123231 52472.9
6.04 447847 28781.4 126563 -49331.9 126563 28781.4
6.06 378954 -387.579 120516 -75304.9 120516 -387.579
6.08 291160 -23065.2 108962 -97400.7 108962 -23065.2
6.1 190252 -32243.5 92393.7 -115594 92393.7 -32243.5
6.12 80163.7 -29866.1 63476.5 -130126 63476.5 -29866.1
6.14 -38112.2 -22623.2 16084.2 -140643 16084.2 -22623.2
6.16 -165795 -14904.7 -45022.5 -146036 -45022.5 -14904.7
6.18 -304714 -6058.38 -109554 -144477 -109554 -6058.38
6.2 -456217 4742.9 -170762 -133265 -170762 4742.9
6.22 -614919 11893.3 -228176 -111141 -228176 11893.3
6.24 -720737 7726.27 -287288 -80372.4 -287288 7726.27
6.26 -738686 -6724.28 -384968 -42638.7 -384968 -6724.28
6.28 -719972 -21827.5 -523368 2626.69 -523368 -21827.5
6.3 -697146 -27124 -628305 53677.7 -628305 -27124
6.32 -667487 -14548.8 -640882 106235 -640882 -14548.8
6.34 -617430 14027.9 -643690 157173 -643690 14027.9
6.36 -554570 49366.6 -678333 205340 -678333 49366.6
6.38 -499854 81005.5 -727260 250795 -727260 81005.5
6.4 -453997 101252 -783863 296054 -783863 101252
6.42 -410532 108833 -806371 345771 -806371 108833
6.44 -348592 103255 -744494 401346 -744494 103255
6.46 -263751 83474.3 -632891 460168 -632891 83474.3
6.48 -155328 52989 -546403 519714 -546403 52989
6.5 -14729.1 20181.5 -502421 575651 -502421 20181.5
6.52 152959 -5933.61 -473061 620018 -473061 -5933.61
6.54 335463 -16739.8 -419819 643143 -419819 -16739.8
6.56 505981 -9952.69 -340845 636010 -340845 -9952.69
6.58 632580 -2151.42 -254054 596262 -254054 -2151.42
6.6 694247 -8062.69 -168997 530879 -168997 -8062.69
6.62 699350 -27361.5 -69367.8 450458 -69367.8 -27361.5
6.64 674923 -49761.4 66879.9 365259 66879.9 -49761.4
6.66 641950 -68485.3 237895 284085 237895 -68485.3
6.68 607901 -81858.9 414026 211342 414026 -81858.9
6.7 573956 -91058.4 556965 145224 556965 -91058.4
6.72 542234 -96651.7 643768 79428.9 643768 -96651.7
6.74 517041 -95986.1 678548 7076.11 678548 -95986.1
6.76 502194 -84631 682817 -76167 682817 -84631
6.78 498249 -62360.1 676834 -170943 676834 -62360.1
6.8 502633 -34764.7 667538 -273134 667538 -34764.7
6.82 501318 -9581.06 646308 -373746 646308 -9581.06
6.84 475679 6151.61 612485 -463920 612485 6151.61
6.86 414596 10314.7 586155 -538040 586155 10314.7
6.88 311390 7996.81 572640 -590409 572640 7996.81
6.9 173514 6900.11 557711 -615502 557711 6900.11
6.92 15128.2 10353.8 533192 -611913 533192 10353.8
6.94 -148155 15868.8 495533 -581943 495533 15868.8
6.96 -297903 19708.1 442171 -529465 442171 19708.1
6.98 -420068 21167.3 367592 -460935 367592 21167.3
7 -506954 22412.6 269424 -385571 269424 22412.6
7.02 -559763 29251.4 152203 -312264 152203 29251.4
7.04 -585450 42709.8 27431.5 -246720 27431.5 42709.8
7.06 -591886 58076.8 -90289.3 -190261 -90289.3 58076.8
7.08 -584869 70120.8 -189104 -139871 -189104 70120.8
7.1 -568602 79151.9 -265309 -89834.7 -265309 79151.9
7.12 -546575 89245.7 -323219 -34242.4 -323219 89245.7
7.14 -521935 102634 -369570 31295.5 -369570 102634
7.16 -497508 116488 -407324 108877 -407324 116488
7.18 -475314 124819 -433981 197366 -433981 124819
7.2 -448523 121324 -445533 289659 -445533 121324
7.22 -402183 103397 -429533 372759 -429533 103397
7.24 -337894 75259.1 -396509 434974 -396509 75259.1
7.26 -256357 45693.5 -358528 470492 -358528 45693.5
7.28 -152449 21576.8 -314773 476882 -314773 21576.8
7.3 -28479.9 4933.93 -266917 453323 -266917 4933.93
7.32 111049 -4119.58 -217812 402051 -217812 -4119.58
7.34 254631 -6288.67 -171474 331469 -171474 -6288.67
7.36 387997 -3242.72 -127630 254907 -127630 -3242.72
7.38 496787 2910.56 -82002.3 183342 -82002.3 2910.56
7.4 572181 10367.6 -28224.6 121627 -28224.6 10367.6
7.42 613304 16389 37391.5 70283.3 37391.5 16389
7.44 625775 17297.9 113203 27440 113203 17297.9
7.46 617416 11663.6 192681 -10644.4 192681 11663.6
7.48 595227 1282.27 267864 -49138.4 267864 1282.27
7.5 562359 -11105.4 331615 -92955.1 331615 -11105.4
7.52 521698 -23944.1 376343 -144180 376343 -23944.1
7.54 473467 -35698.7 393192 -199466 393192 -35698.7
7.56 410750 -43593.5 372071 -250306 372071 -43593.5
7.58 335002 -45838 330964 -288913 330964 -45838
7.6 246797 -43459.5 290200 -312155 290200 -43459.5
7.62 142923 -38590.5 251654 -318301 251654 -38590.5
7.64 24577.6 -33267.2 210423 -304504 210423 -33267.2
7.66 -104982 -29344.8 164880 -268145 164880 -29344.8
7.68 -235792 -27599.4 119819 -209551 119819 -27599.4
7.7 -354469 -26458.2 80356.7 -135153 80356.7 -26458.2
7.72 -448497 -22785.2 46724.5 -56048.9 46724.5 -22785.2
7.74 -511599 -14095.6 10945.5 18189.8 10945.5 -14095.6
7.76 -544923 -1171.82 -37498.3 81920.2 -37498.3 -1171.82
7.78 -554023 13629.3 -101825 131889 -101825 13629.3
7.8 -544638 28811.8 -174287 167219 -174287 28811.8
7.82 -521703 43615.2 -242408 190577 -242408 43615.2
7.84 -489541 56314.6 -297503 207959 -297503 56314.6
7.86 -452452 64634.7 -336125 226261 -336125 64634.7
7.88 -415542 68182.6 -355062 249799 -355062 68182.6
7.9 -372208 67771.3 -345614 277336 -345614 67771.3
7.92 -316310 63076.5 -309428 302383 -309428 63076.5
7.94 -248139 52923.1 -265860 317558 -265860 52923.1
7.96 -163113 38718.8 -226964 318131 -226964 38718.8
7.98 -59630.7 24838.3 -191895 301793 -191895 24838.3
8 60089 14999.7 -157896 267177 -157896 14999.7
8.02 188377 10263.5 -124043 214517 -124043 10263.5
8.04 312383 9210.47 -92485.4 148773 -92485.4 9210.47
8.06 418216 9010.68 -64222.5 79774.2 -64222.5 9010.68
8.08 496189 7761 -34094 16824 -34094 7761
8.1 543963 4109.56 8801.29 -35347.2 8801.29 4109.56
8.12 565374 -767.897 71822.6 -75273.4 71822.6 -767.897
8.14 566234 -5324.45 149571 -102419 149571 -5324.45
8.16 551719 -9482.33 225297 -117495 225297 -9482.33
8.18 526754 -14950.4 282681 -123602 282681 -14950.4
8.2 496562 -22949.1 315977 -125584 315977 -22949.1
8.22 465765 -32600.3 328735 -127917 328735 -32600.3
8.24 430579 -41405.1 323983 -132676 323983 -41405.1
8.26 380458 -46871.2 306834 -139036 306834 -46871.2
8.28 316071 -47513.3 286349 -144634 286349 -47513.3
8.3 237985 -42947.2 265945 -147234 265945 -42947.2
8.32 145323 -33206.7 244205 -144897 244205 -33206.7
8.34 42981.7 -17888.6 220838 -134825 220838 -17888.6
8.36 -63614.2 3594.64 196048 -113029 196048 3594.64
8.38 -166483 29982.3 167796 -76161.5 167796 29982.3
8.4 -259046 56073.1 133164 -24751.1 133164 56073.1
8.42 -336982 74496.1 91868.7 33398.2 91868.7 74496.1
8.44 -398808 80099.9 46828.2 84696.8 46828.2 80099.9
8.46 -444660 78885.3 830.055 118796 830.055 78885.3
8.48 -475596 78205.6 -44084.4 133657 -44084.4 78205.6
8.5 -492536 78730.5 -84690 131495 -84690 78730.5
8.52 -495712 78307.5 -118179 116030 -118179 78307.5
8.54 -485206 77811 -144528 93645.9 -144528 77811
8.56 -462171 81280.5 -164650 73094.7 -164650 81280.5
8.58 -428694 90952.9 -177518 62415.6 -177518 90952.9
8.6 -380596 105070 -179368 65125.8 -179368 105070
8.62 -315802 118095 -170102 78210.4 -170102 118095
8.64 -240227 123223 -155334 93705.6 -155334 123223
8.66 -156115 116144 -137494 103305 -137494 116144
8.68 -65053.4 97375.2 -115182 102230 -115182 97375.2
8.7 30408.8 70843.2 -88122.8 89531.7 -88122.8 70843.2
8.72 127637 41153.5 -57627 66183.1 -57627 41153.5
8.74 222260 12613.2 -24441.4 34067.7 -24441.4 12613.2
8.76 309627 -9949.71 10983.9 -3450.7 10983.9 -9949.71
8.78 385668 -21347.5 47459.2 -40390.1 47459.2 -21347.5
8.8 447676 -18789.7 83702.3 -68749.1 83702.3 -18789.7
8.82 494100 -9452.49 120332 -83786.7 120332 -9452.49
8.84 524706 -2621.59 158163 -87096.5 158163 -2621.59
8.86 540147 -466.7 194570 -82099.6 194570 -466.7
8.88 541143 -1060.73 224737 -71255.8 224737 -1060.73
8.9 528463 -4419.63 245233 -57980.3 245233 -4419.63
8.92 503666 -12542.2 254881 -47395.9 254881 -12542.2
8.94 464030 -25596.4 253245 -44504.7 253245 -25596.4
8.96 404530 -41663.7 244226 -51492.2 244226 -41663.7
8.98 330005 -57382.5 235330 -66207.2 235330 -57382.5
9 244784 -68555.7 226953 -83165.5 226953 -68555.7
9.02 151030 -71379.3 212138 -96380.2 212138 -71379.3
9.04 53096.6 -64335.8 185825 -101720 185825 -64335.8
9.06 -46056.6 -48962.5 149581 -97206.1 149581 -48962.5
9.08 -142282 -29045.5 108521 -81954.3 108521 -29045.5
9.1 -231917 -9190.87 67380.4 -55950.6 67380.4 -9190.87
9.12 -312025 6239.35 28165.9 -21517.5 28165.9 6239.35
9.14 -381274 14258.3 -10702.8 14727.8 -10702.8 14258.3
9.16 -438887 14761 -52141 43698.7 -52141 14761
9.18 -483424 14905.9 -96551.4 60317.5 -96551.4 14905.9
9.2 -512897 18822 -140378 65978.9 -140378 18822
9.22 -526479 23634.4 -179916 64832.8 -179916 23634.4
9.24 -525707 24153.2 -215584 61372.7 -215584 24153.2
9.26 -514119 20226 -249332 60563.3 -249332 20226
9.28 -495736 18722.1 -278640 67115.9 -278640 18722.1
9.3 -473137 26656.1 -296375 83400.3 -296375 26656.1
9.32 -440745 42718.8 -295291 107398 -295291 42718.8
9.34 -393166 57326.3 -276711 132927 -276711 57326.3
9.36 -333224 62319.5 -253189 153010 -253189 62319.5
9.38 -260857 58643.2 -232227 163314 -232227 58643.2
9.4 -175950 53646.5 -212698 162941 -212698 53646.5
9.42 -81101.6 52486.2 -191456 153204 -191456 52486.2
9.44 19766.1 53326.2 -167202 135988 -167202 53326.2
9.46 119979 50699.2 -140932 112924 -140932 50699.2
9.48 212746 42845.5 -112945 85537.6 -112945 42845.5
9.5 292819 34591.3 -80696 56070.2 -80696 34591.3
9.52 357540 32334.4 -40890.2 27842.4 -40890.2 32334.4
9.54 406242 35798.5 6475.84 3727.31 6475.84 35798.5
9.56 439662 39016.2 56512 -15220.8 56512 39016.2
9.58 459288 37939.2 101912 -29142.8 101912 37939.2
9.6 466816 32883.6 137315 -38787.5 137315 32883.6
9.62 463842 25150.8 161474 -45814.7 161474 25150.8
9.64 451916 14183.4 175953 -52750.9 175953 14183.4
9.66 432644 -614.385 182493 -62112.2 182493 -614.385
9.68 403686 -17382.8 181132 -75024.3 181132 -17382.8
9.7 360787 -32001 173601 -90273.6 173601 -32001
9.72 306934 -40615.4 162986 -104616 162986 -40615.4
9.74 244411 -42069 148370 -113880 148370 -42069
9.76 173637 -38158.5 126707 -114140 126707 -38158.5
9.78 96696.9 -31731.1 97943.7 -102753 97943.7 -31731.1
9.8 15234.2 -24447.9 65710.9 -79107 65710.9 -24447.9
9.82 -67429.3 -16280.7 34459.9 -45638.1 34459.9 -16280.7
9.84 -147636 -7091.51 6064.42 -8001.99 6064.42 -7091.51
9.86 -221499 1836.62 -21655 27367.7 -21655 1836.62
9.88 -285317 7919.65 -52444.4 56105.7 -52444.4 7919.65
9.9 -335480 10105.6 -87628.9 76821.9 -87628.9 10105.6
9.92 -369368 10756.7 -125076 90753.2 -125076 10756.7
9.94 -386628 13616.3 -161565 100885 -161565 13616.3
9.96 -389763 20419.7 -195489 110733 -195489 20419.7
9.98 -383073 29595.5 -227151 123079 -227151 29595.5
10 -370655 37687.1 -255936 138948 -255936 37687.1
10.02 -354909 42365.3 -277274 157099 -277274 42365.3
10.04 -334284 44059.6 -283586 174128 -283586 44059.6
10.06 -304958 45059.1 -269564 185822 -269564 45059.1
10.08 -267335 47176.6 -243678 189326 -243678 47176.6
10.1 -220889 49939.7 -216847 183875 -216847 49939.7
10.12 -163993 51410.1 -192946 169974 -192946 51410.1
10.14 -97128.4 50225.7 -170522 149132 -170522 50225.7
10.16 -21770.9 46893.2 -147744 124157 -147744 46893.2
10.18 57579.7 42945.5 -123756 98129.3 -123756 42945.5
10.2 135035 38936 -98038.9 72886.2 -98038.9 38936
10.22 204829 33598.7 -69945.7 49191.5 -69945.7 33598.7
10.24 262943 25580.4 -38248.5 27578.3 -38248.5 25580.4
10.26 307516 15631.6 -1129.61 8542.3 -1129.61 15631.6
10.28 338946 6004.35 41871.5 -7667.88 41871.5 6004.35
10.3 359233 -1537.05 87412.1 -21245.7 87412.1 -1537.05
10.32 370730 -6620.76 128621 -32795.6 128621 -6620.76
10.34 375139 -9885.83 158317 -43038.5 158317 -9885.83
10.36 373477 -12285.2 172727 -52437.8 172727 -12285.2
10.38 366388 -14480.2 172730 -61028 172730 -14480.2
10.4 350459 -16644.4 161037 -68360.1 161037 -16644.4
10.42 318617 -18754.7 144652 -73649.9 144652 -18754.7
10.44 270648 -20775.9 128917 -75853.7 128917 -20775.9
10.46 208130 -22601.2 111592 -73425 111592 -22601.2
10.48 132173 -23771.7 88978.9 -64943.1 88978.9 -23771.7
10.5 47465.5 -23161.9 62833.3 -50376.5 62833.3 -23161.9
10.52 -40337.4 -19164.1 36409.4 -31008 36409.4 -19164.1
10.54 -124730 -11108.2 9086.76 -8349.38 9086.76 -11108.2
10.56 -200726 -307.957 -23068 16055.9 -23068 -307.957
10.58 -265051 10401.5 -62219.4 40266.8 -62219.4 10401.5
10.6 -315963 18363.5 -106372 62243.3 -106372 18363.5
10.62 -352941 22769.8 -150358 80680.4 -150358 22769.8
10.64 -376927 24923.1 -188351 95638.5 -188351 24923.1
10.66 -389923 27006.9 -216791 108405 -216791 27006.9
10.68 -393846 30267.7 -236155 120601 -236155 30267.7
10.7 -389538 34042.3 -248749 133208 -248749 34042.3
10.72 -376645 36946.9 -254482 146193 -254482 36946.9
10.74 -346268 38986.6 -248846 158798 -248846 38986.6
10.76 -297277 41950.7 -234191 170253 -234191 41950.7
10.78 -234162 46989.6 -215893 179719 -215893 46989.6
10.8 -157681 52252.6 -195101 185274 -195101 52252.6
10.82 -71924.9 54051.1 -170364 184148 -170364 54051.1
10.84 19945.9 50195.1 -140613 174307 -140613 50195.1
10.86 113118 41918.3 -106330 155677 -106330 41918.3
10.88 202548 32965.6 -68087.9 129934 -68087.9 32965.6
10.9 283009 26792.8 -27239.9 99450.8 -27239.9 26792.8
10.92 350278 23793.8 14067.3 66880.1 14067.3 23793.8
10.94 401667 21163.5 54856.2 35050.4 54856.2 21163.5
10.96 436684 16045 95999 6432.16 95999 16045
10.98 456680 8443.93 137682 -17607.2 137682 8443.93
11 463861 407.444 177112 -37247.8 177112 407.444
11.02 460532 -6388.83 209566 -53960.3 209566 -6388.83
11.04 449109 -11536 230848 -69609.8 230848 -11536
11.06 431714 -15346.5 238259 -85482.6 238259 -15346.5
11.08 402248 -17996.9 228797 -101493 228797 -17996.9
11.1 355736 -19430.9 207071 -116366 207071 -19430.9
11.12 294759 -19589.3 182632 -128409 182632 -19589.3
11.14 218480 -18367.1 157029 -135315 157029 -18367.1
11.16 126931 -15788.9 126362 -134264 126362 -15788.9
11.18 23244.6 -12701.1 90664.5 -123033 90664.5 -12701.1
11.2 -86731.6 -10480.6 53955.3 -101205 53955.3 -10480.6
11.22 -194107 -9521.2 19026.8 -70437.1 19026.8 -9521.2
11.24 -289926 -8731.82 -16111.3 -33180.2 -16111.3 -8731.82
11.26 -367465 -6433.23 -55604 8079.62 -55604 -6433.23
11.28 -423627 -1117.32 -102037 50342.4 -102037 -1117.32
11.3 -458839 7912.76 -155165 90155.8 -155165 7912.76
11.32 -476185 19527.4 -211585 124750 -211585 19527.4
11.34 -480066 30593.5 -264791 153160 -264791 30593.5
11.36 -474999 37842.9 -307751 176290 -307751 37842.9
11.38 -464816 40186.3 -336389 195915 -336389 40186.3
11.4 -452269 39299.9 -349752 213455 -349752 39299.9
11.42 -433413 37759 -346132 229138 -346132 37759
11.44 -398536 37507.5 -325204 242111 -325204 37507.5
11.46 -347129 39607.9 -297277 251242 -297277 39607.9
11.48 -278578 43559.1 -268911 255093 -268911 43559.1
11.5 -190939 46905.7 -237506 251502 -237506 46905.7
11.52 -87423.3 47364.9 -201685 238201 -201685 47364.9
11.54 27070.3 45977 -165049 214116 -165049 45977
11.56 143404 45206.5 -130884 179820 -130884 45206.5
11.58 252165 43955.1 -95652.5 136933 -95652.5 43955.1
11.6 345550 38271.3 -52514.7 88031.9 -52514.7 38271.3
11.62 418982 27066.9 1361.99 37052.8 1361.99 27066.9
11.64 470899 14551.2 63487.8 -11285.9 63487.8 14551.2
11.66 502843 6580.65 128577 -53037.8 128577 6580.65
11.68 518826 5612.73 190457 -86281.8 190457 5612.73
11.7 523742 9046.1 244001 -111231 244001 9046.1
11.72 521389 11638.7 286708 -129454 286708 11638.7
11.74 513688 9894.34 317567 -142929 317567 9894.34
11.76 501304 4316.55 334295 -153406 334295 4316.55
11.78 480069 -2195.04 332451 -161970 332451 -2195.04
11.8 439091 -7953.93 309755 -168813 309755 -7953.93
11.82 378996 -13645.8 278377 -173214 278377 -13645.8
11.84 301785 -20025.6 248226 -173325 248226 -20025.6
11.86 206454 -25622.8 218873 -166305 218873 -25622.8
11.88 97158.7 -27453.2 187518 -149317 187518 -27453.2
11.9 -21848.2 -24131.5 152226 -120646 152226 -24131.5
11.92 -142318 -17103.6 112108 -80570.7 112108 -17103.6
11.94 -255227 -8950.11 67098 -31812.4 67098 -8950.11
11.96 -352033 -1507.31 17551.3 21104.8 17551.3 -1507.31
11.98 -427395 4397.74 -37375.8 72961.8 -37375.8 4397.74
12 -480166 9180.95 -99986.1 118743 -99986.1 9180.95
12.02 -513109 13997.3 -170702 154694 -170702 13997.3
12.04 -530448 19382.4 -244385 179401 -244385 19382.4
12.06 -535877 24501.6 -312065 194177 -312065 24501.6
12.08 -532334 28217.1 -366209 202330 -366209 28217.1
12.1 -522713 30689 -403998 207733 -403998 30689
12.12 -509956 33223.6 -426331 213437 -426331 33223.6
12.14 -496356 36721.6 -434646 220817 -434646 36721.6
12.16 -474286 40658.6 -425973 229223 -425973 40658.6
12.18 -431995 43948.9 -400623 236382 -400623 43948.9
12.2 -370486 45557.7 -370289 239525 -370289 45557.7
12.22 -289822 45212.9 -340561 236280 -340561 45212.9
12.24 -189042 43890.8 -308237 224866 -308237 43890.8
12.26 -72280.4 43017.9 -272214 204104 -272214 43017.9
12.28 54565.5 43281.6 -233313 173582 -233313 43281.6
12.3 181413 43790.4 -193063 134393 -193063 43790.4
12.32 297752 42966.2 -151236 89823.5 -151236 42966.2
12.34 394765 39994.7 -105391 44710.3 -105391 39994.7
12.36 467797 35205.5 -51128.7 4109.91 -51128.7 35205.5
12.38 516384 29171.5 14433.7 -27908.9 14433.7 29171.5
12.4 542996 22511.3 88575.1 -49365.8 88575.1 22511.3
12.42 551473 15879.8 163053 -60992 163053 15879.8
12.44 546526 9563.54 229117 -65935.6 229117 9563.54
12.46 533392 3095.57 282296 -68585.2 282296 3095.57
12.48 516994 -4076.34 322139 -73015.6 322139 -4076.34
12.5 500834 -11810.4 347903 -81630 347903 -11810.4
12.52 485531 -19143.6 355935 -94327.4 355935 -19143.6
12.54 458422 -24615.8 337409 -108284 337409 -24615.8
12.56 414762 -27135.8 302242 -119463 302242 -27135.8
12.58 357367 -26885.6 267123 -124709 267123 -26885.6
12.6 282623 -24735.6 234881 -121806 234881 -24735.6
12.62 190923 -21008.4 202375 -109257 202375 -21008.4
12.64 84248.6 -15625.1 169016 -86896.4 169016 -15625.1
12.66 -31100.3 -8890.14 135403 -56251.9 135403 -8890.14
12.68 -146108 -1630.02 100280 -20154 100280 -1630.02
12.7 -251416 5547.79 60781.4 18185.7 60781.4 5547.79
12.72 -340049 12526.8 13223.2 55555.2 13223.2 12526.8
12.74 -408352 18420 -45354.7 88818.2 -45354.7 18420
12.76 -456203 20867.5 -112754 115617 -112754 20867.5
12.78 -486448 18259.5 -179812 135380 -179812 18259.5
12.8 -503454 12515.9 -236283 149560 -236283 12515.9
12.82 -511076 7948.92 -277354 160719 -277354 7948.92
12.84 -511496 7646.54 -303156 171236 -303156 7646.54
12.86 -505352 11813.9 -313993 182586 -313993 11813.9
12.88 -484455 18412.6 -306699 195125 -306699 18412.6
12.9 -438324 25559.1 -283580 208145 -283580 25559.1
12.92 -370024 33274.4 -256814 220141 -256814 33274.4
12.94 -282721 41913.8 -231301 228773 -231301 41913.8
12.96 -178542 49346.6 -204381 230803 -204381 49346.6
12.98 -63649.7 51803.5 -174810 222780 -174810 51803.5
13 55380.2 47994.1 -141870 202175 -141870 47994.1
13.02 169825 40514.8 -104332 168430 -104332 40514.8
13.04 271901 32920.4 -61320.3 123760 -61320.3 32920.4
13.06 355927 26362.4 -13209.8 73053.8 -13209.8 26362.4
13.08 419762 19923.4 40411.6 22466.7 40411.6 19923.4
13.1 464498 13599 100223 -22420.9 100223 13599
13.12 493326 9106.65 163685 -58105.2 163685 9106.65
13.14 509778 7485.68 224302 -83914.1 224302 7485.68
13.16 516808 7307.59 275644 -101723 275644 7307.59
13.18 516842 5694.44 314518 -114887 314518 5694.44
13.2 512129 735.356 339470 -126954 339470 735.356
13.22 504665 -6800.31 348758 -140430 348758 -6800.31
13.24 490639 -13786.6 339203 -155544 339203 -13786.6
13.26 458516 -16951.4 310807 -169897 310807 -16951.4
13.28 406643 -14926.2 275363 -179802 275363 -14926.2
13.3 334805 -8832 239041 -181856 239041 -8832
13.32 239905 -1200.16 199847 -173534 199847 -1200.16
13.34 124269 5249.56 158331 -153281 158331 5249.56
13.36 -7248.44 8472.8 116629 -120599 116629 8472.8
13.38 -144129 8092.3 76318.3 -76476.1 76318.3 8092.3
13.4 -273918 5625.96 36316.7 -23989.6 36316.7 5625.96
13.42 -384907 3262.61 -6317.32 31996.6 -6317.32 3262.61
13.44 -469800 1726.59 -55761.2 86191.7 -55761.2 1726.59
13.46 -526931 -228.393 -115086 134185 -115086 -228.393
13.48 -559207 -3575.67 -182280 173330 -182280 -3575.67
13.5 -571581 -6352.16 -249062 203164 -249062 -6352.16
13.52 -569456 -4509.74 -305938 225045 -305938 -4509.74
13.54 -557910 3780.43 -347932 241235 -347932 3780.43
13.56 -539854 15498.2 -374292 254021 -374292 15498.2
13.58 -512654 24951.9 -382871 264918 -382871 24951.9
13.6 -467385 28868.6 -364269 273947 -364269 28868.6
13.62 -404374 29229.7 -329329 280295 -329329 29229.7
13.64 -324456 30580.3 -290415 282790 -290415 30580.3
13.66 -225139 34734.4 -249893 278814 -249893 34734.4
13.68 -109053 39062.6 -210556 264799 -210556 39062.6
13.7 19834.1 39791.5 -175575 237959 -175575 39791.5
13.72 152725 36015 -144923 197113 -144923 36015
13.74 279129 30527.7 -112252 143250 -112252 30527.7
13.76 388872 26560.4 -70956.3 80147.7 -70956.3 26560.4
13.78 475059 24040 -17403.4 14041.6 -17403.4 24040
13.8 535187 20322.4 49430.8 -48128.4 49430.8 20322.4
13.82 571667 14424.5 127612 -100647 127612 14424.5
13.84 590681 8929.01 211003 -140214 211003 8929.01
13.86 599444 7093.99 290558 -166262 290558 7093.99
13.88 603214 9111.65 357589 -180633 357589 9111.65
13.9 604251 11957.8 405749 -186854 405749 11957.8
13.92 602754 13387.3 431053 -188821 431053 13387.3
13.94 598262 13668.3 432390 -189501 432390 13668.3
13.96 588047 13879.5 411243 -190273 411243 13879.5
13.98 558252 13059.9 375798 -190687 375798 13059.9
14 499796 8299.57 344939 -188556 344939 8299.57
14.02 413627 -2771.39 325816 -180783 325816 -2771.39
14.04 301971 -18504.9 310262 -164611 310262 -18504.9
14.06 171291 -31664.4 291312 -138454 291312 -31664.4
14.08 30941.7 -34922.6 265097 -102199 265097 -34922.6
14.1 -106782 -27924.7 230788 -57159.5 230788 -27924.7
14.12 -231167 -16663.2 188243 -5771.62 188243 -16663.2
14.14 -335246 -6597.98 136925 48672.4 136925 -6597.98
14.16 -417205 1650.8 76133.3 101945 76133.3 1650.8
14.18 -479651 10046.8 8235.38 148852 8235.38 10046.8
14.2 -527354 18006.3 -59446.9 184274 -59446.9 18006.3
14.22 -563500 20360.4 -117044 205192 -117044 20360.4
14.24 -588074 11889.3 -159106 212344 -159106 11889.3
14.26 -599486 -3666.46 -188911 210161 -188911 -3666.46
14.28 -596991 -15194.7 -213154 204254 -213154 -15194.7
14.3 -581609 -13051.5 -233712 198823 -233712 -13051.5
14.32 -552177 2232.03 -246415 196184 -246415 2232.03
14.34 -501657 21997 -242568 196768 -242568 21997
14.36 -431663 38099.5 -222631 198499 -222631 38099.5
14.38 -348764 47739.8 -196132 196799 -196132 47739.8
14.4 -254320 52020.7 -166805 186236 -166805 52020.7
14.42 -149777 52589.3 -133527 163238 -133527 52589.3
14.44 -36022.4 49722.6 -97391.9 128028 -97391.9 49722.6
14.46 83969.1 42947.7 -62684.3 84396.4 -62684.3 42947.7
14.48 204199 33059.7 -33746 37573.4 -33746 33059.7
14.5 316703 23515.6 -10783.1 -7899.82 -10783.1 23515.6
14.52 413789 19006 10818 -48487.3 10818 19006
14.54 489686 22207.8 37588.1 -80676.1 37588.1 22207.8
14.56 541368 31666.7 73843.5 -101471 73843.5 31666.7
14.58 568683 40972.3 119529 -111250 119529 40972.3
14.6 574138 41896.3 169858 -114332 169858 41896.3
14.62 562373 31722.3 216278 -115032 216278 31722.3
14.64 538426 15581.7 249084 -114750 249084 15581.7
14.66 507632 2034.17 260018 -112866 260018 2034.17
14.68 464901 -5460.78 242014 -108782 242014 -5460.78
14.7 405587 -10570.4 206039 -102742 206039 -10570.4
14.72 332054 -17248.4 172885 -94938.4 172885 -17248.4
14.74 242178 -24006.2 149588 -84578.1 149588 -24006.2
14.76 135813 -27053.4 129737 -70360.7 129737 -27053.4
14.78 16153.1 -25790.3 107918 -51474.4 107918 -25790.3
14.8 -108997 -23232.1 85367.5 -27703.2 85367.5 -23232.1
14.82 -227888 -22813.1 65141.1 1151.39 65141.1 -22813.1
14.84 -329488 -25292.6 45527.9 35300.1 45527.9 -25292.6
14.86 -407576 -27399.1 19556 73666.2 19556 -27399.1
14.88 -461740 -24433.9 -20460.3 112299 -20460.3 -24433.9
14.9 -495079 -15845.6 -75899.2 145056 -75899.2 -15845.6
14.92 -511315 -7473.79 -136761 166823 -136761 -7473.79
14.94 -513820 -3773.45 -186120 176176 -186120 -3773.45
14.96 -506211 -2405.16 -212846 175026 -212846 -2405.16
14.98 -492180 2394.94 -218516 166463 -218516 2394.94
15 -473002 12989.2 -209675 154018 -209675 12989.2
15.02 -440144 26392.9 -190909 142018 -190909 26392.9
15.04 -387632 37180.2 -168039 134379 -168039 37180.2
15.06 -315096 41810.8 -145920 132513 -145920 41810.8
15.08 -222285 42170.7 -127492 134469 -127492 42170.7
15.1 -113570 43404 -113836 135775 -113836 43404
15.12 4578.11 47317.6 -102197 131202 -102197 47317.6
15.14 123672 49736 -86914.4 116576 -86914.4 49736
15.16 235313 45937.2 -63008.7 90047.6 -63008.7 45937.2
15.18 332248 36534.3 -28837.5 52618.3 -28837.5 36534.3
15.2 410015 27322.1 14458.5 8401.94 14458.5 27322.1
15.22 467595 24389.6 64082.2 -35137.1 64082.2 24389.6
15.24 506912 28789.4 115405 -69333.2 115405 28789.4
15.26 530882 32781.7 162559 -89454.5 162559 32781.7
15.28 541804 28652.4 200558 -96463.6 200558 28652.4
15.3 541079 17498.8 226434 -93650 226434 17498.8
15.32 529687 5747.09 239326 -84510.7 239326 5747.09
15.34 508835 -3856.11 240394 -73242.4 240394 -3856.11
15.36 475411 -13606.7 231046 -64673.3 231046 -13606.7
15.38 422235 -24239.6 218159 -62505.9 218159 -24239.6
15.4 351541 -32710.7 207848 -67179.4 207848 -32710.7
15.42 266350 -36255.8 199797 -75600.9 199797 -36255.8
15.44 168286 -35135.1 190077 -82769.2 190077 -35135.1
15.46 63021.1 -30881.5 175360 -83684.5 175360 -30881.5
15.48 -44111.4 -24683.3 153030 -74739.7 153030 -24683.3
15.5 -146729 -17737.1 121338 -54418.6 121338 -17737.1
15.52 -239737 -11174 81697.4 -23410 81697.4 -11174
15.54 -319251 -5509.8 38377.1 14864 38377.1 -5509.8
15.56 -383472 -870.582 -4606.84 53440.3 -4606.84 -870.582
15.58 -432411 2026.82 -45485 84381.9 -45485 2026.82
15.6 -467001 5104.78 -83795.3 103642 -83795.3 5104.78
15.62 -487719 11035.7 -118320 111523 -118320 11035.7
15.64 -494314 21557.6 -147591 109972 -147591 21557.6
15.66 -486890 34806.7 -171835 102004 -171835 34806.7
15.68 -467083 46668.7 -192293 92439.1 -192293 46668.7
15.7 -437951 54851.1 -209298 87102.2 -209298 54851.1
15.72 -400753 61132.6 -221620 90247.7 -221620 61132.6
15.74 -352197 67697.2 -224719 101916 -224719 67697.2
15.76 -293967 74133.2 -217249 117597 -217249 74133.2
15.78 -230042 78659.4 -201425 130848 -201425 78659.4
15.8 -160544 79780.3 -179669 136479 -179669 79780.3
15.82 -86506.8 76607.9 -154119 131971 -154119 76607.9
15.84 -9018.82 69541.3 -126111 117301 -126111 69541.3
15.86 69825.4 61139.9 -97661.1 94534.3 -97661.1 61139.9
15.88 146464 54364.2 -71674.9 67855.2 -71674.9 54364.2
15.9 216522 49429.3 -49325 42329.5 -49325 49429.3
15.92 276059 43505.4 -27250 21447.3 -27250 43505.4
15.94 322431 34634.6 -605.444 6641.65 -605.444 34634.6
15.96 354496 23307.1 32680.2 -1903.62 32680.2 23307.1
15.98 372639 11962.8 71224 -5360.91 71224 11962.8
16 378685 3897.11 111065 -6287.05 111065 3897.11
16.02 375559 1382.16 146552 -7667.79 146552 1382.16
16.04 366566 2607.47 172824 -11677.7 172824 2607.47
16.06 354388 2249.54 187206 -18947 187206 2249.54
16.08 339805 -3129.8 187752 -28398.8 187752 -3129.8
16.1 316417 -11421.3 173392 -37851.1 173392 -11421.3
16.12 280766 -17989.7 152016 -45292.3 152016 -17989.7
16.14 233584 -20646.7 132036 -49567.4 132036 -20646.7
16.16 174016 -20863.6 114877 -49975.4 114877 -20863.6
16.18 104268 -21334 97717 -45768.9 97717 -21334
16.2 28097.1 -22636.5 78875.5 -36522.9 78875.5 -22636.5
16.22 -48778.6 -21950.1 58525.6 -22631.8 58525.6 -21950.1
16.24 -120354 -15792.8 36411.1 -4994.25 36411.1 -15792.8
16.26 -181937 -3779.28 11502.2 15152.4 11502.2 -3779.28
16.28 -231102 10425.7 -16876.3 35940.8 -16876.3 10425.7
16.3 -267514 21979 -49482.3 55011.6 -49482.3 21979
16.32 -292252 28583.7 -86178.1 70359.6 -86178.1 28583.7
16.34 -306807 31511.1 -123055 81350.2 -123055 31511.1
16.36 -312425 33601.3 -153423 89067.2 -153423 33601.3
16.38 -310191 36799.1 -172995 95694.4 -172995 36799.1
16.4 -301443 41388.6 -182589 103394 -182589 41388.6
16.42 -287650 46604.9 -185110 113309 -185110 46604.9
16.44 -265328 51641 -181002 125092 -181002 51641
16.46 -232441 56252.2 -172133 137239 -172133 56252.2
16.48 -191756 60071.2 -159894 147568 -159894 60071.2
16.5 -143807 61834.1 -143118 153349 -143118 61834.1
16.52 -89797.3 60162.3 -121835 152178 -121835 60162.3
16.54 -31992.4 54918.3 -99082 143250 -99082 54918.3
16.56 27200 46971.7 -76720.9 127369 -76720.9 46971.7
16.58 85301.2 37440.9 -52797.8 106235 -52797.8 37440.9
16.6 140361 27722.4 -24710.8 82214.3 -24710.8 27722.4
16.62 190617 19120.3 6719.67 58062.5 6719.67 19120.3
16.64 234330 12060 38407.2 36107.3 38407.2 12060
16.66 270083 6435.35 68318.9 17496.5 68318.9 6435.35
16.68 297311 2084.61 96271.4 2045.98 96271.4 2084.61
16.7 316194 -1433.37 122348 -11316.8 122348 -1433.37
16.72 327105 -4698.95 145107 -23819.4 145107 -4698.95
16.74 330372 -8022.69 161299 -36223.9 161299 -8022.69
16.76 326530 -11415.2 167932 -48624.2 167932 -11415.2
16.78 315280 -14552.9 165341 -60485.9 165341 -14552.9
16.8 292392 -16716.5 157295 -70775.1 157295 -16716.5
16.82 258413 -17327.7 148080 -78168.9 148080 -17327.7
16.84 215063 -16454.6 135634 -81151.1 135634 -16454.6
16.86 162174 -14397.7 115862 -78488 115862 -14397.7
16.88 102361 -11235.6 90609.6 -69800.5 90609.6 -11235.6
16.9 38410.9 -6991.5 65399.3 -55308.3 65399.3 -6991.5
16.92 -25590.3 -1814.94 42960.2 -35509.1 42960.2 -1814.94
16.94 -86276.3 4210.3 21037.8 -11382.5 21037.8 4210.3
16.96 -140931 10918.8 -4504.31 15365.4 -4504.31 10918.8
16.98 -187416 17742.1 -34953.8 42437.5 -34953.8 17742.1
17 -223835 24172.2 -67147.5 67562.1 -67147.5 24172.2
17.02 -249303 30312.4 -96812.9 89246.5 -96812.9 30312.4
17.04 -264589 36392.4 -122665 107129 -122665 36392.4
17.06 -271820 42102.9 -146547 121706 -146547 42102.9
17.08 -273291 46897.6 -169456 133754 -169456 46897.6
17.1 -270596 50604.9 -188387 143917 -188387 50604.9
17.12 -264711 53462 -198195 152516 -198195 53462
17.14 -254927 55578.7 -195758 159328 -195758 55578.7
17.16 -239414 56620.6 -182664 163446 -182664 56620.6
17.18 -218435 55929.5 -165309 163669 -165309 55929.5
17.2 -191509 52871.7 -147514 159148 -147514 52871.7
17.22 -157395 47495 -128972 149499 -128972 47495
17.24 -116091 40782.6 -108488 134692 -108488 40782.6
17.26 -68431.7 34144.4 -85955.4 115391 -85955.4 34144.4
17.28 -16885 28059.6 -62991.6 93049.6 -62991.6 28059.6
17.3 35359.2 21484.2 -41309.1 69357.6 -41309.1 21484.2
17.32 85125.9 13212.1 -20605.7 45759.2 -20605.7 13212.1
17.34 130026 3820.18 1802.67 23411.5 1802.67 3820.18
17.36 168573 -4254.68 28325.7 3301.62 28325.7 -4254.68
17.38 200041 -8743.84 57911.8 -13822.4 57911.8 -8743.84
17.4 224226 -9723.88 85758.2 -27631.6 85758.2 -9723.88
17.42 241416 -9538.98 106853 -38227.6 106853 -9538.98
17.44 252377 -10326.9 119733 -45900.8 119733 -10326.9
17.46 257981 -12093.5 126286 -50818.9 126286 -12093.5
17.48 258553 -13259.3 128099 -52870.7 128099 -13259.3
17.5 251081 -12638.9 123282 -51907.8 123282 -12638.9
17.52 233390 -10689 111585 -48293.6 111585 -10689
17.54 206941 -9177.25 95497.7 -42717.2 95497.7 -9177.25
17.56 172586 -9186.82 77676.8 -35285.3 77676.8 -9186.82
17.58 131813 -9213.23 59987.7 -25417.5 59987.7 -9213.23
17.6 86908.6 -6225.12 42916.4 -12551.8 42916.4 -6225.12
17.62 40276.9 1304.05 25266.3 3328.33 25266.3 1304.05
17.64 -5344.97 11903.5 5254.2 21596.3 5254.2 11903.5
17.66 -47537.3 22616.9 -17787.1 41168.9 -17787.1 22616.9
17.68 -84543.4 31413.5 -42911.7 60750.7 -42911.7 31413.5
17.7 -115516 37983.7 -68625.8 79025.7 -68625.8 37983.7
17.72 -140423 42820.5 -93655 94854.6 -93655 42820.5
17.74 -159824 46196.8 -116483 107536 -116483 46196.8
17.76 -174482 48179.6 -135259 116973 -135259 48179.6
17.78 -184985 49111.4 -148641 123516 -148641 49111.4
17.8 -191519 49805.4 -155800 127554 -155800 49805.4
17.82 -193873 51165.7 -155712 129227 -155712 51165.7
17.84 -189926 52990.3 -147055 128866 -147055 52990.3
17.86 -177762 53401.6 -132625 127423 -132625 53401.6
17.88 -158167 51093.7 -117116 125552 -117116 51093.7
17.9 -131721 46261.7 -102446 122800 -102446 46261.7
17.92 -99250.2 39700.9 -87649.1 118155 -87649.1 39700.9
17.94 -62530 31754.3 -71254.8 110846 -71254.8 31754.3
17.96 -23692.5 22234.1 -52605 100553 -52605 22234.1
17.98 14665.9 11029 -31774.3 87258.2 -31774.3 11029
18 50351.9 -757.634 -9060.56 71171 -9060.56 -757.634
18.02 81972.8 -10463 15389 52858.9 15389 -10463
18.04 109103 -15554.1 41669.9 33393.2 41669.9 -15554.1
18.06 132041 -15885.8 69178 14240.2 69178 -15885.8
18.08 151465 -13719.8 95286.5 -3142.72 95286.5 -13719.8
18.1 168016 -11485.3 116075 -17720.8 116075 -11485.3
18.12 182059 -10076.1 129056 -29013.6 129056 -10076.1
18.14 193586 -9279.51 134418 -36943.9 134418 -9279.51
18.16 202174 -8818.89 133457 -41676.1 133457 -8818.89
18.18 206174 -7723.14 126387 -44009.9 126387 -7723.14
18.2 202821 -5333.66 114436 -45563.2 114436 -5333.66
18.22 191438 -2455.69 99872.6 -47572.6 99872.6 -2455.69
18.24 172161 385.441 83994.7 -49847.4 83994.7 385.441
18.26 145283 4511 67210.6 -51134.1 67210.6 4511
18.28 112203 11698.1 49366.8 -49917.2 49366.8 11698.1
18.3 74453.1 21859.7 29522 -44865.2 29522 21859.7
18.32 34065.3 32987.1 6655.81 -35024.4 6655.81 32987.1
18.34 -6915.66 42667 -19221.8 -20082.6 -19221.8 42667
18.36 -46565.5 49351.8 -46787.9 -682.924 -46787.9 49351.8
18.38 -83404.8 52641.4 -74586.7 21547.6 -74586.7 52641.4
18.4 -116457 52970.6 -101817 44471.9 -101817 52970.6
18.42 -145177 51096.7 -127604 66200.2 -127604 51096.7
18.44 -169206 47699.2 -150124 85631.8 -150124 47699.2
18.46 -188231 43548.9 -167096 102506 -167096 43548.9
18.48 -202059 40131.3 -177261 117088 -177261 40131.3
18.5 -210707 39457.9 -180834 129588 -180834 39457.9
18.52 -213834 41326.6 -178389 139800 -178389 41326.6
18.54 -208777 42204.3 -170422 147967 -170422 42204.3
18.56 -195343 39605.9 -159068 155067 -159068 39605.9
18.58 -174514 34095.1 -144967 161223 -144967 34095.1
18.6 -146400 27407.7 -127552 165169 -127552 27407.7
18.62 -112378 20149.9 -107361 165350 -107361 20149.9
18.64 -73650.6 11986.1 -85571.7 160662 -85571.7 11986.1
18.66 -32033.6 2493.54 -62799.9 150528 -62799.9 2493.54
18.68 10686.7 -7895.59 -38559.9 134795 -38559.9 -7895.59
18.7 52711.5 -17485.2 -12287 113856 -12287 -17485.2
18.72 92470.2 -24032.9 15509 88862.6 15509 -24032.9
18.74 128636 -26559.9 43185.6 61659.9 43185.6 -26559.9
18.76 160357 -26213.7 68908.2 34303.9 68908.2 -26213.7
18.78 187349 -25074.8 91519 8453.42 91519 -25074.8
18.8 209770 -24279.6 110549 -14906.9 110549 -24279.6
18.82 227848 -23567.8 125369 -35255.8 125369 -23567.8
18.84 241644 -22345.5 134551 -52072.8 134551 -22345.5
18.86 251098 -19697.8 136379 -64978.5 136379 -19697.8
18.88 254574 -15279.7 129779 -74430.7 129779 -15279.7
18.9 249376 -9914.79 116883 -81351.7 116883 -9914.79
18.92 235532 -4964.96 101300 -85881.7 101300 -4964.96
18.94 212984 -687.846 84284.4 -87056.3 84284.4 -687.846
18.96 181361 4127.59 65532.6 -83599.5 65532.6 4127.59
18.98 141811 10648.1 45179.8 -74682.4 45179.8 10648.1
19 96124.5 18754 24100.7 -60052.8 24100.7 18754
19.02 47234.6 27027.6 2795.85 -39885.1 2795.85 27027.6
19.04 -1803.58 33726.2 -19124.3 -14788.6 -19124.3 33726.2
19.06 -48276.6 37988.2 -42583.5 13996 -42583.5 37988.2
19.08 -90259.9 40380.3 -68052.6 44528.7 -68052.6 40380.3
19.1 -126638 42206 -94677.4 74514.8 -94677.4 42206
19.12 -157123 44056.4 -120185 101941 -120185 44056.4
19.14 -182030 45100.9 -141744 125537 -141744 45100.9
19.16 -201916 44322.1 -157167 144718 -157167 44322.1
19.18 -217176 42205.8 -165312 159145 -165312 42205.8
19.2 -227815 40096.2 -165966 168641 -165966 40096.2
19.22 -232299 38679.4 -159351 173654 -159351 38679.4
19.24 -227858 37398.3 -148033 175137 -148033 37398.3
19.26 -214401 35108.2 -135537 173700 -135537 35108.2
19.28 -192495 30829.3 -122782 169172 -122782 30829.3
19.3 -162661 24444 -108999 160949 -108999 24444
19.32 -126816 16939.7 -93645.2 148451 -93645.2 16939.7
19.34 -87082.5 9447.36 -76464.5 131297 -76464.5 9447.36
19.36 -45910.3 2202.39 -57007.4 109415 -57007.4 2202.39
19.38 -5114.89 -5133.04 -34664.6 83278.5 -34664.6 -5133.04
19.4 34214.8 -12187.6 -9523.56 54177.3 -9523.56 -12187.6
19.42 71588.8 -17592.9 16849.7 24228.4 16849.7 -17592.9
19.44 106716 -20307 41754.7 -4044.65 41754.7 -20307
19.46 139391 -20683.7 62798 -28364.9 62798 -20683.7
19.48 169338 -19872.7 78771.7 -47172.9 78771.7 -19872.7
19.5 195977 -18710.8 89427 -59722.3 89427 -18710.8
19.52 218325 -17244.8 95009.1 -66095.2 95009.1 -17244.8
19.54 235277 -14960.3 96202.2 -67390.7 96202.2 -14960.3
19.56 246101 -11517.8 93731 -65303 93731 -11517.8
19.58 249005 -7214.19 87581.6 -61051.8 87581.6 -7214.19
19.6 242630 -2569.27 78737.8 -54990.3 78737.8 -2569.27
19.62 228093 2518.58 68077.4 -46851.6 68077.4 2518.58
19.64 206058 8630.41 55255.5 -36017.7 55255.5 8630.41
19.66 177077 15752.5 39516 -21863.3 39516 15752.5
19.68 142256 22905.2 20941.8 -4097.63 20941.8 22905.2
19.7 102709 29031.2 607.166 16988.2 607.166 29031.2
19.72 59960.6 33822.8 -20052 40368.3 -20052 33822.8
19.74 15635.2 37348.4 -39892.8 64314 -39892.8 37348.4
19.76 -28536.5 39504.8 -58406.9 86746 -58406.9 39504.8
19.78 -70832.7 40272.8 -75624.4 105807 -75624.4 40272.8
19.8 -109618 40054.3 -91612 120302 -91612 40054.3
19.82 -143584 39528.5 -105940 129765 -105940 39528.5
19.84 -171917 39120.1 -117754 134393 -117754 39120.1
19.86 -194343 38622.8 -126357 135055 -126357 38622.8
19.88 -210986 37382.9 -131326 132904 -131326 37382.9
19.9 -222180 34752.4 -132006 128703 -132006 34752.4
19.92 -227113 30524.1 -127373 122733 -127373 30524.1
19.94 -224274 25098.3 -117802 115165 -117802 25098.3
19.96 -213848 19162.1 -105040 106135 -105040 19162.1
19.98 -195750 13219.9 -90124.7 95641.9 -90124.7 13219.9
20 -169684 7554.85 -73410.7 83631.1 -73410.7 7554.85
20.02 -136346 2495.94 -55659.2 70193.2 -55659.2 2495.94
20.04 -96958.6 -1569.52 -38041.7 55671.7 -38041.7 -1569.52
20.06 -53647.6 -4446.3 -21321.9 40644.9 -21321.9 -4446.3
20.08 -8817.38 -6416.92 -5378.91 25840.9 -5378.91 -6416.92
20.1 35208.7 -8208.04 10548.9 12062.9 10548.9 -8208.04
20.12 76573.2 -10485 27084.7 171.861 27084.7 -10485
20.14 113973 -13331.4 43752.5 -8945.92 43752.5 -13331.4
20.16 146746 -16047.8 58957.3 -14618.9 58957.3 -16047.8
20.18 174850 -17448.7 71289.4 -16864.5 71289.4 -17448.7
20.2 198664 -16611.6 80286.1 -16431.3 80286.1 -16611.6
20.22 218536 -13318.4 85630.9 -14198.4 85630.9 -13318.4
20.24 234449 -7886.51 86420.6 -10835.3 86420.6 -7886.51
20.26 245190 -862.757 81631.1 -6925.66 81631.1 -862.757
20.28 248587 6866.78 71972.5 -2992.62 71972.5 6866.78
20.3 244063 14170.2 59821.6 757.384 59821.6 14170.2
20.32 231358 20231.3 46439.3 4643.97 46439.3 20231.3
20.34 210106 25030.9 31491.5 9326.11 31491.5 25030.9
20.36 180877 28989.8 14679.2 15375.4 14679.2 28989.8
20.38 144704 32172.2 -3285.69 22966.8 -3285.69 32172.2
20.4 103405 34358.5 -21250.7 31851.3 -21250.7 34358.5
20.42 58948.5 35756.9 -38757.5 41510.3 -38757.5 35756.9
20.44 13160.9 37029.5 -56238.3 51273.5 -56238.3 37029.5
20.46 -32398.3 38591.2 -74011.9 60343.6 -74011.9 38591.2
20.48 -76264.3 40194.8 -91324.1 67877.4 -91324.1 40194.8
20.5 -117095 40998.8 -106634 73343.2 -106634 40998.8
20.52 -153820 40070.3 -118770 76967.3 -118770 40070.3
20.54 -185703 37116.3 -127646 79559.5 -127646 37116.3
20.56 -212201 32723.1 -133840 81859.9 -133840 32723.1
20.58 -232790 27818.1 -137495 84291.7 -137495 27818.1
20.6 -247019 23060.3 -137644 87063.4 -137644 23060.3
20.62 -253102 18695.5 -132966 90164 -132966 18695.5
20.64 -250148 14696.1 -124018 93298.9 -124018 14696.1
20.66 -238972 10967.5 -112573 95919.4 -112573 10967.5
20.68 -219942 7342.61 -99458.3 97340.7 -99458.3 7342.61
20.7 -193688 3672.55 -84515.4 96945.8 -84515.4 3672.55
20.72 -161004 84.8081 -67715.7 94390.7 -67715.7 84.8081
20.74 -122974 -3178.03 -49650 89641.3 -49650 -3178.03
20.76 -81027.3 -6231.55 -31349.6 82858.5 -31349.6 -6231.55
20.78 -36715.6 -9379.98 -13679 74317.9 -13679 -9379.98
20.8 8466.26 -12355.5 3102.37 64456.9 3102.37 -12355.5
20.82 53106.8 -14292.9 19209.8 53923.3 19209.8 -14292.9
20.84 95875.7 -14495 34809.4 43481.5 34809.4 -14495
20.86 135617 -12910.6 49570.6 33684.4 49570.6 -12910.6
20.88 171452 -10124.3 62764.6 24572.1 62764.6 -10124.3
20.9 202798 -6763.49 73667.8 15877.4 73667.8 -6763.49
20.92 229306 -3002.56 81676.5 7421.75 81676.5 -3002.56
20.94 250776 1346.82 86102.5 -818.993 86102.5 1346.82
20.96 267109 6339.76 86052.8 -8761.4 86052.8 6339.76
20.98 277100 11691.7 81056.5 -16099.3 81056.5 11691.7
21 279212 16994.9 72123.3 -22244 72123.3 16994.9
21.02 273410 22054.2 61213.7 -26478.7 61213.7 22054.2
21.04 259489 26972.2 49261.8 -28123.6 49261.8 26972.2
21.06 237239 31778.8 36156.3 -26675.3 36156.3 31778.8
21.08 207200 36028.8 22001 -21959.9 22001 36028.8
21.1 170390 39024 7425.96 -14153.6 7425.96 39024
21.12 128524 40447.3 -6781.05 -3659.88 -6781.05 40447.3
21.14 83544.7 40604 -20286.1 8978.4 -20286.1 40604
21.16 37337.3 40143.3 -33478.7 23031.4 -33478.7 40143.3
21.18 -8460.21 39399.5 -46999.7 37604.4 -46999.7 39399.5
21.2 -52446.3 38187.1 -60899.9 51932.7 -60899.9 38187.1
21.22 -93498.8 36103.3 -74297.3 65585.7 -74297.3 36103.3
21.24 -130821 32894.5 -85889.8 78321.9 -85889.8 32894.5
21.26 -163929 28635.7 -94811.1 89950.9 -94811.1 28635.7
21.28 -192499 23684.4 -100754 100308 -100754 23684.4
21.3 -216216 18517.3 -103538 109200 -103538 18517.3
21.32 -234662 13442.5 -102981 116341 -102981 13442.5
21.34 -246753 8412.21 -99138.9 121328 -99138.9 8412.21
21.36 -251190 3374.66 -92702.4 123717 -92702.4 3374.66
21.38 -247885 -1271.17 -84826.4 123161 -84826.4 -1271.17
21.4 -236954 -4837.2 -75992.1 119449 -75992.1 -4837.2
21.42 -218590 -6943.9 -66030.5 112519 -66030.5 -6943.9
21.44 -193558 -7836.82 -55047.3 102518 -55047.3 -7836.82
21.46 -162816 -8190.05 -43621.2 89861.6 -43621.2 -8190.05
21.48 -127579 -8852.95 -32305.4 75264.1 -32305.4 -8852.95
21.5 -88975.5 -10210.9 -21225 59744 -21225 -10210.9
21.52 -48011.7 -11512.4 -10272.9 44307.1 -10272.9 -11512.4
21.54 -5657.04 -11369 421.812 29588 421.812 -11369
21.56 36983.1 -8774.14 10195.1 15988.7 10195.1 -8774.14
21.58 78672.5 -3740.08 18165.2 3873.67 18165.2 -3740.08
21.6 118123 2756.07 23918 -6494.91 23918 2756.07
21.62 154075 9370.11 27766.5 -14980.6 27766.5 9370.11
21.64 185335 15308.7 30218.8 -21465.9 30218.8 15308.7
21.66 210834 20794.7 31280.6 -25750 31280.6 20794.7
21.68 229734 26328.9 30552 -27563 30552 26328.9
21.7 241405 31663.6 27836.4 -26671.2 27836.4 31663.6
21.72 245562 35712.4 23374.6 -22993.8 23374.6 35712.4
21.74 242711 37484.4 17557 -16633.8 17557 37484.4
21.76 233456 37209.7 10436.7 -7801.77 10436.7 37209.7
21.78 218336 36286 2354.65 3221.78 2354.65 36286
21.8 198141 36119.5 -5704.23 16000.1 -5704.23 36119.5
21.82 173764 37103.4 -12800.2 29791.8 -12800.2 37103.4
21.84 146271 38329.7 -18606.9 43526.6 -18606.9 38329.7
21.86 116793 38346.7 -23378.6 56270.7 -23378.6 38346.7
21.88 86544.9 36379.9 -27632.4 67672.7 -27632.4 36379.9
21.9 56756.3 32683.1 -31612.9 77650.8 -31612.9 32683.1
21.92 28515.2 28052.3 -35090.4 86021.8 -35090.4 28052.3
21.94 2590.09 23195.5 -37815 92570 -37815 23195.5
21.96 -20639.3 18597.7 -39824 97153 -39824 18597.7
21.98 -41056.8 14302.3 -41037.3 99665.4 -41037.3 14302.3
22 -58593 9790.61 -40837.3 99970.5 -40837.3 9790.61
22.02 -73052 4534.36 -38467.7 97931.9 -38467.7 4534.36
22.04 -84093.1 -1222.72 -33766 93532.8 -33766 -1222.72
22.06 -91415.3 -6398.7 -27515.4 86970.3 -27515.4 -6398.7
22.08 -94733.2 -9977.99 -20912.5 78627.7 -20912.5 -9977.99
22.1 -93834.6 -11770.7 -15002.4 68953.2 -15002.4 -11770.7
22.12 -88791.5 -12337.6 -10452.9 58363.9 -10452.9 -12337.6
22.14 -80050.7 -12555.3 -7425.35 47279.1 -7425.35 -12555.3
22.16 -68426.8 -13045.6 -5536.74 36261.1 -5536.74 -13045.6
22.18 -54881.9 -13810.3 -4103.36 26118.2 -4103.36 -13810.3
22.2 -40297 -13896.8 -2667.08 17600.2 -2667.08 -13896.8
22.22 -25328.5 -12293.4 -1262.01 10856.3 -1262.01 -12293.4
22.24 -10362.4 -9013.75 -397.275 5617.64 -397.275 -9013.75
22.26 4473.07 -4894.14 -723.979 1830.89 -723.979 -4894.14
22.28 19194.4 -527.638 -2500 -278.893 -2500 -527.638
22.3 33710 4346.88 -5595.02 -508.513 -5595.02 4346.88
22.32 47595.5 10481 -9938.82 1197.27 -9938.82 10481
22.34 60089.5 18152.2 -15596.9 4795.59 -15596.9 18152.2
22.36 70323.5 26431.5 -22300.1 10204 -22300.1 26431.5
22.38 77641.6 33380 -29255.2 17276 -29255.2 33380
22.4 81776.1 37398.6 -35625.7 25725.4 -35625.7 37398.6
22.42 82824.4 38541.1 -41066.9 35091 -41066.9 38541.1
22.44 81154.6 38186.4 -45789.9 44804.7 -45789.9 38186.4
22.46 77299.2 37602.4 -50212.8 54320.4 -50212.8 37602.4
22.48 71839.8 37132.4 -54408.5 63182 -54408.5 37132.4
22.5 65277.5 36811 -57748.9 70955.3 -57748.9 36811
22.52 57947 37045 -59230.9 77110.2 -59230.9 37045
22.54 50044.6 37592 -58321.8 81290.2 -58321.8 37592
22.56 41764.6 37341.2 -55383 83675.9 -55383 37341.2
22.58 33492.6 35212.3 -51139.2 84672.1 -51139.2 35212.3
22.6 25790 30774.9 -46068.1 84493.3 -46068.1 30774.9
22.62 19295.7 24286 -40214.7 83199.2 -40214.7 24286
22.64 14670 16647.8 -33292.9 80838 -33292.9 16647.8
22.66 12448.5 9202.86 -25227.5 77464.6 -25227.5 9202.86
22.68 12888.5 2865.65 -16688.1 73062.4 -16688.1 2865.65
22.7 15866.1 -2296.11 -8647.28 67531.4 -8647.28 -2296.11
22.72 20934.1 -6429.11 -1274.27 60826.9 -1274.27 -6429.11
22.74 27458.7 -9365.41 6119.27 53145.7 6119.27 -9365.41
22.76 34705.7 -11042.8 13956.8 44967.9 13956.8 -11042.8
22.78 41915.6 -12095.9 21704.5 36910 21704.5 -12095.9
22.8 48455.8 -13498.1 28232.6 29542.1 28232.6 -13498.1
22.82 53998.1 -15661.6 32600.2 23311.4 32600.2 -15661.6
22.84 58533.3 -18132.5 34437 18556 34437 -18132.5
22.86 62157.2 -19874 33782.7 15440.3 33782.7 -19874
22.88 64766.2 -19530 30803 13767.9 30803 -19530
22.9 65927 -16413.8 25748.4 13121.5 25748.4 -16413.8
22.92 65120.2 -10996.1 18999.7 13292.9 18999.7 -10996.1
22.94 61853.7 -4390.29 11085.9 14313.7 11085.9 -4390.29
22.96 55793.1 2463.71 2548.19 16221.4 2548.19 2463.71
22.98 46936.8 9017.95 -6481.22 19031.4 -6481.22 9017.95
23 35607.1 14893.8 -16359.3 22821 -16359.3 14893.8
23.02 22438.6 19853 -27325.3 27723.8 -27325.3 19853
23.04 8215.23 24005.3 -39149.1 33799.1 -39149.1 24005.3
23.06 -6366.64 27809 -51460.4 40880.1 -51460.4 27809
23.08 -20898.3 31632.6 -63998.3 48527.4 -63998.3 31632.6
23.1 -35256.7 35353.1 -76342.7 56157 -76342.7 35353.1
23.12 -49442 38532.4 -87629.9 63268.4 -87629.9 38532.4
23.14 -63415.9 40795 -96807.6 69566.4 -96807.6 40795
23.16 -77021.6 41987.7 -103067 74886.6 -103067 41987.7
23.18 -89908.4 42113.3 -105907 79057 -105907 42113.3
23.2 -101439 41031.3 -105205 81980.1 -105205 41031.3
23.22 -110710 38437 -101422 83841 -101422 38437
23.24 -116352 34276.7 -95470.9 84947.1 -95470.9 34276.7
23.26 -117054 29119.8 -88398.6 85396.8 -88398.6 29119.8
23.28 -112409 23952.9 -80756.7 85086.7 -80756.7 23952.9
23.3 -102414 19461.7 -72422.9 83888.5 -72422.9 19461.7
23.32 -87494.4 15601.5 -62773.6 81703.4 -62773.6 15601.5
23.34 -68583.4 11752.7 -51106.1 78433.4 -51106.1 11752.7
23.36 -46712.5 7330.62 -37236.1 73984.7 -37236.1 7330.62
23.38 -22845 2254.2 -21614.3 68331.2 -21614.3 2254.2
23.4 2371.58 -3021.72 -4997.26 61600.3 -4997.26 -3021.72
23.42 28558 -7825.28 11723.9 54110.6 11723.9 -7825.28
23.44 55424.4 -11730.7 27484 46297.7 27484 -11730.7
23.46 82530 -14649.4 41289.8 38570.7 41289.8 -14649.4
23.48 109174 -16493.1 52658 31226.6 52658 -16493.1
23.5 134402 -16986 61548.7 24479.8 61548.7 -16986
23.52 157145 -15991.8 68075.2 18535 68075.2 -15991.8
23.54 176435 -13770.7 72445.9 13505.9 72445.9 -13770.7
23.56 191607 -10815.6 74935.2 9252.46 74935.2 -10815.6
23.58 202410 -7559.17 75490.1 5563.81 75490.1 -7559.17
23.6 208413 -4213.73 73471.9 2489.96 73471.9 -4213.73
23.62 209068 -658.549 68298.9 294.364 68298.9 -658.549
23.64 204657 3435.69 60033 -772.349 60033 3435.69
23.66 195310 8296.32 48789.9 -520.041 48789.9 8296.32
23.68 180841 13814.3 34885.5 1217.02 34885.5 13814.3
23.7 161223 19667.1 19199.5 4551.12 19199.5 19667.1
23.72 136466 25533.1 2947.55 9471.05 2947.55 25533.1
23.74 107017 30920.1 -12761.2 15801.1 -12761.2 30920.1
23.76 73776 35168.5 -27182.7 23235.9 -27182.7 35168.5
23.78 38140.7 37843.3 -40116.5 31445.1 -40116.5 37843.3
23.8 1814.01 38974.3 -52123 40162 -52123 38974.3
23.82 -33439 38870.4 -64099 49168.5 -64099 38870.4
23.84 -66083.2 37876.4 -76335.6 58206.2 -76335.6 37876.4
23.86 -95052.8 36358.7 -88241.6 66949 -88241.6 36358.7
23.88 -119885 34621.1 -98782.5 75155 -98782.5 34621.1
23.9 -140625 32769.2 -106690 82721.4 -106690 32769.2
23.92 -157522 30677.8 -110492 89452.8 -110492 30677.8
23.94 -170716 28016.2 -109128 94976.5 -109128 28016.2
23.96 -179222 24324.8 -102629 98926.8 -102629 24324.8
23.98 -181424 19316.2 -92790.7 101141 -92790.7 19316.2
24 -176722 13292.7 -81653 101668 -81653 13292.7
24.02 -164514 7225.99 -70082 100570 -70082 7225.99
24.04 -144544 2163.61 -58148 97812 -58148 2163.61
24.06 -117645 -1379.59 -45857.3 93327.7 -45857.3 -1379.59
24.08 -85332.2 -3590.37 -33354.3 87086.2 -33354.3 -3590.37
24.1 -49732.9 -5123.33 -20804.3 79122.6 -20804.3 -5123.33
24.12 -12939.6 -6593.79 -7990.17 69555.5 -7990.17 -6593.79
24.14 23318.7 -8111.37 5651.74 58650.6 5651.74 -8111.37
24.16 57824 -9196.28 20223.2 46902.5 20223.2 -9196.28
24.18 89768.9 -9420.42 34709.3 35035.1 34709.3 -9420.42
24.2 118676 -8939.77 47386.6 23838.4 47386.6 -8939.77
24.22 144292 -8259.9 56834.1 13858.2 56834.1 -8259.9
24.24 166403 -7521.57 62321.2 5288.2 62321.2 -7521.57
24.26 184620 -6047.14 63672 -1799.4 63672 -6047.14
24.28 198305 -2825.29 61043.1 -7323.61 61043.1 -2825.29
24.3 205960 2360.41 54776 -11270.4 54776 2360.41
24.32 205912 8390.92 46222.7 -13723.4 46222.7 8390.92
24.34 197892 13639.6 36813.7 -14698.5 36813.7 13639.6
24.36 182010 17357.3 27071.2 -13933.5 27071.2 17357.3
24.38 158828 20018.3 16728.9 -10976.1 16728.9 20018.3
24.4 129811 22497.5 5404.67 -5476.61 5404.67 22497.5
24.42 96802.1 25278.5 -7003.73 2608.44 -7003.73 25278.5
24.44 61870.2 28289.4 -20446.5 12981.1 -20446.5 28289.4
24.46 26741.9 31094.9 -34894.9 25087.4 -34894.9 31094.9
24.48 -7358.67 33124.6 -50140.6 38239.8 -50140.6 33124.6
24.5 -39660.1 34109.5 -65321.7 51710.9 -65321.7 34109.5
24.52 -69593.5 34382.6 -78782.8 64771.8 -78782.8 34382.6
24.54 -96619.8 34379.3 -88743.2 76725.5 -88743.2 34379.3
24.56 -120085 33961.3 -94188.6 87028.5 -94188.6 33961.3
24.58 -139114 32512.6 -95274.5 95434.4 -95274.5 32512.6
24.6 -152626 29638.5 -92999 101912 -92999 29638.5
24.62 -159105 25653.5 -88256.9 106441 -88256.9 25653.5
24.64 -156938 21454 -81784.6 109016 -81784.6 21454
24.66 -146014 17962.3 -73911.9 109692 -73911.9 17962.3
24.68 -126955 15392.3 -64627.2 108466 -64627.2 15392.3
24.7 -100744 13041 -53851.3 105180 -53851.3 13041
24.72 -69033.8 10093 -41340.9 99571.4 -41340.9 10093
24.74 -33468.9 6485.35 -26767.4 91413.3 -26767.4 6485.35
24.76 4295.54 2836.64 -10221.4 80693.7 -10221.4 2836.64
24.78 42843.3 -308.743 7480.49 67740.1 7480.49 -308.743
24.8 80941.4 -2879.99 25121.5 53214.4 25121.5 -2879.99
24.82 117529 -4970.5 41655.1 37982.9 41655.1 -4970.5
24.84 151595 -6482.52 56253.5 22951.4 56253.5 -6482.52
24.86 182089 -7166.3 68076.3 8949.2 68076.3 -7166.3
24.88 207924 -6928.12 76516.7 -3325.71 76516.7 -6928.12
24.9 228115 -5939.49 81597.9 -13351.4 81597.9 -5939.49
24.92 241908 -4472.99 83812.3 -20879.5 83812.3 -4472.99
24.94 248847 -2731.62 83495.2 -25977.4 83495.2 -2731.62
24.96 247759 -767.028 80233.3 -28827.6 80233.3 -767.028
24.98 237820 1488.19 73837.3 -29523.1 73837.3 1488.19
25 219950 4088.95 64210.3 -28048.5 64210.3 4088.95
25.02 194791 7050.21 51165.7 -24280.7 51165.7 7050.21
25.04 162887 10363.2 35082.6 -18050.9 35082.6 10363.2
25.06 125158 13984.3 16899.4 -9269.51 16899.4 13984.3
25.08 82525.6 17799.2 -2539.26 1984.49 -2539.26 17799.2
25.1 36258.7 21555 -22712.1 15400.6 -22712.1 21555
25.12 -12135.5 24887.3 -43089.7 30415.1 -43089.7 24887.3
25.14 -60839.1 27432.7 -63052.7 46268.7 -63052.7 27432.7
25.16 -107873 29051 -82136.4 62138.5 -82136.4 29051
25.18 -151311 29928.5 -100067 77276 -100067 29928.5
25.2 -189578 30421.7 -116598 91079.4 -116598 30421.7
25.22 -221633 30800.2 -131388 103086 -131388 30800.2
25.24 -246969 31034.9 -143904 112937 -143904 31034.9
25.26 -265469 30770.3 -153221 120391 -153221 30770.3
25.28 -277182 29577.3 -157996 125374 -157996 29577.3
25.3 -282123 27388.7 -156941 127890 -156941 27388.7
25.32 -277922 24593.9 -149112 127928 -149112 24593.9
25.34 -263232 21665.6 -136690 125586 -136690 21665.6
25.36 -238709 18736.1 -122068 121095 -122068 18736.1
25.38 -204071 15560.6 -105675 114570 -105675 15560.6
25.4 -159815 12059.7 -87366.5 106031 -87366.5 12059.7
25.42 -107274 8679.34 -67695.1 95550.3 -67695.1 8679.34
25.44 -48777.4 5980.7 -47584.2 83238.3 -47584.2 5980.7
25.46 12607.1 4087.42 -27494.5 69226.6 -27494.5 4087.42
25.48 73696.9 2676.88 -7082.49 53778.5 -7082.49 2676.88
25.5 131659 1365.94 14392.2 37434.9 14392.2 1365.94
25.52 184227 32.0297 37257 21041.9 37257 32.0297
25.54 229841 -1172.8 60741.8 5605.51 60741.8 -1172.8
25.56 267751 -1973.02 82975.8 -7958.84 82975.8 -1973.02
25.58 297919 -2102.68 101806 -19043.5 101806 -2102.68
25.6 320714 -1406.32 115669 -27422.7 115669 -1406.32
25.62 336534 117.67 123824 -33174.4 123824 117.67
25.64 345527 2242.38 125887 -36521.1 125887 2242.38
25.66 346044 4587.46 121070 -37712.9 121070 4587.46
25.68 335021 6786.64 110318 -37023.6 110318 6786.64
25.7 312488 8643.15 96777.9 -34683.4 96777.9 8643.15
25.72 279001 10280 81997.4 -30684.2 81997.4 10280
25.74 234876 11946.6 65611.8 -24748.3 65611.8 11946.6
25.76 181926 13713.5 47316.6 -16514.4 47316.6 13713.5
25.78 122331 15475.2 27385.1 -5729.91 27385.1 15475.2
25.8 59184.3 17188.8 6286.25 7627.75 6286.25 17188.8
25.82 -4437.79 18924.4 -15834.7 23263.5 -15834.7 18924.4
25.84 -65767.1 20681.3 -39028.8 40500.8 -39028.8 20681.3
25.86 -122638 22400.6 -63187.9 58297.4 -63187.9 22400.6
25.88 -173409 23991.5 -87710.3 75408.6 -87710.3 23991.5
25.9 -217019 25279.3 -111300 90687.6 -111300 25279.3
25.92 -252948 26089.1 -132211 103389 -132211 26089.1
25.94 -281100 26360.2 -149021 113286 -149021 26360.2
25.96 -301631 26126 -161165 120573 -161165 26126
25.98 -314799 25403.2 -168461 125659 -168461 25403.2
26 -320825 24208.3 -170290 128960 -170290 24208.3
26.02 -317720 22703.9 -165062 130722 -165062 22703.9
26.04 -302988 21112 -153704 130964 -153704 21112
26.06 -277541 19427.3 -139462 129464 -139462 19427.3
26.08 -241917 17302.2 -123921 125769 -123921 17302.2
26.1 -196436 14545.8 -106921 119371 -106921 14545.8
26.12 -142737 11623.2 -88254.9 109948 -88254.9 11623.2
26.14 -82877.9 9216.22 -68262.4 97503.1 -68262.4 9216.22
26.16 -19959.9 7570.45 -47557.6 82371.8 -47557.6 7570.45
26.18 42753.8 6400.53 -26800.5 65212.2 -26800.5 6400.53
26.2 102225 5234.4 -6275.05 46970.7 -6275.05 5234.4
26.22 156105 3808.78 14550.6 28800.7 14550.6 3808.78
26.24 202780 2342.52 36289 11890 36289 2342.52
26.26 241383 1468.85 58204.2 -2796.98 58204.2 1468.85
26.28 271634 1646.36 78046.5 -14740.3 78046.5 1646.36
26.3 293684 2654.73 93417 -23882.3 93417 2654.73
26.32 307973 3828.82 102975 -30436.5 102975 3828.82
26.34 315023 4702.83 106382 -34666.1 106382 4702.83
26.36 314153 5321 103325 -36758.4 103325 5321
26.38 302687 6005.21 94174.9 -36838.3 94174.9 6005.21
26.4 280499 6927.69 81578.4 -34979.9 81578.4 6927.69
26.42 248226 7974.99 67289.6 -31080 67289.6 7974.99
26.44 206114 8881.54 51560.8 -24825.3 51560.8 8881.54
26.46 155964 9537.86 34672.1 -15863.1 34672.1 9537.86
26.48 99931.5 10320.5 17073.9 -3990.19 17073.9 10320.5
26.5 41103.1 11874.3 -951.119 10723.9 -951.119 11874.3
26.52 -17414.4 14478.7 -19569.8 27855.5 -19569.8 14478.7
26.54 -72850.9 17715.7 -39162.6 46576.6 -39162.6 17715.7
26.56 -123198 20780.2 -59997.9 65688.2 -59997.9 20780.2
26.58 -167141 23017.4 -81685.9 83797.6 -81685.9 23017.4
26.6 -203994 24199.9 -102787 99629 -102787 24199.9
26.62 -233527 24518.6 -121177 112333 -121177 24518.6
26.64 -255788 24381.9 -135078 121611 -135078 24381.9
26.66 -270893 24120.6 -143637 127606 -143637 24120.6
26.68 -278849 23756 -146576 130699 -146576 23756
26.7 -278923 23107 -143611 131368 -143611 23107
26.72 -268413 22173.1 -135075 130114 -135075 22173.1
26.74 -246945 21226.6 -123412 127283 -123412 21226.6
26.76 -215310 20419 -110208 122832 -110208 20419
26.78 -173827 19489.6 -95324.6 116332 -95324.6 19489.6
26.8 -124172 17995.3 -78546.6 107238 -78546.6 17995.3
26.82 -68248.5 15744.1 -60120.2 95185.9 -60120.2 15744.1
26.84 -8785.79 12979.9 -40556.6 80171.9 -40556.6 12979.9
26.86 51412.7 10247.3 -20163.5 62641.4 -20163.5 10247.3
26.88 109678 8045.65 927.607 43511.2 927.607 8045.65
26.9 163792 6476.11 22542 24089.9 22542 6476.11
26.92 211949 5274.67 44145.3 5853.91 44145.3 5274.67
26.94 252839 4234.54 64676.4 -9895.76 64676.4 4234.54
26.96 285661 3464.07 82747.9 -22349.6 82747.9 3464.07
26.98 310091 3126.64 97215.5 -31301.7 97215.5 3126.64
27 326160 3103.47 107480 -37012.7 107480 3103.47
27.02 334114 3121.57 113222 -39961.8 113222 3121.57
27.04 334142 3111.98 114069 -40649.3 114069 3111.98
27.06 323973 3283.41 108999 -39491.8 108999 3283.41
27.08 302988 3867.89 99625.9 -36743.1 99625.9 3867.89
27.1 272809 4915.6 88069.7 -32352.8 88069.7 4915.6
27.12 233979 6291.46 74354.6 -25922.6 74354.6 6291.46
27.14 187749 7712.64 57950.9 -16946.9 57950.9 7712.64
27.16 135715 9000.82 39392.9 -5128.78 39392.9 9000.82
27.18 80037.1 10367.9 19899.5 9462.84 19899.5 10367.9
27.2 23225.2 12226.4 305.566 26357.5 305.566 12226.4
27.22 -32267 14650.5 -19189.9 44695.4 -19189.9 14650.5
27.24 -84336 17167.1 -38717.3 63288.6 -38717.3 17167.1
27.26 -131255 19245.5 -58372.6 80776.5 -58372.6 19245.5
27.28 -171708 20820.3 -77732.3 95895.7 -77732.3 20820.3
27.3 -204889 22163 -95669 107788 -95669 22163
27.32 -230525 23359.8 -110842 116173 -110842 23359.8
27.34 -248705 24121.7 -122319 121276 -122319 24121.7
27.36 -259674 24096.8 -129628 123572 -129628 24096.8
27.38 -263655 23253.6 -132355 123560 -132355 23253.6
27.4 -259685 21989.8 -129704 121679 -129704 21989.8
27.42 -246070 20879.3 -121886 118279 -121886 20879.3
27.44 -223263 20180.4 -110838 113495 -110838 20180.4
27.46 -191872 19593.2 -97847.2 107145 -97847.2 19593.2
27.48 -152370 18625.9 -83218.2 98862 -83218.2 18625.9
27.5 -106269 17110.8 -67350.2 88368.3 -67350.2 17110.8
27.52 -55371.4 15249.9 -50798.4 75652 -50798.4 15249.9
27.54 -2154.26 13259.4 -33994.9 61019.1 -33994.9 13259.4
27.56 50836.2 11155.3 -17030 45087 -17030 11155.3
27.58 101222 8906.82 206.156 28756.1 206.156 8906.82
27.6 147088 6675.67 17798.5 13134.9 17798.5 6675.67
27.62 187004 4818.98 35463 -631.779 35463 4818.98
27.64 220087 3657.67 52294 -11620.8 52294 3657.67
27.66 245946 3273.35 66959.1 -19354.1 66959.1 3273.35
27.68 264560 3472.84 78252.3 -23845 78252.3 3472.84
27.7 276069 3928.55 85442.2 -25458.2 85442.2 3928.55
27.72 280615 4416.4 88172.6 -24713.8 88172.6 4416.4
27.74 277540 4911.76 86051 -22168 86051 4911.76
27.76 265411 5450.63 79394.1 -18337.4 79394.1 5450.63
27.78 244598 6002.88 69877 -13538.5 69877 6002.88
27.8 215845 6549.1 58590.8 -7740.21 58590.8 6549.1
27.82 179728 7216.2 45716.5 -640.106 45716.5 7216.2
27.84 137705 8257.64 31486.2 8108.81 31486.2 8257.64
27.86 91406.2 9853.11 16324 18698.9 16324 9853.11
27.88 42974.4 11927.8 631.305 31046.7 631.305 11927.8
27.9 -5438.09 14198.4 -15417.4 44733.4 -15417.4 14198.4
27.92 -51832.9 16364.9 -31763 58999.8 -31763 16364.9
27.94 -94581.4 18236.6 -48284.5 72820.7 -48284.5 18236.6
27.96 -132406 19729.1 -64565.2 85092 -64565.2 19729.1
27.98 -164411 20801.1 -79765.9 94905.3 -79765.9 20801.1
28 -190048 21425.8 -92816.6 101781 -92816.6 21425.8
28.02 -209052 21622.8 -102842 105725 -102842 21622.8
28.04 -221320 21491.4 -109387 107093 -109387 21491.4
28.06 -226823 21184.4 -112275 106406 -112275 21184.4
28.08 -225233 20832.7 -111281 104210 -111281 20832.7
28.1 -215348 20486 -106339 100984 -106339 20486
28.12 -197362 20085 -98609.7 97005.1 -98609.7 20085
28.14 -172078 19495.3 -89031.9 92226.1 -89031.9 19495.3
28.16 -140063 18599.9 -77796.7 86353 -77796.7 18599.9
28.18 -102608 17363.2 -65067.7 79048.5 -65067.7 17363.2
28.2 -61087.7 15819.8 -51199.4 70117.2 -51199.4 15819.8
28.22 -17299.3 14039.7 -36658.4 59614.6 -36658.4 14039.7
28.24 26920.5 12118.9 -21805.6 47891.6 -21805.6 12118.9
28.26 69796.5 10183.1 -6893.05 35585.2 -6893.05 10183.1
28.28 109806 8384.86 7874.12 23549.1 7874.12 8384.86
28.3 145678 6879.75 22186.4 12709 22186.4 6879.75
28.32 176436 5783.33 35482 3854.56 35482 5783.33
28.34 201402 5128.92 46994.4 -2555.87 46994.4 5128.92
28.36 220172 4876.08 55977.8 -6467.88 55977.8 4876.08
28.38 232516 4962.67 61874.9 -8145.59 61874.9 4962.67
28.4 238306 5321.81 64378.8 -8009.74 64378.8 5321.81
28.42 237264 5862.39 63324.1 -6506.84 63324.1 5862.39
28.44 228335 6472.93 58709.2 -4031.51 58709.2 6472.93
28.46 211570 7084.16 51455.1 -828.142 51455.1 7084.16
28.48 187599 7722.47 42290.4 3107.38 42290.4 7722.47
28.5 156888 8478.5 31380.1 7996.76 31380.1 8478.5
28.52 120589 9433.39 18923 14132.4 18923 9433.39
28.54 80012.2 10619.5 5325.52 21727 5325.52 10619.5
28.56 36881.3 12033.1 -8938.12 30807.9 -8938.12 12033.1
28.58 -7011.31 13646.2 -23563.6 41156.5 -23563.6 13646.2
28.6 -49914.8 15392.3 -38383.4 52291.5 -38383.4 15392.3
28.62 -90210.5 17122.5 -52677.4 63510.3 -52677.4 17122.5
28.64 -126403 18634.3 -65510.1 74002 -65510.1 18634.3
