0.02 0 3.85546e-17 0.00896059 -0.00690471 0.00896059 0
0.04 0 2.66698e-15 -1.61497 -0.0643118 -1.61497 0
0.06 0 1.08626e-14 -13.4329 -0.336729 -13.4329 0
0.08 0 1.58978e-13 -53.5845 -1.33202 -53.5845 0
0.1 0 4.06975e-13 -140.65 -4.73439 -140.65 0
0.12 0 -9.02671e-13 -278.471 -15.6196 -278.471 0
0.14 0 -2.34741e-15 -450.347 -44.8345 -450.347 0
0.16 0 8.25586e-12 -626.243 -107.733 -626.243 0
0.18 0 6.9583e-12 -773.82 -217.905 -773.82 0
0.2 0 -1.9604e-11 -867.516 -379.883 -867.516 0
0.22 0 1.87561e-12 -896.715 -586.136 -896.715 0
0.24 0 1.05021e-11 -870.891 -820.474 -870.891 0
0.26 0 1.03428e-11 -817.13 -1064.93 -817.13 0
0.28 0 -7.86467e-12 -771.456 -1304.19 -771.456 0
0.3 0 -3.14766e-11 -768.124 -1525.85 -768.124 0
0.32 0 3.09085e-11 -826.626 -1721.27 -826.626 0
0.34 0 -1.97486e-11 -938.008 -1889.75 -938.008 0
0.36 0 5.4942e-11 -1060.13 -2039.96 -1060.13 0
0.38 0 -3.70501e-11 -1129.68 -2184.51 -1129.68 0
0.4 0 -2.54126e-11 -1086.03 -2333.27 -1086.03 0
0.42 0 -2.64842e-11 -895.872 -2491.49 -895.872 0
0.44 0 9.05618e-11 -571.211 -2657.74 -571.211 0
0.46 0 4.93371e-11 -172.024 -2817.3 -172.024 0
0.48 0 -3.2689e-11 219.371 -2939.7 219.371 0
0.5 0 3.78466e-11 545.6 -2992.36 545.6 0
0.52 0 -1.00894e-10 804.363 -2963.57 804.363 0
0.54 0 6.59086e-11 1030.03 -2872.76 1030.03 0
0.56 0 -5.45808e-11 1244.42 -2755.33 1244.42 0
0.58 0 -2.85682e-11 1421.24 -2632.31 1421.24 0
0.6 0 -2.25555e-11 1488.94 -2489.46 1488.94 0
0.62 0 6.3976e-11 1366.99 -2285.26 1366.99 0
0.64 0 -1.2253e-11 1008.82 -1981.53 1008.82 0
0.66 0 -3.55566e-11 416.79 -1567.53 416.79 0
0.68 0 2.56538e-11 -383.024 -1058.36 -383.024 0
0.7 0 -5.52549e-12 -1374.99 -481.203 -1374.99 0
0.72 0 -4.32275e-13 -2556.31 130.75 -2556.31 0
0.74 0 8.82686e-12 -3906.11 739.997 -3906.11 0
0.76 0 7.06762e-12 -5356.67 1313.38 -5356.67 0
0.78 0 5.42468e-13 -6798.11 1829.94 -6798.11 0
0.8 0 -5.13764e-11 -8120.8 2275.8 -8120.8 0
0.82 0 -3.72117e-11 -9272.98 2637.73 -9272.98 0
0.84 0 3.22174e-11 -10286.1 2911.57 -10286.1 0
0.86 0 3.61176e-11 -11226.3 3110.32 -11226.3 0
0.88 0 1.39235e-10 -12098.9 3246.31 -12098.9 0
0.9 0 2.58125e-11 -12802.1 3301.52 -12802.1 0
0.92 0 -2.11304e-10 -13186.3 3228.6 -13186.3 0
0.94 0 8.86243e-11 -13168.2 2990.74 -13168.2 0
0.96 0 -2.93966e-11 -12799.6 2599.52 -12799.6 0
0.98 0 4.36737e-12 -12235.4 2114.12 -12235.4 0
1 0 -5.68367e-12 -11624.9 1610.96 -11624.9 0
1.02 0 6.6279e-12 -10929.2 1162.48 -10929.2 0
1.04 0 8.26853e-12 -9749.05 838.108 -9749.05 0
1.06 0 -2.99577e-11 -7551.36 688.977 -7551.36 0
1.08 0 2.5375e-11 -4303.4 710.559 -4303.4 0
1.1 0 -3.26696e-11 -692.021 846.455 -692.021 0
1.12 0 2.05217e-11 2416.6 1033.35 2416.6 0
1.14 0 8.7179e-12 4571.01 1215.86 4571.01 0
1.16 0 1.86481e-11 5867.4 1335.78 5867.4 0
1.18 0 -6.13072e-12 6717.37 1347.74 6717.37 0
1.2 0 7.68192e-12 7475.98 1252.74 7475.98 0
1.22 0 -2.83583e-11 8234.51 1112.42 8234.51 0
1.24 0 3.66455e-12 8931.43 1020.05 8931.43 0
1.26 0 -1.1958e-11 9506.05 1027.36 9506.05 0
1.28 0 -1.51119e-11 9834.42 1090.76 9834.42 0
1.3 0 5.11126e-12 9629.14 1116.75 9629.14 0
1.32 0 9.37906e-12 8545.69 1066.64 8545.69 0
1.34 0 -4.38564e-13 6369.28 986.477 6369.28 0
1.36 0 -2.47198e-12 3107.1 932.677 3107.1 0
1.38 0 2.59536e-12 -852.173 921.698 -852.173 0
1.4 0 -1.78836e-11 -4522.3 981.556 -4522.3 0
1.42 0 9.16401e-12 -6723.24 1188.01 -6723.24 0
1.44 0 -4.71348e-11 -7159.37 1590.44 -7159.37 0
1.46 0 6.94844e-11 -6797.9 2143.66 -6797.9 0
1.48 0 -7.29552e-12 -6896.38 2737.14 -6896.38 0
1.5 0 5.94543e-11 -7980.03 3233.65 -7980.03 0
1.52 0 4.76084e-11 -9865.25 3484.86 -9865.25 0
1.54 0 -6.45065e-11 -12151.7 3412.55 -12151.7 0
1.56 0 5.71882e-11 -14375.7 3110.83 -14375.7 0
1.58 0 -8.29096e-11 -16004.4 2794.4 -16004.4 0
1.6 0 5.86774e-11 -16590.5 2606.92 -16590.5 0
1.62 0 2.6585e-11 -15876.8 2516.67 -15876.8 0
1.64 0 -3.80853e-11 -13775.7 2399.44 -13775.7 0
1.66 0 4.66156e-11 -10494.5 2172.91 -10494.5 0
1.68 0 -2.97646e-11 -6713.7 1847.8 -6713.7 0
1.7 0 -2.23354e-11 -3385.04 1491.92 -3385.04 0
1.72 0 -7.31809e-11 -1156.13 1148.12 -1156.13 0
1.74 0 9.72623e-12 33.603 765.072 33.603 0
1.76 0 -6.7414e-12 846.768 235.854 846.768 0
1.78 0 -3.15679e-12 2103.61 -455.718 2103.61 0
1.8 0 3.28553e-11 4310.29 -1159.59 4310.29 0
1.82 0 -1.83539e-11 7371.18 -1686.46 7371.18 0
1.84 0 2.70133e-12 10670 -2002.83 10670 0
1.86 0 2.68293e-11 13521.6 -2266.43 13521.6 0
1.88 0 -7.0075e-11 15612.5 -2681.61 15612.5 0
1.9 0 3.73395e-11 17036.7 -3334.49 17036.7 0
1.92 0 -5.56411e-11 18021.5 -4127.27 18021.5 0
1.94 0 1.6984e-10 18719 -4829.86 18719 0
1.96 0 -1.58352e-10 19201.3 -5219.95 19201.3 0
1.98 0 1.50652e-10 19522.7 -5225.41 19522.7 0
2 0 -1.24457e-10 19733.4 -4943.46 19733.4 0
2.02 0 2.40617e-11 19816.7 -4511.26 19816.7 0
2.04 0 1.15903e-10 19586.5 -3965.37 19586.5 0
2.06 0 -1.43702e-10 18654.9 -3231.46 18654.9 0
2.08 0 4.50735e-11 16586.7 -2229.12 16586.7 0
2.1 0 -3.6562e-11 13170.7 -972.535 13170.7 0
2.12 0 3.68319e-11 8558.44 417.395 8558.44 0
2.14 0 -9.14014e-11 3143.44 1787.87 3143.44 0
2.16 0 1.07911e-10 -2653.26 3045.27 -2653.26 0
2.18 0 -6.65894e-11 -8471.3 4175.15 -8471.3 0
2.2 0 7.7021e-11 -13977 5176.73 -13977 0
2.22 0 -1.62801e-10 -18838.8 5996.17 -18838.8 0
2.24 0 6.5856e-11 -22778.2 6535.42 -22778.2 0
2.26 0 -1.84973e-10 -25675.4 6723.8 -25675.4 0
2.28 0 2.87931e-10 -27641.1 6589.97 -27641.1 0
2.3 0 2.3728e-11 -28940.9 6276.01 -28940.9 0
2.32 0 -2.00408e-10 -29806.7 5961.21 -29806.7 0
2.34 0 2.45422e-10 -30285.8 5737.87 -30285.8 0
2.36 0 -2.29676e-10 -30188.8 5549.8 -30188.8 0
2.38 0 8.30683e-11 -29138.3 5256.49 -29138.3 0
2.4 0 3.28044e-11 -26776 4758.11 -26776 0
2.42 0 -3.02682e-11 -23042.7 4068.1 -23042.7 0
2.44 0 -1.69233e-11 -18246.1 3289.87 -18246.1 0
2.46 0 -1.30524e-11 -12838.1 2540.48 -12838.1 0
2.48 0 4.59085e-11 -7171.74 1882.61 -7171.74 0
2.5 0 -1.83742e-12 -1458.86 1297.47 -1458.86 0
2.52 0 -1.42371e-11 4126.47 712.651 4126.47 0
2.54 0 1.5925e-11 9358.74 72.5698 9358.74 0
2.56 0 -3.35647e-11 14004.4 -610.326 14004.4 0
2.58 0 -1.34135e-11 17974.9 -1275.61 17974.9 0
2.6 0 4.0463e-11 21374.9 -1872.01 21374.9 0
2.62 0 4.74845e-11 24311.7 -2373.16 24311.7 0
2.64 0 3.5315e-11 26686.3 -2736.99 26686.3 0
2.66 0 5.8355e-12 28228.1 -2870.3 28228.1 0
2.68 0 2.146e-11 28665.6 -2657.8 28665.6 0
2.7 0 -7.97236e-11 27799.4 -2052.38 27799.4 0
2.72 0 2.2036e-12 25511 -1152.31 25511 0
2.74 0 -2.72078e-11 21818.6 -180.308 21818.6 0
2.76 0 8.84795e-12 16904.6 638.801 16904.6 0
2.78 0 -5.85216e-12 11050.8 1201.75 11050.8 0
2.8 0 4.3335e-11 4576.78 1541.6 4576.78 0
2.82 0 -3.11336e-11 -2217.69 1743.75 -2217.69 0
2.84 0 1.45526e-11 -9189.66 1878.11 -9189.66 0
2.86 0 -6.03663e-11 -16436.9 2000.76 -16436.9 0
2.88 0 2.76173e-11 -24112.4 2153.57 -24112.4 0
2.9 0 4.38474e-11 -32084.8 2309.03 -32084.8 0
2.92 0 -6.71594e-11 -39761.5 2330.23 -39761.5 0
2.94 0 -4.36363e-11 -46197.1 2026.53 -46197.1 0
2.96 0 3.42624e-11 -50436.1 1266.71 -50436.1 0
2.98 0 2.91234e-11 -51986.5 56.3904 -51986.5 0
3 0 7.69238e-12 -51118.2 -1452.48 -51118.2 0
3.02 0 -1.66116e-11 -48641.2 -3008.79 -48641.2 0
3.04 0 3.50268e-11 -45286.6 -4368.22 -45286.6 0
3.06 0 -3.53213e-11 -41261.4 -5420.1 -41261.4 0
3.08 0 1.17673e-10 -36331.2 -6224.83 -36331.2 0
3.1 0 -1.18052e-10 -30226.3 -6908.55 -30226.3 0
3.12 0 -1.24839e-10 -22956.4 -7529.64 -22956.4 0
3.14 0 2.68826e-10 -14805.2 -8069.64 -14805.2 0
3.16 0 1.23291e-11 -6064.01 -8524.42 -6064.01 0
3.18 0 4.58426e-12 3209.89 -8932.69 3209.89 0
3.2 0 -2.6095e-12 13110.8 -9294.81 13110.8 0
3.22 0 -5.97811e-12 23531.4 -9515.78 23531.4 0
3.24 0 -2.6201e-10 33953 -9464.32 33953 0
3.26 0 -1.01883e-10 43614 -9063.66 43614 0
3.28 0 1.84749e-10 51829.2 -8311.43 51829.2 0
3.3 0 2.52978e-10 58182.5 -7255.08 58182.5 0
3.32 0 -1.85933e-10 62564.5 -5978.81 62564.5 0
3.34 0 -2.38075e-10 65090.1 -4584.24 65090.1 0
3.36 0 1.12057e-10 65879.1 -3150.2 65879.1 0
3.38 0 1.72566e-10 64818.9 -1709.19 64818.9 0
3.4 0 -4.76093e-11 61552.8 -255.531 61552.8 0
3.42 0 -6.44863e-11 55752.8 1240.55 55752.8 0
3.44 0 2.00215e-11 47427 2817.08 47427 0
3.46 0 2.09686e-11 36985.6 4488.85 36985.6 0
3.48 0 1.27915e-11 25061.2 6216.13 25061.2 0
3.5 0 -1.62854e-10 12279 7899.17 12279 0
3.52 0 2.24311e-11 -878.894 9399.1 -878.894 0
3.54 0 2.31665e-10 -14099 10579.2 -14099 0
3.56 0 -1.36461e-10 -27146.4 11361.8 -27146.4 0
3.58 0 -8.17359e-11 -39685.7 11763 -39685.7 0
3.6 0 1.21057e-10 -51151.1 11856 -51151.1 0
3.62 0 7.93654e-12 -60849.4 11685.7 -60849.4 0
3.64 0 1.46401e-10 -68284.8 11242.3 -68284.8 0
3.66 0 -1.2407e-10 -73418.4 10541.1 -73418.4 0
3.68 0 3.37853e-10 -76586.7 9699.86 -76586.7 0
3.7 0 1.39181e-10 -78155.7 8888.91 -78155.7 0
3.72 0 -5.75719e-10 -78238.2 8190.06 -78238.2 0
3.74 0 -1.5797e-10 -76630.5 7522.69 -76630.5 0
3.76 0 1.37826e-10 -72888.3 6705.43 -72888.3 0
3.78 0 -5.91209e-11 -66520.1 5570.46 -66520.1 0
3.8 0 8.40854e-11 -57304.7 4045.19 -57304.7 0
3.82 0 6.07773e-11 -45515.6 2193.24 -45515.6 0
3.84 0 5.93751e-11 -31809.5 203.94 -31809.5 0
3.86 0 -5.48966e-12 -16931.6 -1705.97 -16931.6 0
3.88 0 -8.10473e-11 -1575.28 -3425.69 -1575.28 0
3.9 0 5.47933e-11 13593.7 -4977.84 13593.7 0
3.92 0 -1.81463e-10 27967.5 -6402.16 27967.5 0
3.94 0 3.89146e-11 41091.3 -7634.74 41091.3 0
3.96 0 8.71015e-12 52661.7 -8511.02 52661.7 0
3.98 0 6.35307e-11 62426.5 -8857.81 62426.5 0
4 0 8.34669e-12 70099.9 -8576.16 70099.9 0
4.02 0 -4.4148e-12 75297.2 -7676.08 75297.2 0
4.04 0 -1.73289e-10 77472 -6264.68 77472 0
4.06 0 3.44828e-10 75983.4 -4504.73 75983.4 0
4.08 0 -7.36608e-11 70365.5 -2584.9 70365.5 0
4.1 0 -1.83718e-10 60607.6 -714.196 60607.6 0
4.12 0 1.54157e-10 47229.4 904.022 47229.4 0
4.14 0 -6.69309e-11 31179 2125.6 31179 0
4.16 0 3.16776e-11 13664.8 2882.26 13664.8 0
4.18 0 5.32127e-12 -4093 3149.9 -4093 0
4.2 0 -2.84233e-11 -21158.1 2950.3 -21158.1 0
4.22 0 5.71493e-12 -37018.3 2403.79 -37018.3 0
4.24 0 9.21585e-12 -51474.5 1722.05 -51474.5 0
4.26 0 1.35705e-10 -64461.5 1097.23 -64461.5 0
4.28 0 -1.0292e-10 -75943.6 615.394 -75943.6 0
4.3 0 4.12381e-12 -85773.7 283.149 -85773.7 0
4.32 0 -1.9545e-10 -93506.9 81.6934 -93506.9 0
4.34 0 1.27261e-10 -98419.6 -25.7339 -98419.6 0
4.36 0 5.24579e-11 -99806 -82.5644 -99806 0
4.38 0 2.27808e-11 -97261.6 -113.747 -97261.6 0
4.4 0 -2.9314e-11 -90755.6 -167.204 -90755.6 0
4.42 0 5.95478e-11 -80594.6 -410.282 -80594.6 0
4.44 0 -8.38139e-12 -67377.6 -1148.37 -67377.6 0
4.46 0 -8.00234e-11 -51882.4 -2700.73 -51882.4 0
4.48 0 -8.5034e-11 -34829.3 -5222.32 -34829.3 0
4.5 0 5.53045e-11 -16633.1 -8603.29 -16633.1 0
4.52 0 1.6385e-11 2639.55 -12496.9 2639.55 0
4.54 0 1.43223e-10 23050.8 -16445.1 23050.8 0
4.56 0 9.7982e-11 44540.5 -20041.5 44540.5 0
4.58 0 1.00425e-09 66852.9 -23050.3 66852.9 0
4.6 0 5.17154e-11 89571.1 -25404.7 89571.1 0
4.62 0 -8.39027e-10 112095 -27105.6 112095 0
4.64 0 -7.97164e-10 133544 -28130.8 133544 0
4.66 0 1.87941e-10 152677 -28408.8 152677 0
4.68 0 8.76158e-10 167990 -27813.5 167990 0
4.7 0 7.99312e-10 178109 -26167.4 178109 0
4.72 0 -1.88882e-10 182285 -23296.7 182285 0
4.74 0 6.66946e-10 180568 -19112.4 180568 0
4.76 0 -1.8575e-10 173556 -13637.8 173556 0
4.78 0 -1.77348e-10 162003 -6998.93 162003 0
4.8 0 -1.69846e-10 146614 542.402 146614 0
4.82 0 2.23672e-10 128026 8542.41 128026 0
4.84 0 8.57137e-11 106853 16423 106853 0
4.86 0 -1.76268e-10 83683.9 23630.6 83683.9 0
4.88 0 -6.9133e-10 59022.6 29820 59022.6 0
4.9 0 -7.16511e-11 33204 34989.4 33204 0
4.92 0 5.55785e-10 6452.17 39498.4 6452.17 0
4.94 0 1.0741e-09 -20886.3 43894.4 -20886.3 0
4.96 0 5.73171e-10 -48121.3 48589.1 -48121.3 0
4.98 0 -5.59957e-10 -74215.4 53595.1 -74215.4 0
5 0 -3.15914e-10 -98000.7 58502.2 -98000.7 0
5.02 0 6.20355e-10 -118497 62661.5 -118497 0
5.04 0 -2.86646e-09 -135204 65417.9 -135204 0
5.06 0 4.17556e-10 -148194 66282.3 -148194 0
5.08 0 -5.91529e-10 -157917 65002.6 -157917 0
5.1 0 1.24147e-09 -164839 61512.6 -164839 0
5.12 0 -3.36355e-10 -169163 55806.4 -169163 0
5.14 0 2.21648e-09 -170692 47850.6 -170692 0
5.16 0 5.97584e-10 -168743 37583.6 -168743 0
5.18 0 -1.16121e-10 -162202 24942.1 -162202 0
5.2 0 8.71202e-11 -149821 9870.85 -149821 0
5.22 0 -3.19891e-12 -130684 -7628.65 -130684 0
5.24 0 -1.13641e-10 -104612 -27333.5 -104612 0
5.26 0 -1.77659e-10 -72363.2 -48559.2 -72363.2 0
5.28 0 4.05911e-10 -35585.4 -70016.3 -35585.4 0
5.3 0 1.55544e-09 3656.25 -89932 3656.25 0
5.32 0 3.2883e-09 43665.3 -106433 43665.3 0
5.34 0 -1.53811e-09 83645.5 -117980 83645.5 0
5.36 0 -5.59915e-10 123449 -123652 123449 0
5.38 0 9.65564e-10 162757 -123284 162757 0
5.4 0 -3.84534e-09 200452 -117606 200452 0
5.42 0 1.7139e-09 234606 -108216 234606 0
5.44 0 6.73423e-09 262904 -97125.6 262904 0
5.46 0 1.03676e-09 282999 -85910.7 282999 0
5.48 0 -1.89703e-09 292676 -74989.4 292676 0
5.5 0 -6.83321e-10 290075 -63666.9 290075 0
5.52 0 -2.56225e-09 274095 -50856.1 274095 0
5.54 0 1.0654e-09 244720 -35715.2 244720 0
5.56 0 1.43427e-09 203057 -17876.5 203057 0
5.58 0 -1.98575e-10 151283 2306.63 151283 0
5.6 0 -1.74874e-10 92614.3 23424.4 92614.3 0
5.62 0 1.31724e-10 31246 43151.7 31246 0
5.64 0 1.58344e-10 -28095.7 59103.7 -28095.7 0
5.66 0 3.19049e-10 -81084.2 69812.9 -81084.2 0
5.68 0 1.46021e-09 -124774 75135.9 -124774 0
5.7 0 1.53322e-10 -157973 76026.6 -157973 0
5.72 0 -1.1796e-09 -180869 74033.9 -180869 0
5.74 0 -1.65947e-09 -194257 70794 -194257 0
5.76 0 6.87882e-10 -198748 67603 -198748 0
5.78 0 -1.94946e-10 -194225 65141.8 -194225 0
5.8 0 -1.37789e-09 -179837 63407 -179837 0
5.82 0 1.26132e-09 -154617 61825.6 -154617 0
5.84 0 -1.52561e-09 -118375 59557.9 -118375 0
5.86 0 2.13455e-09 -72305.8 55971.7 -72305.8 0
5.88 0 -2.5133e-10 -19011.5 51023.5 -19011.5 0
5.9 0 -1.1442e-10 37906.5 45232.4 37906.5 0
5.92 0 6.94414e-10 94356.7 39325.6 94356.7 0
5.94 0 -4.76166e-10 146300 33869.2 146300 0
5.96 0 2.60639e-10 190380 28976.2 190380 0
5.98 0 -8.63472e-10 224395 24042.9 224395 0
6 0 -4.00557e-11 247315 17713.4 247315 0
6.02 0 -5.38471e-10 259011 8387.92 259011 0
6.04 0 1.01738e-10 260004 -4802.04 260004 0
6.06 0 2.56804e-10 250967 -21123.7 250967 0
6.08 0 1.0316e-09 231975 -38114.6 231975 0
6.1 0 2.07316e-10 202483 -52456.2 202483 0
6.12 0 -2.3016e-09 162419 -61513.3 162419 0
6.14 0 6.01069e-10 112864 -64682.1 112864 0
6.16 0 2.47213e-10 55096.8 -63670.1 55096.8 0
6.18 0 4.10685e-10 -10792.3 -61486.4 -10792.3 0
6.2 0 6.61418e-10 -85723 -60809.2 -85723 0
6.22 0 2.10327e-10 -169882 -62795.6 -169882 0
6.24 0 -1.64494e-09 -260358 -66883.1 -260358 0
6.26 0 1.07953e-11 -350666 -71044 -350666 0
6.28 0 7.38013e-10 -431789 -72354.1 -431789 0
6.3 0 2.70341e-10 -492038 -68443.1 -492038 0
6.32 0 -7.35839e-10 -528223 -58108.8 -528223 0
6.34 0 -5.11563e-11 -544829 -41798.5 -544829 0
6.36 0 3.51856e-10 -548497 -21810.7 -548497 0
6.38 0 -2.78486e-10 -550904 -1130.23 -550904 0
6.4 0 -1.20244e-09 -553584 17596 -553584 0
6.42 0 7.87804e-10 -556220 32141.6 -556220 0
6.44 0 -3.76134e-10 -559183 41953.7 -559183 0
6.46 0 -2.58278e-09 -551769 48251.8 -551769 0
6.48 0 2.66498e-09 -521824 52485.7 -521824 0
6.5 0 -1.06377e-10 -459507 55787.6 -459507 0
6.52 0 -2.39492e-09 -362627 58591.6 -362627 0
6.54 0 9.23543e-10 -239551 60771 -239551 0
6.56 0 -8.50811e-10 -105112 61548.1 -105112 0
6.58 0 -5.12126e-10 23514.9 59678.4 23514.9 0
6.6 0 -1.27859e-10 133126 54244.6 133126 0
6.62 0 2.55824e-09 216715 45631.4 216715 0
6.64 0 2.06207e-09 274113 35544.2 274113 0
6.66 0 -7.30831e-10 310644 25988.3 310644 0
6.68 0 -6.56307e-10 334285 18302.9 334285 0
6.7 0 3.10846e-10 352652 12978.1 352652 0
6.72 0 2.70425e-11 371778 9963.22 371778 0
6.74 0 2.00008e-11 395885 8812.49 395885 0
6.76 0 -5.82237e-10 427098 8535.64 427098 0
6.78 0 -3.59341e-10 464827 7525.47 464827 0
6.8 0 2.27572e-09 504916 3973.79 504916 0
6.82 0 -1.81449e-09 539298 -3142.5 539298 0
6.84 0 7.90306e-10 557293 -13378.2 557293 0
6.86 0 2.37945e-09 550030 -25322.7 550030 0
6.88 0 -1.56751e-09 514439 -37569.1 514439 0
6.9 0 6.16214e-09 453695 -49217.3 453695 0
6.92 0 3.39817e-09 372250 -59038 372250 0
6.94 0 -5.907e-10 282261 -65477.9 282261 0
6.96 0 -2.34467e-09 190933 -68002.4 190933 0
6.98 0 -2.90561e-09 104345 -67460.5 104345 0
7 0 -3.65349e-10 24260.2 -65407.7 24260.2 0
7.02 0 1.97687e-09 -49153.6 -62983.8 -49153.6 0
7.04 0 -1.29534e-10 -117291 -60200.8 -117291 0
7.06 0 -1.15886e-09 -181084 -56141 -181084 0
7.08 0 1.22879e-10 -240108 -49961.7 -240108 0
7.1 0 -5.81663e-10 -292381 -41512.4 -292381 0
7.12 0 -9.60239e-10 -335510 -31084.7 -335510 0
7.14 0 -2.89282e-10 -367710 -19043.2 -367710 0
7.16 0 2.06352e-10 -388297 -5945.68 -388297 0
7.18 0 -1.37739e-10 -397735 7149.03 -397735 0
7.2 0 -3.78756e-10 -397497 18711.8 -397497 0
7.22 0 -2.13839e-09 -388355 27241.9 -388355 0
7.24 0 -9.23736e-10 -369216 32035.9 -369216 0
7.26 0 -1.31489e-09 -337250 33627.3 -337250 0
7.28 0 -9.71854e-10 -289747 33625.7 -289747 0
7.3 0 8.38496e-10 -226191 33978 -226191 0
7.32 0 2.68042e-10 -148907 36108.8 -148907 0
7.34 0 -3.22735e-10 -62808.2 40673.1 -62808.2 0
7.36 0 4.95486e-11 25420 47726 25420 0
7.38 0 4.45125e-10 108622 56734.5 108622 0
7.4 0 -9.54985e-10 180888 66410 180888 0
7.42 0 6.06211e-10 238681 74873 238681 0
7.44 0 -1.24344e-09 280822 80200.1 280822 0
7.46 0 1.42925e-09 307880 80961.3 307880 0
7.48 0 1.56803e-10 321751 76536.7 321751 0
7.5 0 -1.9102e-10 325670 67176.3 325670 0
7.52 0 -7.12364e-10 323517 53818.7 323517 0
7.54 0 -2.11867e-10 318793 37690.7 318793 0
7.56 0 2.13993e-10 313533 19959.6 313533 0
7.58 0 -1.31626e-09 306384 1680.14 306384 0
7.6 0 3.50121e-10 292088 -16216 292088 0
7.62 0 -1.26249e-09 264152 -32990.3 264152 0
7.64 0 -4.28609e-11 218820 -48012 218820 0
7.66 0 7.23491e-11 156939 -60580.9 156939 0
7.68 0 1.61142e-10 83142.6 -69950.6 83142.6 0
7.7 0 -1.79125e-09 4243.44 -75621.1 4243.44 0
7.72 0 1.08537e-09 -72461.8 -77631.7 -72461.8 0
7.74 0 -1.06193e-09 -141052 -76492.8 -141052 0
7.76 0 -3.93955e-10 -198158 -72748.3 -198158 0
7.78 0 -3.2524e-09 -242660 -66660.4 -242660 0
7.8 0 -6.16338e-10 -274640 -58283.4 -274640 0
7.82 0 1.25472e-10 -294913 -47663 -294913 0
7.84 0 2.7359e-10 -305277 -34982.9 -305277 0
7.86 0 2.73248e-10 -308547 -20712.4 -308547 0
7.88 0 -1.21927e-09 -307747 -5612.76 -307747 0
7.9 0 2.58968e-10 -305075 9557.94 -305075 0
7.92 0 -1.51252e-09 -300305 24281.3 -300305 0
7.94 0 8.86445e-10 -289410 38178 -289410 0
7.96 0 -3.0988e-11 -266064 50868.2 -266064 0
7.98 0 1.57241e-09 -225611 62064.7 -225611 0
8 0 -1.29423e-09 -168125 71665.5 -168125 0
8.02 0 -1.99263e-10 -98319.3 79587.9 -98319.3 0
8.04 0 3.18483e-09 -23539.2 85620.6 -23539.2 0
8.06 0 -3.04487e-09 48443.8 89566.5 48443.8 0
8.08 0 -4.91312e-09 111416 91384.3 111416 0
8.1 0 -2.60898e-09 162140 90981.3 162140 0
8.12 0 1.28619e-09 200499 87944.2 200499 0
8.14 0 1.38317e-09 228483 81674 228483 0
8.16 0 2.18978e-09 249003 71755.6 249003 0
8.18 0 -4.09537e-10 265141 58099.1 265141 0
8.2 0 -4.75958e-10 279519 40873.5 279519 0
8.22 0 -1.38783e-11 293492 20541.4 293492 0
8.24 0 -2.02638e-10 306417 -2028.88 306417 0
8.26 0 -1.90631e-09 315434 -25633.7 315434 0
8.28 0 8.8325e-12 315979 -48922.4 315979 0
8.3 0 6.80516e-10 303493 -70493.2 303493 0
8.32 0 3.59319e-09 275818 -88917.5 275818 0
8.34 0 -1.52792e-09 234286 -102855 234286 0
8.36 0 -1.63174e-09 182798 -111302 182798 0
8.38 0 6.50594e-10 126191 -113899 126191 0
8.4 0 -1.17001e-09 69067.6 -111207 69067.6 0
8.42 0 3.45675e-09 14943.8 -104835 14943.8 0
8.44 0 -2.48366e-09 -34479.1 -97103.6 -34479.1 0
8.46 0 7.77831e-10 -79198.8 -90026.8 -79198.8 0
8.48 0 -2.20173e-09 -119744 -84138.1 -119744 0
8.5 0 6.14659e-10 -156010 -78263.6 -156010 0
8.52 0 -1.20678e-09 -187105 -70427.2 -187105 0
8.54 0 8.21199e-10 -211910 -58856.1 -211910 0
8.56 0 4.10739e-10 -229545 -42470.3 -229545 0
8.58 0 -4.12281e-10 -239662 -21283.5 -239662 0
8.6 0 -5.35952e-12 -242473 3192.07 -242473 0
8.62 0 4.56064e-10 -238196 28183.2 -238196 0
8.64 0 2.48183e-10 -226364 50685.2 -226364 0
8.66 0 -5.23382e-10 -205794 68497.6 -205794 0
8.68 0 1.55292e-09 -175680 80666.2 -175680 0
8.7 0 1.28251e-09 -136677 87418.9 -136677 0
8.72 0 1.10762e-09 -90802.1 89844.6 -90802.1 0
8.74 0 -2.63248e-09 -40876.4 89423.4 -40876.4 0
8.76 0 -1.83055e-09 9881.59 87554.5 9881.59 0
8.78 0 2.2996e-09 58407 85309 58407 0
8.8 0 -5.89927e-10 102664 83377.3 102664 0
8.82 0 9.17672e-10 142036 81893.1 142036 0
8.84 0 -1.29309e-09 176697 80085.4 176697 0
8.86 0 2.78357e-09 206673 76375.2 206673 0
8.88 0 -9.72232e-10 231550 69200.1 231550 0
8.9 0 -4.58215e-10 250764 57748.8 250764 0
8.92 0 5.00511e-10 263807 41993.8 263807 0
8.94 0 8.68325e-11 270243 22540.9 270243 0
8.96 0 -6.47061e-10 269406 744.813 269406 0
8.98 0 -4.84488e-10 260217 -21377.4 260217 0
9 0 9.04655e-11 241695 -41739.7 241695 0
9.02 0 -6.37703e-10 213896 -58751.6 213896 0
9.04 0 -2.68242e-10 178357 -71435.1 178357 0
9.06 0 -5.05718e-10 137283 -79348.1 137283 0
9.08 0 -1.14309e-09 92423 -82652.7 92423 0
9.1 0 2.29711e-10 44853.6 -82206.7 44853.6 0
9.12 0 2.38139e-09 -4478.35 -79392.5 -4478.35 0
9.14 0 -2.3066e-09 -54235 -75729.4 -54235 0
9.16 0 2.34565e-10 -102525 -72473.2 -102525 0
9.18 0 -1.78181e-09 -147069 -70195.1 -147069 0
9.2 0 3.59448e-10 -185668 -68437.2 -185668 0
9.22 0 1.90894e-10 -216818 -65948.8 -216818 0
9.24 0 -3.26083e-10 -240078 -61506.4 -240078 0
9.26 0 1.07771e-09 -256031 -54476.1 -256031 0
9.28 0 -5.33626e-10 -265990 -44689 -265990 0
9.3 0 3.7517e-10 -271635 -32207.6 -271635 0
9.32 0 5.73041e-11 -274179 -17517.5 -274179 0
9.34 0 1.06562e-10 -273253 -1782.61 -273253 0
9.36 0 -7.6119e-10 -266419 13397.4 -266419 0
9.38 0 -4.51706e-10 -250227 26641.5 -250227 0
9.4 0 1.07545e-09 -222527 37293.9 -222527 0
9.42 0 -1.04982e-09 -183873 45413.6 -183873 0
9.44 0 -1.7273e-09 -137082 51416.5 -137082 0
9.46 0 -2.44594e-10 -86084.8 55745.6 -86084.8 0
9.48 0 1.88988e-09 -35008 58727.5 -35008 0
9.5 0 8.34566e-10 12698.5 60554 12698.5 0
9.52 0 -2.30036e-09 55171.5 61296.7 55171.5 0
9.54 0 -2.02099e-09 92394.9 60891.5 92394.9 0
9.56 0 4.88193e-10 125434 59060.7 125434 0
9.58 0 -1.18002e-10 155298 55310.6 155298 0
9.6 0 -7.09599e-10 182319 49117.8 182319 0
9.62 0 1.34567e-11 206174 40130.1 206174 0
9.64 0 1.53488e-10 226039 28240.9 226039 0
9.66 0 -7.58529e-11 240690 13712.1 240690 0
9.68 0 -4.41411e-11 248714 -2563.01 248714 0
9.7 0 -1.46755e-11 248764 -18973.6 248764 0
9.72 0 -5.6388e-10 239679 -33567.6 239679 0
9.74 0 4.8198e-10 220853 -44721.7 220853 0
9.76 0 -6.17506e-10 192667 -51634.4 192667 0
9.78 0 -3.30881e-09 156339 -54412.2 156339 0
9.8 0 -5.93088e-11 113300 -53853.4 113300 0
9.82 0 1.65937e-09 64842 -51095.3 64842 0
9.84 0 3.96149e-10 12513.2 -47266.6 12513.2 0
9.86 0 1.08885e-09 -41373.6 -43209.2 -41373.6 0
9.88 0 -1.22784e-10 -93758.1 -39301.7 -93758.1 0
9.9 0 -1.17661e-10 -141421 -35432.2 -141421 0
9.92 0 4.44874e-10 -181784 -31107 -181784 0
9.94 0 -4.99003e-10 -213534 -25635.9 -213534 0
9.96 0 -8.492e-11 -236802 -18401.7 -236802 0
9.98 0 1.6076e-10 -252779 -9204.58 -252779 0
10 0 3.21858e-10 -263002 1511.13 -263002 0
10.02 0 2.79422e-10 -268754 12775.4 -268754 0
10.04 0 -4.64511e-10 -270822 23498.8 -270822 0
10.06 0 -7.32718e-10 -269322 32864 -269322 0
10.08 0 4.20549e-10 -263304 40479.6 -263304 0
10.1 0 -2.41905e-10 -250558 46285.3 -250558 0
10.12 0 -3.14584e-10 -228537 50332.8 -228537 0
10.14 0 -2.32511e-09 -195890 52602.7 -195890 0
10.16 0 1.89372e-10 -153226 52977.5 -153226 0
10.18 0 -1.66542e-09 -102949 51351.3 -102949 0
10.2 0 6.04524e-10 -48772 47718.8 -48772 0
10.22 0 3.34688e-11 5085.52 42196.5 5085.52 0
10.24 0 2.42884e-10 55152.9 35040.4 55152.9 0
10.26 0 -1.58602e-10 99681.4 26650.9 99681.4 0
10.28 0 -6.25417e-11 138494 17513.1 138494 0
10.3 0 -1.47221e-10 172041 8088.19 172041 0
10.32 0 4.47935e-10 200667 -1280.35 200667 0
10.34 0 2.76876e-10 224410 -10407.3 224410 0
10.36 0 6.58892e-10 242939 -19242.9 242939 0
10.38 0 -8.53867e-10 255446 -27778.5 255446 0
10.4 0 -6.66148e-10 260589 -35905.9 260589 0
10.42 0 -1.36526e-10 256604 -43326 256604 0
10.44 0 -1.61443e-09 241585 -49568.8 241585 0
10.46 0 5.56565e-10 214291 -54107.4 214291 0
10.48 0 -4.83644e-10 175263 -56481.8 175263 0
10.5 0 -2.9589e-09 126816 -56369.4 126816 0
10.52 0 9.56175e-10 72121.5 -53658.5 72121.5 0
10.54 0 1.02915e-10 14548.6 -48532.2 14548.6 0
10.56 0 3.5404e-11 -42578.9 -41521.7 -42578.9 0
10.58 0 -5.40146e-10 -96399.8 -33471.7 -96399.8 0
10.6 0 9.00145e-10 -145121 -25327.4 -145121 0
10.62 0 3.69748e-10 -188019 -17787 -188019 0
10.64 0 -4.5902e-11 -224811 -11039.7 -224811 0
10.66 0 -2.043e-10 -255120 -4772.83 -255120 0
10.68 0 6.92265e-10 -278341 1582.97 -278341 0
10.7 0 3.32643e-10 -293648 8530.22 -293648 0
10.72 0 -9.55798e-10 -300088 16232.4 -300088 0
10.74 0 1.38244e-09 -296961 24401.7 -296961 0
10.76 0 1.46933e-09 -283930 32392.4 -283930 0
10.78 0 1.12785e-09 -260805 39438.3 -260805 0
10.8 0 -1.5244e-09 -227725 44853.8 -227725 0
10.82 0 2.73383e-09 -185518 48082.4 -185518 0
10.84 0 1.06896e-09 -135816 48780.8 -135816 0
10.86 0 -2.36201e-09 -80788.2 47015.8 -80788.2 0
10.88 0 -2.82476e-10 -22929 43355.1 -22929 0
10.9 0 8.2911e-10 34979.4 38676 34979.4 0
10.92 0 -1.23498e-09 90194.7 33781.2 90194.7 0
10.94 0 1.44116e-10 140539 29067.5 140539 0
10.96 0 2.37044e-10 184543 24423.8 184543 0
10.98 0 -2.80604e-10 221160 19397.9 221160 0
11 0 1.32835e-10 249615 13534.7 249615 0
11.02 0 2.58971e-10 269584 6682.98 269584 0
11.04 0 -2.39553e-10 281295 -896.749 281295 0
11.06 0 5.32428e-11 285344 -8646.38 285344 0
11.08 0 6.96074e-10 282235 -15946 282235 0
11.1 0 1.52564e-10 271659 -22363 271659 0
11.12 0 -1.10239e-09 252148 -27829.8 252148 0
11.14 0 1.2802e-09 221698 -32599.8 221698 0
11.16 0 -5.88252e-10 179365 -36960.3 179365 0
11.18 0 2.22679e-09 126294 -40927.3 126294 0
11.2 0 -3.0425e-10 65304.8 -44183.2 65304.8 0
11.22 0 -2.30975e-09 167.992 -46293.3 167.992 0
11.24 0 -1.7773e-09 -64833.5 -46963.5 -64833.5 0
11.26 0 -1.31437e-09 -125522 -46139.1 -125522 0
11.28 0 7.63189e-11 -178796 -43948 -178796 0
11.3 0 5.97203e-11 -223108 -40602.2 -223108 0
11.32 0 -1.17641e-09 -258088 -36346.4 -258088 0
11.34 0 -4.88132e-10 -284035 -31483.5 -284035 0
11.36 0 8.99243e-11 -301843 -26404.4 -301843 0
11.38 0 3.96436e-10 -312925 -21487.2 -312925 0
11.4 0 -4.25706e-10 -318665 -16853.4 -318665 0
11.42 0 -5.93735e-11 -319760 -12189.4 -319760 0
11.44 0 -2.08655e-10 -315609 -6856.41 -315609 0
11.46 0 7.25545e-11 -304086 -237.558 -304086 0
11.48 0 -1.10563e-10 -282200 7874.02 -282200 0
11.5 0 -2.76826e-10 -247692 17007.9 -247692 0
11.52 0 -4.59468e-11 -200459 26033.7 -200459 0
11.54 0 -4.0724e-10 -142550 33579.5 -142550 0
11.56 0 -3.00185e-10 -77450.2 38681 -77450.2 0
11.58 0 2.88821e-10 -9608.82 41180.8 -9608.82 0
11.6 0 -4.87181e-10 56150.3 41613.1 56150.3 0
11.62 0 1.27659e-09 115835 40816.4 115835 0
11.64 0 2.29212e-10 167274 39616.3 167274 0
11.66 0 -2.92461e-10 209942 38608 209942 0
11.68 0 -2.08782e-10 244135 37950.8 244135 0
11.7 0 4.11704e-10 270535 37247.6 270535 0
11.72 0 -1.19896e-10 290145 35642.7 290145 0
11.74 0 -1.41984e-10 303978 32118.9 303978 0
11.76 0 6.22499e-11 312609 25863.4 312609 0
11.78 0 7.85552e-10 316099 16590.6 316099 0
11.8 0 6.81643e-11 313791 4721.33 313791 0
11.82 0 -2.50737e-10 303698 -8686.55 303698 0
11.84 0 1.09052e-09 282657 -22256.1 282657 0
11.86 0 -1.9066e-09 247973 -34668.3 247973 0
11.88 0 -2.03236e-09 199335 -44944.9 199335 0
11.9 0 2.23766e-10 139208 -52587.3 139208 0
11.92 0 -2.33921e-09 71904 -57581.1 71904 0
11.94 0 5.30978e-10 2486.48 -60320.8 2486.48 0
11.96 0 1.06786e-09 -64335.6 -61458.7 -64335.6 0
11.98 0 4.72831e-10 -125313 -61653.2 -125313 0
12 0 8.16056e-10 -179070 -61292 -179070 0
12.02 0 4.01251e-10 -225474 -60364 -225474 0
12.04 0 -1.29734e-09 -264724 -58549.9 -264724 0
12.06 0 -3.52753e-10 -297040 -55438.6 -297040 0
12.08 0 -8.88649e-10 -322788 -50731.5 -322788 0
12.1 0 8.20837e-10 -342514 -44337.5 -342514 0
12.12 0 -2.91882e-11 -356747 -36350.8 -356747 0
12.14 0 7.80487e-11 -365802 -26981.5 -365802 0
12.16 0 -4.74888e-10 -369501 -16512 -369501 0
12.18 0 -4.63518e-10 -366568 -5275.59 -366568 0
12.2 0 7.80145e-10 -354195 6356.45 -354195 0
12.22 0 -3.39473e-10 -329056 17961.4 -329056 0
12.24 0 -7.93084e-10 -289423 29021.9 -289423 0
12.26 0 -2.36245e-10 -236345 38932.6 -236345 0
12.28 0 -3.50278e-09 -173016 47109.4 -173016 0
12.3 0 6.91752e-10 -103599 53141.4 -103599 0
12.32 0 -3.42675e-10 -32571.1 56917.4 -32571.1 0
12.34 0 6.47188e-10 35819 58628.3 35819 0
12.36 0 -9.56641e-11 98240.6 58595.9 98240.6 0
12.38 0 -4.88332e-11 152588 57057 152588 0
12.4 0 -8.54859e-10 197724 54097.1 197724 0
12.42 0 -5.98036e-10 233272 49732.2 233272 0
12.44 0 2.12427e-10 259748 43986 259748 0
12.46 0 6.76457e-10 278570 36907.1 278570 0
12.48 0 -9.73123e-11 291516 28594.8 291516 0
12.5 0 1.00025e-10 300032 19275 300032 0
12.52 0 4.96732e-10 304890 9367.66 304890 0
12.54 0 5.38352e-11 305861 -523.198 305861 0
12.56 0 -8.10935e-10 301064 -9718.05 301064 0
12.58 0 9.06277e-10 286778 -17622 286778 0
12.6 0 -1.90257e-10 259006 -23854.5 259006 0
12.62 0 4.4859e-10 216071 -28288.7 216071 0
12.64 0 -4.86054e-10 159558 -31020.6 159558 0
12.66 0 5.70742e-11 93343 -32345.7 93343 0
12.68 0 -1.1827e-09 22558.4 -32756.8 22558.4 0
12.7 0 3.65176e-10 -47116.1 -32886.9 -47116.1 0
12.72 0 1.17527e-09 -110725 -33334.5 -110725 0
12.74 0 -1.46454e-10 -165445 -34460.8 -165445 0
12.76 0 7.53462e-10 -210741 -36315.1 -210741 0
12.78 0 1.48407e-09 -247281 -38676.2 -247281 0
12.8 0 6.06667e-10 -275911 -41060.8 -275911 0
12.82 0 -1.14095e-10 -297258 -42694.2 -297258 0
12.84 0 -8.8527e-10 -311618 -42622.1 -311618 0
12.86 0 -5.09389e-10 -318877 -40028 -318877 0
12.88 0 9.01026e-11 -318620 -34569.1 -318620 0
12.9 0 -3.31975e-10 -309947 -26526.8 -309947 0
12.92 0 1.71919e-10 -291122 -16717.7 -291122 0
12.94 0 4.46221e-10 -260209 -6280.79 -260209 0
12.96 0 4.67545e-10 -216586 3524.07 -216586 0
12.98 0 -3.1139e-10 -161856 11566.4 -161856 0
13 0 -7.55755e-11 -99453.7 17181 -99453.7 0
13.02 0 -1.11967e-09 -33787.3 20418.6 -33787.3 0
13.04 0 1.00871e-10 30455.8 22012.7 30455.8 0
13.06 0 -7.2577e-10 89304.8 23023.7 89304.8 0
13.08 0 3.7646e-11 140527 24345.4 140527 0
13.1 0 -8.88677e-10 183708 26372.9 183708 0
13.12 0 2.4632e-10 219365 28988.6 219365 0
13.14 0 -2.3457e-10 248153 31710.8 248153 0
13.16 0 1.11149e-10 270665 33822.8 270665 0
13.18 0 -2.62833e-10 287432 34534.8 287432 0
13.2 0 1.69622e-10 298832 33266.9 298832 0
13.22 0 7.91673e-11 305053 29919.2 305053 0
13.24 0 2.46681e-10 306048 24922.6 306048 0
13.26 0 1.37452e-10 300862 19051 300862 0
13.28 0 -1.57672e-10 286893 13097.7 286893 0
13.3 0 -1.26337e-10 260565 7530.14 260565 0
13.32 0 1.66553e-10 219452 2263.12 219452 0
13.34 0 9.83129e-11 163875 -3309.58 163875 0
13.36 0 4.87677e-10 96727.8 -9969.83 96727.8 0
13.38 0 4.17231e-10 22583.1 -18197.9 22583.1 0
13.4 0 -1.91778e-10 -52968.7 -27878.6 -52968.7 0
13.42 0 -5.36415e-10 -124230 -38331.7 -124230 0
13.44 0 -1.12671e-09 -186651 -48556.2 -186651 0
13.46 0 3.4397e-10 -237507 -57533.4 -237507 0
13.48 0 -1.31072e-10 -275682 -64488.1 -275682 0
13.5 0 -2.2056e-09 -301372 -68973.2 -301372 0
13.52 0 -1.11668e-09 -316079 -70740.2 -316079 0
13.54 0 7.13839e-10 -322311 -69596 -322311 0
13.56 0 -4.30634e-10 -322788 -65456 -322788 0
13.58 0 -1.12762e-09 -319326 -58534.4 -319326 0
13.6 0 -1.94278e-10 -312276 -49344.2 -312276 0
13.62 0 8.96305e-12 -300333 -38430.6 -300333 0
13.64 0 -2.24839e-10 -280373 -26144 -280373 0
13.66 0 -1.12378e-10 -248885 -12682 -248885 0
13.68 0 4.16307e-10 -204171 1613.1 -204171 0
13.7 0 1.26462e-09 -147296 16066.8 -147296 0
13.72 0 -1.07494e-09 -81789.3 29828.5 -81789.3 0
13.74 0 5.54125e-10 -13120.1 42203.5 -13120.1 0
13.76 0 2.47507e-10 52207.4 52918 52207.4 0
13.78 0 1.67038e-10 108647 62148.3 108647 0
13.8 0 5.67458e-10 153593 70280.8 153593 0
13.82 0 -1.75556e-09 187714 77585.2 187714 0
13.84 0 1.52445e-09 213727 84057.9 213727 0
13.86 0 8.10563e-10 234912 89449.6 234912 0
13.88 0 7.42167e-10 254074 93301.8 254074 0
13.9 0 2.12219e-09 272838 94945.5 272838 0
13.92 0 4.55366e-10 291328 93605.7 291328 0
13.94 0 -4.83326e-10 308427 88661.7 308427 0
13.96 0 5.7236e-10 322220 79862.4 322220 0
13.98 0 1.6241e-09 329628 67300.5 329628 0
14 0 4.21428e-12 326242 51272.2 326242 0
14.02 0 -9.374e-11 307657 32331.8 307657 0
14.04 0 -8.77702e-12 271977 11491.5 271977 0
14.06 0 -6.08403e-11 221569 -9686.57 221569 0
14.08 0 -6.63424e-10 161870 -29243.3 161870 0
14.1 0 -1.62048e-09 99121.9 -45411 99121.9 0
14.12 0 5.00662e-10 38812.1 -57421.5 38812.1 0
14.14 0 1.18908e-09 -15623.8 -65877.7 -15623.8 0
14.16 0 -1.89998e-09 -63452.9 -72295.5 -63452.9 0
14.18 0 1.09245e-09 -105939 -78176.1 -105939 0
14.2 0 2.39916e-09 -144458 -84344.1 -144458 0
14.22 0 -1.3154e-10 -179062 -90799.9 -179062 0
14.24 0 -1.32093e-10 -208463 -96779 -208463 0
14.26 0 1.73187e-11 -230916 -100768 -230916 0
14.28 0 -1.63601e-09 -245181 -100681 -245181 0
14.3 0 -9.24357e-10 -251234 -94531.8 -251234 0
14.32 0 -1.89667e-09 -250648 -81419.9 -250648 0
14.34 0 4.1314e-10 -245559 -62176.7 -245559 0
14.36 0 -3.81237e-10 -237050 -39184.8 -237050 0
14.38 0 7.92628e-10 -224123 -15560.5 -224123 0
14.4 0 -1.30996e-10 -204079 5865.8 -204079 0
14.42 0 4.859e-10 -174546 23511.9 -174546 0
14.44 0 1.04287e-09 -134957 37507.6 -134957 0
14.46 0 4.69799e-10 -86671.7 49305.6 -86671.7 0
14.48 0 -2.13788e-09 -32578.7 60617.5 -32578.7 0
14.5 0 1.41298e-09 23141.8 72367 23141.8 0
14.52 0 -1.1173e-09 75621.9 84270 75621.9 0
14.54 0 1.52804e-09 120517 95112.4 120517 0
14.56 0 -3.25084e-10 155111 103349 155111 0
14.58 0 -1.6517e-10 178710 107557 178710 0
14.6 0 -3.00748e-11 192519 106623 192519 0
14.62 0 9.1834e-10 199281 99951.8 199281 0
14.64 0 6.31659e-10 202573 87880.8 202573 0
14.66 0 8.74924e-11 205351 71816.6 205351 0
14.68 0 -1.85813e-09 208507 53673.8 208507 0
14.7 0 2.0679e-10 210001 34981.7 210001 0
14.72 0 -2.51088e-11 204908 16453 204908 0
14.74 0 2.04386e-10 187670 -1821.73 187670 0
14.76 0 1.96886e-10 155690 -19969.4 155690 0
14.78 0 -1.40086e-09 111091 -38027.5 111091 0
14.8 0 1.98889e-09 59312.1 -55669.1 59312.1 0
14.82 0 -2.21009e-09 6548.29 -71964.2 6548.29 0
14.84 0 -1.56002e-09 -41907.1 -85490.7 -41907.1 0
14.86 0 7.53315e-10 -82575.2 -94890.4 -82575.2 0
14.88 0 -6.4527e-10 -114426 -99472 -114426 0
14.9 0 8.85519e-10 -138699 -99447.3 -138699 0
14.92 0 3.9233e-10 -157744 -95748 -157744 0
14.94 0 1.80089e-09 -173882 -89550.9 -173882 0
14.96 0 -7.0481e-10 -188927 -81651.4 -188927 0
14.98 0 -4.46782e-10 -203821 -72044.6 -203821 0
15 0 1.35014e-09 -218011 -60088.7 -218011 0
15.02 0 4.11771e-10 -229002 -45144.9 -229002 0
15.04 0 -2.49527e-10 -232780 -27191.4 -232780 0
15.06 0 -3.5281e-10 -225075 -7060.81 -225075 0
15.08 0 9.39205e-11 -203105 13767.3 -203105 0
15.1 0 -2.68235e-10 -167229 33682.2 -167229 0
15.12 0 -1.45821e-09 -121151 51425.4 -121151 0
15.14 0 1.41389e-09 -70560.4 66299.5 -70560.4 0
15.16 0 -3.41918e-09 -21071.6 78088.9 -21071.6 0
15.18 0 5.15151e-10 23561.5 86839 23561.5 0
15.2 0 2.15633e-09 62106.6 92654.7 62106.6 0
15.22 0 2.08138e-09 95370.8 95618.6 95370.8 0
15.24 0 -1.50905e-09 125118 95822 125118 0
15.26 0 2.72796e-12 153036 93307.4 153036 0
15.28 0 -4.29e-10 179989 87861.5 179989 0
15.3 0 -2.32304e-10 205628 79036.2 205628 0
15.32 0 -1.25505e-10 228522 66582.1 228522 0
15.34 0 -5.03267e-10 246730 50765.1 246730 0
15.36 0 -3.30235e-10 258348 32235.3 258348 0
15.38 0 -2.39956e-10 261629 11844.9 261629 0
15.4 0 -5.29814e-10 254804 -9293.05 254804 0
15.42 0 3.25215e-10 236760 -29901 236760 0
15.44 0 1.05581e-09 208153 -48955.3 208153 0
15.46 0 -1.4087e-09 171495 -65894.3 171495 0
15.48 0 2.53943e-10 130177 -80293 130177 0
15.5 0 -4.31967e-09 87257.5 -91479.1 87257.5 0
15.52 0 4.49714e-10 44746.5 -98679.8 44746.5 0
15.54 0 -1.98993e-09 3251.51 -101498 3251.51 0
15.56 0 1.15732e-10 -37802.8 -100167 -37802.8 0
15.58 0 -2.36627e-09 -79158.8 -95426.2 -79158.8 0
15.6 0 -2.93179e-10 -120484 -88161.8 -120484 0
15.62 0 -4.92459e-10 -159964 -78981.5 -159964 0
15.64 0 1.54316e-10 -194986 -67984.8 -194986 0
15.66 0 -1.28397e-10 -223176 -54916.8 -223176 0
15.68 0 7.97993e-10 -243122 -39568 -243122 0
15.7 0 -3.70976e-10 -254675 -22123.2 -254675 0
15.72 0 7.4243e-11 -258913 -3279.72 -258913 0
15.74 0 -1.10139e-10 -257332 15851.8 -257332 0
15.76 0 -2.38649e-10 -250900 34002.1 -250900 0
15.78 0 -2.39539e-09 -239371 49972.7 -239371 0
15.8 0 5.94271e-10 -221418 62768.6 -221418 0
15.82 0 -2.72815e-09 -195719 71672 -195719 0
15.84 0 2.1743e-10 -161773 76275.3 -161773 0
15.86 0 -5.89247e-10 -120204 76568 -120204 0
15.88 0 -1.16707e-09 -72784.6 73072.2 -72784.6 0
15.9 0 1.27138e-09 -22358.8 66831.3 -22358.8 0
15.92 0 -1.6268e-09 27564 59031.5 27564 0
15.94 0 -2.99242e-10 73590.5 50469.9 73590.5 0
15.96 0 -3.10701e-10 113285 41367.3 113285 0
15.98 0 7.63336e-10 145613 31638.9 145613 0
16 0 -6.21805e-11 170832 21253.9 170832 0
16.02 0 -5.97047e-11 190057 10397.1 190057 0
16.04 0 3.0439e-10 204783 -576.761 204783 0
16.06 0 -8.54436e-10 216301 -11338.5 216301 0
16.08 0 3.39905e-10 225059 -21763.5 225059 0
16.1 0 1.07969e-09 230123 -31840.5 230123 0
16.12 0 -2.22982e-10 229053 -41346.8 229053 0
16.14 0 -1.38493e-09 218506 -49645.9 218506 0
16.16 0 1.37934e-09 195906 -55843.4 195906 0
16.18 0 2.84627e-10 161127 -59124.8 161127 0
16.2 0 -1.03868e-10 116674 -59006.2 116674 0
16.22 0 1.93671e-09 66538 -55448.6 66538 0
16.24 0 -1.82925e-09 14872.8 -48859.5 14872.8 0
16.26 0 2.3614e-10 -34840.7 -40001.9 -34840.7 0
16.28 0 5.69668e-10 -80304.2 -29832.7 -80304.2 0
16.3 0 -5.27969e-10 -120473 -19314.5 -120473 0
16.32 0 1.12964e-10 -155020 -9234.76 -155020 0
16.34 0 1.26526e-11 -183723 -52.503 -183723 0
16.36 0 3.39585e-11 -206430 8192.49 -206430 0
16.38 0 -1.55315e-10 -223321 15842.6 -223321 0
16.4 0 -9.36445e-10 -234783 23408.7 -234783 0
16.42 0 -9.24124e-10 -240931 31216.1 -240931 0
16.44 0 1.90902e-10 -241340 39079.4 -241340 0
16.46 0 2.24746e-09 -235084 46226.4 -235084 0
16.48 0 -1.88277e-09 -221026 51556.2 -221026 0
16.5 0 1.19076e-09 -198478 54062.7 -198478 0
16.52 0 -5.92586e-10 -167806 53182.4 -167806 0
16.54 0 1.50908e-10 -130438 48976.9 -130438 0
16.56 0 -7.09215e-10 -88338.7 42120.7 -88338.7 0
16.58 0 1.40255e-09 -43603.3 33661.7 -43603.3 0
16.6 0 -2.69329e-11 1703.37 24656.9 1703.37 0
16.62 0 2.90619e-10 45834 15885 45834 0
16.64 0 1.18461e-10 87617.5 7729.45 87617.5 0
16.66 0 -7.76958e-11 126251 209.49 126251 0
16.68 0 -5.02845e-10 160832 -6860.56 160832 0
16.7 0 -2.29603e-10 190253 -13650.2 190253 0
16.72 0 -3.43266e-11 213528 -20172.3 213528 0
16.74 0 1.41951e-10 230035 -26291.2 230035 0
16.76 0 4.58788e-10 239432 -31795.2 239432 0
16.78 0 2.77429e-10 241440 -36431.8 241440 0
16.8 0 -5.77313e-12 235674 -39910.2 235674 0
16.82 0 2.73674e-10 221603 -41937.8 221603 0
16.84 0 5.51387e-10 198982 -42318.3 198982 0
16.86 0 2.88898e-10 168396 -41025.2 168396 0
16.88 0 -2.55451e-09 131178 -38180.4 131178 0
16.9 0 1.42694e-09 88898.9 -33965.4 88898.9 0
16.92 0 1.84672e-10 43201.2 -28551.4 43201.2 0
16.94 0 -4.14061e-10 -3896.03 -22116.1 -3896.03 0
16.96 0 -1.1015e-10 -50000.2 -14909.7 -50000.2 0
16.98 0 -1.82145e-10 -92872.7 -7267.07 -92872.7 0
17 0 -7.2208e-11 -130913 463.493 -130913 0
17.02 0 -5.62901e-10 -163203 8003.8 -163203 0
17.04 0 -3.20623e-10 -189325 15165.7 -189325 0
17.06 0 8.20009e-10 -209229 21806.3 -209229 0
17.08 0 6.22859e-10 -223155 27771 -223155 0
17.1 0 8.45953e-10 -231522 32872.9 -231522 0
17.12 0 -1.00527e-09 -234817 36908.5 -234817 0
17.14 0 1.79489e-09 -233463 39668 -233463 0
17.16 0 -1.16946e-09 -227531 40918 -227531 0
17.18 0 -1.11876e-09 -216442 40416.8 -216442 0
17.2 0 -2.3166e-11 -199080 38010.2 -199080 0
17.22 0 8.6904e-10 -174438 33749.5 -174438 0
17.24 0 -2.07548e-11 -142386 27921.6 -142386 0
17.26 0 -6.60248e-10 -103972 20957.7 -103972 0
17.28 0 1.21263e-10 -61209.2 13296 -61209.2 0
17.3 0 -2.18145e-10 -16609.3 5278.74 -16609.3 0
17.32 0 2.45941e-11 27325.5 -2865.69 27325.5 0
17.34 0 1.54797e-10 68482.7 -10935.2 68482.7 0
17.36 0 1.86327e-10 105288 -18619.3 105288 0
17.38 0 -1.73026e-11 136697 -25466.4 136697 0
17.4 0 -1.09943e-09 162169 -31035.5 162169 0
17.42 0 -9.31703e-10 181624 -35111.4 181624 0
17.44 0 1.83256e-09 195215 -37778.3 195215 0
17.46 0 -2.10059e-09 203003 -39286.4 203003 0
17.48 0 -2.17291e-09 204789 -39849.6 204789 0
17.5 0 1.62969e-09 200234 -39531.6 200234 0
17.52 0 3.36952e-10 189011 -38260.2 189011 0
17.54 0 2.70687e-10 170805 -35899.1 170805 0
17.56 0 9.71881e-10 145496 -32290.2 145496 0
17.58 0 8.05576e-11 113544 -27249.4 113544 0
17.6 0 2.24203e-10 76160.1 -20586.9 76160.1 0
17.62 0 1.80961e-10 35135.6 -12219.4 35135.6 0
17.64 0 -2.26465e-10 -7398.31 -2330.42 -7398.31 0
17.66 0 -2.17141e-11 -49135.7 8536.2 -49135.7 0
17.68 0 -4.23692e-10 -87920.8 19543.4 -87920.8 0
17.7 0 -3.11035e-10 -122202 29781.3 -122202 0
17.72 0 2.50745e-10 -151253 38523.1 -151253 0
17.74 0 -1.74069e-10 -174991 45377 -174991 0
17.76 0 1.34044e-10 -193573 50286.3 -193573 0
17.78 0 1.56371e-09 -207038 53410.8 -207038 0
17.8 0 -1.75486e-09 -215111 54947.3 -215111 0
17.82 0 8.9141e-10 -217248 54956.3 -217248 0
17.84 0 4.00036e-10 -212850 53281 -212850 0
17.86 0 7.42908e-10 -201333 49619.4 -201333 0
17.88 0 1.26505e-09 -182108 43696.2 -182108 0
17.9 0 -3.82485e-10 -154903 35423.5 -154903 0
17.92 0 5.8368e-10 -120349 24975.8 -120349 0
17.94 0 -3.67462e-10 -80178.9 12771.5 -80178.9 0
17.96 0 1.48696e-10 -36873.5 -608.163 -36873.5 0
17.98 0 9.27034e-12 6879.79 -14514.6 6879.79 0
18 0 -4.14719e-11 48593.9 -28272.1 48593.9 0
18.02 0 -1.07174e-09 86339.8 -41165.4 86339.8 0
18.04 0 -2.5128e-09 119016 -52467.9 119016 0
18.06 0 1.42046e-09 146330 -61563.3 146330 0
18.08 0 3.03608e-09 168498 -68083.3 168498 0
18.1 0 -6.53027e-10 185885 -71946.2 185885 0
18.12 0 1.20963e-09 198724 -73278.7 198724 0
18.14 0 1.00257e-09 206889 -72300.8 206889 0
18.16 0 7.44453e-10 209848 -69235.3 209848 0
18.18 0 -1.79518e-09 206810 -64250.3 206810 0
18.2 0 -6.99033e-12 196951 -57453 196951 0
18.22 0 -3.10349e-10 179564 -48943 179564 0
18.24 0 1.7567e-10 154349 -38869.3 154349 0
18.26 0 -8.65325e-10 121774 -27401.3 121774 0
18.28 0 -2.21983e-11 83130.3 -14675 83130.3 0
18.3 0 -1.00127e-10 40314.1 -868.104 40314.1 0
18.32 0 -2.66894e-10 -4486.27 13616.3 -4486.27 0
18.34 0 -3.56012e-10 -49075.2 28046.8 -49075.2 0
18.36 0 8.62702e-10 -91555.9 41479.5 -91555.9 0
18.38 0 3.06781e-10 -130523 53016 -130523 0
18.4 0 9.82653e-10 -165005 62020.9 -165005 0
18.42 0 2.63193e-10 -194280 68201.7 -194280 0
18.44 0 -9.62021e-10 -217760 71575.2 -217760 0
18.46 0 -1.96779e-09 -234979 72376.1 -234979 0
18.48 0 1.1862e-09 -245560 70940.6 -245560 0
18.5 0 -1.58483e-09 -249189 67586.9 -249189 0
18.52 0 -1.85668e-09 -245650 62504.6 -245650 0
18.54 0 4.61606e-10 -234840 55698.9 -234840 0
18.56 0 2.35122e-10 -216664 47079.6 -216664 0
18.58 0 6.64524e-10 -191147 36685.7 -191147 0
18.6 0 -1.17483e-09 -158798 24804.4 -158798 0
18.62 0 -1.1049e-10 -120784 11880.5 -120784 0
18.64 0 8.81328e-11 -78744.4 -1601.8 -78744.4 0
18.66 0 1.90431e-10 -34524.1 -15131.1 -34524.1 0
18.68 0 8.50291e-12 9927.18 -28121.1 9927.18 0
18.7 0 -2.33737e-10 52688 -39917.6 52688 0
18.72 0 -8.14899e-10 92107.8 -49878.4 92107.8 0
18.74 0 2.08333e-10 126961 -57471.3 126961 0
18.76 0 -8.26976e-10 156393 -62342.8 156393 0
18.78 0 1.82972e-09 179802 -64353.8 179802 0
18.8 0 -5.36852e-10 196817 -63583.6 196817 0
18.82 0 3.10841e-10 207301 -60296.4 207301 0
18.84 0 1.57967e-10 211336 -54871.8 211336 0
18.86 0 -1.05604e-09 209147 -47718 209147 0
18.88 0 -3.22096e-10 200989 -39223.9 200989 0
18.9 0 -3.74866e-10 186928 -29777.3 186928 0
18.92 0 -9.49814e-10 166735 -19797.2 166735 0
18.94 0 -2.73425e-10 140155 -9683.6 140155 0
18.96 0 -2.71582e-11 107370 286.363 107370 0
18.98 0 4.42503e-11 69274.6 9980.47 69274.6 0
19 0 4.55055e-11 27457.2 19311.5 27457.2 0
19.02 0 -1.11806e-10 -15950.4 28101.4 -15950.4 0
19.04 0 1.10117e-10 -58494.2 36005.3 -58494.2 0
19.06 0 -6.76804e-10 -97811.5 42545.2 -97811.5 0
19.08 0 -1.31074e-10 -132124 47246.9 -132124 0
19.1 0 -1.00847e-09 -160507 49809.4 -160507 0
19.12 0 8.51075e-10 -182794 50197.8 -182794 0
19.14 0 6.28202e-10 -199266 48603.5 -199266 0
19.16 0 -2.46162e-10 -210321 45328.1 -210321 0
19.18 0 7.3747e-10 -216211 40687.8 -216211 0
19.2 0 -1.50678e-09 -216904 34977.1 -216904 0
19.22 0 -7.80937e-10 -212054 28463.7 -212054 0
19.24 0 2.75063e-11 -201080 21386.4 -201080 0
19.26 0 7.05927e-10 -183365 13941.5 -183365 0
19.28 0 -2.60561e-10 -158728 6258.2 -158728 0
19.3 0 -6.96755e-11 -127898 -1602.55 -127898 0
19.32 0 -2.11355e-11 -92549.2 -9585.52 -92549.2 0
19.34 0 1.22815e-10 -54915.7 -17545.3 -54915.7 0
19.36 0 -1.62525e-10 -17291.5 -25193.3 -17291.5 0
19.38 0 -5.69023e-10 18373.2 -32117.1 18373.2 0
19.4 0 2.67626e-10 50793.6 -37847.4 50793.6 0
19.42 0 -7.05581e-10 79482.7 -41944.1 79482.7 0
19.44 0 5.48522e-10 104537 -44088.7 104537 0
19.46 0 -2.59684e-10 126151 -44160.6 126151 0
19.48 0 1.61768e-09 144192 -42258.6 144192 0
19.5 0 3.88898e-10 158094 -38649.6 158094 0
19.52 0 -1.22784e-09 167047 -33685.3 167047 0
19.54 0 -4.66762e-10 170262 -27744.8 170262 0
19.56 0 4.27824e-10 167195 -21200 167195 0
19.58 0 -3.99484e-10 157732 -14368.5 157732 0
19.6 0 2.19104e-10 142235 -7454.99 142235 0
19.62 0 3.1148e-10 121397 -547.129 121397 0
19.64 0 -4.25297e-12 96098.3 6313.41 96098.3 0
19.66 0 -1.38384e-10 67363 13036.3 67363 0
19.68 0 -1.18591e-10 36337.1 19411.9 36337.1 0
19.7 0 -2.90227e-10 4171.88 25105.2 4171.88 0
19.72 0 -3.03842e-10 -28076.2 29734.2 -28076.2 0
19.74 0 -1.11481e-09 -59400.3 32982.3 -59400.3 0
19.76 0 1.30469e-09 -88762.3 34666.8 -88762.3 0
19.78 0 5.66188e-11 -115108 34752.7 -115108 0
19.8 0 1.19768e-09 -137465 33347.3 -137465 0
19.82 0 -6.85624e-10 -155036 30674 -155036 0
19.84 0 -8.3585e-10 -167283 26997.5 -167283 0
19.86 0 9.91655e-10 -173984 22529.1 -173984 0
19.88 0 -5.56969e-10 -175210 17378.9 -175210 0
19.9 0 3.28047e-10 -171239 11576.3 -171239 0
19.92 0 -5.12866e-10 -162435 5129.95 -162435 0
19.94 0 -7.86927e-11 -149105 -1892.11 -149105 0
19.96 0 1.91026e-10 -131404 -9289.17 -131404 0
19.98 0 2.68863e-10 -109447 -16717.1 -109447 0
20 0 -3.24365e-10 -83567.6 -23765.4 -83567.6 0
20.02 0 -5.52563e-10 -54482.4 -30069.9 -54482.4 0
20.04 0 -2.40619e-10 -23241.5 -35398.1 -23241.5 0
20.06 0 -6.07241e-10 8873.26 -39676.4 8873.26 0
20.08 0 -1.53718e-09 40390.9 -42943.4 40390.9 0
20.1 0 2.18319e-09 69759 -45248.6 69759 0
20.12 0 -2.358e-10 95582.6 -46554.2 95582.6 0
20.14 0 -2.57454e-09 116859 -46694.8 116859 0
20.16 0 2.52419e-09 133057 -45404.6 133057 0
20.18 0 -2.13079e-09 144026 -42401.3 144026 0
20.2 0 9.46489e-10 149825 -37500.7 149825 0
20.22 0 -9.96477e-11 150600 -30720.4 150600 0
20.24 0 8.1286e-10 146550 -22318.8 146550 0
20.26 0 -6.7923e-11 137923 -12766.8 137923 0
20.28 0 3.38125e-11 124945 -2672.41 124945 0
20.3 0 5.54401e-11 107773 7325.94 107773 0
20.32 0 1.27676e-10 86593 16687.6 86593 0
20.34 0 -1.28751e-10 61832.9 25072.6 61832.9 0
20.36 0 -9.23886e-11 34231.8 32358.7 34231.8 0
20.38 0 7.15232e-10 4709.79 38556.8 4709.79 0
20.4 0 2.82742e-10 -25747 43681.8 -25747 0
20.42 0 -6.71121e-10 -56065 47655.7 -56065 0
20.44 0 1.17854e-09 -85079.3 50285.9 -85079.3 0
20.46 0 4.89577e-10 -111668 51312.9 -111668 0
20.48 0 1.2613e-09 -134918 50489.5 -134918 0
20.5 0 2.30141e-09 -154153 47663.1 -154153 0
20.52 0 3.66049e-10 -168844 42840.8 -168844 0
20.54 0 -2.6672e-10 -178531 36212.9 -178531 0
20.56 0 7.40437e-10 -182853 28120.9 -182853 0
20.58 0 7.80339e-10 -181656 18987.6 -181656 0
20.6 0 -4.2473e-10 -175079 9252.6 -175079 0
20.62 0 -1.62031e-10 -163565 -670.03 -163565 0
20.64 0 -1.95162e-11 -147718 -10434 -147718 0
20.66 0 -2.18762e-10 -128097 -19792.8 -128097 0
20.68 0 5.43139e-10 -105153 -28597.4 -105153 0
20.7 0 6.41879e-10 -79346.4 -36746.1 -79346.4 0
20.72 0 -3.15617e-10 -51305.2 -44109.6 -51305.2 0
20.74 0 -1.746e-09 -21848.8 -50474.5 -21848.8 0
20.76 0 1.78195e-09 8031.57 -55540.1 8031.57 0
20.78 0 -1.37942e-10 37198.1 -58965.1 37198.1 0
20.8 0 2.76707e-10 64454.9 -60430.6 64454.9 0
20.82 0 1.69747e-09 88711.6 -59692.5 88711.6 0
20.84 0 9.63313e-10 109116 -56632.1 109116 0
20.86 0 -9.16406e-10 125087 -51304.8 125087 0
20.88 0 1.6275e-09 136292 -43964.3 136292 0
20.9 0 -3.756e-10 142639 -35026.7 142639 0
20.92 0 6.82318e-10 144277 -24978.5 144277 0
20.94 0 -4.62947e-10 141553 -14276.8 141553 0
20.96 0 2.21482e-12 134928 -3305.8 134928 0
20.98 0 -6.49916e-11 124841 7606.52 124841 0
21 0 9.51288e-11 111573 18153.8 111573 0
21.02 0 2.00176e-10 95192.8 28016.5 95192.8 0
21.04 0 7.45313e-10 75720.2 36838.1 75720.2 0
21.06 0 4.55185e-10 53429.6 44230.8 53429.6 0
21.08 0 -8.7771e-10 29036.2 49815.8 29036.2 0
21.1 0 1.15433e-09 3588.93 53282.5 3588.93 0
21.12 0 2.90031e-10 -21737.8 54437.4 -21737.8 0
21.14 0 1.98007e-09 -45794 53232.4 -45794 0
21.16 0 -1.40276e-09 -67561.2 49763.5 -67561.2 0
21.18 0 5.7743e-10 -86256.9 44234.7 -86256.9 0
21.2 0 6.18051e-10 -101378 36905.4 -101378 0
21.22 0 8.42359e-10 -112656 28048.1 -112656 0
21.24 0 1.01382e-10 -119998 17938 -119998 0
21.26 0 -2.19053e-10 -123478 6865.2 -123478 0
21.28 0 6.68e-11 -123338 -4833.95 -123338 0
21.3 0 -3.54856e-10 -119930 -16744.2 -119930 0
21.32 0 -1.48447e-10 -113628 -28371.6 -113628 0
21.34 0 -7.75088e-10 -104741 -39198.4 -104741 0
21.36 0 1.08861e-09 -93480.9 -48764.9 -93480.9 0
21.38 0 -1.09842e-10 -80007.2 -56718.4 -80007.2 0
21.4 0 6.31606e-10 -64575.8 -62809.8 -64575.8 0
21.42 0 4.88709e-10 -47677.9 -66873.6 -47677.9 0
21.44 0 1.84802e-10 -30017 -68820.1 -30017 0
21.46 0 -6.50511e-10 -12333.1 -68634.8 -12333.1 0
21.48 0 6.50683e-10 4744.69 -66369.3 4744.69 0
21.5 0 -4.57893e-10 20705.2 -62111.8 20705.2 0
21.52 0 -1.09802e-09 35096.8 -55945.1 35096.8 0
21.54 0 1.26315e-09 47493.1 -47924.5 47493.1 0
21.56 0 6.02797e-10 57496.1 -38114 57496.1 0
21.58 0 -6.53884e-10 64765.2 -26672.6 64765.2 0
21.6 0 2.00816e-10 69060.2 -13941.6 69060.2 0
21.62 0 -4.15951e-10 70284.1 -483.245 70284.1 0
21.64 0 2.44963e-10 68500.4 12976.3 68500.4 0
21.66 0 2.28604e-10 63912.9 25696.7 63912.9 0
21.68 0 1.42207e-10 56823.5 37091.1 56823.5 0
21.7 0 -4.58376e-10 47609.7 46808.2 47609.7 0
21.72 0 -1.58822e-10 36729.8 54693.4 36729.8 0
21.74 0 5.10747e-10 24729.2 60683.2 24729.2 0
21.76 0 2.1085e-10 12198.6 64720.9 12198.6 0
21.78 0 -5.01989e-10 -333.34 66741.6 -333.34 0
21.8 0 6.6048e-10 -12494.1 66707.1 -12494.1 0
21.82 0 -8.04177e-10 -24032.1 64642.6 -24032.1 0
21.84 0 3.70017e-10 -34645.4 60635.3 -34645.4 0
21.86 0 2.0335e-09 -43824.3 54802.1 -43824.3 0
21.88 0 -8.77926e-10 -50865.9 47273.6 -50865.9 0
21.9 0 1.18476e-10 -55074.5 38224.2 -55074.5 0
21.92 0 -2.26259e-10 -56032.4 27914.1 -56032.4 0
21.94 0 -2.11655e-10 -53778.2 16705.1 -53778.2 0
21.96 0 4.31618e-10 -48792.6 5047.86 -48792.6 0
21.98 0 -1.11085e-10 -41816.1 -6572.07 -41816.1 0
22 0 1.83242e-10 -33606.6 -17727.2 -33606.6 0
22.02 0 5.97894e-10 -24738 -28122.6 -24738 0
22.04 0 -1.5418e-10 -15523.2 -37577.2 -15523.2 0
22.06 0 -5.13017e-10 -6087.12 -45919.1 -6087.12 0
22.08 0 -1.11063e-10 3472.71 -52892.8 3472.71 0
22.1 0 -3.42189e-10 12954.2 -58162 12954.2 0
22.12 0 -1.94606e-10 22013.6 -61403.1 22013.6 0
22.14 0 8.60807e-10 30192 -62423.8 30192 0
22.16 0 1.83525e-09 36945.9 -61237.3 36945.9 0
22.18 0 -4.65538e-10 41689.8 -58043.4 41689.8 0
22.2 0 -8.78576e-10 43897.7 -53116.6 43897.7 0
22.22 0 -1.678e-09 43247.3 -46680.3 43247.3 0
22.24 0 4.73221e-10 39730.6 -38863.4 39730.6 0
22.26 0 -3.90071e-10 33666 -29754.6 33666 0
22.28 0 -1.20343e-09 25588.4 -19483.5 25588.4 0
22.3 0 1.2106e-10 16055.8 -8278.24 16055.8 0
22.32 0 3.73842e-11 5495.62 3507.04 5495.62 0
22.34 0 5.61372e-11 -5819.69 15395.8 -5819.69 0
22.36 0 1.4815e-10 -17689.3 26823.2 -17689.3 0
22.38 0 1.57508e-10 -29867.4 37200.6 -29867.4 0
22.4 0 1.11384e-10 -41963.5 46008.2 -41963.5 0
22.42 0 2.40767e-09 -53412.4 52898.3 -53412.4 0
22.44 0 -9.94201e-10 -63566.6 57755.9 -63566.6 0
22.46 0 -1.07624e-09 -71868.7 60668.1 -71868.7 0
22.48 0 2.73728e-10 -77985.1 61819.9 -77985.1 0
22.5 0 5.86372e-10 -81825.6 61384.9 -81825.6 0
22.52 0 -1.78697e-09 -83457.2 59461.5 -83457.2 0
22.54 0 3.7203e-10 -82944.4 56043.9 -82944.4 0
22.56 0 2.38226e-09 -80180.1 51030.7 -80180.1 0
22.58 0 2.04032e-10 -74843.3 44300.3 -74843.3 0
22.6 0 6.34336e-10 -66575.7 35847.7 -66575.7 0
22.62 0 -2.75154e-10 -55256.7 25899.5 -55256.7 0
22.64 0 2.74026e-11 -41173.7 14932.8 -41173.7 0
22.66 0 1.39495e-10 -25000.2 3596.05 -25000.2 0
22.68 0 -1.09944e-11 -7612.51 -7428.43 -7612.51 0
22.7 0 7.44487e-10 10145.9 -17580.3 10145.9 0
22.72 0 7.90288e-10 27591.8 -26538.1 27591.8 0
22.74 0 -6.68762e-10 44146.8 -34229.1 44146.8 0
22.76 0 5.08496e-10 59224.8 -40721.3 59224.8 0
22.78 0 -2.00945e-09 72221.8 -46071 72221.8 0
22.8 0 1.24103e-09 82595.2 -50215.9 82595.2 0
22.82 0 -3.3359e-10 89929.6 -52948.1 89929.6 0
22.84 0 2.63891e-10 93952.6 -53955.8 93952.6 0
22.86 0 -1.55189e-09 94517.6 -52921.2 94517.6 0
22.88 0 -4.47162e-10 91538.2 -49649.2 91538.2 0
22.9 0 -1.15861e-09 84901.4 -44173.7 84901.4 0
22.92 0 1.2704e-09 74477.8 -36787.3 74477.8 0
22.94 0 -9.3839e-10 60291.1 -27985.1 60291.1 0
22.96 0 -1.28207e-10 42717.7 -18355.3 42717.7 0
22.98 0 -8.54593e-11 22547.2 -8462.26 22547.2 0
23 0 1.08772e-10 861.439 1242.77 861.439 0
23.02 0 -2.63931e-10 -21204 10460.8 -21204 0
23.04 0 -5.83667e-11 -42704.7 19028.8 -42704.7 0
23.06 0 -7.85598e-10 -63010.4 26862.8 -63010.4 0
23.08 0 -2.59463e-10 -81745.7 33875.3 -81745.7 0
23.1 0 -2.72507e-10 -98634.6 39889.1 -98634.6 0
23.12 0 4.31514e-10 -113388 44597.5 -113388 0
23.14 0 -3.79763e-10 -125674 47620.5 -125674 0
23.16 0 1.28619e-09 -135131 48637 -135131 0
23.18 0 1.17382e-09 -141393 47504 -141393 0
23.2 0 -1.2747e-09 -144118 44296.4 -144118 0
23.22 0 6.19546e-10 -142983 39274.3 -142983 0
23.24 0 4.55009e-10 -137655 32811.9 -137655 0
23.26 0 5.13678e-10 -127831 25314.9 -127831 0
23.28 0 7.11067e-11 -113424 17147.6 -113424 0
23.3 0 7.51508e-11 -94779.8 8599.44 -94779.8 0
23.32 0 -1.63924e-10 -72740.1 -110.526 -72740.1 0
23.34 0 1.13693e-10 -48483.6 -8812.15 -48483.6 0
23.36 0 5.13817e-10 -23231.1 -17354 -23231.1 0
23.38 0 1.10614e-09 2035.65 -25559.8 2035.65 0
23.4 0 -1.17323e-09 26696.7 -33183.7 26696.7 0
23.42 0 -9.43081e-10 50405 -39891.9 50405 0
23.44 0 -1.01928e-09 72860.9 -45288.5 72860.9 0
23.46 0 1.9415e-09 93592 -48982.2 93592 0
23.48 0 -3.15316e-09 111853 -50671.9 111853 0
23.5 0 1.0891e-09 126710 -50220 126710 0
23.52 0 -1.33752e-09 137273 -47685.7 137273 0
23.54 0 9.22466e-10 142966 -43309.2 142966 0
23.56 0 -3.42661e-10 143640 -37451.5 143640 0
23.58 0 2.48644e-10 139528 -30501.7 139528 0
23.6 0 -4.42196e-10 131111 -22782.3 131111 0
23.62 0 4.9619e-10 118954 -14498.1 118954 0
23.64 0 5.25418e-10 103553 -5765.46 103553 0
23.66 0 -2.28507e-11 85265.6 3299.26 85265.6 0
23.68 0 -9.27394e-11 64366.3 12493.5 64366.3 0
23.7 0 -7.01358e-11 41181.6 21483 41181.6 0
23.72 0 5.88487e-10 16154 29816.2 16154 0
23.74 0 1.5925e-10 -10105.4 36991.7 -10105.4 0
23.76 0 -1.38598e-09 -36744 42552.6 -36744 0
23.78 0 -2.20624e-10 -62639.2 46172.1 -62639.2 0
23.8 0 -5.83497e-10 -86494.3 47706.6 -86494.3 0
23.82 0 4.79448e-10 -107035 47202.5 -107035 0
23.84 0 -4.98726e-10 -123255 44851.6 -123255 0
23.86 0 -4.24789e-10 -134632 40916.3 -134632 0
23.88 0 -3.44449e-10 -141225 35661.9 -141225 0
23.9 0 -2.67173e-10 -143540 29316 -143540 0
23.92 0 -1.2517e-09 -142238 22053.8 -142238 0
23.94 0 -1.99475e-10 -137810 14002.2 -137810 0
23.96 0 4.62823e-10 -130344 5278.59 -130344 0
23.98 0 -1.96286e-11 -119481 -3939.15 -119481 0
24 0 4.33915e-10 -104656 -13342.2 -104656 0
24.02 0 1.81901e-10 -85582.3 -22470.8 -85582.3 0
24.04 0 -7.41783e-10 -62666.4 -30776.6 -62666.4 0
24.06 0 6.52441e-10 -37040.9 -37755.8 -37040.9 0
24.08 0 -9.87702e-10 -10241 -43093 -10241 0
24.1 0 1.03931e-10 16191.1 -46731.4 16191.1 0
24.12 0 -1.04291e-09 40971.8 -48820.9 40971.8 0
24.14 0 -1.86344e-09 63184.5 -49570.6 63184.5 0
24.16 0 1.67433e-09 82264.6 -49096.1 82264.6 0
24.18 0 6.82802e-10 97905.5 -47356.1 97905.5 0
24.2 0 1.04395e-09 109951 -44212.5 109951 0
24.22 0 -4.79644e-10 118320 -39566.7 118320 0
24.24 0 4.56777e-10 122969 -33477.7 122969 0
24.26 0 -3.80524e-10 123849 -26187.8 123849 0
24.28 0 2.01609e-10 120852 -18056.2 120852 0
24.3 0 1.80655e-10 113781 -9476.39 113781 0
24.32 0 -9.0713e-11 102391 -838.283 102391 0
24.34 0 -1.97994e-11 86553.1 7478.03 86553.1 0
24.36 0 -9.78041e-11 66510.2 15126.6 66510.2 0
24.38 0 2.99391e-12 43055.4 21844.8 43055.4 0
24.4 0 4.92584e-11 17455.6 27484.5 17455.6 0
24.42 0 4.73241e-11 -8824.79 31998.9 -8824.79 0
24.44 0 3.13698e-10 -34414.8 35396.5 -34414.8 0
24.46 0 -5.52144e-11 -58213.9 37681.8 -58213.9 0
24.48 0 3.25084e-10 -79467.9 38798 -79467.9 0
24.5 0 4.9871e-10 -97765.2 38613.7 -97765.2 0
24.52 0 -6.62113e-10 -112946 36987.2 -112946 0
24.54 0 5.02292e-10 -124924 33874 -124924 0
24.56 0 2.56799e-10 -133500 29389.3 -133500 0
24.58 0 -2.22096e-10 -138246 23786.6 -138246 0
24.6 0 -7.74443e-10 -138552 17395.6 -138552 0
24.62 0 -2.02537e-10 -133806 10569.4 -133806 0
24.64 0 7.7285e-11 -123651 3650.71 -123651 0
24.66 0 3.6151e-10 -108181 -3057.23 -108181 0
24.68 0 1.82907e-10 -88024.6 -9319.13 -88024.6 0
24.7 0 4.13743e-10 -64260.2 -14992.4 -64260.2 0
24.72 0 -6.05832e-10 -38179.2 -20026.3 -38179.2 0
24.74 0 1.85378e-10 -11026.3 -24414.4 -11026.3 0
24.76 0 6.82088e-10 16164.1 -28125.6 16164.1 0
24.78 0 5.59736e-11 42601.7 -31060.4 42601.7 0
24.8 0 4.0541e-10 67671.4 -33059.9 67671.4 0
24.82 0 7.95957e-10 90806.1 -33952.1 90806.1 0
24.84 0 8.79896e-10 111376 -33609.3 111376 0
24.86 0 1.46326e-11 128672 -32000 128672 0
24.88 0 -7.68228e-10 141973 -29223.1 141973 0
24.9 0 -2.32075e-11 150627 -25498.5 150627 0
24.92 0 -4.70181e-10 154118 -21110.8 154118 0
24.94 0 6.19355e-10 152158 -16337.3 152158 0
24.96 0 -2.2612e-10 144784 -11401 144784 0
24.98 0 2.91544e-10 132345 -6457.75 132345 0
25 0 4.69269e-10 115370 -1607.78 115370 0
25.02 0 2.81307e-11 94463.8 3075.97 94463.8 0
25.04 0 3.86448e-11 70243.2 7515.55 70243.2 0
25.06 0 -2.98672e-11 43294.6 11602.6 43294.6 0
25.08 0 -1.66219e-10 14185.8 15189.6 14185.8 0
25.1 0 -3.54208e-11 -16429.8 18104.7 -16429.8 0
25.12 0 1.20433e-10 -47683.2 20182.2 -47683.2 0
25.14 0 -5.20911e-10 -78474.8 21298.1 -78474.8 0
25.16 0 -5.00389e-11 -107587 21401.7 -107587 0
25.18 0 9.98569e-11 -133839 20531.7 -133839 0
25.2 0 8.56265e-10 -156213 18806.2 -156213 0
25.22 0 7.66227e-10 -173952 16384.3 -173952 0
25.24 0 -4.79392e-10 -186596 13417 -186596 0
25.26 0 -1.70972e-10 -193947 10012.8 -193947 0
25.28 0 -7.41056e-11 -196010 6239.92 -196010 0
25.3 0 5.87362e-10 -192922 2163.14 -192922 0
25.32 0 -2.01858e-10 -184850 -2106.64 -184850 0
25.34 0 -3.01633e-10 -171804 -6385.05 -171804 0
25.36 0 2.46282e-10 -153587 -10423.5 -153587 0
25.38 0 -2.09744e-11 -130047 -13963.4 -130047 0
25.4 0 1.94561e-10 -101466 -16807.6 -101466 0
25.42 0 7.23587e-10 -68719.6 -18855.3 -68719.6 0
25.44 0 -1.43113e-11 -33152.9 -20092.3 -33152.9 0
25.46 0 9.32244e-11 3575.12 -20560.8 3575.12 0
25.48 0 9.06151e-11 39642.2 -20325.4 39642.2 0
25.5 0 5.35567e-11 73327.9 -19436.2 73327.9 0
25.52 0 3.28798e-10 103312 -17913.5 103312 0
25.54 0 -3.56049e-10 128784 -15766 128784 0
25.56 0 5.35055e-10 149339 -13020.7 149339 0
25.58 0 -4.15466e-10 164830 -9734.67 164830 0
25.6 0 6.70464e-11 175252 -5993.93 175252 0
25.62 0 -3.13419e-10 180644 -1923.47 180644 0
25.64 0 2.18791e-11 181002 2292.54 181002 0
25.66 0 -5.00421e-10 176254 6408.77 176254 0
25.68 0 4.42685e-11 166254 10152.4 166254 0
25.7 0 7.66055e-11 150732 13282.5 150732 0
25.72 0 5.47803e-11 129468 15648.5 129468 0
25.74 0 -5.88383e-11 102678 17229 102678 0
25.76 0 1.97069e-10 71241.1 18121.4 71241.1 0
25.78 0 1.9918e-11 36548.3 18479.1 36548.3 0
25.8 0 -1.84892e-10 201.839 18431.8 201.839 0
25.82 0 5.98254e-10 -36166.1 18027.4 -36166.1 0
25.84 0 -5.9101e-10 -71037.8 17216.5 -71037.8 0
25.86 0 -2.86951e-10 -103198 15891.3 -103198 0
25.88 0 1.08826e-10 -131819 13962.5 -131819 0
25.9 0 -2.56656e-11 -156337 11420.8 -156337 0
25.92 0 3.22325e-10 -176286 8345.47 -176286 0
25.94 0 2.70403e-10 -191255 4873.29 -191255 0
25.96 0 -2.44621e-10 -200947 1163.98 -200947 0
25.98 0 3.50514e-10 -205202 -2621.84 -205202 0
26 0 -1.03692e-10 -204015 -6336.29 -204015 0
26.02 0 -1.05251e-10 -197531 -9848.83 -197531 0
26.04 0 1.19514e-10 -185906 -13043.7 -185906 0
26.06 0 -1.18478e-10 -169076 -15819.3 -169076 0
26.08 0 4.15253e-11 -146857 -18099 -146857 0
26.1 0 2.40581e-10 -119378 -19845 -119378 0
26.12 0 2.04963e-10 -87424.3 -21039.8 -87424.3 0
26.14 0 8.36011e-11 -52380.1 -21654.8 -52380.1 0
26.16 0 -9.91187e-11 -15948.1 -21652.4 -15948.1 0
26.18 0 -3.63757e-10 20068.4 -21013.3 20068.4 0
26.2 0 -5.13784e-11 53987 -19755.1 53987 0
26.22 0 1.66583e-10 84476 -17928.9 84476 0
26.24 0 -3.60746e-10 110632 -15611.4 110632 0
26.26 0 4.27996e-10 131879 -12889.4 131879 0
26.28 0 -1.15454e-11 147887 -9847.63 147887 0
26.3 0 -3.68438e-11 158585 -6582.25 158585 0
26.32 0 1.32719e-10 164153 -3237.89 164153 0
26.34 0 2.81363e-10 164899 -23.2902 164899 0
26.36 0 -2.66272e-10 161082 2826.4 161082 0
26.38 0 -1.10649e-10 152737 5118.44 152737 0
26.4 0 1.76876e-10 139553 6752.97 139553 0
26.42 0 -8.60904e-11 121053 7735.35 121053 0
26.44 0 -4.50441e-11 97078.7 8164.17 97078.7 0
26.46 0 5.4556e-11 68213.2 8199.75 68213.2 0
26.48 0 -9.04345e-11 35771.8 8016.5 35771.8 0
26.5 0 9.66064e-11 1487.62 7753.62 1487.62 0
26.52 0 -6.61986e-11 -32798.1 7471.83 -32798.1 0
26.54 0 -1.91418e-10 -65387.6 7124.85 -65387.6 0
26.56 0 1.71556e-10 -94955.6 6570.01 -94955.6 0
26.58 0 1.43735e-11 -120664 5631.59 -120664 0
26.6 0 -2.09307e-11 -142081 4188.29 -142081 0
26.62 0 -2.29768e-10 -159015 2238.46 -159015 0
26.64 0 3.5063e-11 -171394 -80.7019 -171394 0
26.66 0 4.82021e-11 -179187 -2522.17 -179187 0
26.68 0 9.78277e-11 -182331 -4801.18 -182331 0
26.7 0 -7.59862e-13 -180675 -6686.41 -180675 0
26.72 0 -1.88945e-10 -173957 -8061.58 -173957 0
26.74 0 -9.25815e-11 -161800 -8928.81 -161800 0
26.76 0 1.74429e-10 -143896 -9369.13 -143896 0
26.78 0 1.06059e-11 -120362 -9499.66 -120362 0
26.8 0 4.20373e-11 -91966.2 -9437.25 -91966.2 0
26.82 0 -1.46741e-10 -60012.8 -9259.82 -60012.8 0
26.84 0 -1.22554e-10 -26046.1 -8979.19 -26046.1 0
26.86 0 5.13663e-11 8365.12 -8540.04 8365.12 0
26.88 0 1.36575e-10 41763.1 -7846.37 41763.1 0
26.9 0 -9.98033e-11 72932.1 -6808.16 72932.1 0
26.92 0 1.15511e-10 100955 -5393.26 100955 0
26.94 0 2.42919e-10 125130 -3655.56 125130 0
26.96 0 -7.09298e-11 144850 -1720.39 144850 0
26.98 0 -1.44307e-10 159592 255.913 159592 0
27 0 8.62815e-11 168983 2121 168983 0
27.02 0 -3.93477e-10 172858 3747.18 172858 0
27.04 0 9.63736e-11 171260 5047.47 171260 0
27.06 0 -3.75606e-10 164397 5985.14 164397 0
27.08 0 2.06566e-10 152485 6564.33 152485 0
27.1 0 2.68202e-11 135666 6805.31 135666 0
27.12 0 1.17645e-10 114139 6735.34 114139 0
27.14 0 -5.50728e-12 88426.1 6397.24 88426.1 0
27.16 0 6.21186e-11 59448.8 5854.08 59448.8 0
27.18 0 -8.39777e-12 28322.5 5188.3 28322.5 0
27.2 0 -1.68649e-12 -3776.78 4490.53 -3776.78 0
27.22 0 -1.49234e-11 -35606.1 3825.88 -35606.1 0
27.24 0 3.41497e-12 -65905.7 3189.68 -65905.7 0
27.26 0 3.85257e-11 -93558.6 2501.39 -93558.6 0
27.28 0 -1.81951e-10 -117687 1656.04 -117687 0
27.3 0 1.70696e-10 -137633 590.683 -137633 0
27.32 0 1.9549e-11 -152951 -684.712 -152951 0
27.34 0 -4.50691e-11 -163434 -2094.96 -163434 0
27.36 0 1.54833e-10 -169089 -3520.53 -169089 0
27.38 0 1.51064e-10 -170034 -4820.34 -170034 0
27.4 0 8.87758e-11 -166394 -5860.34 -166394 0
27.42 0 -1.86864e-10 -158227 -6544.15 -158227 0
27.44 0 9.91277e-11 -145468 -6834.96 -145468 0
27.46 0 -3.40123e-12 -128032 -6765.98 -128032 0
27.48 0 1.32823e-10 -106064 -6439.01 -106064 0
27.5 0 -1.9836e-11 -80146.8 -5997.17 -80146.8 0
27.52 0 -5.07045e-11 -51287.5 -5575 -51287.5 0
27.54 0 -1.10012e-11 -20780 -5252.15 -20780 0
27.56 0 -2.55742e-10 9918.08 -5027.88 9918.08 0
27.58 0 3.69326e-10 39333.6 -4821.64 39333.6 0
27.6 0 -1.56232e-10 66183.8 -4503.59 66183.8 0
27.62 0 6.74024e-11 89532.3 -3951.21 89532.3 0
27.64 0 -2.38615e-10 108803 -3105.85 108803 0
27.66 0 -8.4875e-11 123705 -2000.43 123705 0
27.68 0 1.48515e-10 134142 -750.164 134142 0
27.7 0 1.07413e-10 140141 481.918 140141 0
27.72 0 -1.10219e-10 141765 1530.54 141765 0
27.74 0 -2.8971e-10 139060 2271.99 139060 0
27.76 0 -2.25951e-10 132022 2651.78 132022 0
27.78 0 -6.83077e-11 120585 2688.76 120585 0
27.8 0 2.05534e-10 104718 2462.33 104718 0
27.82 0 5.70022e-11 84645.7 2093 84645.7 0
27.84 0 2.28382e-12 60984.7 1714.24 60984.7 0
27.86 0 1.1766e-11 34699.6 1436.08 34699.6 0
27.88 0 -1.99208e-11 6953.43 1312.38 6953.43 0
27.9 0 -3.16395e-11 -21005.8 1321.92 -21005.8 0
27.92 0 -4.07882e-12 -47956.9 1373.21 -47956.9 0
27.94 0 3.16643e-11 -72848.8 1338.78 -72848.8 0
27.96 0 -4.45654e-11 -94898.6 1108.14 -94898.6 0
27.98 0 1.04766e-10 -113575 631.311 -113575 0
28 0 -3.58386e-10 -128522 -66.4966 -128522 0
28.02 0 -2.81362e-11 -139501 -896.949 -139501 0
28.04 0 -1.68446e-10 -146360 -1736.78 -146360 0
28.06 0 1.29332e-10 -149005 -2463.78 -149005 0
28.08 0 -2.83791e-10 -147392 -2990.3 -147392 0
28.1 0 2.09275e-11 -141531 -3281.32 -141531 0
28.12 0 6.54473e-11 -131468 -3354.46 -131468 0
28.14 0 -2.29471e-11 -117317 -3269.37 -117317 0
28.16 0 -2.8416e-11 -99368 -3112.5 -99368 0
28.18 0 5.74493e-11 -78193.9 -2974.09 -78193.9 0
28.2 0 -4.2372e-11 -54621.8 -2920.45 -54621.8 0
28.22 0 -1.53722e-10 -29624 -2975.86 -29624 0
28.24 0 -6.97635e-11 -4234.29 -3117.16 -4234.29 0
28.26 0 2.39639e-10 20515.7 -3278.04 20515.7 0
28.28 0 -1.16725e-10 43683.5 -3365.44 43683.5 0
28.3 0 -6.31354e-12 64494.1 -3290.18 64494.1 0
28.32 0 -1.71184e-11 82351.4 -2998.68 82351.4 0
28.34 0 2.02316e-10 96805.4 -2489.21 96805.4 0
28.36 0 2.8731e-11 107531 -1809.59 107531 0
28.38 0 2.56505e-10 114322 -1043.49 114322 0
28.4 0 1.28096e-10 117076 -290.837 117076 0
28.42 0 -3.00674e-10 115764 354.32 115764 0
28.44 0 1.6893e-11 110400 822.401 110400 0
28.46 0 -2.31134e-11 101015 1080.12 101015 0
28.48 0 1.49116e-10 87692.7 1135.76 87692.7 0
28.5 0 -6.08083e-11 70676.5 1037.86 70676.5 0
28.52 0 2.11608e-11 50465.2 861.924 50465.2 0
28.54 0 -8.10209e-12 27801.1 685.865 27801.1 0
28.56 0 2.73566e-11 3582.59 565.046 3582.59 0
28.58 0 2.2987e-12 -21211.6 513.515 -21211.6 0
28.6 0 1.