0.02 1.33866 0.471044 -39.6806 -0.0948624 -39.6806 0.471044
0.04 6.60491 7.94195 -159.337 -0.637249 -159.337 7.94195
0.06 16.5049 34.5408 -300.524 -2.02942 -300.524 34.5408
0.08 25.2535 114.59 -388.072 -4.32288 -388.072 114.59
0.1 15.5632 310.389 -424.375 -7.28262 -424.375 310.389
0.12 -39.4963 636.936 -450.478 -9.75867 -450.478 636.936
0.14 -170.346 1040.62 -489.616 -7.47248 -489.616 1040.62
0.16 -402.396 1450.74 -529.549 8.0064 -529.549 1450.74
0.18 -745.244 1811.07 -555.204 46.5993 -555.204 1811.07
0.2 -1192.69 2138.15 -583.119 114.984 -583.119 2138.15
0.22 -1731.54 2504.07 -660.907 213.056 -660.907 2504.07
0.24 -2343.99 2909.67 -829.386 334.032 -829.386 2909.67
0.26 -3002.64 3275.65 -1070.41 468.017 -1070.41 3275.65
0.28 -3670.39 3603.45 -1297.13 604.955 -1297.13 3603.45
0.3 -4310.08 4020.04 -1413.53 734.444 -1413.53 4020.04
0.32 -4897.82 4600.71 -1383.35 846.781 -1383.35 4600.71
0.34 -5433.4 5274.63 -1248.27 938.609 -1248.27 5274.63
0.36 -5939.73 5946.47 -1087.53 1016.41 -1087.53 5946.47
0.38 -6448.1 6590.45 -965.846 1091.36 -965.846 6590.45
0.4 -6976.56 7157.58 -925.602 1172.81 -925.602 7157.58
0.42 -7515.33 7508.17 -983.155 1268.94 -983.155 7508.17
0.44 -8027.05 7541.84 -1072.22 1386.93 -1072.22 7541.84
0.46 -8462.5 7366.88 -1053.94 1521.31 -1053.94 7366.88
0.48 -8786.07 7258.38 -894.094 1641.77 -894.094 7258.38
0.5 -8995.14 7405.81 -748.791 1703.49 -748.791 7405.81
0.52 -9115.45 7736.56 -775.524 1677.87 -775.524 7736.56
0.54 -9156.29 7890.41 -954.773 1573.31 -954.773 7890.41
0.56 -9066.17 7497.25 -1130.73 1425.28 -1130.73 7497.25
0.58 -8750.33 6623.82 -1169.08 1266.25 -1169.08 6623.82
0.6 -8134.77 5700.98 -1093.46 1101.62 -1093.46 5700.98
0.62 -7208.7 4925.65 -1090.34 910.741 -1090.34 4925.65
0.64 -6006.82 4028.16 -1348.03 670.044 -1348.03 4028.16
0.66 -4562.53 2804.1 -1856.22 374.304 -1856.22 2804.1
0.68 -2876.56 1472.98 -2381.5 38.043 -2381.5 1472.98
0.7 -934.13 338.49 -2668.21 -312.018 -2668.21 338.49
0.72 1239.99 -601.729 -2675.99 -637.889 -2675.99 -601.729
0.74 3550.87 -1573.44 -2618.33 -895.68 -2618.33 -1573.44
0.76 5859.39 -2675.68 -2787.15 -1058.55 -2787.15 -2675.68
0.78 8046.37 -3890.44 -3329.64 -1132.89 -3329.64 -3890.44
0.8 10052.9 -5241.81 -4100.67 -1136.71 -4100.67 -5241.81
0.82 11861.3 -6641.87 -4689.35 -1064.6 -4689.35 -6641.87
0.84 13449.9 -7757.44 -4767.9 -893.328 -4767.9 -7757.44
0.86 14758.7 -8245.41 -4487.42 -622.274 -4487.42 -8245.41
0.88 15689.3 -8135.92 -4356.74 -285.431 -4356.74 -8135.92
0.9 16143.1 -7819.8 -4714.69 85.4822 -4714.69 -7819.8
0.92 16087.6 -7696.6 -5391.15 491.75 -5391.15 -7696.6
0.94 15587.8 -7813.46 -5914.12 950.013 -5914.12 -7813.46
0.96 14765.1 -7894.26 -5885.75 1456.23 -5885.75 -7894.26
0.98 13721.8 -7730.26 -5240.35 1976.21 -5240.35 -7730.26
1 12503.2 -7872.33 -2547.47 2464.74 -2547.47 -7872.33
1.02 11146.7 -8584.84 1517.46 2872.92 1517.46 -8584.84
1.04 9741.34 -8711.79 2024.18 3121.98 2024.18 -8711.79
1.06 8384.74 -7774.53 -977.696 3125.85 -977.696 -7774.53
1.08 7087.66 -6398.88 -2899.92 2893.99 -2899.92 -6398.88
1.1 5788.05 -4958.86 -2512.21 2552.2 -2512.21 -4958.86
1.12 4485.93 -4034.58 -142.291 2213.77 -142.291 -4034.58
1.14 3283.35 -3805.93 2689.81 1858.5 2689.81 -3805.93
1.16 2253.67 -3433.15 2461.67 1331.99 2461.67 -3433.15
1.18 1337.89 -2870.34 68.5414 463.57 68.5414 -2870.34
1.2 399.065 -2751.38 185.563 -760.611 185.563 -2751.38
1.22 -645.251 -2699.34 3713.43 -2135.18 3713.43 -2699.34
1.24 -1732.95 -1971.2 6807.57 -3377.2 6807.57 -1971.2
1.26 -2699.65 -795.261 5846.44 -4320.23 5846.44 -795.261
1.28 -3403.11 -83.5222 1528.06 -4961.18 1528.06 -83.5222
1.3 -3752.93 -182.436 -2690.78 -5370.78 -2690.78 -182.436
1.32 -3653.43 -562.865 -4189.45 -5613.9 -4189.45 -562.865
1.34 -3020.88 -656.209 -2674.4 -5735.61 -2674.4 -656.209
1.36 -1847.85 -1393.61 2214.42 -5754.39 2214.42 -1393.61
1.38 -182.631 -3569.31 7543.24 -5655.53 7543.24 -3569.31
1.4 1925.81 -5358.28 6026.87 -5431.43 6026.87 -5358.28
1.42 4403.79 -5510.41 -1143.61 -5066.08 -1143.61 -5510.41
1.44 7041.51 -5022.35 -5487.81 -4404.95 -5487.81 -5022.35
1.46 9514.65 -4855.95 -4461.37 -3172.85 -4461.37 -4855.95
1.48 11673.7 -5416.38 -2352.58 -1273.03 -2352.58 -5416.38
1.5 13707.6 -7079.11 -3185.44 984.285 -3185.44 -7079.11
1.52 15844.3 -9640.28 -6572.94 3036.55 -6572.94 -9640.28
1.54 17967.7 -11730.5 -9172.19 4433.85 -9172.19 -11730.5
1.56 19653.5 -12079.9 -7730.57 5078.28 -7730.57 -12079.9
1.58 20508.8 -11172.1 -1925.19 5231.72 -1925.19 -11172.1
1.6 20390.8 -10485.8 3955.95 5329.53 3955.95 -10485.8
1.62 19399.3 -10486.3 4340.46 5675.93 4340.46 -10486.3
1.64 17796.1 -10570 -1065.25 6239.54 -1065.25 -10570
1.66 15855.3 -10147.2 -6657.57 6751.55 -6657.57 -10147.2
1.68 13660.7 -8863.03 -7442.41 6957.49 -7442.41 -8863.03
1.7 11056.9 -6443.23 -3956.68 6699.29 -3956.68 -6443.23
1.72 7902.31 -3623.04 -127.309 5834.93 -127.309 -3623.04
1.74 4333.75 -2034.34 1608.65 4273.22 1608.65 -2034.34
1.76 681.095 -1689.95 1690.86 2142.03 1690.86 -1689.95
1.78 -2814.48 -417.277 1623.62 -181.562 1623.62 -417.277
1.8 -6181.24 3272.65 2486.63 -2257.14 2486.63 3272.65
1.82 -9679.62 8115.75 4424.5 -3779.52 4424.5 8115.75
1.84 -13555 11737.5 6118.59 -4669.54 6118.59 11737.5
1.86 -17702.8 13070.5 5987.43 -5092.41 5987.43 13070.5
1.88 -21578.5 12750.7 4483.16 -5371.91 4483.16 12750.7
1.9 -24570.6 12418.4 3699.91 -5771.59 3699.91 12418.4
1.92 -26474 13416.1 4842.03 -6311.73 4842.03 13416.1
1.94 -27566.9 15583.8 7235.24 -6802.75 7235.24 15583.8
1.96 -28227 17202.4 9395.2 -7010.48 9395.2 17202.4
1.98 -28495.6 16550.3 10070.1 -6755.25 10070.1 16550.3
2 -28000.7 13746.3 8851.47 -5936.94 8851.47 13746.3
2.02 -26239.8 10442 6442.62 -4592.7 6442.62 10442
2.04 -22970.3 7926.12 4258.39 -2954.34 4258.39 7926.12
2.06 -18414.2 6180.06 3195.9 -1385.08 3195.9 6180.06
2.08 -13086 4358.32 2694.12 -208.846 2694.12 4358.32
2.1 -7375.63 1529.09 1548.91 437.869 1548.91 1529.09
2.12 -1329.16 -2395.56 -457.883 651.075 -457.883 -2395.56
2.14 5142.05 -6200.7 -2221.35 694.501 -2221.35 -6200.7
2.16 11898.3 -8556.1 -2796.37 850.491 -2796.37 -8556.1
2.18 18450 -9733.09 -2360.79 1265.05 -2360.79 -9733.09
2.2 24152.5 -11161.5 -1948.55 1888.11 -1948.55 -11161.5
2.22 28549.1 -13560.4 -2946.84 2531.33 -2946.84 -13560.4
2.24 31621.2 -16674 -5642.35 2991.69 -5642.35 -16674
2.26 33699.5 -19723 -8453.35 3177.36 -8453.35 -19723
2.28 35116.6 -21581.9 -9852.01 3155.48 -9852.01 -21581.9
2.3 35952.9 -21586.1 -10120.8 3070.81 -10120.8 -21586.1
2.32 36048.3 -20297.5 -10069 3015.05 -10069 -20297.5
2.34 35200.4 -18931.7 -9587.26 2986.13 -9587.26 -18931.7
2.36 33391.8 -18132.7 -8653.96 2951.3 -8653.96 -18132.7
2.38 30858.1 -17588.1 -7715.22 2905.18 -7715.22 -17588.1
2.4 27901.9 -16497.2 -6622.11 2862.44 -6622.11 -16497.2
2.42 24646.6 -14463.5 -5057.57 2825.2 -5057.57 -14463.5
2.44 20992.2 -12002.9 -3408.85 2773.03 -3408.85 -12002.9
2.46 16771 -9666.77 -2183.22 2672.12 -2183.22 -9666.77
2.48 11973.2 -7469.37 -1524.46 2486.37 -1524.46 -7469.37
2.5 6855.55 -5472.6 -1268.73 2194.39 -1268.73 -5472.6
2.52 1768.75 -3477.4 -641.804 1800.21 -641.804 -3477.4
2.54 -3074.02 -1016.91 1552.53 1304.8 1552.53 -1016.91
2.56 -7638.45 1827.57 5140.2 661.162 5140.2 1827.57
2.58 -11945.7 4294.96 7910.61 -216.037 7910.61 4294.96
2.6 -15932.5 5678.78 8452.85 -1373.55 8452.85 5678.78
2.62 -19371.5 5883.25 7961.5 -2750.88 7961.5 5883.25
2.64 -21866 5126.24 8153.02 -4189.96 8153.02 5126.24
2.66 -23053.7 4426.06 8895.67 -5519.35 8895.67 4426.06
2.68 -22846.1 5074.32 8797.35 -6650.77 8797.35 5074.32
2.7 -21457 6882.6 7167.59 -7606.01 7167.59 6882.6
2.72 -19215.2 8193.31 4457.76 -8441.43 4457.76 8193.31
2.74 -16304.6 7564.55 2010.81 -9138.57 2010.81 7564.55
2.76 -12724 5600.72 1107.97 -9575.61 1107.97 5600.72
2.78 -8458.8 4020.89 1010.39 -9610.99 1010.39 4020.89
2.8 -3648.49 3058.26 -777.866 -9173.14 -777.866 3058.26
2.82 1400.08 1474.79 -5305.8 -8258.11 -5305.8 1474.79
2.84 6395.31 -1348.34 -10521.4 -6883.51 -10521.4 -1348.34
2.86 11230.7 -4318.48 -13800.4 -5088.19 -13800.4 -4318.48
2.88 15901.3 -5699.98 -14546.5 -2950.26 -14546.5 -5699.98
2.9 20243.2 -4848.86 -13779.8 -555.812 -13779.8 -4848.86
2.92 23830.8 -2717.07 -13196.5 2040.17 -13196.5 -2717.07
2.94 26195.1 -1038.75 -14451.4 4792.41 -14451.4 -1038.75
2.96 27107.8 -872.701 -17467.9 7640.46 -17467.9 -872.701
2.98 26649.5 -1868.82 -19932.7 10549.8 -19932.7 -1868.82
3 25042.9 -2731.45 -19799.3 13529.2 -19799.3 -2731.45
3.02 22441.7 -2276.09 -17686.3 16517.6 -17686.3 -2276.09
3.04 18892.7 -501.057 -15928.8 19254.6 -15928.8 -501.057
3.06 14455.6 1574.65 -15751.3 21335.8 -15751.3 1574.65
3.08 9315.19 3302.57 -16121.4 22424.5 -16121.4 3302.57
3.1 3715.05 5594.36 -14867.1 22394.8 -14867.1 5594.36
3.12 -2234.81 9868.35 -10474.2 21315.5 -10474.2 9868.35
3.14 -8605.48 15374.2 -3626.06 19378.1 -3626.06 15374.2
3.16 -15494.3 19460.5 2725.07 16830.6 2725.07 19460.5
3.18 -22809.5 20839 5817.37 13863.3 5817.37 20839
3.2 -30203.9 20973.1 6325.92 10499.7 6325.92 20973.1
3.22 -37223.8 21810 7641.98 6659.93 7641.98 21810
3.24 -43502.5 23449.5 11475.2 2364.96 11475.2 23449.5
3.26 -48830.7 24978 16250.7 -2192.15 16250.7 24978
3.28 -53020.3 25786.1 19576.5 -6807.3 19576.5 25786.1
3.3 -55787.6 25707.7 20630.3 -11397.9 20630.3 25707.7
3.32 -56888.8 25248.6 20301.3 -15892.5 20301.3 25248.6
3.34 -56267 24921.9 19829.2 -20051.3 19829.2 24921.9
3.36 -53967.6 23884.8 19751 -23494.4 19751 23884.8
3.38 -49983.2 20615.3 19683.2 -25915.2 19683.2 20615.3
3.4 -44238.5 15120 18792.2 -27236.8 18792.2 15120
3.42 -36674.7 9009.75 16647.6 -27575.9 16647.6 9009.75
3.44 -27348.5 3509.18 13571.7 -27082.9 13571.7 3509.18
3.46 -16530.9 -1324.87 10254.9 -25806.2 10254.9 -1324.87
3.48 -4693.16 -5852.87 6892.32 -23682.3 6892.32 -5852.87
3.5 7664.81 -10456.7 3131.94 -20627.2 3131.94 -10456.7
3.52 20163.4 -15563.5 -1041.75 -16623.6 -1041.75 -15563.5
3.54 32513.5 -21308.6 -5049.7 -11744.8 -5049.7 -21308.6
3.56 44359.6 -27017.3 -8298.84 -6160.34 -8298.84 -27017.3
3.58 55199.5 -31642.1 -10997.4 -152.284 -10997.4 -31642.1
3.6 64500.7 -35110.9 -14170.6 5913.79 -14170.6 -35110.9
3.62 71907.3 -38496.5 -18362.2 11701.5 -18362.2 -38496.5
3.64 77375.5 -42555.4 -22584.7 17000.8 -22584.7 -42555.4
3.66 81101.1 -46303.6 -25290.6 21693.8 -25290.6 -46303.6
3.68 83265.8 -47688.1 -26329.6 25639.1 -26329.6 -47688.1
3.7 83794.5 -45913.5 -26583.9 28632.6 -26583.9 -45913.5
3.72 82311.7 -42048 -26155.7 30483.6 -26155.7 -42048
3.74 78398.6 -37583.9 -24602.1 31085.3 -24602.1 -37583.9
3.76 71932.1 -33117.9 -21999.5 30418 -21999.5 -33117.9
3.78 63162.4 -28368 -18674 28550.5 -18674 -28368
3.8 52479.6 -22948.7 -14630.9 25660.7 -14630.9 -22948.7
3.82 40137.4 -16535.2 -10324.6 21980.2 -10324.6 -16535.2
3.84 26253.4 -9130.42 -6947.75 17670.5 -6947.75 -9130.42
3.86 11046.8 -1506.56 -4674.45 12792.4 -4674.45 -1506.56
3.88 -4946.25 5209.04 -2100.29 7424.49 -2100.29 5209.04
3.9 -20858.9 10613 1975.74 1747.07 1975.74 10613
3.92 -35688.4 15338.5 7285.5 -4038.43 7285.5 15338.5
3.94 -48563.7 19931.1 12596.8 -9810.5 12596.8 19931.1
3.96 -58974.2 24313.5 16731.6 -15479.8 16731.6 24313.5
3.98 -66751.8 27972.1 18850.8 -20868.7 18850.8 27972.1
4 -71771.4 29973.7 18763.2 -25679.4 18763.2 29973.7
4.02 -73752.3 29976.5 17304.6 -29564.9 17304.6 29976.5
4.04 -72395.5 29079.1 15444.3 -32232.7 15444.3 29079.1
4.06 -67681.7 28589.5 13231.7 -33538.7 13231.7 28589.5
4.08 -59993.5 28020.2 10322 -33516.3 10322 28020.2
4.1 -50013 25817.6 7146.3 -32297.4 7146.3 25817.6
4.12 -38535 21918.3 4580.73 -29997.6 4580.73 21918.3
4.14 -26273 17618.8 2533.71 -26664.2 2533.71 17618.8
4.16 -13782 13473.6 5.21365 -22273.2 5.21365 13473.6
4.18 -1480.06 8593.81 -3653.45 -16739.2 -3653.45 8593.81
4.2 10305.1 2468.37 -8321.71 -10010.7 -8321.71 2468.37
4.22 21349.9 -3970.37 -13877.2 -2260.02 -13877.2 -3970.37
4.24 31580.7 -9899.85 -20211.8 6037.78 -20211.8 -9899.85
4.26 40963.7 -15137.3 -26054 14276.4 -26054 -15137.3
4.28 49362.6 -19253.6 -29785.5 21944.3 -29785.5 -19253.6
4.3 56590.3 -22018.5 -31291 28675.4 -31291 -22018.5
4.32 62505.9 -24073 -31498 34211.4 -31498 -24073
4.34 66903.3 -25494.3 -30959 38433.1 -30959 -25494.3
4.36 69340.6 -24952.8 -29898.8 41368.6 -29898.8 -24952.8
4.38 69167.4 -21511.7 -28608.8 43080.5 -28608.8 -21511.7
4.4 65654.4 -15430.3 -27175.2 43566.5 -27175.2 -15430.3
4.42 58185 -7476.25 -25641.5 42795 -25641.5 -7476.25
4.44 46516.6 1118.08 -23536.3 40761.2 -23536.3 1118.08
4.46 30881.7 9337.95 -19362.2 37457.3 -19362.2 9337.95
4.48 11873.5 17217 -12242.9 32836 -12242.9 17217
4.5 -9762.66 25489.6 -3229.22 26875 -3229.22 25489.6
4.52 -33331.3 34975.4 6224.06 19683.6 6224.06 34975.4
4.54 -58214.8 45869.1 15762.1 11543.2 15762.1 45869.1
4.56 -83672.8 57088.6 25676.1 2889.3 25676.1 57088.6
4.58 -108661 67201.6 35888.5 -5728.63 35888.5 67201.6
4.6 -131897 76014.2 45101.3 -13767.3 45101.3 76014.2
4.62 -152094 83778.7 51113.8 -20886.2 51113.8 83778.7
4.64 -168173 89362.2 53192.2 -27036.2 53192.2 89362.2
4.66 -179354 90991.9 53817.3 -32322.9 53817.3 90991.9
4.68 -185057 88118.1 56263.9 -36814.9 56263.9 88118.1
4.7 -184675 81128.6 60864.6 -40490.8 60864.6 81128.6
4.72 -177593 70571.7 65090.9 -43288.9 65090.9 70571.7
4.74 -163532 57658 66627.1 -45138.1 66627.1 57658
4.76 -142854 44068.3 65481.1 -45976.5 65481.1 44068.3
4.78 -116556 30447.2 63413 -45770 63413 30447.2
4.8 -86018.5 16096.9 61668.4 -44483.6 61668.4 16096.9
4.82 -52718.2 361.086 59169 -42050.1 59169 361.086
4.84 -17931.2 -17214 53476.9 -38440.8 53476.9 -17214
4.86 17462.9 -37785.2 43883.9 -33773.6 43883.9 -37785.2
4.88 52956.2 -62281.7 32808.2 -28301.3 32808.2 -62281.7
4.9 88227.1 -89481.1 23559.5 -22314.2 23559.5 -89481.1
4.92 122950 -116180 17033 -16125.5 17033 -116180
4.94 156645 -139335 11283.1 -10116.4 11283.1 -139335
4.96 188567 -157340 4085.92 -4665 4085.92 -157340
4.98 217751 -169848 -5076.2 34.9353 -5076.2 -169848
5 243214 -177417 -15282.8 4057.48 -15282.8 -177417
5.02 264069 -180998 -25223.8 7635.17 -25223.8 -180998
5.04 279438 -181096 -34292.7 10968.2 -34292.7 -181096
5.06 288289 -177265 -43066 14080 -43066 -177265
5.08 289455 -168731 -52198.1 16786.2 -52198.1 -168731
5.1 281850 -155158 -60569.4 18826.4 -60569.4 -155158
5.12 264693 -136063 -65413 20103.8 -65413 -136063
5.14 237578 -110160 -65070.3 20817.8 -65070.3 -110160
5.16 200354 -75880.3 -60735.5 21358.3 -60735.5 -75880.3
5.18 152973 -33103.8 -55126.7 22103.4 -55126.7 -33103.8
5.2 95559.3 15280.7 -49964.8 23340.4 -49964.8 15280.7
5.22 28928.1 63514 -45214.5 25312.7 -45214.5 63514
5.24 -44777.6 105697 -39840.9 28198.9 -39840.9 105697
5.26 -121982 139829 -32128 31939.3 -32128 139829
5.28 -198280 168223 -20376.9 36069.7 -20376.9 168223
5.3 -269191 194336 -4655.58 39818.3 -4655.58 194336
5.32 -329960 220001 12514.4 42575 12514.4 220001
5.34 -374445 245333 28252.2 44418.3 28252.2 245333
5.36 -398380 270600 41430.5 45822.5 41430.5 270600
5.38 -409055 297003 52236.8 46428.2 52236.8 297003
5.4 -416126 324892 60429.9 44732.3 60429.9 324892
5.42 -415912 348259 64686.2 39565.5 64686.2 348259
5.44 -404300 350938 64362.1 31652.5 64362.1 350938
5.46 -383357 328255 60819.1 23022.5 60819.1 328255
5.48 -352794 289819 56545.6 14327.6 56545.6 289819
5.5 -311424 243686 53592.7 4057.42 53592.7 243686
5.52 -259383 195294 51873.5 -8950.83 51873.5 195294
5.54 -197968 148014 49068.5 -23786.6 49068.5 148014
5.56 -129428 106917 43281 -38528.9 43281 106917
5.58 -56377.4 75849.4 36281.5 -51828.4 36281.5 75849.4
5.6 17926.5 54356.2 31426.2 -62922.7 31426.2 54356.2
5.62 89636.7 36366.3 28119.9 -70707.8 28119.9 36366.3
5.64 155007 13560.7 22852.4 -73636.1 22852.4 13560.7
5.66 211348 -19020.1 13993.4 -70728.5 13993.4 -19020.1
5.68 257257 -59537.2 3091.6 -62410.2 3091.6 -59537.2
5.7 292375 -102011 -6636.09 -50162.9 -6636.09 -102011
5.72 317248 -140918 -12344.2 -35396.5 -12344.2 -140918
5.74 333148 -173020 -12986 -18713.7 -12986 -173020
5.76 341626 -195661 -9433.3 -171.634 -9433.3 -195661
5.78 343909 -206041 -2932.17 19882.1 -2932.17 -206041
5.8 340392 -203713 5751.2 39988.7 5751.2 -203713
5.82 330495 -192313 16108.2 57994.7 16108.2 -192313
5.84 313090 -179332 27880 72731.4 27880 -179332
5.86 287740 -169389 39829.3 84132.4 39829.3 -169389
5.88 255341 -161503 49291 91663.7 49291 -161503
5.9 217371 -151592 54739.6 93858.3 54739.6 -151592
5.92 175211 -134705 57773.2 89346.5 57773.2 -134705
5.94 129423 -105609 60389.5 77761 60389.5 -105609
5.96 79572.1 -61672.5 61863.8 59677 61863.8 -61672.5
5.98 24963 -6007.18 61690 36169.7 61690 -6007.18
6 -34453.3 52008.7 61766.8 8725.02 61766.8 52008.7
6.02 -97020.9 100009 62304.9 -20598.3 62304.9 100009
6.04 -158853 129265 59309.9 -49331.9 59309.9 129265
6.06 -214692 142016 51349.4 -75304.9 51349.4 142016
6.08 -259846 150957 41934.4 -97400.7 41934.4 150957
6.1 -291603 168926 30167.9 -115594 30167.9 168926
6.12 -309257 200162 7601.85 -130126 7601.85 200162
6.14 -312868 239412 -31818.3 -140643 -31818.3 239412
6.16 -302261 277544 -82424.4 -146036 -82424.4 277544
6.18 -277983 307540 -132793 -144477 -132793 307540
6.2 -241624 323677 -174863 -133265 -174863 323677
6.22 -192759 315278 -207639 -111141 -207639 315278
6.24 -132759 277327 -251999 -80372.4 -251999 277327
6.26 -66216.7 215278 -343907 -42638.7 -343907 215278
6.28 -5015.19 140480 -461775 2626.69 -461775 140480
6.3 39205.8 68247.9 -550296 53677.7 -550296 68247.9
6.32 91018.9 11747.6 -595364 106235 -595364 11747.6
6.34 170829 -26948.3 -615480 157173 -615480 -26948.3
6.36 260073 -56620.7 -642640 205340 -642640 -56620.7
6.38 348079 -89321.8 -696366 250795 -696366 -89321.8
6.4 423789 -134255 -752459 296054 -752459 -134255
6.42 468100 -193986 -763356 345771 -763356 -193986
6.44 463398 -261491 -687567 401346 -687567 -261491
6.46 419151 -325946 -568450 460168 -568450 -325946
6.48 375816 -386676 -476429 519714 -476429 -386676
6.5 347028 -440151 -432732 575651 -432732 -440151
6.52 312877 -482516 -405096 620018 -405096 -482516
6.54 263661 -508339 -358874 643143 -358874 -508339
6.56 199342 -485900 -293457 636010 -293457 -485900
6.58 124715 -429838 -226786 596262 -226786 -429838
6.6 46766.2 -372075 -163544 530879 -163544 -372075
6.62 -31781.3 -317658 -83801.8 450458 -83801.8 -317658
6.64 -105842 -265890 38011.2 365259 38011.2 -265890
6.66 -174143 -214016 204983 284085 204983 -214016
6.68 -236254 -164586 387760 211342 387760 -164586
6.7 -292282 -116876 541532 145224 541532 -116876
6.72 -340102 -66531.2 635994 79428.9 635994 -66531.2
6.74 -376994 -5570.67 671477 7076.11 671477 -5570.67
6.76 -402216 72076.6 669059 -76167 669059 72076.6
6.78 -417490 164453 649794 -170943 649794 164453
6.8 -425857 259602 619001 -273134 619001 259602
6.82 -428043 341446 566507 -373746 566507 341446
6.84 -422448 399820 508240 -463920 508240 399820
6.86 -411437 435122 467147 -538040 467147 435122
6.88 -396403 453581 444105 -590409 444105 453581
6.9 -375640 462027 430726 -615502 430726 462027
6.92 -349817 466162 417000 -611913 417000 466162
6.94 -321767 468829 398420 -581943 398420 468829
6.96 -285680 460953 369404 -529465 369404 460953
6.98 -233241 431418 322070 -460935 322070 431418
7 -168209 385627 250202 -385571 250202 385627
7.02 -92709.4 333529 155325 -312264 155325 333529
7.04 -8945.47 280945 47333 -246720 47333 280945
7.06 76622 229073 -59218.4 -190261 -59218.4 229073
7.08 158717 175520 -151367 -139871 -151367 175520
7.1 232818 121080 -223473 -89834.7 -223473 121080
7.12 296283 69186.1 -277737 -34242.4 -277737 69186.1
7.14 346700 21810 -318949 31295.5 -318949 21810
7.16 382404 -24262.2 -348099 108877 -348099 -24262.2
7.18 403734 -75621.9 -360662 197366 -360662 -75621.9
7.2 410841 -136437 -345361 289659 -345361 -136437
7.22 406433 -203875 -305561 372759 -305561 -203875
7.24 394433 -270415 -259211 434974 -259211 -270415
7.26 375949 -328000 -216746 470492 -216746 -328000
7.28 352472 -370266 -178779 476882 -178779 -370266
7.3 325964 -393673 -145369 453323 -145369 -393673
7.32 295027 -395236 -118882 402051 -118882 -395236
7.34 255748 -369012 -99005.3 331469 -99005.3 -369012
7.36 210687 -326928 -80176.1 254907 -80176.1 -326928
7.38 162436 -280997 -54819.6 183342 -54819.6 -280997
7.4 111735 -234439 -16465.7 121627 -16465.7 -234439
7.42 60516.9 -191323 38144.5 70283.3 38144.5 -191323
7.44 8986.56 -155082 106918 27440 106918 -155082
7.46 -43140.2 -126061 182323 -10644.4 182323 -126061
7.48 -96471.3 -98390.2 254254 -49138.4 254254 -98390.2
7.5 -150493 -64269.3 312637 -92955.1 312637 -64269.3
7.52 -203219 -19057.7 347222 -144180 347222 -19057.7
7.54 -251169 35593.6 346620 -199466 346620 35593.6
7.56 -290361 93362.4 310044 -250306 310044 93362.4
7.58 -317903 148679 260179 -288913 260179 148679
7.6 -332115 199187 215842 -312155 215842 199187
7.62 -333196 242640 178425 -318301 178425 242640
7.64 -323307 274654 142682 -304504 142682 274654
7.66 -305177 290300 108827 -268145 108827 290300
7.68 -281090 286599 81819 -209551 81819 286599
7.7 -241604 258972 64356.3 -135153 64356.3 258972
7.72 -187017 217531 52263.2 -56048.9 52263.2 217531
7.74 -122866 172555 35177.5 18189.8 35177.5 172555
7.76 -50341 126057 2284.68 81920.2 2284.68 126057
7.78 24112.4 80928.5 -49952.1 131889 -49952.1 80928.5
7.8 96757.6 40766.3 -114342 167219 -114342 40766.3
7.82 163166 7607.36 -177959 190577 -177959 7607.36
7.84 220843 -22495.6 -230054 207959 -230054 -22495.6
7.86 267893 -57035.3 -264058 226261 -264058 -57035.3
7.88 303516 -100526 -274159 249799 -274159 -100526
7.9 326765 -150866 -251609 277336 -251609 -150866
7.92 338235 -202382 -206323 302383 -206323 -202382
7.94 340064 -250687 -160182 317558 -160182 -250687
7.96 333966 -292838 -124284 318131 -124284 -292838
7.98 321380 -324962 -97269.6 301793 -97269.6 -324962
8 303572 -342453 -75774.6 267177 -75774.6 -342453
8.02 281936 -342651 -59596.7 214517 -59596.7 -342651
8.04 252609 -322547 -49195.7 148773 -49195.7 -322547
8.06 212478 -289333 -41722.8 79774.2 -41722.8 -289333
8.08 164871 -252378 -29099.2 16824 -29099.2 -252378
8.1 110978 -213516 -430.542 -35347.2 -430.542 -213516
8.12 52077.8 -171139 50816.2 -75273.4 50816.2 -171139
8.14 -9714.57 -125406 119255 -102419 119255 -125406
8.16 -73326.8 -78330.8 188264 -117495 188264 -78330.8
8.18 -137312 -31988.1 240569 -123602 240569 -31988.1
8.2 -199619 13288.3 268525 -125584 268525 13288.3
8.22 -257220 58557.6 273954 -127917 273954 58557.6
8.24 -306238 104543 260157 -132676 260157 104543
8.26 -342821 150367 234919 -139036 234919 150367
8.28 -365543 194373 209034 -144634 209034 194373
8.3 -374623 235785 185973 -147234 185973 235785
8.32 -371531 275206 163967 -144897 163967 275206
8.34 -359208 313169 143176 -134825 143176 313169
8.36 -340791 348401 125372 -113029 125372 348401
8.38 -318886 376953 110403 -76161.5 110403 376953
8.4 -291089 391770 95505.2 -24751.1 95505.2 391770
8.42 -253197 379152 76968.2 33398.2 76968.2 379152
8.44 -207492 343788 51814.7 84696.8 51814.7 343788
8.46 -155759 298993 19896.2 118796 19896.2 298993
8.48 -98517.5 251568 -15283.8 133657 -15283.8 251568
8.5 -38134.1 204584 -48995.4 131495 -48995.4 204584
8.52 23446.6 158804 -78453.3 116030 -78453.3 158804
8.54 84136.6 117415 -103126 93645.9 -103126 117415
8.56 142320 82096.6 -121973 73094.7 -121973 82096.6
8.58 195879 51276.9 -131601 62415.6 -131601 51276.9
8.6 241661 20315.1 -127300 65125.8 -127300 20315.1
8.62 276533 -15343.6 -110273 78210.4 -110273 -15343.6
8.64 299326 -57651.1 -89206.1 93705.6 -89206.1 -57651.1
8.66 310142 -105371 -69029.6 103305 -69029.6 -105371
8.68 310115 -155393 -49219.4 102230 -49219.4 -155393
8.7 301377 -203899 -28930.2 89531.7 -28930.2 -203899
8.72 286517 -246455 -8779.91 66183.1 -8779.91 -246455
8.74 268316 -278170 10661.7 34067.7 10661.7 -278170
8.76 249022 -294450 29598.7 -3450.7 29598.7 -294450
8.78 225652 -289498 49121 -40390.1 49121 -289498
8.8 195301 -262623 71572.3 -68749.1 71572.3 -262623
8.82 159332 -225162 98995 -83786.7 98995 -225162
8.84 117557 -185628 130224 -87096.5 130224 -185628
8.86 70136.4 -145875 161152 -82099.6 161152 -145875
8.88 18208.2 -107476 187446 -71255.8 187446 -107476
8.9 -36922.1 -72735.7 205822 -57980.3 205822 -72735.7
8.92 -93512.8 -42701.8 213908 -47395.9 213908 -42701.8
8.94 -148878 -15025.3 210220 -44504.7 210220 -15025.3
8.96 -199155 13806.6 197996 -51492.2 197996 13806.6
8.98 -241066 45923.2 185223 -66207.2 185223 45923.2
9 -271989 81435.9 173411 -83165.5 173411 81435.9
9.02 -290419 119662 157254 -96380.2 157254 119662
9.04 -296708 159885 132764 -101720 132764 159885
9.06 -292583 200489 101747 -97206.1 101747 200489
9.08 -280699 237205 69502.4 -81954.3 69502.4 237205
9.1 -263719 263253 41054.5 -55950.6 41054.5 263253
9.12 -242981 272630 17818.6 -21517.5 17818.6 272630
9.14 -215391 260593 -4595.56 14727.8 -4595.56 260593
9.16 -179667 233338 -32982.1 43698.7 -32982.1 233338
9.18 -138535 203817 -69025.8 60317.5 -69025.8 203817
9.2 -93777.2 177908 -107526 65978.9 -107526 177908
9.22 -47883.6 153534 -143362 64832.8 -143362 153534
9.24 -2755.35 125943 -176514 61372.7 -176514 125943
9.26 41601 92430.3 -208057 60563.3 -208057 92430.3
9.28 85948.9 55949.6 -233941 67115.9 -233941 55949.6
9.3 130019 22154.4 -245927 83400.3 -245927 22154.4
9.32 170869 -7388.05 -236425 107398 -236425 -7388.05
9.34 205342 -37035.3 -211293 132927 -211293 -37035.3
9.36 232045 -70813.8 -185134 153010 -185134 -70813.8
9.38 250446 -106478 -165137 163314 -165137 -106478
9.4 260570 -137371 -149630 162941 -149630 -137371
9.42 262474 -159151 -134587 153204 -134587 -159151
9.44 256564 -173492 -118354 135988 -118354 -173492
9.46 244171 -184758 -101964 112924 -101964 -184758
9.48 227115 -193446 -85822.1 85537.6 -85822.1 -193446
9.5 203805 -192641 -66840.4 56070.2 -66840.4 -192641
9.52 172653 -175502 -40235.7 27842.4 -40235.7 -175502
9.54 135793 -145057 -4623.75 3727.31 -4623.75 -145057
9.56 93450.3 -109058 35487.2 -15220.8 35487.2 -109058
9.58 45540.1 -73062.8 72739.4 -29142.8 72739.4 -73062.8
9.6 -6606.54 -38895.2 101740 -38787.5 101740 -38895.2
9.62 -61223 -6999.58 120961 -45814.7 120961 -6999.58
9.64 -115665 20731.5 131307 -52750.9 131307 20731.5
9.66 -166980 42952.3 133751 -62112.2 133751 42952.3
9.68 -211552 61347.3 127763 -75024.3 127763 61347.3
9.7 -246231 80109.4 116257 -90273.6 116257 80109.4
9.72 -269474 102759 102911 -104616 102911 102759
9.74 -280854 129021 87574.2 -113880 87574.2 129021
9.76 -280860 154479 68520.2 -114140 68520.2 154479
9.78 -270647 173162 46899.2 -102753 46899.2 173162
9.8 -251024 180759 26770.2 -79107 26770.2 180759
9.82 -220724 174680 11471.6 -45638.1 11471.6 174680
9.84 -180368 157278 215.982 -8001.99 215.982 157278
9.86 -133139 132873 -11734.8 27367.7 -11734.8 132873
9.88 -81247.4 102932 -29310.6 56105.7 -29310.6 102932
9.9 -27137.1 68547.7 -53913.6 76821.9 -53913.6 68547.7
9.92 26951.2 33076.1 -82982.5 90753.2 -82982.5 33076.1
9.94 79293.7 364.152 -112648 100885 -112648 364.152
9.96 128283 -27926.2 -140570 110733 -140570 -27926.2
9.98 172283 -53503.6 -166289 123079 -166289 -53503.6
10 209922 -79959.1 -188532 138948 -188532 -79959.1
10.02 240562 -109245 -202572 157099 -202572 -109245
10.04 263980 -139079 -201259 174128 -201259 -139079
10.06 280121 -164278 -182991 185822 -182991 -164278
10.08 289121 -180959 -157779 189326 -157779 -180959
10.1 290888 -188929 -136101 183875 -136101 -188929
10.12 285180 -190017 -121095 169974 -121095 -190017
10.14 270376 -184946 -110261 149132 -110261 -184946
10.16 243905 -173845 -100259 124157 -100259 -173845
10.18 207024 -157489 -89083.2 98129.3 -89083.2 -157489
10.2 161677 -136104 -76119.4 72886.2 -76119.4 -136104
10.22 109223 -110712 -61044.1 49191.5 -61044.1 -110712
10.24 52165.1 -83310.6 -42455 27578.3 -42455 -83310.6
10.26 -7140.87 -54295.1 -17876.4 8542.3 -17876.4 -54295.1
10.28 -65857.3 -23045.4 13824.5 -7667.88 13824.5 -23045.4
10.3 -121363 10429.5 49614.6 -21245.7 49614.6 10429.5
10.32 -171418 44838.7 82515 -32795.6 82515 44838.7
10.34 -214563 78232.3 105049 -43038.5 105049 78232.3
10.36 -250002 108568 113256 -52437.8 113256 108568
10.38 -277425 134292 108033 -61028 108033 134292
10.4 -296433 154580 92921.4 -68360.1 92921.4 154580
10.42 -306605 169312 76618.3 -73649.9 76618.3 169312
10.44 -308154 178584 64024.7 -75853.7 64024.7 178584
10.46 -301211 181916 52723.9 -73425 52723.9 181916
10.48 -284784 178193 39351.1 -64943.1 39351.1 178193
10.5 -257055 167688 24994.5 -50376.5 24994.5 167688
10.52 -219096 153412 11934.1 -31008 11934.1 153412
10.54 -173033 137316 -1212.15 -8349.38 -1212.15 137316
10.56 -120830 118773 -18792 16055.9 -18792 118773
10.58 -65412.1 96107 -43700.1 40266.8 -43700.1 96107
10.6 -9113.2 67834.7 -74926.4 62243.3 -74926.4 67834.7
10.62 45953.8 34244.4 -108076 80680.4 -108076 34244.4
10.64 98179.9 -2478.13 -137427 95638.5 -137427 -2478.13
10.66 146022 -39126.6 -158861 108405 -158861 -39126.6
10.68 188051 -72973.1 -172087 120601 -172087 -72973.1
10.7 223127 -102802 -179012 133208 -179012 -102802
10.72 250526 -128357 -179468 146193 -179468 -128357
10.74 269469 -148965 -170828 158798 -170828 -148965
10.76 279941 -163619 -156196 170253 -156196 -163619
10.78 282096 -172350 -140436 179719 -140436 -172350
10.8 275819 -176764 -124995 185274 -124995 -176764
10.82 261356 -179085 -108662 184148 -108662 -179085
10.84 237281 -179573 -90489.5 174307 -90489.5 -179573
10.86 203143 -176476 -70037.4 155677 -70037.4 -176476
10.88 161705 -166922 -46778.5 129934 -46778.5 -166922
10.9 114863 -147410 -21233.9 99450.8 -21233.9 -147410
10.92 63844.8 -117328 5148.58 66880.1 5148.58 -117328
10.94 10223.6 -80874.7 32305.1 35050.4 32305.1 -80874.7
10.96 -44433.3 -43888.5 61953.2 6432.16 61953.2 -43888.5
10.98 -97906 -10048.4 94684.4 -17607.2 94684.4 -10048.4
11 -147769 19856.6 127498 -37247.8 127498 19856.6
11.02 -191885 46483 154941 -53960.3 154941 46483
11.04 -229050 71013 171868 -69609.8 171868 71013
11.06 -258847 94681.8 174809 -85482.6 174809 94681.8
11.08 -280338 118141 161286 -101493 161286 118141
11.1 -292862 141144 138828 -116366 138828 141144
11.12 -296668 162697 116591 -128409 116591 162697
11.14 -291981 180867 95861.4 -135315 95861.4 180867
11.16 -279411 193215 73400.3 -134264 73400.3 193215
11.18 -259419 197476 49257.5 -123033 49257.5 197476
11.2 -230993 191037 26818.8 -101205 26818.8 191037
11.22 -195459 175569 7334.58 -70437.1 7334.58 175569
11.24 -154651 153773 -12275.2 -33180.2 -12275.2 153773
11.26 -109177 127330 -36673.9 8079.62 -36673.9 127330
11.28 -60563.3 98760.9 -69140.4 50342.4 -69140.4 98760.9
11.3 -10404.8 71263.1 -110508 90155.8 -110508 71263.1
11.32 39039.1 47011 -158136 124750 -158136 47011
11.34 85612.1 24795.2 -205390 153160 -205390 24795.2
11.36 127548 1032.23 -244222 176290 -244222 1032.23
11.38 164017 -27137.5 -269177 195915 -269177 -27137.5
11.4 195026 -59291.8 -278236 213455 -278236 -59291.8
11.42 220096 -92048.2 -269365 229138 -269365 -92048.2
11.44 238179 -121072 -246425 242111 -246425 -121072
11.46 248965 -142903 -220508 251242 -220508 -142903
11.48 251985 -156337 -197056 255093 -197056 -156337
11.5 246843 -163022 -173756 251502 -173756 -163022
11.52 233726 -165631 -149108 238201 -149108 -165631
11.54 212435 -164010 -126185 214116 -126185 -164010
11.56 183216 -156526 -107206 179820 -107206 -156526
11.58 147645 -144013 -87971 136933 -87971 -144013
11.6 107043 -129522 -61157.9 88031.9 -61157.9 -129522
11.62 62862.8 -114672 -22862.1 37052.8 -22862.1 -114672
11.64 17482.7 -97346.4 25969.4 -11285.9 25969.4 -97346.4
11.66 -26872.3 -73669.1 81053 -53037.8 81053 -73669.1
11.68 -68873.5 -42046.3 136136 -86281.8 136136 -42046.3
11.7 -108576 -5148.86 185237 -111231 185237 -5148.86
11.72 -146630 31482 224807 -129454 224807 31482
11.74 -183316 63375 252919 -142929 252919 63375
11.76 -218075 89762.5 266584 -153406 266584 89762.5
11.78 -249116 112561 261038 -161970 261038 112561
11.8 -273904 133391 237291 -168813 237291 133391
11.82 -291321 152102 208299 -173214 208299 152102
11.84 -300460 167839 182906 -173325 182906 167839
11.86 -300286 180777 160913 -166305 160913 180777
11.88 -290694 191875 139589 -149317 139589 191875
11.9 -272288 200623 117185 -120646 117185 200623
11.92 -245776 204252 92597.7 -80570.7 92597.7 204252
11.94 -211168 198693 64882.7 -31812.4 64882.7 198693
11.96 -170944 183343 32965.6 21104.8 32965.6 183343
11.98 -127409 159630 -5598.96 72961.8 -5598.96 159630
12 -81688.5 130643 -54674.3 118743 -54674.3 130643
12.02 -35457.7 101106 -115787 154694 -115787 101106
12.04 10061.6 74399.1 -184013 179401 -184013 74399.1
12.06 53583.6 50683 -249601 194177 -249601 50683
12.08 94334.8 27659.2 -303546 202330 -303546 27659.2
12.1 132076 3266.71 -341365 207733 -341365 3266.71
12.12 167072 -23065.8 -362540 213437 -362540 -23065.8
12.14 199460 -50953.4 -367681 220817 -367681 -50953.4
12.16 227499 -79602.6 -354304 229223 -354304 -79602.6
12.18 248629 -107764 -327504 236382 -327504 -107764
12.2 262196 -134127 -299562 239525 -299562 -134127
12.22 267799 -157484 -275008 236280 -275008 -157484
12.24 265143 -176231 -251070 224866 -251070 -176231
12.26 254639 -188275 -226180 204104 -226180 -188275
12.28 237042 -191977 -201415 173582 -201415 -191977
12.3 213410 -186959 -177659 134393 -177659 -186959
12.32 182597 -173608 -153370 89823.5 -153370 -173608
12.34 145391 -154100 -124282 44710.3 -124282 -154100
12.36 103703 -130914 -84426.7 4109.91 -84426.7 -130914
12.38 58772.6 -106604 -29747.1 -27908.9 -29747.1 -106604
12.4 12819.4 -83722.7 37512.6 -49365.8 37512.6 -83722.7
12.42 -32682.7 -62994.3 108739 -60992 108739 -62994.3
12.44 -76509.9 -43512.5 174048 -65935.6 174048 -43512.5
12.46 -118084 -23846.2 227425 -68585.2 227425 -23846.2
12.48 -156996 -2842.81 266860 -73015.6 266860 -2842.81
12.5 -192725 20134 290411 -81630 290411 20134
12.52 -224011 44762.4 293899 -94327.4 293899 44762.4
12.54 -247701 69519.8 271167 -108284 271167 69519.8
12.56 -262497 92515.1 236755 -119463 236755 92515.1
12.58 -268297 112225 206102 -124709 206102 112225
12.6 -264487 127293 181423 -121806 181423 127293
12.62 -251414 136968 159713 -109257 159713 136968
12.64 -229348 141391 139597 -86896.4 139597 141391
12.66 -199029 140398 120973 -56251.9 120973 140398
12.68 -163017 134394 101522 -20154 101522 134394
12.7 -124397 123968 77694.2 18185.7 77694.2 123968
12.72 -85609.9 110478 44946.5 55555.2 44946.5 110478
12.74 -49075 95524.1 -988.818 88818.2 -988.818 95524.1
12.76 -16275.8 78844.4 -59199.5 115617 -59199.5 78844.4
12.78 12377.3 59166.7 -120764 135380 -120764 59166.7
12.8 37811.1 36960.5 -174446 149560 -174446 36960.5
12.82 61632.1 14874.7 -213957 160719 -213957 14874.7
12.84 85256.6 -4538.88 -238310 171236 -238310 -4538.88
12.86 109126 -20468.4 -247254 182586 -247254 -20468.4
12.88 131492 -34105 -238006 195125 -238006 -34105
12.9 150006 -47008.1 -216151 208145 -216151 -47008.1
12.92 163610 -59139.8 -193382 220141 -193382 -59139.8
12.94 170698 -69687.8 -173577 228773 -173577 -69687.8
12.96 169628 -79524.2 -154383 230803 -154383 -79524.2
12.98 159742 -90533.7 -134393 222780 -134393 -90533.7
13 141429 -101783 -113318 202175 -113318 -101783
13.02 116124 -108386 -90000.8 168430 -90000.8 -108386
13.04 85279.4 -104980 -63150.9 123760 -63150.9 -104980
13.06 50788 -91278.1 -31684.2 73053.8 -31684.2 -91278.1
13.08 14649.4 -71635.9 6777.34 22466.7 6777.34 -71635.9
13.1 -21468 -50320.3 54638.7 -22420.9 54638.7 -50320.3
13.12 -55926.5 -29185.4 110173 -58105.2 110173 -29185.4
13.14 -87628.5 -8944.63 166633 -83914.1 166633 -8944.63
13.16 -116237 8897.97 216583 -101723 216583 8897.97
13.18 -141977 22413.2 255533 -114887 255533 22413.2
13.2 -165070 31154.2 280684 -126954 280684 31154.2
13.22 -185339 37551.4 289019 -140430 289019 37551.4
13.24 -201254 45660.5 276776 -155544 276776 45660.5
13.26 -210735 58477.9 248657 -169897 248657 58477.9
13.28 -213701 76709.8 217267 -179802 217267 76709.8
13.3 -210520 98954.5 187826 -181856 187826 98954.5
13.32 -201485 122187 158529 -173534 158529 122187
13.34 -187413 141920 129180 -153281 129180 141920
13.36 -169197 153172 101999 -120599 101999 153172
13.38 -148194 152948 78075.4 -76476.1 78075.4 152948
13.4 -125552 142063 55290.8 -23989.6 55290.8 142063
13.42 -102044 124968 28914.4 31996.6 28914.4 124968
13.44 -78622.1 106198 -6901.24 86191.7 -6901.24 106198
13.46 -56056.7 87651 -56306 134185 -56306 87651
13.48 -34182.2 69406.5 -117481 173330 -117481 69406.5
13.5 -11972 52468.5 -181485 203164 -181485 52468.5
13.52 11964 39111.9 -237611 225045 -237611 39111.9
13.54 38398.6 30022.1 -279557 241235 -279557 30022.1
13.56 66963.7 21704.3 -305368 254021 -305368 21704.3
13.58 95482.9 8149.66 -311740 264918 -311740 8149.66
13.6 121280 -14083.7 -293699 273947 -293699 -14083.7
13.62 143706 -43229.4 -262152 280295 -262152 -43229.4
13.64 161957 -74343.2 -227998 282790 -227998 -74343.2
13.66 174395 -102834 -194408 278814 -194408 -102834
13.68 179724 -127185 -163739 264799 -163739 -127185
13.7 177363 -148108 -139489 237959 -139489 -148108
13.72 168425 -164910 -121269 197113 -121269 -164910
13.74 155066 -174334 -102878 143250 -102878 -174334
13.76 139479 -174187 -77164.3 80147.7 -77164.3 -174187
13.78 122994 -166760 -39051.7 14041.6 -39051.7 -166760
13.8 105959 -157765 14506.9 -48128.4 14506.9 -157765
13.82 88712.9 -150962 83183.4 -100647 83183.4 -150962
13.84 71746.6 -145219 161467 -140214 161467 -145219
13.86 54918.2 -137177 239863 -166262 239863 -137177
13.88 37446.7 -125640 308421 -180633 308421 -125640
13.9 18065.2 -111627 359070 -186854 359070 -111627
13.92 -4575.75 -95268.9 386191 -188821 386191 -95268.9
13.94 -31529.8 -74257.1 387459 -189501 387459 -74257.1
13.96 -62901.7 -46106.7 364388 -190273 364388 -46106.7
13.98 -96208.5 -11654 328641 -190687 328641 -11654
14 -129273 23723 300145 -188556 300145 23723
14.02 -160235 52757.8 285184 -180783 285184 52757.8
14.04 -185503 72317.7 276059 -164611 276059 72317.7
14.06 -202219 87354.9 265533 -138454 265533 87354.9
14.08 -209545 105950 249784 -102199 249784 105950
14.1 -208945 130489 227778 -57159.5 227778 130489
14.12 -202908 155772 199136 -5771.62 199136 155772
14.14 -193584 174957 162727 48672.4 162727 174957
14.16 -182347 185563 116629 101945 116629 185563
14.18 -170121 189954 61305.6 148852 61305.6 189954
14.2 -157159 190249 2314.07 184274 2314.07 190249
14.22 -142319 183259 -51075.3 205192 -51075.3 183259
14.24 -125619 164747 -92340.6 212344 -92340.6 164747
14.26 -106180 135826 -122566 210161 -122566 135826
14.28 -81346.4 105460 -146770 204254 -146770 105460
14.3 -49637.5 83767.1 -166453 198823 -166453 83767.1
14.32 -11445.3 71112.6 -177412 196184 -177412 71112.6
14.34 29706.3 58187.7 -171943 196768 -171943 58187.7
14.36 70181.1 35927.7 -151991 198499 -151991 35927.7
14.38 107760 2491.09 -127262 196799 -127262 2491.09
14.4 140623 -37988.1 -102166 186236 -102166 -37988.1
14.42 167019 -79933.6 -76291.3 163238 -76291.3 -79933.6
14.44 185151 -119370 -50275.1 128028 -50275.1 -119370
14.46 194293 -154225 -27470.6 84396.4 -27470.6 -154225
14.48 195786 -182438 -11146.5 37573.4 -11146.5 -182438
14.5 192204 -200207 -1036.17 -7899.82 -1036.17 -200207
14.52 185736 -203969 7985.34 -48487.3 7985.34 -203969
14.54 177334 -194274 23927 -80676.1 23927 -194274
14.56 165450 -175802 52984.6 -101471 52984.6 -175802
14.58 147317 -156112 95069 -111250 95069 -156112
14.6 122215 -140781 143130 -114332 143130 -140781
14.62 90202.8 -130345 186798 -115032 186798 -130345
14.64 51909.9 -120210 216365 -114750 216365 -120210
14.66 8769.27 -102561 224255 -112866 224255 -102561
14.68 -37007.8 -73119.8 205743 -108782 205743 -73119.8
14.7 -82864.3 -34754.7 172722 -102742 172722 -34754.7
14.72 -126537 7199.76 143861 -94938.4 143861 7199.76
14.74 -164823 50410.4 124846 -84578.1 124846 50410.4
14.76 -194657 94147.3 109109 -70360.7 109109 94147.3
14.78 -214404 135352 91571.9 -51474.4 91571.9 135352
14.8 -224570 168830 74408.7 -27703.2 74408.7 168830
14.82 -227306 189868 61535.6 1151.39 61535.6 189868
14.84 -224799 196797 51903.2 35300.1 51903.2 196797
14.86 -218265 193142 38240.1 73666.2 38240.1 193142
14.88 -207376 185342 11057.7 112299 11057.7 185342
14.9 -188390 177320 -33591.3 145056 -33591.3 177320
14.92 -160947 166695 -87169 166823 -87169 166695
14.94 -126889 148246 -132204 176176 -132204 148246
14.96 -85961 121750 -156116 175026 -156116 121750
14.98 -38939.8 93041.4 -159768 166463 -159768 93041.4
15 12565.8 66654.3 -150767 154018 -150767 66654.3
15.02 64329.9 41362.5 -133768 142018 -133768 41362.5
15.04 112029 11331.7 -113438 134379 -113438 11331.7
15.06 152848 -27978.5 -92905.9 132513 -92905.9 -27978.5
15.08 185293 -74459.7 -74557.5 134469 -74557.5 -74459.7
15.1 208866 -120197 -60290.3 135775 -60290.3 -120197
15.12 223235 -158654 -49173.7 131202 -49173.7 -158654
15.14 228748 -189193 -37624.3 116576 -37624.3 -189193
15.16 227019 -213212 -22057.3 90047.6 -22057.3 -213212
15.18 220410 -228815 -954.908 52618.3 -954.908 -228815
15.2 210668 -231276 26079.6 8401.94 26079.6 -231276
15.22 195833 -215901 59584.4 -35137.1 59584.4 -215901
15.24 171293 -186903 98587.4 -69333.2 98587.4 -186903
15.26 136792 -155766 138217 -89454.5 138217 -155766
15.28 92972.1 -129838 171707 -96463.6 171707 -129838
15.3 40739 -107294 194512 -93650 194512 -107294
15.32 -16832.3 -82363.9 205345 -84510.7 205345 -82363.9
15.34 -76930.9 -52454.4 204929 -73242.4 204929 -52454.4
15.36 -135865 -18766.4 194599 -64673.3 194599 -18766.4
15.38 -189718 19150.8 179870 -62505.9 179870 19150.8
15.4 -235245 63812.1 166372 -67179.4 166372 63812.1
15.42 -269839 114728 154218 -75600.9 154218 114728
15.44 -291932 166338 140872 -82769.2 140872 166338
15.46 -302009 211627 125121 -83684.5 125121 211627
15.48 -302254 245894 106196 -74739.7 106196 245894
15.5 -295723 267224 83249.3 -54418.6 83249.3 267224
15.52 -284838 275508 57300.2 -23410 57300.2 275508
15.54 -270116 271319 30799.6 14864 30799.6 271319
15.56 -244652 254106 4327.89 53440.3 4327.89 254106
15.58 -206949 228980 -23536.7 84381.9 -23536.7 228980
15.6 -159730 199647 -52665.9 103642 -52665.9 199647
15.62 -103082 167425 -80351.9 111523 -80351.9 167425
15.64 -40308.9 135590 -104403 109972 -104403 135590
15.66 25273.4 105294 -125026 102004 -125026 105294
15.68 89634.5 73736.8 -142741 92439.1 -142741 73736.8
15.7 149407 36968.1 -156206 87102.2 -156206 36968.1
15.72 201611 -5201.64 -162575 90247.7 -162575 -5201.64
15.74 243668 -49698.2 -157468 101916 -157468 -49698.2
15.76 274107 -92180.3 -142301 117597 -142301 -92180.3
15.78 292847 -128339 -122123 130848 -122123 -128339
15.8 300669 -155639 -100932 136479 -100932 -155639
15.82 299225 -174241 -80888.6 131971 -80888.6 -174241
15.84 290005 -185210 -62701.9 117301 -62701.9 -185210
15.86 271995 -187332 -47056.8 94534.3 -47056.8 -187332
15.88 242024 -177761 -35016.3 67855.2 -35016.3 -177761
15.9 201990 -159516 -25905.8 42329.5 -25905.8 -159516
15.92 154205 -136595 -15796.9 21447.3 -15796.9 -136595
15.94 99780.5 -111194 68.8721 6641.65 68.8721 -111194
15.96 42053.1 -85077 24020.7 -1903.62 24020.7 -85077
15.98 -15825.5 -58479 54877 -5360.91 54877 -58479
16 -70668.1 -29288.1 88223.1 -6287.05 88223.1 -29288.1
16.02 -120776 5564.81 117588 -7667.79 117588 5564.81
16.04 -165521 45348.6 137496 -11677.7 137496 45348.6
16.06 -204729 84199 145192 -18947 145192 84199
16.08 -237692 115720 139230 -28398.8 139230 115720
16.1 -262800 138032 121114 -37851.1 121114 138032
16.12 -278984 153319 99838.5 -45292.3 99838.5 153319
16.14 -285999 163893 83059.4 -49567.4 83059.4 163893
16.16 -283826 169774 71328 -49975.4 71328 169774
16.18 -272552 169170 61426.6 -45768.9 61426.6 169170
16.2 -250167 160551 51624.4 -36522.9 51624.4 160551
16.22 -216503 146746 41898.3 -22631.8 41898.3 146746
16.24 -173340 131159 31737.4 -4994.25 31737.4 131159
16.26 -122329 113853 19797.8 15152.4 19797.8 113853
16.28 -66498.7 92134.9 4663.33 35940.8 4663.33 92134.9
16.3 -8954.35 63397.8 -15520.9 55011.6 -15520.9 63397.8
16.32 47548.8 28222.5 -41539.5 70359.6 -41539.5 28222.5
16.34 101010 -9848.97 -69768.1 81350.2 -69768.1 -9848.97
16.36 149807 -46710.3 -93159.5 89067.2 -93159.5 -46710.3
16.38 192441 -79652.7 -106813 95694.4 -106813 -79652.7
16.4 227579 -107375 -111112 103394 -111112 -107375
16.42 254348 -129283 -108761 113309 -108761 -129283
16.44 272111 -145000 -101358 125092 -101358 -145000
16.46 280914 -154484 -91804.7 137239 -91804.7 -154484
16.48 280994 -158556 -81231.6 147568 -81231.6 -158556
16.5 272055 -158477 -68586.6 153349 -68586.6 -158477
16.52 251982 -154116 -54235.8 152178 -54235.8 -154116
16.54 221116 -145719 -40930.3 143250 -40930.3 -145719
16.56 181291 -132849 -30021.8 127369 -30021.8 -132849
16.58 133693 -114342 -19108.4 106235 -19108.4 -114342
16.6 80701.3 -89644.4 -5027.33 82214.3 -5027.33 -89644.4
16.62 24478.5 -59336.4 12389.5 58062.5 12389.5 -59336.4
16.64 -32394.9 -25681.2 31111.3 36107.3 31111.3 -25681.2
16.66 -87515.8 8797.61 49738.6 17496.5 49738.6 8797.61
16.68 -138648 42276.3 68134.9 2045.98 68134.9 42276.3
16.7 -184018 73438.7 86055.3 -11316.8 86055.3 73438.7
16.72 -222330 101239 101711 -23819.4 101711 101239
16.74 -252791 124857 111767 -36223.9 111767 124857
16.76 -275000 143567 113403 -48624.2 113403 143567
16.78 -288769 156992 107087 -60485.9 107087 156992
16.8 -293995 165522 98199.2 -70775.1 98199.2 165522
16.82 -291023 169820 91135.9 -78168.9 91135.9 169820
16.84 -279252 169316 83443.6 -81151.1 83443.6 169316
16.86 -257335 162810 71118.5 -78488 71118.5 162810
16.88 -226283 150878 55606.8 -69800.5 55606.8 150878
16.9 -187366 134138 41860.4 -55308.3 41860.4 134138
16.92 -141691 112514 32094.7 -35509.1 32094.7 112514
16.94 -91166.5 86273.7 23620.7 -11382.5 23620.7 86273.7
16.96 -37571.2 56177.1 11818.5 15365.4 11818.5 56177.1
16.98 17028.2 23421.3 -5234.83 42437.5 -5234.83 23421.3
17 70492.2 -10284.9 -25103.1 67562.1 -25103.1 -10284.9
17.02 120571 -42652.3 -44047.3 89246.5 -44047.3 -42652.3
17.04 165282 -71800.4 -60912.3 107129 -60912.3 -71800.4
17.06 203129 -96974.7 -77376.8 121706 -77376.8 -96974.7
17.08 233192 -117982 -94268.9 133754 -94268.9 -117982
17.1 255058 -134426 -108542 143917 -108542 -134426
17.12 268734 -145743 -115060 152516 -115060 -145743
17.14 274334 -151664 -110849 159328 -110849 -151664
17.16 271875 -152412 -98876.3 163446 -98876.3 -152412
17.18 259520 -147408 -85552.5 163669 -85552.5 -147408
17.2 236214 -137426 -74136.8 159148 -74136.8 -137426
17.22 203726 -123523 -64003.7 149499 -64003.7 -123523
17.24 163108 -105072 -53633 134692 -53633 -105072
17.26 115612 -81100.3 -42741.9 115391 -42741.9 -81100.3
17.28 63230.4 -52268 -32438.7 93049.6 -32438.7 -52268
17.3 8041.61 -21198.2 -23894.2 69357.6 -23894.2 -21198.2
17.32 -47403.5 8987.19 -16317.8 45759.2 -16317.8 8987.19
17.34 -100375 36865.7 -6577.86 23411.5 -6577.86 36865.7
17.36 -148278 63175.9 8211.77 3301.62 8211.77 63175.9
17.38 -189307 89226.4 27404.3 -13822.4 27404.3 89226.4
17.4 -222611 114601 46471.3 -27631.6 46471.3 114601
17.42 -248020 136657 60578.9 -38227.6 60578.9 136657
17.44 -265659 152598 68397.2 -45900.8 68397.2 152598
17.46 -275764 161477 71922.4 -50818.9 71922.4 161477
17.48 -278556 164044 72832.5 -52870.7 72832.5 164044
17.5 -273059 160663 69939.7 -51907.8 69939.7 160663
17.52 -257769 151187 62919.6 -48293.6 62919.6 151187
17.54 -233558 135745 53219.6 -42717.2 53219.6 135745
17.56 -201129 114171 43175.9 -35285.3 43175.9 114171
17.58 -160623 87742.3 34701.2 -25417.5 34701.2 87742.3
17.6 -113053 59612 28166.1 -12551.8 28166.1 59612
17.62 -59834.3 32080.8 22074.2 3328.33 22074.2 32080.8
17.64 -3433.66 5077.69 14221.1 21596.3 14221.1 5077.69
17.66 53206.9 -22878.6 3591.28 41168.9 3591.28 -22878.6
17.68 107131 -52482.1 -9170.89 60750.7 -9170.89 -52482.1
17.7 155953 -82785.9 -22953.4 79025.7 -22953.4 -82785.9
17.72 197928 -111893 -37046 94854.6 -37046 -111893
17.74 231901 -138004 -50557.8 107536 -50557.8 -138004
17.76 257296 -159615 -62091.4 116973 -62091.4 -159615
17.78 274173 -175203 -70502.3 123516 -70502.3 -175203
17.8 282978 -183024 -75055.1 127554 -75055.1 -183024
17.82 283999 -181491 -74831.4 129227 -74831.4 -181491
17.84 273930 -168964 -68939.7 128866 -68939.7 -168964
17.86 251196 -149319 -59687.6 127423 -59687.6 -149319
17.88 217362 -126665 -50733.9 125552 -50733.9 -126665
17.9 172966 -101502 -43874.6 122800 -43874.6 -101502
17.92 119650 -73327 -38268.8 118155 -38268.8 -73327
17.94 59519.7 -42015.4 -32329.2 110846 -32329.2 -42015.4
17.96 -4788.95 -8724.9 -25181.7 100553 -25181.7 -8724.9
17.98 -69989.4 24934.6 -16689.9 87258.2 -16689.9 24934.6
18 -132259 58192.5 -7014.91 71171 -7014.91 58192.5
18.02 -188002 91958.8 3898.3 52858.9 3898.3 91958.8
18.04 -234764 127224 16591.4 33393.2 16591.4 127224
18.06 -271593 162620 31245.1 14240.2 31245.1 162620
18.08 -298724 194342 46188 -3142.72 46188 194342
18.1 -317104 218688 58289.1 -17720.8 58289.1 218688
18.12 -327983 234024 65463.1 -29013.6 65463.1 234024
18.14 -332465 240293 67974 -36943.9 67974 240293
18.16 -329205 236703 67015.8 -41676.1 67015.8 236703
18.18 -314108 222649 62739.9 -44009.9 62739.9 222649
18.2 -287646 201750 55741 -45563.2 55741 201750
18.22 -251060 176107 47263 -47572.6 47263 176107
18.24 -204372 145827 38512.7 -49847.4 38512.7 145827
18.26 -149393 112669 30158.8 -51134.1 30158.8 112669
18.28 -87846.1 78920.1 22109.6 -49917.2 22109.6 78920.1
18.3 -22518.7 45736.3 13415 -44865.2 13415 45736.3
18.32 43374.6 12239.8 3067.29 -35024.4 3067.29 12239.8
18.34 106243 -23078.8 -8919.04 -20082.6 -8919.04 -23078.8
18.36 163034 -60814.7 -21528.4 -682.924 -21528.4 -60814.7
18.38 211640 -99810.5 -34107 21547.6 -34107 -99810.5
18.4 250974 -137536 -47007.3 44471.9 -47007.3 -137536
18.42 280810 -171204 -60433 66200.2 -60433 -171204
18.44 301733 -198825 -73206.4 85631.8 -73206.4 -198825
18.46 314893 -219221 -83198.5 102506 -83198.5 -219221
18.48 321475 -231116 -88995.8 117088 -88995.8 -231116
18.5 322118 -232937 -90673.7 129588 -90673.7 -232937
18.52 311975 -221400 -88866.2 139800 -88866.2 -221400
18.54 288882 -200354 -84578.2 147967 -84578.2 -200354
18.56 255011 -176467 -78712.3 155067 -78712.3 -176467
18.58 210547 -151101 -71192.6 161223 -71192.6 -151101
18.6 157300 -122869 -61832.7 165169 -61832.7 -122869
18.62 97538 -91337.3 -51358.6 165350 -51358.6 -91337.3
18.64 33799 -57653.9 -40857.1 160662 -40857.1 -57653.9
18.66 -31160.6 -23599 -30610.5 150528 -30610.5 -23599
18.68 -94133.8 9854.36 -19898.4 134795 -19898.4 9854.36
18.7 -151801 43015.7 -7920.92 113856 -7920.92 43015.7
18.72 -201537 76607.4 5258.44 88862.6 5258.44 76607.4
18.74 -241978 109883 18814.3 61659.9 18814.3 109883
18.76 -272894 140059 31907.4 34303.9 31907.4 140059
18.78 -294755 163950 44159 8453.42 44159 163950
18.8 -308365 180005 55418.5 -14906.9 55418.5 180005
18.82 -314537 188450 65059 -35255.8 65059 188450
18.84 -312936 189576 71670.9 -52072.8 71670.9 189576
18.86 -300410 181861 73507.6 -64978.5 73507.6 181861
18.88 -277288 167488 69280.7 -74430.7 69280.7 167488
18.9 -245235 148709 60870.1 -81351.7 60870.1 148709
18.92 -204738 125534 51297.5 -85881.7 51297.5 125534
18.94 -157583 98118.1 41966.8 -87056.3 41966.8 98118.1
18.96 -105120 67745.1 32647.3 -83599.5 32647.3 67745.1
18.98 -49395.8 36705.2 23220.9 -74682.4 23220.9 36705.2
19 7285.48 6560.03 14139 -60052.8 14139 6560.03
19.02 62113 -22546.6 5591.18 -39885.1 5591.18 -22546.6
19.04 112497 -51441.9 -2982.76 -14788.6 -2982.76 -51441.9
19.06 156572 -80434.1 -12765.4 13996 -12765.4 -80434.1
19.08 193371 -108188 -24843.7 44528.7 -24843.7 -108188
19.1 222498 -132121 -39306.1 74514.8 -39306.1 -132121
19.12 243895 -150253 -54769.8 101941 -54769.8 -150253
19.14 257783 -162577 -68855.7 125537 -68855.7 -162577
19.16 264567 -169967 -79390.7 144718 -79390.7 -169967
19.18 264088 -171857 -85143.8 159145 -85143.8 -171857
19.2 254561 -165368 -85806.3 168641 -85806.3 -165368
19.22 236087 -150683 -81640.5 173654 -81640.5 -150683
19.24 209240 -130146 -75072.3 175137 -75072.3 -130146
19.26 174012 -106105 -68763.3 173700 -68763.3 -106105
19.28 131607 -80529.2 -63383 169172 -63383 -80529.2
19.3 83536.7 -54414.9 -58148.2 160949 -58148.2 -54414.9
19.32 32101.2 -27959.3 -52412.6 148451 -52412.6 -27959.3
19.34 -20297.2 -1076.11 -45887.3 131297 -45887.3 -1076.11
19.36 -71140.2 25697.2 -38099.1 109415 -38099.1 25697.2
19.38 -118124 51352.3 -28350 83278.5 -28350 51352.3
19.4 -159347 75335.2 -16342.8 54177.3 -16342.8 75335.2
19.42 -193539 97712.3 -2852.67 24228.4 -2852.67 97712.3
19.44 -220090 117993 10474.4 -4044.65 10474.4 117993
19.46 -238965 134416 22185.7 -28364.9 22185.7 134416
19.48 -250460 144867 31619.7 -47172.9 31619.7 144867
19.5 -254881 148059 38672.3 -59722.3 38672.3 148059
19.52 -250998 143115 43384.5 -66095.2 43384.5 143115
19.54 -237794 131213 45787.2 -67390.7 45787.2 131213
19.56 -216369 114926 45866.8 -65303 45866.8 114926
19.58 -187423 95596.5 43589.8 -61051.8 43589.8 95596.5
19.6 -151852 73713.8 39914.6 -54990.3 39914.6 73713.8
19.62 -111333 50378 35692 -46851.6 35692 50378
19.64 -67570 27067.8 30593.8 -36017.7 30593.8 27067.8
19.66 -22528.8 4565.94 23838.6 -21863.3 23838.6 4565.94
19.68 21788 -17514.7 15406.1 -4097.63 15406.1 -17514.7
19.7 63427.3 -39696.6 6163.27 16988.2 6163.27 -39696.6
19.72 100758 -61494.3 -2877.62 40368.3 -2877.62 -61494.3
19.74 132627 -81602.2 -11269.6 64314 -11269.6 -81602.2
19.76 158363 -98690.3 -19357.5 86746 -19357.5 -98690.3
19.78 177636 -111610 -27906.5 105807 -27906.5 -111610
19.8 190316 -119316 -37400.9 120302 -37400.9 -119316
19.82 196366 -120887 -47531.9 129765 -47531.9 -120887
19.84 194989 -115411 -57323.8 134393 -57323.8 -115411
19.86 185586 -103634 -65672.6 135055 -65672.6 -103634
19.88 168802 -87661 -71661.7 132904 -71661.7 -87661
19.9 145121 -69231.4 -74503.1 128703 -74503.1 -69231.4
19.92 115263 -49372.1 -73585.3 122733 -73585.3 -49372.1
19.94 80431.7 -28656 -69316.8 115165 -69316.8 -28656
19.96 41977.6 -7297.98 -63184.3 106135 -63184.3 -7297.98
19.98 1417.97 14604.1 -56027.3 95641.9 -56027.3 14604.1
20 -39733.3 36938.5 -48072 83631.1 -48072 36938.5
20.02 -79880.6 59481.8 -39881.5 70193.2 -39881.5 59481.8
20.04 -117518 81747.5 -32319.5 55671.7 -32319.5 81747.5
20.06 -151314 102790 -25714.7 40644.9 -25714.7 102790
20.08 -180249 121123 -19455 25840.9 -19455 121123
20.1 -203622 134952 -12305.4 12062.9 -12305.4 134952
20.12 -220974 142762 -3214.47 171.861 -3214.47 142762
20.14 -231920 143790 7755.76 -8945.92 7755.76 143790
20.16 -235609 137939 19317.7 -14618.9 19317.7 137939
20.18 -230700 126342 29996 -16864.5 29996 126342
20.2 -217264 111228 38921.6 -16431.3 38921.6 111228
20.22 -195904 94069.9 45461.6 -14198.4 45461.6 94069.9
20.24 -167306 75356.1 48674.1 -10835.3 48674.1 75356.1
20.26 -132867 55480.9 47679.6 -6925.66 47679.6 55480.9
20.28 -93999.3 34567.1 43036.7 -2992.62 43036.7 34567.1
20.3 -52427.3 12349.2 36844.5 757.384 36844.5 12349.2
20.32 -9886.75 -11472.8 30276.3 4643.97 30276.3 -11472.8
20.34 31906.5 -36346.9 23071.7 9326.11 23071.7 -36346.9
20.36 71380.3 -60825.6 14893.1 15375.4 14893.1 -60825.6
20.38 107231 -83464.9 6192.65 22966.8 6192.65 -83464.9
20.4 138481 -103199 -2352.48 31851.3 -2352.48 -103199
20.42 164503 -118968 -10786.9 41510.3 -10786.9 -118968
20.44 184970 -129698 -19964.5 51273.5 -19964.5 -129698
20.46 199697 -134764 -30581.4 60343.6 -30581.4 -134764
20.48 208453 -134192 -42282.6 67877.4 -42282.6 -134192
20.5 210069 -128078 -53792.5 73343.2 -53792.5 -128078
20.52 203664 -117806 -63813.2 76967.3 -63813.2 -117806
20.54 189939 -104961 -71875.1 79559.5 -71875.1 -104961
20.56 169511 -89848.3 -78309.2 81859.9 -78309.2 -89848.3
20.58 143174 -72148.2 -83173.5 84291.7 -83173.5 -72148.2
20.6 112125 -51871.7 -85544 87063.4 -85544 -51871.7
20.62 77374 -29438.5 -84185.3 90164 -84185.3 -29438.5
20.64 40015 -5517.05 -79746.4 93298.9 -79746.4 -5517.05
20.66 1276.37 19120 -73952.7 95919.4 -73952.7 19120
20.68 -37544.8 43477.7 -67569.4 97340.7 -67569.4 43477.7
20.7 -75194.2 66410 -60299.3 96945.8 -60299.3 66410
20.72 -110514 86983.1 -51818.6 94390.7 -51818.6 86983.1
20.74 -142517 104537 -42336.8 89641.3 -42336.8 104537
20.76 -170321 118350 -32505.4 82858.5 -32505.4 118350
20.78 -193158 127772 -22894.7 74317.9 -22894.7 127772
20.8 -210399 132856 -13512.5 64456.9 -13512.5 132856
20.82 -221550 134261 -3856.2 53923.3 -3856.2 134261
20.84 -225833 132157 6560.49 43481.5 6560.49 132157
20.86 -222254 126059 17591.6 33684.4 17591.6 126059
20.88 -211177 115821 28412.7 24572.1 28412.7 115821
20.9 -193282 101470 38094.7 15877.4 38094.7 101470
20.92 -169157 83403.5 45936.5 7421.75 45936.5 83403.5
20.94 -139937 62679.9 51198.8 -818.993 51198.8 62679.9
20.96 -106817 40535.5 52991.5 -8761.4 52991.5 40535.5
20.98 -71178.2 17986.9 50761.3 -16099.3 50761.3 17986.9
21 -34394.5 -4260.4 45759.8 -22244 45759.8 -4260.4
21.02 2076.8 -25437.1 39834.4 -26478.7 39834.4 -25437.1
21.04 36906.1 -44637.3 33702.9 -28123.6 33702.9 -44637.3
21.06 68905.2 -61172.2 27107 -26675.3 27107 -61172.2
21.08 97035.2 -74888.6 19926.4 -21959.9 19926.4 -74888.6
21.1 120442 -85934.4 12550.5 -14153.6 12550.5 -85934.4
21.12 138471 -94231.9 5491.26 -3659.88 5491.26 -94231.9
21.14 150703 -99250.4 -1165.69 8978.4 -1165.69 -99250.4
21.16 156810 -100076 -8103.03 23031.4 -8103.03 -100076
21.18 155952 -95473.6 -16303.8 37604.4 -16303.8 -95473.6
21.2 148050 -85514 -26047.5 51932.7 -26047.5 -85514
21.22 133500 -71088.4 -36470.5 65585.7 -36470.5 -71088.4
21.24 112672 -53238.6 -46207.2 78321.9 -46207.2 -53238.6
21.26 86563.5 -33048.1 -54320.4 89950.9 -54320.4 -33048.1
21.28 56335.6 -11379.1 -60416.6 100308 -60416.6 -11379.1
21.3 23360.8 11082 -64263.2 109200 -64263.2 11082
21.32 -11026.7 33767.3 -65687.1 116341 -65687.1 33767.3
21.34 -45505.6 55918.1 -64704.1 121328 -64704.1 55918.1
21.36 -78760.9 76726.3 -62117.8 123717 -62117.8 76726.3
21.38 -109468 95666.6 -58896.9 123161 -58896.9 95666.6
21.4 -136517 112525 -55293.6 119449 -55293.6 112525
21.42 -159138 127001 -51005.2 112519 -51005.2 127001
21.44 -176914 138416 -45982.5 102518 -45982.5 138416
21.46 -189667 145821 -40615.8 89861.6 -40615.8 145821
21.48 -197251 148059 -35148.6 75264.1 -35148.6 148059
21.5 -198848 143738 -29297.6 59744 -29297.6 143738
21.52 -193260 132714 -22643.2 44307.1 -22643.2 132714
21.54 -180473 116798 -15283.8 29588 -15283.8 116798
21.56 -160737 98008.2 -7935.04 15988.7 -7935.04 98008.2
21.58 -134590 77545 -1456.48 3873.67 -1456.48 77545
21.6 -103360 55769.9 3748.82 -6494.91 3748.82 55769.9
21.62 -68450.2 32384.6 7954.51 -14980.6 7954.51 32384.6
21.64 -31341 7254.75 11641.3 -21465.9 11641.3 7254.75
21.66 6549.35 -18904.2 14837.6 -25750 14837.6 -18904.2
21.68 43654.9 -44805.7 17133.3 -27563 17133.3 -44805.7
21.7 78322.4 -69433.9 18263.8 -26671.2 18263.8 -69433.9
21.72 109059 -92353.5 18368.4 -22993.8 18368.4 -92353.5
21.74 134878 -113275 17590.8 -16633.8 17590.8 -113275
21.76 155422 -131299 15758.2 -7801.77 15758.2 -131299
21.78 170777 -144953 13042 3221.78 13042 -144953
21.8 181122 -152985 10194.8 16000.1 10194.8 -152985
21.82 186497 -154986 7799.34 29791.8 7799.34 -154986
21.84 185963 -150839 5708.12 43526.6 5708.12 -150839
21.86 178157 -141142 3409.74 56270.7 3409.74 -141142
21.88 163355 -127418 571.786 67672.7 571.786 -127418
21.9 142068 -110568 -2768.99 77650.8 -2768.99 -110568
21.92 114884 -90783.6 -6305.98 86021.8 -6305.98 -90783.6
21.94 83046.6 -68292.1 -9817.66 92570 -9817.66 -68292.1
21.96 47675.1 -43276.7 -13370.9 97153 -13370.9 -43276.7
21.98 9996.56 -16197.1 -16914 99665.4 -16914 -16197.1
22 -28723.7 11842.4 -19863 99970.5 -19863 11842.4
22.02 -66942.9 39254.8 -21443.6 97931.9 -21443.6 39254.8
22.04 -102972 64740.3 -21380.5 93532.8 -21380.5 64740.3
22.06 -135239 87750.9 -20190.8 86970.3 -20190.8 87750.9
22.08 -162615 108092 -18733.8 78627.7 -18733.8 108092
22.1 -184517 125421 -17750.5 68953.2 -17750.5 125421
22.12 -200780 139217 -17688.9 58363.9 -17688.9 139217
22.14 -211391 148751 -18537.6 47279.1 -18537.6 148751
22.16 -216307 153159 -19705.7 36261.1 -19705.7 153159
22.18 -214968 151423 -20211.6 26118.2 -20211.6 151423
22.2 -205746 142701 -19407 17600.2 -19407 142701
22.22 -188605 128321 -17538.3 10856.3 -17538.3 128321
22.24 -164267 109729 -15479.5 5617.64 -15479.5 109729
22.26 -133326 87351.6 -13950.8 1830.89 -13950.8 87351.6
22.28 -97188.3 61731 -13065.6 -278.893 -13065.6 61731
22.3 -57140.4 34088.1 -12633.6 -508.513 -12633.6 34088.1
22.32 -14710.5 6256.7 -12680.1 1197.27 -12680.1 6256.7
22.34 28431.6 -20381.2 -13438.6 4795.59 -13438.6 -20381.2
22.36 70267.3 -45675.8 -14795.9 10204 -14795.9 -45675.8
22.38 108771 -70654.7 -16079.3 17276 -16079.3 -70654.7
22.4 142332 -96115.3 -16586.7 25725.4 -16586.7 -96115.3
22.42 170026 -121123 -16202.1 35091 -16202.1 -121123
22.44 191531 -143287 -15473.4 44804.7 -15473.4 -143287
22.46 206911 -160420 -15165.9 54320.4 -15165.9 -160420
22.48 216416 -171598 -15613.2 63182 -15613.2 -171598
22.5 220309 -176485 -16395.6 70955.3 -16395.6 -176485
22.52 217990 -173942 -16769.1 77110.2 -16769.1 -173942
22.54 207737 -163108 -16334.3 81290.2 -16334.3 -163108
22.56 189754 -146234 -15215.9 83675.9 -15215.9 -146234
22.58 164650 -126143 -13760.6 84672.1 -13760.6 -126143
22.6 132786 -104554 -12209.8 84493.3 -12209.8 -104554
22.62 95610.3 -82414.9 -10486.1 83199.2 -10486.1 -82414.9
22.64 54619.8 -59633.5 -8229.27 80838 -8229.27 -59633.5
22.66 11595 -35482.8 -5348.75 77464.6 -5348.75 -35482.8
22.68 -31781.3 -9428.53 -2538.24 73062.4 -2538.24 -9428.53
22.7 -73756.7 18124.4 -769.183 67531.4 -769.183 18124.4
22.72 -112695 46183.1 -105.641 60826.9 -105.641 46183.1
22.74 -147225 73531.2 415.377 53145.7 415.377 73531.2
22.76 -176399 98535.9 1656.23 44967.9 1656.23 98535.9
22.78 -199683 119017 3575.04 36910 3575.04 119017
22.8 -216860 133007 5452.82 29542.1 5452.82 133007
22.82 -227846 139738 6619.1 23311.4 6619.1 139738
22.84 -232512 139771 6854.26 18556 6854.26 139771
22.86 -229929 133987 6211.06 15440.3 6211.06 133987
22.88 -218637 124099 4671.98 13767.9 4671.98 124099
22.9 -199054 112022 2199.44 13121.5 2199.44 112022
22.92 -172087 98017.7 -1008.82 13292.9 -1008.82 98017.7
22.94 -138661 81259.2 -4493.92 14313.7 -4493.92 81259.2
22.96 -100463 61381.2 -7850.65 16221.4 -7850.65 61381.2
22.98 -59096.6 38584 -11107.7 19031.4 -11107.7 38584
23 -16351 13407.1 -14681.5 22821 -14681.5 13407.1
23.02 26049.9 -13397.8 -18814 27723.8 -18814 -13397.8
23.04 66405.7 -40516 -23352.4 33799.1 -23352.4 -40516
23.06 103256 -66015.3 -28183.9 40880.1 -28183.9 -66015.3
23.08 135459 -87928.5 -33485.6 48527.4 -33485.6 -87928.5
23.1 162225 -105080 -39329.1 56157 -39329.1 -105080
23.12 183037 -117283 -45211.8 63268.4 -45211.8 -117283
23.14 197593 -124962 -50226.6 69566.4 -50226.6 -124962
23.16 205729 -128576 -53589.4 74886.6 -53589.4 -128576
23.18 207264 -128209 -54861.4 79057 -54861.4 -128209
23.2 201071 -123367 -53978.6 81980.1 -53978.6 -123367
23.22 187073 -114620 -51321.7 83841 -51321.7 -114620
23.24 165952 -102697 -47720.9 84947.1 -47720.9 -102697
23.26 138273 -87484.4 -44131.9 85396.8 -44131.9 -87484.4
23.28 105311 -68591.9 -40989.9 85086.7 -40989.9 -68591.9
23.3 68299.9 -46094.7 -38045.4 83888.5 -38045.4 -46094.7
23.32 28614.1 -21032 -34557.6 81703.4 -34557.6 -21032
23.34 -12425 4908.92 -29751.5 78433.4 -29751.5 4908.92
23.36 -53364.7 30026.7 -23393.6 73984.7 -23393.6 30026.7
23.38 -92684.3 53110.5 -15799.9 68331.2 -15799.9 53110.5
23.4 -128917 73516.4 -7445.6 61600.3 -7445.6 73516.4
23.42 -160846 90951.9 1212.9 54110.6 1212.9 90951.9
23.44 -187558 105105 9604.44 46297.7 9604.44 105105
23.46 -208417 115624 17129.6 38570.7 17129.6 115624
23.48 -222993 122425 23493.6 31226.6 23493.6 122425
23.5 -231021 125742 28686.9 24479.8 28686.9 125742
23.52 -232075 125481 32822.8 18535 32822.8 125481
23.54 -225338 120785 36089.4 13505.9 36089.4 120785
23.56 -211174 111462 38626.4 9252.46 38626.4 111462
23.58 -190350 97694.1 40277.7 5563.81 40277.7 97694.1
23.6 -163455 79761.4 40487.7 2489.96 40487.7 79761.4
23.62 -131555 58540.3 38857.3 294.364 38857.3 58540.3
23.64 -95753.2 35437.1 35349.9 -772.349 35349.9 35437.1
23.66 -57387.7 11998 29896.7 -520.041 29896.7 11998
23.68 -17840.6 -10691.2 22641.5 1217.02 22641.5 -10691.2
23.7 21387.5 -31961.7 14283.1 4551.12 14283.1 -31961.7
23.72 58804.3 -51306.9 5817.78 9471.05 5817.78 -51306.9
23.74 93009 -68496.4 -1945.34 15801.1 -1945.34 -68496.4
23.76 122817 -83550.4 -8620.45 23235.9 -8620.45 -83550.4
23.78 147303 -96348.1 -14357.4 31445.1 -14357.4 -96348.1
23.8 165837 -106416 -19965.9 40162 -19965.9 -106416
23.82 178075 -113110 -26476.8 49168.5 -26476.8 -113110
23.84 183914 -115831 -34274 58206.2 -34274 -115831
23.86 182862 -113706 -42865.4 66949 -42865.4 -113706
23.88 174648 -106322 -51245.7 75155 -51245.7 -106322
23.9 160033 -94254.9 -58096.4 82721.4 -58096.4 -94254.9
23.92 139613 -78299.9 -61988.5 89452.8 -61988.5 -78299.9
23.94 113965 -59393.1 -62063.9 94976.5 -62063.9 -59393.1
23.96 83959.4 -38851.3 -58529.1 98926.8 -58529.1 -38851.3
23.98 50552 -18111.7 -53081.6 101141 -53081.6 -18111.7
24 15014.1 1833.66 -47309.3 101668 -47309.3 1833.66
24.02 -21307.9 21018.8 -41727.8 100570 -41727.8 21018.8
24.04 -57051.9 40037.7 -36251.5 97812 -36251.5 40037.7
24.06 -90974 59178.3 -30851.4 93327.7 -30851.4 59178.3
24.08 -122009 77905 -25622.8 87086.2 -25622.8 77905
24.1 -149242 94892.7 -20556.4 79122.6 -20556.4 94892.7
24.12 -171906 108612 -15141.3 69555.5 -15141.3 108612
24.14 -189430 118083 -8465.45 58650.6 -8465.45 118083
24.16 -201487 123262 -79.5873 46902.5 -79.5873 123262
24.18 -207962 124497 9319.27 35035.1 9319.27 124497
24.2 -208401 121491 18239 23838.4 18239 121491
24.22 -202530 114082 25297.8 13858.2 25297.8 114082
24.24 -190822 102813 29658.3 5288.2 29658.3 102813
24.26 -173478 88721.3 31093.4 -1799.4 31093.4 88721.3
24.28 -150784 73139.1 29815.8 -7323.61 29815.8 73139.1
24.3 -123505 56990.4 26283.5 -11270.4 26283.5 56990.4
24.32 -92696.3 40199.2 21652.5 -13723.4 21652.5 40199.2
24.34 -59681.5 22143.6 17039.4 -14698.5 17039.4 22143.6
24.36 -25699.1 2645.34 12818.3 -13933.5 12818.3 2645.34
24.38 8144.65 -17546.8 8690.93 -10976.1 8690.93 -17546.8
24.4 40831.8 -37197.9 4258.09 -5476.61 4258.09 -37197.9
24.42 71326.7 -55142.5 -725.022 2608.44 -725.022 -55142.5
24.44 98573.9 -70470.3 -6487.45 12981.1 -6487.45 -70470.3
24.46 121645 -82607.6 -13372.8 25087.4 -13372.8 -82607.6
24.48 139903 -91493.9 -21543.5 38239.8 -21543.5 -91493.9
24.5 153028 -97316.2 -30457.9 51710.9 -30457.9 -97316.2
24.52 160895 -99958.9 -38745.3 64771.8 -38745.3 -99958.9
24.54 163302 -99023.2 -44886.2 76725.5 -44886.2 -99023.2
24.56 159836 -94432.1 -48029.2 87028.5 -48029.2 -94432.1
24.58 150542 -86953.7 -48299.8 95434.4 -48299.8 -86953.7
24.6 135685 -77361.6 -46559.7 101912 -46559.7 -77361.6
24.62 115655 -65782.2 -43719.1 106441 -43719.1 -65782.2
24.64 91275.2 -51934.3 -40456.7 109016 -40456.7 -51934.3
24.66 63480.4 -35641.9 -36903.2 109692 -36903.2 -35641.9
24.68 33221.3 -17428 -32906 108466 -32906 -17428
24.7 1412.22 1350.61 -28282.8 105180 -28282.8 1350.61
24.72 -30927.2 19259.7 -22731 99571.4 -22731 19259.7
24.74 -62675.2 35668.3 -15826 91413.3 -15826 35668.3
24.76 -92687 50677.2 -7472.27 80693.7 -7472.27 50677.2
24.78 -119952 64324 1846.5 67740.1 1846.5 64324
24.8 -143673 76180.8 11354.4 53214.4 11354.4 76180.8
24.82 -163261 85746.7 20440.2 37982.9 20440.2 85746.7
24.84 -178267 92850.5 28609.1 22951.4 28609.1 92850.5
24.86 -188336 97542.5 35246.5 8949.2 35246.5 97542.5
24.88 -193217 99667 39906.8 -3325.71 39906.8 99667
24.9 -192594 98636.4 42720.3 -13351.4 42720.3 98636.4
24.92 -186286 93961.5 44169.6 -20879.5 44169.6 93961.5
24.94 -174627 85839.8 44455.3 -25977.4 44455.3 85839.8
24.96 -157965 74889.8 43184.4 -28827.6 43184.4 74889.8
24.98 -136789 61881.1 40195.9 -29523.1 40195.9 61881.1
25 -111861 47604.7 35270.4 -28048.5 35270.4 47604.7
25.02 -83995.1 32706.4 28184.2 -24280.7 28184.2 32706.4
25.04 -54121.5 17690.6 19219.7 -18050.9 19219.7 17690.6
25.06 -23192 2945.75 9131.02 -9269.51 9131.02 2945.75
25.08 7770.45 -11249.8 -1512.99 1984.49 -1512.99 -11249.8
25.1 37717.9 -24734.8 -12521.8 15400.6 -12521.8 -24734.8
25.12 65630.4 -37371.2 -23731.9 30415.1 -23731.9 -37371.2
25.14 90600.4 -48957.4 -34897.9 46268.7 -34897.9 -48957.4
25.16 111881 -59095.6 -45901.4 62138.5 -45901.4 -59095.6
25.18 128905 -67157.6 -56755 77276 -56755 -67157.6
25.2 141278 -72449.6 -67421 91079.4 -67421 -72449.6
25.22 148741 -74444.1 -77694.8 103086 -77694.8 -74444.1
25.24 151062 -72959 -87112.4 112937 -87112.4 -72959
25.26 148074 -68356.1 -94732.9 120391 -94732.9 -68356.1
25.28 140002 -61561.9 -99115.8 125374 -99115.8 -61561.9
25.3 127271 -53335.7 -98917.9 127890 -98917.9 -53335.7
25.32 110257 -43859 -93774.6 127928 -93774.6 -43859
25.34 89572.7 -33197.5 -85904.5 125586 -85904.5 -33197.5
25.36 65888 -21753.4 -77273.2 121095 -77273.2 -21753.4
25.38 39878.9 -10142.1 -68083.8 114570 -68083.8 -10142.1
25.4 12377 1206.93 -57942.2 106031 -57942.2 1206.93
25.42 -15647.2 12219.6 -47098.5 95550.3 -47098.5 12219.6
25.44 -43093.5 22957.2 -36176.6 83238.3 -36176.6 22957.2
25.46 -68893.9 33217 -25398.9 69226.6 -25398.9 33217
25.48 -92148.9 42471.7 -14205.2 53778.5 -14205.2 42471.7
25.5 -112169 50109.9 -1569.99 37434.9 -1569.99 50109.9
25.52 -128415 55671.2 13218 21041.9 13218 55671.2
25.54 -140467 58863.5 29806.7 5605.51 29806.7 58863.5
25.56 -148048 59547.6 46648.9 -7958.84 46648.9 59547.6
25.58 -151012 57796.7 61715.1 -19043.5 61715.1 57796.7
25.6 -149418 53988.1 73360.2 -27422.7 73360.2 53988.1
25.62 -143607 48695.4 80645 -33174.4 80645 48695.4
25.64 -134014 42283.4 83008.1 -36521.1 83008.1 42283.4
25.66 -121001 34827.4 79933 -37712.9 79933 34827.4
25.68 -104856 26352 72792.5 -37023.6 72792.5 26352
25.7 -86009.5 17020.2 64309.7 -34683.4 64309.7 17020.2
25.72 -64920.4 7220.89 55702.5 -30684.2 55702.5 7220.89
25.74 -42085.7 -2602.18 46508.1 -24748.3 46508.1 -2602.18
25.76 -18180.4 -12117.6 36241.7 -16514.4 36241.7 -12117.6
25.78 6022.4 -21124.2 25051 -5729.91 25051 -21124.2
25.8 29655.3 -29429.8 13187.5 7627.75 13187.5 -29429.8
25.82 51898.2 -36859.5 548.056 23263.5 548.056 -36859.5
25.84 72060.5 -43373 -13257 40500.8 -13257 -43373
25.86 89577 -48852.6 -28557.7 58297.4 -28557.7 -48852.6
25.88 103951 -52935 -45260.3 75408.6 -45260.3 -52935
25.9 114753 -55163.3 -62498.5 90687.6 -62498.5 -55163.3
25.92 121655 -55195.6 -78730.5 103389 -78730.5 -55195.6
25.94 124427 -52897.8 -92482.5 113286 -92482.5 -52897.8
25.96 122995 -48430 -102978 120573 -102978 -48430
25.98 117514 -42262.6 -109787 125659 -109787 -42262.6
26 108255 -34984.5 -112089 128960 -112089 -34984.5
26.02 95407.9 -27000.1 -108685 130722 -108685 -27000.1
26.04 79172.2 -18484 -100896 130964 -100896 -18484
26.06 60006.1 -9651.09 -91686.8 129464 -91686.8 -9651.09
26.08 38428.7 -943.197 -82484.3 125769 -82484.3 -943.197
26.1 15067.5 7330.27 -72942.9 119371 -72942.9 7330.27
26.12 -9263.1 15415 -62620.3 109948 -62620.3 15415
26.14 -33673.9 23774.5 -51628.4 97503.1 -51628.4 23774.5
26.16 -57238.6 32495.5 -40328.9 82371.8 -40328.9 32495.5
26.18 -79139.9 41123.5 -29078.1 65212.2 -29078.1 41123.5
26.2 -98699.8 48870.9 -17761.1 46970.7 -17761.1 48870.9
26.22 -115334 54936 -5375.75 28800.7 -5375.75 54936
26.24 -128523 58869.2 9146.8 11890 9146.8 58869.2
26.26 -137895 60814 25376.5 -2796.98 25376.5 60814
26.28 -143328 61219 41121.6 -14740.3 41121.6 61219
26.3 -144927 60293.5 53834.6 -23882.3 53834.6 60293.5
26.32 -143008 57944.7 61977.1 -30436.5 61977.1 57944.7
26.34 -137930 54064.9 65087.6 -34666.1 65087.6 54064.9
26.36 -129863 48784.1 63026.4 -36758.4 63026.4 48784.1
26.38 -118790 42490 56762.8 -36838.3 56762.8 42490
26.4 -104844 35569.1 48644.7 -34979.9 48644.7 35569.1
26.42 -88285 28154.5 40012.6 -31080 40012.6 28154.5
26.44 -69432.9 20110.7 30968.7 -24825.3 30968.7 20110.7
26.46 -48728.3 11382.6 21570.5 -15863.1 21570.5 11382.6
26.48 -26673.2 2410.88 12162.6 -3990.19 12162.6 2410.88
26.5 -3951.34 -6052.8 2850.19 10723.9 2850.19 -6052.8
26.52 18583.2 -13554 -6743.64 27855.5 -6743.64 -13554
26.54 39978.7 -20231.1 -17316.8 46576.6 -17316.8 -20231.1
26.56 59331.1 -26474.1 -29550.7 65688.2 -29550.7 -26474.1
26.58 75907.3 -32411.9 -43536.2 83797.6 -43536.2 -32411.9
26.6 89223.3 -37761 -58254.5 99629 -58254.5 -37761
26.62 99029.1 -41982.5 -71818.3 112333 -71818.3 -41982.5
26.64 105225 -44502.7 -82466.2 121611 -82466.2 -44502.7
26.66 107773 -44896 -89243.7 127606 -89243.7 -44896
26.68 106647 -43077 -91756.7 130699 -91756.7 -43077
26.7 101836 -39396.6 -89755.9 131368 -89755.9 -39396.6
26.72 93344.8 -34411.6 -83936.4 130114 -83936.4 -34411.6
26.74 81403.1 -28562.9 -76415.5 127283 -76415.5 -28562.9
26.76 66360.6 -22162.1 -68428.1 122832 -68428.1 -22162.1
26.78 48594.7 -15568.8 -59817.8 116332 -59817.8 -15568.8
26.8 28616 -9152.17 -50275.4 107238 -50275.4 -9152.17
26.82 7070.64 -3028.93 -39998 95185.9 -39998 -3028.93
26.84 -15190.4 3081.53 -29316 80171.9 -29316 3081.53
26.86 -37232 9698.86 -18279.1 62641.4 -18279.1 9698.86
26.88 -58194.4 17154.1 -6628.35 43511.2 -6628.35 17154.1
26.9 -77389.1 25116.3 5965.71 24089.9 5965.71 25116.3
26.92 -94265.6 32604.4 19533.6 5853.91 19533.6 32604.4
26.94 -108362 38606.9 33480.3 -9895.76 33480.3 38606.9
26.96 -119300 42665 46638.3 -22349.6 46638.3 42665
26.98 -126821 44788.7 57814.3 -31301.7 57814.3 44788.7
27 -130796 45018.1 66214.4 -37012.7 66214.4 45018.1
27.02 -131211 43359.2 71316.9 -39961.8 71316.9 43359.2
27.04 -128128 40090 72602.8 -40649.3 72602.8 40090
27.06 -121535 35876.1 69506.3 -39491.8 69506.3 35876.1
27.08 -111539 31420.3 63669.9 -36743.1 63669.9 31420.3
27.1 -98488.4 27015 56811.9 -32352.8 56811.9 27015
27.12 -82780.4 22398.1 48917.1 -25922.6 48917.1 22398.1
27.14 -64874.6 16968.5 39424.3 -16946.9 39424.3 16968.5
27.16 -45268.2 10329.1 28745.3 -5128.78 28745.3 10329.1
27.18 -24530.2 2701.52 17870.2 9462.84 17870.2 2701.52
27.2 -3369.17 -5220.78 7305.93 26357.5 7305.93 -5220.78
27.22 17414.8 -12858.2 -3126.16 44695.4 -3126.16 -12858.2
27.24 37027.1 -20080.2 -13967.5 63288.6 -13967.5 -20080.2
27.26 54757.9 -26808.5 -25743.9 80776.5 -25743.9 -26808.5
27.28 70018.5 -32532.9 -38430.8 95895.7 -38430.8 -32532.9
27.3 82349.7 -36536.2 -51159.6 107788 -51159.6 -36536.2
27.32 91402.1 -38556.1 -62629.2 116173 -62629.2 -38556.1
27.34 96921.1 -38981 -71777.8 121276 -71777.8 -38981
27.36 98781 -38372.7 -77971 123572 -77971 -38372.7
27.38 97024.6 -36951.4 -80684.4 123560 -80684.4 -36951.4
27.4 91813.1 -34545 -79327.8 121679 -79327.8 -34545
27.42 83321.8 -30885.1 -74341.1 118279 -74341.1 -30885.1
27.44 71829.6 -25954.7 -67397.6 113495 -67397.6 -25954.7
27.46 57624.6 -20097.8 -59600.5 107145 -59600.5 -20097.8
27.48 41026.7 -13765.7 -51216.6 98862 -51216.6 -13765.7
27.5 22521.9 -7195.77 -42465.8 88368.3 -42465.8 -7195.77
27.52 2727.78 -391.589 -33711.4 75652 -33711.4 -391.589
27.54 -17598.2 6605.29 -25110.5 61019.1 -25110.5 6605.29
27.56 -37655.5 13551.4 -16469.8 45087 -16469.8 13551.4
27.58 -56672.7 20134.9 -7359.45 28756.1 -7359.45 20134.9
27.6 -73951.2 26155.9 2661.23 13134.9 2661.23 26155.9
27.62 -88876.7 31507.4 13691.6 -631.779 13691.6 31507.4
27.64 -100961 36030.3 25149.8 -11620.8 25149.8 36030.3
27.66 -109889 39472.8 35870 -19354.1 35870 39472.8
27.68 -115525 41533.8 44636.8 -23845 44636.8 41533.8
27.7 -117865 41932.9 50613.1 -25458.2 50613.1 41932.9
27.72 -116976 40565.3 53322.4 -24713.8 53322.4 40565.3
27.74 -112939 37654.7 52457.8 -22168 52457.8 37654.7
27.76 -105836 33661.2 48443.3 -18337.4 48443.3 33661.2
27.78 -95878.4 28967.3 42684.2 -13538.5 42684.2 28967.3
27.8 -83343.4 23736.2 36061.7 -7740.21 36061.7 23736.2
27.82 -68544.5 18082.8 28724.5 -640.106 28724.5 18082.8
27.84 -51897.5 12224.7 20786.1 8108.81 20786.1 12224.7
27.86 -33916.9 6369.73 12559.2 18698.9 12559.2 6369.73
27.88 -15259.2 524.481 4256.13 31046.7 4256.13 524.481
27.9 3340.5 -5460.35 -4170.18 44733.4 -4170.18 -5460.35
27.92 21161.7 -11652.9 -12948 58999.8 -12948 -11652.9
27.94 37575.7 -17856.7 -22308.2 72820.7 -22308.2 -17856.7
27.96 52056.1 -23623.8 -32230.6 85092 -32230.6 -23623.8
27.98 64170.7 -28453.5 -42216.1 94905.3 -42216.1 -28453.5
28 73583.2 -32003 -51375.9 101781 -51375.9 -32003
28.02 80064.6 -34128.1 -58837.8 105725 -58837.8 -34128.1
28.04 83495.5 -34779.1 -64052.4 107093 -64052.4 -34779.1
28.06 83851.6 -33939.6 -66725.1 106406 -66725.1 -33939.6
28.08 81166.1 -31711.3 -66617.1 104210 -66617.1 -31711.3
28.1 75479.5 -28397.6 -63771.4 100984 -63771.4 -28397.6
28.12 66956.1 -24390.7 -59175.9 97005.1 -59175.9 -24390.7
28.14 55859.4 -19973.9 -53599.9 92226.1 -53599.9 -19973.9
28.16 42517.6 -15257.9 -47224.2 86353 -47224.2 -15257.9
28.18 27370.1 -10252.3 -40116.8 79048.5 -40116.8 -10252.3
28.2 10928.1 -4952.33 -32530.5 70117.2 -32530.5 -4952.33
28.22 -6209.9 616.581 -24746.3 59614.6 -24746.3 616.581
28.24 -23400.7 6379.22 -16898.4 47891.6 -16898.4 6379.22
28.26 -40003.2 12196 -8957.77 35585.2 -8957.77 12196
28.28 -55425.5 17844.1 -811.461 23549.1 -811.461 17844.1
28.3 -69142.1 23014.2 7572.28 12709 7572.28 23014.2
28.32 -80708.4 27358.6 15931 3854.56 15931 27358.6
28.34 -89777.6 30587.1 23678 -2555.87 23678 30587.1
28.36 -96110.5 32555.4 30099.6 -6467.88 30099.6 32555.4
28.38 -99574.5 33276.2 34577.1 -8145.59 34577.1 33276.2
28.4 -100135 32836.9 36719.9 -8009.74 36719.9 32836.9
28.42 -97830.6 31339.9 36348.8 -6506.84 36348.8 31339.9
28.44 -92735.1 28927.1 33580 -4031.51 33580 28927.1
28.46 -85024.5 25776.9 29201.9 -828.142 29201.9 25776.9
28.48 -74950.8 22050.2 23778.7 3107.38 23778.7 22050.2
28.5 -62811.2 17869.7 17437.9 7996.76 17437.9 17869.7
28.52 -48988.6 13336.3 10278.8 14132.4 10278.8 13336.3
28.54 -33932.4 8541.13 2611.34 21727 2611.34 8541.13
28.56 -18169.8 3582.89 -5253.34 30807.9 -5253.34 3582.89
28.58 -2272.78 -1415.07 -13210.4 41156.5 -13210.4 -1415.07
28.6 13178.8 -6303.5 -21344.4 52291.5 -21344.4 -6303.5
28.62 27618.1 -10946.8 -29256.1 63510.3 -29256.1 -10946.8
28.64 40505 -15202 -36376.8 74002 -36376.8 -15202
