0.02 0.0970297 -0.000753562 -0.687877 0.0134055 -0.687877 -0.000753562
0.04 0.719741 0.0739584 -8.15536 0.145383 -8.15536 0.0739584
0.06 2.14693 1.17867 -37.332 0.661255 -37.332 1.17867
0.08 1.77349 7.13583 -92.4085 1.78984 -92.4085 7.13583
0.1 -9.15615 27.9857 -133.437 3.55497 -133.437 27.9857
0.12 -43.2634 83.2146 -88.7202 6.05479 -88.7202 83.2146
0.14 -108.936 192.653 73.6706 8.77873 73.6706 192.653
0.16 -207.223 346.983 298.637 7.92813 298.637 346.983
0.18 -339.044 487.842 488.034 -4.72609 488.034 487.842
0.2 -510.052 537.254 585.835 -37.5366 585.835 537.254
0.22 -721.27 464.283 606.544 -92.2969 606.544 464.283
0.24 -956.129 327.109 590.167 -162.254 590.167 327.109
0.26 -1184.84 234.693 554.745 -236.595 554.745 234.693
0.28 -1387.05 246.828 502.619 -305.848 502.619 246.828
0.3 -1567.91 322.227 459.973 -362.951 459.973 322.227
0.32 -1746.66 390.45 490.524 -401.78 490.524 390.45
0.34 -1930.59 454.361 654.969 -418.223 654.969 454.361
0.36 -2106.43 573.044 946.494 -413.707 946.494 573.044
0.38 -2255.65 754.496 1263.13 -396.925 1263.13 754.496
0.4 -2369.51 925.065 1452.12 -382.764 1452.12 925.065
0.42 -2449.15 1007.5 1399.12 -390.056 1399.12 1007.5
0.44 -2502.74 970.389 1097.46 -436.042 1097.46 970.389
0.46 -2545.78 800.256 659.506 -525.109 659.506 800.256
0.48 -2589.68 511.65 274.292 -638.606 274.292 511.65
0.5 -2617.13 229.249 111.057 -738.734 111.057 229.249
0.52 -2576.56 179.315 185.416 -790.217 185.416 179.315
0.54 -2422.69 490.155 300.797 -786.384 300.797 490.155
0.56 -2175.84 981.106 190.239 -758.522 190.239 981.106
0.58 -1933.08 1216.03 -220.927 -755.305 -220.927 1216.03
0.6 -1796.83 864.932 -700.039 -801.297 -700.039 864.932
0.62 -1773.84 71.3607 -891.268 -868.691 -891.268 71.3607
0.64 -1750.11 -596.476 -637.528 -892.848 -637.528 -596.476
0.66 -1586.27 -668.407 -126.873 -819.3 -126.873 -668.407
0.68 -1245.96 -238.226 285.297 -637.547 285.297 -238.226
0.7 -824.114 182.407 419.075 -377.641 419.075 182.407
0.72 -455.454 237.965 456.923 -83.5283 456.923 237.965
0.74 -212.672 21.7128 786.19 215.252 786.19 21.7128
0.76 -83.3636 -178.966 1624.31 520.003 1624.31 -178.966
0.78 -4.91476 -233.39 2766.8 856.054 2766.8 -233.39
0.8 93.7428 -201.889 3703.96 1243.53 3703.96 -201.889
0.82 247.775 -193.77 4033.39 1671.48 4033.39 -193.77
0.84 417.82 -300.371 3835.4 2104.12 3835.4 -300.371
0.86 510.604 -535.605 3670.03 2513.05 3670.03 -535.605
0.88 471.267 -725.076 4115.7 2897.32 4115.7 -725.076
0.9 351.324 -577.475 5189.63 3267.62 5189.63 -577.475
0.92 255.232 -31.4571 6221.55 3613.82 6221.55 -31.4571
0.94 214.733 522.01 6409.11 3893.62 6409.11 522.01
0.96 141.048 536.934 5578.18 4055.7 5578.18 536.934
0.98 -84.151 -119.654 4397.57 4075.97 4397.57 -119.654
1 -484.952 -991.979 3854.45 3974.17 3854.45 -991.979
1.02 -961.034 -1520.57 4611.5 3800.07 4611.5 -1520.57
1.04 -1315.87 -1616.13 6543.94 3613.63 6543.94 -1616.13
1.06 -1234.98 -1513.68 8053.31 3469.89 8053.31 -1513.68
1.08 -356.496 -1203.21 6399.49 3363.01 6399.49 -1203.21
1.1 1327.76 -506.243 589.468 3149.62 589.468 -506.243
1.12 3109.89 353.489 -6255.32 2612.37 -6255.32 353.489
1.14 3969.01 763.522 -9215.1 1684.66 -9215.1 763.522
1.16 3537.86 367.318 -6514.49 564.183 -6514.49 367.318
1.18 2502.36 -496.598 -1479.41 -443.263 -1479.41 -496.598
1.2 1919.26 -1081.38 675.921 -1148.8 675.921 -1081.38
1.22 2199.11 -1007.52 -1904.09 -1578.11 -1904.09 -1007.52
1.24 2819.86 -597.588 -6058.09 -1945.15 -6058.09 -597.588
1.26 3023.91 -293.162 -7563.89 -2504.69 -7563.89 -293.162
1.28 2661.31 -85.2916 -5953.13 -3337.68 -5953.13 -85.2916
1.3 2178.41 145.775 -4381.75 -4281.1 -4381.75 145.775
1.32 1875.76 120.636 -5205.79 -5062.13 -5205.79 120.636
1.34 1500.59 -459.512 -7048.46 -5435.74 -7048.46 -459.512
1.36 639.102 -1235.01 -6512.92 -5244.05 -6512.92 -1235.01
1.38 -736.499 -1543.59 -1734.04 -4479.74 -1734.04 -1543.59
1.4 -2163.94 -1426.67 5904.36 -3278.97 5904.36 -1426.67
1.42 -2876.52 -1468.06 12012.8 -1786.44 12012.8 -1468.06
1.44 -2141.77 -1569.2 11504.7 -134.507 11504.7 -1569.2
1.46 48.663 -941.312 3590.22 1394.85 3590.22 -941.312
1.48 2467.29 471.782 -5403.61 2437.65 -5403.61 471.782
1.5 3418.46 1547.32 -7247.46 2954.22 -7247.46 1547.32
1.52 2383.38 1235.2 -492.701 3379.12 -492.701 1235.2
1.54 541.054 -351.968 8198.39 4219.59 8198.39 -351.968
1.56 -550.554 -2119.37 11742.6 5640.08 11742.6 -2119.37
1.58 -417.301 -2779.55 9674.67 7423.56 9674.67 -2779.55
1.6 306.667 -1675.54 6920.42 9064.22 6920.42 -1675.54
1.62 854.347 546.857 7295.06 9905.83 7295.06 546.857
1.64 1031.19 2153.99 9507.16 9532.98 9507.16 2153.99
1.66 1169.47 1767.94 9140.03 8132.21 9140.03 1767.94
1.68 1619.51 -276.983 3839.91 6312.5 3839.91 -276.983
1.7 2272.6 -2192.69 -3622.54 4607.16 -3622.54 -2192.69
1.72 2574.52 -2311.16 -7599.07 3257.27 -7599.07 -2311.16
1.74 2071.47 -466.436 -5066.41 2274.92 -5066.41 -466.436
1.76 901.75 1800.07 1307.69 1468.47 1307.69 1800.07
1.78 -316.835 2416.27 5747.31 506.208 5747.31 2416.27
1.8 -996.51 753.624 4618.07 -853.561 4618.07 753.624
1.82 -924.748 -1422.8 -1004.25 -2620.6 -1004.25 -1422.8
1.84 -317.242 -1568.08 -7081.39 -4671.92 -7081.39 -1568.08
1.86 264.547 819.421 -10113.7 -6834.85 -10113.7 819.421
1.88 194.89 3457.67 -9435.55 -8818.86 -9435.55 3457.67
1.9 -730.495 3629.3 -7083.79 -10231.5 -7083.79 3629.3
1.92 -2044.83 975.772 -5677.97 -10789.7 -5677.97 975.772
1.94 -2958.51 -2183.49 -6156.33 -10497.1 -6156.33 -2183.49
1.96 -2984.97 -3071.21 -7408.94 -9625.74 -7408.94 -3071.21
1.98 -2240.82 -964.663 -7920.13 -8587.98 -7920.13 -964.663
2 -1247.95 2160.14 -7452.56 -7771.66 -7452.56 2160.14
2.02 -500.364 3355.32 -7073.88 -7322.69 -7073.88 3355.32
2.04 -113.679 1364.67 -7813.89 -7002.1 -7813.89 1364.67
2.06 214.003 -2181.23 -9467.35 -6320.69 -9467.35 -2181.23
2.08 875.516 -4245.43 -10609.5 -4891.84 -10609.5 -4245.43
2.1 1933.1 -3143.88 -9751.84 -2697.24 -9751.84 -3143.88
2.12 3017.94 31.4469 -6663.41 -88.2881 -6663.41 31.4469
2.14 3642.11 2517.41 -2616.69 2409.19 -2616.69 2517.41
2.16 3589.04 2380.66 821.764 4358.71 821.764 2380.66
2.18 3034.99 161.92 3247.51 5621.58 3247.51 161.92
2.2 2364.29 -1819.21 5487.81 6376.62 5487.81 -1819.21
2.22 1875 -1809.46 8272.06 6935.7 8272.06 -1809.46
2.24 1602.85 -223.57 11121.3 7519.63 11121.3 -223.57
2.26 1373.15 1027.97 12727.5 8159.19 12727.5 1027.97
2.28 991.671 501.801 12435.4 8739.2 12435.4 501.801
2.3 398.764 -1524.52 11201.3 9114.45 11201.3 -1524.52
2.32 -284.828 -3379.38 10803 9215.84 10803 -3379.38
2.34 -820.952 -3432.45 12065.3 9073.48 12065.3 -3432.45
2.36 -1033.06 -1524.03 14138.7 8748.85 14138.7 -1524.03
2.38 -976.612 805.481 15457 8267.93 15457 805.481
2.4 -866.131 1638.52 14974.1 7637.12 14974.1 1638.52
2.42 -793.324 415.755 12583.1 6890.57 12583.1 415.755
2.44 -601.7 -1604.35 8984.45 6072.8 8984.45 -1604.35
2.46 -90.8154 -2605.2 5301.49 5182.94 5301.49 -2605.2
2.48 731.666 -1860.54 2363.92 4171.27 2363.92 -1860.54
2.5 1650.5 -160.327 84.9872 2975.34 84.9872 -160.327
2.52 2420.88 1103.77 -2327.99 1544.58 -2327.99 1103.77
2.54 2885.73 1083.61 -5359.61 -113.89 -5359.61 1083.61
2.56 2989.11 9.64723 -8378.21 -1874.75 -8378.21 9.64723
2.58 2792.97 -1077.77 -10093.2 -3530.28 -10093.2 -1077.77
2.6 2500.28 -1233.66 -10101.7 -4927.06 -10101.7 -1233.66
2.62 2368.08 -485.925 -9751.18 -6055.85 -9751.18 -485.925
2.64 2502.1 179.315 -10843.5 -7023.99 -10843.5 179.315
2.66 2742.69 -210.591 -13446.3 -7955.23 -13446.3 -210.591
2.68 2840.98 -1586.86 -15649 -8859.05 -15649 -1586.86
2.7 2776.89 -2693.08 -15716.2 -9564.01 -15716.2 -2693.08
2.72 2794.2 -2110.16 -13881.2 -9832.51 -13881.2 -2110.16
2.74 3016.37 243.104 -11654.2 -9561.67 -11654.2 243.104
2.76 3108.48 2638.02 -9842.4 -8832.89 -9842.4 2638.02
2.78 2505.11 2985.79 -7766.1 -7784.02 -7766.1 2985.79
2.8 1030.06 999.986 -4371.53 -6489.28 -4371.53 999.986
2.82 -819.409 -1415.71 162.288 -4945.66 162.288 -1415.71
2.84 -2308.43 -2224.73 4224.89 -3124.46 4224.89 -2224.73
2.86 -3170.58 -1321.5 6502.5 -1037 6502.5 -1321.5
2.88 -3816.95 -135.261 7824.72 1241.66 7824.72 -135.261
2.9 -4846.62 410.181 10706.6 3634.17 10706.6 410.181
2.92 -6422.53 809.483 16716.4 6129.01 16716.4 809.483
2.94 -8149.79 1866.83 24483.4 8733.37 24483.4 1866.83
2.96 -9473.97 3336.35 30419 11351.3 30419 3336.35
2.98 -10129.2 4022.17 31437.3 13735.2 31437.3 4022.17
3 -10280.4 3032.79 27456.6 15558.6 27456.6 3032.79
3.02 -10339.2 760.647 21747 16565.9 21747 760.647
3.04 -10596.9 -1274.81 18494.2 16730.8 18494.2 -1274.81
3.06 -10924.7 -1565.99 19214.5 16287.5 19214.5 -1565.99
3.08 -10844.5 93.2125 21332.6 15538.3 21332.6 93.2125
3.1 -9988.91 2311.78 20658.1 14599.8 20658.1 2311.78
3.12 -8494.96 3369.03 15471.9 13348.1 15471.9 3369.03
3.14 -6895.89 2968.71 8102.95 11554.5 8102.95 2968.71
3.16 -5656.11 2400.72 2516.84 9013.84 2516.84 2400.72
3.18 -4849.97 2691.37 416.148 5628.23 416.148 2691.37
3.2 -4188.37 3137.35 -404.746 1510.21 -404.746 3137.35
3.22 -3233.18 2356.51 -3872.85 -3003.3 -3872.85 2356.51
3.24 -1676.6 413.919 -11592.3 -7526.41 -11592.3 413.919
3.26 389.936 -1062.05 -20981.9 -11811.7 -20981.9 -1062.05
3.28 2473.99 -897.274 -27693.3 -15739.6 -27693.3 -897.274
3.3 4090.82 346.49 -29760.2 -19207.1 -29760.2 346.49
3.32 5196.06 1285.4 -29028.9 -22107.3 -29028.9 1285.4
3.34 6129.39 1244.32 -28751.2 -24362.5 -28751.2 1244.32
3.36 7158.61 609.903 -30402.9 -25911 -30402.9 609.903
3.38 8174.51 38.3826 -32848.3 -26697.6 -32848.3 38.3826
3.4 8805.27 -382.562 -33835 -26694.3 -33835 -382.562
3.42 8751.71 -1114.29 -31818.7 -25855.4 -31818.7 -1114.29
3.44 8056.33 -2336.34 -26781.6 -24041.3 -26781.6 -2336.34
3.46 7125.11 -3387.85 -19992.6 -21077.9 -19992.6 -3387.85
3.48 6443.49 -3338.06 -13109.3 -16938.4 -13109.3 -3338.06
3.5 6180.36 -2038.96 -7154.41 -11846.2 -7154.41 -2038.96
3.52 6051.52 -369.175 -2059.27 -6200.71 -2059.27 -369.175
3.54 5574.53 513.084 2966.43 -411.495 2966.43 513.084
3.56 4446.91 27.2874 8730.38 5253.87 8730.38 27.2874
3.58 2743.09 -1476.53 15556.7 10735.6 15556.7 -1476.53
3.6 874.109 -2890.48 22998.6 16102.1 22998.6 -2890.48
3.62 -628.633 -3071.14 29721.2 21355.1 29721.2 -3071.14
3.64 -1447.17 -1912.43 33979.2 26276.8 33979.2 -1912.43
3.66 -1734.01 -735.321 34925.8 30468.1 34925.8 -735.321
3.68 -1994.48 -1082.62 33720.5 33554.4 33720.5 -1082.62
3.7 -2594.33 -2853.66 32856 35375 32856 -2853.66
3.72 -3379.31 -4053.84 33897.3 35993.5 33897.3 -4053.84
3.74 -3870.91 -2844.01 36033 35549.7 36033 -2844.01
3.76 -3831.14 356.39 37040.5 34109.1 37040.5 356.39
3.78 -3512.79 3186.89 35291.5 31627.8 35291.5 3186.89
3.8 -3324.75 3637.9 30622.8 28018.1 30622.8 3637.9
3.82 -3381.52 1741.85 23899 23244.7 23899 1741.85
3.84 -3445.01 -763.357 16314.4 17409.1 16314.4 -763.357
3.86 -3194.81 -1962.67 8764.43 10775.8 8764.43 -1962.67
3.88 -2492.01 -1115.04 1369.99 3693.65 1369.99 -1115.04
3.9 -1504.19 846.247 -6208.09 -3530.94 -6208.09 846.247
3.92 -650.839 1975.81 -13762.3 -10647.6 -13762.3 1975.81
3.94 -281.205 959.131 -20247.7 -17350.2 -20247.7 959.131
3.96 -262.813 -1583.36 -24862.2 -23240.3 -24862.2 -1583.36
3.98 37.3828 -3581.11 -28118.4 -27971.2 -28118.4 -3581.11
4 1221.19 -3425.86 -31420 -31406.3 -31420 -3425.86
4.02 3279.1 -1401.78 -35609.5 -33621 -35609.5 -1401.78
4.04 5542.02 685.092 -40028.1 -34774.7 -40028.1 685.092
4.06 7165.81 1261.58 -42800.8 -34954.2 -42800.8 1261.58
4.08 7669.78 460.543 -41995.3 -34063.6 -41995.3 460.543
4.1 7096.18 -205.613 -36869.2 -31858.1 -36869.2 -205.613
4.12 5748.98 342.781 -28299.2 -28142.9 -28299.2 342.781
4.14 3851.97 1629.65 -18020.5 -22975.6 -18020.5 1629.65
4.16 1486.36 2498.27 -7498.94 -16698.2 -7498.94 2498.27
4.18 -1232.43 2519.27 2431.45 -9812.76 2431.45 2519.27
4.2 -4079.2 1979.13 11255.3 -2813 11255.3 1979.13
4.22 -6842.05 997.757 18696.9 3967.79 18696.9 997.757
4.24 -9385.82 -441.287 24944.5 10446.5 24944.5 -441.287
4.26 -11553.4 -1774.64 30493.8 16728.4 30493.8 -1774.64
4.28 -13155.7 -2095.31 35712.3 22910.4 35712.3 -2095.31
4.3 -14148 -1195.28 40816.3 28916.4 40816.3 -1195.28
4.32 -14688.3 210.304 45960 34476 45960 210.304
4.34 -14902.3 1260.99 50744 39186.1 50744 1260.99
4.36 -14663.3 1584.27 53791.6 42591 53791.6 1584.27
4.38 -13693.9 1465.13 53469.4 44290.5 53469.4 1465.13
4.4 -11862.3 1787.64 49199.1 44042.7 49199.1 1787.64
4.42 -9391.41 3444.01 41857.5 41778.2 41857.5 3444.01
4.44 -6881.8 6323.92 32985.9 37537.1 32985.9 6323.92
4.46 -5140.35 8973.95 23912.6 31441.3 23912.6 8973.95
4.48 -4826.15 9570.15 15611.3 23748.7 15611.3 9570.15
4.5 -6052 7446.27 8782.24 14886.3 8782.24 7446.27
4.52 -8196.08 3801.61 3332.19 5365.46 3332.19 3801.61
4.54 -10128.2 939.527 -2160.54 -4374.44 -2160.54 939.527
4.56 -10821.2 631.572 -9661.17 -14080.7 -9661.17 631.572
4.58 -9967.92 2801.3 -19917.8 -23690.7 -19917.8 2801.3
4.6 -8074.17 5503.74 -31745.5 -33191.6 -31745.5 5503.74
4.62 -5883.53 6437.98 -43317.1 -42383.4 -43317.1 6437.98
4.64 -3660.56 4894.84 -54014.9 -50754.4 -54014.9 4894.84
4.66 -1069.32 2174.73 -64640.3 -57628.6 -64640.3 2174.73
4.68 2232.55 -25.3887 -75525.1 -62461.6 -75525.1 -25.3887
4.7 6006.07 -1272.19 -84703.4 -65017.6 -84703.4 -1272.19
4.72 9598.66 -2273.66 -88806.9 -65339.3 -88806.9 -2273.66
4.74 12691 -3661.87 -86314.3 -63597.2 -86314.3 -3661.87
4.76 15720.4 -5296.31 -79511.3 -59945.2 -79511.3 -5296.31
4.78 19478.2 -6382.8 -72584.7 -54485.2 -72584.7 -6382.8
4.8 24311.3 -5988.9 -67754.7 -47360.2 -67754.7 -5988.9
4.82 29694 -3864.04 -63596 -38861.4 -63596 -3864.04
4.84 34511.5 -1082.54 -57119.5 -29415.5 -57119.5 -1082.54
4.86 37778.7 388.346 -47118 -19455.4 -47118 388.346
4.88 39185.3 -1020.2 -35216.6 -9291.7 -35216.6 -1020.2
4.9 39067 -5576.01 -23773.3 918.8 -23773.3 -5576.01
4.92 38016.4 -12146.1 -13186.3 11125 -13186.3 -12146.1
4.94 36659.3 -18415.9 -1707.45 21310.3 -1707.45 -18415.9
4.96 35687.7 -21591.3 12049.3 31401.3 12049.3 -21591.3
4.98 35730.5 -19993 26856.3 41156.6 26856.3 -19993
5 36907.5 -14513.4 39507.3 50115.2 39507.3 -14513.4
5.02 38525.2 -8236.08 47575.2 57693.2 47575.2 -8236.08
5.04 39363.8 -4266.76 51323 63384.2 51323 -4266.76
5.06 38359.2 -3684.28 53134 66929.6 53134 -3684.28
5.08 35109.5 -5143.03 55425.5 68365.1 55425.5 -5143.03
5.1 29865.3 -6077.69 59015.3 67923.2 59015.3 -6077.69
5.12 23094.3 -4536.7 63136.5 65821.3 63136.5 -4536.7
5.14 14989.8 -435.252 66824.2 62067.4 66824.2 -435.252
5.16 5353.53 4752.29 70063 56470.1 70063 4752.29
5.18 -6003.58 9623.97 73219.6 48856.7 73219.6 9623.97
5.2 -18776.1 14088.2 75393.8 39255.6 75393.8 14088.2
5.22 -32215.9 18705.6 74016.8 27865.3 74016.8 18705.6
5.24 -45720.8 22792.4 66695 14938.1 66695 22792.4
5.26 -59203.1 23691.8 53455.5 811.083 53455.5 23691.8
5.28 -72635.6 18790.7 37061.9 -13914.8 37061.9 18790.7
5.3 -85153.3 8815.62 21264.1 -28277.9 21264.1 8815.62
5.32 -94704.4 -1199.71 8440.47 -41130.8 8440.47 -1199.71
5.34 -98751.5 -5071.24 -2096.46 -51576.5 -2096.46 -5071.24
5.36 -95530.5 -225.65 -14145.7 -59491.4 -14145.7 -225.65
5.38 -84976.2 10350.9 -32288.7 -65769.8 -32288.7 10350.9
5.4 -68760.1 21268.2 -58115.9 -71721.6 -58115.9 21268.2
5.42 -49560.5 30109.3 -88023.7 -77704 -88023.7 30109.3
5.44 -30249 37815.1 -115151 -82583.8 -115151 37815.1
5.46 -13508.6 43291.7 -134071 -85072.1 -134071 43291.7
5.48 -1484.88 40971.6 -143610 -85289.5 -143610 40971.6
5.5 5221.79 26642 -145371 -84461.7 -145371 26642
5.52 8415.61 5125.95 -140420 -83115.2 -140420 5125.95
5.54 11363.1 -11563.6 -128159 -80127.8 -128159 -11563.6
5.56 16432.2 -14900.3 -108224 -73887 -108224 -14900.3
5.58 23659.3 -6063 -82400.4 -64084.1 -82400.4 -6063
5.6 31346.7 8153.78 -53723.6 -52067.2 -53723.6 8153.78
5.62 37373.8 21720.6 -23953.3 -39601.4 -23953.3 21720.6
5.64 39956.8 30567.5 6741.03 -27540.5 6741.03 30567.5
5.66 38198.4 31194 37014.9 -15609.1 37014.9 31194
5.68 32763.8 21887.6 62644.1 -3116.42 62644.1 21887.6
5.7 25883.3 5441.72 79196.5 10399 79196.5 5441.72
5.72 20211.6 -11286.8 86318.4 25116.8 86318.4 -11286.8
5.74 17478 -21711.8 88330.7 41008.5 88330.7 -21711.8
5.76 18071 -23658.4 90196.3 57493.6 90196.3 -23658.4
5.78 21591.6 -19686.7 93038.8 73077.5 93038.8 -19686.7
5.8 27599.9 -13980.5 93334.4 85783.2 93334.4 -13980.5
5.82 35900.4 -8995.79 85901.1 94269.7 85901.1 -8995.79
5.84 46216.7 -4779.14 67750.8 98498.6 67750.8 -4779.14
5.86 57636.9 -1150.72 39982 99101.1 39982 -1150.72
5.88 68531.9 342.399 6779.26 96088.7 6779.26 342.399
5.9 77312.3 -2223.27 -27387.4 88480.4 -27387.4 -2223.27
5.92 83393.3 -7950.46 -59899 75384.1 -59899 -7950.46
5.94 87233.2 -12403.9 -89635.3 57212.5 -89635.3 -12403.9
5.96 89281.3 -10488.7 -115193 35537.4 -115193 -10488.7
5.98 88928.1 23.652 -134474 11800.8 -134474 23.652
6 84365.3 16734.6 -145987 -13616.6 -145987 16734.6
6.02 73204.7 32743.1 -149343 -41053.2 -149343 32743.1
6.04 53528.9 38798.2 -144416 -70426.4 -144416 38798.2
6.06 25383.8 28133.7 -131646 -100356 -131646 28133.7
6.08 -7924.45 2507.96 -113325 -128152 -113325 2507.96
6.1 -40248.6 -25329.6 -92463.4 -150538 -92463.4 -25329.6
6.12 -65312.7 -37396.2 -70072.5 -164626 -70072.5 -37396.2
6.14 -80081.7 -22841.2 -46044.9 -168703 -46044.9 -22841.2
6.16 -86426.4 12475.2 -22628.8 -162619 -22628.8 12475.2
6.18 -90151.3 48604.9 -2864.4 -147595 -2864.4 48604.9
6.2 -98024.3 65798 16449.1 -125395 16449.1 65798
6.22 -114211 58404.5 46810.9 -97555.5 46810.9 58404.5
6.24 -137958 35487.9 99394 -65450.2 99394 35487.9
6.26 -163643 9778.55 172832 -30149.1 172832 9778.55
6.28 -182709 -10849.3 245755 8723.98 245755 -10849.3
6.3 -185867 -23093.6 279954 52355.8 279954 -23093.6
6.32 -167443 -25388.3 249643 100320 249643 -25388.3
6.34 -130352 -17158.4 180099 150913 180099 -17158.4
6.36 -85294.6 798.975 120787 203578 120787 798.975
6.38 -43777.7 25048.1 93041.9 258551 93041.9 25048.1
6.4 -11629.6 46867.6 100357 312463 100357 46867.6
6.42 11162.5 54142.6 115838 356869 115838 54142.6
6.44 25133.2 40692.6 116993 384256 116993 40692.6
6.46 29265.9 11434.8 128174 391628 128174 11434.8
6.48 25763.8 -22934.1 162871 377787 162871 -22934.1
6.5 23579.6 -54386.2 192862 343740 192862 -54386.2
6.52 33770.4 -78613.4 169100 296835 169100 -78613.4
6.54 60560 -92925.1 68501.4 249542 68501.4 -92925.1
6.56 97542.8 -96473.7 -76273.7 212422 -76273.7 -96473.7
6.58 132136 -87486 -199697 188860 -199697 -87486
6.6 153891 -64985.7 -256802 173779 -256802 -64985.7
6.62 159122 -36518.2 -251762 155696 -251762 -36518.2
6.64 149441 -18470.3 -219693 122476 -219693 -18470.3
6.66 128325 -22428.3 -189429 68263 -189429 -22428.3
6.68 100108 -42377.7 -164472 -3562.68 -164472 -42377.7
6.7 70183.3 -61203.8 -134347 -83672.8 -134347 -61203.8
6.72 43860.4 -67765.4 -97255.3 -162266 -97255.3 -67765.4
6.74 24955.8 -63237.5 -67726.2 -231834 -67726.2 -63237.5
6.76 15494.6 -53334.8 -63388.5 -286999 -63388.5 -53334.8
6.78 15525.9 -40089.6 -88398.5 -323731 -88398.5 -40089.6
6.8 22382 -22163.9 -131853 -339990 -131853 -22163.9
6.82 30979.9 205.149 -178201 -338400 -178201 205.149
6.84 35469.2 23372.7 -217800 -327008 -217800 23372.7
6.86 31102.5 43102.5 -237836 -313789 -237836 43102.5
6.88 15788.8 57248.8 -220632 -300748 -220632 57248.8
6.9 -9409.15 65172.7 -168252 -286513 -168252 65172.7
6.92 -40019.1 67145.1 -95399.5 -272425 -95399.5 67145.1
6.94 -69580 65775.3 -20056.5 -261454 -20056.5 65775.3
6.96 -93003.4 64910.6 39442.1 -252724 39442.1 64910.6
6.98 -108646 64523.1 77361.5 -240860 77361.5 64523.1
7 -118039 59457.1 100028 -219011 100028 59457.1
7.02 -123316 45876.2 118296 -181069 118296 45876.2
7.04 -124398 27828.8 137214 -124385 137214 27828.8
7.06 -119004 15842.8 154537 -51583.1 154537 15842.8
7.08 -105263 18456.4 165872 31217.2 165872 18456.4
7.1 -84120.3 34873.5 169730 116061 169730 34873.5
7.12 -59341.6 55279.2 167735 192724 167735 55279.2
7.14 -35451.7 68375.4 162301 250361 162301 68375.4
7.16 -15642.8 69186.4 155033 282365 155033 69186.4
7.18 -1153.64 60153.6 147037 289643 147037 60153.6
7.2 7823.94 45512.4 140182 278678 140182 45512.4
7.22 11152 26232.6 138029 257054 138029 26232.6
7.24 9393.64 1396.23 143725 231682 143725 1396.23
7.26 5261.71 -27311.7 154499 208870 154499 -27311.7
7.28 3974.85 -54237.3 157927 192515 157927 -54237.3
7.3 11246.8 -72235 138053 182321 138053 -72235
7.32 29883.6 -75913.9 88832.6 175195 88832.6 -75913.9
7.34 58008.5 -63707 19679.3 167408 19679.3 -63707
7.36 90063.3 -38730.8 -52452.3 154271 -52452.3 -38730.8
7.38 119204 -8993.15 -113981 129072 -113981 -8993.15
7.4 139247 14298.1 -158414 85222.8 -158414 14298.1
7.42 146175 22358.4 -184000 21563.8 -184000 22358.4
7.44 139435 14675.4 -191406 -54399.2 -191406 14675.4
7.46 121844 -1788.02 -183597 -129684 -183597 -1788.02
7.48 97705.2 -19213.7 -165579 -192837 -165579 -19213.7
7.5 70971.1 -33203.1 -142698 -238192 -142698 -33203.1
7.52 44919.4 -41388.9 -119474 -264980 -119474 -41388.9
7.54 22463.6 -41362.8 -100391 -274474 -100391 -41362.8
7.56 5741.47 -32035.5 -91164.1 -268733 -91164.1 -32035.5
7.58 -4857.8 -15892.4 -97495.1 -251132 -97495.1 -15892.4
7.6 -11303.5 2070.1 -117898 -226336 -117898 2070.1
7.62 -17682.6 18012.2 -136573 -198421 -136573 18012.2
7.64 -28468.9 31018.8 -130025 -169250 -130025 31018.8
7.66 -45669.9 40928.7 -86687.1 -139642 -86687.1 40928.7
7.68 -67300.1 45703.7 -18667.4 -111571 -18667.4 45703.7
7.7 -88965.9 42054.9 49117 -87301.7 49117 42054.9
7.72 -106800 28274.5 99564.4 -65752 99564.4 28274.5
7.74 -118351 7400.24 131783 -40598.2 131783 7400.24
7.76 -121584 -11664 153012 -3534.41 153012 -11664
7.78 -114732 -19028.9 167108 49065.5 167108 -19028.9
7.8 -97625.6 -11732.9 171560 112197 171560 -11732.9
7.82 -72731.8 4626.13 162860 174726 162860 4626.13
7.84 -44529.1 21821.3 142426 225393 142426 21821.3
7.86 -17917.4 34121.1 117447 257081 117447 34121.1
7.88 3051.25 38228.6 97199.6 267460 97199.6 38228.6
7.9 15978.8 32145.6 88675 257823 88675 32145.6
7.92 20952 16606.2 94931.1 232237 94931.1 16606.2
7.94 20867 -3628.5 113968 197059 113968 -3628.5
7.96 20680 -22333.4 134403 159522 134403 -22333.4
7.98 25634.8 -36182.2 136149 125332 136149 -36182.2
8 38722.4 -45571.8 103627 97044 103627 -45571.8
8.02 58828.8 -51187.8 40568.7 74565.2 40568.7 -51187.8
8.04 81424.8 -51226.7 -30996.1 56586.9 -30996.1 -51226.7
8.06 101431 -43010.8 -87994.7 40796.7 -87994.7 -43010.8
8.08 115502 -27318 -121808 22998.1 -121808 -27318
8.1 122036 -10223.7 -138178 -2200.77 -138178 -10223.7
8.12 120271 605.44 -145779 -37914.5 -145779 605.44
8.14 110354 2048.62 -147373 -81622.8 -147373 2048.62
8.16 93866 -2438.78 -140999 -125934 -140999 -2438.78
8.18 73489.1 -7174.2 -126934 -163221 -126934 -7174.2
8.2 52043.1 -9701.33 -111520 -189496 -111520 -9701.33
8.22 31684.2 -11360.1 -103637 -204237 -103637 -11360.1
8.24 13565 -13705.7 -107650 -207711 -107650 -13705.7
8.26 -2107.26 -15816 -120156 -199436 -120156 -15816
8.28 -15781.5 -14807.1 -132641 -179150 -132641 -14807.1
8.3 -28153.3 -7975.43 -135790 -148656 -135790 -7975.43
8.32 -39903 5363.27 -122704 -112451 -122704 5363.27
8.34 -51382.8 23154.8 -92661.7 -76747.6 -92661.7 23154.8
8.36 -62235.8 41372.3 -53079.6 -47724.8 -53079.6 41372.3
8.38 -71667.7 55977.3 -14933.2 -29763.6 -14933.2 55977.3
8.4 -79321.4 64737.3 15018.9 -24053.5 15018.9 64737.3
8.42 -85808.7 66838.1 37051.6 -27982.4 37051.6 66838.1
8.44 -92121.6 60880.8 54889.5 -35076.9 54889.5 60880.8
8.46 -98376.5 45731.3 71737.4 -35544.5 71737.4 45731.3
8.48 -103052 24807.5 89180 -19659.2 89180 24807.5
8.5 -103367 6971.69 106683 15669.9 106683 6971.69
8.52 -96719.5 305.083 120915 62841.1 120915 305.083
8.54 -82423.7 5634.19 127522 107489 127522 5634.19
8.56 -62265.5 17332.2 124966 137285 124966 17332.2
8.58 -39321.1 29051.6 115841 147374 115841 29051.6
8.6 -16476.3 37308.3 104279 139399 104279 37308.3
8.62 4089.25 40699.6 93511.7 118171 93511.7 40699.6
8.64 20903.1 38035.7 85616.1 89972.7 85616.1 38035.7
8.66 33537.8 28385.4 80281.4 61950.8 80281.4 28385.4
8.68 43032.1 12452.6 72801.7 40381.9 72801.7 12452.6
8.7 51381.4 -6912.75 56813.8 28313.6 56813.8 -6912.75
8.72 60194.3 -25675.7 30655 24893.8 30655 -25675.7
8.74 69889.7 -40020 -747.709 26997.8 -747.709 -40020
8.76 80112.3 -47411.8 -30619.7 31306.1 -30619.7 -47411.8
8.78 90464.4 -47083.2 -55419.6 35076.5 -55419.6 -47083.2
8.8 100594 -39426.3 -75314.2 35604.5 -75314.2 -39426.3
8.82 109767 -25246 -91992.3 29359.1 -91992.3 -25246
8.84 116445 -7145.94 -107089 12510.8 -107089 -7145.94
8.86 118310 8822.46 -120909 -15915.6 -120909 8822.46
8.88 113111 15972.6 -131306 -51139.7 -131306 15972.6
8.9 100039 12380.1 -135083 -84538.3 -135083 12380.1
8.92 80493.4 1873.47 -131543 -109054 -131543 1873.47
8.94 57393.2 -10048.7 -123733 -122116 -123733 -10048.7
8.96 33675.6 -19523.6 -115607 -124087 -115607 -19523.6
8.98 11345.2 -24264.1 -108429 -116069 -108429 -24264.1
9 -8623.58 -22874.6 -99551.3 -100159 -99551.3 -22874.6
9.02 -26120.9 -15468.6 -84344.8 -80621.9 -84344.8 -15468.6
9.04 -41384.3 -4054.41 -61076.5 -63069.4 -61076.5 -4054.41
9.06 -54195.2 8793.45 -34437.2 -51771.8 -34437.2 8793.45
9.08 -63967.3 21565 -12163.4 -47727.3 -12163.4 21565
9.1 -70994.2 33490.3 2866.3 -49012 2866.3 33490.3
9.12 -77204.8 42748 16130.3 -52384.1 16130.3 42748
9.14 -84995.5 45913 36022.9 -54379.2 36022.9 45913
9.16 -95055.9 39893.7 65091.4 -51182 65091.4 39893.7
9.18 -105223 25370.2 97032.5 -38184.5 97032.5 25370.2
9.2 -111414 8957.64 121765 -11564.8 121765 8957.64
9.22 -110081 234.936 132837 27678.8 132837 234.936
9.24 -100581 4121.32 130954 71563.2 130954 4121.32
9.26 -85744.7 15894.4 122178 108806 122178 15894.4
9.28 -69926.8 24875.5 113130 131558 113130 24875.5
9.3 -55986.5 23848 107157 138909 107157 23848
9.32 -43856.4 15286.4 104358 135117 104358 15286.4
9.34 -31752.5 8333.3 104411 125825 104411 8333.3
9.36 -18412.1 9257.21 107410 115765 107410 9257.21
9.38 -4035.21 14909.3 110177 108111 110177 14909.3
9.4 10603.3 16103.4 104151 103944 104151 16103.4
9.42 25168.5 7324.03 81658.2 101909 81658.2 7324.03
9.44 39604.7 -7693.95 44685.8 99213.6 44685.8 -7693.95
9.46 53459.7 -20011.1 4551.37 93563.8 4551.37 -20011.1
9.48 65822.1 -23971.1 -27774.8 84236.4 -27774.8 -23971.1
9.5 75850.5 -20947.7 -49489.5 71620.7 -49489.5 -20947.7
9.52 83166.5 -15421.5 -64474.1 56116.4 -64474.1 -15421.5
9.54 87772.6 -9274.66 -76925.9 37253.9 -76925.9 -9274.66
9.56 89624.5 -1504.94 -88164.4 13668 -88164.4 -1504.94
9.58 88228.9 7481.41 -97905.6 -15477.1 -97905.6 7481.41
9.6 82698.4 13968.3 -105980 -48644 -105980 13968.3
9.62 72454.8 14115.8 -112457 -81805 -112457 14115.8
9.64 58005 7689.42 -117262 -110156 -117262 7689.42
9.66 40926.3 -2176.91 -120057 -129808 -120057 -2176.91
9.68 23163.3 -11915.4 -120172 -138501 -120172 -11915.4
9.7 6499.18 -19047.7 -116931 -135916 -116931 -19047.7
9.72 -7561.77 -21427 -110266 -124047 -110266 -21427
9.74 -18021 -16972.8 -100466 -107063 -100466 -16972.8
9.76 -24938.6 -5418.94 -87297.5 -89915.5 -87297.5 -5418.94
9.78 -29602.3 9958.97 -70569.5 -76254.6 -70569.5 9958.97
9.8 -33863.2 23259.2 -51213.6 -67077.1 -51213.6 23259.2
9.82 -39243.4 29227.5 -30105.1 -60760.6 -30105.1 29227.5
9.84 -46363.9 26145 -6061.8 -53878.6 -6061.8 26145
9.86 -54587.5 16633.5 23121.9 -42120.6 23121.9 16633.5
9.88 -61892 6300.76 56606.6 -21613.4 56606.6 6300.76
9.9 -65573.9 276.27 88224.6 8976.21 88224.6 276.27
9.92 -63798.4 -385.576 109711 46812.6 109711 -385.576
9.94 -56756.9 1299.7 116991 85579 116991 1299.7
9.96 -46282.6 2183.57 113258 118378 113258 2183.57
9.98 -34452.9 2250.1 105918 140732 105918 2250.1
10 -22658.3 3496.77 100709 151736 100709 3496.77
10.02 -11695.8 6353.43 98463.2 153261 98463.2 6353.43
10.04 -2215.4 8318.06 96801.7 148387 96801.7 8318.06
10.06 5191.24 6407.4 94515.1 140184 94515.1 6407.4
10.08 10353.6 512.882 93850.7 131052 93850.7 512.882
10.1 13993.7 -6109.69 96914 122318 96914 -6109.69
10.12 17809.3 -9733.66 99540.7 113974 99540.7 -9733.66
10.14 23606.7 -9349.26 91796.7 104892 91796.7 -9349.26
10.16 31798.2 -6982.66 66873.3 93583.8 66873.3 -6982.66
10.18 40740 -5338.73 28366.2 78909.1 28366.2 -5338.73
10.2 47802.7 -5616.61 -12451.9 60243.4 -12451.9 -5616.61
10.22 51178.7 -7092.38 -45455.4 37563.9 -45455.4 -7092.38
10.24 50711.8 -7927.2 -67179.4 11890.6 -67179.4 -7927.2
10.26 47397.9 -6700.17 -79954.1 -14736.6 -79954.1 -6700.17
10.28 42441.9 -3704.69 -88261.9 -40276.9 -88261.9 -3704.69
10.3 36646.1 -535.338 -95664.6 -63610.7 -95664.6 -535.338
10.32 30335 1543.22 -103186 -84279.8 -103186 1543.22
10.34 23612.6 2448.86 -109666 -101571 -109666 2448.86
10.36 16639.2 2736.06 -113986 -114208 -113986 2736.06
10.38 9732.02 2794.12 -116852 -120964 -116852 2794.12
10.4 3217.62 2742.15 -119913 -121443 -119913 2742.15
10.42 -2880.23 2788.71 -123233 -116251 -123233 2788.71
10.44 -9046.95 3351.59 -123637 -106634 -123637 3351.59
10.46 -16033.5 4805.77 -115567 -94072 -115567 4805.77
10.48 -24262.9 7166.51 -94807.8 -80047.6 -94807.8 7166.51
10.5 -33281.8 9791.96 -62967.2 -65898.6 -62967.2 9791.96
10.52 -41773 11478.5 -27405.7 -52396.6 -27405.7 11478.5
10.54 -48304.9 11612.4 4768.17 -39032.9 4768.17 11612.4
10.56 -52123.4 11266.3 31675.4 -23980.9 31675.4 11266.3
10.58 -53283.4 12064.1 54960.5 -5423.43 54960.5 12064.1
10.6 -52309.6 13757.9 75151.3 16946.9 75151.3 13757.9
10.62 -49942.9 13873.5 90940.6 41871.5 90940.6 13873.5
10.64 -46913.8 10157.3 102188 67617 102188 10157.3
10.66 -43486.7 3096.52 111102 92688.8 111102 3096.52
10.68 -39098.5 -4001.54 119683 115631 119683 -4001.54
10.7 -32647.5 -7277.18 127099 134692 127099 -7277.18
10.72 -23379.6 -5094.29 130162 148035 130162 -5094.29
10.74 -11686.1 605.933 126170 154320 126170 605.933
10.76 914.077 5523.49 115477 153185 115477 5523.49
10.78 12648.5 6177.4 101289 145443 101289 6177.4
10.8 22617.6 2362.92 85950.4 132851 85950.4 2362.92
10.82 31222.6 -3399.67 68027.7 117552 68027.7 -3399.67
10.84 39349.5 -8580.86 44515.3 101529 44515.3 -8580.86
10.86 47239.4 -12465.8 15218.9 86153.3 15218.9 -12465.8
10.88 54347.2 -15478 -16405.2 71653.8 -16405.2 -15478
10.9 60106.6 -17494.7 -46362.9 56708.2 -46362.9 -17494.7
10.92 64444.9 -17102.3 -72684.2 39024.7 -72684.2 -17102.3
10.94 67456.4 -12479.8 -95145.9 16872.2 -95145.9 -12479.8
10.96 68752.3 -3683.93 -113908 -9932.18 -113908 -3683.93
10.98 67225.1 5676.86 -128674 -40288.3 -128674 5676.86
11 61570.1 10092.3 -138324 -72330.6 -138324 10092.3
11.02 51372.4 6563.59 -141373 -103417 -141373 6563.59
11.04 37944.2 -2543.13 -137718 -130176 -137718 -2543.13
11.06 24004.7 -11192.9 -130056 -149350 -130056 -11192.9
11.08 12258 -14066.3 -122910 -159015 -122910 -14066.3
11.1 3899.05 -9678.22 -119826 -159176 -119826 -9678.22
11.12 -1960.19 -483.899 -120527 -151411 -120527 -483.899
11.14 -7767.59 9221.87 -119015 -137896 -119015 9221.87
11.16 -16224.3 15948.1 -105689 -120552 -105689 15948.1
11.18 -28560.4 18612.7 -75127.5 -100998 -75127.5 18612.7
11.2 -43549.1 18280.8 -32043.7 -80866.9 -32043.7 18280.8
11.22 -58398.9 16495.5 12530.7 -61415.4 12530.7 16495.5
11.24 -70700.8 13985.4 50525.1 -42417.1 50525.1 13985.4
11.26 -79359.3 10952.3 80699.5 -21859.9 80699.5 10952.3
11.28 -83969.4 7824 104524 2559.71 104524 7824
11.3 -84132 5304.37 121628 31592.8 121628 5304.37
11.32 -79682.4 4275.9 130452 64177.8 130452 4275.9
11.34 -71179.4 5772.25 131159 98405.8 131159 5772.25
11.36 -59990.8 10086.6 126254 132068 126254 10086.6
11.38 -48098.6 15309.9 119282 162454 119282 15309.9
11.4 -37634.7 17517.6 113835 186429 113835 17517.6
11.42 -29948.6 13644.6 112648 201308 112648 13644.6
11.44 -24682.5 4596.81 116371 205826 116371 4596.81
11.46 -19764.7 -4861.41 122624 200343 122624 -4861.41
11.48 -12558 -9662.29 125404 186351 125404 -9662.29
11.5 -1276.7 -8168.35 116232 165914 116232 -8168.35
11.52 13980.8 -3121.02 89542.7 141482 89542.7 -3121.02
11.54 31005.9 454.427 48439.5 115796 48439.5 454.427
11.56 46704.6 -1063.06 2943.36 91247.8 2943.36 -1063.06
11.58 59145 -6929.5 -38326.4 68756.4 -38326.4 -6929.5
11.6 68399.6 -12586.9 -73060.3 47168.6 -73060.3 -12586.9
11.62 75242.4 -13935.8 -101871 24109.8 -101871 -13935.8
11.64 79569.9 -11144.1 -123511 -2333.52 -123511 -11144.1
11.66 80629.9 -7707.95 -135955 -32678.6 -135955 -7707.95
11.68 78383.1 -5993.67 -140323 -66228.4 -140323 -5993.67
11.7 73855.3 -4804.74 -140787 -101404 -140787 -4804.74
11.72 68054 -1732.93 -140780 -135682 -140780 -1732.93
11.74 60992.7 3020.43 -140913 -165650 -140913 3020.43
11.76 51984 6151.3 -140277 -187717 -140277 6151.3
11.78 40737.2 4616.57 -138428 -199190 -138428 4616.57
11.8 28095.9 -920.856 -136354 -198970 -136354 -920.856
11.82 15640.7 -6157.41 -135918 -187619 -135918 -6157.41
11.84 4438.73 -6555.46 -136434 -167138 -136434 -6555.46
11.86 -6123.04 -812.743 -130915 -140627 -130915 -812.743
11.88 -17990.9 8525.03 -109488 -111814 -109488 8525.03
11.9 -32424.7 17366.5 -69187.5 -84372.4 -69187.5 17366.5
11.92 -48505.7 22896.7 -18462.7 -60880.6 -18462.7 22896.7
11.94 -63857.9 24464.3 29224.2 -41659.1 29224.2 24464.3
11.96 -76550.9 22529 65246.7 -24426.1 65246.7 22529
11.98 -85949.9 17808.3 89384.5 -5456.36 89384.5 17808.3
12 -92109.8 11527.3 106164 18416.7 106164 11527.3
12.02 -94950.4 5656.63 119514 48384.4 119514 5656.63
12.04 -94071.3 2419.46 130077 83412.5 130077 2419.46
12.06 -89125.6 3420.56 135887 120635 135887 3420.56
12.08 -80437.1 8685.2 135299 155976 135299 8685.2
12.1 -69450.2 15954.1 129800 185068 129800 15954.1
12.12 -58403.7 21311.1 123883 204406 123883 21311.1
12.14 -49143.9 21582.9 121786 212372 121786 21582.9
12.16 -42057.8 16651.6 124618 209566 124618 16651.6
12.18 -36098.3 9175.02 130659 198101 130659 9175.02
12.2 -29620.3 2020.69 136669 180395 136669 2020.69
12.22 -21047.9 -3712.06 137105 158705 137105 -3712.06
12.24 -9055.58 -8479.26 123966 135365 123966 -8479.26
12.26 6890.65 -12912.8 92201.9 112803 92201.9 -12912.8
12.28 25779.4 -16712.4 46062.4 93056.8 46062.4 -16712.4
12.3 45411.7 -18416.8 -3052.98 77129.5 -3052.98 -18416.8
12.32 63759.3 -16270.3 -45844.8 64330.2 -45844.8 -16270.3
12.34 79674.2 -9847.51 -80639.2 52027.4 -80639.2 -9847.51
12.36 92199.6 -1221.25 -109988 36447.3 -109988 -1221.25
12.38 99849.3 5714.51 -134451 14319 -134451 5714.51
12.4 101098 7566.19 -151026 -15555.6 -151026 7566.19
12.42 95529.8 3448.2 -156449 -51488.4 -156449 3448.2
12.44 84430.5 -4782.84 -150922 -89165.6 -150922 -4782.84
12.46 70423 -13733.1 -139024 -123045 -139024 -13733.1
12.48 56479.2 -20085.7 -127507 -148301 -127507 -20085.7
12.5 44790 -22007 -121450 -162281 -121450 -22007
12.52 36076.5 -19772.4 -121611 -164935 -121611 -19772.4
12.54 29859.5 -15073.5 -125674 -158250 -125674 -15073.5
12.56 25234.8 -9529.45 -131971 -145181 -131971 -9529.45
12.58 21258.7 -3780.72 -139691 -128736 -139691 -3780.72
12.6 16471.5 2231.47 -143403 -111338 -143403 2231.47
12.62 8704.35 8394.75 -131843 -94490.5 -131843 8394.75
12.64 -3534.44 13838.8 -97661.9 -78962.6 -97661.9 13838.8
12.66 -19479.9 17152.1 -46573.1 -65105.8 -46573.1 17152.1
12.68 -36481.7 17299.9 6779.32 -52499.3 6779.32 17299.9
12.7 -51960.3 14466.6 50785.9 -39301.2 50785.9 14466.6
12.72 -64583.4 10012.3 82410 -22825.5 82410 10012.3
12.74 -73882.5 5747.28 103504 -1313.75 103504 5747.28
12.76 -79664.4 3274.36 116160 25055.5 116160 3274.36
12.78 -82093 3305.04 122265 54737.7 122265 3305.04
12.8 -81818.3 4932.63 124582 85707.6 124582 4932.63
12.82 -79549.6 6152.01 126031 115697 126031 6152.01
12.84 -75442.2 6024.63 127943 142176 127943 6024.63
12.86 -69011.4 6029.74 129537 162587 129537 6029.74
12.88 -59797.5 8403.51 129183 174793 129183 8403.51
12.9 -48183.6 13064.4 126354 177456 126354 13064.4
12.92 -35431.6 16791.9 121797 170323 121797 16791.9
12.94 -22657.8 15901.1 114263 154691 114263 15901.1
12.96 -9743.66 9614.6 98178.5 133547 98178.5 9614.6
12.98 4232.65 529.208 68050.7 110784 68050.7 529.208
13 19423.3 -7953.41 25485.7 89889.9 25485.7 -7953.41
13.02 34612 -13950.1 -20519.7 72813.5 -20519.7 -13950.1
13.04 48275.1 -16755.3 -60445.5 59189.3 -60445.5 -16755.3
13.06 59765.2 -15298.9 -90049.5 46280.1 -90049.5 -15298.9
13.08 69117.9 -8649.16 -110267 30101.7 -110267 -8649.16
13.1 76048 1421.01 -123979 7171.06 -123979 1421.01
13.12 79611.6 9823.07 -133476 -24073.8 -133476 9823.07
13.14 78923.8 11711.2 -139444 -62413.3 -139444 11711.2
13.16 74059.7 6558.98 -141402 -103739 -141402 6558.98
13.18 66234.5 -2039.25 -139346 -142187 -139346 -2039.25
13.2 57205.4 -10145.5 -134988 -172158 -134988 -10145.5
13.22 48521.1 -16137.5 -131039 -190017 -131039 -16137.5
13.24 41212.1 -19972 -129657 -194759 -129657 -19972
13.26 35854.5 -21087.3 -132083 -187726 -132083 -21087.3
13.28 32390 -17836.5 -138125 -171790 -138125 -17836.5
13.3 29602.8 -8928.35 -143342 -150440 -143342 -8928.35
13.32 24868.9 4843.31 -137799 -126915 -137799 4843.31
13.34 15166.9 20114.1 -112345 -103625 -112345 20114.1
13.36 -1015.58 31927.6 -67329.2 -82048.3 -67329.2 31927.6
13.38 -22818.2 35720.7 -12662.6 -62686.8 -12662.6 35720.7
13.4 -47773.6 29550.1 40519.3 -44790.9 40519.3 29550.1
13.42 -72813.1 15531.3 86203.5 -26320.3 86203.5 15531.3
13.44 -94543.6 -428.029 122427 -4638.4 122427 -428.029
13.46 -109635 -11183.2 147610 22364.8 147610 -11183.2
13.48 -115992 -12527.6 159943 55277.5 159943 -12527.6
13.5 -113785 -6006.34 159291 92605.9 159291 -6006.34
13.52 -105140 2775.7 148457 130969 148457 2775.7
13.54 -92787.7 9325.44 132806 166141 132806 9325.44
13.56 -78895.7 13648.2 118502 194295 118502 13648.2
13.58 -64862.3 18187.2 109753 212636 109753 18187.2
13.6 -51743.1 22993.2 107126 219432 107126 22993.2
13.62 -40430.6 24128.3 109067 214082 109067 24128.3
13.64 -31084.9 17417.7 113072 197401 113072 17417.7
13.66 -22106.7 3372.54 113117 171755 113117 3372.54
13.68 -10270.2 -12171.7 99614.2 140874 99614.2 -12171.7
13.7 7101.35 -22334.9 66193.7 109340 66193.7 -22334.9
13.72 29803 -24259.8 15939.1 81425.3 15939.1 -24259.8
13.74 54649.3 -20551.8 -40390.8 59257.6 -40390.8 -20551.8
13.76 77527.5 -15995.7 -90866.1 41614.9 -90866.1 -15995.7
13.78 95429.5 -12929.4 -126604 24814.2 -126604 -12929.4
13.8 107150 -10294.6 -143383 4990.04 -143383 -10294.6
13.82 112996 -7059.99 -143144 -20259.3 -143144 -7059.99
13.84 114208 -4937.63 -133673 -51373.7 -133673 -4937.63
13.86 112359 -6546.42 -124179 -86729.8 -124179 -6546.42
13.88 108887 -11859.6 -119887 -122906 -119887 -11859.6
13.9 104796 -17914.2 -120850 -155644 -120850 -17914.2
13.92 100530 -21819.1 -124957 -180987 -124957 -21819.1
13.94 96039.8 -22866 -130917 -195978 -130917 -22866
13.96 91057.3 -21552.2 -139036 -199196 -139036 -21552.2
13.98 85263.7 -17704.9 -150720 -191154 -150720 -17704.9
14 77778.7 -10576.4 -165037 -173944 -165037 -10576.4
14.02 66429 -938.24 -173064 -150439 -173064 -938.24
14.04 48315.8 7465 -159838 -123935 -159838 7465
14.06 22283.1 9857.03 -117101 -97921.3 -117101 9857.03
14.08 -8614.07 5140.95 -54427.6 -75313.5 -54427.6 5140.95
14.1 -37860.6 -1301.16 5683.66 -57366.1 5683.66 -1301.16
14.12 -59689 -1145.62 45157.1 -43206.1 45157.1 -1145.62
14.14 -73012.7 8844.38 62016.8 -30647.6 62016.8 8844.38
14.16 -81510.9 22502.1 67347 -17604.8 67347 22502.1
14.18 -90116.5 29288.4 74043.8 -2715.29 74043.8 29288.4
14.2 -101124 24178.1 88306.2 15174.7 88306.2 24178.1
14.22 -112820 12236.7 108065 37422.6 108065 12236.7
14.24 -121194 3317.7 126484 64741 126484 3317.7
14.26 -123013 2627.23 137185 95518.8 137185 2627.23
14.28 -117671 6948.92 137825 124844 137825 6948.92
14.3 -106531 10061.3 129954 145610 129954 10061.3
14.32 -91143.9 10626.4 116780 151806 116780 10626.4
14.34 -72717.2 12881.3 102250 141963 102250 12881.3
14.36 -53050.6 19364.5 91403.6 120112 91403.6 19364.5
14.38 -34828.5 25285.4 88466.6 93613.1 88466.6 25285.4
14.4 -19840 22259.3 91312.6 69551.8 91312.6 22259.3
14.42 -6944.53 7264.48 89538 52166.9 89538 7264.48
14.44 7328.12 -13539 72372 42338.2 72372 -13539
14.46 25870.7 -29770.7 38365 38154.9 38365 -29770.7
14.48 48849 -34639.2 -4710.12 35599.7 -4710.12 -34639.2
14.5 74019 -28516 -48124.3 29828.8 -48124.3 -28516
14.52 98154.2 -16871 -87322.3 17505.2 -87322.3 -16871
14.54 117945 -5773.91 -119655 -1305.65 -119655 -5773.91
14.56 130519 1385.51 -141040 -23772.1 -141040 1385.51
14.58 134145 4174.8 -147463 -46976.7 -147463 4174.8
14.6 128756 3213.27 -138994 -69468.2 -138994 3213.27
14.62 115820 -1462.77 -120828 -90045.9 -120828 -1462.77
14.64 97889.1 -10153.8 -100736 -106210 -100736 -10153.8
14.66 78211.3 -21591.3 -86211.1 -115098 -86211.1 -21591.3
14.68 60163.2 -31296.4 -82816.6 -115890 -82816.6 -31296.4
14.7 46003.3 -32974.4 -92653.6 -110474 -92653.6 -32974.4
14.72 35319 -23336.7 -111392 -101473 -111392 -23336.7
14.74 24499.5 -6011.95 -125282 -90030.1 -125282 -6011.95
14.76 8591.36 10539.5 -115960 -75864.1 -115960 10539.5
14.78 -14836 19810.3 -75356.1 -59148.9 -75356.1 19810.3
14.8 -43150.7 21497.5 -15922.9 -41653.9 -15922.9 21497.5
14.82 -70464.8 19267.2 38228.1 -25825.3 38228.1 19267.2
14.84 -92111.2 15981.8 71264.4 -13183.5 71264.4 15981.8
14.86 -107023 11944.6 85066.5 -3893.25 85066.5 11944.6
14.88 -116205 6746.42 90642.6 2834.66 90642.6 6746.42
14.9 -120147 1720.47 94774.7 9056.34 94774.7 1720.47
14.92 -118293 129.915 96424.6 18553.3 96424.6 129.915
14.94 -110503 4161.75 92834.9 35276.1 92834.9 4161.75
14.96 -98400.6 11538.4 85892.2 60102.1 85892.2 11538.4
14.98 -84904.3 16585.6 82242.8 89089.1 82242.8 16585.6
15 -72156.9 16046.7 87816.9 115242 87816.9 16046.7
15.02 -59908.3 12960.9 102157 132108 102157 12960.9
15.04 -46110.3 12941.2 117543 136082 117543 12941.2
15.06 -29174.1 16710.6 123296 126673 123296 16710.6
15.08 -9448.81 18086.4 111702 106207 111702 18086.4
15.1 11455.2 10251.4 81772 79664.7 81772 10251.4
15.12 32213.1 -6503.93 39545.3 53591.9 39545.3 -6503.93
15.14 52348.3 -23937.7 -4825.34 33599.1 -4825.34 -23937.7
15.16 71539.9 -32820.5 -41670.8 22018.6 -41670.8 -32820.5
15.18 88845.1 -30530.4 -65720.5 17572.8 -65720.5 -30530.4
15.2 102851 -21872 -77782.3 16905.7 -77782.3 -21872
15.22 112557 -13247.1 -83280 16208.4 -83280 -13247.1
15.24 117878 -7042.1 -88301.4 11653.7 -88301.4 -7042.1
15.26 119080 -1881.49 -96006.3 -699.707 -96006.3 -1881.49
15.28 115869 2665.99 -106004 -23679.9 -106004 2665.99
15.3 107429 3502.74 -116122 -56204.5 -116122 3502.74
15.32 93527 -2550.75 -124237 -91874.6 -124237 -2550.75
15.34 75473.2 -13618.3 -129196 -121785 -129196 -13618.3
15.36 55794.1 -23078.5 -131096 -139530 -131096 -23078.5
15.38 36748.5 -25290.3 -130747 -143572 -130747 -25290.3
15.4 19036.9 -19723.6 -127839 -135728 -127839 -19723.6
15.42 1913.29 -9324.29 -119226 -118940 -119226 -9324.29
15.44 -15701.7 3127.75 -100457 -96829.1 -100457 3127.75
15.46 -34191.8 15592.6 -70853.9 -73965.9 -70853.9 15592.6
15.48 -52857.8 25348.6 -36408.9 -54888.8 -36408.9 25348.6
15.5 -70248.3 29681.3 -6030.81 -42302.3 -6030.81 29681.3
15.52 -84873.6 28388 14857.6 -36319.3 14857.6 28388
15.54 -95864.7 24128.1 27232.9 -35130.3 27232.9 24128.1
15.56 -103192 19794 36736 -35593.7 36736 19794
15.58 -107343 16334.8 49732.5 -33030.3 49732.5 16334.8
15.6 -108525 13439 69306.4 -21748.6 69306.4 13439
15.62 -106023 11372.3 92868.8 2111.2 92868.8 11372.3
15.64 -98581.2 11057.1 113261 36960.2 113261 11057.1
15.66 -85576.3 12925.2 123609 75451.6 123609 12925.2
15.68 -67856.6 16757.1 122264 108546 122264 16757.1
15.7 -47608.3 21668 113198 129993 113198 21668
15.72 -27566.5 25135 102025 137729 102025 25135
15.74 -10055 23543.4 92377.7 132857 92377.7 23543.4
15.76 3879.35 15545.9 85644.8 118566 85644.8 15545.9
15.78 14778.2 4343.87 82060.6 99621.1 82060.6 4343.87
15.8 24242.9 -4595.22 79827.9 81403.2 79827.9 -4595.22
15.82 33858.5 -8001.53 74158.7 68111.6 74158.7 -8001.53
15.84 44171.3 -6884.72 59973.3 61175.9 59973.3 -6884.72
15.86 54348 -5032 36185.2 58996.6 36185.2 -5032
15.88 62804.4 -5734.75 6515.89 57963.1 6515.89 -5734.75
15.9 68397.9 -8982.01 -23886.5 53923.5 -23886.5 -8982.01
15.92 71008.1 -11590.2 -51805.2 43472.8 -51805.2 -11590.2
15.94 70902.8 -10728 -75840.6 25074.6 -75840.6 -10728
15.96 67854.3 -6970.16 -94168.7 -74.6786 -94168.7 -6970.16
15.98 61269.9 -3568.99 -104251 -28347.2 -104251 -3568.99
16 51215.3 -3327.91 -105342 -55376.7 -105342 -3327.91
16.02 39084.4 -6126.15 -100327 -77817.8 -100327 -6126.15
16.04 27160.9 -8663.67 -94426.5 -93973.2 -94426.5 -8663.67
16.06 17406 -6828.47 -92227.9 -103487 -92227.9 -6828.47
16.08 10299.1 296.372 -95543.3 -106943 -95543.3 296.372
16.1 4565 8375.1 -103175 -105622 -103175 8375.1
16.12 -1849.19 11045.5 -111870 -101040 -111870 11045.5
16.14 -10209.3 6197.83 -116735 -94286.1 -116735 6197.83
16.16 -20232.1 -1450.61 -111402 -85776.5 -111402 -1450.61
16.18 -30605.9 -4693.27 -90995.9 -75704.4 -90995.9 -4693.27
16.2 -39826.5 -531.892 -57245.8 -64622.8 -57245.8 -531.892
16.22 -46680.3 7538.95 -19318.5 -53381 -19318.5 7538.95
16.24 -50525.2 13399.7 12528.4 -42398.3 12528.4 13399.7
16.26 -51392.3 13999.8 34266.4 -31021.6 34266.4 13999.8
16.28 -49730.8 11149.7 48919 -17757.9 48919 11149.7
16.3 -46044.2 8342.2 61416.1 -1206.54 61416.1 8342.2
16.32 -40779.4 6902.54 73836.2 19210.4 73836.2 6902.54
16.34 -34316.1 5492.13 84718.4 43020.6 84718.4 5492.13
16.36 -26858.2 2549.19 91338.6 68605.6 91338.6 2549.19
16.38 -18459 -1557.1 92612.9 93177.1 92612.9 -1557.1
16.4 -9319.49 -4723.31 90596.3 113266 90596.3 -4723.31
16.42 26.0122 -4977.1 88966.8 125868 88966.8 -4977.1
16.44 8914 -2097.42 89502 129634 89502 -2097.42
16.46 16862 2184.6 90284.3 125298 90284.3 2184.6
16.48 23591.3 5305.79 87449.2 115213 87449.2 5305.79
16.5 28884.5 5356.6 78109.7 102351 78109.7 5356.6
16.52 32583.7 1951.57 62004.8 89237.6 62004.8 1951.57
16.54 34676.8 -3652.68 41547.3 77293.8 41547.3 -3652.68
16.56 35365.7 -9092.18 20101.8 66595.9 20101.8 -9092.18
16.58 35088.5 -12200.6 -564.554 55866 -564.554 -12200.6
16.6 34338.3 -12173.1 -20824.4 43002.4 -20824.4 -12173.1
16.62 33303.2 -9516.9 -41026.5 26264 -41026.5 -9516.9
16.64 31740.2 -5310.08 -59931.1 5269.3 -59931.1 -5310.08
16.66 29266.3 -814.134 -76066.1 -18968.1 -76066.1 -814.134
16.68 25704.1 2624.32 -89535.2 -44678.7 -89535.2 2624.32
16.7 21112.5 4077.24 -101167 -69842.3 -101167 4077.24
16.72 15635 3699.17 -110413 -92335.6 -110413 3699.17
16.74 9497.36 2587.78 -115522 -110143 -115522 2587.78
16.76 3141.64 1818.57 -115957 -121835 -115957 1818.57
16.78 -2800.78 1724.6 -113574 -126967 -113574 1724.6
16.8 -7819.07 2065.31 -110778 -126028 -110778 2065.31
16.82 -11882.7 2632.82 -107565 -120055 -107565 2632.82
16.84 -15414.1 3613.19 -100735 -110210 -100735 3613.19
16.86 -18848.6 5365.51 -86710.1 -97489.1 -86710.1 5365.51
16.88 -22179.8 7702.1 -65740.5 -82697.2 -65740.5 7702.1
16.9 -24948.4 9623.48 -42323 -66561.4 -42323 9623.48
16.92 -26767.1 10151.5 -20372.9 -49642.7 -20372.9 10151.5
16.94 -27727.6 9128.68 653.267 -32113.2 653.267 9128.68
16.96 -28094.3 6986.25 23319.9 -13729.2 23319.9 6986.25
16.98 -27627.6 4195.81 46914.2 5936.12 46914.2 4195.81
17 -25498.5 1231.39 66638 27192.9 66638 1231.39
17.02 -21057.8 -1262.84 78379.4 49975.7 78379.4 -1262.84
17.04 -14577.5 -2636.56 82895.8 73545 82895.8 -2636.56
17.06 -7112.18 -2578.42 84454.3 96271.1 84454.3 -2578.42
17.08 249.278 -1299.03 86120.7 115859 86120.7 -1299.03
17.1 6832.58 477.693 87382.1 130031 87382.1 477.693
17.12 12203.2 1758.13 86205.2 137239 86205.2 1758.13
17.14 15857.8 1844.32 82447.6 137090 82447.6 1844.32
17.16 17298.2 834.682 78664.9 130435 78664.9 834.682
17.18 16439.2 -562.111 77457.5 119024 77457.5 -562.111
17.2 13920.2 -1717.97 77865.1 104751 77865.1 -1717.97
17.22 10967.7 -2505.75 74700.3 88879.6 74700.3 -2505.75
17.24 8739.24 -3254.41 62484.4 71796.6 62484.4 -3254.41
17.26 7601.78 -4252.7 40474.7 53484.7 40474.7 -4252.7
17.28 7060.05 -4994.31 13489.7 34170.9 13489.7 -4994.31
17.3 6388.01 -4273.14 -12185.5 14365.3 -12185.5 -4273.14
17.32 5182.68 -1585.24 -33363 -5574.94 -33363 -1585.24
17.34 3324.1 1717.91 -50686.1 -25547.3 -50686.1 1717.91
17.36 755.012 3289.13 -65781.7 -45303.4 -65781.7 3289.13
17.38 -2422.43 2170.38 -78550.4 -64115 -78550.4 2170.38
17.4 -5715.89 137.645 -87421.7 -80881.6 -87421.7 137.645
17.42 -8337.18 212.798 -91783.2 -94512.4 -91783.2 212.798
17.44 -9681.03 3610.57 -93468.8 -104230 -93468.8 3610.57
17.46 -9797.52 8298.25 -95341.3 -109632 -95341.3 8298.25
17.48 -9400.64 10755.6 -98302.7 -110594 -98302.7 10755.6
17.5 -9302.05 9170.99 -100097 -107175 -100097 9170.99
17.52 -9721.78 4891.53 -97550.9 -99521.3 -97550.9 4891.53
17.54 -10117.7 913.773 -89760 -87812.9 -89760 913.773
17.56 -9734.43 -716.243 -78207 -72329.2 -78207 -716.243
17.58 -8347.39 -204.242 -64061 -53746.1 -64061 -204.242
17.6 -6380.9 628.483 -46880.2 -33478.8 -46880.2 628.483
17.62 -4285.43 266.4 -26173.4 -13430 -26173.4 266.4
17.64 -1933.72 -913.769 -3213.24 4964.63 -3213.24 -913.769
17.66 1255.09 -1183.08 19035.9 21491.1 19035.9 -1183.08
17.68 5608.79 272.962 37444.8 36913.3 37444.8 272.962
17.7 10700.6 2046.07 50306.8 52025.8 50306.8 2046.07
17.72 15546.4 1808.64 58111.9 66935.1 58111.9 1808.64
17.74 19243.8 -1313.7 63100.3 81041 63100.3 -1313.7
17.76 21457.3 -5949.75 67725 93403 67725 -5949.75
17.78 22436.3 -9769.89 73028 103046 73028 -9769.89
17.8 22692.6 -11143.4 78142.2 109139 78142.2 -11143.4
17.82 22625 -9749.69 81160 111158 81160 -9749.69
17.84 22264.1 -6223.79 80630.1 108954 80630.1 -6223.79
17.86 21236 -1564.39 76611.2 102585 76611.2 -1564.39
17.88 18961.9 2958.88 70153.3 92061.5 70153.3 2958.88
17.9 15048.7 5519.63 61265.5 77354.8 61265.5 5519.63
17.92 9680.3 4583.11 47993 58945 47993 4583.11
17.94 3607.78 830.414 28685.4 38404.9 28685.4 830.414
17.96 -2370.89 -2723.51 4918.3 18026.4 4918.3 -2723.51
17.98 -7982.55 -3407.71 -18835.2 -411.474 -18835.2 -3407.71
18 -13510 -1318.31 -38424.2 -16462.9 -38424.2 -1318.31
18.02 -19237.8 1311.13 -52469.8 -30665.1 -52469.8 1311.13
18.04 -24903.4 2853.95 -62064.5 -43602 -62064.5 2853.95
18.06 -29684.1 4010.4 -69043.6 -55426 -69043.6 4010.4
18.08 -32695.7 6772.94 -74781.5 -66078.6 -74781.5 6772.94
18.1 -33568.2 11913.6 -79998.2 -75598.5 -79998.2 11913.6
18.12 -32651.9 17706.4 -85052 -84058.7 -85052 17706.4
18.14 -30707.7 21178.4 -90090.4 -91331.7 -90090.4 21178.4
18.16 -28368.7 20564.2 -94715.8 -96960.7 -94715.8 20564.2
18.18 -25827.3 16475 -97625.1 -100090 -97625.1 16475
18.2 -22895.4 10897 -97139.3 -99466.7 -97139.3 10897
18.22 -19205.7 5870.77 -92275.9 -93680.6 -92275.9 5870.77
18.24 -14433.1 3104.78 -82945.1 -81813.4 -82945.1 3104.78
18.26 -8588.4 3211.68 -69298.5 -64389.8 -69298.5 3211.68
18.28 -2170.98 4889.15 -51631.8 -43752.5 -51631.8 4889.15
18.3 4146.59 6106.11 -30994.3 -23079.5 -30994.3 6106.11
18.32 10053.2 6259.74 -9388.64 -4725.74 -9388.64 6259.74
18.34 15626 6252.62 10891.6 10701.4 10891.6 6252.62
18.36 20783.6 6440.39 28268 23996.2 28268 6440.39
18.38 24969.2 5520.67 42529.9 36382.3 42529.9 5520.67
18.4 27531.7 1948.21 54667 48812.7 54667 1948.21
18.42 28316.4 -4080.77 65818 61781.9 65818 -4080.77
18.44 27807 -10555.2 76091.2 75310.2 76091.2 -10555.2
18.46 26747.7 -15295.8 84447.3 88886.7 84447.3 -15295.8
18.48 25643 -17349.2 89799.6 101504 89799.6 -17349.2
18.5 24541.9 -17064.7 91988.3 111897 91988.3 -17064.7
18.52 23200.5 -15238.7 91489.1 118860 91489.1 -15238.7
18.54 21395.9 -12081.1 88530 121492 88530 -12081.1
18.56 18989.7 -7334.5 82842.3 119242 82842.3 -7334.5
18.58 15691.2 -2140.67 73885.9 111696 73885.9 -2140.67
18.6 11082.4 471.583 61059.2 98671.3 61059.2 471.583
18.62 5126.18 -1263.53 44349 80964.9 44349 -1263.53
18.64 -1463.41 -5201.04 24974.4 60732.5 24974.4 -5201.04
18.66 -7622.88 -7406.18 4798.37 40527.6 4798.37 -7406.18
18.68 -12741.5 -6346.11 -14902.6 21837.9 -14902.6 -6346.11
18.7 -16901.2 -3815.51 -33634.8 4604.52 -33634.8 -3815.51
18.72 -20389.4 -2130.97 -50807.6 -12005.8 -50807.6 -2130.97
18.74 -23189.2 -1558.01 -65401.8 -28603.6 -65401.8 -1558.01
18.76 -24943.9 -614.845 -76807.5 -45252 -76807.5 -614.845
18.78 -25270.9 1922.73 -85489.1 -61680.8 -85489.1 1922.73
18.8 -24103.6 5741.22 -92354.6 -77450.2 -92354.6 5741.22
18.82 -21800.6 9297.33 -97618 -91894.1 -97618 9297.33
18.84 -18903.7 11057.3 -100598 -104060 -100598 11057.3
18.86 -15721.7 10571.9 -100614 -112789 -100614 10571.9
18.88 -12143.3 8492.47 -97937 -116950 -97937 8492.47
18.9 -7838.28 5879.11 -93761.6 -115659 -93761.6 5879.11
18.92 -2660.94 3841.72 -88918.9 -108344 -88918.9 3841.72
18.94 3027.1 3142.83 -82335.7 -94961.9 -82335.7 3142.83
18.96 8347.28 3359.95 -71269.8 -76488.5 -71269.8 3359.95
18.98 12379.1 3033.21 -53842.6 -55025.2 -53842.6 3033.21
19 14875.2 1378.17 -31233.7 -32985.9 -31233.7 1378.17
19.02 16451.2 -535.244 -6995.13 -11951.8 -6995.13 -535.244
19.04 17931.6 -958.747 15437.1 7782.16 15437.1 -958.747
19.06 19559.7 304.835 34239.2 26678.4 34239.2 304.835
19.08 20921.7 1402.45 48898.6 45132 48898.6 1402.45
19.1 21485.6 309.501 59499.1 63127.4 59499.1 309.501
19.12 21058 -3076.51 66614 80383.6 66614 -3076.51
19.14 19789.2 -6839.91 71376.9 96481 71376.9 -6839.91
19.16 17894.4 -8853.57 75076 110768 75076 -8853.57
19.18 15415.5 -8590.54 78466.7 122295 78466.7 -8590.54
19.2 12245.5 -7211.28 81405.3 129973 81405.3 -7211.28
19.22 8387.53 -5898.5 83058.8 132835 83058.8 -5898.5
19.24 4136.54 -4474.21 82368.4 130166 82368.4 -4474.21
19.26 -69.0437 -2166.93 78185.3 121451 78185.3 -2166.93
19.28 -3969.94 698.593 69136.3 106524 69136.3 698.593
19.3 -7600.84 2643.77 54190.3 86098.1 54190.3 2643.77
19.32 -11148.6 2560.65 34139.4 62077 34139.4 2560.65
19.34 -14784.2 759.788 12164.2 37056.8 12164.2 759.788
19.36 -18522.8 -1402.65 -7853.44 13288.2 -7853.44 -1402.65
19.38 -22104.1 -2577.38 -23684.4 -8059.45 -23684.4 -2577.38
19.4 -25033.8 -2211.94 -35431.8 -26857 -35431.8 -2211.94
19.42 -26817.5 -688.035 -44462.3 -43490.7 -44462.3 -688.035
19.44 -27124.8 1194.32 -52290.9 -58425.9 -52290.9 1194.32
19.46 -25761.1 2942.06 -60245.4 -72021.1 -60245.4 2942.06
19.48 -22681.1 4537.06 -69183.8 -84373.6 -69183.8 4537.06
19.5 -18167.8 5888.32 -78788.6 -95126.8 -78788.6 5888.32
19.52 -12881 6429.97 -87296.2 -103405 -87296.2 6429.97
19.54 -7540.7 5498.67 -92465.5 -107969 -92465.5 5498.67
19.56 -2492.68 3057.26 -93028.1 -107499 -93028.1 3057.26
19.58 2423.07 91.0693 -89188.8 -100894 -89188.8 91.0693
19.6 7582.89 -1845.89 -82027.9 -87724.6 -82027.9 -1845.89
19.62 13143.5 -1878.23 -72724 -68804.5 -72724 -1878.23
19.64 18794.5 -538.504 -61969.3 -46278.1 -61969.3 -538.504
19.66 23871.6 969.251 -49748.2 -22878.4 -49748.2 969.251
19.68 27738.2 1935.8 -35892.8 -888.613 -35892.8 1935.8
19.7 30054 2294.17 -20856.5 18466.3 -20856.5 2294.17
19.72 30717.9 1977.63 -5619.39 35006.2 -5619.39 1977.63
19.74 29717.3 758.289 9134.99 49209.5 9134.99 758.289
19.76 27155.9 -1202.98 23376.7 61739.3 23376.7 -1202.98
19.78 23360.5 -3135.24 37103.6 73044.8 37103.6 -3135.24
19.8 18828.7 -4253.31 49595.3 83140.2 49595.3 -4253.31
19.82 14029.7 -4335.92 59536.8 91602.5 59536.8 -4335.92
19.84 9246.33 -3554.95 65865.7 97712.4 65865.7 -3554.95
19.86 4532.31 -1976.35 68456.2 100634 68456.2 -1976.35
19.88 -274.106 432.231 68106.1 99598.8 68106.1 432.231
19.9 -5494.34 3215.72 65951.3 94092 65951.3 3215.72
19.92 -11438.8 5229.24 62821.9 84078.5 62821.9 5229.24
19.94 -18128.1 5469.55 58994.9 70214.1 58994.9 5469.55
19.96 -25092.8 4048.33 54252.9 53759.2 54252.9 4048.33
19.98 -31456.1 2121.57 47829.6 36115.4 47829.6 2121.57
20 -36273.1 973.325 38511.4 18390.4 38511.4 973.325
20.02 -38925.7 1268.95 25527.5 1354.33 25527.5 1268.95
20.04 -39345 2920.5 9504.43 -14358.8 9504.43 2920.5
20.06 -37937.3 5308.25 -7826.23 -28173 -7826.23 5308.25
20.08 -35295 7590.73 -24823.8 -39699.1 -24823.8 7590.73
20.1 -31937.5 9039.55 -40511.1 -48848.1 -40511.1 9039.55
20.12 -28237.9 9275.54 -54102.8 -55775.5 -54102.8 9275.54
20.14 -24430.5 8257.54 -64602.8 -60760.4 -64602.8 8257.54
20.16 -20542.1 6135.08 -71312.2 -64128.4 -71312.2 6135.08
20.18 -16300.7 3213.45 -74634.3 -66122.7 -74634.3 3213.45
20.2 -11207.6 54.3163 -75997.5 -66661.5 -75997.5 54.3163
20.22 -4804.8 -2455.02 -76727.1 -65182.2 -76727.1 -2455.02
20.24 3021.55 -3345.15 -77023.8 -60857.2 -77023.8 -3345.15
20.26 11894.2 -2262.36 -76162.5 -53163.9 -76162.5 -2262.36
20.28 21026.6 30.1379 -73524.6 -42330.9 -73524.6 30.1379
20.3 29462.4 2091.87 -69073.9 -29252.5 -69073.9 2091.87
20.32 36331.6 2763.84 -62714 -15057.3 -62714 2763.84
20.34 41019.7 1686.12 -53706.3 -792.222 -53706.3 1686.12
20.36 43304 -779.475 -41457.8 12615.1 -41457.8 -779.475
20.38 43441.8 -3746.19 -26741.7 24344.2 -26741.7 -3746.19
20.4 42011.5 -6080.03 -11406.8 33842.2 -11406.8 -6080.03
20.42 39493.6 -7014.26 3194.91 41055.1 3194.91 -7014.26
20.44 35987.4 -6692.47 16971.1 46449.2 16971.1 -6692.47
20.46 31381.9 -5901.17 30185.9 50741.5 30185.9 -5901.17
20.48 25717.1 -5197.75 42354.1 54560 42354.1 -5197.75
20.5 19257.7 -4468.15 52465.9 58246.4 52465.9 -4468.15
20.52 12259.4 -3309.92 60066.9 61778.1 60066.9 -3309.92
20.54 4806.95 -1654.77 65601.7 64716.6 65601.7 -1654.77
20.56 -3073.61 -29.4146 69553.8 66250.2 69553.8 -29.4146
20.58 -11194 814.346 71572 65513.7 71572 814.346
20.6 -19124.7 694.157 70728.8 62097.8 70728.8 694.157
20.62 -26338.7 335.102 66596.9 56279.5 66596.9 335.102
20.64 -32458.6 745.698 59942.8 48753.1 59942.8 745.698
20.66 -37395.6 2315.33 52236.8 40204.2 52236.8 2315.33
20.68 -41220.6 4556.01 44240.2 31118 44240.2 4556.01
20.7 -43919 6568.86 35216.9 21859.7 35216.9 6568.86
20.72 -45354.4 7651.79 23914.3 12807 23914.3 7651.79
20.74 -45430.4 7629.47 10171.3 4342.84 10171.3 7629.47
20.76 -44159.4 6883.57 -4776.07 -3291.71 -4776.07 6883.57
20.78 -41558.3 6090.5 -19421.1 -10126 -19421.1 6090.5
20.8 -37601.7 5716.25 -32998.8 -16417.5 -32998.8 5716.25
20.82 -32333 5689.04 -45374.4 -22467.3 -45374.4 5689.04
20.84 -25949.9 5654.07 -56351.2 -28467.5 -56351.2 5654.07
20.86 -18746.2 5454.48 -65402 -34458.4 -65402 5454.48
20.88 -11027.3 5122.63 -71991.8 -40293.7 -71991.8 5122.63
20.9 -3084.51 4509.47 -75934.8 -45530.3 -75934.8 4509.47
20.92 4835.36 3302.77 -77431.7 -49386.8 -77431.7 3302.77
20.94 12602.1 1446.86 -76945.6 -51009.8 -76945.6 1446.86
20.96 20213.9 -650.551 -75099 -49926 -75099 -650.551
20.98 27682.7 -2333.16 -72528.6 -46249.9 -72528.6 -2333.16
21 34872.7 -3090.14 -69643 -40506.3 -69643 -3090.14
21.02 41398.3 -2863.71 -66303.3 -33332 -66303.3 -2863.71
21.04 46638.5 -2071.24 -61530.1 -25299.7 -61530.1 -2071.24
21.06 49904.7 -1284.09 -53809.2 -16860.8 -53809.2 -1284.09
21.08 50751.5 -829.428 -42356.2 -8341.02 -42356.2 -829.428
21.1 49195.3 -711.371 -28175 47.2866 -28175 -711.371
21.12 45599.9 -875.128 -13481.8 8202.38 -13481.8 -875.128
21.14 40360.5 -1392.1 -28.8208 16129 -28.8208 -1392.1
21.16 33754.4 -2273.67 11808 23884.8 11808 -2273.67
21.18 26066.2 -3157.23 22380.9 31481.8 22380.9 -3157.23
21.2 17715.6 -3294.93 31648.2 38829.9 31648.2 -3294.93
21.22 9147.28 -2008.19 38951.8 45720.1 38951.8 -2008.19
21.24 586.872 662.362 43719.8 51758.8 43719.8 662.362
21.26 -8055.55 3760.33 46102.9 56338.4 46102.9 3760.33
21.28 -16999.8 6040.41 46900 58821.1 46900 6040.41
21.3 -26272.2 6879.46 46969.6 58823.2 46969.6 6879.46
21.32 -35527.6 6626.93 46693.9 56331.4 46693.9 6626.93
21.34 -44147.3 6199.64 45856.6 51606 45856.6 6199.64
21.36 -51491.3 6354.9 43906.3 45034.2 43906.3 6354.9
21.38 -57104.2 7186.35 40310.6 37056.1 40310.6 7186.35
21.4 -60771.2 8172.98 34717.6 28135.3 34717.6 8172.98
21.42 -62440.2 8727.21 27050.8 18728.3 27050.8 8727.21
21.44 -62130.6 8760.8 17772.7 9266.17 17772.7 8760.8
21.46 -59914.3 8711.65 7929.83 140.954 7929.83 8711.65
21.48 -55927.5 8990.52 -1458.92 -8355.34 -1458.92 8990.52
21.5 -50360.3 9403.7 -10118.7 -16120.9 -10118.7 9403.7
21.52 -43433.5 9097.73 -18423.8 -23236.8 -18423.8 9097.73
21.54 -35363.1 7159.16 -26597.6 -29781.7 -26597.6 7159.16
21.56 -26263.1 3597.11 -34218.9 -35554.5 -34218.9 3597.11
21.58 -16066.6 -150.222 -40591.5 -39963.8 -40591.5 -150.222
21.6 -4672.14 -2086.86 -45437.9 -42297.6 -45437.9 -2086.86
21.62 7691.13 -1387.65 -49027.1 -42161 -49027.1 -1387.65
21.64 20232.1 735.686 -51603.2 -39636.7 -51603.2 735.686
21.66 31826.6 1943.98 -52870.8 -35072.3 -52870.8 1943.98
21.68 41565.9 643.648 -52196 -28798.1 -52196 643.648
21.7 49166.6 -2790.03 -49300.2 -21067.8 -49300.2 -2790.03
21.72 54918.1 -6423.99 -44660.1 -12199.9 -44660.1 -6423.99
21.74 59245.9 -8403.87 -39212.7 -2684.47 -39212.7 -8403.87
21.76 62268.5 -8396.57 -33726.6 6895 -33726.6 -8396.57
21.78 63708 -7629.36 -28447.7 16035.3 -28447.7 -7629.36
21.8 63178.6 -7582.65 -23174.9 24414.9 -23174.9 -7582.65
21.82 60540 -8609.46 -17458.3 31882.4 -17458.3 -8609.46
21.84 56007.9 -9730.29 -10832.9 38408.3 -10832.9 -9730.29
21.86 50008.2 -9597.8 -3276.2 44030.9 -3276.2 -9597.8
21.88 42963.8 -7623.27 4350.51 48736.8 4350.51 -7623.27
21.9 35143.3 -4492.66 10465 52240.5 10465 -4492.66
21.92 26625.4 -1792.99 13656.4 53895.1 13656.4 -1792.99
21.94 17413 -801.36 13672.7 53030.4 13672.7 -801.36
21.96 7650.03 -1355.2 11606.1 49467.5 11606.1 -1355.2
21.98 -2267.33 -1957.06 9029.88 43634.7 9029.88 -1957.06
22 -11835.8 -1042.71 6887.42 36200.6 6887.42 -1042.71
22.02 -20713 1731.13 5161.76 27669.4 5161.76 1731.13
22.04 -28839.9 5184.31 3428.03 18309.8 3428.03 5184.31
22.06 -36293.2 7482.14 1461.53 8368.23 1461.53 7482.14
22.08 -42971.9 7551.19 -755.963 -1745.74 -755.963 7551.19
22.1 -48392.7 5969.53 -3388.45 -11496 -3388.45 5969.53
22.12 -51832.1 4552.66 -6822.79 -20385.7 -6822.79 4552.66
22.14 -52762.2 4908.86 -11330.3 -28062.6 -11330.3 4908.86
22.16 -51227.5 7160.58 -16688.4 -34316.6 -16688.4 7160.58
22.18 -47851.2 9857.77 -22061.5 -39042.2 -22061.5 9857.77
22.2 -43476.7 11021.1 -26185.8 -42191.4 -26185.8 11021.1
22.22 -38691.8 9420.06 -27880.1 -43690.6 -27880.1 9420.06
22.24 -33502.3 5419.13 -26743.6 -43300.7 -26743.6 5419.13
22.26 -27354.9 990.246 -23549.7 -40555.7 -23549.7 990.246
22.28 -19572.8 -1589.52 -19910.2 -35059.4 -19910.2 -1589.52
22.3 -9970.28 -1614.58 -17302.6 -26986.6 -17302.6 -1614.58
22.32 855.88 -408.764 -16098.6 -17176.9 -16098.6 -408.764
22.34 11850.3 225.143 -15392.7 -6642.65 -15392.7 225.143
22.36 22089.6 -262.105 -13834.9 3974.87 -13834.9 -262.105
22.38 31054.4 -1152.53 -10702.3 14472.9 -10702.3 -1152.53
22.4 38469.2 -1857.3 -6243.5 24747.6 -6243.5 -1857.3
22.42 44094.2 -2852.36 -1207.73 34505.4 -1207.73 -2852.36
22.44 47774.7 -5063.53 3703.82 43286.8 3703.82 -5063.53
22.46 49637.5 -8534.21 7952.76 50664.7 7952.76 -8534.21
22.48 50114.3 -11991.1 11084 56377 11084 -11991.1
22.5 49669.9 -13817.3 12847.3 60333.5 12847.3 -13817.3
22.52 48467.4 -13344.2 13443.6 62559.8 13443.6 -13344.2
22.54 46299 -11060.9 13517.1 63112.2 13517.1 -11060.9
22.56 42820.2 -7745.43 13730.2 61976.7 13730.2 -7745.43
22.58 37801.5 -4049.17 14139.2 58957.4 14139.2 -4049.17
22.6 31197.6 -1050.22 13905.4 53682.4 13905.4 -1050.22
22.62 23155.9 -169.497 11805.6 45917.1 11805.6 -169.497
22.64 14108.6 -1866.12 7231.85 35953.4 7231.85 -1866.12
22.66 4801.97 -4841.2 751.643 24604 751.643 -4841.2
22.68 -3922.92 -6880.57 -6302.27 12807.1 -6302.27 -6880.57
22.7 -11436.2 -6394.75 -12859.8 1266.18 -12859.8 -6394.75
22.72 -17458.8 -3288.03 -18872.5 -9609.16 -18872.5 -3288.03
22.74 -22052.2 1192.42 -25072 -19560.9 -25072 1192.42
22.76 -25559.7 5265.59 -31869.9 -28370.8 -31869.9 5265.59
22.78 -28443.4 7596.82 -38519.2 -35855.5 -38519.2 7596.82
22.8 -30994.8 7894.22 -43545.5 -41887.3 -43545.5 7894.22
22.82 -33110.4 6742.02 -46061.1 -46390.6 -46061.1 6742.02
22.84 -34330.9 4959.62 -46533.4 -49328.2 -46533.4 4959.62
22.86 -34102.4 3165.71 -46222.3 -50674.4 -46222.3 3165.71
22.88 -32059.2 1756.49 -45992.4 -50336.6 -45992.4 1756.49
22.9 -28176 1004.99 -45676.4 -48071.4 -45676.4 1004.99
22.92 -22754.8 1143.67 -44305 -43514.7 -44305 1143.67
22.94 -16331 2288.77 -40751 -36416.3 -40751 2288.77
22.96 -9571.47 4010.9 -34371.3 -26988.2 -34371.3 4010.9
22.98 -3131.45 5162.69 -25409.5 -15994.5 -25409.5 5162.69
23 2567.68 4632.51 -14969.2 -4392.69 -14969.2 4632.51
23.02 7502.84 2315.47 -4568.1 7106.22 -4568.1 2315.47
23.04 11948.4 -845.457 4518.73 18141.3 4518.73 -845.457
23.06 16158.6 -3658.66 11823.4 28510 11823.4 -3658.66
23.08 20135.1 -5323.42 17791 38000.1 17791 -5323.42
23.1 23643.8 -5508.34 23251.3 46399.3 23251.3 -5508.34
23.12 26339.9 -4332.45 28660 53566.7 28660 -4332.45
23.14 27836 -2493.97 33834.1 59421.1 33834.1 -2493.97
23.16 27756.5 -1112.78 38365.6 63867.8 38365.6 -1112.78
23.18 25875.5 -1047.14 42099.3 66765.7 42099.3 -1047.14
23.2 22281.9 -2239.49 45108.9 67947.3 45108.9 -2239.49
23.22 17409.8 -3737.12 47337.3 67250.4 47337.3 -3737.12
23.24 11872.3 -4439.12 48352.2 64527.5 48352.2 -4439.12
23.26 6234.14 -3999.55 47326.9 59644.6 47326.9 -3999.55
23.28 892.595 -2966.59 43249.7 52579.7 43249.7 -2966.59
23.3 -3910.76 -1957.55 35466.9 43616.1 35466.9 -1957.55
23.32 -8067.83 -929.247 24356.7 33374.6 24356.7 -929.247
23.34 -11659.6 554.937 11531.5 22572.7 11531.5 554.937
23.36 -14968.4 2521.98 -825.787 11741.4 -825.787 2521.98
23.38 -18287.7 4300.66 -11139.5 1158.59 -11139.5 4300.66
23.4 -21622.8 5053.22 -19282.7 -9004.04 -19282.7 5053.22
23.42 -24562.2 4499.04 -26457.6 -18537.3 -26457.6 4499.04
23.44 -26447.2 3140.38 -34215.7 -27205.9 -34215.7 3140.38
23.46 -26703.9 1894.5 -43358.8 -34846 -43358.8 1894.5
23.48 -25114.9 1491.59 -53456.3 -41393.4 -53456.3 1491.59
23.5 -21893.3 2067.39 -63127.9 -46808.7 -63127.9 2067.39
23.52 -17546.4 3211.61 -70742.5 -50984.9 -70742.5 3211.61
23.54 -12627.8 4339.01 -75147.7 -53710.4 -75147.7 4339.01
23.56 -7536.63 4931.69 -76132.8 -54706.6 -76132.8 4931.69
23.58 -2454.24 4582.16 -74354.8 -53694.6 -74354.8 4582.16
23.6 2608.38 3179.31 -70761.5 -50453.4 -70761.5 3179.31
23.62 7730.52 1088.59 -66060.3 -44955.5 -66060.3 1088.59
23.64 12986.6 -1053.75 -60642.8 -37533.6 -60642.8 -1053.75
23.66 18339.2 -2700.25 -54654.1 -28826.7 -54654.1 -2700.25
23.68 23576.3 -3513.97 -47916.1 -19471.7 -47916.1 -3513.97
23.7 28331.1 -3370.7 -40009.5 -9850.96 -40009.5 -3370.7
23.72 32149.8 -2472.61 -30612.8 -121.841 -30612.8 -2472.61
23.74 34571.4 -1377.14 -19688.2 9601.18 -19688.2 -1377.14
23.76 35236.2 -708.06 -7389.66 19151.7 -7389.66 -708.06
23.78 34011.7 -797.052 5952.44 28336.4 5952.44 -797.052
23.8 31072.6 -1606.88 19586.9 36953.4 19586.9 -1606.88
23.82 26875.1 -2855.57 32163.7 44760 32163.7 -2855.57
23.84 22018.4 -4105.95 42016.1 51468.6 42016.1 -4105.95
23.86 17026.3 -4869.71 47898.6 56801.7 47898.6 -4869.71
23.88 12138.1 -4787.18 49742.3 60551.2 49742.3 -4787.18
23.9 7240.47 -3734.92 48837.8 62595.6 48837.8 -3734.92
23.92 1998.94 -1866.73 47167.6 62855.5 47167.6 -1866.73
23.94 -3889.79 356.579 46297.2 61260.2 46297.2 356.579
23.96 -10473 2316.27 46595.8 57828 46595.8 2316.27
23.98 -17428.5 3528.07 47134.2 52752.4 47134.2 3528.07
24 -24103.8 3784.66 46050.6 46313.5 46050.6 3784.66
24.02 -29711.6 3127.14 41221.2 38682 41221.2 3127.14
24.04 -33592.1 1914.2 31359 29883.5 31359 1914.2
24.06 -35436.1 960.913 17143.4 20022.4 17143.4 960.913
24.08 -35370.9 1276.84 1166.59 9498.09 1166.59 1276.84
24.1 -33858.7 3283.82 -13681.3 -1067.51 -13681.3 3283.82
24.12 -31470.9 6224.85 -25959.3 -11102.2 -25959.3 6224.85
24.14 -28674.9 8512.48 -35940.5 -20253 -35940.5 8512.48
24.16 -25716.2 8840.64 -44455.2 -28364.2 -44455.2 8840.64
24.18 -22579.4 7144.46 -51769.7 -35409.3 -51769.7 7144.46
24.2 -19020.9 4636.94 -57570 -41451.3 -57570 4636.94
24.22 -14720.2 2840.35 -61691 -46565.7 -61691 2840.35
24.24 -9518.26 2350.91 -64517.2 -50691.2 -64517.2 2350.91
24.26 -3567.32 2486.28 -66615.5 -53486.1 -66615.5 2486.28
24.28 2745.94 2177.93 -68122.8 -54347 -68122.8 2177.93
24.3 9011.07 1129.14 -68557.1 -52679.8 -68557.1 1129.14
24.32 14899 49.5291 -67093 -48241.3 -67093 49.5291
24.34 20078.2 -184.534 -62872 -41257.5 -62872 -184.534
24.36 24119.7 458.421 -55172.7 -32263.9 -55172.7 458.421
24.38 26597.5 1014.56 -43769.3 -21894.4 -43769.3 1014.56
24.4 27375.4 399.389 -29524.8 -10791.7 -29524.8 399.389
24.42 26802.4 -1545.99 -14445.8 444.134 -14445.8 -1545.99
24.44 25550.8 -3840.98 -717.469 11380.5 -717.469 -3840.98
24.46 24188 -5143.26 10491.7 21841.5 10491.7 -5143.26
24.48 22848.2 -4773.36 19319.2 31807.8 19319.2 -4773.36
24.5 21237.6 -3170.69 26528.9 41207.4 26528.9 -3170.69
24.52 18885 -1542.84 32793.1 49821.6 32793.1 -1542.84
24.54 15438.6 -986.395 38554.2 57367.9 38554.2 -986.395
24.56 10885.8 -1651.68 44127.2 63607.6 44127.2 -1651.68
24.58 5616.31 -2621.69 49487.8 68329.9 49487.8 -2621.69
24.6 269.545 -2747.62 53873.3 71236.9 53873.3 -2747.62
24.62 -4554 -1737.34 55808.7 71876.6 55808.7 -1737.34
24.64 -8501.23 -347.2 53806.5 69764.2 53806.5 -347.2
24.66 -11463.8 534.745 47256.2 64643.5 47256.2 534.745
24.68 -13462.4 815.124 36786.9 56658.1 36786.9 815.124
24.7 -14587.3 1117.05 23895.1 46308.2 23895.1 1117.05
24.72 -15022.3 1930.13 10230.9 34300.4 10230.9 1930.13
24.74 -15028.4 2996.98 -2993.54 21406.7 -2993.54 2996.98
24.76 -14810.5 3573.01 -15243.8 8338.65 -15243.8 3573.01
24.78 -14362.5 3235.19 -26555.6 -4362.95 -26555.6 3235.19
24.8 -13445.3 2347.12 -37270 -16379.9 -37270 2347.12
24.82 -11748.6 1700.75 -47751.3 -27585.9 -47751.3 1700.75
24.84 -9124.74 1787.01 -58092.7 -37954.5 -58092.7 1787.01
24.86 -5714.71 2481.04 -67894 -47440.2 -67894 2481.04
24.88 -1886.49 3323.04 -76335.7 -55871.4 -76335.7 3323.04
24.9 1934.31 3911.1 -82563.6 -62902.8 -82563.6 3911.1
24.92 5395.76 3997.37 -86009.4 -68052.5 -86009.4 3997.37
24.94 8264.58 3414.51 -86375.3 -70794.7 -86375.3 3414.51
24.96 10451.9 2161.3 -83525.8 -70647.5 -83525.8 2161.3
24.98 12046.5 591.026 -77646.2 -67263.8 -77646.2 591.026
25 13280.4 -682.736 -69460.4 -60579.8 -69460.4 -682.736
25.02 14365.8 -1196.68 -59959.5 -50935.2 -59959.5 -1196.68
25.04 15299.1 -937.408 -49767.4 -39025.1 -49767.4 -937.408
25.06 15825.6 -267.207 -38853.3 -25706.4 -38853.3 -267.207
25.08 15585.6 371.657 -26765.1 -11775.2 -26765.1 371.657
25.1 14294.8 704.115 -13058.9 2197.62 -13058.9 704.115
25.12 11860.8 688.216 2269.64 15905.3 2269.64 688.216
25.14 8422.19 427.443 18505.1 29198.7 18505.1 427.443
25.16 4300.28 38.7563 34344.1 41917.4 34344.1 38.7563
25.18 -126.481 -411.623 48443.7 53795.5 48443.7 -411.623
25.2 -4537.41 -854.997 59954.3 64479.3 59954.3 -854.997
25.22 -8700.46 -1119.92 68618.7 73588.4 68618.7 -1119.92
25.24 -12453.9 -935.351 74503.5 80763.3 74503.5 -935.351
25.26 -15714.7 -105.619 77742.8 85703.4 77742.8 -105.619
25.28 -18514.6 1257.17 78520.2 88190.5 78520.2 1257.17
25.3 -20994.1 2647 77184.5 88074.3 77184.5 2647
25.32 -23308.2 3375.64 74286.5 85247.1 74286.5 3375.64
25.34 -25442.3 3065.67 70375.4 79677.7 70375.4 3065.67
25.36 -27066.5 2035.12 65394.1 71474.6 65394.1 2035.12
25.38 -27563.4 1057.03 57993.1 60875.9 57993.1 1057.03
25.4 -26320.2 651.825 46113.4 48245.5 46113.4 651.825
25.42 -23146.7 707.763 29003.8 34182.4 29003.8 707.763
25.44 -18419.5 796.527 8368.51 19549.7 8368.51 796.527
25.46 -12785.9 706.564 -12856.5 5236.29 -12856.5 706.564
25.48 -6758.42 594.938 -32547.5 -8154.97 -32547.5 594.938
25.5 -621.462 709.564 -49967.3 -20374.1 -49967.3 709.564
25.52 5390.68 1065.25 -64872 -31375.5 -64872 1065.25
25.54 10993.9 1386.33 -76835.4 -41208.3 -76835.4 1386.33
25.56 15960.2 1310.59 -85558.8 -49987.7 -85558.8 1310.59
25.58 20242.2 645.042 -91362.4 -57788.2 -91362.4 645.042
25.6 23955.6 -506.719 -95048.8 -64460 -95048.8 -506.719
25.62 27256.4 -1781.77 -97345 -69554.8 -97345 -1781.77
25.64 30215.3 -2711.36 -98494.7 -72448.1 -98494.7 -2711.36
25.66 32743 -2954.7 -98224.9 -72551.6 -98224.9 -2954.7
25.68 34579 -2540.97 -96051.4 -69491.3 -96051.4 -2540.97
25.7 35348.5 -1909.2 -91559.8 -63202.2 -91559.8 -1909.2
25.72 34667.2 -1588.58 -84104.1 -53932 -84104.1 -1588.58
25.74 32256.7 -1751.37 -72482.3 -42207.4 -72482.3 -1751.37
25.76 28110.4 -2097.25 -55933.4 -28832.3 -55933.4 -2097.25
25.78 22627.1 -2179.87 -35644.2 -14829.2 -35644.2 -2179.87
25.8 16469.6 -1810.73 -14479.6 -1181.87 -14479.6 -1810.73
25.82 10186 -1173.87 5037.06 11510.6 5037.06 -1173.87
25.84 3974.25 -642.635 22130.2 23165.6 22130.2 -642.635
25.86 -2175.15 -518.888 37235.4 34032.1 37235.4 -518.888
25.88 -8200.82 -842.339 50696.7 44421.5 50696.7 -842.339
25.9 -13876.3 -1313.54 62294.6 54554.8 62294.6 -1313.54
25.92 -18912.6 -1406.66 71623.4 64460 71623.4 -1406.66
25.94 -23093.3 -686.573 78436.9 73829.2 78436.9 -686.573
25.96 -26356.8 873.923 82668.2 81956.9 82668.2 873.923
25.98 -28807.7 2835.96 84389.2 87887.4 84389.2 2835.96
26 -30646.6 4529.42 83786.5 90714.3 83786.5 4529.42
26.02 -32050 5392.77 81137.8 89865.1 81137.8 5392.77
26.04 -33064 5239.18 76888.4 85255.9 76888.4 5239.18
26.06 -33536.6 4350.01 71499.2 77287.5 71499.2 4350.01
26.08 -33091.5 3284.69 64528.4 66690.7 64528.4 3284.69
26.1 -31205.4 2459.35 54050.6 54318.5 54050.6 2459.35
26.12 -27518.9 1875.81 38203.9 41026.9 38203.9 1875.81
26.14 -22185.6 1330.07 17577.4 27615.5 17577.4 1330.07
26.16 -15831.4 863.526 -4680.17 14683.4 -4680.17 863.526
26.18 -9131.36 860.342 -25255.6 2451.67 -25255.6 860.342
26.2 -2498.6 1620.48 -42755.9 -9213.16 -42755.9 1620.48
26.22 3827.51 2896.49 -57547.2 -20541.2 -57547.2 2896.49
26.24 9564.29 3917.07 -70224.4 -31631.1 -70224.4 3917.07
26.26 14375.7 3909.33 -80578.5 -42409.1 -80578.5 3909.33
26.28 18051.1 2702.83 -87802 -52620.4 -87802 2702.83
26.3 20656.7 923.875 -91408.1 -61750.9 -91408.1 923.875
26.32 22509.8 -442.202 -91943.1 -69032.5 -91943.1 -442.202
26.34 23963.4 -817.843 -90821.5 -73643.6 -90821.5 -817.843
26.36 25142.8 -457.513 -89332.8 -74968.7 -89332.8 -457.513
26.38 25851.3 -129.296 -87722.3 -72730.5 -87722.3 -129.296
26.4 25712 -372.865 -85105.2 -66981.1 -85105.2 -372.865
26.42 24393.1 -1031.44 -79858.8 -58037.5 -79858.8 -1031.44
26.44 21713.1 -1457.06 -70102.9 -46437.9 -70102.9 -1457.06
26.46 17680.3 -1174.56 -54816.5 -32967.2 -54816.5 -1174.56
26.48 12572.4 -357.111 -35112.3 -18645.4 -35112.3 -357.111
26.5 6923.5 374.969 -13966.4 -4500.52 -13966.4 374.969
26.52 1317.5 610.714 5676.5 8800.04 5676.5 610.714
26.54 -3849.86 518.266 22466.1 21130.7 22466.1 518.266
26.56 -8426.68 535.968 36487 32731.6 36487 535.968
26.58 -12413.9 813.899 48121.3 43889.7 48121.3 813.899
26.6 -15872.4 1072.69 57419.7 54744.4 57419.7 1072.69
26.62 -18861.6 969.895 64336.4 65211.3 64336.4 969.895
26.64 -21384.7 511.359 69099.3 74906.9 69099.3 511.359
26.66 -23363.2 114.251 72162.6 83118.8 72162.6 114.251
26.68 -24671.4 317.834 73864.7 88924.5 73864.7 317.834
26.7 -25209.2 1374.26 74175.4 91429.3 74175.4 1374.26
26.72 -24962.9 2981.24 72750.4 90001.3 72750.4 2981.24
26.74 -23987.2 4365.91 69126.5 84434.8 69126.5 4365.91
26.76 -22306.6 4740.57 62650 75025.5 62650 4740.57
26.78 -19811.7 3839.4 52337.1 62551.4 52337.1 3839.4
26.8 -16322.3 2097.35 37574.1 48170 37574.1 2097.35
26.82 -11829 296.397 19265.4 33203.6 19265.4 296.397
26.84 -6613.06 -985.666 -270.532 18788.5 -270.532 -985.666
26.86 -1065.64 -1603.55 -18847.2 5532.38 -18847.2 -1603.55
26.88 4562.45 -1631.61 -35647 -6572.83 -35647 -1631.61
26.9 10166 -1095.96 -50910.2 -17909 -50910.2 -1095.96
26.92 15591.5 -33.0339 -64828 -28884.7 -64828 -33.0339
26.94 20520.4 1231.12 -77016.8 -39718.8 -77016.8 1231.12
26.96 24552.6 2041.14 -86823.3 -50343.1 -86823.3 2041.14
26.98 27385.6 1819.06 -93761.7 -60326.1 -93761.7 1819.06
27 28948.7 548.802 -97656.3 -68867.9 -97656.3 548.802
27.02 29408.1 -1191.06 -98614.5 -74967 -98614.5 -1191.06
27.04 29050.6 -2685.73 -96963.3 -77713 -96963.3 -2685.73
27.06 28138 -3534.77 -93146.9 -76545 -93146.9 -3534.77
27.08 26818.8 -3689.7 -87647.6 -71373.3 -87647.6 -3689.7
27.1 25112.6 -3205.81 -80771.9 -62565.3 -80771.9 -3205.81
27.12 22890.2 -2117.13 -72068.2 -50842.1 -72068.2 -2117.13
27.14 19888.1 -603.779 -60375.3 -37182.4 -60375.3 -603.779
27.16 15899.8 829.67 -45216.1 -22734.5 -45216.1 829.67
27.18 11012.3 1531.08 -27832.4 -8602.24 -27832.4 1531.08
27.2 5604.98 1190.33 -10273.2 4501.5 -10273.2 1190.33
27.22 119.267 173.681 6263.4 16471.6 6263.4 173.681
27.24 -5099.78 -707.408 21693.2 27648.7 21693.2 -707.408
27.26 -9788.89 -852.563 35955.5 38412.6 35955.5 -852.563
27.28 -13751 -329.687 48314.6 48907.1 48314.6 -329.687
27.3 -16903.6 330.261 57842.4 59016.2 57842.4 330.261
27.32 -19275.3 760.102 64192.8 68386.8 64192.8 760.102
27.34 -20932.6 1097.54 67727.4 76395.5 67727.4 1097.54
27.36 -21954 1679.25 69102.2 82200.8 69102.2 1679.25
27.38 -22456.9 2505.18 68864.5 84966.2 68864.5 2505.18
27.4 -22570.1 3148.28 67266.4 84132 67266.4 3148.28
27.42 -22329.6 3202.6 64282.5 79575 64282.5 3202.6
27.44 -21609.2 2704.49 59721.6 71608.8 59721.6 2704.49
27.46 -20167.3 2048.66 53126.2 60873.7 53126.2 2048.66
27.48 -17761.2 1564.77 43637.3 48217.3 43637.3 1564.77
27.5 -14294.5 1258.14 30579.9 34620.1 30579.9 1258.14
27.52 -9937.48 924.491 14422.2 21083.8 14422.2 924.491
27.54 -5082.53 432.611 -3187.33 8401.61 -3187.33 432.611
27.56 -137.776 -119.36 -20431.2 -3068.37 -20431.2 -119.36
27.58 4635.39 -485.854 -36182.5 -13411.1 -36182.5 -485.854
27.6 9089.12 -489.193 -49944.4 -22922 -49944.4 -489.193
27.62 13079.1 -167.098 -61378.2 -31847.6 -61378.2 -167.098
27.64 16451.6 268.698 -70184.6 -40266 -70184.6 268.698
27.66 19110.4 593.028 -76331.8 -48050 -76331.8 593.028
27.68 21045.8 674.38 -80144.7 -54824 -80144.7 674.38
27.7 22295.2 463.492 -82087.9 -59972.2 -82087.9 463.492
27.72 22897 -45.9811 -82486.4 -62773.9 -82486.4 -45.9811
27.74 22878.5 -799.533 -81405.3 -62619.8 -81405.3 -799.533
27.76 22266 -1631.64 -78727.9 -59190.2 -78727.9 -1631.64
27.78 21085.6 -2261.29 -74289.8 -52536 -74289.8 -2261.29
27.8 19341 -2387.75 -67800.4 -43077.4 -67800.4 -2387.75
27.82 16977 -1879.11 -58705.3 -31561 -58705.3 -1879.11
27.84 13917.5 -915.11 -46618.7 -18986 -46618.7 -915.11
27.86 10196.5 110.208 -32062.5 -6432.65 -32062.5 110.208
27.88 6029.43 882.395 -16454 5226.07 -16454 882.395
27.9 1714.72 1338.54 -1251.5 15578.3 -1251.5 1338.54
27.92 -2518.17 1541.58 12730.6 24698.9 12730.6 1541.58
27.94 -6539.9 1483.07 25208.9 32934.3 25208.9 1483.07
27.96 -10242.4 1109.27 35975.7 40636.9 35975.7 1109.27
27.98 -13486.2 510.769 44766.2 48004.3 44766.2 510.769
28 -16127.9 -20.8592 51445.1 55000.4 51445.1 -20.8592
28.02 -18072.3 -170.06 56100.1 61299 56100.1 -170.06
28.04 -19295.9 184.667 58905.2 66299.3 58905.2 184.667
28.06 -19836 912.805 59950.1 69273.1 59950.1 912.805
28.08 -19760.8 1741.83 59199.1 69594.5 59199.1 1741.83
28.1 -19138.8 2412.55 56582.7 66933.7 56582.7 2412.55
28.12 -18019.3 2764.35 52118.4 61339.4 52118.4 2764.35
28.14 -16422 2723.98 45840.8 53215 45840.8 2723.98
28.16 -14323.2 2278.54 37569.2 43239.7 37569.2 2278.54
28.18 -11674.9 1509.25 27055 32276.8 27055 1509.25
28.2 -8485.7 623.628 14545.1 21238.2 14545.1 623.628
28.22 -4880.98 -117.768 970.352 10873.6 970.352 -117.768
28.24 -1060.32 -540.144 -12561.6 1568.46 -12561.6 -540.144
28.26 2791.71 -621.297 -25340.3 -6698.37 -25340.3 -621.297
28.28 6529.59 -445.978 -37071.3 -14195.8 -37071.3 -445.978
28.3 10009.1 -136.813 -47527.6 -21213.2 -47527.6 -136.813
28.32 13073.3 171.86 -56376.3 -27911.3 -56376.3 171.86
28.34 15587.4 348.243 -63313.4 -34257.3 -63313.4 348.243
28.36 17473.6 301.01 -68219.4 -39989.7 -68219.4 301.01
28.38 18714.9 17.8036 -71144.7 -44626.1 -71144.7 17.8036
28.4 19337.9 -424.916 -72215.4 -47564.7 -72215.4 -424.916
28.42 19389.8 -885.636 -71559.5 -48260.9 -71559.5 -885.636
28.44 18908.3 -1215.67 -69257.9 -46390.7 -69257.9 -1215.67
28.46 17893.5 -1326.74 -65308.3 -41935.2 -65308.3 -1326.74
28.48 16303.7 -1209.29 -59568.5 -35175.1 -59568.5 -1209.29
28.5 14080 -894.424 -51726.8 -26632.3 -51726.8 -894.424
28.52 11199.3 -429.138 -41576.4 -17001.6 -41576.4 -429.138
28.54 7739.88 111.878 -29470.8 -7053.04 -29470.8 111.878
28.56 3889.69 630.578 -16349.2 2531.69 -16349.2 630.578
28.58 -127.917 1045.19 -3219.26 11338.1 -3219.26 1045.19
28.6 -4137.18 1318.94 9303.1 19286.7 9303.1 1318.94
28.62 -8016.03 1452.04 20948.3 26539.2 20948.3 1452.04
28.64 -11651.9 1464.68 31529.1 33327.3 31529.1 1464.68
