0.02 0 1.03637e-24 -1.54758e-08 7.31635e-12 -1.31704e-07 2.09368e-24
0.04 0 1.43883e-23 -1.21362e-07 5.53336e-10 -1.03283e-06 3.1161e-23
0.06 0 -1.17487e-22 -4.51771e-07 4.86961e-09 -3.84473e-06 -2.06187e-22
0.08 0 -1.48699e-21 -1.09792e-06 2.37911e-08 -9.34372e-06 -3.2102e-21
0.1 0 1.27513e-21 -2.01845e-06 8.49786e-08 -1.71777e-05 -6.34171e-22
0.12 0 -1.28848e-21 -3.08102e-06 2.38786e-07 -2.62206e-05 -3.23716e-21
0.14 0 -2.31211e-20 -4.18479e-06 5.43893e-07 -3.5614e-05 -4.99464e-20
0.16 0 1.90548e-20 -5.32289e-06 1.03711e-06 -4.52996e-05 -1.14518e-20
0.18 0 -2.72047e-20 -6.52461e-06 1.71289e-06 -5.55267e-05 -6.64108e-20
0.2 0 -6.40938e-20 -7.76461e-06 2.53178e-06 -6.60796e-05 -1.95893e-19
0.22 0 -2.19287e-20 -8.95822e-06 3.45572e-06 -7.62376e-05 -2.40194e-19
0.24 0 9.61858e-20 -1.00516e-05 4.47351e-06 -8.55424e-05 -4.58788e-20
0.26 0 -1.97078e-19 -1.10991e-05 5.57878e-06 -9.44572e-05 -4.44016e-19
0.28 0 -6.22333e-22 -1.22256e-05 6.72636e-06 -0.000104044 -4.45273e-19
0.3 0 -1.56463e-19 -1.34918e-05 7.83561e-06 -0.00011482 -7.61361e-19
0.32 0 3.12026e-19 -1.47905e-05 8.84856e-06 -0.000125872 -1.31004e-19
0.34 0 -4.86451e-20 -1.58782e-05 9.76906e-06 -0.000135129 -2.29277e-19
0.36 0 4.6352e-20 -1.652e-05 1.0638e-05 -0.000140591 -1.35637e-19
0.38 0 -3.12689e-19 -1.66202e-05 1.14875e-05 -0.000141444 -7.67332e-19
0.4 0 1.78932e-19 -1.624e-05 1.23246e-05 -0.000138208 -4.05853e-19
0.42 0 5.30462e-19 -1.55208e-05 1.31321e-05 -0.000132087 6.65787e-19
0.44 0 -1.99e-19 -1.45817e-05 1.38551e-05 -0.000124096 2.63768e-19
0.46 0 -3.00715e-19 -1.34126e-05 1.44035e-05 -0.000114146 -3.43738e-19
0.48 0 7.58558e-20 -1.18332e-05 1.47094e-05 -0.000100704 -1.90494e-19
0.5 0 2.73192e-19 -9.65651e-06 1.48007e-05 -8.21803e-05 3.6141e-19
0.52 0 -3.64029e-19 -7.00045e-06 1.47944e-05 -5.95763e-05 -3.74003e-19
0.54 0 2.24568e-19 -4.41398e-06 1.47768e-05 -3.75645e-05 7.96703e-20
0.56 0 -3.22913e-19 -2.59725e-06 1.46638e-05 -2.21035e-05 -5.72679e-19
0.58 0 2.56793e-19 -1.92059e-06 1.42035e-05 -1.63449e-05 -5.39046e-20
0.6 0 4.45993e-21 -2.19884e-06 1.31781e-05 -1.87129e-05 -4.48946e-20
0.62 0 2.01967e-19 -2.97909e-06 1.16139e-05 -2.53531e-05 3.6312e-19
0.64 0 -1.1767e-19 -4.11553e-06 9.74088e-06 -3.50246e-05 1.25402e-19
0.66 0 1.02248e-19 -6.08169e-06 7.7269e-06 -5.17573e-05 3.31963e-19
0.68 0 -3.80942e-20 -9.65843e-06 5.5102e-06 -8.21966e-05 2.55006e-19
0.7 0 -1.10569e-19 -1.52209e-05 2.92357e-06 -0.000129535 3.16336e-20
0.72 0 2.03106e-20 -2.22804e-05 -6.52279e-08 -0.000189614 7.26651e-20
0.74 0 2.59267e-19 -2.9751e-05 -3.27782e-06 -0.000253191 5.96437e-19
0.76 0 -7.24758e-20 -3.67478e-05 -6.452e-06 -0.000312737 4.50021e-19
0.78 0 5.46169e-20 -4.32227e-05 -9.39188e-06 -0.00036784 5.60358e-19
0.8 0 -2.01694e-19 -4.98703e-05 -1.20264e-05 -0.000424413 1.52895e-19
0.82 0 -1.84906e-20 -5.7325e-05 -1.43874e-05 -0.000487856 1.15541e-19
0.84 0 7.14278e-20 -6.52814e-05 -1.65234e-05 -0.000555568 2.59839e-19
0.86 0 -1.50322e-19 -7.23852e-05 -1.83735e-05 -0.000616023 -4.38422e-20
0.88 0 1.747e-21 -7.71781e-05 -1.97143e-05 -0.000656813 -4.03129e-20
0.9 0 3.87255e-19 -7.93283e-05 -2.02859e-05 -0.000675111 7.42019e-19
0.92 0 -4.76574e-19 -7.99396e-05 -2.00175e-05 -0.000680314 -2.20757e-19
0.94 0 1.89844e-20 -8.05498e-05 -1.91211e-05 -0.000685507 -1.82405e-19
0.96 0 -2.48031e-19 -8.16968e-05 -1.7924e-05 -0.000695268 -6.83477e-19
0.98 0 1.08843e-19 -8.23262e-05 -1.66039e-05 -0.000700624 -4.63592e-19
1 0 3.31545e-19 -7.98812e-05 -1.51526e-05 -0.000679817 2.06196e-19
1.02 0 -4.94953e-19 -7.06428e-05 -1.36436e-05 -0.000601195 -7.93708e-19
1.04 0 1.25849e-19 -5.2944e-05 -1.23432e-05 -0.000450572 -5.39468e-19
1.06 0 1.38791e-19 -3.12068e-05 -1.1428e-05 -0.000265581 -2.59083e-19
1.08 0 6.47825e-20 -1.3009e-05 -1.0789e-05 -0.000110711 -1.28209e-19
1.1 0 -2.83685e-19 -1.56113e-06 -1.01646e-05 -1.32857e-05 -7.01311e-19
1.12 0 7.50818e-20 7.13125e-06 -9.37428e-06 6.06894e-05 -5.4963e-19
1.14 0 -1.32276e-19 2.0105e-05 -8.45149e-06 0.000171101 -8.16854e-19
1.16 0 1.46098e-19 3.96431e-05 -7.50122e-06 0.000337376 -5.21708e-19
1.18 0 -4.54237e-21 5.92933e-05 -6.45392e-06 0.000504606 -5.30884e-19
1.2 0 8.24013e-20 7.00504e-05 -5.1466e-06 0.000596153 -3.64417e-19
1.22 0 8.8716e-20 7.02484e-05 -3.57894e-06 0.000597839 -1.85193e-19
1.24 0 2.63875e-19 6.68292e-05 -1.89384e-06 0.00056874 3.47889e-19
1.26 0 -2.0888e-20 6.67309e-05 -1.82641e-07 0.000567903 3.05691e-19
1.28 0 -1.17142e-19 6.89552e-05 1.5053e-06 0.000586832 6.90402e-20
1.3 0 -8.70709e-20 6.60994e-05 2.97617e-06 0.000562529 -1.06861e-19
1.32 0 1.90852e-20 5.25174e-05 3.90423e-06 0.000446941 -6.83046e-20
1.34 0 2.07182e-19 2.99235e-05 4.12082e-06 0.00025466 3.50244e-19
1.36 0 -3.15535e-20 6.40731e-06 3.71168e-06 5.45285e-05 2.865e-19
1.38 0 -1.20414e-19 -8.66202e-06 2.61495e-06 -7.37168e-05 4.3239e-20
1.4 0 1.97902e-19 -1.24476e-05 4.26368e-07 -0.000105933 4.4304e-19
1.42 0 -3.60927e-19 -1.33963e-05 -3.03958e-06 -0.000114007 -2.86106e-19
1.44 0 2.10886e-19 -2.33988e-05 -7.2897e-06 -0.000199132 1.39926e-19
1.46 0 1.00899e-19 -4.41319e-05 -1.14853e-05 -0.000375578 3.43763e-19
1.48 0 1.19644e-19 -6.47485e-05 -1.50827e-05 -0.000551033 5.85468e-19
1.5 0 -7.94658e-20 -7.38018e-05 -1.81224e-05 -0.000628079 4.24931e-19
1.52 0 -2.90861e-19 -7.1467e-05 -2.10128e-05 -0.000608209 -1.62667e-19
1.54 0 3.60737e-19 -6.87126e-05 -2.40163e-05 -0.000584768 5.66096e-19
1.56 0 -9.96776e-20 -7.50516e-05 -2.67984e-05 -0.000638716 3.64727e-19
1.58 0 -5.4347e-19 -8.81273e-05 -2.85052e-05 -0.000749994 -7.33192e-19
1.6 0 5.43471e-19 -9.57896e-05 -2.84813e-05 -0.000815203 3.6473e-19
1.62 0 3.04583e-19 -8.84945e-05 -2.69485e-05 -0.000753119 9.80049e-19
1.64 0 -2.91873e-19 -6.90598e-05 -2.48396e-05 -0.000587723 3.90406e-19
1.66 0 -5.1523e-19 -4.94223e-05 -2.29256e-05 -0.000420601 -6.50463e-19
1.68 0 3.04541e-19 -3.83039e-05 -2.11231e-05 -0.00032598 -3.52282e-20
1.7 0 1.96513e-19 -3.33145e-05 -1.8574e-05 -0.000283518 3.61767e-19
1.72 0 -2.80565e-19 -2.5139e-05 -1.43833e-05 -0.000213941 -2.05031e-19
1.74 0 2.56974e-19 -7.97043e-06 -8.51712e-06 -6.78311e-05 3.14108e-19
1.76 0 1.11156e-19 1.50475e-05 -2.10266e-06 0.00012806 5.38665e-19
1.78 0 4.60451e-20 3.5622e-05 3.43199e-06 0.000303156 6.31686e-19
1.8 0 -1.08726e-21 4.81654e-05 7.7378e-06 0.000409905 6.29489e-19
1.82 0 -8.73844e-20 5.42212e-05 1.19175e-05 0.000461441 4.52955e-19
1.84 0 -1.2353e-19 6.0307e-05 1.73245e-05 0.000513233 2.034e-19
1.86 0 7.54415e-20 7.16353e-05 2.40369e-05 0.000609641 3.55807e-19
1.88 0 -1.11314e-18 8.75257e-05 3.06021e-05 0.000744874 -1.89296e-18
1.9 0 -3.65103e-19 0.000102608 3.52475e-05 0.000873229 -2.63055e-18
1.92 0 -3.40429e-19 0.000112073 3.73536e-05 0.000953784 -3.31828e-18
1.94 0 7.90989e-19 0.000115603 3.78302e-05 0.000983818 -1.72032e-18
1.96 0 -2.50265e-19 0.000116764 3.8094e-05 0.000993698 -2.22591e-18
1.98 0 -3.0415e-19 0.000119215 3.8599e-05 0.00101457 -2.84036e-18
2 0 5.87374e-19 0.000123327 3.82919e-05 0.00104956 -1.65374e-18
2.02 0 -2.88207e-19 0.000125897 3.55422e-05 0.00107143 -2.23598e-18
2.04 0 7.50472e-21 0.000122882 2.96565e-05 0.00104577 -2.22082e-18
2.06 0 1.14367e-18 0.000112594 2.15302e-05 0.000958215 8.96276e-20
2.08 0 -1.48256e-19 9.64754e-05 1.28973e-05 0.000821039 -2.0988e-19
2.1 0 -6.26781e-20 7.68508e-05 4.94665e-06 0.000654027 -3.36503e-19
2.12 0 2.11819e-20 5.42116e-05 -2.45357e-06 0.000461359 -2.93711e-19
2.14 0 4.05019e-19 2.71197e-05 -1.02567e-05 0.000230798 5.2451e-19
2.16 0 4.98223e-19 -5.19253e-06 -1.8939e-05 -4.41903e-05 1.53102e-18
2.18 0 5.53261e-19 -4.06013e-05 -2.76913e-05 -0.000345531 2.64872e-18
2.2 0 -8.52215e-19 -7.4744e-05 -3.49453e-05 -0.000636098 9.27074e-19
2.22 0 2.40644e-19 -0.000104023 -3.96565e-05 -0.000885275 1.41322e-18
2.24 0 -6.81733e-19 -0.000128127 -4.20505e-05 -0.00109041 3.59848e-20
2.26 0 3.18377e-19 -0.000149277 -4.32606e-05 -0.0012704 6.79171e-19
2.28 0 -3.38764e-19 -0.000168796 -4.43041e-05 -0.00143651 -5.20025e-21
2.3 0 -1.67285e-19 -0.000185005 -4.52703e-05 -0.00157446 -3.4315e-19
2.32 0 -1.29332e-19 -0.000194743 -4.5372e-05 -0.00165733 -6.04426e-19
2.34 0 -7.55875e-19 -0.00019612 -4.37895e-05 -0.00166905 -2.13145e-18
2.36 0 3.04482e-19 -0.000189463 -4.05271e-05 -0.0016124 -1.51633e-18
2.38 0 9.6723e-20 -0.000176488 -3.6494e-05 -0.00150198 -1.32093e-18
2.4 0 6.30518e-19 -0.000158947 -3.27481e-05 -0.00135269 -4.71574e-20
2.42 0 3.33594e-19 -0.000137437 -2.96136e-05 -0.00116963 6.2677e-19
2.44 0 -1.06407e-18 -0.000111237 -2.6503e-05 -0.000946667 -1.52286e-18
2.46 0 4.05704e-19 -7.95275e-05 -2.25676e-05 -0.000676807 -7.0326e-19
2.48 0 4.07568e-19 -4.29819e-05 -1.74606e-05 -0.000365791 1.2011e-19
2.5 0 7.13533e-20 -4.411e-06 -1.15608e-05 -3.75392e-05 2.64258e-19
2.52 0 -1.16937e-20 3.22986e-05 -5.62976e-06 0.000274872 2.40634e-19
2.54 0 -8.94449e-20 6.46533e-05 -2.14687e-07 0.000550222 5.99378e-20
2.56 0 -6.99502e-20 9.33312e-05 4.72837e-06 0.000794281 -8.13757e-20
2.58 0 8.69213e-21 0.000120669 9.63743e-06 0.00102694 -6.38159e-20
2.6 0 5.55686e-19 0.000146844 1.47389e-05 0.00124969 1.05878e-18
2.62 0 -4.58456e-19 0.000168507 1.96107e-05 0.00143405 1.32607e-19
2.64 0 -1.2387e-19 0.000181889 2.33108e-05 0.00154794 -1.17634e-19
2.66 0 3.16747e-19 0.000186418 2.497e-05 0.00158648 5.22259e-19
2.68 0 1.13846e-19 0.000184366 2.44681e-05 0.00156902 7.52251e-19
2.7 0 -1.71328e-19 0.000177345 2.2606e-05 0.00150927 4.06134e-19
2.72 0 -5.46147e-20 0.000164051 2.04429e-05 0.00139613 2.95801e-19
2.74 0 -1.22486e-19 0.000141652 1.83294e-05 0.00120551 4.83551e-20
2.76 0 2.62795e-19 0.000109259 1.56547e-05 0.000929834 5.79255e-19
2.78 0 -1.47888e-19 6.96076e-05 1.1696e-05 0.000592385 2.8049e-19
2.8 0 -1.05869e-19 2.66031e-05 6.62313e-06 0.000226401 6.66137e-20
2.82 0 4.02922e-21 -1.8741e-05 1.42899e-06 -0.000159493 7.47536e-20
2.84 0 -2.2041e-19 -6.87984e-05 -3.08421e-06 -0.000585498 -3.70519e-19
2.86 0 -4.8347e-19 -0.000125144 -6.9867e-06 -0.00106502 -1.34722e-18
2.88 0 1.18958e-19 -0.000184517 -1.0803e-05 -0.0015703 -1.10691e-18
2.9 0 5.48415e-19 -0.000239495 -1.46033e-05 -0.00203819 1.00357e-21
2.92 0 5.26029e-20 -0.000283139 -1.77131e-05 -0.00240961 1.07272e-19
2.94 0 -3.89868e-20 -0.000313465 -1.93175e-05 -0.0026677 2.85109e-20
2.96 0 -1.27097e-19 -0.000334042 -1.92244e-05 -0.00284282 -2.2825e-19
2.98 0 2.06533e-20 -0.000349773 -1.79654e-05 -0.00297669 -1.86526e-19
3 0 8.68262e-20 -0.000361156 -1.61896e-05 -0.00307356 -1.11197e-20
3.02 0 -2.91842e-19 -0.000362685 -1.39987e-05 -0.00308657 -6.007e-19
3.04 0 2.62091e-19 -0.000347617 -1.08729e-05 -0.00295835 -7.12226e-20
3.06 0 1.96983e-19 -0.000314768 -6.28935e-06 -0.00267878 3.26723e-19
3.08 0 -1.29533e-18 -0.000270471 -4.35811e-07 -0.0023018 -2.2901e-18
3.1 0 1.15014e-18 -0.000223564 5.80302e-06 -0.00190261 3.34145e-20
3.12 0 -1.39509e-19 -0.000177962 1.17411e-05 -0.00151452 -2.48422e-19
3.14 0 -4.72932e-19 -0.000129679 1.76845e-05 -0.00110361 -1.20384e-18
3.16 0 1.18128e-18 -7.13252e-05 2.45155e-05 -0.000607003 1.18259e-18
3.18 0 1.19309e-18 -3.12791e-07 3.24683e-05 -2.66196e-06 3.59288e-18
3.2 0 -8.0027e-19 7.71398e-05 4.06454e-05 0.000656487 1.97618e-18
3.22 0 3.74869e-19 0.000150661 4.7867e-05 0.00128218 2.73349e-18
3.24 0 -1.6201e-18 0.000214321 5.36996e-05 0.00182394 -5.39442e-19
3.26 0 3.27687e-19 0.000269951 5.84366e-05 0.00229738 1.22551e-19
3.28 0 2.59476e-19 0.000322316 6.22982e-05 0.00274302 6.46744e-19
3.3 0 -2.39295e-18 0.000372134 6.49146e-05 0.00316699 -4.1875e-18
3.32 0 -4.55868e-19 0.000414091 6.55893e-05 0.00352406 -5.10845e-18
3.34 0 1.04728e-18 0.000440823 6.39667e-05 0.00375155 -2.99272e-18
3.36 0 1.17976e-18 0.000448121 6.03049e-05 0.00381367 -6.09364e-19
3.38 0 1.20635e-19 0.00043675 5.50063e-05 0.0037169 -3.65657e-19
3.4 0 3.79538e-19 0.000410354 4.80196e-05 0.00349226 4.01086e-19
3.42 0 -3.47809e-19 0.00037215 3.89178e-05 0.00316712 -3.01559e-19
3.44 0 -1.32817e-19 0.000323184 2.75264e-05 0.00275041 -5.69877e-19
3.46 0 3.08052e-19 0.000262958 1.42885e-05 0.00223786 5.24509e-20
3.48 0 3.88289e-19 0.000191288 1.07396e-08 0.00162793 8.36873e-19
3.5 0 1.90929e-19 0.000109658 -1.46169e-05 0.000933225 1.22259e-18
3.52 0 -1.34394e-18 2.13076e-05 -2.92558e-05 0.000181335 -1.49244e-18
3.54 0 1.93231e-18 -6.93672e-05 -4.38005e-05 -0.000590339 2.41122e-18
3.56 0 1.51562e-18 -0.000157495 -5.80559e-05 -0.00134034 5.47307e-18
3.58 0 -1.15868e-18 -0.000238528 -7.14263e-05 -0.00202996 3.13229e-18
3.6 0 -3.20347e-19 -0.000309502 -8.29239e-05 -0.00263397 2.48513e-18
3.62 0 -1.0667e-18 -0.000370103 -9.16945e-05 -0.00314971 3.30173e-19
3.64 0 2.34138e-18 -0.000421899 -9.76928e-05 -0.0035905 5.06024e-18
3.66 0 -1.03655e-18 -0.000465479 -0.000101719 -0.00396139 2.96621e-18
3.68 0 -2.2002e-18 -0.000498282 -0.000104527 -0.00424055 -1.47864e-18
3.7 0 -4.79832e-20 -0.000515914 -0.000105835 -0.00439061 -1.57558e-18
3.72 0 3.39811e-20 -0.000515571 -0.000104392 -0.00438769 -1.50693e-18
3.74 0 1.74121e-18 -0.000497714 -9.90851e-05 -0.00423572 2.01067e-18
3.76 0 -7.80663e-20 -0.000464838 -8.99242e-05 -0.00395593 1.85296e-18
3.78 0 2.49813e-20 -0.000419259 -7.79316e-05 -0.00356804 1.90343e-18
3.8 0 -1.11826e-18 -0.000361821 -6.42067e-05 -0.00307922 -3.55674e-19
3.82 0 -3.73576e-19 -0.000292102 -4.91408e-05 -0.00248589 -1.11037e-18
3.84 0 3.83161e-19 -0.000210164 -3.23917e-05 -0.00178857 -3.36311e-19
3.86 0 1.95655e-19 -0.000118594 -1.35365e-05 -0.00100928 5.89525e-20
3.88 0 -8.85973e-20 -2.25559e-05 7.09873e-06 -0.000191959 -1.20032e-19
3.9 0 -4.71343e-19 7.25814e-05 2.80825e-05 0.000617693 -1.07224e-18
3.92 0 -7.05843e-20 0.000163567 4.73784e-05 0.00139201 -1.21483e-18
3.94 0 -1.21836e-19 0.000249175 6.33725e-05 0.00212057 -1.46097e-18
3.96 0 -9.42423e-19 0.00032805 7.55361e-05 0.00279182 -3.36485e-18
3.98 0 -9.86248e-19 0.000396805 8.41994e-05 0.00337695 -5.35727e-18
4 0 3.89496e-18 0.000450051 8.97154e-05 0.00383009 2.51134e-18
4.02 0 -5.29183e-19 0.000482333 9.17916e-05 0.00410482 1.44228e-18
4.04 0 -2.2381e-18 0.00049051 8.96875e-05 0.00417441 -3.07913e-18
4.06 0 5.19811e-19 0.00047452 8.31515e-05 0.00403833 -2.029e-18
4.08 0 1.06604e-18 0.000435985 7.30704e-05 0.00371038 1.24619e-19
4.1 0 1.38724e-18 0.000376406 6.10182e-05 0.00320335 2.92712e-18
4.12 0 -4.18033e-19 0.000297104 4.82449e-05 0.00252846 2.08261e-18
4.14 0 -5.54434e-19 0.000200612 3.52851e-05 0.00170728 9.62538e-19
4.16 0 -5.16259e-19 9.14248e-05 2.23678e-05 0.000778057 -8.04094e-20
4.18 0 4.80967e-20 -2.47558e-05 9.7856e-06 -0.000210681 1.67558e-20
4.2 0 -3.73214e-21 -0.00014223 -2.24923e-06 -0.00121042 9.21609e-21
4.22 0 -3.64291e-19 -0.000255987 -1.37664e-05 -0.00217854 -7.26726e-19
4.24 0 -1.17356e-19 -0.000362096 -2.48197e-05 -0.00308156 -9.6381e-19
4.26 0 -1.77749e-19 -0.000457715 -3.5276e-05 -0.00389531 -1.3229e-18
4.28 0 -9.77662e-20 -0.000540132 -4.49072e-05 -0.00459672 -1.52041e-18
4.3 0 3.67858e-20 -0.000605794 -5.35487e-05 -0.00515552 -1.44609e-18
4.32 0 2.01255e-18 -0.000650902 -6.11359e-05 -0.00553941 2.61966e-18
4.34 0 -7.49522e-19 -0.000673039 -6.76162e-05 -0.0057278 1.10547e-18
4.36 0 5.839e-19 -0.000671927 -7.26478e-05 -0.00571833 2.28507e-18
4.38 0 5.17373e-19 -0.000648763 -7.52355e-05 -0.0055212 3.33027e-18
4.4 0 -8.77615e-19 -0.000605083 -7.37901e-05 -0.00514947 1.55731e-18
4.42 0 -2.33671e-19 -0.000542369 -6.67353e-05 -0.00461575 1.08524e-18
4.44 0 -3.02098e-19 -0.000462575 -5.32611e-05 -0.00393668 4.74946e-19
4.46 0 4.51446e-20 -0.000368129 -3.3716e-05 -0.0031329 5.66147e-19
4.48 0 -9.26046e-19 -0.000260802 -9.32728e-06 -0.00221952 -1.30465e-18
4.5 0 1.13582e-18 -0.000141371 1.85293e-05 -0.00120311 9.8993e-19
4.52 0 -1.7902e-18 -1.11101e-05 4.88748e-05 -9.45508e-05 -2.62663e-18
4.54 0 1.92623e-19 0.000127004 8.1079e-05 0.00108085 -2.23749e-18
4.56 0 1.40397e-18 0.000269398 0.000114293 0.00229267 5.98813e-19
4.58 0 2.27167e-18 0.00041401 0.000146841 0.00352337 5.18805e-18
4.6 0 1.25935e-18 0.000560417 0.000176268 0.00476935 7.73219e-18
4.62 0 -2.77969e-18 0.000706791 0.000200233 0.00601504 -8.31469e-18
4.64 0 2.37258e-18 0.00084646 0.000217402 0.00720367 5.52531e-18
4.66 0 6.51357e-19 0.000968713 0.00022741 0.00824409 9.23357e-18
4.68 0 -4.87497e-18 0.00106448 0.000230085 0.0090591 -5.2316e-18
4.7 0 1.54013e-19 0.00113125 0.00022489 0.00962734 -4.32991e-18
4.72 0 -3.47017e-19 0.00117159 0.000211009 0.00997066 7.51702e-18
4.74 0 -2.60183e-18 0.0011871 0.000187871 0.0101026 -7.66971e-18
4.76 0 -4.25856e-20 0.00117479 0.00015577 0.00999787 -7.48425e-18
4.78 0 4.29375e-19 0.00113004 0.000116193 0.00961702 -6.61683e-18
4.8 0 1.46627e-18 0.00105261 7.14955e-05 0.00895809 -3.65467e-18
4.82 0 1.22155e-18 0.00094894 2.40937e-05 0.00807581 -1.18689e-18
4.84 0 1.50201e-18 0.000827852 -2.41714e-05 0.00704531 1.84748e-18
4.86 0 -1.48313e-18 0.000694169 -7.22143e-05 0.00590762 -1.14873e-18
4.88 0 3.48583e-18 0.000547235 -0.000119612 0.00465716 5.89334e-18
4.9 0 -4.75394e-18 0.000385849 -0.000166329 0.00328371 -3.71057e-18
4.92 0 1.02435e-17 0.000213936 -0.000212191 0.00182067 2.79738e-18
4.94 0 6.27749e-18 4.06422e-05 -0.000256381 0.000345879 2.75563e-18
4.96 0 3.03563e-18 -0.000124936 -0.000297452 -0.00106325 -1.80409e-18
4.98 0 1.69955e-18 -0.00027856 -0.000333887 -0.00237065 4.94144e-18
5 0 -7.60165e-19 -0.000420731 -0.000364608 -0.00358057 -8.92612e-18
5.02 0 -1.07126e-17 -0.000552777 -0.000388924 -0.00470433 9.6871e-18
5.04 0 1.74908e-17 -0.000673466 -0.000405974 -0.00573143 4.18408e-17
5.06 0 -7.48456e-18 -0.000779257 -0.000414175 -0.00663175 -3.20174e-18
5.08 0 -1.946e-19 -0.000867493 -0.000411178 -0.00738266 -3.54649e-18
5.1 0 1.88179e-18 -0.000938721 -0.000394522 -0.00798885 4.56886e-18
5.12 0 3.07162e-18 -0.000995043 -0.000362591 -0.00846816 -4.10008e-18
5.14 0 6.57696e-18 -0.00103585 -0.000315108 -0.00881546 -4.62461e-18
5.16 0 -3.0656e-18 -0.00105581 -0.000252711 -0.00898529 -2.17033e-17
5.18 0 1.37477e-18 -0.00104752 -0.000176058 -0.00891475 -1.42369e-17
5.2 0 2.1372e-18 -0.00100632 -8.55337e-05 -0.00856411 -9.9193e-18
5.22 0 1.88867e-18 -0.000932241 1.77689e-05 -0.0079337 -6.10381e-18
5.24 0 1.25427e-18 -0.000827998 0.000130438 -0.00704655 -6.23371e-18
5.26 0 8.03059e-18 -0.000695442 0.000246109 -0.00591845 1.59868e-17
5.28 0 -4.39266e-19 -0.000533306 0.000356902 -0.00453862 -3.1741e-18
5.3 0 1.33941e-18 -0.000337886 0.000455944 -0.00287552 -2.02639e-17
5.32 0 2.53899e-18 -0.00010686 0.00053884 -0.000909415 1.04894e-18
5.34 0 1.75093e-17 0.00015577 0.000603038 0.00132566 1.74781e-17
5.36 0 1.67148e-17 0.000437622 0.000646409 0.00372432 1.48708e-17
5.38 0 -9.98258e-18 0.000721114 0.000667118 0.00613693 7.22626e-18
5.4 0 -1.02284e-17 0.000989853 0.000665121 0.008424 6.36182e-18
5.42 0 -1.52853e-17 0.00123235 0.000643947 0.0104877 -1.00758e-17
5.44 0 -1.06699e-17 0.00143912 0.000609783 0.0122474 -7.4945e-18
5.46 0 8.68369e-18 0.0015976 0.000566556 0.0135962 4.02884e-17
5.48 0 -1.97027e-18 0.0016917 0.00051297 0.014397 -3.53722e-18
5.5 0 -7.26975e-18 0.00170864 0.000446541 0.0145411 -3.02952e-17
5.52 0 9.24865e-18 0.00164362 0.000368075 0.0139878 1.21657e-17
5.54 0 6.68218e-18 0.00149827 0.000281364 0.0127508 7.50636e-18
5.56 0 1.04717e-18 0.00128379 0.000190459 0.0109255 5.39041e-18
5.58 0 -1.47936e-18 0.0010121 9.80285e-05 0.00861336 -1.30438e-18
5.6 0 -5.58992e-19 0.000697533 6.41446e-06 0.00593625 -2.02967e-18
5.62 0 2.84351e-18 0.000362735 -8.10482e-05 0.003087 1.18257e-18
5.64 0 1.2846e-18 3.27255e-05 -0.000160632 0.000278506 -1.62338e-18
5.66 0 1.576e-19 -0.000272292 -0.000229948 -0.0023173 1.62414e-18
5.68 0 5.16495e-18 -0.000541385 -0.000288544 -0.00460738 -9.96677e-18
5.7 0 2.16028e-18 -0.00076797 -0.000336831 -0.00653569 1.37164e-17
5.72 0 -8.48687e-18 -0.000942797 -0.000375045 -0.00802353 2.45971e-17
5.74 0 3.81882e-19 -0.00105181 -0.000403557 -0.00895131 2.23479e-17
5.76 0 -1.24093e-17 -0.0010815 -0.000423787 -0.00920396 -5.96165e-17
5.78 0 -1.97757e-17 -0.00102602 -0.000438046 -0.00873179 -1.03321e-17
5.8 0 -2.11324e-18 -0.000889946 -0.000447945 -0.00757375 -1.29032e-17
5.82 0 1.41105e-18 -0.000685145 -0.000452818 -0.00583082 1.01455e-17
5.84 0 -3.46725e-18 -0.000424777 -0.000449991 -0.003615 3.14097e-18
5.86 0 3.9793e-18 -0.000120186 -0.000437106 -0.00102283 1.118e-17
5.88 0 -4.37513e-19 0.000216805 -0.000413882 0.00184509 1.02961e-17
5.9 0 3.49237e-18 0.000569407 -0.000381442 0.00484585 3.04073e-17
5.92 0 1.16198e-17 0.000914654 -0.000340342 0.00778402 8.324e-18
5.94 0 3.76835e-18 0.00122756 -0.000289173 0.0104469 1.47018e-17
5.96 0 1.08779e-18 0.00148571 -0.000224748 0.0126439 1.03242e-17
5.98 0 1.07413e-19 0.0016707 -0.000143743 0.0142183 -8.07346e-19
6 0 8.38467e-20 0.00177138 -4.5112e-05 0.015075 1.01268e-18
6.02 0 7.47357e-20 0.00178877 6.77604e-05 0.015223 -1.5398e-18
6.04 0 -3.11204e-18 0.00172653 0.00018639 0.0146934 -4.55126e-18
6.06 0 4.97847e-18 0.00158084 0.000299289 0.0134535 7.06635e-18
6.08 0 -3.5042e-19 0.00136011 0.0003966 0.011575 -3.16348e-18
6.1 0 1.23502e-17 0.00107369 0.000474229 0.00913752 -3.857e-18
6.12 0 5.23731e-18 0.000731275 0.000533748 0.0062234 1.40171e-17
6.14 0 -5.76618e-18 0.000337918 0.000577774 0.0028758 1.82654e-17
6.16 0 -2.41315e-17 -0.000116304 0.000605127 -0.000989791 -2.31192e-17
6.18 0 -3.55418e-18 -0.000642673 0.000610924 -0.00546937 -1.9103e-17
6.2 0 1.60298e-17 -0.00123641 0.000591882 -0.0105223 2.23701e-17
6.22 0 3.24176e-18 -0.00184754 0.000550036 -0.0157232 -2.28742e-17
6.24 0 -8.62871e-18 -0.00212676 0.000490357 -0.0180995 -2.63973e-17
6.26 0 -8.81971e-18 -0.00176067 0.00041509 -0.0149839 -3.0727e-17
6.28 0 -2.75504e-18 -0.00150246 0.000321275 -0.0127865 1.05887e-18
6.3 0 3.0252e-18 -0.00145442 0.000206107 -0.0123776 -1.35032e-18
6.32 0 7.52034e-18 -0.0013972 6.664e-05 -0.0118906 8.68904e-18
6.34 0 -2.13851e-18 -0.00143858 -9.48473e-05 -0.0122428 1.48184e-20
6.36 0 1.53198e-18 -0.00144331 -0.000262986 -0.0122831 -6.88034e-18
6.38 0 1.88547e-18 -0.00146973 -0.000425493 -0.012508 7.73476e-18
6.4 0 -5.82647e-18 -0.00146046 -0.000575961 -0.0124291 2.61592e-17
6.42 0 -9.68076e-18 -0.00135775 -0.00070828 -0.011555 -4.5934e-18
6.44 0 -9.83959e-18 -0.00121518 -0.000818565 -0.0103416 -3.64162e-17
6.46 0 -1.53183e-17 -0.000966183 -0.00090314 -0.00822256 -3.77575e-17
6.48 0 -8.42917e-18 -0.000513847 -0.000958877 -0.00437302 -5.72477e-17
6.5 0 -6.12374e-18 0.000100369 -0.000984679 0.000854169 -5.42671e-17
6.52 0 -6.40679e-19 0.000741155 -0.000982341 0.00630748 2.76029e-17
6.54 0 8.80126e-18 0.00126665 -0.000955414 0.0107796 2.16344e-17
6.56 0 -2.03476e-17 0.00162391 -0.000906735 0.01382 -2.40993e-17
6.58 0 -1.15778e-18 0.00181204 -0.000833951 0.0154211 6.35743e-17
6.6 0 6.51539e-18 0.0018439 -0.000733161 0.0156922 -1.11327e-17
6.62 0 6.54569e-18 0.00177329 -0.000607504 0.0150913 1.54329e-17
6.64 0 2.30586e-18 0.00168181 -0.000467152 0.0143128 -1.18251e-19
6.66 0 4.18956e-18 0.00161348 -0.000322081 0.0137313 7.31132e-18
6.68 0 2.6557e-18 0.00157021 -0.000177474 0.013363 7.38178e-18
6.7 0 2.39025e-18 0.00154136 -3.53268e-05 0.0131175 1.57816e-17
6.72 0 2.14844e-19 0.00151982 0.000101318 0.0129342 2.11221e-18
6.74 0 9.35714e-19 0.00150265 0.000227601 0.0127881 -1.38135e-18
6.76 0 -1.29105e-18 0.00148787 0.000340306 0.0126623 -1.1487e-18
6.78 0 -1.02122e-18 0.00147433 0.000440826 0.0125471 -4.91279e-18
6.8 0 1.77264e-17 0.00146597 0.000534057 0.0124759 1.44638e-17
6.82 0 -1.75629e-18 0.00146418 0.000624422 0.0124607 -1.23962e-18
6.84 0 7.56938e-18 0.00140645 0.000712547 0.0119694 7.3291e-18
6.86 0 2.66534e-17 0.00118917 0.000795561 0.0101203 7.42113e-17
6.88 0 -3.82307e-18 0.000861339 0.000867023 0.00733029 -7.90659e-18
6.9 0 3.00228e-18 0.000459246 0.00091975 0.00390834 4.46279e-17
6.92 0 -4.36803e-18 -5.0691e-06 0.000948677 -4.31442e-05 -6.56087e-18
6.94 0 -1.3269e-17 -0.000484459 0.000951299 -0.00412292 3.27663e-17
6.96 0 -1.14741e-17 -0.000937887 0.000927628 -0.00798175 -3.88225e-18
6.98 0 -1.64112e-17 -0.00130629 0.00087685 -0.011117 2.50369e-17
7 0 -4.46478e-18 -0.00155216 0.000796864 -0.0132094 1.10253e-17
7.02 0 -2.98328e-18 -0.00167721 0.000687309 -0.0142736 4.20613e-17
7.04 0 5.6311e-18 -0.00171847 0.000553201 -0.0146248 -8.94948e-19
7.06 0 4.04863e-18 -0.00171366 0.00040431 -0.0145838 2.036e-17
7.08 0 -3.77053e-18 -0.00168717 0.000250553 -0.0143584 -1.99626e-17
7.1 0 4.00938e-18 -0.00165404 9.81741e-05 -0.0140765 -8.27441e-18
7.12 0 -2.03611e-18 -0.00162418 -5.02092e-05 -0.0138223 -6.32019e-18
7.14 0 4.38447e-19 -0.00160283 -0.000191913 -0.0136406 -8.92113e-19
7.16 0 -1.45016e-18 -0.00159127 -0.00032128 -0.0135422 -3.1995e-18
7.18 0 1.52338e-18 -0.00158859 -0.000430621 -0.0135194 -6.46861e-19
7.2 0 6.41675e-19 -0.00155685 -0.000514714 -0.0132494 2.74404e-19
7.22 0 -3.09168e-18 -0.00141866 -0.000574286 -0.0120733 9.4932e-18
7.24 0 -2.80738e-18 -0.0011796 -0.000613243 -0.0100388 6.94574e-18
7.26 0 -4.08796e-18 -0.000848569 -0.000634876 -0.00722162 1.42113e-18
7.28 0 2.98908e-18 -0.000433009 -0.000641602 -0.00368506 -1.1718e-17
7.3 0 -7.73056e-18 1.58941e-05 -0.000635161 0.000135259 -1.99415e-17
7.32 0 -1.28747e-17 0.000461206 -0.000616931 0.00392502 -8.53012e-17
7.34 0 -3.9112e-18 0.000863514 -0.000586983 0.0073488 1.39951e-17
7.36 0 -1.15032e-17 0.00119022 -0.000543916 0.0101292 -8.8688e-17
7.38 0 -5.64859e-19 0.00141192 -0.00048773 0.0120159 2.52473e-17
7.4 0 2.43718e-19 0.00152489 -0.000420704 0.0129773 -6.02285e-18
7.42 0 -3.32797e-18 0.00155787 -0.000344872 0.013258 -5.87657e-18
7.44 0 -1.52941e-18 0.00155179 -0.00026023 0.0132062 -1.98047e-17
7.46 0 7.38947e-19 0.00153539 -0.000166055 0.0130667 4.68047e-18
7.48 0 -7.11655e-18 0.00152236 -6.34471e-05 0.0129558 -6.91129e-18
7.5 0 -6.80755e-18 0.00151695 4.41665e-05 0.0129098 -2.09769e-18
7.52 0 -3.39188e-18 0.00151139 0.000152602 0.0128624 1.05443e-17
7.54 0 -6.63402e-19 0.00145095 0.000258439 0.0123481 -1.44341e-18
7.56 0 -5.53436e-19 0.00131872 0.000358866 0.0112228 -2.03174e-17
7.58 0 -2.19278e-18 0.00111966 0.000449561 0.00952871 -1.31987e-17
7.6 0 2.88704e-18 0.000819398 0.000524545 0.00697336 1.45548e-17
7.62 0 -3.9237e-18 0.000452871 0.000579094 0.00385408 5.35233e-18
7.64 0 3.83955e-18 5.94288e-05 0.000611159 0.000505755 7.2918e-17
7.66 0 -1.08393e-17 -0.000320121 0.000620322 -0.00272435 -2.9612e-17
7.68 0 4.31705e-18 -0.000671809 0.000605952 -0.00571734 -1.93341e-17
7.7 0 1.83271e-18 -0.000982811 0.000565884 -0.00836407 -2.35726e-18
7.72 0 -1.24525e-17 -0.00123046 0.000497968 -0.0104717 -2.34601e-17
7.74 0 -6.30572e-18 -0.00139317 0.000404137 -0.0118563 -7.52307e-17
7.76 0 5.57573e-18 -0.00147772 0.000291481 -0.0125759 -6.17922e-18
7.78 0 -3.68132e-19 -0.00151408 0.000168899 -0.0128853 1.39195e-17
7.8 0 4.50707e-19 -0.00152894 4.3683e-05 -0.0130118 -2.49654e-17
7.82 0 5.68353e-18 -0.00153573 -7.88663e-05 -0.0130696 2.06596e-17
7.84 0 -1.77072e-18 -0.00154001 -0.000193911 -0.0131061 5.06066e-20
7.86 0 -4.23269e-18 -0.00154403 -0.000296777 -0.0131402 -8.73684e-18
7.88 0 -6.61445e-19 -0.00153598 -0.000384355 -0.0130717 -2.70344e-18
7.9 0 -1.47209e-18 -0.00146507 -0.000455983 -0.0124683 -1.37121e-17
7.92 0 3.3916e-18 -0.00131269 -0.000512643 -0.0111715 -9.59703e-18
7.94 0 -2.98311e-18 -0.00107643 -0.000554887 -0.00916081 2.10079e-17
7.96 0 -4.90074e-18 -0.000748583 -0.00058287 -0.00637071 -9.58222e-18
7.98 0 5.12653e-18 -0.00037386 -0.000597561 -0.00318168 5.67295e-17
8 0 -6.4525e-20 9.45482e-06 -0.000600381 8.04589e-05 -2.58615e-17
8.02 0 -4.37007e-18 0.000372074 -0.000591703 0.00316648 -6.55583e-18
8.04 0 8.16226e-18 0.000703615 -0.000569098 0.00598801 5.57384e-17
8.06 0 -8.83127e-18 0.000988236 -0.000528383 0.00841023 -9.63403e-18
8.08 0 8.54462e-19 0.00120316 -0.000467684 0.0102393 -5.51458e-19
8.1 0 5.96582e-18 0.00133759 -0.00038982 0.0113834 4.05624e-17
8.12 0 -8.60258e-18 0.00140866 -0.00030006 0.0119882 -4.48932e-17
8.14 0 -8.86195e-18 0.00144466 -0.000202317 0.0122946 -4.13725e-18
8.16 0 1.74213e-18 0.00146494 -9.80167e-05 0.0124672 -1.08072e-17
8.18 0 -4.54083e-18 0.00147803 1.18101e-05 0.0125786 -3.96576e-18
8.2 0 -3.42219e-19 0.0014874 0.00012428 0.0126583 -4.12243e-19
8.22 0 1.00528e-18 0.00149489 0.000234677 0.012722 2.84187e-19
8.24 0 -1.42142e-18 0.00148441 0.000338327 0.0126328 -1.16688e-17
8.26 0 -4.66325e-18 0.00140025 0.000431955 0.0119166 -2.75396e-18
8.28 0 -6.07054e-18 0.00124043 0.000513682 0.0105565 -1.47602e-17
8.3 0 -6.67429e-18 0.00102788 0.000581392 0.0087476 -3.89715e-17
8.32 0 -1.23811e-18 0.000762444 0.000632277 0.00648866 2.90782e-17
8.34 0 -2.83295e-18 0.000467166 0.000663808 0.00397574 6.33742e-17
8.36 0 -3.44172e-18 0.000148957 0.000674744 0.00126767 -7.76409e-18
8.38 0 5.73098e-18 -0.000175167 0.000666172 -0.00149074 2.27109e-17
8.4 0 6.88886e-18 -0.000485626 0.000641123 -0.00413285 4.39751e-17
8.42 0 -1.24699e-18 -0.000758664 0.000602274 -0.0064565 -2.29415e-17
8.44 0 -2.52186e-18 -0.000979608 0.000549405 -0.00833681 1.89065e-18
8.46 0 7.46931e-18 -0.00114533 0.000481254 -0.00974719 5.40784e-18
8.48 0 -1.77578e-17 -0.00126273 0.000399872 -0.0107463 -2.33697e-17
8.5 0 1.50654e-19 -0.00134289 0.000309956 -0.0114285 -9.04564e-18
8.52 0 -7.69449e-18 -0.00139627 0.000215425 -0.0118827 -6.55671e-17
8.54 0 -1.73222e-18 -0.00143033 0.000118102 -0.0121726 -2.28275e-17
8.56 0 9.12603e-18 -0.00145001 1.90162e-05 -0.0123401 1.01522e-17
8.58 0 2.01843e-18 -0.00145816 -7.93451e-05 -0.0124094 2.61175e-18
8.6 0 -8.60256e-20 -0.00142157 -0.000172941 -0.012098 2.12431e-19
8.62 0 -3.34977e-18 -0.00129742 -0.000257932 -0.0110415 5.49388e-18
8.64 0 -1.97004e-18 -0.00111346 -0.000331979 -0.00947594 2.08521e-18
8.66 0 -1.03531e-18 -0.000871946 -0.000393798 -0.00742057 -1.12242e-17
8.68 0 6.43969e-19 -0.000587074 -0.000442521 -0.00499621 4.915e-18
8.7 0 -6.5432e-18 -0.000283934 -0.000477436 -0.00241639 -4.02208e-17
8.72 0 -2.16567e-18 2.13183e-05 -0.000498272 0.000181421 -2.24154e-18
8.74 0 1.04407e-17 0.000316459 -0.000505551 0.00269318 -3.0347e-19
8.76 0 -4.62954e-18 0.000591617 -0.000500496 0.00503486 -5.18074e-17
8.78 0 1.80075e-18 0.000833719 -0.000484205 0.00709523 2.32004e-17
8.8 0 6.28763e-18 0.00103045 -0.000456111 0.00876949 1.37469e-17
8.82 0 1.44725e-17 0.0011759 -0.000414285 0.0100073 3.03981e-17
8.84 0 1.84955e-18 0.00127424 -0.000358322 0.0108442 8.53748e-19
8.86 0 5.99531e-18 0.00133676 -0.00029006 0.0113763 -1.80573e-17
8.88 0 -1.11122e-18 0.00137522 -0.00021168 0.0117036 8.16505e-18
8.9 0 3.37554e-18 0.00139767 -0.000124686 0.0118947 2.96116e-17
8.92 0 -2.1302e-19 0.00140835 -3.07478e-05 0.0119855 2.08117e-17
8.94 0 -2.20811e-19 0.00138867 6.69383e-05 0.011818 1.62947e-18
8.96 0 2.66797e-18 0.00128895 0.000163878 0.0109694 4.40094e-18
8.98 0 -3.1073e-18 0.00111583 0.000255549 0.00949612 1.16904e-17
9 0 -7.65996e-18 0.00089156 0.000337738 0.00758748 1.36387e-17
9.02 0 -1.90911e-18 0.000626754 0.000406484 0.00533389 -1.79087e-18
9.04 0 3.23953e-18 0.00034572 0.000458582 0.0029422 6.09496e-18
9.06 0 2.93227e-18 5.03359e-05 0.000492611 0.000428371 2.9622e-17
9.08 0 1.32853e-17 -0.000255075 0.000509646 -0.00217078 8.39303e-18
9.1 0 -9.21172e-19 -0.000558438 0.000512245 -0.00475251 1.9622e-17
9.12 0 1.82535e-17 -0.000832579 0.000502439 -0.00708554 3.19034e-17
9.14 0 7.45069e-18 -0.001053 0.000480018 -0.0089614 6.75244e-17
9.16 0 -1.41968e-18 -0.00121302 0.000442859 -0.0103233 4.90422e-17
9.18 0 -5.89646e-19 -0.0013236 0.000390274 -0.0112643 -1.64333e-17
9.2 0 -6.78038e-18 -0.00139929 0.000325995 -0.0119084 1.67434e-17
9.22 0 -2.50768e-18 -0.00144983 0.000256418 -0.0123386 -6.81799e-18
9.24 0 -7.94399e-18 -0.00148098 0.000185964 -0.0126037 -1.61619e-17
9.26 0 3.57908e-18 -0.00149812 0.000114533 -0.0127496 1.28459e-17
9.28 0 6.18197e-19 -0.00150671 3.93802e-05 -0.0128226 -7.46769e-19
9.3 0 3.63844e-18 -0.00151034 -4.02658e-05 -0.0128535 4.03258e-18
9.32 0 7.46299e-19 -0.0014775 -0.000120542 -0.012574 4.66231e-18
9.34 0 -1.01414e-18 -0.00136845 -0.00019511 -0.011646 1.27663e-18
9.36 0 4.81757e-19 -0.00120364 -0.000259624 -0.0102434 -1.79951e-18
9.38 0 -1.40151e-18 -0.000978784 -0.000313945 -0.0083298 2.53971e-18
9.4 0 -5.61973e-18 -0.000709634 -0.000360281 -0.00603924 -5.63835e-18
9.42 0 1.86431e-18 -0.000420272 -0.000399009 -0.00357666 -2.43531e-18
9.44 0 4.60622e-18 -0.000123589 -0.000426814 -0.00105179 3.80429e-18
9.46 0 -1.91498e-18 0.000173965 -0.00043914 0.0014805 -3.94479e-18
9.48 0 7.6016e-18 0.000462859 -0.000434062 0.00393909 1.70074e-17
9.5 0 -5.49123e-18 0.00072421 -0.000413356 0.00616328 4.88636e-18
9.52 0 -4.63669e-18 0.000939599 -0.000379743 0.00799631 2.28339e-17
9.54 0 3.3665e-18 0.00110254 -0.00033403 0.00938303 2.38402e-17
9.56 0 1.28953e-18 0.0012194 -0.000275545 0.0103775 -8.33432e-18
9.58 0 2.83045e-18 0.00130114 -0.000204526 0.0110731 3.25839e-17
9.6 0 8.84712e-19 0.00135694 -0.000123258 0.011548 6.48892e-18
9.62 0 -1.81932e-18 0.00139312 -3.53205e-05 0.0118559 3.40842e-18
9.64 0 6.00942e-19 0.00141421 5.53566e-05 0.0120354 1.76865e-18
9.66 0 -3.15569e-19 0.00142334 0.000144416 0.0121131 -3.71875e-18
9.68 0 -3.06776e-18 0.00140656 0.00022682 0.0119703 -8.68755e-18
9.7 0 -7.63898e-18 0.00132743 0.000297615 0.0112969 -7.4737e-18
9.72 0 6.93122e-18 0.00119168 0.000353301 0.0101416 1.15464e-18
9.74 0 -8.52212e-18 0.00101008 0.000392256 0.0085961 1.05071e-17
9.76 0 -2.56401e-18 0.000780637 0.00041419 0.00664349 -1.72534e-18
9.78 0 2.3555e-18 0.000515808 0.000419135 0.0043897 1.3699e-17
9.8 0 1.01495e-19 0.000221085 0.000406955 0.00188151 1.9265e-17
9.82 0 -5.31768e-19 -8.738e-05 0.000377711 -0.000743639 8.90256e-18
9.84 0 -3.47115e-18 -0.000387608 0.000332263 -0.00329869 1.074e-17
9.86 0 1.54377e-18 -0.000654572 0.000273158 -0.00557064 3.50621e-18
9.88 0 4.1731e-18 -0.000873572 0.000204501 -0.0074344 2.54737e-17
9.9 0 3.85012e-19 -0.00104351 0.000130218 -0.00888063 1.74807e-17
9.92 0 -5.22775e-18 -0.00117125 5.2581e-05 -0.00996775 -1.41957e-17
9.94 0 8.53656e-19 -0.00126343 -2.71921e-05 -0.0107522 -5.36061e-18
9.96 0 -4.45193e-19 -0.00132503 -0.000107051 -0.0112764 -1.06905e-18
9.98 0 6.93799e-19 -0.00136154 -0.000183244 -0.0115872 4.79196e-18
10 0 1.85348e-18 -0.00137938 -0.000251656 -0.011739 4.72452e-18
10.02 0 -7.02148e-19 -0.00138428 -0.000309996 -0.0117807 -7.55119e-18
10.04 0 7.11262e-19 -0.00136522 -0.000358501 -0.0116185 2.64329e-17
10.06 0 -2.34161e-18 -0.00130328 -0.000398346 -0.0110914 1.45188e-18
10.08 0 -5.77405e-18 -0.00119962 -0.000429212 -0.0102092 -1.42377e-17
10.1 0 -6.86869e-18 -0.00103828 -0.00044862 -0.00883611 -9.05873e-18
10.12 0 -1.67768e-18 -0.000819982 -0.0004537 -0.00697834 3.21298e-18
10.14 0 -8.12927e-19 -0.000564288 -0.000442945 -0.00480229 2.00743e-18
10.16 0 -6.13828e-18 -0.000291756 -0.000416403 -0.00248295 -2.10337e-20
10.18 0 -1.08206e-18 -1.52429e-05 -0.000375113 -0.000129727 -4.91738e-18
10.2 0 -2.78561e-18 0.000259921 -0.00032059 0.00221201 -3.54051e-17
10.22 0 4.22504e-19 0.000526079 -0.000254519 0.00447711 -1.45959e-17
10.24 0 3.10684e-19 0.000768974 -0.000178969 0.00654423 3.29856e-18
10.26 0 1.83384e-18 0.000972569 -9.69668e-05 0.00827689 5.09383e-18
10.28 0 7.5387e-19 0.00112851 -1.25266e-05 0.00960401 -2.4037e-18
10.3 0 2.65648e-19 0.0012398 7.01301e-05 0.0105511 -1.74019e-18
10.32 0 1.31028e-20 0.00131614 0.000147573 0.0112008 2.13605e-18
10.34 0 1.78169e-18 0.001367 0.000217618 0.0116336 7.52653e-18
10.36 0 8.40736e-18 0.00139829 0.000279037 0.0118999 1.39334e-17
10.38 0 -5.1965e-18 0.00141265 0.000330943 0.0120222 5.90167e-19
10.4 0 -5.65741e-18 0.00139936 0.0003724 0.011909 -2.07241e-17
10.42 0 -5.77212e-19 0.00130863 0.00040248 0.0111369 -6.6292e-18
10.44 0 2.33501e-18 0.00113662 0.000420403 0.00967301 8.63761e-18
10.46 0 7.58382e-19 0.000912225 0.000425477 0.00776335 2.46129e-17
10.48 0 -1.05837e-18 0.00063866 0.000417008 0.00543521 4.78193e-18
10.5 0 -5.93381e-21 0.00033837 0.000394014 0.00287965 -1.9501e-17
10.52 0 1.10018e-18 1.89365e-05 0.000355799 0.000161151 9.20944e-18
10.54 0 -2.78914e-19 -0.000299466 0.000303435 -0.00254857 1.5019e-18
10.56 0 -5.37075e-18 -0.000594874 0.000240098 -0.00506259 -6.3887e-18
10.58 0 -9.78616e-22 -0.000846381 0.000169788 -0.007203 1.08662e-18
10.6 0 2.27269e-19 -0.00104525 9.56686e-05 -0.00889545 5.22986e-19
10.62 0 -1.07141e-18 -0.00119232 1.9549e-05 -0.0101471 -1.47015e-17
10.64 0 -6.52911e-19 -0.00129388 -5.72706e-05 -0.0110114 -5.97713e-18
10.66 0 1.27219e-18 -0.00135816 -0.000132864 -0.0115584 5.5321e-18
10.68 0 -6.87172e-19 -0.00139439 -0.000204408 -0.0118667 -4.71509e-19
10.7 0 1.37255e-18 -0.00141063 -0.000268971 -0.012005 -2.14183e-18
10.72 0 3.19277e-19 -0.00141024 -0.000324622 -0.0120016 -1.71661e-18
10.74 0 -3.01069e-18 -0.00135059 -0.000370849 -0.011494 2.50642e-18
10.76 0 1.42763e-18 -0.00121377 -0.000407757 -0.0103296 -1.46742e-17
10.78 0 1.00391e-18 -0.00101901 -0.000434421 -0.00867217 -6.81429e-18
10.8 0 -2.23426e-17 -0.000753136 -0.000448667 -0.00640946 -4.61298e-18
10.82 0 3.206e-18 -0.000442814 -0.000448252 -0.0037685 -1.41165e-18
10.84 0 -1.99442e-18 -0.00010597 -0.000432178 -0.000901848 -5.91701e-18
10.86 0 6.25376e-18 0.000231053 -0.000401367 0.00196634 1.27463e-17
10.88 0 3.55239e-18 0.000550134 -0.000357997 0.00468183 2.37538e-17
10.9 0 4.33248e-18 0.000832898 -0.000304306 0.00708825 -9.40748e-19
10.92 0 1.11007e-18 0.00106468 -0.000241526 0.00906083 2.87007e-17
10.94 0 -1.66588e-18 0.00123625 -0.000170115 0.0105209 -5.10201e-18
10.96 0 3.43223e-19 0.0013499 -9.13675e-05 0.0114881 4.03136e-18
10.98 0 -8.31024e-19 0.00141802 -8.74227e-06 0.0120678 4.25818e-19
11 0 2.4677e-19 0.00145612 7.27253e-05 0.0123921 1.55903e-18
11.02 0 -1.10285e-18 0.00147631 0.000148484 0.0125639 5.97596e-18
11.04 0 -3.28934e-18 0.00148585 0.000216065 0.0126451 -3.19066e-18
11.06 0 -1.38002e-18 0.00148803 0.000274933 0.0126636 -6.50964e-18
11.08 0 -3.31658e-18 0.00144487 0.000325145 0.0122963 -3.73466e-17
11.1 0 6.50647e-18 0.00130252 0.000366226 0.0110849 1.55247e-17
11.12 0 -9.37286e-18 0.00108584 0.000396632 0.00924088 -1.71291e-17
11.14 0 -5.26013e-18 0.000801551 0.000414588 0.00682147 -1.08632e-17
11.16 0 -5.88648e-18 0.000468698 0.000419289 0.00398878 -1.14849e-17
11.18 0 -4.075e-18 0.000114903 0.000411126 0.000977856 5.72595e-18
11.2 0 -7.09783e-19 -0.000243339 0.000391026 -0.00207091 8.25794e-18
11.22 0 1.09429e-19 -0.000586118 0.000359416 -0.00498808 1.27402e-17
11.24 0 1.63841e-19 -0.00088805 0.000316328 -0.00755762 -9.46688e-19
11.26 0 4.28058e-18 -0.0011237 0.000262098 -0.00956307 1.40195e-17
11.28 0 -1.87662e-18 -0.00128435 0.000197726 -0.0109303 1.16814e-17
11.3 0 -1.77963e-18 -0.00138149 0.000125187 -0.011757 -6.44742e-18
11.32 0 -4.66656e-19 -0.00143573 4.79079e-05 -0.0122186 -2.05317e-17
11.34 0 1.72362e-18 -0.00146461 -2.94325e-05 -0.0124643 1.74277e-17
11.36 0 -2.41461e-18 -0.00147943 -0.000102339 -0.0125905 -1.13846e-17
11.38 0 2.37853e-18 -0.00148665 -0.000168277 -0.0126519 -1.52969e-18
11.4 0 -6.34067e-19 -0.00148958 -0.000227084 -0.0126768 -1.08181e-17
11.42 0 -8.20442e-19 -0.00146908 -0.0002795 -0.0125024 2.02599e-18
11.44 0 -1.48112e-18 -0.00137119 -0.000325391 -0.0116693 -1.90966e-18
11.46 0 1.00211e-18 -0.00119368 -0.000362818 -0.0101587 -7.42642e-18
11.48 0 5.28652e-19 -0.00094974 -0.000388847 -0.00808262 4.89186e-18
11.5 0 -2.51695e-18 -0.000642618 -0.000401594 -0.00546891 -2.4583e-18
11.52 0 -1.90346e-18 -0.000299122 -0.000401251 -0.00254564 9.03718e-18
11.54 0 -2.09324e-18 6.77884e-05 -0.000389446 0.000576898 5.16901e-18
11.56 0 -8.68123e-20 0.00043621 -0.000367481 0.0037123 -1.49645e-17
11.58 0 1.79763e-18 0.000778001 -0.000335193 0.00662105 -2.27065e-18
11.6 0 -1.20888e-18 0.00106033 -0.000291831 0.00902376 6.2378e-18
11.62 0 2.05805e-18 0.001265 -0.000238076 0.0107656 1.49756e-17
11.64 0 1.03112e-18 0.00139467 -0.000177046 0.0118691 6.12739e-18
11.66 0 -3.28382e-18 0.00146633 -0.000112944 0.012479 1.6038e-18
11.68 0 -1.3032e-18 0.00149966 -4.85816e-05 0.0127626 8.63913e-18
11.7 0 -2.16285e-18 0.00151147 1.57463e-05 0.0128631 -2.06799e-17
11.72 0 7.05052e-19 0.00151379 8.09608e-05 0.0128829 2.59576e-18
11.74 0 3.78575e-19 0.00151376 0.000146893 0.0128826 -4.96911e-18
11.76 0 -9.83761e-19 0.00151464 0.000211288 0.0128901 -3.65259e-19
11.78 0 -2.30834e-18 0.00150011 0.000270908 0.0127664 -9.47864e-18
11.8 0 -2.38635e-19 0.00141244 0.000323405 0.0120203 2.75028e-18
11.82 0 -6.58902e-18 0.00123759 0.000367761 0.0105323 -2.00971e-18
11.84 0 3.26813e-18 0.000984617 0.000403037 0.00837943 -1.56772e-18
11.86 0 -1.66735e-18 0.000655858 0.000427537 0.00558157 -2.19035e-17
11.88 0 3.66055e-18 0.000290545 0.00043899 0.00247263 1.48131e-17
11.9 0 -2.35855e-19 -8.62183e-05 0.000435746 -0.000733753 -1.02596e-17
11.92 0 -3.23532e-18 -0.000451183 0.000417864 -0.00383973 -3.1042e-17
11.94 0 2.15755e-19 -0.000787912 0.000386823 -0.00670541 5.2051e-17
11.96 0 -3.97993e-19 -0.00107312 0.000344679 -0.00913262 9.11432e-18
11.98 0 3.03665e-18 -0.00128507 0.000293405 -0.0109364 1.7438e-17
12 0 -8.21491e-19 -0.00141759 0.000234696 -0.0120642 -1.39825e-19
12.02 0 3.78475e-18 -0.00148666 0.000170296 -0.012652 -9.34603e-18
12.04 0 -9.83588e-19 -0.00151666 0.000102489 -0.0129073 -1.49184e-17
12.06 0 2.22436e-18 -0.00152634 3.40306e-05 -0.0129897 2.92017e-17
12.08 0 8.1505e-18 -0.0015265 -3.26809e-05 -0.0129911 8.06252e-18
12.1 0 -1.53064e-18 -0.00152334 -9.64376e-05 -0.0129642 1.61135e-18
12.12 0 -1.40394e-18 -0.00152081 -0.000157111 -0.0129426 3.74152e-19
12.14 0 -3.46013e-18 -0.00152124 -0.000214581 -0.0129463 -1.00359e-17
12.16 0 7.93471e-19 -0.00149712 -0.000267773 -0.012741 2.37742e-18
12.18 0 -4.17189e-18 -0.00138203 -0.000315093 -0.0117616 -7.65852e-18
12.2 0 1.3767e-19 -0.00117964 -0.000354828 -0.0100391 9.04251e-19
12.22 0 -2.46498e-18 -0.000906904 -0.000385588 -0.00771807 6.09003e-18
12.24 0 -1.66508e-18 -0.000568602 -0.000406903 -0.004839 -2.39347e-18
12.26 0 -1.97809e-18 -0.000196684 -0.000418669 -0.00167385 -3.19782e-17
12.28 0 6.62092e-18 0.000193103 -0.000420544 0.00164337 1.83449e-17
12.3 0 9.505e-19 0.000576146 -0.000411605 0.0049032 6.32646e-18
12.32 0 7.79455e-19 0.000922414 -0.000390576 0.00785006 -3.00898e-18
12.34 0 5.85992e-19 0.00119592 -0.000356805 0.0101777 -5.24175e-18
12.36 0 3.70996e-18 0.0013785 -0.000311047 0.0117315 2.20772e-17
12.38 0 1.12941e-18 0.0014805 -0.000255339 0.0125996 -2.24684e-18
12.4 0 -4.26969e-18 0.001529 -0.000192341 0.0130123 6.2067e-18
12.42 0 1.15569e-18 0.0015476 -0.000124707 0.0131706 1.01566e-17
12.44 0 1.03104e-18 0.00155102 -5.47467e-05 0.0131997 7.06561e-19
12.46 0 6.06007e-19 0.00154823 1.54764e-05 0.013176 -4.12263e-19
12.48 0 -1.1617e-18 0.00154499 8.38143e-05 0.0131484 -3.95045e-18
12.5 0 3.32885e-19 0.00154433 0.00014778 0.0131428 -5.16346e-18
12.52 0 1.01713e-18 0.00154077 0.000204664 0.0131125 8.33032e-18
12.54 0 -1.77999e-18 0.00148265 0.00025214 0.0126179 1.30691e-17
12.56 0 -3.65862e-19 0.00134706 0.0002887 0.0114639 1.36002e-17
12.58 0 -1.4029e-18 0.00114293 0.000313282 0.00972675 2.53276e-18
12.6 0 -7.18957e-19 0.000856262 0.000325532 0.00728708 8.2806e-18
12.62 0 -3.16676e-18 0.000521228 0.000325807 0.00443583 -2.25377e-17
12.64 0 1.6598e-18 0.000158788 0.000314772 0.00135134 1.10801e-17
12.66 0 -3.4083e-18 -0.000207969 0.0002935 -0.0017699 1.05848e-17
12.68 0 -4.95301e-18 -0.00056355 0.000263631 -0.00479601 9.52039e-18
12.7 0 1.64971e-19 -0.000883662 0.000227594 -0.00752027 -7.31917e-18
12.72 0 -3.20002e-18 -0.00114225 0.000188306 -0.00972094 -1.16136e-17
12.74 0 6.19857e-18 -0.00132359 0.000148544 -0.0112642 1.17984e-17
12.76 0 -5.23642e-18 -0.00143295 0.000110253 -0.0121949 1.00452e-18
12.78 0 2.81387e-18 -0.00148946 7.38623e-05 -0.0126758 -1.56222e-17
12.8 0 5.43731e-18 -0.00151381 3.80155e-05 -0.012883 1.04256e-17
12.82 0 -7.70407e-19 -0.0015218 4.36812e-07 -0.012951 -8.93959e-18
12.84 0 -2.05976e-18 -0.00152348 -4.03905e-05 -0.0129654 -1.44293e-17
12.86 0 7.9428e-19 -0.0015239 -8.40794e-05 -0.0129689 -5.98671e-18
12.88 0 6.40136e-19 -0.00149055 -0.00012862 -0.0126851 5.87659e-19
12.9 0 5.26294e-18 -0.00135747 -0.000171844 -0.0115525 3.1138e-18
12.92 0 -9.7764e-19 -0.00113589 -0.000211662 -0.0096668 -1.30136e-18
12.94 0 3.59095e-18 -0.00083993 -0.000245517 -0.0071481 8.47978e-18
12.96 0 -2.12889e-18 -0.00048207 -0.000270171 -0.00410259 -1.20902e-17
12.98 0 -2.49286e-18 -0.000102877 -0.000282414 -0.000875524 -4.6862e-18
13 0 -2.21987e-18 0.00027215 -0.000280789 0.00231609 -3.1919e-18
13.02 0 -3.65962e-18 0.000618252 -0.000266107 0.00526153 -6.1418e-18
13.04 0 -4.5857e-18 0.000917694 -0.000240263 0.00780989 -1.90338e-17
13.06 0 -2.09311e-18 0.00115342 -0.000204824 0.00981599 -1.10943e-17
13.08 0 3.09996e-18 0.00131782 -0.000161239 0.0112151 1.64685e-17
13.1 0 -5.05508e-20 0.00141741 -0.000111987 0.0120626 2.29323e-18
13.12 0 4.40777e-19 0.00146997 -6.06427e-05 0.0125099 6.50097e-18
13.14 0 2.06651e-18 0.00149385 -1.03647e-05 0.0127132 5.739e-18
13.16 0 -9.01125e-20 0.00150225 3.7474e-05 0.0127846 6.72774e-18
13.18 0 9.25949e-19 0.00150326 8.28708e-05 0.0127933 2.05028e-18
13.2 0 8.35511e-19 0.00150188 0.00012551 0.0127815 3.82057e-18
13.22 0 -8.77601e-19 0.00150097 0.000163756 0.0127738 -1.86117e-18
13.24 0 4.40891e-19 0.00148327 0.000195358 0.0126231 1.07967e-18
13.26 0 -1.68835e-18 0.00138267 0.000219261 0.011767 4.47783e-18
13.28 0 -5.10494e-19 0.00118531 0.000235938 0.0100874 -7.10447e-18
13.3 0 8.85402e-19 0.000908767 0.000246857 0.00773392 5.8667e-18
13.32 0 1.50147e-18 0.000554511 0.000253721 0.00471908 6.29096e-19
13.34 0 -2.00135e-18 0.000159731 0.000257498 0.00135936 -1.56312e-18
13.36 0 1.88297e-18 -0.000253355 0.00025819 -0.00215614 -8.9866e-18
13.38 0 -5.54927e-19 -0.000651962 0.00025491 -0.00554843 2.95596e-17
13.4 0 -3.98354e-19 -0.00100077 0.000246411 -0.00851686 -2.50372e-17
13.42 0 -3.73147e-19 -0.00126252 0.000231946 -0.0107445 -1.91363e-17
13.44 0 2.66275e-18 -0.00142306 0.00021194 -0.0121108 1.83613e-17
13.46 0 5.64273e-18 -0.00149999 0.000187409 -0.0127654 1.42552e-17
13.48 0 -8.48213e-19 -0.00152706 0.000158423 -0.0129958 -1.52527e-17
13.5 0 7.22282e-19 -0.00153143 0.00012333 -0.013033 3.84809e-19
13.52 0 1.75264e-18 -0.0015285 8.01009e-05 -0.0130081 3.25349e-17
13.54 0 7.45401e-19 -0.00152566 2.88668e-05 -0.0129839 -9.89213e-18
13.56 0 1.19427e-17 -0.00152566 -2.69965e-05 -0.0129839 -9.04695e-18
13.58 0 -8.23006e-18 -0.00149144 -8.26951e-05 -0.0126927 -4.90657e-17
13.6 0 1.1884e-18 -0.00136951 -0.000135437 -0.0116551 -2.93462e-18
13.62 0 4.6542e-18 -0.00118009 -0.000184916 -0.010043 5.23825e-18
13.64 0 4.56018e-18 -0.000917609 -0.00023125 -0.00780917 -4.44171e-18
13.66 0 9.91762e-19 -0.000581966 -0.000273142 -0.00495274 1.05614e-17
13.68 0 -4.10378e-19 -0.000202761 -0.0003074 -0.00172557 9.687e-18
13.7 0 2.86679e-18 0.000189761 -0.000330891 0.00161492 1.0268e-17
13.72 0 4.10413e-18 0.000560223 -0.000342935 0.00476768 1.37178e-17
13.74 0 3.13439e-18 0.000880723 -0.000345647 0.00749525 1.17756e-17
13.76 0 -2.01142e-18 0.00113227 -0.000341692 0.00963598 -3.62327e-17
13.78 0 2.30545e-18 0.0013096 -0.000332018 0.0111451 -3.11806e-18
13.8 0 -6.14204e-18 0.00141925 -0.000316098 0.0120783 -2.16958e-17
13.82 0 8.61651e-18 0.00147619 -0.000294 0.0125629 -9.35129e-18
13.84 0 -6.72807e-18 0.00149823 -0.000267424 0.0127505 -6.79536e-17
13.86 0 4.88802e-19 0.00150116 -0.000238425 0.0127754 -4.45751e-17
13.88 0 2.07732e-18 0.00149578 -0.000207553 0.0127296 2.95648e-17
13.9 0 3.75413e-18 0.001488 -0.000173684 0.0126634 -2.66176e-17
13.92 0 -2.20145e-18 0.00148073 -0.000135396 0.0126015 -4.787e-18
13.94 0 -8.2803e-18 0.00147592 -9.19298e-05 0.0125606 -5.88399e-18
13.96 0 7.21782e-19 0.00147581 -4.29507e-05 0.0125596 -1.47928e-17
13.98 0 -4.28167e-18 0.00143237 1.17701e-05 0.01219 -3.06266e-17
14 0 6.85321e-19 0.00125309 7.24069e-05 0.0106642 -9.12497e-18
14.02 0 4.37877e-19 0.000975235 0.000136783 0.00829959 -3.25419e-18
14.04 0 1.09369e-18 0.000646021 0.000199155 0.00549786 5.97288e-18
14.06 0 -1.07781e-18 0.00028765 0.000252399 0.002448 -3.84368e-18
14.08 0 5.43913e-19 -6.88578e-05 0.000291802 -0.000586009 -7.84835e-18
14.1 0 -1.28722e-18 -0.000422818 0.000318084 -0.00359833 1.72733e-17
14.12 0 5.14797e-19 -0.000759267 0.000335754 -0.00646163 1.55339e-17
14.14 0 2.67425e-18 -0.00105252 0.00034856 -0.00895734 3.35117e-17
14.16 0 7.93176e-19 -0.0012734 0.000356394 -0.0108371 -2.14743e-17
14.18 0 6.17867e-18 -0.00141541 0.000356629 -0.0120456 3.46158e-17
14.2 0 6.21893e-18 -0.00149517 0.000347933 -0.0127244 2.58427e-17
14.22 0 1.2111e-17 -0.00153615 0.000332054 -0.0130732 1.99664e-17
14.24 0 -1.13264e-18 -0.00155531 0.000311213 -0.0132362 -1.45503e-17
14.26 0 4.05042e-18 -0.00156309 0.000284177 -0.0133025 1.38504e-17
14.28 0 2.55561e-19 -0.00156626 0.000246064 -0.0133294 -6.3108e-19
14.3 0 1.86743e-17 -0.00156899 0.000192873 -0.0133527 -2.16416e-17
14.32 0 -5.48147e-18 -0.00155625 0.000126278 -0.0132442 -1.64297e-18
14.34 0 -8.86165e-20 -0.00147374 5.31119e-05 -0.0125421 8.89245e-18
14.36 0 -1.27335e-17 -0.00131793 -1.98047e-05 -0.011216 -4.79716e-18
14.38 0 -3.08809e-18 -0.00110266 -8.95201e-05 -0.00938403 5.77083e-18
14.4 0 6.78988e-19 -0.000820691 -0.000156443 -0.00698437 -1.67668e-18
14.42 0 -5.10868e-19 -0.000504618 -0.000220665 -0.00429448 3.42993e-18
14.44 0 -5.88553e-19 -0.000173027 -0.000279487 -0.00147253 5.79017e-18
14.46 0 -2.39598e-18 0.000155661 -0.000328698 0.00132472 -5.88616e-19
14.48 0 3.7254e-18 0.000470882 -0.000365607 0.00400737 -5.40474e-18
14.5 0 5.81428e-18 0.000753511 -0.000390545 0.00641264 -2.87234e-17
14.52 0 -6.13578e-18 0.000982093 -0.000405333 0.00835795 1.46095e-17
14.54 0 1.48687e-17 0.00114484 -0.000410445 0.00974301 3.37566e-17
14.56 0 1.00745e-18 0.00124864 -0.000403771 0.0106263 3.00383e-17
14.58 0 8.45158e-18 0.00131065 -0.000382178 0.0111541 4.41819e-17
14.6 0 -6.02821e-18 0.00134713 -0.000344261 0.0114646 -8.96645e-18
14.62 0 -1.0104e-17 0.0013686 -0.00029162 0.0116473 -5.40705e-18
14.64 0 -8.8119e-18 0.00138034 -0.000227902 0.0117471 7.68779e-20
14.66 0 -9.6109e-18 0.0013799 -0.000156771 0.0117435 6.07495e-18
14.68 0 -3.01278e-18 0.00132201 -8.0292e-05 0.0112507 -1.20759e-17
14.7 0 5.8551e-19 0.00118154 7.84959e-07 0.0100553 -2.68848e-18
14.72 0 4.94974e-19 0.000968508 8.46981e-05 0.00824234 -2.77712e-18
14.74 0 -4.80102e-19 0.000685708 0.00016728 0.00583561 -3.15125e-18
14.76 0 1.02332e-18 0.000378915 0.000243239 0.0032247 1.26519e-17
14.78 0 -3.47343e-19 7.22361e-05 0.000308448 0.00061475 -2.19105e-17
14.8 0 -5.88316e-18 -0.000224919 0.000361109 -0.00191415 -2.55877e-17
14.82 0 -3.28959e-18 -0.000514005 0.000400917 -0.00437437 -4.04625e-17
14.84 0 -5.30354e-19 -0.00077964 0.00042736 -0.00663501 -7.36397e-18
14.86 0 4.64269e-18 -0.000995588 0.000438826 -0.00847281 1.13037e-17
14.88 0 -5.29368e-19 -0.00114683 0.000433329 -0.00975995 -5.18187e-17
14.9 0 4.77621e-18 -0.00124313 0.000410383 -0.0105795 -1.39627e-17
14.92 0 1.45973e-18 -0.00130555 0.000371931 -0.0111107 3.10898e-17
14.94 0 -6.9042e-18 -0.00135028 0.000320596 -0.0114914 -1.11401e-17
14.96 0 -5.88347e-19 -0.00138375 0.00025733 -0.0117762 2.53053e-17
14.98 0 -1.82171e-18 -0.00140595 0.000182006 -0.0119651 -1.50171e-17
15 0 -5.52188e-18 -0.00141509 9.66547e-05 -0.0120429 -2.32272e-17
15.02 0 -4.21412e-19 -0.00137949 7.19495e-06 -0.01174 5.37744e-18
15.04 0 -3.08507e-18 -0.00125084 -7.91946e-05 -0.0106451 -1.06552e-17
15.06 0 1.6327e-18 -0.00105597 -0.000158466 -0.00898666 -1.54653e-18
15.08 0 2.74805e-18 -0.000809648 -0.000230961 -0.00689039 -8.90388e-19
15.1 0 -1.24299e-18 -0.000519494 -0.000298503 -0.00442108 7.40624e-18
15.12 0 3.4893e-19 -0.000207813 -0.000360251 -0.00176857 -1.38721e-17
15.14 0 -2.02068e-18 0.00011039 -0.000411797 0.000939456 9.32665e-18
15.16 0 -9.75748e-18 0.00041538 -0.000448395 0.00353502 -3.98729e-17
15.18 0 -4.51475e-18 0.000689375 -0.000468261 0.00586682 -4.73983e-17
15.2 0 -6.71027e-18 0.00091565 -0.000472516 0.0077925 -2.91356e-17
15.22 0 -2.60015e-18 0.00108655 -0.000461972 0.00924689 -8.75805e-18
15.24 0 1.13498e-18 0.00120607 -0.000434777 0.0102641 9.12351e-18
15.26 0 -9.29716e-18 0.00128638 -0.000388141 0.0109476 -6.16095e-17
15.28 0 5.52535e-18 0.00134002 -0.000322187 0.011404 4.92395e-17
15.3 0 -1.28225e-18 0.00137587 -0.000240937 0.0117091 -7.67564e-18
15.32 0 1.31346e-18 0.00139892 -0.000149764 0.0119053 3.26178e-18
15.34 0 -2.51404e-18 0.00141161 -5.2797e-05 0.0120133 -9.28488e-18
15.36 0 -6.54369e-19 0.00140291 4.70067e-05 0.0119393 1.61589e-18
15.38 0 2.07202e-19 0.00132065 0.000146158 0.0112392 -4.39372e-18
15.4 0 8.02009e-19 0.00115812 0.000240616 0.00985601 1.10352e-18
15.42 0 4.69633e-18 0.000942742 0.000326842 0.00802306 4.49444e-18
15.44 0 5.63912e-18 0.000680479 0.000402405 0.00579111 1.64325e-17
15.46 0 4.18142e-18 0.000400045 0.000465324 0.00340451 1.13585e-17
15.48 0 1.29508e-17 0.00010931 0.000513249 0.000930264 2.76505e-17
15.5 0 7.7932e-18 -0.000181593 0.000544058 -0.00154543 3.38815e-17
15.52 0 1.20317e-18 -0.000464937 0.000556731 -0.00395678 1.16656e-17
15.54 0 7.79893e-18 -0.000725031 0.000551199 -0.00617027 -1.26856e-17
15.56 0 1.15754e-17 -0.000945378 0.000527045 -0.0080455 4.40573e-17
15.58 0 -6.71822e-18 -0.00111547 0.000483363 -0.00949306 -2.92574e-18
15.6 0 8.49804e-18 -0.00123718 0.000420248 -0.0105288 -1.46931e-18
15.62 0 5.91195e-18 -0.00132095 0.000339669 -0.0112417 2.87692e-17
15.64 0 1.26506e-17 -0.00137837 0.000245052 -0.0117304 2.29709e-17
15.66 0 9.84602e-19 -0.00141721 0.000141213 -0.0120609 1.05791e-17
15.68 0 -3.29741e-18 -0.00144168 3.41957e-05 -0.0122692 5.53168e-19
15.7 0 -1.5792e-18 -0.0014541 -7.01249e-05 -0.0123749 -1.35724e-18
15.72 0 -6.63368e-19 -0.00144291 -0.000167585 -0.0122796 5.53911e-19
15.74 0 6.67375e-19 -0.00137263 -0.000255892 -0.0116815 -7.82394e-18
15.76 0 -4.88307e-19 -0.00124861 -0.000333336 -0.0106261 -3.28634e-19
15.78 0 -1.24097e-17 -0.00108301 -0.000397205 -0.00921683 -2.35565e-17
15.8 0 -1.09792e-18 -0.000869996 -0.000443904 -0.00740397 -2.60941e-17
15.82 0 -4.84145e-18 -0.000626754 -0.000470786 -0.0053339 3.28179e-18
15.84 0 -1.35428e-17 -0.000363033 -0.000477555 -0.00308955 8.50573e-18
15.86 0 -9.45505e-18 -9.21611e-05 -0.000466073 -0.000784328 -1.45989e-17
15.88 0 -8.61352e-18 0.000177533 -0.000438384 0.00151086 -2.64348e-17
15.9 0 -1.98719e-20 0.000434034 -0.000395199 0.00369378 2.06489e-17
15.92 0 -9.94387e-19 0.000663334 -0.000336703 0.0056452 1.68212e-17
15.94 0 1.08498e-18 0.000853776 -0.000264497 0.00726593 1.42614e-17
15.96 0 5.08029e-18 0.00100261 -0.000182563 0.00853255 1.48309e-17
15.98 0 -1.88754e-18 0.00111453 -9.66666e-05 0.00948504 4.93212e-18
16 0 7.37902e-19 0.00119674 -1.25613e-05 0.0101847 3.59884e-18
16.02 0 -1.29036e-19 0.00125516 6.61905e-05 0.0106818 -2.23461e-19
16.04 0 6.92136e-19 0.00129378 0.000139148 0.0110105 8.59077e-18
16.06 0 -2.08363e-18 0.00131523 0.000207495 0.0111931 -8.41622e-18
16.08 0 -3.33494e-18 0.00132075 0.000271051 0.01124 -2.06466e-18
16.1 0 -2.22209e-18 0.00128715 0.000326635 0.0109541 -5.35482e-18
16.12 0 1.31917e-18 0.00118011 0.000369681 0.0100431 -1.02309e-17
16.14 0 -1.13349e-17 0.0010184 0.000397257 0.00866694 -1.94062e-17
16.16 0 1.04467e-17 0.000810588 0.000409338 0.00689838 -7.05422e-19
16.18 0 1.80653e-18 0.000568802 0.000407401 0.0048407 -1.31346e-17
16.2 0 -2.2923e-19 0.000308547 0.00039165 0.00262584 -5.39705e-18
16.22 0 -5.42953e-19 3.59736e-05 0.000360228 0.000306143 -8.95916e-18
16.24 0 -5.35487e-19 -0.000238901 0.000311606 -0.00203314 -1.11713e-18
16.26 0 -2.31962e-18 -0.000499849 0.000247274 -0.0042539 -3.03556e-17
16.28 0 4.99611e-18 -0.000726636 0.000171918 -0.00618393 2.64229e-17
16.3 0 -3.57132e-18 -0.000906334 9.11171e-05 -0.00771322 -2.02304e-18
16.32 0 -4.82247e-19 -0.00103892 8.96185e-06 -0.00884155 4.44346e-18
16.34 0 -3.16744e-19 -0.00113395 -7.24014e-05 -0.00965035 7.82163e-19
16.36 0 -1.54679e-18 -0.00120188 -0.000151484 -0.0102284 -2.68559e-18
16.38 0 1.99147e-18 -0.00124849 -0.000226107 -0.0106251 -1.66512e-18
16.4 0 3.55369e-18 -0.00127478 -0.000293185 -0.0108488 -1.44982e-17
16.42 0 2.44859e-18 -0.0012797 -0.000349496 -0.0108907 -3.87605e-18
16.44 0 -5.43855e-18 -0.0012425 -0.000392571 -0.0105742 -1.74895e-18
16.46 0 1.43542e-17 -0.00113908 -0.000421057 -0.00969396 -8.80406e-18
16.48 0 -3.12032e-18 -0.000995187 -0.00043431 -0.0084694 6.15686e-18
16.5 0 -9.20679e-18 -0.000817866 -0.000432083 -0.00696033 -1.50568e-17
16.52 0 -8.87824e-18 -0.000610388 -0.000414409 -0.00519462 6.13566e-18
16.54 0 -9.53075e-19 -0.000379683 -0.000381459 -0.00323124 4.52192e-18
16.56 0 7.35242e-19 -0.000131369 -0.000333948 -0.001118 2.85421e-17
16.58 0 -2.02985e-18 0.000121869 -0.000273631 0.00103714 6.75689e-19
16.6 0 4.48682e-19 0.000366345 -0.000203302 0.00311772 1.29867e-17
16.62 0 2.96557e-19 0.000590775 -0.000126258 0.00502769 1.33623e-17
16.64 0 7.74474e-21 0.000788206 -4.58607e-05 0.00670791 2.69138e-18
16.66 0 -6.12878e-19 0.000953536 3.45651e-05 0.00811492 -1.12931e-18
16.68 0 1.59831e-18 0.00108361 0.000111833 0.00922188 1.20312e-18
16.7 0 -1.31736e-18 0.00117898 0.000183233 0.0100335 -1.19257e-17
16.72 0 1.96476e-18 0.00124408 0.000246826 0.0105876 -1.18991e-17
16.74 0 5.96683e-18 0.00128434 0.000301317 0.0109301 9.11802e-18
16.76 0 -4.13857e-18 0.00130309 0.00034558 0.0110898 -2.35499e-17
16.78 0 -1.74636e-18 0.00129661 0.000378323 0.0110346 -4.66997e-18
16.8 0 -8.0677e-18 0.00123135 0.000398256 0.0104792 -3.93185e-18
16.82 0 -4.4626e-18 0.00110132 0.000404565 0.0093726 1.45821e-17
16.84 0 -8.74116e-18 0.000930085 0.00039712 0.00791534 2.68311e-18
16.86 0 4.83269e-18 0.000719786 0.000376261 0.00612563 8.35643e-18
16.88 0 2.25825e-18 0.000484647 0.000342377 0.00412451 4.18133e-18
16.9 0 7.69146e-20 0.000226292 0.000296073 0.00192582 -1.1032e-17
16.92 0 2.37316e-18 -4.21257e-05 0.000238685 -0.000358509 9.31859e-18
16.94 0 4.44323e-19 -0.000301998 0.00017229 -0.00257011 1.0829e-17
16.96 0 -6.89932e-19 -0.000533529 9.93841e-05 -0.00454052 5.09184e-18
16.98 0 -2.03044e-19 -0.000728335 2.25222e-05 -0.00619839 5.3803e-18
17 0 -3.67339e-19 -0.000887738 -5.57392e-05 -0.00755497 -1.2613e-18
17.02 0 5.47464e-19 -0.00101554 -0.000132675 -0.00864262 -3.52031e-18
17.04 0 3.86622e-18 -0.00111286 -0.000205302 -0.0094708 2.37903e-18
17.06 0 1.06184e-18 -0.00118045 -0.0002706 -0.010046 6.05152e-18
17.08 0 -1.90993e-18 -0.00122192 -0.000325943 -0.0103989 -2.56413e-17
17.1 0 1.73035e-18 -0.00124317 -0.000369343 -0.0105798 -1.82086e-17
17.12 0 4.16736e-18 -0.00124931 -0.000399355 -0.010632 -7.81068e-18
17.14 0 5.61164e-18 -0.0012351 -0.000414859 -0.0105112 9.99512e-18
17.16 0 -2.64334e-18 -0.00118159 -0.000415106 -0.0100557 5.59793e-18
17.18 0 -7.88553e-18 -0.00108532 -0.000399816 -0.00923647 -2.17066e-17
17.2 0 5.14278e-18 -0.000946814 -0.000369363 -0.00805772 1.45604e-17
17.22 0 -4.39307e-18 -0.000771258 -0.000325103 -0.00656368 -3.09175e-18
17.24 0 6.80655e-18 -0.000572747 -0.000269321 -0.00487428 9.52213e-18
17.26 0 -1.23667e-18 -0.000358411 -0.00020456 -0.00305021 -7.7882e-18
17.28 0 1.15292e-18 -0.000132198 -0.000132957 -0.00112506 5.8266e-18
17.3 0 -2.00262e-19 0.000101648 -5.64978e-05 0.000865053 1.57873e-18
17.32 0 -2.36341e-19 0.000331702 2.20678e-05 0.0028229 -7.71636e-19
17.34 0 7.91785e-19 0.000542367 9.87877e-05 0.00461573 6.07142e-20
17.36 0 -7.56563e-19 0.000721463 0.000169361 0.0061399 -7.61852e-18
17.38 0 -1.13629e-18 0.000865694 0.000230707 0.00736735 7.14276e-18
17.4 0 4.00196e-19 0.000978011 0.000281784 0.00832321 -1.0204e-17
17.42 0 -8.86559e-19 0.00106171 0.000322812 0.00903552 -1.94948e-17
17.44 0 -1.02295e-18 0.00111763 0.000353671 0.00951145 -2.67474e-17
17.46 0 -9.81661e-18 0.00114574 0.000373106 0.00975065 -4.41407e-18
17.48 0 -5.47608e-18 0.00114719 0.000379472 0.00976301 -1.46668e-17
17.5 0 2.91016e-18 0.00111076 0.000372053 0.00945297 2.31713e-17
17.52 0 2.05064e-18 0.00102295 0.000351434 0.00870569 1.70849e-17
17.54 0 -3.83939e-18 0.000899957 0.000318829 0.00765894 -4.92339e-18
17.56 0 -1.58834e-17 0.000739748 0.000275256 0.00629551 -5.15245e-18
17.58 0 -8.3514e-19 0.000544993 0.000221065 0.00463808 -3.59047e-18
17.6 0 -7.49781e-19 0.000327956 0.000156468 0.00279101 -6.55107e-18
17.62 0 -2.08604e-19 0.000102685 8.28171e-05 0.000873881 -1.65328e-18
17.64 0 3.39424e-19 -0.000117066 3.31076e-06 -0.000996282 -5.67119e-19
17.66 0 -2.95551e-19 -0.000322807 -7.77037e-05 -0.0027472 -1.43858e-18
17.68 0 6.68302e-19 -0.000509804 -0.000156225 -0.00433861 2.68651e-18
17.7 0 2.19803e-18 -0.000674885 -0.000229491 -0.00574351 6.49844e-18
17.72 0 -1.07165e-18 -0.000814531 -0.000295637 -0.00693195 -1.36167e-17
17.74 0 3.70765e-19 -0.000925676 -0.000352802 -0.00787783 -2.25996e-17
17.76 0 -1.11217e-18 -0.0010071 -0.000398746 -0.00857078 -8.09564e-18
17.78 0 -5.07629e-18 -0.00105998 -0.000431249 -0.00902081 -1.78223e-17
17.8 0 -1.22049e-17 -0.001087 -0.000448712 -0.00925071 4.01203e-19
17.82 0 -1.47501e-18 -0.00109065 -0.000450364 -0.00928181 -1.83514e-17
17.84 0 2.56005e-19 -0.00106272 -0.000435742 -0.00904415 -2.23162e-17
17.86 0 1.04841e-18 -0.0009862 -0.000404326 -0.00839291 -1.3431e-17
17.88 0 -5.40449e-18 -0.000865899 -0.000356424 -0.00736911 -2.56856e-17
17.9 0 7.79358e-18 -0.000704753 -0.000293888 -0.00599769 5.79692e-19
17.92 0 1.71159e-18 -0.00051106 -0.000219425 -0.0043493 4.91073e-18
17.94 0 -4.38518e-19 -0.000300601 -0.000135571 -0.00255823 -7.59075e-18
17.96 0 -1.17033e-19 -8.43129e-05 -4.46574e-05 -0.000717537 -4.04781e-18
17.98 0 -4.94279e-19 0.00012924 5.01963e-05 0.00109987 -9.47838e-19
18 0 9.40998e-19 0.000333467 0.000144392 0.00283791 7.97623e-18
18.02 0 -1.60621e-18 0.000520621 0.000232618 0.00443066 -2.36808e-17
18.04 0 -4.36809e-19 0.000683627 0.000310634 0.0058179 4.06021e-18
18.06 0 2.23589e-19 0.000818436 0.000376403 0.00696517 -2.75217e-17
18.08 0 2.46714e-18 0.000925131 0.000429517 0.00787318 -1.07002e-17
18.1 0 5.83212e-19 0.00100592 0.000469662 0.00856075 -3.45083e-17
18.12 0 3.932e-18 0.00106272 0.000495743 0.00904408 3.8429e-18
18.14 0 -3.51467e-19 0.00109629 0.00050636 0.0093298 2.28611e-17
18.16 0 -1.91549e-18 0.00110694 0.000500756 0.00942044 6.9398e-19
18.18 0 -2.47816e-17 0.00109001 0.000478936 0.00927633 2.60303e-17
18.2 0 1.42936e-18 0.00103104 0.00044131 0.00877453 4.67933e-18
18.22 0 -1.3348e-18 0.000930373 0.00038891 0.00791779 9.7299e-19
18.24 0 5.11539e-18 0.000791418 0.000323394 0.00673524 2.12887e-17
18.26 0 -1.69198e-18 0.000614567 0.0002465 0.00523017 2.47571e-18
18.28 0 5.9432e-19 0.0004102 0.000160115 0.00349094 7.05381e-18
18.3 0 -8.80481e-19 0.000187693 6.7029e-05 0.00159733 -1.62046e-18
18.32 0 -5.82141e-19 -4.15237e-05 -2.8665e-05 -0.000353386 -2.35718e-18
18.34 0 -1.07036e-18 -0.000268111 -0.000122327 -0.00228172 -6.57257e-18
18.36 0 2.27069e-18 -0.000482776 -0.000210136 -0.0041086 1.90076e-17
18.38 0 4.00733e-18 -0.000676579 -0.000289777 -0.00575793 2.85935e-17
18.4 0 -4.82801e-18 -0.000841524 -0.000359915 -0.00716167 7.04332e-18
18.42 0 -1.07957e-18 -0.000973216 -0.000419224 -0.00828241 1.78447e-17
18.44 0 -8.65341e-18 -0.0010717 -0.000466018 -0.00912051 -2.95889e-17
18.46 0 -8.55656e-18 -0.00113987 -0.00049871 -0.00970073 -3.19964e-17
18.48 0 7.4513e-18 -0.0011809 -0.000516419 -0.0100499 1.84627e-17
18.5 0 5.4831e-18 -0.00119678 -0.000519041 -0.010185 -1.94339e-17
18.52 0 -1.01847e-17 -0.00118446 -0.000506498 -0.0100802 3.85118e-17
18.54 0 -1.0061e-17 -0.00112528 -0.000477903 -0.00957655 -2.84362e-17
18.56 0 -4.91608e-18 -0.00101842 -0.000432483 -0.00866712 -2.5123e-19
18.58 0 8.70931e-18 -0.000874645 -0.000371519 -0.00744354 1.44267e-17
18.6 0 -7.06943e-18 -0.000694266 -0.000298245 -0.00590845 1.03857e-18
18.62 0 6.31219e-19 -0.000488446 -0.000216036 -0.00415685 -5.89715e-18
18.64 0 2.82159e-19 -0.000263342 -0.00012741 -0.00224114 -6.96761e-19
18.66 0 -3.94632e-19 -2.9746e-05 -3.47711e-05 -0.000253154 3.1429e-18
18.68 0 -2.08303e-18 0.000201545 5.83059e-05 0.00171522 9.48062e-18
18.7 0 -5.83551e-18 0.000418946 0.000147088 0.00356538 -2.02843e-17
18.72 0 2.78801e-19 0.000614037 0.000227139 0.00522566 1.55746e-17
18.74 0 -5.56128e-18 0.000781398 0.000295717 0.00664997 -1.17458e-17
18.76 0 -4.79026e-18 0.000918145 0.000351793 0.00781373 3.15539e-18
18.78 0 -8.3895e-18 0.00102313 0.000394937 0.00870715 -6.93022e-18
18.8 0 7.88162e-18 0.00109742 0.000424361 0.00933941 3.30548e-18
18.82 0 1.22354e-17 0.00114417 0.000438958 0.00973725 5.70644e-17
18.84 0 -2.21447e-17 0.00116729 0.000438015 0.00993401 -1.45507e-17
18.86 0 -1.11538e-17 0.00116954 0.000421596 0.00995321 -8.09694e-18
18.88 0 -5.38385e-19 0.00114242 0.000390338 0.00972241 -5.17573e-18
18.9 0 1.43563e-17 0.00106743 0.000345435 0.00908418 -6.6425e-18
18.92 0 3.43513e-18 0.000949181 0.000288851 0.00807786 -8.93089e-19
18.94 0 -3.15768e-18 0.000791437 0.000222889 0.0067354 5.31989e-18
18.96 0 3.85102e-19 0.000599573 0.000149628 0.00510257 -1.25944e-18
18.98 0 3.92735e-19 0.000386445 7.11339e-05 0.00328878 4.4512e-18
19 0 2.39091e-18 0.000160972 -9.82176e-06 0.00136992 4.93793e-18
19.02 0 -1.32152e-18 -6.69867e-05 -8.95129e-05 -0.000570085 3.80544e-18
19.04 0 -1.99542e-18 -0.000287811 -0.000164112 -0.00244937 -2.225e-19
19.06 0 -3.72377e-18 -0.000490947 -0.000230944 -0.00417813 -1.08623e-17
19.08 0 -2.79917e-18 -0.000667987 -0.000288881 -0.00568481 -1.74823e-17
19.1 0 -2.05376e-18 -0.000814193 -0.000337471 -0.00692907 5.07153e-18
19.12 0 1.88053e-19 -0.000928732 -0.000375761 -0.00790384 8.20924e-18
19.14 0 5.26936e-18 -0.00101311 -0.000402082 -0.00862191 2.60192e-17
19.16 0 -3.28392e-18 -0.00106978 -0.000414987 -0.0091042 -2.65852e-17
19.18 0 -4.9852e-18 -0.00110123 -0.000414243 -0.00937183 -1.80468e-17
19.2 0 -2.46766e-18 -0.00110932 -0.000400616 -0.00944074 -1.63875e-18
19.22 0 -1.65056e-18 -0.00108835 -0.000374717 -0.00926224 -8.93455e-18
19.24 0 -3.60459e-18 -0.0010224 -0.000336507 -0.00870102 -6.89725e-18
19.26 0 4.83414e-20 -0.000916017 -0.000286131 -0.00779563 -3.83677e-18
19.28 0 1.24e-18 -0.000776953 -0.000224912 -0.00661215 2.82318e-18
19.3 0 6.85387e-19 -0.000609466 -0.000155437 -0.00518678 5.43123e-18
19.32 0 -5.13655e-19 -0.000424646 -8.09343e-05 -0.00361389 3.37073e-19
19.34 0 9.4608e-19 -0.000228617 -4.59791e-06 -0.00194561 -2.33624e-18
19.36 0 -3.72382e-19 -2.89896e-05 7.06245e-05 -0.000246716 6.34057e-18
19.38 0 -2.60194e-18 0.000167178 0.000141844 0.00142273 -7.66943e-18
19.4 0 -3.4441e-18 0.000352086 0.000206094 0.00299637 -8.30031e-18
19.42 0 2.55652e-18 0.000519626 0.000260589 0.00442219 -2.02705e-18
19.44 0 2.34256e-18 0.000665431 0.000303259 0.00566304 9.66519e-18
19.46 0 -3.82193e-18 0.000786782 0.000333031 0.00669578 -1.44146e-17
19.48 0 -1.87828e-18 0.000882277 0.000349629 0.00750848 5.7224e-18
19.5 0 8.28487e-19 0.00095213 0.000353135 0.00810296 6.62776e-18
19.52 0 -4.66445e-18 0.000997758 0.000343653 0.00849126 7.18152e-18
19.54 0 1.47964e-20 0.00102061 0.000321221 0.00868578 -2.35986e-18
19.56 0 1.0026e-17 0.00102115 0.000286238 0.00869034 -7.50964e-19
19.58 0 9.58834e-19 0.000991272 0.00024006 0.00843607 7.39009e-18
19.6 0 2.42841e-18 0.000918549 0.000184881 0.00781717 1.2435e-17
19.62 0 -1.438e-18 0.000811789 0.000123163 0.00690861 1.84787e-18
19.64 0 -9.48869e-19 0.000675196 5.73627e-05 0.00574614 5.63165e-19
19.66 0 6.8826e-19 0.000513771 -9.86815e-06 0.00437237 -2.26074e-19
19.68 0 -5.31765e-19 0.000336642 -7.55356e-05 0.00286494 -1.14267e-18
19.7 0 1.76946e-18 0.000150008 -0.000136671 0.00127661 1.05383e-17
19.72 0 -5.55186e-19 -3.92246e-05 -0.000190845 -0.00033382 -1.88164e-18
19.74 0 2.50165e-19 -0.000224003 -0.000236339 -0.00190635 5.88746e-18
19.76 0 6.80596e-18 -0.000396136 -0.000271962 -0.00337126 -5.4352e-19
19.78 0 3.16672e-19 -0.000548502 -0.000296907 -0.00466795 -1.37924e-17
19.8 0 9.10208e-19 -0.000676585 -0.000310759 -0.00575798 -1.30897e-17
19.82 0 -3.50439e-18 -0.000778976 -0.000313477 -0.00662936 -4.12196e-17
19.84 0 3.08486e-18 -0.000856051 -0.000305167 -0.0072853 -1.1125e-18
19.86 0 1.23917e-18 -0.000908525 -0.000285806 -0.00773187 9.95044e-18
19.88 0 -2.05709e-18 -0.000936796 -0.000255472 -0.00797246 -1.13381e-17
19.9 0 -1.02032e-18 -0.000941034 -0.000214965 -0.00800854 3.44889e-18
19.92 0 -8.39875e-20 -0.000916071 -0.000165988 -0.00779609 2.3758e-18
19.94 0 7.24792e-19 -0.000852426 -0.000110746 -0.00725445 4.25032e-18
19.96 0 -4.80626e-19 -0.000756394 -5.15162e-05 -0.00643718 -2.84109e-18
19.98 0 -1.11986e-18 -0.000631674 9.52566e-06 -0.00537577 -3.12185e-18
20 0 -4.90689e-18 -0.000481184 7.02369e-05 -0.00409505 -1.00341e-17
20.02 0 1.8849e-18 -0.000312292 0.000128441 -0.00265772 1.1504e-18
20.04 0 1.05305e-18 -0.000130624 0.00018203 -0.00111166 2.88415e-17
20.06 0 7.22777e-18 5.61065e-05 0.000229125 0.000477481 1.84726e-17
20.08 0 2.02161e-18 0.000239334 0.0002682 0.00203681 2.66504e-18
20.1 0 4.76865e-18 0.000409846 0.000298086 0.00348793 8.55314e-18
20.12 0 4.84654e-18 0.000560702 0.000317894 0.00477176 4.83715e-18
20.14 0 9.82702e-19 0.000688295 0.00032689 0.00585762 1.1668e-17
20.16 0 2.01815e-18 0.000791637 0.000324404 0.0067371 -1.04675e-19
20.18 0 1.75579e-18 0.00087043 0.000309824 0.00740765 2.76482e-17
20.2 0 -1.4246e-18 0.00092444 0.000282951 0.0078673 8.07386e-19
20.22 0 1.22088e-18 0.000954051 0.000244524 0.0081193 2.35481e-17
20.24 0 -4.98636e-18 0.000960428 0.000196284 0.00817357 5.88555e-18
20.26 0 -7.08776e-18 0.000941221 0.000140501 0.00801012 -5.73235e-18
20.28 0 8.03489e-19 0.000888433 7.95628e-05 0.00756087 -8.10141e-18
20.3 0 2.91088e-19 0.000804483 1.59151e-05 0.00684643 -4.46469e-19
20.32 0 7.8342e-19 0.000692114 -4.79368e-05 0.00589012 -6.01417e-19
20.34 0 2.45921e-19 0.000553408 -0.00010953 0.00470969 -9.52838e-19
20.36 0 -1.42621e-18 0.00039514 -0.000166566 0.00336277 2.51879e-18
20.38 0 -5.3228e-18 0.00022181 -0.000217006 0.00188767 1.85689e-17
20.4 0 1.06361e-18 3.92837e-05 -0.000259192 0.000334313 3.33665e-18
20.42 0 2.33952e-19 -0.000145402 -0.000292021 -0.00123742 1.59069e-18
20.44 0 -3.09712e-18 -0.000323412 -0.000314975 -0.00275235 -2.10982e-18
20.46 0 -6.54347e-19 -0.000487024 -0.000327889 -0.00414474 -8.14198e-18
20.48 0 7.33276e-18 -0.000631169 -0.000330657 -0.00537148 1.98396e-17
20.5 0 6.63035e-19 -0.000753096 -0.000323068 -0.00640912 2.6552e-17
20.52 0 -4.56712e-18 -0.0008507 -0.000304937 -0.00723976 1.23622e-17
20.54 0 -1.40541e-18 -0.000922201 -0.000276605 -0.00784825 1.10599e-17
20.56 0 -1.28218e-18 -0.000967022 -0.000239337 -0.0082297 1.61766e-17
20.58 0 4.61864e-20 -0.000986296 -0.000195041 -0.00839372 -8.63281e-18
20.6 0 -1.15764e-18 -0.000981856 -0.00014564 -0.00835594 2.54878e-18
20.62 0 -1.35551e-18 -0.000946037 -9.26718e-05 -0.00805111 -1.9182e-18
20.64 0 -2.76446e-19 -0.000875794 -3.7464e-05 -0.00745331 9.91455e-19
20.66 0 -4.44817e-18 -0.000775966 1.85465e-05 -0.00660374 -4.04122e-18
20.68 0 -4.93687e-19 -0.000645293 7.37053e-05 -0.00549167 1.22139e-17
20.7 0 -1.71355e-18 -0.000492179 0.000126225 -0.00418862 5.46803e-18
20.72 0 -1.06848e-18 -0.000323236 0.000174418 -0.00275086 -1.7964e-17
20.74 0 -1.11728e-19 -0.000146123 0.000216851 -0.00124356 1.87073e-17
20.76 0 5.79496e-18 3.3921e-05 0.000252346 0.000288675 -8.889e-18
20.78 0 6.29908e-18 0.000211122 0.000279813 0.00179672 3.96076e-18
20.8 0 7.6183e-19 0.000379136 0.000298131 0.00322658 6.79236e-18
20.82 0 -2.74701e-19 0.000531314 0.000306299 0.00452166 -2.31741e-17
20.84 0 3.84135e-18 0.000662708 0.00030379 0.00563987 4.87989e-18
20.86 0 -1.55758e-18 0.000770853 0.000290693 0.00656022 -3.20105e-18
20.88 0 2.98326e-19 0.00085539 0.00026755 0.00727966 -1.30695e-17
20.9 0 3.65053e-18 0.000917022 0.000235187 0.00780417 -9.8469e-19
20.92 0 -3.63884e-18 0.000956831 0.000194719 0.00814296 1.02245e-17
20.94 0 -3.53056e-18 0.000975859 0.000147605 0.00830489 -1.58159e-18
20.96 0 3.29305e-18 0.000974817 9.56734e-05 0.00829602 2.78802e-18
20.98 0 8.48076e-20 0.000948966 4.10233e-05 0.00807603 1.41688e-18
21 0 -1.24796e-18 0.000889778 -1.41549e-05 0.00757232 5.17377e-18
21.02 0 2.42068e-18 0.000803054 -6.77903e-05 0.00683426 3.85908e-18
21.04 0 3.22844e-18 0.000692271 -0.000118036 0.00589146 -1.38798e-18
21.06 0 3.28752e-18 0.000561382 -0.000163167 0.00477755 6.67511e-18
21.08 0 -2.12866e-18 0.000417193 -0.00020153 0.00355045 -1.24724e-18
21.1 0 -2.84439e-18 0.000263596 -0.000231664 0.00224329 -4.01046e-18
21.12 0 5.83302e-18 0.00010495 -0.000252522 0.000893153 2.00194e-17
21.14 0 1.09269e-18 -5.34448e-05 -0.000263565 -0.000454839 8.07599e-18
21.16 0 5.72285e-21 -0.000204311 -0.000264657 -0.00173876 1.34112e-18
21.18 0 -3.60889e-18 -0.000340839 -0.000255829 -0.00290066 -1.27723e-17
21.2 0 9.16821e-19 -0.000458726 -0.000237116 -0.00390392 -2.66585e-17
21.22 0 3.90416e-18 -0.000556713 -0.000208725 -0.00473783 1.31274e-17
21.24 0 -6.68395e-19 -0.000635085 -0.000171441 -0.0054048 -4.85469e-18
21.26 0 9.44396e-19 -0.000694138 -0.000126786 -0.00590736 -1.24788e-18
21.28 0 -1.75093e-19 -0.000733713 -7.6757e-05 -0.00624416 1.22581e-19
21.3 0 -8.50596e-19 -0.000753654 -2.34107e-05 -0.00641387 -7.65781e-18
21.32 0 -1.26086e-18 -0.000754262 3.14055e-05 -0.00641903 -1.02076e-17
21.34 0 1.66627e-18 -0.000733724 8.60159e-05 -0.00624425 -8.76276e-18
21.36 0 1.25036e-17 -0.000688245 0.000138658 -0.00585721 -4.54733e-18
21.38 0 -4.17756e-18 -0.000622632 0.000187343 -0.00529882 -6.72332e-18
21.4 0 5.55488e-19 -0.000540228 0.000230033 -0.00459754 -2.45774e-18
21.42 0 -7.58597e-18 -0.000443238 0.000265016 -0.00377212 1.09868e-17
21.44 0 -1.00372e-17 -0.000335503 0.000291196 -0.00285525 -3.50015e-17
21.46 0 -3.72497e-18 -0.00021935 0.000308054 -0.00186675 -1.88368e-17
21.48 0 9.81041e-18 -9.82741e-05 0.000315306 -0.000836352 -7.18744e-18
21.5 0 -1.06222e-18 2.3477e-05 0.000312495 0.000199793 7.26664e-18
21.52 0 -2.91126e-18 0.000141031 0.000298796 0.00120022 1.27258e-17
21.54 0 -2.05652e-18 0.000250513 0.000273425 0.00213195 -3.61213e-17
21.56 0 3.28669e-18 0.000349429 0.000236511 0.00297376 -3.32191e-18
21.58 0 7.35213e-19 0.000435984 0.000189593 0.00371037 -3.84841e-18
21.6 0 -2.08892e-18 0.000507978 0.000135199 0.00432306 3.72562e-18
21.62 0 1.96444e-18 0.000562889 7.59316e-05 0.00479038 5.06213e-18
21.64 0 -1.40313e-19 0.000598964 1.38275e-05 0.00509738 3.13547e-18
21.66 0 4.08595e-19 0.000616083 -4.95071e-05 0.00524308 -5.03417e-18
21.68 0 6.30848e-19 0.000615489 -0.000112238 0.00523802 1.61995e-18
21.7 0 -2.58771e-18 0.000597482 -0.000171863 0.00508478 -1.35149e-18
21.72 0 -2.21164e-18 0.000561054 -0.00022552 0.00477476 -1.73038e-17
21.74 0 4.65877e-18 0.000509479 -0.000270852 0.00433584 -1.64968e-17
21.76 0 -2.55382e-18 0.000445005 -0.000306663 0.00378714 -2.00416e-17
21.78 0 6.73979e-18 0.000369758 -0.0003328 0.00314676 6.52269e-19
21.8 0 -1.54986e-19 0.000287672 -0.000349419 0.00244819 -1.91321e-17
21.82 0 -3.09174e-18 0.000203051 -0.000356314 0.00172803 4.5354e-18
21.84 0 5.11236e-18 0.000121032 -0.000352802 0.00103002 -3.86912e-18
21.86 0 -7.70441e-18 4.59489e-05 -0.000338091 0.000391036 3.30434e-18
21.88 0 2.7903e-18 -1.94857e-05 -0.000311906 -0.000165835 7.35928e-18
21.9 0 -3.82328e-18 -7.44973e-05 -0.000275051 -0.000634003 -4.80829e-18
21.92 0 2.57738e-18 -0.000119072 -0.000229322 -0.00101335 -7.75853e-18
21.94 0 1.95233e-18 -0.000152654 -0.000176792 -0.00129915 1.08223e-17
21.96 0 -1.36079e-18 -0.000173979 -0.00011918 -0.00148063 2.74026e-18
21.98 0 -6.20975e-19 -0.000182274 -5.77579e-05 -0.00155122 -4.81186e-19
22 0 2.2033e-18 -0.000178346 6.17094e-06 -0.0015178 -4.86379e-19
22.02 0 1.93001e-18 -0.00016403 7.0667e-05 -0.00139595 6.69282e-18
22.04 0 -1.42529e-18 -0.000141054 0.000132989 -0.00120042 -2.98905e-18
22.06 0 5.2068e-19 -0.000111189 0.000190087 -0.000946266 -3.76757e-18
22.08 0 1.79003e-18 -7.51381e-05 0.000239431 -0.000639457 1.3853e-17
22.1 0 8.80572e-19 -3.39836e-05 0.000279531 -0.000289217 1.16078e-17
22.12 0 3.01292e-18 9.87007e-06 0.000309806 8.39928e-05 -1.71108e-18
22.14 0 8.53626e-18 5.3097e-05 0.000329991 0.000451869 -7.60527e-18
22.16 0 1.06248e-17 9.21431e-05 0.000339598 0.000784165 -6.99251e-18
22.18 0 7.3949e-18 0.000124457 0.000337801 0.00105916 -2.77289e-18
22.2 0 1.028e-18 0.000149138 0.000323678 0.00126921 2.62148e-18
22.22 0 7.33395e-18 0.000166556 0.000296696 0.00141745 -4.72722e-19
22.24 0 2.25647e-18 0.000177148 0.000257376 0.00150758 -2.29968e-17
22.26 0 -3.94071e-18 0.000180413 0.000207496 0.00153537 -5.67989e-18
22.28 0 -1.5036e-18 0.000174932 0.000149393 0.00148872 -2.48206e-18
22.3 0 3.206e-18 0.000159518 8.51387e-05 0.00135755 2.11295e-18
22.32 0 -2.12517e-19 0.0001347 1.64835e-05 0.00114634 3.13559e-19
22.34 0 3.28751e-19 0.000102739 -5.44603e-05 0.000874336 -2.48378e-18
22.36 0 -1.26389e-18 6.62015e-05 -0.000124707 0.000563392 -6.99121e-18
22.38 0 -2.43864e-18 2.68757e-05 -0.000190796 0.000228717 5.73608e-18
22.4 0 -3.5696e-18 -1.42733e-05 -0.000249836 -0.000121475 5.64444e-18
22.42 0 -1.9063e-19 -5.61488e-05 -0.000300181 -0.000477851 -2.08042e-18
22.44 0 -1.79288e-18 -9.6964e-05 -0.000341118 -0.000825202 1.03939e-17
22.46 0 5.1564e-18 -0.000134556 -0.000372048 -0.00114513 -9.09105e-18
22.48 0 1.60194e-18 -0.000167111 -0.000392084 -0.00142218 -8.75617e-18
22.5 0 8.0826e-18 -0.000193357 -0.000400386 -0.00164554 -1.33368e-19
22.52 0 -1.57367e-18 -0.000212037 -0.000396586 -0.00180451 9.61916e-18
22.54 0 -4.42187e-19 -0.000221299 -0.000380613 -0.00188334 -1.31576e-17
22.56 0 3.84726e-18 -0.000218931 -0.000352403 -0.00186318 -4.38913e-18
22.58 0 3.89066e-18 -0.000203456 -0.000312348 -0.00173149 1.78072e-17
22.6 0 -4.09642e-18 -0.000175041 -0.000261866 -0.00148967 2.80823e-17
22.62 0 -1.93964e-18 -0.000135413 -0.00020331 -0.00115242 5.40888e-18
22.64 0 -5.63847e-19 -8.60349e-05 -0.000139368 -0.000732192 1.23668e-18
22.66 0 -1.08358e-18 -2.72052e-05 -7.25178e-05 -0.00023153 1.74506e-18
22.68 0 1.19571e-19 4.12039e-05 -4.90129e-06 0.000350655 -1.38172e-18
22.7 0 6.70068e-18 0.000117825 6.14326e-05 0.00100272 -2.09421e-19
22.72 0 5.89787e-18 0.000198322 0.000124301 0.00168778 9.20163e-19
22.74 0 -8.47997e-19 0.000276458 0.000181469 0.00235275 2.76454e-17
22.76 0 1.05078e-17 0.000346866 0.000230989 0.00295195 1.22659e-17
22.78 0 7.09412e-18 0.000406934 0.000271456 0.00346314 2.88477e-18
22.8 0 -2.90352e-18 0.000456123 0.000301932 0.00388176 -2.11568e-17
22.82 0 1.2296e-17 0.000493834 0.000321659 0.0042027 4.21392e-18
22.84 0 1.13224e-18 0.000518099 0.00032988 0.0044092 -2.03961e-17
22.86 0 4.7144e-18 0.000526091 0.000325867 0.00447722 -1.09627e-17
22.88 0 -3.46793e-18 0.000515254 0.000309115 0.00438498 1.15643e-17
22.9 0 3.91485e-18 0.000483989 0.000279798 0.00411891 -5.22398e-18
22.92 0 -3.82636e-18 0.000433543 0.00023918 0.00368959 9.48751e-18
22.94 0 9.2329e-19 0.000366405 0.000189379 0.00311823 8.67351e-18
22.96 0 4.29396e-18 0.000285155 0.000132747 0.00242677 2.05882e-18
22.98 0 -1.80236e-18 0.000192914 7.15349e-05 0.00164176 1.94428e-18
23 0 7.75179e-19 9.2415e-05 7.97172e-06 0.000786479 8.17099e-19
23.02 0 5.33311e-20 -1.36004e-05 -5.5591e-05 -0.000115749 1.69055e-18
23.04 0 3.20969e-19 -0.000122124 -0.000116775 -0.00103933 8.31023e-18
23.06 0 1.02707e-18 -0.000229272 -0.000173406 -0.00195119 8.7505e-19
23.08 0 4.44194e-18 -0.000330651 -0.000223602 -0.00281396 1.5288e-17
23.1 0 -1.91392e-19 -0.000422487 -0.000265724 -0.00359552 6.12888e-18
23.12 0 1.55731e-18 -0.000502604 -0.000298397 -0.00427734 1.70659e-17
23.14 0 -7.64165e-19 -0.000570175 -0.000320637 -0.00485239 1.11812e-17
23.16 0 -4.85053e-19 -0.000624611 -0.000331917 -0.00531566 -1.47551e-17
23.18 0 7.51809e-19 -0.000664581 -0.000332057 -0.00565582 -5.26394e-18
23.2 0 -4.69738e-18 -0.00068781 -0.000321006 -0.00585351 -1.73582e-17
23.22 0 5.44002e-18 -0.000691542 -0.000298813 -0.00588527 3.44906e-18
23.24 0 -3.31462e-18 -0.000672002 -0.00026603 -0.00571898 -2.24821e-17
23.26 0 -2.80799e-18 -0.000625298 -0.000224087 -0.00532151 -8.08998e-18
23.28 0 1.12805e-18 -0.000554613 -0.00017509 -0.00471995 -1.44022e-17
23.3 0 -6.27495e-19 -0.00046375 -0.000121179 -0.00394668 3.40775e-18
23.32 0 -8.20597e-19 -0.000355751 -6.40957e-05 -0.00302757 1.19713e-20
23.34 0 1.8395e-18 -0.000234263 -5.32192e-06 -0.00199367 -1.60115e-18
23.36 0 2.81777e-18 -0.000101544 5.34847e-05 -0.000864183 3.10717e-18
23.38 0 2.97658e-18 3.91823e-05 0.000110257 0.00033345 -4.25555e-18
23.4 0 -1.73828e-18 0.00018329 0.000162711 0.00155986 -3.63651e-17
23.42 0 -7.60215e-18 0.000324577 0.000208756 0.00276225 -2.08007e-17
23.44 0 -2.6765e-18 0.000456822 0.000246772 0.00388771 -8.02742e-18
23.46 0 5.16445e-18 0.00057506 0.000275601 0.00489396 1.00152e-17
23.48 0 -7.0807e-18 0.000676209 0.000294384 0.00575477 -2.14108e-17
23.5 0 -3.10141e-18 0.000758768 0.000302522 0.00645738 -1.36189e-17
23.52 0 -4.2475e-18 0.000822125 0.000299793 0.00699657 -9.06927e-18
23.54 0 -1.51744e-18 0.00086581 0.000286401 0.00736834 -2.39045e-17
23.56 0 8.35345e-19 0.000889175 0.000262845 0.00756718 1.14703e-17
23.58 0 2.32333e-19 0.000891631 0.000229907 0.00758809 -7.21452e-18
23.6 0 -3.81429e-19 0.000870413 0.000188729 0.00740752 -7.65425e-18
23.62 0 -1.73825e-18 0.000821085 0.000140773 0.00698771 1.19487e-18
23.64 0 -3.04061e-18 0.000748119 8.77406e-05 0.00636675 -3.64291e-18
23.66 0 7.96199e-19 0.00065401 3.15248e-05 0.00556585 -2.77842e-18
23.68 0 3.16639e-19 0.000540016 -2.5781e-05 0.00459572 -1.0516e-18
23.7 0 1.55678e-18 0.000409676 -8.19548e-05 0.00348648 -6.79495e-18
23.72 0 4.52727e-18 0.000265923 -0.000134825 0.00226309 2.50588e-18
23.74 0 -1.43968e-18 0.000113497 -0.000182415 0.000965893 -3.4898e-18
23.76 0 1.67263e-18 -4.16371e-05 -0.000223021 -0.000354352 -5.21456e-18
23.78 0 -4.51137e-18 -0.000192145 -0.000255281 -0.00163522 4.093e-18
23.8 0 2.1638e-18 -0.000331006 -0.000278224 -0.00281698 4.95666e-18
23.82 0 -7.36647e-19 -0.000453024 -0.000291296 -0.0038554 2.36117e-18
23.84 0 -4.7695e-19 -0.00055573 -0.000294349 -0.00472946 -2.05063e-17
23.86 0 6.08922e-18 -0.000638662 -0.000287579 -0.00543524 3.37525e-17
23.88 0 -3.78818e-18 -0.000701969 -0.000271366 -0.00597401 2.84927e-18
23.9 0 2.60117e-18 -0.000745427 -0.000246191 -0.00634385 3.02499e-18
23.92 0 -7.56313e-19 -0.00076832 -0.000212764 -0.00653868 -5.72169e-18
23.94 0 -2.22859e-18 -0.000769684 -0.000172154 -0.00655028 -5.49375e-18
23.96 0 6.79917e-19 -0.000745565 -0.000125762 -0.00634503 -1.83138e-18
23.98 0 1.09539e-18 -0.000689951 -7.5284e-05 -0.00587173 -2.24073e-18
24 0 2.38952e-18 -0.000607784 -2.27204e-05 -0.00517246 -1.09995e-18
24.02 0 3.15865e-18 -0.000503278 2.97526e-05 -0.00428308 9.08153e-18
24.04 0 -2.12007e-19 -0.000379855 8.01218e-05 -0.0032327 -1.64637e-18
24.06 0 8.20789e-19 -0.000242484 0.000126881 -0.00206362 -7.91432e-18
24.08 0 -6.17682e-18 -9.43478e-05 0.000169044 -0.000802938 -6.58805e-18
24.1 0 9.1843e-19 5.94574e-05 0.00020577 0.000505999 -1.18376e-18
24.12 0 -2.4775e-18 0.000211795 0.000235976 0.00180245 2.02125e-17
24.14 0 -8.66798e-18 0.000354122 0.000258358 0.0030137 -2.25056e-17
24.16 0 -5.73907e-18 0.000479778 0.000271845 0.00408307 -2.59435e-17
24.18 0 9.67933e-18 0.000585665 0.000276116 0.00498421 1.59424e-17
24.2 0 -7.66462e-19 0.000671597 0.000271617 0.00571552 2.64905e-17
24.22 0 1.97689e-18 0.000738054 0.00025902 0.00628109 -1.10481e-17
24.24 0 4.43332e-18 0.000784709 0.000238653 0.00667814 -2.97117e-18
24.26 0 2.27315e-18 0.000810358 0.000210554 0.00689642 -8.59491e-18
24.28 0 1.94349e-18 0.000813556 0.000175048 0.00692364 3.21655e-18
24.3 0 4.93759e-18 0.000790309 0.00013331 0.0067258 8.32648e-18
24.32 0 -1.06984e-18 0.000734401 8.73682e-05 0.00625 -6.41875e-18
24.34 0 1.18133e-18 0.000650045 3.95257e-05 0.00553211 -2.5295e-18
24.36 0 1.23468e-19 0.000541669 -8.34191e-06 0.00460979 5.86447e-19
24.38 0 -2.19052e-18 0.000413482 -5.50308e-05 0.00351887 -3.14712e-18
24.4 0 2.1504e-18 0.000272367 -9.96725e-05 0.00231793 -5.11511e-18
24.42 0 9.2088e-19 0.000123544 -0.000141232 0.0010514 -4.88598e-18
24.44 0 -4.49044e-19 -2.70167e-05 -0.000178292 -0.000229927 -6.2095e-18
24.46 0 5.46905e-18 -0.000173308 -0.000209283 -0.00147492 -3.20529e-18
24.48 0 1.14847e-18 -0.000309239 -0.000232935 -0.00263174 1.28849e-17
24.5 0 -1.91713e-18 -0.000430145 -0.000248625 -0.00366069 -1.85762e-17
24.52 0 2.00964e-19 -0.000532978 -0.000256349 -0.00453584 9.26156e-18
24.54 0 3.72083e-19 -0.000615666 -0.000256323 -0.00523954 3.0523e-17
24.56 0 2.11532e-18 -0.000676149 -0.000248562 -0.00575427 2.98771e-18
24.58 0 -3.6025e-18 -0.000712342 -0.000232907 -0.00606229 -1.01549e-17
24.6 0 2.59178e-18 -0.000722732 -0.00020952 -0.0061507 -2.37343e-18
24.62 0 -1.1393e-19 -0.000704876 -0.000179359 -0.00599874 2.91667e-18
24.64 0 -1.39233e-18 -0.000653822 -0.000144027 -0.00556426 -7.24898e-18
24.66 0 -1.1756e-18 -0.000572683 -0.000105174 -0.00487373 1.1494e-19
24.68 0 -9.71163e-19 -0.000465244 -6.40052e-05 -0.00395939 1.77836e-18
24.7 0 -2.08125e-18 -0.000333412 -2.13371e-05 -0.00283746 1.57654e-18
24.72 0 2.75119e-19 -0.000183216 2.19037e-05 -0.00155923 7.83855e-18
24.74 0 4.35733e-18 -2.07093e-05 6.43278e-05 -0.000176248 -9.83178e-18
24.76 0 1.9297e-18 0.0001464 0.000104237 0.00124591 6.07685e-18
24.78 0 -9.87139e-19 0.000310937 0.000140103 0.00264618 -1.35708e-18
24.8 0 1.90166e-18 0.000466114 0.000170856 0.00396679 1.42776e-17
24.82 0 4.16207e-18 0.000606294 0.000195787 0.00515977 1.62852e-17
24.84 0 4.95649e-18 0.000727133 0.0002143 0.00618815 -4.48797e-19
24.86 0 7.2956e-19 0.000825855 0.000225854 0.00702831 1.28352e-17
24.88 0 -6.67022e-18 0.000900847 0.000230094 0.00766651 -6.27118e-20
24.9 0 -1.11385e-18 0.00095121 0.000226964 0.00809512 8.17153e-18
24.92 0 -5.85418e-18 0.000976518 0.000216649 0.0083105 -2.89325e-18
24.94 0 -3.09038e-18 0.000976772 0.000199465 0.00831266 -3.52086e-20
24.96 0 7.41584e-19 0.000947018 0.000175898 0.00805944 5.21606e-18
24.98 0 -3.94829e-18 0.000879925 0.000146707 0.00748847 -1.17793e-17
25 0 2.64617e-18 0.000782991 0.000112936 0.00666352 -1.96522e-18
25.02 0 1.20359e-18 0.000657926 7.57843e-05 0.00559918 3.58099e-19
25.04 0 -1.37982e-19 0.00050635 3.65042e-05 0.00430921 -9.75429e-19
25.06 0 -6.34012e-19 0.00033412 -3.61502e-06 0.00284347 1.75989e-18
25.08 0 -1.22494e-18 0.000147432 -4.32208e-05 0.00125469 -1.583e-18
25.1 0 3.49368e-19 -4.55364e-05 -8.08979e-05 -0.000387535 -1.40483e-18
25.12 0 1.09447e-18 -0.000236968 -0.00011527 -0.00201668 3.80254e-18
25.14 0 -1.43634e-18 -0.000419512 -0.000145155 -0.0035702 5.71528e-18
25.16 0 -3.35361e-19 -0.000586919 -0.00016968 -0.00499489 -1.21823e-17
25.18 0 2.53545e-18 -0.000733871 -0.000188297 -0.00624551 -3.00841e-18
25.2 0 -2.2234e-18 -0.000856403 -0.000200667 -0.00728829 -1.2941e-17
25.22 0 4.12733e-18 -0.000952331 -0.000206552 -0.00810468 9.32366e-18
25.24 0 1.61411e-18 -0.0010215 -0.000205766 -0.00869329 7.94035e-18
25.26 0 1.20816e-18 -0.00106522 -0.000198261 -0.00906543 1.35338e-18
25.28 0 -2.88718e-19 -0.0010852 -0.000184282 -0.00923546 -5.26024e-19
25.3 0 2.06169e-18 -0.0010818 -0.000164525 -0.00920652 -2.30366e-18
25.32 0 2.41046e-18 -0.00104116 -0.000140048 -0.00886061 2.73157e-18
25.34 0 8.26614e-19 -0.000956663 -0.000111958 -0.00814154 2.60532e-18
25.36 0 -1.59925e-18 -0.0008344 -8.11897e-05 -0.00710104 -3.48545e-18
25.38 0 1.01546e-18 -0.000673471 -4.86393e-05 -0.00573148 -2.81756e-18
25.4 0 7.70325e-19 -0.000484606 -1.54185e-05 -0.00412417 -2.52224e-18
25.42 0 1.58395e-18 -0.000274681 1.71214e-05 -0.00233764 -1.74299e-18
25.44 0 1.31272e-18 -5.26746e-05 4.76153e-05 -0.000448284 6.51619e-18
25.46 0 1.22205e-18 0.000173076 7.49636e-05 0.00147293 1.10769e-17
25.48 0 -1.45366e-19 0.000391589 9.84301e-05 0.00333255 1.60799e-17
25.5 0 4.6963e-19 0.000591853 0.000117544 0.00503687 -1.43075e-18
25.52 0 -3.51942e-19 0.000765164 0.000131945 0.0065118 7.33555e-19
25.54 0 -2.59113e-19 0.000907399 0.000141303 0.00772227 -1.2575e-18
25.56 0 4.85181e-19 0.0010183 0.00014534 0.00866612 6.99254e-19
25.58 0 2.00285e-18 0.00109983 0.000143929 0.00935995 6.98041e-18
25.6 0 -3.98099e-19 0.00115463 0.000137212 0.00982626 3.15146e-18
25.62 0 -1.9865e-18 0.00118527 0.000125656 0.0100871 -3.76819e-18
25.64 0 1.71204e-18 0.00119375 0.000110011 0.0101592 1.89027e-18
25.66 0 -1.0921e-18 0.00117359 9.11406e-05 0.00998765 -3.80839e-18
25.68 0 6.33762e-19 0.00110673 6.97803e-05 0.00941868 -1.02289e-18
25.7 0 8.1034e-19 0.00099682 4.64547e-05 0.00848328 5.54626e-19
25.72 0 -8.9506e-19 0.000849625 2.16412e-05 0.0072306 1.74572e-18
25.74 0 3.96209e-19 0.000667436 -4.04286e-06 0.00568011 -3.9984e-18
25.76 0 -7.02404e-19 0.000461765 -2.9788e-05 0.00392977 6.50306e-19
25.78 0 7.43189e-19 0.000239726 -5.47229e-05 0.00204015 7.10945e-18
25.8 0 2.11072e-19 1.04314e-05 -7.80736e-05 8.87696e-05 -8.09209e-19
25.82 0 -3.56522e-19 -0.000217099 -9.92227e-05 -0.00184759 6.0934e-19
25.84 0 -4.39835e-19 -0.000431836 -0.000117683 -0.00367508 -1.08228e-18
25.86 0 7.82385e-19 -0.000623965 -0.000133058 -0.00531016 -1.38991e-18
25.88 0 1.43374e-19 -0.000786842 -0.000144977 -0.00669631 -3.54046e-19
25.9 0 -8.27756e-19 -0.0009182 -0.000153028 -0.00781421 -1.24353e-19
25.92 0 4.85005e-19 -0.00101892 -0.000156775 -0.00867135 -3.36607e-18
25.94 0 -1.85935e-19 -0.00109146 -0.000155881 -0.00928874 1.54335e-18
25.96 0 7.38874e-19 -0.00113864 -0.000150254 -0.00969025 4.68065e-18
25.98 0 -5.89408e-19 -0.00116298 -0.000140092 -0.00989736 4.86313e-18
26 0 -9.70438e-19 -0.00116619 -0.000125835 -0.00992469 1.15732e-18
26.02 0 -1.34923e-18 -0.00113804 -0.00010806 -0.00968514 -3.17344e-18
26.04 0 1.28066e-18 -0.0010601 -8.73113e-05 -0.00902182 -1.6136e-18
26.06 0 6.58717e-20 -0.000940775 -6.40798e-05 -0.00800633 -4.72481e-19
26.08 0 -2.72288e-18 -0.0007834 -3.89265e-05 -0.00666701 1.76736e-18
26.1 0 1.88822e-18 -0.000593121 -1.26596e-05 -0.00504767 -5.90212e-18
26.12 0 -4.12631e-18 -0.000382648 1.36353e-05 -0.00325647 -9.32618e-18
26.14 0 -1.25805e-18 -0.000160432 3.88766e-05 -0.00136534 -2.31441e-18
26.16 0 -2.64471e-18 6.50696e-05 6.22712e-05 0.00055376 -1.4069e-17
26.18 0 -1.70928e-18 0.000285799 8.33603e-05 0.00243224 4.76297e-18
26.2 0 8.4048e-20 0.000491247 0.000101803 0.00418067 -1.26759e-17
26.22 0 -1.00386e-19 0.000671144 0.000117144 0.00571167 -2.3159e-20
26.24 0 -5.23734e-19 0.000818803 0.000128769 0.0069683 -7.10926e-18
26.26 0 7.17511e-19 0.000933294 0.00013612 0.00794265 -1.22971e-18
26.28 0 -2.38134e-18 0.00101769 0.000139008 0.0086609 -1.03826e-17
26.3 0 3.46534e-18 0.00107593 0.000137755 0.00915655 6.07947e-18
26.32 0 -2.26428e-19 0.00111067 0.00013299 0.00945216 1.70386e-20
26.34 0 2.16144e-18 0.00112293 0.000125239 0.00955653 6.27897e-18
26.36 0 -1.18257e-18 0.00110756 0.000114692 0.00942568 5.01001e-18
26.38 0 -2.25458e-18 0.00104752 0.000101302 0.00891478 -8.46739e-21
26.4 0 6.94452e-19 0.000944578 8.51062e-05 0.00803868 1.77009e-18
26.42 0 -7.02379e-20 0.000806846 6.64766e-05 0.00686654 -2.61443e-18
26.44 0 2.3912e-19 0.00063659 4.60219e-05 0.0054176 -1.44217e-18
26.46 0 1.2198e-19 0.000445169 2.42755e-05 0.00378854 -2.23412e-19
26.48 0 2.1049e-19 0.000239086 1.52662e-06 0.0020347 8.35471e-19
26.5 0 -1.07952e-19 2.69733e-05 -2.19713e-05 0.000229547 -3.25708e-18
26.52 0 7.28818e-19 -0.000182894 -4.56235e-05 -0.0015565 1.99497e-18
26.54 0 7.43723e-20 -0.000380366 -6.83789e-05 -0.00323706 -7.25755e-19
26.56 0 3.20264e-19 -0.000556561 -8.90262e-05 -0.00473653 -7.90857e-19
26.58 0 -2.63176e-19 -0.000705664 -0.00010661 -0.00600546 -4.3432e-19
26.6 0 -4.66023e-20 -0.000826001 -0.000120609 -0.00702956 -3.13753e-18
26.62 0 7.50562e-20 -0.000918476 -0.000130804 -0.00781656 -2.35375e-18
26.64 0 -6.34108e-19 -0.000984795 -0.000137059 -0.00838095 -6.02546e-19
26.66 0 2.54745e-19 -0.00102633 -0.000139204 -0.00873441 -4.96587e-18
26.68 0 -1.62571e-19 -0.00104389 -0.000137077 -0.00888388 -2.17711e-19
26.7 0 3.0617e-19 -0.00103512 -0.000130675 -0.00880922 -1.06456e-18
26.72 0 -5.53725e-19 -0.000985033 -0.000120261 -0.00838298 2.91622e-18
26.74 0 2.02068e-18 -0.000891267 -0.000106358 -0.007585 2.76272e-19
26.76 0 3.13527e-21 -0.000761422 -8.96016e-05 -0.00647997 -1.55666e-18
26.78 0 2.75251e-18 -0.000596449 -7.05466e-05 -0.005076 2.03135e-18
26.8 0 1.44861e-18 -0.000406997 -4.96422e-05 -0.00346369 -1.71885e-18
26.82 0 1.04457e-18 -0.000199494 -2.73984e-05 -0.00169777 1.75735e-18
26.84 0 1.43568e-19 1.71979e-05 -4.56609e-06 0.000146355 -3.54525e-19
26.86 0 -8.57355e-19 0.000234418 1.78899e-05 0.00199497 -1.67757e-18
26.88 0 1.27358e-19 0.000441423 3.90394e-05 0.00375666 7.69705e-19
26.9 0 1.14539e-18 0.000628337 5.82213e-05 0.00534736 6.11626e-18
26.92 0 3.07089e-19 0.000787936 7.50272e-05 0.0067056 5.47584e-18
26.94 0 -5.43475e-20 0.000917094 8.90824e-05 0.00780478 -2.30525e-18
26.96 0 5.72056e-19 0.00101589 9.99226e-05 0.00864557 -3.58103e-18
26.98 0 -2.56782e-19 0.00108622 0.000107126 0.0092441 -3.16061e-18
27 0 -8.37733e-19 0.00113048 0.000110521 0.0096208 -6.41817e-19
27.02 0 -9.31194e-19 0.0011508 0.000110192 0.00979367 8.49467e-18
27.04 0 -6.58799e-19 0.00114756 0.000106294 0.00976614 2.0916e-18
27.06 0 -4.85952e-19 0.00110549 9.89037e-05 0.0094081 2.64694e-19
27.08 0 -7.86265e-19 0.00101979 8.80983e-05 0.00867879 -7.68906e-19
27.1 0 -8.02484e-19 0.000899872 7.41348e-05 0.00765822 7.42594e-19
27.12 0 -3.13833e-20 0.000745001 5.75168e-05 0.00634021 -1.00659e-18
27.14 0 -4.151e-19 0.000566871 3.88375e-05 0.00482427 -1.14311e-18
27.16 0 -7.46957e-20 0.000371742 1.8571e-05 0.00316365 -8.6598e-20
27.18 0 7.3139e-20 0.000167854 -2.90572e-06 0.00142849 5.13958e-19
27.2 0 -5.13232e-20 -3.80439e-05 -2.5062e-05 -0.000323772 3.97787e-19
27.22 0 -1.63174e-19 -0.000236978 -4.70181e-05 -0.00201677 -1.76546e-18
27.24 0 1.05867e-18 -0.000420192 -6.76834e-05 -0.00357598 1.72253e-18
27.26 0 3.94256e-19 -0.000580675 -8.61322e-05 -0.00494175 2.27903e-18
27.28 0 5.35706e-19 -0.000715023 -0.000101826 -0.0060851 8.45537e-19
27.3 0 -6.54855e-19 -0.000822633 -0.000114457 -0.0070009 -2.71972e-18
27.32 0 8.05868e-19 -0.000904279 -0.000123647 -0.00769573 4.51521e-18
27.34 0 3.37982e-19 -0.000960937 -0.00012889 -0.00817791 1.3338e-18
27.36 0 4.14369e-20 -0.000993511 -0.000129811 -0.00845513 1.75644e-18
27.38 0 1.76804e-18 -0.00100276 -0.000126445 -0.00853388 -3.12657e-18
27.4 0 3.8519e-19 -0.000983795 -0.000119215 -0.00837245 -1.56813e-18
27.42 0 1.34565e-18 -0.000924539 -0.000108656 -0.00786815 2.56273e-18
27.44 0 -1.62749e-18 -0.000829472 -9.51699e-05 -0.0070591 1.38583e-18
27.46 0 8.32531e-20 -0.000703021 -7.90492e-05 -0.00598296 3.51162e-18
27.48 0 -4.58995e-21 -0.000547423 -6.06543e-05 -0.00465877 -3.5512e-18
27.5 0 -1.2467e-19 -0.000371701 -4.0548e-05 -0.00316331 1.52664e-19
27.52 0 8.22796e-19 -0.000182524 -1.94639e-05 -0.00155335 2.30501e-18
27.54 0 1.73306e-19 1.17275e-05 1.82374e-06 9.98004e-05 1.14141e-19
27.56 0 -1.23756e-18 0.000203116 2.25876e-05 0.00172859 -3.44919e-18
27.58 0 1.65766e-18 0.000383021 4.21446e-05 0.00325964 7.83283e-18
27.6 0 9.34913e-19 0.000544144 5.98242e-05 0.00463085 4.11185e-18
27.62 0 -8.37226e-19 0.000681446 7.49798e-05 0.00579934 -3.35358e-18
27.64 0 -4.48177e-19 0.000792755 8.7053e-05 0.00674662 4.08828e-18
27.66 0 -3.47958e-19 0.000877886 9.56489e-05 0.00747111 2.48555e-18
27.68 0 -2.51063e-19 0.000937643 0.000100578 0.00797966 2.24628e-18
27.7 0 1.25111e-20 0.000973033 0.000101836 0.00828085 4.46068e-18
27.72 0 -6.00108e-19 0.000984925 9.95349e-05 0.00838205