0.02 0 3.35862e-17 0.178071 -0.00068947 0.178071 0
0.04 0 2.10657e-15 1.30449 -0.00933191 1.30449 0
0.06 0 -6.25237e-16 3.22908 -0.0541567 3.22908 0
0.08 0 -1.11842e-13 -1.68958 -0.196183 -1.68958 0
0.1 0 2.50102e-13 -34.6489 -0.50377 -34.6489 0
0.12 0 -6.14154e-13 -121.517 -0.829733 -121.517 0
0.14 0 1.36806e-12 -268.994 -0.127668 -268.994 0
0.16 0 -8.0073e-14 -451.482 4.38171 -451.482 0
0.18 0 -5.28321e-12 -628.188 16.942 -628.188 0
0.2 0 5.28413e-13 -772.974 41.1115 -772.974 0
0.22 0 4.63487e-12 -884.661 76.9688 -884.661 0
0.24 0 1.92069e-11 -973.338 120.141 -973.338 0
0.26 0 4.69207e-12 -1046.78 164.023 -1046.78 0
0.28 0 1.91834e-11 -1113.62 203.668 -1113.62 0
0.3 0 -3.93508e-11 -1193.11 237.642 -1193.11 0
0.32 0 2.0916e-11 -1311.64 266.146 -1311.64 0
0.34 0 -5.28308e-11 -1482.31 288.592 -1482.31 0
0.36 0 1.02943e-11 -1683.92 304.554 -1683.92 0
0.38 0 2.54406e-11 -1859.39 316.517 -1859.39 0
0.4 0 3.93307e-13 -1939.67 329.829 -1939.67 0
0.42 0 -2.82565e-11 -1880.87 349.594 -1880.87 0
0.44 0 -2.21923e-11 -1692.01 378.22 -1692.01 0
0.46 0 3.5473e-12 -1435.14 414.444 -1435.14 0
0.48 0 3.46611e-11 -1194.58 451.862 -1194.58 0
0.5 0 5.01433e-11 -1027.56 478.629 -1027.56 0
0.52 0 -3.74508e-11 -923.066 482.918 -923.066 0
0.54 0 4.74527e-12 -806.335 462.837 -806.335 0
0.56 0 -8.70994e-12 -606.093 431.353 -606.093 0
0.58 0 -4.15177e-11 -338.614 408.409 -338.614 0
0.6 0 4.45792e-12 -121.638 403.883 -121.638 0
0.62 0 2.29222e-11 -86.7034 405.687 -86.7034 0
0.64 0 8.14664e-12 -267.003 386.272 -267.003 0
0.66 0 -8.28947e-12 -572.393 324.747 -572.393 0
0.68 0 -4.99964e-12 -878.693 223.965 -878.693 0
0.7 0 1.45445e-11 -1147.41 105.127 -1147.41 0
0.72 0 -1.56712e-12 -1465.02 -12.46 -1465.02 0
0.74 0 5.27755e-12 -1963.1 -123.469 -1963.1 0
0.76 0 -3.47046e-11 -2683.46 -231.68 -2683.46 0
0.78 0 8.99136e-12 -3505.55 -340.106 -3505.55 0
0.8 0 3.60754e-11 -4212.25 -447.219 -4212.25 0
0.82 0 -8.58331e-12 -4655.93 -547.811 -4655.93 0
0.84 0 6.21296e-11 -4887.47 -635.48 -4887.47 0
0.86 0 -2.93146e-12 -5120.95 -707.788 -5120.95 0
0.88 0 -7.99717e-11 -5538.69 -769.845 -5538.69 0
0.9 0 2.60715e-11 -6097.94 -827.872 -6097.94 0
0.92 0 1.6604e-11 -6530.96 -876.298 -6530.96 0
0.94 0 -2.18086e-11 -6569.51 -895.152 -6569.51 0
0.96 0 2.9637e-11 -6200 -865.516 -6200 0
0.98 0 -3.46387e-11 -5701.63 -788.701 -5701.63 0
1 0 4.78264e-12 -5424.24 -688.783 -5424.24 0
1.02 0 6.907e-12 -5497.66 -595.838 -5497.66 0
1.04 0 -4.60874e-11 -5629.06 -528.57 -5629.06 0
1.06 0 2.57792e-11 -5055.04 -492.751 -5055.04 0
1.08 0 -8.09907e-12 -2936.09 -485.715 -2936.09 0
1.1 0 2.20529e-11 699.228 -490.567 699.228 0
1.12 0 1.4771e-11 4408.48 -472.844 4408.48 0
1.14 0 5.77763e-13 6295.69 -399.671 6295.69 0
1.16 0 1.324e-12 5792.4 -268.535 5792.4 0
1.18 0 -2.39241e-11 4263.8 -115.897 4263.8 0
1.2 0 7.21706e-12 3676.76 7.75709 3676.76 0
1.22 0 -8.10506e-12 4717.21 80.7387 4717.21 0
1.24 0 -7.7282e-12 6300.18 127.984 6300.18 0
1.26 0 2.09048e-11 6922.27 190.24 6922.27 0
1.28 0 6.97016e-12 6282.29 283.651 6282.29 0
1.3 0 -4.71909e-12 5306.79 395.784 5306.79 0
1.32 0 -8.34738e-13 4717.52 502.429 4717.52 0
1.34 0 -8.36459e-13 4053.17 572.438 4053.17 0
1.36 0 -3.65167e-12 2261.43 571.831 2261.43 0
1.38 0 1.76869e-13 -1029.44 484.233 -1029.44 0
1.4 0 -3.04715e-12 -4881.91 323.172 -4881.91 0
1.42 0 -1.42446e-12 -7392.32 112.073 -7392.32 0
1.44 0 -2.29281e-12 -6890.09 -137.937 -6890.09 0
1.46 0 -4.2013e-11 -3600.45 -412.312 -3600.45 0
1.48 0 9.09081e-12 -182.491 -666.711 -182.491 0
1.5 0 -4.78263e-11 303.885 -845.611 303.885 0
1.52 0 4.1111e-11 -2619.64 -934.08 -2619.64 0
1.54 0 1.48148e-12 -6436.16 -980.561 -6436.16 0
1.56 0 3.70387e-11 -8376.56 -1064.05 -8376.56 0
1.58 0 -1.78641e-11 -7998.18 -1230.51 -7998.18 0
1.6 0 2.86622e-11 -6871.54 -1443.49 -6871.54 0
1.62 0 -3.50491e-11 -6351.05 -1593.63 -6351.05 0
1.64 0 5.95216e-11 -6143.33 -1573.53 -6143.33 0
1.66 0 -6.94437e-12 -4924.46 -1360.55 -4924.46 0
1.68 0 -1.68136e-12 -2075.95 -1035.49 -2075.95 0
1.7 0 4.86097e-12 1306.15 -724.278 1306.15 0
1.72 0 -8.89786e-12 3220.63 -512.327 3220.63 0
1.74 0 -1.89811e-11 2658.74 -391.558 2658.74 0
1.76 0 -1.38412e-12 643.882 -273.956 643.882 0
1.78 0 -5.7924e-12 -672.027 -66.0501 -672.027 0
1.8 0 -1.15816e-11 125.131 249.438 125.131 0
1.82 0 6.55345e-12 2708.32 600.754 2708.32 0
1.84 0 4.10767e-12 5549.74 902.596 5549.74 0
1.86 0 -1.23308e-11 7220.16 1140.6 7220.16 0
1.88 0 8.22681e-11 7344 1369.3 7344 0
1.9 0 1.5063e-11 6647.91 1629.47 6647.91 0
1.92 0 -5.20881e-11 6204.64 1881.55 6204.64 0
1.94 0 -1.20157e-11 6535.93 2026.32 6535.93 0
1.96 0 4.05068e-12 7352.51 1991.11 7352.51 0
1.98 0 7.83233e-11 8066.07 1802.5 8066.07 0
2 0 -4.37066e-11 8426.79 1577.32 8426.79 0
2.02 0 -8.59222e-11 8643.97 1428.85 8643.97 0
2.04 0 -4.49507e-12 9003.53 1364.38 9003.53 0
2.06 0 -6.68704e-11 9449.53 1271.16 9449.53 0
2.08 0 5.7301e-11 9514.23 1010.72 9514.23 0
2.1 0 4.56041e-11 8646.87 538.485 8646.87 0
2.12 0 -2.01964e-11 6661.96 -54.6943 6661.96 0
2.14 0 -1.7649e-11 3887.14 -608.92 3887.14 0
2.16 0 -2.58069e-11 849.492 -1009.61 849.492 0
2.18 0 -6.09836e-11 -2157.38 -1256.37 -2157.38 0
2.2 0 5.80234e-11 -5138.24 -1433.41 -5138.24 0
2.22 0 6.00419e-12 -8067 -1615.65 -8067 0
2.24 0 9.59132e-12 -10624.6 -1802.9 -10624.6 0
2.26 0 1.39103e-10 -12369.3 -1937.86 -12369.3 0
2.28 0 -9.53019e-11 -13183.4 -1974.38 -13183.4 0
2.3 0 -1.09899e-10 -13486.2 -1924.27 -13486.2 0
2.32 0 2.29421e-12 -13901.2 -1847.85 -13901.2 0
2.34 0 -1.31034e-10 -14666.1 -1802.21 -14666.1 0
2.36 0 1.17726e-10 -15407.9 -1789.89 -15407.9 0
2.38 0 1.05504e-10 -15483.1 -1754.46 -15483.1 0
2.4 0 3.94148e-11 -14449.9 -1632.99 -14449.9 0
2.42 0 -8.23387e-11 -12260.7 -1416.47 -12260.7 0
2.44 0 5.29437e-11 -9214.69 -1157.66 -9214.69 0
2.46 0 6.79856e-11 -5807.32 -921.292 -5807.32 0
2.48 0 -1.14078e-11 -2476.2 -728.361 -2476.2 0
2.5 0 -4.67749e-11 634.212 -544.752 634.212 0
2.52 0 -4.34522e-12 3626.75 -317.512 3626.75 0
2.54 0 -2.89309e-12 6532.24 -22.3503 6532.24 0
2.56 0 1.65207e-11 9089.79 315.009 9089.79 0
2.58 0 -2.22318e-11 10937.5 636.51 10937.5 0
2.6 0 2.76434e-11 12056.5 894.28 12056.5 0
2.62 0 2.72792e-11 12923.8 1084.15 12923.8 0
2.64 0 5.12281e-11 14045.8 1239.03 14045.8 0
2.66 0 -4.82959e-11 15316.7 1385.68 15316.7 0
2.68 0 -3.66261e-11 16019.6 1506.01 16019.6 0
2.7 0 3.51967e-11 15549.1 1541.8 15549.1 0
2.72 0 -3.12034e-11 13976.8 1443.51 13976.8 0
2.74 0 2.96172e-12 11790.9 1223.91 11790.9 0
2.76 0 9.37243e-13 9234.1 963.727 9234.1 0
2.78 0 -2.01749e-11 6101.35 749.926 6101.35 0
2.8 0 1.15432e-11 2180.14 598.354 2180.14 0
2.82 0 9.36773e-12 -2264.19 445.108 -2264.19 0
2.84 0 2.72893e-11 -6576.46 220.05 -6576.46 0
2.86 0 -2.62452e-11 -10352 -84.1221 -10352 0
2.88 0 1.47448e-11 -13936 -423.351 -13936 0
2.9 0 2.37064e-11 -18106.1 -761.311 -18106.1 0
2.92 0 -2.11723e-11 -23127.3 -1092.43 -23127.3 0
2.94 0 -1.11422e-11 -28146.7 -1411.18 -28146.7 0
2.96 0 1.19834e-11 -31611.9 -1680.6 -31611.9 0
2.98 0 -1.35332e-11 -32386.6 -1840.83 -32386.6 0
3 0 -2.15306e-11 -30642 -1849.03 -30642 0
3.02 0 1.33131e-11 -27796 -1717.04 -27796 0
3.04 0 -1.78329e-11 -25446.9 -1513.78 -25446.9 0
3.06 0 -6.56537e-11 -24079.4 -1319.77 -24079.4 0
3.08 0 8.51382e-11 -22701.5 -1165.53 -22701.5 0
3.1 0 1.16105e-11 -19848.5 -1012.63 -19848.5 0
3.12 0 -7.6627e-11 -15031.8 -797.532 -15031.8 0
3.14 0 1.42494e-10 -9210.71 -488.557 -9210.71 0
3.16 0 1.02525e-10 -3862.97 -93.2609 -3862.97 0
3.18 0 -1.94157e-10 394.716 378.787 394.716 0
3.2 0 -7.05675e-11 4323.63 932.799 4323.63 0
3.22 0 -1.25349e-10 9235.52 1553.98 9235.52 0
3.24 0 1.87641e-10 15576.7 2174.58 15576.7 0
3.26 0 -2.09727e-10 22298.3 2703.8 22298.3 0
3.28 0 2.54933e-10 27698.4 3093.37 27698.4 0
3.3 0 -1.1536e-10 30897.5 3359.35 30897.5 0
3.32 0 1.21693e-10 32415.4 3540.94 32415.4 0
3.34 0 -4.77744e-11 33368 3653.33 33368 0
3.36 0 -8.16521e-12 34289.5 3681.85 34289.5 0
3.38 0 8.58977e-12 34746.3 3607.16 34746.3 0
3.4 0 3.11378e-11 33845.8 3425.12 33845.8 0
3.42 0 -4.20516e-11 30969.6 3138.95 30969.6 0
3.44 0 1.11449e-11 26175.7 2733.86 26175.7 0
3.46 0 -8.59391e-11 20134.5 2171.6 20134.5 0
3.48 0 1.02658e-10 13707.5 1426.74 13707.5 0
3.5 0 -1.19584e-11 7450.37 531.649 7450.37 0
3.52 0 -1.31349e-10 1395.74 -422.384 1395.74 0
3.54 0 2.13521e-10 -4754.59 -1333.23 -4754.59 0
3.56 0 -7.37396e-11 -11248.6 -2141.57 -11248.6 0
3.58 0 -5.26332e-11 -18004.7 -2851.34 -18004.7 0
3.6 0 -8.32854e-11 -24529.1 -3508.07 -24529.1 0
3.62 0 3.14417e-10 -30032.1 -4146.61 -30032.1 0
3.64 0 9.64648e-11 -33787.6 -4742.5 -33787.6 0
3.66 0 1.29531e-10 -35631.7 -5214.59 -35631.7 0
3.68 0 7.92949e-11 -36185.7 -5490.19 -36185.7 0
3.7 0 -2.00897e-10 -36424.7 -5571.82 -36424.7 0
3.72 0 -2.98158e-10 -36846.9 -5529.28 -36846.9 0
3.74 0 2.58806e-10 -37044.6 -5418.51 -37044.6 0
3.76 0 -2.24606e-10 -36107.2 -5213.87 -36107.2 0
3.78 0 -7.72527e-11 -33374.1 -4825.43 -33374.1 0
3.8 0 -2.13603e-11 -28797.1 -4178.73 -28797.1 0
3.82 0 9.79291e-11 -22790 -3278.97 -22790 0
3.84 0 -1.65718e-11 -15919.2 -2211.55 -15919.2 0
3.86 0 1.10095e-11 -8655.8 -1089.65 -8655.8 0
3.88 0 5.03291e-11 -1254.12 10.0942 -1254.12 0
3.9 0 -2.50428e-12 6132.56 1076.9 6132.56 0
3.92 0 -1.57844e-10 13194.8 2133.28 13194.8 0
3.94 0 -9.93962e-11 19465 3166.34 19465 0
3.96 0 1.78772e-10 24687 4091.64 24687 0
3.98 0 7.61925e-11 29080.6 4790.62 29080.6 0
4 0 -6.67638e-11 33066.8 5187.95 33066.8 0
4.02 0 1.29304e-10 36692.9 5298.38 36692.9 0
4.04 0 -5.36505e-11 39340.6 5203.69 39340.6 0
4.06 0 -1.85221e-10 39976.9 4979.33 39976.9 0
4.08 0 -1.12693e-10 37730.9 4635.21 37730.9 0
4.1 0 9.95139e-11 32395.6 4128.5 32395.6 0
4.12 0 5.07103e-11 24523.2 3434.27 24523.2 0
4.14 0 9.78001e-12 15083.2 2592.72 15083.2 0
4.16 0 1.94663e-11 5011.6 1685.87 5011.6 0
4.18 0 2.07691e-11 -4993.35 787.949 -4993.35 0
4.2 0 -2.6635e-12 -14444.3 -53.26 -14444.3 0
4.22 0 -1.35396e-11 -23038.4 -815.85 -23038.4 0
4.24 0 -3.05902e-11 -30671 -1514.48 -30671 0
4.26 0 -5.75696e-12 -37362.8 -2199.91 -37362.8 0
4.28 0 -4.74401e-11 -43137.5 -2918.67 -43137.5 0
4.3 0 2.42177e-11 -47983.3 -3667.03 -47983.3 0
4.32 0 7.77183e-11 -51815.5 -4388.01 -51815.5 0
4.34 0 -2.36634e-11 -54322 -5001.83 -54322 0
4.36 0 6.44634e-11 -54897.3 -5435.02 -54897.3 0
4.38 0 -9.53519e-11 -52937.9 -5641.52 -52937.9 0
4.4 0 2.35235e-11 -48310 -5609.2 -48310 0
4.42 0 -3.66407e-12 -41524.2 -5332.75 -41524.2 0
4.44 0 1.60966e-11 -33480.2 -4774.14 -33480.2 0
4.46 0 5.31272e-11 -25078.3 -3867.54 -25078.3 0
4.48 0 -7.00259e-12 -16970 -2577.91 -16970 0
4.5 0 -3.20257e-11 -9416.2 -956.67 -9416.2 0
4.52 0 7.49572e-11 -2144.42 856.388 -2144.42 0
4.54 0 1.70791e-11 5631.64 2686.17 5631.64 0
4.56 0 4.5213e-10 14760.4 4398.33 14760.4 0
4.58 0 -6.73013e-10 25477.8 5952.01 25477.8 0
4.6 0 -1.9308e-10 37187.5 7386.09 37187.5 0
4.62 0 -7.80247e-11 48990.4 8738.45 48990.4 0
4.64 0 2.10652e-10 60372.1 9964.97 60372.1 0
4.66 0 6.31048e-10 71224.8 10938 71224.8 0
4.68 0 -3.17401e-10 81168.8 11524.9 81168.8 0
4.7 0 -1.03386e-10 89050.9 11661 89050.9 0
4.72 0 -4.81736e-10 93433.9 11350.9 93433.9 0
4.74 0 3.88807e-11 93775.8 10622.5 93775.8 0
4.76 0 -2.26545e-10 91029.6 9493.37 91029.6 0
4.78 0 3.20143e-10 86876.1 7970.85 86876.1 0
4.8 0 -8.05128e-12 82296.4 6079.72 82296.4 0
4.82 0 8.41188e-11 76923.2 3904.42 76923.2 0
4.84 0 -1.56989e-10 69740.3 1603.45 69740.3 0
4.86 0 -8.63477e-11 60285.1 -639.953 60285.1 0
4.88 0 -4.33881e-10 49099.9 -2699.37 49099.9 0
4.9 0 6.38777e-10 37090.2 -4551.11 37090.2 0
4.92 0 -8.87392e-10 24651.5 -6266.35 24651.5 0
4.94 0 9.277e-10 11611.4 -7971.59 11611.4 0
4.96 0 1.41094e-10 -1992.53 -9780.96 -1992.53 0
4.98 0 7.14941e-10 -15300.4 -11708.9 -15300.4 0
5 0 9.87215e-10 -26979.9 -13621.6 -26979.9 0
5.02 0 4.64532e-10 -36198.5 -15282.6 -36198.5 0
5.04 0 -1.12714e-09 -43221.5 -16463.7 -43221.5 0
5.06 0 -1.59994e-09 -49118.7 -17040.5 -49118.7 0
5.08 0 -7.38953e-10 -54939.8 -17017.3 -54939.8 0
5.1 0 -9.73919e-10 -61085.9 -16478.3 -61085.9 0
5.12 0 -1.02306e-10 -67309.8 -15500 -67309.8 0
5.14 0 -4.30521e-10 -73186 -14082.3 -73186 0
5.16 0 6.71531e-10 -78448 -12157.2 -78448 0
5.18 0 1.77171e-10 -82763.1 -9658.9 -82763.1 0
5.2 0 -2.62778e-10 -85259.3 -6580.55 -85259.3 0
5.22 0 -6.40369e-11 -84583.7 -2963.25 -84583.7 0
5.24 0 -3.2236e-10 -79700 1144.49 -79700 0
5.26 0 -7.91459e-10 -70682 5675.45 -70682 0
5.28 0 9.09136e-10 -58664.5 10455.7 -58664.5 0
5.3 0 3.08084e-10 -44966.3 15119.8 -44966.3 0
5.32 0 3.10401e-09 -30104.7 19150.8 -30104.7 0
5.34 0 3.25911e-09 -13375.2 22075.1 -13375.2 0
5.36 0 7.36333e-10 6687.17 23695.8 6687.17 0
5.38 0 -1.17038e-09 31053.6 24183.1 31053.6 0
5.4 0 4.58017e-10 58910.6 23920.4 58910.6 0
5.42 0 -3.67385e-10 87431.2 23217.3 87431.2 0
5.44 0 2.40893e-10 112909 22191.9 112909 0
5.46 0 -2.51117e-09 132302 20921.5 132302 0
5.48 0 2.17478e-09 143910 19602.6 143910 0
5.5 0 -2.90534e-10 147085 18392.4 147085 0
5.52 0 -1.98925e-09 141826 17088.4 141826 0
5.54 0 1.22706e-10 128715 15143.3 128715 0
5.56 0 5.69162e-10 108978 12102.8 108978 0
5.58 0 1.2855e-10 84270.6 8013.11 84270.6 0
5.6 0 -5.70732e-11 56210.8 3397.8 56210.8 0
5.62 0 -6.73551e-11 26087.9 -1076.27 26087.9 0
5.64 0 6.89292e-10 -4771.75 -4892.88 -4771.75 0
5.66 0 1.15632e-09 -34240 -7798.02 -34240 0
5.68 0 -8.89704e-10 -59322.1 -9810.95 -59322.1 0
5.7 0 -1.25747e-09 -77389.8 -11199 -77389.8 0
5.72 0 -7.03217e-10 -87652.2 -12380.3 -87652.2 0
5.74 0 -6.05608e-10 -91250.6 -13732.1 -91250.6 0
5.76 0 9.19174e-11 -89826.4 -15388.8 -89826.4 0
5.78 0 -1.89316e-10 -83969.8 -17176 -83969.8 0
5.8 0 -8.79797e-10 -72836.2 -18742.4 -72836.2 0
5.82 0 7.20013e-10 -54998.4 -19784.4 -54998.4 0
5.84 0 -1.72853e-09 -29759.6 -20174.4 -29759.6 0
5.86 0 1.68178e-10 1907.51 -19897.3 1907.51 0
5.88 0 -2.2345e-10 37332.9 -18906.5 37332.9 0
5.9 0 1.31297e-09 73075.8 -17110.6 73075.8 0
5.92 0 -6.95391e-10 106142 -14529.5 106142 0
5.94 0 -2.2577e-10 134505 -11407.2 134505 0
5.96 0 2.08609e-10 156666 -8081.62 156666 0
5.98 0 2.28066e-10 171113 -4703.7 171113 0
6 0 2.84849e-11 176400 -1078.7 176400 0
6.02 0 1.06115e-10 171572 3217.46 171572 0
6.04 0 -3.40716e-10 156496 8520.87 156496 0
6.06 0 5.27587e-11 132214 14741.9 132214 0
6.08 0 -3.80864e-10 101148 21185.8 101148 0
6.1 0 -6.56605e-10 66420.8 26674.8 66420.8 0
6.12 0 9.50975e-10 30558.9 30011.5 30558.9 0
6.14 0 -3.07784e-10 -5045.32 30597.2 -5045.32 0
6.16 0 1.18277e-09 -39817.6 28789.4 -39817.6 0
6.18 0 -1.73395e-09 -74421 25665 -74421 0
6.2 0 -2.13916e-10 -111881 22313.8 -111881 0
6.22 0 -4.19558e-11 -156823 19228.3 -156823 0
6.24 0 6.59435e-10 -211545 16264.1 -211545 0
6.26 0 -5.25901e-10 -271334 12976.2 -271334 0
6.28 0 3.64857e-10 -323067 8804.29 -323067 0
6.3 0 -2.39807e-10 -350039 3140.93 -350039 0
6.32 0 9.23306e-10 -342494 -4325.51 -342494 0
6.34 0 4.10324e-10 -306933 -13372.7 -306933 0
6.36 0 -1.92679e-10 -263254 -23489.1 -263254 0
6.38 0 2.65035e-11 -229594 -33999.9 -229594 0
6.4 0 -2.31539e-10 -209795 -43821.6 -209795 0
6.42 0 -6.67551e-11 -196595 -51529.9 -196595 0
6.44 0 -9.15628e-11 -185505 -56082.2 -185505 0
6.46 0 9.45013e-10 -179592 -57197.3 -179592 0
6.48 0 3.05707e-09 -178153 -55074.9 -178153 0
6.5 0 3.28155e-10 -166636 -50323.7 -166636 0
6.52 0 -2.56446e-09 -124491 -44163.4 -124491 0
6.54 0 -2.04727e-09 -44095.3 -38223.2 -44095.3 0
6.56 0 9.67696e-10 59362.6 -33733.7 59362.6 0
6.58 0 1.44579e-09 156818 -30871.3 156818 0
6.6 0 3.86476e-10 224592 -28761.1 224592 0
6.62 0 2.03053e-10 256955 -25862.8 256955 0
6.64 0 -2.75982e-11 262494 -20609.5 262494 0
6.66 0 6.00808e-10 251841 -12292.5 251841 0
6.68 0 1.93217e-10 230831 -1584.11 230831 0
6.7 0 -3.83284e-11 202908 9920.25 202908 0
6.72 0 -3.83275e-11 173890 20713.5 173890 0
6.74 0 1.07141e-10 152695 29909.2 152695 0
6.76 0 -3.3874e-10 147574 37027.5 147574 0
6.78 0 -3.81976e-10 161404 41674.9 161404 0
6.8 0 -1.51042e-10 189586 43779.5 189586 0
6.82 0 4.66734e-10 221733 43987.5 221733 0
6.84 0 -4.41267e-10 245125 43408.2 245125 0
6.86 0 -7.21794e-12 248541 42766.4 248541 0
6.88 0 1.41833e-09 226133 42152.1 226133 0
6.9 0 -1.51118e-09 179082 41660.7 179082 0
6.92 0 1.50395e-09 115013 41388.8 115013 0
6.94 0 4.23025e-10 45381.8 41102.4 45381.8 0
6.96 0 2.78368e-09 -19126 40429.8 -19126 0
6.98 0 1.60438e-09 -72355.6 38884.3 -72355.6 0
7 0 -2.21587e-10 -113403 35897.1 -113403 0
7.02 0 1.81402e-09 -144277 30999.8 -144277 0
7.04 0 -1.06373e-09 -166460 23841.5 -166460 0
7.06 0 -3.43233e-11 -179652 14257.9 -179652 0
7.08 0 -4.78875e-10 -183552 2606.74 -183552 0
7.1 0 -1.19615e-10 -179792 -9953.12 -179792 0
7.12 0 2.46115e-10 -171799 -21692 -171799 0
7.14 0 2.57877e-10 -163286 -30934.6 -163286 0
7.16 0 3.10542e-11 -156732 -36734.9 -156732 0
7.18 0 4.92574e-11 -152720 -39172.2 -152720 0
7.2 0 7.31411e-11 -150736 -38943.9 -150736 0
7.22 0 1.93802e-10 -150096 -36819.7 -150096 0
7.24 0 -6.68866e-10 -149163 -33616.1 -149163 0
7.26 0 -1.60675e-09 -143422 -30253.4 -143422 0
7.28 0 7.16167e-11 -125581 -27553.7 -125581 0
7.3 0 1.69981e-09 -89441.3 -25975.2 -89441.3 0
7.32 0 9.42841e-11 -34716 -25464.8 -34716 0
7.34 0 1.22969e-09 31682.5 -25545.7 31682.5 0
7.36 0 -2.25462e-09 98911.7 -25437.3 98911.7 0
7.38 0 8.30682e-11 156501 -24042.4 156501 0
7.4 0 -4.71155e-10 196845 -20167.7 196845 0
7.42 0 -7.62358e-10 216465 -13253.8 216465 0
7.44 0 -5.50196e-10 216763 -3985.06 216763 0
7.46 0 -5.62672e-11 203068 6020.04 203068 0
7.48 0 1.05887e-09 181853 15181.5 181853 0
7.5 0 2.79736e-10 158391 22601.3 158391 0
7.52 0 -3.31547e-11 136555 27970.7 136555 0
7.54 0 5.75338e-10 119633 31230.3 119633 0
7.56 0 -1.13413e-10 110178 32491.8 110178 0
7.58 0 2.01654e-10 108344 32154 108344 0
7.6 0 -9.28135e-10 109686 30838.2 109686 0
7.62 0 1.56266e-09 104903 29064.2 104903 0
7.64 0 1.43699e-10 84048 27044.8 84048 0
7.66 0 -9.03422e-10 43466 24844.6 43466 0
7.68 0 -4.31593e-10 -10924.7 22615.3 -10924.7 0
7.7 0 -8.03643e-10 -67731.9 20517.3 -67731.9 0
7.72 0 4.07102e-10 -117193 18365.4 -117193 0
7.74 0 -7.56233e-10 -154336 15394.7 -154336 0
7.76 0 -2.0554e-11 -177315 10515 -177315 0
7.78 0 1.17903e-09 -185423 3106.79 -185423 0
7.8 0 6.12315e-10 -179415 -6281.21 -179415 0
7.82 0 -1.01499e-11 -162489 -16103.2 -162489 0
7.84 0 1.34109e-10 -140022 -24690.5 -140022 0
7.86 0 -7.99463e-10 -118252 -30931.1 -118252 0
7.88 0 2.53458e-10 -102733 -34340.2 -102733 0
7.9 0 5.7109e-11 -96723.2 -34920 -96723.2 0
7.92 0 -3.80156e-10 -99820 -33149.8 -99820 0
7.94 0 1.14636e-09 -107183 -29936.8 -107183 0
7.96 0 1.56295e-09 -109804 -26320.1 -109804 0
7.98 0 -1.03376e-09 -97240.1 -23076.6 -97240.1 0
8 0 1.02641e-10 -63420.3 -20544 -63420.3 0
8.02 0 1.69053e-10 -11722.5 -18709.4 -11722.5 0
8.04 0 3.26414e-10 46296.4 -17365.1 46296.4 0
8.06 0 2.41664e-09 98090.2 -16155.5 98090.2 0
8.08 0 1.57643e-09 136393 -14495.8 136393 0
8.1 0 3.54358e-10 159754 -11599 159754 0
8.12 0 -6.45008e-10 169568 -6866.03 169568 0
8.14 0 5.57983e-10 168116 -445.853 168116 0
8.16 0 2.18181e-10 158575 6706.02 158575 0
8.18 0 -3.8291e-11 145277 13474.2 145277 0
8.2 0 2.04844e-10 133016 19234.1 133016 0
8.22 0 -3.52678e-10 125617 23856 125617 0
8.24 0 -8.54148e-11 124436 27270.4 124436 0
8.26 0 -9.27535e-10 127619 29239.9 127619 0
8.28 0 2.67401e-10 130706 29531.7 130706 0
8.3 0 9.91714e-10 128273 28190.8 128273 0
8.32 0 -3.0287e-09 115930 25636.7 115930 0
8.34 0 -2.34333e-10 92272.8 22559.1 92272.8 0
8.36 0 2.99072e-09 59727.1 19696.8 59727.1 0
8.38 0 7.04789e-10 23063.4 17597.7 23063.4 0
8.4 0 -1.28073e-09 -13525.8 16466.5 -13525.8 0
8.42 0 1.08821e-09 -47986.3 16148.6 -47986.3 0
8.44 0 1.77671e-09 -79375.7 16142.4 -79375.7 0
8.46 0 1.06688e-09 -106096 15531.3 -106096 0
8.48 0 -1.36768e-10 -125703 13143.6 -125703 0
8.5 0 7.46396e-10 -136381 8267.34 -136381 0
8.52 0 1.9125e-10 -138400 1386.25 -138400 0
8.54 0 9.93906e-10 -134102 -5967.54 -134102 0
8.56 0 -2.58333e-10 -126542 -12219.4 -126542 0
8.58 0 -2.43361e-11 -118108 -16566.3 -118108 0
8.6 0 -1.11645e-10 -110102 -18930.6 -110102 0
8.62 0 1.1881e-10 -102951 -19538 -102951 0
8.64 0 8.1303e-10 -96050.8 -18774.8 -96050.8 0
8.66 0 -2.7372e-10 -87156.1 -17247.4 -87156.1 0
8.68 0 2.77147e-10 -72602.7 -15663 -72602.7 0
8.7 0 2.61717e-10 -49370.7 -14541.6 -49370.7 0
8.72 0 5.35727e-11 -17605.8 -14053.5 -17605.8 0
8.74 0 1.85071e-09 19090.4 -14081.6 19090.4 0
8.76 0 -4.46854e-10 56027 -14387.3 56027 0
8.78 0 1.08646e-09 89857.3 -14712.3 89857.3 0
8.8 0 2.48178e-09 118951 -14748.3 118951 0
8.82 0 1.8436e-09 142345 -14038.4 142345 0
8.84 0 -7.18583e-10 159018 -11982.7 159018 0
8.86 0 -5.91823e-10 168168 -8168.93 168168 0
8.88 0 2.34485e-10 169933 -2842.7 169933 0
8.9 0 -9.10634e-10 165656 3073.61 165656 0
8.92 0 -1.03164e-10 157404 8560.72 157404 0
8.94 0 3.12236e-10 147105 13030.7 147105 0
8.96 0 -8.78702e-11 135961 16263.6 135961 0
8.98 0 -3.95243e-11 124108 18122.8 124108 0
9 0 8.23259e-10 110275 18610.7 110275 0
9.02 0 -9.51197e-12 92138.7 18104.1 92138.7 0
9.04 0 3.40076e-11 68140.7 17268.6 68140.7 0
9.06 0 -8.28709e-10 39366.8 16653.9 39366.8 0
9.08 0 1.4038e-09 8898.48 16411.3 8898.48 0
9.1 0 -3.4291e-10 -21139.6 16376.3 -21139.6 0
9.12 0 1.04261e-09 -51290.7 16325.1 -51290.7 0
9.14 0 -2.01742e-09 -82974 16076.7 -82974 0
9.16 0 2.78026e-09 -115194 15362.4 -115194 0
9.18 0 2.27077e-10 -143402 13663.6 -143402 0
9.2 0 -1.14048e-10 -161830 10335.9 -161830 0
9.22 0 4.41291e-10 -167503 5157.34 -167503 0
9.24 0 5.98928e-10 -162587 -1158.45 -162587 0
9.26 0 -5.11147e-10 -152979 -7168.92 -152979 0
9.28 0 -4.44853e-11 -144296 -11605.9 -144296 0
9.3 0 2.1454e-10 -138852 -14130.3 -138852 0
9.32 0 2.58197e-10 -135813 -15288 -135813 0
9.34 0 2.59827e-10 -133163 -15906.4 -133163 0
9.36 0 -3.54904e-10 -128639 -16560.3 -128639 0
9.38 0 -7.02805e-10 -119112 -17401.3 -119112 0
9.4 0 -1.03096e-10 -100766 -18259.9 -100766 0
9.42 0 5.25978e-10 -71665.5 -18865.9 -71665.5 0
9.44 0 8.07063e-10 -34419.4 -19043.7 -34419.4 0
9.46 0 1.419e-10 4661.61 -18756.6 4661.61 0
9.48 0 -1.94024e-11 39607 -18022.2 39607 0
9.5 0 -1.23168e-10 67899.6 -16822.5 67899.6 0
9.52 0 5.34515e-10 90018.1 -15080.2 90018.1 0
9.54 0 1.71705e-10 107057 -12679.6 107057 0
9.56 0 6.71928e-10 119370 -9479.35 119370 0
9.58 0 -9.4702e-10 126953 -5365.88 126953 0
9.6 0 5.27816e-10 130274 -405.666 130274 0
9.62 0 -6.262e-11 130417 5030.84 130417 0
9.64 0 1.08415e-10 128581 10340.5 128581 0
9.66 0 3.20492e-11 125515 14907.4 125515 0
9.68 0 -6.62443e-13 121333 18267.3 121333 0
9.7 0 6.08209e-10 115678 20158.1 115678 0
9.72 0 1.20732e-10 107889 20560.2 107889 0
9.74 0 -7.16024e-10 96961.7 19744.1 96961.7 0
9.76 0 -1.1042e-09 81646.1 18215.4 81646.1 0
9.78 0 6.52725e-10 61128.8 16524.2 61128.8 0
9.8 0 8.91689e-10 35722.3 15041.7 35722.3 0
9.82 0 -6.10055e-10 6623.66 13818.4 6623.66 0
9.84 0 -3.74078e-10 -24818.7 12574 -24818.7 0
9.86 0 8.88457e-10 -56937.5 10792.6 -56937.5 0
9.88 0 3.90616e-10 -86762.4 7911.89 -86762.4 0
9.9 0 -9.07852e-10 -110130 3638.86 -110130 0
9.92 0 3.67396e-10 -123786 -1758.52 -123786 0
9.94 0 -3.37177e-10 -127687 -7494.33 -127687 0
9.96 0 -1.55301e-10 -125124 -12687.7 -125124 0
9.98 0 -2.85032e-10 -120522 -16789 -120522 0
10 0 1.91981e-11 -116896 -19664 -116896 0
10.02 0 -1.85363e-10 -114863 -21414.6 -114863 0
10.04 0 -5.86935e-11 -113439 -22218.6 -113439 0
10.06 0 4.88006e-10 -111548 -22298 -111548 0
10.08 0 -9.35693e-10 -108676 -21926.3 -108676 0
10.1 0 -1.15329e-09 -103923 -21362.3 -103923 0
10.12 0 -8.95772e-10 -94716.3 -20718.9 -94716.3 0
10.14 0 8.69409e-10 -77536 -19892.2 -77536 0
10.16 0 -7.01611e-10 -50930.1 -18631.7 -50930.1 0
10.18 0 6.75101e-10 -17746.8 -16685.2 -17746.8 0
10.2 0 -2.18763e-10 16092.8 -13901.9 16092.8 0
10.22 0 -2.32784e-10 45156.9 -10293.4 45156.9 0
10.24 0 4.73398e-10 67090.3 -6068.96 67090.3 0
10.26 0 -3.18474e-10 82604.7 -1575.43 82604.7 0
10.28 0 3.65691e-10 93824.3 2865.45 93824.3 0
10.3 0 3.84148e-11 102606 7068.29 102606 0
10.32 0 -3.01038e-10 109748 10929.7 109748 0
10.34 0 1.26838e-10 115224 14315.2 115224 0
10.36 0 5.44152e-10 118941 17044.4 118941 0
10.38 0 1.71444e-10 121111 18971 121111 0
10.4 0 1.51774e-09 121769 20045.7 121769 0
10.42 0 -8.67859e-10 119927 20308.3 119927 0
10.44 0 6.97411e-10 113336 19850.5 113336 0
10.46 0 7.83559e-10 99318 18795.5 99318 0
10.48 0 -9.89727e-10 76420 17291.9 76420 0
10.5 0 2.75018e-10 45864.3 15488.9 45864.3 0
10.52 0 5.62753e-10 11396.8 13470.3 11396.8 0
10.54 0 -2.27069e-10 -22691 11167.4 -22691 0
10.56 0 -2.10935e-10 -53556.4 8375.27 -53556.4 0
10.58 0 -1.14252e-10 -80025.8 4944.8 -80025.8 0
10.6 0 -4.97023e-10 -101615 974.53 -101615 0
10.62 0 1.81923e-10 -118102 -3226.03 -118102 0
10.64 0 -1.66902e-10 -129876 -7353.71 -129876 0
10.66 0 3.41875e-10 -137873 -11254.7 -137873 0
10.68 0 -3.05037e-10 -142746 -14878.8 -142746 0
10.7 0 2.41677e-10 -144219 -18151.7 -144219 0
10.72 0 3.14069e-10 -141379 -20901.8 -141379 0
10.74 0 1.12624e-09 -133577 -22879 -133577 0
10.76 0 -6.97485e-10 -121087 -23854.8 -121087 0
10.78 0 1.13446e-09 -104829 -23757.9 -104829 0
10.8 0 -3.7534e-10 -85277.4 -22736.7 -85277.4 0
10.82 0 -3.67356e-10 -61829.4 -21073.2 -61829.4 0
10.84 0 8.56785e-10 -33691.6 -19043.4 -33691.6 0
10.86 0 -2.78504e-10 -1407.53 -16833.1 -1407.53 0
10.88 0 -7.66053e-11 32772.6 -14502.4 32772.6 0
10.9 0 -3.02706e-10 65910.1 -11980.7 65910.1 0
10.92 0 4.9192e-11 95517.9 -9123.62 95517.9 0
10.94 0 -1.20192e-11 119975 -5813.24 119975 0
10.96 0 -9.63247e-11 138395 -1999.44 138395 0
10.98 0 -3.21175e-11 150299 2331.81 150299 0
11 0 2.40921e-11 155414 7128.4 155414 0
11.02 0 -2.38748e-11 153950 12132.2 153950 0
11.04 0 -2.66022e-10 147220 16808.2 147220 0
11.06 0 -2.25808e-10 137713 20508.9 137713 0
11.08 0 4.84884e-10 128034 22771.1 128034 0
11.1 0 -1.32605e-09 119320 23501.7 119320 0
11.12 0 -7.91435e-11 110210 22951.2 110210 0
11.14 0 6.19562e-10 96984.7 21544.5 96984.7 0
11.16 0 -4.04678e-10 75324.1 19689.4 75324.1 0
11.18 0 -4.18394e-10 43305.5 17667.4 43305.5 0
11.2 0 -1.83655e-10 3343.46 15619.4 3343.46 0
11.22 0 -3.13236e-10 -39125.3 13554.3 -39125.3 0
11.24 0 7.98625e-10 -78926 11336.2 -78926 0
11.26 0 6.38657e-10 -112940 8704.79 -112940 0
11.28 0 -6.70758e-10 -139462 5400.96 -139462 0
11.3 0 1.04406e-10 -157295 1330.77 -157295 0
11.32 0 -1.65852e-10 -166044 -3385.54 -166044 0
11.34 0 2.63643e-10 -166679 -8490.38 -166679 0
11.36 0 2.01197e-10 -161391 -13637 -161391 0
11.38 0 -1.80624e-10 -153060 -18360.3 -153060 0
11.4 0 -6.57836e-11 -144646 -22125.8 -144646 0
11.42 0 2.23323e-10 -138247 -24540.7 -138247 0
11.44 0 -7.64985e-11 -133994 -25550.8 -133994 0
11.46 0 -3.75934e-10 -129640 -25414.5 -129640 0
11.48 0 -3.37942e-10 -121128 -24495.9 -121128 0
11.5 0 -2.90777e-10 -104093 -23071.8 -104093 0
11.52 0 -3.37454e-10 -76157.8 -21273.9 -76157.8 0
11.54 0 3.1669e-10 -38804.1 -19149.1 -38804.1 0
11.56 0 1.10768e-09 3270.06 -16742.4 3270.06 0
11.58 0 6.70284e-10 45027.5 -14117.5 45027.5 0
11.6 0 -9.07265e-10 83134.3 -11307.4 83134.3 0
11.62 0 -1.02456e-09 115479 -8251.27 115479 0
11.64 0 7.64952e-10 140151 -4809.47 140151 0
11.66 0 -1.48082e-10 155989 -871.745 155989 0
11.68 0 5.7584e-10 163681 3525.94 163681 0
11.7 0 -1.10555e-10 165442 8174.59 165442 0
11.72 0 1.44912e-10 163566 12761.6 163566 0
11.74 0 1.56638e-10 159556 16968.4 159556 0
11.76 0 -1.53622e-10 154312 20527.5 154312 0
11.78 0 2.16502e-10 148517 23218.3 148517 0
11.8 0 -7.72229e-10 142606 24837.5 142606 0
11.82 0 2.75796e-10 136295 25219 136295 0
11.84 0 7.78957e-11 127655 24332.9 127655 0
11.86 0 -9.46182e-10 112656 22387 112656 0
11.88 0 1.2951e-09 86945.4 19824.2 86945.4 0
11.9 0 1.63406e-10 49451.8 17173.9 49451.8 0
11.92 0 4.40664e-10 4230.44 14807.2 4230.44 0
11.94 0 -6.66873e-10 -41769.3 12767.7 -41769.3 0
11.96 0 -7.03339e-10 -82733.4 10803.5 -82733.4 0
11.98 0 1.0238e-10 -116020 8528.17 -116020 0
12 0 -1.76991e-11 -141428 5577.91 -141428 0
12.02 0 -2.01121e-09 -159582 1741 -159582 0
12.04 0 -3.64503e-10 -170980 -2950.35 -170980 0
12.06 0 9.83035e-10 -175995 -8205.81 -175995 0
12.08 0 -7.31672e-11 -175579 -13531.3 -175579 0
12.1 0 -2.52764e-10 -171917 -18320.3 -171917 0
12.12 0 3.33338e-10 -168008 -22003.5 -168008 0
12.14 0 -3.08851e-10 -166116 -24251.6 -166116 0
12.16 0 4.52698e-10 -166392 -25099.5 -166392 0
12.18 0 1.16632e-10 -166882 -24848.1 -166882 0
12.2 0 4.26022e-10 -164354 -23845.2 -164354 0
12.22 0 1.83445e-10 -154820 -22385.5 -154820 0
12.24 0 -4.90624e-10 -134256 -20726.1 -134256 0
12.26 0 9.88539e-10 -100761 -19097.8 -100761 0
12.28 0 1.60218e-10 -56708.1 -17678.5 -56708.1 0
12.3 0 -6.34392e-10 -7908.83 -16525.2 -7908.83 0
12.32 0 7.20614e-10 39814 -15516.2 39814 0
12.34 0 -4.41239e-10 82958.2 -14341.1 82958.2 0
12.36 0 -1.07817e-10 119611 -12540.3 119611 0
12.38 0 2.1688e-11 147777 -9643.64 147777 0
12.4 0 -7.70073e-10 165393 -5420.5 165393 0
12.42 0 6.20152e-10 171851 -81.1251 171851 0
12.44 0 6.73099e-11 169086 5751.16 169086 0
12.46 0 2.54654e-11 161210 11271.4 161210 0
12.48 0 -4.42057e-10 152928 15767.8 152928 0
12.5 0 -7.36423e-11 147597 18819.5 147597 0
12.52 0 9.6129e-11 146030 20367.7 146030 0
12.54 0 -8.21219e-11 146824 20638.5 146824 0
12.56 0 -1.37636e-10 147589 19975.8 147589 0
12.58 0 2.8863e-10 145365 18711.7 145365 0
12.6 0 -6.00606e-11 135902 17114.7 135902 0
12.62 0 8.20542e-10 114278 15390.8 114278 0
12.64 0 8.0939e-10 78303 13707.1 78303 0
12.66 0 -9.64838e-10 31473.1 12166.9 31473.1 0
12.68 0 7.39703e-10 -18536.4 10728.1 -18536.4 0
12.7 0 -3.88849e-10 -64451.7 9180.87 -64451.7 0
12.72 0 -8.1924e-10 -102264 7250.46 -102264 0
12.74 0 -3.82653e-10 -130785 4745.71 -130785 0
12.76 0 -3.83346e-10 -150290 1641.86 -150290 0
12.78 0 1.04152e-09 -162008 -1923.9 -162008 0
12.8 0 -2.76672e-10 -167849 -5707.4 -167849 0
12.82 0 3.03152e-10 -169689 -9432.01 -169689 0
12.84 0 -3.0018e-10 -168684 -12854.1 -168684 0
12.86 0 1.12788e-10 -165164 -15785.4 -165164 0
12.88 0 -1.93393e-10 -158999 -18063.8 -158999 0
12.9 0 3.82717e-10 -150022 -19495.7 -150022 0
12.92 0 7.12154e-11 -137909 -19878.5 -137909 0
12.94 0 2.71472e-10 -121310 -19168.5 -121310 0
12.96 0 -1.66413e-10 -97574.9 -17593.2 -97574.9 0
12.98 0 -1.31417e-11 -64630.4 -15573.5 -64630.4 0
13 0 3.44856e-10 -23645.4 -13542.4 -23645.4 0
13.02 0 -1.2427e-10 20740.4 -11760.3 20740.4 0
13.04 0 1.79301e-10 62972.2 -10232.7 62972.2 0
13.06 0 -1.36165e-10 99148.3 -8761.77 99148.3 0
13.08 0 3.18404e-10 127520 -7012.07 127520 0
13.1 0 -7.295e-11 147656 -4560.59 147656 0
13.12 0 1.73605e-10 159787 -1057.93 159787 0
13.14 0 -3.67809e-10 164683 3510.85 164683 0
13.16 0 3.06858e-10 163725 8701.11 163725 0
13.18 0 2.57774e-10 158952 13767.9 158952 0
13.2 0 -1.15591e-11 152840 17976.3 152840 0
13.22 0 -2.95128e-10 147608 20835 147608 0
13.24 0 -2.48081e-10 144394 22159.6 144394 0
13.26 0 -1.22696e-10 142811 22014 142811 0
13.28 0 2.86257e-10 140735 20626.5 140735 0
13.3 0 1.71373e-11 134052 18353.4 134052 0
13.32 0 -8.72119e-11 117318 15658.9 117318 0
13.34 0 -5.34605e-10 86484.1 13053.1 86484.1 0
13.36 0 -2.38425e-10 42095.9 10969.5 42095.9 0
13.38 0 4.52135e-10 -10486.1 9606.69 -10486.1 0
13.4 0 -1.76041e-10 -64219.4 8835.59 -64219.4 0
13.42 0 -1.04109e-10 -113331 8232.85 -113331 0
13.44 0 -1.14579e-09 -153730 7200.86 -153730 0
13.46 0 7.78016e-10 -182343 5161.67 -182343 0
13.48 0 -1.13628e-09 -197419 1825.15 -197419 0
13.5 0 -1.07516e-10 -199447 -2622.08 -199447 0
13.52 0 -3.50804e-10 -191315 -7606.75 -191315 0
13.54 0 -5.83309e-10 -177415 -12479 -177415 0
13.56 0 3.54246e-10 -162266 -16751 -162266 0
13.58 0 6.92643e-10 -149140 -20096.7 -149140 0
13.6 0 2.95156e-10 -139225 -22235.4 -139225 0
13.62 0 5.45481e-10 -131716 -22925.6 -131716 0
13.64 0 -1.30492e-10 -124071 -22136 -124071 0
13.66 0 4.30155e-11 -111948 -20195.9 -111948 0
13.68 0 -2.30776e-10 -90162 -17730.3 -90162 0
13.7 0 7.16632e-10 -55591.4 -15429.1 -55591.4 0
13.72 0 -1.00587e-10 -9882.86 -13762.7 -9882.86 0
13.74 0 -6.85792e-10 40823.7 -12767.8 40823.7 0
13.76 0 -2.35257e-10 88695.7 -12083 88695.7 0
13.78 0 -1.3992e-10 127059 -11219 127059 0
13.8 0 2.3043e-10 152190 -9788.56 152190 0
13.82 0 -7.21923e-10 164218 -7545.67 164218 0
13.84 0 6.17521e-11 166728 -4384.43 166728 0
13.86 0 3.63787e-10 164769 -427.505 164769 0
13.88 0 4.66358e-10 162448 3921.72 162448 0
13.9 0 -1.46636e-10 161836 8108.03 161836 0
13.92 0 6.55877e-11 163461 11639.1 163461 0
13.94 0 2.45694e-10 167213 14202.8 167213 0
13.96 0 -3.29538e-10 172646 15679.5 172646 0
13.98 0 -2.17616e-10 178489 16128.8 178489 0
14 0 -1.25162e-10 181561 15757.3 181561 0
14.02 0 -9.26857e-11 176086 14890.9 176086 0
14.04 0 -2.77515e-10 155563 13964.3 155563 0
14.06 0 -2.8807e-10 117494 13396 117494 0
14.08 0 -6.39358e-10 67100.1 13331.9 67100.1 0
14.1 0 1.09224e-09 15278 13491.5 15278 0
14.12 0 -5.43323e-10 -28340.2 13362.6 -28340.2 0
14.14 0 1.47691e-11 -60797.3 12638.1 -60797.3 0
14.16 0 -5.2414e-10 -85304.9 11439.5 -85304.9 0
14.18 0 -2.56078e-09 -106704 10077.7 -106704 0
14.2 0 1.06353e-09 -127420 8635.87 -127420 0
14.22 0 7.74452e-10 -146290 6823.86 -146290 0
14.24 0 -7.47228e-10 -159992 4239.74 -159992 0
14.26 0 1.95768e-09 -165708 799.763 -165708 0
14.28 0 -1.4828e-09 -163189 -3036.35 -163189 0
14.3 0 -6.99839e-11 -154858 -6472.04 -154858 0
14.32 0 1.27147e-09 -144174 -8871.84 -144174 0
14.34 0 2.44053e-10 -133929 -10110.8 -133929 0
14.36 0 -6.42575e-10 -125481 -10493.8 -125481 0
14.38 0 8.04484e-11 -118312 -10407.4 -118312 0
14.4 0 4.61335e-11 -109328 -10109.4 -109328 0
14.42 0 -2.64397e-10 -93322.3 -9830.13 -93322.3 0
14.44 0 -4.33644e-10 -65960.5 -9893.42 -65960.5 0
14.46 0 1.95896e-10 -27292.5 -10541.5 -27292.5 0
14.48 0 3.00397e-10 17841.5 -11634.1 17841.5 0
14.5 0 -8.25671e-10 62882.9 -12629.9 62882.9 0
14.52 0 -1.6199e-09 102600 -12928.1 102600 0
14.54 0 -2.70689e-10 133622 -12230.8 133622 0
14.56 0 1.04297e-09 153680 -10593.7 153680 0
14.58 0 -1.83146e-09 161632 -8188.91 161632 0
14.6 0 -5.52533e-10 158308 -5109.07 158308 0
14.62 0 -7.05619e-10 146988 -1463.13 146988 0
14.64 0 9.84404e-10 132782 2401.87 132782 0
14.66 0 -1.48126e-09 120970 5923.85 120970 0
14.68 0 7.15446e-10 114828 8632.52 114828 0
14.7 0 4.81285e-10 113954 10389.3 113954 0
14.72 0 2.11221e-10 113872 11338.1 113872 0
14.74 0 -3.61699e-10 107144 11725.5 107144 0
14.76 0 -3.7447e-10 86592.7 11810.1 86592.7 0
14.78 0 -4.20333e-10 50215.2 11848.2 50215.2 0
14.8 0 1.36763e-10 4015.49 12024.7 4015.49 0
14.82 0 8.51699e-10 -41288.4 12352.8 -41288.4 0
14.84 0 -4.70454e-10 -77532.2 12691.1 -77532.2 0
14.86 0 4.74844e-10 -103213 12869.5 -103213 0
14.88 0 1.63218e-09 -121074 12727.9 -121074 0
14.9 0 -3.0112e-10 -133242 11994.1 -133242 0
14.92 0 -7.9574e-10 -139425 10229.5 -139425 0
14.94 0 2.10306e-10 -138947 7071.86 -138947 0
14.96 0 3.82007e-10 -133371 2618.63 -133371 0
14.98 0 1.35401e-09 -126694 -2467.51 -126694 0
15 0 2.43994e-10 -122756 -7306.26 -122756 0
15.02 0 -8.82369e-10 -122157 -11253.3 -122157 0
15.04 0 2.12689e-10 -121504 -14015.1 -121504 0
15.06 0 -4.89255e-11 -115556 -15468 -115556 0
15.08 0 4.70899e-10 -100217 -15589.8 -100217 0
15.1 0 -5.6308e-10 -74339 -14642 -74339 0
15.12 0 1.96767e-10 -39946.9 -13279.4 -39946.9 0
15.14 0 1.00761e-09 -1406 -12303.4 -1406 0
15.16 0 2.08658e-10 36156.8 -12207 36156.8 0
15.18 0 1.60347e-12 68754.8 -12905.1 68754.8 0
15.2 0 -2.00317e-09 94822.5 -13856.2 94822.5 0
15.22 0 4.20129e-10 115064 -14397.7 115064 0
15.24 0 -1.16642e-09 130954 -13969.6 130954 0
15.26 0 1.0882e-09 143078 -12124.5 143078 0
15.28 0 4.90335e-10 150755 -8536.51 150755 0
15.3 0 -1.80924e-09 153258 -3238.58 153258 0
15.32 0 1.00066e-09 151196 3089.8 151196 0
15.34 0 -5.62417e-11 146404 9263.63 146404 0
15.36 0 -3.36181e-10 140503 14202.6 140503 0
15.38 0 1.14886e-10 133688 17426.6 133688 0
15.4 0 -1.25355e-10 124679 19004.9 124679 0
15.42 0 -1.82949e-10 111375 19242.2 111375 0
15.44 0 8.2925e-10 91816.2 18563.5 91816.2 0
15.46 0 -2.55041e-11 65560.2 17552.4 65560.2 0
15.48 0 -1.27685e-09 34669.4 16809.7 34669.4 0
15.5 0 -7.56693e-10 2913 16646.6 2913 0
15.52 0 -1.01837e-09 -26576.7 16953.6 -26576.7 0
15.54 0 1.1285e-09 -52997.5 17357.7 -52997.5 0
15.56 0 1.44827e-09 -77400.5 17392.3 -77400.5 0
15.58 0 -1.30026e-09 -100743 16512.9 -100743 0
15.6 0 -7.35218e-11 -122184 14136.6 -122184 0
15.62 0 -1.8918e-09 -138947 9899.06 -138947 0
15.64 0 -3.98156e-10 -148017 4017.33 -148017 0
15.66 0 -4.58495e-11 -148371 -2646.04 -148371 0
15.68 0 5.15222e-10 -141809 -8984.84 -141809 0
15.7 0 5.90422e-10 -131770 -14144.7 -131770 0
15.72 0 -1.44249e-10 -121463 -17692 -121463 0
15.74 0 7.02505e-10 -112764 -19525.6 -112764 0
15.76 0 -7.62454e-10 -105975 -19852.5 -105975 0
15.78 0 1.3926e-09 -99839.3 -19213.4 -99839.3 0
15.8 0 -5.60138e-11 -91635.2 -18314.9 -91635.2 0
15.82 0 -8.65873e-10 -77952.2 -17691.1 -77952.2 0
15.84 0 -4.66361e-10 -56479.7 -17460 -56479.7 0
15.86 0 -2.03369e-10 -27714.7 -17326.9 -27714.7 0
15.88 0 -4.75811e-10 5042.14 -16793.8 5042.14 0
15.9 0 8.91078e-10 37495.6 -15435.7 37495.6 0
15.92 0 -7.49364e-10 66140.7 -13053.5 66140.7 0
15.94 0 8.11177e-10 88684.2 -9646.59 88684.2 0
15.96 0 -2.13422e-10 103755 -5372.78 103755 0
15.98 0 8.49242e-11 111071 -569.208 111071 0
16 0 -1.25159e-11 111916 4288.26 111916 0
16.02 0 4.77001e-11 109009 8722.14 109009 0
16.04 0 2.51472e-10 105536 12356.6 105536 0
16.06 0 1.54489e-10 103916 14968.9 103916 0
16.08 0 -1.48329e-11 104845 16574.9 104845 0
16.1 0 7.38127e-11 106994 17457 106994 0
16.12 0 2.03699e-10 107502 17970.5 107502 0
16.14 0 1.65278e-10 102921 18249.1 102921 0
16.16 0 -2.48538e-10 90214.2 18127.2 90214.2 0
16.18 0 -2.23431e-10 68020.5 17360.8 68020.5 0
16.2 0 7.07396e-11 38013.2 15891.8 38013.2 0
16.22 0 -2.02944e-10 4816.84 13892.1 4816.84 0
16.24 0 3.47768e-10 -26342.5 11581.4 -26342.5 0
16.26 0 5.62761e-11 -52371.7 9024.14 -52371.7 0
16.28 0 4.94504e-10 -72906.4 6103.59 -72906.4 0
16.3 0 -1.63366e-10 -88789.8 2678.65 -88789.8 0
16.32 0 1.30737e-11 -100486 -1251.94 -100486 0
16.34 0 -1.78947e-10 -107741 -5516.03 -107741 0
16.36 0 2.4169e-10 -110265 -9835.89 -110265 0
16.38 0 -7.97858e-10 -108643 -13894.3 -108643 0
16.4 0 -1.31247e-10 -104655 -17370.4 -104655 0
16.42 0 -6.81636e-10 -100413 -19982.6 -100413 0
16.44 0 -1.16189e-09 -96827.7 -21544 -96827.7 0
16.46 0 3.5329e-10 -92847.8 -22004.7 -92847.8 0
16.48 0 1.36751e-10 -86241.8 -21461.6 -86241.8 0
16.5 0 4.36134e-10 -75093.2 -20126.6 -75093.2 0
16.52 0 -1.05802e-09 -58836 -18253.3 -58836 0
16.54 0 -9.46487e-11 -38395.5 -16067.9 -38395.5 0
16.56 0 5.49719e-10 -15565.3 -13716.1 -15565.3 0
16.58 0 -5.33562e-10 7890.64 -11213.3 7890.64 0
16.6 0 1.08482e-09 30666 -8446.65 30666 0
16.62 0 1.86097e-10 51675.1 -5279.94 51675.1 0
16.64 0 -1.59553e-10 69864.3 -1676.96 69864.3 0
16.66 0 -3.2196e-11 84564 2276.8 84564 0
16.68 0 -2.02743e-10 95804.9 6421.54 95804.9 0
16.7 0 4.87595e-10 103954 10535.7 103954 0
16.72 0 -5.40465e-10 109120 14323.6 109120 0
16.74 0 5.3098e-10 111184 17463.2 111184 0
16.76 0 5.23138e-10 110359 19709.8 110359 0
16.78 0 9.10488e-10 107337 20964.7 107337 0
16.8 0 -1.52105e-10 102619 21260.8 102619 0
16.82 0 -1.19476e-12 95690.1 20703.8 95690.1 0
16.84 0 -8.55859e-10 85095.4 19424.2 85095.4 0
16.86 0 4.69519e-10 69611.8 17557.9 69611.8 0
16.88 0 -7.04254e-10 49562.1 15249.8 49562.1 0
16.9 0 -1.78441e-10 26828.4 12646.4 26828.4 0
16.92 0 1.55934e-10 3394.35 9846.25 3394.35 0
16.94 0 1.68676e-10 -19857.4 6867.53 -19857.4 0
16.96 0 1.71027e-10 -42550.5 3684.26 -42550.5 0
16.98 0 6.0083e-12 -63345.4 274.948 -63345.4 0
17 0 6.22976e-11 -79837.2 -3368.09 -79837.2 0
17.02 0 -1.99095e-11 -90245.1 -7222.87 -90245.1 0
17.04 0 9.73493e-11 -94898.3 -11179.9 -94898.3 0
17.06 0 -6.72483e-10 -95805.3 -15001.2 -95805.3 0
17.08 0 4.8918e-11 -94951 -18353.4 -94951 0
17.1 0 -3.69209e-10 -93232.6 -20895.5 -93232.6 0
17.12 0 3.80441e-10 -90834.2 -22374.9 -90834.2 0
17.14 0 -6.00974e-10 -88100.5 -22701 -88100.5 0
17.16 0 -1.04219e-10 -85636.4 -21965.7 -85636.4 0
17.18 0 1.42682e-09 -83459.5 -20384.5 -83459.5 0
17.2 0 1.13272e-10 -80148.4 -18192 -80148.4 0
17.22 0 4.04262e-10 -73123.7 -15562.7 -73123.7 0
17.24 0 -6.6737e-10 -60278.7 -12597.2 -60278.7 0
17.26 0 2.37166e-10 -41695 -9362.97 -41695 0
17.28 0 6.16214e-11 -19767.1 -5946.3 -19767.1 0
17.3 0 1.47307e-11 2394.24 -2454.81 2394.24 0
17.32 0 -1.66591e-10 22660.1 1039.86 22660.1 0
17.34 0 2.14992e-10 40258.8 4533.47 40258.8 0
17.36 0 1.11896e-11 55043.2 8016.42 55043.2 0
17.38 0 -3.43657e-10 66806.8 11361.9 66806.8 0
17.4 0 3.9153e-11 75324.3 14317.2 75324.3 0
17.42 0 1.20273e-09 80839.7 16625.3 80839.7 0
17.44 0 -3.15817e-10 84255.6 18157.9 84255.6 0
17.46 0 -1.02997e-09 86565.1 18940.2 86565.1 0
17.48 0 -5.78812e-11 87933 19069 87933 0
17.5 0 -7.86917e-10 87416.5 18608.1 87416.5 0
17.52 0 3.43318e-10 83769.4 17540.7 83769.4 0
17.54 0 -2.20206e-10 76511.5 15806.4 76511.5 0
17.56 0 2.21861e-10 66049.3 13382.9 66049.3 0
17.58 0 9.09137e-12 52857.5 10353.3 52857.5 0
17.6 0 -4.75399e-10 36972.7 6921.09 36972.7 0
17.62 0 2.17452e-10 18512.3 3339.67 18512.3 0
17.64 0 -1.82201e-11 -1513.06 -216.354 -1513.06 0
17.66 0 -1.32724e-10 -21146.3 -3707.64 -21146.3 0
17.68 0 2.35598e-10 -38293.8 -7143.54 -38293.8 0
17.7 0 -1.79777e-11 -51690.2 -10461.5 -51690.2 0
17.72 0 2.91689e-10 -61346.3 -13515 -61346.3 0
17.74 0 -7.45618e-10 -68256.3 -16154.3 -68256.3 0
17.76 0 6.74848e-10 -73601.9 -18284.2 -73601.9 0
17.78 0 -1.46016e-09 -77993.8 -19851 -77993.8 0
17.8 0 6.33935e-10 -81220.8 -20807.7 -81220.8 0
17.82 0 -1.58551e-09 -82566.9 -21100.9 -82566.9 0
17.84 0 -1.66393e-10 -81377.4 -20675.7 -81377.4 0
17.86 0 4.48005e-10 -77440 -19476.8 -77440 0
17.88 0 -3.4843e-11 -70875.7 -17444.3 -70875.7 0
17.9 0 6.02497e-10 -61633.5 -14532.7 -61633.5 0
17.92 0 -3.00085e-10 -49230 -10803.6 -49230 0
17.94 0 -1.76508e-10 -33315.5 -6529.84 -33315.5 0
17.96 0 -3.20014e-10 -14619.9 -2144.84 -14619.9 0
17.98 0 4.03132e-10 4863.9 1985.67 4863.9 0
18 0 6.40988e-10 22839.1 5733.86 22839.1 0
18.02 0 3.53103e-10 37885.1 9140.61 37885.1 0
18.04 0 1.53812e-11 49827.5 12226.8 49827.5 0
18.06 0 -9.59785e-10 59259.5 14912.7 59259.5 0
18.08 0 -6.28917e-10 66876.6 17090.9 66876.6 0
18.1 0 2.57841e-09 73120.3 18727 73120.3 0
18.12 0 -4.82467e-11 78143 19877.5 78143 0
18.14 0 1.91961e-09 81867.2 20622.2 81867.2 0
18.16 0 -1.36454e-09 83975 20970.7 83975 0
18.18 0 4.60299e-11 83919.6 20813.7 83919.6 0
18.2 0 -1.10592e-10 81139.2 19953.7 81139.2 0
18.22 0 9.27272e-10 75376.7 18185.7 75376.7 0
18.24 0 3.38673e-10 66705.2 15397.2 66705.2 0
18.26 0 -7.16075e-10 55197.2 11681.2 55197.2 0
18.28 0 -5.8748e-10 40766.9 7380.17 40766.9 0
18.3 0 -9.98867e-11 23553.4 2957.42 23553.4 0
18.32 0 -4.97123e-11 4403.54 -1234.21 4403.54 0
18.34 0 -7.21057e-10 -15212.6 -5057.78 -15212.6 0
18.36 0 3.02747e-10 -33841.2 -8501.96 -33841.2 0
18.38 0 8.79183e-10 -50608.3 -11564 -50608.3 0
18.4 0 -6.44458e-10 -65240.3 -14240.8 -65240.3 0
18.42 0 -7.57088e-10 -77645.1 -16567.1 -77645.1 0
18.44 0 -1.23283e-10 -87519.4 -18598.9 -87519.4 0
18.46 0 -1.45758e-10 -94362.6 -20350 -94362.6 0
18.48 0 -2.29669e-11 -97844.1 -21752.6 -97844.1 0
18.5 0 -3.12308e-10 -98078.7 -22672.9 -98078.7 0
18.52 0 -3.29697e-10 -95481.6 -22957.3 -95481.6 0
18.54 0 3.26904e-10 -90378.4 -22481.8 -90378.4 0
18.56 0 1.63071e-10 -82831.2 -21167.9 -82831.2 0
18.58 0 4.7494e-10 -72796.2 -18949.8 -72796.2 0
18.6 0 -5.70884e-11 -60326.8 -15790.1 -60326.8 0
18.62 0 6.63181e-12 -45618.7 -11815.5 -45618.7 0
18.64 0 4.52686e-11 -28987.2 -7409.26 -28987.2 0
18.66 0 6.50025e-10 -10913.3 -3051.52 -10913.3 0
18.68 0 -6.16552e-10 7875 963.72 7875 0
18.7 0 7.21927e-11 26387.4 4612.63 26387.4 0
18.72 0 -2.49019e-10 43492.8 7976.22 43492.8 0
18.74 0 -5.30673e-10 58197.1 11067.7 58197.1 0
18.76 0 6.40363e-10 69955.7 13816.2 69955.7 0
18.78 0 6.35075e-10 78751.5 16140.7 78751.5 0
18.8 0 -9.4437e-10 84821.7 17995.3 84821.7 0
18.82 0 -1.37797e-10 88306.6 19355.9 88306.6 0
18.84 0 5.36375e-10 89208.2 20180.5 89208.2 0
18.86 0 2.08301e-10 87659.8 20383 87659.8 0
18.88 0 5.55267e-10 84112.8 19852.9 84112.8 0
18.9 0 -8.87576e-10 79137.8 18500.4 79137.8 0
18.92 0 9.76442e-11 72936 16287.6 72936 0
18.94 0 -3.19922e-10 64939.9 13259 64939.9 0
18.96 0 -1.42604e-10 53965.3 9596.52 53965.3 0
18.98 0 5.12193e-11 39080.2 5623.85 39080.2 0
19 0 -3.29771e-10 20597.1 1675.46 20597.1 0
19.02 0 1.26262e-10 219.587 -2065.12 219.587 0
19.04 0 -2.92825e-10 -19815 -5574.74 -19815 0
19.06 0 -7.03868e-10 -37721.6 -8855.9 -37721.6 0
19.08 0 4.74173e-10 -52519 -11843.5 -52519 0
19.1 0 1.13791e-09 -63884.9 -14445.9 -63884.9 0
19.12 0 -3.81213e-10 -71981.7 -16625.7 -71981.7 0
19.14 0 -6.35741e-10 -77344.8 -18402.5 -77344.8 0
19.16 0 5.57386e-10 -80675.3 -19779.6 -80675.3 0
19.18 0 5.45521e-10 -82549 -20682.7 -82549 0
19.2 0 -1.63629e-10 -83195.8 -20973.7 -83195.8 0
19.22 0 -2.55006e-10 -82442.5 -20526 -82442.5 0
19.24 0 -2.97348e-10 -79809.4 -19280.6 -79809.4 0
19.26 0 2.9978e-10 -74701.6 -17226.7 -74701.6 0
19.28 0 1.26411e-11 -66610.8 -14371 -66610.8 0
19.3 0 -1.17145e-10 -55347.5 -10786 -55347.5 0
19.32 0 -2.66395e-11 -41352 -6693.98 -41352 0
19.34 0 1.43278e-10 -25835 -2446.63 -25835 0
19.36 0 -4.9075e-10 -10380.7 1608.11 -10380.7 0
19.38 0 2.03893e-10 3800.27 5242.34 3800.27 0
19.4 0 -2.91295e-10 16296.7 8363.64 16296.7 0
19.42 0 6.6553e-11 27317.2 10970.6 27317.2 0
19.44 0 -1.31617e-09 37287.5 13106.1 37287.5 0
19.46 0 9.45215e-10 46587.8 14816.9 46587.8 0
19.48 0 1.79917e-10 55355.5 16123 55355.5 0
19.5 0 5.34624e-10 63264.7 17006.3 63264.7 0
19.52 0 -5.51671e-10 69528.5 17411.3 69528.5 0
19.54 0 6.27732e-10 73307.3 17245.9 73307.3 0
19.56 0 -6.58652e-11 74235.3 16390.1 74235.3 0
19.58 0 -5.43734e-10 72588.4 14723.1 72588.4 0
19.6 0 -2.6169e-10 68975.5 12187 68975.5 0
19.62 0 2.12818e-10 63836.4 8877.98 63836.4 0
19.64 0 -4.43526e-11 57119.9 5083.24 57119.9 0
19.66 0 -7.91357e-11 48392.4 1190.9 48392.4 0
19.68 0 2.62056e-10 37326.4 -2462.1 37326.4 0
19.7 0 1.96223e-10 24132.7 -5675.36 24132.7 0
19.72 0 3.23846e-10 9516.94 -8374.84 9516.94 0
19.74 0 -2.29785e-10 -5702.42 -10571.9 -5702.42 0
19.76 0 1.90485e-10 -20823.8 -12329.3 -20823.8 0
19.78 0 4.34194e-10 -35163.5 -13721 -35163.5 0
19.8 0 -9.99926e-10 -47927.2 -14786.8 -47927.2 0
19.82 0 -2.88649e-10 -58335.7 -15510.6 -58335.7 0
19.84 0 5.92728e-10 -65926.2 -15831.4 -65926.2 0
19.86 0 1.89558e-10 -70755.2 -15668.1 -70755.2 0
19.88 0 -3.94513e-10 -73334.1 -14935.5 -73334.1 0
19.9 0 2.29234e-10 -74336.6 -13558.3 -74336.6 0
19.92 0 -2.0325e-10 -74238.3 -11502.9 -74238.3 0
19.94 0 -1.2177e-10 -73062.3 -8831.81 -73062.3 0
19.96 0 9.01507e-11 -70341.9 -5729.31 -70341.9 0
19.98 0 -2.72697e-10 -65303.2 -2449.84 -65303.2 0
20 0 -3.47323e-10 -57209.8 770.822 -57209.8 0
20.02 0 -3.01466e-11 -45778.3 3761.25 -45778.3 0
20.04 0 2.18342e-10 -31440.1 6408 -31440.1 0
20.06 0 -8.79314e-11 -15217.9 8646.61 -15217.9 0
20.08 0 -1.00808e-09 1676.59 10462.3 1676.59 0
20.1 0 1.09495e-09 18133.5 11874.5 18133.5 0
20.12 0 5.30884e-10 33160.2 12908.7 33160.2 0
20.14 0 -8.00019e-10 45881.2 13581.4 45881.2 0
20.16 0 -7.10251e-10 55758.1 13898.6 55758.1 0
20.18 0 -7.86173e-10 62845.4 13844.6 62845.4 0
20.2 0 4.17651e-10 67730.7 13364.1 67730.7 0
20.22 0 8.04066e-11 71116.1 12361 71116.1 0
20.24 0 1.27781e-10 73378.3 10740.9 73378.3 0
20.26 0 1.78191e-10 74433.5 8491.4 74433.5 0
20.28 0 4.04423e-11 73906.1 5738.13 73906.1 0
20.3 0 5.50109e-11 71334.2 2713.57 71334.2 0
20.32 0 -2.00703e-10 66227.9 -337.678 66227.9 0
20.34 0 -5.30006e-10 58118.2 -3226.38 58118.2 0
20.36 0 4.85167e-10 46823.5 -5822.2 46823.5 0
20.38 0 -2.43385e-10 32766.9 -8040.19 32766.9 0
20.4 0 -4.61035e-10 16900.8 -9844.74 16900.8 0
20.42 0 5.14521e-10 224.596 -11246.8 224.596 0
20.44 0 2.69442e-10 -16542.4 -12278.3 -16542.4 0
20.46 0 2.81108e-10 -32800.6 -12970.7 -32800.6 0
20.48 0 -6.52879e-11 -47804.5 -13357 -47804.5 0
20.5 0 -4.86502e-10 -60778.8 -13469.3 -60778.8 0
20.52 0 -3.55461e-10 -71280.9 -13319.1 -71280.9 0
20.54 0 -4.03428e-10 -79307.5 -12874.1 -79307.5 0
20.56 0 -3.33611e-10 -85009.2 -12060.4 -85009.2 0
20.58 0 3.9395e-10 -88361.3 -10805.8 -88361.3 0
20.6 0 5.28669e-10 -89141.6 -9109.02 -89141.6 0
20.62 0 1.02054e-10 -87199.1 -7072.14 -87199.1 0
20.64 0 1.19149e-11 -82709.6 -4852.52 -82709.6 0
20.66 0 3.57749e-11 -76104.3 -2580.35 -76104.3 0
20.68 0 -2.95553e-10 -67671 -325.496 -67671 0
20.7 0 2.63653e-10 -57280.2 1870.91 -57280.2 0
20.72 0 9.02667e-10 -44658.3 3954.73 -44658.3 0
20.74 0 -5.35743e-10 -29949.3 5851.38 -29949.3 0
20.76 0 1.01065e-10 -13900.2 7486.59 -13900.2 0
20.78 0 3.59926e-10 2496.79 8808.52 2496.79 0
20.8 0 -7.01201e-11 18412.1 9797.58 18412.1 0
20.82 0 -7.06358e-10 33234.8 10462.3 33234.8 0
20.84 0 4.10927e-10 46420.8 10824.1 46420.8 0
20.86 0 -4.67326e-10 57450 10901.4 57450 0
20.88 0 2.13363e-10 65948.4 10702.9 65948.4 0
20.9 0 1.38069e-10 71824.5 10224.8 71824.5 0
20.92 0 1.35075e-10 75307.3 9440.78 75307.3 0
20.94 0 1.07845e-10 76849.9 8307.38 76849.9 0
20.96 0 -4.05519e-10 76926.4 6801.96 76926.4 0
20.98 0 -6.83902e-11 75823.7 4960.19 75823.7 0
21 0 -2.03164e-10 73533.2 2874.18 73533.2 0
21.02 0 -1.38283e-10 69728.8 665.447 69728.8 0
21.04 0 -1.26486e-10 63813.7 -1534.77 63813.7 0
21.06 0 -1.3629e-10 55163.2 -3598.57 55163.2 0
21.08 0 -1.58524e-10 43614.9 -5419.88 43614.9 0
21.1 0 8.19521e-10 29825.3 -6930.13 29825.3 0
21.12 0 4.14859e-11 15039.2 -8099.06 15039.2 0
21.14 0 -5.07026e-10 432.074 -8925.37 432.074 0
21.16 0 -2.89e-11 -13304.8 -9429.07 -13304.8 0
21.18 0 -4.47479e-10 -25818.8 -9646.74 -25818.8 0
21.2 0 -6.19464e-11 -36757.2 -9621.67 -36757.2 0
21.22 0 2.25251e-10 -45716.7 -9381.01 -45716.7 0
21.24 0 -2.31762e-10 -52497.3 -8907.72 -52497.3 0
21.26 0 -8.28745e-11 -57305.8 -8136.49 -57305.8 0
21.28 0 8.70397e-11 -60646.7 -6995.98 -60646.7 0
21.3 0 2.29028e-10 -62982.8 -5471.6 -62982.8 0
21.32 0 -2.02335e-10 -64461 -3632.67 -64461 0
21.34 0 8.92357e-10 -64887 -1604.39 -64887 0
21.36 0 -1.41212e-09 -63892 481.958 -63892 0
21.38 0 2.96677e-10 -61125.6 2519.72 -61125.6 0
21.4 0 -7.95377e-10 -56382 4429.17 -56382 0
21.42 0 5.59187e-10 -49684.9 6143.75 -49684.9 0
21.44 0 -5.58644e-10 -41351.3 7597.08 -41351.3 0
21.46 0 3.46494e-10 -31944.8 8726.46 -31944.8 0
21.48 0 2.85581e-10 -22052.7 9495.2 -22052.7 0
21.5 0 1.741e-10 -12053.5 9911.51 -12053.5 0
21.52 0 5.78271e-10 -2129.75 10019 -2129.75 0
21.54 0 1.19093e-10 7519.75 9855.25 7519.75 0
21.56 0 3.9271e-10 16587.2 9401.32 16587.2 0
21.58 0 -4.20564e-10 24814 8569.45 24814 0
21.6 0 2.67623e-10 32137.3 7263.93 32137.3 0
21.62 0 -9.82185e-11 38568.1 5481.92 38568.1 0
21.64 0 1.87244e-10 43941.8 3354.76 43941.8 0
21.66 0 7.81757e-11 47867.9 1082.29 47867.9 0
21.68 0 5.33831e-11 49962.5 -1174.45 49962.5 0
21.7 0 2.80872e-10 50129.2 -3344.35 50129.2 0
21.72 0 -1.74198e-10 48621.8 -5414.11 48621.8 0
21.74 0 5.46349e-10 45859.6 -7360.98 45859.6 0
21.76 0 -9.86659e-10 42178.3 -9112.87 42178.3 0
21.78 0 5.25588e-11 37713.1 -10564.1 37713.1 0
21.8 0 4.37694e-10 32447.4 -11627.6 32447.4 0
21.82 0 -3.16591e-10 26336.3 -12278.1 26336.3 0
21.84 0 -2.56831e-11 19446.4 -12552 19446.4 0
21.86 0 -2.14268e-10 12113.8 -12507.1 12113.8 0
21.88 0 -1.99614e-10 5012 -12171.7 5012 0
21.9 0 1.12972e-10 -1044.91 -11512.2 -1044.91 0
21.92 0 -2.27251e-10 -5526.41 -10445 -5526.41 0
21.94 0 -2.94668e-10 -8484.72 -8904.83 -8484.72 0
21.96 0 -7.31752e-11 -10432.8 -6928.63 -10432.8 0
21.98 0 2.85987e-11 -11932.2 -4665.74 -11932.2 0
22 0 1.96965e-11 -13276.7 -2293.45 -13276.7 0
22.02 0 -2.18691e-10 -14478.2 77.9941 -14478.2 0
22.04 0 -6.12912e-10 -15431.7 2420.03 -15431.7 0
22.06 0 1.19932e-09 -16021.4 4723.3 -16021.4 0
22.08 0 4.14609e-10 -16089.7 6928.64 -16089.7 0
22.1 0 -3.47555e-10 -15391.3 8909.04 -15391.3 0
22.12 0 7.80291e-10 -13674.5 10510 -13674.5 0
22.14 0 3.35298e-11 -10878.5 11616.2 -10878.5 0
22.16 0 2.35679e-10 -7289.52 12198.3 -7289.52 0
22.18 0 9.23737e-10 -3533.09 12308.5 -3533.09 0
22.2 0 -5.58957e-10 -384.593 12030.6 -384.593 0
22.22 0 3.22734e-10 1547.87 11416.9 1547.87 0
22.24 0 7.48955e-10 2160.09 10444.2 2160.09 0
22.26 0 -5.5524e-10 1989.48 9018.98 1989.48 0
22.28 0 -2.91933e-10 1935.48 7054.12 1935.48 0
22.3 0 -1.60245e-10 2649.51 4579.36 2649.51 0
22.32 0 -7.46222e-12 4069.43 1773.73 4069.43 0
22.34 0 9.58567e-11 5520.9 -1129.08 5520.9 0
22.36 0 -3.1542e-10 6262.88 -3960.13 6262.88 0
22.38 0 -4.52158e-10 5949.45 -6634.56 5949.45 0
22.4 0 5.83975e-10 4672.93 -9083.62 4672.93 0
22.42 0 6.96675e-10 2735.18 -11208.9 2735.18 0
22.44 0 -1.29407e-10 468.599 -12911.5 468.599 0
22.46 0 2.49107e-11 -1795.9 -14147.1 -1795.9 0
22.48 0 6.93083e-10 -3747.29 -14940 -3747.29 0
22.5 0 4.663e-11 -5195.54 -15343.9 -5195.54 0
22.52 0 -4.98028e-10 -6174.77 -15392 -6174.77 0
22.54 0 3.7851e-10 -6904.97 -15076.3 -6904.97 0
22.56 0 -9.22222e-10 -7588.55 -14359.3 -7588.55 0
22.58 0 5.57743e-10 -8193.36 -13184.1 -8193.36 0
22.6 0 2.77911e-10 -8408.05 -11482.5 -8408.05 0
22.62 0 2.08423e-10 -7808.66 -9222.25 -7808.66 0
22.64 0 -2.55058e-10 -6109.09 -6487.11 -6109.09 0
22.66 0 2.19035e-11 -3328.09 -3493.99 -3328.09 0
22.68 0 6.62527e-11 241.816 -507.177 241.816 0
22.7 0 -1.24789e-10 4265.38 2271.1 4265.38 0
22.72 0 2.21244e-10 8603.26 4744.74 8603.26 0
22.74 0 3.83458e-10 13280.1 6901.63 13280.1 0
22.76 0 4.80256e-10 18166 8767.69 18166 0
22.78 0 6.54295e-10 22747.3 10361.9 22747.3 0
22.8 0 1.02127e-09 26327 11667.2 26327 0
22.82 0 1.22014e-10 28500.5 12631 28500.5 0
22.84 0 8.08422e-10 29404.6 13186.3 29404.6 0
22.86 0 -1.16677e-09 29494.4 13271.2 29494.4 0
22.88 0 2.4379e-10 29099.4 12836.1 29099.4 0
22.9 0 -1.21076e-10 28168.5 11847.4 28168.5 0
22.92 0 1.19772e-10 26345.1 10294.9 26345.1 0
22.94 0 3.93129e-11 23207.7 8214.59 23207.7 0
22.96 0 -3.23722e-10 18486 5722.63 18486 0
22.98 0 -4.897e-11 12209.1 3014.5 12209.1 0
23 0 -7.62933e-11 4788.92 295.782 4788.92 0
23.02 0 -1.18138e-10 -3053.18 -2302.73 -3053.18 0
23.04 0 9.39483e-11 -10578.2 -4739.52 -10578.2 0
23.06 0 -2.87041e-10 -17379.7 -7008.26 -17379.7 0
23.08 0 2.7169e-10 -23494.1 -9089.09 -23494.1 0
23.1 0 -9.31919e-10 -29174.6 -10940 -29174.6 0
23.12 0 -3.42555e-10 -34570.2 -12500.6 -34570.2 0
23.14 0 2.38807e-10 -39611 -13692.2 -39611 0
23.16 0 -1.29414e-09 -44129.8 -14429.8 -44129.8 0
23.18 0 -4.30163e-10 -47995 -14653.7 -47995 0
23.2 0 -4.35964e-10 -51085.1 -14354.1 -51085.1 0
23.22 0 1.2438e-09 -53165.5 -13569.6 -53165.5 0
23.24 0 3.27686e-10 -53827.1 -12358.6 -53827.1 0
23.26 0 -5.00698e-10 -52554.6 -10768.1 -52554.6 0
23.28 0 1.32044e-10 -48886.6 -8831.62 -48886.6 0
23.3 0 1.3427e-10 -42623.1 -6606.35 -42623.1 0
23.32 0 1.0342e-10 -34029.4 -4199.15 -34029.4 0
23.34 0 -7.08054e-11 -23903.3 -1734.89 -23903.3 0
23.36 0 1.97162e-10 -13334 699.271 -13334 0
23.38 0 -7.22273e-11 -3198.18 3064.56 -3198.18 0
23.4 0 2.07789e-10 6261.33 5329.03 6261.33 0
23.42 0 4.35991e-10 15422.7 7428.62 15422.7 0
23.44 0 7.06983e-10 24839 9268.89 24839 0
23.46 0 -1.87025e-10 34712.4 10754.6 34712.4 0
23.48 0 2.93344e-10 44650.6 11818.4 44650.6 0
23.5 0 1.76152e-10 53798.5 12433.2 53798.5 0
23.52 0 9.07513e-10 61199.6 12603.9 61199.6 0
23.54 0 -5.44141e-10 66175.8 12350.7 66175.8 0
23.56 0 4.85635e-10 68544.8 11697.9 68544.8 0
23.58 0 2.24134e-10 68583.8 10670.5 68583.8 0
23.6 0 1.77205e-10 66792.3 9288.21 66792.3 0
23.62 0 2.30902e-10 63622 7568.08 63622 0
23.64 0 1.55992e-10 59312.2 5549.1 59312.2 0
23.66 0 -5.55782e-11 53856.9 3308.55 53856.9 0
23.68 0 1.00866e-10 47076.8 943.528 47076.8 0
23.7 0 1.09544e-10 38767.2 -1455.4 38767.2 0
23.72 0 -2.64975e-10 28844.8 -3802.13 28844.8 0
23.74 0 2.12433e-10 17408.9 -6001.12 17408.9 0
23.76 0 -2.28823e-10 4742.41 -7955.61 4742.41 0
23.78 0 -6.92612e-10 -8652.94 -9590.38 -8652.94 0
23.8 0 1.50686e-09 -21995.2 -10861.6 -21995.2 0
23.82 0 -5.20469e-10 -34265.5 -11751.4 -34265.5 0
23.84 0 1.34202e-09 -44441.7 -12261 -44441.7 0
23.86 0 1.05777e-10 -51856.1 -12404.4 -51856.1 0
23.88 0 -2.88199e-12 -56480.4 -12199.9 -56480.4 0
23.9 0 -6.7241e-10 -58931.4 -11663.4 -58931.4 0
23.92 0 3.2468e-11 -60136.1 -10801.7 -60136.1 0
23.94 0 1.49325e-10 -60821.3 -9610.85 -60821.3 0
23.96 0 -1.06164e-10 -61108.5 -8092.87 -61108.5 0
23.98 0 3.2185e-11 -60411.2 -6280.44 -60411.2 0
24 0 -7.84363e-11 -57678.9 -4241.38 -57678.9 0
24.02 0 -1.49057e-10 -51899.4 -2058.82 -51899.4 0
24.04 0 -1.7337e-10 -42669.5 178.458 -42669.5 0
24.06 0 -2.56764e-10 -30541.5 2364.43 -30541.5 0
24.08 0 5.40963e-10 -16860.2 4380.07 -16860.2 0
24.1 0 1.45208e-10 -3124.88 6133.75 -3124.88 0
24.12 0 -1.59849e-10 9656.79 7597.93 9656.79 0
24.14 0 -3.98878e-10 21130.5 8797.08 21130.5 0
24.16 0 -3.50658e-11 31270 9758.89 31270 0
24.18 0 -6.35402e-11 40010.8 10476.1 40010.8 0
24.2 0 4.0541e-10 47196.9 10906.5 47196.9 0
24.22 0 3.25207e-10 52756.5 11004.4 52756.5 0
24.24 0 -2.89317e-10 56799.4 10750.4 56799.4 0
24.26 0 2.82605e-10 59503.1 10149.5 59503.1 0
24.28 0 -5.32279e-10 60914.9 9203.43 60914.9 0
24.3 0 2.18237e-10 60836.9 7899.27 60836.9 0
24.32 0 -9.31172e-11 58845.9 6238.18 58845.9 0
24.34 0 -5.54779e-11 54426.5 4273.19 54426.5 0
24.36 0 1.71351e-10 47193.3 2115.99 47193.3 0
24.38 0 1.84668e-10 37165.1 -91.0424 37165.1 0
24.4 0 3.70657e-10 24969.4 -2216.15 24969.4 0
24.42 0 -1.04484e-10 11770.7 -4174.31 11770.7 0
24.44 0 6.35005e-10 -1143.94 -5941.58 -1143.94 0
24.46 0 2.62684e-10 -12863.4 -7532.99 -12863.4 0
24.48 0 1.07555e-10 -23063.7 -8954.2 -23063.7 0
24.5 0 1.12734e-10 -31850.4 -10165.7 -31850.4 0
24.52 0 -5.70342e-10 -39471.5 -11091 -39471.5 0
24.54 0 5.88079e-10 -46122.3 -11661.9 -46122.3 0
24.56 0 2.1109e-10 -51830 -11858.8 -51830 0
24.58 0 -1.25536e-10 -56343.2 -11709.4 -56343.2 0
24.6 0 4.56846e-10 -59089.5 -11246.1 -59089.5 0
24.62 0 1.65474e-10 -59324 -10464.7 -59324 0
24.64 0 -1.7699e-10 -56451.7 -9329.66 -56451.7 0
24.66 0 2.4159e-10 -50327.5 -7825.9 -50327.5 0
24.68 0 1.05698e-10 -41348.1 -6000.95 -41348.1 0
24.7 0 -3.14617e-11 -30307.3 -3955.58 -30307.3 0
24.72 0 -3.15963e-10 -18121.2 -1800.07 -18121.2 0
24.74 0 -7.98433e-11 -5562.34 375.791 -5562.34 0
24.76 0 -1.61209e-10 6891.14 2500.33 6891.14 0
24.78 0 -2.47586e-10 19043.4 4503.81 19043.4 0
24.8 0 -5.25609e-10 30844.1 6314.25 30844.1 0
24.82 0 -3.86142e-10 42214.4 7871.44 42214.4 0
24.84 0 -2.2022e-10 52905.2 9142.89 52905.2 0
24.86 0 5.72171e-11 62443.3 10122.7 62443.3 0
24.88 0 -1.31462e-10 70211.2 10813.8 70211.2 0
24.9 0 -6.73799e-10 75631.6 11210.7 75631.6 0
24.92 0 4.19246e-10 78324.3 11294.8 78324.3 0
24.94 0 2.55179e-10 78140.5 11038.2 78140.5 0
24.96 0 -3.40267e-10 75141.8 10408.4 75141.8 0
24.98 0 -6.38326e-11 69614.8 9374.69 69614.8 0
25 0 -1.29014e-11 62049.3 7928.16 62049.3 0
25.02 0 -1.03835e-10 52950.9 6108.32 52950.9 0
25.04 0 7.32353e-11 42585.1 4012.09 42585.1 0
25.06 0 -3.31301e-11 30908.9 1772.43 30908.9 0
25.08 0 -9.39058e-11 17751.2 -478.922 17751.2 0
25.1 0 4.96403e-11 3078.58 -2641.04 3078.58 0
25.12 0 2.25091e-11 -12808.4 -4651.88 -12808.4 0
25.14 0 -3.42485e-10 -29212.2 -6476.94 -29212.2 0
25.16 0 -3.28712e-10 -45158.3 -8091.97 -45158.3 0
25.18 0 3.64012e-10 -59669.2 -9472.75 -59669.2 0
25.2 0 -6.11872e-11 -72019.3 -10594.1 -72019.3 0
25.22 0 -2.28778e-11 -81810.8 -11432.7 -81810.8 0
25.24 0 -1.43853e-10 -88892.9 -11968.6 -88892.9 0
25.26 0 -1.60492e-10 -93263.9 -12181.7 -93263.9 0
25.28 0 -2.279e-10 -95034.3 -12048.5 -95034.3 0
25.3 0 -2.40146e-11 -94417.9 -11542.8 -94417.9 0
25.32 0 -2.13985e-10 -91670 -10646.6 -91670 0
25.34 0 1.1925e-11 -86921.3 -9370.22 -86921.3 0
25.36 0 4.9778e-11 -79948.8 -7766.84 -79948.8 0
25.38 0 -1.28054e-10 -70099.3 -5922.32 -70099.3 0
25.4 0 -3.04004e-10 -56659.3 -3930.99 -56659.3 0
25.42 0 6.4234e-11 -39558.9 -1886.75 -39558.9 0
25.44 0 1.97504e-10 -19745.4 113.268 -19745.4 0
25.46 0 6.53728e-11 1212.44 1977.73 1212.44 0
25.48 0 -1.02235e-10 21855.4 3640.31 21855.4 0
25.5 0 5.65271e-10 41165.1 5067.36 41165.1 0
25.52 0 4.0791e-10 58408.8 6253.4 58408.8 0
25.54 0 -5.72707e-11 72980.3 7215.56 72980.3 0
25.56 0 2.53834e-10 84495.3 7983.26 84495.3 0
25.58 0 -9.37834e-11 92930.1 8575.72 92930.1 0
25.6 0 1.63679e-10 98564.5 8978.42 98564.5 0
25.62 0 -1.2689e-10 101762 9138.79 101762 0
25.64 0 4.37224e-11 102758 8987.42 102758 0
25.66 0 -5.70851e-11 101551 8471.42 101551 0
25.68 0 -5.13917e-11 97938.8 7579.61 97938.8 0
25.7 0 -1.85204e-11 91584 6347.33 91584 0
25.72 0 3.84253e-11 82051.8 4841.64 82051.8 0
25.74 0 -8.53744e-11 68903.9 3142.65 68903.9 0
25.76 0 3.35975e-11 52081.1 1339.36 52081.1 0
25.78 0 -1.00529e-10 32346.4 -468.656 32346.4 0
25.8 0 3.96019e-10 11188 -2186.49 11188 0
25.82 0 8.19933e-11 -9875.08 -3749.22 -9875.08 0
25.84 0 -8.20311e-11 -29866.1 -5131.27 -29866.1 0
25.86 0 1.93854e-10 -48285.8 -6338.15 -48285.8 0
25.88 0 -1.82335e-10 -64725.8 -7396.77 -64725.8 0
25.9 0 4.49157e-10 -78707.6 -8345.3 -78707.6 0
25.92 0 1.2975e-10 -89807.3 -9210.89 -89807.3 0
25.94 0 -3.06795e-11 -97801.7 -9979.57 -97801.7 0
25.96 0 1.85195e-11 -102708 -10580.1 -102708 0
25.98 0 3.03986e-11 -104744 -10898.9 -104744 0
26 0 -1.26071e-10 -104239 -10821.5 -104239 0
26.02 0 8.90957e-11 -101505 -10277.6 -101505 0
26.04 0 1.06828e-10 -96731.7 -9267.35 -96731.7 0
26.06 0 1.06583e-10 -89856.5 -7862.73 -89856.5 0
26.08 0 -2.83601e-10 -80401.7 -6181.74 -80401.7 0
26.1 0 -3.03824e-10 -67545 -4353.35 -67545 0
26.12 0 3.61983e-10 -50762 -2496.84 -50762 0
26.14 0 -3.9624e-11 -30625.1 -714.994 -30625.1 0
26.16 0 -3.43007e-10 -8840.81 918.231 -8840.81 0
26.18 0 8.94886e-11 12624.4 2372.65 12624.4 0
26.2 0 -3.09345e-10 32416.8 3661.15 32416.8 0
26.22 0 2.501e-10 49897.1 4823 49897.1 0
26.24 0 2.71586e-10 64701.5 5902.74 64701.5 0
26.26 0 -1.72272e-10 76420.3 6926.16 76420.3 0
26.28 0 -7.6926e-11 84680.2 7874.29 84680.2 0
26.3 0 2.23621e-10 89446 8672.64 89446 0
26.32 0 -2.38197e-10 91203.4 9213.16 91203.4 0
26.34 0 -3.23704e-10 90777 9400.88 90777 0
26.36 0 4.03339e-11 88844.8 9191.68 88844.8 0
26.38 0 -1.26461e-10 85514.9 8594.33 85514.9 0
26.4 0 -1.67504e-11 80280.6 7644.2 80280.6 0
26.42 0 8.21569e-11 72292.4 6380.38 72292.4 0
26.44 0 -7.7004e-11 60757.4 4848.38 60757.4 0
26.46 0 2.60859e-12 45426 3123.51 45426 0
26.48 0 -1.16822e-10 26996.9 1320.62 26996.9 0
26.5 0 -9.76698e-11 7019.26 -438.762 7019.26 0
26.52 0 -1.33251e-11 -12774.7 -2078.52 -12774.7 0
26.54 0 -9.67734e-11 -31124.3 -3585.95 -31124.3 0
26.56 0 1.21946e-10 -47356.3 -4982.53 -47356.3 0
26.58 0 1.12782e-10 -61110.1 -6285.17 -61110.1 0
26.6 0 -3.925e-11 -72142 -7490.54 -72142 0
26.62 0 -1.36673e-10 -80355.9 -8577.84 -80355.9 0
26.64 0 5.38461e-11 -85873.2 -9511.91 -85873.2 0
26.66 0 5.23404e-11 -88978.5 -10240.8 -88978.5 0
26.68 0 -3.3315e-10 -89962.1 -10695.3 -89962.1 0
26.7 0 2.61748e-10 -88965.3 -10796.3 -88965.3 0
26.72 0 -8.03775e-11 -85915.9 -10470.9 -85915.9 0
26.74 0 2.36392e-10 -80550.2 -9675.16 -80550.2 0
26.76 0 1.24037e-10 -72456.5 -8419.1 -72456.5 0
26.78 0 -2.18433e-10 -61181.2 -6784.49 -61181.2 0
26.8 0 -5.42876e-11 -46546.1 -4920.61 -46546.1 0
26.82 0 7.87471e-12 -29039.9 -3007.92 -29039.9 0
26.84 0 -2.30314e-11 -9824.39 -1198.69 -9824.39 0
26.86 0 -1.09948e-10 9767.84 428.141 9767.84 0
26.88 0 -2.29061e-11 28738.9 1866.61 28738.9 0
26.9 0 3.62641e-10 46457 3151.72 46457 0
26.92 0 -7.9246e-11 62371.7 4331.52 62371.7 0
26.94 0 -3.5869e-10 75866.8 5452.31 75866.8 0
26.96 0 1.80942e-12 86377.8 6539.62 86377.8 0
26.98 0 -5.65511e-11 93574.6 7570.85 93574.6 0
27 0 -1.13731e-12 97439.7 8460.61 97439.7 0
27.02 0 9.8106e-11 98232.6 9079.79 98232.6 0
27.04 0 1.63826e-11 96373.9 9302.59 96373.9 0
27.06 0 3.37027e-11 92287.4 9051.21 92287.4 0
27.08 0 -2.04353e-11 86263 8313.95 86263 0
27.1 0 3.10344e-11 78353 7138.41 78353 0
27.12 0 -2.48813e-11 68303.5 5616.95 68303.5 0
27.14 0 -5.35559e-11 55703.7 3879.48 55703.7 0
27.16 0 3.66561e-12 40454.6 2083.16 40454.6 0
27.18 0 2.53139e-11 23154.5 373.566 23154.5 0
27.2 0 -8.46981e-12 4909.75 -1172.03 4909.75 0
27.22 0 4.12503e-11 -13213.9 -2566.33 -13213.9 0
27.24 0 -1.80556e-11 -30436.9 -3872.19 -30436.9 0
27.26 0 1.08955e-10 -46075 -5140.57 -46075 0
27.28 0 -2.35555e-10 -59397.2 -6377.77 -59397.2 0
27.3 0 1.31477e-10 -69806.1 -7550.14 -69806.1 0
27.32 0 -5.44933e-11 -77090.8 -8600.97 -77090.8 0
27.34 0 -7.6824e-11 -81457.3 -9458.76 -81457.3 0
27.36 0 1.01816e-10 -83356.6 -10038 -83356.6 0
27.38 0 1.55857e-10 -83258.7 -10248.5 -83258.7 0
27.4 0 -1.02775e-10 -81464.1 -10023.1 -81464.1 0
27.42 0 5.2817e-12 -78006.4 -9347.66 -78006.4 0
27.44 0 1.75762e-10 -72669.1 -8270.29 -72669.1 0
27.46 0 -4.8285e-11 -65061.8 -6882.63 -65061.8 0
27.48 0 9.02963e-11 -54745.7 -5293.57 -54745.7 0
27.5 0 1.50737e-10 -41509.1 -3615.07 -41509.1 0
27.52 0 2.76038e-12 -25703.2 -1953.23 -25703.2 0
27.54 0 5.32157e-11 -8299.44 -389.833 -8299.44 0
27.56 0 -6.15821e-11 9451.95 1034.8 9451.95 0
27.58 0 -5.1718e-11 26426.6 2317.95 26426.6 0
27.6 0 -6.17946e-11 41765.1 3475.28 41765.1 0
27.62 0 6.44824e-11 54823.7 4524.91 54823.7 0
27.64 0 -7.97966e-11 65174.2 5477.71 65174.2 0
27.66 0 1.24238e-10 72674.8 6326.63 72674.8 0
27.68 0 4.46064e-11 77472.3 7037.49 77472.3 0
27.7 0 -6.97169e-13 79884.9 7549.9 79884.9 0
27.72 0 4.13582e-11 80241.6 7790.9 80241.6 0
27.74 0 5.44536e-11 78757.7 7695.72 78757.7 0
27.76 0 3.00365e-11 75486.2 7226.18 75486.2 0
27.78 0 -7.90654e-11 70333.4 6380.86 70333.4 0
27.8 0 -7.35701e-11 63089.9 5198.62 63089.9 0
27.82 0 -7.49808e-11 53495.4 3760.22 53495.4 0
27.84 0 5.18498e-13 41437.9 2184.99 41437.9 0
27.86 0 1.54548e-11 27223.5 608.004 27223.5 0
27.88 0 -1.26687e-11 11635.2 -862.415 11635.2 0
27.9 0 5.19964e-11 -4330.84 -2176.1 -4330.84 0
27.92 0 -2.35709e-11 -19781.3 -3335.54 -19781.3 0
27.94 0 -7.86849e-11 -34020.7 -4367.46 -34020.7 0
27.96 0 1.11551e-11 -46488.8 -5301.65 -46488.8 0
27.98 0 -5.61654e-11 -56752.2 -6161.58 -56752.2 0
28 0 -3.55309e-11 -64572.7 -6953.54 -64572.7 0
28.02 0 4.30387e-11 -69935.6 -7652.54 -69935.6 0
28.04 0 -8.45266e-11 -72982.4 -8197.89 -72982.4 0
28.06 0 -1.44377e-11 -73905.2 -8507.01 -73905.2 0
28.08 0 1.59028e-10 -72862.9 -8502.89 -72862.9 0
28.1 0 1.61708e-10 -69943.3 -8140.76 -69943.3 0
28.12 0 -6.60927e-11 -65166.6 -7421.38 -65166.6 0
28.14 0 -9.0687e-11 -58490.4 -6388.87 -58490.4 0
28.16 0 -1.12875e-10 -49817.3 -5121.68 -49817.3 0
28.18 0 1.28314e-10 -39095.6 -3724.01 -39095.6 0
28.2 0 -2.91739e-11 -26521.5 -2310.89 -26521.5 0
28.22 0 -7.94902e-11 -12647.5 -979.579 -12647.5 0
28.24 0 1.16279e-10 1753.61 218.148 1753.61 0
28.26 0 8.39338e-11 15924.4 1279.23 