0.02 0.0394966 0.0884505 -13.3486 0.0266477 -13.3486 0.0884505
0.04 0.593199 2.36702 -28.5779 -0.00217581 -28.5779 2.36702
0.06 3.5353 7.96548 31.1623 -0.723715 31.1623 7.96548
0.08 13.3657 19.7187 215.054 -3.15267 215.054 19.7187
0.1 40.551 32.3634 480.973 -7.30093 480.973 32.3634
0.12 108.838 -10.2514 760.444 -11.4581 760.444 -10.2514
0.14 260.306 -194.651 1027.55 -13.2153 1027.55 -194.651
0.16 547.523 -570.286 1303.46 -9.68402 1303.46 -570.286
0.18 1011.16 -1126.51 1611.76 4.215 1611.76 -1126.51
0.2 1657.94 -1794.26 1943.83 35.4154 1943.83 -1794.26
0.22 2457.86 -2507.04 2262.61 87.9784 2262.61 -2507.04
0.24 3359.48 -3285.42 2538.4 158.627 2538.4 -3285.42
0.26 4303.9 -4187.51 2789.29 237.802 2789.29 -4187.51
0.28 5229.22 -5166.65 3075.74 315.563 3075.74 -5166.65
0.3 6078.89 -6078.75 3435.58 387.629 3435.58 -6078.75
0.32 6821.23 -6848.91 3827.82 456.066 3827.82 -6848.91
0.34 7463.28 -7526.68 4149.6 523.303 4149.6 -7526.68
0.36 8043.45 -8175.42 4312.69 587.822 4312.69 -8175.42
0.38 8613.64 -8812.13 4301.36 650.05 4301.36 -8812.13
0.4 9224.28 -9466.27 4158.08 719.301 4158.08 -9466.27
0.42 9903.38 -10176.9 3944.88 805.388 3944.88 -10176.9
0.44 10624.7 -10884.4 3729.63 902.433 3729.63 -10884.4
0.46 11294 -11406.1 3534.51 990.093 3534.51 -11406.1
0.48 11784.8 -11594.4 3246.62 1052.05 3246.62 -11594.4
0.5 12006.2 -11511.1 2691.33 1082.33 2691.33 -11511.1
0.52 11954.8 -11389.5 1875.27 1071.35 1875.27 -11389.5
0.54 11708.1 -11448 1065.69 1001.65 1065.69 -11448
0.56 11353.1 -11634.5 584.649 868.347 584.649 -11634.5
0.58 10899 -11515.5 552.516 693.711 552.516 -11515.5
0.6 10256.5 -10646.8 809.146 509.181 809.146 -10646.8
0.62 9304.47 -9105.38 1072.85 324.616 1072.85 -9105.38
0.64 7969.13 -7419.6 1225.55 121.97 1225.55 -7419.6
0.66 6241.79 -5899.4 1479.9 -118.1 1479.9 -5899.4
0.68 4158.73 -4331.54 2229.89 -382.438 2229.89 -4331.54
0.7 1794.81 -2369.84 3683.64 -621.784 3683.64 -2369.84
0.72 -739.262 50.6737 5628.29 -788.28 5628.29 50.6737
0.74 -3323.09 2716.05 7572.76 -872.45 7572.76 2716.05
0.76 -5849.07 5351.22 9134.66 -889.538 9134.66 5351.22
0.78 -8211.63 7687.28 10328.2 -835.227 10328.2 7687.28
0.8 -10304.4 9550.09 11543.7 -680.96 11543.7 9550.09
0.82 -12064.8 11061.1 13215.3 -416.383 13215.3 11061.1
0.84 -13510.7 12535.3 15334.1 -66.4859 15334.1 12535.3
0.86 -14697.3 14047.1 17272.7 344.486 17272.7 14047.1
0.88 -15619.1 15207.6 18284.1 815.571 18284.1 15207.6
0.9 -16159.2 15515.2 18223 1339.04 18223 15515.2
0.92 -16143.6 14847.6 17708.5 1879.16 17708.5 14847.6
0.94 -15463.4 13590.1 17536.3 2404.86 17536.3 13590.1
0.96 -14172.5 12284.2 17988.3 2915.49 17988.3 12284.2
0.98 -12488.9 11154.6 18597.2 3404.46 18597.2 11154.6
1 -10718.1 9842.08 19071.6 3816.24 19071.6 9842.08
1.02 -9181.78 8289.12 17633.5 4084.44 17633.5 8289.12
1.04 -8116.59 7238.08 11616.9 4217.21 11616.9 7238.08
1.06 -7499.05 6772.02 3692.54 4276.72 3692.54 6772.02
1.08 -7010.87 6365.92 -991.461 4251.51 -991.461 6365.92
1.1 -6335.93 5956.99 -1994.01 4034.24 -1994.01 5956.99
1.12 -5517.94 5498.78 -1900.96 3541.74 -1900.96 5498.78
1.14 -4880.94 5073.77 -3845.94 2776.49 -3845.94 5073.77
1.16 -4548.8 5070.41 -9914.28 1780.06 -9914.28 5070.41
1.18 -4215.13 5118.74 -17030.4 593.777 -17030.4 5118.74
1.2 -3484.73 4540.81 -19751.2 -742.971 -19751.2 4540.81
1.22 -2343.52 3586.06 -17378.6 -2179.18 -17378.6 3586.06
1.24 -1208.06 2789.43 -14153.6 -3620.47 -14153.6 2789.43
1.26 -488.7 2020.77 -13751.6 -4921.36 -13751.6 2020.77
1.28 -151.834 926.756 -15408.2 -5956.62 -15408.2 926.756
1.3 158.792 -233.109 -15612.6 -6703.37 -15612.6 -233.109
1.32 598.93 -809.219 -11857.7 -7218.59 -11857.7 -809.219
1.34 904.495 -593.961 -4581.48 -7550.13 -4581.48 -593.961
1.36 658.517 -329.35 3908.02 -7702.52 3908.02 -329.35
1.38 -439.458 -183.336 8864.44 -7624.67 8864.44 -183.336
1.4 -2469.59 1213.71 6236.04 -7152.45 6236.04 1213.71
1.42 -5146.93 4107.13 1324.84 -6068.74 1324.84 4107.13
1.44 -7843.83 7122.94 3041.41 -4350.02 3041.41 7122.94
1.46 -10070.9 9533.29 11332.4 -2256.61 11332.4 9533.29
1.48 -11953.4 11429.6 18708.9 -85.1035 18708.9 11429.6
1.5 -13947.8 12858.9 19780.5 2042.5 19780.5 12858.9
1.52 -16085.8 14118 15756.7 4074.67 15756.7 14118
1.54 -17843.6 15975.5 11773.8 5882.35 11773.8 15975.5
1.56 -18776.7 18422.4 12286.6 7325.4 12286.6 18422.4
1.58 -18960.7 19932.5 17362.9 8356.42 17362.9 19932.5
1.6 -18758.5 19145.2 21773.3 9001.84 21773.3 19145.2
1.62 -18359.5 16681 19793.2 9355.47 19793.2 16681
1.64 -17568.3 14292.1 11994.7 9589.43 11994.7 14292.1
1.66 -15988.5 12998.4 4857.05 9785.67 4857.05 12998.4
1.68 -13469.1 12603 3221.09 9717.34 3221.09 12603
1.7 -10363.9 12131.7 5323.41 8971.81 5323.41 12131.7
1.72 -7229.91 10040.8 5837.75 7354.41 5837.75 10040.8
1.74 -4301.41 5387.64 1871 5063.23 1871 5387.64
1.76 -1386.2 -309.02 -4988.38 2479.82 -4988.38 -309.02
1.78 1790.81 -4123.39 -10951.4 -67.3915 -10951.4 -4123.39
1.8 5305.83 -5227.11 -13192.3 -2367.19 -13192.3 -5227.11
1.82 9049.24 -5991.58 -11876.3 -4356.67 -11876.3 -5991.58
1.84 12836.7 -9112.09 -10232.4 -6123.09 -10232.4 -9112.09
1.86 16484.7 -14801.3 -11613.3 -7740.23 -11613.3 -14801.3
1.88 19876.8 -20927 -16068.6 -9100.97 -16068.6 -20927
1.9 22959.9 -24840.2 -20743 -10027 -20743 -24840.2
1.92 25620.3 -25437.2 -23190.4 -10506.8 -23190.4 -25437.2
1.94 27602.6 -24136.3 -23327.5 -10680.2 -23327.5 -24136.3
1.96 28626.5 -23706.8 -22763.7 -10600.6 -22763.7 -23706.8
1.98 28554.1 -25491.2 -23230.1 -10140.6 -23230.1 -25491.2
2 27394.1 -27717.6 -25217.6 -9145.01 -25217.6 -27717.6
2.02 25195.9 -27189.8 -27516.3 -7596.41 -27516.3 -27189.8
2.04 21977.6 -22496.6 -28151.8 -5649.73 -28151.8 -22496.6
2.06 17710.6 -15126.1 -26172.1 -3592.88 -26172.1 -15126.1
2.08 12365 -7880.85 -22460.4 -1747.05 -22460.4 -7880.85
2.1 6039.07 -2619.08 -18440.9 -294.929 -18440.9 -2619.08
2.12 -936.108 1126.08 -14286 826.641 -14286 1126.08
2.14 -8052.63 5596.82 -8875.45 1827.23 -8875.45 5596.82
2.16 -14797.4 12355.1 -1471.49 2854.75 -1471.49 12355.1
2.18 -20780.1 20315 7280.11 3889.78 7280.11 20315
2.2 -25761.2 26782.8 15803.9 4800.03 15803.9 26782.8
2.22 -29610.7 30095.9 22607.3 5469.61 22607.3 30095.9
2.24 -32253.2 30604.3 27616.8 5898.43 27616.8 30604.3
2.26 -33688.6 30054.4 32247.3 6184.66 32247.3 30054.4
2.28 -34097.6 30318.7 37372.5 6403.32 37372.5 30318.7
2.3 -33859.9 31805.8 42037.7 6529.39 42037.7 31805.8
2.32 -33348.5 33009.3 44831.8 6496.04 44831.8 33009.3
2.34 -32659.1 32088.8 45302.9 6290.56 45302.9 32088.8
2.36 -31579.5 28803.6 43534.4 5974.34 43534.4 28803.6
2.38 -29821.7 24676 39952.3 5642.91 39952.3 24676
2.4 -27243.1 21532.6 35563.1 5374.54 35563.1 21532.6
2.42 -23892.4 19887.6 30902.4 5178.42 30902.4 19887.6
2.44 -19970 18608.3 25288.5 4975.34 25288.5 18608.3
2.46 -15765.1 16276.8 17887.1 4651.07 17887.1 16276.8
2.48 -11516.3 12389.4 8774.14 4143.98 8774.14 12389.4
2.5 -7284.93 7376.76 -1035.36 3468.69 -1035.36 7376.76
2.52 -3012.37 2473.45 -9995.45 2648.65 -9995.45 2473.45
2.54 1306.16 -1176.86 -16945.6 1651.81 -16945.6 -1176.86
2.56 5536.78 -3711.93 -22442.8 416.013 -22442.8 -3711.93
2.58 9470.19 -6326.18 -28310.5 -1080.83 -28310.5 -6326.18
2.6 12930.9 -9847.53 -34898.7 -2796.2 -34898.7 -9847.53
2.62 15808.5 -13831.8 -40257.7 -4637.73 -40257.7 -13831.8
2.64 17953.1 -17028 -42630.8 -6470.63 -42630.8 -17028
2.66 19040.5 -17962.1 -42395.9 -8145.13 -42395.9 -17962.1
2.68 18678.8 -16096 -41034 -9566.51 -41034 -16096
2.7 16783.1 -12829.9 -39191.6 -10730.1 -39191.6 -12829.9
2.72 13791.8 -10329.3 -36289 -11659.6 -36289 -10329.3
2.74 10393.7 -9324.25 -31047.1 -12319.2 -31047.1 -9324.25
2.76 7051.98 -8236.21 -22690.2 -12596.9 -22690.2 -8236.21
2.78 3868.99 -5211.66 -12388.7 -12355.2 -12388.7 -5211.66
2.8 812.611 -620.282 -2365.88 -11503.5 -2365.88 -620.282
2.82 -2118.1 3555.75 6987.43 -10062.5 6987.43 3555.75
2.84 -4953.85 6114.1 17729.8 -8150.11 17729.8 6114.1
2.86 -7830.31 7619.5 31360 -5856.56 31360 7619.5
2.88 -10889 9294.5 46540.3 -3160.63 46540.3 9294.5
2.9 -14049.4 11506.5 60216.8 -39.2744 60216.8 11506.5
2.92 -16839.6 13387.3 69743.3 3388.4 69743.3 13387.3
2.94 -18471.6 13595.3 74407 6938.57 74407 13595.3
2.96 -18200.5 11604.6 76211.6 10545.5 76211.6 11604.6
2.98 -15760.5 8284.74 78358.5 14228.7 78358.5 8284.74
3 -11567.8 5116.99 81708.6 17883.7 81708.6 5116.99
3.02 -6529.78 2750.07 83336.6 21227.5 83336.6 2750.07
3.04 -1557.6 247.309 79424.8 23953.5 79424.8 247.309
3.06 2896.94 -3823.05 69263.5 25835.7 69263.5 -3823.05
3.08 6947.78 -9500.17 55967.7 26704.7 55967.7 -9500.17
3.1 10984.7 -14984.6 43710.3 26457.8 43710.3 -14984.6
3.12 15314.7 -18634.7 34348.3 25118.2 34348.3 -18634.7
3.14 20034.5 -21220.9 25914.4 22784.1 25914.4 -21220.9
3.16 25077.6 -24868.7 14309.1 19508.5 14309.1 -24868.7
3.18 30270.7 -30092.7 -2583.11 15332.4 -2583.11 -30092.7
3.2 35396.4 -35259.6 -22088.7 10438.4 -22088.7 -35259.6
3.22 40246.6 -38835.6 -39150.4 5129.85 -39150.4 -38835.6
3.24 44533.9 -40885.9 -51514.2 -403.855 -51514.2 -40885.9
3.26 47742.6 -42098.3 -61097.6 -6182.31 -61097.6 -42098.3
3.28 49269.4 -42817.7 -70863.6 -12193.3 -70863.6 -42817.7
3.3 48844 -42971.5 -81680.8 -18140.5 -81680.8 -42971.5
3.32 46729.9 -41866.8 -91740.5 -23555.2 -91740.5 -41866.8
3.34 43461.1 -38802 -98115.1 -28119.3 -98115.1 -38802
3.36 39430.6 -34244.2 -98832.4 -31759.2 -98832.4 -34244.2
3.38 34679.2 -29284.3 -94156 -34442.6 -94156 -29284.3
3.4 28924 -23922.7 -86126.4 -36014.2 -86126.4 -23922.7
3.42 21773 -17148.7 -76656.4 -36267.7 -76656.4 -17148.7
3.44 13041.4 -8568.59 -66087.3 -35106.2 -66087.3 -8568.59
3.46 2939.66 1114.4 -53470.9 -32593.8 -53470.9 1114.4
3.48 -8016.09 10945.9 -38052 -28872.8 -38052 10945.9
3.5 -19213.5 20285.2 -20078.1 -24052.4 -20078.1 20285.2
3.52 -30072.7 28905.6 -433.05 -18187.3 -433.05 28905.6
3.54 -40120.8 37062.6 19710 -11370.1 19710 37062.6
3.56 -49067.4 45267.9 38934 -3827.77 38934 45267.9
3.58 -56772 53404.4 55744.9 4095.08 55744.9 53404.4
3.6 -63083.2 60091.5 69244.6 12027.5 69244.6 60091.5
3.62 -67768.5 63739.6 79952.8 19620.3 79952.8 63739.6
3.64 -70671.9 64366.7 89458.7 26551.1 89458.7 64366.7
3.66 -71922.3 63928.1 98574.2 32560.7 98574.2 63928.1
3.68 -71909.5 64358.4 105980 37482 105980 64358.4
3.7 -70985.6 65351.1 109562 41159 109562 65351.1
3.72 -69141.8 64750.8 108580 43344.7 108580 64750.8
3.74 -65941.8 60784.9 103662 43786.6 103662 60784.9
3.76 -60771.6 53505 95736.9 42451.3 95736.9 53505
3.78 -53199.4 44417.9 85680 39569.6 85680 44417.9
3.8 -43203.7 35121 74010.6 35413.2 74010.6 35121
3.82 -31192.8 26262.6 60155.2 30115.6 60155.2 26262.6
3.84 -17849.5 17050.7 43023.2 23759.1 43023.2 17050.7
3.86 -3890.62 5870.06 23051.9 16517.3 23051.9 5870.06
3.88 10094.9 -7906.28 2405.6 8623.22 2405.6 -7906.28
3.9 23592.8 -22664.8 -17107.2 295.064 -17107.2 -22664.8
3.92 35997.7 -35520.8 -35258.2 -8198.97 -35258.2 -35520.8
3.94 46587.4 -44667.2 -52597.5 -16482.8 -52597.5 -44667.2
3.96 54699.6 -50250.2 -69198.1 -24186.6 -69198.1 -50250.2
3.98 59932.5 -53522 -84273.9 -31066 -84273.9 -53522
4 62186.9 -55658 -96220.9 -36927.1 -96220.9 -55658
4.02 61548.9 -56464 -103049 -41502 -103049 -56464
4.04 58175.5 -54294.6 -103709 -44501.5 -103709 -54294.6
4.06 52327 -48019.3 -98832.9 -45761.2 -98832.9 -48019.3
4.08 44481.9 -38861.7 -89619.7 -45288.4 -89619.7 -38861.7
4.1 35323 -29284.1 -76360.1 -43202.5 -76360.1 -29284.1
4.12 25570.6 -20510.6 -58721.2 -39642 -58721.2 -20510.6
4.14 15865.6 -12441.6 -37106 -34664.3 -37106 -12441.6
4.16 6773.21 -5098.92 -12800.6 -28238 -12800.6 -5098.92
4.18 -1272.36 1076.23 12852.4 -20401.9 12852.4 1076.23
4.2 -8143.61 6251.41 38666.6 -11405.9 38666.6 6251.41
4.22 -14076.5 11164.5 63244.7 -1624.4 63244.7 11164.5
4.24 -19471.5 15828.6 85399 8590.7 85399 15828.6
4.26 -24653.8 19797.9 105005 18845.6 105005 19797.9
4.28 -29769.9 23243.5 122063 28593.5 122063 23243.5
4.3 -34756.2 26456.2 135403 37295.5 135403 26456.2
4.32 -39337.2 29211.1 143546 44666.6 143546 29211.1
4.34 -43094.5 31698.6 146092 50615.2 146092 31698.6
4.36 -45532.4 34603.3 143498 55008.8 143498 34603.3
4.38 -46053.3 37327.2 136341 57655.1 136341 37327.2
4.4 -43934.9 37763.9 125195 58427 125195 37763.9
4.42 -38423 33918.2 110492 57229.8 110492 33918.2
4.44 -28904.3 24893.5 92779.1 53919.4 92779.1 24893.5
4.46 -15100.5 11253.9 72862.3 48416.9 72862.3 11253.9
4.48 2733.68 -5348.09 50859.6 40868.6 50859.6 -5348.09
4.5 23705.9 -23374.5 26076.8 31586.7 26076.8 -23374.5
4.52 46464.1 -42218.5 -1446.61 20893.5 -1446.61 -42218.5
4.54 69626.1 -62209.8 -30396.5 9140.47 -30396.5 -62209.8
4.56 92086.1 -83844.5 -59484.7 -3166.68 -59484.7 -83844.5
4.58 112962 -106206 -88575 -15394.8 -88575 -106206
4.6 131437 -126367 -118662 -26948.3 -118662 -126367
4.62 146800 -141477 -150543 -37362.3 -150543 -141477
4.64 158534 -150964 -182699 -46314.9 -182699 -150964
4.66 166165 -155696 -211013 -53671.2 -211013 -155696
4.68 168965 -155971 -231963 -59467.3 -231963 -155971
4.7 165893 -151285 -245664 -63728.6 -245664 -151285
4.72 155914 -140783 -254623 -66324.1 -254623 -140783
4.74 138489 -123300 -260107 -67072.7 -260107 -123300
4.76 113910 -98316.5 -260477 -65920.9 -260477 -98316.5
4.78 83314.4 -67353.4 -252888 -62941.7 -252888 -67353.4
4.8 48404.7 -33382.1 -236357 -58255 -236357 -33382.1
4.82 11074.2 1274.86 -213224 -52044.2 -213224 1274.86
4.84 -26802.9 35476.5 -187255 -44562 -187255 35476.5
4.86 -63507.3 68427.9 -160134 -36042.9 -160134 68427.9
4.88 -97841.1 99904.8 -130375 -26696.9 -130375 99904.8
4.9 -129633 130812 -95991.1 -16840.2 -95991.1 130812
4.92 -159785 162088 -57718.7 -6916.07 -57718.7 162088
4.94 -189554 193084 -19014.1 2680.26 -19014.1 193084
4.96 -219516 221855 16863.1 11709.2 16863.1 221855
4.98 -248955 246767 49056.8 20005.8 49056.8 246767
5 -275950 267239 78742.7 27419.9 78742.7 267239
5.02 -297988 283389 107361 33863.4 107361 283389
5.04 -312738 295323 134918 39285.3 134918 295323
5.06 -318548 302304 159752 43551.7 159752 302304
5.08 -314494 302048 180308 46442 180308 302048
5.1 -300128 291308 197080 47790.6 197080 291308
5.12 -275280 268000 211967 47579.8 211967 268000
5.14 -239972 232458 225409 45935.5 225409 232458
5.16 -194284 186370 235133 43137.8 235133 186370
5.18 -138152 130528 238001 39611.6 238001 130528
5.2 -71369.7 63896.4 232535 35782.1 232535 63896.4
5.22 5907.27 -14812.4 219312 31902.6 219312 -14812.4
5.24 92188.3 -104002 199655 28063.9 199655 -104002
5.26 183822 -197222 174395 24334.1 174395 -197222
5.28 275024 -285519 142840 20784.5 142840 -285519
5.3 358810 -361806 102445 17326.2 102445 -361806
5.32 427970 -422374 50701.3 13507.7 50701.3 -422374
5.34 475705 -464332 -11520.9 8594.82 -11520.9 -464332
5.36 498483 -483190 -79337.4 2397.03 -79337.4 -483190
5.38 501896 -477726 -147178 -3774.66 -147178 -477726
5.4 492566 -456871 -211856 -8037.24 -211856 -456871
5.42 468647 -431122 -272011 -10325.7 -272011 -431122
5.44 434942 -401748 -325072 -13222.1 -325072 -401748
5.46 397527 -369005 -366141 -19732.5 -366141 -369005
5.48 356898 -326577 -390155 -29978.3 -390155 -326577
5.5 312589 -269986 -393942 -41381.8 -393942 -269986
5.52 260643 -204097 -376783 -52207.4 -376783 -204097
5.54 197389 -132122 -340069 -62938.6 -340069 -132122
5.56 121303 -56867.5 -286171 -74136.1 -286171 -56867.5
5.58 35264.5 19338.9 -217369 -84488.4 -217369 19338.9
5.6 -54326.6 93148.3 -137561 -91479 -137561 93148.3
5.62 -139477 161268 -54338.5 -93318.8 -54338.5 161268
5.64 -212924 220442 24135.9 -89665.9 24135.9 220442
5.66 -269711 268339 93298.9 -80798.5 93298.9 268339
5.68 -308132 304453 152019 -66856.7 152019 304453
5.7 -329910 329464 200016 -48173.3 200016 329464
5.72 -339531 344077 235728 -25949.8 235728 344077
5.74 -342580 349460 255587 -2099.29 255587 349460
5.76 -343672 348914 255179 21721.8 255179 348914
5.78 -344963 347293 232104 44850.4 232104 347293
5.8 -345813 346843 187603 67607.5 187603 346843
5.82 -343596 344859 125970 89982.1 125970 344859
5.84 -335426 336884 52894.5 109911 52894.5 336884
5.86 -319430 321483 -27390 124228 -27390 321483
5.88 -295219 300640 -112932 131146 -112932 300640
5.9 -263799 276653 -200800 130511 -200800 276653
5.92 -226930 250663 -284589 122296 -284589 250663
5.94 -186257 222286 -356780 105932 -356780 222286
5.96 -142169 188269 -411784 81045.7 -411784 188269
5.98 -93116.5 142801 -445070 48332.2 -445070 142801
6 -36187.8 81111 -453200 9664.41 -453200 81111
6.02 30789.9 3802.55 -436947 -32355.6 -436947 3802.55
6.04 106593 -81133.3 -400776 -74937.2 -400776 -81133.3
6.06 185222 -160189 -346659 -115476 -346659 -160189
6.08 257175 -221661 -273998 -151670 -273998 -221661
6.1 312902 -263904 -186986 -181478 -186986 -263904
6.12 346433 -294800 -93826.1 -203116 -93826.1 -294800
6.14 357398 -322537 3051.06 -215094 3051.06 -322537
6.16 350696 -346672 110636 -216210 110636 -346672
6.18 334045 -358491 235808 -205970 235808 -358491
6.2 314170 -351349 377293 -185251 377293 -351349
6.22 293744 -328046 523066 -154372 523066 -328046
6.24 270909 -296334 641673 -111992 641673 -296334
6.26 240319 -259500 700302 -59839.2 700302 -259500
6.28 196396 -213795 703017 -2509.13 703017 -213795
6.3 133899 -152665 677586 59096.6 677586 -152665
6.32 50348.8 -71370.1 652872 126319 652872 -71370.1
6.34 -50644.1 27534.1 635202 196622 635202 27534.1
6.36 -162939 133921 603021 265144 603021 133921
6.38 -277878 235991 549884 329588 549884 235991
6.4 -382725 326172 495619 387679 495619 326172
6.42 -464804 400815 447456 434556 447456 400815
6.44 -515103 453792 412062 470712 412062 453792
6.46 -531659 475958 363260 503219 363260 475958
6.48 -524549 466338 245885 534562 245885 466338
6.5 -504982 439959 67494.9 560412 67494.9 439959
6.52 -475568 413121 -116642 574780 -116642 413121
6.54 -431516 392421 -263210 572402 -263210 392421
6.56 -377558 369815 -375247 549777 -375247 369815
6.58 -324707 334249 -479051 503777 -479051 334249
6.6 -273754 276181 -583860 433737 -583860 276181
6.62 -221587 199212 -668407 346989 -668407 199212
6.64 -162847 119240 -699720 254623 -699720 119240
6.66 -94544.9 43279.1 -663321 163240 -663321 43279.1
6.68 -19356.1 -27196.2 -581491 74760.3 -581491 -27196.2
6.7 56725.8 -93911.8 -500428 -10017.6 -500428 -93911.8
6.72 128274 -156665 -455903 -90013.9 -455903 -156665
6.74 192678 -211779 -452126 -164347 -452126 -211779
6.76 249933 -253330 -471533 -232825 -471533 -253330
6.78 301442 -279367 -497921 -296470 -497921 -279367
6.8 348270 -294795 -515436 -358580 -515436 -294795
6.82 389715 -307555 -510207 -422628 -510207 -307555
6.84 422172 -323290 -475406 -485035 -475406 -323290
6.86 442038 -342788 -409967 -535812 -409967 -342788
6.88 450189 -362206 -319498 -569044 -319498 -362206
6.9 450116 -376602 -215577 -584279 -215577 -376602
6.92 446890 -384032 -103741 -579157 -103741 -384032
6.94 441512 -386231 14185.2 -549405 14185.2 -386231
6.96 425594 -385197 133938 -495075 133938 -385197
6.98 400301 -374646 245356 -422065 245356 -374646
7 370668 -344516 337428 -338883 337428 -344516
7.02 331156 -290005 404238 -253518 404238 -290005
7.04 277547 -213120 446980 -171488 446980 -213120
7.06 208637 -124843 472627 -95538.1 472627 -124843
7.08 125401 -37313.5 489884 -26288.2 489884 -37313.5
7.1 31143.5 44503.1 503308 37825 503308 44503.1
7.12 -68591.3 121670 511055 100508 511055 121670
7.14 -165696 194803 509239 165555 509239 194803
7.16 -251030 259666 498403 233512 498403 259666
7.18 -316213 309137 483417 300168 483417 309137
7.2 -355901 337940 461238 359759 461238 337940
7.22 -370834 346490 424150 408131 424150 346490
7.24 -366007 341593 362754 440384 362754 341593
7.26 -347960 332491 276102 450778 276102 332491
7.28 -324102 325202 175736 437332 175736 325202
7.3 -301528 321214 71030.6 402709 71030.6 321214
7.32 -286706 320042 -33326.2 351215 -33326.2 320042
7.34 -283119 318241 -133991 285713 -133991 318241
7.36 -287923 309779 -227403 209064 -227403 309779
7.38 -294359 293800 -312197 128330 -312197 293800
7.4 -293744 272422 -386085 52168.3 -386085 272422
7.42 -277517 245275 -442677 -15365.9 -442677 245275
7.44 -240747 210194 -474980 -75760.7 -474980 210194
7.46 -182854 165562 -481175 -132642 -481175 165562
7.48 -108029 112670 -465845 -188395 -465845 112670
7.5 -23598.3 53632.1 -437672 -242495 -437672 53632.1
7.52 62137.3 -9858.3 -407105 -291744 -407105 -9858.3
7.54 141878 -75694 -379608 -332987 -379608 -75694
7.56 210169 -140139 -348458 -364990 -348458 -140139
7.58 263938 -199074 -296412 -385004 -296412 -199074
7.6 302221 -249689 -217255 -387396 -217255 -249689
7.62 325481 -290452 -125999 -369057 -125999 -290452
7.64 335317 -321015 -39436.8 -331803 -39436.8 -321015
7.66 334462 -342015 38145 -279616 38145 -342015
7.68 326411 -353467 112344 -215736 112344 -353467
7.7 314180 -350892 188059 -141128 188059 -350892
7.72 297568 -326311 263714 -57803.5 263714 -326311
7.74 272851 -278821 331654 26497.8 331654 -278821
7.76 235540 -214469 381549 101835 381549 -214469
7.78 182572 -140461 406893 163093 406893 -140461
7.8 113804 -63084.2 410651 210996 410651 -63084.2
7.82 32537.1 13394.2 402475 248785 402475 13394.2
7.84 -54907.5 84824.3 390726 279240 390726 84824.3
7.86 -140878 148200 379272 303197 379272 148200
7.88 -218475 202876 370208 319541 370208 202876
7.9 -282653 249249 359481 327250 359481 249249
7.92 -330332 286375 332978 326732 332978 286375
7.94 -360720 312806 277301 317712 277301 312806
7.96 -375087 329570 197015 297832 197015 329570
7.98 -376087 340504 110086 265080 110086 340504
8 -367417 349383 28196.3 220492 28196.3 349383
8.02 -353451 357431 -48456.8 167081 -48456.8 357431
8.04 -338181 361797 -124044 106267 -124044 361797
8.06 -322198 354887 -199350 38606.4 -199350 354887
8.08 -304165 331167 -269667 -31073.8 -269667 331167
8.1 -281032 292091 -326226 -93761.9 -326226 292091
8.12 -247918 241335 -361447 -142774 -361447 241335
8.14 -201272 181911 -376218 -177428 -376218 181911
8.16 -139290 114941 -380837 -200414 -380837 114941
8.18 -62308.5 40348.4 -386194 -214234 -386194 40348.4
8.2 27087.5 -40172.4 -394940 -220321 -394940 -40172.4
8.22 124021 -122053 -402597 -219521 -402597 -122053
8.24 221596 -199197 -402766 -212887 -402766 -199197
8.26 311590 -266486 -387510 -202374 -387510 -266486
8.28 385761 -321007 -351984 -190052 -351984 -321007
8.3 437654 -361606 -301073 -176108 -301073 -361606
8.32 464481 -387760 -243380 -158252 -243380 -387760
8.34 468147 -399258 -181879 -133736 -181879 -399258
8.36 454417 -396854 -114604 -101772 -114604 -396854
8.38 430220 -383562 -40584.5 -63888.6 -40584.5 -383562
8.4 399895 -365200 37336.6 -22514.3 37336.6 -365200
8.42 367490 -344365 112586 21015.6 112586 -344365
8.44 337693 -316826 177418 65206.7 177418 -316826
8.46 309347 -276941 228769 103500 228769 -276941
8.48 278056 -221762 269971 126784 269971 -221762
8.5 238599 -155455 305009 132758 305009 -155455
8.52 185175 -85238.5 334024 127117 334024 -85238.5
8.54 114794 -14030.2 354414 117288 354414 -14030.2
8.56 28661 58046.3 364205 108567 364205 58046.3
8.58 -67099.3 130456 363846 103389 363846 130456
8.6 -163188 200373 353696 101335 353696 200373
8.62 -249613 263113 329729 100360 329729 263113
8.64 -317919 313630 286357 98723.5 286357 313630
8.66 -362885 348878 224913 94982.1 224913 348878
8.68 -383396 369028 153658 86931.3 153658 369028
8.7 -382439 376462 79949.7 72399.2 79949.7 376462
8.72 -366527 374246 6736.25 51403.3 6736.25 374246
8.74 -343790 365830 -65888.9 26480.9 -65888.9 365830
8.76 -321406 355527 -138393 667.341 -138393 355527
8.78 -302642 347028 -209326 -24695.5 -209326 347028
8.8 -288227 335071 -273834 -49515.6 -273834 335071
8.82 -276693 312744 -327320 -70644.4 -327320 312744
8.84 -261769 275603 -369482 -82344 -369482 275603
8.86 -236318 224590 -401875 -83896 -401875 224590
8.88 -194748 165779 -424774 -80685.8 -424774 165779
8.9 -133960 101196 -437623 -78182.1 -437623 101196
8.92 -55489.4 32004.7 -439822 -79111.7 -439822 32004.7
8.94 34801.8 -40035.9 -429518 -84199.2 -429518 -40035.9
8.96 128185 -111907 -401835 -92749.3 -401835 -111907
8.98 215315 -180056 -353259 -102862 -353259 -180056
9 287755 -239921 -288990 -112033 -288990 -239921
9.02 339290 -286893 -219753 -117485 -219753 -286893
9.04 367275 -318425 -151696 -116112 -151696 -318425
9.06 373537 -335320 -83243.3 -105405 -83243.3 -335320
9.08 363617 -340935 -9848.94 -85563.3 -9848.94 -340935
9.1 344456 -339407 70314.3 -60130.9 70314.3 -339407
9.12 322046 -334016 152808 -33461.5 152808 -334016
9.14 299536 -324344 226934 -7091.84 226934 -324344
9.16 278101 -304682 282988 19393.5 282988 -304682
9.18 257286 -270675 321915 43461.5 321915 -270675
9.2 234517 -224493 353405 60807.5 353405 -224493
9.22 206617 -174649 383291 71500.8 383291 -174649
9.24 170430 -129160 407711 80181.1 407711 -129160
9.26 123693 -87371.3 419854 91412.7 419854 -87371.3
9.28 66252.6 -41804.4 418433 107075 418433 -41804.4
9.3 651.233 13340.3 408130 126398 408130 13340.3
9.32 -68291.7 74216.3 391038 146920 391038 74216.3
9.34 -134630 129796 362348 165534 362348 129796
9.36 -192754 172478 315746 178987 315746 172478
9.38 -238330 204653 253181 184558 253181 204653
9.4 -268680 234164 183972 180875 183972 234164
9.42 -283328 264995 115176 168003 115176 264995
9.44 -284575 292983 48096.7 147182 48096.7 292983
9.46 -277137 310284 -19871.1 120557 -19871.1 310284
9.48 -266096 313350 -90431.7 90695.7 -90431.7 313350
9.5 -254280 305462 -160558 59650.3 -160558 305462
9.52 -241781 290315 -223208 28573.3 -223208 290315
9.54 -226774 267981 -272852 -1066.07 -272852 267981
9.56 -205457 234820 -309554 -27254.9 -309554 234820
9.58 -173926 188994 -337019 -49276.8 -337019 188994
9.6 -129585 133632 -358075 -68231.3 -358075 133632
9.62 -71589.6 72669.2 -372583 -85706.7 -372583 72669.2
9.64 -1888.15 9227.24 -378685 -102838 -378685 9227.24
9.66 74477.6 -53912.9 -375309 -120034 -375309 -53912.9
9.68 149826 -112925 -362152 -136732 -362152 -112925
9.7 215664 -163747 -337807 -151154 -337807 -163747
9.72 264940 -203667 -301422 -160474 -301422 -203667
9.74 293762 -232369 -255767 -161779 -255767 -232369
9.76 301945 -251174 -204186 -153202 -204186 -251174
9.78 292515 -261139 -146520 -134460 -146520 -261139
9.8 270535 -261617 -81114.7 -106911 -81114.7 -261617
9.82 241175 -250264 -9349.01 -72787.7 -9349.01 -250264
9.84 208444 -225331 62763 -34551 62763 -225331
9.86 174661 -189190 128072 4462.89 128072 -189190
9.88 140180 -147016 182782 40428.9 182782 -147016
9.9 104142 -102490 227658 70991.6 227658 -102490
9.92 65083.6 -55746.9 265649 96115.9 265649 -55746.9
9.94 21504.2 -5377.91 298082 117303 298082 -5377.91
9.96 -27250.3 47783.8 322644 136362 322644 47783.8
9.98 -80324.9 99867.3 335382 154306 335382 99867.3
10 -135166 146082 335442 170732 335442 146082
10.02 -188005 184060 327621 184224 327621 184060
10.04 -234780 215060 318295 193592 318295 215060
10.06 -272090 241929 307190 198214 307190 241929
10.08 -297795 265778 285610 197096 285610 265778
10.1 -310986 284527 247035 188989 247035 284527
10.12 -311551 294771 194312 173603 194312 294771
10.14 -299868 294357 135261 151619 135261 294357
10.16 -276512 282831 76506.6 123918 76506.6 282831
10.18 -243367 261766 20104.6 92101.9 20104.6 261766
10.2 -203455 232419 -36257.4 58904.5 -36257.4 232419
10.22 -159250 194164 -95618.5 26834.2 -95618.5 194164
10.24 -112442 146691 -157156 -2767.25 -157156 146691
10.26 -64047.1 91963.5 -215116 -29247.6 -215116 91963.5
10.28 -14602.8 34137.1 -262882 -52185 -262882 34137.1
10.3 35636.1 -22649.2 -298265 -71370.8 -298265 -22649.2
10.32 86328.6 -75462.1 -324363 -86791.5 -324363 -75462.1
10.34 136600 -122725 -345488 -98655.4 -345488 -122725
10.36 184912 -163818 -362610 -107535 -362610 -163818
10.38 229227 -198502 -372598 -114153 -372598 -198502
10.4 267142 -226488 -369569 -118822 -369569 -226488
10.42 296036 -247469 -346500 -120949 -346500 -247469
10.44 313443 -261377 -302954 -119324 -302954 -261377
10.46 317590 -268336 -246396 -113113 -246396 -268336
10.48 307886 -267881 -183426 -101756 -183426 -267881
10.5 284945 -258079 -115611 -84321.7 -115611 -258079
10.52 250997 -237133 -42733.8 -60500.8 -42733.8 -237133
10.54 209206 -205256 32654 -31945.3 32654 -205256
10.56 162645 -164993 105912 -1522.74 105912 -164993
10.58 114185 -120076 172971 28292.8 172971 -120076
10.6 66132.2 -73296.3 231453 56022.1 231453 -73296.3
10.62 19835.6 -25607.7 280398 81040.7 280398 -25607.7
10.64 -24765.2 23251.1 319842 103199 319842 23251.1
10.66 -68801.9 72945.3 349621 122416 349621 72945.3
10.68 -113332 121192 368128 138700 368128 121192
10.7 -158196 164205 373583 152598 373583 164205
10.72 -201626 199180 366356 165223 366356 199180
10.74 -240664 226368 346953 177349 346953 226368
10.76 -271935 248278 312844 188110 312844 248278
10.78 -292487 266462 261353 195212 261353 266462
10.8 -300274 279290 194306 196643 194306 279290
10.82 -294477 283347 117054 191093 117054 283347
10.84 -275746 276440 35271.6 177345 35271.6 276440
10.86 -246485 259347 -45963 154627 -45963 259347
10.88 -210662 235392 -122996 123762 -122996 235392
10.9 -171969 207234 -194708 87460.6 -194708 207234
10.92 -132607 174364 -260790 48986 -260790 174364
10.94 -93021.5 134092 -318609 10944.8 -318609 134092
10.96 -52223 85392.5 -363768 -24864.3 -363768 85392.5
10.98 -8974.72 31693.4 -394044 -57324.4 -394044 31693.4
11 37198.4 -21099.6 -411422 -85932.1 -411422 -21099.6
11.02 85375 -68376.7 -419786 -110696 -419786 -68376.7
11.04 133321 -108695 -421562 -132023 -421562 -108695
11.06 178046 -143098 -416694 -150454 -416694 -143098
11.08 216571 -173142 -401017 -166317 -401017 -173142
11.1 246605 -199206 -366165 -178940 -366165 -199206
11.12 266857 -220131 -307830 -186332 -307830 -220131
11.14 276931 -234128 -232702 -186639 -232702 -234128
11.16 277075 -240276 -151338 -178977 -151338 -240276
11.18 268208 -239559 -68492.5 -162710 -68492.5 -239559
11.2 251886 -233621 15760.7 -136887 15760.7 -233621
11.22 229866 -222927 100239 -101059 100239 -222927
11.24 203453 -206604 181064 -57071.3 181064 -206604
11.26 173011 -183121 253418 -8857.24 253418 -183121
11.28 138491 -151190 312391 39779 312391 -151190
11.3 100264 -110872 354170 86389.5 354170 -110872
11.32 59343.1 -64959 378819 129487 378819 -64959
11.34 17283.2 -18614.3 391128 167896 391128 -18614.3
11.36 -24134 23551.9 396884 200656 396884 23551.9
11.38 -63424.7 60229.9 398560 227304 398560 60229.9
11.4 -99859.7 93311.7 395426 248064 395426 93311.7
11.42 -133409 125054 384301 263738 384301 125054
11.44 -164188 155706 358707 274862 358707 155706
11.46 -191757 183504 312610 280628 312610 183504
11.48 -214766 205616 248357 279295 248357 205616
11.5 -230982 219521 174889 269396 174889 219521
11.52 -238067 225314 97457.7 249867 97457.7 225314
11.54 -234907 226539 15579.8 219637 15579.8 226539
11.56 -222113 226275 -70443.9 178418 -70443.9 226275
11.58 -201356 222403 -155682 128180 -155682 222403
11.6 -174704 209690 -233866 72870.8 -233866 209690
11.62 -144535 186106 -300999 16649.3 -300999 186106
11.64 -113468 155250 -355049 -37138.6 -355049 155250
11.66 -83365.3 122736 -395580 -85883.1 -395580 122736
11.68 -54127.9 91225.2 -424241 -127640 -424241 91225.2
11.7 -23885.5 59015.2 -443321 -161453 -443321 59015.2
11.72 9737.04 22604.8 -453726 -187562 -453726 22604.8
11.74 48295.6 -19109.6 -455891 -207103 -455891 -19109.6
11.76 91802.4 -63150.9 -452078 -221406 -452078 -63150.9
11.78 138496 -104883 -443766 -231314 -443766 -104883
11.8 185159 -141898 -424910 -236716 -424910 -141898
11.82 227825 -175123 -384738 -236419 -384738 -175123
11.84 262471 -206023 -320734 -228752 -320734 -206023
11.86 285638 -233473 -241507 -212250 -241507 -233473
11.88 295388 -254124 -157232 -185857 -157232 -254124
11.9 292354 -265470 -73498.6 -149236 -73498.6 -265470
11.92 279705 -267427 8330.47 -103148 8330.47 -267427
11.94 261438 -261076 89196.8 -49726.1 89196.8 -261076
11.96 240401 -247138 169650 7152.11 169650 -247138
11.98 217642 -226086 246309 62543.2 246309 -226086
12 192530 -198189 311439 112304 311439 -198189
12.02 163567 -163566 358656 154236 358656 -163566
12.04 129482 -123778 388832 187798 388832 -123778
12.06 89972.2 -82079.5 408612 213421 408612 -82079.5
12.08 45918.6 -41253.9 424051 232260 424051 -41253.9
12.1 -1083.39 -1762.15 436773 245976 436773 -1762.15
12.12 -49174.7 37653 445220 256113 445220 37653
12.14 -96349.3 77705.4 447746 263413 447746 77705.4
12.16 -140405 117323 440362 267727 440362 117323
12.18 -179144 154279 415063 268242 415063 154279
12.2 -211113 186520 366404 263500 366404 186520
12.22 -235491 213255 298602 251765 298602 213255
12.24 -251786 235268 221082 231794 221082 235268
12.26 -260171 253880 138552 203305 138552 253880
12.28 -261687 269135 50554.1 167080 50554.1 269135
12.3 -257937 278860 -43037 124750 -43037 278860
12.32 -249975 279713 -139031 78728.1 -139031 279713
12.34 -237139 269104 -230955 32502.4 -230955 269104
12.36 -217934 247100 -310496 -10036.1 -310496 247100
12.38 -191135 215592 -371178 -46138.5 -371178 215592
12.4 -156209 177098 -412713 -74911.5 -412713 177098
12.42 -113797 134484 -440468 -96993.8 -440468 134484
12.44 -65487.9 89772.2 -459780 -114010 -459780 89772.2
12.46 -13620 43899.7 -471717 -128050 -471717 43899.7
12.48 39036.7 -2353.45 -474938 -140903 -474938 -2353.45
12.5 89416.4 -47269.4 -470420 -153288 -470420 -47269.4
12.52 134335 -88323 -462048 -164709 -462048 -88323
12.54 170915 -122968 -447911 -174179 -447911 -122968
12.56 197306 -149637 -417665 -180105 -417665 -149637
12.58 212995 -168421 -363898 -179897 -363898 -168421
12.6 218358 -180402 -292314 -171434 -292314 -180402
12.62 214298 -186400 -213423 -154000 -213423 -186400
12.64 202572 -186707 -131669 -127739 -131669 -186707
12.66 186153 -181490 -48227.9 -93456.5 -48227.9 -181490
12.68 168516 -171183 36197.7 -53163.3 36197.7 -171183
12.7 152112 -156524 120997 -10440.4 120997 -156524
12.72 137563 -138680 203638 30683 203638 -138680
12.74 124160 -119771 277692 67474.9 277692 -119771
12.76 110661 -102595 336897 99078.9 336897 -102595
12.78 95489.8 -88319 380273 125809 380273 -88319
12.8 76811.9 -74525.3 410585 148337 410585 -74525.3
12.82 53073.8 -57171.1 429535 167595 429535 -57171.1
12.84 23788.9 -34212.6 436882 184946 436882 -34212.6
12.86 -10012.7 -6820.42 433083 201734 433083 -6820.42
12.88 -45813.5 22025.8 416654 218482 416654 22025.8
12.9 -80005.8 50142.3 381139 234372 381139 50142.3
12.92 -109127 77563.2 320831 247107 320831 77563.2
12.94 -130286 104583 239618 253500 239618 104583
12.96 -141305 128969 148325 250413 148325 128969
12.98 -141701 146860 55462.5 235427 55462.5 146860
13 -133403 156343 -34266 207572 -34266 156343
13.02 -120402 158522 -118419 167951 -118419 158522
13.04 -106802 154868 -196557 119531 -196557 154868
13.06 -94866.6 144952 -268396 66394.3 -268396 144952
13.08 -84516 127854 -330800 13033 -330800 127854
13.1 -74048.7 105047 -379021 -36595.7 -379021 105047
13.12 -61104.2 80283.8 -411685 -79898.4 -411685 80283.8
13.14 -43500.5 56640.4 -432401 -115896 -432401 56640.4
13.16 -19987.7 34523.4 -445739 -145186 -445739 34523.4
13.18 9159.78 12479 -453675 -169579 -453675 12479
13.2 41981.6 -10455.3 -456642 -191010 -456642 -10455.3
13.22 75129.7 -33098.5 -455376 -210220 -455376 -33098.5
13.24 104572 -52697.2 -447314 -226566 -447314 -52697.2
13.26 126673 -67241.2 -423024 -238629 -423024 -67241.2
13.28 139473 -77320.8 -373842 -244235 -373842 -77320.8
13.3 143270 -85871 -302339 -240584 -302339 -85871
13.32 140329 -96138.2 -218482 -225282 -218482 -96138.2
13.34 134442 -109894 -128808 -197385 -128808 -109894
13.36 130200 -126673 -34962.4 -157783 -34962.4 -126673
13.38 131459 -143894 61761.9 -108771 61761.9 -143894
13.4 139444 -158005 158077 -53333.9 158077 -158005
13.42 152010 -166598 248599 4961.27 248599 -166598
13.44 164800 -170155 326215 62067.3 326215 -170155
13.46 173118 -170887 384173 114553 384173 -170887
13.48 173113 -169301 420441 160538 420441 -169301
13.5 162271 -162060 439138 199506 439138 -162060
13.52 139802 -144306 445870 231835 445870 -144306
13.54 106860 -114765 442920 258508 442920 -114765
13.56 66404.1 -77885.4 430344 280502 430344 -77885.4
13.58 22522.7 -40435.6 408867 298097 408867 -40435.6
13.6 -20641.5 -5846.76 377280 310918 377280 -5846.76
13.62 -59946.7 27978.9 329470 317486 329470 27978.9
13.64 -93977.7 65047.1 261817 315349 261817 65047.1
13.66 -122512 105779 179655 302681 179655 105779
13.68 -145795 145678 90361.6 278154 90361.6 145678
13.7 -164596 179261 -966.944 240545 -966.944 179261
13.72 -180361 204808 -88846.8 190233 -88846.8 204808
13.74 -194842 225007 -168272 130072 -168272 225007
13.76 -209107 242843 -238150 64452.4 -238150 242843
13.78 -222997 257625 -299929 -1813.03 -299929 257625
13.8 -235269 266073 -353107 -64009.4 -353107 266073
13.82 -243947 266702 -394870 -118366 -394870 266702
13.84 -246702 261585 -423511 -162846 -423511 261585
13.86 -241435 253473 -440565 -197063 -440565 253473
13.88 -227000 242784 -450116 -221701 -450116 242784
13.9 -203414 227409 -457394 -238168 -457394 227409
13.92 -171691 205521 -467120 -248507 -467120 205521
13.94 -133359 177148 -481045 -254628 -481045 177148
13.96 -89793.6 142432 -493016 -257169 -493016 142432
13.98 -42236.3 100167 -483813 -255513 -483813 100167
14 8060.95 48567.6 -439456 -248584 -439456 48567.6
14.02 59356.3 -11847.2 -367234 -234927 -367234 -11847.2
14.04 108608 -75459.3 -285387 -212605 -285387 -75459.3
14.06 152302 -132565 -206998 -179967 -206998 -132565
14.08 188394 -176268 -133301 -136729 -133301 -176268
14.1 217261 -208162 -58887.6 -84705.3 -58887.6 -208162
14.12 240786 -235056 21907.7 -28096.7 21907.7 -235056
14.14 260666 -260579 108565 27272.6 108565 -260579
14.16 277675 -281581 192368 76185 192368 -281581
14.18 291531 -292499 261802 116284 261802 -292499
14.2 301260 -292209 311550 147875 311550 -292209
14.22 305194 -285820 345826 171684 345826 -285820
14.24 300789 -278955 372097 187555 372097 -278955
14.26 285122 -270147 392997 195569 392997 -270147
14.28 255242 -250162 405708 198199 405708 -250162
14.3 209763 -211481 407226 199728 407226 -211481
14.32 150806 -156597 397979 202492 397979 -156597
14.34 83834.1 -95082.7 377995 204920 377995 -95082.7
14.36 15634.3 -34591.4 343214 203232 343214 -34591.4
14.38 -47745 23810.8 289727 193867 289727 23810.8
14.4 -102344 82774.5 221553 174653 221553 82774.5
14.42 -146907 143304 148004 145103 148004 143304
14.44 -182835 201742 74435.4 106555 74435.4 201742
14.46 -213629 251317 891.839 62130 891.839 251317
14.48 -243084 287141 -74452.2 16422.9 -74452.2 287141
14.5 -272891 310145 -151677 -25476.1 -151677 310145
14.52 -301296 325527 -226892 -60072.5 -226892 325527
14.54 -323870 337303 -292232 -87365.6 -292232 337303
14.56 -335461 344149 -340065 -109713 -340065 344149
14.58 -331308 339350 -369028 -127909 -369028 339350
14.6 -308166 317075 -384593 -140399 -384593 317075
14.62 -266474 277415 -392847 -146903 -392847 277415
14.64 -209482 226407 -395968 -149610 -395968 226407
14.66 -142327 171338 -393490 -150619 -393490 171338
14.68 -71177.3 113895 -381024 -150087 -381024 113895
14.7 -1242.52 50661.2 -347953 -146574 -347953 50661.2
14.72 63854.8 -19665.4 -287788 -138437 -287788 -19665.4
14.74 122191 -91788.8 -210925 -124721 -210925 -91788.8
14.76 173154 -157881 -135593 -105120 -135593 -157881
14.78 217402 -213496 -69346.5 -79774.8 -69346.5 -213496
14.8 256408 -258588 -6416.93 -49380.3 -6416.93 -258588
14.82 291075 -295039 61539 -15363.9 61539 -295039
14.84 320234 -323645 135408 20124.4 135408 -323645
14.86 340767 -342071 206533 54792.3 206533 -342071
14.88 349356 -346290 261679 87123 261679 -346290
14.9 343534 -334808 293101 116117 293101 -334808
14.92 322417 -311140 306627 139983 306627 -311140
14.94 287764 -279369 316971 156121 316971 -279369
14.96 241126 -237445 332737 163290 332737 -237445
14.98 183299 -181302 348635 163539 348635 -181302
15 116207 -112596 353441 160772 353441 -112596
15.02 43279.4 -39201 339112 157684 339112 -39201
15.04 -30459.6 29581.4 304144 154824 304144 29581.4
15.06 -99846.1 89444.1 252864 151320 252864 89444.1
15.08 -160941 143445 191149 145449 191149 143445
15.1 -211750 197330 123332 135032 123332 197330
15.12 -251927 251374 51963.3 118072 51963.3 251374
15.14 -282369 298389 -21260.3 93655.7 -21260.3 298389
15.16 -304793 330758 -95230.8 62754.3 -95230.8 330758
15.18 -320902 347496 -168367 28249.8 -168367 347496
15.2 -331051 353836 -236702 -6515 -236702 353836
15.22 -333628 354778 -293790 -39899.7 -293790 354778
15.24 -324980 347229 -335052 -71258.2 -335052 347229
15.26 -301431 322750 -362677 -97529 -362677 322750
15.28 -261813 277758 -383196 -114463 -383196 277758
15.3 -206720 216556 -400625 -121803 -400625 216556
15.32 -138321 147486 -414274 -123510 -414274 147486
15.34 -60249.8 75330.7 -421014 -123672 -421014 75330.7
15.36 22853.3 450.011 -416109 -124175 -416109 450.011
15.38 105397 -75341.8 -393278 -125040 -393278 -75341.8
15.4 181997 -147593 -350363 -125249 -350363 -147593
15.42 248710 -212324 -293268 -122965 -293268 -212324
15.44 303448 -267413 -230157 -116229 -230157 -267413
15.46 345369 -311192 -165171 -104053 -165171 -311192
15.48 374428 -342517 -98867.1 -86351.5 -98867.1 -342517
15.5 391289 -362113 -30669.6 -63260.3 -30669.6 -362113
15.52 397037 -372038 40316.2 -35515.9 40316.2 -372038
15.54 392399 -373625 112796 -4770.53 112796 -373625
15.56 376005 -364575 180406 27399 180406 -364575
15.58 346860 -341131 235399 58680.2 235399 -341131
15.6 305912 -302129 275981 84491.1 275981 -302129
15.62 253579 -246712 306422 101101 306422 -246712
15.64 190871 -176119 330665 109408 330665 -176119
15.66 119952 -96431.5 348824 113501 348824 -96431.5
15.68 43643.2 -16013.7 359001 117060 359001 -16013.7
15.7 -34699.4 59284.5 359838 121596 359838 59284.5
15.72 -111548 128678 351350 126660 351350 128678
15.74 -183194 192599 333234 131123 333234 192599
15.76 -245860 249295 304186 134222 304186 249295
15.78 -296041 295437 262308 135114 262308 295437
15.8 -331135 328043 209237 132131 209237 328043
15.82 -349776 345733 149884 123366 149884 345733
15.84 -351843 349793 87949.5 107996 87949.5 349793
15.86 -338402 343955 25302.4 86758.3 25302.4 343955
15.88 -311034 330077 -37580.4 61167.4 -37580.4 330077
15.9 -273440 306631 -99391.5 33557.9 -99391.5 306631
15.92 -228945 270958 -157493 7528.09 -157493 270958
15.94 -179492 221819 -208730 -14068.8 -208730 221819
15.96 -127152 162225 -250790 -30935.2 -250790 162225
15.98 -73261.3 98480.9 -283355 -44106.2 -283355 98480.9
16 -19027.6 37603.9 -308244 -54447.3 -308244 37603.9
16.02 34784.7 -16182.6 -327758 -62720.3 -327758 -16182.6
16.04 87722.3 -64326.8 -342247 -69825.3 -342247 -64326.8
16.06 139510 -111476 -350198 -76406.8 -350198 -111476
16.08 189236 -158944 -350163 -82738.5 -350163 -158944
16.1 234710 -201808 -338917 -88827.8 -338917 -201808
16.12 272632 -233439 -311336 -93976.1 -311336 -233439
16.14 299437 -251425 -267220 -96645.1 -267220 -251425
16.16 312079 -258515 -213213 -95286.1 -213213 -258515
16.18 308702 -258991 -155949 -89050.5 -155949 -258991
16.2 289159 -253658 -97237.5 -77397.2 -97237.5 -253658
16.22 255517 -238736 -36081.4 -59881.2 -36081.4 -238736
16.24 211644 -209938 27550.2 -37146.5 27550.2 -209938
16.26 161494 -166786 91318.7 -11356.2 91318.7 -166786
16.28 108470 -113862 150548 14745.9 150548 -113862
16.3 55218.2 -57644.1 199151 38956.6 199151 -57644.1
16.32 3289.97 -2244.89 233418 60089.2 233418 -2244.89
16.34 -46718.5 51614.4 255801 77817.8 255801 51614.4
16.36 -94878.9 104437 272405 92389.6 272405 104437
16.38 -141374 155303 286184 104526 286184 155303
16.4 -186011 201349 294327 115334 294327 201349
16.42 -227680 239189 292230 125945 292230 239189
16.44 -263951 266738 276918 136841 276918 266738
16.46 -291271 283921 247929 147118 247929 283921
16.48 -305923 291623 208487 154638 208487 291623
16.5 -305298 290183 163679 157207 163679 290183
16.52 -288576 279162 115938 153031 115938 279162
16.54 -257449 258554 64588.3 140738 64588.3 258554
16.56 -215348 228727 9752.34 120361 9752.34 228727
16.58 -166219 190387 -45780.9 93898.5 -45780.9 190387
16.6 -113841 145192 -98979.5 64201.4 -98979.5 145192
16.62 -61097.6 95319.5 -148890 33811.5 -148890 95319.5
16.64 -9897.3 43025.9 -195416 4768.24 -195416 43025.9
16.66 38938.4 -9318.89 -237384 -21430.3 -237384 -9318.89
16.68 85357.8 -59306.1 -272939 -44033.2 -272939 -59306.1
16.7 129431 -105138 -300942 -63024.1 -300942 -105138
16.72 170685 -145689 -321438 -78918.8 -321438 -145689
16.74 207944 -180144 -334893 -92594.5 -334893 -180144
16.76 239607 -207797 -340833 -104919 -340833 -207797
16.78 264002 -227876 -336376 -116165 -336376 -227876
16.8 279558 -239494 -316912 -125604 -316912 -239494
16.82 284913 -242254 -281684 -131659 -281684 -242254
16.84 279077 -236548 -236683 -132678 -236683 -236548
16.86 261827 -222988 -188137 -127290 -188137 -222988
16.88 234225 -202087 -136662 -114437 -136662 -202087
16.9 198268 -174245 -80279.1 -93994.8 -80279.1 -174245
16.92 156182 -140031 -20225.4 -67080.8 -20225.4 -140031
16.94 109917 -100165 38251.5 -35659.9 38251.5 -100165
16.96 61027.2 -55599.6 89763 -2111.52 89763 -55599.6
16.98 11089.1 -7916.53 132550 31166.2 132550 -7916.53
17 -38262.2 41103.9 168607 62161.7 168607 41103.9
17.02 -85690.3 89860 200283 89460.1 200283 89860
17.04 -130346 136502 227101 112251 227101 136502
17.06 -171481 178627 246109 130396 246109 178627
17.08 -207911 213983 255423 144490 255423 213983
17.1 -237930 241213 256887 155509 256887 241213
17.12 -259713 259777 254432 164089 254432 259777
17.14 -271817 269346 249615 170084 249615 269346
17.16 -273431 269528 239002 172606 239002 269528
17.18 -264110 259618 217770 170223 217770 259618
17.2 -243781 239562 185937 161469 185937 239562
17.22 -213075 210550 148069 145846 148069 210550
17.24 -173237 174711 108343 124219 108343 174711
17.26 -126335 134321 67919.6 97945 67919.6 134321
17.28 -75073.2 90341.7 25377.8 68302.3 25377.8 90341.7
17.3 -22081.7 42708.4 -20940.6 36901.2 -20940.6 42708.4
17.32 30444.8 -7814.83 -70167.7 5884.73 -70167.7 -7814.83
17.34 80694.6 -58167.6 -118266 -22597.1 -118266 -58167.6
17.36 126933 -103946 -160791 -47014.1 -160791 -103946
17.38 167503 -142006 -196284 -66658.6 -196284 -142006
17.4 201150 -172270 -226343 -81544.6 -226343 -172270
17.42 227315 -196740 -252143 -92200.6 -252143 -196740
17.44 246079 -216547 -271756 -99350.1 -271756 -216547
17.46 257796 -230282 -281665 -103556 -281665 -230282
17.48 262620 -235260 -280548 -105055 -280548 -235260
17.5 260146 -229831 -270099 -103695 -270099 -229831
17.52 249538 -214663 -252222 -98828.5 -252222 -214663
17.54 230182 -192474 -227016 -89793.3 -227016 -192474
17.56 201775 -165314 -194006 -76612.9 -194006 -165314
17.58 164233 -132451 -153622 -59694.7 -153622 -132451
17.6 117962 -91750.9 -107918 -39329.4 -107918 -91750.9
17.62 64252.8 -42882.6 -60640.5 -15967.3 -60640.5 -42882.6
17.64 5642.02 11096.5 -15294 9342.51 -15294 11096.5
17.66 -54443 65627.1 26943 34926.9 26943 65627.1
17.68 -112401 117331 67056 58849.2 67056 117331
17.7 -165117 164847 105765 79471.5 105765 164847
17.72 -210335 207685 141835 95962 141835 207685
17.74 -246807 244867 172828 108364 172828 244867
17.76 -274179 274696 196640 117213 196640 274696
17.78 -292629 295460 212156 123176 212156 295460
17.8 -302372 306242 219459 126948 219459 306242
17.82 -303244 306985 219624 129098 219624 306985
17.84 -294191 296420 213170 129415 213170 296420
17.86 -273945 273267 198416 126816 198416 273267
17.88 -241892 238092 173055 120712 173055 238092
17.9 -197955 193019 137550 111547 137550 193019
17.92 -142990 140563 95464.1 99708.9 95464.1 140563
17.94 -78974.5 82097.4 50850.7 85003.9 50850.7 82097.4
17.96 -8971.95 18633.9 6258.5 67260.6 6258.5 18633.9
17.98 63069.9 -48001.5 -37491.3 46991.7 -37491.3 -48001.5
18 132988 -114044 -80481.5 25507.9 -80481.5 -114044
18.02 197035 -174251 -122399 4585.97 -122399 -174251
18.04 252310 -224286 -161589 -14199.7 -161589 -224286
18.06 296957 -263029 -195754 -30136 -195754 -263029
18.08 330160 -292054 -223744 -43430.9 -223744 -292054
18.1 351948 -312976 -245844 -54631 -245844 -312976
18.12 362985 -325800 -262149 -64072.8 -262149 -325800
18.14 364294 -329622 -271712 -71864.8 -271712 -329622
18.16 356308 -322935 -273627 -78104.7 -273627 -322935
18.18 338738 -303781 -267929 -82561.7 -267929 -303781
18.2 311512 -272555 -254518 -84548.8 -254518 -272555
18.22 274264 -231689 -232669 -83832.3 -232669 -231689
18.24 226732 -183245 -202048 -80784.6 -202048 -183245
18.26 169404 -127661 -163455 -75350 -163455 -127661
18.28 103569 -64910.2 -118905 -66716.1 -118905 -64910.2
18.3 31787.8 2693.89 -71007 -54084 -71007 2693.89
18.32 -42345.6 70818.6 -21893.2 -37492.3 -21893.2 70818.6
18.34 -114747 135029 27558.1 -18002.4 27558.1 135029
18.36 -181526 192319 76966.9 2761.93 76966.9 192319
18.38 -239467 241244 124748 23380.1 124748 241244
18.4 -286379 281353 167798 43134.6 167798 281353
18.42 -321238 312416 203274 61871.9 203274 312416
18.44 -344109 334031 230174 79542 230174 334031
18.46 -355865 346058 248908 96004.2 248908 346058
18.48 -357761 349458 259694 111151 259694 349458
18.5 -350632 345471 261852 125087 261852 345471
18.52 -334354 332238 254332 137897 254332 332238
18.54 -309187 306781 236636 148603 236636 306781
18.56 -274765 268194 209522 155410 209522 268194
18.58 -230501 218857 174759 157632 174759 218857
18.6 -176899 162873 134080 155586 134080 162873
18.62 -115132 102629 88671.7 149061 88671.7 102629
18.64 -47548.1 39405.8 39777.6 137277 39777.6 39405.8
18.66 22759.1 -25416.8 -10634.9 119870 -10634.9 -25416.8
18.68 92269.6 -89232.7 -60229.4 97517.7 -60229.4 -89232.7
18.7 157468 -148094 -107257 71836.2 -107257 -148094
18.72 215032 -197830 -150855 44769.2 -150855 -197830
18.74 262190 -236214 -190288 17823.2 -190288 -236214
18.76 297107 -263853 -224232 -8277.64 -224232 -263853
18.78 319080 -282607 -250996 -33219.3 -250996 -282607
18.8 328413 -293328 -269380 -56563.6 -269380 -293328
18.82 326137 -295374 -279326 -77734.2 -279326 -295374
18.84 313263 -287296 -281730 -96399.8 -281730 -287296
18.86 291000 -267858 -277796 -112193 -277796 -267858
18.88 261007 -237686 -267927 -123989 -267927 -237686
18.9 224465 -198960 -250508 -130467 -250508 -198960
18.92 182279 -154508 -223542 -131212 -223542 -154508
18.94 135242 -106291 -187709 -126449 -187709 -106291
18.96 83968 -54669.9 -146056 -116108 -146056 -54669.9
18.98 29368.6 -336.357 -101525 -99765 -101525 -336.357
19 -26999.1 54428.9 -55848.5 -77363.5 -55848.5 54428.9
19.02 -82826.4 106046 -9990.22 -49743 -9990.22 106046
19.04 -135384 151195 35200 -18602.4 35200 151195
19.06 -181982 188290 78440 13973.9 78440 188290
19.08 -220379 217820 117831 46158.7 117831 217820
19.1 -249040 241106 151396 76733.6 151396 241106
19.12 -267268 258410 177999 104875 177999 258410
19.14 -275200 268292 197615 129755 197615 268292
19.16 -273648 269231 210587 150551 210587 269231
19.18 -263625 261263 216935 166827 216935 261263
19.2 -246244 245595 216537 178430 216537 245595
19.22 -222536 223192 209203 184898 209203 223192
19.24 -192858 193843 194216 185590 194216 193843
19.26 -157258 157207 171317 180399 171317 157207
19.28 -115917 113889 142177 169703 142177 113889
19.3 -69394 65737.2 109343 153761 109343 65737.2
19.32 -18982.6 15780.7 74473.7 132595 74473.7 15780.7
19.34 33249.4 -33075.3 38308.3 106409 38308.3 -33075.3
19.36 84683.5 -79117.1 1447.64 76004.4 1447.64 -79117.1
19.38 132570 -121402 -35348.4 42911.6 -35348.4 -121402
19.4 174358 -158451 -71289.1 9198.3 -71289.1 -158451
19.42 207960 -188120 -105571 -23012.3 -105571 -188120
19.44 232033 -208946 -137194 -52002.8 -137194 -208946
19.46 246136 -221002 -164932 -76596.9 -164932 -221002
19.48 250594 -225150 -187778 -96066.5 -187778 -225150
19.5 246101 -221931 -205313 -110076 -205313 -221931
19.52 233429 -211042 -217624 -118551 -217624 -211042
19.54 213455 -191992 -225047 -121357 -225047 -191992
19.56 186997 -164907 -227741 -118520 -227741 -164907
19.58 154861 -131071 -224987 -110719 -224987 -131071
19.6 117940 -92543.6 -215152 -98810.8 -215152 -92543.6
19.62 77192.9 -50944.8 -197329 -83192.8 -197329 -50944.8
19.64 33851.2 -7533.84 -172691 -63947.9 -172691 -7533.84
19.66 -10492.9 35948.5 -143416 -41217.9 -143416 35948.5
19.68 -53908.5 77133.9 -111006 -15504.7 -111006 77133.9
19.7 -94346.7 113906 -76017.8 12115.8 -76017.8 113906
19.72 -129919 145042 -38840.3 40071.6 -38840.3 145042
19.74 -159131 169858 -465.451 66707.3 -465.451 169858
19.76 -180984 187795 37342.5 90655.3 37342.5 187795
19.78 -194975 198619 72549.3 110882 72549.3 198619
19.8 -201043 202570 103640 126626 103640 202570
19.82 -199436 200092 130032 137484 130032 200092
19.84 -190533 191293 151763 143387 151763 191293
19.86 -174758 175898 168860 144351 168860 175898
19.88 -152486 153634 180892 140600 180892 153634
19.9 -124158 124774 187061 132894 187061 124774
19.92 -90476.1 90449.8 186584 122151 186584 90449.8
19.94 -52488.8 52380.4 178665 108909 178665 52380.4
19.96 -11633.6 12395.8 162870 93470.1 162870 12395.8
19.98 30402.2 -28009 140019 76259.5 140019 -28009
20 71892.6 -67629 111596 57848.1 111596 -67629
20.02 111248 -105174 78536.9 38862.9 78536.9 -105174
20.04 147119 -139135 41404.9 19982.7 41404.9 -139135
20.06 178460 -168080 1302.26 1890.29 1302.26 -168080
20.08 204548 -191102 -39835.1 -14798 -39835.1 -191102
20.1 224837 -207925 -79751.3 -29510.6 -79751.3 -207925
20.12 238729 -218499 -116584 -41699.2 -116584 -218499
20.14 245437 -222555 -149344 -50929.8 -149344 -222555
20.16 244038 -219263 -177755 -56901.1 -177755 -219263
20.18 233740 -207524 -201556 -59275.3 -201556 -207524
20.2 214265 -186922 -220077 -57897.8 -220077 -186922
20.22 185935 -158072 -232543 -53338.3 -232543 -158072
20.24 149749 -122314 -238675 -46695.8 -238675 -122314
20.26 107424 -81256.7 -238556 -38872.6 -238556 -81256.7
20.28 61236.8 -36700.8 -231666 -30289.7 -231666 -36700.8
20.3 13720.2 9309.91 -217032 -21131.2 -217032 9309.91
20.32 -32826.9 54855.9 -194847 -11591.1 -194847 54855.9
20.34 -76718.8 98386.5 -166470 -1848.46 -166470 98386.5
20.36 -116880 138395 -133008 8018.72 -133008 138395
20.38 -152529 173035 -95008.4 18029 -95008.4 173035
20.4 -182937 200678 -53282.8 28201.8 -53282.8 200678
20.42 -207405 220767 -9539.34 38385.4 -9539.34 220767
20.44 -225287 233705 33963.6 48167.1 33963.6 233705
20.46 -235935 239997 75247.9 57021.7 75247.9 239997
20.48 -238682 239651 113075 64563.2 113075 239651
20.5 -232944 231963 146776 70533.4 146776 231963
20.52 -218649 216236 175741 74633.9 175741 216236
20.54 -196288 192595 198854 76825.1 198854 192595
20.56 -166810 162271 214601 77696.2 214601 162271
20.58 -131543 127095 222208 78064.2 222208 127095
20.6 -91970.9 88570.6 222277 78371.5 222277 88570.6
20.62 -49664.4 47745.9 215594 78617 215594 47745.9
20.64 -6141.54 5501.61 201614 78552.5 201614 5501.61
20.66 37252.5 -37092.8 179316 77824.1 179316 -37092.8
20.68 79457.5 -78696.9 149251 76094.4 149251 -78696.9
20.7 119634 -117734 113493 73091 113493 -117734
20.72 156918 -152533 74277.7 68539.1 74277.7 -152533
20.74 190184 -181794 33290.7 62172.9 33290.7 -181794
20.76 218043 -204983 -8414.74 53920.4 -8414.74 -204983
20.78 239072 -221931 -50048.3 44057.9 -50048.3 -221931
20.8 252084 -232056 -90531.2 33128.7 -90531.2 -232056
20.82 256307 -234420 -128265 21715.9 -128265 -234420
20.84 251412 -228306 -161560 10297.3 -161560 -228306
20.86 237653 -213726 -189433 -670.256 -189433 -213726
20.88 215895 -191497 -211826 -10689.3 -211826 -191497
20.9 187246 -162544 -228887 -19525.5 -228887 -162544
20.92 152915 -127707 -240413 -27361.2 -240413 -127707
20.94 114180 -87955.2 -246142 -34408.8 -246142 -87955.2
20.96 72324.9 -44673.6 -246075 -40591.1 -246075 -44673.6
20.98 28685.2 161.751 -240012 -45628 -240012 161.751
21 -15345.6 44398.7 -227075 -49129.8 -227075 44398.7
21.02 -58287.6 86225.1 -206857 -50570.5 -206857 86225.1
21.04 -98577.2 124312 -180779 -49442.1 -180779 124312
21.06 -134583 157446 -151086 -45445.8 -151086 157446
21.08 -164658 184226 -119237 -38467.4 -119237 184226
21.1 -187279 203346 -85734.7 -28546.4 -85734.7 203346
21.12 -201311 214150 -50861.5 -15986.2 -50861.5 214150
21.14 -206255 216750 -15432.7 -1409.64 -15432.7 216750
21.16 -202246 211578 18882.8 14403.3 18882.8 211578
21.18 -189860 198837 50083 30675.2 50083 198837
21.2 -169898 178537 76938.8 46577 76938.8 178537
21.22 -143132 150755 99463.3 61306.7 99463.3 150755
21.24 -110353 116174 118167 74377.9 118167 116174
21.26 -72524.8 76328.3 133089 85615.4 133089 76328.3
21.28 -30846.6 33187.9 143693 94923.2 143693 33187.9
21.3 13206.5 -11269.2 149390 102173 149390 -11269.2
21.32 57972.3 -55499.6 149969 107182 149969 -55499.6
21.34 101724 -98416.8 145577 109712 145577 -98416.8
21.36 142781 -138845 136412 109473 136412 -138845
21.38 179575 -175028 122910 106184 122910 -175028
21.4 210728 -204949 106069 99708.8 106069 -204949
21.42 235136 -227168 86913.5 90120.3 86913.5 -227168
21.44 251999 -241287 65833.3 77664.5 65833.3 -241287
21.46 260823 -247704 42862.5 62766.7 42862.5 -247704
21.48 261394 -247055 18440.4 46056.5 18440.4 -247055
21.5 253625 -239220 -6378.19 28342.6 -6378.19 -239220
21.52 237647 -223202 -30575.4 10712.4 -30575.4 -223202
21.54 213595 -197875 -53759.2 -5563.72 -53759.2 -197875
21.56 181626 -163205 -75880.2 -19611.4 -75880.2 -163205
21.58 142376 -120991 -96648.3 -31175.3 -96648.3 -120991
21.6 97143 -74090.9 -115267 -40246.9 -115267 -74090.9
21.62 47934.4 -25259.6 -130567 -46781.9 -130567 -25259.6
21.64 -2892.51 23873.3 -141577 -50705.2 -141577 23873.3
21.66 -53038.4 72776.3 -148080 -51988.1 -148080 72776.3
21.68 -100538 120727 -150501 -50672.7 -150501 120727
21.7 -143791 165620 -149276 -46858.6 -149276 165620
21.72 -181502 204291 -144533 -40631.8 -144533 204291
21.74 -212665 234146 -136420 -32013.8 -136420 234146
21.76 -236560 254633 -125383 -21060.6 -125383 254633
21.78 -252714 267040 -111898 -8030.18 -111898 267040
21.8 -260847 272945 -96490.3 6549.28 -96490.3 272945
21.82 -260872 272807 -80227.7 21980.9 -80227.7 272807
21.84 -252719 265365 -64629.5 37528.7 -64629.5 265365
21.86 -236609 249110 -50709.5 52232.9 -50709.5 249110
21.88 -212862 223662 -38421.9 64933.2 -38421.9 223662
21.9 -181833 190188 -27220.5 74933 -27220.5 190188
21.92 -144285 150999 -16818 82197.9 -16818 150999
21.94 -101432 108220 -7533.29 86839.8 -7533.29 108220
21.96 -54994.3 63289.4 -157.262 88811.2 -157.262 63289.4
21.98 -6844.51 16846.9 4700.21 88022.7 4700.21 16846.9
22 41317.8 -30797.3 7150.87 84529.1 7150.87 -30797.3
22.02 88089.3 -78655.1 7803.29 78586.8 7803.29 -78655.1
22.04 132179 -124349 7110.63 70605.4 7110.63 -124349
22.06 172207 -164683 5057.09 61023.6 5057.09 -164683
22.08 206687 -197211 1470.67 50188.9 1470.67 -197211
22.1 234204 -221231 -3572.65 38363.7 -3572.65 -221231
22.12 253633 -237419 -9605.43 25869 -9605.43 -237419
22.14 264312 -246793 -15789 13189.5 -15789 -246793
22.16 266111 -249736 -21131.5 907.131 -21131.5 -249736
22.18 259216 -245378 -24937.4 -10448.9 -24937.4 -245378
22.2 243930 -231852 -27399.5 -20265.8 -27399.5 -231852
22.22 220688 -208070 -29599.1 -27641 -29599.1 -208070
22.24 189890 -174895 -32425.5 -31895.4 -32425.5 -174895
22.26 152072 -134757 -35544.1 -33098.5 -35544.1 -134757
22.28 108130 -90124.7 -37706 -31653.8 -37706 -90124.7
22.3 59334.1 -42256.7 -37938.3 -27773.1 -37938.3 -42256.7
22.32 7385.74 8277.67 -36295.8 -21541.4 -36295.8 8277.67
22.34 -45627.4 60396.8 -33577.5 -13200.4 -33577.5 60396.8
22.36 -97319.5 111665 -30430.7 -3270.75 -30430.7 111665
22.38 -145238 158700 -26854.8 7523.98 -26854.8 158700
22.4 -187227 198715 -22521.9 18486.9 -22521.9 198715
22.42 -221783 230813 -17376.8 29207.5 -17376.8 230813
22.44 -248151 255525 -11875.2 39598.8 -11875.2 255525
22.46 -266167 273309 -6702.84 49626.9 -6702.84 273309
22.48 -276030 283824 -2272.34 59023.1 -2272.34 283824
22.5 -278125 286618 1425.3 67296.2 1425.3 286618
22.52 -272683 281493 4346.49 73982.9 4346.49 281493
22.54 -259634 267900 6067.33 78593.1 6067.33 267900
22.56 -238813 245399 6046.37 80532.4 6046.37 245399
22.58 -209939 214238 3955.54 79591.1 3955.54 214238
22.6 -173074 175656 -143.982 76141.5 -143.982 175656
22.62 -129146 131610 -5809.13 70713 -5809.13 131610
22.64 -80014.2 84230.6 -12624.5 63688.8 -12624.5 84230.6
22.66 -28306.7 35676.2 -20821.3 55322.6 -20821.3 35676.2
22.68 23177.8 -12516.9 -31294 45883.2 -31294 -12516.9
22.7 72063.8 -59395.5 -44570.6 35780.3 -44570.6 -59395.5
22.72 116729 -103713 -59723.2 25565.5 -59723.2 -103713
22.74 156248 -143502 -74726.2 15744.9 -74726.2 -143502
22.76 190108 -176892 -87907.5 6582.84 -87907.5 -176892
22.78 217863 -203051 -98785.6 -1870.58 -98785.6 -203051
22.8 238890 -222025 -107664 -9580.94 -107664 -222025
22.82 252353 -233878 -114693 -16389 -114693 -233878
22.84 257377 -238277 -119350 -22003.1 -119350 -238277
22.86 253185 -234290 -120722 -25992.1 -120722 -234290
22.88 239318 -220789 -118182 -27791.6 -118182 -220789
22.9 216059 -197747 -111667 -27082.5 -111667 -197747
22.92 184334 -166477 -101475 -24154.5 -101475 -166477
22.94 145693 -128952 -88150.1 -19518.4 -88150.1 -128952
22.96 102203 -87016.1 -72407.1 -13408.6 -72407.1 -87016.1
22.98 56040.6 -42183.3 -54928.6 -5877.14 -54928.6 -42183.3
23 9257.85 3909.89 -36116.3 2913.76 -36116.3 3909.89
23.02 -36485 49488.5 -15984.4 12603 -15984.4 49488.5
23.04 -79980.1 92874.3 5455.15 22699.2 5455.15 92874.3
23.06 -120337 132616 27559.4 32708.7 27559.4 132616
23.08 -156676 167341 49003.5 42295.3 49003.5 167341
23.1 -187877 195736 68487.3 51317.7 68487.3 195736
23.12 -212560 216855 85430.8 59655.2 85430.8 216855
23.14 -229325 230314 99908.7 67054.8 99908.7 230314
23.16 -237111 236155 112055 73219.2 112055 236155
23.18 -235453 234489 121610 77977.5 121610 234489
23.2 -224509 224984 127852 81189.1 127852 224984
23.22 -205075 207271 129798 82574.2 129798 207271
23.24 -178346 181564 126461 81976.2 126461 181564
23.26 -145690 149116 117325 79623.7 117325 149116
23.28 -108525 112010 102836 75856 102836 112010
23.3 -68124.7 72119 84134.1 70811.7 84134.1 72119
23.32 -25635.9 30668 62307.6 64491.5 62307.6 30668
23.34 17850.4 -11595.2 37860.1 56944.8 37860.1 -11595.2
23.36 61177.2 -53747.6 10690.3 48357.7 10690.3 -53747.6
23.38 103068 -94281.7 -19247.6 39057.9 -19247.6 -94281.7
23.4 142124 -131242 -51203.8 29445.6 -51203.8 -131242
23.42 176851 -162803 -83544 19853.7 -83544 -162803
23.44 205719 -187838 -114360 10475.4 -114360 -187838
23.46 227282 -205900 -142129 1453.67 -142129 -205900
23.48 240381 -216714 -166001 -7006.86 -166001 -216714
23.5 244374 -219890 -185773 -14664 -185773 -219890
23.52 239250 -215121 -201477 -21338.5 -201477 -215121
23.54 225630 -202439 -212910 -26855 -212910 -202439
23.56 204643 -182342 -219601 -30920.6 -219601 -182342
23.58 177527 -155574 -221084 -33332.7 -221084 -155574
23.6 145382 -123112 -217091 -34168 -217091 -123112
23.62 109130 -86089.6 -207520 -33513.2 -207520 -86089.6
23.64 69565.5 -45678.8 -192537 -31255.3 -192537 -45678.8
23.66 27575.2 -3325.1 -172789 -27274.7 -172789 -3325.1
23.68 -15691.5 39214.6 -148972 -21632.1 -148972 39214.6
23.7 -58733.3 80159.9 -121397 -14538.7 -121397 80159.9
23.72 -99731.9 117980 -90339.9 -6277.79 -90339.9 117980
23.74 -136707 151236 -56546.5 2852.5 -56546.5 151236
23.76 -167790 178570 -21384.1 12608.1 -21384.1 178570
23.78 -191509 198997 13336.8 22811.3 13336.8 198997
23.8 -206973 212045 45660.6 33278.6 45660.6 212045
23.82 -213893 217570 74083.7 43780.4 74083.7 217570
23.84 -212473 215615 98074.2 54075.4 98074.2 215615
23.86 -203258 206347 117799 63893.7 117799 206347
23.88 -187086 190212 133461 72788 133461 190212
23.9 -164865 167775 144959 80190.9 144959 167775
23.92 -137407 139666 151821 85761.2 151821 139666
23.94 -105432 106717 153258 89433.7 153258 106717
23.96 -69604.7 69854.8 148355 91181.4 148355 69854.8
23.98 -30742.5 30303.8 136469 90905.3 136469 30303.8
24 10002.3 -10201.8 118171 88533.6 118171 -10201.8
24.02 51074.4 -49539.5 95158.2 84175.6 95158.2 -49539.5
24.04 90646.9 -85892.7 68875.5 78060.2 68875.5 -85892.7
24.06 126890 -118251 39824.1 70365.6 39824.1 -118251
24.08 158288 -146279 8035.67 61168.4 8035.67 -146279
24.1 183868 -169794 -25943.9 50512.2 -25943.9 -169794
24.12 203237 -188236 -60454.8 38546.4 -60454.8 -188236
24.14 216362 -200558 -93051.5 25627.4 -93051.5 -200558
24.16 223247 -205684 -121654 12277.8 -121654 -205684
24.18 223748 -203364 -145430 -944.636 -145430 -203364
24.2 217629 -194437 -164632 -13488.5 -164632 -194437
24.22 204882 -180215 -179783 -24703.4 -179783 -180215
24.24 185766 -161336 -190998 -33941.6 -190998 -161336
24.26 160808 -137405 -197676 -40893.9 -197676 -137405
24.28 130851 -107946 -198844 -45594.7 -198844 -107946
24.3 97025.1 -73643.8 -193651 -48117.3 -193651 -73643.8
24.32 60714 -36762.5 -181583 -48395.6 -181583 -36762.5
24.34 23395.7 -54.7198 -162972 -46310.9 -162972 -54.7198
24.36 -13541 34738.5 -139111 -41835.3 -139111 34738.5
24.38 -48903.3 67237.4 -111582 -34978.2 -111582 67237.4
24.4 -81669.6 97500.3 -81622.3 -25738.1 -81622.3 97500.3
24.42 -110940 125071 -50092 -14216.4 -50092 125071
24.44 -135933 148779 -17920.9 -719.449 -17920.9 148779
24.46 -155985 167158 13624.3 14241 13624.3 167158
24.48 -170513 179080 43149 29994.2 43149 179080
24.5 -178998 184382 69569.3 45782.9 69569.3 184382
24.52 -181074 183906 92262.9 60876.2 92262.9 183906
24.54 -176644 178534 110742 74654.5 110742 178534
24.56 -165978 168352 124346 86563.5 124346 168352
24.58 -149671 152823 132279 96053.9 132279 152823
24.6 -128495 131742 133854 102752 133854 131742
24.62 -103339 106007 128695 106634 128695 106007
24.64 -75146.8 77372.6 116904 107823 116904 77372.6
24.66 -44871.1 47646 99049.1 106337 99049.1 47646
24.68 -13437.4 17866.3 75788.7 102090 75788.7 17866.3
24.7 18289.5 -11788.1 47706.7 94981.9 47706.7 -11788.1
24.72 49482.1 -41135.4 15663.4 84976.8 15663.4 -41135.4
24.74 79284.6 -69186.2 -19018.8 72231.1 -19018.8 -69186.2
24.76 106777 -94376.8 -54834.9 57146.7 -54834.9 -94376.8
24.78 131013 -115473 -90368.8 40311.1 -90368.8 -115473
24.8 151081 -132027 -124259 22417.4 -124259 -132027
24.82 166179 -144036 -155183 4243.54 -155183 -144036
24.84 175711 -151464 -182145 -13363.5 -182145 -151464
24.86 179405 -154134 -204613 -29578.5 -204613 -154134
24.88 177369 -151927 -222112 -43735.2 -222112 -151927
24.9 170036 -144907 -233872 -55391.2 -233872 -144907
24.92 158043 -133325 -239155 -64230.3 -239155 -133325
24.94 142026 -117549 -237784 -69953.3 -237784 -117549
24.96 122527 -98069.2 -229947 -72376.6 -229947 -98069.2
24.98 100025 -75576.3 -215661 -71484 -215661 -75576.3
25 75037.3 -50927.5 -195031 -67303.7 -195031 -50927.5
25.02 48201.6 -25054.2 -168483 -59885.5 -168483 -25054.2
25.04 20293.6 1147.65 -136493 -49330 -136493 1147.65
25.06 -7793.56 26870.5 -99763.6 -35824.9 -99763.6 26870.5
25.08 -35067.2 51342.9 -59657.7 -19743.8 -59657.7 51342.9
25.1 -60479.7 73723.3 -17965.5 -1696.05 -17965.5 73723.3
25.12 -83016.3 93117.4 23791.5 17536.2 23791.5 93117.4
25.14 -101797 108740 64550.2 37114.9 64550.2 108740
25.16 -116176 120156 103344 56238.3 103344 120156
25.18 -125806 127343 139053 74188.8 139053 127343
25.2 -130645 130481 170445 90355.7 170445 130481
25.22 -130855 129682 196325 104245 196325 129682
25.24 -126664 124854 215766 115481 215766 124854
25.26 -118294 115824 228411 123769 228411 115824
25.28 -105977 102664 234477 128873 234477 102664
25.3 -90057 86040 234142 130705 234142 86040
25.32 -71085.9 67116.9 226407 129361 226407 67116.9
25.34 -49811.2 46969.3 209235 124916 209235 46969.3
25.36 -27088.6 26158.9 181977 117421 181977 26158.9
25.38 -3764.06 4951.03 146434 107142 146434 4951.03
25.4 19354.8 -16065.7 105040 94412.3 105040 -16065.7
25.42 41434 -35741.9 59398.2 79444.9 59398.2 -35741.9
25.44 61593.5 -52842.6 10526.8 62494.5 10526.8 -52842.6
25.46 79031.9 -66652.3 -40344.4 44030.4 -40344.4 -66652.3
25.48 93185.4 -77068.6 -91372 24714.4 -91372 -77068.6
25.5 103743 -84271.7 -140195 5313.88 -140195 -84271.7
25.52 110543 -88369.2 -184452 -13363.8 -184452 -88369.2
25.54 113505 -89282.6 -222515 -30557.6 -222515 -89282.6
25.56 112656 -86830.1 -253848 -45626.7 -253848 -86830.1
25.58 108148 -80902.3 -278514 -58068.2 -278514 -80902.3
25.6 100241 -71659.3 -296403 -67536.5 -296403 -71659.3
25.62 89291.2 -59598.8 -307035 -73915.7 -307035 -59598.8
25.64 75765.8 -45508.8 -310040 -77353.6 -310040 -45508.8
25.66 60242.4 -30219.4 -305105 -78121.5 -305105 -30219.4
25.68 43353.3 -14352.4 -291023 -76358.3 -291023 -14352.4
25.7 25707.6 1737.78 -266507 -72014.8 -266507 1737.78
25.72 7811.09 17875.8 -232490 -65031.4 -232490 17875.8
25.74 -9977.94 33753.2 -191590 -55385.7 -191590 33753.2
25.76 -27360.5 48730.8 -145937 -43028.8 -145937 48730.8
25.78 -43919.2 62028.1 -96739.8 -27966.6 -96739.8 62028.1
25.8 -59051.2 73112.5 -45087.9 -10442 -45087.9 73112.5
25.82 -72108.6 81840.6 7476.98 8955.15 7476.98 81840.6
25.84 -82578.4 88287.5 58957.4 29314.1 58957.4 88287.5
25.86 -90132 92613.7 107073 49561 107073 92613.7
25.88 -94594.7 94896.7 149696 68684.2 149696 94896.7
25.9 -95936.6 94962.6 185574 85886.7 185574 94962.6
25.92 -94259.8 92473.2 214555 100599 214555 92473.2
25.94 -89734.8 87175.1 236846 112470 236846 87175.1
25.96 -82526.1 79056.7 252224 121404 252224 79056.7
25.98 -72770.1 68343.5 260249 127556 260249 68343.5
26 -60619.2 55475.7 260913 131174 260913 55475.7
26.02 -46306.5 41079.3 254024 132395 254024 41079.3
26.04 -30186 25762.7 237936 131108 237936 25762.7
26.06 -12732 9854.7 210953 127036 210953 9854.7
26.08 5527.25 -6518.49 174194 119931 174194 -6518.49
26.1 24052.1 -22887.8 130965 109637 130965 -22887.8
26.12 42216.8 -38169.8 84122.2 96103.1 84122.2 -38169.8
26.14 59217.2 -51268.6 35242.2 79506 35242.2 -51268.6
26.16 74157.7 -61751.5 -14843.3 60371.3 -14843.3 -61751.5
26.18 86341.5 -69851.2 -65320.9 39557.7 -65320.9 -69851.2
26.2 95482.4 -75989.2 -114580 18154.5 -114580 -75989.2
26.22 101639 -80298.6 -159796 -2684.76 -159796 -80298.6
26.24 104986 -82408.4 -198044 -21949.7 -198044 -82408.4
26.26 105653 -81680.2 -228157 -38899.4 -228157 -81680.2
26.28 103720 -77897.8 -250989 -53045.7 -250989 -77897.8
26.3 99338 -71706.3 -267766 -64118.5 -267766 -71706.3
26.32 92813.1 -64197.5 -278551 -72086.1 -278551 -64197.5
26.34 84587.2 -56082.5 -282375 -77111.3 -282375 -56082.5
26.36 75091.3 -47332.2 -278122 -79377.6 -278122 -47332.2
26.38 64602.2 -37545.1 -264543 -78884.1 -264543 -37545.1
26.4 53209.8 -26590.1 -240870 -75434.7 -240870 -26590.1
26.42 40883.7 -14891.2 -208471 -68855.7 -208471 -14891.2
26.44 27567.9 -3211.48 -170168 -59077.2 -170168 -3211.48
26.46 13308.5 7885.49 -128135 -46043.6 -128135 7885.49
26.48 -1603.29 18458.4 -83501 -29765.3 -83501 18458.4
26.5 -16574 28911.7 -37197.3 -10528.7 -37197.3 28911.7
26.52 -30820 39297.8 9424.63 10945.6 9424.63 39297.8
26.54 -43556.5 49005.5 54541 33522.6 54541 49005.5
26.56 -54123.8 57143.4 96062.9 55853.6 96062.9 57143.4
26.58 -62046.8 63120.5 132198 76665.7 132198 63120.5
26.6 -67099.2 66869.3 162122 94968.7 162122 66869.3
26.62 -69358.9 68674.2 185969 110089 185969 68674.2
26.64 -69179.2 68818.2 203985 121638 203985 68818.2
26.66 -67043.9 67293.4 215847 129534 215847 67293.4
26.68 -63361.5 63773.4 220883 133989 220883 63773.4
26.7 -58307.3 57962.6 218428 135335 218428 57962.6
26.72 -51800.6 50069 207406 133773 207406 50069
26.74 -43614.1 40834.2 186755 129318 186755 40834.2
26.76 -33533 31007.6 157099 121934 157099 31007.6
26.78 -21501.7 20909.9 120628 111551 120628 20909.9
26.8 -7773.18 10551.5 79372.8 98025.9 79372.8 10551.5
26.82 6977.73 40.0127 34586.6 81304.7 34586.6 40.0127
26.84 21726.4 -10201.1 -12679 61674.9 -12679 -10201.1
26.86 35392.8 -19546.8 -61025.8 39906.3 -61025.8 -19546.8
26.88 47168.2 -27506.8 -108618 17175.1 -108618 -27506.8
26.9 56650.6 -34018.5 -153326 -5171.89 -153326 -34018.5
26.92 63782.4 -39324.9 -193135 -25893.5 -193135 -39324.9
26.94 68721.5 -43506 -226738 -44027.8 -226738 -43506
26.96 71724.4 -46253.5 -253745 -58922.1 -253745 -46253.5
26.98 73048.7 -47204.3 -274142 -70224.7 -274142 -47204.3
27 72873 -46346 -287676 -77915.6 -287676 -46346
27.02 71240.4 -43937.5 -293872 -82273.7 -293872 -43937.5
27.04 68049.5 -40152.3 -292458 -83671.3 -292458 -40152.3
27.06 63118.6 -34962.4 -283058 -82311.7 -283058 -34962.4
27.08 56310.6 -28362.5 -264737 -78144.8 -264737 -28362.5
27.1 47649.1 -20566.9 -237245 -71038.3 -237245 -20566.9
27.12 37336.7 -11996.7 -202637 -60929 -202637 -11996.7
27.14 25708.5 -3143.95 -163648 -47774.8 -163648 -3143.95
27.16 13208.3 5719.75 -121731 -31572.3 -121731 5719.75
27.18 379.214 14695.4 -77711.5 -12566.3 -77711.5 14695.4
27.2 -12209.4 23929.5 -32719 8569.78 -32719 23929.5
27.22 -24075.4 33106.1 11685.3 30734 11685.3 33106.1
27.24 -34842.1 41440.2 53811.4 52573.4 53811.4 41440.2
27.26 -44171.6 48311.7 91995.2 72780.1 91995.2 48311.7
27.28 -51742.4 53721.7 125026 90354.8 125026 53721.7
27.3 -57304.9 57966.8 152518 104672 152518 57966.8
27.32 -60722.8 61001.6 174559 115390 174559 61001.6
27.34 -61970.4 62309.9 190955 122411 190955 62309.9
27.36 -61123.2 61359.3 201025 125926 201025 61359.3
27.38 -58336.1 58067.5 204163 126355 204163 58067.5
27.4 -53786.7 52878.6 200100 124100 200100 52878.6
27.42 -47608.1 46449.8 188322 119335 188322 46449.8
27.44 -39867.6 39186.5 168250 112063 168250 39186.5
27.46 -30598.2 31067.4 140535 102288 140535 31067.4
27.48 -19858.5 22002.1 106949 90032.3 106949 22002.1
27.5 -7828.34 12268.4 69195.9 75335.3 69195.9 12268.4
27.52 5092.55 2473.86 28614.1 58387.9 28614.1 2473.86
27.54 18275.3 -6856.63 -13484.7 39676.8 -13484.7 -6856.63
27.56 30973.9 -15522.8 -55659.3 20025 -55659.3 -15522.8
27.58 42469.6 -23492.3 -96397.5 514.051 -96397.5 -23492.3
27.6 52164.4 -30630 -134153 -17700.5 -134153 -30630
27.62 59649 -36631.9 -167531 -33617.3 -167531 -36631.9
27.64 64773.5 -41167.2 -195634 -46531.7 -195634 -41167.2
27.66 67664.8 -44024.7 -218124 -56046.5 -218124 -44024.7
27.68 68643.2 -45170.9 -234817 -62051.4 -234817 -45170.9
27.7 68073.6 -44694.1 -245352 -64728.2 -245352 -44694.1
27.72 66223.4 -42659.9 -249318 -64491.3 -249318 -42659.9
27.74 63180.2 -39061.3 -246456 -61789.8 -246456 -39061.3
27.76 58854.3 -33965.1 -236332 -56919 -236332 -33965.1
27.78 53056.3 -27642.1 -218476 -50035.1 -218476 -27642.1
27.8 45601.5 -20454.4 -193466 -41243.3 -193466 -20454.4
27.82 36399.9 -12641.7 -162888 -30569.6 -162888 -12641.7
27.84 25552.9 -4285.61 -128306 -17966.3 -128306 -4285.61
27.86 13448.8 4507.4 -90975.5 -3468.18 -90975.5 4507.4
27.88 766.803 13440.5 -52102 12625.9 -52102 13440.5
27.9 -11671.9 22088.9 -12990.2 29675.1 -12990.2 22088.9
27.92 -23105.5 30087.3 25014.8 46754.4 25014.8 30087.3
27.94 -32953.8 37231.5 60558.6 62833.2 60558.6 37231.5
27.96 -40855.5 43429.1 92405.7 76996 92405.7 43429.1
27.98 -46678.6 48570.1 119700 88574.7 119700 48570.1
28 -50505.7 52450.6 142019 97163.7 142019 52450.6
28.02 -52562.7 54828.8 159060 102624 159060 54828.8
28.04 -53104.2 55552.8 170368 105111 170368 55552.8
28.06 -52307.9 54621.4 175465 105027 175465 54621.4
28.08 -50215.3 52129.2 174110 102819 174110 52129.2
28.1 -46737.2 48188.8 166049 98781 166049 48188.8
28.12 -41720.7 42913.5 150917 93048.2 150917 42913.5
28.14 -35045.1 36454.4 129048 85685.3 129048 36454.4
28.16 -26697 29040.1 101699 76692 101699 29040.1
28.18 -16824 20968.1 70325.1 66012.6 70325.1 20968.1
28.2 -5780.22 12553.8 36181.8 53658.1 36181.8 12553.8
28.22 5872.96 4088.98 431.937 39854 431.937 4088.98
28.24 17458.1 -4162.43 -35725.9 25108 -35725.9 -4162.43
28.26 28320.7 -11948.6 -71073.2 10179.3 -71073.2 -11948.6
28.28 37924.4 -19022.6 -104385 -4047.02 -104385 -19022.6
28.3 45885.6 -25154.3 -134500 -16744.5 -134500 -25154.3
28.32 51984.8 -30145.9 -160518 -27291.4 -160518 -30145.9
28.34 56168.1 -33838.1 -181912 -35309.5 -181912 -33838.1
28.36 58515.4 -36101.8 -198364 -40653.3 -198364 -36101.8
28.38 59180.6 -36839.7 -209502 -43413.9 -209502 -36839.7
28.4 58331.2 -36024 -214831 -43890 -214831 -36024
28.42 56103.3 -33724.8 -213894 -42454.6 -213894 -33724.8
28.44 52574 -30089.3 -206280 -39384.5 -206280 -30089.3
28.46 47757.1 -25296.6 -191690 -34814.5 -191690 -25296.6
28.48 41634.5 -19531.6 -170542 -28795.1 -170542 -19531.6
28.5 34210.9 -12997.2 -144025 -21308.5 -144025 -12997.2
28.52 25578.3 -5934.49 -113423 -12281.4 -113423 -5934.49
28.54 15976.3 1385.83 -79823.6 -1681.37 -79823.6 1385.83
28.56 5810.26 8701.02 -44288.5 10358 -44288.5 8701.02
28.58 -4400.03 15783.3 -8035.24 23465.2 -8035.24 15783.3
28.6 -14106.5 22431.5 27608.4 37039.3 27608.4 22431.5
28.62 -22797.8 28433.9 61506.4 50337.5 61506.4 28433.9
28.64 -30046.4 33580.9 92375.2 62622.8 92375.2 33580.9
