0.02 -0.10778 0.0122931 0.167734 -0.00636443 0.167734 0.0122931
0.04 -0.861425 0.0585426 1.40079 -0.0511678 1.40079 0.0585426
0.06 -2.96963 0.13782 4.9449 -0.107119 4.9449 0.13782
0.08 -4.33143 0.301363 7.13108 0.33866 7.13108 0.301363
0.1 4.47594 0.901131 -8.98128 2.65682 -8.98128 0.901131
0.12 37.4124 3.21347 -69.433 7.83221 -69.433 3.21347
0.14 98.2759 12.0542 -184.493 12.7494 -184.493 12.0542
0.16 168.249 41.3871 -328.641 6.72808 -328.641 41.3871
0.18 214.066 116.557 -456.158 -26.7542 -456.158 116.557
0.2 211.675 262.687 -537.955 -101.832 -537.955 262.687
0.22 161.428 482.687 -576.838 -220.22 -576.838 482.687
0.24 82.8332 746.363 -590.897 -366.477 -590.897 746.363
0.26 -0.953043 1006.55 -594.225 -514.412 -594.225 1006.55
0.28 -73.9068 1231.1 -596.722 -643.243 -596.722 1231.1
0.3 -127.275 1420.11 -614.632 -748.423 -614.632 1420.11
0.32 -153.113 1589.93 -672.688 -833.189 -672.688 1589.93
0.34 -142.958 1744.41 -788.94 -894.221 -788.94 1744.41
0.36 -99.9837 1872.5 -950.798 -926.9 -950.798 1872.5
0.38 -53.1132 1975.24 -1105.22 -942.939 -1105.22 1975.24
0.4 -49.9762 2079.21 -1180.05 -969.261 -1180.05 2079.21
0.42 -127.096 2213.43 -1125.06 -1027.99 -1125.06 2213.43
0.44 -284.786 2382.85 -941.488 -1126.75 -941.488 2382.85
0.46 -487.346 2570 -682.885 -1262.16 -682.885 2570
0.48 -679.358 2744.66 -432.558 -1413.2 -432.558 2744.66
0.5 -805.326 2857.08 -264.633 -1531.11 -264.633 2857.08
0.52 -837.515 2844.08 -195.339 -1560.39 -195.339 2844.08
0.54 -804.555 2681.3 -159.314 -1487.73 -159.314 2681.3
0.56 -782.384 2437.99 -57.8446 -1366.36 -57.8446 2437.99
0.58 -830.615 2249.27 140.155 -1281.44 140.155 2249.27
0.6 -926.148 2198.59 345.001 -1279.97 345.001 2198.59
0.62 -965.742 2216.71 410.282 -1320.08 410.282 2216.71
0.64 -845.238 2114.25 258.507 -1289 258.507 2114.25
0.66 -547.094 1742.29 -54.0731 -1093.35 -54.0731 1742.29
0.68 -153.106 1130.32 -396.182 -742.847 -396.182 1130.32
0.7 237.897 451.679 -691.251 -331.037 -691.251 451.679
0.72 609.042 -147.586 -995.882 64.1932 -995.882 -147.586
0.74 1030.99 -659.438 -1443.67 433.807 -1443.67 -659.438
0.76 1561.9 -1153.05 -2100.09 799.243 -2100.09 -1153.05
0.78 2155.58 -1653.09 -2869.59 1167.38 -2869.59 -1653.09
0.8 2683.11 -2114.14 -3549.66 1533.81 -3549.66 -2114.14
0.82 3042.45 -2482.22 -3989.09 1891.14 -3989.09 -2482.22
0.84 3244.58 -2735.41 -4218.34 2219.9 -4218.34 -2735.41
0.86 3404.6 -2882.91 -4437.88 2502.34 -4437.88 -2882.91
0.88 3647.22 -2968.76 -4848.72 2753.5 -4848.72 -2968.76
0.9 3987.59 -3055.18 -5443.82 3002.81 -5443.82 -3055.18
0.92 4281.27 -3141.03 -5960.48 3230.37 -5960.48 -3141.03
0.94 4318.2 -3099.99 -6087.73 3352.05 -6087.73 -3099.99
0.96 4011.66 -2770.32 -5760.36 3290.59 -5760.36 -2770.32
0.98 3505.31 -2141.83 -5243.33 3051.64 -5243.33 -2141.83
1 3076.13 -1418.25 -4915.13 2724.02 -4915.13 -1418.25
1.02 2912.52 -856.293 -4960.92 2414.76 -4960.92 -856.293
1.04 2944.13 -564.35 -5191.57 2184.42 -5191.57 -564.35
1.06 2807.04 -503.134 -4985.21 2035.14 -4985.21 -503.134
1.08 2019.23 -638.139 -3497.46 1944.89 -3497.46 -638.139
1.1 456.627 -960.861 -485.1 1884.01 -485.1 -960.861
1.12 -1254.86 -1349.38 2880.93 1778.98 2880.93 -1349.38
1.14 -2142.33 -1574.38 4692.74 1492.91 4692.74 -1574.38
1.16 -1872.62 -1515.72 4228.52 929.053 4228.52 -1515.72
1.18 -1136.52 -1267.86 2777.25 204.724 2777.25 -1267.86
1.2 -938.3 -1004.34 2280.86 -374.212 2280.86 -1004.34
1.22 -1609.96 -821.089 3415.93 -626.801 3415.93 -821.089
1.24 -2556.43 -716.574 5115.08 -705.143 5115.08 -716.574
1.26 -2944.39 -678.302 5869.6 -896.119 5869.6 -678.302
1.28 -2607.2 -746.418 5392.26 -1329.14 5392.26 -746.418
1.3 -2135.61 -915.858 4735.24 -1931.67 4735.24 -915.858
1.32 -2045.15 -1006.14 4718.43 -2509.39 4718.43 -1006.14
1.34 -2092.03 -811.493 4755.36 -2819.6 4755.36 -811.493
1.36 -1562.53 -411.302 3563.08 -2698.56 3563.08 -411.302
1.38 -88.2013 -133.477 664.549 -2164.62 664.549 -133.477
1.4 1918.92 -169.694 -3047.92 -1374.71 -3047.92 -169.694
1.42 3467.68 -449.849 -5801.82 -496.006 -5801.82 -449.849
1.44 3623.24 -936.934 -5919.44 405.46 -5919.44 -936.934
1.46 2364.64 -1737.2 -3255.6 1367 -3255.6 -1737.2
1.48 963.679 -2769.61 -112.227 2355.05 -112.227 -2769.61
1.5 999.59 -3612.42 357.35 3124.95 357.35 -3612.42
1.52 2695.34 -3878.36 -2587.23 3441.68 -2587.23 -3878.36
1.54 4643.45 -3560.88 -6429.95 3480.76 -6429.95 -3560.88
1.56 5414.29 -2944.89 -8349.06 3790.32 -8349.06 -2944.89
1.58 5014.91 -2404.51 -8093.57 4704.93 -8093.57 -2404.51
1.6 4516.29 -2277.1 -7398.44 5917.69 -7398.44 -2277.1
1.62 4610.04 -2622.62 -7439.93 6728.22 -7439.93 -2622.62
1.64 4859.02 -3050.72 -7607.64 6602.63 -7607.64 -3050.72
1.66 4274.07 -3026.17 -6447.97 5501.25 -6447.97 -3026.17
1.68 2471.08 -2410.69 -3411.8 3893.64 -3411.8 -2410.69
1.7 242.103 -1577.73 249.909 2496.95 249.909 -1577.73
1.72 -1062.21 -998.668 2350.72 1770.34 2350.72 -998.668
1.74 -805.527 -796.902 1787.14 1556.99 1787.14 -796.902
1.76 278.869 -651.777 -290.773 1282.79 -290.773 -651.777
1.78 755.739 -84.1693 -1500.59 494.408 -1500.59 -84.1693
1.8 -197.706 1045.55 -377.063 -807.203 -377.063 1045.55
1.82 -2145.07 2246.56 2578.65 -2255.37 2578.65 2246.56
1.84 -3938.03 2773.55 5698.89 -3483.76 5698.89 2773.55
1.86 -4776.44 2456.63 7611.17 -4457.97 7611.17 2456.63
1.88 -4775.3 2033.64 8046.64 -5437.37 8046.64 2033.64
1.9 -4668.16 2457.41 7707.81 -6573.47 7707.81 2457.41
1.92 -5043.82 3898.75 7527.9 -7610.03 7527.9 3898.75
1.94 -5824.95 5548.41 7872.97 -8057.09 7872.97 5548.41
1.96 -6434.44 6363.03 8365.69 -7657 8365.69 6363.03
1.98 -6439.25 5943.96 8498.52 -6668.66 8498.52 5943.96
2 -5990.84 4789.68 8285.14 -5705.78 8285.14 4789.68
2.02 -5628.54 3807.4 8182.33 -5253.08 8182.33 3807.4
2.04 -5693.91 3511.63 8476.65 -5248.32 8476.65 3511.63
2.06 -5952.51 3571.68 8883.94 -5095.36 8883.94 3571.68
2.08 -5762.57 3140.48 8712.94 -4137.11 8712.94 3140.48
2.1 -4623.51 1687.56 7384.22 -2204.81 7384.22 1687.56
2.12 -2617.15 -478.599 4895.97 230.827 4895.97 -478.599
2.14 -342.678 -2498.43 1857.88 2422.98 1857.88 -2498.43
2.16 1606.09 -3729.89 -1005.37 3892.17 -1005.37 -3729.89
2.18 3123 -4251.37 -3443.57 4698.5 -3443.57 -4251.37
2.2 4543.1 -4669.86 -5722.38 5255.88 -5722.38 -4669.86
2.22 6130.53 -5455.9 -8075.13 5894.6 -8075.13 -5455.9
2.24 7685.18 -6457.72 -10254.3 6592.81 -10254.3 -6457.72
2.26 8709.16 -7071.22 -11727.8 7099.48 -11727.8 -7071.22
2.28 8934.93 -6865.83 -12269.3 7244.01 -12269.3 -6865.83
2.3 8641.51 -6014.57 -12273.1 7095.45 -12273.1 -6014.57
2.32 8429.21 -5148.56 -12435.6 6885.52 -12435.6 -5148.56
2.34 8671.35 -4832.87 -13087.3 6810.61 -13087.3 -4832.87
2.36 9181.34 -5112.77 -13860.3 6852.91 -13860.3 -5112.77
2.38 9397.84 -5471.77 -14042.8 6772.87 -14042.8 -5471.77
2.4 8847.8 -5261.53 -13170.1 6322.48 -13170.1 -5261.53
2.42 7454.47 -4274.22 -11240.8 5484.88 -11240.8 -4274.22
2.44 5538.91 -2927.57 -8586.77 4493.07 -8586.77 -2927.57
2.46 3594.33 -1871.43 -5692.37 3610.7 -5692.37 -1871.43
2.48 1952 -1418.59 -2954.74 2889.19 -2954.74 -1418.59
2.5 566.884 -1348.04 -426.905 2141.66 -426.905 -1348.04
2.52 -851.189 -1182.54 2123.78 1155.48 2123.78 -1182.54
2.54 -2472.96 -598.214 4805.53 -99.7721 4805.53 -598.214
2.56 -4128.46 368.188 7317.3 -1461.79 7317.3 368.188
2.58 -5448.38 1394.22 9164.3 -2695.45 9164.3 1394.22
2.6 -6242.1 2138.11 10197.7 -3635.7 10197.7 2138.11
2.62 -6737.45 2508.44 10894.3 -4305.37 10894.3 2508.44
2.64 -7352.9 2702.85 11916.4 -4882.02 11916.4 2702.85
2.66 -8171.98 2946.23 13301.6 -5482.86 13301.6 2946.23
2.68 -8754.5 3170.78 14292.7 -6011.95 14292.7 3170.78
2.7 -8567.21 2990.76 14134.1 -6238.85 14134.1 2990.76
2.72 -7513.65 2067.1 12837.9 -5975.65 12837.9 2067.1
2.74 -5957.16 549.024 10973.1 -5225.13 10973.1 549.024
2.76 -4318.91 -883.031 8897.61 -4251.9 8897.61 -883.031
2.78 -2747.07 -1526.15 6451.2 -3420.88 6451.2 -1526.15
2.8 -1119.27 -1285.6 3345.53 -2833.57 3345.53 -1285.6
2.82 708.068 -771.673 -316.228 -2211.8 -316.228 -771.673
2.84 2666.42 -699.237 -3974.52 -1252.08 -3974.52 -699.237
2.86 4543.07 -1207.53 -7147.45 34.0055 -7147.45 -1207.53
2.88 6321.78 -1854.58 -10064.3 1445.64 -10064.3 -1854.58
2.9 8314.88 -2226.24 -13554.2 2891.07 -13554.2 -2226.24
2.92 10763 -2333.83 -18072.7 4393.97 -18072.7 -2333.83
2.94 13322 -2337.75 -22907.5 5906.53 -22907.5 -2337.75
2.96 15106.7 -2105.34 -26516.4 7246.11 -26516.4 -2105.34
2.98 15334.1 -1271.36 -27669 8166.03 -27669 -1271.36
3 13976.6 305.274 -26365.7 8467.13 -26365.7 305.274
3.02 11867.2 2283.4 -23876.7 8149.25 -23876.7 2283.4
3.04 10120.4 4028.83 -21833.1 7474.38 -21833.1 4028.83
3.06 9258.49 5031.43 -20903.7 6776.16 -20903.7 5031.43
3.08 8784.25 5257.4 -20197.8 6179.7 -20197.8 5257.4
3.1 7673.02 5198.16 -18152.9 5552.74 -18152.9 5198.16
3.12 5372.12 5474.56 -14123.3 4696.29 -14123.3 5474.56
3.14 2324.06 6258.94 -9006.54 3512.76 -9006.54 6258.94
3.16 -510.585 7144.57 -4293.53 1992.82 -4293.53 7144.57
3.18 -2638.45 7686.25 -595.732 94.4648 -595.732 7686.25
3.2 -4519.85 7952.06 2886.29 -2275.24 2886.29 7952.06
3.22 -7032.47 8337.89 7485.5 -5061.55 7485.5 8337.89
3.24 -10436.8 8901.51 13610 -7886.93 13610 8901.51
3.26 -13956 9167.71 20119.9 -10254.3 20119.9 9167.71
3.28 -16469.6 8679.23 25246.9 -11973.9 25246.9 8679.23
3.3 -17555.3 7520.28 28160.9 -13246.3 28160.9 7520.28
3.32 -17733.7 6158.49 29518.3 -14298.3 29518.3 6158.49
3.34 -17770.7 4929.09 30512.9 -15104.7 30512.9 4929.09
3.36 -17930.9 3827.98 31627.9 -15498.4 31627.9 3827.98
3.38 -17891.4 2710.42 32351.7 -15384.2 32351.7 2710.42
3.4 -17155.4 1519.63 31806.4 -14783.9 31806.4 1519.63
3.42 -15432.5 294.467 29441.7 -13758.5 29441.7 294.467
3.44 -12740.9 -976.842 25294.7 -12291.3 25294.7 -976.842
3.46 -9325.61 -2439.16 19881.4 -10211.9 19881.4 -2439.16
3.48 -5527.28 -4246.23 13902.6 -7329.34 13902.6 -4246.23
3.5 -1652.06 -6336.43 7887.74 -3717.45 7887.74 -6336.43
3.52 2123.31 -8375.81 1979.54 210.174 1979.54 -8375.81
3.54 5759.79 -9960.5 -3973.39 3964.21 -3973.39 -9960.5
3.56 9286.97 -10877 -10137.2 7284.36 -10137.2 -10877
3.58 12720.2 -11202.4 -16486.7 10218.6 -16486.7 -11202.4
3.6 15985.6 -11224 -22725.2 12995.3 -22725.2 -11224
3.62 18850.3 -11243.5 -28263 15786 -28263 -11243.5
3.64 20944 -11328 -32376.1 18482.3 -32376.1 -11328
3.66 21983.3 -11204.5 -34672.9 20694.8 -34672.9 -11204.5
3.68 22086.5 -10536.8 -35527.6 22058.4 -35527.6 -10536.8
3.7 21807.3 -9411.99 -35877.5 22557 -35877.5 -9411.99
3.72 21694.9 -8421.78 -36369 22495.9 -36369 -8421.78
3.74 21751.9 -8065.29 -36712.2 22137.6 -36712.2 -8065.29
3.76 21385.9 -8100.4 -35976.4 21404.4 -35976.4 -8100.4
3.78 19909 -7669.62 -33432.2 19943.2 -33432.2 -7669.62
3.8 17049.7 -6111.44 -28993.1 17437.7 -28993.1 -6111.44
3.82 13062.6 -3550.38 -23043.4 13871.5 -23043.4 -3550.38
3.84 8504.55 -713.266 -16147.3 9565.28 -16147.3 -713.266
3.86 3911.04 1678.26 -8852.02 4987.4 -8852.02 1678.26
3.88 -465.617 3349.43 -1484.03 472.55 -1484.03 3349.43
3.9 -4677.11 4554.25 5868.47 -3916.99 5868.47 4554.25
3.92 -8811.45 5835.84 13022.5 -8252.99 13022.5 5835.84
3.94 -12725.7 7532.74 19488.6 -12471.4 19488.6 7532.74
3.96 -16100 9358.48 24821.3 -16247.3 24821.3 9358.48
3.98 -18715.3 10536.2 29079 -19131.5 29079 10536.2
4 -20590.1 10458.2 32686.2 -20830.1 32686.2 10458.2
4.02 -21841.6 9199.82 35838.1 -21403.9 35838.1 9199.82
4.04 -22455.9 7381.23 38145.3 -21204.7 38145.3 7381.23
4.06 -22180.9 5596.85 38791.9 -20557 38791.9 5596.85
4.08 -20629.9 3999.9 36975.4 -19463 36975.4 3999.9
4.1 -17568.8 2383.87 32369.8 -17657.1 32369.8 2383.87
4.12 -13186 621.509 25368.5 -14967.1 25368.5 621.509
4.14 -8060.8 -1036.48 16871.4 -11551.6 16871.4 -1036.48
4.16 -2821.35 -2165.49 7779.67 -7764.29 7779.67 -2165.49
4.18 2143.32 -2605.05 -1281.96 -3917.34 -1281.96 -2605.05
4.2 6662.94 -2542.58 -9873.64 -236.442 -9873.64 -2542.58
4.22 10651.3 -2204.91 -17679.4 3125.52 -17679.4 -2204.91
4.24 14113.2 -1702.51 -24638.5 6198.74 -24638.5 -1702.51
4.26 17190.3 -1209.58 -30930.2 9231.29 -30930.2 -1209.58
4.28 20049 -1012.67 -36703.5 12459.6 -36703.5 -1012.67
4.3 22715.3 -1217.09 -41924.6 15859.8 -41924.6 -1217.09
4.32 25046 -1587.96 -46436.3 19162 -46436.3 -1587.96
4.34 26769.8 -1825.98 -49887.5 21998 -49887.5 -1825.98
4.36 27515.1 -1871.06 -51587.3 23993.2 -51587.3 -1871.06
4.38 26946.8 -1860.61 -50779.8 24883.2 -50779.8 -1860.61
4.4 25006.2 -1932.32 -47238.3 24635.5 -47238.3 -1932.32
4.42 21954.7 -2086.24 -41449.4 23327.1 -41449.4 -2086.24
4.44 18116.9 -2036.51 -34203.7 20874.4 -34203.7 -2036.51
4.46 13645.3 -1145.33 -26189.3 17039.8 -26189.3 -1145.33
4.48 8582.02 1271.05 -17936.4 11741.8 -17936.4 1271.05
4.5 3053.26 5369.76 -9826.95 5254.12 -9826.95 5369.76
4.52 -2726.42 10500.4 -1904.74 -1868.42 -1904.74 10500.4
4.54 -8646.51 15544 6287.68 -8987.59 6287.68 15544
4.56 -14775.2 19584.7 15434.1 -15619.4 15434.1 19584.7
4.58 -21168.7 22375.4 25806.9 -21643.6 25806.9 22375.4
4.6 -27689.9 24310.4 36933.7 -27285.3 36933.7 24310.4
4.62 -34087.4 25967.8 47995.7 -32774.9 47995.7 25967.8
4.64 -40164 27551.4 58469.7 -37948.1 58469.7 27551.4
4.66 -45742.2 28693.5 68214.9 -42204 68214.9 28693.5
4.68 -50455.5 28811.7 76904.7 -44907.7 76904.7 28811.7
4.7 -53639.7 27606.9 83528.3 -45793.2 83528.3 27606.9
4.72 -54561.8 25127 86743.7 -44949.8 86743.7 25127
4.74 -52932.2 21436.4 85990.3 -42560 85990.3 21436.4
4.76 -49220.1 16429.7 82188 -38739 82188 16429.7
4.78 -44311.5 9997.99 77022.7 -33501.9 77022.7 9997.99
4.8 -38773 2262.01 71453.3 -26829.1 71453.3 2262.01
4.82 -32543.2 -6325.65 65081.1 -18913.1 65081.1 -6325.65
4.84 -25378.7 -14972 56971.8 -10358.3 56971.8 -14972
4.86 -17461.5 -22697.8 46862.6 -1954.62 46862.6 -22697.8
4.88 -9439.94 -28745.5 35477.2 5793.92 35477.2 -28745.5
4.9 -1875.3 -33000 23781.1 12855 23781.1 -33000
4.92 5293.86 -36073 12066.5 19519.3 12066.5 -36073
4.94 12693.6 -39043.6 -118.427 26223.5 -118.427 -39043.6
4.96 20862.7 -43008.9 -13074.6 33352.6 -13074.6 -43008.9
4.98 29595.4 -48496.9 -26092.4 40915.7 -26092.4 -48496.9
5 37913.7 -54972.3 -37682.4 48353.3 -37682.4 -54972.3
5.02 44708.8 -60950.1 -46695.9 54760.1 -46695.9 -60950.1
5.04 49448.3 -64831.3 -53131.7 59329.5 -53131.7 -64831.3
5.06 52354 -65792.5 -57910 61653.4 -57910 -65792.5
5.08 54024.2 -63990.8 -62041.3 61777.8 -62041.3 -63990.8
5.1 54921.5 -60082.6 -65983.8 60061.7 -65983.8 -60082.6
5.12 55116.9 -54582.4 -69562.5 56860.9 -69562.5 -54582.4
5.14 54383.8 -47498.1 -72345.4 52215 -72345.4 -47498.1
5.16 52439.8 -38406.1 -74049.5 45838.6 -74049.5 -38406.1
5.18 49034.3 -26883.9 -74473.8 37424.8 -74473.8 -26883.9
5.2 43809.3 -12897.9 -73020.3 26910.6 -73020.3 -12897.9
5.22 36217.8 3283.55 -68565.8 14451.7 -68565.8 3283.55
5.24 25775.8 21511.7 -60157.9 239.867 -60157.9 21511.7
5.26 12518.6 41825.6 -47906.6 -15515.7 -47906.6 41825.6
5.28 -2721.47 63786 -33104.9 -32283.3 -33104.9 63786
5.3 -18442.3 85640.3 -17474.9 -48807.4 -17474.9 85640.3
5.32 -33004.5 104342 -2190.54 -63164.1 -2190.54 104342
5.34 -45395.8 116780 12782.9 -73561.6 12782.9 116780
5.36 -55743 121321 28708.2 -79377.7 28708.2 121321
5.38 -64989.6 118373 47175.3 -81550.5 47175.3 118373
5.4 -73822.9 109663 68547.1 -81893.4 68547.1 109663
5.42 -81833.3 97189.5 90937.5 -81682.5 90937.5 97189.5
5.44 -87845 82947.2 110887 -80758 110887 82947.2
5.46 -91127.4 69423 125367 -78355 125367 69423
5.48 -91947.3 59260.2 133214 -74697.6 133214 59260.2
5.5 -90570.6 53098.8 134666 -70866.1 134666 53098.8
5.52 -86035.2 47892.7 129957 -66860.2 129957 47892.7
5.54 -76582.3 38739.7 118812 -60739.6 118812 38739.7
5.56 -61417.2 22916.2 101259 -50375.5 101259 22916.2
5.58 -41664.8 1649.79 78489 -35736.8 78489 1649.79
5.6 -19552.6 -21724 52586 -19080.7 52586 -21724
5.62 2860.53 -44013.7 25477.7 -3238.98 25477.7 -44013.7
5.64 23914.7 -62424.3 -1507.78 9919.83 -1507.78 -62424.3
5.66 41865.3 -74333 -26925.6 19829 -26925.6 -74333
5.68 55005.5 -78421.9 -48613.2 26938.7 -48613.2 -78421.9
5.7 62657.5 -75984.7 -64583.4 32445.3 -64583.4 -75984.7
5.72 65840.4 -70398.6 -74603.6 37945 -74603.6 -70398.6
5.74 66602.1 -65071.6 -80323.5 44762.9 -80323.5 -65071.6
5.76 66516.5 -61805 -83512.6 53178.2 -83512.6 -61805
5.78 65706.2 -60657.6 -84270.2 62131.7 -84270.2 -60657.6
5.8 63068.2 -60828.3 -80906.3 69779.1 -80906.3 -60828.3
5.82 57241.3 -61482.7 -71310.3 74581.8 -71310.3 -61482.7
5.84 47468.2 -61882 -54512.3 76091.4 -54512.3 -61882
5.86 33898.5 -61076.2 -31372.6 74713.5 -31372.6 -61076.2
5.88 17441.5 -58012.6 -4125.38 70692.8 -4125.38 -58012.6
5.9 -518.157 -52376.4 24705.7 63596 24705.7 -52376.4
5.92 -18393.5 -45228.4 53087.5 53121 53087.5 -45228.4
5.94 -34667.2 -38380.8 79414.3 40180.5 79414.3 -38380.8
5.96 -48123.1 -32988.1 102033 26555 102033 -32988.1
5.98 -58047.7 -28735 119257 13269.3 119257 -28735
6 -64456.3 -23959.5 130003 -450.188 130003 -23959.5
6.02 -68125.6 -16101.3 134115 -16552.7 134115 -16101.3
6.04 -70139.7 -2525.77 131929 -36577.1 131929 -2525.77
6.06 -71152.1 17733.6 123906 -60290.1 123906 17733.6
6.08 -70845.5 42049.2 110869 -85096.1 110869 42049.2
6.1 -67773.6 64121.2 93852.6 -106404 93852.6 64121.2
6.12 -59852.7 76865.6 73249.9 -119263 73249.9 76865.6
6.14 -45934.7 76846.6 48920.4 -120970 48920.4 76846.6
6.16 -27451.7 67062.9 21525.4 -112844 21525.4 67062.9
6.18 -7788.54 55611.4 -7697.01 -99207.3 -7697.01 55611.4
6.2 10833.1 50639.2 -39554.9 -84213.2 -39554.9 50639.2
6.22 29601.3 55086.9 -77901.3 -69546.5 -77901.3 55086.9
6.24 51754.2 65243.1 -126133 -54900.5 -126133 65243.1
6.26 78171.7 74268.2 -181229 -39642 -181229 74268.2
6.28 104490 77120.1 -231644 -22508.4 -231644 77120.1
6.3 123232 72394.4 -262667 12.756 -262667 72394.4
6.32 129449 60177.2 -265810 31280.4 -265810 60177.2
6.34 125487 40497.1 -246304 70549.5 -246304 40497.1
6.36 120721 14915.9 -222304 114453 -222304 14915.9
6.38 123233 -12367.9 -211535 159404 -211535 -12367.9
6.4 131908 -36072.2 -215411 200899 -215411 -36072.2
6.42 139210 -52168.2 -221192 233422 -221192 -52168.2
6.44 140488 -59433.7 -220741 252408 -220741 -59433.7
6.46 138570 -60317.6 -219999 255044 -219999 -60317.6
6.48 137083 -59830.3 -222580 240279 -222580 -59830.3
6.5 131055 -61776.4 -215214 210914 -215214 -61776.4
6.52 110062 -65849.9 -177654 174840 -177654 -65849.9
6.54 70261.4 -68490.7 -104156 143092 -104156 -68490.7
6.56 19601.9 -66572.4 -11876 123778 -11876 -66572.4
6.58 -27063.9 -60684 71500.4 116430 71500.4 -60684
6.6 -58223.2 -53771 125783 113915 125783 -53771
6.62 -73235.2 -46703.7 150119 107575 150119 -46703.7
6.64 -80000.7 -37301.9 158211 89786 158211 -37301.9
6.66 -85458.5 -24273.7 162192 56219.8 162192 -24273.7
6.68 -90174.4 -10571.4 164030 8570.25 164030 -10571.4
6.7 -91541.1 -1490.46 161208 -46208.9 161208 -1490.46
6.72 -89329 348.823 155204 -100530 155204 348.823
6.74 -87157.2 -2825.92 153137 -149029 153137 -2825.92
6.76 -89808.4 -6166.91 162286 -186974 162286 -6166.91
6.78 -99769.7 -5362.3 183444 -208943 183444 -5362.3
6.8 -115458 1100.13 210892 -213327 210892 1100.13
6.82 -132436 11759.6 236999 -205665 236999 11759.6
6.84 -145387 24440.8 256297 -193682 256297 24440.8
6.86 -149575 38520.1 262921 -180228 262921 38520.1
6.88 -142679 53550 248634 -166023 248634 53550
6.9 -125020 66383.2 212857 -156715 212857 66383.2
6.92 -99540.1 73615.7 162961 -155596 162961 73615.7
6.94 -70762.7 74211.4 107870 -158565 107870 74211.4
6.96 -42864.5 68599.2 56431.3 -161797 56431.3 68599.2
6.98 -18695.5 59499.2 13195.2 -162348 13195.2 59499.2
7 979.347 52048.3 -23324.9 -155351 -23324.9 52048.3
7.02 17357 49427.7 -56719.7 -137198 -56719.7 49427.7
7.04 32139.6 50598.6 -87951.9 -106059 -87951.9 50598.6
7.06 46110.3 52630.5 -115530 -60048.2 -115530 52630.5
7.08 59449.3 51896.1 -137685 -976.183 -137685 51896.1
7.1 72122.5 45171.5 -153989 62497.9 -153989 45171.5
7.12 83556.8 31875.7 -165240 118747 -165240 31875.7
7.14 93025.9 13847.7 -171733 158589 -171733 13847.7
7.16 100380 -6544.51 -172903 178206 -172903 -6544.51
7.18 105552 -26731.7 -169866 179819 -169866 -26731.7
7.2 108000 -44050.9 -166371 168398 -166371 -44050.9
7.22 107772 -56196.1 -163586 148713 -163586 -56196.1
7.24 105070 -61016.5 -161440 126344 -161440 -61016.5
7.26 99020.9 -57658.7 -158132 107221 -158132 -57658.7
7.28 87696.5 -47966.6 -147148 95876.9 -147148 -47966.6
7.3 69439.8 -36243.5 -121899 94223.4 -121899 -36243.5
7.32 45075.8 -27982.4 -80175.3 99963.4 -80175.3 -27982.4
7.34 18120.4 -27266 -26694.7 107702 -26694.7 -27266
7.36 -7233.3 -34563.4 29812.2 111943 29812.2 -34563.4
7.38 -28286.7 -47431.6 81674 107276 81674 -47431.6
7.4 -44128.4 -62558.8 124656 87802 124656 -62558.8
7.42 -54899.7 -76366.9 156532 50707.5 156532 -76366.9
7.44 -61429.1 -85052.4 175959 695.275 175959 -85052.4
7.46 -65072.8 -85650.2 183129 -51603.9 183129 -85650.2
7.48 -67165.9 -77293 180236 -96333.3 180236 -77293
7.5 -68541.4 -61349.5 170699 -128790 170699 -61349.5
7.52 -69627.3 -40568.2 158149 -148234 158149 -40568.2
7.54 -70918.5 -17921.1 146311 -155111 146311 -17921.1
7.56 -73175.5 4277.85 138609 -150629 138609 4277.85
7.58 -76920.7 24441.9 136507 -138002 136507 24441.9
7.6 -81086 41277.7 137961 -122150 137961 41277.7
7.62 -81945.9 53729.4 135598 -107298 135598 53729.4
7.64 -74593.2 61357.5 119095 -95404.1 119095 61357.5
7.66 -56934 64661 83410.4 -86701.6 83410.4 64661
7.68 -32211.3 64975.2 34060.9 -80749.4 34060.9 64975.2
7.7 -6693.84 63968.9 -17099.8 -76692.2 -17099.8 63968.9
7.72 14977.7 63077 -61168.7 -72462.3 -61168.7 63077
7.74 31850.7 62884.7 -96212.1 -63627.7 -96212.1 62884.7
7.76 45033.5 62855.3 -123947 -43999.4 -123947 62855.3
7.78 55413.9 61492.3 -145082 -9709.45 -145082 61492.3
7.8 63120.1 56573.8 -158096 36052.5 -158096 56573.8
7.82 68119.5 46312.9 -161312 83702.1 -161312 46312.9
7.84 70786.1 30914.1 -155537 123475 -155537 30914.1
7.86 72162.8 12351.7 -144555 149921 -144555 12351.7
7.88 73677.6 -7093.94 -133224 161218 -133224 -7093.94
7.9 76405.1 -25585 -125358 157572 -125358 -25585
7.92 80364.1 -41840.2 -122608 141636 -122608 -41840.2
7.94 84414.3 -55296.3 -123263 118774 -123263 -55296.3
7.96 85867.9 -65771.6 -121933 95318.5 -121933 -65771.6
7.98 80516 -72778 -110315 76214.1 -110315 -72778
8 65220.4 -75725 -81743.5 63952.4 -81743.5 -75725
8.02 41410.4 -75104.1 -37835.3 58399 -37835.3 -75104.1
8.04 15108.9 -72925.2 11568.2 57177.1 11568.2 -72925.2
8.06 -7400.9 -71346.5 55666.6 56932.3 55666.6 -71346.5
8.08 -23510.6 -71229.1 89527.1 54030.7 89527.1 -71229.1
8.1 -34246.5 -72075.3 114181 44094.5 114181 -72075.3
8.12 -41721 -72582.7 132152 23287 132152 -72582.7
8.14 -47267.6 -71036.8 144049 -7915 144049 -71036.8
8.16 -51475.8 -65617.5 148989 -43447.5 148989 -65617.5
8.18 -55140.7 -55041.9 147330 -75916.4 147330 -55041.9
8.2 -59675.9 -39192.3 142294 -101474 142294 -39192.3
8.22 -66526.5 -18749.9 138360 -119647 138360 -18749.9
8.24 -76084.5 5581.48 138002 -129997 138002 5581.48
8.26 -86958.5 32800.6 139954 -131030 139954 32800.6
8.28 -96207 60616 140243 -122119 140243 60616
8.3 -100551 85414.2 134539 -105267 134539 85414.2
8.32 -97623.1 103477 119870 -84877.3 119870 103477
8.34 -86944.6 112424 95965.1 -66193 95965.1 112424
8.36 -70431.7 112024 66068.7 -53415.7 66068.7 112024
8.38 -51460.4 104044 35387 -48323.8 35387 104044
8.4 -32855.4 91353.7 7672.3 -50195.3 7672.3 91353.7
8.42 -15832.5 77186.9 -16510.3 -56697.4 -16510.3 77186.9
8.44 -774.217 65013.1 -38319.5 -64154.9 -38319.5 65013.1
8.46 11845.1 58209.5 -58800 -66754.1 -58800 58209.5
8.48 21674.5 58675.1 -78552.2 -57212.1 -78552.2 58675.1
8.5 29191.8 64488.8 -97309.4 -31358.9 -97309.4 64488.8
8.52 35720.7 69089.5 -112965 6617.19 -112965 69089.5
8.54 42526.3 64887.9 -122369 45286.8 -122369 64887.9
8.56 49955.2 48667.2 -123980 73955.4 -123980 48667.2
8.58 57507.2 22817.5 -119098 88783.8 -119098 22817.5
8.6 64486.3 -7969.39 -110353 91268.9 -110353 -7969.39
8.62 70235.8 -39441 -99885.6 83983.7 -99885.6 -39441
8.64 73931.8 -67691.8 -88970.3 69827.7 -88970.3 -67691.8
8.66 74329 -88689.2 -77859 53331 -77859 -88689.2
8.68 69797 -99387.7 -65127.8 39897.3 -65127.8 -99387.7
8.7 59279.3 -99374.6 -48287 33314.1 -48287 -99374.6
8.72 43611.6 -91212.7 -26324.1 34234.9 -26324.1 -91212.7
8.74 25571.1 -79240.4 -1114.71 40516.4 -1114.71 -79240.4
8.76 8232.78 -67754.7 24319.9 48796.1 24319.9 -67754.7
8.78 -6645.56 -59640.1 48090.8 56096.6 48090.8 -59640.1
8.8 -18672.5 -56219.1 69711.3 60077.6 69711.3 -56219.1
8.82 -28000.6 -57869.4 89241.5 58115.9 89241.5 -57869.4
8.84 -35031.2 -63882.6 106834 47087.3 106834 -63882.6
8.86 -40589 -71413.7 122269 25314.3 122269 -71413.7
8.88 -45779.5 -75218.7 134206 -4436.42 134206 -75218.7
8.9 -51472 -69819.8 140584 -34870.2 140584 -69819.8
8.92 -57837.7 -53235.8 140575 -58812.7 140575 -53235.8
8.94 -64390.7 -28188.9 135633 -73583.1 135633 -28188.9
8.96 -70366.5 788.475 127934 -79877 127934 788.475
8.98 -74831.7 30164.3 118284 -78392.2 118284 30164.3
9 -76537.7 57067.6 105852 -70053.2 105852 57067.6
9.02 -73961.2 78141 89532.1 -58372.5 89532.1 78141
9.04 -66231.4 90339.8 69359.6 -48840.6 69359.6 90339.8
9.06 -54236.5 92618.8 47292.5 -45376.1 47292.5 92618.8
9.08 -40200.4 86485.3 26209.9 -48021 26209.9 86485.3
9.1 -25881.4 75298.8 7097.7 -53963.3 7097.7 75298.8
9.12 -11473.4 63124.1 -12160 -60056.3 -12160 63124.1
9.14 3451.33 53709.9 -34423 -64014.4 -34423 53709.9
9.16 18331.6 49653.6 -59975.1 -63710.6 -59975.1 49653.6
9.18 31348.2 51658.4 -85849.8 -56237.2 -85849.8 51658.4
9.2 40706.1 58081.2 -107956 -38504.4 -107956 58081.2
9.22 46124.9 65047.3 -123502 -10011.5 -123502 65047.3
9.24 49164.4 67613.3 -131894 24167.6 -131894 67613.3
9.26 51995.7 62391 -134308 54551.6 -134308 62391
9.28 55747.3 49818.4 -132789 73351.6 -132789 49818.4
9.3 60146.8 33082.7 -129249 79431 -129249 33082.7
9.32 64644.1 14585.1 -124942 77114.3 -124942 14585.1
9.34 69190.3 -5456.24 -120687 71626.8 -120687 -5456.24
9.36 73532.2 -26595.9 -116514 66457.5 -116514 -26595.9
9.38 75830.4 -45619.9 -110845 63435.2 -110845 -45619.9
9.4 72784.2 -57765.7 -100090 63253.9 -100090 -57765.7
9.42 62241 -60695.5 -80865.4 65579 -80865.4 -60695.5
9.44 45739.5 -56760.2 -53869.3 69133.6 -53869.3 -56760.2
9.46 27787.2 -51102.3 -24017 72016.5 -24017 -51102.3
9.48 12337.3 -47649.6 3569.56 72449.8 3569.56 -47649.6
9.5 367.478 -47053.4 27005.5 69425.9 27005.5 -47053.4
9.52 -9258.7 -48082.7 47124.7 62473.6 47124.7 -48082.7
9.54 -17597.3 -49926.9 65041.2 51103.7 65041.2 -49926.9
9.56 -24858.2 -52505.9 80996.9 34799.6 80996.9 -52505.9
9.58 -31173.4 -55048.5 94835 13483.6 94835 -55048.5
9.6 -37254.3 -55088 106442 -11662.5 106442 -55088
9.62 -44028.7 -49382.7 115571 -37565.3 115571 -49382.7
9.64 -51806.5 -36198 121787 -60106.4 121787 -36198
9.66 -59962.4 -16566.5 124722 -76096.7 124722 -16566.5
9.68 -67338.1 6624.87 124170 -84246.2 124170 6624.87
9.7 -72721 30036.4 119979 -84708.6 119979 30036.4
9.72 -74990.7 50196.1 112124 -78793.2 112124 50196.1
9.74 -73195.1 63666.7 100921 -69181.3 100921 63666.7
9.76 -66765.7 68236.8 86681.8 -59448.5 86681.8 68236.8
9.78 -55968.8 64336.4 69526.3 -52621 69526.3 64336.4
9.8 -42133.6 55079.6 49838.7 -49768.2 49838.7 55079.6
9.82 -26966.7 44637.3 28081.7 -49602.2 28081.7 44637.3
9.84 -11475.2 36203.9 4094.92 -49217.2 4094.92 36203.9
9.86 4168.51 30993.3 -22575.5 -45167.1 -22575.5 30993.3
9.88 19610.4 28602.4 -51044.6 -34285.4 -51044.6 28602.4
9.9 33574.7 27866.9 -78179.6 -14908.6 -78179.6 27866.9
9.92 44468.3 27360.2 -99874.1 11409.5 -99874.1 27360.2
9.94 51691 25568.9 -113585 39783.3 -113585 25568.9
9.96 56241.3 21059.3 -119845 64633.8 -119845 21059.3
9.98 59999.7 12745.6 -121399 82594.9 -121399 12745.6
10 64320 408.618 -120917 93008.8 -120917 408.618
10.02 69136.9 -14712 -119507 96730.7 -119507 -14712
10.04 73309.3 -30033.3 -117106 95260.6 -117106 -30033.3
10.06 75772.2 -42805.6 -113778 90542.2 -113778 -42805.6
10.08 76355.4 -51491.2 -110168 84730.1 -110168 -51491.2
10.1 75329.2 -56184.4 -106467 79610 -106467 -56184.4
10.12 72096.3 -57856 -100543 75907.1 -100543 -57856
10.14 64887.6 -57231.8 -88136.6 73080.4 -88136.6 -57231.8
10.16 52367.2 -54333 -66429.4 69759.6 -66429.4 -54333
10.18 35426.3 -49019.8 -37181.1 64310.6 -37181.1 -49019.8
10.2 16942.2 -41825 -5667.25 55263.7 -5667.25 -41825
10.22 -178.699 -34009.6 23194.6 41849 23194.6 -34009.6
10.24 -14526.2 -26709.3 47162.8 24579.3 47162.8 -26709.3
10.26 -26226.6 -20209.5 66258.3 5175.05 66258.3 -20209.5
10.28 -36171.4 -14041.6 81527.2 -14442.9 81527.2 -14041.6
10.3 -45236.3 -7516.46 94122.3 -33054.6 94122.3 -7516.46
10.32 -53746.4 -158.672 104573 -49927.3 104573 -158.672
10.34 -61439.7 8198.9 112601 -64131.5 112601 8198.9
10.36 -67959.8 17557.2 117812 -74553.2 117812 17557.2
10.38 -73243.7 27767.2 120421 -80472.8 120421 27767.2
10.4 -77288.2 38334.3 120949 -81882.7 120949 38334.3
10.42 -79597.5 48335.8 119227 -79353.4 119227 48335.8
10.44 -78953.4 56585.5 113745 -73819.3 113745 56585.5
10.46 -73893.6 61894.7 102256 -66506.4 102256 61894.7
10.48 -63568.1 63330.6 83339.1 -58804.1 83339.1 63330.6
10.5 -48521.9 60540.5 57876.6 -51832.7 57876.6 60540.5
10.52 -30761.9 54030.9 29153.3 -45798.3 29153.3 54030.9
10.54 -12594.5 45063.7 706.013 -39561.3 706.013 45063.7
10.56 4687.78 35127.5 -25987.4 -31076.6 -25987.4 35127.5
10.58 20760.3 25439.2 -51066.8 -18803.8 -51066.8 25439.2
10.6 35237.3 16925.3 -74166.1 -2883.84 -74166.1 16925.3
10.62 47396.1 10386.6 -94013.5 15190.3 -94013.5 10386.6
10.64 56933.4 6198.32 -109920 33869.2 -109920 6198.32
10.66 64396.2 3654.25 -122373 52174.7 -122373 3654.25
10.68 70618.5 842.178 -131888 69272.1 -131888 842.178
10.7 75924 -4464.33 -137952 83972.9 -137952 -4464.33
10.72 79889.4 -13442.4 -139325 94823 -139325 -13442.4
10.74 81708.1 -25407.3 -135181 100547 -135181 -25407.3
10.76 80635.6 -38082.9 -125819 100547 -125819 -38082.9
10.78 76436 -48781.4 -112384 95421.8 -112384 -48781.4
10.8 69234.2 -55653.9 -95972.5 86990.8 -95972.5 -55653.9
10.82 58941.6 -58179.7 -76480.4 77390.9 -76480.4 -58179.7
10.84 45383.8 -56681 -53064.7 68204.7 -53064.7 -56681
10.86 28969.5 -51620.3 -26062.4 60208.8 -26062.4 -51620.3
10.88 10975.8 -43709.5 2609.64 53251.7 2609.64 -43709.5
10.9 -6959.93 -34482.5 30841 46189.7 30841 -34482.5
10.92 -23426.3 -26194.5 57386.1 37285.6 57386.1 -26194.5
10.94 -37509.7 -20692.1 81528.9 25060.6 81528.9 -20692.1
10.96 -48939.1 -18129.5 102533 8942.52 102533 -18129.5
10.98 -58062.5 -16727.8 119639 -10797.7 119639 -16727.8
11 -65403.3 -13912.5 132146 -33278.7 132146 -13912.5
11.02 -71133.4 -7984.16 139416 -56672.6 139416 -7984.16
11.04 -75079.8 910.451 141328 -77938.4 141328 910.451
11.06 -77181.4 11128.8 138885 -93685.9 138885 11128.8
11.08 -77728.4 20785.4 133986 -101697 133986 20785.4
11.1 -76984.5 28823.3 128069 -101737 128069 28823.3
11.12 -74685.7 35240 120803 -95301.7 120803 35240
11.14 -69793.2 40571.3 109785 -84881.3 109785 40571.3
11.16 -60743.2 45133.1 91479.5 -73160.5 91479.5 45133.1
11.18 -46645.7 48594.1 63918.9 -62278.8 63918.9 48594.1
11.2 -28523.8 50156.7 29279.4 -53291.2 29279.4 50156.7
11.22 -8925.86 49226.1 -7193.48 -45983.7 -7193.48 49226.1
11.24 9855.89 46024.4 -41145.9 -39064.4 -41145.9 46024.4
11.26 26776.1 41556.4 -71165.2 -30582.6 -71165.2 41556.4
11.28 41418.2 36923.8 -97098 -18583.1 -97098 36923.8
11.3 53281.1 32633.9 -118091 -2030.79 -118091 32633.9
11.32 62024 28521.3 -133043 18667 -133043 28521.3
11.34 67897.3 24223 -141975 42109.3 -141975 24223
11.36 71555.1 19655.9 -146129 66442 -146129 19655.9
11.38 73646.7 15099.5 -147127 89143.5 -147127 15099.5
11.4 74749.2 10877.5 -146463 107029 -146463 10877.5
11.42 75445.5 6819.41 -145280 117460 -145280 6819.41
11.44 76089.4 1916.23 -143847 119717 -143847 1916.23
11.46 76369.6 -5291.17 -140932 115048 -140932 -5291.17
11.48 75138.9 -15572.7 -133697 105694 -133697 -15572.7
11.5 70464.6 -27894.1 -118676 94018.6 -118676 -27894.1
11.52 60504.1 -39441.4 -93703.9 81989.7 -93703.9 -39441.4
11.54 45039.5 -46940.6 -60118.8 70867.8 -60118.8 -46940.6
11.56 25895 -48438.7 -22649.7 61059.8 -22649.7 -48438.7
11.58 5665.18 -44518.7 13969.4 52208.6 13969.4 -44518.7
11.6 -13656.8 -37993.8 47568.3 43428.7 47568.3 -37993.8
11.62 -30733.5 -32090.5 77521.2 33383.4 77521.2 -32090.5
11.64 -44519.1 -28545.5 102712 20448 102712 -28545.5
11.66 -54566.4 -27264.5 121871 3425.86 121871 -27264.5
11.68 -61380 -27508.6 135176 -17631.9 135176 -27508.6
11.7 -65961.1 -28823.4 144225 -41276.3 144225 -28823.4
11.72 -69143 -30488.7 150440 -65129 150440 -30488.7
11.74 -71569 -30550.2 154201 -86502.8 154201 -30550.2
11.76 -73939.5 -26249.4 155383 -102990 155383 -26249.4
11.78 -76800.9 -15842.1 154066 -112914 154066 -15842.1
11.8 -80032.9 -40.3106 150681 -115475 150681 -40.3106
11.82 -82667.8 18215.5 145344 -110742 145344 18215.5
11.84 -83116.9 35348.9 136944 -99788.1 136944 35348.9
11.86 -79204 48698.5 122590 -84874.1 122590 48698.5
11.88 -68851.4 57065.6 98666.4 -69314.7 98666.4 57065.6
11.9 -51842.1 60439.4 64482.4 -56470.7 64482.4 60439.4
11.92 -30695.3 59652 24365.8 -47973.8 24365.8 59652
11.94 -9236.63 56225 -15171.6 -42827.9 -15171.6 56225
11.96 9752.12 52036.7 -49816.9 -38386.7 -49816.9 52036.7
11.98 25413.1 48787.2 -78774.7 -31761.7 -78774.7 48787.2
12 38131.1 47467.5 -103079 -20452.5 -103079 47467.5
12.02 48620.4 47941.2 -123676 -2973.95 -123676 47941.2
12.04 57407.1 48940.2 -140587 20290.3 -140587 48940.2
12.06 64655 48710 -153090 47075.9 -153090 48710
12.08 70389.1 45882.6 -160661 74067.1 -160661 45882.6
12.1 74922 39983.1 -163937 97596.5 -163937 39983.1
12.12 78916.5 31400.5 -164677 114304 -164677 31400.5
12.14 82920.4 20941.4 -164603 122249 -164603 20941.4
12.16 86930.9 9263.42 -164330 121754 -164330 9263.42
12.18 90277.9 -3349.95 -163496 114778 -163496 -3349.95
12.2 91900 -16570.9 -160147 103663 -160147 -16570.9
12.22 90320.3 -29371.4 -151317 90838.7 -151317 -29371.4
12.24 83576.2 -40097.7 -133720 78792.2 -133720 -40097.7
12.26 70412.9 -47320.9 -105209 69580.5 -105209 -47320.9
12.28 51865.6 -50644.1 -67900.5 64209.5 -67900.5 -50644.1
12.3 31045.6 -50989.4 -27376.9 62073.5 -27376.9 -50989.4
12.32 10937.6 -50041.2 11303.5 61217.1 11303.5 -50041.2
12.34 -7237.04 -49136.3 46249.8 59216.3 46249.8 -49136.3
12.36 -23489.6 -48683.8 77390 53388.5 77390 -48683.8
12.38 -37684.2 -48412.7 104103 40943.6 104103 -48412.7
12.4 -49183 -47694.5 124774 20451.3 124774 -47694.5
12.42 -57503.5 -45677.9 138077 -6593.43 138077 -45677.9
12.44 -62903.3 -41590.3 144197 -36118.8 144197 -41590.3
12.46 -66396.2 -35095.2 145052 -63267.7 145052 -35095.2
12.48 -69316.5 -26343.3 143492 -83983 143492 -26343.3
12.5 -72649 -15785 141910 -95934.5 141910 -15785
12.52 -76515.4 -4031.86 141175 -98945.3 141175 -4031.86
12.54 -80247.3 8140.42 140991 -94659.6 140991 8140.42
12.56 -82880.6 19664.9 140437 -85578 140437 19664.9
12.58 -83427.9 29197.4 137958 -74266.6 137958 29197.4
12.6 -80276.5 35477.1 130609 -62986.4 130609 35477.1
12.62 -71079.6 37834.5 113625 -53560.2 113625 37834.5
12.64 -54621 36496.3 83993.9 -47231.4 83993.9 36496.3
12.66 -32791.4 32650.3 44616.1 -44023.6 44616.1 32650.3
12.68 -9798.44 28190.9 2724.34 -42249.9 2724.34 28190.9
12.7 10781.8 24973 -35600.1 -39313.6 -35600.1 24973
12.72 27569.1 24094.2 -68093 -33039 -68093 24094.2
12.74 40584.9 25719.5 -94551 -22199.9 -94551 25719.5
12.76 50208.8 29270.8 -114966 -6565.99 -114966 29270.8
12.78 57054 33738.5 -129690 12922.7 -129690 33738.5
12.8 61945.3 38080.9 -139844 34302.2 -139844 38080.9
12.82 65576.6 41359.1 -146716 55229.1 -146716 41359.1
12.84 68363.2 42366.6 -150992 73520.9 -150992 42366.6
12.86 70570.5 39471.2 -152581 87375.3 -152581 39471.2
12.88 72305.9 31456 -151048 95534.3 -151048 31456
12.9 73167.2 18731.4 -146539 97203.1 -146539 18731.4
12.92 72318.3 3639.07 -138587 92225.4 -138587 3639.07
12.94 68548 -10454.9 -125966 81960.4 -125966 -10454.9
12.96 60221.6 -20759.1 -106689 69259.5 -106689 -20759.1
12.98 46289.9 -26099.9 -78762.3 57323.8 -78762.3 -26099.9
13 27641.7 -26715.7 -43533.9 48600.1 -43533.9 -26715.7
13.02 7078.84 -23796.7 -5728.75 43705.1 -5728.75 -23796.7
13.04 -12326.9 -19322.8 29712.2 41233.6 29712.2 -19322.8
13.06 -28635.2 -15706.9 60272.4 38876.2 60272.4 -15706.9
13.08 -41185 -15033 85563.4 34086.2 85563.4 -15033
13.1 -50221.3 -18087.6 106082 24007.1 106082 -18087.6
13.12 -56608.4 -23753.4 122451 6491.9 122451 -23753.4
13.14 -61347.3 -29595.5 134974 -18028.3 134974 -29595.5
13.16 -65016 -33397.2 143522 -46129.4 143522 -33397.2
13.18 -67794.3 -34088.1 148081 -72930.9 148081 -34088.1
13.2 -69966.1 -31389.4 149377 -94003 149377 -31389.4
13.22 -72031.5 -25305.5 148659 -106524 148659 -25305.5
13.24 -74244.2 -16388.2 146973 -109658 146973 -16388.2
13.26 -76149.9 -6159.83 144949 -104296 144949 -6159.83
13.28 -76577.2 3188.52 141931 -92474.1 141931 3188.52
13.3 -73819.7 9758.3 135236 -76971.8 135236 9758.3
13.32 -65761.3 12810.4 120614 -61057.8 120614 12810.4
13.34 -51029.6 13115.4 94243.1 -47955.1 94243.1 13115.4
13.36 -30730.4 12771.6 56435.7 -39734.9 56435.7 12771.6
13.38 -8362.64 14450.2 12239.6 -36230.8 12239.6 14450.2
13.4 12468.4 20052.8 -32315.2 -35285.5 -32315.2 20052.8
13.42 29997.4 29471.5 -73302.5 -34042.4 -73302.5 29471.5
13.44 44014.6 40662.3 -108535 -29590.6 -108535 40662.3
13.46 54625.2 51016.5 -136182 -19135.5 -136182 51016.5
13.48 61772.1 58745.7 -154841 -1179.52 -154841 58745.7
13.5 65498.7 63347.4 -164319 23018.8 -164319 63347.4
13.52 66276 65116.7 -165906 49797.3 -165906 65116.7
13.54 65222.9 64149.9 -162128 75060.3 -162128 64149.9
13.56 64002.8 59733.8 -156089 95730.9 -156089 59733.8
13.58 64037.1 50968.2 -150247 109783 -150247 50968.2
13.6 65473.1 38123.8 -145523 115763 -145523 38123.8
13.62 67069.2 23139.5 -141135 112869 -141135 23139.5
13.64 67153.9 8553.48 -134915 101924 -134915 8553.48
13.66 64056.7 -4130.73 -123774 85940.9 -123774 -4130.73
13.68 56150.7 -15092.7 -103726 69202.3 -103726 -15092.7
13.7 42699.6 -25138.8 -72292.2 55781.3 -72292.2 -25138.8
13.72 24812.8 -34298.3 -31733.2 48044.9 -31733.2 -34298.3
13.74 5147.54 -41848.6 11954 45471.2 11954 -41848.6
13.76 -13357.8 -47421.1 52559.2 45171.1 52559.2 -47421.1
13.78 -28225.6 -51794.1 85660.6 43794.8 85660.6 -51794.1
13.8 -37836.7 -56581.2 108901 38702 108901 -56581.2
13.82 -42207 -63004.7 122623 27979.8 122623 -63004.7
13.84 -43310.8 -70815.6 129985 10733.9 129985 -70815.6
13.86 -43903.4 -78441.8 135054 -12031.6 135054 -78441.8
13.88 -45779.5 -84142.6 140355 -37221.4 140355 -84142.6
13.9 -49219.8 -86832 146317 -60818.5 146317 -86832
13.92 -53800 -85868.7 152416 -79425.2 152416 -85868.7
13.94 -59261.8 -80569.9 158123 -90961.4 158123 -80569.9
13.96 -65548.2 -70450.6 163025 -94651.8 163025 -70450.6
13.98 -72274.1 -55894.6 166895 -90973.5 166895 -55894.6
14 -78138 -38146.1 168539 -81483.9 168539 -38146.1
14.02 -80714 -18589.6 163591 -68721.9 163591 -18589.6
14.04 -77042 1577.57 146203 -56311.5 146203 1577.57
14.06 -65665.8 20967.4 113783 -48083.3 113783 20967.4
14.08 -48576.1 37617.2 70873.2 -45872.9 70873.2 37617.2
14.1 -30284.1 49358.2 27550.6 -47947.5 27550.6 49358.2
14.12 -14541.4 55014.5 -7975.09 -50282.4 -7975.09 55014.5
14.14 -2240.09 55713.1 -34183.2 -49847.3 -34183.2 55713.1
14.16 7620.75 55191.9 -54611 -46193.6 -54611 55191.9
14.18 16081.2 58028.8 -73333.6 -39963.5 -73333.6 58028.8
14.2 23617.8 66478.5 -92231.3 -30979.1 -92231.3 66478.5
14.22 30361.8 78733.9 -110599 -18139.3 -110599 78733.9
14.24 36113.5 90431 -126122 -654.594 -126122 90431
14.26 40368.6 97707.3 -136455 20436.2 -136455 97707.3
14.28 42838.3 98616.5 -140456 41419.2 -140456 98616.5
14.3 44061.7 92125.3 -138388 57017.5 -138388 92125.3
14.32 45343.6 77059.8 -131701 63365.3 -131701 77059.8
14.34 47949.6 53278.6 -122609 60491.3 -122609 53278.6
14.36 52178.9 23982.4 -113301 52035.9 -113301 23982.4
14.38 56779.8 -4372.73 -105393 42369.6 -105393 -4372.73
14.4 59098.3 -25538.8 -97835.1 34209.7 -97835.1 -25538.8
14.42 56196.4 -37095.2 -86183.1 29165.6 -86183.1 -37095.2
14.44 46681.4 -41203.8 -66004.3 28914.3 -66004.3 -41203.8
14.46 32008.8 -42736.4 -36743.2 34006 -36743.2 -42736.4
14.48 15689.7 -46601 -2076.83 41967 -2076.83 -46601
14.5 875.459 -55537.1 33426.5 48051.2 33426.5 -55537.1
14.52 -11193.2 -69037.1 66618.2 48334.6 66618.2 -69037.1
14.54 -20557.5 -83867.3 94966.1 41935.2 94966.1 -83867.3
14.56 -27248.2 -95970.7 115500 30554.6 115500 -95970.7
14.58 -31093.3 -102512 126032 16335.7 126032 -102512
14.6 -32416.3 -102609 127002 278.839 127002 -102609
14.62 -32485.5 -96392.5 121443 -17135.7 121443 -96392.5
14.64 -33244 -83805.7 113343 -34031.4 113343 -83805.7
14.66 -36411.6 -65101.3 106235 -47039.5 106235 -65101.3
14.68 -42451.1 -42553 102645 -53810.7 102645 -42553
14.7 -49993.6 -20482 103228 -54798.5 103228 -20482
14.72 -56356.8 -2352.65 105349 -52105.6 105349 -2352.65
14.74 -58545.3 11996.7 102820 -47544.1 102820 11996.7
14.76 -54108.7 25434.2 88283.7 -42454.4 88283.7 25434.2
14.78 -42572.3 39981.7 58649.1 -38475.1 58649.1 39981.7
14.8 -26723 54905.7 19336.8 -37027.3 19336.8 54905.7
14.82 -11460.8 68180.1 -18863.1 -37967.6 -18863.1 68180.1
14.84 -270.366 78576.6 -48109.4 -39778.7 -48109.4 78576.6
14.86 6942.51 85807.2 -67884.7 -41134.5 -67884.7 85807.2
14.88 12399.6 89589 -81674.2 -41350.7 -81674.2 89589
14.9 17682.6 89541 -91847.7 -39178.5 -91847.7 89541
14.92 22793.4 85889.8 -98599 -32072.6 -98599 85889.8
14.94 27151.3 79819.1 -102027 -17581 -102027 79819.1
14.96 30780.5 72886.2 -103633 4093.43 -103633 72886.2
14.98 34651 65727.6 -105835 29020.9 -105835 65727.6
15 40074.4 57022.6 -110253 51438 -110253 57022.6
15.02 47523.7 44010.5 -116044 66918.3 -116044 44010.5
15.04 55647.7 24766.5 -119550 73804.9 -119550 24766.5
15.06 61483.3 446.688 -116001 72387.9 -116001 446.688
15.08 61956.1 -24682.1 -101975 64093.7 -101975 -24682.1
15.1 55557.1 -45725.9 -77385.5 51820.5 -77385.5 -45725.9
15.12 43294.4 -60195.6 -45696.8 39924.7 -45696.8 -60195.6
15.14 28345.9 -69021.8 -12356.9 32683.1 -12356.9 -69021.8
15.16 14374.6 -74873.8 17460.9 32142.9 17460.9 -74873.8
15.18 3551.56 -79562.9 40962.8 37142.7 40962.8 -79562.9
15.2 -4256.07 -82936.3 58293.2 44250.1 58293.2 -82936.3
15.22 -10657.2 -83990.4 71574.4 49599.7 71574.4 -83990.4
15.24 -17186.8 -82630.3 83280.1 50012.1 83280.1 -82630.3
15.26 -24332.6 -79992.7 94944.8 42909.9 94944.8 -79992.7
15.28 -31747.4 -77007.7 106768 26320.7 106768 -77007.7
15.3 -39144.4 -72766.6 117969 424.097 117969 -72766.6
15.32 -46742 -64554.2 127239 -30459.6 127239 -64554.2
15.34 -54724 -50084.4 133165 -58772.5 133165 -50084.4
15.36 -62512.6 -29950.8 134883 -78133.3 134883 -29950.8
15.38 -68886.5 -7257.31 132376 -86749.1 132376 -7257.31
15.4 -72638.8 15216.6 125651 -86294 125651 15216.6
15.42 -72959.2 36522.3 113729 -79102.2 113729 36522.3
15.44 -69258.8 56160.3 95364.9 -67822.8 95364.9 56160.3
15.46 -61472.2 72726.6 71015.9 -56423.1 71015.9 72726.6
15.48 -50862.6 84776.7 43880 -49107.4 43880 84776.7
15.5 -39639.9 92058.8 18315.2 -47695.3 18315.2 92058.8
15.52 -29315.1 95031.9 -3131.16 -50940.1 -3131.16 95031.9
15.54 -19643.9 93773.3 -20863.6 -56255 -20863.6 93773.3
15.56 -9328.95 88364.8 -37098 -60883.8 -37098 88364.8
15.58 2544.71 80182 -54204.1 -61407.7 -54204.1 80182
15.6 15692.9 71751.9 -73352.7 -53766.8 -73352.7 71751.9
15.62 28757.2 64838.8 -93442.6 -35250.4 -93442.6 64838.8
15.64 40074.9 58924 -111207 -7054.82 -111207 58924
15.66 48718.9 51449.7 -123100 25209.5 -123100 51449.7
15.68 55023.6 39611 -127626 54305.9 -127626 39611
15.7 59994.7 22516.1 -125988 75226.5 -125988 22516.1
15.72 64287.5 1812.01 -120633 86373.4 -120633 1812.01
15.74 67867.1 -19692.1 -113554 88129.1 -113554 -19692.1
15.76 70450.8 -39740.8 -105773 82110.5 -105773 -39740.8
15.78 71831.7 -57144.3 -97767.2 71660.1 -97767.2 -57144.3
15.8 71494.8 -71109.9 -89163.2 61302.5 -89163.2 -71109.9
15.82 68187 -80462.3 -78174.8 54812.4 -78174.8 -80462.3
15.84 60463.3 -83792.8 -62640.5 53546.2 -62640.5 -83792.8
15.86 47947.7 -80508.4 -41915.5 55985 -41915.5 -80508.4
15.88 31897 -71677.5 -17521.8 58627.9 -17521.8 -71677.5
15.9 14492 -59876.4 8101.22 57916.2 8101.22 -59876.4
15.92 -2218.9 -48196 32960.4 51732.8 32960.4 -48196
15.94 -16815.8 -38914.2 55632 39373.9 55632 -38914.2
15.96 -28545.3 -32384.3 74652.9 21215.4 74652.9 -32384.3
15.98 -37347.4 -26927.2 88494.8 -854.485 88494.8 -26927.2
16 -43820.2 -20292.5 96542.1 -23624.7 96542.1 -20292.5
16.02 -48893.4 -11565.5 99936.2 -44005.1 99936.2 -11565.5
16.04 -53388.5 -1509.98 101011 -59903.4 101011 -1509.98
16.06 -57806.4 8723.37 101839 -70027 101839 8723.37
16.08 -62358.9 18846.8 103327 -74157 103327 18846.8
16.1 -66984 29567.6 105170 -73732.2 105170 29567.6
16.12 -71057.5 41586.5 105943 -71051.6 105943 41586.5
16.14 -73067.9 54132.4 103169 -67563.4 103169 54132.4
16.16 -70751.5 64411.6 93927.1 -63363.6 93927.1 64411.6
16.18 -62174.1 69009.5 76253.4 -58205.1 76253.4 69009.5
16.2 -47457.3 66280.2 51071.8 -52398.7 51071.8 66280.2
16.22 -29328.6 57450.6 22670.7 -46570.4 22670.7 57450.6
16.24 -11399.9 45504.7 -3913.11 -40825.4 -3913.11 45504.7
16.26 4240.98 33115.8 -26234.7 -34313.4 -26234.7 33115.8
16.28 17622.3 21568.1 -44952.7 -25544.1 -44952.7 21568.1
16.3 29532.7 11226.2 -61579.3 -13231.4 -61579.3 11226.2
16.32 40165.1 2431.7 -76527.4 2896.15 -76527.4 2431.7
16.34 48983.4 -4363.73 -89029.5 21909.2 -89029.5 -4363.73
16.36 55416.7 -9255.49 -98056.7 42048.8 -98056.7 -9255.49
16.38 59570.6 -13429.7 -103204 61122.5 -103204 -13429.7
16.4 62404.1 -18794.7 -105141 76816.2 -105141 -18794.7
16.42 65092.5 -26834.1 -105171 87164.7 -105171 -26834.1
16.44 67977.6 -37560.7 -104024 91115.8 -104024 -37560.7
16.46 70039.9 -49262.7 -101021 88895.6 -101021 -49262.7
16.48 69520.6 -59145.3 -94672.3 81995.8 -94672.3 -59145.3
16.5 65065 -64509.6 -84020.4 72671.7 -84020.4 -64509.6
16.52 56363 -63843.3 -69180.8 63081.5 -69180.8 -63843.3
16.54 44179 -57292.3 -51187.1 54586.5 -51187.1 -57292.3
16.56 29938.2 -46410 -31538.8 47494.7 -31538.8 -46410
16.58 15039.7 -33513.6 -11347 41030.7 -11347 -33513.6
16.6 385.672 -20909.4 9119.83 33587.3 9119.83 -20909.4
16.62 -13484.5 -10173.1 29723.1 23570.6 29723.1 -10173.1
16.64 -26083.4 -1831.1 49595.3 10302 49595.3 -1831.1
16.66 -37105.7 4435.19 67576.1 -5917.98 67576.1 4435.19
16.68 -46674.8 9374.13 83145.1 -24243.9 83145.1 9374.13
16.7 -55058.4 13836.8 96231.3 -43316.1 96231.3 13836.8
16.72 -62145.3 18535.7 106335 -61119.6 106335 18535.7
16.74 -67468.1 23851.3 112571 -75442.9 112571 23851.3
16.76 -70740.2 29759.4 114648 -84733.4 114648 29759.4
16.78 -72129.7 35893 113308 -88538 113308 35893
16.8 -71894.2 41649.1 109571 -87312.6 109571 41649.1
16.82 -69778.1 46237.9 103507 -82017.7 103507 46237.9
16.84 -64985.1 48775.7 94034.2 -73843.1 94034.2 48775.7
16.86 -56812.4 48492.3 79995.3 -64059 79995.3 48492.3
16.88 -45442.7 45026.4 61557.4 -53880.8 61557.4 45026.4
16.9 -32100.4 38665.3 40577.5 -44172.9 40577.5 38665.3
16.92 -18125.1 30268.7 19064.9 -35002.9 19064.9 30268.7
16.94 -4023.98 20879.5 -2474.79 -25639.7 -2474.79 20879.5
16.96 10231.7 11347.8 -24402.2 -15232.8 -24402.2 11347.8
16.98 24108 2276.26 -45907.4 -3290.06 -45907.4 2276.26
17 36293.3 -5867.85 -64688 10525.5 -64688 -5867.85
17.02 45730.5 -12796 -78865.3 26430.9 -78865.3 -12796
17.04 52511.8 -18563 -88540 43958.8 -88540 -18563
17.06 57562.8 -23574.9 -95187.9 61603.8 -95187.9 -23574.9
17.08 61620.1 -28359.5 -99920.6 77190.6 -99920.6 -28359.5
17.1 64675.6 -33238.3 -102641 88567.9 -102641 -33238.3
17.12 66322.4 -38086.5 -102764 94268.2 -102764 -38086.5
17.14 66427.3 -42348.4 -100423 93997.4 -100423 -42348.4
17.16 65308.7 -45293 -96656 88664.2 -96656 -45293
17.18 63230 -46274.1 -92335.4 79838.5 -92335.4 -46274.1
17.2 59775 -44827.8 -86940.7 69040.2 -86940.7 -44827.8
17.22 53808.1 -40680.1 -78396.6 57381.6 -78396.6 -40680.1
17.24 44300.3 -33846.6 -64570.1 45556.1 -64570.1 -33846.6
17.26 31388.2 -24789.2 -45304.4 33837.2 -45304.4 -24789.2
17.28 16561.8 -14432.7 -22877.3 22157.9 -22877.3 -14432.7
17.3 1727.71 -3920.84 -373.389 10371.9 -373.389 -3920.84
17.32 -11920.2 5827.49 20289.9 -1708.87 20289.9 5827.49
17.34 -24172 14455.3 38764.9 -14476.6 38764.9 14455.3
17.36 -35187.7 22069.2 55199.6 -28199.6 55199.6 22069.2
17.38 -44797.8 28721.6 69221.8 -42322.5 69221.8 28721.6
17.4 -52417.9 33982.4 80041.5 -55429.1 80041.5 33982.4
17.42 -57589.1 37178.5 87331.6 -66054.4 87331.6 37178.5
17.44 -60541.2 38208.3 91756.8 -73377.2 91756.8 38208.3
17.46 -62093.6 38028.2 94428.7 -77215.5 94428.7 38028.2
17.48 -62873.3 38065.6 95754.7 -77684.9 95754.7 38065.6
17.5 -62660.2 38999.7 94941.2 -74964.9 94941.2 38999.7
17.52 -60574.4 40125.5 90717.6 -69234 90717.6 40125.5
17.54 -55915.7 39930.3 82529.7 -60718 82529.7 39930.3
17.56 -48678.2 37243.2 70844.4 -49791.1 70844.4 37243.2
17.58 -39216.1 31828.8 56270.7 -37076.6 56270.7 31828.8
17.6 -27784.1 24073.1 39017.4 -23539 39017.4 24073.1
17.62 -14623.5 14356.1 19487.1 -10303.3 19487.1 14356.1
17.64 -306.673 2876.83 -1111.56 1991.34 -1111.56 2876.83
17.66 14180.2 -9942.94 -21046.2 13628.1 -21046.2 -9942.94
17.68 27644 -23007.2 -38749.7 25308.8 -38749.7 -23007.2
17.7 39023.4 -34644.8 -53278 37286.7 -53278 -34644.8
17.72 47796.1 -43356 -64547.9 49162.9 -64547.9 -43356
17.74 54186.5 -48641.7 -73255.6 60258.6 -73255.6 -48641.7
17.76 58881.3 -51178 -80288.2 69874.7 -80288.2 -51178
17.78 62441.2 -52205.9 -86004.2 77315.9 -86004.2 -52205.9
17.8 64927.2 -52721.5 -90010.5 81945.3 -90010.5 -52721.5
17.82 65968.2 -53041 -91530.2 83312 -91530.2 -53041
17.84 65090.3 -52818.1 -89973.2 81228.4 -89973.2 -52818.1
17.86 61975.1 -51282.8 -85239.8 75721.1 -85239.8 -51282.8
17.88 56467.3 -47523.8 -77518.6 66882.3 -77518.6 -47523.8
17.9 48374.5 -40781.7 -66748.7 54780.9 -66748.7 -40781.7
17.92 37398.5 -30741.6 -52397.6 39774.2 -52397.6 -30741.6
17.94 23585.6 -17740.1 -34300.9 23140.1 -34300.9 -17740.1
17.96 7897.75 -2768.53 -13776.8 6971.62 -13776.8 -2768.53
17.98 -7975.25 12841.6 6673.25 -7165.14 6673.25 12841.6
18 -22531.7 27933.5 24908 -19282.5 24908 27933.5
18.02 -35091.1 41772.1 40143.2 -30327.2 40143.2 41772.1
18.04 -45594.2 53761.2 52631.5 -40855.5 52631.5 53761.2
18.06 -54090.7 63083.9 62920.1 -50663.3 62920.1 63083.9
18.08 -60554 68883.2 71477.3 -59300.9 71477.3 68883.2
18.1 -65043.5 70904.2 78632.9 -66528.5 78632.9 70904.2
18.12 -67853 69879.9 84574.6 -72357.6 84574.6 69879.9
18.14 -69384.4 67139.4 89303.5 -76817 89303.5 67139.4
18.16 -69794.5 63729 92503.5 -79640.4 92503.5 63729
18.18 -68771.9 59875.6 93443.4 -80120.3 93443.4 59875.6
18.2 -65719.7 55172.6 91174.2 -77291.5 91174.2 55172.6
18.22 -60161.4 49055.9 84982.2 -70330.8 84982.2 49055.9
18.24 -51964.3 41087.1 74694.9 -58930 74694.9 41087.1
18.26 -41234.2 31017.3 60574.2 -43681.5 60574.2 31017.3
18.28 -28237.5 18841.8 43239.4 -26383.8 43239.4 18841.8
18.3 -13511.8 4824.53 23809.4 -9486.42 23809.4 4824.53
18.32 2127.61 -10580.3 3761.59 5345.25 3761.59 -10580.3
18.34 17729.3 -26640.1 -15536.8 17963.1 -15536.8 -26640.1
18.36 32340.7 -42075.2 -33198.7 29000.5 -33198.7 -42075.2
18.38 45161.3 -55160.4 -48916.5 38974 -48916.5 -55160.4
18.4 55755.7 -64458.8 -62854.8 48233.2 -62854.8 -64458.8
18.42 64095 -69553.5 -75289.7 57155.2 -75289.7 -69553.5
18.44 70309.4 -71061.2 -86145.4 65957.4 -86145.4 -71061.2
18.46 74435.3 -70028.8 -94878.8 74419.7 -94878.8 -70028.8
18.48 76432 -67341.3 -100859 81873.5 -100859 -67341.3
18.5 76334.9 -63519.5 -103782 87389.8 -103782 -63519.5
18.52 74274.7 -58846.3 -103652 90014 -103652 -58846.3
18.54 70357.9 -53529.2 -100459 89018.6 -100459 -53529.2
18.56 64520.5 -47531.2 -94016.4 84106.3 -94016.4 -47531.2
18.58 56516.9 -40257.4 -84130.9 75303.1 -84130.9 -40257.4
18.6 46079.9 -30789.4 -70736.4 62720.3 -70736.4 -30789.4
18.62 33268.5 -18712.5 -54113.6 46977.5 -54113.6 -18712.5
18.64 18768.7 -4678.34 -35240.6 29886.8 -35240.6 -4678.34
18.66 3653.08 9997.33 -15549.2 13786.5 -15549.2 9997.33
18.68 -11206.1 24226.3 3837.57 -157.946 3837.57 24226.3
18.7 -25326.7 37450.1 22379.1 -12427.1 22379.1 37450.1
18.72 -38258.7 49154.9 39643.7 -23970.3 39643.7 49154.9
18.74 -49355.1 58457.5 55021.7 -35188.4 55021.7 58457.5
18.76 -58023.3 64344.3 68046.2 -45969.6 68046.2 64344.3
18.78 -64054.4 66245.9 78696.2 -56043.5 78696.2 66245.9
18.8 -67615.6 64392 87171.5 -65079.2 87171.5 64392
18.82 -68997.8 59724.8 93448.7 -72637.7 93448.7 59724.8
18.84 -68425.4 53438.4 97179.6 -78132 97179.6 53438.4
18.86 -66060.2 46447.6 98017.3 -80841.4 98017.3 46447.6
18.88 -62099.3 39145 95966.9 -80068.6 95966.9 39145
18.9 -56766 31510.7 91337.4 -75398.4 91337.4 31510.7
18.92 -50144.6 23399.9 84292.2 -66783.7 84292.2 23399.9
18.94 -42048.8 14816.5 74416.8 -54494.4 74416.8 14816.5
18.96 -32106.5 5942.79 60882.2 -39392.9 60882.2 5942.79
18.98 -20142.6 -3104.86 43396.2 -23217.9 43396.2 -3104.86
19 -6553.59 -12475.3 23005.6 -7880.37 23005.6 -12475.3
19.02 7745.78 -22376.4 1720.71 5789.65 1720.71 -22376.4
19.04 21677.6 -32545.5 -18589.5 18204.4 -18589.5 -32545.5
19.06 34262.1 -41965.2 -36811.3 29964.7 -36811.3 -41965.2
19.08 44697.2 -49210.1 -52408.3 41127.7 -52408.3 -49210.1
19.1 52485.2 -53190.4 -65157 51464.1 -65157 -53190.4
19.12 57622.8 -53707.2 -75173.2 60902 -75173.2 -53707.2
19.14 60584 -51432 -82907.7 69484.2 -82907.7 -51432
19.16 61992 -47379.4 -88857.1 77016.6 -88857.1 -47379.4
19.18 62232.6 -42322.1 -93210.8 82843.2 -93210.8 -42322.1
19.2 61321.2 -36604 -95730.8 85985 -95730.8 -36604
19.22 59066.4 -30408.8 -95898 85582 -95898 -30408.8
19.24 55278.9 -24043.7 -93118.5 81266.4 -93118.5 -24043.7
19.26 49788.5 -17828.1 -86803.9 73074.8 -86803.9 -17828.1
19.28 42371.5 -11738.6 -76449.5 61154.2 -76449.5 -11738.6
19.3 32828.7 -5269.01 -61928.8 45957.6 -61928.8 -5269.01
19.32 21335.4 2241.99 -44047 28774.9 -44047 2241.99
19.34 8728.26 11044.6 -24727.6 11551.7 -24727.6 11044.6
19.36 -3748.29 20658.8 -6205.62 -4093.45 -6205.62 20658.8
19.38 -15052.6 30049.7 10118.9 -17487.5 10118.9 30049.7
19.4 -24715.7 38122.9 24045.9 -28676.7 24045.9 38122.9
19.42 -32736.3 44112 36060.9 -38029.1 36060.9 44112
19.44 -39303.1 47608.9 46770.1 -46054.8 46770.1 47608.9
19.46 -44615.5 48403.8 56686.7 -53199.4 56686.7 48403.8
19.48 -48785.5 46473.7 66068.6 -59586.1 66068.6 46473.7
19.5 -51754.2 42171.6 74628.1 -64940.4 74628.1 42171.6
19.52 -53283.8 36292.7 81444.9 -68684 81444.9 36292.7
19.54 -53088.4 29777 85372.8 -70044.3 85372.8 29777
19.56 -51017.8 23267 85659.7 -68187.3 85659.7 23267
19.58 -47144.9 16943.4 82231.5 -62397 82231.5 16943.4
19.6 -41689.5 10694.4 75482 -52320.8 75482 10694.4
19.62 -34905.4 4338.3 65987.3 -38390.1 65987.3 4338.3
19.64 -27028 -2263.06 54371.9 -22121.8 54371.9 -2263.06
19.66 -18223.5 -9165.92 41143.5 -5667.27 41143.5 -9165.92
19.68 -8650.26 -16293.1 26676.5 9195.61 26676.5 -16293.1
19.7 1358.63 -23329.6 11456.5 21644.4 11456.5 -23329.6
19.72 11255.9 -29661.2 -3858.74 31643.6 -3858.74 -29661.2
19.74 20506.7 -34540 -18740.7 39577.1 -18740.7 -34540
19.76 28800 -37444.3 -32952.9 46017.3 -32952.9 -37444.3
19.78 35974.6 -38287.7 -46257 51499.6 -46257 -38287.7
19.8 41814.5 -37283 -58097.7 56278.4 -58097.7 -37283
19.82 46016.1 -34702.8 -67705.1 60231.7 -67705.1 -34702.8
19.84 48361.7 -30825 -74473 62951.6 -74473 -30825
19.86 48878.7 -25994.7 -78230 63889.4 -78230 -25994.7
19.88 47811.2 -20561.4 -79223.8 62459.4 -79223.8 -20561.4
19.9 45435.1 -14693.5 -77891.2 58130.8 -77891.2 -14693.5
19.92 41902.5 -8316.5 -74603.8 50595.3 -74603.8 -8316.5
19.94 37232.2 -1294.5 -69545.1 40053.6 -69545.1 -1294.5
19.96 31405.7 6298.75 -62722.8 27394.5 -62722.8 6298.75
19.98 24445.7 14059.7 -53988.1 13914.3 -53988.1 14059.7
20 16404.6 21404 -43058.1 759.184 -43058.1 21404
20.02 7410.55 27864.4 -29813.5 -11304.7 -29813.5 27864.4
20.04 -2211.94 33287.4 -14729.5 -21759.8 -14729.5 33287.4
20.06 -11964.6 37781.8 1157.19 -30312.2 1157.19 37781.8
20.08 -21357.8 41507.5 16767.5 -36989.1 16767.5 41507.5
20.1 -30008 44507.9 31312.5 -42037.7 31312.5 44507.9
20.12 -37540.1 46652.2 44148.6 -45716.2 44148.6 46652.2
20.14 -43521.9 47646.4 54641.3 -48241.8 54641.3 47646.4
20.16 -47598.2 47086.1 62393.1 -49809.9 62393.1 47086.1
20.18 -49673.2 44556.2 67521.9 -50483.8 67521.9 44556.2
20.2 -49909.3 39765.6 70555.1 -50022.6 70555.1 39765.6
20.22 -48537 32685.4 71967.7 -47834.4 71967.7 32685.4
20.24 -45689.4 23648.2 71811.6 -43174.7 71811.6 23648.2
20.26 -41438.6 13340.1 69806.8 -35611.6 69806.8 13340.1
20.28 -35948.5 2651.43 65747 -25476.9 65747 2651.43
20.3 -29497.3 -7548.74 59679 -13796 59679 -7548.74
20.32 -22321.3 -16605.9 51672.3 -1713.6 51672.3 -16605.9
20.34 -14468.9 -24217 41599.6 9897.12 41599.6 -24217
20.36 -5904.55 -30492 29410 20341.1 29410 -30492
20.38 3231.56 -35856.7 15610.4 29023.8 15610.4 -35856.7
20.4 12564.8 -40745.7 1190.11 35676.3 1190.11 -40745.7
20.42 21676.5 -45227.1 -13013 40469.6 -13013 -45227.1
20.44 30237.2 -48860.2 -26670.5 43783.9 -26670.5 -48860.2
20.46 37913.7 -50927 -39625.7 45985.1 -39625.7 -50927
20.48 44283.5 -50840.7 -51458.1 47426.2 -51458.1 -50840.7
20.5 48965.2 -48388.2 -61574.2 48425 -61574.2 -48388.2
20.52 51809.2 -43679.7 -69610.4 49081.9 -69610.4 -43679.7
20.54 52893.5 -36982.1 -75541.3 49137.9 -75541.3 -36982.1
20.56 52335.7 -28664.3 -79368.8 48014.4 -79368.8 -28664.3
20.58 50159.3 -19244 -80845.3 45038.4 -80845.3 -19244
20.6 46365.1 -9366.79 -79629.5 39855.5 -79629.5 -9366.79
20.62 41116.3 331.062 -75713.9 32762.8 -75713.9 331.062
20.64 34784.3 9390.41 -69577.9 24524 -69577.9 9390.41
20.66 27792.7 17628 -61894.4 15824.4 -61894.4 17628
20.68 20361.7 25129.5 -53047.2 7029.44 -53047.2 25129.5
20.7 12384.6 32143.1 -42882.3 -1582.23 -42882.3 32143.1
20.72 3657.64 38890.2 -31064.7 -9597.07 -31064.7 38890.2
20.74 -5722.27 45347.4 -17719.6 -16578.9 -17719.6 45347.4
20.76 -15223 51112.8 -3592.31 -22295.3 -3592.31 51112.8
20.78 -24152.7 55501.4 10430.5 -26766.2 10430.5 55501.4
20.8 -31992.8 57844.6 23765.7 -30166.2 23765.7 57844.6
20.82 -38458.9 57751.9 36078 -32740.8 36078 57751.9
20.84 -43363.8 55140.2 47015.6 -34726.4 47015.6 55140.2
20.86 -46534.9 50118.2 56154.2 -36238.6 56154.2 50118.2
20.88 -47870.3 42940.4 63148.9 -37223.4 63148.9 42940.4
20.9 -47436.8 34075.1 67863 -37489.1 67863 34075.1
20.92 -45484.5 24211.7 70362.6 -36683.8 70362.6 24211.7
20.94 -42349.3 14060.2 70847.2 -34308.3 70847.2 14060.2
20.96 -38322.4 4062.66 69606.8 -29990.7 69606.8 4062.66
20.98 -33590 -5680.71 66971.3 -23811.8 66971.3 -5680.71
21 -28243.4 -15187.8 63158.4 -16262.2 63158.4 -15187.8
21.02 -22306.5 -24322.3 58113 -7953.19 58113 -24322.3
21.04 -15744.8 -32730.2 51479.3 507.873 51479.3 -32730.2
21.06 -8493.8 -39987 42768 8493.74 42768 -39987
21.08 -629.535 -45741.5 31801.9 15455.3 31801.9 -45741.5
21.1 7425.79 -49714.3 19142.1 21110.6 19142.1 -49714.3
21.12 14977.5 -51628.7 5925.3 25485.7 5925.3 -51628.7
21.14 21425.3 -51234.9 -6824.03 28771 -6824.03 -51234.9
21.16 26531.3 -48453.8 -18630.1 31174.6 -18630.1 -48453.8
21.18 30325.9 -43485.2 -29337.6 32895.9 -29337.6 -43485.2
21.2 32854.3 -36742.5 -38697.1 34127.3 -38697.1 -36742.5
21.22 34069 -28652 -46314.4 34965.6 -46314.4 -28652
21.24 33908.5 -19486.5 -51906.8 35261.7 -51906.8 -19486.5
21.26 32415.6 -9372.46 -55499.9 34564.1 -55499.9 -9372.46
21.28 29779.1 1537.26 -57387.7 32309.1 -57387.7 1537.26
21.3 26285 12884.7 -57930.5 28189.7 -57930.5 12884.7
21.32 22219.5 24082.1 -57348.7 22369.4 -57348.7 24082.1
21.34 17793.8 34452.8 -55640.1 15350.1 -55640.1 34452.8
21.36 13119.5 43436.7 -52645.8 7698.64 -52645.8 43436.7
21.38 8219.78 50750.8 -48182.5 -93.4616 -48182.5 50750.8
21.4 3082.32 56390.9 -42158.3 -7609.82 -42158.3 56390.9
21.42 -2250.52 60451.1 -34637.3 -14475.3 -34637.3 60451.1
21.44 -7576.41 62904.5 -25925.3 -20345.3 -25925.3 62904.5
21.46 -12525.7 63559.7 -16591.2 -24957.9 -16591.2 63559.7
21.48 -16742.2 62227.1 -7242.42 -28239 -7242.42 62227.1
21.5 -20096.5 58900.8 1791.93 -30349.6 1791.93 58900.8
21.52 -22676.5 53762.4 10476.7 -31592.2 10476.7 53762.4
21.54 -24544.1 46997.3 18748.3 -32217.3 18748.3 46997.3
21.56 -25548.9 38598.9 26282 -32204 26282 38598.9
21.58 -25410.3 28389.5 32623.1 -31126.2 32623.1 28389.5
21.6 -23969.8 16320.8 37480.7 -28349.4 37480.7 16320.8
21.62 -21357.7 2849.66 40838.4 -23564.1 40838.4 2849.66
21.64 -17932.3 -10957.7 42785.4 -17122.5 42785.4 -10957.7
21.66 -14072.4 -23766.1 43291.9 -9755.8 43291.9 -23766.1
21.68 -10010.7 -34565.6 42213.2 -2041.38 42213.2 -34565.6
21.7 -5818.57 -43101.3 39520.9 5782.17 39520.9 -43101.3
21.72 -1504.63 -49802.9 35470.4 13613.1 35470.4 -49802.9
21.74 2864.9 -55247.9 30514.1 21231.9 30514.1 -55247.9
21.76 7095.92 -59587.1 25074.7 28218.1 25074.7 -59587.1
21.78 10911.9 -62423.4 19381.7 34070.3 19381.7 -62423.4
21.8 14096.8 -63213.2 13471.4 38433.9 13471.4 -63213.2
21.82 16621.8 -61762.4 7287.34 41266.8 7287.34 -61762.4
21.84 18621.2 -58343 805.212 42810.1 805.212 -58343
21.86 20180.6 -53381.5 -5797.47 43386.6 -5797.47 -53381.5
21.88 21109 -47072.9 -11987.5 43173 -11987.5 -47072.9
21.9 20951 -39293.1 -16950.7 42060.8 -16950.7 -39293.1
21.92 19293.5 -29872.9 -19971.7 39639.2 -19971.7 -29872.9
21.94 16115 -18970 -20861.1 35421.1 -20861.1 -18970
21.96 11869.6 -7208.8 -20072.7 29313.3 -20072.7 -7208.8
21.98 7230.81 4526.72 -18379.6 21843.3 -18379.6 4526.72
22 2719.6 15466.4 -16370.4 13761.8 -16370.4 15466.4
22.02 -1482.65 25229.9 -14208.2 5487.31 -14208.2 25229.9
22.04 -5454.01 33876.4 -11795.6 -2946.19 -11795.6 33876.4
22.06 -9332.61 41697.9 -9044.96 -11518.8 -9044.96 41697.9
22.08 -13154.5 48809.1 -5947.26 -19934.6 -5947.26 48809.1
22.1 -16789.9 54815.9 -2484.01 -27621.1 -2484.01 54815.9
22.12 -19986.3 58915.3 1391.32 -33928.8 1391.32 58915.3
22.14 -22485.4 60419.4 5633.15 -38394.5 5633.15 60419.4
22.16 -24128.7 59247.6 9976.83 -40917.7 9976.83 59247.6
22.18 -24862.3 55958.4 13928.4 -41728.7 13928.4 55958.4
22.2 -24647.5 51330 16877.6 -41182.7 16877.6 51330
22.22 -23389 45838.6 18302 -39522.4 18302 45838.6
22.24 -20981.9 39403.6 18012.5 -36709.5 18012.5 39403.6
22.26 -17447.2 31558.6 16292.8 -32368.8 16292.8 31558.6
22.28 -13016.6 21923.3 13778.5 -26006.2 13778.5 21923.3
22.3 -8070.27 10636.4 11118.8 -17558.5 11118.8 10636.4
22.32 -2947.6 -1599.52 8618.2 -7726.61 8618.2 -1599.52
22.34 2216.04 -13878.3 6094.38 2463.84 6094.38 -13878.3
22.36 7452.19 -25477.9 3101.93 12385.5 3101.93 -25477.9
22.38 12743 -35927.3 -636.957 21899.9 -636.957 -35927.3
22.4 17862.4 -44821.7 -4998.93 30872.4 -4998.93 -44821.7
22.42 22433.2 -51717.5 -9590.28 38885.1 -9590.28 -51717.5
22.44 26112.6 -56293.5 -13990.5 45436.3 -13990.5 -56293.5
22.46 28736.5 -58624.4 -17854.8 50258 -17854.8 -58624.4
22.48 30338.9 -59221.3 -20917.8 53402.1 -20917.8 -59221.3
22.5 31064.3 -58692.1 -23035.6 55082.7 -23035.6 -58692.1
22.52 31047.4 -57297.2 -24247.8 55463.3 -24247.8 -57297.2
22.54 30347.8 -54830.7 -24744 54564.1 -24744 -54830.7
22.56 28939 -50883.3 -24692.2 52301.6 -24692.2 -50883.3
22.58 26682.3 -45123.9 -24017.8 48508.2 -24017.8 -45123.9
22.6 23303.3 -37362.8 -22315.7 42876.8 -22315.7 -37362.8
22.62 18518 -27580 -19074.9 35107.3 -19074.9 -27580
22.64 12326 -16133 -14122 25373.3 -14122 -16133
22.66 5194.47 -3923.65 -7860.45 14545.4 -7860.45 -3923.65
22.68 -2118.72 7832.57 -1034.52 3731.92 -1034.52 7832.57
22.7 -8969.1 18130.3 5740.86 -6321.58 5740.86 18130.3
22.72 -15112.6 26562.2 12261.6 -15334.9 12261.6 26562.2
22.74 -20671.3 33339.5 18634.5 -23270.6 18634.5 33339.5
22.76 -25826.7 39008.4 24883.8 -30169.3 24883.8 39008.4
22.78 -30500.7 44021.6 30625.4 -36048.2 30625.4 44021.6
22.8 -34324.9 48403.8 35199.7 -40821.6 35199.7 48403.8
22.82 -36916.5 51735.9 38177 -44321.1 38177 51735.9
22.84 -38136.6 53423.3 39664.5 -46372.2 39664.5 53423.3
22.86 -38058.3 52972.8 40074.6 -46819 40074.6 52972.8
22.88 -36748.3 50111.3 39649.5 -45510.3 39649.5 50111.3
22.9 -34142.9 44818.8 38222 -42300.3 38222 44818.8
22.92 -30115.2 37355.8 35339.6 -37069.9 35339.6 37355.8
22.94 -24625.3 28262 30562.4 -29810.9 30562.4 28262
22.96 -17835.5 18277.6 23751.7 -20836.8 23751.7 18277.6
22.98 -10141.5 8180.82 15240.7 -10913.1 15240.7 8180.82
23 -2093.66 -1408.9 5771.84 -956.632 5771.84 -1408.9
23.02 5771.97 -10184.6 -3785.57 8491.43 -3785.57 -10184.6
23.04 13095.6 -18168.1 -12742.2 17367.1 -12742.2 -18168.1
23.06 19758 -25546.3 -20771.8 25709 -20771.8 -25546.3
23.08 25823.1 -32436.6 -27929.5 33402.5 -27929.5 -32436.6
23.1 31379.4 -38734.9 -34467.9 40256 -34467.9 -38734.9
23.12 36359.1 -44072.5 -40532.9 46080.4 -40532.9 -44072.5
23.14 40480.4 -47853.8 -46009.7 50635.8 -46009.7 -47853.8
23.16 43386.8 -49428.3 -50649.8 53631.8 -50649.8 -49428.3
23.18 44857 -48400.9 -54264.6 54845.8 -54264.6 -48400.9
23.2 44888.6 -44882.5 -56732.8 54216.6 -56732.8 -44882.5
23.22 43600.9 -39441.2 -57866.8 51835.9 -57866.8 -39441.2
23.24 41076.8 -32780.8 -57338.2 47864 -57338.2 -32780.8
23.26 37272.7 -25429.2 -54717.3 42411 -54717.3 -25429.2
23.28 32058.3 -17655.6 -49601 35509.2 -49601 -17655.6
23.3 25386.7 -9583.49 -41860.9 27317 -41860.9 -9583.49
23.32 17482.5 -1333.54 -31908 18327.5 -31908 -1333.54
23.34 8873.27 6935.01 -20700.8 9184.22 -20700.8 6935.01
23.36 195.569 15086.4 -9379.48 272.506 -9379.48 15086.4
23.38 -8090.43 23051.7 1246.63 -8352.32 1246.63 23051.7
23.4 -15849.1 30744.7 10997.8 -16657.9 10997.8 30744.7
23.42 -23176.2 37900.1 20230.2 -24417.2 20230.2 37900.1
23.44 -30149.6 43993 29431 -31279.6 29431 43993
23.46 -36622.3 48351.7 38773.9 -36930.2 38773.9 48351.7
23.48 -42204.9 50417.1 47920.3 -41176.9 47920.3 50417.1
23.5 -46418 49976 56137.5 -43957.8 56137.5 49976
23.52 -48878.1 47219.2 62597.3 -45283.8 62597.3 47219.2
23.54 -49421.9 42613.4 66679.5 -45157.1 66679.5 42613.4
23.56 -48146.4 36706.4 68175.3 -43558.6 68175.3 36706.4
23.58 -45354.2 29983.5 67294 -40495.6 67294 29983.5
23.6 -41409.1 22794.8 64455.2 -35991.3 64455.2 22794.8
23.62 -36573.6 15295.5 60035.9 -30054.8 60035.9 15295.5
23.64 -30956.5 7433.2 54297 -22808.9 54297 7433.2
23.66 -24578.3 -926.032 47425.5 -14630.9 47425.5 -926.032
23.68 -17441.7 -9785.07 39486.7 -6014.22 39486.7 -9785.07
23.7 -9593.13 -18864.7 30403.2 2683.47 30403.2 -18864.7
23.72 -1203.32 -27605.9 20119.4 11231.8 20119.4 -27605.9
23.74 7413.46 -35308.1 8766.13 19358.7 8766.13 -35308.1
23.76 15878.5 -41324.9 -3358.91 26741.5 -3358.91 -41324.9
23.78 23817.9 -45228.4 -15836.2 33123 -15836.2 -45228.4
23.8 30840.9 -46872.3 -28042.8 38346.1 -28042.8 -46872.3
23.82 36520.3 -46366.1 -39115.7 42317.3 -39115.7 -46366.1
23.84 40474.5 -44012.8 -48143.1 44993.3 -48143.1 -44012.8
23.86 42513.9 -40213 -54501.6 46378.9 -54501.6 -40213
23.88 42741.2 -35332.6 -58132.5 46503.6 -58132.5 -35332.6
23.9 41532.4 -29597 -59576 45403.4 -59576 -29597
23.92 39374.4 -23091 -59675.3 43093.7 -59675.3 -23091
23.94 36625.6 -15832.4 -59085.2 39527.5 -59085.2 -15832.4
23.96 33349.4 -7836.04 -57925 34639.3 -57925 -7836.04
23.98 29313.2 829.745 -55757.3 28502.3 -55757.3 829.745
24 24131.5 9959.02 -51789.1 21376.4 -51789.1 9959.02
24.02 17498.3 19125.7 -45195.7 13563.3 -45195.7 19125.7
24.04 9440.29 27692.5 -35567.5 5336.37 -35567.5 27692.5
24.06 482.791 34950.6 -23359.2 -2934.37 -23359.2 34950.6
24.08 -8465.17 40357.2 -9894.54 -10746.2 -9894.54 40357.2
24.1 -16552.4 43768.7 3302.54 -17677.8 3302.54 43768.7
24.12 -23407.8 45510.9 15295.4 -23585.4 15295.4 45510.9
24.14 -29147.5 46170.2 25902.1 -28545.3 25902.1 46170.2
24.16 -33993.5 46182.2 35238.1 -32661.5 35238.1 46182.2
24.18 -37922.2 45497.9 43272 -35940.9 43272 45497.9
24.2 -40658.8 43603.3 49810.2 -38289.6 49810.2 43603.3
24.22 -41943 39908.2 54745.9 -39592.6 54745.9 39908.2
24.24 -41765.3 34227.1 58185.6 -39789.8 58185.6 34227.1
24.26 -40356.6 26980.8 60290.2 -38833.1 60290.2 26980.8
24.28 -37971.2 18950.2 61017.3 -36552.2 61017.3 18950.2
24.3 -34680.2 10793.8 60051.9 -32662 60051.9 10793.8
24.32 -30344.2 2770.41 56965.1 -27011 56965.1 2770.41
24.34 -24766.7 -5092.22 51406.9 -19809.7 51406.9 -5092.22
24.36 -17908.4 -12619.7 43230 -11592.3 43230 -12619.7
24.38 -10011.2 -19368.5 32609.4 -3013.76 32609.4 -19368.5
24.4 -1584.05 -24907.4 20205.3 5325.64 20205.3 -24907.4
24.42 6741.49 -29169.4 7143.65 13014.3 7143.65 -29169.4
24.44 14434.3 -32461.7 -5394.75 19922.5 -5394.75 -32461.7
24.46 21212.5 -35116.9 -16686.2 26148.3 -16686.2 -35116.9
24.48 26999.9 -37144.7 -26593 31803.7 -26593 -37144.7
24.5 31761.4 -38175.8 -35268.6 36823.6 -35268.6 -38175.8
24.52 35412.6 -37677.5 -42847.1 40967 -42847.1 -37677.5
24.54 37879.6 -35270.4 -49377.1 43988.6 -49377.1 -35270.4
24.56 39185.6 -30986 -54848.1 45801.3 -54848.1 -30986
24.58 39409.9 -25312.3 -59095.6 46462.1 -59095.6 -25312.3
24.6 38530.2 -18950.8 -61647.6 45981.7 -61647.6 -18950.8
24.62 36331.8 -12456.2 -61765 44157.8 -61765 -12456.2
24.64 32530.5 -6071.31 -58763.7 40646.1 -58763.7 -6071.31
24.66 27028.1 134.528 -52410.7 35262 -52410.7 134.528
24.68 20083.2 6043.08 -43104.7 28225.1 -43104.7 6043.08
24.7 12228.4 11458.1 -31705.7 20078.5 -31705.7 11458.1
24.72 4023.55 16269.6 -19184.3 11397.3 -19184.3 16269.6
24.74 -4137.71 20573.3 -6345.65 2615.84 -6345.65 20573.3
24.76 -12059.8 24564.8 6299.39 -5934.68 6299.39 24564.8
24.78 -19638.2 28273.9 18517.6 -13946.1 18517.6 28273.9
24.8 -26737.5 31398.3 30234.5 -21148.7 30234.5 31398.3
24.82 -33158.7 33422.8 41392.5 -27394 41392.5 33422.8
24.84 -38682.4 33928.5 51831.5 -32687.7 51831.5 33928.5
24.86 -43095.7 32813.9 61200.9 -37109.7 61200.9 32813.9
24.88 -46191.6 30277.1 68968.8 -40685.9 68968.8 30277.1
24.9 -47800.7 26672.6 74575.8 -43314.3 74575.8 26672.6
24.92 -47845.4 22405 77609.8 -44778.4 77609.8 22405
24.94 -46340.9 17862.4 77850 -44809.4 77850 17862.4
24.96 -43354.4 13330.4 75239.5 -43150.3 75239.5 13330.4
24.98 -38993.9 8912.93 69907.5 -39600.3 69907.5 8912.93
25 -33443.4 4551.99 62225.6 -34088 62225.6 4551.99
25.02 -26957.5 150.3 52726.8 -26797.3 52726.8 150.3
25.04 -19755.4 -4310.56 41838.5 -18224.9 41838.5 -4310.56
25.06 -11954.7 -8726.44 29732.6 -9049.56 29732.6 -8726.44
25.08 -3627.39 -12890.6 16438.7 110.02 16438.7 -12890.6
25.1 5110.76 -16543.5 2031.26 8853.66 2031.26 -16543.5
25.12 14038.1 -19432.4 -13229.5 16994.4 -13229.5 -19432.4
25.14 22794.1 -21364.6 -28794.7 24464.9 -28794.7 -21364.6
25.16 30908.8 -22229.3 -43843.1 31235 -43843.1 -22229.3
25.18 37927 -21999.6 -57503.9 37263.2 -57503.9 -21999.6
25.2 43546.4 -20746.6 -69120.3 42464.2 -69120.3 -20746.6
25.22 47651.3 -18649.9 -78326.5 46703.6 -78326.5 -18649.9
25.24 50244.8 -15955.6 -84959.6 49822.8 -84959.6 -15955.6
25.26 51367.2 -12876.9 -88973.8 51658.7 -88973.8 -12876.9
25.28 51058.2 -9503.43 -90424 52041.2 -90424 -9503.43
25.3 49365.3 -5800.01 -89468.3 50798.5 -89468.3 -5800.01
25.32 46382.4 -1728.99 -86343.3 47792.1 -86343.3 -1728.99
25.34 42225.5 2594.82 -81221.2 42986.8 -81221.2 2594.82
25.36 36956.7 6840.84 -74017.1 36539.7 -74017.1 6840.84
25.38 30482.7 10581.4 -64254.9 28818.2 -64254.9 10581.4
25.4 22584.7 13538.2 -51277.9 20315 -51277.9 13538.2
25.42 13238.5 15730.4 -34991.6 11561.6 -34991.6 15730.4
25.44 2903.27 17368.2 -16400.4 3068.52 -16400.4 17368.2
25.46 -7618.14 18584.5 2843.29 -4767.47 2843.29 18584.5
25.48 -17602.6 19302.8 21385.4 -11729.3 21385.4 19302.8
25.5 -26610.7 19354.5 38492.9 -17749.3 38492.9 19354.5
25.52 -34368.7 18650.9 53688.8 -22870.8 53688.8 18650.9
25.54 -40652.4 17207.3 66510.6 -27250.9 66510.6 17207.3
25.56 -45335.2 15061.7 76677.3 -31109.1 76677.3 15061.7
25.58 -48449.2 12235.5 84245.8 -34576.4 84245.8 12235.5
25.6 -50136.9 8778.27 89482.7 -37546.2 89482.7 8778.27
25.62 -50545 4825.66 92616.9 -39641.9 92616.9 4825.66
25.64 -49752 609.247 93693 -40341.6 93693 609.247
25.66 -47769.2 -3563.32 92576.1 -39196.1 92576.1 -3563.32
25.68 -44582.2 -7332.84 89038.4 -36003.3 89038.4 -7332.84
25.7 -40169.5 -10356.5 82827.3 -30862.3 82827.3 -10356.5
25.72 -34482.1 -12430.3 73673 -24123.8 73673 -12430.3
25.74 -27379 -13621.3 61260 -16306.2 61260 -13621.3
25.76 -18759 -14281.4 45530.3 -8045.2 45530.3 -14281.4
25.78 -8902.45 -14857.5 27265.5 -7.43318 27265.5 -14857.5
25.8 1459.64 -15602.2 8045.69 7309.54 8045.69 -15602.2
25.82 11529.4 -16416.7 -10633.2 13721.1 -10633.2 -16416.7
25.84 20826.5 -16955.4 -28049.5 19289.3 -28049.5 -16955.4
25.86 29152.9 -16844.2 -44031.4 24204.1 -44031.4 -16844.2
25.88 36356.6 -15830.2 -58402 28754.1 -58402 -15830.2
25.9 42263.3 -13845 -70834.5 33264.2 -70834.5 -13845
25.92 46756 -11019.7 -81020.3 37914 -81020.3 -11019.7
25.94 49801.6 -7634.54 -88753.9 42559 -88753.9 -7634.54
25.96 51408.1 -4009.9 -93902.1 46683.9 -93902.1 -4009.9
25.98 51602.5 -405.6 -96406.2 49527.8 -96406.2 -405.6
26 50436.8 3017.86 -96309 50347.5 -96309 3017.86
26.02 48000.9 6170.97 -93753.8 48686.8 -93753.8 6170.97
26.04 44406.2 8992.41 -88925.9 44519.6 -88925.9 8992.41
26.06 39740.2 11428.2 -81939.5 38240.3 -81939.5 11428.2
26.08 33965.4 13436.3 -72644.3 30525.6 -72644.3 13436.3
26.1 26814.2 15048.2 -60462.6 22152.6 -60462.6 15048.2
26.12 18022.5 16417.2 -44891.5 13876.3 -44891.5 16417.2
26.14 7838.77 17711.5 -26463.5 6303.68 -26463.5 17711.5
26.16 -2840.47 18884.3 -6864.34 -287.541 -6864.34 18884.3
26.18 -12970.4 19607.3 12096.2 -5993.26 12096.2 19607.3
26.2 -21930.7 19520.2 29428.4 -11109 29428.4 19520.2
26.22 -29584.3 18519.5 44869.3 -15961.8 44869.3 18519.5
26.24 -35959.2 16777.7 58275.5 -20853.5 58275.5 16777.7
26.26 -40991 14536.1 69317.1 -25963.3 69317.1 14536.1
26.28 -44504 11923.9 77587.9 -31182.4 77587.9 11923.9
26.3 -46361.3 8951.84 82875.3 -36049.2 82875.3 8951.84
26.32 -46647.3 5659.99 85376.8 -39869.9 85376.8 5659.99
26.34 -45704.7 2286.77 85646.3 -41961.9 85646.3 2286.77
26.36 -43944.7 -713.256 84221.9 -41891.6 84221.9 -713.256
26.38 -41568.7 -2867.19 81222 -39567.7 81222 -2867.19
26.4 -38423.2 -3972.33 76237.2 -35162.8 76237.2 -3972.33
26.42 -34102.2 -4225.83 68572.9 -28996 68572.9 -4225.83
26.44 -28153.9 -4106 57568.7 -21512 57568.7 -4106
26.46 -20361 -4113.91 43009.3 -13337.6 43009.3 -4113.91
26.48 -11048.4 -4545.15 25627.2 -5232.55 25627.2 -4545.15
26.5 -1064.07 -5410.8 7051.61 2183.32 7051.61 -5410.8
26.52 8662.4 -6514.41 -11022.6 8701.77 -11022.6 -6514.41
26.54 17555.2 -7598.9 -27606.9 14504.4 -27606.9 -7598.9
26.56 25389.4 -8406.42 -42371.2 19922.1 -42371.2 -8406.42
26.58 32023.4 -8634.5 -55158.3 25242.6 -55158.3 -8634.5
26.6 37280.2 -7958.55 -65772.2 30626 -65772.2 -7958.55
26.62 41049.9 -6211.22 -74089.3 36048.8 -74089.3 -6211.22
26.64 43397.5 -3571.11 -80146.9 41263.5 -80146.9 -3571.11
26.66 44535.9 -568.625 -84071.2 45799.9 -84071.2 -568.625
26.68 44695.3 2120.74 -85939.8 49028.5 -85939.8 2120.74
26.7 43984.2 3972.96 -85689.6 50304.9 -85689.6 3972.96
26.72 42331.5 4830.64 -83129.1 49146.1 -83129.1 4830.64
26.74 39504.8 4929.7 -77985.1 45367.5 -77985.1 4929.7
26.76 35218.2 4714.75 -69965.3 39164.3 -69965.3 4714.75
26.78 29243.2 4590.7 -58813.8 31143 -58813.8 4590.7
26.8 21551.1 4790.77 -44532 22260.1 -44532 4790.77
26.82 12503.8 5382.5 -27784.7 13576.8 -27784.7 5382.5
26.84 2818.05 6304.94 -9886.9 5862.11 -9886.9 6304.94
26.86 -6762.77 7358.73 7853.53 -661.433 7853.53 7358.73
26.88 -15770.2 8218.47 24719.3 -6214.34 24719.3 8218.47
26.9 -23978 8522.86 40456.7 -11194.6 40456.7 8522.86
26.92 -31202.8 8015.22 54803.7 -16023.7 54803.7 8015.22
26.94 -37240.7 6668.41 67317.8 -21065.9 67317.8 6668.41
26.96 -41940.7 4715.07 77527.7 -26482.5 77527.7 4715.07
26.98 -45239.4 2538.02 85080.2 -32069.7 85080.2 2538.02
27 -47123.9 493.707 89772.2 -37219.3 89772.2 493.707
27.02 -47610.7 -1191.45 91559.4 -41069.9 91559.4 -1191.45
27.04 -46763.3 -2406.14 90564 -42804.2 90564 -2406.14
27.06 -44704.1 -3100.81 87044.1 -41933.6 87044.1 -3100.81
27.08 -41545.8 -3303.48 81267.5 -38410.1 81267.5 -3303.48
27.1 -37336.2 -3152.31 73401.7 -32566.8 73401.7 -3152.31
27.12 -32017.2 -2863.9 63401.9 -25008 63401.9 -2863.9
27.14 -25448.5 -2657.26 51029.6 -16559.9 51029.6 -2657.26
27.16 -17649.4 -2685.43 36320.4 -8198.58 36320.4 -2685.43
27.18 -9018.44 -2995.9 20039.1 -752.243 20039.1 -2995.9
27.2 -184.761 -3518.78 3372.08 5489.79 3372.08 -3518.78
27.22 8385.3 -4129.32 -12833.3 10826.7 -12833.3 -4129.32
27.24 16498.3 -4722.5 -28236.7 15792.5 -28236.7 -4722.5
27.26 23969.4 -5170.88 -42503.3 20811.2 -42503.3 -5170.88
27.28 30437.6 -5233.09 -55019.7 26083.9 -55019.7 -5233.09
27.3 35514.8 -4625.77 -65170.4 31574.1 -65170.4 -4625.77
27.32 39026.2 -3259.17 -72670.2 37003.7 -72670.2 -3259.17
27.34 41066.7 -1383.03 -77569.7 41884.9 -77569.7 -1383.03
27.36 41872.4 533.842 -80071 45575.2 -80071 533.842
27.38 41654.5 2080.48 -80376.1 47389.1 -80376.1 2080.48
27.4 40510.7 3079.46 -78618.2 46815.1 -78618.2 3079.46
27.42 38427.7 3548.41 -74837.3 43732.7 -74837.3 3548.41
27.44 35332.4 3571.48 -68978.4 38449.5 -68978.4 3571.48
27.46 31135.2 3248.38 -60908.3 31554.6 -60908.3 3248.38
27.48 25708.2 2762.35 -50425.1 23755.1 -50425.1 2762.35
27.5 18949.6 2431.71 -37451.8 15798.9 -37451.8 2431.71
27.52 10997.1 2603.12 -22422 8374.18 -22422 2603.12
27.54 2328.21 3424.4 -6343.67 1898.99 -6343.67 3424.4
27.56 -6410.96 4702.95 9650.95 -3604.22 9650.95 4702.95
27.58 -14657.4 6004.95 24739.2 -8385.51 24739.2 6004.95
27.6 -22008.1 6889.45 38393.3 -12760.1 38393.3 6889.45
27.62 -28174.9 7074.4 50185.1 -17005.4 50185.1 7074.4
27.64 -32979.3 6474.61 59776.1 -21299.2 59776.1 6474.61
27.66 -36387.7 5181.55 67021.5 -25621.3 67021.5 5181.55
27.68 -38501 3439.89 71972.1 -29692.5 71972.1 3439.89
27.7 -39488.5 1612.78 74763.2 -33015.5 74763.2 1612.78
27.72 -39509.8 99.8034 75505.9 -34997.3 75505.9 99.8034
27.74 -38657.8 -792.932 74242.7 -35121.3 74242.7 -792.932
27.76 -36931 -968.831 70957.4 -33106.4 70957.4 -968.831
27.78 -34240.4 -570.316 65594.1 -28979.8 65594.1 -570.316
27.8 -30459.2 102.321 58078.5 -23059.3 58078.5 102.321
27.82 -25464.2 709.518 48328.8 -15918.3 48328.8 709.518
27.84 -19223.8 960.519 36398.8 -8342.51 36398.8 960.519
27.86 -11943.2 671.896 22754.9 -1162.49 22754.9 671.896
27.88 -4081.24 -182.614 8286.19 5054.05 8286.19 -182.614
27.9 3828.24 -1444.61 -6078.47 10195.7 -6078.47 -1444.61
27.92 11360.3 -2807.55 -19708.8 14495.8 -19708.8 -2807.55
27.94 18208.5 -3905.11 -32222.6 18297.1 -32222.6 -3905.11
27.96 24119.5 -4420.93 -43288 21927.6 -43288 -4420.93
27.98 28906.5 -4198.91 -52599.1 25641.2 -52599.1 -4198.91
28 32504.5 -3306.44 -59962.9 29510.3 -59962.9 -3306.44
28.02 34961 -2000.74 -65309.5 33330 -65309.5 -2000.74
28.04 36364 -622.493 -68621.2 36629.6 -68621.2 -622.493
28.06 36780.6 514.519 -69876.8 38799.4 -69876.8 514.519
28.08 36237 1202.2 -69051.4 39286.6 -69051.4 1202.2
28.1 34730.2 1380.04 -66150.5 37781.7 -66150.5 1380.04
28.12 32237.7 1139.94 -61223.3 34305.7 -61223.3 1139.94
28.14 28738.1 683.427 -54353.1 29175.2 -54353.1 683.427
28.16 24207.8 262.788 -45610.9 22918.4 -45610.9 262.788
28.18 18645.5 129.324 -35090.9 16210 -35090.9 129.324
28.2 12183.9 467.353 -23112.7 9761.06 -23112.7 467.353
28.22 5154.37 1314.38 -10312.1 4100.36 -10312.1 1314.38
28.24 -2008.5 2521.5 2580.9 -612.198 2580.9 2521.5
28.26 -8928.22 3812.09 15020.3 -4550.19 15020.3 3812.09
28.28 -15331.8 4891.76 26652.3 -8029.82 26652.3 4891.76
28.3 -20995.2 5527.1 37156.5 -11359.9 37156.5 5527.1
28.32 -25720.3 5583.27 46194.2 -14761.5 46194.2 5583.27
28.34 -29372 5050.52 53482.5 -18286.3 53482.5 5050.52
28.36 -31904.6 4054.02 58849 -21755.4 58849 4054.02
28.38 -33344.8 2826.05 62215.8 -24775.4 62215.8 2826.05
28.4 -33756.6 1642.21 63565.6 -26837.7 63565.6 1642.21
28.42 -33208.1 741.162 62921.4 -27467.3 62921.4 741.162
28.44 -31746.7 259.21 60328.9 -26372.8 60328.9 259.21
28.46 -29373.5 202.01 55820.7 -23533.1 55820.7 202.01
28.48 -26054.5 463.635 49407.6 -19189.3 49407.6 463.635
28.5 -21746.8 860.501 41097.3 -13779.3 41097.3 860.501
28.52 -16448.9 1163.05 30984.1 -7868.01 30984.1 1163.05
28.54 -10292.7 1153.63 19413.7 -2051.2 19413.7 1153.63
28.56 -3575.57 714.349 7007.27 3207.11 7007.27 714.349
28.58 3327.53 -106.583 -5557.68 7716 -5557.68 -106.583
28.6 10085.3 -1112.44 -17774.9 11550.1 -17774.9 -1112.44
28.62 16434.3 -2037.71 -29299.9 14929.2 -29299.9 -2037.71
28.64 22137.9 -2625.96 -39818 18109.2 -39818 -2625.96
