0.02 0 -1.09263e-16 0.0895053 -0.021577 0.0895053 0
0.04 0 -6.30866e-15 0.642203 -0.286932 0.642203 0
0.06 0 -4.16727e-15 2.13859 -1.67531 2.13859 0
0.08 0 1.05939e-14 4.20029 -6.80206 4.20029 0
0.1 0 -7.40171e-13 4.23297 -22.586 4.23297 0
0.12 0 6.02934e-13 -2.95822 -62.2383 -2.95822 0
0.14 0 -1.75464e-13 -23.3055 -141.89 -23.3055 0
0.16 0 -1.24668e-12 -60.4835 -272.718 -60.4835 0
0.18 0 -9.91156e-13 -114.29 -454.997 -114.29 0
0.2 0 -7.2511e-12 -181.685 -679.448 -181.685 0
0.22 0 1.22821e-11 -259.789 -936.001 -259.789 0
0.24 0 -1.08786e-11 -347.619 -1220.59 -347.619 0
0.26 0 8.50948e-12 -443.841 -1529.84 -443.841 0
0.28 0 -2.04008e-11 -543.376 -1850.44 -543.376 0
0.3 0 1.28702e-11 -638.639 -2160.67 -638.639 0
0.32 0 -4.57279e-12 -725.143 -2445.28 -725.143 0
0.34 0 8.85134e-12 -804.584 -2705.11 -804.584 0
0.36 0 -1.02437e-11 -881.984 -2951.14 -881.984 0
0.38 0 -1.06882e-11 -961.149 -3193.44 -961.149 0
0.4 0 -8.58989e-12 -1042.9 -3435.96 -1042.9 0
0.42 0 -3.08664e-11 -1124.79 -3673.69 -1124.79 0
0.44 0 4.27442e-11 -1200.3 -3888.24 -1200.3 0
0.46 0 2.32183e-11 -1260.3 -4050.92 -1260.3 0
0.48 0 1.01102e-11 -1299.06 -4140.76 -1299.06 0
0.5 0 1.26688e-11 -1319.79 -4164 -1319.79 0
0.52 0 -3.07701e-11 -1331.94 -4150.93 -1331.94 0
0.54 0 -5.40388e-12 -1339.84 -4123.89 -1339.84 0
0.56 0 1.55215e-11 -1332.12 -4061.09 -1332.12 0
0.58 0 -2.72845e-12 -1284.83 -3897.65 -1284.83 0
0.6 0 1.38666e-11 -1180.25 -3577.87 -1180.25 0
0.62 0 1.74664e-11 -1023.44 -3109.51 -1023.44 0
0.64 0 -2.40844e-11 -835.548 -2553.77 -835.548 0
0.66 0 2.27423e-12 -629.574 -1958.79 -629.574 0
0.68 0 1.08498e-12 -397.814 -1317.15 -397.814 0
0.7 0 -4.75119e-12 -125.736 -593.94 -125.736 0
0.72 0 -1.722e-12 185.916 216.515 185.916 0
0.74 0 -7.51795e-12 515.778 1069.83 515.778 0
0.76 0 -1.66897e-11 835.44 1896.26 835.44 0
0.78 0 9.83436e-12 1125.22 2635.83 1125.22 0
0.8 0 3.21992e-11 1380.52 3260.69 1380.52 0
0.82 0 2.15003e-11 1607.65 3779.02 1607.65 0
0.84 0 -1.9628e-11 1811.31 4212.76 1811.31 0
0.86 0 -1.34009e-11 1981 4556.93 1981 0
0.88 0 -2.13613e-11 2090.32 4759.28 2090.32 0
0.9 0 -1.19738e-11 2114.83 4752.84 2114.83 0
0.92 0 -6.35557e-13 2054.48 4518.47 2054.48 0
0.94 0 -6.79461e-12 1937.26 4114.16 1937.26 0
0.96 0 5.81071e-11 1797.45 3635.81 1797.45 0
0.98 0 -1.11424e-11 1649.05 3147.81 1649.05 0
1 0 6.32727e-12 1481.42 2667.58 1481.42 0
1.02 0 -2.40555e-11 1281.95 2223.74 1281.95 0
1.04 0 1.91578e-11 1061.35 1871.87 1061.35 0
1.06 0 -1.08586e-11 853.731 1630.25 853.731 0
1.08 0 -2.77572e-11 691.973 1466.97 691.973 0
1.1 0 6.40103e-12 581.947 1355.76 581.947 0
1.12 0 1.78444e-11 500.079 1310.28 500.079 0
1.14 0 -1.08451e-11 416.319 1368.14 416.319 0
1.16 0 -1.64651e-12 318.177 1520.44 318.177 0
1.18 0 -4.82882e-12 216.555 1668 216.555 0
1.2 0 -1.08919e-13 134.331 1711.26 134.331 0
1.22 0 6.14148e-12 83.1613 1659.88 83.1613 0
1.24 0 6.69623e-12 45.876 1591.42 45.876 0
1.26 0 6.43239e-13 -7.65967 1534.53 -7.65967 0
1.28 0 4.64054e-13 -78.5128 1456.04 -78.5128 0
1.3 0 9.23966e-13 -120.885 1351.84 -120.885 0
1.32 0 -3.57457e-13 -78.7406 1288.03 -78.7406 0
1.34 0 7.13729e-13 57.5134 1327.72 57.5134 0
1.36 0 -1.10101e-12 238.821 1468.83 238.821 0
1.38 0 2.00616e-12 411.496 1706.25 411.496 0
1.4 0 5.83752e-12 577.075 2073.22 577.075 0
1.42 0 -2.2445e-11 783.709 2551.8 783.709 0
1.44 0 2.4829e-11 1061.88 3038.09 1061.88 0
1.46 0 -1.0262e-11 1378.49 3438.99 1378.49 0
1.48 0 -1.59475e-11 1657.27 3746.83 1657.27 0
1.5 0 4.85059e-11 1847.6 4016.13 1847.6 0
1.52 0 -3.06921e-12 1972.21 4295.88 1972.21 0
1.54 0 -1.17474e-11 2096.25 4572.65 2096.25 0
1.56 0 2.59876e-11 2242.33 4751.17 2242.33 0
1.58 0 -5.59433e-11 2345.07 4702.63 2345.07 0
1.6 0 2.95911e-11 2305.91 4370.63 2305.91 0
1.62 0 -5.81085e-11 2096.26 3838.86 2096.26 0
1.64 0 2.25712e-11 1797.03 3281.87 1797.03 0
1.66 0 5.68943e-11 1529.23 2841.42 1529.23 0
1.68 0 1.65141e-12 1342.84 2525.66 1342.84 0
1.7 0 -1.69249e-12 1169.31 2191.69 1169.31 0
1.72 0 -1.40951e-12 885.746 1639.33 885.746 0
1.74 0 -1.55873e-11 441.272 798.794 441.272 0
1.76 0 -1.29839e-12 -75.7159 -149.732 -75.7159 0
1.78 0 -2.10391e-11 -514.055 -918.047 -514.055 0
1.8 0 9.08648e-12 -812.23 -1417.98 -812.23 0
1.82 0 -6.88836e-12 -1061.98 -1882.56 -1061.98 0
1.84 0 -3.51671e-11 -1410.79 -2632.96 -1410.79 0
1.86 0 2.92532e-11 -1906.97 -3738.15 -1906.97 0
1.88 0 5.49139e-11 -2444.85 -4922.23 -2444.85 0
1.9 0 2.37295e-11 -2858.09 -5801.28 -2858.09 0
1.92 0 -8.31152e-11 -3066.33 -6218.83 -3066.33 0
1.94 0 7.47414e-12 -3135.29 -6363.86 -3135.29 0
1.96 0 -1.58999e-11 -3196.95 -6556.77 -3196.95 0
1.98 0 2.12338e-12 -3307.54 -6899 -3307.54 0
2 0 1.10609e-11 -3379.65 -7126.54 -3379.65 0
2.02 0 2.13102e-11 -3254.77 -6823.65 -3254.77 0
2.04 0 -6.38246e-11 -2844.81 -5791.99 -2844.81 0
2.06 0 2.0222e-11 -2207.36 -4220.88 -2207.36 0
2.08 0 -4.61254e-12 -1490.81 -2516.87 -1490.81 0
2.1 0 -1.77632e-11 -806.474 -966.527 -806.474 0
2.12 0 3.72913e-11 -145.048 467.429 -145.048 0
2.14 0 3.48592e-11 585.156 2036.07 585.156 0
2.16 0 -1.49503e-11 1434.06 3882 1434.06 0
2.18 0 -8.84182e-11 2325.89 5825.01 2325.89 0
2.2 0 1.31955e-10 3102.84 7474.68 3102.84 0
2.22 0 1.81277e-12 3648.21 8539.81 3648.21 0
2.24 0 -3.24739e-11 3967.47 9029.32 3967.47 0
2.26 0 4.36328e-11 4162.71 9200.11 4162.71 0
2.28 0 -1.389e-11 4332.61 9326.82 4332.61 0
2.3 0 -3.94876e-12 4487.08 9479.99 4487.08 0
2.32 0 3.53664e-11 4549.41 9494.94 4549.41 0
2.34 0 2.27973e-11 4437.35 9158.46 4437.35 0
2.36 0 -1.0983e-11 4143.92 8434.6 4143.92 0
2.38 0 7.33764e-12 3746.67 7513.06 3746.67 0
2.4 0 -6.11365e-11 3341.19 6642.16 3341.19 0
2.42 0 -3.54587e-11 2960.77 5912.59 2960.77 0
2.44 0 1.4956e-11 2557.58 5201.43 2557.58 0
2.46 0 1.09962e-11 2060.57 4317.94 2060.57 0
2.48 0 -6.09162e-12 1447.16 3186.08 1447.16 0
2.5 0 -1.30742e-11 767.245 1906.11 767.245 0
2.52 0 -2.22666e-12 110.069 677.491 110.069 0
2.54 0 -3.05758e-12 -460.575 -350.422 -460.575 0
2.56 0 9.27429e-13 -950.612 -1182.16 -950.612 0
2.58 0 -1.92213e-11 -1413.08 -1938.84 -1413.08 0
2.6 0 4.34023e-11 -1875.88 -2709.83 -1875.88 0
2.62 0 -2.49373e-11 -2293.42 -3428.17 -2293.42 0
2.64 0 -1.95373e-11 -2568.89 -3877.23 -2568.89 0
2.66 0 -1.29418e-11 -2623.49 -3832.81 -2623.49 0
2.68 0 5.00122e-12 -2458.19 -3258.13 -2458.19 0
2.7 0 4.8531e-11 -2155.63 -2376.54 -2155.63 0
2.72 0 3.49502e-11 -1810.89 -1504.71 -1810.89 0
2.74 0 -3.96911e-11 -1450.04 -780.477 -1450.04 0
2.76 0 1.38759e-11 -1022.25 -73.7876 -1022.25 0
2.78 0 -2.45979e-11 -482.18 796.833 -482.18 0
2.8 0 -9.07157e-12 134.098 1792.03 134.098 0
2.82 0 -8.18282e-12 735.498 2658.61 735.498 0
2.84 0 -1.985e-11 1266.33 3191.27 1266.33 0
2.86 0 1.22374e-11 1743.68 3417.71 1743.68 0
2.88 0 3.09956e-11 2200.4 3499.72 2200.4 0
2.9 0 -3.21958e-11 2609.15 3494.04 2609.15 0
2.92 0 2.45639e-11 2877.96 3253.9 2877.96 0
2.94 0 -8.60638e-12 2923.68 2566.01 2923.68 0
2.96 0 2.37254e-11 2746.4 1367.03 2746.4 0
2.98 0 -1.2199e-11 2426.41 -179.896 2426.41 0
3 0 -1.39007e-11 2045.6 -1814.68 2045.6 0
3.02 0 -5.9509e-12 1612.56 -3384.95 1612.56 0
3.04 0 1.9382e-12 1067.96 -4928.15 1067.96 0
3.06 0 1.53417e-12 368.13 -6547.14 368.13 0
3.08 0 4.78736e-11 -438.336 -8210.79 -438.336 0
3.1 0 -9.8966e-12 -1229.63 -9712.96 -1229.63 0
3.12 0 -9.11902e-11 -1921.36 -10865.6 -1921.36 0
3.14 0 1.03007e-10 -2551.8 -11702.6 -2551.8 0
3.16 0 -1.14638e-10 -3230.82 -12416.8 -3230.82 0
3.18 0 9.93732e-11 -4000.68 -13099.6 -4000.68 0
3.2 0 -1.67831e-11 -4772.4 -13619.8 -4772.4 0
3.22 0 -1.06561e-10 -5409.94 -13777.4 -5409.94 0
3.24 0 3.62707e-11 -5852.05 -13503.7 -5852.05 0
3.26 0 -2.0055e-10 -6133.22 -12871.3 -6133.22 0
3.28 0 6.76285e-11 -6306.06 -11964.8 -6306.06 0
3.3 0 2.27099e-10 -6366.85 -10788.7 -6366.85 0
3.32 0 -3.5706e-11 -6256.8 -9293.82 -6256.8 0
3.34 0 2.70519e-11 -5925.05 -7477.81 -5925.05 0
3.36 0 1.9233e-11 -5376.39 -5433.98 -5376.39 0
3.38 0 -3.21045e-11 -4650.92 -3270.22 -4650.92 0
3.4 0 -4.76851e-11 -3772.49 -1003.94 -3772.49 0
3.42 0 2.6207e-11 -2737.52 1414.4 -2737.52 0
3.44 0 1.86667e-11 -1549.4 3979.94 -1549.4 0
3.46 0 -7.49428e-11 -245.041 6574.27 -245.041 0
3.48 0 9.30732e-11 1114.95 9024.88 1114.95 0
3.5 0 -9.76453e-11 2473.31 11200.8 2473.31 0
3.52 0 -3.41175e-11 3792.99 13061.1 3792.99 0
3.54 0 -5.36638e-11 5053.37 14636.7 5053.37 0
3.56 0 -4.09192e-12 6228.53 15956.6 6228.53 0
3.58 0 2.42489e-10 7262.86 16959.3 7262.86 0
3.6 0 -1.51833e-10 8075.48 17479.8 8075.48 0
3.62 0 -1.33767e-10 8610.87 17380.9 8610.87 0
3.64 0 1.09497e-10 8894.59 16734.4 8894.59 0
3.66 0 5.11472e-11 9021.88 15838.8 9021.88 0
3.68 0 4.13726e-11 9067.92 14988.3 9067.92 0
3.7 0 -6.7141e-11 9006.52 14204.9 9006.52 0
3.72 0 4.08476e-11 8728.94 13229.9 8728.94 0
3.74 0 1.30613e-10 8144.58 11789.9 8144.58 0
3.76 0 -5.07828e-11 7259.93 9853.25 7259.93 0
3.78 0 -1.23811e-10 6164.35 7633.4 6164.35 0
3.8 0 2.03583e-11 4948.96 5377.15 4948.96 0
3.82 0 2.57518e-11 3639.59 3161.26 3639.59 0
3.84 0 1.30652e-11 2198.81 862.281 2198.81 0
3.86 0 -6.59104e-12 591.143 -1687.43 591.143 0
3.88 0 4.07218e-11 -1143.28 -4478.82 -1143.28 0
3.9 0 -7.18778e-11 -2869.84 -7227.68 -2869.84 0
3.92 0 -4.24426e-12 -4417.01 -9507.48 -4417.01 0
3.94 0 9.67192e-11 -5664.37 -11012.6 -5664.37 0
3.96 0 8.54249e-11 -6584.97 -11717.7 -6584.97 0
3.98 0 -1.37329e-10 -7212.05 -11807.9 -7212.05 0
4 0 -5.20479e-11 -7564.76 -11455.5 -7564.76 0
4.02 0 1.64178e-10 -7600.07 -10641.5 -7600.07 0
4.04 0 -8.0849e-11 -7244.12 -9209.5 -7244.12 0
4.06 0 8.53947e-11 -6480.71 -7118.52 -6480.71 0
4.08 0 5.93678e-11 -5400.88 -4616.72 -5400.88 0
4.1 0 -2.10933e-10 -4153.42 -2123.67 -4153.42 0
4.12 0 6.97965e-11 -2857.07 30.1228 -2857.07 0
4.14 0 -3.72971e-11 -1573.42 1708.12 -1573.42 0
4.16 0 -2.39808e-12 -341.654 2881.35 -341.654 0
4.18 0 2.74261e-11 798.19 3550.48 798.19 0
4.2 0 1.2813e-11 1821.37 3770.23 1821.37 0
4.22 0 -4.41749e-11 2728.89 3660.55 2728.89 0
4.24 0 2.88142e-11 3529.03 3342.44 3529.03 0
4.26 0 -5.64371e-11 4222.5 2897.88 4222.5 0
4.28 0 -3.96499e-11 4804.66 2393.63 4804.66 0
4.3 0 4.81855e-11 5268.95 1902.4 5268.95 0
4.32 0 2.1142e-11 5611.14 1502.44 5611.14 0
4.34 0 7.42153e-12 5832.42 1261.26 5832.42 0
4.36 0 8.74902e-11 5918.42 1161.23 5918.42 0
4.38 0 -4.4294e-11 5803.98 1005.54 5803.98 0
4.4 0 7.96027e-12 5373.34 439.091 5373.34 0
4.42 0 -3.38303e-11 4510.04 -896.953 4510.04 0
4.44 0 -2.01934e-11 3160.17 -3191.32 3160.17 0
4.46 0 1.06861e-11 1361.8 -6379.45 1361.8 0
4.48 0 -3.20343e-11 -784.443 -10210.8 -784.443 0
4.5 0 1.0603e-10 -3176.69 -14421.8 -3176.69 0
4.52 0 -1.48908e-10 -5749.54 -18871.7 -5749.54 0
4.54 0 1.88846e-10 -8463.29 -23530.8 -8463.29 0
4.56 0 -5.40123e-11 -11258 -28321.8 -11258 0
4.58 0 -2.76164e-10 -14008.9 -32946.5 -14008.9 0
4.6 0 1.9678e-10 -16531.3 -36899.7 -16531.3 0
4.62 0 4.14907e-10 -18643.6 -39711.6 -18643.6 0
4.64 0 -7.52333e-10 -20223.7 -41172.1 -20223.7 0
4.66 0 4.43434e-10 -21202.6 -41289.3 -21202.6 0
4.68 0 -4.45745e-11 -21524.4 -40068.2 -21524.4 0
4.7 0 -5.1185e-10 -21128.8 -37375.9 -21128.8 0
4.72 0 2.12936e-10 -19956.9 -32994 -19956.9 0
4.74 0 5.1381e-10 -17969.5 -26781.9 -17969.5 0
4.76 0 -4.4647e-10 -15181.8 -18841.1 -15181.8 0
4.78 0 7.88102e-11 -11700 -9566.88 -11700 0
4.8 0 5.37551e-11 -7718.49 473.264 -7718.49 0
4.82 0 -1.56914e-11 -3464.02 10740.4 -3464.02 0
4.84 0 4.05113e-11 872.246 20841.7 872.246 0
4.86 0 -2.68172e-11 5180.66 30550.2 5180.66 0
4.88 0 5.24928e-11 9440.92 39811.5 9440.92 0
4.9 0 1.78192e-11 13680.2 48714.5 13680.2 0
4.92 0 -2.21844e-10 17894.3 57351.7 17894.3 0
4.94 0 9.59757e-11 21992 65644.4 21992 0
4.96 0 -8.0381e-10 25817.5 73309.5 25817.5 0
4.98 0 -1.29717e-10 29225.5 80001.3 29225.5 0
5 0 -7.38676e-10 32131.4 85471.9 32131.4 0
5.02 0 -4.59524e-11 34493.2 89589.9 34493.2 0
5.04 0 -9.46976e-10 36244.7 92201.4 36244.7 0
5.06 0 -9.33641e-10 37242.3 92958.4 37242.3 0
5.08 0 -1.45851e-10 37272.3 91277.4 37272.3 0
5.1 0 3.03171e-10 36120.5 86510.1 36120.5 0
5.12 0 -8.09684e-11 33653.2 78218.4 33653.2 0
5.14 0 -4.98578e-10 29837.5 66311.7 29837.5 0
5.16 0 5.61405e-11 24687.2 50914.3 24687.2 0
5.18 0 -5.75768e-10 18196.4 32114.2 18196.4 0
5.2 0 -2.26019e-10 10344.7 9901.5 10344.7 0
5.22 0 3.02439e-10 1202.97 -15541.5 1202.97 0
5.24 0 -2.6859e-10 -8929.63 -43389.9 -8929.63 0
5.26 0 2.11835e-10 -19490.4 -72010.3 -19490.4 0
5.28 0 -1.09688e-10 -29796 -99351.2 -29796 0
5.3 0 5.49771e-12 -39263.5 -123611 -39263.5 0
5.32 0 -1.2941e-09 -47523 -143615 -47523 0
5.34 0 -2.58424e-10 -54340.2 -158649 -54340.2 0
5.36 0 1.87327e-09 -59448.4 -168093 -59448.4 0
5.38 0 4.72666e-12 -62497.8 -171427 -62497.8 0
5.4 0 2.58304e-09 -63403.9 -168916 -63403.9 0
5.42 0 -3.88313e-10 -62600.9 -161928 -62600.9 0
5.44 0 -7.97486e-10 -60488.8 -151691 -60488.8 0
5.46 0 -4.30009e-10 -57113.1 -138386 -57113.1 0
5.48 0 -5.75662e-10 -52238.1 -121479 -52238.1 0
5.5 0 7.42295e-10 -45686.2 -100852 -45686.2 0
5.52 0 4.15798e-10 -37646.2 -77307.7 -37646.2 0
5.54 0 -1.426e-09 -28482.4 -51892.6 -28482.4 0
5.56 0 -3.16307e-10 -18574.6 -25514.7 -18574.6 0
5.58 0 -2.26485e-10 -8273.52 934.811 -8273.52 0
5.6 0 -1.11243e-10 1982.35 26267.6 1982.35 0
5.62 0 -1.76016e-10 11642.4 49098.2 11642.4 0
5.64 0 2.31399e-10 20192.5 68294 20192.5 0
5.66 0 6.07496e-11 27324.5 83310.2 27324.5 0
5.68 0 1.4263e-10 32949 94095.4 32949 0
5.7 0 9.00935e-10 37073.4 100803 37073.4 0
5.72 0 -1.04287e-09 39720.9 103727 39720.9 0
5.74 0 -9.70263e-10 40973 103497 40973 0
5.76 0 -2.55539e-10 41033.5 101120 41033.5 0
5.78 0 4.92116e-10 40176.9 97625.7 40176.9 0
5.8 0 4.61419e-10 38586.7 93492.6 38586.7 0
5.82 0 -1.08239e-09 36262 88495.3 36262 0
5.84 0 4.3217e-10 33134.4 82296.9 33134.4 0
5.86 0 1.03888e-09 29254.6 75056.6 29254.6 0
5.88 0 4.23571e-11 24823.5 67332.8 24823.5 0
5.9 0 -1.99527e-10 20086.5 59612 20086.5 0
5.92 0 -1.03491e-10 15220.2 52008.2 15220.2 0
5.94 0 -7.22144e-10 10257.1 44194.6 10257.1 0
5.96 0 3.09387e-10 5062.37 35403.2 5062.37 0
5.98 0 -1.08823e-10 -603.492 24563.6 -603.492 0
6 0 6.74625e-11 -6915.66 10804.8 -6915.66 0
6.02 0 -3.50331e-10 -13766 -5801.55 -13766 0
6.04 0 -8.55157e-11 -20616.1 -23826.6 -20616.1 0
6.06 0 5.28544e-10 -26641 -40962.5 -26641 0
6.08 0 -5.1441e-10 -31173.7 -55311.4 -31173.7 0
6.1 0 6.65871e-10 -34080.4 -66511.4 -34080.4 0
6.12 0 2.25465e-10 -35722.7 -75628.1 -35722.7 0
6.14 0 9.64295e-10 -36485.7 -83883.6 -36485.7 0
6.16 0 -2.65987e-11 -36317.3 -91396.3 -36317.3 0
6.18 0 -2.53487e-10 -34766.3 -97063.5 -34766.3 0
6.2 0 -1.18748e-10 -31488.7 -99682.6 -31488.7 0
6.22 0 9.99291e-10 -26770.8 -99284.6 -26770.8 0
6.24 0 7.69155e-10 -21995.4 -96839.9 -21995.4 0
6.26 0 3.70726e-10 -17843.7 -92740.8 -17843.7 0
6.28 0 6.53453e-10 -12366.2 -86266 -12366.2 0
6.3 0 -9.01083e-10 -3552.25 -75552.2 -3552.25 0
6.32 0 6.40667e-11 17526.8 -62290.9 17526.8 0
6.34 0 1.92241e-11 47744.5 -48900.4 47744.5 0
6.36 0 -1.29368e-10 69604.1 -31560.3 69604.1 0
6.38 0 7.1334e-10 82860.3 -10787.8 82860.3 0
6.4 0 8.18626e-10 92938.2 9927.53 92938.2 0
6.42 0 -9.51591e-10 100850 29793.8 100850 0
6.44 0 7.87193e-10 106851 47487.6 106851 0
6.46 0 1.29673e-09 111172 61739 111172 0
6.48 0 -4.4209e-10 112784 71438 112784 0
6.5 0 -2.92375e-09 110938 76283.1 110938 0
6.52 0 2.13379e-09 106933 76957.1 106933 0
6.54 0 -3.10568e-09 101629 75231.2 101629 0
6.56 0 -3.73884e-10 95523.9 72093.7 95523.9 0
6.58 0 -9.85847e-11 87830.3 67125.7 87830.3 0
6.6 0 1.085e-09 77737 59712.5 77737 0
6.62 0 -1.72322e-10 64849.1 50558.6 64849.1 0
6.64 0 6.26857e-11 49985 41389.9 49985 0
6.66 0 9.89514e-10 34764.4 33564.5 34764.4 0
6.68 0 -1.53237e-10 20195.9 27224.4 20195.9 0
6.7 0 2.26161e-11 5601.51 21719.6 5601.51 0
6.72 0 1.89493e-10 -10150.5 16497.2 -10150.5 0
6.74 0 -5.02774e-11 -27129.2 11546.3 -27129.2 0
6.76 0 -1.15093e-10 -44504.4 7096.39 -44504.4 0
6.78 0 -2.39045e-10 -61492.3 2901.32 -61492.3 0
6.8 0 -8.36558e-10 -76275.9 -2155.74 -76275.9 0
6.82 0 2.77205e-10 -85862.7 -9515.15 -85862.7 0
6.84 0 2.32147e-10 -90110.9 -19758.6 -90110.9 0
6.86 0 -9.75826e-10 -93757.5 -31390.9 -93757.5 0
6.88 0 1.36755e-09 -97136.5 -43284.8 -97136.5 0
6.9 0 -1.11611e-10 -98868.3 -54810.3 -98868.3 0
6.92 0 1.12731e-09 -99595.3 -65426.8 -99595.3 0
6.94 0 2.98069e-10 -98803.8 -75295.5 -98803.8 0
6.96 0 1.03711e-09 -96658.8 -83781.2 -96658.8 0
6.98 0 -8.98358e-10 -92866.6 -89820.7 -92866.6 0
7 0 1.38231e-09 -87075.4 -91914.1 -87075.4 0
7.02 0 -9.13847e-11 -78765.9 -88880.6 -78765.9 0
7.04 0 1.94499e-10 -67839.3 -80808.1 -67839.3 0
7.06 0 4.38633e-10 -54514.7 -69131.3 -54514.7 0
7.08 0 -7.57362e-10 -39305.8 -55716.6 -39305.8 0
7.1 0 4.33856e-10 -22862.8 -41837 -22862.8 0
7.12 0 5.4186e-10 -6147.68 -28089 -6147.68 0
7.14 0 -5.76611e-11 9533.45 -14835.1 9533.45 0
7.16 0 1.80227e-10 22765.9 -2494.64 22765.9 0
7.18 0 -1.49835e-10 32324.2 8596.93 32324.2 0
7.2 0 4.479e-10 37182.8 18065.1 37182.8 0
7.22 0 -1.35258e-10 39249.9 25170 39249.9 0
7.24 0 3.15636e-10 40480.2 30501.7 40480.2 0
7.26 0 -9.28724e-10 40522.8 36120.4 40522.8 0
7.28 0 -6.51125e-10 39966.9 43261.8 39966.9 0
7.3 0 -1.51444e-09 39145 51824.4 39145 0
7.32 0 -6.18882e-10 37928.6 60958.5 37928.6 0
7.34 0 1.30808e-09 36253.1 70022.1 36253.1 0
7.36 0 5.48149e-10 34003.7 78854 34003.7 0
7.38 0 -2.11111e-09 31055.8 87065.3 31055.8 0
7.4 0 2.53245e-10 27206.1 93730.6 27206.1 0
7.42 0 9.36068e-10 22317.8 97799.6 22317.8 0
7.44 0 3.92988e-10 16448.4 98606.5 16448.4 0
7.46 0 5.75036e-10 9901.4 95955.4 9901.4 0
7.48 0 -3.58462e-10 3047.91 89756.1 3047.91 0
7.5 0 -2.65532e-10 -3866.43 79765.1 -3866.43 0
7.52 0 2.39547e-10 -10749.5 65763 -10749.5 0
7.54 0 1.5807e-11 -17431.7 48155.3 -17431.7 0
7.56 0 -1.1512e-10 -23896.5 28165.2 -23896.5 0
7.58 0 -1.24335e-10 -30154.8 6931.39 -30154.8 0
7.6 0 3.0014e-10 -35688.9 -15121.3 -35688.9 0
7.62 0 -8.96482e-11 -40313.5 -37508.4 -40313.5 0
7.64 0 -9.0803e-10 -44024.1 -59111.3 -44024.1 0
7.66 0 9.60589e-10 -46490.7 -78353.6 -46490.7 0
7.68 0 4.7021e-10 -47328.7 -93656.4 -47328.7 0
7.7 0 1.95599e-10 -46131 -103977 -46131 0
7.72 0 -4.7182e-10 -42690.7 -108778 -42690.7 0
7.74 0 -8.78822e-10 -36991 -107732 -36991 0
7.76 0 9.42484e-11 -29329.1 -100948 -29329.1 0
7.78 0 -5.48475e-10 -20308.3 -89376.3 -20308.3 0
7.8 0 -2.45012e-10 -10654.7 -74585.2 -10654.7 0
7.82 0 -2.19513e-10 -1006.55 -58119.6 -1006.55 0
7.84 0 9.13066e-12 8156.6 -40913.9 8156.6 0
7.86 0 2.03661e-10 16487.2 -23172.9 16487.2 0
7.88 0 -2.69084e-11 23781.5 -4773.66 23781.5 0
7.9 0 2.94277e-10 29772.6 14121.6 29772.6 0
7.92 0 -7.1381e-10 34831.4 32698.7 34831.4 0
7.94 0 7.84419e-10 38906.1 50330.1 38906.1 0
7.96 0 7.65799e-10 41789.3 66976.5 41789.3 0
7.98 0 -1.30991e-09 43874.4 82822.4 43874.4 0
8 0 -2.89356e-11 45288.7 97837.7 45288.7 0
8.02 0 7.85542e-10 45999.5 111323 45999.5 0
8.04 0 5.81875e-10 45645.2 122264 45645.2 0
8.06 0 -9.80194e-10 43894.1 129741 43894.1 0
8.08 0 3.50173e-10 40554 132969 40554 0
8.1 0 -2.61349e-10 35607.2 131137 35607.2 0
8.12 0 -5.52278e-10 29183.4 123756 29183.4 0
8.14 0 9.02946e-10 21465.1 110976 21465.1 0
8.16 0 -1.31626e-10 12559.3 93378.5 12559.3 0
8.18 0 2.439e-10 2555.7 71609.7 2555.7 0
8.2 0 4.33797e-11 -8285.38 46264.5 -8285.38 0
8.22 0 7.0503e-11 -19394 18191 -19394 0
8.24 0 3.10163e-10 -29894.9 -11266.9 -29894.9 0
8.26 0 2.46476e-11 -38867.8 -40481.2 -38867.8 0
8.28 0 1.1522e-10 -46682.9 -67907.6 -46682.9 0
8.3 0 -1.42165e-10 -53355.5 -92802 -53355.5 0
8.32 0 -1.90464e-09 -58539.1 -114898 -58539.1 0
8.34 0 -2.48742e-10 -62290.9 -133655 -62290.9 0
8.36 0 5.21051e-10 -64257.5 -148222 -64257.5 0
8.38 0 1.93593e-10 -64317.3 -157687 -64317.3 0
8.4 0 3.58731e-09 -62535 -161807 -62535 0
8.42 0 -5.92068e-11 -59286.2 -161269 -59286.2 0
8.44 0 1.52603e-09 -54803.9 -156882 -54803.9 0
8.46 0 -1.71393e-09 -49036.9 -148439 -49036.9 0
8.48 0 -6.84451e-10 -41808 -134999 -41808 0
8.5 0 -4.4053e-10 -33225.2 -116548 -33225.2 0
8.52 0 6.22959e-10 -23773.9 -94541.7 -23773.9 0
8.54 0 -2.93475e-10 -13992.4 -70655.2 -13992.4 0
8.56 0 1.94245e-10 -4243.75 -45670.3 -4243.75 0
8.58 0 -5.80557e-11 5230.25 -19618.8 5230.25 0
8.6 0 2.39703e-12 14027.9 7147.32 14027.9 0
8.62 0 3.24263e-12 21808 33301.3 21808 0
8.64 0 5.41301e-10 28459.6 57126.9 28459.6 0
8.66 0 1.43771e-10 33676.1 77658.6 33676.1 0
8.68 0 2.92989e-10 37462.9 94870.4 37462.9 0
8.7 0 -3.79404e-10 40057.3 109086 40057.3 0
8.72 0 4.28111e-10 41487.9 120368 41487.9 0
8.74 0 -3.71316e-10 41738 128419 41738 0
8.76 0 8.90129e-10 40779.2 133027 40779.2 0
8.78 0 -1.74511e-10 38745 134417 38745 0
8.8 0 6.19305e-10 35754.2 132907 35754.2 0
8.82 0 9.6679e-10 31666.8 127956 31666.8 0
8.84 0 1.15005e-09 26214.4 118357 26214.4 0
8.86 0 -2.52185e-10 19395 103796 19395 0
8.88 0 1.06168e-09 11574 85410.3 11574 0
8.9 0 4.13078e-10 3243.49 64760.5 3243.49 0
8.92 0 -2.7859e-10 -5191.2 42770.8 -5191.2 0
8.94 0 1.18871e-12 -13367.8 19690.9 -13367.8 0
8.96 0 -1.26173e-10 -20934.4 -4086.52 -20934.4 0
8.98 0 2.75237e-10 -27873.1 -27450.4 -27873.1 0
9 0 1.81051e-10 -33867.9 -49064.9 -33867.9 0
9.02 0 -9.44469e-10 -38612 -68018.6 -38612 0
9.04 0 -1.47034e-09 -42141.7 -84049.4 -42141.7 0
9.06 0 3.91731e-10 -44400.1 -97279.1 -44400.1 0
9.08 0 1.76543e-09 -45392.9 -107661 -45392.9 0
9.1 0 -7.19628e-10 -45085 -114849 -45085 0
9.12 0 1.61153e-09 -43524.2 -118448 -43524.2 0
9.14 0 -6.57067e-10 -40830.5 -118463 -40830.5 0
9.16 0 7.72347e-10 -37092.1 -115186 -37092.1 0
9.18 0 -1.28008e-09 -32279.1 -108715 -32279.1 0
9.2 0 1.7787e-09 -26474.7 -99265.8 -26474.7 0
9.22 0 -8.33953e-10 -20063.2 -87824.5 -20063.2 0
9.24 0 -4.82839e-11 -13570.2 -75712.7 -13570.2 0
9.26 0 3.84814e-11 -7279.37 -63399.5 -7279.37 0
9.28 0 2.80997e-10 -1079.25 -50107.9 -1079.25 0
9.3 0 3.81681e-11 5198.11 -34848.5 5198.11 0
9.32 0 2.21305e-11 11205.2 -17915.6 11205.2 0
9.34 0 5.51808e-11 16465.4 -1045.29 16465.4 0
9.36 0 1.31435e-11 20837.9 14238.4 20837.9 0
9.38 0 -1.13324e-09 24254.8 28064.4 24254.8 0
9.4 0 3.89002e-10 27100.3 41596.3 27100.3 0
9.42 0 1.94787e-10 29712.6 55408.2 29712.6 0
9.44 0 5.20665e-10 31808.5 68613.2 31808.5 0
9.46 0 -1.82493e-09 32871.8 79467.1 32871.8 0
9.48 0 2.1723e-10 32541.3 86727.2 32541.3 0
9.5 0 1.29644e-09 30907.1 90298.3 30907.1 0
9.52 0 7.47608e-11 28246.2 90675.5 28246.2 0
9.54 0 2.42844e-10 24647.4 87901.6 24647.4 0
9.56 0 -3.33338e-10 19971.8 81455.6 19971.8 0
9.58 0 -3.36449e-10 14149.5 71121.1 14149.5 0
9.6 0 -4.94649e-10 7384.66 57543.1 7384.66 0
9.62 0 5.2487e-11 94.5375 41870.9 94.5375 0
9.64 0 1.03736e-10 -7273.94 25112.6 -7273.94 0
9.66 0 -1.65647e-10 -14307.6 7956.53 -14307.6 0
9.68 0 -2.60528e-10 -20554.1 -8939.32 -20554.1 0
9.7 0 -2.58724e-10 -25654.9 -24757.5 -25654.9 0
9.72 0 4.3121e-10 -29657 -38763.3 -29657 0
9.74 0 -6.07563e-10 -32485.6 -50706.7 -32485.6 0
9.76 0 -3.83836e-10 -34086.3 -60585.5 -34086.3 0
9.78 0 -4.74566e-10 -34500.9 -68169.2 -34500.9 0
9.8 0 -2.2248e-10 -33569.7 -72905.8 -33569.7 0
9.82 0 -3.5209e-10 -31230.5 -74270.7 -31230.5 0
9.84 0 1.22961e-11 -27561 -72261.4 -27561 0
9.86 0 3.98443e-10 -22837.1 -67396.7 -22837.1 0
9.88 0 -4.79356e-10 -17379.9 -60357.7 -17379.9 0
9.9 0 2.27391e-10 -11412 -51606.3 -11412 0
9.92 0 1.93837e-10 -5012.04 -41301.7 -5012.04 0
9.94 0 1.45865e-10 1747.42 -29543.1 1747.42 0
9.96 0 1.11975e-10 8629.11 -16675.8 8629.11 0
9.98 0 -3.99679e-11 15204 -3358.51 15204 0
10 0 4.7102e-11 21037.6 9673.86 21037.6 0
10.02 0 -1.48411e-10 25922.3 21945.7 25922.3 0
10.04 0 1.56984e-11 29865.3 33332.7 29865.3 0
10.06 0 7.59519e-10 33031.8 43831.1 33031.8 0
10.08 0 3.4587e-10 35524.2 53309.3 35524.2 0
10.1 0 5.75441e-10 37058.9 61390.8 37058.9 0
10.12 0 -3.23157e-11 37397.4 67468.6 37397.4 0
10.14 0 2.22716e-11 36521.4 71054.1 36521.4 0
10.16 0 -3.42867e-10 34496.4 72058.5 34496.4 0
10.18 0 -2.70887e-10 31422 70549.8 31422 0
10.2 0 6.91301e-10 27285.5 66403.8 27285.5 0
10.22 0 -4.13864e-10 22047.9 59329 22047.9 0
10.24 0 2.63412e-11 15760.9 49265.4 15760.9 0
10.26 0 -6.39071e-10 8675.42 36702 8675.42 0
10.28 0 -9.69148e-11 1184.12 22563.4 1184.12 0
10.3 0 -5.84841e-11 -6311.7 7827.36 -6311.7 0
10.32 0 3.89216e-10 -13500 -6742.5 -13500 0
10.34 0 2.55497e-11 -20146.5 -20614.3 -20146.5 0
10.36 0 2.87409e-10 -26021.4 -33407.2 -26021.4 0
10.38 0 2.09335e-10 -30851.9 -44850.9 -30851.9 0
10.4 0 3.39652e-10 -34308.9 -54765.8 -34308.9 0
10.42 0 -9.21802e-11 -36438.8 -62943 -36438.8 0
10.44 0 4.36055e-10 -37493.3 -69203.9 -37493.3 0
10.46 0 1.58415e-10 -37354.9 -73448.7 -37354.9 0
10.48 0 -2.21443e-10 -36032.3 -75492.4 -36032.3 0
10.5 0 -2.51328e-10 -33584.8 -75161.2 -33584.8 0
10.52 0 5.1135e-10 -29955.9 -72346.7 -29955.9 0
10.54 0 -6.53093e-10 -25215.8 -67031.1 -25215.8 0
10.56 0 -1.73245e-10 -19537.5 -59441.9 -19537.5 0
10.58 0 -3.49415e-11 -13198.2 -50080.9 -13198.2 0
10.6 0 6.66732e-11 -6448.28 -39547.8 -6448.28 0
10.62 0 -1.08413e-10 550.003 -28252.2 550.003 0
10.64 0 -1.4422e-10 7684.31 -16343.2 7684.31 0
10.66 0 7.36097e-11 14745.7 -3955.36 14745.7 0
10.68 0 -1.72567e-10 21335.7 8481.14 21335.7 0
10.7 0 3.21661e-10 26953.8 20241.1 26953.8 0
10.72 0 3.12867e-10 31203.5 30670 31203.5 0
10.74 0 -6.68681e-10 34059.5 39485.6 34059.5 0
10.76 0 -2.47427e-10 35990.6 46786.3 35990.6 0
10.78 0 -8.91114e-10 37009 52878.3 37009 0
10.8 0 -4.14736e-10 36955.9 57670.2 36955.9 0
10.82 0 2.99681e-11 35836.6 60657.8 35836.6 0
10.84 0 -2.28319e-10 33595.6 61544.2 33595.6 0
10.86 0 5.02104e-10 30419 60532.5 30419 0
10.88 0 -3.91711e-11 26498.3 58124 26498.3 0
10.9 0 6.0649e-10 21966 54538.2 21966 0
10.92 0 6.5775e-10 16786.9 49473 16786.9 0
10.94 0 4.37298e-12 10885.8 42445 10885.8 0
10.96 0 -2.41535e-10 4330.13 33392.6 4330.13 0
10.98 0 -1.029e-10 -2563.2 22919.8 -2563.2 0
11 0 5.69687e-11 -9313.86 11996.1 -9313.86 0
11.02 0 3.10025e-11 -15462.9 1434.47 -15462.9 0
11.04 0 1.47191e-10 -20700 -8410.09 -20700 0
11.06 0 1.23938e-10 -24856.5 -17588 -24856.5 0
11.08 0 -9.94452e-11 -27846 -26212.9 -27846 0
11.1 0 6.51204e-10 -29977.3 -34147.2 -29977.3 0
11.12 0 -7.90302e-11 -31234.8 -41257.5 -31234.8 0
11.14 0 4.48725e-10 -31470.2 -47388 -31470.2 0
11.16 0 -7.64452e-11 -30832.6 -52378.1 -30832.6 0
11.18 0 -9.64334e-11 -29399.5 -56337.7 -29399.5 0
11.2 0 3.85629e-10 -27324 -59542.6 -27324 0
11.22 0 -2.69532e-10 -24642.3 -62148.8 -24642.3 0
11.24 0 6.33857e-10 -21309.3 -63827.1 -21309.3 0
11.26 0 4.64921e-10 -17215.5 -63866.1 -17215.5 0
11.28 0 -4.20947e-10 -12313.3 -61668.8 -12313.3 0
11.3 0 -2.24394e-10 -6702.62 -57205.3 -6702.62 0
11.32 0 1.05448e-10 -666.118 -51042.7 -666.118 0
11.34 0 1.99824e-10 5397.19 -43980.8 5397.19 0
11.36 0 3.29788e-12 11097.1 -36601 11097.1 0
11.38 0 7.06763e-11 16167.5 -29035.5 16167.5 0
11.4 0 3.81366e-11 20477.5 -21060.5 20477.5 0
11.42 0 -2.15063e-10 23839.9 -12427.3 23839.9 0
11.44 0 2.9751e-10 26497.4 -3332.81 26497.4 0
11.46 0 4.02999e-10 28692.4 5780.13 28692.4 0
11.48 0 4.25472e-11 30053.7 14539.6 30053.7 0
11.5 0 -1.14081e-09 30529.2 22622.5 30529.2 0
11.52 0 9.21318e-10 30283.7 30068.6 30283.7 0
11.54 0 -1.09699e-10 29448 37254 29448 0
11.56 0 4.57332e-10 28133.3 44333.4 28133.3 0
11.58 0 -5.39189e-10 26227.4 50738.8 26227.4 0
11.6 0 -3.71132e-10 23524.6 55414.4 23524.6 0
11.62 0 3.77628e-10 19917.3 57687.2 19917.3 0
11.64 0 4.06539e-10 15541.1 57762.1 15541.1 0
11.66 0 -1.08063e-10 10659.8 56291.1 10659.8 0
11.68 0 -2.96635e-10 5462.3 53537.5 5462.3 0
11.7 0 1.5632e-10 -12.6207 49070 -12.6207 0
11.72 0 1.01237e-11 -5746.86 42266.1 -5746.86 0
11.74 0 5.97604e-11 -11564.9 33020.4 -11564.9 0
11.76 0 -1.40035e-10 -17080.4 21894.9 -17080.4 0
11.78 0 -5.53624e-10 -21765.7 9643.33 -21765.7 0
11.8 0 -1.33577e-10 -25575.3 -3171.68 -25575.3 0
11.82 0 4.22179e-11 -28936.8 -16376.8 -28936.8 0
11.84 0 -5.00567e-10 -31680.6 -29988.5 -31680.6 0
11.86 0 6.38163e-10 -33655.9 -43572.1 -33655.9 0
11.88 0 -3.89767e-10 -34864.7 -56323.4 -34864.7 0
11.9 0 -4.89271e-10 -35135.6 -67533.7 -35135.6 0
11.92 0 1.54884e-09 -34437.5 -76800 -34437.5 0
11.94 0 -1.31735e-09 -32728.3 -83968.2 -32728.3 0
11.96 0 -2.06121e-10 -30007.2 -88854.4 -30007.2 0
11.98 0 -2.84562e-10 -26260.9 -91173.4 -26260.9 0
12 0 7.12681e-10 -21518.9 -90704.6 -21518.9 0
12.02 0 -2.04727e-10 -15871.1 -87490.5 -15871.1 0
12.04 0 4.23258e-10 -9494.59 -81898.7 -9494.59 0
12.06 0 -1.69912e-10 -2629.68 -74486.3 -2629.68 0
12.08 0 -1.69845e-10 4463.22 -65728 4463.22 0
12.1 0 9.82308e-11 11517.1 -55814.7 11517.1 0
12.12 0 -1.14219e-11 18228 -44697.8 18228 0
12.14 0 5.49195e-11 24213.2 -32320.8 24213.2 0
12.16 0 -2.77706e-10 28849.6 -18833.2 28849.6 0
12.18 0 -1.2608e-10 32571.1 -4950.98 32571.1 0
12.2 0 6.58936e-10 35861.4 8724.89 35861.4 0
12.22 0 9.24793e-10 38308.3 22135.6 38308.3 0
12.24 0 3.66674e-11 40047.1 35271.3 40047.1 0
12.26 0 -8.03693e-11 41199.2 48031.2 41199.2 0
12.28 0 4.04719e-11 41642.9 59914.3 41642.9 0
12.3 0 2.92296e-10 41163.2 70017.1 41163.2 0
12.32 0 3.45417e-10 39507.3 77363.9 39507.3 0
12.34 0 -7.21883e-10 36559.4 81256.1 36559.4 0
12.36 0 -2.23838e-10 32345.8 81461 32345.8 0
12.38 0 -6.45286e-11 27014.7 78213.2 27014.7 0
12.4 0 2.15268e-10 20779.3 72073 20779.3 0
12.42 0 -6.20682e-10 13889.9 63726.7 13889.9 0
12.44 0 -3.1244e-11 6636.2 53801.2 6636.2 0
12.46 0 -3.27162e-10 -634.003 42760.8 -634.003 0
12.48 0 -1.66115e-11 -7519.38 30959.5 -7519.38 0
12.5 0 -7.78457e-11 -13607.4 18786.4 -13607.4 0
12.52 0 1.44982e-10 -18499.3 6750.33 -18499.3 0
12.54 0 2.56902e-10 -21968.6 -4438.43 -21968.6 0
12.56 0 -6.30013e-10 -24479.8 -14162.5 -24479.8 0
12.58 0 4.31928e-10 -25961.5 -22459.3 -25961.5 0
12.6 0 1.79682e-10 -26305.5 -29615.1 -26305.5 0
12.62 0 -1.0434e-09 -25844.3 -35791.5 -25844.3 0
12.64 0 -2.83483e-10 -24627.4 -41084.1 -24627.4 0
12.66 0 5.6e-10 -22782.6 -45511.2 -22782.6 0
12.68 0 2.79316e-10 -20312.1 -49074.8 -20312.1 0
12.7 0 7.26483e-10 -17274.4 -51708.4 -17274.4 0
12.72 0 4.69604e-10 -13766.8 -53414.4 -13766.8 0
12.74 0 -2.19858e-12 -9984.44 -54426 -9984.44 0
12.76 0 7.2152e-10 -6136.25 -55101.3 -6136.25 0
12.78 0 -8.79318e-11 -2349.82 -55516.2 -2349.82 0
12.8 0 1.36513e-10 1372.74 -55222.1 1372.74 0
12.82 0 -5.83273e-11 5052.09 -53519.5 5052.09 0
12.84 0 2.43012e-11 8593.85 -49995.8 8593.85 0
12.86 0 -1.66198e-11 11754.4 -44773.7 11754.4 0
12.88 0 1.5161e-11 14167.3 -38268 14167.3 0
12.9 0 -3.36826e-11 16189 -30973.1 16189 0
12.92 0 -1.63524e-10 17906.1 -22902.7 17906.1 0
12.94 0 -2.13881e-10 19129.5 -13915.4 19129.5 0
12.96 0 1.44483e-10 19959.7 -4337.41 19959.7 0
12.98 0 2.85544e-10 20234.9 5218.45 20234.9 0
13 0 2.63957e-12 19905.9 14122.2 19905.9 0
13.02 0 3.73633e-10 18921.5 22034.8 18921.5 0
13.04 0 -4.02091e-10 17295.2 28755.3 17295.2 0
13.06 0 3.86435e-11 15001 34035.2 15001 0
13.08 0 3.5881e-10 12043.2 37641.3 12043.2 0
13.1 0 3.71451e-10 8532.59 39635.2 8532.59 0
13.12 0 -1.00146e-10 4705.59 40409.5 4705.59 0
13.14 0 1.54588e-10 808.958 40377.2 808.958 0
13.16 0 -2.83761e-11 -3001.34 39661 -3001.34 0
13.18 0 -8.05732e-12 -6634.67 38113 -6634.67 0
13.2 0 -1.06422e-10 -9937.36 35598 -9937.36 0
13.22 0 -3.07863e-11 -12626.1 32213.4 -12626.1 0
13.24 0 -9.44328e-11 -14240 28210.4 -14240 0
13.26 0 1.07304e-10 -15202.4 23967.5 -15202.4 0
13.28 0 -3.49624e-10 -15711.9 19258 -15711.9 0
13.3 0 1.77675e-10 -15758.8 13284.1 -15758.8 0
13.32 0 1.6018e-10 -15808.4 5320.67 -15808.4 0
13.34 0 2.27856e-11 -15992.9 -5033.37 -15992.9 0
13.36 0 -8.26651e-10 -16354 -17476.4 -16354 0
13.38 0 1.11399e-09 -16654.9 -31133.1 -16654.9 0
13.4 0 -3.99678e-10 -16637 -44877.1 -16637 0
13.42 0 2.51233e-10 -16105.6 -57785.1 -16105.6 0
13.44 0 3.83929e-11 -15031 -69320.4 -15031 0
13.46 0 1.99347e-10 -13469.9 -79156.8 -13469.9 0
13.48 0 2.25043e-10 -11453.1 -86791.4 -11453.1 0
13.5 0 5.6987e-10 -8910.17 -91407.7 -8910.17 0
13.52 0 -1.06624e-10 -5771.04 -92246 -5771.04 0
13.54 0 -3.61504e-12 -2163.54 -89170.9 -2163.54 0
13.56 0 -3.93625e-10 1507.82 -82813.7 1507.82 0
13.58 0 4.64462e-10 4723 -74104.7 4723 0
13.6 0 -9.08347e-12 7760.05 -63818.2 7760.05 0
13.62 0 3.53169e-11 10865.6 -51785 10865.6 0
13.64 0 -5.10343e-11 13967.9 -37287.7 13967.9 0
13.66 0 3.63521e-11 17170.5 -20288.8 17170.5 0
13.68 0 -2.53887e-10 20268 -1595.25 20268 0
13.7 0 -3.27445e-10 23041 17633 23041 0
13.72 0 4.86762e-10 25368.5 36586.1 25368.5 0
13.74 0 -2.21935e-10 27285.6 54895.5 27285.6 0
13.76 0 -2.88471e-10 28810.1 72250.1 28810.1 0
13.78 0 4.0456e-11 29823.5 88042.5 29823.5 0
13.8 0 -8.55497e-11 30115.6 101484 30115.6 0
13.82 0 6.74869e-10 29567.7 112020 29567.7 0
13.84 0 1.6804e-09 28247.5 119553 28247.5 0
13.86 0 -9.90184e-10 26310 124243 26310 0
13.88 0 2.9784e-10 23796.2 126127 23796.2 0
13.9 0 6.30383e-11 20568.4 124960 20568.4 0
13.92 0 -7.02106e-10 16470.5 120427 16470.5 0
13.94 0 8.35938e-10 11529.7 112356 11529.7 0
13.96 0 -6.39504e-10 6159.13 100555 6159.13 0
13.98 0 -1.79431e-10 1282.81 84647.7 1282.81 0
14 0 1.89282e-10 -3934.3 64865.1 -3934.3 0
14.02 0 -9.16473e-12 -9688.7 41842.9 -9688.7 0
14.04 0 -1.22439e-12 -15285.9 16829.2 -15285.9 0
14.06 0 -3.9334e-10 -20635.8 -8327.05 -20635.8 0
14.08 0 -2.7847e-10 -25200.1 -32323.3 -25200.1 0
14.1 0 2.19277e-10 -28948.3 -54659.6 -28948.3 0
14.12 0 2.98388e-10 -31902.5 -75343.5 -31902.5 0
14.14 0 3.18423e-10 -34148.1 -93990.5 -34148.1 0
14.16 0 -1.79038e-09 -35546.5 -109575 -35546.5 0
14.18 0 1.55874e-10 -35917.8 -121066 -35917.8 0
14.2 0 -1.53213e-09 -35244.2 -128336 -35244.2 0
14.22 0 -5.34128e-10 -33779.4 -132245 -33779.4 0
14.24 0 7.48308e-10 -31779.9 -133592 -31779.9 0
14.26 0 1.35711e-09 -29163.6 -131948 -29163.6 0
14.28 0 -1.22502e-09 -25550.8 -125918 -25550.8 0
14.3 0 -3.51915e-10 -20704.1 -114552 -20704.1 0
14.32 0 -3.04948e-10 -14938.1 -98201.9 -14938.1 0
14.34 0 -4.96812e-10 -8786.16 -78241.5 -8786.16 0
14.36 0 6.46945e-11 -2447.97 -55969.3 -2447.97 0
14.38 0 -2.84349e-10 3883.44 -31877.5 3883.44 0
14.4 0 4.35467e-11 10142.5 -6212.22 10142.5 0
14.42 0 1.54117e-10 16330.6 20351.4 16330.6 0
14.44 0 1.08149e-09 22172.4 46617.7 22172.4 0
14.46 0 -1.57745e-11 27293.5 71189.4 27293.5 0
14.48 0 -1.7272e-09 31344.3 92871.6 31344.3 0
14.5 0 1.12216e-09 34180.3 110856 34180.3 0
14.52 0 -2.57821e-10 35851.4 124807 35851.4 0
14.54 0 -1.6945e-09 36494.3 134788 36494.3 0
14.56 0 -4.36272e-10 36136 140813 36136 0
14.58 0 1.5069e-10 34576.8 142255 34576.8 0
14.6 0 -2.37737e-10 31519.6 138049 31519.6 0
14.62 0 -1.03269e-09 26906.4 127878 26906.4 0
14.64 0 3.4663e-10 21107.8 112837 21107.8 0
14.66 0 -1.54246e-10 14697.5 94580.6 14697.5 0
14.68 0 -3.98648e-11 8149.72 74014 8149.72 0
14.7 0 -4.89198e-11 1435.44 51091.9 1435.44 0
14.72 0 -1.06783e-10 -5569.91 25765.6 -5569.91 0
14.74 0 -2.2897e-10 -12509.5 -1081.53 -12509.5 0
14.76 0 2.68004e-10 -19061.7 -27855.1 -19061.7 0
14.78 0 -4.45821e-11 -25013 -53313.2 -25013 0
14.8 0 6.16841e-10 -30175.3 -76919.4 -30175.3 0
14.82 0 -1.47756e-09 -34387.5 -98175.9 -34387.5 0
14.84 0 -2.07714e-10 -37386.3 -115982 -37386.3 0
14.86 0 1.54441e-09 -38912.4 -128875 -38912.4 0
14.88 0 -2.33077e-10 -38844.1 -135946 -38844.1 0
14.9 0 -3.07606e-10 -37284.2 -137381 -37284.2 0
14.92 0 -1.91059e-10 -34409.4 -133962 -34409.4 0
14.94 0 8.66835e-10 -30248.7 -126096 -30248.7 0
14.96 0 -1.32952e-09 -24721.9 -113628 -24721.9 0
14.98 0 -5.56964e-10 -17898.6 -96600.7 -17898.6 0
15 0 1.03187e-10 -10241 -75895.2 -10241 0
15.02 0 -3.29792e-10 -2628.1 -53085.9 -2628.1 0
15.04 0 2.73885e-11 4409.94 -29729.3 4409.94 0
15.06 0 -2.93409e-11 10906.5 -6577.76 10906.5 0
15.08 0 -2.89379e-11 16912.1 16619.8 16912.1 0
15.1 0 8.60655e-10 22629.5 40274.2 22629.5 0
15.12 0 4.8047e-10 28065.6 63958.3 28065.6 0
15.14 0 1.2067e-10 32797.8 86196.6 32797.8 0
15.16 0 1.68125e-09 36342.5 105173 36342.5 0
15.18 0 -3.46831e-10 38411.9 119701 38411.9 0
15.2 0 1.13039e-09 39035.5 129528 39035.5 0
15.22 0 4.90084e-10 38348.2 134905 38348.2 0
15.24 0 2.39964e-10 36334.8 135798 36334.8 0
15.26 0 5.48176e-10 32710.9 131403 32710.9 0
15.28 0 -5.68565e-10 27205.9 120842 27205.9 0
15.3 0 -5.23093e-10 19991.3 104517 19991.3 0
15.32 0 -6.38899e-11 11656.6 84095.8 11656.6 0
15.34 0 1.02347e-11 2862.91 61238.9 2862.91 0
15.36 0 2.46945e-10 -5858.32 36773.3 -5858.32 0
15.38 0 -1.43247e-11 -14063.1 11033.2 -14063.1 0
15.4 0 1.41182e-10 -21845.1 -15277 -21845.1 0
15.42 0 2.03984e-10 -29037.3 -41132.9 -29037.3 0
15.44 0 8.67922e-11 -35324.7 -65580.1 -35324.7 0
15.46 0 -9.01137e-10 -40684 -87867.3 -40684 0
15.48 0 1.38852e-09 -44884.7 -107325 -44884.7 0
15.5 0 8.58331e-10 -47701.6 -123107 -47701.6 0
15.52 0 -2.06194e-10 -48875.7 -134364 -48875.7 0
15.54 0 -4.50493e-12 -48316 -140599 -48316 0
15.56 0 7.56415e-10 -46098.6 -141845 -46098.6 0
15.58 0 -7.51349e-10 -42308.4 -138187 -42308.4 0
15.6 0 1.35846e-09 -36855.2 -129209 -36855.2 0
15.62 0 -4.42695e-10 -29686.5 -114572 -29686.5 0
15.64 0 -6.92032e-10 -21039.6 -94980.5 -21039.6 0
15.66 0 2.18934e-10 -11490.3 -72220.7 -11490.3 0
15.68 0 -2.71063e-11 -1772.98 -48231.6 -1772.98 0
15.7 0 -3.38592e-11 7511.44 -24144.5 7511.44 0
15.72 0 -1.83457e-10 16025.2 -266.597 16025.2 0
15.74 0 -3.62501e-11 23529.7 23128.5 23529.7 0
15.76 0 -2.89775e-10 30034.7 45093.7 30034.7 0
15.78 0 -7.85639e-11 35380.2 64271.9 35380.2 0
15.8 0 1.1681e-10 39069.1 79550.4 39069.1 0
15.82 0 -1.40079e-09 40958.2 90360 40958.2 0
15.84 0 -4.21313e-10 41138.2 96767.4 41138.2 0
15.86 0 -6.24433e-10 39796.7 99245.2 39796.7 0
15.88 0 -1.01063e-09 37157.7 98286.6 37157.7 0
15.9 0 9.50348e-10 33281.9 93977.9 33281.9 0
15.92 0 5.03209e-11 28140.9 85994.8 28140.9 0
15.94 0 -3.71261e-10 21799 74217.4 21799 0
15.96 0 3.04162e-10 14544 59304.9 14544 0
15.98 0 -3.13572e-11 6864.29 42636.7 6864.29 0
16 0 3.06354e-10 -740.826 25643.3 -740.826 0
16.02 0 1.16984e-10 -7952.28 9132.66 -7952.28 0
16.04 0 -1.16044e-11 -14688.6 -6871.13 -14688.6 0
16.06 0 1.91631e-10 -20949.5 -22595.2 -20949.5 0
16.08 0 1.0557e-09 -26558.4 -37752 -26558.4 0
16.1 0 -3.92371e-11 -31006.9 -51326.4 -31006.9 0
16.12 0 9.00428e-10 -34040.3 -62104.8 -34040.3 0
16.14 0 4.73407e-10 -35652.7 -69537.8 -35652.7 0
16.16 0 -2.41669e-10 -35830.2 -73981.4 -35830.2 0
16.18 0 3.94785e-10 -34852.9 -76033.4 -34852.9 0
16.2 0 -3.49023e-10 -32867.3 -75880.8 -32867.3 0
16.22 0 -4.10182e-10 -29724.6 -73097.5 -29724.6 0
16.24 0 -2.08042e-11 -25252.4 -67052.6 -25252.4 0
16.26 0 -1.25265e-10 -19492.2 -57615.6 -19492.2 0
16.28 0 5.42787e-10 -12801.6 -45439.3 -12801.6 0
16.3 0 1.7653e-10 -5673.42 -31618.3 -5673.42 0
16.32 0 -1.71054e-10 1498.43 -17091.8 1498.43 0
16.34 0 1.36392e-10 8525.8 -2357.24 8525.8 0
16.36 0 -1.93654e-11 15315.8 12323.4 15315.8 0
16.38 0 -1.14085e-10 21685.4 26547.4 21685.4 0
16.4 0 1.1702e-10 27281.8 39628.1 27281.8 0
16.42 0 -6.34386e-10 31681.1 50767.8 31681.1 0
16.44 0 9.51423e-10 34560.9 59323.4 34560.9 0
16.46 0 -2.00457e-10 36046.5 64948.3 36046.5 0
16.48 0 5.59528e-10 36234.5 67701 36234.5 0
16.5 0 -9.57218e-11 35148.7 67803.4 35148.7 0
16.52 0 -2.0182e-10 32937 65456.3 32937 0
16.54 0 1.59364e-10 29648.1 60891.5 29648.1 0
16.56 0 1.96737e-10 25387.2 54325.6 25387.2 0
16.58 0 -6.02977e-10 20275.9 45961.1 20275.9 0
16.6 0 5.58403e-11 14484.7 36027 14484.7 0
16.62 0 -2.08913e-10 8200.93 24868 8200.93 0
16.64 0 2.04845e-11 1626.13 12927.5 1626.13 0
16.66 0 -3.10447e-11 -5026.86 674.451 -5026.86 0
16.68 0 -9.34151e-11 -11529 -11464.4 -11529 0
16.7 0 -2.79583e-11 -17644 -23098.5 -17644 0
16.72 0 2.04631e-10 -23135.3 -33816.7 -23135.3 0
16.74 0 -1.63128e-10 -27765.3 -43169.5 -27765.3 0
16.76 0 1.54183e-11 -31289.4 -50734.4 -31289.4 0
16.78 0 3.19236e-10 -33457.1 -56190.2 -33457.1 0
16.8 0 -2.45357e-10 -34261.9 -59309.2 -34261.9 0
16.82 0 5.42959e-10 -33896.5 -60070.5 -33896.5 0
16.84 0 5.2135e-13 -32397 -58751.9 -32397 0
16.86 0 -4.64724e-10 -29916.9 -55727.7 -29916.9 0
16.88 0 4.28744e-10 -26631.9 -51339.3 -26631.9 0
16.9 0 -2.5772e-11 -22588 -45801.7 -22588 0
16.92 0 -3.95963e-10 -17865.7 -39132.2 -17865.7 0
16.94 0 2.19953e-10 -12558.1 -31256.2 -12558.1 0
16.96 0 4.39687e-11 -6810.72 -22167.7 -6810.72 0
16.98 0 -1.35614e-10 -769.036 -12034.5 -769.036 0
17 0 -3.30217e-11 5427.94 -1162.4 5427.94 0
17.02 0 6.1349e-11 11624.2 10078.4 11624.2 0
17.04 0 -9.13511e-11 17586.3 21248.6 17586.3 0
17.06 0 -5.32873e-10 22997.7 31790.6 22997.7 0
17.08 0 7.57285e-10 27536.6 41062.6 27536.6 0
17.1 0 -4.39959e-10 30974.4 48473.9 30974.4 0
17.12 0 -1.29676e-10 33191.6 53614.6 33191.6 0
17.14 0 9.20961e-10 34118.6 56280 34118.6 0
17.16 0 5.14596e-10 33840.3 56392.8 33840.3 0
17.18 0 -2.53153e-10 32365.8 54066.4 32365.8 0
17.2 0 -2.27787e-11 29720.8 49571.5 29720.8 0
17.22 0 4.84434e-10 26101 43254.5 26101 0
17.24 0 -1.18285e-10 21702.3 35515.5 21702.3 0
17.26 0 2.49332e-11 16715.7 26698.2 16715.7 0
17.28 0 -2.96388e-10 11238.3 17021.2 11238.3 0
17.3 0 1.56459e-10 5341.57 6584.7 5341.57 0
17.32 0 1.83609e-10 -843.426 -4449.22 -843.426 0
17.34 0 3.56561e-12 -7052.26 -15653.4 -7052.26 0
17.36 0 1.64113e-11 -12945.4 -26360.3 -12945.4 0
17.38 0 -1.22352e-10 -18245.1 -35961 -18245.1 0
17.4 0 1.31289e-10 -22826.4 -44184 -22826.4 0
17.42 0 1.13066e-09 -26649.5 -51035.4 -26649.5 0
17.44 0 5.46258e-10 -29605.3 -56449.6 -29605.3 0
17.46 0 -4.38241e-10 -31458.6 -60054.5 -31458.6 0
17.48 0 1.08165e-09 -31974.2 -61337.5 -31974.2 0
17.5 0 5.65513e-10 -31204.5 -60032.7 -31204.5 0
17.52 0 -1.41173e-09 -29366.2 -56407.9 -29366.2 0
17.54 0 -5.26178e-10 -26575.3 -51060 -26575.3 0
17.56 0 3.40843e-10 -22944.9 -44339.3 -22944.9 0
17.58 0 -1.42618e-13 -18497 -36132.7 -18497 0
17.6 0 -4.93412e-11 -13205.1 -26159 -13205.1 0
17.62 0 -5.05948e-11 -7173.86 -14432.3 -7173.86 0
17.64 0 -6.08307e-12 -648.276 -1447.16 -648.276 0
17.66 0 -1.74833e-10 6058.83 12063.3 6058.83 0
17.68 0 4.42468e-11 12688.3 25472 12688.3 0
17.7 0 9.2841e-11 19057.7 38369.6 19057.7 0
17.72 0 -1.82499e-10 24999.9 50410.9 24999.9 0
17.74 0 9.52258e-10 30288 61129.7 30288 0
17.76 0 1.73036e-10 34629.3 69911.8 34629.3 0
17.78 0 -1.76583e-10 37725.4 76116 37725.4 0
17.8 0 -3.2583e-10 39348.6 79226 39348.6 0
17.82 0 -9.93273e-10 39379 78939.4 39379 0
17.84 0 1.26905e-09 37888.3 75155 37888.3 0
17.86 0 -8.05322e-10 34972.7 67986.6 34972.7 0
17.88 0 3.03035e-10 30634.9 57761.7 30634.9 0
17.9 0 4.19216e-10 25039.7 44909.4 25039.7 0
17.92 0 -4.01032e-11 18444.8 29900 18444.8 0
17.94 0 -5.80553e-11 11088.6 13227.3 11088.6 0
17.96 0 -8.53195e-11 3210.17 -4583.16 3210.17 0
17.98 0 5.77819e-12 -4945.47 -22907 -4945.47 0
18 0 -1.51521e-10 -13061.8 -40958.1 -13061.8 0
18.02 0 9.30907e-11 -20769.6 -57840.7 -20769.6 0
18.04 0 -3.46888e-10 -27730 -72765.9 -27730 0
18.06 0 2.13193e-10 -33724.6 -85256.5 -33724.6 0
18.08 0 -4.41534e-10 -38642.4 -95105.5 -38642.4 0
18.1 0 -1.48649e-10 -42377 -102113 -42377 0
18.12 0 -6.68864e-10 -44747.8 -105908 -44747.8 0
18.14 0 -1.06059e-09 -45542.8 -106072 -45542.8 0
18.16 0 -9.03147e-10 -44645.9 -102414 -44645.9 0
18.18 0 -3.32022e-10 -42185.2 -95067.7 -42185.2 0
18.2 0 1.28949e-09 -38358.7 -84446.6 -38358.7 0
18.22 0 -7.93171e-10 -33269.9 -71143.9 -33269.9 0
18.24 0 2.53808e-10 -27078.7 -55646.6 -27078.7 0
18.26 0 -2.07368e-10 -19946.6 -38293 -19946.6 0
18.28 0 -3.15424e-10 -12044.4 -19499.4 -12044.4 0
18.3 0 2.17344e-10 -3643.08 76.3682 -3643.08 0
18.32 0 -7.35787e-11 4921.98 19566.7 4921.98 0
18.34 0 -1.19058e-10 13312.4 38121.3 13312.4 0
18.36 0 -4.17041e-10 21261.6 55091.6 21261.6 0
18.38 0 1.92128e-10 28574.1 70046 28574.1 0
18.4 0 3.64177e-10 35073.1 82640 35073.1 0
18.42 0 -1.25989e-10 40547.6 92489.6 40547.6 0
18.44 0 2.88191e-10 44754 99168.6 44754 0
18.46 0 8.89828e-10 47468.8 102343 47468.8 0
18.48 0 1.98748e-10 48546.6 101919 48546.6 0
18.5 0 4.90641e-10 47938.9 98028.1 47938.9 0
18.52 0 -9.3761e-10 45744.3 90764.1 45744.3 0
18.54 0 1.90796e-09 42105 80109.8 42105 0
18.56 0 2.0909e-10 37047.6 66373 37047.6 0
18.58 0 -5.38861e-10 30773.9 50249.4 30773.9 0
18.6 0 4.18762e-10 23629.2 32558.7 23629.2 0
18.62 0 1.51349e-10 15895.8 14063.7 15895.8 0
18.64 0 2.14708e-10 7820.75 -4629.42 7820.75 0
18.66 0 -5.55932e-11 -376.811 -22948 -376.811 0
18.68 0 -6.06369e-11 -8415.38 -40230.9 -8415.38 0
18.7 0 2.26867e-10 -15961.8 -55709.3 -15961.8 0
18.72 0 5.654e-11 -22697 -68660.4 -22697 0
18.74 0 -4.50387e-11 -28397.3 -78605.4 -28397.3 0
18.76 0 1.41396e-10 -32935.9 -85370.8 -32935.9 0
18.78 0 1.14306e-10 -36217 -88950.1 -36217 0
18.8 0 -6.01394e-10 -38117.5 -89317.5 -38117.5 0
18.82 0 8.19365e-10 -38506.3 -86393.9 -38506.3 0
18.84 0 7.18519e-10 -37325.2 -80180.1 -37325.2 0
18.86 0 6.36858e-10 -34664.7 -70887.5 -34664.7 0
18.88 0 -3.79684e-10 -30817.2 -59011.2 -30817.2 0
18.9 0 5.99667e-11 -25980.9 -45370.2 -25980.9 0
18.92 0 -8.8384e-11 -20354.3 -30785.6 -20354.3 0
18.94 0 1.42645e-10 -14177.8 -15797 -14177.8 0
18.96 0 -1.47841e-10 -7605.12 -760.851 -7605.12 0
18.98 0 -7.23674e-11 -844.694 13925.3 -844.694 0
19 0 -7.50672e-11 5866.22 27666.7 5866.22 0
19.02 0 2.76058e-11 12248.1 39798.9 12248.1 0
19.04 0 -1.56379e-10 18063.8 49831.2 18063.8 0
19.06 0 6.80482e-10 23163.2 57593.7 23163.2 0
19.08 0 3.33977e-10 27481.7 63159.8 27481.7 0
19.1 0 3.13057e-10 30970.9 66631.8 30970.9 0
19.12 0 5.39501e-10 33534.2 67972.7 33534.2 0
19.14 0 2.03762e-10 35025.3 67032.9 35025.3 0
19.16 0 -7.37438e-10 35323.1 63739.9 35323.1 0
19.18 0 -2.6373e-10 34408.7 58253.2 34408.7 0
19.2 0 -1.33804e-10 32358 50905.8 32358 0
19.22 0 -2.82855e-10 29382.8 42005.8 29382.8 0
19.24 0 4.1563e-10 25612.4 31798.3 25612.4 0
19.26 0 -1.89883e-10 21035.5 20510.6 21035.5 0
19.28 0 1.34866e-10 15787.1 8409.87 15787.1 0
19.3 0 -5.54806e-11 10101 -4039.37 10101 0
19.32 0 1.76025e-13 4244.8 -16195.8 4244.8 0
19.34 0 -1.18022e-11 -1523.59 -27456.3 -1523.59 0
19.36 0 4.50539e-10 -7018.29 -37430 -7018.29 0
19.38 0 2.09707e-10 -12093.5 -45910.1 -12093.5 0
19.4 0 -1.53339e-10 -16600.2 -52697.2 -16600.2 0
19.42 0 5.48368e-10 -20370.9 -57519.9 -20370.9 0
19.44 0 6.74094e-10 -23261.4 -60146.8 -23261.4 0
19.46 0 -1.95252e-10 -25187 -60528 -25187 0
19.48 0 -7.48168e-10 -26116.9 -58782.6 -26116.9 0
19.5 0 -5.73297e-10 -26040.5 -55068.4 -26040.5 0
19.52 0 4.50425e-10 -24953.7 -49508.3 -24953.7 0
19.54 0 2.30235e-10 -22869.1 -42255.8 -22869.1 0
19.56 0 4.36293e-10 -19901 -33577.9 -19901 0
19.58 0 4.37377e-10 -16232.1 -23847.3 -16232.1 0
19.6 0 5.00957e-10 -11975.7 -13488.6 -11975.7 0
19.62 0 -9.86123e-11 -7289.08 -2897.63 -7289.08 0
19.64 0 -7.59776e-11 -2366.26 7541.13 -2366.26 0
19.66 0 8.43805e-11 2599.36 17392.8 2599.36 0
19.68 0 7.84028e-11 7384.77 26208.8 7384.77 0
19.7 0 -2.75274e-10 11806.5 33619.7 11806.5 0
19.72 0 4.17048e-10 15727.3 39401.9 15727.3 0
19.74 0 1.07996e-10 19050.3 43441.8 19050.3 0
19.76 0 1.41986e-10 21688.5 45676.5 21688.5 0
19.78 0 -3.978e-10 23567.5 46090.8 23567.5 0
19.8 0 4.09281e-10 24641.9 44750.9 24641.9 0
19.82 0 2.99829e-10 24901.6 41797.4 24901.6 0
19.84 0 -1.38984e-10 24350 37380 24350 0
19.86 0 -2.34317e-10 22978.1 31603.8 22978.1 0
19.88 0 5.1495e-10 20774.6 24537 20774.6 0
19.9 0 -4.24543e-11 17804.4 16257.1 17804.4 0
19.92 0 2.69896e-10 14204.1 6940.28 14204.1 0
19.94 0 -3.62097e-11 10079.5 -3073.59 10079.5 0
19.96 0 3.6376e-11 5586.81 -13373.7 5586.81 0
19.98 0 -1.06506e-10 902.144 -23583.6 902.144 0
20 0 -2.73861e-10 -3827.93 -33375.5 -3827.93 0
20.02 0 2.25649e-10 -8440.98 -42435.1 -8440.98 0
20.04 0 6.1281e-10 -12783.6 -50431 -12783.6 0
20.06 0 3.06437e-10 -16706.1 -57059.4 -16706.1 0
20.08 0 2.87392e-10 -20081.4 -62104.2 -20081.4 0
20.1 0 2.36389e-10 -22802 -65440.4 -22802 0
20.12 0 -3.93907e-10 -24773.4 -66967.1 -24773.4 0
20.14 0 -2.95385e-11 -25902.8 -66546.4 -25902.8 0
20.16 0 -2.70218e-10 -26100.2 -64016.8 -26100.2 0
20.18 0 4.20233e-10 -25290.7 -59275.7 -25290.7 0
20.2 0 1.41405e-10 -23436.4 -52346.1 -23436.4 0
20.22 0 -5.93026e-10 -20565.3 -43376.6 -20565.3 0
20.24 0 6.08004e-11 -16817.4 -32613.5 -16817.4 0
20.26 0 5.44705e-10 -12385.4 -20424.9 -12385.4 0
20.28 0 -4.71805e-12 -7422.23 -7329.84 -7422.23 0
20.3 0 -2.91003e-11 -2124.11 6092.19 -2124.11 0
20.32 0 1.34848e-10 3298.29 19303.5 3298.29 0
20.34 0 -7.05709e-11 8659.08 31835.6 8659.08 0
20.36 0 -5.80913e-11 13764 43239.7 13764 0
20.38 0 1.13012e-10 18431 53040.1 18431 0
20.4 0 -7.37141e-10 22495.7 60809.5 22495.7 0
20.42 0 -2.67692e-10 25840 66290 25840 0
20.44 0 4.54285e-10 28392.1 69415.3 28392.1 0
20.46 0 -4.7289e-10 30104.3 70200.9 30104.3 0
20.48 0 -2.32717e-10 30927.2 68630.2 30927.2 0
20.5 0 -5.05113e-11 30806.2 64659.6 30806.2 0
20.52 0 -1.72114e-10 29697.7 58322.7 29697.7 0
20.54 0 1.21844e-10 27601.1 49813.8 27601.1 0
20.56 0 -8.06995e-10 24580.7 39458.3 24580.7 0
20.58 0 5.46662e-10 20767.5 27628.1 20767.5 0
20.6 0 -2.8347e-10 16381 14684.9 16381 0
20.62 0 9.79968e-13 11552.9 1011.88 11552.9 0
20.64 0 -4.22633e-11 6389.26 -12989.9 6389.26 0
20.66 0 -2.71564e-10 1048.18 -26906.1 1048.18 0
20.68 0 1.53872e-10 -4319.84 -40287.1 -4319.84 0
20.7 0 4.31986e-10 -9517.26 -52655.4 -9517.26 0
20.72 0 -1.82051e-10 -14348.7 -63517.7 -14348.7 0
20.74 0 -7.45677e-10 -18638.8 -72432.6 -18638.8 0
20.76 0 5.49727e-10 -22258.3 -79073.9 -22258.3 0
20.78 0 3.60832e-10 -25103.7 -83223.6 -25103.7 0
20.8 0 -2.23666e-10 -27072.3 -84707.8 -27072.3 0
20.82 0 3.69949e-11 -28060.2 -83380.2 -28060.2 0
20.84 0 -2.49168e-10 -27997.1 -79188.4 -27997.1 0
20.86 0 -6.22998e-11 -26875.4 -72249.9 -26875.4 0
20.88 0 -5.37482e-10 -24746.2 -62854 -24746.2 0
20.9 0 6.0422e-11 -21696.2 -51374.3 -21696.2 0
20.92 0 3.38279e-11 -17827.3 -38180.5 -17827.3 0
20.94 0 -1.31134e-10 -13279.8 -23663.8 -13279.8 0
20.96 0 -2.85218e-11 -8269.38 -8321.56 -8269.38 0
20.98 0 -3.06537e-11 -2989.44 7213.82 -2989.44 0
21 0 -6.3049e-11 2367.45 22274.2 2367.45 0
21.02 0 1.72502e-10 7584.45 36253.1 7584.45 0
21.04 0 -1.25016e-10 12473.7 48616.1 12473.7 0
21.06 0 1.25218e-10 16842 58872.2 16842 0
21.08 0 -4.22323e-10 20506.2 66552.1 20506.2 0
21.1 0 -8.1976e-10 23316.4 71271.7 23316.4 0
21.12 0 -4.96856e-10 25181.1 72832.3 25181.1 0
21.14 0 -6.33484e-10 26066 71257.7 26066 0
21.16 0 -1.82021e-10 25970.4 66722.4 25970.4 0
21.18 0 3.08974e-10 24902.7 59439.5 24902.7 0
21.2 0 -5.92743e-10 22879.9 49626.7 22879.9 0
21.22 0 -2.49782e-10 19953.5 37566.7 19953.5 0
21.24 0 2.2666e-10 16228.4 23660.1 16228.4 0
21.26 0 -7.75875e-11 11857 8425.83 11857 0
21.28 0 1.75587e-10 7021.37 -7543.32 7021.37 0
21.3 0 -1.46694e-10 1925.94 -23653.3 1925.94 0
21.32 0 -2.81685e-10 -3230.48 -39357 -3230.48 0
21.34 0 1.35605e-10 -8293.23 -54149.5 -8293.23 0
21.36 0 -7.56801e-10 -13097.5 -67525.7 -13097.5 0
21.38 0 2.37734e-10 -17443.6 -78941.2 -17443.6 0
21.4 0 2.42643e-10 -21136.6 -87858 -21136.6 0
21.42 0 -8.78762e-10 -24015.5 -93866.9 -24015.5 0
21.44 0 5.07262e-10 -25988.8 -96772.5 -25988.8 0
21.46 0 2.88376e-10 -27031.8 -96584.8 -27031.8 0
21.48 0 3.16545e-10 -27149.4 -93422 -27149.4 0
21.5 0 7.61559e-10 -26334.1 -87386.3 -26334.1 0
21.52 0 9.01382e-11 -24551.2 -78521.9 -24551.2 0
21.54 0 -1.28643e-10 -21781.9 -66929.6 -21781.9 0
21.56 0 -5.25266e-10 -18085.2 -52908.7 -18085.2 0
21.58 0 9.76982e-11 -13615.8 -37001.8 -13615.8 0
21.6 0 3.87977e-11 -8591.18 -19925.3 -8591.18 0
21.62 0 2.10201e-11 -3229.26 -2401.29 -3229.26 0
21.64 0 -5.30166e-11 2291.29 14990.1 2291.29 0
21.66 0 -8.02458e-11 7820.81 31814.9 7820.81 0
21.68 0 3.2458e-10 13202.4 47633.2 13202.4 0
21.7 0 1.92425e-11 18227.4 61858.1 18227.4 0
21.72 0 -4.04906e-10 22648.5 73790.3 22648.5 0
21.74 0 1.58057e-10 26253.4 82835.1 26253.4 0
21.76 0 2.50264e-10 28933.1 88720.9 28933.1 0
21.78 0 -7.18809e-10 30684.6 91516.2 30684.6 0
21.8 0 2.23604e-10 31542.5 91437.9 31542.5 0
21.82 0 6.65322e-10 31511.6 88631.2 31511.6 0
21.84 0 -8.43291e-10 30551.7 83106.1 30551.7 0
21.86 0 -1.02484e-10 28621.1 74867.1 28621.1 0
21.88 0 -6.76345e-10 25747.5 64127.7 25747.5 0
21.9 0 1.22588e-10 22058.8 51353.8 22058.8 0
21.92 0 -2.95124e-10 17738.8 37126 17738.8 0
21.94 0 2.40717e-10 12970.2 21998.6 12970.2 0
21.96 0 -1.87838e-10 7898.99 6423 7898.99 0
21.98 0 7.54947e-11 2635.82 -9251.84 2635.82 0
22 0 -1.19459e-11 -2707.51 -24715.7 -2707.51 0
22.02 0 -2.35011e-10 -7977.44 -39580 -7977.44 0
22.04 0 -1.51825e-10 -12962.4 -53294.5 -12962.4 0
22.06 0 -1.05058e-09 -17420.8 -65201.1 -17420.8 0
22.08 0 5.64369e-10 -21147.4 -74724.2 -21147.4 0
22.1 0 -4.96699e-10 -24022 -81549.1 -24022 0
22.12 0 5.58102e-10 -26006.5 -85638.4 -26006.5 0
22.14 0 8.10575e-10 -27095.8 -87083.6 -27095.8 0
22.16 0 1.94211e-10 -27266.2 -85926.4 -27266.2 0
22.18 0 -1.75683e-10 -26465.6 -82092.6 -26465.6 0
22.2 0 -3.48076e-10 -24646.8 -75487.6 -24646.8 0
22.22 0 5.18791e-10 -21820.4 -66198.2 -21820.4 0
22.24 0 3.09462e-10 -18095.2 -54603.4 -18095.2 0
22.26 0 7.02993e-10 -13646.7 -41256 -13646.7 0
22.28 0 -4.08472e-10 -8651.71 -26686.2 -8651.71 0
22.3 0 -1.17972e-11 -3255.83 -11311.4 -3255.83 0
22.32 0 2.48392e-11 2407.85 4507.59 2407.85 0
22.34 0 -2.50437e-12 8168.05 20328.8 8168.05 0
22.36 0 -2.02677e-11 13792.6 35551.5 13792.6 0
22.38 0 -1.832e-10 19022.2 49490.8 19022.2 0
22.4 0 2.6148e-11 23640.3 61563.8 23640.3 0
22.42 0 -2.64171e-10 27516.1 71424.1 27516.1 0
22.44 0 7.76937e-10 30583.6 78920.1 30583.6 0
22.46 0 -1.92883e-10 32788 83948.3 32788 0
22.48 0 1.48519e-10 34062.6 86378.5 34062.6 0
22.5 0 -1.30711e-09 34354.1 86117.8 34354.1 0
22.52 0 2.17906e-10 33651.5 83184.8 33651.5 0
22.54 0 4.83882e-10 31971.1 77681.3 31971.1 0
22.56 0 -1.88769e-10 29335.3 69746.1 29335.3 0
22.58 0 3.79569e-10 25795.8 59587.9 25795.8 0
22.6 0 2.60187e-11 21467.8 47531.8 21467.8 0
22.62 0 3.28938e-10 16530.2 34041.3 16530.2 0
22.64 0 -1.52603e-10 11193.5 19682 11193.5 0
22.66 0 1.99297e-10 5655.12 5012.6 5655.12 0
22.68 0 1.63797e-11 76.4153 -9509.98 76.4153 0
22.7 0 1.62356e-10 -5398.32 -23522.5 -5398.32 0
22.72 0 7.67722e-11 -10604.9 -36660.3 -10604.9 0
22.74 0 -1.70814e-10 -15351 -48496.6 -15351 0
22.76 0 -1.89396e-10 -19450.5 -58591.4 -19450.5 0
22.78 0 2.88685e-10 -22763.5 -66585.7 -22763.5 0
22.8 0 -2.44944e-10 -25199.7 -72237.6 -25199.7 0
22.82 0 1.47599e-10 -26691.3 -75382.7 -26691.3 0
22.84 0 -3.24356e-10 -27170.6 -75892 -27170.6 0
22.86 0 5.70255e-10 -26579.1 -73679.6 -26579.1 0
22.88 0 -1.69248e-11 -24903 -68756.5 -24903 0
22.9 0 -3.30213e-10 -22189.8 -61288.7 -22189.8 0
22.92 0 9.09013e-10 -18552.9 -51614.1 -18552.9 0
22.94 0 -5.5573e-10 -14168.2 -40189.3 -14168.2 0
22.96 0 -2.24129e-10 -9234.29 -27525.1 -9234.29 0
22.98 0 -1.20252e-10 -3947.64 -14143.4 -3947.64 0
23 0 4.0766e-11 1501.32 -546.345 1501.32 0
23.02 0 -3.61677e-11 6930.73 12800.2 6930.73 0
23.04 0 5.16813e-10 12165.8 25468.8 12165.8 0
23.06 0 -1.66362e-10 17035.5 37050.1 17035.5 0
23.08 0 -7.70571e-11 21369.4 47132 21369.4 0
23.1 0 1.48781e-10 25004.7 55313.3 25004.7 0
23.12 0 -5.2641e-10 27807.9 61264.4 27807.9 0
23.14 0 8.52954e-10 29691.4 64784.2 29691.4 0
23.16 0 7.65836e-10 30611.1 65802.6 30611.1 0
23.18 0 3.07827e-10 30546.2 64330 30546.2 0
23.2 0 -4.29077e-10 29485.1 60415 29485.1 0
23.22 0 1.72617e-10 27440.9 54159.5 27440.9 0
23.24 0 -4.34264e-10 24484.9 45782.4 24484.9 0
23.26 0 -2.06578e-11 20731 35654.7 20731 0
23.28 0 1.93696e-10 16348.9 24242 16348.9 0
23.3 0 1.20322e-10 11530.2 12013.2 11530.2 0
23.32 0 -3.47531e-11 6432.7 -626.612 6432.7 0
23.34 0 -1.52004e-10 1193.23 -13335.7 1193.23 0
23.36 0 1.65297e-10 -4055.61 -25769 -4055.61 0
23.38 0 6.42469e-11 -9152.88 -37517.2 -9152.88 0
23.4 0 -7.27182e-10 -13909.6 -48107.7 -13909.6 0
23.42 0 -4.40293e-10 -18131.6 -57071.5 -18131.6 0
23.44 0 -3.70083e-10 -21650.6 -64024.6 -21650.6 0
23.46 0 8.81876e-10 -24337.8 -68700.5 -24337.8 0
23.48 0 -7.78879e-10 -26098.2 -70927.6 -26098.2 0
23.5 0 -1.3324e-10 -26865.3 -70608.5 -26865.3 0
23.52 0 3.78321e-10 -26608.9 -67739.2 -26608.9 0
23.54 0 1.49374e-11 -25342.2 -62439.3 -25342.2 0
23.56 0 -2.14178e-10 -23116.8 -54952.4 -23116.8 0
23.58 0 6.29795e-11 -20044.6 -45596.5 -20044.6 0
23.6 0 -3.04216e-11 -16261.8 -34708 -16261.8 0
23.62 0 1.50373e-11 -11875.4 -22644.2 -11875.4 0
23.64 0 -1.84602e-11 -7033.6 -9807.91 -7033.6 0
23.66 0 -3.18426e-11 -1915.06 3334.82 -1915.06 0
23.68 0 3.4214e-11 3299.48 16279.1 3299.48 0
23.7 0 1.76291e-11 8420.69 28530.7 8420.69 0
23.72 0 1.1106e-11 13270.4 39620.3 13270.4 0
23.74 0 -2.40923e-10 17672.8 49101.2 17672.8 0
23.76 0 1.82185e-10 21460.1 56565.9 21460.1 0
23.78 0 3.77117e-10 24483.1 61695.4 24483.1 0
23.8 0 1.67793e-11 26627.8 64299.4 26627.8 0
23.82 0 -3.22926e-10 27825 64318.5 27825 0
23.84 0 -8.71794e-10 28053.6 61808 28053.6 0
23.86 0 2.49847e-10 27336.7 56923.7 27336.7 0
23.88 0 -5.19999e-10 25725.8 49905 25725.8 0
23.9 0 1.66933e-11 23288.3 41052.2 23288.3 0
23.92 0 -5.40146e-10 20102.3 30682 20102.3 0
23.94 0 3.76026e-11 16290.1 19097 16290.1 0
23.96 0 1.84231e-10 11980.2 6631.55 11980.2 0
23.98 0 7.97758e-12 7288.81 -6280.59 7288.81 0
24 0 -1.16796e-11 2406.51 -19109.1 2406.51 0
24.02 0 1.11877e-10 -2450.19 -31296.9 -2450.19 0
24.04 0 2.26476e-11 -7094.76 -42362.5 -7094.76 0
24.06 0 -5.22331e-10 -11383.6 -51960.9 -11383.6 0
24.08 0 -7.69997e-10 -15223.4 -59864.5 -15223.4 0
24.1 0 -5.49183e-11 -18530 -65901.1 -18530 0
24.12 0 -7.2365e-10 -21198.9 -69895.1 -21198.9 0
24.14 0 -1.47022e-10 -23105.1 -71661.5 -23105.1 0
24.16 0 -8.30151e-11 -24146.9 -71075.8 -24146.9 0
24.18 0 3.09871e-10 -24294.7 -68176.4 -24294.7 0
24.2 0 -1.69904e-10 -23600.2 -63191.8 -23600.2 0
24.22 0 -7.39512e-11 -22146.6 -56445 -22146.6 0
24.24 0 -4.82623e-10 -19991.1 -48207.6 -19991.1 0
24.26 0 2.26745e-10 -17151.7 -38635.8 -17151.7 0
24.28 0 -1.15621e-10 -13676.6 -27870.4 -13676.6 0
24.3 0 2.24241e-11 -9683.04 -16232.8 -9683.04 0
24.32 0 1.0868e-10 -5336.69 -4297.42 -5336.69 0
24.34 0 -1.36782e-11 -859.766 7286.13 -859.766 0
24.36 0 5.68759e-11 3556.89 18036.4 3556.89 0
24.38 0 1.71296e-10 7800.13 27712.3 7800.13 0
24.4 0 -9.40538e-11 11783.8 36183.2 11783.8 0
24.42 0 2.59211e-10 15411.5 43259 15411.5 0
24.44 0 1.07253e-10 18552.3 48655.3 18552.3 0
24.46 0 3.35005e-10 21069.5 52090.9 21069.5 0
24.48 0 -5.8864e-10 22860.2 53414.1 22860.2 0
24.5 0 2.37305e-10 23885.9 52664.4 23885.9 0
24.52 0 -2.99585e-10 24163.5 50033.7 24163.5 0
24.54 0 -1.81266e-10 23726.9 45754 23726.9 0
24.56 0 -7.67631e-10 22589 40003.8 22589 0
24.58 0 5.1104e-11 20746.3 32916.7 20746.3 0
24.6 0 -8.62171e-11 18230.2 24671.5 18230.2 0
24.62 0 -1.46212e-10 15161.8 15564.2 15161.8 0
24.64 0 2.49055e-10 11682.7 6023.58 11682.7 0
24.66 0 4.52878e-11 7945.67 -3494 7945.67 0
24.68 0 1.81779e-11 4089.18 -12638.9 4089.18 0
24.7 0 1.99054e-11 199.577 -21190.5 199.577 0
24.72 0 -1.87978e-10 -3629.62 -28973.7 -3629.62 0
24.74 0 2.97619e-10 -7281.28 -35761.5 -7281.28 0
24.76 0 -1.39769e-10 -10615.5 -41286.5 -10615.5 0
24.78 0 3.17127e-10 -13511.3 -45334.7 -13511.3 0
24.8 0 1.49426e-10 -15888.2 -47816.5 -15888.2 0
24.82 0 2.59669e-10 -17699.1 -48747.4 -17699.1 0
24.84 0 3.63856e-10 -18908.6 -48185.9 -18908.6 0
24.86 0 3.05338e-10 -19483.7 -46198.9 -19483.7 0
24.88 0 9.23741e-10 -19400.5 -42876.2 -19400.5 0
24.9 0 1.09651e-10 -18654.1 -38352.6 -18654.1 0
24.92 0 -5.84822e-10 -17263.8 -32811.5 -17263.8 0
24.94 0 7.88974e-11 -15293 -26469.6 -15293 0
24.96 0 -3.19686e-10 -12846.1 -19555.7 -12846.1 0
24.98 0 -2.18897e-10 -9995.91 -12323.7 -9995.91 0
25 0 6.30308e-11 -6837.77 -5043.03 -6837.77 0
25.02 0 -2.89532e-11 -3486.22 2022.85 -3486.22 0
25.04 0 6.35627e-12 -37.9128 8631.31 -37.9128 0
25.06 0 8.68593e-12 3399.92 14574.5 3399.92 0
25.08 0 -3.36432e-11 6725.69 19669.7 6725.69 0
25.1 0 -8.55808e-11 9833.66 23753.2 9833.66 0
25.12 0 2.33318e-10 12626.7 26683.2 12626.7 0
25.14 0 -1.38116e-10 15022.6 28362.6 15022.6 0
25.16 0 4.91961e-12 16962.9 28766.1 16962.9 0
25.18 0 -4.85045e-11 18409.3 27949.1 18409.3 0
25.2 0 -5.14707e-10 19332.8 26021.5 19332.8 0
25.22 0 -1.28635e-10 19702.3 23100.8 19702.3 0
25.24 0 4.30697e-10 19484.3 19282.8 19484.3 0
25.26 0 3.13447e-10 18658.9 14660.4 18658.9 0
25.28 0 -1.49183e-10 17242.3 9378.42 17242.3 0
25.3 0 3.05313e-10 15332.6 3651.57 15332.6 0
25.32 0 -1.06152e-10 13060.6 -2264.02 13060.6 0
25.34 0 5.03981e-12 10482.4 -8093.57 10482.4 0
25.36 0 2.8802e-11 7671.51 -13609.6 7671.51 0
25.38 0 -2.48764e-11 4725.65 -18644.4 4725.65 0
25.4 0 -9.36814e-11 1745.76 -23016.5 1745.76 0
25.42 0 -1.25716e-10 -1136.53 -26494.8 -1136.53 0
25.44 0 5.13259e-11 -3807.91 -28857 -3807.91 0
25.46 0 -8.33103e-11 -6186.45 -30000.2 -6186.45 0
25.48 0 -3.00161e-10 -8227.8 -29971.7 -8227.8 0
25.5 0 3.55764e-10 -9900.09 -28897.1 -9900.09 0
25.52 0 -1.93264e-10 -11167.6 -26885.3 -11167.6 0
25.54 0 -2.55775e-10 -11989.3 -24004.3 -11989.3 0
25.56 0 1.29392e-10 -12330.5 -20321.7 -12330.5 0
25.58 0 -4.4259e-11 -12170 -15947.9 -12170 0
25.6 0 1.75896e-10 -11504.2 -11044.8 -11504.2 0
25.62 0 -2.32212e-11 -10351.9 -5812.06 -10351.9 0
25.64 0 -1.59653e-10 -8760.79 -469.634 -8760.79 0
25.66 0 -1.96823e-10 -6866.67 4784.37 -6866.67 0
25.68 0 7.77138e-12 -4769.3 9762.24 -4769.3 0
25.7 0 1.99803e-11 -2476.93 14280.5 -2476.93 0
25.72 0 5.57352e-11 -53.5605 18206.9 -53.5605 0
25.74 0 -8.42787e-11 2413.86 21425.5 2413.86 0
25.76 0 -1.01253e-10 4836.04 23801.9 4836.04 0
25.78 0 -6.13353e-11 7124.83 25211.3 7124.83 0
25.8 0 -6.19527e-11 9222.12 25596.5 9222.12 0
25.82 0 9.02534e-11 11093.7 25008.4 11093.7 0
25.84 0 -2.47675e-10 12717.4 23576.2 12717.4 0
25.86 0 3.68269e-10 14065.9 21439.5 14065.9 0
25.88 0 4.11293e-11 15102.6 18697.5 15102.6 0
25.9 0 7.07534e-12 15783.7 15406.8 15783.7 0
25.92 0 -3.71372e-10 16063.8 11609 16063.8 0
25.94 0 -1.0214e-10 15901.8 7357.19 15901.8 0
25.96 0 8.23309e-11 15268.7 2729.37 15268.7 0
25.98 0 -8.36148e-11 14160.5 -2162.73 14160.5 0
26 0 8.68078e-11 12618 -7172.41 12618 0
26.02 0 -1.29228e-10 10781.8 -12149.1 10781.8 0
26.04 0 -4.14629e-12 8688.79 -16909.6 8688.79 0
26.06 0 8.80805e-12 6365.11 -21280.9 6365.11 0
26.08 0 1.36016e-10 3902.81 -25124.7 3902.81 0
26.1 0 1.18575e-10 1386.17 -28274.5 1386.17 0
26.12 0 -5.11012e-11 -1046.62 -30532.2 -1046.62 0
26.14 0 -3.78434e-11 -3292.82 -31721 -3292.82 0
26.16 0 -2.76829e-10 -5292.7 -31795.8 -5292.7 0
26.18 0 -2.0119e-10 -7038.75 -30874.3 -7038.75 0
26.2 0 -1.0996e-10 -8527.1 -29157.2 -8527.1 0
26.22 0 3.13352e-11 -9725.39 -26803.2 -9725.39 0
26.24 0 1.21699e-10 -10571.3 -23877.5 -10571.3 0
26.26 0 -9.35667e-11 -11011.3 -20415.7 -11011.3 0
26.28 0 1.97215e-10 -11037.1 -16528.7 -11037.1 0
26.3 0 1.44243e-10 -10686.4 -12435.3 -10686.4 0
26.32 0 1.63141e-10 -10009 -8388.85 -10009 0
26.34 0 1.3707e-10 -9032.61 -4573.03 -9032.61 0
26.36 0 1.98553e-10 -7799.75 -1046.84 -7799.75 0
26.38 0 8.13463e-11 -6347.24 2188.05 -6347.24 0
26.4 0 2.9066e-11 -4669.31 5069.94 -4669.31 0
26.42 0 6.7397e-11 -2821.88 7478.24 -2821.88 0
26.44 0 -2.65008e-11 -898.867 9285.59 -898.867 0
26.46 0 -1.04493e-11 1033.27 10420.5 1033.27 0
26.48 0 9.5263e-12 2936.87 10912.4 2936.87 0
26.5 0 6.0951e-12 4802.39 10858 4802.39 0
26.52 0 8.47329e-11 6605.33 10353.7 6605.33 0
26.54 0 -7.22955e-11 8288.46 9442.89 8288.46 0
26.56 0 9.43016e-11 9772.24 8126.96 9772.24 0
26.58 0 2.50404e-10 10989.5 6420.41 10989.5 0
26.6 0 -1.62328e-11 11907.2 4398.46 11907.2 0
26.62 0 -2.11605e-10 12519.1 2188.66 12519.1 0
26.64 0 8.40868e-11 12818.8 -88.2205 12818.8 0
26.66 0 9.61498e-11 12780.8 -2373.89 12780.8 0
26.68 0 1.16674e-10 12368.9 -4669.1 12368.9 0
26.7 0 5.19959e-11 11585.7 -6974.38 11585.7 0
26.72 0 -9.74964e-11 10494.5 -9221.34 10494.5 0
26.74 0 9.64945e-11 9136.49 -11246.7 9136.49 0
26.76 0 -1.63696e-11 7568.47 -12890.8 7568.47 0
26.78 0 -1.62129e-11 5866.13 -14073.1 5866.13 0
26.8 0 4.5893e-11 4079.67 -14767.6 4079.67 0
26.82 0 -1.94188e-11 2263.89 -14959.1 2263.89 0
26.84 0 -2.98776e-11 471.847 -14618.5 471.847 0
26.86 0 1.02356e-11 -1238.5 -13741.6 -1238.5 0
26.88 0 1.23019e-10 -2819.25 -12391.3 -2819.25 0
26.9 0 -3.3756e-11 -4237.47 -10698.3 -4237.47 0
26.92 0 1.04137e-10 -5470.78 -8809.94 -5470.78 0
26.94 0 5.03668e-11 -6492.31 -6836.14 -6492.31 0
26.96 0 -3.8084e-11 -7263.74 -4836.15 -7263.74 0
26.98 0 -7.42622e-11 -7742.32 -2848.73 -7742.32 0
27 0 1.40039e-10 -7894.39 -921.374 -7894.39 0
27.02 0 2.2883e-10 -7701.92 893.272 -7701.92 0
27.04 0 -1.2021e-10 -7173.98 2561.27 -7173.98 0
27.06 0 3.22647e-11 -6372.53 4076.59 -6372.53 0
27.08 0 2.52447e-11 -5311.58 5396.14 -5311.58 0
27.1 0 -1.93862e-11 -4013.04 6439.04 -4013.04 0
27.12 0 5.3794e-12 -2551.6 7126.99 -2551.6 0
27.14 0 -8.17855e-12 -990.011 7399.67 -990.011 0
27.16 0 4.67684e-12 615.012 7249.25 615.012 0
27.18 0 7.31397e-12 2240.61 6726.57 2240.61 0
27.2 0 5.9492e-11 3867.66 5923.36 3867.66 0
27.22 0 -8.87735e-11 5460.94 4922.65 5460.94 0
27.24 0 8.06106e-11 6961.22 3770.81 6961.22 0
27.26 0 -1.37293e-10 8309.76 2499.75 8309.76 0
27.28 0 5.04042e-11 9469.93 1168.17 9469.93 0
27.3 0 -1.88725e-11 10422.5 -143.955 10422.5 0
27.32 0 1.49743e-10 11138 -1391.88 11138 0
27.34 0 -6.98962e-11 11562.9 -2603.81 11562.9 0
27.36 0 8.04991e-11 11639.6 -3844.06 11639.6 0
27.38 0 1.53495e-11 11342.5 -5133.58 11342.5 0
27.4 0 8.94542e-11 10722.8 -6417.18 10722.8 0
27.42 0 -2.30878e-11 9854.74 -7588.56 9854.74 0
27.44 0 3.00391e-11 8756.02 -8551.59 8756.02 0
27.46 0 -1.30816e-12 7451.19 -9284.32 7451.19 0
27.48 0 -1.11316e-11 5982.93 -9797.92 5982.93 0
27.5 0 1.80758e-11 4402.81 -10067.1 4402.81 0
27.52 0 5.25953e-11 2779.6 -10037.7 2779.6 0
27.54 0 -1.57889e-10 1169.46 -9686.85 1169.46 0
27.56 0 6.67268e-11 -387.987 -9070.21 -387.987 0
27.58 0 1.43302e-10 -1863.16 -8293.22 -1863.16 0
27.6 0 1.40372e-10 -3219.44 -7443.34 -3219.44 0
27.62 0 -2.06661e-10 -4410.65 -6555.47 -4410.65 0
27.64 0 2.15275e-10 -5390.38 -5636.24 -5390.38 0
27.66 0 6.87765e-11 -6122.49 -4702.28 -6122.49 0
27.68 0 -8.43462e-11 -6581.45 -3785.78 -6581.45 0
27.7 0 1.70634e-10 -6747.44 -2909.63 -6747.44 0
27.72 0 5.14536e-11 -6605.39 -2070.55 -6605.39 0
27.74 0 -1.14908e-10 -6169.39 -1251.48 -6169.39 0
27.76 0 8.70047e-11 -5475.94 -460.26 -5475.94 0
27.78 0 -3.78504e-11 -4539.64 249.893 -4539.64 0
27.8 0 -4.00527e-12 -3393.49 826.864 -3393.49 0
27.82 0 1.68826e-12 -2086.75 1247.87 -2086.75 0
27.84 0 -3.315e-11 -659.666 1507.63 -659.666 0
27.86 0 -2.3797e-11 842.365 1604.3 842.365 0
27.88 0 6.2723e-12 2374.59 1532.75 2374.59 0
27.9 0 -3.36559e-12 3888.74 1302.32 3888.74 0
27.92 0 5.95491e-11 5339.93 948.472 5339.93 0
27.94 0 -5.27653e-11 6688.44 523.706 6688.44 0
27.96 0 6.59425e-12 7899.71 75.4295 7899.71 0
27.98 0 5.66623e-11 8940.04 -368.341 8940.04 0
28 0 5.19827e-11 9773.77 -800.36 9773.77 0
28.02 0 1.51127e-10 10364 -1229.4 10364 0
28.04 0 -8.52085e-11 10677.8 -1674.45 10677.8 0
28.06 0 -1.88281e-10 10693.4 -2156.79 10693.4 0
28.08 0 1.80518e-10 10413.8 -2691.67 10413.8