0.02 -0.0336384 -0.00366261 0.0122756 -0.00636443 0.0122756 -0.00366261
0.04 -0.276256 -0.0654864 0.1733 -0.0511678 0.1733 -0.0654864
0.06 -0.804978 -0.460291 1.02498 -0.107119 1.02498 -0.460291
0.08 -0.198631 -1.82286 3.05426 0.33866 3.05426 -1.82286
0.1 5.57836 -4.47243 3.96593 2.65682 3.96593 -4.47243
0.12 19.2276 -5.23506 -3.72791 7.83221 -3.72791 -5.23506
0.14 32.2769 11.1369 -28.084 12.7494 -28.084 11.1369
0.16 19.2547 84.7554 -68.1266 6.72808 -68.1266 84.7554
0.18 -53.1118 281.41 -113.699 -26.7542 -113.699 281.41
0.2 -205.957 661.4 -158.35 -101.832 -158.35 661.4
0.22 -434.658 1228.96 -206.377 -220.22 -206.377 1228.96
0.24 -712.084 1910.27 -262.596 -366.477 -262.596 1910.27
0.26 -1004.03 2592.45 -322.234 -514.412 -322.234 2592.45
0.28 -1284.2 3196.55 -377.98 -643.243 -377.98 3196.55
0.3 -1537.11 3715.32 -431.994 -748.423 -431.994 3715.32
0.32 -1749.45 4175.82 -493.421 -833.189 -493.421 4175.82
0.34 -1907.98 4578.48 -566.274 -894.221 -566.274 4578.48
0.36 -2015.14 4900.43 -644.656 -926.9 -644.656 4900.43
0.38 -2101.89 5157.33 -716.722 -942.939 -716.722 5157.33
0.4 -2212.71 5422.6 -768.483 -969.261 -768.483 5422.6
0.42 -2376.53 5767.32 -788.5 -1027.99 -788.5 5767.32
0.44 -2593.98 6204.22 -777.472 -1126.75 -777.472 6204.22
0.46 -2840.71 6693.55 -752.722 -1262.16 -752.722 6693.55
0.48 -3069.08 7157.28 -736.253 -1413.2 -736.253 7157.28
0.5 -3216.48 7463.16 -736.038 -1531.11 -736.038 7463.16
0.52 -3238.75 7454.23 -739.604 -1560.39 -739.604 7454.23
0.54 -3148.9 7079.6 -723.529 -1487.73 -723.529 7079.6
0.56 -3014.44 6509.47 -671.804 -1366.36 -671.804 6509.47
0.58 -2900.71 6054.38 -595.762 -1281.44 -595.762 6054.38
0.6 -2804.6 5893.11 -536.114 -1279.97 -536.114 5893.11
0.62 -2640.06 5852.19 -527.76 -1320.08 -527.76 5852.19
0.64 -2301.14 5493.63 -554.822 -1289 -554.822 5493.63
0.66 -1756.31 4488.43 -555.285 -1093.35 -555.285 4488.43
0.68 -1076.68 2920.82 -478.729 -742.847 -478.729 2920.82
0.7 -358.635 1187.42 -330.42 -331.037 -330.42 1187.42
0.72 366.834 -394.139 -160.829 64.1932 -160.829 -394.139
0.74 1125.89 -1808.22 -28.4572 433.807 -28.4572 -1808.22
0.76 1920.58 -3185.95 32.8419 799.243 32.8419 -3185.95
0.78 2690.38 -4552.71 38.3923 1167.38 38.3923 -4552.71
0.8 3352.9 -5797.59 50.4775 1533.81 50.4775 -5797.59
0.82 3861.28 -6806.36 126.752 1891.14 126.752 -6806.36
0.84 4229.22 -7535.97 256.584 2219.9 256.584 -7535.97
0.86 4520.19 -8012.55 359.404 2502.34 359.404 -8012.55
0.88 4797.04 -8337.14 356.205 2753.5 356.205 -8337.14
0.9 5046.13 -8629.81 243.527 3002.81 243.527 -8629.81
0.92 5149.77 -8848.27 100.407 3230.37 100.407 -8848.27
0.94 4967.6 -8688.89 21.8378 3352.05 21.8378 -8688.89
0.96 4468.84 -7815.2 31.825 3290.59 31.825 -7815.2
0.98 3782.3 -6250.03 54.9593 3051.64 54.9593 -6250.03
1 3110.8 -4468.44 -15.3806 2724.02 -15.3806 -4468.44
1.02 2590.39 -3032.26 -214.722 2414.76 -214.722 -3032.26
1.04 2211.08 -2173.56 -471.971 2184.42 -471.971 -2173.56
1.06 1841.58 -1818.25 -625.935 2035.14 -625.935 -1818.25
1.08 1347.44 -1926.7 -428.917 1944.89 -428.917 -1926.7
1.1 766.266 -2533.43 310.849 1884.01 310.849 -2533.43
1.12 369.533 -3406.53 1343.96 1778.98 1343.96 -3406.53
1.14 422.94 -4005.5 1894.47 1492.91 1894.47 -4005.5
1.16 843.132 -3952.98 1405.13 929.053 1405.13 -3952.98
1.18 1204.01 -3363.31 322.884 204.724 322.884 -3363.31
1.2 1130.25 -2639.45 -302.685 -374.212 -302.685 -2639.45
1.22 635.557 -2084.01 19.4722 -626.801 19.4722 -2084.01
1.24 76.0442 -1738.56 805.746 -705.143 805.746 -1738.56
1.26 -214.089 -1534.99 1258.55 -896.119 1258.55 -1534.99
1.28 -259.622 -1481.65 1075.71 -1329.14 1075.71 -1481.65
1.3 -371.839 -1536.04 639.269 -1931.67 639.269 -1536.04
1.32 -691.203 -1410.45 492.228 -2509.39 492.228 -1410.45
1.34 -909.761 -869.193 657.414 -2819.6 657.414 -869.193
1.36 -571.726 -207.646 629.253 -2698.56 629.253 -207.646
1.38 407.566 -32.3279 52.9893 -2164.62 52.9893 -32.3279
1.4 1613.09 -531.244 -852.46 -1374.71 -852.46 -531.244
1.42 2472.91 -1413.59 -1531.24 -496.006 -1531.24 -1413.59
1.44 2714.52 -2646.81 -1416.99 405.46 -1416.99 -2646.81
1.46 2614.24 -4625.57 -215.255 1367 -215.255 -4625.57
1.48 2818.62 -7285.11 1535.64 2355.05 1535.64 -7285.11
1.5 3725.76 -9626.82 2410.6 3124.95 2410.6 -9626.82
1.52 4978.58 -10580.5 1487.3 3441.68 1487.3 -10580.5
1.54 5769.26 -10003.8 -312.687 3480.76 -312.687 -10003.8
1.56 5728.63 -8661.84 -1186.92 3790.32 -1186.92 -8661.84
1.58 5314.74 -7624.28 -621.311 4704.93 -621.311 -7624.28
1.6 5198.55 -7657.15 318.521 5917.69 318.521 -7657.15
1.62 5425.39 -8614.65 635.1 6728.22 635.1 -8614.65
1.64 5354.64 -9335.94 375.475 6602.63 375.475 -9335.94
1.66 4395.7 -8627.21 120.596 5501.25 120.596 -8627.21
1.68 2706.88 -6492.85 309.54 3893.64 309.54 -6492.85
1.7 1147.42 -4149.37 956.763 2496.95 956.763 -4149.37
1.72 526.628 -2799.25 1514.85 1770.34 1514.85 -2799.25
1.74 838.07 -2510.67 1246.89 1556.99 1246.89 -2510.67
1.76 1211.57 -2180.38 107.943 1282.79 107.943 -2180.38
1.78 693.167 -516.038 -1033.14 494.408 -1033.14 -516.038
1.8 -863.456 2668.2 -1309.6 -807.203 -1309.6 2668.2
1.82 -2706.69 5975.12 -697.432 -2255.37 -697.432 5975.12
1.84 -3994.96 7603.77 176.516 -3483.76 176.516 7603.77
1.86 -4606.07 7313.41 683.854 -4457.97 683.854 7313.41
1.88 -5108.75 6932.43 535.138 -5437.37 535.138 6932.43
1.9 -6056.97 8548.89 -130.971 -6573.47 -130.971 8548.89
1.92 -7405.66 12297.8 -806.62 -7610.03 -806.62 12297.8
1.94 -8549.29 16141.4 -1011.99 -8057.09 -1011.99 16141.4
1.96 -8871.19 17725.7 -755.898 -7657 -755.898 17725.7
1.98 -8311.29 16372 -449.994 -6668.66 -449.994 16372
2 -7428.14 13488.5 -383.373 -5705.78 -383.373 13488.5
2.02 -6854.05 11228 -472.844 -5253.08 -472.844 11228
2.04 -6668.45 10569.5 -481.985 -5248.32 -481.985 10569.5
2.06 -6326.65 10463.5 -270.487 -5095.36 -270.487 10463.5
2.08 -5184.55 8854.56 148.043 -4137.11 148.043 8854.56
2.1 -3074.24 4663.23 614.399 -2204.81 614.399 4663.23
2.12 -426.88 -1173.91 904.571 230.827 904.571 -1173.91
2.14 2096.32 -6550.65 927.88 2422.98 927.88 -6550.65
2.16 4120.11 -10011 817.731 3892.17 817.731 -10011
2.18 5773.95 -11823.5 750.217 4698.5 750.217 -11823.5
2.2 7402.37 -13404 740.334 5255.88 740.334 -13404
2.22 9058.43 -15723 697.849 5894.6 697.849 -15723
2.24 10353.2 -18284.9 610.484 6592.81 610.484 -18284.9
2.26 10839.7 -19681.9 566.26 7099.48 566.26 -19681.9
2.28 10487.7 -19061.8 613.749 7244.01 613.749 -19061.8
2.3 9759.34 -16988.5 669.848 7095.45 669.848 -16988.5
2.32 9254.62 -14980.6 581.576 6885.52 581.576 -14980.6
2.34 9246.88 -14280.7 278.035 6810.61 278.035 -14280.7
2.36 9481.24 -14871.2 -136.691 6852.91 -136.691 -14871.2
2.38 9417.21 -15487.6 -469.987 6772.87 -469.987 -15487.6
2.4 8693.18 -14685.5 -617.205 6322.48 -617.205 -14685.5
2.42 7374.96 -12104.8 -590.03 5484.88 -590.03 -12104.8
2.44 5823.16 -8761.96 -400.467 4493.07 -400.467 -8761.96
2.46 4379.6 -6089.25 -56.9923 3610.7 -56.9923 -6089.25
2.48 3134.3 -4696.12 331.031 2889.19 331.031 -4696.12
2.5 1923.13 -4019.75 616.308 2141.66 616.308 -4019.75
2.52 542.211 -3013.9 792.01 1155.48 792.01 -3013.9
2.54 -1022.68 -1056.7 950.2 -99.7721 950.2 -1056.7
2.56 -2559.62 1661.45 1073.64 -1461.79 1073.64 1661.45
2.58 -3806.08 4380.74 1029.79 -2695.45 1029.79 4380.74
2.6 -4690.25 6389.13 778.612 -3635.7 778.612 6389.13
2.62 -5402.59 7572.56 477.552 -4305.37 477.552 7572.56
2.64 -6151.46 8391.86 357.213 -4882.02 357.213 8391.86
2.66 -6831.85 9238.57 496.232 -5482.86 496.232 9238.57
2.68 -7033.01 9812.42 709.74 -6011.95 709.74 9812.42
2.7 -6410.33 9208.86 740.023 -6238.85 740.023 9208.86
2.72 -5006.27 6751.91 591.755 -5975.65 591.755 6751.91
2.74 -3233.01 2892.28 519.727 -5225.13 519.727 2892.28
2.76 -1585.9 -768.645 618.976 -4251.9 618.976 -768.645
2.78 -309.562 -2647.91 645.317 -3420.88 645.317 -2647.91
2.8 719.467 -2579.84 362.808 -2833.57 362.808 -2579.84
2.82 1749.94 -1942.41 -125.625 -2211.8 -125.625 -1942.41
2.84 2818.35 -2244.52 -515.032 -1252.08 -515.032 -2244.52
2.86 3769.39 -3707.84 -632.269 34.0055 -632.269 -3707.84
2.88 4593.12 -5410.16 -589.294 1445.64 -589.294 -5410.16
2.9 5528.6 -6587.37 -715.692 2891.07 -715.692 -6587.37
2.92 6712.56 -7302.17 -1298.58 4393.97 -1298.58 -7302.17
2.94 7833.87 -7763.8 -2252.65 5906.53 -2252.65 -7763.8
2.96 8254.78 -7495.8 -3100.89 7246.11 -3100.89 -7495.8
2.98 7492.51 -5609.84 -3396.11 8166.03 -3396.11 -5609.84
3 5634.5 -1835.14 -3122.45 8467.13 -3122.45 -1835.14
3.02 3352.08 2950.3 -2668.47 8149.25 -2668.47 2950.3
3.04 1438.61 7223.36 -2503.83 7474.38 -2503.83 7223.36
3.06 191.972 9851.12 -2828.55 6776.16 -2828.55 9851.12
3.08 -781.061 10867.1 -3360.83 6179.7 -3360.83 10867.1
3.1 -2104.59 11414.3 -3511.53 5552.74 -3511.53 11414.3
3.12 -3977.39 12754.1 -2956.13 4696.29 -2956.13 12754.1
3.14 -5999.92 15100.4 -2014.43 3512.76 -2014.43 15100.4
3.16 -7647.58 17544 -1337.14 1992.82 -1337.14 17544
3.18 -8871.46 19290 -1264.79 94.4648 -1264.79 19290
3.2 -10150 20677.5 -1557.3 -2275.24 -1557.3 20677.5
3.22 -11892.6 22532.3 -1639.04 -5061.55 -1639.04 22532.3
3.24 -13867 24700.3 -1073.29 -7886.93 -1073.29 24700.3
3.26 -15344.4 25882.9 31.31 -10254.3 31.31 25882.9
3.28 -15800.3 25075.5 1041.78 -11973.9 1041.78 25075.5
3.3 -15351.8 22645 1405.48 -13246.3 1405.48 22645
3.32 -14510.6 19742 1246.32 -14298.3 1246.32 19742
3.34 -13635.8 17058.3 1175.44 -15104.7 1175.44 17058.3
3.36 -12668.8 14451.9 1558.24 -15498.4 1558.24 14451.9
3.38 -11314.1 11510.4 2199.35 -15384.2 2199.35 11510.4
3.4 -9395.65 8132.65 2684.39 -14783.9 2684.39 8132.65
3.42 -6996.52 4526.22 2764.43 -13758.5 2764.43 4526.22
3.44 -4270.89 754.24 2445.73 -12291.3 2445.73 754.24
3.46 -1244.98 -3545.48 1961.14 -10211.9 1961.14 -3545.48
3.48 2101.27 -8806.51 1656.5 -7329.34 1656.5 -8806.51
3.5 5643.54 -14887.5 1712.87 -3717.45 1712.87 -14887.5
3.52 9112.54 -20925.8 1958.82 210.174 1958.82 -20925.8
3.54 12243.2 -25878.7 2047.11 3964.21 2047.11 -25878.7
3.56 14887.5 -29177.6 1782.83 7284.36 1782.83 -29177.6
3.58 17054.9 -30983.6 1224.23 10218.6 1224.23 -30983.6
3.6 18860.6 -31991.5 560.694 12995.3 560.694 -31991.5
3.62 20342.3 -32902.7 2.35231 15786 2.35231 -32902.7
3.64 21313.1 -33792.2 -279.856 18482.3 -279.856 -33792.2
3.66 21513.1 -33941.2 -257.593 20694.8 -257.593 -33941.2
3.68 20964.7 -32592.2 -125.183 22058.4 -125.183 -32592.2
3.7 20086.8 -30042 -188.23 22557 -188.23 -30042
3.72 19344.3 -27685.2 -588.471 22495.9 -588.471 -27685.2
3.74 18780.9 -26596.8 -1142.32 22137.6 -1142.32 -26596.8
3.76 17941.2 -26148.4 -1509.88 21404.4 -1509.88 -26148.4
3.78 16242.8 -24379.6 -1530.56 19943.2 -1530.56 -24379.6
3.8 13403.7 -19807.7 -1326.98 17437.7 -1326.98 -19807.7
3.82 9591.88 -12714.7 -1083.77 13871.5 -1083.77 -12714.7
3.84 5284.14 -4758.14 -852.477 9565.28 -852.477 -4758.14
3.86 975.761 2369.3 -612.621 4987.4 -612.621 2369.3
3.88 -3086.74 7971.51 -374.036 472.55 -374.036 7971.51
3.9 -6943.73 12558.7 -147.739 -3916.99 -147.739 12558.7
3.92 -10680.5 17260.8 43.4562 -8252.99 43.4562 17260.8
3.94 -14159.7 22691.5 82.7748 -12471.4 82.7748 22691.5
3.96 -17020.3 28074.3 -124.957 -16247.3 -124.957 28074.3
3.98 -18910.6 31613 -396.671 -19131.5 -396.671 31613
4 -19681.4 31942.5 -335.56 -20830.1 -335.56 31942.5
4.02 -19393.4 29223.9 245.932 -21403.9 245.932 29223.9
4.04 -18195.1 24835.5 1103.74 -21204.7 1103.74 24835.5
4.06 -16183.3 20120.6 1808.38 -20557 1808.38 20120.6
4.08 -13363.5 15460 2084.01 -19463 2084.01 15460
4.1 -9806.32 10475.7 1901.44 -17657.1 1901.44 10475.7
4.12 -5851.74 5038.6 1407.25 -14967.1 1407.25 5038.6
4.14 -2044.59 -123.098 820.85 -11551.6 820.85 -123.098
4.16 1186.72 -3974.15 296.061 -7764.29 296.061 -3974.15
4.18 3698.84 -6125.79 -168.392 -3917.34 -168.392 -6125.79
4.2 5502.06 -6935.14 -652.829 -236.442 -652.829 -6935.14
4.22 6664.04 -6865.19 -1186.64 3125.52 -1186.64 -6865.19
4.24 7415.31 -6264.98 -1749.59 6198.74 -1749.59 -6264.98
4.26 8161.35 -5733.56 -2342.87 9231.29 -2342.87 -5733.56
4.28 9242.5 -6050.34 -2972.87 12459.6 -2972.87 -6050.34
4.3 10727 -7454.98 -3606.38 15859.8 -3606.38 -7454.98
4.32 12433.8 -9355.46 -4210.4 19162 -4210.4 -9355.46
4.34 14021.7 -10948.5 -4765.55 21998 -4765.55 -10948.5
4.36 15071.7 -11880.9 -5148.64 23993.2 -5148.64 -11880.9
4.38 15277.6 -12274.5 -5089.19 24883.2 -5089.19 -12274.5
4.4 14597.7 -12397.2 -4394.41 24635.5 -4394.41 -12397.2
4.42 13085.2 -12252.5 -3204.48 23327.1 -3204.48 -12252.5
4.44 10598.5 -11109.2 -1932 20874.4 -1932 -11109.2
4.46 6829.3 -7437.59 -983.241 17039.8 -983.241 -7437.59
4.48 1612.17 251.366 -601.918 11741.8 -601.918 251.366
4.5 -4864.21 12148.6 -868.821 5254.12 -868.821 12148.6
4.52 -12098.3 26626.3 -1661.37 -1868.42 -1661.37 26626.3
4.54 -19482.3 41021.5 -2596.86 -8987.59 -2596.86 41021.5
4.56 -26536.6 53132.7 -3180.09 -15619.4 -3180.09 53132.7
4.58 -33019.4 62295.2 -3157.22 -21643.6 -3157.22 62295.2
4.6 -38851.2 69318.6 -2726.59 -27285.3 -2726.59 69318.6
4.62 -43958.6 75399.9 -2298.42 -32774.9 -2298.42 75399.9
4.64 -48163.5 80836.8 -2008.49 -37948.1 -2008.49 80836.8
4.66 -51167.9 84634.7 -1562.67 -42204 -1562.67 84634.7
4.68 -52612.8 85382.1 -625.676 -44907.7 -625.676 85382.1
4.7 -52134.6 82375.7 720.115 -45793.2 720.115 82375.7
4.72 -49447 75735.3 2006.39 -44949.8 2006.39 75735.3
4.74 -44520.2 65681.9 2877.17 -42560 2877.17 65681.9
4.76 -37674.6 52117 3519.97 -38739 3519.97 52117
4.78 -29351.1 34882 4547.53 -33501.9 4547.53 34882
4.8 -19810.8 14219.9 6379.84 -26829.1 6379.84 14219.9
4.82 -9215.99 -8852.71 8738.07 -18913.1 8738.07 -8852.71
4.84 2027.2 -32377.1 10820 -10358.3 10820 -32377.1
4.86 13183 -53880.9 11988.4 -1954.62 11988.4 -53880.9
4.88 23494 -71464.2 12231.5 5793.92 12231.5 -71464.2
4.9 32594.6 -84786.7 11979.8 12855 11979.8 -84786.7
4.92 40751.6 -95236.1 11611.2 19519.3 11611.2 -95236.1
4.94 48719.9 -105323 11216.7 26223.5 11216.7 -105323
4.96 57155.8 -117561 10784.8 33352.6 10784.8 -117561
4.98 65999.5 -133024 10469.9 40915.7 10469.9 -133024
5 74433.7 -150301 10562.3 48353.3 10562.3 -150301
5.02 81438.1 -165946 11162.1 54760.1 11162.1 -165946
5.04 86336.5 -176386 11942.8 59329.5 11942.8 -176386
5.06 88912.8 -179761 12309.3 61653.4 12309.3 -179761
5.08 89206.4 -176304 11802.3 61777.8 11802.3 -176304
5.1 87236.8 -167302 10354.4 60061.7 10354.4 -167302
5.12 82808.7 -153709 8210.32 56860.9 8210.32 -153709
5.14 75523.9 -135343 5642.23 52215 5642.23 -135343
5.16 64986.7 -111117 2707.89 45838.6 2707.89 -111117
5.18 50956.2 -80032.2 -727.155 37424.8 -727.155 -80032.2
5.2 33292.5 -42001.7 -4691.59 26910.6 -4691.59 -42001.7
5.22 11896.1 2360.94 -8883.47 14451.7 -8883.47 2360.94
5.24 -13105.3 52576.3 -12888.7 239.867 -12888.7 52576.3
5.26 -40974.5 108319 -16625 -15515.7 -16625 108319
5.28 -70059.7 167911 -20373.1 -32283.3 -20373.1 167911
5.3 -97841 226565 -24269.3 -48807.4 -24269.3 226565
5.32 -121529 276660 -27880.2 -63164.1 -27880.2 276660
5.34 -139087 310759 -30343.1 -73561.6 -30343.1 310759
5.36 -150031 325232 -30837.8 -79377.7 -30837.8 325232
5.38 -155329 321407 -29015.9 -81550.5 -29015.9 321407
5.4 -156525 303704 -25258.7 -81893.4 -25258.7 303704
5.42 -154851 277055 -20548.9 -81682.5 -20548.9 277055
5.44 -150860 245925 -15838.5 -80758 -15838.5 245925
5.46 -144383 215046 -11487.8 -78355 -11487.8 215046
5.48 -134626 189078 -7459.81 -74697.6 -7459.81 189078
5.5 -120711 168916 -3856.51 -70866.1 -3856.51 168916
5.52 -102345 148632 -898.295 -66860.2 -898.295 148632
5.54 -79863.5 118843 1521.38 -60739.6 1521.38 118843
5.56 -53876.8 74330.4 3863.56 -50375.5 3863.56 74330.4
5.58 -25340.6 17785.3 6401.67 -35736.8 6401.67 17785.3
5.6 3887.84 -43257.7 8806.44 -19080.7 8806.44 -43257.7
5.62 30981.3 -100811 10313.9 -3238.98 10313.9 -100811
5.64 53052.6 -147692 10268.1 9919.83 10268.1 -147692
5.66 68370 -177985 8685.08 19829 8685.08 -177985
5.68 77026.1 -189606 6506.63 26938.7 6506.63 -189606
5.7 80792.7 -186524 5145.34 32445.3 5145.34 -186524
5.72 82241.8 -176958 5461.21 37945 5461.21 -176958
5.74 83505.9 -168611 7160.98 44762.9 7160.98 -168611
5.76 85416.4 -165136 9274.61 53178.2 9274.61 -165136
5.78 87485.6 -166061 11033.5 62131.7 11033.5 -166061
5.8 88426.9 -168926 12194.4 69779.1 12194.4 -168926
5.82 86692.5 -171205 12876.5 74581.8 12876.5 -171205
5.84 80959.7 -170779 13428.3 76091.4 13428.3 -170779
5.86 70736.8 -165562 14274 74713.5 14274 -165562
5.88 56845.8 -153843 15565.2 70692.8 15565.2 -153843
5.9 41252.1 -135825 17035.3 63596 17035.3 -135825
5.92 26205.6 -114576 18411.9 53121 18411.9 -114576
5.94 13335.4 -94522.1 19855.6 40180.5 19855.6 -94522.1
5.96 3250.67 -78418 21659.5 26555 21659.5 -78418
5.98 -4544.76 -65433.4 23478 13269.3 23478 -65433.4
6 -11751.5 -51171.9 24125.3 -450.188 24125.3 -51171.9
6.02 -21040.9 -28772.7 22212.1 -16552.7 22212.1 -28772.7
6.04 -34952.3 8627.58 16858.8 -36577.1 16858.8 8627.58
6.06 -54223.6 63339.1 8062.31 -60290.1 8062.31 63339.1
6.08 -76593.5 128539 -2979.07 -85096.1 -2979.07 128539
6.1 -97024.5 188282 -13846.4 -106404 -13846.4 188282
6.12 -109787 224634 -22002.1 -119263 -22002.1 224634
6.14 -111686 228544 -26428.1 -120970 -26428.1 228544
6.16 -104070 206583 -27951.7 -112844 -27951.7 206583
6.18 -91539.9 177506 -28122.4 -99207.3 -28122.4 177506
6.2 -78355.3 160233 -28532.8 -84213.2 -28532.8 160233
6.22 -65979.4 162064 -31042.6 -69546.5 -31042.6 162064
6.24 -53611 176087 -37131.1 -54900.5 -37131.1 176087
6.26 -40381.6 188601 -45337.2 -39642 -45337.2 188601
6.28 -26777 188746 -48577.1 -22508.4 -48577.1 188746
6.3 -14184 172185 -36225 12.756 -36225 172185
6.32 -3108.05 137880 -3717.91 31280.4 -3717.91 137880
6.34 8608.44 85285.5 41256.2 70549.5 41256.2 85285.5
6.36 25224.4 17265.2 88002.2 114453 88002.2 17265.2
6.38 48420.5 -56794.4 125026 159404 125026 -56794.4
6.4 74814.7 -124065 147550 200899 147550 -124065
6.42 99248.9 -174067 163259 233422 163259 -174067
6.44 118420 -202537 172689 252408 172689 -202537
6.46 132422 -213191 157829 255044 157829 -213191
6.48 143672 -216278 114016 240279 114016 -216278
6.5 151501 -220428 57715.7 210914 57715.7 -220428
6.52 152520 -226664 12865.1 174840 12865.1 -226664
6.54 145600 -230229 -304.182 143092 -304.182 -230229
6.56 132370 -225821 17915.2 123778 17915.2 -225821
6.58 115523 -212670 51593.1 116430 51593.1 -212670
6.6 95924.3 -193214 79359.1 113915 79359.1 -193214
6.62 72677 -166959 90039 107575 90039 -166959
6.64 45801.9 -129961 84337.7 89786 84337.7 -129961
6.66 17956.5 -82195.5 63821 56219.8 63821 -82195.5
6.68 -6738.44 -32532 25551.2 8570.25 25551.2 -32532
6.7 -25153 5896.14 -30777.5 -46208.9 -30777.5 5896.14
6.72 -35959.7 25738.6 -95744.3 -100530 -95744.3 25738.6
6.74 -39354.2 29744.8 -150497 -149029 -150497 29744.8
6.76 -37366.7 27003.9 -177761 -186974 -177761 27003.9
6.78 -34354 27524.7 -175548 -208943 -175548 27524.7
6.8 -35710.6 37765.1 -153530 -213327 -153530 37765.1
6.82 -45301 59032 -123282 -205665 -123282 59032
6.84 -62284 89110.2 -80992.4 -193682 -80992.4 89110.2
6.86 -83247.7 126222 -19702.1 -180228 -19702.1 126222
6.88 -107668 169511 34700.9 -166023 34700.9 169511
6.9 -134699 212913 58788.6 -156715 58788.6 212913
6.92 -160955 247337 50125.4 -155596 50125.4 247337
6.94 -180602 265654 16378.1 -158565 16378.1 265654
6.96 -186836 263992 -27262.3 -161797 -27262.3 263992
6.98 -178006 245242 -69936.6 -162348 -69936.6 245242
7 -157219 219918 -104073 -155351 -104073 219918
7.02 -128708 196940 -123380 -137198 -123380 196940
7.04 -95553.4 176231 -118797 -106059 -118797 176231
7.06 -59751.7 153135 -82732.3 -60048.2 -82732.3 153135
7.08 -24902.2 123015 -18151.9 -976.183 -18151.9 123015
7.1 3045.61 84693.4 56430.8 62497.9 56430.8 84693.4
7.12 18831.2 42197.7 116615 118747 116615 42197.7
7.14 22421.7 517.611 150364 158589 150364 517.611
7.16 19723.7 -38962.3 163432 178206 163432 -38962.3
7.18 17812.7 -76127.4 160372 179819 160372 -76127.4
7.2 20257.4 -108799 130018 168398 130018 -108799
7.22 29011.1 -134360 79395.4 148713 79395.4 -134360
7.24 44376.3 -149612 24263.2 126344 24263.2 -149612
7.26 64395.2 -152752 -24237.7 107221 -24237.7 -152752
7.28 85871.5 -146606 -49723.8 95876.9 -49723.8 -146606
7.3 103973 -137364 -44104.7 94223.4 -44104.7 -137364
7.32 113767 -132249 -8884.07 99963.4 -8884.07 -132249
7.34 111925 -135559 42948 107702 42948 -135559
7.36 98076 -146247 95024.8 111943 95024.8 -146247
7.38 74995.2 -159850 133044 107276 133044 -159850
7.4 47882.1 -171950 147347 87802 147347 -171950
7.42 22669.3 -178799 133643 50707.5 133643 -178799
7.44 4147.32 -176937 94956.5 695.275 94956.5 -176937
7.46 -5323.88 -164178 41390.7 -51603.9 41390.7 -164178
7.48 -5930.92 -140658 -13794 -96333.3 -13794 -140658
7.5 -4.70242 -108489 -59180.6 -128790 -59180.6 -108489
7.52 8259.87 -70517.4 -87493.2 -148234 -87493.2 -70517.4
7.54 13327.6 -29088.4 -93603 -155111 -93603 -29088.4
7.56 9539.24 14770 -75020.3 -150629 -75020.3 14770
7.58 -7035.39 60791.6 -37531.2 -138002 -37531.2 60791.6
7.6 -36180.5 107339 7816.68 -122150 7816.68 107339
7.62 -72836.1 150681 47032 -107298 47032 150681
7.64 -109090 186440 65436.8 -95404.1 65436.8 186440
7.66 -137298 211390 56228.9 -86701.6 56228.9 211390
7.68 -152312 224313 24487 -80749.4 24487 224313
7.7 -151826 225665 -16481.4 -76692.2 -16481.4 225665
7.72 -136135 217103 -53931.5 -72462.3 -53931.5 217103
7.74 -107753 200494 -79398.3 -63627.7 -79398.3 200494
7.76 -71328.3 176910 -87143.4 -43999.4 -87143.4 176910
7.78 -33288.7 146878 -73670.8 -9709.45 -73670.8 146878
7.8 -324.486 110764 -40464.6 36052.5 -40464.6 110764
7.82 22721.4 69710.9 4868.61 83702.1 4868.61 69710.9
7.84 34218.8 26893.1 51508.6 123475 51508.6 26893.1
7.86 35716.7 -13673.4 89291.6 149921 89291.6 -13673.4
7.88 31214.9 -49471.5 110746 161218 110746 -49471.5
7.9 26120.9 -80113 111425 157572 111425 -80113
7.92 25784 -106876 89651.8 141636 89651.8 -106876
7.94 34114.5 -132319 51930.2 118774 51930.2 -132319
7.96 51688.2 -158163 10256.1 95318.5 10256.1 -158163
7.98 75099.3 -183107 -21907.7 76214.1 -21907.7 -183107
8 98855.6 -203686 -32377.2 63952.4 -32377.2 -203686
8.02 117966 -217437 -18417.5 58399 -18417.5 -217437
8.04 129237 -224665 12640.9 57177.1 12640.9 -224665
8.06 130566 -226439 49044.5 56932.3 49044.5 -226439
8.08 120595 -222371 81201.8 54030.7 81201.8 -222371
8.1 99469.6 -211114 102239 44094.5 102239 -211114
8.12 69931.1 -191692 106593 23287 106593 -191692
8.14 37035.2 -164253 91508.5 -7915 91508.5 -164253
8.16 6323.45 -129916 59402.4 -43447.5 59402.4 -129916
8.18 -18179 -90122.6 17247.8 -75916.4 17247.8 -90122.6
8.2 -35221.8 -46340.9 -25875.9 -101474 -25875.9 -46340.9
8.22 -46131.5 656.497 -60671 -119647 -60671 656.497
8.24 -53728.5 51218.2 -79078 -129997 -79078 51218.2
8.26 -61282.1 105552 -76782.6 -131030 -76782.6 105552
8.28 -71832.4 161646 -55372.6 -122119 -55372.6 161646
8.3 -87512.9 214803 -22695.1 -105267 -22695.1 214803
8.32 -108741 259239 9364.99 -84877.3 9364.99 259239
8.34 -133783 290221 29801.1 -66193 29801.1 290221
8.36 -159136 305475 33137.9 -53415.7 33137.9 305475
8.38 -180319 305352 20597.2 -48323.8 20597.2 305352
8.4 -192804 292025 -2890.56 -50195.3 -2890.56 292025
8.42 -193366 269037 -31921.7 -56697.4 -31921.7 269037
8.44 -180823 241683 -60544.2 -64154.9 -60544.2 241683
8.46 -156210 216242 -81005.2 -66754.1 -81005.2 216242
8.48 -122736 197077 -85407.4 -57212.1 -85407.4 197077
8.5 -85163 182754 -69891.1 -31358.9 -69891.1 182754
8.52 -49239.8 165029 -37668.2 6617.19 -37668.2 165029
8.54 -20212.6 134558 1803.86 45286.8 1803.86 134558
8.56 -827.537 88682.3 37521.2 73955.4 37521.2 88682.3
8.58 9429.91 32252.3 61732.8 88783.8 61732.8 32252.3
8.6 13566.7 -27929.9 71232.9 91268.9 71232.9 -27929.9
8.62 15591.7 -86746.4 65547.4 83983.7 65547.4 -86746.4
8.64 19390.6 -139759 46611.4 69827.7 46611.4 -139759
8.66 27974.7 -182057 20242 53331 20242 -182057
8.68 42767.9 -209866 -4539.77 39897.3 -4539.77 -209866
8.7 63219.5 -222887 -18291.4 33314.1 -18291.4 -222887
8.72 86891.9 -224498 -15698.2 34234.9 -15698.2 -224498
8.74 109863 -219731 1604.72 40516.4 1604.72 -219731
8.76 127389 -212802 27254.5 48796.1 27254.5 -212802
8.78 134913 -205682 54110.3 56096.6 54110.3 -205682
8.8 129465 -198636 76081.3 60077.6 76081.3 -198636
8.82 110730 -191816 87960.8 58115.9 87960.8 -191816
8.84 81257.1 -185041 85891.9 47087.3 85891.9 -185041
8.86 46004.7 -175728 68941 25314.3 68941 -175728
8.88 11345.4 -158269 40490.6 -4436.42 40490.6 -158269
8.9 -16738.4 -127087 7894.19 -34870.2 7894.19 -127087
8.92 -34829.3 -81667.7 -20352.2 -58812.7 -20352.2 -81667.7
8.94 -43047.1 -27578.7 -38148.3 -73583.1 -38148.3 -27578.7
8.96 -44234.4 28411.6 -42718.9 -79877 -42718.9 28411.6
8.98 -42546.3 82362.1 -33885.9 -78392.2 -33885.9 82362.1
9 -42462.5 131931 -15497.9 -70053.2 -15497.9 131931
9.02 -47754.6 173877 5145.65 -58372.5 5145.65 173877
9.04 -60418.6 204653 19829.9 -48840.6 19829.9 204653
9.06 -79920.4 222364 23121.5 -45376.1 23121.5 222364
9.08 -102918 227379 15228.8 -48021 15228.8 227379
9.1 -123927 221997 -208.311 -53963.3 -208.311 221997
9.12 -137059 209980 -19233.7 -60056.3 -19233.7 209980
9.14 -138216 195873 -38219.1 -64014.4 -38219.1 195873
9.16 -126383 183658 -52732.4 -63710.6 -52732.4 183658
9.18 -103440 174969 -57883.5 -56237.2 -57883.5 174969
9.2 -73295.8 167998 -50242.7 -38504.4 -50242.7 167998
9.22 -41097.4 158121 -29884 -10011.5 -29884 158121
9.24 -12474.2 140374 -1505.1 24167.6 -1505.1 140374
9.26 7689.64 113350 26720.3 54551.6 26720.3 113350
9.28 16876.6 81167.6 47128.9 73351.6 47128.9 81167.6
9.3 16092 49596.3 56435.1 79431 56435.1 49596.3
9.32 9728.49 19664.7 55556.9 77114.3 55556.9 19664.7
9.34 3770.71 -12952.4 45920.2 71626.8 45920.2 -12952.4
9.36 3334.87 -51319.9 30319.7 66457.5 30319.7 -51319.9
9.38 10605.4 -91219.8 13294.7 63435.2 13294.7 -91219.8
9.4 24714.9 -123561 984.989 63253.9 984.989 -123561
9.42 43309.3 -142671 -333.974 65579 -333.974 -142671
9.44 63626.6 -150895 10442.5 69133.6 10442.5 -150895
9.46 82420.9 -155035 28605.5 72016.5 28605.5 -155035
9.48 95606.5 -159143 47451.2 72449.8 47451.2 -159143
9.5 99075.8 -161621 62444.1 69425.9 62444.1 -161621
9.52 90631.9 -158879 71336.9 62473.6 71336.9 -158879
9.54 71380 -150183 72676.5 51103.7 72676.5 -150183
9.56 45194.9 -137779 65541.8 34799.6 65541.8 -137779
9.58 16965.5 -123200 50398.4 13483.6 50398.4 -123200
9.6 -8888.88 -104669 29759 -11662.5 29759 -104669
9.62 -29087.3 -78551.8 8116.12 -37565.3 8116.12 -78551.8
9.64 -41944.8 -43226.9 -9361.08 -60106.4 -9361.08 -43226.9
9.66 -47889.6 -826.131 -18953.6 -76096.7 -18953.6 -826.131
9.68 -49351.8 44564.8 -19523.7 -84246.2 -19523.7 44564.8
9.7 -49687.2 88796.3 -12221.9 -84708.6 -12221.9 88796.3
9.72 -51785.9 127359 -154.613 -78793.2 -154.613 127359
9.74 -57149.5 155127 12537.1 -69181.3 12537.1 155127
9.76 -65757.7 168488 21347.4 -59448.5 21347.4 168488
9.78 -76387.8 168006 22618.8 -52621 22618.8 168006
9.8 -86863.3 158349 15607.5 -49768.2 15607.5 158349
9.82 -94162.3 145244 2686.68 -49602.2 2686.68 145244
9.84 -94826.9 132087 -12296 -49217.2 -12296 132087
9.86 -86157.3 118948 -25581.3 -45167.1 -25581.3 118948
9.88 -67794.2 104175 -33618.7 -34285.4 -33618.7 104175
9.9 -42417.6 86576.7 -33328 -14908.6 -33328 86576.7
9.92 -14705.1 66212.5 -23608.6 11409.5 -23608.6 66212.5
9.94 10738.5 43753.2 -6596.06 39783.3 -6596.06 43753.2
9.96 30890.5 19500 13108.4 64633.8 13108.4 19500
9.98 44482.1 -6909.92 30590.1 82594.9 30590.1 -6909.92
10 51477.5 -35556.1 42353.9 93008.8 42353.9 -35556.1
10.02 52810.6 -64850.9 46927.8 96730.7 46927.8 -64850.9
10.04 50513.9 -91565 44515.8 95260.6 44515.8 -91565
10.06 47684.2 -112820 36395.3 90542.2 36395.3 -112820
10.08 47745.7 -128151 25069.8 84730.1 25069.8 -128151
10.1 52845 -139331 13589 79610 13589 -139331
10.12 62406.1 -148176 5537.71 75907.1 5537.71 -148176
10.14 73155.4 -154384 4759.45 73080.4 4759.45 -154384
10.16 80760 -155354 12772.4 69759.6 12772.4 -155354
10.18 81827.9 -148207 26968.1 64310.6 26968.1 -148207
10.2 74843.9 -132121 41794.9 55263.7 41794.9 -132121
10.22 59975.1 -108909 52196.1 41849 52196.1 -108909
10.24 38543.2 -81442.4 55696 24579.3 55696 -81442.4
10.26 12729.1 -51996.5 52151.5 5175.05 52151.5 -51996.5
10.28 -14468.8 -22053.2 42707.8 -14442.9 42707.8 -22053.2
10.3 -39480.7 7144.1 29220.3 -33054.6 29220.3 7144.1
10.32 -59043.7 34342.3 13990.9 -49927.3 13990.9 34342.3
10.34 -71376.3 58688.8 -504.053 -64131.5 -504.053 58688.8
10.36 -76830.5 80303.2 -11882.9 -74553.2 -11882.9 80303.2
10.38 -77515.2 100101 -18117.6 -80472.8 -18117.6 100101
10.4 -76207.4 118840 -17966.5 -81882.7 -17966.5 118840
10.42 -75245.5 136364 -11450.7 -79353.4 -11450.7 136364
10.44 -75934.9 151608 -593.506 -73819.3 -593.506 151608
10.46 -78473.1 162933 10434.1 -66506.4 10434.1 162933
10.48 -82075.6 168469 17000.4 -58804.1 17000.4 168469
10.5 -85178.9 166649 16371.3 -51832.7 16371.3 166649
10.52 -85707 156786 9350.89 -45798.3 9350.89 156786
10.54 -81468.3 139301 -602.802 -39561.3 -602.802 139301
10.56 -70838 115470 -10131 -31076.6 -10131 115470
10.58 -53619.8 87212.3 -17220.7 -18803.8 -17220.7 87212.3
10.6 -31463.5 57299.1 -20450.5 -2883.84 -20450.5 57299.1
10.62 -7328 29245 -18434.2 15190.3 -18434.2 29245
10.64 15641.3 5958.08 -10591.7 33869.2 -10591.7 5958.08
10.66 35015.6 -12146.5 2012.05 52174.7 2012.05 -12146.5
10.68 49395.1 -27655.3 16833.6 69272.1 16833.6 -27655.3
10.7 58343 -44451.8 30745.8 83972.9 30745.8 -44451.8
10.72 62247.9 -64993.9 40968.7 94823 40968.7 -64993.9
10.74 62201.4 -88573.6 45422.1 100547 45422.1 -88573.6
10.76 59850.5 -111777 42672.7 100547 42672.7 -111777
10.78 57253.4 -130747 34189.7 95421.8 34189.7 -130747
10.8 56076.2 -143167 23466 86990.8 23466 -143167
10.82 56685.1 -148654 14417.5 77390.9 14417.5 -148654
10.84 58040 -147537 10718.4 68204.7 10718.4 -147537
10.86 58296.4 -139624 13638.4 60208.8 13638.4 -139624
10.88 55703.2 -124895 21986.3 53251.7 21986.3 -124895
10.9 49129.3 -105100 32960.9 46189.7 32960.9 -105100
10.92 38235.5 -83878.8 43272.6 37285.6 43272.6 -83878.8
10.94 23374.2 -64680.3 49573.5 25060.6 49573.5 -64680.3
10.96 5379.41 -48221.7 49195.4 8942.52 49195.4 -48221.7
10.98 -14479.9 -31929.8 41133.7 -10797.7 41133.7 -31929.8
11 -34334.5 -12134.9 26458.7 -33278.7 26458.7 -12134.9
11.02 -51808.4 12732.4 7880.84 -56672.6 7880.84 12732.4
11.04 -64718.7 40579 -10881.2 -77938.4 -10881.2 40579
11.06 -71954 66923.5 -25713.3 -93685.9 -25713.3 66923.5
11.08 -73835.5 87791.9 -32912.5 -101697 -32912.5 87791.9
11.1 -71848.4 101930 -30351.5 -101737 -30351.5 101930
11.12 -68117.1 111006 -19040 -95301.7 -19040 111006
11.14 -64704.7 118036 -3347.59 -84881.3 -3347.59 118036
11.16 -62928.6 125275 10023.3 -73160.5 10023.3 125275
11.18 -63048.2 132794 15016 -62278.8 15016 132794
11.2 -64351.8 138524 10085.8 -53291.2 10085.8 138524
11.22 -65380.9 139794 -1586.09 -45983.7 -1586.09 139794
11.24 -64238.3 135166 -15361 -39064.4 -15361 135166
11.26 -59260.2 125074 -27733.4 -30582.6 -27733.4 125074
11.28 -49760 110878 -35880.3 -18583.1 -35880.3 110878
11.3 -36192.3 93587.3 -36905.9 -2030.79 -36905.9 93587.3
11.32 -19769.3 73617.2 -28901.8 18667 -28901.8 73617.2
11.34 -2209.41 51592.6 -12371.4 42109.3 -12371.4 51592.6
11.36 14264.7 29161.3 9696.23 66442 9696.23 29161.3
11.38 27272.8 8910.15 32692.7 89143.5 32692.7 8910.15
11.4 35182.1 -6826.17 51459.9 107029 51459.9 -6826.17
11.42 37951.1 -17739.6 61655.5 117460 61655.5 -17739.6
11.44 37163.8 -26563.9 60741.4 119717 60741.4 -26563.9
11.46 35278.7 -37995.4 48900.1 115048 48900.1 -37995.4
11.48 34601.9 -55658.6 30805.5 105694 30805.5 -55658.6
11.5 36168.3 -79024.4 13608.5 94018.6 13608.5 -79024.4
11.52 39441.4 -102996 3924.86 81989.7 3924.86 -102996
11.54 42996.8 -120532 5068.84 70867.8 5068.84 -120532
11.56 45347.1 -126561 15305 61059.8 15305 -126561
11.58 45431.6 -120986 30495.5 52208.6 30495.5 -120986
11.6 42626 -108424 46748.5 43428.7 46748.5 -108424
11.62 36604.9 -94541.2 60608.4 33383.4 60608.4 -94541.2
11.64 27308.1 -82195.8 67963.5 20448 67963.5 -82195.8
11.66 15154.7 -71126.2 64987.5 3425.86 64987.5 -71126.2
11.68 1316.59 -60722.7 50511.5 -17631.9 50511.5 -60722.7
11.7 -12385.4 -51724.6 27080.9 -41276.3 27080.9 -51724.6
11.72 -24178.5 -44443.4 -211.127 -65129 -211.127 -44443.4
11.74 -33205.2 -36173.8 -25641 -86502.8 -25641 -36173.8
11.76 -39854.6 -21782.2 -44314.7 -102990 -44314.7 -21782.2
11.78 -45273.3 2498.81 -53019.5 -112914 -53019.5 2498.81
11.8 -50493.6 35777.9 -49740.5 -115475 -49740.5 35777.9
11.82 -56105.1 72854.3 -35013.4 -110742 -35013.4 72854.3
11.84 -62380 107420 -13606.9 -99788.1 -13606.9 107420
11.86 -69123.7 135023 7274.78 -84874.1 7274.78 135023
11.88 -75663.5 153989 19325.6 -69314.7 19325.6 153989
11.9 -81126 164453 17002.8 -56470.7 17002.8 164453
11.92 -84685.3 167301 1609.93 -47973.8 1609.93 167301
11.94 -85570.9 164039 -20479.4 -42827.9 -20479.4 164039
11.96 -82942.6 156785 -42233 -38386.7 -42233 156785
11.98 -76055.5 147776 -58356.4 -31761.7 -58356.4 147776
12 -64710.7 138538 -64840.4 -20452.5 -64840.4 138538
12.02 -49650.9 129187 -59057 -2973.95 -59057 129187
12.04 -32579.8 118471 -40951.1 20290.3 -40951.1 118471
12.06 -15761.3 104749 -13497.6 47075.9 -13497.6 104749
12.08 -1353.79 87216.2 18128.5 74067.1 18128.5 87216.2
12.1 9250.36 66473.6 47744 97596.5 47744 66473.6
12.12 15850.9 44110.1 69558.7 114304 69558.7 44110.1
12.14 19470 21498.5 79883.7 122249 79883.7 21498.5
12.16 21947.5 -1291.46 77866.1 121754 77866.1 -1291.46
12.18 25102.7 -25292 62226.8 114778 62226.8 -25292
12.2 30692.3 -51588.4 37485.5 103663 37485.5 -51588.4
12.22 39527 -79394.9 12336.5 90838.7 12336.5 -79394.9
12.24 50607.6 -105678 -5032.05 78792.2 -5032.05 -105678
12.26 61803.2 -126968 -7301.61 69580.5 -7301.61 -126968
12.28 70795.1 -141045 6086.55 64209.5 6086.55 -141045
12.3 75841 -147933 29698.7 62073.5 29698.7 -147933
12.32 75682.4 -149257 55723 61217.1 55723 -149257
12.34 69510 -146543 78020.9 59216.3 78020.9 -146543
12.36 57317.2 -140190 91846.5 53388.5 91846.5 -140190
12.38 40365.3 -129940 92969.4 40943.6 92969.4 -129940
12.4 21080.2 -115625 79040.7 20451.3 79040.7 -115625
12.42 2328.28 -97446.5 51785.9 -6593.43 51785.9 -97446.5
12.44 -13452.8 -76114.5 16871.1 -36118.8 16871.1 -76114.5
12.46 -24891 -52846.4 -18215.1 -63267.7 -18215.1 -52846.4
12.48 -31947.7 -28919.8 -46402 -83983 -46402 -28919.8
12.5 -35774.1 -5073.55 -62750.9 -95934.5 -62750.9 -5073.55
12.52 -38194.5 18626 -65531.4 -98945.3 -65531.4 18626
12.54 -40961.6 42164.4 -54506.2 -94659.6 -54506.2 42164.4
12.56 -45399.6 64882.1 -32089.5 -85578 -32089.5 64882.1
12.58 -52080 85134.8 -5030.64 -74266.6 -5030.64 85134.8
12.6 -60083.5 100566 18767.7 -62986.4 18767.7 100566
12.62 -67159.1 109271 30672.3 -53560.2 30672.3 109271
12.64 -70908.3 110706 24829.6 -47231.4 24829.6 110706
12.66 -69974.4 105976 3546.5 -44023.6 3546.5 105976
12.68 -64326.5 97596.5 -24364.3 -42249.9 -24364.3 97596.5
12.7 -54695.8 88479.2 -49691.1 -39313.6 -49691.1 88479.2
12.72 -42221.9 80871.4 -66814 -33039 -66814 80871.4
12.74 -28458.5 75913.1 -72571.4 -22199.9 -72571.4 75913.1
12.76 -15308.8 73728.7 -65113.4 -6565.99 -65113.4 73728.7
12.78 -4742.93 73868.8 -45120.2 12922.7 -45120.2 73868.8
12.8 1626.39 75811.8 -16749.6 34302.2 -16749.6 75811.8
12.82 3148.42 78660.3 13617.5 55229.1 13617.5 78660.3
12.84 700.661 79921.5 39569.5 73520.9 39569.5 79921.5
12.86 -3372.91 75223.8 56495.6 87375.3 56495.6 75223.8
12.88 -6207.08 60587.4 62149.2 95534.3 62149.2 60587.4
12.9 -5911.18 35738.6 52428.6 97203.1 52428.6 35738.6
12.92 -1468.67 4520.63 30020.1 92225.4 30020.1 4520.63
12.94 6930.68 -26811 3464.27 81960.4 3464.27 -26811
12.96 17482.6 -52490.6 -18788.1 69259.5 -18788.1 -52490.6
12.98 27700.5 -69498.9 -27949.8 57323.8 -27949.8 -69498.9
13 35138.2 -77047.4 -21213.7 48600.1 -21213.7 -77047.4
13.02 38052.1 -75904.6 -1772.95 43705.1 -1772.95 -75904.6
13.04 35612.8 -68540.8 23573.7 41233.6 23573.7 -68540.8
13.06 28062.2 -59064.9 48329.8 38876.2 48329.8 -59064.9
13.08 16516.7 -51743.4 66617.5 34086.2 66617.5 -51743.4
13.1 2609.75 -48743.6 73060.5 24007.1 73060.5 -48743.6
13.12 -11655.5 -48943.7 64484.1 6491.9 64484.1 -48943.7
13.14 -23926.7 -49311.5 42050.6 -18028.3 42050.6 -49311.5
13.16 -31970 -47603.5 10983.7 -46129.4 10983.7 -47603.5
13.18 -34601.2 -43343.5 -21488.6 -72930.9 -21488.6 -43343.5
13.2 -32355.9 -36459.8 -48271.7 -94003 -48271.7 -36459.8
13.22 -27282.9 -26224.4 -64109.9 -106524 -64109.9 -26224.4
13.24 -22010.6 -12226.1 -66574.2 -109658 -66574.2 -12226.1
13.26 -18615.2 4062.31 -54061.7 -104296 -54061.7 4062.31
13.28 -18323.5 19672.2 -28978.2 -92474.1 -28978.2 19672.2
13.3 -21478.4 31914.2 300.004 -76971.8 300.004 31914.2
13.32 -27329.7 39831.7 24055.2 -61057.8 24055.2 39831.7
13.34 -34555.8 44941.1 33157.4 -47955.1 33157.4 44941.1
13.36 -41878.8 50693.1 23913.8 -39734.9 23913.8 50693.1
13.38 -48215.6 60916.6 729.871 -36230.8 729.871 60916.6
13.4 -52458.2 77592 -28082 -35285.5 -28082 77592
13.42 -53428.6 99017.2 -54801.1 -34042.4 -54801.1 99017.2
13.44 -50412.3 120290 -73334.5 -29590.6 -73334.5 120290
13.46 -43821.7 136136 -78602.6 -19135.5 -78602.6 136136
13.48 -35373.5 143865 -67913.3 -1179.52 -67913.3 143865
13.5 -27507.4 144257 -42845.2 23018.8 -42845.2 144257
13.52 -22262 139918 -9012.54 49797.3 -9012.54 139918
13.54 -20226.8 132336 26040.4 75060.3 26040.4 132336
13.56 -20313.8 120261 54986.6 95730.9 54986.6 120261
13.58 -20550.4 101276 72229.6 109783 72229.6 101276
13.6 -19297 75148.6 73369.9 115763 73369.9 75148.6
13.62 -15557.7 44971.9 56932.6 112869 56932.6 44971.9
13.64 -8427.83 14724.4 28873.5 101924 28873.5 14724.4
13.66 2477.66 -13716.2 -973.734 85940.9 -973.734 -13716.2
13.68 16394.6 -41351.1 -21772.5 69202.3 -21772.5 -41351.1
13.7 31401.7 -69522.4 -25055.2 55781.3 -25055.2 -69522.4
13.72 44935.2 -96951.5 -10329.8 48044.9 -10329.8 -96951.5
13.74 54762 -120221 16227.1 45471.2 16227.1 -120221
13.76 59729.8 -136786 46108.1 45171.1 46108.1 -136786
13.78 60093.3 -147258 71873.2 43794.8 71873.2 -147258
13.8 57046.9 -154800 87264.6 38702 87264.6 -154800
13.82 51879.2 -162355 87678.2 27979.8 87678.2 -162355
13.84 45679 -170429 71873.6 10733.9 71873.6 -170429
13.86 39731.5 -177521 42955.6 -12031.6 42955.6 -177521
13.88 35606.8 -182109 7383.82 -37221.4 7383.82 -182109
13.9 34345 -183443 -27004.5 -60818.5 -27004.5 -183443
13.92 35442.4 -180403 -53226.2 -79425.2 -53226.2 -180403
13.94 36768.4 -170570 -67164.1 -90961.4 -67164.1 -170570
13.96 35580.1 -151367 -67995.3 -94651.8 -67995.3 -151367
13.98 29847.7 -122167 -55105.8 -90973.5 -55105.8 -122167
14 18738.8 -84447.9 -28743.3 -81483.9 -28743.3 -84447.9
14.02 2217.24 -39927.9 2204.02 -68721.9 2204.02 -39927.9
14.04 -18609.5 9707.21 25057.8 -56311.5 25057.8 9707.21
14.06 -41527.3 61427.2 30086.7 -48083.3 30086.7 61427.2
14.08 -63728.4 109591 14810.8 -45872.9 14810.8 109591
14.1 -81983.8 146660 -13125.8 -47947.5 -13125.8 146660
14.12 -93364.9 167003 -43312.1 -50282.4 -43312.1 167003
14.14 -96466.5 171312 -68594.3 -49847.3 -68594.3 171312
14.16 -92378.4 167881 -85762.9 -46193.6 -85762.9 167881
14.18 -84105.5 168040 -92438.5 -39963.5 -92438.5 168040
14.2 -75013.9 178426 -86506.7 -30979.1 -86506.7 178426
14.22 -67714.6 196885 -67867.3 -18139.3 -67867.3 196885
14.24 -63806.8 215571 -39841.2 -654.594 -39841.2 215571
14.26 -63793.1 227231 -8705.96 20436.2 -8705.96 227231
14.28 -66659.3 228010 18368.7 41419.2 18368.7 228010
14.3 -69568.1 215203 35676.7 57017.5 35676.7 215203
14.32 -68576.5 185062 39142.9 63365.3 39142.9 185062
14.34 -60185 135407 27922.3 60491.3 27922.3 135407
14.36 -42885.6 70921.9 7787.93 52035.9 7787.93 70921.9
14.38 -18402.8 4238.11 -14780.1 42369.6 -14780.1 4238.11
14.4 9085.77 -50862.9 -34323.7 34209.7 -34323.7 -50862.9
14.42 35124.1 -87826.2 -43720 29165.6 -43720 -87826.2
14.44 56544 -109583 -37174.3 28914.3 -37174.3 -109583
14.46 72000 -124697 -14185.1 34006 -14185.1 -124697
14.48 81436.4 -141608 18235.1 41967 18235.1 -141608
14.5 85365.9 -164531 49832.3 48051.2 49832.3 -164531
14.52 84622.6 -192088 72440.8 48334.6 72440.8 -192088
14.54 80622.6 -218736 82013.7 41935.2 82013.7 -218736
14.56 75240 -238036 77796.7 30554.6 77796.7 -238036
14.58 69919.4 -245705 61449.6 16335.7 61449.6 -245705
14.6 64896.4 -240423 36469.7 278.839 36469.7 -240423
14.62 59393.1 -222290 7735.6 -17135.7 7735.6 -222290
14.64 52378.9 -191244 -18780.4 -34031.4 -18780.4 -191244
14.66 43053.7 -148163 -36925.2 -47039.5 -36925.2 -148163
14.68 30962.4 -97687.1 -42369.9 -53810.7 -42369.9 -97687.1
14.7 16053.3 -47874.2 -34049.5 -54798.5 -34049.5 -47874.2
14.72 -1437.17 -4699.05 -15646.2 -52105.6 -15646.2 -4699.05
14.74 -20941.2 32795.5 5386.53 -47544.1 5386.53 32795.5
14.76 -41355.2 70364.6 19841.3 -42454.4 19841.3 70364.6
14.78 -61239.3 111509 20240.8 -38475.1 20240.8 111509
14.8 -79410.4 153705 6224.31 -37027.3 6224.31 153705
14.82 -95101 191434 -15488.4 -37967.6 -15488.4 191434
14.84 -107228 220690 -36944.3 -39778.7 -36944.3 220690
14.86 -114019 239766 -54046.3 -41134.5 -54046.3 239766
14.88 -113875 247612 -65501.3 -41350.7 -65501.3 247612
14.9 -106610 243504 -69513.6 -39178.5 -69513.6 243504
14.92 -93741.6 228323 -63524 -32072.6 -63524 228323
14.94 -77898 205386 -46705.6 -17581 -46705.6 205386
14.96 -61744.4 179382 -21909 4093.43 -21909 179382
14.98 -46802.4 153398 4555.58 29020.9 4555.58 153398
15 -32976.2 126057 25182.5 51438 25182.5 126057
15.02 -19289.8 92152.8 34611.4 66918.3 34611.4 92152.8
15.04 -5154.73 47450.2 31843.5 73804.9 31843.5 47450.2
15.06 9094.66 -6312.6 19759.6 72387.9 19759.6 -6312.6
15.08 22805.4 -61251.2 4745.89 64093.7 4745.89 -61251.2
15.1 35681.8 -108378 -6733.52 51820.5 -6733.52 -108378
15.12 48144.1 -143627 -10945.2 39924.7 -10945.2 -143627
15.14 61152.3 -169562 -6660.09 32683.1 -6660.09 -169562
15.16 75145.2 -191344 4972.48 32142.9 4972.48 -191344
15.18 88982.8 -211209 21424.6 37142.7 21424.6 -211209
15.2 99999.7 -226674 39089.6 44250.1 39089.6 -226674
15.22 105272 -233679 53881.9 49599.7 53881.9 -233679
15.24 102926 -230704 61926.6 50012.1 61926.6 -230704
15.26 92555 -219438 60371 42909.9 60371 -219438
15.28 74965.6 -201799 48179.6 26320.7 48179.6 -201799
15.3 51949.2 -177020 27050.8 424.097 27050.8 -177020
15.32 26170 -142153 1793.6 -30459.6 1793.6 -142153
15.34 808.472 -95980.9 -20982.3 -58772.5 -20982.3 -95980.9
15.36 -21375.3 -42330.7 -35699.5 -78133.3 -35699.5 -42330.7
15.38 -39058.1 11871.2 -39704.8 -86749.1 -39704.8 11871.2
15.4 -52537.9 61974.1 -33107 -86294 -33107 61974.1
15.42 -63140.7 107589 -19565.5 -79102.2 -19565.5 107589
15.44 -72477.9 149353 -5061.43 -67822.8 -5061.43 149353
15.46 -82292.9 186320 4302.33 -56423.1 4302.33 186320
15.48 -94283 217202 4700.94 -49107.4 4700.94 217202
15.5 -109005 241732 -3422.85 -47695.3 -3422.85 241732
15.52 -124730 259238 -17259.3 -50940.1 -17259.3 259238
15.54 -137522 267082 -33704 -56255 -33704 267082
15.56 -142747 262408 -49572.3 -60883.8 -49572.3 262408
15.58 -137175 245505 -60913.7 -61407.7 -60913.7 245505
15.6 -120408 220316 -63710.9 -53766.8 -63710.9 220316
15.62 -94948.7 191074 -55559.7 -35250.4 -55559.7 191074
15.64 -64884.8 159082 -37101.2 -7054.82 -37101.2 159082
15.66 -34183.4 122515 -12396.1 25209.5 -12396.1 122515
15.68 -5865.18 79025.9 12364 54305.9 12364 79025.9
15.7 17900.8 29270.3 31459.4 75226.5 31459.4 29270.3
15.72 35618.3 -22185 41482.9 86373.4 41482.9 -22185
15.74 47006.1 -69727.3 41219.1 88129.1 41219.1 -69727.3
15.76 53684.7 -110332 31965.4 82110.5 31965.4 -110332
15.78 58640.7 -144234 16914.9 71660.1 16914.9 -144234
15.8 64584.4 -172549 958.597 61302.5 958.597 -172549
15.82 72486.3 -194567 -9601.22 54812.4 -9601.22 -194567
15.84 81147.3 -207346 -10003.2 53546.2 -10003.2 -207346
15.86 87927.3 -207884 215.72 55985 215.72 -207884
15.88 90029.7 -195614 16948.4 58627.9 16948.4 -195614
15.9 85642.3 -173319 34427.2 57916.2 34427.2 -173319
15.92 74268.9 -145953 47911.7 51732.8 47911.7 -145953
15.94 56442.6 -117921 54257.5 39373.9 54257.5 -117921
15.96 33502.5 -90644.9 51654.4 21215.4 51654.4 -90644.9
15.98 7591.22 -62446.8 40081.3 -854.485 40081.3 -62446.8
16 -18477.2 -31304.7 21794.1 -23624.7 21794.1 -31304.7
16.02 -41631.1 1954.99 882.147 -44005.1 882.147 1954.99
16.04 -59189.6 33636.6 -17865.6 -59903.4 -17865.6 33636.6
16.06 -69812 60321.8 -30293.9 -70027 -30293.9 60321.8
16.08 -74300.6 81890.1 -34141.6 -74157 -34141.6 81890.1
16.1 -75326.5 101706 -29577.2 -73732.2 -29577.2 101706
16.12 -75890.2 123613 -18649.1 -71051.6 -18649.1 123613
16.14 -77695.6 147785 -5104.17 -67563.4 -5104.17 147785
16.16 -80572.7 169130 6391.26 -63363.6 6391.26 169130
16.18 -83181.7 180457 11546 -58205.1 11546 180457
16.2 -84184.4 177713 8234.45 -52398.7 8234.45 177713
16.22 -82744.6 162305 -1924.56 -46570.4 -1924.56 162305
16.24 -78102 138868 -14814.3 -40825.4 -14814.3 138868
16.26 -69048.1 111318 -26385.5 -34313.4 -26385.5 111318
16.28 -54361.1 81163.6 -33992.3 -25544.1 -33992.3 81163.6
16.3 -34002.1 49017.1 -35958.5 -13231.4 -35958.5 49017.1
16.32 -9845.62 16679.6 -31279.3 2896.15 -31279.3 16679.6
16.34 14820 -12892.7 -20174.3 21909.2 -20174.3 -12892.7
16.36 36626.9 -37621.9 -4543.62 42048.8 -4543.62 -37621.9
16.38 53366.4 -58071.1 12365.3 61122.5 12365.3 -58071.1
16.4 64444.2 -77022.6 26740.1 76816.2 26740.1 -77022.6
16.42 70458.4 -97190.2 35128.3 87164.7 35128.3 -97190.2
16.44 72421 -118997 35482.3 91115.8 35482.3 -118997
16.46 71309.8 -139991 28141.6 88895.6 28141.6 -139991
16.48 68101.3 -155981 16165 81995.8 16165 -155981
16.5 63769.6 -162977 3944.6 72671.7 3944.6 -162977
16.52 59030.9 -158879 -4469.72 63081.5 -4469.72 -158879
16.54 54074.2 -144134 -6621.19 54586.5 -6621.19 -144134
16.56 48494.8 -121260 -2448.72 47494.7 -2448.72 -121260
16.58 41457.3 -93831.2 6199.45 41030.7 6199.45 -93831.2
16.6 31972.1 -65271.7 16600.1 33587.3 16600.1 -65271.7
16.62 19275 -37795.6 25889 23570.6 25889 -37795.6
16.64 3183.78 -12095.7 31308.5 10302 31308.5 -12095.7
16.66 -15731.1 12101.1 30757.9 -5917.98 30757.9 12101.1
16.68 -36130.9 35242.2 23728.9 -24243.9 23728.9 35242.2
16.7 -55977.8 57436.2 11751.9 -43316.1 11751.9 57436.2
16.72 -72856.6 78279.9 -2229.45 -61119.6 -2229.45 78279.9
16.74 -84709.8 97002.7 -14998.5 -75442.9 -14998.5 97002.7
16.76 -90635 112833 -23881.7 -84733.4 -23881.7 112833
16.78 -91125.6 125270 -27125.2 -88538 -27125.2 125270
16.8 -87600.8 134024 -24051.2 -87312.6 -24051.2 134024
16.82 -81708 138787 -15647.9 -82017.7 -15647.9 138787
16.84 -74852.5 139070 -4810.57 -73843.1 -4810.57 139070
16.86 -68033.7 134328 4602.7 -64059 4602.7 134328
16.88 -61850.2 124366 9192.78 -53880.8 9192.78 124366
16.9 -56343.7 109632 7766 -44172.9 7766 109632
16.92 -50720.4 91054.1 1729.01 -35002.9 1729.01 91054.1
16.94 -43486.8 69552.3 -6513.77 -25639.7 -6513.77 69552.3
16.96 -33235.9 45824.5 -14867.9 -15232.8 -14867.9 45824.5
16.98 -19511.6 20590.5 -21286.9 -3290.06 -21286.9 20590.5
17 -2999.99 -5156.02 -23381.6 10525.5 -23381.6 -5156.02
17.02 14941.8 -30292.5 -19453.6 26430.9 -19453.6 -30292.5
17.04 32806.9 -53905.6 -9887.96 43958.8 -9887.96 -53905.6
17.06 49091.1 -75414.8 2801.88 61603.8 2801.88 -75414.8
17.08 62251.3 -94397.8 15203 77190.6 15203 -94397.8
17.1 70912.4 -110313 24342.7 88567.9 24342.7 -110313
17.12 74415.4 -122386 28489.2 94268.2 28489.2 -122386
17.14 73216.3 -129799 27259.5 93997.4 27259.5 -129799
17.16 68636.3 -132009 21407.9 88664.2 21407.9 -132009
17.18 62090.7 -128826 12521.6 79838.5 12521.6 -128826
17.2 54421.9 -120203 2816.56 69040.2 2816.56 -120203
17.22 45838 -106156 -4743.41 57381.6 -4743.41 -106156
17.24 36323.3 -87029.5 -7307.18 45556.1 -7307.18 -87029.5
17.26 26008.6 -63801 -4008.97 33837.2 -4008.97 -63801
17.28 15119 -38071.8 3286.71 22157.9 3286.71 -38071.8
17.3 3608.96 -11621.8 11332 10371.9 11332 -11621.8
17.32 -8983.42 14301.8 17384.1 -1708.87 17384.1 14301.8
17.34 -23140.8 39394.7 19870.3 -14476.6 19870.3 39394.7
17.36 -38682.1 63770.9 18215.1 -28199.6 18215.1 63770.9
17.38 -54395.8 86738.2 12747.4 -42322.5 12747.4 86738.2
17.4 -68396.3 106173 4638.43 -55429.1 4638.43 106173
17.42 -79015.4 119563 -4356.18 -66054.4 -4356.18 119563
17.44 -85534.5 126074 -12183.1 -73377.2 -12183.1 126074
17.46 -88187.6 127539 -16879.9 -77215.5 -16879.9 127539
17.48 -87562.5 127045 -17257.3 -77684.9 -17257.3 127045
17.5 -84073.5 126275 -13454.9 -74964.9 -13454.9 126275
17.52 -77983.5 124224 -6860.37 -69234 -6860.37 124224
17.54 -69780 118394 534.205 -60718 534.205 118394
17.56 -60278.3 107031 6899.69 -49791.1 6899.69 107031
17.58 -50205.3 90154.7 10776.4 -37076.6 10776.4 90154.7
17.6 -39686.2 68746.5 11187.8 -23539 11187.8 68746.5
17.62 -28185.8 43396.7 8149.85 -10303.3 8149.85 43396.7
17.64 -15011.8 14052.6 2924.47 1991.34 2924.47 14052.6
17.66 33.4476 -18883.4 -2426.9 13628.1 -2426.9 -18883.4
17.68 16377.4 -53335.5 -5904.08 25308.8 -5904.08 -53335.5
17.7 32957.8 -85669.3 -6200.45 37286.7 -6200.45 -85669.3
17.72 48723.6 -112341 -3005.18 49162.9 -3005.18 -112341
17.74 62871.4 -131713 2928.21 60258.6 2928.21 -131713
17.76 74719.8 -144433 10039.5 69874.7 10039.5 -144433
17.78 83529.2 -152264 16557.2 77315.9 16557.2 -152264
17.8 88541 -156593 21084.9 81945.3 21084.9 -156593
17.82 89188.5 -157710 22849.9 83312 22849.9 -157710
17.84 85266.6 -154870 21641.8 81228.4 21641.8 -154870
17.86 76955 -146722 17701.4 75721.1 17701.4 -146722
17.88 64739.7 -131808 11786.3 66882.3 11786.3 -131808
17.9 49325.6 -109105 5138.31 54780.9 5138.31 -109105
17.92 31623.7 -78666.3 -606.015 39774.2 -606.015 -78666.3
17.94 12744.5 -42056.8 -3848.11 23140.1 -3848.11 -42056.8
17.96 -6175.23 -2085.54 -3964.95 6971.62 -3964.95 -2085.54
17.98 -24308.4 38225.8 -1799.83 -7165.14 -1799.83 38225.8
18 -41386.1 76801 908.217 -19282.5 908.217 76801
18.02 -57593.1 112663 2651.5 -30327.2 2651.5 112663
18.04 -73128.4 144897 2727.39 -40855.5 2727.39 144897
18.06 -87786.3 171732 1094.76 -50663.3 1094.76 171732
18.08 -100929 191026 -1892.79 -59300.9 -1892.79 191026
18.1 -111812 201780 -5596.93 -66528.5 -5596.93 201780
18.12 -119829 205031 -9214.86 -72357.6 -9214.86 205031
18.14 -124421 202989 -11937.6 -76817 -11937.6 202989
18.16 -124839 197176 -13062.2 -79640.4 -13062.2 197176
18.18 -120230 187435 -12131.1 -80120.3 -12131.1 187435
18.2 -110117 172597 -9120.37 -77291.5 -9120.37 172597
18.22 -94911.5 151736 -4557.5 -70330.8 -4557.5 151736
18.24 -76010.4 124799 664.435 -58930 664.435 124799
18.26 -55279 92513.4 5488.97 -43681.5 5488.97 92513.4
18.28 -34286.1 56093.1 8843.14 -26383.8 8843.14 56093.1
18.3 -13912.5 16909.5 10087.2 -9486.42 10087.2 16909.5
18.32 5417.58 -23792.9 9461.98 5345.25 9461.98 -23792.9
18.34 23362.4 -64589.4 7948.99 17963.1 7948.99 -64589.4
18.36 39642 -103152 6608.83 29000.5 6608.83 -103152
18.38 54258.4 -136380 6143.86 38974 6143.86 -136380
18.4 67525.4 -161810 6895.99 48233.2 6895.99 -161810
18.42 79771.5 -178908 8910.76 57155.2 8910.76 -178908
18.44 90948.9 -188878 11922.8 65957.4 11922.8 -188878
18.46 100442 -193360 15409.1 74419.7 15409.1 -193360
18.48 107178 -193314 18681.7 81873.5 18681.7 -193314
18.5 109908 -188808 20934.6 87389.8 20934.6 -188808
18.52 107499 -179478 21346.3 90014 21346.3 -179478
18.54 99228 -165084 19433.3 89018.6 19433.3 -165084
18.56 85089.3 -145506 15429.4 84106.3 15429.4 -145506
18.58 66016.2 -120203 10202.7 75303.1 10202.7 -120203
18.6 43823.3 -88541.1 4924.96 62720.3 4924.96 -88541.1
18.62 20735.2 -51159.9 725.228 46977.5 725.228 -51159.9
18.64 -1292.08 -10713.2 -1631.36 29886.8 -1631.36 -10713.2
18.66 -21019.7 29264.3 -1977.23 13786.5 -1977.23 29264.3
18.68 -37968.6 66336.1 -805.176 -157.946 -805.176 66336.1
18.7 -52263.6 99708.9 988.981 -12427.1 988.981 99708.9
18.72 -64412.4 128998 2452.27 -23970.3 2452.27 128998
18.74 -75012.7 153085 2809.3 -35188.4 2809.3 153085
18.76 -84464.1 170352 1663.93 -45969.6 1663.93 170352
18.78 -92795.9 179703 -811.393 -56043.5 -811.393 179703
18.8 -99585.8 181237 -3923.36 -65079.2 -3923.36 181237
18.82 -103951 176120 -6790.56 -72637.7 -6790.56 176120
18.84 -104720 165810 -8671.41 -78132 -8671.41 165810
18.86 -100846 151258 -9050.14 -80841.4 -9050.14 151258
18.88 -91848.5 132712 -7617.21 -80068.6 -7617.21 132712
18.9 -78074.9 110168 -4354.07 -75398.4 -4354.07 110168
18.92 -60651.9 83967.5 402.243 -66783.7 402.243 83967.5
18.94 -41212.1 55194.7 5827.23 -54494.4 5827.23 55194.7
18.96 -21499.3 25519 10521.9 -39392.9 10521.9 25519
18.98 -2978.96 -3562.64 13000.8 -23217.9 13000.8 -3562.64
19 13353.2 -31467.3 12704.9 -7880.37 12704.9 -31467.3
19.02 27000.9 -58359 10504.9 5789.65 10504.9 -58359
19.04 37933.1 -84031.5 7941.84 18204.4 7941.84 -84031.5
19.06 46482.5 -107023 6123.49 29964.7 6123.49 -107023
19.08 53169.7 -125039 5454.94 41127.7 5454.94 -125039
19.1 58559.9 -136352 6011.9 51464.1 6011.9 -136352
19.12 63163 -140879 7729.95 60902 7729.95 -140879
19.14 67239.9 -140011 10294.2 69484.2 10294.2 -140011
19.16 70516.4 -135403 13084.9 77016.6 13084.9 -135403
19.18 72079.8 -127795 15289.7 82843.2 15289.7 -127795
19.2 70698.3 -116897 16110.1 85985 16110.1 -116897
19.22 65415.2 -102337 15031.1 85582 15031.1 -102337
19.24 55986.7 -84522.1 12068.5 81266.4 12068.5 -84522.1
19.26 42899.9 -64419.1 7810.11 73074.8 7810.11 -64419.1
19.28 27119 -42641.6 3197.22 61154.2 3197.22 -42641.6
19.3 9851.93 -19047.7 -683.303 45957.6 -683.303 -19047.7
19.32 -7547.94 6651.57 -2914.28 28774.9 -2914.28 6651.57
19.34 -23665.1 33922.4 -3258.37 11551.7 -3258.37 33922.4
19.36 -37276.7 61056.5 -2265.11 -4093.45 -2265.11 61056.5
19.38 -47753.7 85744.9 -728.192 -17487.5 -728.192 85744.9
19.4 -55286.6 106071 824.344 -28676.7 824.344 106071
19.42 -60671.9 121091 2042.01 -38029.1 2042.01 121091
19.44 -64797.8 130607 2539.27 -46054.8 2539.27 130607
19.46 -68210.2 134575 2072.36 -53199.4 2072.36 134575
19.48 -70963.5 132969 805.951 -59586.1 805.951 132969
19.5 -72669.8 126193 -767.142 -64940.4 -767.142 126193
19.52 -72625.2 115314 -2106.99 -68684 -2106.99 115314
19.54 -70017 101591 -2761.18 -70044.3 -2761.18 101591
19.56 -64223.8 85771.2 -2338.59 -68187.3 -2338.59 85771.2
19.58 -55094.4 67944.4 -509.847 -62397 -509.847 67944.4
19.6 -43065.9 48024.6 2850.49 -52320.8 2850.49 48024.6
19.62 -29072.6 26243.8 7431.77 -38390.1 7431.77 26243.8
19.64 -14295.9 3275.61 12341.8 -22121.8 12341.8 3275.61
19.66 102.233 -19928.6 16273.6 -5667.27 16273.6 -19928.6
19.68 13126.1 -42326.5 18127.1 9195.61 18127.1 -42326.5
19.7 24000.6 -62759.7 17638.6 21644.4 17638.6 -62759.7
19.72 32282.7 -79872 15380.8 31643.6 15380.8 -79872
19.74 38019 -92412.6 12243.9 39577.1 12243.9 -92412.6
19.76 41723.1 -99843.3 9022.96 46017.3 9022.96 -99843.3
19.78 44061.3 -102533 6380.55 51499.6 6380.55 -102533
19.8 45472.1 -101255 4877.07 56278.4 4877.07 -101255
19.82 46020.3 -96616.1 4832.25 60231.7 4832.25 -96616.1
19.84 45503.8 -88997.2 6136.11 62951.6 6136.11 -88997.2
19.86 43601.6 -78763.2 8201.01 63889.4 8201.01 -78763.2
19.88 39938.2 -66204.6 10102 62459.4 10102 -66204.6
19.9 34130.1 -51255 10855.3 58130.8 10855.3 -51255
19.92 25912.4 -33503.1 9749.6 50595.3 9749.6 -33503.1
19.94 15323.4 -12719.3 6621.11 40053.6 6621.11 -12719.3
19.96 2838.56 10508.4 1970.54 27394.5 1970.54 10508.4
19.98 -10651.7 34624 -3151.62 13914.3 -3151.62 34624
20 -24057.1 57626.9 -7467.02 759.184 -7467.02 57626.9
20.02 -36385.4 77889.3 -9884.77 -11304.7 -9884.77 77889.3
20.04 -46964.1 94681.9 -9938.77 -21759.8 -9938.77 94681.9
20.06 -55517.4 108108 -7962.35 -30312.2 -7962.35 108108
20.08 -62119.2 118634 -4771.74 -36989.1 -4771.74 118634
20.1 -67042.5 126637 -1216.47 -42037.7 -1216.47 126637
20.12 -70556.3 132148 1957.57 -45716.2 1957.57 132148
20.14 -72766.3 134794 4062.57 -48241.8 4062.57 134794
20.16 -73560.9 133830 4628.28 -49809.9 4628.28 133830
20.18 -72637.4 128294 3699.66 -50483.8 3699.66 128294
20.2 -69573.1 117274 1918.52 -50022.6 1918.52 117274
20.22 -63950.5 100294 292.225 -47834.4 292.225 100294
20.24 -55533.1 77683.6 -181.781 -43174.7 -181.781 77683.6
20.26 -44431 50741.4 1125.86 -35611.6 1125.86 50741.4
20.28 -31167.7 21532 4276.17 -25476.9 4276.17 21532
20.3 -16599.6 -7615.26 8815.89 -13796 8815.89 -7615.26
20.32 -1729.01 -34668.2 13933.3 -1713.6 13933.3 -34668.2
20.34 12510.5 -58328.8 18570.7 9897.12 18570.7 -58328.8
20.36 25405.1 -78252.4 21632.1 20341.1 21632.1 -78252.4
20.38 36508.4 -94935.4 22465 29023.8 22465 -94935.4
20.4 45614.1 -109148 21204.7 35676.3 21204.7 -109148
20.42 52686.7 -121129 18483.8 40469.6 18483.8 -121129
20.44 57772.3 -130178 14940.3 43783.9 14940.3 -130178
20.46 60922.6 -135047 11171.4 45985.1 11171.4 -135047
20.48 62161.2 -134751 7936.62 47426.2 7936.62 -134751
20.5 61484.1 -129010 6004.83 48425 6004.83 -129010
20.52 58863.2 -118071 5699.92 49081.9 5699.92 -118071
20.54 54239.6 -102346 6677.63 49137.9 6677.63 -102346
20.56 47530.3 -82362.9 8115.41 48014.4 8115.41 -82362.9
20.58 38697 -58969.6 9072.6 45038.4 9072.6 -58969.6
20.6 27872.2 -33435 8820.97 39855.5 8820.97 -33435
20.62 15452.9 -7249.81 7040.57 32762.8 7040.57 -7249.81
20.64 2073.34 18258 3806.64 24524 3806.64 18258
20.66 -11543.7 42273.2 -507.133 15824.4 -507.133 42273.2
20.68 -24786.5 64593.8 -5257.5 7029.44 -5257.5 64593.8
20.7 -37265.5 85414.9 -9421.07 -1582.23 -9421.07 85414.9
20.72 -48737.6 104920 -11826.9 -9597.07 -11826.9 104920
20.74 -58939 122860 -11844.5 -16578.9 -11844.5 122860
20.76 -67522 138317 -9722.42 -22295.3 -9722.42 138317
20.78 -74162.5 149906 -6247.11 -26766.2 -6247.11 149906
20.8 -78679.9 156348 -2260.34 -30166.2 -2260.34 156348
20.82 -81003.1 156931 1456.19 -32740.8 1456.19 156931
20.84 -81024.7 151499 4186.51 -34726.4 4186.51 151499
20.86 -78549.8 140189 5470.89 -36238.6 5470.89 140189
20.88 -73437.1 123406 5306.34 -37223.4 5306.34 123406
20.9 -65783.5 102064 4145.93 -37489.1 4145.93 102064
20.92 -55946 77601.4 2778.88 -36683.8 2778.88 77601.4
20.94 -44405.8 51530.2 2155.15 -34308.3 2155.15 51530.2
20.96 -31640.5 24862.3 3081.09 -29990.7 3081.09 24862.3
20.98 -18118.3 -1969.47 5899.23 -23811.8 5899.23 -1969.47
21 -4381.66 -28626.7 10370.4 -16262.2 10370.4 -28626.7
21.02 8922.98 -54363.1 15773.6 -7953.19 15773.6 -54363.1
21.04 21150.1 -77995.1 21031 507.873 21031 -77995.1
21.06 31796.4 -98278.9 24828.6 8493.74 24828.6 -98278.9
21.08 40526.7 -114261 26079.3 15455.3 26079.3 -114261
21.1 47088.8 -125301 24567.4 21110.6 24567.4 -125301
21.12 51272 -130892 21028 25485.7 21028 -130892
21.14 52981.6 -130641 16542.1 28771 16542.1 -130641
21.16 52309.8 -124517 11981 31174.6 11981 -124517
21.18 49475.1 -113048 7991.25 32895.9 7991.25 -113048
21.2 44672.1 -97167.1 5136.14 34127.3 5136.14 -97167.1
21.22 37976.7 -77767 3767.49 34965.6 3767.49 -77767
21.24 29387.1 -55348.8 3762.46 35261.7 3762.46 -55348.8
21.26 18954 -30077.6 4447.99 34564.1 4447.99 -30077.6
21.28 6900.14 -2221.08 4828.37 32309.1 4828.37 -2221.08
21.3 -6327.68 27385.7 4018.77 28189.7 4018.77 27385.7
21.32 -20069.2 57237.3 1629.31 22369.4 1629.31 57237.3
21.34 -33535.4 85496.8 -2148.97 15350.1 -2148.97 85496.8
21.36 -45964.9 110544 -6720.55 7698.64 -6720.55 110544
21.38 -56778.7 131409 -11300.4 -93.4616 -11300.4 131409
21.4 -65629.2 147820 -15053.7 -7609.82 -15053.7 147820
21.42 -72334.8 159814 -17199.2 -14475.3 -17199.2 159814
21.44 -76791.7 167265 -17235.3 -20345.3 -17235.3 167265
21.46 -78954.2 169802 -15206 -24957.9 -15206 169802
21.48 -78874.1 167133 -11688.6 -28239 -11688.6 167133
21.5 -76716.1 159391 -7472 -30349.6 -7472 159391
21.52 -72672.1 147069 -3258.51 -31592.2 -3258.51 147069
21.54 -66812.4 130596 399.49 -32217.3 399.49 130596
21.56 -59013.9 109895 3130.1 -32204 3130.1 109895
21.58 -49074.7 84449.2 4909.3 -31126.2 4909.3 84449.2
21.6 -36967.6 54028.7 6151.61 -28349.4 6151.61 54028.7
21.62 -23051.2 19628 7477.29 -23564.1 7477.29 19628
21.64 -8090.21 -16230.7 9334.59 -17122.5 9334.59 -16230.7
21.66 6927.5 -50284.8 11840.1 -9755.8 11840.1 -50284.8
21.68 21076.7 -79945.1 14882.5 -2041.38 14882.5 -79945.1
21.7 33716.7 -104316 18258 5782.17 18258 -104316
21.72 44508.4 -124053 21698.9 13613.1 21698.9 -124053
21.74 53253.1 -140171 24839.2 21231.9 24839.2 -140171
21.76 59744.6 -152821 27206.9 28218.1 27206.9 -152821
21.78 63790.8 -161070 28298 34070.3 28298 -161070
21.8 65354.6 -163797 27773.2 38433.9 27773.2 -163797
21.82 64630.8 -160727 25668.9 41266.8 25668.9 -160727
21.84 61942 -152593 22416.9 42810.1 22416.9 -152593
21.86 57513.5 -140400 18661.1 43386.6 18661.1 -140400
21.88 51334.1 -124583 15059.2 43173 15059.2 -124583
21.9 43252.3 -104863 12138.3 42060.8 12138.3 -104863
21.92 33217.8 -80863.5 10108.6 39639.2 10108.6 -80863.5
21.94 21459.6 -52922.4 8733.01 35421.1 8733.01 -52922.4
21.96 8486.74 -22438.3 7497.5 29313.3 7497.5 -22438.3
21.98 -5035.11 8509.32 5961.93 21843.3 5961.93 8509.32
22 -18449.5 37989.9 3915.78 13761.8 3915.78 37989.9
22.02 -31260.4 64926.5 1301.04 5487.31 1301.04 64926.5
22.04 -43188.4 89263.8 -1833.11 -2946.19 -1833.11 89263.8
22.06 -54070.2 111474 -5266.95 -11518.8 -5266.95 111474
22.08 -63671 131610 -8571.5 -19934.6 -8571.5 131610
22.1 -71573.9 148584 -11170.7 -27621.1 -11170.7 148584
22.12 -77260.9 160441 -12507 -33928.8 -12507 160441
22.14 -80324.3 165547 -12281.7 -38394.5 -12281.7 165547
22.16 -80637.5 163673 -10629.6 -40917.7 -10629.6 163673
22.18 -78357.8 156063 -8077.22 -41728.7 -8077.22 156063
22.2 -73766 144485 -5317.48 -41182.7 -5317.48 144485
22.22 -67073.7 130060 -2953.49 -39522.4 -2953.49 130060
22.24 -58369.7 112680 -1282.4 -36709.5 -1282.4 112680
22.26 -47753 91387.3 -143.651 -32368.8 -143.651 91387.3
22.28 -35497.6 65434.2 1020.55 -26006.2 1020.55 65434.2
22.3 -22061.6 35261.9 2783.8 -17558.5 2783.8 35261.9
22.32 -7955.13 2608.47 5315.24 -7726.61 5315.24 2608.47
22.34 6349.65 -30310.4 8360.04 2463.84 8360.04 -30310.4
22.36 20384.4 -61691.3 11572.9 12385.5 11572.9 -61691.3
22.38 33612.9 -90293 14735.8 21899.9 14735.8 -90293
22.4 45432.6 -115007 17666.9 30872.4 17666.9 -115007
22.42 55281.3 -134642 20081.3 38885.1 20081.3 -134642
22.44 62798.1 -148334 21645.6 45436.3 21645.6 -148334
22.46 67920.7 -156180 22166.6 50258 22166.6 -156180
22.48 70811.2 -159290 21711.3 53402.1 21711.3 -159290
22.5 71642.4 -158972 20553 55082.7 20553 -158972
22.52 70435.3 -155745 19010.3 55463.3 19010.3 -155745
22.54 67075.3 -149111 17324.4 54564.1 17324.4 -149111
22.56 61424.5 -138163 15641.1 52301.6 15641.1 -138163
22.58 53393.4 -122188 14032 48508.2 14032 -122188
22.6 42985.5 -100812 12480.4 42876.8 12480.4 -100812
22.62 30399.3 -74106.9 10885.1 35107.3 10885.1 -74106.9
22.64 16152.8 -43097.9 9148.52 25373.3 9148.52 -43097.9
22.66 1111.46 -10115.8 7246.85 14545.4 7246.85 -10115.8
22.68 -13662.1 21787.9 5177.73 3731.92 5177.73 21787.9
22.7 -27229.5 50086.3 2922.48 -6321.58 2922.48 50086.3
22.72 -39110.9 73701.6 544.779 -15334.9 544.779 73701.6
22.74 -49356 93058.6 -1725.81 -23270.6 -1725.81 93058.6
22.76 -58245.1 109384 -3596.89 -30169.3 -3596.89 109384
22.78 -65897.6 123675 -4899.77 -36048.2 -4899.77 123675
22.8 -72141.6 135953 -5638.27 -40821.6 -5638.27 135953
22.82 -76648.4 145253 -5861.78 -44321.1 -5861.78 145253
22.84 -79060.1 150189 -5541.78 -46372.2 -5541.78 150189
22.86 -78987 149507 -4618.87 -46819 -4618.87 149507
22.88 -76022.6 142368 -3157.08 -45510.3 -3157.08 142368
22.9 -69897.4 128540 -1390.91 -42300.3 -1390.91 128540
22.92 -60680.9 108565 403.582 -37069.9 403.582 108565
22.94 -48869.5 83795.6 2050.69 -29810.9 2050.69 83795.6
22.96 -35292.5 56193.4 3481.94 -20836.8 3481.94 56193.4
22.98 -20903.1 27907.7 4682.1 -10913.1 4682.1 27907.7
23 -6585.7 730.874 5729.08 -956.632 5729.08 730.874
23.02 6947.86 -24327 6859.57 8491.43 6859.57 -24327
23.04 19214.2 -47089.5 8353 17367.1 8353 -47089.5
23.06 30007.7 -67841.4 10279.6 25709 10279.6 -67841.4
23.08 39373.3 -86819.9 12393.7 33402.5 12393.7 -86819.9
23.1 47432.2 -103860 14276.2 40256 14276.2 -103860
23.12 54147.4 -118218 15552.7 46080.4 15552.7 -118218
23.14 59220.3 -128578 16015.1 50635.8 16015.1 -128578
23.16 62207.3 -133425 15625.5 53631.8 15625.5 -133425
23.18 62739.2 -131762 14471.4 54845.8 14471.4 -131762
23.2 60663.3 -123692 12738.7 54216.6 12738.7 -123692
23.22 56027.9 -110339 10705.8 51835.9 10705.8 -110339
23.24 48984.6 -93168.8 8689.5 47864 8689.5 -93168.8
23.26 39728 -73342 6933.8 42411 6933.8 -73342
23.28 28538.2 -51569.3 5545.27 35509.2 5545.27 -51569.3
23.3 15874.5 -28393.9 4542.28 27317 4542.28 -28393.9
23.32 2396.13 -4485.57 3890.56 18327.5 3890.56 -4485.57
23.34 -11143.3 19386.2 3409.05 9184.22 3409.05 19386.2
23.36 -24083.6 42628.1 2731.23 272.506 2731.23 42628.1
23.38 -36003.3 64951 1534.27 -8352.32 1534.27 64951
23.4 -46724.5 86117.9 -156.109 -16657.9 -156.109 86117.9
23.42 -56184 105523 -1932.62 -24417.2 -1932.62 105523
23.44 -64274.6 122003 -3262.46 -31279.6 -3262.46 122003
23.46 -70763.9 134081 -3778.15 -36930.2 -3778.15 134081
23.48 -75324.5 140517 -3418.65 -41176.9 -3418.65 140517
23.5 -77619.9 140783 -2391.63 -43957.8 -2391.63 140783
23.52 -77382.9 135169 -1017.16 -45283.8 -1017.16 135169
23.54 -74485.1 124537 434.731 -45157.1 434.731 124537
23.56 -69005.6 109964 1824.2 -43558.6 1824.2 109964
23.58 -61246.8 92504.9 3143.92 -40495.6 3143.92 92504.9
23.6 -51650.4 73022.9 4490.4 -35991.3 4490.4 73022.9
23.62 -40665.4 52028.1 6009.39 -30054.8 6009.39 52028.1
23.64 -28676.6 29642.5 7805.39 -22808.9 7805.39 29642.5
23.66 -16027.3 5867.01 9838.97 -14630.9 9838.97 5867.01
23.68 -3089.45 -19000.6 11897.7 -6014.22 11897.7 -19000.6
23.7 9683.97 -44096.7 13691.2 2683.47 13691.2 -44096.7
23.72 21765.5 -68017 14992.9 11231.8 14992.9 -68017
23.74 32628.9 -89103.6 15699.5 19358.7 15699.5 -89103.6
23.76 41837.7 -105864 15775.1 26741.5 15775.1 -105864
23.78 49068 -117309 15211.9 33123 15211.9 -117309
23.8 54075.5 -123065 14099.1 38346.1 14099.1 -123065
23.82 56689.4 -123318 12691.1 42317.3 12691.1 -123318
23.84 56849.7 -118690 11337.1 44993.3 11337.1 -118690
23.86 54631.6 -110042 10309 46378.9 10309 -110042
23.88 50233.6 -98174.5 9659.86 46503.6 9659.86 -98174.5
23.9 43948.4 -83614.2 9191.47 45403.4 9191.47 -83614.2
23.92 36107.6 -66607.1 8539.2 43093.7 8539.2 -66607.1
23.94 27001.6 -47263.4 7337.52 39527.5 7337.52 -47263.4
23.96 16827.6 -25693 5388.84 34639.3 5388.84 -25693
23.98 5709.59 -2154.89 2756.98 28502.3 2756.98 -2154.89
24 -6198.36 22735.4 -228.249 21376.4 -228.249 22735.4
24.02 -18568.2 47837.7 -3028.02 13563.3 -3028.02 47837.7
24.04 -30799.4 71509.4 -5036.5 5336.37 -5036.5 71509.4
24.06 -42076.2 91922.7 -5873.99 -2934.37 -5873.99 91922.7
24.08 -51621.5 107652 -5641.9 -10746.2 -5641.9 107652
24.1 -59011.8 118270 -4790.75 -17677.8 -4790.75 118270
24.12 -64306.6 124505 -3706.28 -23585.4 -3706.28 124505
24.14 -67862.8 127718 -2512.1 -28545.3 -2512.1 127718
24.16 -69975.7 128912 -1238.73 -32661.5 -1238.73 128912
24.18 -70625.4 127979 -6.15891 -35940.9 -6.15891 127979
24.2 -69515.4 123759 1019.94 -38289.6 1019.94 123759
24.22 -66348.9 114929 1772.91 -39592.6 1772.91 114929
24.24 -61095.6 101083 2355.31 -39789.8 2355.31 101083
24.26 -54020.6 83142.8 3004.94 -38833.1 3004.94 83142.8
24.28 -45488.6 62769.7 3997.23 -36552.2 3997.23 62769.7
24.3 -35777 41340 5526.92 -32662 5526.92 41340
24.32 -25083.5 19455.9 7608.26 -27011 7608.26 19455.9
24.34 -13699.4 -2596.94 10019.3 -19809.7 10019.3 -2596.94
24.36 -2145.97 -24070 12330.9 -11592.3 12330.9 -24070
24.38 8891.63 -43612.5 14051.9 -3013.76 14051.9 -43612.5
24.4 18788.4 -59995.8 14876.6 5325.64 14876.6 -59995.8
24.42 27166.9 -72923 14862.2 13014.3 14862.2 -72923
24.44 33922.6 -83033.5 14323.3 19922.5 14323.3 -83033.5
24.46 39116.2 -91104.3 13549.8 26148.3 13549.8 -91104.3
24.48 42827.9 -97241.5 12657.7 31803.7 12657.7 -97241.5
24.5 45054.5 -100704 11668.2 36823.6 11668.2 -100704
24.52 45707.1 -100351 10624.8 40967 10624.8 -100351
24.54 44705.6 -95341.1 9606.12 43988.6 9606.12 -95341.1
24.56 42070.2 -85711.2 8675.6 45801.3 8675.6 -85711.2
24.58 37893.8 -72460.2 7850.72 46462.1 7850.72 -72460.2
24.6 32231 -56998.8 7098.03 45981.7 7098.03 -56998.8
24.62 25071.9 -40408.2 6334.38 44157.8 6334.38 -40408.2
24.64 16478.8 -23183.1 5443.34 40646.1 5443.34 -23183.1
24.66 6753.55 -5613.96 4352.21 35262 4352.21 -5613.96
24.68 -3537.42 11749.5 3123.3 28225.1 3123.3 11749.5
24.7 -13719 28133 1927.67 20078.5 1927.67 28133
24.72 -23230.9 42997.5 918.211 11397.3 918.211 42997.5
24.74 -31761.4 56351.1 164.186 2615.84 164.186 56351.1
24.76 -39203.2 68501.3 -263.693 -5934.68 -263.693 68501.3
24.78 -45507.3 79449 -218.12 -13946.1 -218.12 79449
24.8 -50601.1 88536.2 423.135 -21148.7 423.135 88536.2
24.82 -54423.8 94724.3 1599.43 -27394 1599.43 94724.3
24.84 -56962.5 97223.2 3042.29 -32687.7 3042.29 97223.2
24.86 -58204.9 95877.1 4383.78 -37109.7 4383.78 95877.1
24.88 -58081 91071.4 5298.58 -40685.9 5298.58 91071.4
24.9 -56490.1 83446.1 5634.65 -43314.3 5634.65 83446.1
24.92 -53376 73725.3 5485.03 -44778.4 5485.03 73725.3
24.94 -48768.3 62624.9 5131.99 -44809.4 5131.99 62624.9
24.96 -42782.1 50699.7 4907.49 -43150.3 4907.49 50699.7
24.98 -35620.4 38205 5093.18 -39600.3 5093.18 38205
25 -27582.6 25149.4 5881.87 -34088 5881.87 25149.4
25.02 -19038 11537.9 7286.59 -26797.3 7286.59 11537.9
25.04 -10368.3 -2394.65 9002.08 -18224.9 9002.08 -2394.65
25.06 -1922.14 -16133.2 10483 -9049.56 10483 -16133.2
25.08 6005.51 -28994.6 11247.3 110.02 11247.3 -28994.6
25.1 13184.7 -40281.1 11068.5 8853.66 11068.5 -40281.1
25.12 19446.2 -49408.4 9956.9 16994.4 9956.9 -49408.4
25.14 24659.5 -55984.2 8135.34 24464.9 8135.34 -55984.2
25.16 28722.2 -59820.7 6058.68 31235 6058.68 -59820.7
25.18 31573.3 -60910.1 4295.21 37263.2 4295.21 -60910.1
25.2 33199.1 -59421.7 3279.67 42464.2 3279.67 -59421.7
25.22 33611.2 -55704.9 3165.43 46703.6 3165.43 -55704.9
25.24 32812.3 -50207.4 3850.71 49822.8 3850.71 -50207.4
25.26 30775.9 -43288.7 5049.03 51658.7 5049.03 -43288.7
25.28 27458.3 -35052.7 6336.32 52041.2 6336.32 -35052.7
25.3 22852.7 -25374.2 7220.2 50798.5 7220.2 -25374.2
25.32 17063.8 -14175.7 7231.94 47792.1 7231.94 -14175.7
25.34 10349.3 -1791.2 6062.52 42986.8 6062.52 -1791.2
25.36 3078.95 10896.3 3791.43 36539.7 3791.43 10896.3
25.38 -4379.54 22741.9 1091.38 28818.2 1091.38 22741.9
25.4 -11738 32888.8 -877.357 20315 -877.357 32888.8
25.42 -18741.8 41121.9 -1152.62 11561.6 -1152.62 41121.9
25.44 -25095.1 47681.6 330.526 3068.52 330.526 47681.6
25.46 -30500.5 52743.4 2897.48 -4767.47 2897.48 52743.4
25.48 -34781.2 56150.1 5855.66 -11729.3 5855.66 56150.1
25.5 -37922.9 57623.5 8804.28 -17749.3 8804.28 57623.5
25.52 -39995.2 57080.5 11352.4 -22870.8 11352.4 57080.5
25.54 -41063.3 54656.6 12946.8 -27250.9 12946.8 54656.6
25.56 -41168.3 50512.1 13124.1 -31109.1 13124.1 50512.1
25.58 -40335.8 44716.3 11827.9 -34576.4 11827.9 44716.3
25.6 -38567.7 37312.6 9479.63 -37546.2 9479.63 37312.6
25.62 -35828.5 28441 6845.79 -39641.9 6845.79 28441
25.64 -32076.4 18414.2 4804.42 -40341.6 4804.42 18414.2
25.66 -27344.4 7760.99 4070.36 -39196.1 4070.36 7760.99
25.68 -21812 -2753.67 5012.45 -36003.3 5012.45 -2753.67
25.7 -15802.1 -12242.3 7516 -30862.3 7516 -12242.3
25.72 -9677.63 -20012.2 10870.6 -24123.8 10870.6 -20012.2
25.74 -3701.38 -25916.1 13855 -16306.2 13855 -25916.1
25.76 1983.47 -30422 15161.6 -8045.2 15161.6 -30422
25.78 7241.36 -34265.7 14177.7 -7.43318 14177.7 -34265.7
25.8 11881 -37890.8 11330.1 7309.54 11330.1 -37890.8
25.82 15740.2 -41132.7 7510.11 13721.1 7510.11 -41132.7
25.84 18789.3 -43390.9 3428.94 19289.3 3428.94 -43390.9
25.86 21105.7 -44033.8 -350.871 24204.1 -350.871 -44033.8
25.88 22768.2 -42680.4 -3110.11 28754.1 -3110.11 -42680.4
25.9 23797.3 -39293.6 -4099.4 33264.2 -4099.4 -39293.6
25.92 24148.3 -34154.9 -2976.36 37914 -2976.36 -34154.9
25.94 23707.4 -27723.9 -44.9868 42559 -44.9868 -27723.9
25.96 22299.9 -20427.7 3837.23 46683.9 3837.23 -20427.7
25.98 19753.3 -12526.5 7522.44 49527.8 7522.44 -12526.5
26 15990.6 -4139.67 9901.02 50347.5 9901.02 -4139.67
26.02 11100.2 4619.09 10201.2 48686.8 10201.2 4619.09
26.04 5354.7 13507.8 8182.39 44519.6 8182.39 13507.8
26.06 -831.674 22118.9 4281.59 38240.3 4281.59 22118.9
26.08 -7051 29995.7 -427.523 30525.6 -427.523 29995.7
26.1 -13053.4 36853.9 -4304.47 22152.6 -4304.47 36853.9
26.12 -18721.5 42730.5 -5669.43 13876.3 -5669.43 42730.5
26.14 -23893.5 47802.9 -3860.79 6303.68 -3860.79 47802.9
26.16 -28294.2 51950.2 385.411 -287.541 385.411 51950.2
26.18 -31711.4 54626.3 5662.19 -5993.26 5662.19 54626.3
26.2 -34191.5 55313.9 10787.9 -11109 10787.9 55313.9
26.22 -35998.7 54033.8 14914.5 -15961.8 14914.5 54033.8
26.24 -37377 51303.7 17280.3 -20853.5 17280.3 51303.7
26.26 -38345.6 47646.9 17316.7 -25963.3 17316.7 47646.9
26.28 -38674.1 43191.3 14993.6 -31182.4 14993.6 43191.3
26.3 -38037.7 37701 10957 -36049.2 10957 37701
26.32 -36244.7 30988 6392.73 -39869.9 6392.73 30988
26.34 -33371.1 23364.5 2710.98 -41961.9 2710.98 23364.5
26.36 -29704.4 15729 1081.62 -41891.6 1081.62 15729
26.38 -25569.5 9144.01 2028.8 -39567.7 2028.8 9144.01
26.4 -21206.1 4221.89 5246.5 -35162.8 5246.5 4221.89
26.42 -16759.9 809.218 9668.99 -28996 9668.99 809.218
26.44 -12317.6 -1810.34 13743.8 -21512 13743.8 -1810.34
26.46 -7962.27 -4412.58 15877.8 -13337.6 15877.8 -4412.58
26.48 -3821.98 -7430.95 15194 -5232.55 15194 -7430.95
26.5 -31.9624 -10867.6 11995.9 2183.32 11995.9 -10867.6
26.52 3380.18 -14472.4 7349.33 8701.77 7349.33 -14472.4
26.54 6529.53 -17955.2 2369.48 14504.4 2369.48 -17955.2
26.56 9535.56 -20977.9 -2007.62 19922.1 -2007.62 -20977.9
26.58 12356.5 -22988.5 -4900.91 25242.6 -4900.91 -22988.5
26.6 14774.9 -23267.5 -5596.48 30626 -5596.48 -23267.5
26.62 16516.7 -21323 -3890.44 36048.8 -3890.44 -21323
26.64 17368 -17304.9 -267.404 41263.5 -267.404 -17304.9
26.66 17215.2 -12050.1 4226.53 45799.9 4226.53 -12050.1
26.68 16029.3 -6706.66 8297.94 49028.5 8297.94 -6706.66
26.7 13839.4 -2185.58 10790.4 50304.9 10790.4 -2185.58
26.72 10726 1231.35 11001.8 49146.1 11001.8 1231.35
26.74 6841.55 3898.43 8870.41 45367.5 8870.41 3898.43
26.76 2432.23 6440.43 5088.22 39164.3 5088.22 6440.43
26.78 -2191.96 9304.99 991.928 31143 991.928 9304.99
26.8 -6713.33 12572.6 -1824.74 22260.1 -1824.74 12572.6
26.82 -10850.3 16088 -2229.34 13576.8 -2229.34 16088
26.84 -14417.7 19633.1 -107.838 5862.11 -107.838 19633.1
26.86 -17398.6 22923.4 3865.92 -661.433 3865.92 22923.4
26.88 -19951.1 25547 8788.29 -6214.34 8788.29 25547
26.9 -22302.9 27035.7 13727.1 -11194.6 13727.1 27035.7
26.92 -24616.7 27079.8 17632.7 -16023.7 17632.7 27079.8
26.94 -26920.3 25735.2 19496.8 -21065.9 19496.8 25735.2
26.96 -29091.1 23434.5 18771.7 -26482.5 18771.7 23434.5
26.98 -30853.7 20732.8 15652.8 -32069.7 15652.8 20732.8
27 -31822.7 17986 11034.3 -37219.3 11034.3 17986
27.02 -31635.5 15259 6235.8 -41069.9 6235.8 15259
27.04 -30118.8 12505.7 2610.69 -42804.2 2610.69 12505.7
27.06 -27369.3 9762.3 1158.76 -41933.6 1158.76 9762.3
27.08 -23705.6 7135.51 2260.42 -38410.1 2260.42 7135.51
27.1 -19557.8 4670.08 5536.23 -32566.8 5536.23 4670.08
27.12 -15347.7 2316.43 9873.39 -25008 9873.39 2316.43
27.14 -11404.9 26.0314 13594 -16559.9 13594 26.0314
27.16 -7948.3 -2191.71 15101.6 -8198.58 15101.6 -2191.71
27.18 -5072.1 -4300.64 13794.7 -752.243 13794.7 -4300.64
27.2 -2677.31 -6296.99 10228.5 5489.79 10228.5 -6296.99
27.22 -435.174 -8278.32 5443.38 10826.7 5443.38 -8278.32
27.24 2057.35 -10408.7 421.054 15792.5 421.054 -10408.7
27.26 4995.53 -12659.4 -3845.74 20811.2 -3845.74 -12659.4
27.28 8219.18 -14559.7 -6315.02 26083.9 -6315.02 -14559.7
27.3 11319.1 -15369.6 -6296.04 31574.1 -6296.04 -15369.6
27.32 13849.1 -14622.4 -3846.23 37003.7 -3846.23 -14622.4
27.34 15451.1 -12483 246.655 41884.9 246.655 -12483
27.36 15871.4 -9555.97 4760.24 45575.2 4760.24 -9555.97
27.38 14967 -6396.36 8395.07 47389.1 8395.07 -6396.36
27.4 12760.4 -3250.34 10150.2 46815.1 10150.2 -3250.34
27.42 9491.6 -204.247 9597.05 43732.7 9597.05 -204.247
27.44 5590.35 2571.67 6985.3 38449.5 6985.3 2571.67
27.46 1543.64 4847.2 3201.15 31554.6 3201.15 4847.2
27.48 -2283.98 6603.62 -430.893 23755.1 -430.893 6603.62
27.5 -5739.43 8214.01 -2504.6 15798.9 -2504.6 8214.01
27.52 -8826.98 10266.8 -2153.01 8374.18 -2153.01 10266.8
27.54 -11613.9 13117.7 526.551 1898.99 526.551 13117.7
27.56 -14202.1 16577.8 4724.06 -3604.22 4724.06 16577.8
27.58 -16736.2 20036.6 9429.81 -8385.51 9429.81 20036.6
27.6 -19352.9 22840.5 13664.8 -12760.1 13664.8 22840.5
27.62 -22084.1 24553.2 16507.6 -17005.4 16507.6 24553.2
27.64 -24798.7 24986 17283.9 -21299.2 17283.9 24986
27.66 -27228 24148.1 15852.3 -25621.3 15852.3 24148.1
27.68 -29045.2 22241.9 12699.3 -29692.5 12699.3 22241.9
27.7 -29953.8 19671.4 8782.99 -33015.5 8782.99 19671.4
27.72 -29757.9 16963.9 5244.39 -34997.3 5244.39 16963.9
27.74 -28406.2 14580.1 3078.51 -35121.3 3078.51 14580.1
27.76 -26003.3 12725.3 2859.29 -33106.4 2859.29 12725.3
27.78 -22793.3 11299.6 4586.61 -28979.8 4586.61 11299.6
27.8 -19115.8 10011 7649.64 -23059.3 7649.64 10011
27.82 -15329.1 8544.66 10942.9 -15918.3 10942.9 8544.66
27.84 -11733.9 6666.34 13182.8 -8342.51 13182.8 6666.34
27.86 -8520.53 4240.31 13460.5 -1162.49 13460.5 4240.31
27.88 -5736.86 1248.64 11653.7 5054.05 11653.7 1248.64
27.9 -3280.53 -2154.21 8290.59 10195.7 8290.59 -2154.21
27.92 -949.058 -5619.02 4158.73 14495.8 4158.73 -5619.02
27.94 1454.91 -8666.03 113.987 18297.1 113.987 -8666.03
27.96 4027.07 -10835.1 -2951.78 21927.6 -2951.78 -10835.1
27.98 6720.02 -11866.1 -4295.44 25641.2 -4295.44 -11866.1
28 9346.09 -11794.7 -3619.43 29510.3 -3619.43 -11794.7
28.02 11604.7 -10888.7 -1211.73 33330 -1211.73 -10888.7
28.04 13140 -9491.85 2157.97 36629.6 2157.97 -9491.85
28.06 13631.9 -7900.26 5485.9 38799.4 5485.9 -7900.26
28.08 12897.4 -6306.91 7831.57 39286.6 7831.57 -6306.91
28.1 10956.6 -4788.03 8579.22 37781.7 8579.22 -4788.03
28.12 8033.31 -3313.78 7589.49 34305.7 7589.49 -3313.78
28.14 4492.83 -1779.39 5251.25 29175.2 5251.25 -1779.39
28.16 738.726 -39.504 2407.4 22918.4 2407.4 -39.504
28.18 -2880.29 2060.37 142.572 16210 142.572 2060.37
28.2 -6121.6 4631.58 -634.042 9761.06 -634.042 4631.58
28.22 -8881.48 7657.59 399.809 4100.36 399.809 7657.59
28.24 -11220.1 10944.3 2963.55 -612.198 2963.55 10944.3
28.26 -13340.6 14179.8 6446.36 -4550.19 6446.36 14179.8
28.28 -15490.6 17045.6 10111.6 -8029.82 10111.6 17045.6
28.3 -17834.5 19279.6 13163.6 -11359.9 13163.6 19279.6
28.32 -20370.7 20690.9 14893.4 -14761.5 14893.4 20690.9
28.34 -22922 21184.2 14924.5 -18286.3 14924.5 21184.2
28.36 -25181 20790.3 13366.8 -21755.4 13366.8 20790.3
28.38 -26785.8 19665.5 10774.1 -24775.4 10774.1 19665.5
28.4 -27412.7 18047.4 7961.98 -26837.7 7961.98 18047.4
28.42 -26863.9 16184.3 5762.5 -27467.3 5762.5 16184.3
28.44 -25128.1 14272.2 4783.04 -26372.8 4783.04 14272.2
28.46 -22388.9 12433 5235.28 -23533.1 5235.28 12433
28.48 -18981.7 10717.7 6861.01 -19189.3 6861.01 10717.7
28.5 -15305.2 9099.47 8986.14 -13779.3 8986.14 9099.47
28.52 -11728.3 7457.25 10722.9 -7868.01 10722.9 7457.25
28.54 -8523.01 5609.9 11326.5 -2051.2 11326.5 5609.9
28.56 -5821 3427.86 10506 3207.11 10506 3427.86
28.58 -3589.94 943.138 8428.46 7716 8428.46 943.138
28.6 -1656.24 -1642.97 5524.8 11550.1 5524.8 -1642.97
28.62 207.749 -4036.6 2364.65 14929.2 2364.65 -4036.6
28.64 2173.2 -5926.85 -386.156 18109.2 -386.156 -5926.85
