0.02 0 6.83291e-25 -1.47056e-09 1.92647e-12 -1.2515e-08 1.38038e-24
0.04 0 1.28841e-22 -1.66448e-08 6.23878e-11 -1.41653e-07 2.61666e-22
0.06 0 4.37092e-22 -7.79585e-08 6.78622e-10 -6.63454e-07 1.14468e-21
0.08 0 1.09325e-21 -2.16732e-07 4.16722e-09 -1.84447e-06 3.35326e-21
0.1 0 -1.35316e-20 -4.24161e-07 1.90488e-08 -3.60976e-06 -2.39834e-20
0.12 0 2.27156e-20 -6.56771e-07 6.57956e-08 -5.58935e-06 2.19068e-20
0.14 0 2.83387e-20 -8.83302e-07 1.70319e-07 -7.51721e-06 7.91568e-20
0.16 0 -6.93855e-20 -1.10693e-06 3.39745e-07 -9.42032e-06 -6.10159e-20
0.18 0 6.17997e-20 -1.34374e-06 5.44844e-07 -1.14357e-05 6.3832e-20
0.2 0 7.61765e-20 -1.59397e-06 7.32692e-07 -1.35652e-05 2.17724e-19
0.22 0 2.40635e-20 -1.83833e-06 8.63094e-07 -1.56448e-05 2.66337e-19
0.24 0 -2.4414e-20 -2.06171e-06 9.39275e-07 -1.75459e-05 2.17016e-19
0.26 0 -2.56337e-19 -2.27696e-06 9.97375e-07 -1.93778e-05 -3.00837e-19
0.28 0 4.64462e-19 -2.51812e-06 1.05982e-06 -2.14301e-05 6.3747e-19
0.3 0 -1.30338e-19 -2.80443e-06 1.1132e-06 -2.38667e-05 3.74161e-19
0.32 0 -1.22645e-19 -3.11032e-06 1.14021e-06 -2.64699e-05 1.26393e-19
0.34 0 9.24094e-20 -3.37183e-06 1.15416e-06 -2.86955e-05 3.13078e-19
0.36 0 -1.75821e-19 -3.5245e-06 1.19115e-06 -2.99947e-05 -4.21151e-20
0.38 0 -3.7868e-19 -3.5395e-06 1.28113e-06 -3.01224e-05 -8.07125e-19
0.4 0 2.61255e-19 -3.43051e-06 1.42856e-06 -2.91949e-05 -2.79336e-19
0.42 0 -3.93299e-20 -3.23595e-06 1.60238e-06 -2.75391e-05 -3.58791e-19
0.44 0 4.58174e-20 -2.99769e-06 1.73894e-06 -2.55113e-05 -2.6623e-19
0.46 0 -1.19465e-20 -2.73606e-06 1.77404e-06 -2.32848e-05 -2.90365e-19
0.48 0 -1.79056e-19 -2.42117e-06 1.69628e-06 -2.0605e-05 -6.52093e-19
0.5 0 -4.26917e-19 -1.9891e-06 1.57564e-06 -1.69279e-05 -1.51455e-18
0.52 0 -3.6346e-20 -1.43304e-06 1.52215e-06 -1.21957e-05 -1.58798e-18
0.54 0 3.68914e-19 -8.75757e-07 1.58626e-06 -7.45299e-06 -8.42697e-19
0.56 0 3.01369e-19 -5.09871e-07 1.67947e-06 -4.33918e-06 -2.33871e-19
0.58 0 -1.13992e-19 -4.50719e-07 1.60865e-06 -3.83577e-06 -4.64158e-19
0.6 0 4.91612e-19 -6.51641e-07 1.24435e-06 -5.54569e-06 5.28997e-19
0.62 0 -1.07425e-19 -9.63444e-07 6.85015e-07 -8.19924e-06 3.11977e-19
0.64 0 -2.17372e-19 -1.29098e-06 2.11109e-07 -1.09867e-05 -1.27159e-19
0.66 0 3.218e-19 -1.70878e-06 3.4834e-08 -1.45423e-05 5.22941e-19
0.68 0 -2.39695e-19 -2.41211e-06 1.1493e-07 -2.05279e-05 3.87081e-20
0.7 0 9.22745e-22 -3.52998e-06 2.30103e-07 -3.00414e-05 4.05722e-20
0.72 0 -7.46298e-20 -4.97543e-06 1.99216e-07 -4.23426e-05 -1.10195e-19
0.74 0 -8.2568e-20 -6.48289e-06 2.42863e-08 -5.51716e-05 -2.76999e-19
0.76 0 2.11732e-19 -7.80721e-06 -1.38778e-07 -6.64421e-05 1.50742e-19
0.78 0 -1.58305e-19 -8.91122e-06 -1.33173e-07 -7.58376e-05 -1.69066e-19
0.8 0 -4.29894e-20 -9.97928e-06 4.00094e-08 -8.49271e-05 -2.55913e-19
0.82 0 6.91017e-20 -1.12345e-05 1.84526e-07 -9.56098e-05 -1.16314e-19
0.84 0 -4.12445e-19 -1.2689e-05 5.61781e-08 -0.000107988 -9.49536e-19
0.86 0 6.43764e-19 -1.40435e-05 -4.00291e-07 -0.000119515 3.50998e-19
0.88 0 7.43428e-19 -1.48881e-05 -9.53528e-07 -0.000126703 1.85287e-18
0.9 0 1.22813e-19 -1.50701e-05 -1.26693e-06 -0.000128252 2.10098e-18
0.92 0 -8.92471e-19 -1.48587e-05 -1.21888e-06 -0.000126453 2.98009e-19
0.94 0 4.89466e-20 -1.47063e-05 -1.04954e-06 -0.000125156 3.96891e-19
0.96 0 1.18291e-19 -1.48333e-05 -1.15901e-06 -0.000126236 6.35863e-19
0.98 0 3.60237e-19 -1.50199e-05 -1.71686e-06 -0.000127825 1.36362e-18
1 0 -4.01117e-19 -1.47051e-05 -2.46977e-06 -0.000125146 5.53278e-19
1.02 0 -1.14379e-19 -1.30438e-05 -2.98369e-06 -0.000111008 3.2221e-19
1.04 0 2.1014e-19 -9.26989e-06 -3.04081e-06 -7.889e-05 7.46735e-19
1.06 0 -3.56437e-19 -4.07355e-06 -2.72803e-06 -3.46673e-05 2.66606e-20
1.08 0 -1.34389e-19 1.72726e-07 -2.33651e-06 1.46996e-06 -2.44832e-19
1.1 0 6.45691e-20 2.06755e-06 -2.29378e-06 1.75956e-05 -1.14389e-19
1.12 0 3.29023e-19 2.86941e-06 -2.82289e-06 2.44197e-05 5.50304e-19
1.14 0 -4.35678e-21 4.74297e-06 -3.52438e-06 4.03643e-05 5.41503e-19
1.16 0 -1.15687e-19 8.51211e-06 -3.59992e-06 7.24411e-05 3.07792e-19
1.18 0 -1.38014e-19 1.27686e-05 -2.58421e-06 0.000108665 2.89751e-20
1.2 0 1.03137e-19 1.48482e-05 -8.86352e-07 0.000126363 2.37334e-19
1.22 0 7.28937e-20 1.38335e-05 3.68868e-07 0.000117728 3.84594e-19
1.24 0 -2.77593e-19 1.18578e-05 3.81594e-07 0.000100914 -1.76201e-19
1.26 0 2.24817e-19 1.12827e-05 -3.34873e-07 9.60196e-05 2.77974e-19
1.28 0 -1.39044e-19 1.18263e-05 -4.15135e-07 0.000100646 -2.92149e-21
1.3 0 -6.14696e-20 1.12896e-05 8.19745e-07 9.60788e-05 -1.27103e-19
1.32 0 -1.6731e-19 8.12316e-06 2.58565e-06 6.91309e-05 -4.65103e-19
1.34 0 3.94916e-20 2.8142e-06 3.4657e-06 2.39498e-05 -3.85322e-19
1.36 0 9.81211e-20 -2.6424e-06 2.87433e-06 -2.24877e-05 -1.87097e-19
1.38 0 2.7048e-19 -6.01587e-06 1.57464e-06 -5.11971e-05 3.59326e-19
1.4 0 -2.16493e-19 -6.15283e-06 8.00558e-07 -5.23627e-05 -7.80332e-20
1.42 0 8.58599e-20 -4.60544e-06 1.10394e-06 -3.91939e-05 9.54212e-20
1.44 0 -6.45189e-19 -5.06429e-06 1.90011e-06 -4.30989e-05 -1.20799e-18
1.46 0 1.07175e-18 -9.0074e-06 1.84626e-06 -7.66561e-05 9.57163e-19
1.48 0 -1.18413e-18 -1.34311e-05 9.47731e-08 -0.000114303 -1.43502e-18
1.5 0 2.32572e-19 -1.46631e-05 -2.53498e-06 -0.000124788 -9.65177e-19
1.52 0 2.10114e-19 -1.26636e-05 -4.1745e-06 -0.000107772 -5.40705e-19
1.54 0 3.42871e-19 -1.05356e-05 -3.9133e-06 -8.96617e-05 1.51964e-19
1.56 0 5.9648e-19 -1.10012e-05 -2.77212e-06 -9.3624e-05 1.35698e-18
1.58 0 -1.935e-19 -1.37161e-05 -2.56292e-06 -0.000116729 9.66066e-19
1.6 0 -2.99363e-19 -1.55892e-05 -4.00327e-06 -0.00013267 3.61292e-19
1.62 0 -5.69333e-19 -1.3888e-05 -5.99897e-06 -0.000118192 -7.88875e-19
1.64 0 1.97642e-19 -9.12491e-06 -6.74289e-06 -7.76562e-05 -3.89599e-19
1.66 0 -6.74661e-19 -4.524e-06 -5.57489e-06 -3.85008e-05 -1.75255e-18
1.68 0 1.32094e-18 -2.6238e-06 -3.72098e-06 -2.23295e-05 9.16022e-19
1.7 0 -1.12813e-18 -2.85145e-06 -3.0043e-06 -2.42669e-05 -1.36302e-18
1.72 0 4.67466e-19 -2.57301e-06 -3.7898e-06 -2.18972e-05 -4.18645e-19
1.74 0 3.05654e-21 -5.61676e-08 -4.49363e-06 -4.78006e-07 -4.1247e-19
1.76 0 5.08313e-20 4.01236e-06 -3.34559e-06 3.41465e-05 -3.0978e-19
1.78 0 1.11703e-19 7.6076e-06 -3.88039e-07 6.47433e-05 -8.41169e-20
1.8 0 1.41432e-19 9.32723e-06 2.57431e-06 7.9378e-05 2.01604e-19
1.82 0 -2.05508e-19 9.36563e-06 3.85489e-06 7.97048e-05 -2.13565e-19
1.84 0 3.69252e-20 9.17685e-06 3.4886e-06 7.80982e-05 -1.38968e-19
1.86 0 -8.26086e-19 1.02737e-05 3.07633e-06 8.74327e-05 -1.80783e-18
1.88 0 -1.27437e-18 1.29294e-05 4.15061e-06 0.000110033 -4.38232e-18
1.9 0 2.44896e-18 1.59772e-05 6.5962e-06 0.000135971 5.65075e-19
1.92 0 -1.52791e-21 1.80136e-05 8.67769e-06 0.000153302 5.61988e-19
1.94 0 -9.15655e-19 1.86526e-05 8.72844e-06 0.00015874 -1.28782e-18
1.96 0 6.13598e-19 1.86233e-05 6.7807e-06 0.000158491 -4.82279e-20
1.98 0 6.96519e-19 1.89665e-05 4.46543e-06 0.000161411 1.35888e-18
2 0 3.34037e-20 2.01362e-05 3.35931e-06 0.000171366 1.42636e-18
2.02 0 9.43021e-19 2.15698e-05 3.49039e-06 0.000183567 3.33146e-18
2.04 0 -9.38096e-19 2.20806e-05 3.43178e-06 0.000187914 1.43631e-18
2.06 0 -9.40801e-19 2.08415e-05 1.80198e-06 0.000177369 -4.64295e-19
2.08 0 -2.69447e-20 1.80422e-05 -1.29844e-06 0.000153546 -5.18729e-19
2.1 0 -1.87901e-20 1.45242e-05 -4.2626e-06 0.000123606 -5.56689e-19
2.12 0 -2.74112e-21 1.07829e-05 -5.41509e-06 9.17662e-05 -5.62226e-19
2.14 0 1.55258e-19 6.47678e-06 -4.55489e-06 5.51196e-05 -2.48574e-19
2.16 0 -4.94788e-19 1.01309e-06 -3.06471e-06 8.62173e-06 -1.24815e-18
2.18 0 8.7384e-19 -5.53142e-06 -2.50738e-06 -4.70743e-05 5.17188e-19
2.2 0 -1.62401e-18 -1.22341e-05 -3.18949e-06 -0.000104117 -2.76364e-18
2.22 0 1.03455e-18 -1.80102e-05 -4.04935e-06 -0.000153273 -6.73638e-19
2.24 0 8.82794e-19 -2.24668e-05 -3.82163e-06 -0.0001912 1.10978e-18
2.26 0 -7.44413e-19 -2.61371e-05 -2.36645e-06 -0.000222435 -3.94079e-19
2.28 0 2.67125e-19 -2.97233e-05 -9.37838e-07 -0.000252956 1.45567e-19
2.3 0 1.05207e-18 -3.31411e-05 -1.00706e-06 -0.000282043 2.27096e-18
2.32 0 -2.03813e-18 -3.55995e-05 -2.74158e-06 -0.000302964 -1.84647e-18
2.34 0 6.82145e-19 -3.64541e-05 -4.77392e-06 -0.000310237 -4.68403e-19
2.36 0 2.04432e-19 -3.55702e-05 -5.50961e-06 -0.000302715 -5.54094e-20
2.38 0 5.4521e-21 -3.31334e-05 -4.59929e-06 -0.000281977 -4.43951e-20
2.4 0 -1.4732e-18 -2.95607e-05 -3.17658e-06 -0.000251572 -3.02057e-18
2.42 0 1.9062e-18 -2.52922e-05 -2.71544e-06 -0.000215245 8.30338e-19
2.44 0 6.46702e-19 -2.0339e-05 -3.61134e-06 -0.000173092 2.13681e-18
2.46 0 -8.80092e-19 -1.4316e-05 -4.83066e-06 -0.000121834 3.58843e-19
2.48 0 -6.48619e-19 -7.06716e-06 -4.89777e-06 -6.0144e-05 -9.51499e-19
2.5 0 5.99213e-19 8.86725e-07 -3.2343e-06 7.54634e-06 2.59033e-19
2.52 0 3.95113e-20 8.47466e-06 -7.06752e-07 7.21223e-05 3.38853e-19
2.54 0 -1.34082e-19 1.47264e-05 1.07629e-06 0.000125327 6.79797e-20
2.56 0 -1.20184e-19 1.95879e-05 1.17969e-06 0.000166699 -1.74816e-19
2.58 0 2.16154e-19 2.39251e-05 1.43124e-07 0.000203611 2.61858e-19
2.6 0 -9.24379e-19 2.83179e-05 -6.33795e-07 0.000240996 -1.60557e-18
2.62 0 5.86813e-19 3.21036e-05 -2.53014e-07 0.000273213 -4.20093e-19
2.64 0 2.65132e-19 3.41073e-05 8.77623e-07 0.000290265 1.15528e-19
2.66 0 -5.39805e-19 3.40337e-05 1.48526e-06 0.000289639 -9.74988e-19
2.68 0 1.0653e-18 3.25967e-05 7.81847e-07 0.000277409 1.17713e-18
2.7 0 -6.30613e-19 3.04453e-05 -5.32359e-07 0.0002591 -9.68373e-20
2.72 0 3.07685e-19 2.74276e-05 -8.26413e-07 0.000233418 5.24749e-19
2.74 0 -3.73153e-19 2.29012e-05 7.81444e-07 0.000194898 -2.29095e-19
2.76 0 -2.50883e-19 1.65439e-05 3.47433e-06 0.000140794 -7.35929e-19
2.78 0 3.24741e-19 8.8491e-06 5.53988e-06 7.53089e-05 -7.98878e-20
2.8 0 -1.59961e-19 7.34969e-07 5.99652e-06 6.25484e-06 -4.03042e-19
2.82 0 4.45297e-19 -7.50669e-06 5.32752e-06 -6.38846e-05 4.96549e-19
2.84 0 3.46181e-19 -1.65818e-05 4.69823e-06 -0.000141117 1.1959e-18
2.86 0 3.49258e-19 -2.71129e-05 4.67166e-06 -0.00023074 1.90148e-18
2.88 0 -7.50519e-20 -3.84037e-05 4.79052e-06 -0.000326828 1.74986e-18
2.9 0 3.24805e-19 -4.86605e-05 4.2957e-06 -0.000414118 2.40603e-18
2.92 0 -5.06372e-19 -5.62889e-05 3.06086e-06 -0.000479038 1.38305e-18
2.94 0 -2.6446e-19 -6.08645e-05 1.70761e-06 -0.000517978 8.48793e-19
2.96 0 -4.03735e-19 -6.32314e-05 8.34367e-07 -0.000538121 3.31665e-20
2.98 0 8.59873e-20 -6.47347e-05 2.83216e-07 -0.000550915 2.06878e-19
3 0 9.02599e-20 -6.5859e-05 -7.02535e-07 -0.000560483 3.89221e-19
3.02 0 -3.90314e-19 -6.54719e-05 -2.57199e-06 -0.000557188 -3.99291e-19
3.04 0 1.18284e-19 -6.17972e-05 -4.75365e-06 -0.000525915 -1.60334e-19
3.06 0 5.29701e-19 -5.43062e-05 -5.9697e-06 -0.000462165 9.09769e-19
3.08 0 -8.05306e-19 -4.44883e-05 -5.44744e-06 -0.000378611 -7.17111e-19
3.1 0 9.88191e-19 -3.46754e-05 -3.82479e-06 -0.0002951 1.27923e-18
3.12 0 -1.75694e-18 -2.60874e-05 -2.62953e-06 -0.000222013 -2.27013e-18
3.14 0 -9.8675e-19 -1.78752e-05 -2.73485e-06 -0.000152125 -4.26357e-18
3.16 0 1.77051e-18 -8.01101e-06 -3.4724e-06 -6.81765e-05 -6.86777e-19
3.18 0 1.00142e-18 4.63628e-06 -3.36149e-06 3.94564e-05 1.3363e-18
3.2 0 -2.21436e-18 1.88897e-05 -1.57432e-06 0.000160758 -3.13716e-18
3.22 0 1.95289e-18 3.20981e-05 1.33129e-06 0.000273166 8.08065e-19
3.24 0 -5.04968e-19 4.25632e-05 3.92098e-06 0.000362227 -2.12074e-19
3.26 0 3.19708e-19 5.08616e-05 5.11129e-06 0.00043285 4.33801e-19
3.28 0 1.21814e-19 5.86137e-05 5.13512e-06 0.000498823 6.79891e-19
3.3 0 1.74129e-18 6.64051e-05 5.33751e-06 0.00056513 4.19765e-18
3.32 0 -1.60366e-18 7.31682e-05 6.82585e-06 0.000622687 9.57942e-19
3.34 0 -1.20363e-18 7.7194e-05 9.31194e-06 0.000656948 -1.47364e-18
3.36 0 4.59014e-19 7.74291e-05 1.13777e-05 0.000658949 -5.46341e-19
3.38 0 5.56669e-19 7.39876e-05 1.17652e-05 0.00062966 5.78243e-19
3.4 0 -1.0354e-19 6.7776e-05 1.03921e-05 0.000576797 3.69071e-19
3.42 0 -5.05662e-20 5.97644e-05 8.36746e-06 0.000508616 2.66918e-19
3.44 0 1.12595e-19 5.04531e-05 7.0601e-06 0.000429374 4.94382e-19
3.46 0 1.49375e-19 3.97825e-05 6.90299e-06 0.000338563 7.9615e-19
3.48 0 1.01682e-18 2.74662e-05 7.03413e-06 0.000233747 2.85033e-18
3.5 0 -7.86216e-19 1.34691e-05 6.18675e-06 0.000114627 1.26202e-18
3.52 0 -4.65483e-19 -1.7517e-06 3.868e-06 -1.49076e-05 3.21646e-19
3.54 0 2.51041e-19 -1.73179e-05 6.54039e-07 -0.000147381 8.28799e-19
3.56 0 -5.4481e-19 -3.21315e-05 -2.46943e-06 -0.00027345 -2.71828e-19
3.58 0 -1.52715e-18 -4.51704e-05 -4.92088e-06 -0.000384416 -3.35699e-18
3.6 0 2.21449e-18 -5.58897e-05 -6.80157e-06 -0.000475641 1.11674e-18
3.62 0 -2.99981e-19 -6.45173e-05 -8.61218e-06 -0.000549065 5.10716e-19
3.64 0 7.94856e-21 -7.18434e-05 -1.08351e-05 -0.000611412 5.26773e-19
3.66 0 -2.87859e-19 -7.83764e-05 -1.36656e-05 -0.000667011 -5.47608e-20
3.68 0 -2.64612e-18 -8.3581e-05 -1.68477e-05 -0.000711304 -5.40047e-18
3.7 0 2.32873e-18 -8.6212e-05 -1.96265e-05 -0.000733694 -6.95969e-19
3.72 0 1.835e-18 -8.55026e-05 -2.10497e-05 -0.000727657 3.0111e-18
3.74 0 -3.38825e-18 -8.17236e-05 -2.05856e-05 -0.000695497 -3.83384e-18
3.76 0 2.19797e-18 -7.55915e-05 -1.85246e-05 -0.00064331 6.065e-19
3.78 0 2.88303e-19 -6.75761e-05 -1.57442e-05 -0.000575096 1.18893e-18
3.8 0 6.85669e-19 -5.77889e-05 -1.30479e-05 -0.000491804 2.57412e-18
3.82 0 -1.28491e-19 -4.60977e-05 -1.06356e-05 -0.000392307 2.31454e-18
3.84 0 2.54731e-19 -3.23495e-05 -8.06312e-06 -0.000275306 2.82915e-18
3.86 0 -9.82497e-19 -1.68735e-05 -4.68915e-06 -0.000143599 8.44308e-19
3.88 0 -1.96664e-19 -7.31989e-07 -3.42573e-07 -6.22948e-06 4.47007e-19
3.9 0 2.15002e-19 1.48546e-05 4.28372e-06 0.000126418 8.81354e-19
3.92 0 -6.28642e-19 2.9282e-05 7.9741e-06 0.0002492 -3.8863e-19
3.94 0 1.75648e-19 4.25777e-05 9.90515e-06 0.000362351 -3.3785e-20
3.96 0 -3.43227e-18 5.47839e-05 1.02985e-05 0.00046623 -6.96767e-18
3.98 0 2.31376e-18 6.54683e-05 1.01833e-05 0.000557158 -2.29341e-18
4 0 -8.43565e-19 7.371e-05 1.05211e-05 0.000627298 -3.99758e-18
4.02 0 -7.10151e-19 7.84378e-05 1.14535e-05 0.000667533 -5.43223e-18
4.04 0 2.81943e-18 7.89328e-05 1.23172e-05 0.000671745 2.6359e-19
4.06 0 1.04701e-20 7.5171e-05 1.24717e-05 0.000639731 2.84741e-19
4.08 0 -6.38433e-19 6.76242e-05 1.20974e-05 0.000575506 -1.00502e-18
4.1 0 1.34399e-19 5.67249e-05 1.20192e-05 0.000482749 -7.33511e-19
4.12 0 4.84755e-20 4.2706e-05 1.27777e-05 0.000363443 -6.3558e-19
4.14 0 5.38512e-19 2.59668e-05 1.4062e-05 0.000220987 4.52322e-19
4.16 0 -2.1752e-19 7.30433e-06 1.49839e-05 6.21624e-05 1.28867e-20
4.18 0 -5.69585e-19 -1.23338e-05 1.46836e-05 -0.000104965 -1.13779e-18
4.2 0 7.68666e-19 -3.20964e-05 1.27302e-05 -0.000273152 4.15071e-19
4.22 0 1.99493e-19 -5.11612e-05 9.23322e-06 -0.0004354 8.18088e-19
4.24 0 -2.41508e-19 -6.87274e-05 4.724e-06 -0.000584894 3.30194e-19
4.26 0 -2.89558e-19 -8.42603e-05 -1.81642e-07 -0.000717085 -2.54773e-19
4.28 0 -9.3083e-19 -9.74547e-05 -5.12325e-06 -0.000829374 -2.13524e-18
4.3 0 7.74064e-20 -0.000107764 -9.96857e-06 -0.000917107 -1.97886e-18
4.32 0 -1.85293e-19 -0.000114317 -1.45179e-05 -0.000972881 -2.35319e-18
4.34 0 1.4197e-18 -0.000116509 -1.83966e-05 -0.00099153 5.14886e-19
4.36 0 -5.59429e-19 -0.00011436 -2.11498e-05 -0.000973246 -6.15273e-19
4.38 0 1.72982e-19 -0.000108265 -2.22987e-05 -0.00092137 -2.65814e-19
4.4 0 -2.41584e-19 -9.86596e-05 -2.14612e-05 -0.000839627 -7.53862e-19
4.42 0 3.79693e-19 -8.59679e-05 -1.8568e-05 -0.000731616 1.31953e-20
4.44 0 1.51109e-19 -7.06949e-05 -1.39132e-05 -0.000601638 3.18467e-19
4.46 0 -5.95491e-19 -5.34898e-05 -8.10679e-06 -0.000455217 -8.84545e-19
4.48 0 1.8715e-18 -3.48638e-05 -2.03527e-06 -0.000296703 2.89625e-18
4.5 0 -3.46213e-18 -1.48612e-05 3.43587e-06 -0.000126474 -4.09795e-18
4.52 0 4.02861e-19 6.57648e-06 7.92052e-06 5.59681e-05 -3.28409e-18
4.54 0 1.36682e-19 2.90082e-05 1.16052e-05 0.00024687 -3.00796e-18
4.56 0 1.89442e-18 5.17571e-05 1.48882e-05 0.000440471 8.19159e-19
4.58 0 -4.54925e-18 7.4681e-05 1.79034e-05 0.000635562 -8.37125e-18
4.6 0 4.59128e-18 9.82423e-05 2.03278e-05 0.000836076 9.0407e-19
4.62 0 3.20199e-19 0.000122646 2.17458e-05 0.00104376 1.55094e-18
4.64 0 -5.38671e-18 0.000146822 2.21836e-05 0.00124951 -9.3313e-18
4.66 0 1.26488e-18 0.000168399 2.20561e-05 0.00143314 -6.77598e-18
4.68 0 -8.36968e-19 0.00018519 2.16522e-05 0.00157603 2.93053e-18
4.7 0 -1.21708e-18 0.000196825 2.09505e-05 0.00167505 3.94748e-18
4.72 0 7.96475e-18 0.000204427 1.98436e-05 0.00173975 1.09457e-17
4.74 0 -5.4149e-18 0.000208648 1.82759e-05 0.00177567 6.5447e-21
4.76 0 -4.4785e-19 0.000208519 1.62068e-05 0.00177457 -8.98203e-19
4.78 0 1.46308e-18 0.000202431 1.35594e-05 0.00172276 2.05752e-18
4.8 0 -1.03592e-18 0.00018997 1.01853e-05 0.00161671 -3.52365e-20
4.82 0 5.40923e-19 0.000172605 5.9702e-06 0.00146893 1.05754e-18
4.84 0 2.13475e-18 0.000152505 1.08481e-06 0.00129787 5.37016e-18
4.86 0 2.4841e-18 0.000130649 -4.07742e-06 0.00111186 1.03885e-17
4.88 0 -4.6903e-18 0.000106307 -9.46948e-06 0.000904711 9.13181e-19
4.9 0 3.00731e-19 7.85209e-05 -1.57259e-05 0.00066824 1.52072e-18
4.92 0 7.50849e-19 4.78876e-05 -2.35269e-05 0.00040754 1.91261e-17
4.94 0 -8.17047e-18 1.66512e-05 -3.25126e-05 0.000141707 -8.63876e-18
4.96 0 -5.5636e-18 -1.29025e-05 -4.10156e-05 -0.000109805 -1.14716e-17
4.98 0 1.41208e-18 -3.98868e-05 -4.70765e-05 -0.00033945 -6.20797e-18
5 0 -4.97128e-18 -6.47222e-05 -4.98711e-05 -0.000550808 -4.63718e-18
5.02 0 -1.05224e-17 -8.80236e-05 -5.02403e-05 -0.000749112 1.07157e-21
5.04 0 -9.38118e-18 -0.000109763 -4.97785e-05 -0.00093412 -1.79979e-17
5.06 0 -1.15743e-17 -0.000129294 -4.9235e-05 -0.00110033 -2.53077e-17
5.08 0 -4.72956e-18 -0.000146024 -4.76895e-05 -0.00124271 -1.63325e-17
5.1 0 2.01286e-17 -0.000160054 -4.3318e-05 -0.00136212 2.35002e-17
5.12 0 1.39488e-17 -0.000171979 -3.50739e-05 -0.0014636 2.93249e-17
5.14 0 8.10387e-18 -0.000181854 -2.36987e-05 -0.00154764 1.35848e-18
5.16 0 4.56407e-18 -0.000188514 -1.11067e-05 -0.00160432 1.05788e-17
5.18 0 -1.75244e-18 -0.000190191 1.20346e-06 -0.00161859 7.03855e-18
5.2 0 -2.70926e-18 -0.00018574 1.30981e-05 -0.00158071 1.5653e-18
5.22 0 -7.26092e-18 -0.000175125 2.51545e-05 -0.00149038 -1.31032e-17
5.24 0 6.86875e-20 -0.000158868 3.70829e-05 -0.00135202 -9.90782e-19
5.26 0 3.97849e-18 -0.000137301 4.69729e-05 -0.00116848 2.3744e-17
5.28 0 1.09378e-18 -0.000110167 5.24363e-05 -0.000937556 8.3972e-18
5.3 0 1.93867e-17 -7.65444e-05 5.27014e-05 -0.00065142 2.08005e-17
5.32 0 -1.04009e-17 -3.53514e-05 4.95247e-05 -0.000300853 -1.28822e-17
5.34 0 6.59463e-18 1.3401e-05 4.59346e-05 0.000114048 -1.04889e-18
5.36 0 -2.08184e-17 6.7554e-05 4.39788e-05 0.000574908 1.65e-17
5.38 0 1.47269e-17 0.00012326 4.34666e-05 0.00104898 4.59462e-17
5.4 0 -9.85351e-18 0.000176675 4.25953e-05 0.00150356 -1.44361e-18
5.42 0 -8.42012e-18 0.000225156 3.98181e-05 0.00191616 1.7373e-17
5.44 0 -4.20921e-17 0.000266766 3.53407e-05 0.00227028 -4.16034e-17
5.46 0 6.2952e-18 0.000298955 3.11206e-05 0.00254421 2.52299e-18
5.48 0 -1.1448e-17 0.000318216 2.86645e-05 0.00270813 -9.83032e-18
5.5 0 2.78778e-17 0.000321206 2.75593e-05 0.00273357 1.49072e-17
5.52 0 5.85542e-18 0.00030635 2.61933e-05 0.00260715 1.55038e-17
5.54 0 -4.59236e-18 0.000274571 2.34374e-05 0.0023367 -8.36234e-18
5.56 0 -3.09764e-18 0.000228539 2.00499e-05 0.00194495 -5.48812e-18
5.58 0 1.44468e-18 0.000171483 1.80801e-05 0.00145938 4.46793e-18
5.6 0 -2.24965e-18 0.000107123 1.90065e-05 0.000911653 -2.82579e-19
5.62 0 6.92149e-18 4.04297e-05 2.21327e-05 0.000344071 1.77992e-18
5.64 0 5.30331e-18 -2.30012e-05 2.47579e-05 -0.000195748 4.17758e-18
5.66 0 8.74047e-18 -7.90805e-05 2.40503e-05 -0.000673003 1.01985e-17
5.68 0 -7.74818e-18 -0.000126094 1.89691e-05 -0.0010731 -8.49796e-18
5.7 0 -8.07105e-20 -0.00016325 1.0513e-05 -0.00138932 -1.26483e-17
5.72 0 2.38893e-17 -0.000188987 3.49746e-07 -0.00160834 4.46955e-17
5.74 0 2.33234e-17 -0.00020076 -1.0639e-05 -0.00170854 5.78678e-17
5.76 0 -1.25253e-17 -0.000196196 -2.26351e-05 -0.0016697 1.5067e-17
5.78 0 -1.1949e-17 -0.000174551 -3.6105e-05 -0.00148549 -2.25975e-17
5.8 0 -1.26013e-17 -0.000137283 -5.09987e-05 -0.00116833 2.56451e-18
5.82 0 5.79458e-18 -8.73412e-05 -6.66665e-05 -0.000743304 1.82284e-17
5.84 0 5.1427e-20 -2.79843e-05 -8.22521e-05 -0.000238156 1.83323e-17
5.86 0 -1.19191e-17 3.7962e-05 -9.68314e-05 0.00032307 -5.74675e-18
5.88 0 2.691e-18 0.000107969 -0.000109069 0.000918853 -3.10376e-19
5.9 0 -9.87492e-18 0.000178717 -0.000116958 0.00152094 -2.02597e-17
5.92 0 -1.56203e-18 0.000245224 -0.000118247 0.00208694 -3.37474e-17
5.94 0 9.57777e-18 0.00030174 -0.000111268 0.00256791 -6.57718e-19
5.96 0 7.64721e-19 0.000343615 -9.5318e-05 0.00292428 4.10122e-18
5.98 0 1.31158e-18 0.000367896 -7.05435e-05 0.00313093 8.6742e-18
6 0 -1.60377e-18 0.000372826 -3.82029e-05 0.00317288 2.93779e-18
6.02 0 -5.63439e-19 0.000358084 -1.43497e-06 0.00304742 -4.69589e-18
6.04 0 3.50722e-18 0.000325076 3.45346e-05 0.00276651 -1.03248e-18
6.06 0 -1.3094e-17 0.000275679 6.3909e-05 0.00234613 -2.23804e-17
6.08 0 5.23584e-18 0.000211371 8.33781e-05 0.00179884 -3.23009e-18
6.1 0 7.46442e-18 0.000134931 9.45434e-05 0.00114831 1.92935e-17
6.12 0 -1.1291e-17 5.12236e-05 0.000103015 0.00043593 3.73317e-19
6.14 0 -9.39297e-19 -3.63868e-05 0.000114156 -0.000309664 -2.05955e-17
6.16 0 1.94278e-17 -0.000129618 0.000128711 -0.0011031 1.99469e-17
6.18 0 8.52111e-19 -0.000232747 0.0001418 -0.00198076 -1.00587e-17
6.2 0 2.83384e-17 -0.00034638 0.000146441 -0.00294782 1.49739e-17
6.22 0 2.05961e-17 -0.000464952 0.000139202 -0.0039569 8.14296e-17
6.24 0 -9.49183e-18 -0.00057986 0.000122944 -0.00493481 -4.53672e-17
6.26 0 -7.07972e-18 -0.000683344 0.000103763 -0.0058155 -1.03162e-17
6.28 0 -9.36674e-18 -0.000765983 8.51689e-05 -0.00651878 -1.79354e-17
6.3 0 -1.60714e-17 -0.000793264 6.5226e-05 -0.00675096 -1.31249e-17
6.32 0 -3.80229e-19 -0.000717532 3.91058e-05 -0.00610645 -5.46216e-18
6.34 0 -8.57279e-19 -0.000655826 4.28923e-06 -0.00558131 1.94361e-18
6.36 0 3.13418e-19 -0.000657175 -3.59292e-05 -0.00559279 -3.39556e-18
6.38 0 -1.56544e-18 -0.000643268 -7.42717e-05 -0.00547443 1.4049e-19
6.4 0 9.47848e-18 -0.000606179 -0.000105488 -0.0051588 2.01078e-17
6.42 0 -1.72562e-17 -0.000553993 -0.000130408 -0.00471467 -1.78844e-19
6.44 0 1.30893e-17 -0.000496977 -0.000153746 -0.00422945 5.6074e-17
6.46 0 -2.21685e-17 -0.000421837 -0.000178646 -0.00358998 -1.40423e-17
6.48 0 -4.88821e-18 -0.000321739 -0.000203578 -0.00273811 -1.63863e-17
6.5 0 -6.55752e-18 -0.000193827 -0.000223037 -0.00164954 -2.21516e-17
6.52 0 -1.37277e-18 -4.98782e-05 -0.000232082 -0.000424481 4.28673e-17
6.54 0 -1.18767e-17 9.67874e-05 -0.000231449 0.000823695 2.42958e-17
6.56 0 -1.85396e-18 0.000237503 -0.000226835 0.00202123 5.84681e-18
6.58 0 -6.81219e-18 0.000369043 -0.000222643 0.00314069 1.53033e-17
6.6 0 -1.26173e-17 0.000486464 -0.00021763 0.00413998 -2.46129e-17
6.62 0 -4.01103e-18 0.000581728 -0.000206003 0.00495071 6.10044e-19
6.64 0 1.0797e-18 0.000649194 -0.000183144 0.00552487 2.89984e-17
6.66 0 -7.58506e-18 0.00069096 -0.000150055 0.00588031 -6.55192e-19
6.68 0 -4.53764e-19 0.000714253 -0.000111838 0.00607854 -2.42921e-18
6.7 0 -4.16344e-18 0.00072556 -7.27814e-05 0.00617477 -9.31999e-18
6.72 0 -2.00449e-18 0.000729033 -3.29762e-05 0.00620432 -8.35211e-19
6.74 0 -8.88804e-19 0.00072817 1.03555e-05 0.00619698 2.46901e-18
6.76 0 -5.48907e-18 0.00072626 5.88566e-05 0.00618072 4.38315e-18
6.78 0 -1.29107e-18 0.000724775 0.000110444 0.00616809 1.02339e-17
6.8 0 -7.78155e-18 0.000704797 0.00015944 0.00599807 -7.7108e-18
6.82 0 1.57738e-17 0.000667384 0.00019864 0.00567967 2.76126e-17
6.84 0 -2.07582e-17 0.000626996 0.000223186 0.00533595 -1.4077e-17
6.86 0 1.4276e-17 0.000583402 0.000235387 0.00496496 4.56793e-17
6.88 0 -5.21927e-18 0.000527344 0.0002426 0.00448788 5.31608e-18
6.9 0 -2.19182e-17 0.000442986 0.00024693 0.00376997 -2.24763e-17
6.92 0 -2.71839e-18 0.000333502 0.000242825 0.00283822 -1.73699e-17
6.94 0 5.00771e-18 0.000213719 0.000225881 0.00181882 -4.13562e-17
6.96 0 -3.14493e-18 9.85771e-05 0.000200008 0.000838925 -5.97103e-17
6.98 0 3.96339e-19 -8.17285e-06 0.000173483 -6.95538e-05 -1.77502e-17
7 0 -1.63019e-17 -0.000109917 0.00015 -0.000935433 -6.53156e-17
7.02 0 1.37762e-17 -0.000207511 0.000126164 -0.00176599 9.52266e-18
7.04 0 1.71129e-17 -0.00029402 9.68564e-05 -0.00250222 1.59245e-17
7.06 0 -2.95539e-18 -0.000360622 6.21114e-05 -0.00306902 -3.67112e-18
7.08 0 1.92502e-19 -0.000405003 2.75345e-05 -0.00344672 -2.74752e-17
7.1 0 1.98854e-18 -0.000431825 -1.24112e-06 -0.00367498 -1.99403e-17
7.12 0 4.35002e-18 -0.000446411 -2.39619e-05 -0.00379911 3.90328e-18
7.14 0 5.92524e-19 -0.00045065 -4.56039e-05 -0.00383519 -5.7166e-19
7.16 0 -9.06589e-19 -0.000442112 -7.07885e-05 -0.00376253 1.52239e-17
7.18 0 -9.95333e-19 -0.000420699 -9.87331e-05 -0.0035803 -9.69159e-18
7.2 0 -2.59023e-18 -0.000391438 -0.000124649 -0.00333128 -2.28587e-17
7.22 0 -8.79379e-18 -0.000355167 -0.00014528 -0.00302259 3.79248e-18
7.24 0 1.27464e-18 -0.000308615 -0.00016135 -0.00262642 1.49666e-17
7.26 0 -3.40161e-18 -0.000249155 -0.000175713 -0.0021204 4.59765e-18
7.28 0 3.07568e-18 -0.000176067 -0.000190077 -0.00149839 1.76115e-17
7.3 0 2.81891e-18 -9.12468e-05 -0.000202864 -0.000776542 8.194e-18
7.32 0 -1.21846e-17 1.7814e-06 -0.000209812 1.51604e-05 -3.22624e-17
7.34 0 -5.32126e-18 9.83674e-05 -0.000206834 0.000837141 -3.49654e-17
7.36 0 1.74807e-17 0.000193519 -0.000192614 0.00164691 2.63718e-18
7.38 0 -6.54574e-19 0.00028257 -0.000168675 0.00240477 -1.11286e-17
7.4 0 3.91602e-18 0.00036146 -0.00013725 0.00307615 -2.30403e-17
7.42 0 4.56758e-18 0.000426237 -9.9397e-05 0.00362743 -6.0269e-17
7.44 0 -7.53302e-18 0.000472777 -5.55301e-05 0.00402349 1.66431e-17
7.46 0 8.42414e-18 0.000497875 -7.51752e-06 0.00423709 2.2373e-17
7.48 0 1.03292e-17 0.000501224 4.03041e-05 0.00426559 2.01447e-17
7.5 0 -5.56369e-18 0.000485838 8.26502e-05 0.00413465 -8.89021e-18
7.52 0 4.14163e-18 0.000457495 0.000115814 0.00389344 5.84966e-18
7.54 0 -8.26498e-19 0.00042205 0.000138746 0.00359179 -9.35231e-18
7.56 0 3.83319e-18 0.000381335 0.000152054 0.0032453 -1.81596e-18
7.58 0 6.18074e-19 0.000333627 0.000156308 0.00283928 -1.46153e-17
7.6 0 -1.07752e-17 0.000277149 0.000151479 0.00235863 -1.44835e-17
7.62 0 1.04537e-18 0.000212545 0.000138112 0.00180883 1.41763e-18
7.64 0 2.40862e-18 0.00014256 0.000118666 0.00121324 4.72616e-18
7.66 0 7.0324e-18 6.97856e-05 9.73018e-05 0.0005939 -1.95543e-19
7.68 0 -1.21133e-17 -4.36205e-06 7.80901e-05 -3.71226e-05 1.92039e-18
7.7 0 -8.86346e-18 -7.85432e-05 6.26738e-05 -0.00066843 -2.31392e-17
7.72 0 8.75793e-18 -0.000149736 4.91571e-05 -0.00127431 1.16619e-17
7.74 0 -7.92112e-19 -0.000213003 3.37972e-05 -0.00181273 2.43102e-18
7.76 0 1.45723e-19 -0.000263299 1.41004e-05 -0.00224076 1.47946e-17
7.78 0 -9.10391e-18 -0.000297746 -9.46022e-06 -0.00253392 -6.45143e-18
7.8 0 -4.78696e-18 -0.000316509 -3.44759e-05 -0.0026936 9.6443e-18
7.82 0 3.50762e-18 -0.000322104 -5.88916e-05 -0.00274122 1.06867e-17
7.84 0 -4.00734e-18 -0.000317815 -8.2254e-05 -0.00270472 -2.39117e-18
7.86 0 5.60719e-18 -0.000306995 -0.0001053 -0.00261264 -4.51386e-18
7.88 0 -1.76639e-19 -0.000292367 -0.000128336 -0.00248815 1.32479e-17
7.9 0 2.03172e-18 -0.000273673 -0.000149626 -0.00232905 1.04357e-17
7.92 0 1.99141e-17 -0.00024768 -0.000165325 -0.00210785 1.60662e-17
7.94 0 -1.80423e-17 -0.000210704 -0.000171623 -0.00179317 2.79774e-17
7.96 0 -6.5975e-18 -0.00016153 -0.000167535 -0.00137468 -4.07132e-17
7.98 0 1.36743e-17 -0.000102659 -0.000155811 -0.000873662 -9.177e-18
8 0 -1.12018e-17 -3.81471e-05 -0.00014083 -0.000324645 -1.14412e-17
8.02 0 1.11739e-17 2.92516e-05 -0.000125263 0.000248941 1.2895e-17
8.04 0 1.64868e-17 9.86722e-05 -0.000108588 0.000839735 6.65768e-17
8.06 0 -1.05071e-18 0.000168867 -8.86125e-05 0.00143711 8.32473e-18
8.08 0 1.28761e-17 0.000236008 -6.42302e-05 0.00200851 2.52241e-17
8.1 0 -3.96817e-18 0.000294443 -3.7127e-05 0.00250581 3.47022e-18
8.12 0 1.31076e-17 0.000340038 -1.08849e-05 0.00289384 -2.64639e-17
8.14 0 1.04162e-17 0.000372787 1.16117e-05 0.00317254 1.18466e-18
8.16 0 -5.85706e-18 0.00039586 2.99952e-05 0.00336891 -1.06992e-17
8.18 0 -7.77462e-18 0.000411922 4.59608e-05 0.0035056 -3.18087e-18
8.2 0 -2.55145e-18 0.00042053 6.09776e-05 0.00357886 -2.72093e-18
8.22 0 -2.1353e-18 0.000419334 7.4423e-05 0.00356868 1.84598e-18
8.24 0 -6.19245e-18 0.000407362 8.37722e-05 0.00346679 -1.29953e-17
8.26 0 -1.36456e-17 0.000386565 8.66959e-05 0.0032898 -3.8351e-17
8.28 0 -4.14612e-19 0.000359713 8.31738e-05 0.00306128 -5.36817e-17
8.3 0 2.94761e-17 0.000327718 7.56836e-05 0.00278899 1.98793e-17
8.32 0 -2.24701e-17 0.00028936 6.72712e-05 0.00246255 1.20235e-18
8.34 0 1.95436e-18 0.000242994 5.93544e-05 0.00206797 1.2856e-17
8.36 0 9.23787e-18 0.000188468 5.13353e-05 0.00160393 4.31075e-17
8.38 0 -2.92722e-19 0.000127526 4.22543e-05 0.00108529 9.77127e-19
8.4 0 -1.33201e-17 6.28998e-05 3.27023e-05 0.000535299 -5.40288e-17
8.42 0 -1.02391e-17 -2.65226e-06 2.45056e-05 -2.25717e-05 -4.09694e-17
8.44 0 -2.25896e-19 -6.63488e-05 1.87866e-05 -0.000564651 3.79182e-17
8.46 0 -1.1999e-17 -0.000124945 1.49192e-05 -0.00106332 -1.27948e-17
8.48 0 -3.54864e-18 -0.000175017 1.07796e-05 -0.00148946 6.3785e-18
8.5 0 -2.52869e-18 -0.000214155 4.281e-06 -0.00182254 -3.73559e-17
8.52 0 8.17023e-18 -0.000241896 -5.29955e-06 -0.00205862 -7.70122e-18
8.54 0 2.74365e-19 -0.000259364 -1.7105e-05 -0.00220728 6.06816e-19
8.56 0 -6.57625e-19 -0.00026785 -2.93464e-05 -0.0022795 -6.57925e-18
8.58 0 -7.92068e-19 -0.000267391 -4.0571e-05 -0.00227559 -1.0915e-17
8.6 0 -5.53789e-18 -0.000256411 -5.03115e-05 -0.00218215 3.45118e-18
8.62 0 -4.28255e-18 -0.000233657 -5.86768e-05 -0.0019885 -8.35293e-18
8.64 0 -1.04171e-17 -0.000199559 -6.54912e-05 -0.00169832 -1.63874e-17
8.66 0 3.29429e-17 -0.000156204 -7.00177e-05 -0.00132935 1.45876e-17
8.68 0 -1.91831e-18 -0.000106174 -7.15392e-05 -0.000903576 -2.97563e-17
8.7 0 -1.53398e-17 -5.08613e-05 -7.0126e-05 -0.000432848 -5.50902e-17
8.72 0 1.49456e-17 9.27943e-06 -6.6656e-05 7.89712e-05 3.47856e-17
8.74 0 -2.53012e-17 7.34439e-05 -6.20541e-05 0.000625033 1.65338e-18
8.76 0 -8.02377e-18 0.000139664 -5.67272e-05 0.00118859 -2.95472e-17
8.78 0 -2.15713e-18 0.00020531 -5.09391e-05 0.00174726 1.32464e-17
8.8 0 1.20692e-17 0.000267804 -4.53062e-05 0.00227911 7.58667e-19
8.82 0 -1.6619e-17 0.000324663 -4.06288e-05 0.002763 -3.96128e-17
8.84 0 -2.80359e-17 0.000373167 -3.72593e-05 0.00317578 -5.27557e-17
8.86 0 -8.63333e-18 0.000410553 -3.45129e-05 0.00349395 -4.33442e-17
8.88 0 8.28507e-18 0.000434808 -3.08258e-05 0.00370037 2.91922e-18
8.9 0 -8.53184e-18 0.000445348 -2.46395e-05 0.00379007 -1.17367e-17
8.92 0 7.61971e-19 0.000442699 -1.5362e-05 0.00376752 -3.63787e-18
8.94 0 2.93225e-18 0.000427394 -3.54155e-06 0.00363727 -4.31217e-18
8.96 0 5.0929e-19 0.000399766 9.79781e-06 0.00340215 3.08322e-18
8.98 0 -4.91039e-18 0.000360809 2.36938e-05 0.00307061 -3.28317e-18
9 0 -9.43866e-18 0.000313266 3.71506e-05 0.00266601 -1.40149e-17
9.02 0 -6.55537e-18 0.000260975 4.88886e-05 0.00222099 -2.53574e-17
9.04 0 -9.22916e-18 0.00020616 5.76028e-05 0.0017545 -5.45344e-17
9.06 0 -1.63756e-17 0.00014786 6.25931e-05 0.00125834 -1.4784e-17
9.08 0 3.27695e-17 8.35008e-05 6.408e-05 0.000710621 1.80714e-17
9.1 0 -4.19759e-18 1.25343e-05 6.28524e-05 0.000106671 5.11013e-17
9.12 0 -7.48345e-18 -6.13223e-05 5.96759e-05 -0.000521874 2.62023e-17
9.14 0 -2.3689e-18 -0.000131341 5.50926e-05 -0.00111775 -1.05719e-17
9.16 0 6.77492e-18 -0.000191781 4.964e-05 -0.00163212 2.7141e-17
9.18 0 -9.61959e-18 -0.000241271 4.39229e-05 -0.0020533 -3.95972e-18
9.2 0 -4.57746e-18 -0.000282135 3.81374e-05 -0.00240107 -9.65577e-18
9.22 0 -2.59279e-18 -0.000316273 3.16133e-05 -0.0026916 -5.37725e-18
9.24 0 1.43791e-17 -0.000342408 2.30908e-05 -0.00291401 6.03702e-18
9.26 0 5.84502e-18 -0.000357738 1.15957e-05 -0.00304447 -5.28236e-18
9.28 0 5.45228e-20 -0.000361155 -2.88645e-06 -0.00307355 3.2508e-18
9.3 0 1.31885e-18 -0.0003531 -1.93441e-05 -0.003005 9.38299e-18
9.32 0 9.16874e-19 -0.000334454 -3.60244e-05 -0.00284632 1.94219e-19
9.34 0 -7.95843e-18 -0.000306164 -5.10889e-05 -0.00260557 6.58426e-19
9.36 0 -1.2909e-18 -0.000268557 -6.3496e-05 -0.00228552 -2.28631e-18
9.38 0 5.15815e-18 -0.000222774 -7.32997e-05 -0.00189588 3.67018e-18
9.4 0 -1.00815e-17 -0.000170991 -8.10166e-05 -0.00145519 -2.94256e-17
9.42 0 3.5139e-18 -0.000115115 -8.67433e-05 -0.000979668 -2.07151e-18
9.44 0 -5.94001e-18 -5.62912e-05 -8.98045e-05 -0.000479058 -7.67264e-18
9.46 0 1.02668e-17 4.93296e-06 -8.91799e-05 4.19812e-05 1.06755e-17
9.48 0 -1.66177e-18 6.73824e-05 -8.43643e-05 0.000573447 2.41141e-17
9.5 0 -5.64226e-19 0.000128571 -7.59003e-05 0.00109418 -2.13876e-18
9.52 0 -4.60926e-20 0.000185585 -6.49794e-05 0.0015794 1.02339e-17
9.54 0 4.25793e-18 0.000236438 -5.2684e-05 0.00201217 2.22834e-18
9.56 0 5.52689e-18 0.00027998 -3.961e-05 0.00238273 1.59308e-17
9.58 0 -1.3864e-17 0.000314866 -2.59064e-05 0.00267962 -8.57901e-18
9.6 0 -6.12651e-18 0.000339437 -1.14319e-05 0.00288873 -6.72049e-18
9.62 0 2.21452e-18 0.000352808 3.9423e-06 0.00300252 1.4574e-17
9.64 0 -2.04001e-18 0.000355526 1.96954e-05 0.00302565 4.14039e-18
9.66 0 -8.37913e-19 0.000348843 3.42669e-05 0.00296878 2.1321e-18
9.68 0 -6.32107e-18 0.000333788 4.55767e-05 0.00284065 -1.4665e-18
9.7 0 -6.35808e-18 0.00031109 5.22951e-05 0.00264749 -9.12314e-18
9.72 0 -1.05793e-18 0.000281534 5.47722e-05 0.00239595 -3.25253e-17
9.74 0 3.31342e-18 0.000246053 5.47049e-05 0.002094 -9.7454e-18
9.76 0 -2.50723e-19 0.000205166 5.3737e-05 0.00174603 -9.84224e-18
9.78 0 -9.28582e-18 0.000158496 5.2177e-05 0.00134886 -1.85432e-17
9.8 0 1.37001e-18 0.000105471 4.89974e-05 0.000897596 5.36054e-18
9.82 0 -9.09161e-19 4.70124e-05 4.31359e-05 0.000400092 -1.83561e-17
9.84 0 -9.18941e-18 -1.32921e-05 3.48634e-05 -0.00011312 -2.25367e-17
9.86 0 -2.85004e-18 -7.02566e-05 2.58802e-05 -0.000597908 -1.37131e-17
9.88 0 -9.10993e-19 -0.000120012 1.79027e-05 -0.00102134 -5.59062e-18
9.9 0 3.56977e-18 -0.00016199 1.09267e-05 -0.00137859 1.3374e-17
9.92 0 1.92325e-18 -0.000197829 2.82555e-06 -0.00168359 1.09022e-17
9.94 0 1.38037e-18 -0.000228444 -9.07169e-06 -0.00194414 3.1206e-18
9.96 0 1.39866e-18 -0.000252458 -2.56022e-05 -0.0021485 3.24019e-18
9.98 0 -1.29512e-19 -0.000267427 -4.47265e-05 -0.0022759 7.66073e-19
10 0 -7.51738e-19 -0.000272368 -6.28476e-05 -0.00231794 6.23595e-19
10.02 0 2.84593e-18 -0.000268881 -7.73513e-05 -0.00228827 1.87775e-17
10.04 0 6.77743e-19 -0.000259906 -8.80471e-05 -0.00221189 -1.17874e-17
10.06 0 -1.23868e-17 -0.000247025 -9.61916e-05 -0.00210226 -2.23212e-17
10.08 0 5.55717e-18 -0.000228579 -0.000102133 -0.00194529 -1.1878e-17
10.1 0 1.63175e-18 -0.000201384 -0.000104052 -0.00171385 -8.32886e-18
10.12 0 6.19396e-19 -0.000164156 -9.92455e-05 -0.00139703 -9.47277e-18
10.14 0 9.99933e-18 -0.00011889 -8.68621e-05 -0.00101179 -9.60433e-20
10.16 0 4.55678e-18 -6.93286e-05 -6.94696e-05 -0.000590011 9.36672e-18
10.18 0 -1.32599e-17 -1.83541e-05 -5.18136e-05 -0.0001562 -2.48528e-20
10.2 0 -3.31484e-18 3.30741e-05 -3.75809e-05 0.000281472 7.64425e-18
10.22 0 -1.31071e-19 8.50156e-05 -2.7073e-05 0.000723513 1.27598e-17
10.24 0 -8.48766e-19 0.000136901 -1.798e-05 0.00116507 1.67898e-17
10.26 0 1.50399e-18 0.000186637 -8.23043e-06 0.00158834 9.95527e-18
10.28 0 -2.71346e-19 0.000231181 2.00988e-06 0.00196743 1.32349e-18
10.3 0 4.95916e-19 0.000268094 1.0859e-05 0.00228157 -3.62604e-19
10.32 0 -2.05898e-18 0.000296595 1.68543e-05 0.00252413 2.11183e-18
10.34 0 1.60402e-18 0.000317067 2.05951e-05 0.00269835 -4.88085e-18
10.36 0 8.60118e-19 0.00032949 2.44019e-05 0.00280407 -7.71858e-18
10.38 0 8.24821e-19 0.00033254 3.02565e-05 0.00283003 1.05163e-17
10.4 0 1.10295e-17 0.000324404 3.79794e-05 0.00276079 1.17473e-17
10.42 0 -8.13928e-18 0.000304448 4.53932e-05 0.00259096 1.34239e-17
10.44 0 -7.89152e-18 0.000273808 5.02267e-05 0.0023302 6.59588e-18
10.46 0 -8.37669e-18 0.000234272 5.18782e-05 0.00199373 -2.13806e-17
10.48 0 4.30443e-19 0.000186987 5.14329e-05 0.00159132 -1.67833e-17
10.5 0 -5.84427e-18 0.000132484 5.00908e-05 0.00112749 -6.41281e-18
10.52 0 2.81283e-18 7.19642e-05 4.76918e-05 0.00061244 -6.74071e-18
10.54 0 -1.77241e-18 8.2793e-06 4.28784e-05 7.04598e-05 4.49889e-18
10.56 0 -2.16941e-18 -5.49152e-05 3.46437e-05 -0.000467347 -3.91898e-18
10.58 0 5.32042e-18 -0.000114977 2.35137e-05 -0.000978495 -1.47968e-18
10.6 0 2.27275e-19 -0.000170749 1.10689e-05 -0.00145313 -1.19956e-18
10.62 0 -1.73698e-18 -0.000221073 -1.58771e-06 -0.0018814 -4.20755e-18
10.64 0 -5.83104e-20 -0.000263342 -1.46383e-05 -0.00224113 -3.00517e-19
10.66 0 1.56608e-18 -0.000293941 -2.87557e-05 -0.00250154 -3.63945e-18
10.68 0 1.77518e-18 -0.000310131 -4.36479e-05 -0.00263933 1.01294e-17
10.7 0 -3.57457e-18 -0.000311597 -5.76008e-05 -0.0026518 -6.55606e-18
10.72 0 7.92271e-18 -0.000299988 -6.86283e-05 -0.00255301 2.41405e-17
10.74 0 3.67143e-18 -0.000277769 -7.61123e-05 -0.00236391 8.66717e-18
10.76 0 6.60052e-18 -0.000246363 -8.11971e-05 -0.00209663 1.60418e-17
10.78 0 1.56935e-18 -0.000204992 -8.54141e-05 -0.00174455 1.28076e-17
10.8 0 -2.09407e-18 -0.000153148 -8.89389e-05 -0.00130334 5.33533e-18
10.82 0 6.71343e-18 -9.27133e-05 -9.04361e-05 -0.000789022 6.6341e-18
10.84 0 3.33385e-18 -2.73189e-05 -8.86659e-05 -0.000232494 -1.73097e-17
10.86 0 6.11677e-18 3.95087e-05 -8.40096e-05 0.000336232 7.1396e-19
10.88 0 -2.12976e-18 0.000105606 -7.81804e-05 0.000898742 1.75787e-18
10.9 0 -1.09388e-17 0.000169883 -7.23601e-05 0.00144577 -7.09508e-18
10.92 0 3.59992e-18 0.000231129 -6.57113e-05 0.00196699 -7.54308e-20
10.94 0 2.36503e-18 0.000286872 -5.59322e-05 0.00244138 1.17007e-18
10.96 0 -8.33192e-19 0.000333635 -4.14678e-05 0.00283935 -2.39454e-18
10.98 0 -8.8457e-19 0.000368734 -2.32354e-05 0.00313805 -1.9857e-18
11 0 1.86638e-18 0.000391758 -4.10927e-06 0.003334 -1.08225e-18
11.02 0 -1.93304e-20 0.000403897 1.33316e-05 0.0034373 2.76065e-18
11.04 0 -1.48462e-18 0.000405897 2.85477e-05 0.00345432 -9.57622e-19
11.06 0 -3.67877e-18 0.000396913 4.27341e-05 0.00337787 3.40262e-18
11.08 0 -4.51809e-18 0.000375517 5.69943e-05 0.00319578 -1.32926e-18
11.1 0 6.41723e-18 0.000341428 7.07913e-05 0.00290567 4.05703e-17
11.12 0 -2.83803e-18 0.000295833 8.20077e-05 0.00251764 7.77028e-18
11.14 0 -6.2493e-18 0.000240769 8.84087e-05 0.00204903 -9.80079e-18
11.16 0 -1.52071e-17 0.000178231 8.91317e-05 0.00151681 -9.36732e-18
11.18 0 1.23649e-17 0.000109648 8.50205e-05 0.00093314 4.2837e-18
11.2 0 4.70751e-18 3.64972e-05 7.77373e-05 0.000310604 1.43584e-17
11.22 0 -4.097e-18 -3.85243e-05 6.84925e-05 -0.000327855 4.48189e-18
11.24 0 -6.20146e-18 -0.000111272 5.7426e-05 -0.000946966 1.3008e-18
11.26 0 -2.55368e-18 -0.000177614 4.40589e-05 -0.00151156 -2.04048e-18
11.28 0 -5.1236e-18 -0.000234888 2.82282e-05 -0.00199898 -9.31908e-18
11.3 0 -1.12992e-18 -0.00028175 1.06107e-05 -0.00239779 -1.94534e-17
11.32 0 3.46061e-18 -0.000317336 -7.46888e-06 -0.00270064 -5.97632e-18
11.34 0 -1.34265e-18 -0.000341352 -2.46826e-05 -0.00290502 3.10553e-18
11.36 0 2.32235e-18 -0.000354446 -4.04256e-05 -0.00301646 1.1062e-17
11.38 0 -4.03521e-18 -0.000357616 -5.51407e-05 -0.00304344 -5.30749e-19
11.4 0 4.88549e-19 -0.000350841 -6.97943e-05 -0.00298578 6.58427e-19
11.42 0 -2.0966e-18 -0.000333556 -8.4725e-05 -0.00283868 -6.55099e-19
11.44 0 1.72251e-18 -0.000306258 -9.88625e-05 -0.00260636 1.73844e-18
11.46 0 3.06193e-18 -0.000269687 -0.000110099 -0.00229513 9.73892e-18
11.48 0 -4.26688e-18 -0.000224381 -0.000116436 -0.00190956 1.92163e-20
11.5 0 1.63734e-18 -0.000170887 -0.000116982 -0.00145431 -2.34475e-17
11.52 0 1.90352e-17 -0.000109582 -0.000112382 -0.000932577 1.72964e-17
11.54 0 -1.18102e-17 -4.11117e-05 -0.000104427 -0.000349875 1.09059e-18
11.56 0 -8.77645e-18 3.26458e-05 -9.47361e-05 0.000277827 -1.9035e-17
11.58 0 -1.38818e-17 0.000107819 -8.34645e-05 0.000917579 -3.79989e-17
11.6 0 3.6721e-18 0.000180068 -6.95973e-05 0.00153244 -2.65324e-17
11.62 0 1.69877e-17 0.000246978 -5.26266e-05 0.00210187 1.24163e-17
11.64 0 -4.68274e-18 0.000307993 -3.35112e-05 0.00262113 -4.84109e-19
11.66 0 3.45211e-18 0.000362005 -1.39572e-05 0.00308079 4.77872e-18
11.68 0 1.2013e-18 0.000406269 4.79674e-06 0.00345749 6.00372e-19
11.7 0 -5.78254e-18 0.00043803 2.23879e-05 0.00372779 -1.20821e-17
11.72 0 -5.81616e-19 0.000456499 3.88614e-05 0.00388497 -8.73966e-18
11.74 0 2.85093e-18 0.000463021 5.39594e-05 0.00394047 1.21389e-18
11.76 0 3.26568e-19 0.000459538 6.68736e-05 0.00391083 1.53858e-18
11.78 0 4.59066e-18 0.000446977 7.66756e-05 0.00380393 5.95449e-19
11.8 0 7.49113e-18 0.000424902 8.29101e-05 0.00361606 4.19158e-18
11.82 0 2.84769e-18 0.000391906 8.57348e-05 0.00333525 1.41791e-17
11.84 0 4.02584e-18 0.000347108 8.55706e-05 0.00295401 -6.12779e-19
11.86 0 -1.60386e-18 0.00029148 8.27695e-05 0.0024806 2.04887e-19
11.88 0 1.14073e-19 0.000227492 7.76608e-05 0.00193604 1.6469e-17
11.9 0 -1.3133e-18 0.000157965 7.06915e-05 0.00134433 2.32099e-17
11.92 0 8.53096e-18 8.49092e-05 6.22141e-05 0.000722607 3.45324e-17
11.94 0 -4.45148e-19 9.424e-06 5.20877e-05 8.02015e-05 1.87736e-17
11.96 0 4.50456e-18 -6.73448e-05 3.97628e-05 -0.000573127 2.59306e-17
11.98 0 -1.38344e-17 -0.000142931 2.49647e-05 -0.0012164 -1.33084e-17
12 0 -1.55588e-18 -0.000213347 8.31529e-06 -0.00181566 -1.04747e-17
12.02 0 -6.90937e-19 -0.000274598 -8.67576e-06 -0.00233693 1.20713e-17
12.04 0 -6.87994e-18 -0.000324766 -2.4256e-05 -0.00276387 3.92264e-18
12.06 0 -5.19715e-18 -0.000364414 -3.73461e-05 -0.00310129 -1.53787e-17
12.08 0 1.6674e-19 -0.000394829 -4.8123e-05 -0.00336014 -1.14727e-17
12.1 0 -2.0529e-18 -0.000416183 -5.76552e-05 -0.00354186 -3.4751e-18
12.12 0 -1.7138e-18 -0.000427473 -6.67374e-05 -0.00363795 -7.21717e-19
12.14 0 -2.4587e-18 -0.000427764 -7.49765e-05 -0.00364042 9.20919e-19
12.16 0 -7.0565e-19 -0.000415864 -8.10598e-05 -0.00353915 -8.60302e-18
12.18 0 -5.38913e-18 -0.000392745 -8.40618e-05 -0.0033424 -6.49065e-18
12.2 0 -3.80654e-18 -0.00035924 -8.44625e-05 -0.00305726 -1.15246e-18
12.22 0 6.07763e-18 -0.000314262 -8.36321e-05 -0.00267448 9.91241e-18
12.24 0 9.98972e-18 -0.00025765 -8.25179e-05 -0.00219269 2.82118e-17
12.26 0 -9.49584e-18 -0.00019014 -8.10145e-05 -0.00161816 -2.97879e-18
12.28 0 -3.28683e-18 -0.000113446 -7.83092e-05 -0.000965468 -7.40144e-18
12.3 0 1.01386e-17 -2.96495e-05 -7.3635e-05 -0.000252327 2.89669e-17
12.32 0 -1.71582e-18 5.82241e-05 -6.67285e-05 0.000495507 1.66434e-17
12.34 0 -9.27185e-18 0.000145846 -5.77993e-05 0.0012412 1.25215e-17
12.36 0 9.393e-18 0.000228063 -4.72426e-05 0.00194089 2.69198e-17
12.38 0 -1.10484e-17 0.000300553 -3.54695e-05 0.00255781 5.80395e-18
12.4 0 2.60049e-18 0.000361355 -2.29504e-05 0.00307526 2.38971e-17
12.42 0 1.47114e-18 0.000410743 -1.02296e-05 0.00349557 1.53361e-17
12.44 0 -5.93684e-18 0.000449404 2.18492e-06 0.00382458 9.64116e-18
12.46 0 -9.52412e-18 0.00047687 1.38463e-05 0.00405833 -1.30761e-17
12.48 0 5.95524e-18 0.000491907 2.41583e-05 0.0041863 4.88206e-18
12.5 0 -1.14222e-18 0.000494242 3.22552e-05 0.00420617 1.32483e-18
12.52 0 7.19008e-19 0.000485065 3.73489e-05 0.00412808 -1.64472e-18
12.54 0 5.85512e-18 0.000466483 3.93836e-05 0.00396994 7.63219e-19
12.56 0 -2.89242e-18 0.000439719 3.93512e-05 0.00374217 4.02883e-18
12.58 0 6.77864e-19 0.000403506 3.87549e-05 0.00343398 -1.10066e-18
12.6 0 1.66906e-18 0.00035605 3.86264e-05 0.00303011 4.70643e-18
12.62 0 1.37286e-17 0.000297112 3.90787e-05 0.00252852 1.93723e-17
12.64 0 1.25463e-18 0.000228413 3.97131e-05 0.00194387 4.5763e-18
12.66 0 -4.84418e-18 0.000153147 4.02198e-05 0.00130334 1.53304e-17
12.68 0 -2.6075e-19 7.46727e-05 4.04023e-05 0.00063549 1.96782e-18
12.7 0 1.10389e-17 -4.4762e-06 3.96682e-05 -3.8094e-05 6.86333e-18
12.72 0 -4.4601e-18 -8.24688e-05 3.68207e-05 -0.000701838 -1.32479e-18
12.74 0 -5.34513e-18 -0.000157179 3.06525e-05 -0.00133765 7.62282e-18
12.76 0 2.42805e-18 -0.000225562 2.07861e-05 -0.00191961 7.65719e-18
12.78 0 -5.78916e-18 -0.000283776 7.83562e-06 -0.00241503 -6.77696e-18
12.8 0 -7.11081e-18 -0.000327743 -7.18553e-06 -0.00278921 -1.32373e-17
12.82 0 3.25994e-18 -0.000354366 -2.33607e-05 -0.00301578 -2.92989e-18
12.84 0 6.32117e-18 -0.000363079 -3.97851e-05 -0.00308993 8.56562e-18
12.86 0 -2.6788e-18 -0.000355558 -5.52941e-05 -0.00302593 -2.26857e-18
12.88 0 -6.65512e-19 -0.000334373 -6.84919e-05 -0.00284563 -2.22703e-18
12.9 0 5.45813e-19 -0.000301941 -7.8278e-05 -0.00256962 -1.23645e-19
12.92 0 -2.35634e-18 -0.000257909 -8.44114e-05 -0.0021949 3.10372e-19
12.94 0 -2.11407e-19 -0.000201131 -8.71686e-05 -0.00171169 1.38861e-18
12.96 0 -1.8666e-18 -0.000133244 -8.67055e-05 -0.00113395 -5.79693e-18
12.98 0 3.00361e-18 -5.83393e-05 -8.33392e-05 -0.000496487 -1.8942e-18
13 0 -3.26412e-18 1.86896e-05 -7.81358e-05 0.000159055 -7.10323e-18
13.02 0 1.42852e-18 9.44615e-05 -7.24736e-05 0.0008039 6.12535e-18
13.04 0 1.90127e-19 0.000167685 -6.67443e-05 0.00142705 5.8804e-18
13.06 0 -2.98798e-18 0.000237862 -5.97855e-05 0.00202429 -7.48081e-18
13.08 0 7.39678e-19 0.000303215 -4.98988e-05 0.00258046 -1.15198e-17
13.1 0 2.70016e-18 0.00036043 -3.65516e-05 0.00306738 -2.25124e-18
13.12 0 6.40584e-18 0.000406667 -2.10363e-05 0.00346088 1.2119e-17
13.14 0 -2.57358e-18 0.000441366 -5.34512e-06 0.00375618 -4.49828e-18
13.16 0 3.15613e-18 0.000465726 9.53294e-06 0.00396349 -5.38952e-18
13.18 0 -1.46963e-18 0.000480949 2.40156e-05 0.00409305 -5.32369e-18
13.2 0 -1.30778e-18 0.000487371 3.86762e-05 0.0041477 -4.96457e-18
13.22 0 4.18447e-19 0.000484556 5.28006e-05 0.00412374 -1.89124e-18
13.24 0 1.74552e-18 0.00047145 6.4326e-05 0.0040122 -1.76565e-18
13.26 0 -3.74576e-18 0.000447217 7.12968e-05 0.00380597 -4.96257e-18
13.28 0 6.10136e-19 0.000411203 7.34508e-05 0.00349948 -3.96452e-18
13.3 0 1.35644e-19 0.000363003 7.24208e-05 0.00308928 4.02361e-18
13.32 0 -8.7234e-19 0.000302846 7.04709e-05 0.00257733 1.20596e-17
13.34 0 -5.0617e-18 0.000231383 6.88715e-05 0.00196915 3.15246e-18
13.36 0 1.16279e-19 0.000150179 6.70131e-05 0.00127807 2.64121e-18
13.38 0 -2.9308e-18 6.21985e-05 6.28828e-05 0.000529331 -7.02308e-18
13.4 0 7.35316e-19 -2.80588e-05 5.4658e-05 -0.00023879 -2.91513e-18
13.42 0 6.4398e-18 -0.000115227 4.22363e-05 -0.000980618 2.39283e-17
13.44 0 -1.31917e-17 -0.000194126 2.73903e-05 -0.00165208 8.88847e-18
13.46 0 -3.76831e-19 -0.000260712 1.23164e-05 -0.00221875 1.00974e-17
13.48 0 1.00004e-17 -0.000312614 -2.22202e-06 -0.00266045 -1.21439e-18
13.5 0 1.29953e-17 -0.000349097 -1.74438e-05 -0.00297094 2.76016e-17
13.52 0 1.03265e-17 -0.000370284 -3.50867e-05 -0.00315125 3.29547e-17
13.54 0 -8.43935e-18 -0.000376303 -5.51107e-05 -0.00320247 1.81855e-18
13.56 0 -3.68328e-18 -0.000366804 -7.48002e-05 -0.00312163 -1.25159e-17
13.58 0 -2.95557e-18 -0.000342867 -9.03669e-05 -0.00291791 -1.37127e-17
13.6 0 1.08832e-18 -0.000308836 -9.97514e-05 -0.00262831 3.89162e-18
13.62 0 -2.95995e-19 -0.000268129 -0.000104061 -0.00228187 5.45038e-20
13.64 0 -2.68123e-20 -0.000220869 -0.000106119 -0.00187967 -3.35579e-18
13.66 0 6.5976e-20 -0.00016519 -0.000107457 -0.00140582 3.48677e-18
13.68 0 3.76695e-18 -9.94071e-05 -0.000106901 -0.000845989 -8.10562e-19
13.7 0 1.61347e-18 -2.5151e-05 -0.000102129 -0.000214044 7.16266e-18
13.72 0 -9.21273e-20 5.22909e-05 -9.24931e-05 0.000445014 5.39209e-18
13.74 0 -3.77222e-18 0.000126758 -8.01455e-05 0.00107876 -7.41414e-18
13.76 0 -4.47096e-19 0.000195258 -6.82116e-05 0.00166171 -1.76984e-17
13.78 0 -4.4229e-18 0.000258903 -5.78234e-05 0.00220335 -4.95898e-18
13.8 0 1.28305e-17 0.000319933 -4.71278e-05 0.00272274 1.00814e-17
13.82 0 -1.69536e-17 0.000378238 -3.33299e-05 0.00321894 -6.56596e-17
13.84 0 1.17218e-17 0.000430982 -1.5696e-05 0.00366781 -6.44446e-18
13.86 0 3.81557e-18 0.00047502 3.40259e-06 0.00404259 3.17415e-18
13.88 0 -1.80567e-17 0.000509244 2.02078e-05 0.00433384 -1.85642e-17
13.9 0 -2.26786e-17 0.000534712 3.22759e-05 0.00455058 -3.06131e-17
13.92 0 3.22851e-18 0.000552813 3.98228e-05 0.00470463 -3.72038e-17
13.94 0 4.17376e-18 0.000563351 4.48433e-05 0.00479432 9.6079e-18
13.96 0 -1.52074e-17 0.00056419 4.90262e-05 0.00480145 -1.99281e-17
13.98 0 7.22392e-18 0.000551249 5.23639e-05 0.00469132 -4.84593e-18
14 0 -1.94393e-18 0.000522578 5.36066e-05 0.00444732 -7.40316e-18
14.02 0 1.31246e-18 0.000479506 5.17451e-05 0.00408076 -3.46025e-18
14.04 0 2.78315e-18 0.000425143 4.68742e-05 0.00361812 3.93264e-18
14.06 0 1.86929e-18 0.000363602 4.00806e-05 0.00309438 1.82472e-17
14.08 0 2.68189e-19 0.000297497 3.29662e-05 0.00253181 8.62117e-18
14.1 0 -1.55714e-17 0.000227558 2.70778e-05 0.0019366 -2.8287e-17
14.12 0 1.2673e-17 0.000153263 2.31427e-05 0.00130432 -8.45935e-18
14.14 0 8.95679e-18 7.50102e-05 2.04908e-05 0.000638363 2.03702e-18
14.16 0 -2.69245e-17 -4.16666e-06 1.74887e-05 -3.54597e-05 -1.0963e-17
14.18 0 1.75293e-17 -7.87438e-05 1.28535e-05 -0.000670138 3.04746e-17
14.2 0 7.76593e-18 -0.000142802 6.65621e-06 -0.0012153 1.47626e-17
14.22 0 -2.83658e-17 -0.000192491 4.05356e-08 -0.00163817 -1.81993e-17
14.24 0 -2.90825e-17 -0.000227254 -6.27451e-06 -0.00193401 -4.08759e-17
14.26 0 1.40331e-18 -0.000249137 -1.33029e-05 -0.00212025 2.11471e-17
14.28 0 -1.81789e-17 -0.000261068 -2.3109e-05 -0.00222178 -1.10996e-17
14.3 0 3.02648e-18 -0.000265251 -3.62053e-05 -0.00225738 -1.69879e-17
14.32 0 8.55852e-18 -0.000261745 -4.9744e-05 -0.00222754 -1.84645e-17
14.34 0 8.19922e-18 -0.000248258 -5.9054e-05 -0.00211276 -2.1938e-19
14.36 0 6.89716e-19 -0.000222698 -6.13166e-05 -0.00189523 6.00124e-18
14.38 0 -7.99113e-19 -0.000185388 -5.76946e-05 -0.00157771 3.81265e-18
14.4 0 -1.79718e-18 -0.000139 -5.22612e-05 -0.00118294 -2.60073e-18
14.42 0 -5.64141e-18 -8.62125e-05 -4.90494e-05 -0.000733699 -1.22509e-17
14.44 0 -2.24148e-18 -2.75573e-05 -4.94466e-05 -0.000234522 -1.06499e-17
14.46 0 1.35268e-17 3.764e-05 -5.15797e-05 0.00032033 9.88747e-18
14.48 0 -1.01005e-17 0.000108597 -5.203e-05 0.000924195 -6.28502e-18
14.5 0 3.97333e-18 0.000181134 -4.85028e-05 0.00154152 4.2641e-18
14.52 0 -2.57891e-17 0.000248814 -4.12769e-05 0.0021175 -6.41617e-17
14.54 0 -8.95187e-18 0.000306292 -3.25425e-05 0.00260665 -1.43342e-17
14.56 0 -6.13992e-18 0.000351656 -2.45026e-05 0.00299271 -6.23002e-18
14.58 0 2.72906e-17 0.000385803 -1.77089e-05 0.00328332 1.20123e-17
14.6 0 -4.40669e-18 0.000410254 -1.08549e-05 0.0034914 6.94881e-18
14.62 0 -1.07457e-17 0.000425677 -2.45517e-06 0.00362266 -2.23365e-17
14.64 0 -3.48078e-18 0.000431666 7.02744e-06 0.00367363 -1.19774e-17
14.66 0 8.41963e-18 0.000427007 1.50814e-05 0.00363397 6.5836e-18
14.68 0 -7.40485e-18 0.000410211 1.95466e-05 0.00349104 -4.25549e-18
14.7 0 1.7694e-18 0.000380622 2.08571e-05 0.00323922 8.15275e-18
14.72 0 -1.76626e-18 0.000339179 2.15899e-05 0.00288653 3.74162e-18
14.74 0 3.88713e-19 0.000288965 2.41418e-05 0.00245919 2.33523e-18
14.76 0 3.19058e-19 0.000234267 2.90641e-05 0.00199369 -5.3781e-19
14.78 0 -8.66423e-18 0.000177796 3.50112e-05 0.00151311 -1.01389e-17
14.8 0 9.19936e-18 0.000119272 3.96639e-05 0.00101505 1.12755e-17
14.82 0 -7.6624e-18 5.74026e-05 4.09402e-05 0.000488516 -1.96237e-19
14.84 0 2.37093e-17 -6.37628e-06 3.79524e-05 -5.42644e-05 5.65558e-17
14.86 0 9.82205e-18 -6.68565e-05 3.13089e-05 -0.000568972 8.19934e-17
14.88 0 -2.75866e-17 -0.000118101 2.27843e-05 -0.00100508 -3.78754e-17
14.9 0 1.82034e-17 -0.000157536 1.44169e-05 -0.00134068 -3.05467e-19
14.92 0 -2.3482e-17 -0.000187124 7.05552e-06 -0.00159249 -7.04692e-17
14.94 0 1.86891e-17 -0.000210416 -6.37416e-07 -0.00179071 4.56369e-17
14.96 0 -1.41644e-17 -0.00022808 -1.11723e-05 -0.00194104 -4.3856e-18
14.98 0 -1.98471e-18 -0.000236718 -2.54082e-05 -0.00201456 2.68537e-17
15 0 1.48849e-17 -0.000232433 -4.0615e-05 -0.00197809 4.49187e-17
15.02 0 -4.98311e-18 -0.000214826 -5.18667e-05 -0.00182825 3.82695e-18
15.04 0 -6.39569e-19 -0.000186874 -5.59225e-05 -0.00159036 3.35045e-18
15.06 0 -3.22223e-18 -0.000150558 -5.41277e-05 -0.0012813 -4.31857e-18
15.08 0 6.94434e-18 -0.000105372 -5.15084e-05 -0.000896748 5.48396e-19
15.1 0 -2.48212e-18 -5.13975e-05 -5.26188e-05 -0.000437411 -1.26511e-17
15.12 0 6.72974e-18 8.6423e-06 -5.78971e-05 7.3549e-05 3.67269e-18
15.14 0 -1.71439e-17 7.07516e-05 -6.38856e-05 0.00060212 -2.02209e-17
15.16 0 -1.19766e-17 0.000132611 -6.6694e-05 0.00112857 1.15331e-18
15.18 0 1.6706e-17 0.000193966 -6.49588e-05 0.00165072 5.63276e-17
15.2 0 -1.34835e-17 0.000254182 -5.98318e-05 0.00216318 1.26811e-17
15.22 0 -2.43126e-17 0.000310231 -5.30298e-05 0.00264017 3.46421e-18
15.24 0 1.34038e-18 0.000357972 -4.52347e-05 0.00304647 2.62239e-17
15.26 0 6.49124e-18 0.000395238 -3.60305e-05 0.00336361 3.17798e-17
15.28 0 -1.4298e-17 0.000422809 -2.49426e-05 0.00359825 -6.916e-18
15.3 0 5.49176e-18 0.000442291 -1.22999e-05 0.00376405 1.06291e-17
15.32 0 1.07014e-17 0.000453762 9.1285e-07 0.00386167 5.38437e-18
15.34 0 -2.83331e-18 0.00045559 1.37073e-05 0.00387723 -2.43556e-18
15.36 0 5.92614e-19 0.000445698 2.52328e-05 0.00379304 3.54432e-19
15.38 0 2.93342e-18 0.000423373 3.4681e-05 0.00360305 -3.74685e-18
15.4 0 -3.98444e-18 0.000390025 4.18199e-05 0.00331925 -1.45942e-17
15.42 0 2.11659e-18 0.00034791 4.75431e-05 0.00296083 -7.56651e-18
15.44 0 6.99956e-18 0.000299222 5.30672e-05 0.00254648 -6.88934e-18
15.46 0 3.20839e-18 0.000245846 5.82864e-05 0.00209223 -7.65931e-19
15.48 0 -1.62596e-17 0.000189181 6.12765e-05 0.00160999 -1.32523e-17
15.5 0 -1.23302e-17 0.000129967 5.9715e-05 0.00110606 1.90275e-17
15.52 0 -1.61164e-17 6.82836e-05 5.29035e-05 0.000581117 2.45733e-17
15.54 0 9.17059e-18 4.74267e-06 4.26108e-05 4.03618e-05 -1.57629e-18
15.56 0 -3.08119e-17 -5.78851e-05 3.20719e-05 -0.000492622 -1.70448e-17
15.58 0 -1.03688e-17 -0.000114728 2.37262e-05 -0.000976375 -2.51804e-17
15.6 0 -1.1291e-18 -0.000161339 1.77044e-05 -0.00137306 -2.26044e-17
15.62 0 1.6185e-17 -0.000196258 1.21124e-05 -0.00167023 7.25257e-18
15.64 0 -5.04778e-18 -0.000220923 4.79503e-06 -0.00188014 1.37034e-18
15.66 0 1.05094e-18 -0.000237401 -4.81119e-06 -0.00202036 -6.77634e-18
15.68 0 -3.52093e-18 -0.000246476 -1.54525e-05 -0.0020976 -5.29134e-18
15.7 0 3.8927e-18 -0.000247449 -2.54633e-05 -0.00210588 2.92239e-18
15.72 0 7.28688e-21 -0.000238932 -3.43132e-05 -0.0020334 2.41267e-18
15.74 0 -2.37121e-18 -0.000220665 -4.26582e-05 -0.00187794 5.54062e-18
15.76 0 -1.52369e-17 -0.000194118 -5.11656e-05 -0.00165202 -7.82886e-18
15.78 0 6.95606e-18 -0.000161374 -5.9468e-05 -0.00137335 -9.67088e-18
15.8 0 8.74006e-18 -0.000123532 -6.60585e-05 -0.0010513 -8.28385e-18
15.82 0 1.9999e-17 -8.01588e-05 -6.91396e-05 -0.000682179 1.12559e-17
15.84 0 9.05008e-18 -3.09459e-05 -6.7963e-05 -0.00026336 4.67224e-17
15.86 0 -1.20908e-17 2.29655e-05 -6.35841e-05 0.000195445 -1.29793e-17
15.88 0 -5.12433e-18 7.91026e-05 -5.81152e-05 0.000673191 -1.05892e-17
15.9 0 -3.7051e-18 0.000134365 -5.29714e-05 0.0011435 -4.05856e-18
15.92 0 -9.46128e-18 0.000185734 -4.7844e-05 0.00158066 -1.15964e-17
15.94 0 -1.50545e-18 0.000231258 -4.13015e-05 0.00196808 -2.54153e-17
15.96 0 5.1887e-18 0.000270503 -3.23915e-05 0.00230208 -1.08051e-18
15.98 0 -4.73923e-18 0.000303732 -2.17851e-05 0.00258486 -1.1506e-17
16 0 1.66118e-18 0.000330889 -1.13591e-05 0.00281598 -4.65547e-18
16.02 0 1.78293e-18 0.000351522 -2.51659e-06 0.00299157 -2.17331e-18
16.04 0 -5.22028e-19 0.000364999 5.21865e-06 0.00310627 1.03891e-18
16.06 0 -3.03097e-18 0.000370484 1.37051e-05 0.00315295 4.99298e-18
16.08 0 8.32245e-20 0.000367093 2.40073e-05 0.00312409 -1.20932e-17
16.1 0 4.60897e-18 0.000354284 3.47543e-05 0.00301508 -4.4995e-18
16.12 0 1.37706e-17 0.000331965 4.29071e-05 0.00282513 3.6716e-17
16.14 0 -1.68443e-17 0.00030039 4.62411e-05 0.00255643 2.66026e-19
16.16 0 -4.12819e-18 0.000260674 4.51029e-05 0.00221842 -4.3269e-18
16.18 0 -6.76974e-18 0.000214894 4.19131e-05 0.00182882 -9.7136e-18
16.2 0 -9.8212e-18 0.000165006 3.89968e-05 0.00140425 -1.25545e-17
16.22 0 -7.1332e-18 0.000112186 3.66387e-05 0.000954743 -2.31073e-17
16.24 0 1.83324e-18 5.75552e-05 3.30763e-05 0.000489814 -2.51934e-17
16.26 0 1.36917e-18 3.237e-06 2.64347e-05 2.7548e-05 -7.04161e-18
16.28 0 6.2809e-19 -4.75455e-05 1.66906e-05 -0.000404629 2.8223e-18
16.3 0 1.10151e-19 -9.12554e-05 5.78416e-06 -0.000776615 -3.94621e-18
16.32 0 -6.63131e-20 -0.000125353 -4.11879e-06 -0.0010668 -2.81091e-18
16.34 0 -1.2836e-18 -0.000149576 -1.25091e-05 -0.00127294 2.14455e-18
16.36 0 -2.11397e-18 -0.00016572 -2.08961e-05 -0.00141033 -5.19078e-18
16.38 0 -8.12846e-18 -0.000175417 -3.13797e-05 -0.00149286 -8.97144e-18
16.4 0 2.72351e-18 -0.000178229 -4.45861e-05 -0.00151679 1.61466e-18
16.42 0 5.8859e-18 -0.000172339 -5.86643e-05 -0.00146667 1.04951e-17
16.44 0 -1.25686e-18 -0.000156941 -7.03095e-05 -0.00133563 -2.44061e-18
16.46 0 8.30956e-18 -0.000133449 -7.71192e-05 -0.00113569 2.71285e-19
16.48 0 1.21932e-18 -0.000104257 -7.9267e-05 -0.000887265 1.67061e-17
16.5 0 -3.53806e-18 -7.10203e-05 -7.89851e-05 -0.000604407 6.83564e-18
16.52 0 -2.85663e-18 -3.39922e-05 -7.83463e-05 -0.000289286 -2.0751e-17
16.54 0 -6.87419e-18 7.20968e-06 -7.73508e-05 6.13569e-05 -1.51462e-17
16.56 0 -2.93162e-18 5.20313e-05 -7.3967e-05 0.000442805 -3.55771e-17
16.58 0 6.92841e-18 9.84157e-05 -6.60963e-05 0.000837552 -1.36575e-17
16.6 0 9.04914e-19 0.000143998 -5.36735e-05 0.00122548 -6.15928e-18
16.62 0 -1.73611e-18 0.000187553 -3.8877e-05 0.00159614 -7.41671e-18
16.64 0 8.24453e-20 0.000228679 -2.43558e-05 0.00194614 2.54039e-19
16.66 0 -7.19426e-19 0.000266304 -1.13789e-05 0.00226634 6.67926e-18
16.68 0 1.6608e-19 0.00029834 4.36962e-07 0.00253898 -1.53355e-18
16.7 0 3.9396e-18 0.000323023 1.19939e-05 0.00274904 5.6844e-18
16.72 0 1.40653e-18 0.000340009 2.34831e-05 0.0028936 2.56668e-18
16.74 0 -6.4382e-18 0.000349706 3.41568e-05 0.00297612 -1.09902e-17
16.76 0 2.94201e-18 0.000351639 4.3077e-05 0.00299257 2.70157e-17
16.78 0 -8.95992e-18 0.000344004 4.98058e-05 0.0029276 -7.59397e-18
16.8 0 -3.0344e-18 0.000325502 5.43509e-05 0.00277014 8.04656e-19
16.82 0 1.58613e-18 0.000297594 5.67964e-05 0.00253263 3.45915e-17
16.84 0 -2.38514e-18 0.000263941 5.72068e-05 0.00224623 1.35312e-17
16.86 0 -5.8233e-19 0.000227204 5.57e-05 0.00193359 1.04936e-17
16.88 0 -1.16341e-18 0.000187063 5.23333e-05 0.00159197 6.70939e-18
16.9 0 9.72439e-18 0.000142179 4.68776e-05 0.00120999 2.93011e-17
16.92 0 -6.60193e-18 9.3707e-05 3.88898e-05 0.000797479 9.72617e-19
16.94 0 4.34005e-18 4.58417e-05 2.82374e-05 0.000390129 1.26404e-17
16.96 0 -1.17616e-18 2.81828e-06 1.55824e-05 2.39846e-05 5.94663e-18
16.98 0 -1.60937e-18 -3.41135e-05 2.11137e-06 -0.000290318 5.02665e-18
17 0 -7.47368e-19 -6.64147e-05 -1.14165e-05 -0.000565212 2.33181e-18
17.02 0 -8.76753e-19 -9.51845e-05 -2.52296e-05 -0.000810053 -3.33662e-18
17.04 0 5.54285e-18 -0.000118991 -3.98813e-05 -0.00101266 1.94094e-18
17.06 0 2.41026e-18 -0.000135206 -5.49964e-05 -0.00115065 9.76941e-18
17.08 0 5.72628e-18 -0.000143081 -6.88797e-05 -0.00121767 1.49526e-17
17.1 0 -1.81797e-18 -0.000144692 -7.9501e-05 -0.00123138 2.69968e-17
17.12 0 -4.39173e-19 -0.000142647 -8.58514e-05 -0.00121398 1.62322e-17
17.14 0 -4.9217e-18 -0.0001374 -8.8301e-05 -0.00116933 1.49378e-17
17.16 0 1.38893e-18 -0.000127249 -8.76766e-05 -0.00108294 -1.39593e-17
17.18 0 2.39223e-19 -0.000110628 -8.41706e-05 -0.000941486 5.59215e-18
17.2 0 5.10819e-18 -8.78307e-05 -7.73508e-05 -0.00074747 2.31047e-17
17.22 0 -1.16854e-17 -6.05128e-05 -6.71718e-05 -0.000514985 8.75561e-18
17.24 0 3.45002e-18 -3.01603e-05 -5.47178e-05 -0.000256674 1.0691e-17
17.26 0 -6.22434e-18 2.72705e-06 -4.17552e-05 2.32082e-05 -6.20912e-18
17.28 0 2.31456e-18 3.82875e-05 -2.94962e-05 0.00032584 1.92086e-18
17.3 0 -1.88373e-18 7.62815e-05 -1.78729e-05 0.000649182 8.76862e-19
17.32 0 1.93881e-18 0.000115299 -6.15983e-06 0.000981238 -3.35154e-18
17.34 0 1.11288e-19 0.000152995 5.69994e-06 0.00130204 -4.80956e-18
17.36 0 6.55215e-18 0.000187259 1.65909e-05 0.00159364 4.09264e-18
17.38 0 -3.73676e-18 0.0002172 2.51726e-05 0.00184845 2.48187e-18
17.4 0 7.09833e-18 0.000242895 3.12721e-05 0.00206712 8.20227e-18
17.42 0 6.6023e-18 0.000264129 3.61661e-05 0.00224783 2.36535e-17
17.44 0 -4.12073e-20 0.000279525 4.12953e-05 0.00237886 -1.74045e-18
17.46 0 4.75825e-19 0.000287248 4.66478e-05 0.00244458 1.25575e-17
17.48 0 -1.37646e-18 0.000286663 5.05243e-05 0.0024396 1.42816e-18
17.5 0 -9.35595e-19 0.000278943 5.09947e-05 0.0023739 1.16523e-17
17.52 0 4.83885e-18 0.000265764 4.76011e-05 0.00226174 1.51021e-17
17.54 0 1.77109e-18 0.000247558 4.15905e-05 0.0021068 1.29122e-17
17.56 0 1.49868e-18 0.000223474 3.44475e-05 0.00190184 1.22372e-17
17.58 0 2.03515e-18 0.000193095 2.63134e-05 0.0016433 -1.16242e-18
17.6 0 2.76384e-18 0.000157806 1.60686e-05 0.00134299 1.1811e-17
17.62 0 1.6081e-18 0.000120359 2.99086e-06 0.0010243 9.88358e-18
17.64 0 -1.00673e-18 8.32334e-05 -1.19022e-05 0.000708345 2.51573e-18
17.66 0 4.15664e-19 4.7574e-05 -2.62911e-05 0.000404871 2.93507e-18
17.68 0 6.62017e-18 1.35349e-05 -3.82793e-05 0.000115187 1.17913e-17
17.7 0 -6.22665e-18 -1.86187e-05 -4.76601e-05 -0.000158452 1.03203e-18
17.72 0 -6.09858e-18 -4.78463e-05 -5.55568e-05 -0.000407188 -8.13924e-18
17.74 0 9.40609e-18 -7.26061e-05 -6.29103e-05 -0.000617903 -1.33664e-18
17.76 0 -4.43855e-18 -9.15332e-05 -6.93363e-05 -0.00077898 -2.59903e-18
17.78 0 2.38951e-18 -0.00010382 -7.33659e-05 -0.000883541 5.95017e-18
17.8 0 6.78392e-19 -0.000109274 -7.37055e-05 -0.000929957 -5.07953e-19
17.82 0 2.6463e-18 -0.000108239 -7.03442e-05 -0.00092115 2.35767e-17
17.84 0 -1.95777e-17 -0.000101191 -6.46228e-05 -0.000861174 -9.83541e-18
17.86 0 -1.17161e-18 -8.81714e-05 -5.82913e-05 -0.00075037 7.56416e-18
17.88 0 -1.61462e-18 -6.87482e-05 -5.23828e-05 -0.000585071 1.3066e-18
17.9 0 1.13083e-17 -4.28832e-05 -4.67434e-05 -0.000364951 2.07096e-17
17.92 0 -2.49737e-18 -1.18019e-05 -4.04863e-05 -0.000100438 1.02692e-17
17.94 0 1.99451e-18 2.22824e-05 -3.29149e-05 0.000189631 5.43891e-18
17.96 0 -2.94395e-19 5.73223e-05 -2.40996e-05 0.000487832 1.54676e-19
17.98 0 1.43662e-18 9.22014e-05 -1.46879e-05 0.000784666 -6.59088e-18
18 0 1.86571e-20 0.000126456 -5.27009e-06 0.00107618 -1.37832e-18
18.02 0 -2.64755e-18 0.000159528 4.03597e-06 0.00135764 -1.42036e-17
18.04 0 4.75707e-18 0.000190401 1.34905e-05 0.00162038 1.12715e-17
18.06 0 -5.14162e-18 0.000217899 2.32828e-05 0.0018544 1.85886e-17
18.08 0 -7.40633e-18 0.000241213 3.3082e-05 0.00205281 3.1836e-17
18.1 0 8.07721e-18 0.000259941 4.19717e-05 0.00221219 3.977e-17
18.12 0 -1.82691e-17 0.000273542 4.88781e-05 0.00232794 -5.35039e-18
18.14 0 7.20414e-18 0.0002811 5.31225e-05 0.00239226 -2.16883e-17
18.16 0 -3.44729e-18 0.000281896 5.46315e-05 0.00239903 9.69379e-18
18.18 0 -2.06603e-18 0.000276001 5.37423e-05 0.00234886 4.21711e-19
18.2 0 -1.87008e-17 0.000263946 5.09112e-05 0.00224627 -1.90255e-17
18.22 0 1.19411e-17 0.0002459 4.64545e-05 0.0020927 1.15384e-17
18.24 0 -1.01797e-17 0.000221555 4.03603e-05 0.00188551 5.8714e-18
18.26 0 2.68265e-18 0.000190972 3.23785e-05 0.00162524 1.63302e-17
18.28 0 -1.14966e-18 0.000155336 2.24633e-05 0.00132197 4.12724e-18
18.3 0 1.66801e-19 0.000116649 1.12076e-05 0.000992722 9.65835e-19
18.32 0 1.47108e-18 7.67266e-05 -2.50218e-07 0.00065297 -5.05038e-18
18.34 0 -1.62453e-19 3.65952e-05 -1.08685e-05 0.000311438 -3.7654e-18
18.36 0 3.80418e-19 -3.0895e-06 -2.03485e-05 -2.62927e-05 -9.25233e-18
18.38 0 -3.77619e-18 -4.11417e-05 -2.91601e-05 -0.00035013 -7.43224e-18
18.4 0 -6.35119e-18 -7.55835e-05 -3.78888e-05 -0.000643242 2.95435e-18
18.42 0 1.72076e-17 -0.000104404 -4.65209e-05 -0.000888517 2.67064e-17
18.44 0 1.2616e-18 -0.00012646 -5.43505e-05 -0.00107622 -1.38428e-17
18.46 0 -4.15933e-18 -0.000141458 -6.05657e-05 -0.00120386 1.86047e-17
18.48 0 1.51259e-17 -0.000149185 -6.49252e-05 -0.00126961 5.11289e-18
18.5 0 -7.93702e-18 -0.000149119 -6.79078e-05 -0.00126905 -1.11799e-17
18.52 0 -5.9523e-18 -0.000140915 -7.02478e-05 -0.00119923 -1.04123e-17
18.54 0 -1.41122e-17 -0.000125084 -7.22818e-05 -0.00106451 -2.66608e-17
18.56 0 -1.13673e-17 -0.000102899 -7.37451e-05 -0.00087571 -3.33497e-17
18.58 0 1.37944e-17 -7.55705e-05 -7.40503e-05 -0.000643131 1.72835e-17
18.6 0 -3.94981e-18 -4.37908e-05 -7.26131e-05 -0.000372675 -2.45084e-18
18.62 0 1.82274e-18 -8.08577e-06 -6.89203e-05 -6.88127e-05 -2.88153e-19
18.64 0 1.05612e-18 3.0574e-05 -6.24832e-05 0.000260196 6.4305e-18
18.66 0 -2.17204e-18 7.05991e-05 -5.30168e-05 0.000600823 8.32668e-19
18.68 0 1.08716e-18 0.00011023 -4.07493e-05 0.000938094 -7.10444e-18
18.7 0 6.72872e-18 0.000148101 -2.65277e-05 0.00126039 4.78471e-18
18.72 0 9.34767e-18 0.000183368 -1.152e-05 0.00156052 1.99728e-17
18.74 0 1.11815e-17 0.000215281 3.24595e-06 0.00183212 1.97408e-17
18.76 0 -4.29888e-18 0.000242709 1.70991e-05 0.00206553 3.22972e-17
18.78 0 8.01634e-18 0.000264232 2.95602e-05 0.0022487 6.17384e-18
18.8 0 5.44833e-19 0.000278806 4.00897e-05 0.00237274 -1.1539e-18
18.82 0 -1.10789e-17 0.000286304 4.81135e-05 0.00243654 -1.53179e-17
18.84 0 -1.08622e-17 0.000287345 5.33417e-05 0.0024454 -2.48482e-17
18.86 0 4.62371e-18 0.000282584 5.6008e-05 0.00240489 -1.5463e-18
18.88 0 -2.14245e-18 0.000272186 5.6718e-05 0.0023164 -3.41923e-18
18.9 0 5.33889e-18 0.000255954 5.60109e-05 0.00217826 2.6277e-17
18.92 0 -6.14525e-19 0.000233885 5.39586e-05 0.00199044 1.76933e-17
18.94 0 -4.19815e-18 0.000206579 5.01056e-05 0.00175806 -7.88343e-18
18.96 0 1.39497e-18 0.000175179 4.38328e-05 0.00149083 -1.86399e-18
18.98 0 -6.77544e-20 0.000140971 3.49098e-05 0.00119971 -1.18587e-18
19 0 -2.7618e-18 0.000105125 2.37871e-05 0.000894653 -6.11483e-19
19.02 0 -4.88269e-18 6.87748e-05 1.13322e-05 0.000585297 -3.85287e-18
19.04 0 -1.18306e-18 3.31913e-05 -1.75802e-06 0.00028247 7.1345e-18
19.06 0 3.55786e-19 -3.03759e-07 -1.53228e-05 -2.5851e-06 3.98112e-19
19.08 0 -2.83152e-18 -3.06129e-05 -2.95319e-05 -0.000260527 2.51743e-18
19.1 0 -1.5699e-17 -5.69765e-05 -4.42698e-05 -0.00048489 -7.67339e-18
19.12 0 1.59294e-18 -7.88026e-05 -5.86632e-05 -0.000670638 -1.30103e-17
19.14 0 6.15379e-18 -9.54575e-05 -7.12364e-05 -0.000812377 1.32892e-17
19.16 0 8.14178e-18 -0.000106301 -8.06457e-05 -0.000904659 1.87778e-17
19.18 0 -1.48283e-17 -0.000110947 -8.63791e-05 -0.000944198 3.27945e-19
19.2 0 7.57544e-18 -0.000109441 -8.87851e-05 -0.000931377 -1.06071e-17
19.22 0 1.19592e-18 -0.000102141 -8.84579e-05 -0.000869252 -8.44999e-18
19.24 0 -6.72749e-18 -8.95141e-05 -8.56454e-05 -0.000761796 -7.31689e-18
19.26 0 -9.80268e-19 -7.2064e-05 -8.01826e-05 -0.00061329 2.92291e-18
19.28 0 1.66975e-18 -5.04672e-05 -7.18851e-05 -0.000429493 7.05419e-18
19.3 0 -6.54785e-19 -2.56977e-05 -6.09847e-05 -0.000218697 2.24362e-18
19.32 0 1.4189e-18 1.10711e-06 -4.8213e-05 9.42187e-06 -1.3422e-18
19.34 0 -2.94231e-18 2.88891e-05 -3.44576e-05 0.000245857 -1.09505e-17
19.36 0 -1.10531e-18 5.68217e-05 -2.03298e-05 0.000483572 -1.14985e-17
19.38 0 5.14315e-18 8.43249e-05 -6.09219e-06 0.000717635 7.17114e-18
19.4 0 -8.61765e-18 0.000111029 8.02037e-06 0.000944896 1.20232e-17
19.42 0 -1.17531e-17 0.000136659 2.14888e-05 0.00116302 1.18224e-17
19.44 0 -1.81576e-17 0.000160777 3.35319e-05 0.00136827 -1.87048e-17
19.46 0 3.02081e-18 0.000182551 4.33718e-05 0.00155357 -1.44731e-17
19.48 0 4.3767e-18 0.000200954 5.04624e-05 0.00171019 1.49478e-17
19.5 0 -7.29356e-18 0.000215328 5.45899e-05 0.00183252 3.31549e-19
19.52 0 -9.56637e-18 0.000225656 5.58868e-05 0.00192041 -1.95801e-17
19.54 0 6.73793e-18 0.000232153 5.47251e-05 0.0019757 -2.53326e-17
19.56 0 5.97434e-18 0.000234684 5.14701e-05 0.00199724 5.99025e-19
19.58 0 9.44296e-19 0.000232705 4.62396e-05 0.0019804 4.80041e-18
19.6 0 -3.95514e-20 0.000225692 3.88807e-05 0.00192072 3.09655e-18
19.62 0 -7.708e-19 0.000213567 2.92317e-05 0.00181753 1.09918e-18
19.64 0 -1.3785e-19 0.000196774 1.75053e-05 0.00167462 1.2984e-18
19.66 0 -1.47743e-19 0.000176035 4.45962e-06 0.00149812 1.65306e-18
19.68 0 1.68993e-18 0.000152039 -8.88999e-06 0.0012939 2.07183e-18
19.7 0 -7.11869e-19 0.000125356 -2.17925e-05 0.00106683 -6.3431e-19
19.72 0 1.66689e-18 9.66249e-05 -3.39675e-05 0.000822312 3.023e-18
19.74 0 -3.74495e-18 6.67942e-05 -4.52773e-05 0.000568442 6.36618e-19
19.76 0 -5.10432e-19 3.71373e-05 -5.52821e-05 0.000316051 -2.26745e-17
19.78 0 -8.16395e-20 8.97694e-06 -6.32005e-05 7.63969e-05 -1.82417e-17
19.8 0 -3.83782e-19 -1.66431e-05 -6.82916e-05 -0.000141639 6.81998e-19
19.82 0 -5.20737e-18 -3.90696e-05 -7.02492e-05 -0.000332496 -5.57587e-18
19.84 0 -1.76309e-17 -5.7896e-05 -6.92685e-05 -0.000492715 -9.14959e-18
19.86 0 -2.6583e-18 -7.27463e-05 -6.57808e-05 -0.000619096 -3.70228e-18
19.88 0 1.43783e-18 -8.31706e-05 -6.01464e-05 -0.000707811 -5.66388e-18
19.9 0 1.14745e-20 -8.86916e-05 -5.25976e-05 -0.000754796 -1.25384e-19
19.92 0 1.55172e-18 -8.89121e-05 -4.34342e-05 -0.000756673 4.33897e-18
19.94 0 -4.21843e-19 -8.36154e-05 -3.31983e-05 -0.000711596 1.04581e-18
19.96 0 -2.31688e-19 -7.28644e-05 -2.26099e-05 -0.000620102 2.38286e-18
19.98 0 -5.05142e-18 -5.70118e-05 -1.23131e-05 -0.00048519 -2.15934e-18
20 0 3.31818e-18 -3.65118e-05 -2.65611e-06 -0.000310728 5.5275e-18
20.02 0 2.16171e-18 -1.17641e-05 6.32506e-06 -0.000100117 1.78768e-17
20.04 0 9.068e-19 1.67299e-05 1.47125e-05 0.000142377 9.68709e-18
20.06 0 -1.06212e-17 4.80197e-05 2.24338e-05 0.000408665 -1.18378e-17
20.08 0 -1.35582e-18 8.05977e-05 2.91082e-05 0.000685914 -2.52251e-18
20.1 0 7.90758e-19 0.000112751 3.41374e-05 0.000959553 -4.66496e-19
20.12 0 -5.98907e-18 0.000143101 3.69823e-05 0.00121784 -1.73887e-17
20.14 0 -7.81153e-18 0.000170855 3.74295e-05 0.00145403 -1.057e-17
20.16 0 8.81033e-18 0.000195546 3.56747e-05 0.00166416 1.86083e-17
20.18 0 -8.46851e-18 0.000216538 3.2162e-05 0.00184281 -1.88544e-17
20.2 0 2.19952e-18 0.000232919 2.72951e-05 0.00198223 1.40608e-17
20.22 0 -4.16743e-18 0.000243958 2.12693e-05 0.00207616 7.18452e-18
20.24 0 -4.69453e-18 0.000249498 1.41854e-05 0.00212332 -1.19729e-17
20.26 0 2.54625e-18 0.000249737 6.31741e-06 0.00212535 -5.34899e-18
20.28 0 -1.76612e-18 0.000244707 -1.78707e-06 0.00208255 -3.164e-18
20.3 0 4.27747e-19 0.000234202 -9.53553e-06 0.00199314 -3.34386e-19
20.32 0 8.06749e-19 0.000218167 -1.66421e-05 0.00185668 -6.85411e-18
20.34 0 -2.89789e-18 0.000196943 -2.32068e-05 0.00167606 4.28462e-18
20.36 0 1.5301e-18 0.000171069 -2.93828e-05 0.00145586 2.72209e-18
20.38 0 -1.10294e-18 0.000141076 -3.4987e-05 0.0012006 1.29689e-17
20.4 0 -5.67675e-18 0.000107686 -3.95206e-05 0.000916447 -1.2415e-17
20.42 0 -7.39539e-18 7.21517e-05 -4.258e-05 0.000614036 -1.59416e-17
20.44 0 2.56507e-18 3.6154e-05 -4.41619e-05 0.000307683 -1.84473e-17
20.46 0 -2.84728e-18 1.25384e-06 -4.45665e-05 1.06706e-05 -9.62931e-19
20.48 0 1.37986e-17 -3.14907e-05 -4.40982e-05 -0.000267997 9.1697e-18
20.5 0 -3.91252e-18 -6.12651e-05 -4.28704e-05 -0.000521387 8.44834e-18
20.52 0 2.15502e-18 -8.69707e-05 -4.08116e-05 -0.000740151 1.27785e-17
20.54 0 3.64126e-18 -0.000107178 -3.78165e-05 -0.000912126 2.71177e-17
20.56 0 3.7352e-18 -0.00012071 -3.39107e-05 -0.00102728 1.17061e-17
20.58 0 -4.74421e-18 -0.000127235 -2.93158e-05 -0.00108281 7.78356e-19
20.6 0 -3.03476e-19 -0.000127223 -2.44015e-05 -0.00108272 2.4019e-18
20.62 0 3.27828e-18 -0.000121269 -1.95587e-05 -0.00103204 1.03532e-18
20.64 0 5.47299e-19 -0.000109529 -1.50282e-05 -0.000932126 1.12591e-18
20.66 0 -4.01218e-19 -9.19117e-05 -1.07929e-05 -0.0007822 -3.58892e-18
20.68 0 1.38075e-18 -6.86902e-05 -6.67752e-06 -0.000584577 3.53284e-18
20.7 0 5.86477e-18 -4.08347e-05 -2.63401e-06 -0.000347517 7.4577e-19
20.72 0 5.83942e-19 -9.73805e-06 1.0546e-06 -8.28742e-05 -1.0729e-17
20.74 0 8.18336e-18 2.33143e-05 3.92026e-06 0.000198412 8.58809e-18
20.76 0 6.69065e-18 5.73839e-05 5.71807e-06 0.000488357 6.20048e-18
20.78 0 -1.93587e-17 9.16761e-05 6.65933e-06 0.000780195 -1.2852e-17
20.8 0 -9.14596e-19 0.000125194 7.21048e-06 0.00106545 -1.15565e-17
20.82 0 1.94307e-19 0.000156694 7.71292e-06 0.00133352 3.99729e-19
20.84 0 7.81956e-18 0.000184961 8.21298e-06 0.00157408 3.8718e-17
20.86 0 -5.09663e-18 0.000209095 8.56586e-06 0.00177947 2.20642e-17
20.88 0 7.43108e-19 0.000228574 8.63172e-06 0.00194525 1.07514e-17
20.9 0 -1.17506e-17 0.00024315 8.38413e-06 0.00206929 1.24371e-17
20.92 0 -6.95815e-19 0.000252718 7.8586e-06 0.00215072 9.93797e-18
20.94 0 -2.56222e-18 0.000257255 7.03468e-06 0.00218933 4.11489e-18
20.96 0 7.53273e-19 0.000256764 5.79504e-06 0.00218515 8.96506e-19
20.98 0 -2.10254e-18 0.000251205 3.99429e-06 0.00213784 4.16419e-18
21 0 -1.165e-18 0.000240563 1.56202e-06 0.00204728 -5.38156e-18
21.02 0 2.89046e-18 0.000225088 -1.44093e-06 0.00191558 1.52066e-17
21.04 0 2.64439e-19 0.000205434 -4.83238e-06 0.00174832 -9.23519e-18
21.06 0 5.39635e-19 0.000182504 -8.3668e-06 0.00155317 -2.796e-18
21.08 0 1.94028e-18 0.000157131 -1.18293e-05 0.00133724 7.71997e-18
21.1 0 7.74263e-18 0.000129942 -1.51399e-05 0.00110585 1.33101e-17
21.12 0 -2.65037e-18 0.000101538 -1.83761e-05 0.000864123 -2.29751e-17
21.14 0 -3.80931e-18 7.2828e-05 -2.16395e-05 0.000619791 -1.17568e-17
21.16 0 7.98615e-18 4.51093e-05 -2.48521e-05 0.000383896 1.5835e-17
21.18 0 6.88912e-19 1.97128e-05 -2.7677e-05 0.000167763 1.28694e-17
21.2 0 5.7178e-18 -2.49033e-06 -2.96645e-05 -2.11936e-05 4.50168e-17
21.22 0 -4.09845e-18 -2.12248e-05 -3.05349e-05 -0.000180631 1.39827e-17
21.24 0 -3.05e-18 -3.6504e-05 -3.03647e-05 -0.000310662 -5.15729e-18
21.26 0 -2.10212e-18 -4.82785e-05 -2.94981e-05 -0.000410867 -7.56277e-18
21.28 0 1.73343e-18 -5.6382e-05 -2.82504e-05 -0.000479831 -2.82643e-18
21.3 0 1.41111e-18 -6.0681e-05 -2.66532e-05 -0.000516417 7.2948e-18
21.32 0 -2.02078e-18 -6.11577e-05 -2.44444e-05 -0.000520473 1.00564e-18
21.34 0 5.20469e-18 -5.79084e-05 -2.12941e-05 -0.000492821 1.1699e-17
21.36 0 -1.73782e-17 -5.11956e-05 -1.70941e-05 -0.000435692 -1.67745e-17
21.38 0 6.16262e-18 -4.14981e-05 -1.20969e-05 -0.000353163 -1.46718e-17
21.4 0 -3.29757e-18 -2.93893e-05 -6.78932e-06 -0.000250113 -1.39311e-17
21.42 0 6.01327e-18 -1.53043e-05 -1.6023e-06 -0.000130245 -2.66413e-18
21.44 0 -1.33366e-17 5.72367e-07 3.30023e-06 4.87104e-06 -3.60697e-18
21.46 0 -7.585e-18 1.81463e-05 7.98869e-06 0.000154432 -1.30978e-17
21.48 0 1.10696e-17 3.70731e-05 1.25278e-05 0.000315505 3.6934e-18
21.5 0 2.51925e-18 5.66099e-05 1.67006e-05 0.00048177 1.4451e-17
21.52 0 -2.07068e-17 7.58898e-05 1.99171e-05 0.000645848 -1.11301e-17
21.54 0 5.26345e-18 9.43402e-05 2.14824e-05 0.000802868 2.4751e-17
21.56 0 -9.95057e-18 0.000111754 2.10933e-05 0.000951063 -2.18821e-17
21.58 0 -1.32901e-18 0.000127947 1.91096e-05 0.00108888 -8.24046e-18
21.6 0 2.46065e-18 0.000142436 1.62888e-05 0.00121218 2.53217e-19
21.62 0 -1.39133e-18 0.000154499 1.31632e-05 0.00131484 -1.09233e-18
21.64 0 6.72707e-19 0.000163546 9.58888e-06 0.00139183 -6.51968e-21
21.66 0 1.08818e-18 0.000169394 4.89837e-06 0.0014416 -6.12546e-18
21.68 0 -1.57091e-18 0.000172196 -1.40817e-06 0.00146545 4.22074e-19
21.7 0 -3.92483e-18 0.000172182 -9.05301e-06 0.00146533 -1.59741e-17
21.72 0 -1.58145e-17 0.000169555 -1.70452e-05 0.00144297 -3.78083e-17
21.74 0 1.87899e-17 0.00016459 -2.43567e-05 0.00140072 2.36551e-17
21.76 0 -5.32899e-19 0.000157621 -3.05838e-05 0.00134141 1.07338e-17
21.78 0 -1.5608e-17 0.000148869 -3.60334e-05 0.00126692 -1.07401e-17
21.8 0 7.95489e-18 0.000138498 -4.12101e-05 0.00117867 5.10489e-18
21.82 0 4.40291e-19 0.000126978 -4.62037e-05 0.00108063 1.31939e-17
21.84 0 6.41494e-18 0.000115246 -5.04967e-05 0.000980787 9.21031e-18
21.86 0 -5.56132e-18 0.000104302 -5.32911e-05 0.000887645 -2.85398e-18
21.88 0 -9.13727e-18 9.46329e-05 -5.40574e-05 0.000805359 -2.65702e-18
21.9 0 -1.50617e-17 8.60991e-05 -5.28989e-05 0.000732733 -7.73424e-18
21.92 0 3.48633e-19 7.8347e-05 -5.04541e-05 0.00066676 -5.77708e-18
21.94 0 -2.6119e-18 7.13279e-05 -4.73637e-05 0.000607025 7.77376e-19
21.96 0 2.75281e-19 6.54228e-05 -4.37056e-05 0.000556771 3.98666e-18
21.98 0 3.24727e-19 6.10691e-05 -3.88849e-05 0.000519719 1.07755e-18
22 0 1.65251e-19 5.832e-05 -3.21296e-05 0.000496323 -3.18666e-19
22.02 0 -7.09294e-19 5.68346e-05 -2.32588e-05 0.000483683 2.8359e-19
22.04 0 1.26811e-18 5.62388e-05 -1.30941e-05 0.000478612 -1.40102e-17
22.06 0 -2.22406e-18 5.63978e-05 -3.08583e-06 0.000479965 -4.02667e-17
22.08 0 -3.32254e-18 5.73779e-05 5.58807e-06 0.000488306 -2.32794e-17
22.1 0 -9.35315e-18 5.92461e-05 1.26737e-05 0.000504205 -1.92395e-17
22.12 0 -5.25421e-19 6.19067e-05 1.87034e-05 0.000526848 -2.03288e-18
22.14 0 6.5838e-18 6.50265e-05 2.42602e-05 0.000553398 5.37396e-18
22.16 0 -3.3975e-18 6.80799e-05 2.92968e-05 0.000579384 5.36422e-18
22.18 0 9.51063e-18 7.05743e-05 3.30365e-05 0.000600612 1.38245e-17
22.2 0 9.03706e-18 7.23665e-05 3.45092e-05 0.000615864 4.62434e-19
22.22 0 -4.44222e-20 7.3767e-05 3.3281e-05 0.000627783 3.88037e-18
22.24 0 -2.02996e-18 7.52265e-05 2.97684e-05 0.000640204 5.28269e-18
22.26 0 9.31004e-19 7.68582e-05 2.48705e-05 0.00065409 3.21265e-18
22.28 0 4.87828e-18 7.82937e-05 1.92457e-05 0.000666306 3.79685e-18
22.3 0 1.4317e-18 7.90368e-05 1.28869e-05 0.00067263 5.37065e-18
22.32 0 -1.32631e-18 7.89263e-05 5.37585e-06 0.000671691 2.09297e-18
22.34 0 4.34272e-19 7.82067e-05 -3.44539e-06 0.000665566 -2.95422e-18
22.36 0 -6.20393e-18 7.718e-05 -1.30484e-05 0.000656829 -1.57094e-17
22.38 0 -2.51486e-18 7.59006e-05 -2.24815e-05 0.00064594 3.50727e-18
22.4 0 5.61088e-18 7.42431e-05 -3.10761e-05 0.000631835 1.32907e-17
22.42 0 -1.31799e-18 7.21585e-05 -3.88657e-05 0.000614094 1.63264e-17
22.44 0 -2.03361e-19 6.97675e-05 -4.6263e-05 0.000593746 6.30364e-18
22.46 0 7.96503e-18 6.72575e-05 -5.33458e-05 0.000572385 -8.51964e-19
22.48 0 -5.55059e-19 6.47807e-05 -5.95171e-05 0.000551306 -2.71981e-19
22.5 0 -1.751e-17 6.24798e-05 -6.38541e-05 0.000531725 -9.88605e-18
22.52 0 -2.5098e-18 6.06051e-05 -6.57248e-05 0.00051577 -3.04225e-17
22.54 0 2.62088e-18 5.95737e-05 -6.50664e-05 0.000506993 -2.42099e-18
22.56 0 -1.53529e-17 5.98347e-05 -6.22064e-05 0.000509215 -2.97022e-17
22.58 0 -7.27637e-18 6.16164e-05 -5.75604e-05 0.000524377 -7.84925e-18
22.6 0 -1.04444e-17 6.48104e-05 -5.15035e-05 0.000551559 -2.16396e-17
22.62 0 2.45675e-18 6.91212e-05 -4.4411e-05 0.000588246 -4.02765e-18
22.64 0 4.09027e-18 7.43583e-05 -3.66853e-05 0.000632815 1.00404e-17
22.66 0 5.05532e-19 8.0658e-05 -2.86475e-05 0.000686428 1.34843e-18
22.68 0 -2.21321e-19 8.84078e-05 -2.0379e-05 0.000752381 2.46093e-19
22.7 0 -6.71962e-19 9.77754e-05 -1.17593e-05 0.000832102 -4.35754e-18
22.72 0 -5.26653e-18 0.000108196 -2.78745e-06 0.000920788 -1.63038e-17
22.74 0 3.6907e-18 0.000118461 6.09463e-06 0.00100814 -1.27446e-17
22.76 0 8.23324e-19 0.00012746 1.40415e-05 0.00108473 -9.8999e-18
22.78 0 6.63372e-18 0.000134809 2.02192e-05 0.00114727 1.30736e-17
22.8 0 1.12333e-17 0.000140692 2.42511e-05 0.00119734 3.05345e-17
22.82 0 -1.41563e-17 0.000145227 2.63385e-05 0.00123593 -1.66488e-18
22.84 0 3.61164e-18 0.000148071 2.69853e-05 0.00126014 -1.00107e-17
22.86 0 -4.07611e-18 0.000148593 2.65825e-05 0.00126458 -1.23781e-17
22.88 0 3.33227e-18 0.000146294 2.51977e-05 0.00124501 -2.39885e-18
22.9 0 1.02201e-17 0.000141054 2.27055e-05 0.00120042 4.3248e-18
22.92 0 1.82373e-18 0.00013308 1.90847e-05 0.00113255 4.20164e-18
22.94 0 6.84004e-19 0.000122756 1.45641e-05 0.0010447 -8.90844e-18
22.96 0 -2.41647e-18 0.000110559 9.488e-06 0.000940894 8.90994e-19
22.98 0 -2.36522e-18 9.69635e-05 4.05503e-06 0.000825193 -6.97795e-18
23 0 8.2818e-19 8.23098e-05 -1.81434e-06 0.000700485 -2.77483e-18
23.02 0 6.87735e-19 6.67406e-05 -8.35866e-06 0.000567986 -8.32517e-19
23.04 0 9.46131e-19 5.03865e-05 -1.56965e-05 0.000428807 1.6088e-18
23.06 0 -3.75902e-18 3.36937e-05 -2.35708e-05 0.000286745 -1.49902e-17
23.08 0 -1.38714e-18 1.74862e-05 -3.12982e-05 0.000148814 -3.77866e-18
23.1 0 7.54949e-18 2.58228e-06 -3.80149e-05 2.19761e-05 6.40293e-18
23.12 0 1.65685e-18 -1.06296e-05 -4.31109e-05 -9.04614e-05 -3.29644e-19
23.14 0 8.76407e-18 -2.21592e-05 -4.6527e-05 -0.000188583 1.39993e-17
23.16 0 -1.7358e-18 -3.19924e-05 -4.86307e-05 -0.000272267 -1.69686e-17
23.18 0 1.19355e-17 -3.97516e-05 -4.97626e-05 -0.0003383 3.97361e-19
23.2 0 -4.88988e-18 -4.47042e-05 -4.98528e-05 -0.000380448 -1.2874e-17
23.22 0 1.22885e-17 -4.60067e-05 -4.84637e-05 -0.000391533 1.16041e-17
23.24 0 5.18379e-18 -4.30125e-05 -4.52329e-05 -0.000366051 -1.14226e-17
23.26 0 3.34775e-18 -3.55355e-05 -4.03063e-05 -0.000302419 -5.9572e-18
23.28 0 -1.40178e-18 -2.39308e-05 -3.43548e-05 -0.00020366 -1.21723e-17
23.3 0 -7.95085e-19 -8.91355e-06 -2.81598e-05 -7.58575e-05 -1.32713e-17
23.32 0 2.44275e-18 8.77411e-06 -2.2154e-05 7.46708e-05 -1.1998e-18
23.34 0 -1.35306e-19 2.86406e-05 -1.63062e-05 0.000243742 1.15152e-18
23.36 0 1.11632e-19 5.04843e-05 -1.03792e-05 0.000429639 9.45041e-20
23.38 0 1.62142e-18 7.41148e-05 -4.30279e-06 0.000630743 2.83639e-18
23.4 0 4.29372e-19 9.89719e-05 1.63252e-06 0.000842285 9.39449e-18
23.42 0 9.56781e-18 0.000124044 6.88275e-06 0.00105566 1.71218e-17
23.44 0 7.16607e-18 0.00014817 1.09571e-05 0.00126098 -5.97137e-18
23.46 0 5.55556e-18 0.000170377 1.36881e-05 0.00144997 5.39489e-18
23.48 0 -3.47052e-18 0.000189991 1.52763e-05 0.00161689 1.75345e-17
23.5 0 9.64045e-18 0.000206575 1.61137e-05 0.00175802 3.27801e-17
23.52 0 -1.45191e-17 0.000219832 1.65392e-05 0.00187084 -1.80029e-17
23.54 0 7.44367e-18 0.000229456 1.66561e-05 0.00195275 6.2456e-18
23.56 0 -4.34515e-20 0.000235044 1.62886e-05 0.00200031 9.48021e-18
23.58 0 -8.15168e-18 0.000236198 1.51004e-05 0.00201013 -1.35023e-17
23.6 0 2.27032e-18 0.000232748 1.28168e-05 0.00198077 -7.3467e-18
23.62 0 -1.70326e-18 0.000224861 9.39544e-06 0.00191364 8.06369e-19
23.64 0 7.7737e-19 0.000212941 5.03656e-06 0.0018122 7.85502e-19
23.66 0 1.65726e-18 0.000197419 6.92948e-08 0.00168011 -3.06354e-18
23.68 0 2.80368e-18 0.000178583 -5.19594e-06 0.00151981 2.15704e-18
23.7 0 9.97782e-19 0.000156603 -1.05707e-05 0.00133275 -2.59082e-19
23.72 0 -1.16191e-19 0.000131774 -1.59737e-05 0.00112144 3.24434e-18
23.74 0 -8.87877e-18 0.000104777 -2.12999e-05 0.000891691 -1.82607e-18
23.76 0 -4.4471e-18 7.67266e-05 -2.63199e-05 0.00065297 -2.31795e-18
23.78 0 -4.27961e-18 4.89958e-05 -3.07278e-05 0.000416971 -1.40767e-17
23.8 0 -2.44908e-18 2.29529e-05 -3.4269e-05 0.000195337 -2.43184e-17
23.82 0 -1.00549e-17 -3.2434e-07 -3.68224e-05 -2.76024e-06 -1.40141e-17
23.84 0 -3.26353e-18 -2.02594e-05 -3.84165e-05 -0.000172415 -2.42192e-17
23.86 0 1.1791e-17 -3.67227e-05 -3.91905e-05 -0.000312523 -1.79619e-17
23.88 0 6.87337e-18 -4.97064e-05 -3.92927e-05 -0.000423019 8.54572e-18
23.9 0 -5.56921e-18 -5.90306e-05 -3.87599e-05 -0.000502371 -1.59969e-18
23.92 0 -2.16191e-18 -6.42841e-05 -3.74765e-05 -0.00054708 -1.47174e-17
23.94 0 7.65805e-18 -6.4928e-05 -3.52706e-05 -0.00055256 7.2778e-18
23.96 0 -1.17571e-18 -6.05186e-05 -3.20922e-05 -0.000515034 2.91257e-18
23.98 0 5.48264e-20 -5.10339e-05 -2.8154e-05 -0.000434316 9.78476e-19
24 0 -1.23401e-18 -3.70293e-05 -2.39182e-05 -0.000315132 1.24381e-18
24.02 0 -3.45085e-18 -1.93575e-05 -1.98729e-05 -0.000164739 -4.70203e-19
24.04 0 -3.38321e-18 1.28504e-06 -1.61907e-05 1.09362e-05 3.89106e-18
24.06 0 -7.64979e-18 2.45104e-05 -1.25438e-05 0.000208592 -9.35886e-18
24.08 0 1.70133e-18 4.99683e-05 -8.31103e-06 0.000425247 -2.97105e-18
24.1 0 -1.35672e-17 7.69263e-05 -3.08945e-06 0.000654669 -1.64825e-17
24.12 0 1.42957e-17 0.000104073 2.86517e-06 0.000885701 5.83616e-18
24.14 0 -1.56361e-17 0.000129778 8.63594e-06 0.00110445 9.8224e-19
24.16 0 3.8579e-18 0.000152688 1.31627e-05 0.00129942 1.02759e-18
24.18 0 6.40612e-18 0.000172167 1.59487e-05 0.0014652 2.30122e-17
24.2 0 -5.45763e-18 0.000188155 1.7373e-05 0.00160126 -2.08658e-17
24.22 0 1.14672e-17 0.000200671 1.82726e-05 0.00170778 1.43625e-17
24.24 0 -9.45195e-18 0.000209496 1.91292e-05 0.00178288 -2.37988e-17
24.26 0 6.8448e-18 0.000214179 1.96034e-05 0.00182274 1.3854e-17
24.28 0 -5.04116e-18 0.000214214 1.8852e-05 0.00182303 -9.38132e-18
24.3 0 1.26223e-18 0.000209238 1.63308e-05 0.00178069 -3.69574e-18
24.32 0 1.09213e-18 0.00019922 1.23233e-05 0.00169543 3.79899e-18
24.34 0 -5.74131e-19 0.000184549 7.70929e-06 0.00157058 1.70087e-18
24.36 0 1.99699e-18 0.000165988 3.23162e-06 0.00141261 2.57681e-18
24.38 0 1.81567e-18 0.000144488 -1.03037e-06 0.00122964 8.35502e-19
24.4 0 3.03734e-18 0.000120965 -5.55231e-06 0.00102946 3.3829e-19
24.42 0 -3.91314e-18 9.62059e-05 -1.08084e-05 0.000818746 -1.67194e-17
24.44 0 8.96166e-18 7.10109e-05 -1.67808e-05 0.000604327 3.47323e-18
24.46 0 9.79206e-18 4.63483e-05 -2.29026e-05 0.00039444 -1.22582e-18
24.48 0 -2.92799e-19 2.32472e-05 -2.84376e-05 0.000197842 4.69492e-18
24.5 0 -2.04126e-17 2.51069e-06 -3.29909e-05 2.13669e-05 -2.16101e-17
24.52 0 -8.12954e-19 -1.53812e-05 -3.67272e-05 -0.0001309 -3.18215e-18
24.54 0 7.89207e-18 -3.00153e-05 -4.00791e-05 -0.000255441 1.35388e-18
24.56 0 1.63035e-18 -4.07391e-05 -4.31984e-05 -0.000346704 6.95938e-19
24.58 0 -1.81727e-18 -4.67106e-05 -4.56883e-05 -0.000397523 5.95997e-18
24.6 0 3.65453e-18 -4.72834e-05 -4.68764e-05 -0.000402398 4.60784e-18
24.62 0 -3.24896e-19 -4.23462e-05 -4.6364e-05 -0.000360381 1.53923e-17
24.64 0 -4.1003e-20 -3.23118e-05 -4.43431e-05 -0.000274985 1.00692e-17
24.66 0 -2.0949e-18 -1.77784e-05 -4.13846e-05 -0.000151301 4.77395e-19
24.68 0 1.90829e-19 7.9373e-07 -3.78875e-05 6.75492e-06 2.21344e-18
24.7 0 1.40842e-19 2.3025e-05 -3.37263e-05 0.000195951 3.44567e-18
24.72 0 1.58512e-18 4.82832e-05 -2.84664e-05 0.000410907 3.75828e-18
24.74 0 1.69887e-18 7.55388e-05 -2.19253e-05 0.000642861 4.21009e-18
24.76 0 5.02206e-18 0.000103593 -1.45068e-05 0.000881616 1.78853e-17
24.78 0 8.88512e-19 0.000131379 -7.00982e-06 0.00111808 7.16674e-18
24.8 0 -2.39333e-18 0.000158012 -1.36299e-07 0.00134474 -1.62427e-17
24.82 0 6.13224e-18 0.000182661 5.85933e-06 0.00155451 -5.21684e-18
24.84 0 1.22191e-17 0.000204494 1.11265e-05 0.00174031 4.21322e-18
24.86 0 2.38995e-18 0.000222747 1.58801e-05 0.00189565 -9.61672e-18
24.88 0 4.63209e-18 0.000236744 2.00852e-05 0.00201478 6.11732e-18
24.9 0 -6.57128e-18 0.000245841 2.34121e-05 0.00209219 -4.41737e-19
24.92 0 1.19812e-18 0.0002495 2.54512e-05 0.00212333 1.26748e-17
24.94 0 1.46895e-18 0.000247535 2.59887e-05 0.00210661 1.42887e-17
24.96 0 -6.43755e-18 0.000240209 2.51266e-05 0.00204426 -1.38129e-18
24.98 0 -1.15858e-18 0.00022803 2.31604e-05 0.00194061 -6.53624e-18
25 0 -1.33842e-18 0.00021142 2.03248e-05 0.00179926 -1.83971e-18
25.02 0 4.21314e-19 0.000190579 1.66254e-05 0.0016219 6.46056e-19
25.04 0 2.46007e-20 0.000165643 1.19009e-05 0.00140968 4.17219e-19
25.06 0 2.39182e-19 0.000137013 6.0623e-06 0.00116603 6.72806e-18
25.08 0 1.05706e-18 0.000105551 -6.98521e-07 0.000898276 2.15641e-18
25.1 0 -3.31752e-18 7.24241e-05 -7.9149e-06 0.000616355 -3.30875e-18
25.12 0 4.12194e-18 3.87422e-05 -1.50602e-05 0.000329709 4.09372e-18
25.14 0 -1.46413e-18 5.38569e-06 -2.17882e-05 4.58341e-05 -1.31621e-17
25.16 0 -1.51362e-19 -2.68381e-05 -2.80057e-05 -0.000228402 -5.55506e-18
25.18 0 3.30582e-18 -5.69623e-05 -3.37249e-05 -0.000484769 8.64583e-18
25.2 0 -2.59757e-18 -8.38242e-05 -3.88212e-05 -0.000713373 -1.11313e-17
25.22 0 -7.66896e-19 -0.00010625 -4.29241e-05 -0.000904225 9.88402e-19
25.24 0 7.45622e-18 -0.000123311 -4.55645e-05 -0.00104942 7.6412e-18
25.26 0 -1.67437e-18 -0.000134471 -4.64657e-05 -0.00114439 5.30688e-18
25.28 0 1.56604e-18 -0.00013951 -4.57403e-05 -0.00118728 5.96347e-18
25.3 0 -1.1214e-18 -0.000138283 -4.38334e-05 -0.00117684 -3.93132e-19
25.32 0 -1.30614e-18 -0.000130538 -4.12358e-05 -0.00111093 -3.21203e-18
25.34 0 1.73549e-19 -0.000116088 -3.81806e-05 -0.000987948 -2.81285e-18
25.36 0 -2.48532e-19 -9.50858e-05 -3.45932e-05 -0.000809213 1.43678e-19
25.38 0 -4.45328e-19 -6.81132e-05 -3.03488e-05 -0.000579667 6.0062e-19
25.4 0 -6.31604e-19 -3.60241e-05 -2.55702e-05 -0.000306577 -6.92287e-19
25.42 0 3.34256e-18 2.43431e-07 -2.06497e-05 2.07168e-06 -1.10216e-18
25.44 0 3.6463e-18 3.96431e-05 -1.59709e-05 0.000337376 3.93963e-18
25.46 0 1.26569e-18 8.08972e-05 -1.16263e-05 0.000688463 1.01838e-18
25.48 0 1.07579e-18 0.000122475 -7.41915e-06 0.0010423 -6.23065e-18
25.5 0 -4.35884e-18 0.000162778 -3.12857e-06 0.00138529 -1.32527e-17
25.52 0 -7.63451e-18 0.000200393 1.23591e-06 0.00170542 -5.77434e-18
25.54 0 -3.79458e-19 0.000234181 5.40805e-06 0.00199297 -3.75996e-18
25.56 0 1.03105e-17 0.00026316 9.03394e-06 0.00223958 5.95749e-18
25.58 0 -3.92758e-18 0.000286405 1.18531e-05 0.0024374 -4.81701e-18
25.6 0 3.22696e-18 0.000303107 1.37618e-05 0.00257954 2.64117e-18
25.62 0 2.96889e-18 0.000312695 1.47679e-05 0.00266114 -2.70257e-19
25.64 0 1.15826e-18 0.000314907 1.49153e-05 0.00267997 1.11585e-18
25.66 0 3.41097e-19 0.000309739 1.42326e-05 0.00263599 4.38893e-18
25.68 0 -1.24735e-18 0.000297354 1.27154e-05 0.00253058 5.59613e-19
25.7 0 1.4111e-19 0.000278038 1.03492e-05 0.0023662 5.41037e-19
25.72 0 9.10409e-19 0.000252236 7.15989e-06 0.00214662 2.12944e-18
25.74 0 8.5208e-20 0.000220666 3.26857e-06 0.00187794 6.80156e-20
25.76 0 -1.19419e-19 0.000184339 -1.0891e-06 0.00156879 -1.47346e-18
25.78 0 1.83198e-18 0.00014442 -5.62487e-06 0.00122907 5.32155e-18
25.8 0 -1.87232e-19 0.000102151 -1.01181e-05 0.000869344 -2.68503e-18
25.82 0 1.3857e-18 5.88823e-05 -1.44918e-05 0.000501109 -5.74731e-19
25.84 0 1.92182e-18 1.60937e-05 -1.87792e-05 0.000136963 7.15538e-18
25.86 0 1.92203e-18 -2.4702e-05 -2.30183e-05 -0.000210223 -3.47407e-18
25.88 0 2.25439e-18 -6.20817e-05 -2.71467e-05 -0.000528337 -3.86814e-18
25.9 0 1.82662e-18 -9.47878e-05 -3.09553e-05 -0.000806677 -1.0765e-18
25.92 0 3.2766e-18 -0.000121806 -3.4149e-05 -0.00103661 3.73616e-18
25.94 0 -6.22799e-19 -0.000142435 -3.64853e-05 -0.00121217 2.64661e-18
25.96 0 2.67639e-18 -0.000156278 -3.7878e-05 -0.00132998 7.46211e-18
25.98 0 -1.27353e-18 -0.000163178 -3.84013e-05 -0.0013887 9.3282e-19
26 0 -2.29358e-18 -0.000163131 -3.82101e-05 -0.00138831 -2.34046e-18
26.02 0 3.53134e-20 -0.000156145 -3.74291e-05 -0.00132885 -2.70113e-18
26.04 0 1.50708e-19 -0.000142182 -3.60706e-05 -0.00121002 3.54735e-19
26.06 0 2.15208e-19 -0.000121319 -3.4037e-05 -0.00103246 1.9341e-18
26.08 0 6.77802e-19 -9.39728e-05 -3.12348e-05 -0.000799741 3.44278e-18
26.1 0 -1.12533e-18 -6.11442e-05 -2.77429e-05 -0.000520359 1.34402e-18
26.12 0 7.60475e-19 -2.42535e-05 -2.38621e-05 -0.000206406 -6.40428e-19
26.14 0 9.47219e-19 1.53099e-05 -1.99183e-05 0.000130293 2.71672e-18
26.16 0 -3.79055e-18 5.64098e-05 -1.59714e-05 0.000480067 -6.06221e-18
26.18 0 -3.71e-18 9.79731e-05 -1.17493e-05 0.000833785 -3.86842e-18
26.2 0 -6.44833e-18 0.000138607 -6.91622e-06 0.00117959 -5.86751e-18
26.22 0 1.1681e-18 0.000176486 -1.45863e-06 0.00150196 -8.86102e-18
26.24 0 2.40507e-18 0.000209762 4.14283e-06 0.00178515 -2.72765e-18
26.26 0 -1.04717e-18 0.000237215 9.15572e-06 0.00201878 -4.83437e-18
26.28 0 -1.23123e-18 0.000258496 1.31033e-05 0.00219989 2.15486e-18
26.3 0 1.92505e-18 0.000273699 1.6075e-05 0.00232927 6.74417e-18
26.32 0 2.30222e-18 0.000282734 1.85007e-05 0.00240617 3.80166e-18
26.34 0 -1.30291e-18 0.000285156 2.05846e-05 0.00242678 5.32627e-18
26.36 0 -2.07542e-18 0.000280493 2.1954e-05 0.00238709 -6.27191e-18
26.38 0 1.51917e-18 0.000268681 2.18783e-05 0.00228657 -7.74061e-19
26.4 0 -1.58775e-19 0.000250215 1.98726e-05 0.00212942 -6.48951e-19
26.42 0 -2.00051e-20 0.000225946 1.61382e-05 0.00192288 -1.5361e-18
26.44 0 1.4263e-19 0.000196843 1.14324e-05 0.0016752 -1.84694e-19
26.46 0 -5.85877e-19 0.000163887 6.49168e-06 0.00139474 -5.80405e-19
26.48 0 -1.47489e-18 0.000128082 1.53834e-06 0.00109003 3.07895e-19
26.5 0 -3.35221e-19 9.05314e-05 -3.69141e-06 0.000770454 -4.13244e-18
26.52 0 5.68577e-19 5.25125e-05 -9.47347e-06 0.000446899 -4.70837e-19
26.54 0 7.81335e-20 1.54764e-05 -1.56661e-05 0.000131709 1.44584e-19
26.56 0 -1.91396e-18 -1.90989e-05 -2.17186e-05 -0.000162538 1.73647e-19
26.58 0 -8.8942e-19 -4.99432e-05 -2.70601e-05 -0.000425034 7.1484e-19
26.6 0 1.44918e-18 -7.61649e-05 -3.14878e-05 -0.00064819 4.97554e-18
26.62 0 1.93603e-19 -9.72196e-05 -3.52193e-05 -0.000827373 2.54368e-18
26.64 0 1.64097e-18 -0.000112723 -3.85777e-05 -0.000959315 1.71449e-18
26.66 0 -1.95433e-18 -0.000122307 -4.15922e-05 -0.00104087 -1.29272e-19
26.68 0 -9.05815e-19 -0.000125626 -4.38717e-05 -0.00106912 -1.89306e-18
26.7 0 3.0712e-19 -0.000122436 -4.48713e-05 -0.00104197 1.49872e-18
26.72 0 1.95072e-21 -0.000112645 -4.43168e-05 -0.000958645 1.98397e-18
26.74 0 -4.0169e-19 -9.64125e-05 -4.24019e-05 -0.000820504 1.4716e-18
26.76 0 2.38201e-19 -7.42085e-05 -3.95889e-05 -0.00063154 2.11831e-19
26.78 0 7.16744e-20 -4.67736e-05 -3.62234e-05 -0.000398059 3.52257e-19
26.8 0 -6.13101e-19 -1.49733e-05 -3.23301e-05 -0.000127428 -6.50525e-19
26.82 0 -9.4188e-19 2.03395e-05 -2.77292e-05 0.000173096 -8.68388e-19
26.84 0 3.83504e-19 5.82355e-05 -2.23171e-05 0.000495605 -4.81401e-19
26.86 0 4.70535e-19 9.75209e-05 -1.6252e-05 0.000829937 -1.19133e-18
26.88 0 -2.43845e-19 0.000136692 -9.91692e-06 0.00116329 7.28367e-19
26.9 0 -1.52133e-18 0.000174125 -3.73307e-06 0.00148187 -6.0286e-19
26.92 0 1.47654e-18 0.000208334 1.99175e-06 0.001773 1.68308e-18
26.94 0 -4.09722e-18 0.000238094 7.0678e-06 0.00202627 -7.31656e-18
26.96 0 2.44624e-18 0.000262442 1.13489e-05 0.00223348 1.85406e-18
26.98 0 1.19641e-18 0.000280646 1.47009e-05 0.0023884 -2.48455e-19
27 0 -1.36699e-18 0.000292214 1.7028e-05 0.00248684 -6.29438e-19
27.02 0 -1.39551e-18 0.000296908 1.8295e-05 0.00252679 -1.2198e-18
27.04 0 2.97965e-19 0.000294723 1.85202e-05 0.00250819 6.23123e-21
27.06 0 8.7789e-19 0.000285856 1.7762e-05 0.00243273 1.83073e-18
27.08 0 -9.0353e-19 0.000270739 1.61081e-05 0.00230408 -1.27793e-18
27.1 0 -7.70321e-19 0.000250037 1.36559e-05 0.00212791 -9.66888e-19
27.12 0 -1.44578e-19 0.000224564 1.04854e-05 0.00191112 -7.98947e-19
27.14 0 5.36802e-20 0.000195139 6.63892e-06 0.0016607 -1.77732e-19
27.16 0 3.81566e-19 0.000162524 2.11753e-06 0.00138314 7.88048e-19
27.18 0 4.69153e-19 0.000127546 -3.08191e-06 0.00108546 2.02603e-18
27.2 0 1.47915e-19 9.12711e-05 -8.87046e-06 0.000776749 1.00226e-18
27.22 0 -6.68674e-19 5.50162e-05 -1.49779e-05 0.000468207 2.82702e-19
27.24 0 1.95506e-19 2.0147e-05 -2.09912e-05 0.000171458 1.41709e-18
27.26 0 8.82494e-19 -1.21417e-05 -2.65345e-05 -0.00010333 2.21387e-19
27.28 0 -2.7988e-18 -4.0901e-05 -3.14267e-05 -0.000348082 -1.66307e-18
27.3 0 1.67917e-18 -6.53713e-05 -3.56536e-05 -0.000556332 1.45374e-20
27.32 0 9.39877e-20 -8.49096e-05 -3.91872e-05 -0.00072261 1.44506e-18
27.34 0 -1.20118e-19 -9.89849e-05 -4.18545e-05 -0.000842396 1.7805e-18
27.36 0 1.20206e-18 -0.000107221 -4.33846e-05 -0.000912486 1.3218e-18
27.38 0 -6.3942e-19 -0.000109414 -4.35709e-05 -0.000931154 -3.74912e-18
27.4 0 2.21064e-18 -0.00010552 -4.23933e-05 -0.000898011 -2.30106e-18
27.42 0 8.67158e-19 -9.56672e-05 -4.00095e-05 -0.000814161 -9.49391e-19
27.44 0 -2.11963e-20 -8.01975e-05 -3.66466e-05 -0.000682508 2.21575e-19
27.46 0 5.75158e-19 -5.96004e-05 -3.25054e-05 -0.00050722 1.85952e-18
27.48 0 -2.27559e-19 -3.44661e-05 -2.77572e-05 -0.000293319 3.09749e-19
27.5 0 -1.58854e-20 -5.51614e-06 -2.25986e-05 -4.69443e-05 -2.2751e-19
27.52 0 8.79276e-20 2.63392e-05 -1.72753e-05 0.000224156 -4.53516e-19
27.54 0 1.228e-19 5.99657e-05 -1.20442e-05 0.000510329 2.28009e-18
27.56 0 -5.21762e-19 9.40686e-05 -7.11623e-06 0.000800556 1.87094e-18
27.58 0 -5.28541e-19 0.000127328 -2.61945e-06 0.00108361 1.45807e-18
27.6 0 1.83581e-19 0.000158542 1.40311e-06 0.00134925 -7.0251e-19
27.62 0 5.46459e-19 0.000186696 4.96095e-06 0.00158885 -1.8506e-21
27.64 0 -9.7323e-19 0.000210949 8.06237e-06 0.00179525 -2.33565e-19
27.66 0 -7.30616e-19 0.00023059 1.06644e-05 0.0019624 -9.66014e-19
27.68 0 1.8056e-18 0.00024503 1.26561e-05 0.00208529 2.60385e-18
27.7 0 -9.80832e-19 0.000253858 1.38909e-05 0.00216042 -1.54189e-18
27.72 0 1.02266e-18 0.000256885 1.42446e-05 0.00218618 1.59031e-18
27.74 0 -1.95012e-18 0.000254139 1.36613e-05 0.00216281 -3.37442e-19
27.76 0 3.55947e-19 0.000245799 1.21644e-05 0.00209184 9.26981e-19
27.78 0 1.65058e-18 0.00023216 9.82715e-06 0.00197576 1.36037e-18
27.8 0 -1.8095e-19 0.00021362 6.72625e-06 0.00181798 1.58157e-18
27.82 0 2.07399e-19 0.000190712 2.9209e-06 0.00162303 6.7135e-19
27.84 0 3.03626e-19 0.000164139 -1.50927e-06 0.00139688 7.24572e-19
27.86 0 1.30495e-19 0.000134776 -6.40053e-06 0.00114699 -2.83912e-19
27.88 0 3.9144e-20 0.000103663 -1.14875e-05 0.000882205 -4.75606e-19
27.9 0 -1.08531e-19 7.19426e-05 -1.64638e-05 0.000612257 -6.94212e-19
27.92 0 -8.30316e-20 4.0781e-05 -2.10727e-05 0.000347061 6.89312e-19
27.94 0 9.27742e-19 1.12753e-05 -2.51512e-05 9.59567e-05 2.39288e-18
27.96 0 1.5822e-18 -1.55962e-05 -2.86054e-05 -0.000132729 1.55678e-18
27.98 0 9.32172e-19 -3.89837e-05 -3.13605e-05 -0.000331765 3.70087e-18
28 0 -9.27758e-19 -5.81621e-05 -3.33423e-05 -0.00049498 1.94396e-18
28.02 0 -4.49068e-19 -7.25496e-05 -3.45015e-05 -0.000617422 -2.69853e-19
28.04 0 7.03216e-19 -8.17476e-05 -3.48504e-05 -0.0006957 8.38151e-19
28.06 0 -7.20936e-19 -8.5565e-05 -3.44691e-05 -0.000728188 2.83584e-18
28.08 0 -1.25915e-18 -8.39988e-05 -3.34723e-05 -0.000714859 2.84116e-18
28.1 0 6.01656e-19 -7.71868e-05 -3.19653e-05 -0.000656886 2.19565e-18
28.12 0 -1.44215e-19 -6.53905e-05 -3.00169e-05 -0.000556496 -9.35172e-19
28.14 0 1.15309e-18 -4.8991e-05 -2.76587e-05 -0.000416931 1.80343e-18
28.16 0 1.04397e-19 -2.85024e-05 -2.49029e-05 -0.000242565 7.79628e-19
28.18 0 -2.67241e-19 -4.58647e-06 -2.17675e-05 -3.90324e-05 -2.97809e-19
28.2 0 -7.98357e-20 2.19627e-05 -1.83005e-05 0.00018691 3.34654e-19
28.22 0 2.20275e-20 5.02372e-05 -1.45912e-05 0.000427536 8.65939e-20
28.24 0 2.52234e-19 7.92456e-05 -1.0763e-05 0.000674408 1.55293e-18
28.26 0 2.05828e-19 0.000107957 -6.9577e-06 0.000918748 5.24352e-18
28.28 0 1.8778e-19 0.000135358 -3.32358e-06 0.00115195 2.31617e-19
28.3 0 -6.65153e-19 0.000160512 -1.01266e-08 0.00136601 -5.37243e-19
28.32 0 -2.09293e-19 0.00018258 2.83823e-06 0.00155382 -2.43598e-18
28.34 0 1.75213e-19 0.000200845 5.09614e-06 0.00170926 4.81726e-19
28.36 0 6.64933e-19 0.000214724 6.67527e-06 0.00182738 -9.1762e-19
28.38 0 1.82237e-18 0.000223787 7.53695e-06 0.00190451 3.71878e-18
28.4 0 -8.26595e-19 0.000227747 7.69206e-06 0.0019382 -1.42306e-18
28.42 0 7.69744e-19 0.00022644 7.18496e-06 0.00192708 2.25549e-18
28.44 0 4.89355e-19 0.000219861 6.06922e-06 0.00187109 1.70876e-18
28.46 0 -5.20997e-19 0.000208218 4.39692e-06 0.00177201 -4.78029e-19
28.48 0 -9.04644e-19 0.000191935 2.23266e-06 0.00163344 -4.14117e-18
28.5 0 4.92447e-19 0.00017158 -3.29053e-07 0.00146021 -1.25294e-18
28.52 0 3.04534e-19 0.000147809 -3.1698e-06 0.0012579 -1.34878e-18
28.54 0 1.20013e-19 0.000121354 -6.17368e-06 0.00103277 1.55784e-19
28.56 0 -2.77154e-20 9.3067e-05 -9.24742e-06 0.000792032 -1.27254e-19
28.58 0 -3.41208e-19 6.3927e-05 -1.23145e-05 0.000544041 1.69055e-18
28.6 0 5.21638e-19 3.49938e-05 -1.52917e-05 0.00029781 1.49807e-18
28.62 0 -4.56982e-19 7.31873e-06 -1.80779e-05 6.2285e-05 -5.77272e-19
28.64 0 -1.26379e-19 -1.80136e-05 -2