0.02 0 -1.63895e-24 8.59251e-10 -1.24483e-10 7.31253e-09 -3.31101e-24
0.04 0 -9.46299e-23 6.16514e-09 -1.65538e-09 5.24675e-08 -1.94483e-22
0.06 0 -6.25091e-23 2.05305e-08 -9.66523e-09 1.74722e-07 -3.20763e-22
0.08 0 1.58908e-22 4.03228e-08 -3.92427e-08 3.43161e-07 2.63637e-25
0.1 0 -1.11026e-20 4.06365e-08 -1.30304e-07 3.45831e-07 -2.24292e-20
0.12 0 9.04402e-21 -2.83989e-08 -3.59067e-07 -2.41684e-07 -4.15842e-21
0.14 0 -2.63196e-21 -2.23732e-07 -8.18596e-07 -1.90404e-06 -9.47551e-21
0.16 0 -1.87001e-20 -5.80642e-07 -1.57337e-06 -4.94146e-06 -4.72535e-20
0.18 0 -1.48673e-20 -1.09718e-06 -2.62498e-06 -9.33742e-06 -7.72886e-20
0.2 0 -1.08767e-19 -1.74418e-06 -3.91989e-06 -1.48436e-05 -2.97019e-19
0.22 0 1.84231e-19 -2.49397e-06 -5.40001e-06 -2.12246e-05 7.51646e-20
0.24 0 -1.63179e-19 -3.33714e-06 -7.04185e-06 -2.84002e-05 -2.54489e-19
0.26 0 1.27642e-19 -4.26088e-06 -8.82598e-06 -3.62615e-05 3.37378e-21
0.28 0 -3.06012e-19 -5.21641e-06 -1.06756e-05 -4.43935e-05 -6.14833e-19
0.3 0 1.93053e-19 -6.13094e-06 -1.24654e-05 -5.21764e-05 -2.24828e-19
0.32 0 -6.85918e-20 -6.96137e-06 -1.41074e-05 -5.92437e-05 -3.63397e-19
0.34 0 1.3277e-19 -7.72401e-06 -1.56064e-05 -6.5734e-05 -9.51746e-20
0.36 0 -1.53656e-19 -8.46705e-06 -1.70258e-05 -7.20575e-05 -4.05591e-19
0.38 0 -1.60323e-19 -9.22703e-06 -1.84237e-05 -7.85252e-05 -7.29475e-19
0.4 0 -1.28848e-19 -1.00119e-05 -1.98229e-05 -8.52045e-05 -9.89775e-19
0.42 0 -4.62996e-19 -1.0798e-05 -2.11944e-05 -9.18946e-05 -1.92512e-18
0.44 0 6.41163e-19 -1.15229e-05 -2.24321e-05 -9.80637e-05 -6.29842e-19
0.46 0 3.48275e-19 -1.20989e-05 -2.33707e-05 -0.000102966 7.37436e-20
0.48 0 1.51653e-19 -1.2471e-05 -2.3889e-05 -0.000106132 3.80113e-19
0.5 0 1.90032e-19 -1.267e-05 -2.40231e-05 -0.000107826 7.64015e-19
0.52 0 -4.61552e-19 -1.27867e-05 -2.39477e-05 -0.000108819 -1.68413e-19
0.54 0 -8.10581e-20 -1.28625e-05 -2.37917e-05 -0.000109464 -3.32167e-19
0.56 0 2.32823e-19 -1.27884e-05 -2.34294e-05 -0.000108833 1.38182e-19
0.58 0 -4.09267e-20 -1.23343e-05 -2.24864e-05 -0.00010497 5.55018e-20
0.6 0 2.07999e-19 -1.13304e-05 -2.06416e-05 -9.64253e-05 4.75702e-19
0.62 0 2.61996e-19 -9.82498e-06 -1.79395e-05 -8.3614e-05 1.00499e-18
0.64 0 -3.61266e-19 -8.02127e-06 -1.47333e-05 -6.82638e-05 2.75157e-19
0.66 0 3.41135e-20 -6.04391e-06 -1.13007e-05 -5.14357e-05 3.44073e-19
0.68 0 1.62747e-20 -3.81901e-06 -7.59893e-06 -3.25011e-05 3.76951e-19
0.7 0 -7.12679e-20 -1.20706e-06 -3.42658e-06 -1.02725e-05 2.32976e-19
0.72 0 -2.583e-20 1.7848e-06 1.24913e-06 1.51892e-05 1.80794e-19
0.74 0 -1.12769e-19 4.95147e-06 6.17208e-06 4.21387e-05 -4.70224e-20
0.76 0 -2.50346e-19 8.02022e-06 1.094e-05 6.82549e-05 -5.52771e-19
0.78 0 1.47515e-19 1.08021e-05 1.52067e-05 9.19299e-05 -2.5476e-19
0.8 0 4.82988e-19 1.3253e-05 1.88117e-05 0.000112788 7.20974e-19
0.82 0 3.22504e-19 1.54335e-05 2.1802e-05 0.000131344 1.3725e-18
0.84 0 -2.9442e-19 1.73885e-05 2.43044e-05 0.000147982 7.77711e-19
0.86 0 -2.01014e-19 1.90176e-05 2.629e-05 0.000161847 3.71622e-19
0.88 0 -3.2042e-19 2.00671e-05 2.74574e-05 0.000170778 -2.75691e-19
0.9 0 -1.79607e-19 2.03024e-05 2.74202e-05 0.00017278 -6.38533e-19
0.92 0 -9.53335e-21 1.9723e-05 2.60681e-05 0.00016785 -6.57792e-19
0.94 0 -1.01919e-19 1.85977e-05 2.37356e-05 0.000158273 -8.63689e-19
0.96 0 8.71606e-19 1.72555e-05 2.09758e-05 0.00014685 8.97131e-19
0.98 0 -1.67136e-19 1.58309e-05 1.81605e-05 0.000134727 5.59483e-19
1 0 9.49091e-20 1.42216e-05 1.53899e-05 0.000121031 7.51219e-19
1.02 0 -3.60833e-19 1.23067e-05 1.28293e-05 0.000104735 2.22636e-20
1.04 0 2.87367e-19 1.01889e-05 1.07992e-05 8.67113e-05 6.02803e-19
1.06 0 -1.62879e-19 8.19582e-06 9.40528e-06 6.97493e-05 2.73754e-19
1.08 0 -4.16358e-19 6.64294e-06 8.46326e-06 5.65338e-05 -5.67372e-19
1.1 0 9.60154e-20 5.5867e-06 7.82171e-06 4.75447e-05 -3.73402e-19
1.12 0 2.67665e-19 4.80076e-06 7.55933e-06 4.08561e-05 1.67336e-19
1.14 0 -1.62676e-19 3.99666e-06 7.89311e-06 3.4013e-05 -1.61302e-19
1.16 0 -2.46977e-20 3.0545e-06 8.77177e-06 2.59949e-05 -2.11197e-19
1.18 0 -7.24323e-20 2.07893e-06 9.6231e-06 1.76924e-05 -3.57525e-19
1.2 0 -1.63378e-21 1.28957e-06 9.87265e-06 1.09747e-05 -3.60825e-19
1.22 0 9.21223e-20 7.98349e-07 9.57621e-06 6.79423e-06 -1.7472e-19
1.24 0 1.00444e-19 4.4041e-07 9.18127e-06 3.74804e-06 2.81967e-20
1.26 0 9.64858e-21 -7.35329e-08 8.85304e-06 -6.2579e-07 4.76888e-20
1.28 0 6.96081e-21 -7.53723e-07 8.40024e-06 -6.41444e-06 6.1751e-20
1.3 0 1.38595e-20 -1.16049e-06 7.79905e-06 -9.87619e-06 8.975e-20
1.32 0 -5.36185e-21 -7.5591e-07 7.43093e-06 -6.43305e-06 7.8918e-20
1.34 0 1.07059e-20 5.52129e-07 7.65991e-06 4.69881e-06 1.00546e-19
1.36 0 -1.65151e-20 2.29268e-06 8.47402e-06 1.95115e-05 6.71822e-20
1.38 0 3.00925e-20 3.95036e-06 9.84372e-06 3.36189e-05 1.27975e-19
1.4 0 8.75628e-20 5.53992e-06 1.19609e-05 4.71467e-05 3.0487e-19
1.42 0 -3.36675e-19 7.5236e-06 1.47219e-05 6.40285e-05 -3.75281e-19
1.44 0 3.72435e-19 1.0194e-05 1.75274e-05 8.67545e-05 3.77114e-19
1.46 0 -1.53931e-19 1.32335e-05 1.98403e-05 0.000112622 6.61426e-20
1.48 0 -2.39212e-19 1.59098e-05 2.16163e-05 0.000135398 -4.17115e-19
1.5 0 7.27589e-19 1.7737e-05 2.317e-05 0.000150948 1.05276e-18
1.52 0 -4.60382e-20 1.89332e-05 2.47839e-05 0.000161128 9.59756e-19
1.54 0 -1.76211e-19 2.0124e-05 2.63807e-05 0.000171262 6.03775e-19
1.56 0 3.89814e-19 2.15263e-05 2.74106e-05 0.000183197 1.39128e-18
1.58 0 -8.39149e-19 2.25127e-05 2.71306e-05 0.000191591 -3.03972e-19
1.6 0 4.43866e-19 2.21367e-05 2.52152e-05 0.000188391 5.92727e-19
1.62 0 -8.71628e-19 2.01241e-05 2.21473e-05 0.000171263 -1.16814e-18
1.64 0 3.38568e-19 1.72515e-05 1.89339e-05 0.000146816 -4.84161e-19
1.66 0 8.53415e-19 1.46807e-05 1.63928e-05 0.000124937 1.23991e-18
1.68 0 2.47712e-20 1.28912e-05 1.45711e-05 0.000109709 1.28995e-18
1.7 0 -2.53874e-20 1.12254e-05 1.26443e-05 9.55317e-05 1.23866e-18
1.72 0 -2.11427e-20 8.50316e-06 9.45766e-06 7.23649e-05 1.19595e-18
1.74 0 -2.3381e-19 4.23621e-06 4.60843e-06 3.60516e-05 7.2361e-19
1.76 0 -1.94758e-20 -7.26873e-07 -8.63836e-07 -6.18594e-06 6.84264e-19
1.78 0 -3.15587e-19 -4.93493e-06 -5.29643e-06 -4.19979e-05 4.67146e-20
1.8 0 1.36297e-19 -7.79741e-06 -8.18066e-06 -6.63587e-05 3.22063e-19
1.82 0 -1.03325e-19 -1.0195e-05 -1.08609e-05 -8.67633e-05 1.13324e-19
1.84 0 -5.27506e-19 -1.35436e-05 -1.51901e-05 -0.000115261 -9.52345e-19
1.86 0 4.38798e-19 -1.8307e-05 -2.15662e-05 -0.000155799 -6.58846e-20
1.88 0 8.23709e-19 -2.34706e-05 -2.83975e-05 -0.000199743 1.59817e-18
1.9 0 3.55943e-19 -2.74376e-05 -3.34689e-05 -0.000233504 2.31725e-18
1.92 0 -1.24673e-18 -2.94367e-05 -3.58778e-05 -0.000250517 -2.01393e-19
1.94 0 1.12112e-19 -3.00988e-05 -3.67146e-05 -0.000256151 2.50962e-20
1.96 0 -2.38498e-19 -3.06907e-05 -3.78275e-05 -0.000261189 -4.56718e-19
1.98 0 3.18507e-20 -3.17524e-05 -3.98019e-05 -0.000270224 -3.92373e-19
2 0 1.65914e-19 -3.24447e-05 -4.11147e-05 -0.000276115 -5.71928e-20
2.02 0 3.19653e-19 -3.12458e-05 -3.93672e-05 -0.000265913 5.88571e-19
2.04 0 -9.57369e-19 -2.73102e-05 -3.34154e-05 -0.000232419 -1.34551e-18
2.06 0 3.03329e-19 -2.11906e-05 -2.43512e-05 -0.00018034 -7.3272e-19
2.08 0 -6.91881e-20 -1.43118e-05 -1.45204e-05 -0.000121798 -8.72494e-19
2.1 0 -2.66448e-19 -7.74215e-06 -5.57612e-06 -6.58884e-05 -1.41077e-18
2.12 0 5.59369e-19 -1.39246e-06 2.6967e-06 -1.18503e-05 -2.80734e-19
2.14 0 5.22888e-19 5.6175e-06 1.17465e-05 4.78069e-05 7.75605e-19
2.16 0 -2.24255e-19 1.3767e-05 2.23962e-05 0.000117162 3.22566e-19
2.18 0 -1.32627e-18 2.23285e-05 3.36059e-05 0.000190023 -2.35677e-18
2.2 0 1.97932e-18 2.97873e-05 4.31232e-05 0.0002535 1.64185e-18
2.22 0 2.71916e-20 3.50228e-05 4.92682e-05 0.000298056 1.69679e-18
2.24 0 -4.87108e-19 3.80877e-05 5.20922e-05 0.00032414 7.1273e-19
2.26 0 6.54491e-19 3.99621e-05 5.30776e-05 0.000340091 2.03493e-18
2.28 0 -2.0835e-19 4.1593e-05 5.38086e-05 0.000353971 1.61402e-18
2.3 0 -5.92314e-20 4.3076e-05 5.46923e-05 0.000366591 1.49437e-18
2.32 0 5.30496e-19 4.36744e-05 5.47785e-05 0.000371684 2.56607e-18
2.34 0 3.4196e-19 4.25985e-05 5.28373e-05 0.000362528 3.2569e-18
2.36 0 -1.64745e-19 3.97817e-05 4.86611e-05 0.000338556 2.92408e-18
2.38 0 1.10065e-19 3.5968e-05 4.33446e-05 0.0003061 3.14644e-18
2.4 0 -9.17047e-19 3.20755e-05 3.83202e-05 0.000272973 1.29382e-18
2.42 0 -5.31881e-19 2.84234e-05 3.41111e-05 0.000241893 2.1931e-19
2.44 0 2.2434e-19 2.45527e-05 3.00082e-05 0.000208952 6.72521e-19
2.46 0 1.64942e-19 1.97815e-05 2.49112e-05 0.000168347 1.00574e-18
2.48 0 -9.13742e-20 1.38928e-05 1.83812e-05 0.000118232 8.21143e-19
2.5 0 -1.96114e-19 7.36555e-06 1.09968e-05 6.26834e-05 4.24954e-19
2.52 0 -3.34e-20 1.05666e-06 3.9086e-06 8.99258e-06 3.5748e-19
2.54 0 -4.58637e-20 -4.42152e-06 -2.02167e-06 -3.76287e-05 2.64826e-19
2.56 0 1.39114e-20 -9.12587e-06 -6.82018e-06 -7.76643e-05 2.9293e-19
2.58 0 -2.8832e-19 -1.35655e-05 -1.11856e-05 -0.000115447 -2.89535e-19
2.6 0 6.51035e-19 -1.80084e-05 -1.56337e-05 -0.000153258 1.02569e-18
2.62 0 -3.7406e-19 -2.20169e-05 -1.97779e-05 -0.000187371 2.7001e-19
2.64 0 -2.93059e-19 -2.46613e-05 -2.23686e-05 -0.000209877 -3.22028e-19
2.66 0 -1.94127e-19 -2.51855e-05 -2.21123e-05 -0.000214338 -7.14203e-19
2.68 0 7.50182e-20 -2.35986e-05 -1.87969e-05 -0.000200832 -5.62651e-19
2.7 0 7.27965e-19 -2.06941e-05 -1.37108e-05 -0.000176114 9.07985e-19
2.72 0 5.24253e-19 -1.73845e-05 -8.68103e-06 -0.000147948 1.96708e-18
2.74 0 -5.95367e-19 -1.39204e-05 -4.50275e-06 -0.000118467 7.64321e-19
2.76 0 2.08138e-19 -9.81363e-06 -4.25698e-07 -8.35174e-05 1.1848e-18
2.78 0 -3.68968e-19 -4.62893e-06 4.59711e-06 -3.93938e-05 4.39412e-19
2.8 0 -1.36073e-19 1.28734e-06 1.03387e-05 1.09557e-05 1.64516e-19
2.82 0 -1.22742e-19 7.06078e-06 1.53381e-05 6.00897e-05 -8.34482e-20
2.84 0 -2.9775e-19 1.21568e-05 1.84112e-05 0.000103459 -6.84963e-19
2.86 0 1.8356e-19 1.67393e-05 1.97176e-05 0.000142457 -3.14134e-19
2.88 0 4.64934e-19 2.11238e-05 2.01907e-05 0.000179771 6.25127e-19
2.9 0 -4.82937e-19 2.50478e-05 2.01579e-05 0.000213166 -3.50503e-19
2.92 0 3.68459e-19 2.76284e-05 1.87725e-05 0.000235128 3.93858e-19
2.94 0 -1.29096e-19 2.80673e-05 1.48039e-05 0.000238863 1.33058e-19
2.96 0 3.55882e-19 2.63654e-05 7.88673e-06 0.000224379 8.52011e-19
2.98 0 -1.82985e-19 2.32936e-05 -1.03786e-06 0.000198236 4.82344e-19
3 0 -2.0851e-19 1.96378e-05 -1.04693e-05 0.000167124 6.11109e-20
3.02 0 -8.92635e-20 1.54805e-05 -1.95286e-05 0.000131745 -1.19219e-19
3.04 0 2.90729e-20 1.02524e-05 -2.84316e-05 8.72515e-05 -6.04862e-20
3.06 0 2.30125e-20 3.53405e-06 -3.77719e-05 3.0076e-05 -1.39962e-20
3.08 0 7.18104e-19 -4.20803e-06 -4.73699e-05 -3.58118e-05 1.43672e-18
3.1 0 -1.48449e-19 -1.18044e-05 -5.60363e-05 -0.00010046 1.13682e-18
3.12 0 -1.36785e-18 -1.84451e-05 -6.26864e-05 -0.000156974 -1.62652e-18
3.14 0 1.54511e-18 -2.44973e-05 -6.75152e-05 -0.000208481 1.49491e-18
3.16 0 -1.71957e-18 -3.10159e-05 -7.16355e-05 -0.000263956 -1.97897e-18
3.18 0 1.4906e-18 -3.84065e-05 -7.55747e-05 -0.000326853 1.03234e-18
3.2 0 -2.51746e-19 -4.58151e-05 -7.85757e-05 -0.000389902 5.23758e-19
3.22 0 -1.59842e-18 -5.19354e-05 -7.94849e-05 -0.000441989 -2.70537e-18
3.24 0 5.44061e-19 -5.61796e-05 -7.79059e-05 -0.000478108 -1.60626e-18
3.26 0 -3.00824e-18 -5.88789e-05 -7.42574e-05 -0.00050108 -7.68352e-18
3.28 0 1.01443e-18 -6.05382e-05 -6.90275e-05 -0.000515201 -5.63417e-18
3.3 0 3.40649e-18 -6.11217e-05 -6.22427e-05 -0.000520167 1.24762e-18
3.32 0 -5.3559e-19 -6.00653e-05 -5.36182e-05 -0.000511176 1.65618e-19
3.34 0 4.05778e-19 -5.68805e-05 -4.31412e-05 -0.000484073 9.85371e-19
3.36 0 2.88495e-19 -5.16133e-05 -3.13499e-05 -0.000439248 1.56819e-18
3.38 0 -4.81568e-19 -4.46488e-05 -1.88667e-05 -0.000379977 5.95325e-19
3.4 0 -7.15277e-19 -3.62159e-05 -5.79195e-06 -0.00030821 -8.49679e-19
3.42 0 3.93106e-19 -2.62802e-05 8.16003e-06 -0.000223654 -5.55258e-20
3.44 0 2.80001e-19 -1.48743e-05 2.29612e-05 -0.000126585 5.10132e-19
3.46 0 -1.12414e-18 -2.35239e-06 3.79285e-05 -2.00197e-05 -1.76086e-18
3.48 0 1.3961e-18 1.07036e-05 5.20666e-05 9.10911e-05 1.05954e-18
3.5 0 -1.46468e-18 2.37438e-05 6.46197e-05 0.000202068 -1.89941e-18
3.52 0 -5.11762e-19 3.64127e-05 7.53525e-05 0.000309885 -2.93327e-18
3.54 0 -8.04957e-19 4.85124e-05 8.44424e-05 0.000412857 -4.55945e-18
3.56 0 -6.13789e-20 5.97939e-05 9.20572e-05 0.000508867 -4.68345e-18
3.58 0 3.63733e-18 6.97235e-05 9.7842e-05 0.000593371 2.6647e-18
3.6 0 -2.27749e-18 7.75246e-05 0.000100845 0.000659761 -1.9363e-18
3.62 0 -2.00651e-18 8.26644e-05 0.000100274 0.000703503 -5.98986e-18
3.64 0 1.64246e-18 8.5388e-05 9.65446e-05 0.000726682 -2.67175e-18
3.66 0 7.67208e-19 8.661e-05 9.13775e-05 0.000737081 -1.12184e-18
3.68 0 6.20589e-19 8.7052e-05 8.6471e-05 0.000740843 1.3188e-19
3.7 0 -1.00711e-18 8.64626e-05 8.19512e-05 0.000735826 -1.9027e-18
3.72 0 6.12715e-19 8.37978e-05 7.63261e-05 0.000713148 -6.64888e-19
3.74 0 1.9592e-18 7.8188e-05 6.80185e-05 0.000665407 3.29308e-18
3.76 0 -7.61742e-19 6.96953e-05 5.68457e-05 0.000593131 1.75421e-18
3.78 0 -1.85717e-18 5.91778e-05 4.40389e-05 0.000503624 -1.99764e-18
3.8 0 3.05375e-19 4.751e-05 3.1022e-05 0.000404327 -1.38072e-18
3.82 0 3.86278e-19 3.49401e-05 1.8238e-05 0.000297352 -6.00362e-19
3.84 0 1.95979e-19 2.11086e-05 4.9747e-06 0.000179641 -2.04445e-19
3.86 0 -9.88657e-20 5.67497e-06 -9.73519e-06 4.8296e-05 -4.04174e-19
3.88 0 6.10826e-19 -1.09755e-05 -2.58394e-05 -9.34055e-05 8.29819e-19
3.9 0 -1.07817e-18 -2.75505e-05 -4.16982e-05 -0.000234464 -1.3483e-18
3.92 0 -6.36639e-20 -4.24033e-05 -5.48509e-05 -0.000360867 -1.47691e-18
3.94 0 1.45079e-18 -5.4378e-05 -6.35343e-05 -0.000462776 1.45397e-18
3.96 0 1.28137e-18 -6.32158e-05 -6.76021e-05 -0.000537988 4.04261e-18
3.98 0 -2.05994e-18 -6.92357e-05 -6.81226e-05 -0.00058922 -1.1888e-19
4 0 -7.80718e-19 -7.26217e-05 -6.60892e-05 -0.000618036 -1.69609e-18
4.02 0 2.46267e-18 -7.29606e-05 -6.13932e-05 -0.000620921 3.279e-18
4.04 0 -1.21273e-18 -6.95436e-05 -5.31317e-05 -0.00059184 8.29026e-19
4.06 0 1.28092e-18 -6.22148e-05 -4.10684e-05 -0.000529469 3.41674e-18
4.08 0 8.90518e-19 -5.18484e-05 -2.6635e-05 -0.000441248 5.21577e-18
4.1 0 -3.16399e-18 -3.98728e-05 -1.2252e-05 -0.000339331 -1.17614e-18
4.12 0 1.04695e-18 -2.74278e-05 1.73785e-07 -0.000233421 9.38908e-19
4.14 0 -5.59456e-19 -1.51048e-05 9.85455e-06 -0.000128547 -1.91306e-19
4.16 0 -3.59713e-20 -3.27988e-06 1.66232e-05 -2.79129e-05 -2.63975e-19
4.18 0 4.11391e-19 7.66262e-06 2.04836e-05 6.52116e-05 5.67118e-19
4.2 0 1.92195e-19 1.74851e-05 2.17513e-05 0.000148805 9.55391e-19
4.22 0 -6.62623e-19 2.61973e-05 2.11186e-05 0.000222948 -3.83242e-19
4.24 0 4.32213e-19 3.38786e-05 1.92833e-05 0.000288319 4.89916e-19
4.26 0 -8.46556e-19 4.0536e-05 1.67185e-05 0.000344975 -1.2203e-18
4.28 0 -5.94748e-19 4.61248e-05 1.38094e-05 0.000392538 -2.42181e-18
4.3 0 7.22782e-19 5.0582e-05 1.09754e-05 0.00043047 -9.61645e-19
4.32 0 3.17131e-19 5.3867e-05 8.6679e-06 0.000458427 -3.20977e-19
4.34 0 1.11323e-19 5.59913e-05 7.27648e-06 0.000476505 -9.60818e-20
4.36 0 1.31235e-18 5.68168e-05 6.69943e-06 0.000483531 2.55514e-18
4.38 0 -6.64409e-19 5.57182e-05 5.8012e-06 0.000474182 1.2129e-18
4.4 0 1.19404e-19 5.1584e-05 2.53321e-06 0.000438998 1.45412e-18
4.42 0 -5.07455e-19 4.32964e-05 -5.17473e-06 0.000368467 4.28955e-19
4.44 0 -3.02901e-19 3.03376e-05 -1.84115e-05 0.000258184 -1.82967e-19
4.46 0 1.60291e-19 1.30733e-05 -3.68045e-05 0.000111258 1.40853e-19
4.48 0 -4.80514e-19 -7.53065e-06 -5.89087e-05 -6.40885e-05 -8.29882e-19
4.5 0 1.59045e-18 -3.04963e-05 -8.32028e-05 -0.000259534 2.38314e-18
4.52 0 -2.23362e-18 -5.51956e-05 -0.000108875 -0.000469734 -2.12922e-18
4.54 0 2.83269e-18 -8.12476e-05 -0.000135755 -0.000691445 3.59337e-18
4.56 0 -8.10184e-19 -0.000108077 -0.000163395 -0.000919773 1.95664e-18
4.58 0 -4.14246e-18 -0.000134485 -0.000190076 -0.00114452 -6.41196e-18
4.6 0 2.9517e-18 -0.0001587 -0.000212883 -0.00135059 -4.48938e-19
4.62 0 6.2236e-18 -0.000178979 -0.000229105 -0.00152317 1.2124e-17
4.64 0 -1.1285e-17 -0.000194148 -0.000237532 -0.00165227 -1.0674e-17
4.66 0 6.6515e-18 -0.000203545 -0.000238207 -0.00173223 2.76341e-18
4.68 0 -6.68617e-19 -0.000206634 -0.000231163 -0.00175853 1.7277e-17
4.7 0 -7.67776e-18 -0.000202836 -0.00021563 -0.00172621 -2.28692e-17
4.72 0 3.19405e-18 -0.000191586 -0.00019035 -0.00163046 -7.87082e-18
4.74 0 7.70714e-18 -0.000172507 -0.000154511 -0.0014681 7.69917e-18
4.76 0 -6.69704e-18 -0.000145745 -0.000108699 -0.00124034 -5.83021e-18
4.78 0 1.18215e-18 -0.00011232 -5.51935e-05 -0.000955886 -3.44203e-18
4.8 0 8.06326e-19 -7.40975e-05 2.73037e-06 -0.000630596 -1.81308e-18
4.82 0 -2.3537e-19 -3.32546e-05 6.1964e-05 -0.000283008 -2.28858e-18
4.84 0 6.07669e-19 8.37357e-06 0.000120241 7.1262e-05 -1.06097e-18
4.86 0 -4.02258e-19 4.97343e-05 0.000176251 0.000423256 -1.87361e-18
4.88 0 7.87393e-19 9.06328e-05 0.000229682 0.000771317 -2.82916e-19
4.9 0 2.67288e-19 0.00013133 0.000281045 0.00111766 2.5706e-19
4.92 0 -3.32766e-18 0.000171785 0.000330875 0.00146195 2.02072e-18
4.94 0 1.43964e-18 0.000211123 0.000378718 0.00179673 5.0686e-18
4.96 0 -1.20572e-17 0.000247848 0.000422939 0.00210928 -2.6727e-17
4.98 0 -1.94575e-18 0.000280565 0.000461546 0.0023877 -1.40357e-17
5 0 -1.10801e-17 0.000308462 0.000493107 0.00262512 -1.58848e-17
5.02 0 -6.89287e-19 0.000331134 0.000516865 0.00281807 -2.09689e-17
5.04 0 -1.42046e-17 0.000347949 0.000531931 0.00296117 -3.68311e-17
5.06 0 -1.40046e-17 0.000357526 0.000536298 0.00304267 -2.37772e-17
5.08 0 -2.18777e-18 0.000357814 0.000526601 0.00304512 2.52458e-17
5.1 0 4.54757e-18 0.000346757 0.000499096 0.00295102 2.93815e-17
5.12 0 -1.21453e-18 0.000323071 0.00045126 0.00274945 2.33152e-17
5.14 0 -7.47867e-18 0.00028644 0.000382568 0.0024377 8.79487e-18
5.16 0 8.42107e-19 0.000236997 0.000293736 0.00201692 1.04961e-17
5.18 0 -8.63653e-18 0.000174686 0.000185274 0.00148664 -6.95143e-18
5.2 0 -3.39028e-18 9.93096e-05 5.7124e-05 0.000845159 -1.38005e-17
5.22 0 4.53658e-18 1.15485e-05 -8.96627e-05 9.82816e-05 -4.63567e-18
5.24 0 -4.02886e-18 -8.57245e-05 -0.000250326 -0.000729545 -7.27998e-18
5.26 0 3.17753e-18 -0.000187108 -0.000415444 -0.00159236 1.46018e-17
5.28 0 -1.64532e-18 -0.000286041 -0.00057318 -0.00243431 3.26729e-17
5.3 0 8.24656e-20 -0.00037693 -0.000713141 -0.00320781 4.59535e-17
5.32 0 -1.94116e-17 -0.000456221 -0.000828549 -0.0038826 1.91848e-17
5.34 0 -3.87636e-18 -0.000521666 -0.000915281 -0.00443956 -6.72284e-17
5.36 0 2.8099e-17 -0.000570705 -0.000969768 -0.0048569 4.23709e-17
5.38 0 7.08998e-20 -0.000599978 -0.000989001 -0.00510603 1.77065e-17
5.4 0 3.87456e-17 -0.000608678 -0.000974515 -0.00518006 3.24534e-17
5.42 0 -5.82469e-18 -0.000600968 -0.000934199 -0.00511445 -2.82093e-17
5.44 0 -1.19623e-17 -0.000580692 -0.000875138 -0.00494189 -6.02991e-18
5.46 0 -6.45014e-18 -0.000548286 -0.000798379 -0.00466611 -1.70914e-17
5.48 0 -8.63493e-18 -0.000501486 -0.000700839 -0.00426782 -2.38623e-17
5.5 0 1.11344e-17 -0.000438588 -0.000581838 -0.00373253 -1.23467e-17
5.52 0 6.23697e-18 -0.000361403 -0.000446006 -0.00307567 4.51938e-17
5.54 0 -2.139e-17 -0.000273431 -0.00029938 -0.00232699 -9.87501e-19
5.56 0 -4.74461e-18 -0.000178316 -0.0001472 -0.00151753 3.96233e-19
5.58 0 -3.39727e-18 -7.94258e-05 5.39314e-06 -0.000675941 6.69111e-18
5.6 0 -1.66864e-18 1.90306e-05 0.000151544 0.000161957 3.09501e-18
5.62 0 -2.64024e-18 0.000111767 0.000283259 0.000951179 2.71276e-18
5.64 0 3.47098e-18 0.000193848 0.000394004 0.00164972 7.92312e-19
5.66 0 9.11244e-19 0.000262315 0.000480636 0.0022324 5.83503e-18
5.68 0 2.13944e-18 0.00031631 0.000542858 0.00269191 9.78504e-18
5.7 0 1.3514e-17 0.000355904 0.000581553 0.00302887 2.34309e-17
5.72 0 -1.56431e-17 0.00038132 0.000598426 0.00324517 2.05249e-17
5.74 0 -1.45539e-17 0.000393341 0.000597099 0.00334747 -1.03074e-17
5.76 0 -3.83309e-18 0.000393922 0.000583387 0.00335241 -3.1139e-17
5.78 0 7.38174e-18 0.000385699 0.000563225 0.00328243 1.34207e-17
5.8 0 6.92129e-18 0.000370432 0.00053938 0.00315251 2.14496e-17
5.82 0 -1.62359e-17 0.000348115 0.00051055 0.00296258 -2.71251e-17
5.84 0 6.48255e-18 0.000318091 0.00047479 0.00270706 -1.4029e-17
5.86 0 1.55833e-17 0.000280844 0.000433019 0.00239008 1.74523e-17
5.88 0 6.35357e-19 0.000238305 0.000388458 0.00202806 1.87359e-17
5.9 0 -2.99291e-18 0.00019283 0.000343915 0.00164105 1.26896e-17
5.92 0 -1.55237e-18 0.000146114 0.000300047 0.00124348 1.53269e-18
5.94 0 -1.08322e-17 9.84678e-05 0.000254969 0.000837995 -1.53636e-17
5.96 0 4.6408e-18 4.85988e-05 0.000204249 0.000413593 5.85362e-18
5.98 0 -1.63235e-18 -5.79352e-06 0.000141713 -4.93049e-05 7.27729e-20
6 0 1.01194e-18 -6.63903e-05 6.23353e-05 -0.000565005 -2.45887e-18
6.02 0 -5.25497e-18 -0.000132153 -3.34705e-05 -0.00112467 2.62467e-18
6.04 0 -1.28274e-18 -0.000197914 -0.000137461 -0.00168432 -2.32801e-18
6.06 0 7.92816e-18 -0.000255753 -0.000236322 -0.00217655 4.95396e-18
6.08 0 -7.71615e-18 -0.000299268 -0.000319104 -0.00254687 2.94911e-18
6.1 0 9.98806e-18 -0.000327172 -0.00038372 -0.00278435 8.16335e-18
6.12 0 3.38198e-18 -0.000342938 -0.000436316 -0.00291852 2.23787e-17
6.14 0 1.44644e-17 -0.000350262 -0.000483944 -0.00298086 1.7028e-19
6.16 0 -3.9898e-19 -0.000348646 -0.000527286 -0.0029671 -1.11433e-17
6.18 0 -3.8023e-18 -0.000333757 -0.000559982 -0.00284039 7.62788e-18
6.2 0 -1.78122e-18 -0.000302292 -0.000575092 -0.00257261 -6.66469e-18
6.22 0 1.49894e-17 -0.000257 -0.000572796 -0.00218716 3.32068e-17
6.24 0 1.15373e-17 -0.000211156 -0.000558692 -0.00179701 1.90347e-17
6.26 0 5.56089e-18 -0.0001713 -0.000535043 -0.00145782 1.58656e-17
6.28 0 9.8018e-18 -0.000118715 -0.000497689 -0.00101031 2.85201e-17
6.3 0 -1.35162e-17 -3.41016e-05 -0.000435878 -0.000290216 -6.88079e-18
6.32 0 9.61e-19 0.000168257 -0.000359371 0.00143193 -7.84456e-18
6.34 0 2.88361e-19 0.000458347 -0.000282118 0.00390069 -1.54275e-18
6.36 0 -1.94052e-18 0.0006682 -0.000182079 0.00568661 8.18541e-18
6.38 0 1.07001e-17 0.000795459 -6.22374e-05 0.00676963 1.71469e-17
6.4 0 1.22794e-17 0.000892207 5.72742e-05 0.00759299 2.00835e-17
6.42 0 -1.42739e-17 0.000968164 0.000171887 0.00823942 1.78176e-17
6.44 0 1.18079e-17 0.00102577 0.000273967 0.00872967 6.65064e-17
6.46 0 1.9451e-17 0.00106725 0.000356187 0.00908267 4.40058e-17
6.48 0 -6.63135e-18 0.00108273 0.000412143 0.0092144 2.54878e-17
6.5 0 -4.38563e-17 0.001065 0.000440095 0.00906354 -6.52517e-17
6.52 0 3.20068e-17 0.00102656 0.000443983 0.00873637 3.63619e-17
6.54 0 -4.65852e-17 0.000975641 0.000434026 0.00830305 2.07473e-17
6.56 0 -5.60826e-18 0.000917029 0.000415925 0.00780424 -9.07328e-18
6.58 0 -1.47877e-18 0.000843171 0.000387264 0.00717568 -7.85782e-18
6.6 0 1.6275e-17 0.000746275 0.000344495 0.00635106 1.25249e-17
6.62 0 -2.58483e-18 0.000622552 0.000291684 0.00529813 -2.00774e-17
6.64 0 9.40285e-19 0.000479856 0.000238788 0.00408374 -4.68328e-17
6.66 0 1.48427e-17 0.000333738 0.000193642 0.00284023 8.91635e-19
6.68 0 -2.29856e-18 0.000193881 0.000157064 0.00164999 -1.1528e-17
6.7 0 3.39242e-19 5.37745e-05 0.000125306 0.000457639 -1.86555e-17
6.72 0 2.8424e-18 -9.74451e-05 9.51761e-05 -0.000829292 3.67269e-18
6.74 0 -7.54161e-19 -0.000260441 6.66131e-05 -0.00221644 -7.40786e-19
6.76 0 -1.7264e-18 -0.000427242 4.09407e-05 -0.00363598 -1.71172e-19
6.78 0 -3.58567e-18 -0.000590326 1.67384e-05 -0.00502388 5.19731e-18
6.8 0 -1.25484e-17 -0.000732249 -1.24369e-05 -0.00623169 -1.98812e-18
6.82 0 4.15807e-18 -0.000824282 -5.48951e-05 -0.00701492 7.75374e-18
6.84 0 3.48221e-18 -0.000865065 -0.000113992 -0.007362 -1.17701e-17
6.86 0 -1.46374e-17 -0.000900072 -0.000181102 -0.00765993 -5.7523e-18
6.88 0 2.05133e-17 -0.000932511 -0.00024972 -0.00793599 1.50208e-17
6.9 0 -1.67416e-18 -0.000949136 -0.000316213 -0.00807748 5.13757e-17
6.92 0 1.69097e-17 -0.000956115 -0.000377462 -0.00813687 1.08499e-16
6.94 0 4.47104e-18 -0.000948516 -0.000434397 -0.0080722 2.38733e-18
6.96 0 1.55566e-17 -0.000927924 -0.000483353 -0.00789696 -3.50054e-17
6.98 0 -1.34754e-17 -0.000891519 -0.000518196 -0.00758714 -3.32455e-17
7 0 2.07347e-17 -0.000835923 -0.000530274 -0.007114 5.22618e-17
7.02 0 -1.37077e-18 -0.000756153 -0.000512773 -0.00643512 2.96213e-17
7.04 0 2.91749e-18 -0.000651257 -0.000466201 -0.00554243 3.74804e-17
7.06 0 6.57949e-18 -0.000523341 -0.000398835 -0.00445381 8.27178e-18
7.08 0 -1.13604e-17 -0.000377335 -0.000321442 -0.00321126 -3.31752e-17
7.1 0 6.50783e-18 -0.000219483 -0.000241367 -0.00186787 -1.18973e-17
7.12 0 8.1279e-18 -5.90177e-05 -0.000162052 -0.000502262 5.70889e-18
7.14 0 -8.64917e-19 9.15211e-05 -8.55874e-05 0.000778876 2.16898e-18
7.16 0 2.70341e-18 0.000218553 -1.43922e-05 0.00185996 3.32553e-18
7.18 0 -2.24752e-18 0.000310312 4.95977e-05 0.00264087 9.19752e-18
7.2 0 6.7185e-18 0.000356955 0.000104222 0.00303781 1.76997e-17
7.22 0 -2.02887e-18 0.000376799 0.000145212 0.0032067 3.46683e-18
7.24 0 4.73454e-18 0.00038861 0.000175971 0.00330721 -1.00416e-17
7.26 0 -1.39309e-17 0.000389019 0.000208387 0.00331068 -1.40091e-17
7.28 0 -9.76687e-18 0.000383682 0.000249587 0.00326527 -2.94592e-17
7.3 0 -2.27166e-17 0.000375792 0.000298987 0.00319812 -3.9473e-17
7.32 0 -9.28323e-18 0.000364114 0.000351684 0.00309874 -5.15999e-17
7.34 0 1.96212e-17 0.00034803 0.000403974 0.00296186 4.17684e-17
7.36 0 8.22223e-18 0.000326436 0.000454927 0.00277808 5.75646e-17
7.38 0 -3.16667e-17 0.000298136 0.0005023 0.00253724 -1.34024e-17
7.4 0 3.79867e-18 0.000261179 0.000540754 0.00222272 -3.97195e-17
7.42 0 1.4041e-17 0.000214251 0.000564229 0.00182335 -1.42196e-17
7.44 0 5.89482e-18 0.000157905 0.000568883 0.00134383 -6.52233e-18
7.46 0 8.62554e-18 9.50534e-05 0.000553589 0.000808938 3.49473e-17
7.48 0 -5.37693e-18 2.92599e-05 0.000517823 0.000249012 5.53276e-18
7.5 0 -3.98297e-18 -3.71177e-05 0.000460183 -0.000315885 -2.83577e-18
7.52 0 3.59321e-18 -0.000103195 0.000379402 -0.000878226 -5.89286e-19
7.54 0 2.37105e-19 -0.000167345 0.000277819 -0.00142416 3.65187e-18
7.56 0 -1.7268e-18 -0.000229407 0.000162492 -0.00195233 -1.07159e-17
7.58 0 -1.86502e-18 -0.000289486 3.99888e-05 -0.00246363 -1.53469e-17
7.6 0 4.5021e-18 -0.000342613 -8.72383e-05 -0.00291576 2.08068e-17
7.62 0 -1.34472e-18 -0.00038701 -0.000216395 -0.00329359 -3.61064e-18
7.64 0 -1.36204e-17 -0.000422631 -0.000341027 -0.00359674 -5.97973e-18
7.66 0 1.44088e-17 -0.000446311 -0.00045204 -0.00379826 5.0912e-17
7.68 0 7.05315e-18 -0.000454355 -0.000540325 -0.00386672 1.87139e-17
7.7 0 2.93399e-18 -0.000442858 -0.000599866 -0.00376887 1.59559e-17
7.72 0 -7.0773e-18 -0.000409831 -0.000627565 -0.0034878 1.94359e-17
7.74 0 -1.31823e-17 -0.000355113 -0.000621528 -0.00302214 -1.91737e-17
7.76 0 1.41373e-18 -0.000281559 -0.000582393 -0.00239617 -3.13289e-18
7.78 0 -8.22712e-18 -0.00019496 -0.000515632 -0.00165918 -1.60734e-17
7.8 0 -3.67517e-18 -0.000102285 -0.000430299 -0.00087048 -6.49926e-18
7.82 0 -3.29269e-18 -9.66284e-06 -0.000335305 -8.22341e-05 -3.80682e-18
7.84 0 1.3696e-19 7.83033e-05 -0.000236042 0.000666389 -8.53516e-19
7.86 0 3.05491e-18 0.000158277 -0.00013369 0.00134699 -1.36926e-19
7.88 0 -4.03625e-19 0.000228302 -2.75404e-05 0.00194293 -4.84277e-19
7.9 0 4.41415e-18 0.000285817 8.14709e-05 0.0024324 1.49478e-17
7.92 0 -1.07071e-17 0.000334381 0.000188646 0.0028457 -8.83903e-18
7.94 0 1.17663e-17 0.000373499 0.000290366 0.00317861 -1.67513e-17
7.96 0 1.1487e-17 0.000401177 0.000386403 0.00341416 1.23036e-17
7.98 0 -1.96487e-17 0.000421195 0.000477822 0.00358451 -4.13305e-17
8 0 -4.34033e-19 0.000434772 0.000564448 0.00370006 -1.75729e-17
8.02 0 1.17831e-17 0.000441596 0.000642248 0.00375813 2.4503e-17
8.04 0 8.72813e-18 0.000438194 0.000705369 0.00372918 -1.85416e-17
8.06 0 -1.47029e-17 0.000421383 0.000748508 0.00358612 -3.32345e-17
8.08 0 5.2526e-18 0.000389318 0.000767127 0.00331323 -5.37879e-17
8.1 0 -3.92023e-18 0.000341829 0.000756557 0.00290909 -3.89813e-17
8.12 0 -8.28417e-18 0.00028016 0.000713979 0.00238426 -1.67501e-17
8.14 0 1.35442e-17 0.000206065 0.000640245 0.00175369 -3.56969e-18
8.16 0 -1.97439e-18 0.00012057 0.000538722 0.00102609 -1.95536e-17
8.18 0 3.6585e-18 2.45347e-05 0.000413133 0.000208799 -5.53414e-18
8.2 0 6.50695e-19 -7.95396e-05 0.00026691 -0.00067691 -1.24514e-19
8.22 0 1.05755e-18 -0.000186182 0.000104948 -0.00158448 3.49878e-19
8.24 0 4.65244e-18 -0.000286991 -6.50015e-05 -0.0024424 2.06846e-17
8.26 0 3.69714e-19 -0.000373131 -0.000233545 -0.00317547 7.06004e-18
8.28 0 1.72831e-18 -0.000448156 -0.000391775 -0.00381397 1.32827e-17
8.3 0 -2.13247e-18 -0.000512213 -0.000535396 -0.00435911 -1.15899e-17
8.32 0 -2.85696e-17 -0.000561976 -0.000662872 -0.00478261 -1.21197e-17
8.34 0 -3.73113e-18 -0.000597993 -0.000771084 -0.00508913 -3.27106e-18
8.36 0 7.81576e-18 -0.000616872 -0.000855126 -0.00524979 2.77957e-18
8.38 0 2.9039e-18 -0.000617446 -0.000909734 -0.00525468 -2.60472e-18
8.4 0 5.38096e-17 -0.000600336 -0.000933503 -0.00510907 9.32303e-17
8.42 0 -8.88103e-19 -0.000569148 -0.000930399 -0.00484365 4.77765e-17
8.44 0 2.28904e-17 -0.000526118 -0.000905088 -0.00447744 5.67289e-17
8.46 0 -2.5709e-17 -0.000470754 -0.000856378 -0.00400628 6.4884e-18
8.48 0 -1.02668e-17 -0.000401356 -0.000778841 -0.00341568 3.50292e-17
8.5 0 -6.60795e-18 -0.000318962 -0.000672393 -0.00271448 8.27851e-18
8.52 0 9.34438e-18 -0.00022823 -0.000545433 -0.00194231 2.46801e-17
8.54 0 -4.40213e-18 -0.000134327 -0.000407626 -0.00114317 1.29756e-17
8.56 0 2.91367e-18 -4.074e-05 -0.000263483 -0.000346711 8.59694e-18
8.58 0 -8.70836e-19 5.02104e-05 -0.000113185 0.000427308 -4.74188e-18
8.6 0 3.59554e-20 0.000134668 4.12345e-05 0.00114607 -7.77168e-20
8.62 0 4.86394e-20 0.000209357 0.000192123 0.0017817 -3.78023e-18
8.64 0 8.11951e-18 0.000273212 0.000329578 0.00232513 -1.33846e-18
8.66 0 2.15656e-18 0.00032329 0.000448031 0.00275131 5.563e-19
8.68 0 4.39483e-18 0.000359644 0.000547329 0.00306069 7.59168e-18
8.7 0 -5.69107e-18 0.00038455 0.000629342 0.00327266 -5.97629e-18
8.72 0 6.42167e-18 0.000398284 0.000694429 0.00338953 -4.57421e-17
8.74 0 -5.56974e-18 0.000400684 0.00074088 0.00340996 -1.00229e-17
8.76 0 1.33519e-17 0.00039148 0.000767461 0.00333164 1.76154e-17
8.78 0 -2.61766e-18 0.000371952 0.000775482 0.00316545 7.32116e-18
8.8 0 9.28958e-18 0.00034324 0.000766771 0.00292109 2.62201e-17
8.82 0 1.45018e-17 0.000304001 0.000738206 0.00258716 1.84301e-17
8.84 0 1.72507e-17 0.000251658 0.000682831 0.0021417 -7.27625e-18
8.86 0 -3.78278e-18 0.000186192 0.000598824 0.00158456 -1.42379e-17
8.88 0 1.59252e-17 0.00011111 0.000492752 0.000945588 1.06604e-17
8.9 0 6.19616e-18 3.11375e-05 0.000373618 0.000264991 1.49216e-17
8.92 0 -4.17885e-18 -4.98355e-05 0.000246755 -0.000424118 2.56686e-18
8.94 0 1.78307e-20 -0.000128331 0.000113601 -0.00109214 2.95099e-19
8.96 0 -1.89259e-18 -0.00020097 -2.35761e-05 -0.00171032 -3.2731e-18
8.98 0 4.12855e-18 -0.000267581 -0.000158368 -0.00227721 -1.79942e-18
9 0 2.71576e-18 -0.000325132 -0.000283067 -0.00276699 5.24112e-18
9.02 0 -1.4167e-17 -0.000370676 -0.000392415 -0.00315458 -1.6013e-17
9.04 0 -2.20551e-17 -0.000404561 -0.0004849 -0.00344295 -5.40487e-17
9.06 0 5.87596e-18 -0.000426241 -0.000561225 -0.00362746 -9.20829e-18
9.08 0 2.64814e-17 -0.000435772 -0.000621124 -0.00370857 2.77278e-17
9.1 0 -1.07944e-17 -0.000432816 -0.00066259 -0.00368341 -1.85553e-17
9.12 0 2.41729e-17 -0.000417832 -0.000683353 -0.0035559 2.55326e-17
9.14 0 -9.856e-18 -0.000391972 -0.000683441 -0.00333582 2.25536e-17
9.16 0 1.15852e-17 -0.000356084 -0.000664535 -0.0030304 2.9439e-17
9.18 0 -1.92013e-17 -0.00030988 -0.000627202 -0.00263719 -1.98485e-17
9.2 0 2.66805e-17 -0.000254157 -0.000572687 -0.00216297 4.81029e-17
9.22 0 -1.25093e-17 -0.000192607 -0.00050668 -0.00163915 -1.20162e-17
9.24 0 -7.24259e-19 -0.000130274 -0.000436804 -0.00110867 3.95759e-18
9.26 0 5.77221e-19 -6.9882e-05 -0.000365766 -0.00059472 -1.73233e-17
9.28 0 4.21496e-18 -1.03608e-05 -0.000289084 -8.8174e-05 -2.0766e-18
9.3 0 5.72521e-19 4.99019e-05 -0.000201049 0.000424682 -3.50234e-18
9.32 0 3.31958e-19 0.00010757 -0.000103359 0.00091546 -2.57515e-18
9.34 0 8.27711e-19 0.000158068 -6.03051e-06 0.00134521 6.327e-19
9.36 0 1.97153e-19 0.000200044 8.21445e-05 0.00170244 7.1929e-19
9.38 0 -1.69986e-17 0.000232846 0.00016191 0.0019816 -6.40129e-18
9.4 0 5.83503e-18 0.000260163 0.000239979 0.00221407 -1.05382e-17
9.42 0 2.92181e-18 0.000285241 0.000319663 0.0024275 -1.56014e-17
9.44 0 7.80998e-18 0.000305361 0.000395845 0.00259873 3.45576e-18
9.46 0 -2.73739e-17 0.000315569 0.000458464 0.0026856 -5.74297e-18
9.48 0 3.25846e-18 0.000312396 0.000500349 0.0026586 -1.4052e-18
9.5 0 1.94467e-17 0.000296708 0.000520952 0.00252509 2.22823e-17
9.52 0 1.12141e-18 0.000271163 0.000523128 0.0023077 1.30363e-17
9.54 0 3.64266e-18 0.000236615 0.000507125 0.00201368 1.90471e-17
9.56 0 -5.00007e-18 0.000191729 0.000469936 0.00163168 1.12048e-17
9.58 0 -5.04673e-18 0.000135835 0.000410314 0.001156 8.70909e-18
9.6 0 -7.41974e-18 7.08928e-05 0.000331979 0.000603322 -6.76511e-18
9.62 0 7.87305e-19 9.0756e-07 0.000241563 7.72365e-06 -3.71123e-18
9.64 0 1.55604e-18 -6.98298e-05 0.00014488 -0.000594276 -3.61333e-18
9.66 0 -2.48471e-18 -0.000137353 4.59031e-05 -0.00116892 -2.51303e-18
9.68 0 -3.90792e-18 -0.000197319 -5.1573e-05 -0.00167925 -1.15734e-17
9.7 0 -3.88086e-18 -0.000246287 -0.000142831 -0.00209599 -1.94538e-17
9.72 0 6.46815e-18 -0.000284708 -0.000223634 -0.00242296 7.00272e-18
9.74 0 -9.11345e-18 -0.000311862 -0.000292539 -0.00265405 -2.43964e-18
9.76 0 -5.75755e-18 -0.000327229 -0.000349532 -0.00278483 5.19111e-18
9.78 0 -7.11849e-18 -0.000331209 -0.000393284 -0.0028187 -2.08273e-17
9.8 0 -3.33721e-18 -0.000322269 -0.00042061 -0.00274262 2.2217e-17
9.82 0 -5.28135e-18 -0.000299812 -0.000428485 -0.00255151 -3.67059e-18
9.84 0 1.84441e-19 -0.000264586 -0.000416892 -0.00225172 -6.83097e-18
9.86 0 5.97664e-18 -0.000219237 -0.000388827 -0.00186578 2.57005e-17
9.88 0 -7.19034e-18 -0.000166847 -0.000348218 -0.00141992 -9.36518e-18
9.9 0 3.41087e-18 -0.000109555 -0.000297729 -0.000932355 -1.06799e-17
9.92 0 2.90756e-18 -4.81156e-05 -0.000238279 -0.00040948 2.85897e-18
9.94 0 2.18798e-18 1.67752e-05 -0.000170441 0.000142763 -1.20657e-18
9.96 0 1.67963e-18 8.28395e-05 -9.62065e-05 0.000704993 1.31218e-18
9.98 0 -5.99519e-19 0.000145958 -1.9376e-05 0.00124215 1.05698e-18
10 0 7.06531e-19 0.000201961 5.58107e-05 0.00171876 1.14444e-17
10.02 0 -2.22617e-18 0.000248854 0.00012661 0.00211783 1.29264e-17
10.04 0 2.35476e-19 0.000286707 0.000192304 0.00243998 1.11067e-17
10.06 0 1.13928e-17 0.000317105 0.000252872 0.00269868 4.01397e-18
10.08 0 5.18804e-18 0.000341033 0.000307554 0.00290231 -6.26897e-18
10.1 0 8.63162e-18 0.000355765 0.000354178 0.00302768 2.11674e-17
10.12 0 -4.84736e-19 0.000359015 0.000389242 0.00305534 6.28819e-18
10.14 0 3.34074e-19 0.000350605 0.000409927 0.00298377 1.17436e-17
10.16 0 -5.14301e-18 0.000331166 0.000415722 0.00281834 -6.83535e-18
10.18 0 -4.06331e-18 0.000301651 0.000407018 0.00256716 -2.20922e-17
10.2 0 1.03695e-17 0.00026194 0.000383099 0.0022292 -3.61323e-18
10.22 0 -6.20795e-18 0.00021166 0.000342283 0.0018013 -1.15478e-18
10.24 0 3.95118e-19 0.000151304 0.000284223 0.00128765 1.54767e-18
10.26 0 -9.58607e-18 8.32841e-05 0.000211742 0.000708776 -5.42763e-18
10.28 0 -1.45372e-18 1.13676e-05 0.000130174 9.6742e-05 -3.62077e-18
10.3 0 -8.77261e-19 -6.05924e-05 4.51579e-05 -0.000515662 -1.47273e-18
10.32 0 5.83823e-18 -0.0001296 -3.88991e-05 -0.00110294 7.04124e-18
10.34 0 3.83246e-19 -0.000193407 -0.000118929 -0.00164596 4.81399e-18
10.36 0 4.31114e-18 -0.000249806 -0.000192734 -0.00212593 5.40986e-18
10.38 0 3.14002e-18 -0.000296178 -0.000258755 -0.00252058 1.33612e-17
10.4 0 5.09478e-18 -0.000329365 -0.000315957 -0.00280301 4.01852e-18
10.42 0 -1.3827e-18 -0.000349813 -0.000363133 -0.00297703 9.99483e-18
10.44 0 6.54083e-18 -0.000359936 -0.000399253 -0.00306318 9.10858e-19
10.46 0 2.37622e-18 -0.000358607 -0.000423742 -0.00305187 -9.89337e-18
10.48 0 -3.32164e-18 -0.00034591 -0.000435533 -0.00294382 -1.29316e-17
10.5 0 -3.76993e-18 -0.000322414 -0.000433622 -0.00274386 -4.69607e-18
10.52 0 7.67025e-18 -0.000287576 -0.000417385 -0.00244738 2.24602e-17
10.54 0 -9.7964e-18 -0.000242072 -0.000386718 -0.00206011 -1.6541e-17
10.56 0 -2.59868e-18 -0.00018756 -0.000342934 -0.0015962 6.65499e-18
10.58 0 -5.24123e-19 -0.000126702 -0.000288928 -0.00107828 1.43355e-17
10.6 0 1.0001e-18 -6.19035e-05 -0.00022816 -0.00052682 5.55464e-18
10.62 0 -1.62619e-18 5.28003e-06 -0.000162993 4.49349e-05 3.00477e-18
10.64 0 -2.16329e-18 7.37694e-05 -9.42876e-05 0.000627803 2.09489e-18
10.66 0 1.10415e-18 0.000141559 -2.28194e-05 0.00120471 -2.58199e-18
10.68 0 -2.58851e-18 0.000204822 4.89296e-05 0.00174311 -8.47551e-18
10.7 0 4.82492e-18 0.000258757 0.000116775 0.00220211 1.4661e-17
10.72 0 4.693e-18 0.000299554 0.000176942 0.00254931 9.3745e-18
10.74 0 -1.00302e-17 0.000326971 0.000227801 0.00278264 -1.95334e-18
10.76 0 -3.7114e-18 0.00034551 0.000269921 0.00294041 1.59289e-18
10.78 0 -1.33667e-17 0.000355286 0.000305067 0.00302361 -1.95187e-17
10.8 0 -6.22104e-18 0.000354777 0.000332713 0.00301928 -4.31018e-18
10.82 0 4.49522e-19 0.000344031 0.000349949 0.00292782 8.86982e-18
10.84 0 -3.42478e-18 0.000322518 0.000355063 0.00274474 4.8589e-18
10.86 0 7.53156e-18 0.000292022 0.000349226 0.00248521 1.00691e-17
10.88 0 -5.87567e-19 0.000254384 0.000335331 0.0021649 -1.58412e-17
10.9 0 9.09736e-18 0.000210874 0.000314644 0.00179461 -1.77004e-17
10.92 0 9.86625e-18 0.000161154 0.000285421 0.00137148 2.83107e-17
10.94 0 6.55947e-20 0.000104504 0.000244875 0.000889362 7.01818e-18
10.96 0 -3.62302e-18 4.15692e-05 0.000192649 0.000353768 5.58872e-18
10.98 0 -1.5435e-18 -2.46068e-05 0.00013223 -0.000209412 2.78852e-18
11 0 8.5453e-19 -8.94131e-05 6.92085e-05 -0.000760937 -5.97826e-19
11.02 0 4.65037e-19 -0.000148444 8.27581e-06 -0.00126331 -1.76743e-18
11.04 0 2.20787e-18 -0.00019872 -4.85198e-05 -0.00169118 6.76842e-18
11.06 0 1.85906e-18 -0.000238623 -0.000101469 -0.00203076 1.80058e-17
11.08 0 -1.49168e-18 -0.000267322 -0.000151228 -0.002275 1.3199e-17
11.1 0 9.76806e-18 -0.000287782 -0.000197003 -0.00244912 1.26761e-17
11.12 0 -1.18545e-18 -0.000299854 -0.000238024 -0.00255186 1.26493e-17
11.14 0 6.73088e-18 -0.000302114 -0.000273392 -0.0025711 9.56644e-18
11.16 0 -1.14668e-18 -0.000295993 -0.000302181 -0.002519 -1.50559e-17
11.18 0 -1.4465e-18 -0.000282235 -0.000325025 -0.00240192 -5.28632e-18
11.2 0 5.78444e-18 -0.00026231 -0.000343515 -0.00223235 -1.94596e-18
11.22 0 -4.04298e-18 -0.000236567 -0.000358551 -0.00201326 -8.75906e-19
11.24 0 9.50785e-18 -0.000204569 -0.000368233 -0.00174096 2.49059e-17
11.26 0 6.97382e-18 -0.000165268 -0.000368458 -0.00140649 8.29708e-18
11.28 0 -6.3142e-18 -0.000118208 -0.000355782 -0.00100599 -2.05458e-17
11.3 0 -3.3659e-18 -6.43451e-05 -0.000330031 -0.0005476 5.20969e-18
11.32 0 1.58173e-18 -6.39473e-06 -0.000294477 -5.44214e-05 1.35834e-17
11.34 0 2.99736e-18 5.18131e-05 -0.000253735 0.000440947 7.33849e-18
11.36 0 4.94681e-20 0.000106532 -0.00021116 0.000906626 8.4223e-20
11.38 0 1.06014e-18 0.000155208 -0.000167513 0.00132088 7.15578e-19
11.4 0 5.72049e-19 0.000196584 -0.000121503 0.001673 3.16911e-19
11.42 0 -3.22594e-18 0.000228863 -7.16962e-05 0.0019477 -1.61041e-17
11.44 0 4.46264e-18 0.000254375 -1.92278e-05 0.00216482 2.7812e-18
11.46 0 6.04498e-18 0.000275447 3.33469e-05 0.00234415 9.48362e-18
11.48 0 6.38209e-19 0.000288516 8.38823e-05 0.00245537 -8.27314e-21
11.5 0 -1.71122e-17 0.00029308 0.000130514 0.00249421 -1.41771e-17
11.52 0 1.38198e-17 0.000290724 0.000173473 0.00247416 1.08445e-17
11.54 0 -1.64548e-18 0.000282701 0.000214927 0.00240588 -1.7318e-17
11.56 0 6.85999e-18 0.00027008 0.00025577 0.00229847 8.5441e-18
11.58 0 -8.08783e-18 0.000251783 0.000292724 0.00214276 -5.32756e-18
11.6 0 -5.56698e-18 0.000225836 0.000319699 0.00192194 -9.67633e-18
11.62 0 5.66442e-18 0.000191206 0.000332811 0.00162723 2.25579e-17
11.64 0 6.09808e-18 0.000149194 0.000333243 0.0012697 1.19714e-18
11.66 0 -1.62095e-18 0.000102334 0.000324756 0.000870899 -1.19842e-18
11.68 0 -4.44952e-18 5.24381e-05 0.00030887 0.000446266 -9.59695e-18
11.7 0 2.3448e-18 -1.21159e-07 0.000283096 -1.03111e-06 -2.80272e-18
11.72 0 1.51855e-19 -5.51699e-05 0.000243843 -0.000469515 1.2884e-18
11.74 0 8.96405e-19 -0.000111023 0.000190502 -0.000944848 -1.67492e-18
11.76 0 -2.10052e-18 -0.000163972 0.000126317 -0.00139546 6.25702e-18
11.78 0 -8.30437e-18 -0.00020895 5.56346e-05 -0.00177824 -1.16658e-17
11.8 0 -2.00365e-18 -0.000245523 -1.82981e-05 -0.00208949 5.48996e-18
11.82 0 6.33268e-19 -0.000277793 -9.44815e-05 -0.00236412 -6.78485e-18
11.84 0 -7.5085e-18 -0.000304133 -0.000173011 -0.00258828 -1.89782e-17
11.86 0 9.57245e-18 -0.000323097 -0.000251378 -0.00274967 1.8456e-17
11.88 0 -5.8465e-18 -0.000334701 -0.000324942 -0.00284842 8.76932e-18
11.9 0 -7.33906e-18 -0.000337301 -0.000389618 -0.00287055 -1.83892e-17
11.92 0 2.32326e-17 -0.0003306 -0.000443077 -0.00281352 -7.79641e-18
11.94 0 -1.97603e-17 -0.000314191 -0.000484432 -0.00267388 -1.10262e-17
11.96 0 -3.09181e-18 -0.000288069 -0.000512621 -0.00245157 4.45071e-18
11.98 0 -4.26843e-18 -0.000252105 -0.000526 -0.0021455 -1.4644e-17
12 0 1.06902e-17 -0.000206581 -0.000523295 -0.00175808 2.56505e-17
12.02 0 -3.0709e-18 -0.000152362 -0.000504753 -0.00129666 -4.00757e-19
12.04 0 6.34888e-18 -9.11481e-05 -0.000472492 -0.000775702 1.58275e-17
12.06 0 -2.54867e-18 -2.5245e-05 -0.000429728 -0.000214843 1.813e-18
12.08 0 -2.54768e-18 4.28469e-05 -0.0003792 0.000364642 -6.29676e-18
12.1 0 1.47346e-18 0.000110565 -0.000322008 0.000940943 2.11884e-18
12.12 0 -1.71329e-19 0.000174989 -0.000257872 0.00148922 1.8639e-18
12.14 0 8.23793e-19 0.000232447 -0.000186466 0.0019782 2.81018e-18
12.16 0 -4.16559e-18 0.000276956 -0.000108653 0.002357 -5.85456e-18
12.18 0 -1.8912e-18 0.000312682 -2.85634e-05 0.00266104 -7.19153e-18
12.2 0 9.88404e-18 0.00034427 5.03359e-05 0.00292985 -3.89112e-19
12.22 0 1.38719e-17 0.00036776 0.000127705 0.00312977 4.3249e-18
12.24 0 5.50011e-19 0.000384452 0.000203488 0.00327182 -1.95287e-17
12.26 0 -1.20554e-18 0.000395512 0.000277103 0.00336595 9.95659e-18
12.28 0 6.07078e-19 0.000399772 0.000345659 0.0034022 -1.31649e-19
12.3 0 4.38444e-18 0.000395167 0.000403945 0.00336301 3.9835e-18
12.32 0 5.18126e-18 0.00037927 0.00044633 0.00322772 -9.41111e-18
12.34 0 -1.08282e-17 0.00035097 0.000468785 0.00298688 -1.57003e-17
12.36 0 -3.35757e-18 0.00031052 0.000469968 0.00264263 -3.79889e-18
12.38 0 -9.67929e-19 0.000259341 0.00045123 0.00220708 -2.01404e-17
12.4 0 3.22901e-18 0.000199482 0.000415806 0.00169766 1.95397e-17
12.42 0 -9.31023e-18 0.000133343 0.000367654 0.00113479 1.8515e-19
12.44 0 -4.6866e-19 6.37075e-05 0.000310391 0.000542173 8.09383e-18
12.46 0 -4.90743e-18 -6.08643e-06 0.000246697 -5.17977e-05 -6.56765e-20
12.48 0 -2.49172e-19 -7.21861e-05 0.000178613 -0.000614329 2.73485e-18
12.5 0 -1.16769e-18 -0.000130631 0.000108383 -0.00111172 -3.03769e-19
12.52 0 2.17474e-18 -0.000177594 3.89442e-05 -0.00151138 3.77192e-18
12.54 0 3.85352e-18 -0.000210899 -2.56063e-05 -0.00179482 4.84845e-19
12.56 0 -9.45019e-18 -0.000235006 -8.17069e-05 -0.00199998 -1.11672e-17
12.58 0 6.47892e-18 -0.00024923 -0.000129573 -0.00212104 5.75388e-18
12.6 0 2.69523e-18 -0.000252532 -0.000170856 -0.00214914 1.12685e-17
12.62 0 -1.56511e-17 -0.000248105 -0.00020649 -0.00211146 -5.30012e-19
12.64 0 -4.25225e-18 -0.000236423 -0.000237024 -0.00201204 -2.98387e-18
12.66 0 8.39999e-18 -0.000218713 -0.000262565 -0.00186132 3.97201e-18
12.68 0 4.18973e-18 -0.000194997 -0.000283124 -0.00165949 -1.00847e-17
12.7 0 1.08972e-17 -0.000165834 -0.000298318 -0.0014113 1.14131e-18
12.72 0 7.04406e-18 -0.000132161 -0.00030816 -0.00112474 -3.08389e-18
12.74 0 -3.29787e-20 -9.58506e-05 -0.000313996 -0.000815722 -8.0408e-18
12.76 0 1.08228e-17 -5.8908e-05 -0.000317892 -0.000501327 1.21763e-17
12.78 0 -1.31898e-18 -2.25582e-05 -0.000320286 -0.000191978 3.78016e-18
12.8 0 2.0477e-18 1.31783e-05 -0.000318589 0.000112152 5.9211e-18
12.82 0 -8.7491e-19 4.85001e-05 -0.000308766 0.000412753 -7.04243e-18
12.84 0 3.64518e-19 8.2501e-05 -0.000288438 0.000702112 -1.70156e-18
12.86 0 -2.49297e-19 0.000112842 -0.00025831 0.000960328 2.35469e-19
12.88 0 2.27415e-19 0.000136006 -0.000220777 0.00115746 -2.35883e-18
12.9 0 -5.0524e-19 0.000155414 -0.000178691 0.00132263 -1.68331e-18
12.92 0 -2.45286e-18 0.000171898 -0.000132131 0.00146292 -3.00512e-18
12.94 0 -3.20821e-18 0.000183643 -8.02809e-05 0.00156287 -9.54151e-18
12.96 0 2.16725e-18 0.000191613 -2.50235e-05 0.00163069 -5.82896e-18
12.98 0 4.28317e-18 0.000194255 3.01064e-05 0.00165318 1.11704e-17
13 0 3.95935e-20 0.000191096 8.14741e-05 0.0016263 3.87784e-18
13.02 0 5.6045e-18 0.000181646 0.000127124 0.00154587 4.74357e-18
13.04 0 -6.03136e-18 0.000166034 0.000165896 0.00141301 -3.10129e-18
13.06 0 5.79653e-19 0.00014401 0.000196357 0.00122557 2.80235e-18
13.08 0 5.38216e-18 0.000115615 0.000217161 0.000983921 1.09595e-17
13.1 0 5.57177e-18 8.19129e-05 0.000228665 0.000697107 5.73322e-18
13.12 0 -1.50219e-18 4.51737e-05 0.000233132 0.000384444 -1.25975e-19
13.14 0 2.31882e-18 7.76599e-06 0.000232945 6.60913e-05 5.68883e-18
13.16 0 -4.25641e-19 -2.88129e-05 0.000228813 -0.000245208 6.16587e-18
13.18 0 -1.2086e-19 -6.36928e-05 0.000219883 -0.000542048 3.55177e-18
13.2 0 -1.59633e-18 -9.53987e-05 0.000205373 -0.000811876 2.85013e-18
13.22 0 -4.61794e-19 -0.00012121 0.000185846 -0.00103154 1.12504e-19
13.24 0 -1.41649e-18 -0.000136704 0.000162752 -0.0011634 -1.20213e-18
13.26 0 1.60956e-18 -0.000145943 0.000138274 -0.00124203 7.05518e-19
13.28 0 -5.24436e-18 -0.000150834 0.000111104 -0.00128365 -1.1565e-18
13.3 0 2.66513e-18 -0.000151285 7.66392e-05 -0.00128749 3.94951e-19
13.32 0 2.40271e-18 -0.000151761 3.06962e-05 -0.00129154 -9.90131e-18
13.34 0 3.41784e-19 -0.000153532 -2.90387e-05 -0.00130661 -2.59705e-18
13.36 0 -1.23998e-17 -0.000156998 -0.000100826 -0.00133611 -1.24803e-17
13.38 0 1.67099e-17 -0.000159887 -0.000179614 -0.0013607 1.48734e-17
13.4 0 -5.99517e-18 -0.000159715 -0.000258906 -0.00135923 1.22597e-17
13.42 0 3.7685e-18 -0.000154614 -0.000333376 -0.00131582 9.29301e-18
13.44 0 5.75893e-19 -0.000144297 -0.000399925 -0.00122802 2.807e-18
13.46 0 2.9902e-18 -0.000129311 -0.000456674 -0.00110048 1.41416e-17
13.48 0 3.37565e-18 -0.000109949 -0.000500719 -0.000935708 -1.1644e-17
13.5 0 8.54805e-18 -8.55376e-05 -0.000527352 -0.000727955 5.21869e-18
13.52 0 -1.59936e-18 -5.5402e-05 -0.000532188 -0.00047149 1.14346e-17
13.54 0 -5.42256e-20 -2.077e-05 -0.000514448 -0.00017676 1.23685e-17
13.56 0 -5.90438e-18 1.44751e-05 -0.000477771 0.000123188 -8.45706e-18
13.58 0 6.96692e-18 4.53408e-05 -0.000427527 0.000385866 -6.57385e-18
13.6 0 -1.36252e-19 7.44965e-05 -0.000368182 0.000633991 -3.87758e-18
13.62 0 5.29754e-19 0.00010431 -0.000298759 0.000887715 -2.79992e-18
13.64 0 -7.65514e-19 0.000134092 -0.000215121 0.00114117 8.33438e-20
13.66 0 5.45282e-19 0.000164837 -0.000117051 0.00140282 -1.41456e-17
13.68 0 -3.80831e-18 0.000194573 -9.20334e-06 0.00165588 -2.16805e-17
13.7 0 -4.91168e-18 0.000221194 0.000101729 0.00188244 -1.1842e-17
13.72 0 7.30143e-18 0.000243537 0.000211074 0.00207259 1.32824e-17
13.74 0 -3.32903e-18 0.000261942 0.000316705 0.00222922 5.88898e-18
13.76 0 -4.32707e-18 0.000276577 0.000416828 0.00235377 -2.17777e-17
13.78 0 6.0684e-19 0.000286305 0.000507938 0.00243656 -7.68648e-18
13.8 0 -1.28325e-18 0.00028911 0.000585486 0.00246043 -4.82301e-18
13.82 0 1.0123e-17 0.00028385 0.000646269 0.00241566 1.69354e-17
13.84 0 2.5206e-17 0.000271176 0.000689728 0.00230781 4.58931e-17
13.86 0 -1.48528e-17 0.000252576 0.000716788 0.00214951 -3.87694e-17
13.88 0 4.4676e-18 0.000228443 0.000727656 0.00194413 -1.11784e-17
13.9 0 9.45574e-19 0.000197457 0.000720921 0.00168043 5.78665e-19
13.92 0 -1.05316e-17 0.000158117 0.000694769 0.00134563 -1.51403e-17
13.94 0 1.25391e-17 0.000110685 0.000648208 0.000941969 1.32267e-17
13.96 0 -9.59256e-18 5.91276e-05 0.000580125 0.000503197 1.46808e-17
13.98 0 -2.69147e-18 1.2315e-05 0.000488352 0.000104805 5.88348e-18
14 0 2.83923e-18 -3.77693e-05 0.000374222 -0.00032143 5.7831e-18
14.02 0 -1.37471e-19 -9.30115e-05 0.000241401 -0.00079156 5.66083e-18
14.04 0 -1.83659e-20 -0.000146744 9.70913e-05 -0.00124885 -9.03982e-19
14.06 0 -5.9001e-18 -0.000198103 -4.80407e-05 -0.00168593 -9.97444e-18
14.08 0 -4.17705e-18 -0.000241921 -0.000186481 -0.00205883 -2.36475e-17
14.1 0 3.28915e-18 -0.000277904 -0.000315344 -0.00236506 -1.28307e-17
14.12 0 4.47582e-18 -0.000306264 -0.000434674 -0.00260641 1.45503e-17
14.14 0 4.77635e-18 -0.000327822 -0.000542253 -0.00278988 1.75654e-17
14.16 0 -2.68558e-17 -0.000341247 -0.000632166 -0.00290413 8.87202e-18
14.18 0 2.3381e-18 -0.00034481 -0.000698456 -0.00293446 -4.39564e-18
14.2 0 -2.2982e-17 -0.000338344 -0.000740398 -0.00287943 -1.55423e-17
14.22 0 -8.01193e-18 -0.000324282 -0.000762954 -0.00275975 -1.90472e-18
14.24 0 1.12246e-17 -0.000305087 -0.000770723 -0.0025964 4.68805e-17
14.26 0 2.03567e-17 -0.000279971 -0.000761239 -0.00238265 3.40135e-17
14.28 0 -1.83753e-17 -0.000245287 -0.000726452 -0.00208748 -8.8152e-18
14.3 0 -5.27873e-18 -0.00019876 -0.00066088 -0.00169151 -1.40015e-17
14.32 0 -4.57422e-18 -0.000143405 -0.000566549 -0.00122043 -2.13118e-17
14.34 0 -7.45218e-18 -8.43471e-05 -0.000451393 -0.000717823 -7.31483e-18
14.36 0 9.70417e-19 -2.35005e-05 -0.0003229 -0.000199998 6.46567e-18
14.38 0 -4.26524e-18 3.7281e-05 -0.000183909 0.000317275 1.05177e-19
14.4 0 6.532e-19 9.73677e-05 -3.58397e-05 0.000828633 -3.43421e-18
14.42 0 2.31176e-18 0.000156773 0.000117412 0.0013342 2.2602e-18
14.44 0 1.62224e-17 0.000212855 0.000268948 0.00181147 6.41154e-18
14.46 0 -2.36618e-19 0.000262018 0.000410708 0.00222986 1.66623e-17
14.48 0 -2.59079e-17 0.000300905 0.000535798 0.00256081 -2.4924e-17
14.5 0 1.68325e-17 0.000328131 0.000639554 0.00279251 2.8704e-17
14.52 0 -3.86731e-18 0.000344173 0.000720042 0.00292904 3.78634e-17
14.54 0 -2.54175e-17 0.000350346 0.000777624 0.00298156 -1.34439e-17
14.56 0 -6.54408e-18 0.000346906 0.000812385 0.00295229 -1.84388e-17
14.58 0 2.26035e-18 0.000331937 0.0008207 0.0028249 1.01003e-17
14.6 0 -3.56606e-18 0.000302588 0.000796439 0.00257513 3.18375e-17
14.62 0 -1.54903e-17 0.000258302 0.000737756 0.00219824 -4.01781e-17
14.64 0 5.19945e-18 0.000202635 0.00065098 0.00172449 4.01505e-19
14.66 0 -2.31369e-18 0.000141096 0.000545657 0.00120078 3.39967e-18
14.68 0 -5.97972e-19 7.82373e-05 0.000427004 0.000665826 5.77465e-18
14.7 0 -7.33798e-19 1.37802e-05 0.000294761 0.000117275 3.88433e-18
14.72 0 -1.60175e-18 -5.34711e-05 0.000148647 -0.000455058 4.27647e-18
14.74 0 -3.43455e-18 -0.000120091 -6.23958e-06 -0.00102202 5.78026e-18
14.76 0 4.02006e-18 -0.000182993 -0.000160702 -0.00155733 2.29384e-17
14.78 0 -6.68731e-19 -0.000240125 -0.000307576 -0.00204355 1.4827e-17
14.8 0 9.25262e-18 -0.000289683 -0.000443766 -0.0024653 2.22087e-17
14.82 0 -2.21633e-17 -0.00033012 -0.000566399 -0.00280944 -2.01535e-17
14.84 0 -3.11571e-18 -0.000358908 -0.000669126 -0.00305444 -3.34112e-17
14.86 0 2.31661e-17 -0.000373559 -0.000743507 -0.00317912 2.39735e-17
14.88 0 -3.49615e-18 -0.000372903 -0.000784306 -0.00317354 -1.89358e-17
14.9 0 -4.61409e-18 -0.000357928 -0.000792585 -0.00304609 1.84606e-17
14.92 0 -2.86588e-18 -0.000330331 -0.00077286 -0.00281123 3.02829e-17
14.94 0 1.30025e-17 -0.000290388 -0.000727479 -0.0024713 1.45247e-17
14.96 0 -1.99427e-17 -0.00023733 -0.000655546 -0.00201976 -3.57234e-17
14.98 0 -8.35446e-18 -0.000171826 -0.000557312 -0.0014623 -3.40005e-17
15 0 1.54781e-18 -9.83133e-05 -0.000437857 -0.00083668 -9.91707e-18
15.02 0 -4.94688e-18 -2.52298e-05 -0.000306265 -0.000214714 -9.88415e-18
15.04 0 4.10828e-19 4.23354e-05 -0.000171515 0.000360289 -5.28643e-18
15.06 0 -4.40113e-19 0.000104702 -3.79486e-05 0.00089105 -4.99949e-19
15.08 0 -4.34069e-19 0.000162356 9.58832e-05 0.00138171 -4.00151e-18
15.1 0 1.29098e-17 0.000217243 0.000232351 0.00184881 2.0278e-17
15.12 0 7.20705e-18 0.00026943 0.00036899 0.00229295 2.06415e-17
15.14 0 1.81006e-18 0.000314859 0.000497288 0.00267956 4.24777e-18
15.16 0 2.52187e-17 0.000348888 0.000606766 0.00296916 1.35764e-17
15.18 0 -5.20246e-18 0.000368754 0.00069058 0.00313823 -4.31476e-17
15.2 0 1.69559e-17 0.000374741 0.000747274 0.00318917 1.9574e-17
15.22 0 7.35126e-18 0.000368143 0.000778296 0.00313303 4.48535e-17
15.24 0 3.59946e-18 0.000348814 0.000783452 0.00296853 5.13934e-17
15.26 0 8.22263e-18 0.000314025 0.000758093 0.00267246 2.54602e-17
15.28 0 -8.52847e-18 0.000261177 0.000697163 0.00222271 2.56497e-18
15.3 0 -7.84639e-18 0.000191917 0.000602981 0.00163328 -2.10096e-17
15.32 0 -9.58349e-19 0.000111904 0.000485168 0.00095234 -2.15754e-17
15.34 0 1.53521e-19 2.74839e-05 0.000353302 0.000233898 -1.07363e-17
15.36 0 3.70418e-18 -5.62398e-05 0.000212154 -0.000478621 1.30166e-18
15.38 0 -2.1487e-19 -0.000135005 6.3653e-05 -0.00114894 9.45259e-18
15.4 0 2.11773e-18 -0.000209713 -8.81367e-05 -0.00178473 9.69161e-18
15.42 0 3.05976e-18 -0.000278758 -0.000237305 -0.00237233 1.96111e-17
15.44 0 1.30188e-18 -0.000339118 -0.000378347 -0.00288601 2.76523e-17
15.46 0 -1.35171e-17 -0.000390566 -0.000506927 -0.00332386 -1.01064e-17
15.48 0 2.08278e-17 -0.000430893 -0.000619184 -0.00366705 3.58139e-17
15.5 0 1.2875e-17 -0.000457936 -0.000710232 -0.00389719 8.66066e-18
15.52 0 -3.09291e-18 -0.000469207 -0.000775179 -0.00399312 5.89058e-18
15.54 0 -6.75739e-20 -0.000463833 -0.000811149 -0.00394738 3.46328e-17
15.56 0 1.13462e-17 -0.000442546 -0.000818338 -0.00376622 7.00941e-18
15.58 0 -1.12702e-17 -0.00040616 -0.000797231 -0.00345657 1.68419e-17
15.6 0 2.03769e-17 -0.00035381 -0.000745437 -0.00301104 6.23958e-17
15.62 0 -6.64043e-18 -0.00028499 -0.000660992 -0.00242537 5.28933e-17
15.64 0 -1.03805e-17 -0.000201981 -0.000547965 -0.00171892 8.5856e-18
15.66 0 3.28402e-18 -0.000110307 -0.000416658 -0.000938748 1.54636e-17
15.68 0 -4.06594e-19 -1.70206e-05 -0.000278259 -0.000144851 8.29266e-18
15.7 0 -5.07888e-19 7.21099e-05 -0.000139295 0.00061368 4.16606e-18
15.72 0 -2.75185e-18 0.000153842 -1.53806e-06 0.00130925 6.33562e-18
15.74 0 -5.43752e-19 0.000225885 0.000133434 0.00192236 -3.49247e-18
15.76 0 -4.34662e-18 0.000288333 0.000260156 0.00245382 -5.47872e-18
15.78 0 -1.17846e-18 0.00033965 0.000370799 0.00289054 7.25816e-18
15.8 0 1.75215e-18 0.000375064 0.000458945 0.00319192 3.4248e-18
15.82 0 -2.10118e-17 0.000393199 0.000521308 0.00334626 1.79771e-17
15.84 0 -6.3197e-18 0.000394927 0.000558274 0.00336097 7.30332e-18
15.86 0 -9.36649e-18 0.000382048 0.000572568 0.00325136 -1.27673e-19
15.88 0 -1.51595e-17 0.000356713 0.000567038 0.00303576 -2.36128e-17
15.9 0 1.42552e-17 0.000319506 0.00054218 0.00271911 2.99046e-17
15.92 0 7.54814e-19 0.000270153 0.000496124 0.0022991 9.40203e-19
15.94 0 -5.56892e-18 0.000209271 0.000428177 0.00178097 -3.04026e-17
15.96 0 4.56242e-18 0.000139623 0.000342144 0.00118824 -2.62377e-17
15.98 0 -4.70358e-19 6.58972e-05 0.000245981 0.000560808 -1.2526e-17
16 0 4.59532e-18 -7.11193e-06 0.000147942 -6.0525e-05 2.86159e-18
16.02 0 1.75477e-18 -7.63419e-05 5.26884e-05 -0.000649696 -2.84822e-18
16.04 0 -1.74066e-19 -0.000141011 -3.96411e-05 -0.00120005 -1.26257e-18
16.06 0 2.87447e-18 -0.000201115 -0.000130357 -0.00171156 -2.278e-18
16.08 0 1.58355e-17 -0.000254961 -0.0002178 -0.0021698 1.52786e-17
16.1 0 -5.88556e-19 -0.000297667 -0.000296114 -0.00253325 -2.45084e-18
16.12 0 1.35064e-17 -0.000326787 -0.000358297 -0.00278107 8.71641e-18
16.14 0 7.10111e-18 -0.000342266 -0.00040118 -0.0029128 1.43113e-17
16.16 0 -3.62503e-18 -0.000343969 -0.000426816 -0.0029273 -1.68291e-17
16.18 0 5.92178e-18 -0.000334588 -0.000438654 -0.00284746 1.12032e-17
16.2 0 -5.23534e-18 -0.000315526 -0.000437774 -0.00268524 1.11982e-17
16.22 0 -6.15274e-18 -0.000285356 -0.000421716 -0.00242848 -1.52944e-17
16.24 0 -3.12063e-19 -0.000242423 -0.000386842 -0.0020631 9.77033e-18
16.26 0 -1.87897e-18 -0.000187125 -0.000332398 -0.0015925 2.22936e-18
16.28 0 8.14181e-18 -0.000122896 -0.00026215 -0.00104588 -4.35356e-18
16.3 0 2.64795e-18 -5.44648e-05 -0.000182413 -0.000463515 5.5442e-18
16.32 0 -2.5658e-18 1.4385e-05 -9.86064e-05 0.000122421 -3.57237e-18
16.34 0 2.04588e-18 8.18477e-05 -1.35995e-05 0.000696552 -3.22096e-18
16.36 0 -2.90481e-19 0.000147031 7.10966e-05 0.00125129 2.25235e-18
16.38 0 -1.71127e-18 0.00020818 0.000153158 0.00177168 -3.18235e-18
16.4 0 1.75531e-18 0.000261905 0.000228624 0.00222891 -2.47507e-18
16.42 0 -9.51579e-18 0.000304138 0.000292891 0.00258832 -2.1214e-17
16.44 0 1.42713e-17 0.000331785 0.00034225 0.0028236 1.51002e-18
16.46 0 -3.00686e-18 0.000346046 0.000374702 0.00294497 -1.87284e-17
16.48 0 8.39292e-18 0.000347851 0.000390583 0.00296034 1.66673e-17
16.5 0 -1.43583e-18 0.000337427 0.000391173 0.00287162 1.95013e-18
16.52 0 -3.0273e-18 0.000316195 0.000377632 0.00269093 -5.67717e-18
16.54 0 2.39047e-18 0.000284622 0.000351297 0.00242223 -1.37412e-17
16.56 0 2.95105e-18 0.000243717 0.000313417 0.00207412 -4.3482e-18
16.58 0 -9.04466e-18 0.000194649 0.00026516 0.00165653 -8.19311e-18
16.6 0 8.37605e-19 0.000139053 0.000207848 0.00118339 -1.12933e-18
16.62 0 -3.13369e-18 7.87289e-05 0.000143469 0.00067001 6.049e-18
16.64 0 3.07268e-19 1.56108e-05 7.45817e-05 0.000132853 -1.25099e-18
16.66 0 -4.65671e-19 -4.82579e-05 3.89106e-06 -0.000410692 -1.44191e-18
16.68 0 -1.40123e-18 -0.000110679 -6.61407e-05 -0.000941914 -8.36114e-18
16.7 0 -4.19374e-19 -0.000169383 -0.000133261 -0.00144151 -7.09225e-18
16.72 0 3.06946e-18 -0.000222099 -0.000195096 -0.00189014 1.66903e-17
16.74 0 -2.44691e-18 -0.000266547 -0.000249055 -0.0022684 2.92372e-18
16.76 0 2.31274e-19 -0.000300378 -0.000292698 -0.00255632 -1.99488e-17
16.78 0 4.78854e-18 -0.000321189 -0.000324174 -0.00273343 -1.29325e-17
16.8 0 -3.68035e-18 -0.000328914 -0.000342168 -0.00279917 -1.90706e-17
16.82 0 8.14438e-18 -0.000325407 -0.000346561 -0.00276932 3.37269e-18
16.84 0 7.82024e-21 -0.000311011 -0.000338954 -0.00264681 6.92061e-19
16.86 0 -6.97086e-18 -0.000287202 -0.000321506 -0.00244419 -2.20772e-17
16.88 0 6.43117e-18 -0.000255666 -0.000296188 -0.00217581 4.0614e-18
16.9 0 -3.8658e-19 -0.000216845 -0.000264241 -0.00184543 -1.62132e-17
16.92 0 -5.93944e-18 -0.000171511 -0.000225763 -0.00145961 -2.156e-17
16.94 0 3.2993e-18 -0.000120558 -0.000180324 -0.00102599 -9.88161e-18
16.96 0 6.59531e-19 -6.53829e-05 -0.00012789 -0.000556431 8.87099e-18
16.98 0 -2.03421e-18 -7.38274e-06 -6.94295e-05 -6.28297e-05 6.24874e-19
17 0 -4.95326e-19 5.21082e-05 -6.70614e-06 0.000443459 -1.49498e-19
17.02 0 9.20235e-19 0.000111592 5.81448e-05 0.000949688 -1.82217e-18
17.04 0 -1.37027e-18 0.000168828 0.000122588 0.00143679 9.25996e-18
17.06 0 -7.99309e-18 0.000220778 0.000183407 0.0018789 -3.17058e-18
17.08 0 1.13593e-17 0.000264352 0.0002369 0.00224973 3.41585e-17
17.1 0 -6.59938e-18 0.000297354 0.000279657 0.00253059 1.6615e-18
17.12 0 -1.94514e-18 0.00031864 0.000309315 0.00271173 -1.8109e-17
17.14 0 1.38144e-17 0.000327538 0.000324692 0.00278747 8.40487e-18
17.16 0 7.71894e-18 0.000324867 0.000325343 0.00276473 1.94799e-18
17.18 0 -3.79729e-18 0.000310711 0.000311921 0.00264426 -7.00012e-18
17.2 0 -3.4168e-19 0.000285319 0.00028599 0.00242817 -9.28264e-18
17.22 0 7.26651e-18 0.000250569 0.000249545 0.00213243 2.05193e-17
17.24 0 -1.77427e-18 0.000208342 0.000204897 0.00177306 6.42554e-18
17.26 0 3.73999e-19 0.000160471 0.000154028 0.00136566 8.55567e-18
17.28 0 -4.44582e-18 0.000107888 9.81993e-05 0.000918164 -5.97604e-18
17.3 0 2.34688e-18 5.1279e-05 3.79886e-05 0.000436403 -8.27903e-19
17.32 0 2.75414e-18 -8.09689e-06 -2.56686e-05 -6.89073e-05 1.67203e-18
17.34 0 5.34842e-20 -6.77017e-05 -9.0308e-05 -0.000576165 -4.25141e-18
17.36 0 2.4617e-19 -0.000124275 -0.000152079 -0.00105763 -2.76129e-18
17.38 0 -1.83528e-18 -0.000175153 -0.000207467 -0.00149061 -2.0999e-17
17.4 0 1.96934e-18 -0.000219134 -0.000254907 -0.00186491 -1.92275e-17
17.42 0 1.696e-17 -0.000255835 -0.000294435 -0.00217724 3.27577e-18
17.44 0 8.19387e-18 -0.000284211 -0.000325671 -0.00241873 8.26706e-18
17.46 0 -6.57362e-18 -0.000302003 -0.000346468 -0.00257015 -9.18588e-18
17.48 0 1.62248e-17 -0.000306952 -0.00035387 -0.00261227 2.01717e-17
17.5 0 8.4827e-18 -0.000299563 -0.000346342 -0.00254939 3.07676e-17
17.52 0 -2.1176e-17 -0.000281915 -0.00032543 -0.0023992 -3.60121e-18
17.54 0 -7.89268e-18 -0.000255123 -0.000294577 -0.00217118 -2.20449e-17
17.56 0 5.11265e-18 -0.000220271 -0.000255804 -0.00187458 -2.12197e-17
17.58 0 -2.13927e-21 -0.000177571 -0.000208458 -0.00151119 -7.23154e-18
17.6 0 -7.40117e-19 -0.000126769 -0.000150917 -0.00107885 3.64902e-18
17.62 0 -7.58922e-19 -6.88691e-05 -8.3263e-05 -0.0005861 3.52294e-18
17.64 0 -9.12461e-20 -6.22345e-06 -8.349e-06 -5.29637e-05 1.20244e-18
17.66 0 -2.62249e-18 5.81647e-05 6.95959e-05 0.000495002 -4.42084e-18
17.68 0 6.63702e-19 0.000121808 0.000146954 0.00103662 4.03859e-18
17.7 0 1.39262e-18 0.000182954 0.000221363 0.001557 1.39051e-18
17.72 0 -2.73748e-18 0.000239999 0.000290832 0.00204248 3.05364e-18
17.74 0 1.42839e-17 0.000290764 0.000352671 0.00247451 6.43647e-18
17.76 0 2.59554e-18 0.000332441 0.000403338 0.00282919 9.77763e-18
17.78 0 -2.64874e-18 0.000362164 0.000439131 0.00308214 8.05564e-18
17.8 0 -4.88746e-18 0.000377747 0.000457073 0.00321476 -2.47148e-17
17.82 0 -1.48991e-17 0.000378039 0.000455419 0.00321724 -3.10377e-17
17.84 0 1.90358e-17 0.000363727 0.000433587 0.00309545 2.60104e-17
17.86 0 -1.20798e-17 0.000335738 0.000392231 0.00285724 -2.89838e-17
17.88 0 4.54552e-18 0.000294095 0.00033324 0.00250285 -1.15311e-17
17.9 0 6.28823e-18 0.000240381 0.000259093 0.00204573 2.4346e-17
17.92 0 -6.01549e-19 0.00017707 0.0001725 0.00150693 1.80804e-17
17.94 0 -8.70829e-19 0.00010645 7.63116e-05 0.00090593 7.28035e-18
17.96 0 -1.27979e-18 3.08177e-05 -2.64413e-05 0.000262269 2.71065e-18
17.98 0 8.66728e-20 -4.74766e-05 -0.000132156 -0.000404042 5.28926e-18
18 0 -2.27282e-18 -0.000125394 -0.000236297 -0.00106714 -1.7745e-18
18.02 0 1.39636e-18 -0.000199388 -0.000333696 -0.00169686 -1.81828e-18
18.04 0 -5.20333e-18 -0.000266208 -0.000419803 -0.00226552 -7.16124e-18
18.06 0 3.1979e-18 -0.000323756 -0.000491864 -0.00275528 -2.99551e-17
18.08 0 -6.62301e-18 -0.000370967 -0.000548686 -0.00315706 -2.96458e-17
18.1 0 -2.22974e-18 -0.000406819 -0.000589113 -0.00346217 -1.60068e-17
18.12 0 -1.0033e-17 -0.000429579 -0.000611009 -0.00365587 -6.89094e-18
18.14 0 -1.59088e-17 -0.000437211 -0.000611952 -0.00372082 -1.97447e-17
18.16 0 -1.35472e-17 -0.000428601 -0.00059085 -0.00364754 -9.47732e-18
18.18 0 -4.98033e-18 -0.000404978 -0.000548467 -0.00344651 -6.60728e-18
18.2 0 1.93423e-17 -0.000368244 -0.000487192 -0.00313388 4.64474e-17
18.22 0 -1.18976e-17 -0.000319391 -0.000410446 -0.00271813 -1.72954e-17
18.24 0 3.80712e-18 -0.000259956 -0.000321038 -0.00221231 -1.88698e-18
18.26 0 -3.11053e-18 -0.000191487 -0.000220921 -0.00162962 -1.56371e-17
18.28 0 -4.73136e-18 -0.000115626 -0.000112496 -0.00098402 -8.21131e-18
18.3 0 3.26017e-18 -3.49735e-05 4.40586e-07 -0.000297637 2.21987e-18
18.32 0 -1.10368e-18 4.7251e-05 0.000112885 0.000402123 -1.57077e-18
18.34 0 -1.78587e-18 0.000127799 0.000219931 0.00108761 2.806e-18
18.36 0 -6.25562e-18 0.000204111 0.000317836 0.00173706 1.73867e-18
18.38 0 2.88192e-18 0.000274311 0.000404111 0.00233449 -2.99362e-18
18.4 0 5.46266e-18 0.000336702 0.000476769 0.00286545 -1.83914e-17
18.42 0 -1.88984e-18 0.000389257 0.000533594 0.00331271 -7.0063e-18
18.44 0 4.32287e-18 0.000429639 0.000572127 0.00365638 -3.10089e-17
18.46 0 1.33474e-17 0.000455701 0.000590441 0.00387817 -1.5608e-17
18.48 0 2.98122e-18 0.000466048 0.000587994 0.00396623 3.97935e-18
18.5 0 7.35961e-18 0.000460214 0.000565547 0.00391658 -1.66298e-17
18.52 0 -1.40642e-17 0.000439145 0.000523639 0.00373728 -5.7013e-17
18.54 0 2.86195e-17 0.000404208 0.000462172 0.00343995 1.49373e-17
18.56 0 3.13636e-18 0.000355657 0.000382921 0.00302676 -9.35353e-18
18.58 0 -8.08292e-18 0.000295429 0.0002899 0.00251421 -1.69351e-17
18.6 0 6.28143e-18 0.000226841 0.000187839 0.00193049 -1.18428e-17
18.62 0 2.27024e-18 0.000152599 8.11368e-05 0.00129867 3.38506e-18
18.64 0 3.22062e-18 7.50792e-05 -2.67082e-05 0.00063895 8.29048e-18
18.66 0 -8.33899e-19 -3.61738e-06 -0.000132392 -3.07852e-05 1.45329e-18
18.68 0 -9.09554e-19 -8.07876e-05 -0.000232101 -0.000687531 -4.70553e-18
18.7 0 3.40301e-18 -0.000153233 -0.0003214 -0.00130407 5.55566e-18
18.72 0 8.481e-19 -0.000217891 -0.000396118 -0.00185433 8.93858e-18
18.74 0 -6.7558e-19 -0.000272614 -0.000453492 -0.00232004 1.34522e-17
18.76 0 2.12093e-18 -0.000316184 -0.000492524 -0.00269084 -9.4543e-18
18.78 0 1.71459e-18 -0.000347684 -0.000513174 -0.00295891 1.50249e-17
18.8 0 -9.0209e-18 -0.000365928 -0.000515293 -0.00311418 3.36649e-17
18.82 0 1.22905e-17 -0.00036966 -0.000498427 -0.00314594 2.38355e-18
18.84 0 1.07778e-17 -0.000358322 -0.000462577 -0.00304945 -7.86178e-19
18.86 0 9.55287e-18 -0.000332782 -0.000408967 -0.00283209 -2.66565e-18
18.88 0 -5.69526e-18 -0.000295846 -0.000340449 -0.00251775 -9.78676e-18
18.9 0 8.99501e-19 -0.000249417 -0.000261751 -0.00212262 5.76514e-18
18.92 0 -1.32576e-18 -0.000195402 -0.000177609 -0.00166294 -1.67288e-18
18.94 0 2.13968e-18 -0.000136107 -9.11368e-05 -0.00115831 2.43063e-18
18.96 0 -2.21762e-18 -7.30092e-05 -4.38953e-06 -0.000621333 -2.64595e-18
18.98 0 -1.08551e-18 -8.10906e-06 8.03381e-05 -6.90109e-05 9.37958e-19
19 0 -1.12601e-18 5.63157e-05 0.000159615 0.000479266 -3.26775e-18
19.02 0 4.14087e-19 0.000117582 0.000229609 0.00100066 9.46065e-18
19.04 0 -2.34568e-18 0.000173413 0.000287488 0.0014758 -6.48197e-18
19.06 0 1.02072e-17 0.000222367 0.000332272 0.00189242 2.39867e-19
19.08 0 5.00966e-18 0.000263824 0.000364384 0.00224524 1.09766e-17
19.1 0 4.69585e-18 0.000297321 0.000384414 0.00253031 1.63909e-17
19.12 0 8.09252e-18 0.000321928 0.00039215 0.00273972 6.63759e-18
19.14 0 3.05644e-18 0.000336243 0.000386728 0.00286155 1.06105e-17
19.16 0 -1.10616e-17 0.000339102 0.00036773 0.00288587 7.74017e-18
19.18 0 -3.95596e-18 0.000330323 0.000336076 0.00281116 -2.32892e-18
19.2 0 -2.00706e-18 0.000310637 0.000293687 0.00264363 7.84995e-18
19.22 0 -4.24283e-18 0.000282074 0.000242341 0.00240055 -2.0212e-17
19.24 0 6.23445e-18 0.000245879 0.000183452 0.00209252 -1.78732e-17
19.26 0 -2.84824e-18 0.000201941 0.00011833 0.00171859 -4.25628e-18
19.28 0 2.02299e-18 0.000151556 4.85185e-05 0.0012898 2.86214e-18
19.3 0 -8.32209e-19 9.69693e-05 -2.33041e-05 0.000825242 -2.69947e-18
19.32 0 2.64038e-21 4.07501e-05 -9.34371e-05 0.000346797 -1.23071e-18
19.34 0 -1.77033e-19 -1.46265e-05 -0.000158402 -0.000124476 8.62141e-20
19.36 0 6.75808e-18 -6.73756e-05 -0.000215942 -0.00057339 6.35214e-18
19.38 0 3.1456e-18 -0.000116098 -0.000264866 -0.000988034 4.77035e-18
19.4 0 -2.30009e-18 -0.000159361 -0.000304022 -0.00135622 9.52447e-18
19.42 0 8.22551e-18 -0.000195561 -0.000331846 -0.00166429 9.43153e-18
19.44 0 1.01114e-17 -0.000223309 -0.000347001 -0.00190044 2.3735e-17
19.46 0 -2.92879e-18 -0.000241796 -0.0003492 -0.00205776 4.2558e-18
19.48 0 -1.12225e-17 -0.000250722 -0.00033913 -0.00213373 -1.29012e-17
19.5 0 -8.59946e-18 -0.000249989 -0.000317702 -0.00212749 -2.74567e-17
19.52 0 6.75638e-18 -0.000239555 -0.000285625 -0.0020387 2.25616e-18
19.54 0 3.45352e-18 -0.000219543 -0.000243783 -0.00186839 -1.92527e-17
19.56 0 6.54439e-18 -0.000191049 -0.000193719 -0.00162589 -1.32385e-17
19.58 0 6.56066e-18 -0.000155829 -0.00013758 -0.00132616 -7.2558e-20
19.6 0 7.51436e-18 -0.000114967 -7.78186e-05 -0.000978408 1.22728e-17
19.62 0 -1.47918e-18 -6.99751e-05 -1.67171e-05 -0.000595513 3.17159e-18
19.64 0 -1.13966e-18 -2.27161e-05 4.35065e-05 -0.000193322 -6.93239e-19
19.66 0 1.26571e-18 2.49539e-05 0.000100343 0.000212366 -8.6598e-19
19.68 0 1.17604e-18 7.08938e-05 0.000151205 0.000603331 1.53589e-18
19.7 0 -4.12911e-18 0.000113343 0.00019396 0.000964585 -3.48967e-18
19.72 0 6.25573e-18 0.000150983 0.000227319 0.00128491 8.59729e-18
19.74 0 1.61994e-18 0.000182883 0.000250626 0.0015564 1.62549e-18
19.76 0 2.12979e-18 0.00020821 0.000263518 0.00177194 -5.42178e-18
19.78 0 -5.96701e-18 0.000226248 0.000265908 0.00192545 3.22159e-18
19.8 0 6.13921e-18 0.000236562 0.000258178 0.00201323 -6.92769e-18
19.82 0 4.49743e-18 0.000239056 0.000241139 0.00203445 2.64688e-17
19.84 0 -2.08476e-18 0.00023376 0.000215654 0.00198938 -1.34832e-17
19.86 0 -3.51475e-18 0.00022059 0.00018233 0.0018773 -3.549e-17
19.88 0 7.72425e-18 0.000199436 0.00014156 0.00169727 -1.39019e-17
19.9 0 -6.36814e-19 0.000170922 9.37911e-05 0.00145461 -3.76615e-18
19.92 0 4.04844e-18 0.000136359 4.00401e-05 0.00116047 4.39846e-18
19.94 0 -5.43145e-19 9.67635e-05 -1.77322e-05 0.000823491 2.40286e-18
19.96 0 5.4564e-19 5.36334e-05 -7.71561e-05 0.000456439 1.84878e-19
19.98 0 -1.59758e-18 8.66058e-06 -0.000136059 7.37046e-05 -1.53125e-18
20 0 -4.10791e-18 -3.67482e-05 -0.000192551 -0.00031274 -1.13457e-17
20.02 0 3.38473e-18 -8.10334e-05 -0.000244818 -0.000689623 -2.65735e-18
20.04 0 9.19214e-18 -0.000122723 -0.000290948 -0.00104441 2.12278e-17
20.06 0 4.59655e-18 -0.000160379 -0.000329189 -0.00136488 1.51152e-17
20.08 0 4.31088e-18 -0.000192781 -0.000358293 -0.00164063 2.26536e-17
20.1 0 3.54583e-18 -0.000218899 -0.000377541 -0.00186291 2.08599e-17
20.12 0 -5.9086e-18 -0.000237825 -0.000386349 -0.00202397 4.49454e-19
20.14 0 -4.43078e-19 -0.000248667 -0.000383922 -0.00211624 -1.0415e-17
20.16 0 -4.05327e-18 -0.000250562 -0.000369328 -0.00213237 -3.4604e-17
20.18 0 6.3035e-18 -0.000242791 -0.000341975 -0.00206623 -1.54713e-17
20.2 0 2.12107e-18 -0.000224989 -0.000301997 -0.00191474 -2.1053e-17
20.22 0 -8.89538e-18 -0.000197427 -0.000250249 -0.00168017 -4.33213e-18
20.24 0 9.12007e-19 -0.000161447 -0.000188155 -0.00137397 -8.96832e-18
20.26 0 8.17058e-18 -0.0001189 -0.000117836 -0.00101188 8.95164e-18
20.28 0 -7.07708e-20 -7.12534e-05 -4.22876e-05 -0.000606391 7.59898e-19
20.3 0 -4.36504e-19 -2.03914e-05 3.51473e-05 -0.000173538 3.7167e-19
20.32 0 2.02272e-18 3.16636e-05 0.000111366 0.000269469 -3.65384e-19
20.34 0 -1.05856e-18 8.31272e-05 0.000183667 0.000707441 9.64348e-19
20.36 0 -8.7137e-19 0.000132134 0.00024946 0.00112451 9.87889e-18
20.38 0 1.69519e-18 0.000176938 0.000306001 0.0015058 2.10555e-17
20.4 0 -1.10571e-17 0.000215958 0.000350824 0.00183788 -9.45176e-18
20.42 0 -4.01538e-18 0.000248064 0.000382442 0.00211111 -3.5274e-17
20.44 0 6.81427e-18 0.000272564 0.000400473 0.00231961 -9.60494e-18
20.46 0 -7.09335e-18 0.000289002 0.000405005 0.0024595 -2.23411e-17
20.48 0 -3.49075e-18 0.000296901 0.000395943 0.00252673 -7.30362e-18
20.5 0 -7.57669e-19 0.000295739 0.000373036 0.00251684 -2.73692e-17
20.52 0 -2.58171e-18 0.000285098 0.000336477 0.00242628 -2.54108e-17
20.54 0 1.82766e-18 0.000264971 0.000287387 0.00225499 -2.19913e-19
20.56 0 -1.21049e-17 0.000235975 0.000227644 0.00200823 -1.29517e-19
20.58 0 8.19993e-18 0.000199368 0.000159393 0.00169669 3.02137e-18
20.6 0 -4.25204e-18 0.000157257 8.47208e-05 0.00133832 -4.21118e-18
20.62 0 1.46995e-20 0.000110908 5.83776e-06 0.000943864 -2.34053e-18
20.64 0 -6.33949e-19 6.13369e-05 -7.49414e-05 0.000521999 -4.79029e-20
20.66 0 -4.07346e-18 1.00625e-05 -0.000155228 8.56358e-05 -6.6094e-18
20.68 0 2.30808e-18 -4.14704e-05 -0.000232426 -0.000352928 4.78042e-19
20.7 0 6.47979e-18 -9.13657e-05 -0.000303781 -0.000777554 5.70497e-18
20.72 0 -2.73077e-18 -0.000137747 -0.000366448 -0.00117228 -6.24434e-18
20.74 0 -1.11851e-17 -0.000178933 -0.000417881 -0.00152278 -3.01375e-17
20.76 0 8.24591e-18 -0.00021368 -0.000456196 -0.00181849 8.11146e-18
20.78 0 5.41248e-18 -0.000240995 -0.000480136 -0.00205095 2.59326e-17
20.8 0 -3.355e-18 -0.000259894 -0.000488699 -0.00221179 5.77827e-18
20.82 0 5.54924e-19 -0.000269378 -0.00048104 -0.0022925 -4.35988e-18
20.84 0 -3.73753e-18 -0.000268772 -0.000456856 -0.00228734 -6.02364e-18
20.86 0 -9.34496e-19 -0.000258003 -0.000416826 -0.0021957 1.80904e-17
20.88 0 -8.06223e-18 -0.000237563 -0.000362619 -0.00202175 -1.09148e-17
20.9 0 9.0633e-19 -0.000208283 -0.00029639 -0.00177256 -1.25198e-17
20.92 0 5.07419e-19 -0.000171142 -0.000220272 -0.00145648 -1.82164e-18
20.94 0 -1.967e-18 -0.000127486 -0.000136522 -0.00108495 2.1125e-18
20.96 0 -4.27828e-19 -7.93861e-05 -4.8009e-05 -0.000675603 4.81436e-18
20.98 0 -4.59806e-19 -2.86987e-05 4.16182e-05 -0.000244236 -1.02345e-18
21 0 -9.45735e-19 2.27275e-05 0.000128505 0.000193419 -5.96212e-20
21.02 0 2.58753e-18 7.28107e-05 0.000209153 0.000619645 2.73074e-19
21.04 0 -1.87524e-18 0.000119748 0.000280478 0.00101909 -5.47963e-18
21.06 0 1.87827e-18 0.000161683 0.000339647 0.00137598 7.24034e-18
21.08 0 -6.33484e-18 0.000196859 0.000383954 0.00167534 5.33064e-18
21.1 0 -1.22964e-17 0.000223837 0.000411183 0.00190493 -1.49927e-17
21.12 0 -7.45284e-18 0.000241738 0.000420186 0.00205728 -9.8437e-18
21.14 0 -9.50225e-18 0.000250234 0.000411102 0.00212957 -4.42788e-18
21.16 0 -2.73031e-18 0.000249316 0.000384937 0.00212176 1.28456e-18
21.18 0 4.63461e-18 0.000239066 0.00034292 0.00203454 1.28188e-17
21.2 0 -8.89114e-18 0.000219647 0.000286308 0.00186927 -7.4523e-18
21.22 0 -3.74673e-18 0.000191554 0.000216731 0.00163019 -5.07407e-18
21.24 0 3.3999e-18 0.000155792 0.000136501 0.00132585 1.2229e-18
21.26 0 -1.16381e-18 0.000113827 4.86106e-05 0.000968705 -5.95667e-19
21.28 0 2.63381e-18 6.74052e-05 -4.35192e-05 0.000573641 -4.39543e-18
21.3 0 -2.20041e-18 1.8489e-05 -0.000136461 0.000157348 -1.26723e-18
21.32 0 -4.22528e-18 -3.10126e-05 -0.00022706 -0.000263928 6.358e-19
21.34 0 2.03407e-18 -7.9615e-05 -0.000312401 -0.000677552 2.4622e-18
21.36 0 -1.1352e-17 -0.000125736 -0.000389572 -0.00107006 -2.88949e-17
21.38 0 3.56601e-18 -0.000167459 -0.00045543 -0.00142513 -2.50487e-17
21.4 0 3.63965e-18 -0.000202911 -0.000506873 -0.00172684 -2.15091e-18
21.42 0 -1.31814e-17 -0.000230549 -0.00054154 -0.00196205 -2.59845e-17
21.44 0 7.60893e-18 -0.000249493 -0.000558303 -0.00212327 -4.15586e-19
21.46 0 4.32564e-18 -0.000259505 -0.00055722 -0.00220848 -1.35718e-17
21.48 0 4.74817e-18 -0.000260634 -0.000538973 -0.00221809 -1.29939e-18
21.5 0 1.14234e-17 -0.000252808 -0.000504152 -0.00215148 1.05308e-18
21.52 0 1.35207e-18 -0.000235691 -0.000453011 -0.00200581 -7.5504e-18
21.54 0 -1.92964e-18 -0.000209106 -0.000386132 -0.00177956 9.50648e-19
21.56 0 -7.879e-18 -0.000173618 -0.000305242 -0.00147755 -1.47004e-17
21.58 0 1.46547e-18 -0.000130712 -0.000213472 -0.0011124 -1.06736e-17
21.6 0 5.81965e-19 -8.24753e-05 -0.000114954 -0.000701894 -4.84049e-18
21.62 0 3.15301e-19 -3.10009e-05 -1.38536e-05 -0.000263828 -1.95239e-18
21.64 0 -7.95248e-19 2.19964e-05 8.64815e-05 0.000187197 1.84285e-18
21.66 0 -1.20369e-18 7.50798e-05 0.000183548 0.000638955 5.52104e-21
21.68 0 4.86869e-18 0.000126743 0.000274807 0.00107863 6.60456e-18
21.7 0 2.88638e-19 0.000174983 0.000356873 0.00148917 -5.8807e-18
21.72 0 -6.0736e-18 0.000217426 0.000425714 0.00185037 1.13863e-17
21.74 0 2.37085e-18 0.000252033 0.000477895 0.00214489 2.23841e-17
21.76 0 3.75397e-18 0.000277758 0.000511852 0.00236382 -2.42484e-18
21.78 0 -1.07821e-17 0.000294572 0.000527978 0.00250691 -2.80866e-17
21.8 0 3.35406e-18 0.000302808 0.000527526 0.002577 -1.50686e-17
21.82 0 9.97983e-18 0.000302511 0.000511334 0.00257448 6.10665e-18
21.84 0 -1.26494e-17 0.000293297 0.000479458 0.00249606 -1.69812e-17
21.86 0 -1.53727e-18 0.000274762 0.000431925 0.00233832 -1.05193e-17
21.88 0 -1.01452e-17 0.000247176 0.000369967 0.00210356 -2.7635e-17
21.9 0 1.83882e-18 0.000211765 0.000296272 0.00180219 -3.4957e-18
21.92 0 -4.42686e-18 0.000170293 0.000214188 0.00144925 -4.50744e-18
21.94 0 3.61075e-18 0.000124514 0.000126915 0.00105966 -2.70392e-18
21.96 0 -2.81757e-18 7.58303e-05 3.70558e-05 0.000645342 -2.34018e-18
21.98 0 1.13242e-18 2.53039e-05 -5.3376e-05 0.000215345 -4.38276e-18
22 0 -1.79189e-19 -2.59921e-05 -0.00014259 -0.000221202 5.13425e-18
22.02 0 -3.52517e-18 -7.65835e-05 -0.000228346 -0.000651752 5.73195e-18
22.04 0 -2.27737e-18 -0.000124439 -0.000307468 -0.00105902 3.74882e-18
22.06 0 -1.57587e-17 -0.000167239 -0.00037616 -0.00142327 -1.9585e-17
22.08 0 8.46553e-18 -0.000203015 -0.000431101 -0.00172773 1.60455e-17
22.1 0 -7.45049e-18 -0.000230611 -0.000470476 -0.00196258 -1.2853e-17
22.12 0 8.37153e-18 -0.000249663 -0.000494068 -0.00212472 -1.00393e-17
22.14 0 1.21586e-17 -0.000260119 -0.000502405 -0.00221371 1.31934e-17
22.16 0 2.91317e-18 -0.000261755 -0.000495729 -0.00222763 1.27124e-17
22.18 0 -2.63524e-18 -0.00025407 -0.000473611 -0.00216223 8.67054e-18
22.2 0 -5.22114e-18 -0.000236609 -0.000435506 -0.00201363 1.19449e-17
22.22 0 7.78187e-18 -0.000209475 -0.000381912 -0.00178271 -2.35479e-18
22.24 0 4.64193e-18 -0.000173714 -0.000315019 -0.00147836 9.15103e-18
22.26 0 1.05449e-17 -0.000131009 -0.000238015 -0.00111493 1.96028e-17
22.28 0 -6.12708e-18 -8.30564e-05 -0.000153959 -0.000706839 7.232e-18
22.3 0 -1.76958e-19 -3.12559e-05 -6.52581e-05 -0.000265999 1.00551e-17
22.32 0 3.72587e-19 2.31153e-05 2.60053e-05 0.000196719 7.88801e-20
22.34 0 -3.75655e-20 7.84133e-05 0.000117282 0.000667325 -2.50622e-18
22.36 0 -3.04016e-19 0.000132409 0.000205105 0.00112685 -3.85531e-18
22.38 0 -2.748e-18 0.000182613 0.000285524 0.0015541 -3.93552e-18
22.4 0 3.9222e-19 0.000226947 0.000355176 0.0019314 -1.19537e-17
22.42 0 -3.96257e-18 0.000264155 0.000412062 0.00224805 -1.67406e-17
22.44 0 1.16541e-17 0.000293603 0.000455308 0.00249866 9.17476e-18
22.46 0 -2.89324e-18 0.000314765 0.000484317 0.00267876 -4.32812e-18
22.48 0 2.22779e-18 0.000327001 0.000498338 0.00278289 -4.30516e-18
22.5 0 -1.96066e-17 0.0003298 0.000496833 0.00280671 8.54822e-18
22.52 0 3.26859e-18 0.000323054 0.000479913 0.0027493 5.83254e-18
22.54 0 7.25823e-18 0.000306923 0.000448162 0.00261202 1.07787e-17
22.56 0 -2.83153e-18 0.000281619 0.000402381 0.00239667 5.08963e-18
22.58 0 5.69353e-18 0.00024764 0.000343776 0.0021075 -4.9159e-18
22.6 0 3.9028e-19 0.000206091 0.000274222 0.00175391 9.65296e-18
22.62 0 4.93407e-18 0.00015869 0.000196392 0.00135051 2.98087e-18
22.64 0 -2.28904e-18 0.000107458 0.00011355 0.000914503 -1.35275e-17
22.66 0 2.98945e-18 5.42892e-05 2.89188e-05 0.00046202 -1.45819e-18
22.68 0 2.45695e-19 7.33587e-07 -5.48653e-05 6.24308e-06 2.90667e-19
22.7 0 2.43534e-18 -5.18239e-05 -0.000135707 -0.000441039 -2.1434e-18
22.72 0 1.15158e-18 -0.000101807 -0.000211501 -0.000866412 2.50753e-18
22.74 0 -2.56221e-18 -0.00014737 -0.000279788 -0.00125417 -5.43961e-18
22.76 0 -2.84093e-18 -0.000186725 -0.000338027 -0.0015891 -3.44044e-17
22.78 0 4.33027e-18 -0.000218529 -0.000384148 -0.00185976 -3.25427e-17
22.8 0 -3.67415e-18 -0.000241917 -0.000416755 -0.0020588 -1.56541e-17
22.82 0 2.21398e-18 -0.000256236 -0.0004349 -0.00218066 -2.01944e-17
22.84 0 -4.86533e-18 -0.000260838 -0.000437838 -0.00221982 -3.94368e-17
22.86 0 8.55382e-18 -0.000255159 -0.000425075 -0.0021715 -3.05757e-18
22.88 0 -2.53872e-19 -0.000239069 -0.000396672 -0.00203456 -7.12119e-19
22.9 0 -4.9532e-18 -0.000213022 -0.000353588 -0.00181289 1.21314e-18
22.92 0 1.36352e-17 -0.000178108 -0.000297774 -0.00151576 1.71449e-17
22.94 0 -8.33595e-18 -0.000136015 -0.000231862 -0.00115754 9.91847e-18
22.96 0 -3.36193e-18 -8.86492e-05 -0.000158799 -0.000754436 -8.08572e-18
22.98 0 -1.80378e-18 -3.78974e-05 -8.15968e-05 -0.00032252 -2.65538e-18
23 0 6.1149e-19 1.44126e-05 -3.15199e-06 0.000122657 -9.13076e-19
23.02 0 -5.42515e-19 6.6535e-05 7.38476e-05 0.000566236 -3.96283e-18
23.04 0 7.75219e-18 0.000116791 0.000146935 0.000993934 1.04457e-17
23.06 0 -2.49543e-18 0.000163541 0.000213751 0.00139179 6.13379e-18
23.08 0 -1.15586e-18 0.000205146 0.000271915 0.00174586 -2.82845e-18
23.1 0 2.23172e-18 0.000240045 0.000319115 0.00204287 -5.53935e-18
23.12 0 -7.89616e-18 0.000266956 0.000353449 0.00227189 -2.0039e-18
23.14 0 1.27943e-17 0.000285038 0.000373755 0.00242577 9.2071e-18
23.16 0 1.14875e-17 0.000293867 0.000379631 0.00250091 1.76298e-17
23.18 0 4.61741e-18 0.000293243 0.000371135 0.0024956 2.83877e-17
23.2 0 -6.43615e-18 0.000283057 0.000348548 0.00240892 -1.1736e-17
23.22 0 2.58926e-18 0.000263432 0.000312459 0.0022419 -1.16565e-17
23.24 0 -6.51396e-18 0.000235055 0.000264129 0.0020004 -3.13507e-18
23.26 0 -3.09867e-19 0.000199018 0.0002057 0.00169371 -9.16027e-18
23.28 0 2.90544e-18 0.00015695 0.000139858 0.0013357 -1.04796e-18
23.3 0 1.80484e-18 0.00011069 6.93068e-05 0.000942012 1.99611e-18
23.32 0 -5.21296e-19 6.17539e-05 -3.61507e-06 0.000525548 1.46185e-18
23.34 0 -2.28007e-18 1.1455e-05 -7.69367e-05 9.74861e-05 -2.56258e-18
23.36 0 2.47946e-18 -3.89339e-05 -0.000148667 -0.000331341 7.38102e-18
23.38 0 9.63703e-19 -8.78676e-05 -0.000216446 -0.000747784 8.29553e-18
23.4 0 -1.09077e-17 -0.000133532 -0.000277544 -0.00113641 -2.31016e-17
23.42 0 -6.60439e-18 -0.000174063 -0.000329258 -0.00148134 -8.83864e-18
23.44 0 -5.55124e-18 -0.000207846 -0.000369373 -0.00176884 -2.65151e-17
23.46 0 1.32281e-17 -0.000233643 -0.000396349 -0.00198839 1.63423e-17
23.48 0 -1.16832e-17 -0.000250543 -0.000409198 -0.00213221 -1.33749e-17
23.5 0 -1.9986e-18 -0.000257907 -0.000407357 -0.00219488 -6.68384e-18
23.52 0 5.67481e-18 -0.000255446 -0.000390803 -0.00217393 -9.72001e-18
23.54 0 2.24061e-19 -0.000243285 -0.000360227 -0.00207044 -2.47507e-17
23.56 0 -3.21268e-18 -0.000221921 -0.000317033 -0.00188863 1.91703e-18
23.58 0 9.44692e-19 -0.000192428 -0.000263057 -0.00163763 1.66015e-17
23.6 0 -4.56324e-19 -0.000156113 -0.000200239 -0.00132858 1.30759e-17
23.62 0 2.25559e-19 -0.000114004 -0.000130639 -0.000970216 1.10916e-17
23.64 0 -2.76903e-19 -6.75226e-05 -5.65841e-05 -0.000574641 2.55585e-18
23.66 0 -4.77639e-19 -1.83846e-05 1.92394e-05 -0.000156459 9.99452e-19
23.68 0 5.13211e-19 3.1675e-05 9.39182e-05 0.000269565 -4.25742e-19
23.7 0 2.64437e-19 8.08386e-05 0.0001646 0.000687965 3.25593e-18
23.72 0 1.66591e-19 0.000127396 0.000228578 0.00108419 5.09308e-18
23.74 0 -3.61384e-18 0.000169659 0.000283276 0.00144386 -1.49319e-17
23.76 0 2.73278e-18 0.000206017 0.000326342 0.00175328 -1.44067e-17
23.78 0 5.65676e-18 0.000235037 0.000355935 0.00200025 1.29317e-17
23.8 0 2.51689e-19 0.000255627 0.000370958 0.00217547 6.73553e-18
23.82 0 -4.84388e-18 0.00026712 0.000371068 0.00227328 -1.62497e-17
23.84 0 -1.30769e-17 0.000269315 0.000356585 0.00229196 -9.49147e-18
23.86 0 3.7477e-18 0.000262432 0.000328406 0.00223339 -5.72371e-18
23.88 0 -7.79999e-18 0.000246968 0.000287914 0.00210178 7.17706e-18
23.9 0 2.504e-19 0.000223568 0.000236839 0.00190264 1.05567e-17
23.92 0 -8.10219e-18 0.000192982 0.000177011 0.00164234 -8.97572e-18
23.94 0 5.64039e-19 0.000156385 0.000110175 0.00133089 -1.18269e-17
23.96 0 2.76347e-18 0.00011501 3.8259e-05 0.000978775 -2.12019e-18
23.98 0 1.19664e-19 6.99725e-05 -3.62342e-05 0.000595491 -4.25571e-18
24 0 -1.75194e-19 2.31025e-05 -0.000110245 0.00019661 2.01452e-18
24.02 0 1.67816e-18 -2.35218e-05 -0.000180559 -0.000200179 3.34402e-18
24.04 0 3.39714e-19 -6.81097e-05 -0.000244399 -0.000579637 1.41478e-18
24.06 0 -7.83497e-18 -0.000109282 -0.000299774 -0.000930032 -1.42334e-18
24.08 0 -1.155e-17 -0.000146145 -0.000345372 -0.00124374 -3.35783e-18
24.1 0 -8.23775e-19 -0.000177888 -0.000380199 -0.00151389 1.57291e-18
24.12 0 -1.08547e-17 -0.000203509 -0.000403241 -0.00173193 -5.84129e-18
24.14 0 -2.20534e-18 -0.000221809 -0.000413432 -0.00188767 -8.08956e-19
24.16 0 -1.24523e-18 -0.00023181 -0.000410053 -0.00197279 7.82334e-18
24.18 0 4.64807e-18 -0.000233229 -0.000393325 -0.00198486 2.2573e-17
24.2 0 -2.54855e-18 -0.000226562 -0.000364568 -0.00192812 6.83797e-18
24.22 0 -1.10927e-18 -0.000212608 -0.000325644 -0.00180937 4.39971e-18
24.24 0 -7.23935e-18 -0.000191915 -0.000278121 -0.00163326 7.93758e-18
24.26 0 3.40117e-18 -0.000164657 -0.000222899 -0.00140129 1.33352e-17
24.28 0 -1.73432e-18 -0.000131296 -0.000160791 -0.00111737 9.97196e-18
24.3 0 3.36361e-19 -9.29572e-05 -9.36506e-05 -0.000791098 1.27826e-17
24.32 0 1.6302e-18 -5.12322e-05 -2.47928e-05 -0.000436004 6.64897e-18
24.34 0 -2.05173e-19 -8.25376e-06 4.20353e-05 -7.02424e-05 1.11029e-18
24.36 0 8.53138e-19 3.41461e-05 0.000104056 0.000290595 -1.86938e-18
24.38 0 2.56945e-18 7.48813e-05 0.000159879 0.000637266 1.57172e-18
24.4 0 -1.41081e-18 0.000113125 0.000208749 0.000962732 4.08979e-18
24.42 0 3.88817e-18 0.00014795 0.000249571 0.00125911 -1.28689e-18
24.44 0 1.60879e-18 0.000178102 0.000280704 0.00151571 3.43176e-18
24.46 0 5.02508e-18 0.000202267 0.000300524 0.00172136 1.11583e-17
24.48 0 -8.8296e-18 0.000219458 0.000308158 0.00186767 -1.13752e-17
24.5 0 3.55958e-18 0.000229304 0.000303833 0.00195146 1.47731e-17
24.52 0 -4.49378e-18 0.000231969 0.000288656 0.00197414 1.68443e-17
24.54 0 -2.71899e-18 0.000227778 0.000263965 0.00193847 7.25936e-18
24.56 0 -1.15145e-17 0.000216854 0.000230791 0.00184551 -2.31839e-17
24.58 0 7.6656e-19 0.000199165 0.000189904 0.00169496 -1.16826e-17
24.6 0 -1.29326e-18 0.00017501 0.000142335 0.00148939 -6.73716e-18
24.62 0 -2.19318e-18 0.000145553 8.97933e-05 0.00123871 -1.64616e-17
24.64 0 3.73582e-18 0.000112154 3.47514e-05 0.000954467 -1.4557e-18
24.66 0 6.79318e-19 7.62784e-05 -2.01577e-05 0.000649156 1.69789e-18
24.68 0 2.72668e-19 3.92561e-05 -7.29168e-05 0.000334083 -1.90116e-19
24.7 0 2.98581e-19 1.91593e-06 -0.000122253 1.63053e-05 2.44296e-18
24.72 0 -2.81966e-18 -3.48443e-05 -0.000167156 -0.000296537 -3.65565e-18
24.74 0 4.46429e-18 -6.99003e-05 -0.000206317 -0.000594876 7.96526e-18
24.76 0 -2.09653e-18 -0.000101909 -0.000238191 -0.000867279 1.67522e-18
24.78 0 4.7569e-18 -0.000129709 -0.000261546 -0.00110387 9.9257e-18
24.8 0 2.2414e-18 -0.000152527 -0.000275864 -0.00129805 2.6202e-18
24.82 0 3.89504e-18 -0.000169911 -0.000281235 -0.00144601 1.52071e-17
24.84 0 5.45784e-18 -0.000181522 -0.000277995 -0.00154482 3.51658e-17
24.86 0 4.58007e-18 -0.000187044 -0.000266532 -0.00159181 6.36317e-18
24.88 0 1.38561e-17 -0.000186245 -0.000247362 -0.00158501 1.51298e-17
24.9 0 1.64477e-18 -0.000179079 -0.000221265 -0.00152402 -7.42857e-18
24.92 0 -8.77233e-18 -0.000165732 -0.000189297 -0.00141044 -2.03558e-17
24.94 0 1.18346e-18 -0.000146813 -0.000152709 -0.00124943 -9.83954e-18
24.96 0 -4.79529e-18 -0.000123322 -0.000112822 -0.00104951 -1.35969e-18
24.98 0 -3.28345e-18 -9.59608e-05 -7.10982e-05 -0.00081666 -2.87947e-18
25 0 9.45461e-19 -6.56426e-05 -2.90944e-05 -0.000558641 -2.83912e-18
25.02 0 -4.34298e-19 -3.34678e-05 1.16703e-05 -0.000284822 -2.98547e-18
25.04 0 9.53441e-20 -3.63963e-07 4.9796e-05 -3.09745e-06 -1.98973e-18
25.06 0 1.30289e-19 3.26392e-05 8.40837e-05 0.000277771 3.88743e-19
25.08 0 -5.04648e-19 6.45666e-05 0.000113479 0.000549485 -1.48992e-18
25.1 0 -1.28371e-18 9.44032e-05 0.000137037 0.000803404 -1.81365e-18
25.12 0 3.49977e-18 0.000121216 0.000153942 0.00103159 1.06902e-17
25.14 0 -2.07174e-18 0.000144217 0.000163631 0.00122734 3.1078e-18
25.16 0 7.37941e-20 0.000162844 0.000165958 0.00138586 1.12066e-17
25.18 0 -7.27568e-19 0.000176729 0.000161245 0.00150402 3.68174e-18
25.2 0 -7.72061e-18 0.000185595 0.000150124 0.00157948 -1.21269e-17
25.22 0 -1.92953e-18 0.000189142 0.000133274 0.00160966 -1.75284e-17
25.24 0 6.46045e-18 0.000187049 0.000111247 0.00159185 -1.033e-17
25.26 0 4.7017e-18 0.000179126 8.45794e-05 0.00152442 4.92513e-18
25.28 0 -2.23775e-18 0.000165526 5.41063e-05 0.00140869 -8.73194e-18
25.3 0 4.57969e-18 0.000147193 2.10668e-05 0.00125267 -1.13715e-18
25.32 0 -1.59227e-18 0.000125382 -1.30617e-05 0.00106704 -3.76027e-18
25.34 0 7.55971e-20 0.000100631 -4.66937e-05 0.000856406 -1.57145e-18
25.36 0 4.3203e-19 7.36465e-05 -7.85168e-05 0.000626757 6.09639e-19
25.38 0 -3.73147e-19 4.53662e-05 -0.000107564 0.000386083 3.22761e-18
25.4 0 -1.40522e-18 1.67593e-05 -0.000132787 0.000142628 -2.40309e-18
25.42 0 -1.88575e-18 -1.09107e-05 -0.000152854 -9.28541e-05 -3.76024e-18
25.44 0 7.69889e-19 -3.65559e-05 -0.000166483 -0.000311103 -7.53032e-19
25.46 0 -1.24965e-18 -5.93899e-05 -0.000173078 -0.000505429 3.11099e-20
25.48 0 -4.50242e-18 -7.89868e-05 -0.000172914 -0.000672206 -1.13501e-17
25.5 0 5.33646e-18 -9.50409e-05 -0.000166714 -0.000808831 -7.19652e-19
25.52 0 -2.89896e-18 -0.000107209 -0.000155108 -0.000912385 -1.68149e-18
25.54 0 -3.83662e-18 -0.000115097 -0.000138487 -0.000979518 -1.4279e-17
25.56 0 1.94088e-18 -0.000118372 -0.00011724 -0.00100739 -6.99566e-18
25.58 0 -6.63885e-19 -0.000116832 -9.20073e-05 -0.000994284 -1.61072e-17
25.6 0 2.63844e-18 -0.000110441 -6.372e-05 -0.000939889 -5.11188e-18
25.62 0 -3.48318e-19 -9.93785e-05 -3.35311e-05 -0.000845746 -3.59477e-19
25.64 0 -2.3948e-18 -8.41036e-05 -2.70943e-06 -0.000715751 -2.18279e-18
25.66 0 -2.95234e-18 -6.592e-05 2.76021e-05 -0.000561002 -4.39277e-18
25.68 0 1.16571e-19 -4.57853e-05 5.63206e-05 -0.000389648 -2.55235e-18
25.7 0 2.99705e-19 -2.37785e-05 8.23875e-05 -0.000202364 -1.30706e-18
25.72 0 8.36029e-19 -5.14181e-07 0.00010504 -4.37586e-06 -4.43052e-19
25.74 0 -1.26418e-18 2.31731e-05 0.000123609 0.000197211 -5.75398e-19
25.76 0 -1.5188e-18 4.6426e-05 0.000137319 0.000395102 1.1799e-18
25.78 0 -9.20029e-19 6.83984e-05 0.00014545 0.000582094 -9.26189e-19
25.8 0 -9.29291e-19 8.85324e-05 0.000147672 0.000753442 -3.44271e-19
25.82 0 1.3538e-18 0.0001065 0.000144279 0.000906351 1.96773e-18
25.84 0 -3.71512e-18 0.000122087 0.000136017 0.001039 -5.70577e-18
25.86 0 5.52404e-18 0.000135033 0.000123689 0.00114917 2.79001e-18
25.88 0 6.1694e-19 0.000144985 0.00010787 0.00123387 1.12079e-17
25.9 0 1.0613e-19 0.000151523 8.88852e-05 0.00128952 1.37792e-17
25.92 0 -5.57059e-18 0.000154213 6.6975e-05 0.00131241 6.68686e-18
25.94 0 -1.5321e-18 0.000152657 4.24453e-05 0.00129917 6.43994e-18
25.96 0 1.23496e-18 0.00014658 1.57464e-05 0.00124745 5.16129e-18
25.98 0 -1.25422e-18 0.000135941 -1.24773e-05 0.0011569 -2.95306e-18
26 0 1.30212e-18 0.000121133 -4.13793e-05 0.00103088 3.41904e-18
26.02 0 -1.93842e-18 0.000103505 -7.0091e-05 0.000880867 -5.87293e-19
26.04 0 -6.21944e-20 8.34124e-05 -9.75556e-05 0.000709869 -9.07665e-19
26.06 0 1.32121e-19 6.11051e-05 -0.000122775 0.000520026 -1.31193e-18
26.08 0 2.04024e-18 3.7467e-05 -0.00014495 0.000318857 7.5206e-19
26.1 0 1.77863e-18 1.33072e-05 -0.000163122 0.000113249 6.36434e-19
26.12 0 -7.66518e-19 -1.00475e-05 -0.000176147 -8.55081e-05 -1.09209e-18
26.14 0 -5.67651e-19 -3.16111e-05 -0.000183006 -0.000269022 4.57518e-18
26.16 0 -4.15244e-18 -5.08099e-05 -0.000183437 -0.00043241 -3.66395e-18
26.18 0 -3.01784e-18 -6.7572e-05 -0.000178121 -0.000575061 -7.44808e-19
26.2 0 -1.6494e-18 -8.18602e-05 -0.000168215 -0.000696659 -5.31239e-18
26.22 0 4.70028e-19 -9.33638e-05 -0.000154634 -0.000794558 -2.68043e-18
26.24 0 1.82549e-18 -0.000101484 -0.000137755 -0.000863667 3.93033e-18
26.26 0 -1.4035e-18 -0.000105709 -0.000117783 -0.000899617 7.10389e-18
26.28 0 2.95822e-18 -0.000105956 -9.53582e-05 -0.000901721 6.33699e-19
26.3 0 2.16365e-18 -0.00010259 -7.1742e-05 -0.000873075 -5.65625e-18
26.32 0 2.44712e-18 -9.60867e-05 -4.83972e-05 -0.000817731 1.67337e-18
26.34 0 2.05605e-18 -8.6713e-05 -2.63829e-05 -0.000737958 3.50038e-18
26.36 0 2.97829e-18 -7.48776e-05 -6.03944e-06 -0.000637234 4.10383e-18
26.38 0 1.22019e-18 -6.09335e-05 1.26234e-05 -0.000518565 1.68035e-18
26.4 0 4.3599e-19 -4.48254e-05 2.92497e-05 -0.000381479 4.5375e-18
26.42 0 1.01095e-18 -2.70901e-05 4.31437e-05 -0.000230546 1.97424e-18
26.44 0 -3.97512e-19 -8.62912e-06 5.35707e-05 -7.34369e-05 7.32708e-19
26.46 0 -1.56739e-19 9.91938e-06 6.01182e-05 8.44174e-05 6.55992e-19
26.48 0 1.42895e-19 2.8194e-05 6.29562e-05 0.000239941 -7.80597e-19
26.5 0 9.14265e-20 4.6103e-05 6.26426e-05 0.000392352 -4.78402e-19
26.52 0 1.27099e-18 6.34112e-05 5.97327e-05 0.000539651 1.11481e-18
26.54 0 -1.08443e-18 7.95692e-05 5.44782e-05 0.000677161 -1.09104e-18
26.56 0 1.41452e-18 9.38135e-05 4.68863e-05 0.000798386 -1.43483e-18
26.58 0 3.75606e-18 0.000105499 3.70408e-05 0.000897837 1.51874e-18
26.6 0 -2.43491e-19 0.000114309 2.53757e-05 0.000972811 1.21336e-18
26.62 0 -3.17407e-18 0.000120184 1.26269e-05 0.0010228 9.46727e-19
26.64 0 1.2613e-18 0.000123061 -5.08965e-07 0.00104729 2.56105e-18
26.66 0 1.44225e-18 0.000122696 -1.36955e-05 0.00104419 1.24188e-18
26.68 0 1.75011e-18 0.000118742 -2.69371e-05 0.00101053 1.26131e-18
26.7 0 7.79939e-19 0.000111223 -4.02368e-05 0.000946547 2.62648e-19
26.72 0 -1.46245e-18 0.000100747 -5.32001e-05 0.000857395 -2.23698e-18
26.74 0 1.44742e-18 8.77103e-05 -6.48849e-05 0.000746446 2.4568e-18
26.76 0 -2.45544e-19 7.26573e-05 -7.437e-05 0.000618339 4.16585e-19
26.78 0 -2.43194e-19 5.63148e-05 -8.11909e-05 0.000479259 -1.61527e-18
26.8 0 6.88395e-19 3.91648e-05 -8.51979e-05 0.000333306 1.7059e-19
26.82 0 -2.91282e-19 2.17333e-05 -8.63024e-05 0.000184958 -1.70369e-18
26.84 0 -4.48164e-19 4.52973e-06 -8.43376e-05 3.85496e-05 -4.34428e-19
26.86 0 1.53534e-19 -1.18896e-05 -7.92787e-05 -0.000101185 1.82568e-18
26.88 0 1.84528e-18 -2.70648e-05 -7.14885e-05 -0.000230331 4.38704e-18
26.9 0 -5.06339e-19 -4.06797e-05 -6.17208e-05 -0.000346199 1.34606e-19
26.92 0 1.56205e-18 -5.25195e-05 -5.08266e-05 -0.000446959 1.28773e-18
26.94 0 7.55502e-19 -6.23261e-05 -3.94393e-05 -0.000530417 2.43378e-19
26.96 0 -5.7126e-19 -6.97319e-05 -2.79008e-05 -0.000593443 -2.96152e-19
26.98 0 -1.11393e-18 -7.43263e-05 -1.6435e-05 -0.000632543 -4.47038e-18
27 0 2.10059e-18 -7.57861e-05 -5.31562e-06 -0.000644966 2.73014e-19
27.02 0 3.43244e-18 -7.39384e-05 5.15349e-06 -0.000629242 4.50224e-18
27.04 0 -1.80315e-18 -6.88702e-05 1.47766e-05 -0.000586109 -2.37668e-18
27.06 0 4.83971e-19 -6.11763e-05 2.35188e-05 -0.000520632 -1.42989e-18
27.08 0 3.7867e-19 -5.09911e-05 3.11316e-05 -0.000433952 -2.41413e-18
27.1 0 -2.90792e-19 -3.85252e-05 3.71483e-05 -0.000327863 9.58529e-19
27.12 0 8.0691e-20 -2.44953e-05 4.11172e-05 -0.000208464 1.31699e-18
27.14 0 -1.22678e-19 -9.5041e-06 4.26904e-05 -8.08832e-05 1.22154e-18
27.16 0 7.01525e-20 5.90412e-06 4.18226e-05 5.02461e-05 1.16207e-18
27.18 0 1.0971e-19 2.15098e-05 3.88072e-05 0.000183056 1.43551e-19
27.2 0 8.9238e-19 3.71295e-05 3.41732e-05 0.000315985 -7.72954e-20
27.22 0 -1.3316e-18 5.2425e-05 2.83999e-05 0.000446155 -2.06166e-18
27.24 0 1.20916e-18 6.68277e-05 2.17547e-05 0.000568727 2.19795e-18
27.26 0 -2.0594e-18 7.97737e-05 1.44216e-05 0.000678902 -2.41089e-19
27.28 0 7.56063e-19 9.09114e-05 6.73947e-06 0.000773687 4.7434e-18
27.3 0 -2.83088e-19 0.000100056 -8.30509e-07 0.000851512 4.97269e-18
27.32 0 2.24615e-18 0.000106925 -8.03008e-06 0.000909968 7.3944e-18
27.34 0 -1.04844e-18 0.000111004 -1.5022e-05 0.00094468 2.93544e-18
27.36 0 1.20749e-18 0.00011174 -2.21773e-05 0.000950946 1.54177e-18
27.38 0 2.30242e-19 0.000108888 -2.96168e-05 0.000926671 2.53782e-18
27.4 0 1.34181e-18 0.000102939 -3.70222e-05 0.000876043 1.54464e-18
27.42 0 -3.46317e-19 9.46055e-05 -4.37802e-05 0.000805126 -3.16551e-19
27.44 0 4.50586e-19 8.40578e-05 -4.93361e-05 0.000715361 3.82458e-19
27.46 0 -1.96224e-20 7.15314e-05 -5.35634e-05 0.000608758 -1.51476e-18
27.48 0 -1.66974e-19 5.74361e-05 -5.65265e-05 0.000488802 -1.71108e-19
27.5 0 2.71137e-19 4.2267e-05 -5.80793e-05 0.000359707 -9.41153e-19
27.52 0 7.88929e-19 2.66842e-05 -5.79099e-05 0.000227092 7.15703e-19
27.54 0 -2.36834e-18 1.12268e-05 -5.58857e-05 9.5544e-05 -2.68549e-18
27.56 0 1.0009e-18 -3.72467e-06 -5.23281e-05 -3.16983e-05 -4.08725e-19
27.58 0 2.14953e-18 -1.78863e-05 -4.78455e-05 -0.000152219 4.80278e-18
27.6 0 2.10558e-18 -3.09067e-05 -4.29423e-05 -0.000263026 4.15327e-18
27.62 0 -3.09991e-18 -4.23422e-05 -3.782e-05 -0.000360347 2.45458e-18
27.64 0 3.22912e-18 -5.17477e-05 -3.25168e-05 -0.000440391 4.6308e-18
27.66 0 1.03165e-18 -5.87759e-05 -2.71286e-05 -0.000500203 4.09975e-18
27.68 0 -1.26519e-18 -6.31819e-05 -2.1841e-05 -0.0005377 4.16433e-18
27.7 0 2.55952e-18 -6.47755e-05 -1.67863e-05 -0.000551262 6.36548e-18
27.72 0 7.71805e-19 -6.34117e-05 -1.19455e-05 -0.000539656 -1.22857e-18
27.74 0 -1.72362e-18 -5.92261e-05 -7.22009e-06 -0.000504035 -7.50365e-19
27.76 0 1.30507e-18 -5.2569e-05 -2.65535e-06 -0.00044738 1.22093e-18
27.78 0 -5.67756e-19 -4.35806e-05 1.44169e-06 -0.000370886 -3.27243e-19
27.8 0 -6.0079e-20 -3.25775e-05 4.77037e-06 -0.000277246 1.13199e-19
27.82 0 2.53239e-20 -2.00328e-05 7.19928e-06 -0.000170486 1.24362e-18
27.84 0 -4.9725e-19 -6.3328e-06 8.69785e-06 -5.38943e-05 6.27901e-19
27.86 0 -3.56955e-19 8.08671e-06 9.25558e-06 6.88207e-05 -5.36087e-19
27.88 0 9.40844e-20 2.27961e-05 8.84277e-06 0.000194002 5.16176e-20
27.9 0 -5.04838e-20 3.73319e-05 7.51341e-06 0.000317708 5.77333e-20
27.92 0 8.93236e-19 5.12633e-05 5.47196e-06 0.000436268 8.99081e-19
27.94 0 -7.9148e-19 6.4209e-05 3.02138e-06 0.000546441 -2.07753e-18
27.96 0 9.89137e-20 7.58373e-05 4.3517e-07 0.000645401 -1.05451e-18
27.98 0 8.49934e-19 8.58244e-05 -2.12504e-06 0.000730395 2.85119e-18
28 0 7.79741e-19 9.38281e-05 -4.61746e-06 0.00079851 7.42836e-18
28.02 0 2.26691e-18 9.9494e-05 -7.0927e-06 0.000846729 5.27716e-18
28.04 0 -1.27813e-18 0.000102507 -9.66027e-06 0.000872367 -2.80903e-18
28.06 0 -2.82422e-18 0.000102657 -1.2443e-05 0.000873644 -3.88207e-18
28.08 0 2.70776e-18 9.99724e-05 -1.55288e-05 0.0008508 4.21839e-18
28.1 0 -1.32512e-18 9.47412e-05 -1.8923e-05 0.000806281 1.64248e-19
28.12 0 1.30009e-18 8.70809e-05 -2.24803e-05 0.000741088 4.06348e-19
28.14 0 -8.52926e-20 7.71983e-05 -2.60139e-05 0.000656984 -1.00102e-18
28.16 0 -3.89636e-19 6.55407e-05 -2.93317e-05 0.000557774 -1.82914e-18
28.18 0 8.39376e-19 5.25837e-05 -3.21742e-05 0.000447506 2.33558e-19
28.2 0 1.07181e-19 3.88722e-05 -3.42772e-05 0.000330816 1.00269e-18
28.22 0 -1.65188e-19 2.48789e-05 -3.54702e-05 0.000211728 9.09431e-19
28.24 0 1.01494e-18 1.10281e-05 -3.57735e-05 9.38528e-05 9.76157e-19
28.26 0 -9.58123e-20 -2.2976e-06 -3.536e-05 -1.95534e-05 6.35526e-19
28.28 0 -1.45455e-18 -1.47127e-05 -3.44281e-05 -0.00012521 -7.89398e-20
28.3 0 -2.18829e-18 -2.58372e-05 -3.31024e-05 -0.000219883 8.80456e-19
28.32 0 -8.93894e-19 -3.5318e-05 -3.14396e-05 -0.000300569 -4.91185e-19
28.34 0 3.17222e-18 -4.28465e-05 -2.94753e-05 -0.000364639 6.29286e-18
28.36 0 -5.61735e-19 -4.81465e-05 -2.72246e-05 -0.000409743 -8.46455e-19
28.38 0 6.0892e-19 -5.09689e-05 -2.46501e-05 -0.000433763 -2.50424e-18
28.4 0 -6.89272e-19 -5.11242e-05 -2.16775e-05 -0.000435085 1.74045e-18
28.42 0 -2.95695e-18 -4.85941e-05 -1.8271e-05 -0.000413553 -4.00279e-19
28.44 0 -2.60115e-18 -4.36121e-05 -1.45041e-05 -0.000371155 -1.23495e-18
28.46 0 1.10957e-20 -3.63452e-05 -1.06074e-05 -0.000309311 9.31483e-19
28.48 0 -1.59096e-18 -2.70369e-05 -6.85147e-06 -0.000230094 -2.44101e-18
28.5 0 -7.39874e-20 -1.61116e-05 -3.48335e-06 -0.000137115 -1.35454e-18
28.52 0 -8.73779e-19 -4.00439e-06 -7.76269e-07 -3.40787e-05 -1.45094e-18
28.54 0 7.23683e-19 8.80027e-06 1.00388e-06 7.48934e-05 -3.5076e-19
28.56 0 4.08404e-21 2.18676e-05 1.67769e-06 0.000186101 -5.0354e-19
28.58 0 1.68594e-19 3.47956e-05 1.2419e-06 0.000296123 -1.15178e-19
28.6 0 1.9526e-19 4.72119e-05 -1.57934e-07 0.00040179 1.3