0.02 -0.0414269 0.00881021 0.0580372 0.0160049 0.0580372 0.00881021
0.04 0.218427 0.16774 -3.18783 0.256031 -3.18783 0.16774
0.06 3.18335 1.56969 -27.6357 1.45694 -27.6357 1.56969
0.08 13.388 8.00921 -103.233 3.99093 -103.233 8.00921
0.1 30.7653 28.9463 -232.086 3.08293 -232.086 28.9463
0.12 40.2068 88.4487 -365.286 -17.245 -365.286 88.4487
0.14 8.65204 238.378 -460.257 -76.4058 -460.257 238.378
0.16 -105.035 551.884 -541.559 -166.801 -541.559 551.884
0.18 -333.944 1086.8 -663.875 -231.937 -663.875 1086.8
0.2 -690.523 1854.19 -841.96 -195.539 -841.96 1854.19
0.22 -1161.77 2820.15 -1050.42 -22.2973 -1050.42 2820.15
0.24 -1714.28 3928.05 -1264.83 253.069 -1264.83 3928.05
0.26 -2306.89 5118.36 -1480.99 553.441 -1480.99 5118.36
0.28 -2896.16 6323.31 -1711.63 817.458 -1711.63 6323.31
0.3 -3433.39 7449.64 -1967.44 1037.69 -1967.44 7449.64
0.32 -3880.62 8414.51 -2227.69 1235.87 -2227.69 8414.51
0.34 -4242.42 9220.22 -2437.9 1407.27 -2437.9 9220.22
0.36 -4562.92 9945.07 -2551.34 1520.82 -2551.34 9945.07
0.38 -4885.24 10649 -2568.39 1573.16 -2568.39 10649
0.4 -5234.81 11349.2 -2530.83 1605.84 -2530.83 11349.2
0.42 -5634.75 12080.4 -2487.23 1672.08 -2487.23 12080.4
0.44 -6093.21 12877.6 -2467.52 1818.28 -2467.52 12877.6
0.46 -6562.1 13671 -2471.41 2074.24 -2471.41 13671
0.48 -6941.55 14275.4 -2450.83 2403.68 -2450.83 14275.4
0.5 -7148.79 14532.5 -2310.41 2669.61 -2310.41 14532.5
0.52 -7175.41 14441.1 -1990.11 2710.84 -1990.11 14441.1
0.54 -7074.6 14134.9 -1583.09 2491.92 -1583.09 14134.9
0.56 -6902.84 13745 -1308.4 2172.88 -1308.4 13745
0.58 -6664.45 13263.5 -1307.35 2008.49 -1307.35 13263.5
0.6 -6292.14 12519.9 -1500.92 2133.87 -1500.92 12519.9
0.62 -5693.04 11327.8 -1676.67 2396.89 -1676.67 11327.8
0.64 -4828.03 9662.92 -1688.96 2421.93 -1688.96 9662.92
0.66 -3718.34 7621.14 -1584.23 1929.76 -1584.23 7621.14
0.68 -2376.29 5222.47 -1570.15 1017.06 -1570.15 5222.47
0.7 -800.827 2425.71 -1836.03 54.3406 -1836.03 2425.71
0.72 941.922 -652.342 -2357.23 -687.954 -2357.23 -652.342
0.74 2713.25 -3734.2 -2891.94 -1240.86 -2891.94 -3734.2
0.76 4401.85 -6638.21 -3201.79 -1807.2 -3201.79 -6638.21
0.78 5965.21 -9354.86 -3275.26 -2534.46 -3275.26 -9354.86
0.8 7367.36 -11839.7 -3343.49 -3379.15 -3343.49 -11839.7
0.82 8555.4 -13925 -3689.81 -4087.41 -3689.81 -13925
0.84 9518.94 -15508.9 -4395.02 -4348.61 -4395.02 -15508.9
0.86 10299.4 -16675.1 -5199.12 -4101.22 -5199.12 -16675.1
0.88 10897.8 -17518.7 -5652.85 -3683.93 -5652.85 -17518.7
0.9 11217.5 -17943.4 -5532.8 -3549.3 -5532.8 -17943.4
0.92 11134.3 -17721.3 -5126.41 -3768.78 -5126.41 -17721.3
0.94 10603.5 -16711.9 -4997.52 -3891.07 -4997.52 -16711.9
0.96 9690.92 -14984.3 -5429.69 -3353.81 -5429.69 -14984.3
0.98 8533.96 -12780.4 -6149.04 -2045.52 -6149.04 -12780.4
1 7284.08 -10411.8 -6567.91 -477.365 -6567.91 -10411.8
1.02 6059.12 -8228.23 -6087.02 602.678 -6087.02 -8228.23
1.04 4920.36 -6673.63 -4098.73 816.858 -4098.73 -6673.63
1.06 3898.11 -6072.14 -660.866 421.277 -660.866 -6072.14
1.08 3053.84 -6091.34 2234.41 77.903 2234.41 -6091.34
1.1 2460.66 -5901.19 2199.72 469.097 2199.72 -5901.19
1.12 2099.69 -5266.69 275.491 1761.02 275.491 -5266.69
1.14 1879.09 -4863.02 164.008 3041.03 164.008 -4863.02
1.16 1739.46 -5245.8 3205.77 2839.65 3205.77 -5245.8
1.18 1605.98 -6103.6 7183.9 802.206 7183.9 -6103.6
1.2 1340.26 -6529.81 9224.54 -1647.17 9224.54 -6529.81
1.22 898.428 -5814.34 8019.86 -2659.12 8019.86 -5814.34
1.24 395.058 -4234.29 5142.35 -1670.17 5142.35 -4234.29
1.26 -80.5924 -2821.86 4021.01 72.3104 4021.01 -2821.86
1.28 -514.412 -2117.35 5527.6 532.865 5527.6 -2117.35
1.3 -798.627 -1804.42 6600.99 -1070.87 6600.99 -1804.42
1.32 -734.92 -1582.73 4779.78 -3309.42 4779.78 -1582.73
1.34 -234.463 -1512.64 1138.08 -4178.18 1138.08 -1512.64
1.36 625.202 -1613.8 -2056.34 -3351.29 -2056.34 -1613.8
1.38 1702.86 -1980.46 -3529.32 -2264.34 -3529.32 -1980.46
1.4 2872.02 -3236.55 -2550.77 -2404.98 -2550.77 -3236.55
1.42 4093.9 -6023.77 370.574 -3979.5 370.574 -6023.77
1.44 5442.92 -9714.34 1756.84 -5773.6 1756.84 -9714.34
1.46 6932.18 -12554.3 -1749.39 -5908.69 -1749.39 -12554.3
1.48 8366.33 -13796.1 -7508.73 -3489.43 -7508.73 -13796.1
1.5 9538.1 -14639.7 -9154.99 -187.135 -9154.99 -14639.7
1.52 10465.2 -16350.5 -5494.77 846.125 -5494.77 -16350.5
1.54 11262.9 -18650.2 -1639.03 -1340.37 -1639.03 -18650.2
1.56 11905.1 -20406.8 -1494.39 -4030.8 -1494.39 -20406.8
1.58 12228 -20743.9 -4180.41 -4072.32 -4180.41 -20743.9
1.6 12050.5 -19429.5 -6712.53 -1366.46 -6712.53 -19429.5
1.62 11257.4 -17146.7 -6517.85 1643.94 -6517.85 -17146.7
1.64 9908.04 -15139.8 -3126.52 2737.78 -3126.52 -15139.8
1.66 8267.45 -13915.4 585.805 1636.24 585.805 -13915.4
1.68 6623.84 -12686.3 1049.36 55.3654 1049.36 -12686.3
1.7 5094.08 -10478.1 -1434.59 245.909 -1434.59 -10478.1
1.72 3630.77 -7249.09 -3097.82 2547.41 -3097.82 -7249.09
1.74 2113.01 -3673.33 -1550.43 4534.45 -1550.43 -3673.33
1.76 425.692 -427.443 1987.39 3586.13 1987.39 -427.443
1.78 -1430.25 2121.76 4915.35 118.004 4915.35 2121.76
1.8 -3351.65 4229.59 5733.03 -2731.43 5733.03 4229.59
1.82 -5335.88 6965.86 4529.43 -2533.31 4529.43 6965.86
1.84 -7508.89 11274.5 2657.85 129.034 2657.85 11274.5
1.86 -9866.77 16593.9 2036.53 2601.48 2036.53 16593.9
1.88 -12186.8 21195.4 3600.52 2664.48 3600.52 21195.4
1.9 -14245.8 24056.6 6203.32 373.572 6203.32 24056.6
1.92 -15937.2 25695.4 7774.63 -1904.15 7774.63 25695.4
1.94 -17181.7 27156.7 7537.32 -1577.63 7537.32 27156.7
1.96 -17901.3 28824.1 6464.07 1491.9 6464.07 28824.1
1.98 -18065.4 30136.8 5908.09 4711.99 5908.09 30136.8
2 -17659.4 29987 6499.19 5492.86 6499.19 29987
2.02 -16633.6 27558.3 7898.43 3854.06 7898.43 27558.3
2.04 -14929.9 23108 8940.32 2089.33 8940.32 23108
2.06 -12516.4 17756.2 8490.66 2296.25 8490.66 17756.2
2.08 -9379.04 12323.2 6674.03 4417.3 6674.03 12323.2
2.1 -5541.82 6602.23 4816.41 6309.14 4816.41 6602.23
2.12 -1136.1 -103.913 3880.91 5626.62 3880.91 -103.913
2.14 3599.53 -8001.95 3395.38 2033.09 3395.38 -8001.95
2.16 8388.53 -16423.5 2168.11 -2342.55 2168.11 -16423.5
2.18 12906.4 -24098.9 -282.522 -4924.27 -282.522 -24098.9
2.2 16763.4 -29837.6 -3278.1 -5139.97 -3278.1 -29837.6
2.22 19669.1 -33348.1 -5751.3 -4633.2 -5751.3 -33348.1
2.24 21590.1 -35353.9 -7240.9 -5265.76 -7240.9 -35353.9
2.26 22646.3 -36615.8 -8271.56 -7254.88 -8271.56 -36615.8
2.28 22981.3 -37149.8 -9806.54 -9068.87 -9806.54 -37149.8
2.3 22818.5 -36693.2 -12063.4 -8913.85 -12063.4 -36693.2
2.32 22427.2 -35382.6 -14059.2 -6596.01 -14059.2 -35382.6
2.34 21921.5 -33598.5 -14744.3 -3990.71 -14744.3 -33598.5
2.36 21205.4 -31623.3 -14101.2 -3273.85 -14101.2 -31623.3
2.38 20095.9 -29611.1 -12664.2 -4673.31 -12664.2 -29611.1
2.4 18420.8 -27438.2 -10826.4 -6292.88 -10826.4 -27438.2
2.42 16116 -24613.1 -9059.6 -6019.49 -9059.6 -24613.1
2.44 13296.5 -20746.9 -7674.86 -3386.68 -7674.86 -20746.9
2.46 10178 -16092.2 -6043.39 100.942 -6043.39 -16092.2
2.48 6968.34 -11413.9 -3196.91 2215.19 -3196.91 -11413.9
2.5 3820 -7307.43 740.205 1887.11 740.205 -7307.43
2.52 768.933 -3668.02 4585.15 175.727 4585.15 -3668.02
2.54 -2223.01 81.9862 7302.68 -682.149 7302.68 81.9862
2.56 -5110.22 4260.04 8769.93 635.092 8769.93 4260.04
2.58 -7791.5 8619.89 9858.16 3294.45 9858.16 8619.89
2.6 -10232.2 12644.3 11646.1 5187.76 11646.1 12644.3
2.62 -12336.6 15830.3 13915.3 5060.41 13915.3 15830.3
2.64 -13827.7 17837.3 15088.3 3662.73 15088.3 17837.3
2.66 -14432.8 18544.4 14376.2 2792.13 14376.2 18544.4
2.68 -14016.3 17834 12909.5 3350.36 12909.5 17834
2.7 -12524.7 15534.7 11975.9 4358.27 11975.9 15534.7
2.72 -10094.3 11895 11349.6 3845.46 11349.6 11895
2.74 -7150.97 7696.21 10048.6 858.788 10048.6 7696.21
2.76 -4118.64 3541.95 7646.95 -3381.93 7646.95 3541.95
2.78 -1154.43 -464.122 4398.1 -6538.75 4398.1 -464.122
2.8 1652.74 -4116.45 895.302 -7371.44 895.302 -4116.45
2.82 4111.46 -6863.23 -2422.17 -6691.9 -2422.17 -6863.23
2.84 6220.77 -8561.66 -6031.44 -6176.4 -6031.44 -8561.66
2.86 8355.55 -9950.66 -10945.6 -6606.55 -10945.6 -9950.66
2.88 10833.7 -11849.9 -16955.2 -7447.81 -16955.2 -11849.9
2.9 13441.7 -14107.3 -22237.1 -7822.61 -22237.1 -14107.3
2.92 15564.4 -15680 -25313.9 -7464.73 -25313.9 -15680
2.94 16598.1 -15553.3 -26434.7 -6704.3 -26434.7 -15553.3
2.96 16166.9 -13329.2 -26848.6 -5774.47 -26848.6 -13329.2
2.98 14239.8 -9171.45 -27789 -4263.75 -27789 -9171.45
3 11194.5 -3568.22 -29854.5 -1355.06 -29854.5 -3568.22
3.02 7602.51 2801.76 -32074.5 3143.35 -32074.5 2801.76
3.04 3891.39 9165.51 -32066.3 7964.19 -32066.3 9165.51
3.06 248.679 14871.9 -28427.8 11007.6 -28427.8 14871.9
3.08 -3276.09 19678.6 -22579.4 11251.9 -22579.4 19678.6
3.1 -6692.8 23798.8 -17347.7 9974.59 -17347.7 23798.8
3.12 -10034.1 27654.4 -14169.4 9663.91 -14169.4 27654.4
3.14 -13380 31692.9 -12099.5 11535.9 -12099.5 31692.9
3.16 -16917.4 36248.5 -8912.41 14313.6 -8912.41 36248.5
3.18 -20778.8 41085.5 -3010.52 15608.4 -3010.52 41085.5
3.2 -24717.4 45173.5 4951.26 14334.9 4951.26 45173.5
3.22 -28185.2 47623.7 12237.7 11612.4 12237.7 47623.7
3.24 -30851.5 48799 16639.6 9520.82 16639.6 48799
3.26 -32753.7 49643.3 18876.5 9187.43 18876.5 49643.3
3.28 -33854.2 49960.4 21541.8 9815.52 21541.8 49960.4
3.3 -33843.6 48373.2 25892.4 9314.45 25892.4 48373.2
3.32 -32551.3 44086.2 30723.6 6199.96 30723.6 44086.2
3.34 -30205.8 37825.4 34080.9 1206.65 34080.9 37825.4
3.36 -27160.6 31004.3 34915.2 -3227 34915.2 31004.3
3.38 -23599.9 24559.8 33304.4 -5267.92 33304.4 24559.8
3.4 -19467.3 18319.9 30139.8 -5242.52 30139.8 18319.9
3.42 -14486.9 11067.4 26613.2 -5021.53 26613.2 11067.4
3.44 -8414.18 1692.27 23378.3 -6368.69 23378.3 1692.27
3.46 -1399.52 -9484.79 20106.6 -9668.59 20106.6 -9484.79
3.48 6072.22 -21008.3 15972.4 -13574.6 15972.4 -21008.3
3.5 13563 -31703.8 10460.1 -15998.6 10460.1 -31703.8
3.52 20771.6 -41195.1 3734.99 -15973 3734.99 -41195.1
3.54 27404.2 -49460.6 -3493.04 -14433.6 -3493.04 -49460.6
3.56 33243.4 -56619.2 -10306.4 -12989 -10306.4 -56619.2
3.58 38224.7 -62823 -15937.4 -12334.4 -15937.4 -62823
3.6 42250.9 -67800.1 -20124.6 -12035 -20124.6 -67800.1
3.62 45066.3 -70757.3 -23335.3 -11259.9 -23335.3 -70757.3
3.64 46489 -71156.2 -26546.8 -9339.17 -26546.8 -71156.2
3.66 46697.7 -69478.7 -30426.7 -6045.04 -30426.7 -69478.7
3.68 46146.1 -66961.9 -34424.6 -1891.99 -34424.6 -66961.9
3.7 45175.7 -64510.3 -36921.4 1850.5 -36921.4 -64510.3
3.72 43757.1 -61929 -36757.6 3849.18 -36757.6 -61929
3.74 41583 -58265.2 -34421.4 3731.5 -34421.4 -58265.2
3.76 38294.1 -52756.7 -31240.2 2445.39 -31240.2 -52756.7
3.78 33595.8 -45231.5 -27854.7 1498.74 -27854.7 -45231.5
3.8 27347.5 -35787.6 -24133.7 1836.87 -24133.7 -35787.6
3.82 19701.2 -24605.6 -19892.5 3368.62 -19892.5 -24605.6
3.84 11106.2 -12160 -14853.9 5212.76 -14853.9 -12160
3.86 2099.66 814.754 -8642.88 6229.65 -8642.88 814.754
3.88 -6889.76 13735.9 -1622.08 5759.57 -1622.08 13735.9
3.9 -15543.6 26247.7 5032.75 4309.46 5032.75 26247.7
3.92 -23544.7 37804.9 10685.6 3298.65 10685.6 37804.9
3.94 -30512.9 47529.8 15840.7 3696.86 15840.7 47529.8
3.96 -36034.3 54626.8 21031.9 4999.11 21031.9 54626.8
3.98 -39745.7 58693.6 25964.3 5779.39 25964.3 58693.6
4 -41416.1 59606.9 29934.3 5055.25 29934.3 59606.9
4.02 -40972.5 57379.3 32321.3 2949.75 32321.3 57379.3
4.04 -38441 52130.1 32665.5 357.947 32665.5 52130.1
4.06 -33926.6 44119.4 30981.8 -1858.55 30981.8 44119.4
4.08 -27766.6 34038.8 27921.8 -3682.79 27921.8 34038.8
4.1 -20604.9 23163.7 24054 -5988.06 24054 23163.7
4.12 -13116.4 12719.9 19192 -9400.13 19192 12719.9
4.14 -5754.61 3256.45 12908.3 -13243.7 12908.3 3256.45
4.16 1062.26 -4837.94 5336.36 -16034.7 5336.36 -4837.94
4.18 6791.41 -10711 -3050.1 -16748.9 -3050.1 -10711
4.2 11133.7 -13817.3 -12005.2 -15225.2 -12005.2 -13817.3
4.22 14389.1 -14947 -21256.7 -11850.1 -21256.7 -14947
4.24 17154.9 -15621.1 -30078.7 -7466.8 -30078.7 -15621.1
4.26 19807.2 -16679.6 -37770.3 -3178.75 -37770.3 -16679.6
4.28 22460.8 -18117.7 -44250.4 407.657 -44250.4 -18117.7
4.3 25150.1 -19911.7 -49525.7 3520.71 -49525.7 -19911.7
4.32 27719.3 -22144.2 -52942.7 6453.71 -52942.7 -22144.2
4.34 29743.3 -24556.9 -53790.4 8932.19 -53790.4 -24556.9
4.36 30829.8 -26680.6 -52308.8 10617.5 -52308.8 -26680.6
4.38 30765.5 -28031 -49280 11601.8 -49280 -28031
4.4 29207.6 -27644.6 -45028 11977.5 -45028 -27644.6
4.42 25590.9 -24049.6 -39521.7 11585 -39521.7 -24049.6
4.44 19474.7 -16154.1 -32967.7 10556.5 -32967.7 -16154.1
4.46 10707.2 -3666.68 -25765.3 9539.45 -25765.3 -3666.68
4.48 -638.973 13200.8 -18186.3 9217.62 -18186.3 13200.8
4.5 -14161 33688.8 -10185.9 9976.32 -10185.9 33688.8
4.52 -29077.3 56419.8 -1489.01 11817.4 -1489.01 56419.8
4.54 -44475 79935.7 7782.66 14240.7 7782.66 79935.7
4.56 -59546 103061 16860.2 16500.2 16860.2 103061
4.58 -73662.9 124648 25377.1 18235 25377.1 124648
4.6 -86365.1 143382 34149.1 19677.5 34149.1 143382
4.62 -97240.3 157999 44124.7 21204.4 44124.7 157999
4.64 -105844 167760 54913.5 22818.8 54913.5 167760
4.66 -111717 172589 64779.2 24112.2 64779.2 172589
4.68 -114287 172349 72041.7 24651.9 72041.7 172349
4.7 -112848 166056 76720.7 24147.3 76720.7 166056
4.72 -106909 152408 80662.4 22148.8 80662.4 152408
4.74 -96448.3 130880 85303.6 18104.6 85303.6 130880
4.76 -81677.9 101911 89564.3 12101.2 89564.3 101911
4.78 -62949.6 66674.5 90908.5 5104.4 90908.5 66674.5
4.8 -41085.2 27188.5 88200.2 -1860.81 88200.2 27188.5
4.82 -17395.5 -14092.3 82670.7 -8394.67 82670.7 -14092.3
4.84 6779.25 -55214.8 76342.3 -14531.6 76342.3 -55214.8
4.86 30345 -94817 70016.1 -20316.8 70016.1 -94817
4.88 52515 -131646 62613.3 -25468.4 62613.3 -131646
4.9 73090.1 -165036 52474 -29111 52474 -165036
4.92 92602.7 -195726 39561.5 -30359.8 39561.5 -195726
4.94 111803 -225258 26054.1 -29797.8 26054.1 -225258
4.96 130970 -254514 14366.1 -29851 14366.1 -254514
4.98 149731 -283125 4983.02 -32870.3 4983.02 -283125
5 167190 -309695 -3388.65 -38898.2 -3388.65 -309695
5.02 182047 -331975 -12075.6 -45606.3 -12075.6 -331975
5.04 192877 -347291 -21372.6 -50188.4 -21372.6 -347291
5.06 198616 -353465 -30736.5 -51326 -30736.5 -353465
5.08 198723 -349309 -39409 -49946.9 -39409 -349309
5.1 192929 -334190 -47081.6 -48342.2 -47081.6 -334190
5.12 180989 -307480 -54268.2 -48040.7 -54268.2 -307480
5.14 162615 -268541 -61642.1 -48188 -61642.1 -268541
5.16 137431 -216866 -68843.7 -46204 -68843.7 -216866
5.18 104940 -152010 -74578.6 -40090.4 -74578.6 -152010
5.2 64706.3 -73618.4 -78118.7 -29803.3 -78118.7 -73618.4
5.22 16727.9 18056.8 -80027.2 -16382.7 -80027.2 18056.8
5.24 -38133.1 121158 -81131.2 -206.918 -81131.2 121158
5.26 -97674.9 231179 -81368.2 19545.5 -81368.2 231179
5.28 -158169 340809 -79741.2 43586.6 -79741.2 340809
5.3 -215001 441433 -74636.9 70491.4 -74636.9 441433
5.32 -263934 525404 -64059.8 96017.5 -64059.8 525404
5.34 -302013 587373 -46694.7 115044 -46694.7 587373
5.36 -327813 624642 -23533.7 124857 -23533.7 624642
5.38 -341402 637513 2137.91 126807 2137.91 637513
5.4 -343975 628844 27011.2 124821 27011.2 628844
5.42 -337461 602898 49766.7 122161 49766.7 602898
5.44 -323953 564320 70580.1 119143 70580.1 564320
5.46 -304899 516772 89088.7 113589 89088.7 516772
5.48 -280710 462161 103462 103375 103462 462161
5.5 -250540 400110 111374 88385.5 111374 400110
5.52 -212626 328156 111608 69968.6 111608 328156
5.54 -165616 243951 104782 48910.6 104782 243951
5.56 -110040 148022 92629.4 24540.8 92629.4 148022
5.58 -48842.7 45044.4 76529.3 -3976.57 76529.3 45044.4
5.6 13265.4 -57183.3 57045.7 -35608.4 57045.7 -57183.3
5.62 70951 -150102 35276.8 -66660.4 35276.8 -150102
5.64 119516 -226878 13734.6 -91871.4 13734.6 -226878
5.66 156147 -284001 -5515.65 -106749 -5515.65 -284001
5.68 180549 -321373 -22791.8 -109857 -22791.8 -321373
5.7 194511 -341516 -39017.7 -103530 -39017.7 -341516
5.72 200945 -349000 -52717.3 -92281.4 -52717.3 -349000
5.74 203016 -349761 -60456.5 -80087.1 -60456.5 -349761
5.76 203166 -349191 -59550.6 -68642.6 -59550.6 -349191
5.78 202095 -349554 -49419.2 -57556.7 -49419.2 -349554
5.8 198568 -349004 -31519.4 -45528 -31519.4 -349004
5.82 190439 -343337 -8755.55 -31196.9 -8755.55 -343337
5.84 176061 -329041 16009.3 -13566.5 16009.3 -329041
5.86 155166 -305273 41459 7361.39 41459 -305273
5.88 128968 -273809 67744.5 29801.1 67744.5 -273809
5.9 99750 -237762 94999.3 50169.2 94999.3 -237762
5.92 70241.5 -200307 121835 64342.2 121835 -200307
5.94 42876.4 -163776 145291 69443.8 145291 -163776
5.96 18760.1 -128482 162584 64788.6 162584 -128482
5.98 -3299.57 -91250.6 172332 51566.8 172332 -91250.6
6 -26624.1 -45556.7 173431 32449.5 173431 -45556.7
6.02 -54918.5 15057.7 164317 11892.1 164317 15057.7
6.04 -89908.8 92066.1 144748 -4222.48 144748 92066.1
6.06 -129604 179374 116423 -10967.8 116423 179374
6.08 -168154 265107 80642.3 -7604.96 80642.3 265107
6.1 -198142 336799 38347.6 840.974 38347.6 336799
6.12 -214329 386623 -6553.74 5389.55 -6553.74 386623
6.14 -215722 413144 -48943.3 -1512.97 -48943.3 413144
6.16 -204631 419632 -89718.8 -19855.3 -89718.8 419632
6.18 -184861 411913 -136015 -40645.3 -136015 411913
6.2 -160700 396917 -191485 -52030.1 -191485 396917
6.22 -135713 380345 -250751 -48464.9 -250751 380345
6.24 -111242 363927 -305299 -34569.6 -305299 363927
6.26 -86043 344308 -350780 -20075.7 -350780 344308
6.28 -57181.9 314103 -387174 -10994.5 -387174 314103
6.3 -21365.2 265128 -414338 -5525.22 -414338 265128
6.32 23583.6 193018 -430560 2224.89 -430560 193018
6.34 76817.9 100187 -437980 15262 -437980 100187
6.36 135221 -6414.55 -430359 29784 -430359 -6414.55
6.38 195204 -118757 -402913 38041.6 -402913 -118757
6.4 250534 -228305 -359209 36666.3 -359209 -228305
6.42 296620 -326195 -313222 31410.8 -313222 -326195
6.44 331027 -404535 -278466 31923.7 -278466 -404535
6.46 350339 -458719 -245800 43996 -245800 -458719
6.48 353870 -489990 -201036 65812.1 -201036 -489990
6.5 344203 -504559 -141732 88726.8 -141732 -504559
6.52 324898 -507755 -79304.6 104739 -79304.6 -507755
6.54 298084 -499779 -22115.7 113709 -22115.7 -499779
6.56 264975 -478163 31197.8 120990 31197.8 -478163
6.58 226510 -441403 86164.6 129117 86164.6 -441403
6.6 183557 -390766 146727 133932 146727 -390766
6.62 136857 -329222 209902 129118 209902 -329222
6.64 86948.8 -258898 266102 112773 266102 -258898
6.66 34734.6 -181462 307524 89565.8 307524 -181462
6.68 -17603.3 -101335 334270 67236.7 334270 -101335
6.7 -66171.2 -26788 349769 50114.1 349769 -26788
6.72 -107157 34489.6 354360 35509.3 354360 34489.6
6.74 -138928 79915.7 346471 16580.6 346471 79915.7
6.76 -162223 112545 325692 -11692.6 325692 112545
6.78 -178700 138926 290368 -49422.6 290368 138926
6.8 -191925 167335 252728 -90385.6 252728 167335
6.82 -206789 206310 231519 -122480 231519 206310
6.84 -229109 261694 208287 -136337 208287 261694
6.86 -255866 327967 201396 -137737 201396 327967
6.88 -280216 392771 197815 -141062 197815 392771
6.9 -298172 445573 164702 -145193 164702 445573
6.92 -308575 485095 114092 -134605 114092 485095
6.94 -313455 516874 48241.5 -103858 48241.5 516874
6.96 -312165 541172 -19200.9 -64258.9 -19200.9 541172
6.98 -301453 549237 -82180.3 -30487.7 -82180.3 549237
7 -275960 528360 -140811 -8723.83 -140811 528360
7.02 -233598 474391 -198379 3706.95 -198379 474391
7.04 -176955 393237 -247100 11945.7 -247100 393237
7.06 -112490 297404 -274877 17915.9 -274877 297404
7.08 -47871 200445 -278825 19376.4 -278825 200445
7.1 10785.6 110557 -267477 14961.6 -267477 110557
7.12 60047.4 29214.7 -250033 9692.03 -250033 29214.7
7.14 98341.7 -43134.8 -230847 13080.4 -230847 -43134.8
7.16 125163 -102407 -213270 30777.4 -213270 -102407
7.18 141665 -145049 -201529 59172.4 -201529 -145049
7.2 150484 -173563 -196420 89494.6 -196420 -173563
7.22 155636 -195845 -192366 114473 -192366 -195845
7.24 161243 -220120 -182480 129851 -182480 -220120
7.26 169371 -250167 -162569 134962 -162569 -250167
7.28 179325 -284051 -130021 132666 -130021 -284051
7.3 188388 -316702 -85623.5 125511 -85623.5 -316702
7.32 193394 -343270 -33604.5 112837 -33604.5 -343270
7.34 191855 -361041 21624.9 93291.1 21624.9 -361041
7.36 182429 -368578 76160 68935.8 76160 -368578
7.38 164909 -364220 125592 44625.8 125592 -364220
7.4 140408 -347038 166278 23551 166278 -347038
7.42 111355 -318650 196515 4554.4 196515 -318650
7.44 81063.7 -282937 214942 -16110.3 214942 -282937
7.46 52756.7 -243767 219680 -40724.5 219680 -243767
7.48 28638.8 -203545 210820 -67924.9 210820 -203545
7.5 9018.35 -162388 192582 -94206.2 192582 -162388
7.52 -8234.35 -117491 171553 -116596 171553 -117491
7.54 -26990.4 -64200.8 152354 -133241 152354 -64200.8
7.56 -50831.5 973.558 134780 -142128 134780 973.558
7.58 -81375.9 78274.8 114477 -140150 114477 78274.8
7.6 -117735 164796 87177.5 -124013 87177.5 164796
7.62 -156753 254993 52341.8 -92945.6 52341.8 254993
7.64 -193674 340836 12595.6 -50925.6 12595.6 340836
7.66 -223109 412839 -29166.6 -5996.66 -29166.6 412839
7.68 -240129 462148 -71747.1 33131.7 -71747.1 462148
7.7 -240749 481565 -114586 61020 -114586 481565
7.72 -222839 466854 -155532 77409.8 -155532 466854
7.74 -187726 419968 -190303 85567.3 -190303 419968
7.76 -140020 348654 -214290 88912.9 -214290 348654
7.78 -85697.2 262392 -224962 89154 -224962 262392
7.8 -30772.9 170333 -222909 86674.9 -222909 170333
7.82 19212.3 81531.1 -211342 82490.5 -211342 81531.1
7.84 60163.3 3724.04 -194937 79743.3 -194937 3724.04
7.86 90668.8 -59415.3 -178442 82307.2 -178442 -59415.3
7.88 112263 -109450 -164995 91371.4 -164995 -109450
7.9 128640 -152296 -154475 103434 -154475 -152296
7.92 144014 -195317 -143288 111535 -143288 -195317
7.94 161295 -243494 -126686 108802 -126686 -243494
7.96 181247 -297587 -102601 92417.6 -102601 -297587
7.98 202979 -355321 -73059.5 65611.5 -73059.5 -355321
8 224492 -412584 -41344.9 35183.6 -41344.9 -412584
8.02 242576 -463041 -8394.56 6084.72 -8394.56 -463041
8.04 253194 -499018 27593.3 -21293.4 27593.3 -499018
8.06 252773 -514289 67818.9 -48508 67818.9 -514289
8.08 239223 -505280 109319 -74883.5 109319 -505280
8.1 212249 -471109 145265 -96245 145265 -471109
8.12 173423 -413483 169266 -107231 169266 -413483
8.14 125736 -336508 179643 -105150 179643 -336508
8.16 72942.1 -246398 179581 -92316.9 179581 -246398
8.18 19051.1 -150335 173363 -74761.1 173363 -150335
8.2 -32346.7 -54704.2 162724 -58161 162724 -54704.2
8.22 -78976.2 36973.3 147054 -44388.7 147054 36973.3
8.24 -120533 124629 126845 -31437.4 126845 124629
8.26 -158294 209978 105554 -16313.7 105554 209978
8.28 -193833 293993 86933 2061.3 86933 293993
8.3 -227872 375668 71385.6 22467.8 71385.6 375668
8.32 -259994 452434 55604.9 43377.2 55604.9 452434
8.34 -288853 520985 35412.9 64874.6 35412.9 520985
8.36 -312329 577608 8403.25 88280.2 8403.25 577608
8.38 -327690 618229 -25300.6 113650 -25300.6 618229
8.4 -332202 638827 -63296.5 137583 -63296.5 638827
8.42 -323821 635590 -101927 154140 -101927 635590
8.44 -300818 605522 -137532 158672 -137532 605522
8.46 -263925 550334 -166662 150660 -166662 550334
8.48 -216685 476077 -186356 133345 -186356 476077
8.5 -163194 389574 -195207 111411 -195207 389574
8.52 -107418 296630 -194199 88577.2 -194199 296630
8.54 -52623.2 201341 -186374 66782.6 -186374 201341
8.56 -1583.46 107065 -175123 47085.8 -175123 107065
8.58 43440.4 17314.3 -162623 30650.4 -162623 17314.3
8.6 81140 -64709.9 -149231 18669.4 -149231 -64709.9
8.62 111833 -137988 -133920 11339 -133920 -137988
8.64 137345 -204211 -115813 6951.87 -115813 -204211
8.66 160006 -265950 -95139.9 2254.25 -95139.9 -265950
8.68 181510 -324499 -72393.2 -5920.16 -72393.2 -324499
8.7 202356 -379365 -46782.7 -19096 -46782.7 -379365
8.72 221859 -428881 -16385.7 -36837.7 -16385.7 -428881
8.74 238254 -470459 19476.3 -57268.8 19476.3 -470459
8.76 248766 -500294 58764.7 -77461.4 58764.7 -500294
8.78 249996 -513582 97715.9 -93560 97715.9 -513582
8.8 238716 -505306 132640 -101417 132640 -505306
8.82 213254 -472395 160604 -98063.9 160604 -472395
8.84 175055 -416544 179318 -83115.2 179318 -416544
8.86 128048 -343232 187473 -59373.6 187473 -343232
8.88 76931.7 -258848 185396 -32191.5 185396 -258848
8.9 26318.1 -169629 175170 -7414.17 175170 -169629
8.92 -19670.6 -81808.6 159961 10700.8 159961 -81808.6
8.94 -58093.2 -725.676 142523 20300 142523 -725.676
8.96 -88219.6 71329.6 123693 21882.5 123693 71329.6
8.98 -111753 135831 102804 18000.3 102804 135831
9 -131926 196327 79851.7 12582.3 79851.7 196327
9.02 -151827 255474 56162.7 9762.57 56162.7 255474
9.04 -172832 313158 32127.2 12671.6 32127.2 313158
9.06 -194089 366959 5075.49 22675.2 5075.49 366959
9.08 -213134 413820 -28907.5 38940.3 -28907.5 413820
9.1 -226788 450590 -70628.4 58243.2 -70628.4 450590
9.12 -231708 473043 -115549 75579.5 -115549 473043
9.14 -224884 475520 -155837 85873.6 -155837 475520
9.16 -204694 453479 -185071 85959.1 -185071 453479
9.18 -172200 407765 -202253 75777.3 -202253 407765
9.2 -131229 345637 -211870 58593.1 -211870 345637
9.22 -86980.9 277129 -219155 39984.7 -219155 277129
9.24 -44648.3 210608 -224835 25343.7 -224835 210608
9.26 -8354.77 150591 -225664 17528.2 -225664 150591
9.28 19960.2 97752.5 -219877 16762.9 -219877 97752.5
9.3 41003.4 50266.5 -209640 21951.6 -209640 50266.5
9.32 57217.9 5872.37 -197462 30986.2 -197462 5872.37
9.34 71275.5 -36902.2 -182857 40364.2 -182857 -36902.2
9.36 85523.1 -79734.9 -164136 46302.4 -164136 -79734.9
9.38 102066 -125763 -141488 46779.5 -141488 -125763
9.4 122022 -177729 -116261 41866.2 -116261 -177729
9.42 144412 -234195 -88713.7 32182.7 -88713.7 -234195
9.44 166224 -288727 -58291.9 18067.1 -58291.9 -288727
9.46 183620 -333313 -24918.7 486.1 -24918.7 -333313
9.48 193084 -362174 10524.5 -18090.1 10524.5 -362174
9.5 192068 -372633 45608.7 -34067.3 45608.7 -372633
9.52 179192 -363351 76502 -43929.5 76502 -363351
9.54 154496 -333566 100300 -45650.5 100300 -333566
9.56 119784 -284550 116657 -39748.6 116657 -284550
9.58 78767.4 -221211 126225 -29234.5 126225 -221211
9.6 36300.7 -151241 128998 -18214.5 128998 -151241
9.62 -3440.63 -81553.7 125414 -10162.8 125414 -81553.7
9.64 -38315.4 -15559.7 117566 -6821.97 117566 -15559.7
9.66 -67933.1 46087.1 107824 -7627.86 107824 46087.1
9.68 -92482.1 102806 96927.5 -9928.15 96927.5 102806
9.7 -112267 153262 84304.4 -10601.2 84304.4 153262
9.72 -128003 196755 69514 -8073.48 69514 196755
9.74 -140768 233996 52542.4 -2725.67 52542.4 233996
9.76 -151272 265876 33078.5 4513.87 33078.5 265876
9.78 -159162 291789 10140.8 13518.7 10140.8 291789
9.8 -162880 309183 -17249.8 24736.1 -17249.8 309183
9.82 -160129 314448 -48595.2 37682.8 -48595.2 314448
9.84 -148794 304437 -80731.8 49720.3 -80731.8 304437
9.86 -127941 277827 -108640 56609.7 -108640 277827
9.88 -98234 235571 -128649 55085.3 -128649 235571
9.9 -61659.9 180533 -141250 45682.2 -141250 180533
9.92 -21094.9 117078 -150123 33120.6 -150123 117078
9.94 20022.4 50662.6 -158124 23393.6 -158124 50662.6
9.96 58153.3 -13037.2 -164701 19844.7 -164701 -13037.2
9.98 90427.9 -69526.3 -167289 21555.7 -167289 -69526.3
10 115369 -116614 -164567 25182.3 -164567 -116614
10.02 133179 -154585 -158125 28234.4 -158125 -154585
10.04 145502 -185472 -151161 30722.9 -151161 -185472
10.06 154689 -211973 -145314 33790.6 -145314 -211973
10.08 162797 -236417 -138532 36767.9 -138532 -236417
10.1 170747 -259974 -126550 35921.4 -126550 -259974
10.12 178029 -282147 -106996 26935 -106996 -282147
10.14 182885 -300406 -81732.5 9178.82 -81732.5 -300406
10.16 182699 -310257 -55004.4 -12481.9 -55004.4 -310257
10.18 174686 -306389 -29842.2 -30317.2 -29842.2 -306389
10.2 156759 -284585 -6652.19 -38693.4 -6652.19 -284585
10.22 128335 -243557 15464.8 -37286.6 15464.8 -243557
10.24 90779.3 -185958 36880.7 -29986.5 36880.7 -185958
10.26 47188.7 -117633 56556.1 -20888.6 56556.1 -117633
10.28 1656.42 -45487.1 72346.9 -11348.5 72346.9 -45487.1
10.3 -41783 24656.2 82453.5 -513.396 82453.5 24656.2
10.32 -80026.5 88756.1 87027.8 11897.9 87027.8 88756.1
10.34 -111205 143952 88089.1 23740.4 88089.1 143952
10.36 -134661 188390 87472.8 31384.4 87472.8 188390
10.38 -150896 222069 85029 32588 85029 222069
10.4 -161350 247300 79100.8 28697.5 79100.8 247300
10.42 -167808 267471 68566.8 23951.7 68566.8 267471
10.44 -171641 284933 54012 22251.8 54012 284933
10.46 -173244 299628 36743.5 24407.2 36743.5 299628
10.48 -171901 309229 17122.8 28347.6 17122.8 309229
10.5 -166104 310397 -5706.69 31613.6 -5706.69 310397
10.52 -154157 300123 -32368.4 33406.7 -32368.4 300123
10.54 -134831 276604 -61641.8 34417.8 -61641.8 276604
10.56 -107875 239691 -90721 35088.9 -90721 239691
10.58 -74211.2 191059 -117287 34478.5 -117287 191059
10.6 -35830.4 133997 -140838 31083.2 -140838 133997
10.62 4558.61 72681.1 -161406 24714.5 -161406 72681.1
10.64 44013.5 11272.9 -177536 17268.7 -177536 11272.9
10.66 79906.7 -46747.5 -186542 11435.6 -186542 -46747.5
10.68 110333 -98857.6 -186749 8684.47 -186749 -98857.6
10.7 134243 -143547 -179036 8536.52 -179036 -143547
10.72 151406 -180271 -166496 9646.72 -166496 -180271
10.74 162330 -209391 -152542 11446.7 -152542 -209391
10.76 168019 -232009 -138304 14629.6 -138304 -232009
10.78 169590 -249418 -121727 19715.4 -121727 -249418
10.8 167883 -262256 -100071 25208.2 -100071 -262256
10.82 163252 -270033 -73159.5 28042.6 -73159.5 -270033
10.84 155588 -271555 -43312.1 26264.9 -43312.1 -271555
10.86 144449 -265694 -12760.7 20900.9 -12760.7 -265694
10.88 129313 -251736 17615.4 15030.2 17615.4 -251736
10.9 109829 -229288 47523.3 11207.2 47523.3 -229288
10.92 85833.2 -198012 76243.9 9656.9 76243.9 -198012
10.94 57347.4 -157666 102101 8654.81 102101 -157666
10.96 24900.6 -108777 122332 6712.05 122332 -108777
10.98 -10083.3 -53476.2 134402 4446.24 134402 -53476.2
11 -45347.4 4485.59 138258 3940.4 138258 4485.59
11.02 -78261 60677.7 136449 6036.43 136449 60677.7
11.04 -106234 111002 131355 8657.58 131355 111002
11.06 -127110 152307 123102 8190.19 123102 152307
11.08 -139806 183080 110550 2422.65 110550 183080
11.1 -144863 204142 93324.9 -7754.22 93324.9 204142
11.12 -144266 218383 72131.5 -18854.1 72131.5 218383
11.14 -140517 229249 47834.1 -26726 47834.1 229249
11.16 -135644 239147 20832.8 -28677 20832.8 239147
11.18 -130601 248693 -9108.63 -24479 -9108.63 248693
11.2 -125146 256857 -42499.6 -15665.9 -42499.6 256857
11.22 -118173 261524 -78931.1 -4052.53 -78931.1 261524
11.24 -108217 259901 -115955 9041.98 -115955 259901
11.26 -93804.9 248831 -150004 22501.5 -150004 248831
11.28 -73789.8 225692 -178644 34913.7 -178644 225692
11.3 -47962.2 189897 -201006 44666.4 -201006 189897
11.32 -17649.8 143875 -216251 50555.7 -216251 143875
11.34 14344.3 92701.1 -223422 52431.7 -223422 92701.1
11.36 44581 42503.8 -223162 51648.6 -223162 42503.8
11.38 70078.5 -1707.06 -217760 50967.3 -217760 -1707.06
11.4 89139.5 -37773.4 -208871 53329 -208871 -37773.4
11.42 101709 -66577.6 -196642 59871.8 -196642 -66577.6
11.44 109176 -90682.2 -181240 68924.6 -181240 -90682.2
11.46 113618 -112752 -163480 77070.8 -163480 -112752
11.48 116914 -134748 -143514 81047.7 -143514 -134748
11.5 120034 -157451 -120494 78863.2 -120494 -157451
11.52 122744 -180052 -93518.8 70287.5 -93518.8 -180052
11.54 123973 -200608 -61875.6 56984 -61875.6 -200608
11.56 122525 -217036 -25383.9 41518.3 -25383.9 -217036
11.58 117437 -226988 14092 25484.3 14092 -226988
11.6 107853 -227426 52580.1 8920.91 52580.1 -227426
11.62 93195.2 -216318 87164.8 -8025.95 87164.8 -216318
11.64 73812.6 -195064 117897 -23721.6 117897 -195064
11.66 51129.9 -167621 144832 -36069.8 144832 -167621
11.68 26852.5 -136823 165162 -44190.3 165162 -136823
11.7 2190.5 -102790 175632 -48509.2 175632 -102790
11.72 -22140.5 -64811.8 176313 -50055.8 176313 -64811.8
11.74 -45550.4 -23401.4 170269 -50149.3 170269 -23401.4
11.76 -67480.7 19720.5 160801 -49826.1 160801 19720.5
11.78 -87579.5 62953.1 149877 -49001.7 149877 62953.1
11.8 -105778 105866 137469 -46723.5 137469 105866
11.82 -122094 148897 121692 -42254.5 121692 148897
11.84 -136366 191888 100521 -35300 100521 191888
11.86 -148121 233014 73807.3 -25574.2 73807.3 233014
11.88 -156714 269340 42980.3 -13028.4 42980.3 269340
11.9 -161616 298374 9253.76 1706.06 9253.76 298374
11.92 -162521 318934 -27046.4 17723.4 -27046.4 318934
11.94 -159067 330597 -66061.3 34565.2 -66061.3 330597
11.96 -150550 332721 -107460 51997.5 -107460 332721
11.98 -136147 324225 -149235 68927.1 -149235 324225
12 -115490 304201 -187253 82916.8 -187253 304201
12.02 -89058.8 272669 -216932 91157.3 -216932 272669
12.04 -58225.5 231193 -236132 92145.5 -236132 231193
12.06 -25204.2 183289 -246373 86788.7 -246373 183289
12.08 7237.37 133743 -250893 78259.5 -250893 133743
12.1 36535.9 86617.8 -251690 70524.3 -251690 86617.8
12.12 61215.5 43486.8 -248773 66117.6 -248773 43486.8
12.14 81238 3500.04 -241872 64693.9 -241872 3500.04
12.16 97690.6 -35183 -231888 63735.1 -231888 -35183
12.18 112050 -74110.8 -219877 60979 -219877 -74110.8
12.2 125622 -114167 -205213 55894.9 -205213 -114167
12.22 139241 -155672 -185792 48576 -185792 -155672
12.24 152863 -198130 -159888 38537.2 -159888 -198130
12.26 165465 -239736 -126934 25331.1 -126934 -239736
12.28 175288 -277297 -87330 9385.22 -87330 -277297
12.3 180139 -306645 -42313.6 -7989.05 -42313.6 -306645
12.32 177798 -323376 5892.6 -24721.4 5892.6 -323376
12.34 166692 -324121 53512.4 -38114.3 53512.4 -324121
12.36 146541 -307708 95714.1 -45712.8 95714.1 -307708
12.38 118474 -275453 128687 -46685.4 128687 -275453
12.4 84782.6 -230836 151592 -42284.6 151592 -230836
12.42 48509.9 -178871 166403 -34953.7 166403 -178871
12.44 12896.7 -124913 175692 -27206.6 175692 -124913
12.46 -19353.5 -73069.7 180389 -20976.6 180389 -73069.7
12.48 -46616.4 -25377 179773 -17109.9 179773 -25377
12.5 -68465.5 17718.5 173623 -15083.1 173623 17718.5
12.52 -85449.5 56414.1 163868 -13588.9 163868 56414.1
12.54 -98622.6 91011.3 153172 -11746.1 153172 91011.3
12.56 -108929 121776 142076 -9581.32 142076 121776
12.58 -116842 148956 128169 -7180.99 128169 148956
12.6 -122306 172646 108446 -3947.28 108446 172646
12.62 -124799 192329 81677.6 842.051 81677.6 192329
12.64 -123485 206564 48533.7 7129.84 48533.7 206564
12.66 -117598 213548 10890.7 13941.7 10890.7 213548
12.68 -106980 212416 -28964.1 19930.7 -28964.1 212416
12.7 -92151.3 203853 -69158.3 24244.3 -69158.3 203853
12.72 -73987.9 189602 -108580 27196.9 -108580 189602
12.74 -53692.1 172022 -145990 29933.7 -145990 172022
12.76 -33034.1 154015 -179128 33259.1 -179128 154015
12.78 -14090.6 138243 -205256 37129.8 -205256 138243
12.8 1602.26 125459 -222055 41451.3 -222055 125459
12.82 13598.7 113944 -227917 46802.9 -227917 113944
12.84 22416.7 101045 -223038 53899.4 -223038 101045
12.86 29246.2 84956.9 -211045 62596.5 -211045 84956.9
12.88 35697.9 64697.8 -197421 71659.1 -197421 64697.8
12.9 43053.8 39369.7 -184418 79472.6 -184418 39369.7
12.92 51728.8 8326.24 -168742 84587.7 -168742 8326.24
12.94 61467.8 -27889.2 -146061 85373.5 -146061 -27889.2
12.96 71270.7 -66454.4 -115949 80427.9 -115949 -66454.4
12.98 79282 -102232 -80622.5 70040.9 -80622.5 -102232
13 83509.4 -130020 -42384.8 56481.3 -42384.8 -130020
13.02 82931.6 -147387 -3239.95 42558.9 -3239.95 -147387
13.04 77519.4 -154713 35830.9 29859.7 35830.9 -154713
13.06 67362.4 -152896 74740.9 18113.9 74740.9 -152896
13.08 52634.3 -142466 111977 6357.89 111977 -142466
13.1 34363.8 -124891 143386 -5192.04 143386 -124891
13.12 14558.1 -103274 165022 -14774.5 165022 -103274
13.14 -4609.94 -81056.1 176579 -20917.4 176579 -81056.1
13.16 -21496.8 -60452 180857 -24455.1 180857 -60452
13.18 -35047.6 -42329.7 180666 -28323.1 180666 -42329.7
13.2 -44680 -27056.2 177492 -35196.5 177492 -27056.2
13.22 -50380.8 -14786.5 172255 -45276.7 172255 -14786.5
13.24 -52801.1 -4854.24 165426 -56118 165426 -4854.24
13.26 -53073.9 4608.6 156133 -64423.6 156133 4608.6
13.28 -52517.3 16085.4 142589 -68176.1 142589 16085.4
13.3 -52442.9 31704.4 123464 -67342.7 123464 31704.4
13.32 -53927.7 52733.5 98119.6 -62900.9 98119.6 52733.5
13.34 -57628 79716.8 65698.2 -55262.7 65698.2 79716.8
13.36 -63709.1 112558 25423.3 -43420 25423.3 112558
13.38 -71599.4 149835 -21764.3 -25753.6 -21764.3 149835
13.4 -79651.4 187970 -72771 -2101.02 -72771 187970
13.42 -85381.1 221750 -123189 24752.2 -123189 221750
13.44 -86537.2 246407 -168440 49806.1 -168440 246407
13.46 -82191.1 259568 -204850 68627.3 -204850 259568
13.48 -72969.7 261447 -230500 80136.5 -230500 261447
13.5 -60420.4 253546 -245336 87143 -245336 253546
13.52 -46195.5 237439 -250398 94025.6 -250398 237439
13.54 -31667.3 214620 -246698 103238 -246698 214620
13.56 -17886.7 186856 -235058 113462 -235058 186856
13.58 -5341.63 155786 -217438 121076 -217438 155786
13.6 6427.34 121762 -197448 123676 -197448 121762
13.62 18667.6 83455.7 -178068 122115 -178068 83455.7
13.64 32842.2 38918.9 -158438 118520 -158438 38918.9
13.66 49821 -12717.4 -134818 112570 -134818 -12717.4
13.68 69315.4 -70193.1 -103768 100884 -103768 -70193.1
13.7 89964.1 -130332 -64486.4 80237.9 -64486.4 -130332
13.72 109900 -189052 -20270.1 51132 -20270.1 -189052
13.74 127396 -242399 23373.6 18469.6 23373.6 -242399
13.76 140979 -287072 63096.6 -11458 63096.6 -287072
13.78 149323 -320683 100004 -35386.1 100004 -320683
13.8 151611 -342411 136573 -54775 136573 -342411
13.82 148190 -353649 172068 -72936.1 172068 -353649
13.84 140543 -357320 202266 -90707.4 202266 -357320
13.86 130415 -355743 223164 -105368 223164 -355743
13.88 118965 -349173 233946 -113533 233946 -349173
13.9 106699 -336691 236988 -114540 236988 -336691
13.92 93780 -317959 235966 -111107 235966 -317959
13.94 80003.1 -293105 233434 -107080 233434 -293105
13.96 64402.8 -260696 229314 -104261 229314 -260696
13.98 45233.1 -216831 221199 -100844 221199 -216831
14 20713.8 -157297 206280 -92898 206280 -157297
14.02 -9954.63 -81092.7 183855 -77401.4 183855 -81092.7
14.04 -45807 7538.81 155575 -54080.8 155575 7538.81
14.06 -83818.9 99773.4 123395 -25158.2 123395 99773.4
14.08 -119615 185530 87750.8 6071.68 87750.8 185530
14.1 -149178 257942 47656.2 36408.3 47656.2 257942
14.12 -170256 315419 2222.59 63275.9 2222.59 315419
14.14 -182263 359093 -47691.6 85197.3 -47691.6 359093
14.16 -185552 389281 -98038.7 101826 -98038.7 389281
14.18 -181467 405826 -142182 113021 -142182 405826
14.2 -172594 410842 -174155 118335 -174155 410842
14.22 -162158 409109 -191926 118102 -191926 409109
14.24 -152701 405087 -197916 114714 -197916 405087
14.26 -144769 399223 -197098 112234 -197098 399223
14.28 -136252 386471 -194388 114228 -194388 386471
14.3 -123153 358849 -192603 120769 -192603 358849
14.32 -101958 310960 -191200 126814 -191200 310960
14.34 -71805.2 243476 -186291 124617 -186291 243476
14.36 -34436.2 161220 -173231 109253 -173231 161220
14.38 7302.4 69511.9 -150560 82357.2 -150560 69511.9
14.4 50206.7 -26154 -121069 50736.2 -121069 -26154
14.42 90749.3 -118974 -88327.5 21489.1 -88327.5 -118974
14.44 125898 -202652 -53101.1 -2059.69 -53101.1 -202652
14.46 154304 -274517 -13925.4 -21191.6 -13925.4 -274517
14.48 176212 -335382 29616.1 -39618.4 29616.1 -335382
14.5 192291 -386518 74580.8 -59709.9 74580.8 -386518
14.52 202780 -427318 115296 -79876.2 115296 -427318
14.54 207278 -455062 146587 -95702.4 146587 -455062
14.56 204984 -466374 167015 -103783 167015 -466374
14.58 195438 -459559 178787 -104336 178787 -459559
14.6 179021 -435583 184692 -100531 184692 -435583
14.62 156518 -396497 185913 -95690 185913 -396497
14.64 128620 -343914 182323 -90523.7 182323 -343914
14.66 96374.3 -279701 173312 -82570.1 173312 -279701
14.68 61526.4 -206603 158084 -69032.5 158084 -206603
14.7 25696.4 -126962 136267 -50528.3 136267 -126962
14.72 -10373.4 -42254.4 108923 -31076.9 108923 -42254.4
14.74 -46369.3 45211.4 78819.7 -14119.3 78819.7 45211.4
14.76 -81871.2 131958 49163 305.221 49163 131958
14.78 -116554 215638 21000 14615.3 21000 215638
14.8 -149907 295517 -8406.22 31628.7 -8406.22 295517
14.82 -180162 369365 -43275.6 53204.5 -43275.6 369365
14.84 -204096 431338 -84022.9 78577.1 -84022.9 431338
14.86 -218291 473910 -124778 103216 -124778 473910
14.88 -220427 491415 -157381 120747 -157381 491415
14.9 -209997 482621 -177683 127003 -177683 482621
14.92 -188687 451629 -187637 122468 -187637 451629
14.94 -159802 405553 -192055 111736 -192055 405553
14.96 -126483 349744 -193591 100833 -193591 349744
14.98 -90676.4 285719 -190204 93275.8 -190204 285719
15 -53657.6 213794 -178119 87316.6 -178119 213794
15.02 -16592.9 136056 -157692 77862.8 -157692 136056
15.04 19497.9 56070.8 -134155 62024.3 -134155 56070.8
15.06 53707.6 -23144.5 -111439 42349.4 -111439 -23144.5
15.08 85246.8 -100228 -88069.8 24372.3 -88069.8 -100228
15.1 114015 -175164 -61016.5 11622.3 -61016.5 -175164
15.12 140762 -247806 -30584.5 2914.91 -30584.5 -247806
15.14 166059 -316294 1106.26 -6565.47 1106.26 -316294
15.16 189323 -377402 34023.6 -21553.2 34023.6 -377402
15.18 208992 -428367 69792.3 -42835.1 69792.3 -428367
15.2 222907 -466866 107948 -66319.7 107948 -466866
15.22 228243 -488817 144041 -85816.3 144041 -488817
15.24 221949 -488166 171856 -96716.8 171856 -488166
15.26 202193 -460625 187809 -97657 187809 -460625
15.28 169512 -407185 193165 -90033.4 193165 -407185
15.3 126632 -333500 191652 -76585.4 191652 -333500
15.32 77584.2 -246830 185448 -59926.1 185448 -246830
15.34 26670.1 -153421 174426 -41999.1 174426 -153421
15.36 -22424.5 -57814.5 158396 -24536.1 158396 -57814.5
15.38 -66850.5 35809.8 138371 -9148.83 138371 35809.8
15.4 -104677 122866 115989 3211.49 115989 122866
15.42 -135728 200732 92605.2 12364.3 92605.2 200732
15.44 -162104 271237 68547 18946.6 68547 271237
15.46 -186716 338336 42850.6 25287.9 42850.6 338336
15.48 -210891 402964 14070.8 35501.2 14070.8 402964
15.5 -233429 461380 -18548.1 52891.4 -18548.1 461380
15.52 -251312 507762 -54847.6 76666.8 -54847.6 507762
15.54 -260774 536696 -93578.8 101492 -93578.8 536696
15.56 -258354 543718 -131215 120055 -131215 543718
15.58 -241752 525061 -161887 126515 -161887 525061
15.6 -210685 479149 -180554 119208 -180554 479149
15.62 -167207 408293 -186757 101353 -186757 408293
15.64 -114917 318349 -184508 79062.8 -184508 318349
15.66 -58345.7 217626 -178465 57550.2 -178465 217626
15.68 -2541.61 115406 -170908 38726.8 -170908 115406
15.7 48035.9 19448.9 -161921 22421.2 -161921 19448.9
15.72 90840.8 -66533.6 -150755 9004.43 -150755 -66533.6
15.74 125542 -142526 -136758 -298.869 -136758 -142526
15.76 153093 -209211 -120213 -5274.98 -120213 -209211
15.78 174742 -266120 -102420 -7624.41 -102420 -266120
15.8 191516 -312460 -83998.4 -9978.32 -83998.4 -312460
15.82 203736 -347961 -63452.4 -14757.2 -63452.4 -347961
15.84 210710 -372168 -38930.1 -23199.8 -38930.1 -372168
15.86 211166 -383851 -10984 -33957.5 -10984 -383851
15.88 203854 -381254 17792.4 -43013 17792.4 -381254
15.9 187659 -362159 44874.2 -46503.9 44874.2 -362159
15.92 161987 -324833 68226.8 -43623.1 68226.8 -324833
15.94 127429 -269861 86169.8 -36160.1 86169.8 -269861
15.96 85855.7 -200938 98516.6 -26052.3 98516.6 -200938
15.98 40114 -123966 106632 -14117 106632 -123966
16 -6188.9 -45602.3 111443 -503.275 111443 -45602.3
16.02 -49124.9 27989.7 112804 14133 112804 27989.7
16.04 -85649.6 92771.4 110950 27549.8 110950 92771.4
16.06 -114607 147810 106666 36243.3 106666 147810
16.08 -136497 194178 100058 38015 100058 194178
16.1 -152433 232733 90754.1 34548.1 90754.1 232733
16.12 -163405 263479 78791.4 30546.2 78791.4 263479
16.14 -170124 286722 64132.6 29893.5 64132.6 286722
16.16 -172978 303414 46484.6 32952.3 46484.6 303414
16.18 -171853 313574 26428.3 37224.1 26428.3 313574
16.2 -165999 315049 5134.22 39873.8 5134.22 315049
16.22 -154160 304364 -17436.5 39918.2 -17436.5 304364
16.24 -135115 278841 -42081.7 38686.1 -42081.7 278841
16.26 -108423 238226 -67810.9 37915.7 -67810.9 238226
16.28 -74763.2 184728 -91403.6 37096.5 -91403.6 184728
16.3 -35796.1 121788 -109452 33278.9 -109452 121788
16.32 6080.88 52993.7 -119871 23999.8 -119871 52993.7
16.34 47978.1 -17844.3 -122660 10210.4 -122660 -17844.3
16.36 86960.8 -86139.6 -120502 -3723.76 -120502 -86139.6
16.38 120614 -147091 -117093 -12737.4 -117093 -147091
16.4 147380 -197353 -113523 -14322.9 -113523 -197353
16.42 166635 -236099 -107704 -10105.9 -107704 -236099
16.44 178555 -264246 -98023.9 -4381.66 -98023.9 -264246
16.46 183696 -282654 -85781.3 -494.081 -85781.3 -282654
16.48 182564 -291145 -73282.4 1661.04 -73282.4 -291145
16.5 175576 -289035 -61262.3 4573.23 -61262.3 -289035
16.52 163317 -276314 -48665.2 9853.32 -48665.2 -276314
16.54 146647 -254322 -33692.7 16191.9 -33692.7 -254322
16.56 126428 -225105 -15169.7 20243 -15169.7 -225105
16.58 103137 -189967 6069.5 19409.1 6069.5 -189967
16.6 76779.5 -148892 27452 14281.6 27452 -148892
16.62 47153.1 -101480 46961.2 8631.3 46961.2 -101480
16.64 14254.7 -48116.7 64216.7 6621.24 64216.7 -48116.7
16.66 -21275.4 9690.76 78741.2 9778.46 78741.2 9690.76
16.68 -57811 69256.3 88800.2 16584.6 88800.2 69256.3
16.7 -92869.6 126835 93235.1 24308 93235.1 126835
16.72 -123772 178418 93325.1 30625.5 93325.1 178418
16.74 -148279 220717 91560.9 34112.1 91560.9 220717
16.76 -164880 251612 88984.5 34246.9 88984.5 251612
16.78 -172973 270350 84378.1 31236.5 84378.1 270350
16.8 -172990 277588 75977.4 25725 75977.4 277588
16.82 -166257 274905 63954.8 18677.8 63954.8 274905
16.84 -154623 264177 50846.5 11343.6 50846.5 264177
16.86 -139959 247404 38589.5 5057.99 38589.5 247404
16.88 -123505 226429 25404.5 1140.93 25404.5 226429
16.9 -105517 202177 7518.07 808.952 7518.07 202177
16.92 -85559.1 174200 -15573.6 4447.11 -15573.6 174200
16.94 -63009.5 141043 -39445.9 10638.5 -39445.9 141043
16.96 -37299.9 101170 -59000.3 16440.9 -59000.3 101170
16.98 -8152.17 54061.7 -72947.8 19190 -72947.8 54061.7
17 24001.3 1019.06 -83526.7 18242.6 -83526.7 1019.06
17.02 57798 -55014.7 -92872.5 15124 -92872.5 -55014.7
17.04 91126.4 -110412 -100363 12072 -100363 -110412
17.06 121501 -161571 -103547 10283.3 -103547 -161571
17.08 146568 -205137 -101605 9449.29 -101605 -205137
17.1 164677 -238327 -97180.1 8928.46 -97180.1 -238327
17.12 175101 -259369 -93900.8 9025.4 -93900.8 -259369
17.14 177810 -267627 -92491.4 10730.9 -92491.4 -267627
17.16 173228 -263537 -90406.1 14290.4 -90406.1 -263537
17.18 162243 -248534 -85083.8 18396.1 -85083.8 -248534
17.2 146158 -224798 -76410.7 20983.9 -76410.7 -224798
17.22 126319 -194583 -65867.5 20828.4 -65867.5 -194583
17.24 103753 -159522 -54454 18407.8 -54454 -159522
17.26 79083.5 -120451 -42078.1 15350.7 -42078.1 -120451
17.28 52630 -77733.1 -28224 13049.6 -28224 -77733.1
17.3 24478.7 -31669.4 -12709.5 11702.1 -12709.5 -31669.4
17.32 -5332.3 17197.1 3682.9 10748.3 3682.9 17197.1
17.34 -36374.8 67689.5 19048.1 10301.3 19048.1 67689.5
17.36 -67477.3 117701 31437.7 11764.2 31437.7 117701
17.38 -96873.1 164492 40421.2 16452.2 40421.2 164492
17.4 -122704 205400 47200.7 23581.6 47200.7 205400
17.42 -143422 238293 53002.6 30135.8 53002.6 238293
17.44 -157937 261602 57621.4 33082.1 57621.4 261602
17.46 -165639 274337 59745.2 31768.4 59745.2 274337
17.48 -166441 276266 58682.5 28159.6 58682.5 276266
17.5 -160830 268110 55457.3 24811.5 55457.3 268110
17.52 -149748 251384 51706.9 22678.3 51706.9 251384
17.54 -134206 227716 47501 20875.1 47501 227716
17.56 -114924 198107 40950.5 18388.7 40950.5 198107
17.58 -92226.8 162669 30355.2 15695 30355.2 162669
17.6 -66177.8 120985 16254.8 14424.9 16254.8 120985
17.62 -36864.3 72953.2 988.94 15385.6 988.94 72953.2
17.64 -4703.61 19492.1 -13354.1 17169 -13354.1 19492.1
17.66 29450.2 -37565.6 -26168.5 17043.8 -26168.5 -37565.6
17.68 64411.5 -96061.4 -37884.7 13279.2 -37884.7 -96061.4
17.7 98739.4 -153625 -48847.1 6545.75 -48847.1 -153625
17.72 130761 -207384 -58664.1 -805.568 -58664.1 -207384
17.74 158751 -254190 -66419 -6700.38 -66419 -254190
17.76 181266 -291468 -71373.9 -10768.1 -71373.9 -291468
17.78 197301 -317765 -73402.9 -14118.3 -73402.9 -317765
17.8 206143 -332337 -72909.2 -17782.5 -72909.2 -332337
17.82 207153 -334286 -70700.6 -21277.4 -70700.6 -334286
17.84 199765 -322284 -67808.8 -22608.1 -67808.8 -322284
17.86 183714 -295327 -64723.7 -19727.7 -64723.7 -295327
17.88 159366 -253930 -60699.3 -12167.1 -60699.3 -253930
17.9 127862 -200429 -54488.2 -1436.74 -54488.2 -200429
17.92 90934.1 -137990 -45928.4 10064.7 -45928.4 -137990
17.94 50532.8 -69489.6 -36224.3 20622.6 -36224.3 -69489.6
17.96 8484.86 2693.48 -26532.8 29893.9 -26532.8 2693.48
17.98 -33634 76140.5 -16879.7 38305.2 -16879.7 76140.5
18 -74479.7 148036 -6698.88 46082.1 -6698.88 148036
18.02 -112858 215354 4075.43 52953.2 4075.43 215354
18.04 -147701 275468 14731.2 58510 14731.2 275468
18.06 -178138 326778 24262.8 62554.1 24262.8 326778
18.08 -203532 368687 31987.6 65182.7 31987.6 368687
18.1 -223268 400624 37857 66727.7 37857 400624
18.12 -236462 421089 42098.3 67460.8 42098.3 421089
18.14 -241980 427977 44574.5 67121 44574.5 427977
18.16 -238852 419808 44975.8 64816.6 44975.8 419808
18.18 -226635 396340 43671.8 59580 43671.8 396340
18.2 -205569 358424 41556.6 51007.3 41556.6 358424
18.22 -176520 307700 38726.2 39490.7 38726.2 307700
18.24 -140814 246313 34022.6 26224.7 34022.6 246313
18.26 -100080 176666 26341.6 12945.5 26341.6 176666
18.28 -56137.1 101425 15938 1113.98 15938 101425
18.3 -10926.2 23740.6 4092.01 -8919.97 4092.01 23740.6
18.32 33686.4 -52986.1 -8166.23 -17792.4 -8166.23 -52986.1
18.34 76177.2 -125799 -20710.3 -26114.9 -20710.3 -125799
18.36 115478 -192649 -33841.7 -33714.1 -33841.7 -192649
18.38 150854 -252231 -47312 -39817.8 -47312 -252231
18.4 181722 -303577 -59872 -43815.7 -59872 -303577
18.42 207547 -345802 -69974.5 -45824.6 -69974.5 -345802
18.44 227810 -378018 -76985.9 -46561.2 -76985.9 -378018
18.46 241919 -399286 -81423 -46576.7 -81423 -399286
18.48 249079 -408519 -83909.7 -45509.9 -83909.7 -408519
18.5 248289 -404467 -84343.8 -42081 -84343.8 -404467
18.52 238600 -385909 -82393.6 -34854.4 -82393.6 -385909
18.54 219467 -351961 -78419.2 -23165.1 -78419.2 -351961
18.56 191179 -302906 -73335.5 -7515.07 -73335.5 -302906
18.58 155039 -240808 -67590.5 10691.1 -67590.5 -240808
18.6 113161 -169229 -60670 29569.8 -60670 -169229
18.62 68118.9 -92478.1 -51727.6 47098 -51727.6 -92478.1
18.64 22548.3 -14867.5 -40533.1 61466.6 -40533.1 -14867.5
18.66 -21256.1 59823 -27723.3 71460.6 -27723.3 59823
18.68 -61681.3 128764 -14300.1 76792.4 -14300.1 128764
18.7 -97814.9 190076 -1015.08 78155.8 -1015.08 190076
18.72 -129222 242599 11828.7 76785.7 11828.7 242599
18.74 -155692 285704 24055.5 73748.7 24055.5 285704
18.76 -177018 319088 35109.9 69559.6 35109.9 319088
18.78 -192806 342384 44004.7 64362.9 44004.7 342384
18.8 -202409 354829 49991.7 58255.7 49991.7 354829
18.82 -205057 355337 53259.1 51268.9 53259.1 355337
18.84 -200089 342935 54761 43113.5 54761 342935
18.86 -187144 317218 55296.8 33183.4 55296.8 317218
18.88 -166338 278664 54826.2 21012.8 54826.2 278664
18.9 -138497 228971 52635 6820.12 52635 228971
18.92 -105208 171056 48038.6 -8285.51 48038.6 171056
18.94 -68558.9 108459 40920.4 -22530.7 40920.4 108459
18.96 -30700.6 44578.8 31726 -34089.1 31726 44578.8
18.98 6501.1 -17725.7 21047.7 -41826.7 21047.7 -17725.7
19 41571.4 -76068.2 9250.12 -45672.4 9250.12 -76068.2
19.02 73386.6 -128414 -3481.71 -46284.4 -3481.71 -128414
19.04 101133 -173209 -16807.2 -44294.3 -16807.2 -173209
19.06 124357 -209683 -30136.3 -39841.3 -30136.3 -209683
19.08 143022 -237940 -42904.2 -32802.1 -42904.2 -237940
19.1 157402 -258598 -54733.9 -23433.7 -54733.9 -258598
19.12 167780 -272138 -65230.7 -12797.7 -65230.7 -272138
19.14 174147 -278445 -73790.4 -2516.47 -73790.4 -278445
19.16 176105 -276921 -79780.2 6097.08 -79780.2 -276921
19.18 173069 -267001 -82930.7 12910.6 -82930.7 -267001
19.2 164514 -248437 -83531.4 19007.6 -83531.4 -248437
19.22 150088 -221053 -82215.9 25715 -82215.9 -221053
19.24 129715 -184691 -79509.2 33511.1 -79509.2 -184691
19.26 103822 -139802 -75574.5 41777.6 -75574.5 -139802
19.28 73534.9 -88109.7 -70374.4 49353.8 -70374.4 -88109.7
19.3 40605.6 -32549.5 -63959.1 55218.9 -63959.1 -32549.5
19.32 7083.86 23465.9 -56480.7 58828.1 -56480.7 23465.9
19.34 -25049.1 76796.1 -48005 60005.3 -48005 76796.1
19.36 -54190.4 125021 -38492.7 58600 -38492.7 125021
19.38 -79301.8 166508 -27986.1 54383.2 -27986.1 166508
19.4 -99904.9 200175 -16707.9 47447.5 -16707.9 200175
19.42 -115939 225310 -5014.91 38656 -5014.91 225310
19.44 -127624 241768 6561.09 29485.1 6561.09 241768
19.46 -135316 250155 17189.1 21352 17189.1 250155
19.48 -139237 251358 25930.7 15070.3 25930.7 251358
19.5 -139218 245629 32401.7 10682.6 32401.7 245629
19.52 -134729 232295 37211.8 7487.04 37211.8 232295
19.54 -125228 210509 41389.4 4319.23 41389.4 210509
19.56 -110505 180211 45279 253.129 45279 180211
19.58 -90830.6 142378 48234.2 -4716.07 48234.2 142378
19.6 -66947.1 98683.2 49331.3 -9703.03 49331.3 98683.2
19.62 -40027.3 51181 48060 -13627.9 48060 51181
19.64 -11559 2214.82 44372 -15841.2 44372 2214.82
19.66 16790.9 -45582.6 38435.8 -16254.6 38435.8 -45582.6
19.68 43343.1 -89424.3 30425.4 -15090.3 30425.4 -89424.3
19.7 66686 -126874 20398.6 -12473.5 20398.6 -126874
19.72 85978.5 -156488 8429.75 -8223.8 8429.75 -156488
19.74 100986 -177916 -5043.41 -2228.17 -5043.41 -177916
19.76 111829 -191403 -19100.2 4909.41 -19100.2 -191403
19.78 118771 -197446 -32676.7 11831 -32676.7 -197446
19.8 122181 -196872 -45023.1 17207.1 -45023.1 -196872
19.82 122425 -190660 -55858.8 20497.9 -55858.8 -190660
19.84 119610 -179301 -65197.9 22010 -65197.9 -179301
19.86 113454 -162436 -73087.3 22463.6 -73087.3 -162436
19.88 103456 -139281 -79452.7 22561.4 -79452.7 -139281
19.9 89194.3 -109341 -84102.4 22770.5 -84102.4 -109341
19.92 70586.7 -72869.2 -86826.2 23363.8 -86826.2 -72869.2
19.94 48055.2 -30979.7 -87480.4 24612.3 -87480.4 -30979.7
19.96 22571.2 14483.7 -86030.7 26800.2 -86030.7 14483.7
19.98 -4460.75 61223.6 -82551.4 29927.3 -82551.4 61223.6
20 -31438.5 106745 -77089.3 33444.7 -77089.3 106745
20.02 -56843.9 148583 -69451.2 36396.1 -69451.2 148583
20.04 -79509.5 184679 -59306 37899.3 -59306 184679
20.06 -98774.7 213842 -46728.9 37641.5 -46728.9 213842
20.08 -114451 235900 -32573.3 36107.5 -32573.3 235900
20.1 -126624 251328 -18112.7 34351.9 -18112.7 251328
20.12 -135397 260568 -4316.87 33366.7 -4316.87 260568
20.14 -140662 263479 8493.12 33475.8 8493.12 263479
20.16 -142001 259210 20381.8 34214.6 20381.8 259210
20.18 -138766 246585 31252.3 34714.1 31252.3 246585
20.2 -130311 224720 40564.9 34226.6 40564.9 224720
20.22 -116247 193423 47727.3 32407.1 47727.3 193423
20.24 -96654.6 153268 52745.2 29203.7 52745.2 153268
20.26 -72175.1 105586 56144.2 24561.8 56144.2 105586
20.28 -43982.5 52555.4 58138 18358.1 58138 52555.4
20.3 -13649.2 -2892.68 58248.1 10713.9 58248.1 -2892.68
20.32 17089.1 -57561.8 55894.6 2315.86 55894.6 -57561.8
20.34 46650.6 -108696 50954.2 -5720.09 50954.2 -108696
20.36 73860 -154359 43495.5 -12412.9 43495.5 -154359
20.38 97955.6 -193261 33353.9 -17420 33353.9 -193261
20.4 118411 -224434 20407 -21041.7 20407 -224434
20.42 134834 -247267 5186.14 -23749.9 5186.14 -247267
20.44 146991 -261680 -11123.3 -25713.3 -11123.3 -261680
20.46 154765 -267846 -27387.9 -26748.5 -27387.9 -267846
20.48 158016 -265656 -43093.6 -26585.9 -43093.6 -265656
20.5 156554 -254725 -58105.9 -25082.4 -58105.9 -254725
20.52 150243 -234931 -71959.1 -22284.2 -71959.1 -234931
20.54 139085 -206775 -83643.3 -18390.9 -83643.3 -206775
20.56 123240 -171213 -92259.1 -13558.1 -92259.1 -171213
20.58 103073 -129389 -97778.5 -7641.36 -97778.5 -129389
20.6 79212 -82554.9 -100985 -232.48 -100985 -82554.9
20.62 52520.1 -32165 -102610 8925.21 -102610 -32165
20.64 24018.7 20035.7 -102554 19533.1 -102554 20035.7
20.66 -5218.07 72092.5 -100025 30713.1 -100025 72092.5
20.68 -34154.7 122118 -94423.5 41373.2 -94423.5 122118
20.7 -61847.4 168534 -85968.9 50727.4 -85968.9 168534
20.72 -87435.6 210040 -75395.5 58603.8 -75395.5 210040
20.74 -110104 245430 -63287.2 65241.7 -63287.2 245430
20.76 -129095 273535 -49852.1 70709.1 -49852.1 273535
20.78 -143768 293301 -35205.8 74542.2 -35205.8 293301
20.8 -153598 303792 -19747.7 76037.7 -19747.7 303792
20.82 -158122 304166 -4263.68 74845.4 -4263.68 304166
20.84 -157015 293976 10361.9 71158.4 10361.9 293976
20.86 -150270 273561 23535 65388.2 23535 273561
20.88 -138203 243938 35040.1 57834.7 35040.1 243938
20.9 -121302 206279 44853.8 48637.8 44853.8 206279
20.92 -100122 161664 52992.6 37888.2 52992.6 161664
20.94 -75348.4 111362 59466.6 25781.1 59466.6 111362
20.96 -47868.6 57181.2 64220.3 12757.5 64220.3 57181.2
20.98 -18750.9 1416.11 67037.1 -499.636 67037.1 1416.11
21 10849 -53533 67558.4 -13252.7 67558.4 -53533
21.02 39752.5 -105488 65530.5 -24890.7 65530.5 -105488
21.04 66769.1 -152519 61054.9 -34945.2 61054.9 -152519
21.06 90711.8 -192762 54472 -42998.7 54472 -192762
21.08 110474 -224353 45958.7 -48608.5 45958.7 -224353
21.1 125168 -245677 35380.2 -51296.7 35380.2 -245677
21.12 134279 -255811 22627.1 -50651.2 22627.1 -255811
21.14 137722 -254777 8081.38 -46572 8081.38 -254777
21.16 135745 -243329 -7252.19 -39512.8 -7252.19 -243329
21.18 128738 -222478 -22122.6 -30422.3 -22122.6 -222478
21.2 117103 -193150 -35675.8 -20305.9 -35675.8 -193150
21.22 101210 -156129 -47778.9 -9725.33 -47778.9 -156129
21.24 81405.8 -112192 -58687.6 1355.25 -58687.6 -112192
21.26 58082.9 -62327.3 -68494.7 13274.8 -68494.7 -62327.3
21.28 31827.5 -7970.74 -77015.1 26189.1 -77015.1 -7970.74
21.3 3545.21 48908.4 -84047.3 39739.4 -84047.3 48908.4
21.32 -25563 105952 -89477.6 53062.1 -89477.6 105952
21.34 -54163.6 160702 -93148.1 65090.3 -93148.1 160702
21.36 -80958.4 210848 -94872.5 74941.8 -94872.5 210848
21.38 -104775 254338 -94632.6 82173 -94632.6 254338
21.4 -124617 289429 -92563.4 86735 -92563.4 289429
21.42 -139740 314802 -88672.2 88664.5 -88672.2 314802
21.44 -149721 329719 -82709.5 87814.7 -82709.5 329719
21.46 -154452 334028 -74412.4 83939.9 -74412.4 334028
21.48 -154058 328001 -63902.4 77062.7 -63902.4 328001
21.5 -148777 312146 -51874.4 67746.8 -51874.4 312146
21.52 -138835 286972 -39319.4 57019.9 -39319.4 286972
21.54 -124333 252769 -26918.9 45936.5 -26918.9 252769
21.56 -105289 209702 -14748.7 34982.3 -14748.7 209702
21.58 -81851.2 158340 -2665.01 23802.4 -2665.01 158340
21.6 -54558.2 100171 9137.14 11663.2 9137.14 100171
21.62 -24436.5 37607.3 20088.2 -1641.53 20088.2 37607.3
21.64 7106.43 -26453.2 29654.6 -15276.3 29654.6 -26453.2
21.66 38535.7 -89163.6 37634.4 -27708.4 37634.4 -89163.6
21.68 68441.7 -148033 44067.6 -37593.4 44067.6 -148033
21.7 95649.4 -200893 48946.2 -44504.2 48946.2 -200893
21.72 119197 -245810 52078.3 -48934.8 52078.3 -245810
21.74 138323 -281267 53260.6 -51573 53260.6 -281267
21.76 152510 -306446 52451.6 -52513 52451.6 -306446
21.78 161509 -321180 49626.4 -51145.9 49626.4 -321180
21.8 165313 -325607 44648.1 -46788.7 44648.1 -325607
21.82 164057 -319917 37652.9 -39450.8 37652.9 -319917
21.84 157926 -304419 29488.8 -30076.1 29488.8 -304419
21.86 147141 -279704 21315.3 -20044.3 21315.3 -279704
21.88 131981 -246592 13669.9 -10302.7 13669.9 -246592
21.9 112746 -205875 6212.05 -833.006 6212.05 -205875
21.92 89804.8 -158340 -1608.61 9088.28 -1608.61 -158340
21.94 63778.5 -105213 -9854.3 20029.4 -9854.3 -105213
21.96 35637.9 -48443.2 -17990.6 31628.1 -17990.6 -48443.2
21.98 6542.02 9633.99 -25278.7 42555.5 -25278.7 9633.99
22 -22437.8 66937.6 -31338.4 51305.9 -31338.4 66937.6
22.02 -50453.6 121934 -36376.1 57205 -36376.1 121934
22.04 -76802.8 173340 -40782.8 60819.4 -40782.8 173340
22.06 -100740 219627 -44605.8 63395.5 -44605.8 219627
22.08 -121374 258940 -47546.1 65740.5 -47546.1 258940
22.1 -137758 289499 -49290.3 67486.8 -49290.3 289499
22.12 -149100 310026 -49663.3 67390.6 -49663.3 310026
22.14 -154909 319863 -48658.3 64384.6 -48658.3 319863
22.16 -155046 318915 -46542.3 58460.1 -46542.3 318915
22.18 -149680 307543 -43798.1 50719.5 -43798.1 307543
22.2 -139167 286340 -40737.8 42634.7 -40737.8 286340
22.22 -123928 255946 -37205.7 35069.7 -37205.7 255946
22.24 -104390 217068 -32823.6 27822.2 -32823.6 217068
22.26 -81015.4 170633 -27563.2 20100.4 -27563.2 170633
22.28 -54356.8 117896 -21974.5 11501.6 -21974.5 117896
22.3 -25113.8 60411.1 -16771.7 2537.56 -16771.7 60411.1
22.32 5819.64 -3.26488 -12224.9 -5781.09 -12224.9 -3.26488
22.34 37331.1 -61212.2 -8034.97 -12811.9 -8034.97 -61212.2
22.36 68114.4 -120713 -3816.77 -18698.8 -3816.77 -120713
22.38 96775.1 -175783 378.638 -23957.6 378.638 -175783
22.4 122023 -223940 4079.36 -28673.4 4079.36 -223940
22.42 142897 -263473 6820.74 -32126.9 6820.74 -263473
22.44 158886 -293603 8400.54 -33281 8400.54 -293603
22.46 169840 -314109 8782.8 -31718.3 8782.8 -314109
22.48 175785 -324907 7998.08 -28099.8 7998.08 -324907
22.5 176833 -326067 6215.56 -23677.3 6215.56 -326067
22.52 173154 -317975 3795.86 -19380.7 3795.86 -317975
22.54 164859 -301048 1213.56 -15362.9 1213.56 -301048
22.56 151843 -275255 -1104.57 -11229 -1104.57 -275255
22.58 133881 -240231 -2997.02 -6473.8 -2997.02 -240231
22.6 110998 -196091 -4681.65 -728.772 -4681.65 -196091
22.62 83822.1 -144186 -6546.13 6149.23 -6546.13 -144186
22.64 53618.6 -87074.8 -8744.05 13999.9 -8744.05 -87074.8
22.66 22054.8 -27910.9 -10966.1 22297.9 -10966.1 -27910.9
22.68 -9171.39 30262.6 -12542 30186.8 -12542 30262.6
22.7 -38684.7 85028.7 -12851.8 36696.3 -12851.8 85028.7
22.72 -65593.3 134794 -11908.9 41216 -11908.9 134794
22.74 -89397.4 178650 -10543.3 43973.7 -10543.3 178650
22.76 -109826 216118 -9690.94 45947.2 -9690.94 216118
22.78 -126725 246933 -9451.54 48073.2 -9451.54 246933
22.8 -139877 270696 -9132.45 50477.1 -9132.45 270696
22.82 -148787 286472 -8190.06 52458.2 -8190.06 286472
22.84 -152665 292799 -6800.06 53085 -6800.06 292799
22.86 -150731 288305 -5545.84 51756.3 -5545.84 288305
22.88 -142531 272351 -4889.34 48396.5 -4889.34 272351
22.9 -128091 245232 -4982.6 43325.3 -4982.6 245232
22.92 -107955 208108 -5742.35 36936.2 -5742.35 208108
22.94 -83144.5 162844 -6973.41 29452.5 -6973.41 162844
22.96 -55046.7 111829 -8471.02 21030.2 -8471.02 111829
22.98 -25231.6 57773.6 -10113.7 12081.7 -10113.7 57773.6
23 4770.27 3435.74 -11977.8 3412.08 -11977.8 3435.74
23.02 33699.4 -48784.6 -14393.4 -4033.34 -14393.4 -48784.6
23.04 60724.6 -97231.5 -17744.7 -9626.94 -17744.7 -97231.5
23.06 85396.1 -141036 -22042.8 -13392.3 -22042.8 -141036
23.08 107397 -179685 -26728.2 -15983.4 -26728.2 -179685
23.1 126278 -212432 -31095.9 -18247.7 -31095.9 -212432
23.12 141381 -238045 -34964.5 -20566.2 -34964.5 -238045
23.14 151969 -255119 -38756.2 -22466.5 -38756.2 -255119
23.16 157414 -262562 -42877.6 -22934.4 -42877.6 -262562
23.18 157320 -259842 -47192.8 -21228 -47192.8 -259842
23.2 151566 -246955 -51108.6 -17455.4 -51108.6 -246955
23.22 140327 -224401 -53938.1 -12422 -53938.1 -224401
23.24 124073 -193241 -55141.4 -6968.94 -55141.4 -193241
23.26 103514 -155009 -54509.7 -1397.85 -54509.7 -155009
23.28 79536.6 -111464 -52303.8 4603.85 -52303.8 -111464
23.3 53125.5 -64327 -49080.8 11523.1 -49080.8 -64327
23.32 25270.5 -15157.6 -45245.9 19409.7 -45245.9 -15157.6
23.34 -3082.31 34558.7 -40757.7 27625.8 -40757.7 34558.7
23.36 -31030.2 83236 -35217.1 35204.2 -35217.1 83236
23.38 -57725.3 129191 -28225.9 41472.7 -28225.9 129191
23.4 -82400.8 170868 -19827.1 46395.4 -19827.1 170868
23.42 -104343 206981 -10680.5 50421.8 -10680.5 206981
23.44 -122830 236408 -1677.22 54008.3 -1677.22 236408
23.46 -137119 258015 6655.61 57138.9 6655.61 258015
23.48 -146504 270659 14289.4 59201.4 14289.4 270659
23.5 -150415 273389 21388.2 59335.1 21388.2 273389
23.52 -148570 265797 28078 56951.9 28078 265797
23.54 -141102 248285 34344.4 52031.6 34344.4 248285
23.56 -128537 222026 39861.9 45105.7 39861.9 222026
23.58 -111588 188515 44007.4 37039.4 44007.4 188515
23.6 -90978.1 149134 46255.5 28668.8 46255.5 149134
23.62 -67400.6 105093 46513.5 20434 46513.5 105093
23.64 -41548.6 57626.9 45004.7 12317.9 45004.7 57626.9
23.66 -14148.4 8124.16 41957 4153.03 41957 8124.16
23.68 13976.9 -41794.4 37445.7 -4045.42 37445.7 -41794.4
23.7 41843.1 -90218.9 31380.2 -11976.1 31380.2 -90218.9
23.72 68332.8 -135059 23623.9 -19117.6 23623.9 -135059
23.74 92291.8 -174274 14264.5 -24903 14264.5 -174274
23.76 112623 -206054 3762.08 -28958.2 3762.08 -206054
23.78 128405 -228992 -7229.1 -31189.7 -7229.1 -228992
23.8 139042 -242336 -18120.1 -31616.1 -18120.1 -242336
23.82 144308 -246017 -28498.4 -30210.1 -28498.4 -246017
23.84 144264 -240375 -38203.3 -26942.4 -38203.3 -240375
23.86 139186 -225950 -47335.7 -21871.8 -47335.7 -225950
23.88 129540 -203532 -55964.4 -15179.5 -55964.4 -203532
23.9 115900 -174183 -63749.1 -7247.32 -63749.1 -174183
23.92 98803.4 -139008 -69999.2 1302.34 -69999.2 -139008
23.94 78682.1 -98976 -74066.1 9828.82 -74066.1 -98976
23.96 55906 -55004.3 -75581.2 18036.7 -75581.2 -55004.3
23.98 30915.7 -8178.07 -74567.9 26093.2 -74567.9 -8178.07
24 4405.36 40044.6 -71566 34398.6 -71566 40044.6
24.02 -22551.5 87698.8 -67372 43192 -67372 87698.8
24.04 -48588.8 132429 -62330.9 52134.7 -62330.9 132429
24.06 -72347 171957 -56011.1 60093.9 -56011.1 171957
24.08 -92781.5 204621 -47737.5 65519.4 -47737.5 204621
24.1 -109310 229585 -37347.8 67371.7 -37347.8 229585
24.12 -121774 246732 -25473.1 65854.1 -25473.1 246732
24.14 -130261 256371 -13310.1 62274.2 -13310.1 256371
24.16 -134850 258837 -2038.52 58150.9 -2038.52 258837
24.18 -135475 254213 7824.65 54216.2 7824.65 254213
24.2 -131991 242409 16502.2 49982.2 16502.2 242409
24.22 -124320 223434 24311.2 44271.9 24311.2 223434
24.24 -112537 197530 31112.9 36396.5 31112.9 197530
24.26 -96888.2 165197 36439.1 26920.2 36439.1 165197
24.28 -77818.7 127335 39837.4 17252.5 39837.4 127335
24.3 -55992.7 85447.4 40983.8 8516.95 40983.8 85447.4
24.32 -32286.7 41542.7 39774.8 821.648 39774.8 41542.7
24.34 -7722.44 -2289.35 36466 -6473.8 36466 -2289.35
24.36 16661.8 -44334.2 31551 -13855 31551 -44334.2
24.38 39919.5 -83334.5 25428.5 -20952.9 25428.5 -83334.5
24.4 61220.6 -118200 18208.6 -26638 18208.6 -118200
24.42 79867.2 -147809 9777.97 -29786 9777.97 -147809
24.44 95365.2 -171224 78.335 -30034 78.335 -171224
24.46 107451 -188010 -10551.8 -27942.5 -10551.8 -188010
24.48 115983 -198141 -21356.9 -24511 -21356.9 -198141
24.5 120819 -201625 -31608.7 -20438.8 -31608.7 -201625
24.52 121837 -198375 -40980.3 -15686.2 -40980.3 -198375
24.54 119024 -188415 -49340.5 -9740.39 -49340.5 -188415
24.56 112472 -172013 -56297.5 -2389.92 -56297.5 -172013
24.58 102320 -149648 -61185.7 5805.39 -61185.7 -149648
24.6 88790.7 -122071 -63536.5 13898 -63536.5 -122071
24.62 72286.9 -90383.9 -63440 21340.1 -63440 -90383.9
24.64 53413.4 -55931 -61413.6 28303.2 -61413.6 -55931
24.66 32924 -20067.6 -57950.4 35260.1 -57950.4 -20067.6
24.68 11649.7 15932.3 -53120.7 42274.8 -53120.7 15932.3
24.7 -9587.21 50863.8 -46577.6 48620.9 -46577.6 50863.8
24.72 -30034.8 83576.9 -38036 53111 -38036 83576.9
24.74 -49014 112977 -27736.1 54947.7 -27736.1 112977
24.76 -65934.1 138125 -16339.8 54319.2 -16339.8 138125
24.78 -80368.2 158438 -4481.12 52129.5 -4481.12 158438
24.8 -92061.3 173717 7382.05 49199.6 7382.05 173717
24.82 -100805 183814 18784.3 45769.6 18784.3 183814
24.84 -106349 188383 29205 41615.5 29205 188383
24.86 -108490 187086 38243.1 36465.1 38243.1 187086
24.88 -107196 179999 45654.5 30352 45654.5 179999
24.9 -102603 167682 51156.5 23721 51156.5 167682
24.92 -94917.6 150890 54372.5 17202.8 54372.5 150890
24.94 -84370.8 130285 55122.8 11200.6 55122.8 130285
24.96 -71253.2 106385 53656.2 5669.31 53656.2 106385
24.98 -55950.5 79743.3 50404.3 332.644 50404.3 79743.3
25 -38956.5 51148.2 45523.8 -4867.07 45523.8 51148.2
25.02 -20864.2 21681.4 38779.5 -9533.11 38779.5 21681.4
25.04 -2330.25 -7425.56 29834.7 -13005.9 29834.7 -7425.56
25.06 15978.2 -35002.7 18618.1 -14785.6 18618.1 -35002.7
25.08 33416.6 -60062.1 5527.58 -14827.4 5527.58 -60062.1
25.1 49378.7 -81792.8 -8680.54 -13502.2 -8680.54 -81792.8
25.12 63338.3 -99519.8 -23314.6 -11273 -23314.6 -99519.8
25.14 74900.9 -112707 -38067.3 -8355.74 -38067.3 -112707
25.16 83815.3 -121017 -52820.3 -4658.41 -52820.3 -121017
25.18 89957.4 -124403 -67208.3 -53.3542 -67208.3 -124403
25.2 93316.9 -123143 -80519 5281.72 -80519 -123143
25.22 93955.7 -117698 -91960.3 10787.8 -91960.3 -117698
25.24 91922.6 -108461 -100928 15803.9 -100928 -108461
25.26 87206.6 -95619.7 -107138 19979.1 -107138 -95619.7
25.28 79786.1 -79251.2 -110617 23479.8 -110617 -79251.2
25.3 69733.3 -59588.2 -111488 26821.5 -111488 -59588.2
25.32 57305.1 -37253.9 -109666 30436.8 -109666 -37253.9
25.34 42974 -13280.3 -104873 34292.8 -104873 -13280.3
25.36 27380.2 11120.5 -97011.4 37870.8 -97011.4 11120.5
25.38 11245.5 34788.1 -86382.2 40554.8 -86382.2 34788.1
25.4 -4697.55 56647.9 -73440.8 42075 -73440.8 56647.9
25.42 -19755.5 75679.1 -58467.9 42556.9 -58467.9 75679.1
25.44 -33332.3 91039 -41626.3 42175.1 -41626.3 91039
25.46 -44991.5 102260 -23263.1 40850.5 -23263.1 102260
25.48 -54476.6 109279 -4041.87 38321.9 -4041.87 109279
25.5 -61670.9 112265 15185.7 34464.6 15185.7 112265
25.52 -66546.9 111449 33594.9 29513.4 33594.9 111449
25.54 -69142.6 107108 50511.5 24000.2 50511.5 107108
25.56 -69528.5 99567.6 65349.8 18493.3 65349.8 99567.6
25.58 -67741.7 89130.1 77504.6 13355.6 77504.6 89130.1
25.6 -63749.8 75994.2 86431.8 8664.95 86431.8 75994.2
25.62 -57512.1 60345 91856.5 4292.63 91856.5 60345
25.64 -49097.4 42569.8 93822.2 60.0966 93822.2 42569.8
25.66 -38762.4 23371.1 92542.2 -4109.01 92542.2 23371.1
25.68 -26942 3656.84 88236.2 -8106.78 88236.2 3656.84
25.7 -14171 -15665.8 81048.1 -11658.5 81048.1 -15665.8
25.72 -1001.11 -33803.9 71041.9 -14414.9 71041.9 -33803.9
25.74 12045.8 -50082.7 58319.7 -16069.8 58319.7 -50082.7
25.76 24497.4 -63945.1 43132.2 -16458 43132.2 -63945.1
25.78 35952.6 -74992.9 25807.3 -15573.1 25807.3 -74992.9
25.8 46111.5 -83038.4 6673.44 -13483.8 6673.44 -83038.4
25.82 54780.6 -88097.3 -13787 -10251.8 -13787 -88097.3
25.84 61842.8 -90297.3 -34744.7 -5978.69 -34744.7 -90297.3
25.86 67237 -89794 -55137.6 -917.473 -55137.6 -89794
25.88 70960.2 -86784.9 -73955.9 4520.47 -73955.9 -86784.9
25.9 73033 -81511.7 -90364.8 9872.49 -90364.8 -81511.7
25.92 73411.8 -74137.2 -103731 14750.5 -103731 -74137.2
25.94 71947.4 -64646.9 -113745 18979.5 -113745 -64646.9
25.96 68435.8 -52921.8 -120470 22708.7 -120470 -52921.8
25.98 62701 -38885.8 -124162 26339 -124162 -38885.8
26 54681.2 -22632.3 -125066 30254.2 -125066 -22632.3
26.02 44527.6 -4552.64 -123326 34574.1 -123326 -4552.64
26.04 32642.6 14604 -118886 39072.2 -118886 14604
26.06 19600.3 33864.5 -111468 43228.7 -111468 33864.5
26.08 6029.1 52267.4 -100882 46416.1 -100882 52267.4
26.1 -7433.54 68963.7 -87428.3 48212.9 -87428.3 68963.7
26.12 -20137.8 83157 -71810 48596.9 -71810 83157
26.14 -31479.7 94125.8 -54606.7 47744.6 -54606.7 94125.8
26.16 -41044.8 101454 -36013.5 45618.6 -36013.5 101454
26.18 -48705.4 105215 -16197.8 41893.7 -16197.8 105215
26.2 -54565.1 105847 4152.19 36402.9 4152.19 105847
26.22 -58813.4 103914 23683.6 29608.1 23683.6 103914
26.24 -61599.8 99939.6 40816.2 22560.6 40816.2 99939.6
26.26 -62950.9 94279.9 54504.7 16353 54504.7 94279.9
26.28 -62752.7 86999.3 64710.2 11454.8 64710.2 86999.3
26.3 -60829.2 77984.4 72029.5 7417.79 72029.5 77984.4
26.32 -57070.2 67244.7 76820.6 3300.35 76820.6 67244.7
26.34 -51511.1 55081.2 78826.8 -1417.95 78826.8 55081.2
26.36 -44349 42037.7 77607.1 -6280.51 77607.1 42037.7
26.38 -35918.5 28788.6 73071 -10224 73071 28788.6
26.4 -26622 16002.9 65552.4 -12456.5 65552.4 16002.9
26.42 -16849.1 4185.4 55557.5 -12982.1 55557.5 4185.4
26.44 -6939.13 -6395.17 43525.6 -12396.4 43525.6 -6395.17
26.46 2815 -15652.3 29714.1 -11232.9 29714.1 -15652.3
26.48 12174.6 -23608.8 14225.6 -9431.23 14225.6 -23608.8
26.5 20974.4 -30341.2 -2802.84 -6402.73 -2802.84 -30341.2
26.52 29102.1 -35893.8 -20951 -1687.06 -20951 -35893.8
26.54 36448.4 -40223.8 -39380.9 4412.16 -39380.9 -40223.8
26.56 42885.9 -43269.2 -56953.3 10865 -56953.3 -43269.2
26.58 48276.3 -45022.8 -72565.8 16596.1 -72565.8 -45022.8
26.6 52456.4 -45441.6 -85498 21155 -85498 -45441.6
26.62 55222 -44323.4 -95500.9 24831.8 -95500.9 -44323.4
26.64 56367.1 -41401.4 -102591 28223.9 -102591 -41401.4
26.66 55753 -36582.9 -106795 31656.7 -106795 -36582.9
26.68 53330.3 -30034.8 -108113 34919.6 -108113 -30034.8
26.7 49114 -22063.9 -106616 37522.4 -106616 -22063.9
26.72 43178.3 -13001.7 -102457 39212.5 -102457 -13001.7
26.74 35699.4 -3211.02 -95793.2 40212.5 -95793.2 -3211.02
26.76 27001.4 6880.56 -86796.5 40923.3 -86796.5 6880.56
26.78 17547.4 16798.8 -75686 41412.5 -75686 16798.8
26.8 7872.94 26032.9 -62601.3 41211.2 -62601.3 26032.9
26.82 -1494.4 34016.3 -47476.7 39586 -47476.7 34016.3
26.84 -10111.3 40203 -30250.5 36025.7 -30250.5 40203
26.86 -17699 44297.9 -11300.1 30597.7 -11300.1 44297.9
26.88 -24197.6 46449.7 8390.9 23972 8390.9 46449.7
26.9 -29741.8 47200 27519.9 17114.2 27519.9 47200
26.92 -34546.5 47200.6 44889.6 10860.1 44889.6 47200.6
26.94 -38741.7 46876.7 59627.9 5681.35 59627.9 46876.7
26.96 -42243.7 46238 71195.9 1729.28 71195.9 46238
26.98 -44751.5 44969.7 79343.5 -1054.27 79343.5 44969.7
27 -45869.6 42704.2 84079.6 -2915.11 84079.6 42704.2
27.02 -45244.8 39183.6 85619.9 -4247.34 85619.9 39183.6
27.04 -42640.7 34221.8 84287.1 -5431.98 84287.1 34221.8
27.06 -37998.3 27712 80388.1 -6669.7 80388.1 27712
27.08 -31519.1 19827.3 74154.2 -7929.38 74154.2 19827.3
27.1 -23697.3 11177.6 65777.3 -8963.23 65777.3 11177.6
27.12 -15217 2673.6 55431 -9339.77 55431 2673.6
27.14 -6752.83 -4820.31 43200.9 -8548.87 43200.9 -4820.31
27.16 1211.78 -10792 29050.8 -6178.7 29050.8 -10792
27.18 8481.09 -15221.7 13015.7 -2078.6 13015.7 -15221.7
27.2 15132.3 -18518.4 -4483.42 3525.6 -4483.42 -18518.4
27.22 21390.3 -21252.1 -22557.2 9981.28 -22557.2 -21252.1
27.24 27454.5 -23844.9 -40120.5 16346.7 -40120.5 -23844.9
27.26 33380.4 -26462.6 -56246.1 21775 -56246.1 -26462.6
27.28 39049.4 -29082.9 -70300.2 25894.8 -70300.2 -29082.9
27.3 44170.5 -31490.7 -81883 28842 -81883 -31490.7
27.32 48289 -33160.6 -90754.8 30953.2 -90754.8 -33160.6
27.34 50865.1 -33319.4 -96813 32475.5 -96813 -33319.4
27.36 51448 -31325.1 -100084 33523.9 -100084 -31325.1
27.38 49842.2 -27047.6 -100695 34177.6 -100695 -27047.6
27.4 46143.3 -20881.9 -98812 34526.8 -98812 -20881.9
27.42 40665.5 -13459.9 -94591.3 34635.8 -94591.3 -13459.9
27.44 33854.3 -5398.56 -88182.7 34472.3 -88182.7 -5398.56
27.46 26216 2757.75 -79720.2 33848.6 -79720.2 2757.75
27.48 18238 10502.9 -69266 32455 -69266 10502.9
27.5 10318.4 17388.4 -56835.8 30033 -56835.8 17388.4
27.52 2723.51 23145.4 -42568 26564.4 -42568 23145.4
27.54 -4429.58 27821.6 -26883.5 22307.5 -26883.5 27821.6
27.56 -11149.1 31745.1 -10471.1 17681.5 -10471.1 31745.1
27.58 -17482.8 35271.9 5846.08 13131.1 5846.08 35271.9
27.6 -23423 38536.8 21254.4 9036.48 21254.4 38536.8
27.62 -28871.4 41427 35056.8 5655.06 35056.8 41427
27.64 -33655.1 43722.1 46715.8 3101.26 46715.8 43722.1
27.66 -37542.8 45201.7 55837.8 1378.19 55837.8 45201.7
27.68 -40255.6 45647.7 62166.5 418.411 62166.5 45647.7
27.7 -41503.6 44827.9 65631.5 83.791 65631.5 44827.9
27.72 -41053.5 42536.5 66384.2 153.703 66384.2 42536.5
27.74 -38793.8 38679.8 64728.3 371.123 64728.3 38679.8
27.76 -34776.8 33360.4 60964.3 549.809 60964.3 33360.4
27.78 -29234.9 26920.1 55271.1 673.751 55271.1 26920.1
27.8 -22557.5 19891.2 47704.1 932.931 47704.1 19891.2
27.82 -15210.9 12838.4 38264.8 1673.52 38264.8 12838.4
27.84 -7632.35 6191.07 26985.1 3254.23 26985.1 6191.07
27.86 -163.753 190.828 14008.3 5857.07 14008.3 190.828
27.88 6964.22 -5060.67 -334.52 9373.17 -334.52 -5060.67
27.9 13634.2 -9573.52 -15494.9 13445.2 -15494.9 -9573.52
27.92 19840.2 -13487.6 -30759.9 17610.2 -30759.9 -13487.6
27.94 25646.6 -17038.8 -45360.5 21420.1 -45360.5 -17038.8
27.96 31099.4 -20422.5 -58575.6 24498.3 -58575.6 -20422.5
27.98 36139.1 -23649.9 -69801.7 26578.7 -69801.7 -23649.9
28 40567.7 -26511.9 -78598.5 27557.5 -78598.5 -26511.9
28.02 44073.8 -28648.1 -84723.2 27532.9 -84723.2 -28648.1
28.04 46295.1 -29650.1 -88153.8 26800.6 -88153.8 -29650.1
28.06 46897.5 -29150.7 -89072.9 25789.9 -89072.9 -29150.7
28.08 45656.9 -26899.9 -87781.9 24934.1 -87781.9 -26899.9
28.1 42525.1 -22843.2 -84569.6 24513.3 -84569.6 -22843.2
28.12 37667.9 -17188.6 -79614.2 24549 -79614.2 -17188.6
28.14 31456.6 -10414.6 -72977.5 24808.9 -72977.5 -10414.6
28.16 24396.1 -3169.71 -64666.4 24905.7 -64666.4 -3169.71
28.18 17009 3909.66 -54707.9 24437.8 -54707.9 3909.66
28.2 9726.56 10362.1 -43212.1 23126.1 -43212.1 10362.1
28.22 2825.91 15971.9 -30428 20904.2 -30428 15971.9
28.24 -3578.84 20748.5 -16786.4 17939.1 -16786.4 20748.5
28.26 -9506.04 24859.4 -2889.28 14581.8 -2889.28 24859.4
28.28 -15042.3 28539.2 10566.5 11278.3 10566.5 28539.2
28.3 -20255.2 31982.3 22893.9 8466.11 22893.9 31982.3
28.32 -25110.9 35239.7 33504 6468.79 33504 35239.7
28.34 -29429.3 38157.8 41961.3 5412.85 41961.3 38157.8
28.36 -32896.8 40389 48016.2 5199.59 48016.2 40389
28.38 -35132.1 41480.4 51609.8 5546.75 51609.8 41480.4
28.4 -35783.8 41017.6 52829.6 6084.8 52829.6 41017.6
28.42 -34628.4 38773.2 51816.2 6478.68 51816.2 38773.2
28.44 -31636.6 34793 48698.7 6539.52 48698.7 34793
28.46 -26993.7 29383.7 43619.1 6279.86 43619.1 29383.7
28.48 -21069.7 23037.2 36758.6 5883.9 36758.6 23037.2
28.5 -14346.1 16340 28275.8 5624.38 28275.8 16340
28.52 -7318.54 9872.7 18251.4 5785.27 18251.4 9872.7
28.54 -404.727 4092.06 6758.08 6601.98 6758.08 4092.06
28.56 6118.06 -764.322 -6004.54 8192.25 -6004.54 -764.322
28.58 12130.6 -4699.7 -19628.7 10489.6 -19628.7 -4699.7
28.6 17641 -7896.21 -33516.2 13231.1 -33516.2 -7896.21
28.62 22718.2 -10596.9 -46984.8 16025.6 -46984.8 -10596.9
28.64 27407.4 -12983.4 -59355.9 18478.1 -59355.9 -12983.4
