0.02 -0.0793221 0.00697333 0.328109 0.0134055 0.328109 0.00697333
0.04 -0.62333 0.0327943 1.70027 0.145383 1.70027 0.0327943
0.06 -1.74415 0.0697835 0.479853 0.661255 0.479853 0.0697835
0.08 -0.22376 0.284117 -21.1341 1.78984 -21.1341 0.284117
0.1 13.5205 2.64369 -94.1294 3.55497 -94.1294 2.64369
0.12 51.0279 17.1747 -240.621 6.05479 -240.621 17.1747
0.14 114.39 74.0592 -452.34 8.77873 -452.34 74.0592
0.16 192.385 231.178 -693.932 7.92813 -693.932 231.178
0.18 272.273 559.779 -922.95 -4.72609 -922.95 559.779
0.2 352.076 1107.18 -1106.97 -37.5366 -1106.97 1107.18
0.22 435.406 1859.73 -1232.82 -92.2969 -1232.82 1859.73
0.24 516.851 2737 -1308.88 -162.254 -1308.88 2737
0.26 581.198 3631.17 -1359.66 -236.595 -1359.66 3631.17
0.28 620.911 4464.34 -1416.25 -305.848 -1416.25 4464.34
0.3 650.808 5210.18 -1508.82 -362.951 -1508.82 5210.18
0.32 700.118 5866.01 -1659.92 -401.78 -1659.92 5866.01
0.34 786.328 6426.75 -1871.7 -418.223 -1871.7 6426.75
0.36 896.322 6899.12 -2108.82 -413.707 -2108.82 6899.12
0.38 994.928 7324.17 -2296.19 -396.925 -2296.19 7324.17
0.4 1051.04 7764.55 -2348.13 -382.764 -2348.13 7764.55
0.42 1053.89 8269.79 -2216.01 -390.056 -2216.01 8269.79
0.44 1011.54 8852.77 -1918.75 -436.042 -1918.75 8852.77
0.46 945.383 9473.36 -1536.07 -525.109 -1536.07 9473.36
0.48 881.944 10019.5 -1170 -638.606 -1170 10019.5
0.5 830.797 10323.2 -888.457 -738.734 -888.457 10323.2
0.52 764.485 10250.1 -681.846 -790.217 -681.846 10250.1
0.54 639.422 9817.43 -478.104 -786.384 -478.104 9817.43
0.56 455.715 9224.19 -219.646 -758.522 -219.646 9224.19
0.58 289.554 8722.93 65.5193 -755.305 65.5193 8722.93
0.6 243.216 8398.18 266.069 -801.297 266.069 8398.18
0.62 349.117 8042.25 258.784 -868.691 258.784 8042.25
0.64 526.033 7284.43 -9.18327 -892.848 -9.18327 7284.43
0.66 641.378 5892.63 -488.168 -819.3 -488.168 5892.63
0.68 629.31 3955.48 -1075.94 -637.547 -1075.94 3955.48
0.7 552.954 1770.39 -1720.3 -377.641 -1720.3 1770.39
0.72 546.103 -405.531 -2477.09 -83.5283 -2477.09 -405.531
0.74 692.187 -2473.85 -3444.5 215.252 -3444.5 -2473.85
0.76 961.467 -4429.78 -4624 520.003 -4624 -4429.78
0.78 1250.76 -6258.85 -5857.36 856.054 -5857.36 -6258.85
0.8 1463.49 -7898.3 -6920.91 1243.53 -6920.91 -7898.3
0.82 1567.41 -9256.74 -7695.55 1671.48 -7695.55 -9256.74
0.84 1616 -10272.2 -8257.64 2104.12 -8257.64 -10272.2
0.86 1714.58 -10978 -8804.27 2513.05 -8804.27 -10978
0.88 1920.55 -11487 -9461.73 2897.32 -9461.73 -11487
0.9 2159.97 -11850.7 -10137.2 3267.62 -10137.2 -11850.7
0.92 2280.79 -11923.5 -10562 3613.82 -10562 -11923.5
0.94 2216.12 -11417.3 -10511.8 3893.62 -10511.8 -11417.3
0.96 2071.02 -10148.3 -10012.8 4055.7 -10012.8 -10148.3
0.98 2021.41 -8256.58 -9348.65 4075.97 -9348.65 -8256.58
1 2143.15 -6178.38 -8859.04 3974.17 -8859.04 -6178.38
1.02 2351.72 -4387.45 -8649.41 3800.07 -8649.41 -4387.45
1.04 2439.16 -3176 -8263.99 3613.63 -8263.99 -3176
1.06 2085.11 -2664.14 -6672.31 3469.89 -6672.31 -2664.14
1.08 965.852 -2868.62 -3170.55 3363.01 -3170.55 -2868.62
1.1 -838.494 -3643.09 1500.41 3149.62 1500.41 -3643.09
1.12 -2548.92 -4614.7 5509.64 2612.37 5509.64 -4614.7
1.14 -3187.64 -5281.99 7508.17 1684.66 7508.17 -5281.99
1.16 -2550.41 -5280.14 7561.38 564.183 7561.38 -5280.14
1.18 -1476.3 -4655.06 6872.99 -443.263 6872.99 -4655.06
1.2 -1030.82 -3810.47 6789.78 -1148.8 6789.78 -3810.47
1.22 -1511.1 -3115.5 7682.89 -1578.11 7682.89 -3115.5
1.24 -2303.94 -2690.99 8784.35 -1945.15 8784.35 -2690.99
1.26 -2674.56 -2533.72 9226.76 -2504.69 9226.76 -2533.72
1.28 -2571.71 -2562.01 8872.96 -3337.68 8872.96 -2562.01
1.3 -2491.97 -2540.25 8034.75 -4281.1 8034.75 -2540.25
1.32 -2615.62 -2228.46 6809.82 -5062.13 6809.82 -2228.46
1.34 -2425.53 -1657.12 4862.26 -5435.74 4862.26 -1657.12
1.36 -1326.53 -1129.25 1699.62 -5244.05 1699.62 -1129.25
1.38 606.742 -953.264 -2716.48 -4479.74 -2716.48 -953.264
1.4 2600.38 -1283.96 -7255.68 -3278.97 -7255.68 -1283.96
1.42 3643.29 -2255.15 -9717.99 -1786.44 -9717.99 -2255.15
1.44 3033.04 -4090.08 -8659.19 -134.507 -8659.19 -4090.08
1.46 1023.25 -6848.52 -5359.59 1394.85 -5359.59 -6848.52
1.48 -937.139 -10047.8 -2955.43 2437.65 -2955.43 -10047.8
1.5 -1229.26 -12677.3 -3413.08 2954.22 -3413.08 -12677.3
1.52 341.142 -13770.6 -6150.45 3379.12 -6150.45 -13770.6
1.54 2366.73 -13162.8 -9302.29 4219.59 -9302.29 -13162.8
1.56 3415.81 -11722.4 -11350.1 5640.08 -11350.1 -11722.4
1.58 3347.17 -10691 -11817 7423.56 -11817 -10691
1.6 2921.48 -10691 -11232.4 9064.22 -11232.4 -10691
1.62 2622.98 -11307.8 -10337 9905.83 -10337 -11307.8
1.64 2219 -11519.1 -9025.5 9532.98 -9025.5 -11519.1
1.66 1265.73 -10548.7 -6482.97 8132.21 -6482.97 -10548.7
1.68 -213.792 -8506.14 -2631.85 6312.5 -2631.85 -8506.14
1.7 -1549.38 -6277.49 1111.17 4607.16 1111.17 -6277.49
1.72 -1918.07 -4673.41 2996.69 3257.27 2996.69 -4673.41
1.74 -1120.26 -3597.16 2625.83 2274.92 2625.83 -3597.16
1.76 147.981 -2101.94 1255.06 1468.47 1255.06 -2101.94
1.78 888.459 617.162 704.157 506.208 704.157 617.162
1.8 628.779 4236.54 2066.86 -853.561 2066.86 4236.54
1.82 -387.968 7409.42 5040.44 -2620.6 5040.44 7409.42
1.84 -1638.12 9028.75 8192.4 -4671.92 8192.4 9028.75
1.86 -2688.12 9421.31 10116.7 -6834.85 10116.7 9421.31
1.88 -3242.52 10174 10572.9 -8818.86 10572.9 10174
1.9 -3184.7 12666.2 10442.4 -10231.5 10442.4 12666.2
1.92 -2692.17 16698.3 10659.8 -10789.7 10659.8 16698.3
1.94 -2154.76 20507.4 11439.5 -10497.1 11439.5 20507.4
1.96 -1903.1 22173.3 12429.4 -9625.74 12429.4 22173.3
1.98 -2051.14 21166.5 13240.1 -8587.98 13240.1 21166.5
2 -2515.62 18659.4 13768.7 -7771.66 13768.7 18659.4
2.02 -3066.04 16341.4 14203.3 -7322.69 14203.3 16341.4
2.04 -3425.64 14856.6 14722.4 -7002.1 14722.4 14856.6
2.06 -3462.93 13305.2 15095.6 -6320.69 15095.6 13305.2
2.08 -3273.12 10200.6 14658.3 -4891.84 14658.3 10200.6
2.1 -3005.53 4923.83 12817.4 -2697.24 12817.4 4923.83
2.12 -2649.83 -1645.67 9551.61 -88.2881 9551.61 -1645.67
2.14 -2043.61 -7832.13 5344.19 2409.19 5344.19 -7832.13
2.16 -1048.05 -12513.5 710.306 4358.71 710.306 -12513.5
2.18 309.021 -15861.1 -4089.23 5621.58 -4089.23 -15861.1
2.2 1794.21 -18805 -8918.06 6376.62 -8918.06 -18805
2.22 3046.35 -21851.9 -13495.4 6935.7 -13495.4 -21851.9
2.24 3788.79 -24499.2 -17325 7519.63 -17325 -24499.2
2.26 4042.64 -25752.2 -19952 8159.19 -19952 -25752.2
2.28 4115.53 -25128 -21371.5 8739.2 -21371.5 -25128
2.3 4349.52 -23213.8 -22122.4 9114.45 -22122.4 -23213.8
2.32 4846.99 -21311.3 -22843.9 9215.84 -22843.9 -21311.3
2.34 5388.89 -20425.3 -23739.4 9073.48 -23739.4 -20425.3
2.36 5626.33 -20441.7 -24448.6 8748.85 -24448.6 -20441.7
2.38 5406.68 -20256.2 -24275.4 8267.93 -24275.4 -20256.2
2.4 4885.93 -18756.3 -22560.7 7637.12 -22560.7 -18756.3
2.42 4277.96 -15764 -19120.2 6890.57 -19120.2 -15764
2.44 3579.91 -12135.4 -14433.6 6072.8 -14433.6 -12135.4
2.46 2623.95 -9002.27 -9280.83 5182.94 -9280.83 -9002.27
2.48 1317.2 -6869.74 -4185.12 4171.27 -4185.12 -6869.74
2.5 -244.832 -5339.35 733.476 2975.34 733.476 -5339.35
2.52 -1826.93 -3581.25 5483.48 1544.58 5483.48 -3581.25
2.54 -3148.36 -1053.12 9918.68 -113.89 9918.68 -1053.12
2.56 -3995.34 2109.06 13712.5 -1874.75 13712.5 2109.06
2.58 -4353.81 5271.26 16616.7 -3530.28 16616.7 5271.26
2.6 -4478.54 7854.82 18772.5 -4927.06 18772.5 7854.82
2.62 -4751.42 9743.36 20632 -6055.85 20632 9743.36
2.64 -5328.86 11153.3 22436.1 -7023.99 22436.1 11153.3
2.66 -5925.51 12135.1 23865.7 -7955.23 23865.7 12135.1
2.68 -6088.73 12254.3 24312.5 -8859.05 24312.5 12254.3
2.7 -5711.54 10825.9 23379.1 -9564.01 23379.1 10825.9
2.72 -5126.26 7589.28 21045 -9832.51 21045 7589.28
2.74 -4634.22 3268.27 17518 -9561.67 17518 3268.27
2.76 -4067.06 -637.456 13050.3 -8832.89 13050.3 -637.456
2.78 -2927.51 -2892.09 7817.58 -7784.02 7817.58 -2892.09
2.8 -976.901 -3497.82 1952.81 -6489.28 1952.81 -3497.82
2.82 1366.86 -3550.97 -4269.63 -4945.66 -4269.63 -3550.97
2.84 3319.19 -4126.13 -10451.7 -3124.46 -10451.7 -4126.13
2.86 4499.76 -5447.34 -16459.2 -1037 -16459.2 -5447.34
2.88 5349.15 -7073.13 -22649.1 1241.66 -22649.1 -7073.13
2.9 6648.83 -8511.89 -29443.3 3634.17 -29443.3 -8511.89
2.92 8656.47 -9443.58 -36613.3 6129.01 -36613.3 -9443.58
2.94 10830.4 -9516.19 -43018.5 8733.37 -43018.5 -9516.19
2.96 12350.5 -8201.85 -47081.3 11351.3 -47081.3 -8201.85
2.98 12787.4 -5030.45 -47769.2 13735.2 -47769.2 -5030.45
3 12355.1 -96.0233 -45437.3 15558.6 -45437.3 -96.0233
3.02 11684 5644.64 -41687.9 16565.9 -41687.9 5644.64
3.04 11280.1 10761.2 -38121.3 16730.8 -38121.3 10761.2
3.06 11038.3 14284.8 -35081.3 16287.5 -35081.3 14284.8
3.08 10320.4 16365.1 -31611.1 15538.3 -31611.1 16365.1
3.1 8640.24 17989.5 -26547.1 14599.8 -26547.1 17989.5
3.12 6236.41 20031.5 -19631.7 13348.1 -19631.7 20031.5
3.14 3869.71 22570.9 -11728.8 11554.5 -11728.8 22570.9
3.16 2091.93 25124.5 -4052.05 9013.84 -4052.05 25124.5
3.18 787.977 27409.2 2941.06 5628.23 2941.06 27409.2
3.2 -619.991 29627.3 9950.42 1510.21 9950.42 29627.3
3.22 -2611.25 31905.9 17970.7 -3003.3 17970.7 31905.9
3.24 -5167.38 33712.6 26989.7 -7526.41 26989.7 33712.6
3.26 -7805.86 34130.7 35740.8 -11811.7 35740.8 34130.7
3.28 -9965.04 32685.4 42757.2 -15739.6 42757.2 32685.4
3.3 -11415.8 29717.3 47446.2 -19207.1 47446.2 29717.3
3.32 -12356.4 25979.7 50182.5 -22107.3 50182.5 25979.7
3.34 -13116.1 22019.7 51684.9 -24362.5 51684.9 22019.7
3.36 -13765.1 17934.1 52349.6 -25911 52349.6 17934.1
3.38 -14024.4 13579.5 51900.6 -26697.6 51900.6 13579.5
3.4 -13543.7 8894.94 49562.9 -26694.3 49562.9 8894.94
3.42 -12217.1 3927.13 44712.2 -25855.4 44712.2 3927.13
3.44 -10242.6 -1426.24 37442.1 -24041.3 37442.1 -1426.24
3.46 -7977.86 -7497.93 28504.7 -21077.9 28504.7 -7497.93
3.48 -5763 -14501.3 18787.7 -16938.4 18787.7 -14501.3
3.5 -3749.89 -22108.5 8899.19 -11846.2 8899.19 -22108.5
3.52 -1809.5 -29443.2 -923.596 -6200.71 -923.596 -29443.2
3.54 343.186 -35514.5 -10726.2 -411.495 -10726.2 -35514.5
3.56 2885.02 -39746.2 -20626.9 5253.87 -20626.9 -39746.2
3.58 5732.98 -42261.2 -30484.5 10735.6 -30484.5 -42261.2
3.6 8564.06 -43707.7 -39671.6 16102.1 -39671.6 -43707.7
3.62 10916.2 -44660.3 -47242.1 21355.1 -47242.1 -44660.3
3.64 12406.6 -45070 -52461.2 26276.8 -52461.2 -45070
3.66 13042 -44386.5 -55306.9 30468.1 -55306.9 -44386.5
3.68 13283.3 -42337 -56495.4 33554.4 -56495.4 -42337
3.7 13622.5 -39506.8 -56935.8 35375 -56935.8 -39506.8
3.72 14062.1 -36946.4 -57052.4 35993.5 -57052.4 -36946.4
3.74 14138.2 -35106.3 -56524.4 35549.7 -56524.4 -35106.3
3.76 13475.8 -33207.9 -54524.2 34109.1 -54524.2 -33207.9
3.78 12168.3 -29735.4 -50202.1 31627.8 -50202.1 -29735.4
3.8 10552.1 -23622.2 -43201.1 28018.1 -43201.1 -23622.2
3.82 8776.69 -15111.5 -33928.1 23244.7 -33928.1 -15111.5
3.84 6718.82 -5622.08 -23278.5 17409.1 -23278.5 -5622.08
3.86 4202.98 3240.61 -12039.8 10775.8 -12039.8 3240.61
3.88 1201.06 10745.7 -654.098 3693.65 -654.098 10745.7
3.9 -2059.77 17320 10515.9 -3530.94 10515.9 17320
3.92 -5088.86 23826.3 21002.5 -10647.6 21002.5 23826.3
3.94 -7395.32 30481.4 30424.6 -17350.2 30424.6 30481.4
3.96 -8934.67 36371.9 38673.3 -23240.3 38673.3 36371.9
3.98 -10212.5 39964.7 45810.2 -27971.2 45810.2 39964.7
4 -11786 40164.9 51848.3 -31406.3 51848.3 40164.9
4.02 -13660.9 37062.4 56553.2 -33621 56553.2 37062.4
4.04 -15220.5 31764.7 59267.1 -34774.7 59267.1 31764.7
4.06 -15691.5 25491.2 58968.8 -34954.2 58968.8 25491.2
4.08 -14660.9 18839.9 54759.5 -34063.6 54759.5 18839.9
4.1 -12270 11943 46445.7 -31858.1 46445.7 11943
4.12 -9022.12 5123.48 34686.3 -28142.9 34686.3 5123.48
4.14 -5395.17 -894.185 20669.4 -22975.6 20669.4 -894.185
4.16 -1624.85 -5403.79 5695.61 -16698.2 5695.61 -5403.79
4.18 2158.78 -8107.76 -9118.39 -9812.76 -9118.39 -8107.76
4.2 5740.08 -9108.95 -23023 -2813 -23023 -9108.95
4.22 8915.55 -8810.87 -35660.7 3967.79 -35660.7 -8810.87
4.24 11684.5 -7920.42 -46910.6 10446.5 -46910.6 -7920.42
4.26 14168.7 -7282.06 -56734.3 16728.4 -56734.3 -7282.06
4.28 16414.9 -7466.04 -65159.1 22910.4 -65159.1 -7466.04
4.3 18424.2 -8505.1 -72207.4 28916.4 -72207.4 -8505.1
4.32 20237.9 -10000.3 -77635 34476 -77635 -10000.3
4.34 21757.6 -11403.5 -80789.6 39186.1 -80789.6 -11403.5
4.36 22560 -12330.7 -80887.4 42591 -80887.4 -12330.7
4.38 22128.1 -12790.7 -77463.3 44290.5 -77463.3 -12790.7
4.4 20266.1 -12977.7 -70602.4 44042.7 -70602.4 -12977.7
4.42 17198.8 -12602.7 -60910.9 41778.2 -60910.9 -12602.7
4.44 13416.7 -10457.1 -49337.1 37537.1 -49337.1 -10457.1
4.46 9569.27 -4811.77 -36892.9 31441.3 -36892.9 -4811.77
4.48 6308.07 5577.35 -24350.5 23748.7 -24350.5 5577.35
4.5 3926.24 20553.1 -11974.3 14886.3 -11974.3 20553.1
4.52 2075.31 38332.3 596.766 5365.46 596.766 38332.3
4.54 -78.86 56214 14093.9 -4374.44 14093.9 56214
4.56 -3304.64 71877.1 29055.6 -14080.7 29055.6 71877.1
4.58 -7750.74 84407.3 45452.7 -23690.7 45452.7 84407.3
4.6 -12840.2 94281.5 62798.5 -33191.6 62798.5 94281.5
4.62 -17751.3 102337 80487.9 -42383.4 80487.9 102337
4.64 -22057.3 108669 97956.1 -50754.4 97956.1 108669
4.66 -25874.8 112419 114478 -57628.6 114478 112419
4.68 -29379.1 112438 128830 -62461.6 128830 112438
4.7 -32279.3 107939 139377 -65017.6 139377 107939
4.72 -33960.1 98617.5 144818 -65339.3 144818 98617.5
4.74 -34212.5 84433.3 144993 -63597.2 144993 84433.3
4.76 -33643.6 65390.8 140920 -59945.2 140920 65390.8
4.78 -33161.1 41559.6 133984 -54485.2 133984 41559.6
4.8 -33094.9 13480 124998 -47360.2 124998 13480
4.82 -32928 -17286.4 113936 -38861.4 113936 -17286.4
4.84 -31787.8 -48144.9 100456 -29415.5 100456 -48144.9
4.86 -29100.4 -76293.8 84612 -19455.4 84612 -76293.8
4.88 -24893.4 -99847.8 66985 -9291.7 66985 -99847.8
4.9 -19638 -118595 48190.7 918.8 48190.7 -118595
4.92 -13864.8 -134145 28464.2 11125 28464.2 -134145
4.94 -8005.55 -149307 7846.69 21310.3 7846.69 -149307
4.96 -2602.91 -166654 -13251.6 31401.3 -13251.6 -166654
4.98 1617.99 -186898 -33760.4 41156.6 -33760.4 -186898
5 4235.1 -208221 -52278.9 50115.2 -52278.9 -208221
5.02 5680.35 -227063 -67793 57693.2 -67793 -227063
5.04 7073.09 -239784 -80225.6 63384.2 -80225.6 -239784
5.06 9421.25 -244130 -90388.5 66929.6 -90388.5 -244130
5.08 12990.5 -239725 -99356 68365.1 -99356 -239725
5.1 17308.1 -227398 -107784 67923.2 -107784 -227398
5.12 21629.6 -207905 -115726 65821.3 -115726 -207905
5.14 25472.2 -181109 -122875 62067.4 -122875 -181109
5.16 28815.3 -146190 -128668 56470.1 -128668 -146190
5.18 31757.6 -102429 -132085 48856.7 -132085 -102429
5.2 34001.4 -49686.5 -131619 39255.6 -131619 -49686.5
5.22 34889.9 11731.5 -125752 27865.3 -125752 11731.5
5.24 34096.8 81266.5 -113639 14938.1 -113639 81266.5
5.26 32134.9 157559 -95507.7 811.083 -95507.7 157559
5.28 29958.2 237100 -72594.6 -13914.8 -72594.6 237100
5.3 27980.2 313281 -46582.8 -28277.9 -46582.8 313281
5.32 25449.3 377384 -18638.4 -41130.8 -18638.4 377384
5.34 20698.5 421524 11354.4 -51576.5 11354.4 421524
5.36 12029.6 441554 44445.4 -59491.4 44445.4 441554
5.38 -1348.75 438022 81126 -65769.8 81126 438022
5.4 -18824.7 415091 120039 -71721.6 120039 415091
5.42 -38460.4 378899 158091 -77704 158091 378899
5.44 -57288.9 336737 191526 -82583.8 191526 336737
5.46 -71559.7 295871 216912 -85072.1 216912 295871
5.48 -77675.2 260399 231671 -85289.5 231671 260399
5.5 -74501.6 228515 234210 -84461.7 234210 228515
5.52 -64904.2 193445 223864 -83115.2 223864 193445
5.54 -53909.8 147687 200937 -80127.8 200937 147687
5.56 -44990.3 87339.4 166873 -73887 166873 87339.4
5.58 -38466.5 14057.2 124122 -64084.1 124122 14057.2
5.6 -33096.4 -65332.1 75545.7 -52067.2 75545.7 -65332.1
5.62 -27915.9 -140765 24116.6 -39601.4 24116.6 -140765
5.64 -22305.2 -202025 -26642.8 -27540.5 -26642.8 -202025
5.66 -15543.9 -242180 -72436.1 -15609.1 -72436.1 -242180
5.68 -7290.19 -260016 -109232 -3116.42 -109232 -260016
5.7 1780.36 -260301 -134794 10399 -134794 -260301
5.72 10271.4 -251404 -149144 25116.8 -149144 -251404
5.74 16895.5 -241370 -153746 41008.5 -153746 -241370
5.76 20888.7 -234896 -150183 57493.6 -150183 -234896
5.78 21804 -232858 -139052 73077.5 -139052 -232858
5.8 19095.4 -233663 -119590 85783.2 -119590 -233663
5.82 12018.9 -234608 -90385 94269.7 -90385 -234608
5.84 182.488 -232497 -50829 98498.6 -50829 -232497
5.86 -15533.1 -224264 -2315.7 99101.1 -2315.7 -224264
5.88 -32735.1 -208334 51657.8 96088.7 51657.8 -208334
5.9 -48628.4 -185869 106485 88480.4 106485 -185869
5.92 -61547.3 -160406 157633 75384.1 157633 -160406
5.94 -71309.7 -135878 201217 57212.5 201217 -135878
5.96 -78200.7 -114353 234168 35537.4 234168 -114353
5.98 -81992.7 -94446 254383 11800.8 254383 -94446
6 -81945.8 -70817.9 260684 -13616.6 260684 -70817.9
6.02 -77268.2 -35625.6 252666 -41053.2 252666 -35625.6
6.04 -67480.8 17594 231017 -70426.4 231017 17594
6.06 -53003.5 88805.7 197945 -100356 197945 88805.7
6.08 -35867.5 168168 156420 -128152 156420 168168
6.1 -19420 237930 108680 -150538 108680 237930
6.12 -6639.68 280506 56133 -164626 56133 280506
6.14 1640.72 288711 573.938 -168703 573.938 288711
6.16 7425.17 270716 -56032 -162619 -56032 270716
6.18 15126.6 245229 -113749 -147595 -113749 245229
6.2 29924.3 230078 -175681 -125395 -175681 230078
6.22 54818.1 232477 -245737 -97555.5 -245737 232477
6.24 87991.3 247057 -324404 -65450.2 -324404 247057
6.26 122648 261215 -404488 -30149.1 -404488 261215
6.28 149426 262202 -470267 8723.98 -470267 262202
6.3 159756 240525 -504078 52355.8 -504078 240525
6.32 149536 190961 -499616 100320 -499616 190961
6.34 122806 114540 -467917 150913 -467917 114540
6.36 91546.6 19923.6 -426401 203578 -426401 19923.6
6.38 67568.4 -78001.4 -387329 258551 -387329 -78001.4
6.4 54941.3 -163776 -355438 312463 -355438 -163776
6.42 51501.6 -227791 -331569 356869 -331569 -227791
6.44 54514.6 -267337 -317367 384256 -317367 -267337
6.46 62988.6 -285435 -309014 391628 -309014 -285435
6.48 74654.2 -290314 -292626 377787 -292626 -290314
6.5 80965 -291400 -252303 343740 -252303 -291400
6.52 72116.1 -293404 -175973 296835 -175973 -293404
6.54 46601.6 -294881 -61576.6 249542 -61576.6 -294881
6.56 11750.3 -291589 74415.9 212422 74415.9 -291589
6.58 -22234.9 -279588 203591 188860 203591 -279588
6.6 -49317.3 -255911 302910 173779 302910 -255911
6.62 -68434 -218936 362134 155696 362134 -218936
6.64 -79872.8 -169711 382062 122476 382062 -169711
6.66 -83438.6 -113303 371858 68263 371858 -113303
6.68 -80011.5 -58087.5 343818 -3562.68 343818 -58087.5
6.7 -72704.3 -12489.8 308252 -83672.8 308252 -12489.8
6.72 -64762.7 18598.7 274776 -162266 274776 18598.7
6.74 -57546.4 35854.9 254217 -231834 254217 35854.9
6.76 -51473.1 44958.1 254307 -286999 254307 44958.1
6.78 -47912.5 53750.4 274966 -323731 274966 53750.4
6.8 -48934.7 69505.6 310061 -339990 310061 69505.6
6.82 -55453.5 96554.3 349069 -338400 349069 96554.3
6.84 -64276.9 134349 375430 -327008 375430 134349
6.86 -70208.3 178500 372054 -313789 372054 178500
6.88 -72439.2 224432 332954 -300748 332954 224432
6.9 -72683.8 268264 264880 -286513 264880 268264
6.92 -72464.9 303555 178248 -272425 178248 303555
6.94 -71175.9 322424 83652.3 -261454 83652.3 322424
6.96 -65204.4 322011 -7106.34 -252724 -7106.34 322011
6.98 -52215.2 306395 -85375.6 -240860 -85375.6 306395
7 -31336.8 283174 -148045 -219011 -148045 283174
7.02 -3244.38 259668 -194479 -181069 -194479 259668
7.04 28845.9 237190 -225913 -124385 -225913 237190
7.06 59675.6 209028 -245949 -51583.1 -245949 209028
7.08 82302.3 168716 -257409 31217.2 -257409 168716
7.1 90066.8 116988 -260806 116061 -260806 116988
7.12 80085.6 58858.9 -257533 192724 -257533 58858.9
7.14 55946.3 -1162.66 -251286 250361 -251286 -1162.66
7.16 26557.5 -59686.7 -245361 282365 -245361 -59686.7
7.18 1175.12 -113149 -240779 289643 -240779 -113149
7.2 -14722.3 -156953 -237067 278678 -237067 -156953
7.22 -17448.4 -186433 -232986 257054 -232986 -186433
7.24 -5758.69 -199118 -224956 231682 -224956 -199118
7.26 17090.2 -196301 -206383 208870 -206383 -196301
7.28 43500.1 -184075 -170297 192515 -170297 -184075
7.3 62513.3 -172220 -113166 182321 -113166 -172220
7.32 64353.5 -169342 -37018.8 175195 -37018.8 -169342
7.34 44703.9 -178743 51011 167408 51011 -178743
7.36 6340.79 -198553 139710 154271 139710 -198553
7.38 -42544 -223706 215948 129072 215948 -223706
7.4 -91167.4 -247531 269209 85222.8 269209 -247531
7.42 -129078 -263126 295680 21563.8 295680 -263126
7.44 -148817 -264562 298193 -54399.2 298193 -264562
7.46 -147708 -248127 283140 -129684 283140 -248127
7.48 -127773 -213694 257793 -192837 257793 -213694
7.5 -94529.8 -164874 228955 -238192 228955 -164874
7.52 -55869 -107133 202183 -264980 202183 -107133
7.54 -20765.9 -45283.2 181519 -274474 181519 -45283.2
7.56 2645.89 17573.2 169396 -268733 169396 17573.2
7.58 9295.06 79220.4 164918 -251132 164918 79220.4
7.6 -417.508 137028 161156 -226336 161156 137028
7.62 -20076.4 187901 146837 -198421 146837 187901
7.64 -39913.9 229508 113257 -169250 113257 229508
7.66 -51287.2 260748 59392.4 -139642 59392.4 260748
7.68 -49861.9 280810 -8953.33 -111571 -8953.33 280810
7.7 -35334.8 288720 -82407.2 -87301.7 -82407.2 288720
7.72 -9694.26 284319 -150373 -65752 -150373 284319
7.74 23598.5 268962 -203543 -40598.2 -203543 268962
7.76 58902.2 244059 -236626 -3534.41 -236626 244059
7.78 88387.3 209449 -249083 49065.5 -249083 209449
7.8 104408 164690 -243672 112197 -243672 164690
7.82 102877 111102 -225207 174726 -225207 111102
7.84 85034.9 51992.5 -200398 225393 -200398 51992.5
7.86 56496 -7933.11 -176959 257081 -176959 -7933.11
7.88 25064.1 -63804.9 -161247 267460 -161247 -63804.9
7.9 -1446.32 -112768 -156223 257823 -156223 -112768
7.92 -17311.6 -155000 -160498 232237 -160498 -155000
7.94 -20257.5 -192162 -167163 197059 -167163 -192162
7.96 -12495.9 -225179 -164128 159522 -164128 -225179
7.98 -7.88532 -253640 -139904 125332 -139904 -253640
8 10547 -276758 -91000.7 97044 -91000.7 -276758
8.02 14794.8 -294192 -23439.3 74565.2 -23439.3 -294192
8.04 11369.7 -305852 51222.1 56586.9 51222.1 -305852
8.06 274.577 -311373 120445 40796.7 120445 -311373
8.08 -18121.9 -309807 174237 22998.1 174237 -309807
8.1 -42413.3 -299754 207905 -2200.77 207905 -299754
8.12 -68843.4 -279705 222511 -37914.5 222511 -279705
8.14 -91690.4 -248247 222656 -81622.8 222656 -248247
8.16 -105493 -204747 214054 -125934 214054 -204747
8.18 -107285 -150055 202629 -163221 202629 -150055
8.2 -97578.4 -86022.8 193965 -189496 193965 -86022.8
8.22 -79433.7 -14607.3 191783 -204237 191783 -14607.3
8.24 -56819.3 62137.8 196336 -207711 196336 62137.8
8.26 -33788.2 141382 204263 -199436 204263 141382
8.28 -14505.1 218886 209704 -179150 209704 218886
8.3 -2872.06 288953 206021 -148656 206021 288953
8.32 -1291.86 345473 188378 -112451 188378 345473
8.34 -9613.78 383657 156114 -76747.6 156114 383657
8.36 -25140.7 401313 112343 -47724.8 112343 401313
8.38 -43210.4 399157 61423.8 -29763.6 61423.8 399157
8.4 -57996.6 380628 7532.96 -24053.5 7532.96 380628
8.42 -63927.1 351458 -45346.8 -27982.4 -45346.8 351458
8.44 -56826.2 319069 -93491.9 -35076.9 -93491.9 319069
8.46 -35156.6 290743 -133447 -35544.5 -133447 290743
8.48 -1620.81 269404 -162269 -19659.2 -162269 269404
8.5 36201.5 250409 -178878 15669.9 -178878 250409
8.52 67157.4 223891 -185117 62841.1 -185117 223891
8.54 81251.6 180933 -184681 107489 -184681 180933
8.56 74811.1 118342 -181099 137285 -181099 118342
8.58 51340 39600.5 -176787 147374 -176787 39600.5
8.6 18403.2 -47245 -172901 139399 -172901 -47245
8.62 -15727.3 -132632 -168994 118171 -168994 -132632
8.64 -43516.2 -207540 -162582 89972.7 -162582 -207540
8.66 -59092.8 -264752 -149350 61950.8 -149350 -264752
8.68 -59818.1 -300441 -124988 40381.9 -124988 -300441
8.7 -47216.4 -315541 -88066.6 28313.6 -88066.6 -315541
8.72 -26256.7 -315195 -40970.4 24893.8 -40970.4 -315195
8.74 -3715.02 -306264 11773.4 26997.8 11773.4 -306264
8.76 13372.6 -294700 65278.4 31306.1 65278.4 -294700
8.78 19066.1 -284248 115167 35076.5 115167 -284248
8.8 9893.33 -276413 158279 35604.5 158279 -276413
8.82 -14199.2 -270902 192789 29359.1 192789 -270902
8.84 -49284.6 -265369 217545 12510.8 217545 -265369
8.86 -87310.4 -254277 232198 -15915.6 232198 -254277
8.88 -117552 -229921 237958 -51139.7 237958 -229921
8.9 -130630 -186883 237094 -84538.3 237094 -186883
8.92 -123078 -125421 231610 -109054 231610 -125421
8.94 -98329.7 -50713.4 222868 -122116 222868 -50713.4
8.96 -63625.5 29764.6 211652 -124087 211652 29764.6
8.98 -26652.9 108448 197481 -116069 197481 108448
9 5575.33 178966 178170 -100159 178170 178966
9.02 27198.7 236353 151284 -80621.9 151284 236353
9.04 34529.4 276944 116493 -63069.4 116493 276944
9.06 27183.3 298986 75836.5 -51771.8 75836.5 298986
9.08 8848.6 303522 31684.9 -47727.3 31684.9 303522
9.1 -12960.2 294523 -14716 -49012 -14716 294523
9.12 -28864.9 278075 -62896.6 -52384.1 -62896.6 278075
9.14 -31116.5 260629 -111881 -54379.2 -111881 260629
9.16 -16661.3 246826 -158702 -51182 -158702 246826
9.18 11919.3 237873 -197830 -38184.5 -197830 237873
9.2 47477.1 230778 -223405 -11564.8 -223405 230778
9.22 80564.2 219253 -233398 27678.8 -233398 219253
9.24 102421 197386 -231367 71563.2 -231367 197386
9.26 108103 163718 -223744 108806 -223744 163718
9.28 98008 121473 -215910 131558 -215910 121473
9.3 76493.5 74757.9 -210490 138909 -210490 74757.9
9.32 49111.8 25125.5 -207584 135117 -207584 25125.5
9.34 20962.5 -27722.4 -205148 125825 -205148 -27722.4
9.36 -3106.83 -82039.2 -198982 115765 -198982 -82039.2
9.38 -18770.2 -131950 -183388 108111 -183388 -131950
9.4 -23671.2 -170483 -154007 103944 -154007 -170483
9.42 -18642 -194793 -111118 101909 -111118 -194793
9.44 -7664.73 -207810 -59719.9 99213.6 -59719.9 -207810
9.46 3597.7 -214880 -6598.03 93563.8 -6598.03 -214880
9.48 9637.13 -219430 42490.3 84236.4 42490.3 -219430
9.5 6619.69 -221560 84135.3 71620.7 84135.3 -221560
9.52 -6702.23 -219696 117516 56116.4 117516 -219696
9.54 -28807.9 -212951 143399 37253.9 143399 -212951
9.56 -55861.6 -201506 162547 13668 162547 -201506
9.58 -82364.9 -184618 175393 -15477.1 175393 -184618
9.6 -102089 -159453 182842 -48644 182842 -159453
9.62 -109734 -122919 186379 -81805 186379 -122919
9.64 -103047 -74229.8 187264 -110156 187264 -74229.8
9.66 -83954.5 -15706.4 186092 -129808 186092 -15706.4
9.68 -57680.3 47805 182910 -138501 182910 47805
9.7 -30761.3 109698 177219 -135916 177219 109698
9.72 -9327.41 162547 167688 -124047 167688 162547
9.74 2265.9 199782 152223 -107063 152223 199782
9.76 2666.28 218023 129032 -89915.5 129032 218023
9.78 -5920.02 218673 97825 -76254.6 97825 218673
9.8 -18387.6 207148 59634 -67077.1 59634 207148
9.82 -28361.6 189906 15932.9 -60760.6 15932.9 189906
9.84 -30160.2 171496 -31224.5 -53878.6 -31224.5 171496
9.86 -20752.2 153483 -78327.6 -42120.6 -78327.6 153483
9.88 -1139.79 135204 -120519 -21613.4 -120519 135204
9.9 23877.5 115222 -153146 8976.21 -153146 115222
9.92 47888 92313.1 -173656 46812.6 -173656 92313.1
9.94 65602.5 65495.3 -182720 85579 -182720 65495.3
9.96 74221 33779.8 -183963 118378 -183963 33779.8
9.98 73099.9 -3269.04 -182139 140732 -182139 -3269.04
10 63097.5 -44414 -180679 151736 -180679 -44414
10.02 46591.8 -86355.5 -180401 153261 -180401 -86355.5
10.04 27612.8 -124778 -180239 148387 -180239 -124778
10.06 11123.4 -156264 -178812 140184 -178812 -156264
10.08 1369.09 -179690 -174856 131052 -174856 -179690
10.1 -111.59 -196009 -166171 122318 -166171 -196009
10.12 4571.5 -206624 -149358 113974 -149358 -206624
10.14 10865.2 -211744 -121767 104892 -121767 -211744
10.16 14453.1 -210030 -83643.1 93583.8 -83643.1 -210030
10.18 13210.2 -199686 -38453.1 78909.1 -38453.1 -199686
10.2 6989.54 -180071 8241.73 60243.4 8241.73 -180071
10.22 -3667.71 -152461 50689 37563.9 50689 -152461
10.24 -18091.3 -119355 85328.8 11890.6 85328.8 -119355
10.26 -35058.2 -83093 112013 -14736.6 112013 -83093
10.28 -52293.1 -45306.5 132793 -40276.9 132793 -45306.5
10.3 -66650.5 -7425.64 149689 -63610.7 149689 -7425.64
10.32 -75109.4 29146.8 163612 -84279.8 163612 29146.8
10.34 -76005.6 63600.7 174745 -101571 174745 63600.7
10.36 -69742.9 95945.2 183190 -114208 183190 95945.2
10.38 -58564.1 126454 188942 -120964 188942 126454
10.4 -45577.7 154953 191283 -121443 191283 154953
10.42 -33577.8 180458 188285 -116251 188285 180458
10.44 -24280.8 201245 176945 -106634 176945 201245
10.46 -18225.5 215305 154385 -94072 154385 215305
10.48 -15053.7 220920 119841 -80047.6 119841 220920
10.5 -13841.7 216960 75693.8 -65898.6 75693.8 216960
10.52 -13195 202991 26216.5 -52396.6 26216.5 202991
10.54 -11203.1 179559 -24230.8 -39032.9 -24230.8 179559
10.56 -5847.52 148527 -71776.8 -23980.9 -71776.8 148527
10.58 4002.23 113043 -113363 -5423.43 -113363 113043
10.6 17890.3 76895.9 -147480 16946.9 -147480 76895.9
10.62 34076.3 43475.6 -174221 41871.5 -174221 43475.6
10.64 50234.9 14640.7 -194407 67617 -194407 14640.7
10.66 63726.8 -10149.7 -208824 92688.8 -208824 -10149.7
10.68 71680.3 -33739.6 -217890 115631 -217890 -33739.6
10.7 71656.1 -59661.1 -221399 134692 -221399 -59661.1
10.72 62872 -89702 -218536 148035 -218536 -89702
10.74 47050.6 -122457 -208567 154320 -208567 -122457
10.76 28078.4 -153990 -191511 153185 -191511 -153990
10.78 10637.5 -179939 -167842 145443 -167842 -179939
10.8 -1959.51 -197364 -137637 132851 -137637 -197364
10.82 -9136.42 -205108 -100710 117552 -100710 -205108
10.84 -12428.7 -203045 -57479.8 101529 -57479.8 -203045
10.86 -13966.6 -191566 -9349.13 86153.3 -9349.13 -191566
10.88 -15631.5 -172037 41199.6 71653.8 41199.6 -172037
10.9 -19257.4 -147506 90580.9 56708.2 90580.9 -147506
10.92 -26594.5 -122096 134935 39024.7 134935 -122096
10.94 -38477.1 -98820.4 171546 16872.2 171546 -98820.4
10.96 -53893.3 -77601.6 199241 -9932.18 199241 -77601.6
10.98 -69838.6 -55471.1 217623 -40288.3 217623 -55471.1
11 -82233.7 -28974 226656 -72330.6 226656 -28974
11.02 -87652.1 3092.86 227118 -103417 227118 3092.86
11.04 -84980.5 38612.7 220936 -130176 220936 38612.7
11.06 -75819.8 73254.9 210713 -149350 210713 73254.9
11.08 -63269.5 102791 198664 -159015 198664 102791
11.1 -50147.2 125157 185354 -159176 185354 125157
11.12 -37967.7 141077 168685 -151411 168685 141077
11.14 -26858.6 153078 144349 -137896 144349 153078
11.16 -16191.5 163609 108644 -120552 108644 163609
11.18 -5659.68 173290 61384.8 -100998 61384.8 173290
11.2 4136.35 180415 5811.27 -80866.9 5811.27 180415
11.22 12436 182274 -53295.3 -61415.4 -53295.3 182274
11.24 19597.1 177239 -110536 -42417.1 -110536 177239
11.26 27041.8 165654 -160507 -21859.9 -160507 165654
11.28 35816.3 148895 -199352 2559.71 -199352 148895
11.3 45604.3 128012 -225726 31592.8 -225726 128012
11.32 55126.5 103494 -240075 64177.8 -240075 103494
11.34 62958.1 76177.9 -243833 98405.8 -243833 76177.9
11.36 67907.3 48080.3 -239546 132068 -239546 48080.3
11.38 69232.8 22057.4 -230790 162454 -230790 22057.4
11.4 66905.7 281.851 -221047 186429 -221047 281.851
11.42 61479.4 -17420 -212341 201308 -212341 -17420
11.44 53455.6 -33990.4 -204516 205826 -204516 -33990.4
11.46 42940.4 -53618.6 -194966 200343 -194966 -53618.6
11.48 30070.8 -79005.1 -178997 186351 -178997 -79005.1
11.5 15442.4 -109113 -151899 165914 -151899 -109113
11.52 459.3 -138825 -111931 141482 -111931 -138825
11.54 -12709.1 -161082 -61082.9 115796 -61082.9 -161082
11.56 -22271.1 -170700 -3408.86 91247.8 -3408.86 -170700
11.58 -28352.6 -167428 56129.9 68756.4 56129.9 -167428
11.6 -33254.5 -155668 111912 47168.6 111912 -155668
11.62 -39701.9 -140991 158882 24109.8 158882 -140991
11.64 -48856.8 -126783 194348 -2333.52 194348 -126783
11.66 -60034.3 -113894 218233 -32678.6 218233 -113894
11.68 -71799.9 -102312 231888 -66228.4 231888 -102312
11.7 -82683.4 -91822.2 237244 -101404 237244 -91822.2
11.72 -90935 -80895 236654 -135682 236654 -80895
11.74 -94386.4 -65826.8 232542 -165650 232542 -65826.8
11.76 -91289.5 -42018.9 226788 -187717 226788 -42018.9
11.78 -81551.4 -6911.42 220480 -199190 220480 -6911.42
11.8 -67146.9 37771.3 213889 -198970 213889 37771.3
11.82 -51446.5 86382.1 205729 -187619 205729 86382.1
11.84 -37643.4 132026 192077 -167138 192077 132026
11.86 -26978.8 169488 167447 -140627 167447 169488
11.88 -18600.2 196460 128438 -111814 128438 196460
11.9 -11108 212866 76081 -84372.4 76081 212866
11.92 -3827.31 219688 14997 -60880.6 14997 219688
11.94 3499.94 218645 -48314.6 -41659.1 -48314.6 218645
11.96 11729.7 212357 -107078 -24426.1 -107078 212357
11.98 22304.4 203664 -156415 -5456.36 -156415 203664
12 36082.8 194177 -194748 18416.7 -194748 194177
12.02 52214.4 183567 -222752 48384.4 -222752 183567
12.04 68058.9 170126 -241434 83412.5 -241434 170126
12.06 80196.8 151921 -251796 120635 -251796 151921
12.08 85956.6 127952 -255720 155976 -255720 127952
12.1 84618 98849.1 -256099 185068 -256099 98849.1
12.12 77573 66440 -255791 204406 -255791 66440
12.14 67366.9 32476.1 -256423 212372 -256423 32476.1
12.16 56388.5 -2273.55 -257798 209566 -257798 -2273.55
12.18 45981.4 -37839.3 -257730 198101 -257730 -37839.3
12.2 37120.9 -74157.6 -252073 180395 -252073 -74157.6
12.22 30266.8 -110186 -235391 158705 -235391 -110186
12.24 24682.5 -143623 -203450 135365 -203450 -143623
12.26 19006.8 -171673 -155898 112803 -155898 -171673
12.28 12034.7 -192346 -96199.9 93056.8 -96199.9 -192346
12.3 3021.52 -205093 -29647.5 77129.5 -29647.5 -205093
12.32 -8881.66 -210588 38009.2 64330.2 38009.2 -210588
12.34 -24492.2 -210056 101103 52027.4 101103 -210056
12.36 -43545.8 -204314 154970 36447.3 154970 -204314
12.38 -63878.1 -193212 196605 14319 196605 -193212
12.4 -81944.4 -176125 224401 -15555.6 224401 -176125
12.42 -94307.7 -152918 238239 -51488.4 238239 -152918
12.44 -99005.5 -124314 240429 -89165.6 240429 -124314
12.46 -96131.6 -91699.3 235763 -123045 235763 -91699.3
12.48 -87539.7 -56748.1 229624 -148301 229624 -56748.1
12.5 -75944.5 -20982.4 225631 -162281 225631 -20982.4
12.52 -63963.5 14408 224713 -164935 224713 14408
12.54 -53560.3 48241.5 225608 -158250 225608 48241.5
12.56 -46218.9 78895.4 225384 -145181 225384 78895.4
12.58 -42791.8 104280 219071 -128736 219071 104280
12.6 -42284.5 122470 200237 -111338 200237 122470
12.62 -41672.6 132633 164416 -94490.5 164416 132633
12.64 -37671.1 135413 112167 -78962.6 112167 135413
12.66 -28743.6 132432 48324.9 -65105.8 48324.9 132432
12.68 -15301.6 125821 -20230.3 -52499.3 -20230.3 125821
12.7 1588.57 118235 -85757.7 -39301.2 -85757.7 118235
12.72 20822 112325 -141460 -22825.5 -141460 112325
12.74 40835.4 109472 -184110 -1313.75 -184110 109472
12.76 59382.4 109375 -214332 25055.5 -214332 109375
12.78 74075.9 111001 -234310 54737.7 -234310 111001
12.8 83100.4 113275 -246090 85707.6 -246090 113275
12.82 85537.2 114411 -251421 115697 -251421 114411
12.84 81345.9 111117 -251627 142176 -251627 111117
12.86 71318.7 99365.4 -247280 162587 -247280 99365.4
12.88 57163.5 76591.6 -238435 174793 -238435 76591.6
12.9 41218.2 43679.3 -224912 177456 -224912 43679.3
12.92 26700.5 5082.86 -205776 170323 -205776 5082.86
12.94 16212 -33008.6 -178600 154691 -178600 -33008.6
12.96 9841.7 -64978.3 -140729 133547 -140729 -64978.3
12.98 5730.51 -87260.9 -91776.6 110784 -91776.6 -87260.9
13 1588.9 -98713 -34325.4 89889.9 -34325.4 -98713
13.02 -4176.75 -100374 27021.5 72813.5 27021.5 -100374
13.04 -12751.5 -95410.9 86599 59189.3 86599 -95410.9
13.06 -25152.1 -88635.7 138767 46280.1 138767 -88635.7
13.08 -41728.4 -84401.2 179771 30101.7 179771 -84401.2
13.1 -61266.1 -84154.7 208721 7171.06 208721 -84154.7
13.12 -80655.2 -86208.1 226550 -24073.8 226550 -86208.1
13.14 -95740.2 -87599.8 234721 -62413.3 234721 -87599.8
13.16 -103085 -85791.7 235255 -103739 235255 -85791.7
13.18 -101447 -79192.5 231011 -142187 231011 -79192.5
13.2 -92024.4 -67113.5 225038 -172158 225038 -67113.5
13.22 -77676.1 -49789.8 219619 -190017 219619 -49789.8
13.24 -61977.6 -28629.1 215722 -194759 215722 -28629.1
13.26 -48284.6 -6364.71 212470 -187726 212470 -6364.71
13.28 -39116.4 13563.1 206335 -171790 206335 13563.1
13.3 -35227 28602.2 191161 -150440 191161 28602.2
13.32 -34719.6 38810.9 160884 -126915 160884 38810.9
13.34 -33962.1 47311.6 113406 -103625 113406 47311.6
13.36 -29466.8 58818.3 51366.4 -82048.3 51366.4 58818.3
13.38 -19114.7 77106.1 -19719.8 -62686.8 -19719.8 77106.1
13.4 -2348.4 103045 -92723.8 -44790.9 -92723.8 103045
13.42 19822.6 134004 -159856 -26320.3 -159856 134004
13.44 44627.7 164621 -214651 -4638.4 -214651 164621
13.46 67974.9 188974 -253438 22364.8 -253438 188974
13.48 85816.8 203342 -275044 55277.5 -275044 203342
13.5 95579.2 207388 -280278 92605.9 -280278 207388
13.52 96701.9 202643 -272251 130969 -272251 202643
13.54 90236.9 190060 -256168 166141 -256168 190060
13.56 78118.7 169264 -237651 194295 -237651 169264
13.58 62683.4 139962 -220662 212636 -220662 139962
13.6 46441.3 103702 -206589 219432 -206589 103702
13.62 32078.3 63924.8 -194346 214082 -194346 63924.8
13.64 21980.6 23945.3 -180190 197401 -180190 23945.3
13.66 16353.2 -15145.5 -158366 171755 -158366 -15145.5
13.68 12533.2 -54256.2 -124043 140874 -124043 -54256.2
13.7 6908.25 -93923.6 -75839.4 109340 -75839.4 -93923.6
13.72 -2566.04 -132340 -15987.6 81425.3 -15987.6 -132340
13.74 -15510.8 -166064 49880.7 59257.6 49880.7 -166064
13.76 -30304.9 -192864 113057 41614.9 113057 -192864
13.78 -45414.8 -213477 164493 24814.2 164493 -213477
13.8 -59977.6 -230395 199033 4990.04 199033 -230395
13.82 -73672.9 -245443 217191 -20259.3 217191 -245443
13.84 -86087.7 -258671 223493 -51373.7 223493 -258671
13.86 -96093.2 -268904 223788 -86729.8 223788 -268904
13.88 -102043 -274641 223173 -122906 223173 -274641
13.9 -102767 -274308 224804 -155644 224804 -274308
13.92 -98408.6 -266003 229781 -180987 229781 -266003
13.94 -90405.3 -247570 237830 -195978 237830 -247570
13.96 -80876.1 -217531 247790 -199196 247790 -217531
13.98 -71762.2 -175996 256981 -191154 256981 -175996
14 -64014.9 -124368 259895 -173944 259895 -124368
14.02 -57210.8 -64376.1 248794 -150439 248794 -64376.1
14.04 -49469.4 1888.28 217864 -123935 217864 1888.28
14.06 -39252.6 70442.4 167806 -97921.3 167806 70442.4
14.08 -27438.3 134157 105867 -75313.5 105867 134157
14.1 -16575.1 184364 41667.2 -57366.1 41667.2 184364
14.12 -8152.31 215631 -16759.5 -43206.1 -16759.5 215631
14.14 -609.477 230097 -65258 -30647.6 -65258 230097
14.16 9743.64 236815 -104422 -17604.8 -104422 236815
14.18 25885 245976 -137826 -2715.29 -137826 245976
14.2 47379.9 262687 -168087 15174.7 -168087 262687
14.22 69742.4 284832 -194384 37422.6 -194384 284832
14.24 86552 305617 -213552 64741 -213552 305617
14.26 92941 317633 -222859 95518.8 -222859 317633
14.28 87818.9 314840 -221952 124844 -221952 314840
14.3 73438 292190 -213291 145610 -213291 292190
14.32 53495 246069 -201368 151806 -201368 246069
14.34 32252.1 177303 -190765 141963 -190765 177303
14.36 14747.5 94013.6 -183463 120112 -183463 94013.6
14.38 5353.98 10213.9 -176827 93613.1 -176827 10213.9
14.4 5290.72 -60459.4 -164314 69551.8 -164314 -60459.4
14.42 11365.5 -111674 -139334 52166.9 -139334 -111674
14.44 17296.8 -146642 -99371.7 42338.2 -99371.7 -146642
14.46 17022.5 -174458 -46847.2 38154.9 -46847.2 -174458
14.48 7188.14 -204001 12774.4 35599.7 12774.4 -204001
14.5 -12186.2 -239431 72674.1 29828.8 72674.1 -239431
14.52 -38027.1 -278859 125973 17505.2 125973 -278859
14.54 -64859.5 -315864 167461 -1305.65 167461 -315864
14.56 -86485.1 -342770 194523 -23772.1 194523 -342770
14.58 -98538.3 -353778 206654 -46976.7 206654 -353778
14.6 -99981.1 -346011 205372 -69468.2 205372 -346011
14.62 -92341.9 -318675 194947 -90045.9 194947 -318675
14.64 -78194.3 -272732 181853 -106210 181853 -272732
14.66 -60808.2 -212150 172087 -115098 172087 -212150
14.68 -44450.9 -144468 168277 -115890 168277 -144468
14.7 -33276.2 -78201.4 168353 -110474 168353 -78201.4
14.72 -28798.8 -18259.8 165719 -101473 165719 -18259.8
14.74 -28181.4 36397.6 151442 -90030.1 151442 36397.6
14.76 -25855.4 90314.4 119479 -75864.1 119479 90314.4
14.78 -17974 146462 71296.4 -59148.9 71296.4 146462
14.8 -5459.72 203175 14716.4 -41653.9 14716.4 203175
14.82 7628.32 255239 -41163.5 -25825.3 -41163.5 255239
14.84 18489 297148 -89598.8 -13183.5 -89598.8 297148
14.86 27561.5 325214 -127338 -3893.25 -127338 325214
14.88 36538.7 337589 -154497 2834.66 -154497 337589
14.9 45717.6 333896 -172804 9056.34 -172804 333896
14.92 53751.1 315813 -183305 18553.3 -183305 315813
14.94 59153.1 287479 -186435 35276.1 -186435 287479
14.96 61531.2 253752 -184106 60102.1 -184106 253752
14.98 61483.2 216911 -180178 89089.1 -180178 216911
15 59320.1 174936 -178057 115242 -178057 174936
15.02 54038.4 123545 -178011 132108 -178011 123545
15.04 43968.7 60592.9 -176636 136082 -176636 60592.9
15.06 28775.8 -10785.4 -168451 126673 -168451 -10785.4
15.08 10751.1 -82839.8 -148478 106207 -148478 -82839.8
15.1 -6381.7 -147238 -114683 79664.7 -114683 -147238
15.12 -19724.5 -199466 -69206.3 53591.9 -69206.3 -199466
15.14 -28327.2 -240222 -17567.9 33599.1 -17567.9 -240222
15.16 -32925.1 -272765 33608 22018.6 33608 -272765
15.18 -35043.9 -298921 79085.5 17572.8 79085.5 -298921
15.2 -36376.6 -317544 116692 16905.7 116692 -317544
15.22 -38633.3 -326236 147049 16208.4 147049 -326236
15.24 -43496.6 -323811 171492 11653.7 171492 -323811
15.26 -52095.9 -310847 190300 -699.707 190300 -310847
15.28 -63944.6 -287869 202914 -23679.9 202914 -287869
15.3 -76264.2 -253448 209407 -56204.5 209407 -253448
15.32 -84829.2 -205275 211138 -91874.6 211138 -205275
15.34 -86218.9 -143635 209867 -121785 209867 -143635
15.36 -79796.9 -72884.8 206471 -139530 206471 -72884.8
15.38 -67502.8 771.609 200393 -143572 200393 771.609
15.4 -51827.1 72243.2 189688 -135728 189688 72243.2
15.42 -34522.3 138542 171645 -118940 171645 138542
15.44 -17075.2 198158 144422 -96829.1 144422 198158
15.46 -1778.21 250202 108779 -73965.9 108779 250202
15.48 8497.04 293781 67832.6 -54888.8 67832.6 293781
15.5 12015.8 327485 25195 -42302.3 25195 327485
15.52 9518.15 349232 -16458.2 -36319.3 -16458.2 349232
15.54 4170.27 356914 -56041.9 -35130.3 -56041.9 356914
15.56 497.873 349629 -93929.6 -35593.7 -93929.6 349629
15.58 2765.06 328721 -130334 -33030.3 -130334 328721
15.6 13034.6 297750 -163317 -21748.6 -163317 297750
15.62 29691.4 260506 -189078 2111.2 -189078 260506
15.64 47908.5 218033 -204589 36960.2 -204589 218033
15.66 62001.6 168293 -209567 75451.6 -209567 168293
15.68 67931.4 109386 -206261 108546 -206261 109386
15.7 64524.6 42725.6 -198224 129993 -198224 42725.6
15.72 53148.9 -26797.8 -189019 137729 -189019 -26797.8
15.74 36771.7 -93301.7 -180884 132857 -180884 -93301.7
15.76 19083.3 -152613 -173874 118566 -173874 -152613
15.78 3527.84 -202850 -165793 99621.1 -165793 -202850
15.8 -7570.5 -242979 -152825 81403.2 -152825 -242979
15.82 -13380.5 -271402 -131161 68111.6 -131161 -271402
15.84 -14499.7 -285916 -99047.6 61175.9 -99047.6 -285916
15.86 -12623.4 -284832 -57640.8 58996.6 -57640.8 -284832
15.88 -10166.4 -268583 -10447.7 57963.1 -10447.7 -268583
15.9 -9828.59 -240709 37550.7 53923.5 37550.7 -240709
15.92 -14011.1 -206780 80952.8 43472.8 80952.8 -206780
15.94 -23815 -171349 115491 25074.6 115491 -171349
15.96 -38041.2 -135568 139334 -74.6786 139334 -135568
15.98 -53340.7 -97924.5 153151 -28347.2 153151 -97924.5
16 -65872.7 -57079.5 159306 -55376.7 159306 -57079.5
16.02 -73123.9 -13991.7 161042 -77817.8 161042 -13991.7
16.04 -74431.6 28211.7 161628 -93973.2 161628 28211.7
16.06 -70419.7 66514.7 163295 -103487 163295 66514.7
16.08 -62292.2 100591 166400 -106943 166400 100591
16.1 -51366.3 132848 169335 -105622 169335 132848
16.12 -38925.4 165334 168850 -101040 168850 165334
16.14 -26469.6 196508 160566 -94286.1 160566 196508
16.16 -15779.1 221115 140480 -85776.5 140480 221115
16.18 -8412.09 233190 107518 -75704.4 107518 233190
16.2 -5027.94 229523 64724.9 -64622.8 64724.9 229523
16.22 -4960.85 210998 17622.3 -53381 17622.3 210998
16.24 -6204.97 181322 -28315.5 -42398.3 -28315.5 181322
16.26 -5956.56 144674 -69127.7 -31021.6 -69127.7 144674
16.28 -1809.05 104253 -102923 -17757.9 -102923 104253
16.3 7063.17 62451 -129612 -1206.54 -129612 62451
16.32 19552.4 21692.7 -149612 19210.4 -149612 21692.7
16.34 33121.8 -15617.3 -162789 43020.6 -162789 -15617.3
16.36 44648.2 -48299.3 -169031 68605.6 -169031 -48299.3
16.38 51332.4 -77398.2 -169521 93177.1 -169521 -77398.2
16.4 51543.3 -105572 -166732 113266 -166732 -105572
16.42 45237.7 -135002 -162898 125868 -162898 -135002
16.44 33786.8 -165363 -158525 129634 -158525 -165363
16.46 19551.8 -193354 -152157 125298 -152157 -193354
16.48 5472.25 -213982 -141219 115213 -141219 -213982
16.5 -5631.85 -222689 -123396 102351 -123396 -222689
16.52 -11991.4 -217110 -98046.8 89237.6 -98046.8 -217110
16.54 -13493.9 -197797 -66549.7 77293.8 -66549.7 -197797
16.56 -11662 -167863 -31304.9 66595.9 -31304.9 -167863
16.58 -9099.1 -131823 5201.15 55866 5201.15 -131823
16.6 -8586.25 -94112.6 40560.9 43002.4 40560.9 -94112.6
16.62 -12040 -57835.2 72682 26264 72682 -57835.2
16.64 -19880.9 -24190 100377 5269.3 100377 -24190
16.66 -31152.3 7143.04 123476 -18968.1 123476 7143.04
16.68 -43997 36973 142193 -44678.7 142193 36973
16.7 -56000 65699.3 156539 -69842.3 156539 65699.3
16.72 -64565.4 93048.7 166320 -92335.6 166320 93048.7
16.74 -67696.4 118289 171483 -110143 171483 118289
16.76 -64854.2 140506 172307 -121835 172307 140506
16.78 -57139.6 158737 169178 -126967 169178 158737
16.8 -46608.6 172003 162050 -126028 162050 172003
16.82 -35362.5 179324 150015 -120055 150015 179324
16.84 -25042.3 179849 131722 -110210 131722 179849
16.86 -16785.8 173185 106706 -97489.1 106706 173185
16.88 -11334.4 159628 76258 -82697.2 76258 159628
16.9 -8795.96 139988 42542.8 -66561.4 42542.8 139988
16.92 -8146.09 115250 7213.94 -49642.7 7213.94 115250
16.94 -7316.5 86515.3 -28524.7 -32113.2 -28524.7 86515.3
16.96 -4292.51 55059.8 -62924.3 -13729.2 -62924.3 55059.8
16.98 1633.98 22194.3 -93517.9 5936.12 -93517.9 22194.3
17 9668.12 -10913 -117998 27192.9 -117998 -10913
17.02 18375.6 -43230.5 -135169 49975.7 -135169 -43230.5
17.04 26514.5 -73852.1 -145347 73545 -145347 -73852.1
17.06 33090.4 -102064 -150053 96271.1 -150053 -102064
17.08 37026.3 -127236 -151131 115859 -151131 -127236
17.1 37300.6 -148562 -149957 130031 -149957 -148562
17.12 33684.7 -165026 -147385 137239 -147385 -165026
17.14 27267.8 -175620 -144100 137090 -144100 -175620
17.16 20048.4 -179497 -140489 130435 -140489 -179497
17.18 13838.7 -175963 -135858 119024 -135858 -175963
17.2 9367.97 -164601 -127997 104751 -127997 -164601
17.22 6249.32 -145615 -114184 88879.6 -114184 -145615
17.24 3692.01 -120026 -93042.2 71796.6 -93042.2 -120026
17.26 1221.94 -89527.2 -65423.5 53484.7 -65423.5 -89527.2
17.28 -1289.51 -56105.8 -33785.5 34170.9 -33785.5 -56105.8
17.3 -4160.03 -21574.9 -1125.62 14365.3 -1125.62 -21574.9
17.32 -8113.7 12816.6 29910.2 -5574.94 29910.2 12816.6
17.34 -13757.3 46412.3 57671.5 -25547.3 57671.5 46412.3
17.36 -20916.1 78581 81453.7 -45303.4 81453.7 78581
17.38 -28621 107914 100880 -64115 100880 107914
17.4 -35746 132149 115691 -80881.6 115691 132149
17.42 -41588.8 149306 126151 -94512.4 126151 149306
17.44 -45824.2 159136 133121 -104230 133121 159136
17.46 -48027.9 163370 137380 -109632 137380 163370
17.48 -47501.2 164352 138886 -110594 138886 164352
17.5 -43785.9 163218 136807 -107175 136807 163218
17.52 -37410.6 159151 130213 -99521.3 130213 159151
17.54 -30013.8 150206 118672 -87812.9 118672 150206
17.56 -23487.8 134831 102232 -72329.2 102232 134831
17.58 -18828.5 112699 81189.3 -53746.1 81189.3 112699
17.6 -15759.2 84285.8 56018.1 -33478.8 56018.1 84285.8
17.62 -13360.9 50025.1 27487.3 -13430 27487.3 50025.1
17.64 -10933.9 10321.6 -3032.22 4964.63 -3032.22 10321.6
17.66 -8258.48 -33440.5 -33320.7 21491.1 -33320.7 -33440.5
17.68 -5215.87 -78159.1 -60753.9 36913.3 -60753.9 -78159.1
17.7 -1387.92 -119664 -83416 52025.8 -83416 -119664
17.72 3804.78 -154353 -100886 66935.1 -100886 -154353
17.74 10489.5 -180505 -113997 81041 -113997 -180505
17.76 17862.8 -198433 -123934 93403 -123934 -198433
17.78 24352.5 -209634 -131416 103046 -131416 -209634
17.8 28317.1 -215549 -136351 109139 -136351 -215549
17.82 28768.9 -216635 -138025 111158 -138025 -216635
17.84 25721.1 -212094 -135653 108954 -135653 -212094
17.86 20091.5 -200258 -128801 102585 -128801 -200258
17.88 13288.7 -179339 -117258 92061.5 -117258 -179339
17.9 6662.64 -148300 -100688 77354.8 -100688 -148300
17.92 1077.83 -107583 -78814.2 58945 -78814.2 -107583
17.94 -3166.63 -59301.9 -52123.8 38404.9 -52123.8 -59301.9
17.96 -6137.22 -6600.96 -22239.2 18026.4 -22239.2 -6600.96
17.98 -8060.72 47349.4 8429.42 -411.474 8429.42 47349.4
18 -9308.11 99919.1 37400.6 -16462.9 37400.6 99919.1
18.02 -10506.3 148908 62829.7 -30665.1 62829.7 148908
18.04 -12545.5 192125 83961.5 -43602 83961.5 192125
18.06 -16323 227220 101019 -55426 101019 227220
18.08 -22301.1 252216 114603 -66078.6 114603 252216
18.1 -30127.8 266498 125199 -75598.5 125199 266498
18.12 -38570.8 271198 133066 -84058.7 133066 271198
18.14 -45859.3 268330 138188 -91331.7 138188 268330
18.16 -50277.4 259365 140123 -96960.7 140123 259365
18.18 -50728.3 244506 138119 -100090 138119 244506
18.2 -47069.8 223042 131583 -99466.7 131583 223042
18.22 -40215.6 194229 120364 -93680.6 120364 194229
18.24 -31891.9 157978 104560 -81813.4 104560 157978
18.26 -23927.3 115076 84226 -64389.8 84226 115076
18.28 -17471.4 66773.2 59493.4 -43752.5 59493.4 66773.2
18.3 -12838 14298.2 30921.8 -23079.5 30921.8 14298.2
18.32 -9956.59 -40842.4 -307.478 -4725.74 -307.478 -40842.4
18.34 -8577.29 -96090.5 -32430.2 10701.4 -32430.2 -96090.5
18.36 -7909.09 -147787 -63427.5 23996.2 -63427.5 -147787
18.38 -6444.15 -192144 -91606.7 36382.3 -91606.7 -192144
18.4 -2592.72 -226483 -115955 48812.7 -115955 -226483
18.42 4330.77 -249947 -135928 61781.9 -135928 -249947
18.44 13655 -263359 -151072 75310.2 -151072 -263359
18.46 23716.8 -268338 -160993 88886.7 -160993 -268338
18.48 32612.3 -266317 -165561 101504 -165561 -266317
18.5 38741.3 -258068 -164951 111897 -164951 -258068
18.52 40951.4 -243771 -159497 118860 -159497 -243771
18.54 38594 -223187 -149533 121492 -149533 -223187
18.56 31856.2 -195692 -135311 119242 -135311 -195692
18.58 22168.5 -160544 -117036 111696 -117036 -160544
18.6 11908.8 -117715 -94976.1 98671.3 -94976.1 -117715
18.62 3247.99 -68693.9 -69572.7 80964.9 -69572.7 -68693.9
18.64 -2866.74 -16256.4 -41488.8 60732.5 -41488.8 -16256.4
18.66 -6654.39 36532.4 -11594.5 40527.6 -11594.5 36532.4
18.68 -8722.97 87007.9 18975.2 21837.9 18975.2 87007.9
18.7 -9669.8 133028 48735 4604.52 48735 133028
18.72 -10301.4 172802 76015.5 -12005.8 76015.5 172802
18.74 -11793.9 204611 99404.1 -28603.6 99404.1 204611
18.76 -15346.7 226792 118072 -45252 118072 226792
18.78 -21550.2 238303 131729 -61680.8 131729 238303
18.8 -29893.2 239337 140390 -77450.2 140390 239337
18.82 -38740.6 231237 144231 -91894.1 144231 231237
18.84 -45919.9 215753 143595 -104060 143595 215753
18.86 -49661.6 194299 139044 -112789 139044 194299
18.88 -49275 167691 131316 -116950 131316 167691
18.9 -45214 136419 121073 -115659 121073 136419
18.92 -38615.6 101202 108453 -108344 108453 101202
18.94 -30689.9 63379.8 92783 -94961.9 92783 63379.8
18.96 -22371.2 24666.5 72985.9 -76488.5 72985.9 24666.5
18.98 -14425.5 -13641.5 48567.1 -55025.2 48567.1 -13641.5
19 -7763.63 -51074.2 20204.7 -32985.9 20204.7 -51074.2
19.02 -3305.83 -87401.5 -10376.4 -11951.8 -10376.4 -87401.5
19.04 -1307.65 -121638 -40763.4 7782.16 -40763.4 -121638
19.06 -899.213 -151672 -68377.2 26678.4 -68377.2 -151672
19.08 -453.558 -174938 -91257.1 45132 -91257.1 -174938
19.1 1535.74 -189626 -108604 63127.4 -108604 -189626
19.12 5781.15 -195536 -120664 80383.6 -120664 -195536
19.14 12032.5 -193888 -128271 96481 -128271 -193888
19.16 19282.5 -186310 -132425 110768 -132425 -186310
19.18 26144.8 -173893 -133916 122295 -133916 -173893
19.2 31243.4 -157058 -133043 129973 -133043 -157058
19.22 33488.2 -136116 -129591 132835 -129591 -136116
19.24 32248.4 -111715 -123065 130166 -123065 -111715
19.26 27522.7 -84659 -112914 121451 -112914 -84659
19.28 20059.9 -55440 -98678.5 106524 -98678.5 -55440
19.3 11276.5 -24100.2 -80332.8 86098.1 -80332.8 -24100.2
19.32 2917.21 9365.25 -58690.8 62077 -58690.8 9365.25
19.34 -3446.33 44318.9 -35296.9 37056.8 -35296.9 44318.9
19.36 -6965.35 79047.6 -11861.2 13288.2 -11861.2 79047.6
19.38 -7880.44 111067 10179.4 -8059.45 10179.4 111067
19.4 -7400.42 137983 29918 -26857 29918 137983
19.42 -7117.32 158156 47199.1 -43490.7 47199.1 158156
19.44 -8391.03 170720 62500.2 -58425.9 62500.2 170720
19.46 -12016 175332 76344.7 -72021.1 76344.7 175332
19.48 -18051 172162 88738.7 -84373.6 88738.7 172162
19.5 -25676.1 162062 99090.9 -95126.8 99090.9 162062
19.52 -33294.9 146449 106543 -103405 106543 146449
19.54 -39105.5 126832 110393 -107969 110393 126832
19.56 -41873.6 104325 110411 -107499 110411 104325
19.58 -41364.6 79509.7 106920 -100894 106920 79509.7
19.6 -38213.5 52663.2 100539 -87724.6 100539 52663.2
19.62 -33467.2 24120.9 91661 -68804.5 91661 24120.9
19.64 -28133.4 -5531.57 80155.6 -46278.1 80155.6 -5531.57
19.66 -22951.5 -35424.9 65654.3 -22878.4 65654.3 -35424.9
19.68 -18403 -64341.4 48074.6 -888.613 48074.6 -64341.4
19.7 -14740.7 -90679.8 27826.2 18466.3 27826.2 -90679.8
19.72 -11864.7 -112690 5722.1 35006.2 5722.1 -112690
19.74 -9236.54 -128952 -17144.8 49209.5 -17144.8 -128952
19.76 -6116.67 -138783 -39556.2 61739.3 -39556.2 -138783
19.78 -2017.37 -142287 -60346.3 73044.8 -60346.3 -142287
19.8 3038.68 -140094 -78486.2 83140.2 -78486.2 -140094
19.82 8617.83 -133016 -93146.2 91602.5 -93146.2 -133016
19.84 14122.7 -121838 -103881 97712.4 -103881 -121838
19.86 18967.6 -107183 -110800 100634 -110800 -107183
19.88 22684.5 -89362.7 -114482 99598.8 -114482 -89362.7
19.9 25014.9 -68306.2 -115623 94092 -115623 -68306.2
19.92 25930.4 -43773.1 -114639 84078.5 -114639 -43773.1
19.94 25525.9 -15840.4 -111412 70214.1 -111412 -15840.4
19.96 23877.3 14634.7 -105321 53759.2 -105321 14634.7
19.98 20999.5 45915.1 -95523.2 36115.4 -95523.2 45915.1
20 16931.1 75805.3 -81410.1 18390.4 -81410.1 75805.3
20.02 11881.4 102412 -63025.6 1354.33 -63025.6 102412
20.04 6300.08 124746 -41114.4 -14358.8 -41114.4 124746
20.06 741.808 142755 -16845.9 -28173 -16845.9 142755
20.08 -4394.28 156858 8380.33 -39699.1 8380.33 156858
20.1 -9002.15 167391 32991.4 -48848.1 32991.4 167391
20.12 -13179.2 174288 55433.1 -55775.5 55433.1 174288
20.14 -17079.8 177006 74494.2 -60760.4 74494.2 177006
20.16 -20872.2 174588 89529 -64128.4 89529 174588
20.18 -24742.1 165843 100500 -66122.7 100500 165843
20.2 -28808.9 149734 107847 -66661.5 107847 149734
20.22 -32968 125891 112181 -65182.2 112181 125891
20.24 -36805.7 95009.7 113948 -60857.2 113948 95009.7
20.26 -39688.6 58896.2 113241 -53163.9 113241 58896.2
20.28 -40990.8 20130.7 109829 -42330.9 109829 20130.7
20.3 -40313.1 -18502.8 103254 -29252.5 103254 -18502.8
20.32 -37584.1 -54588.1 92923.2 -15057.3 92923.2 -54588.1
20.34 -33059.7 -86532.8 78397.4 -792.222 78397.4 -86532.8
20.36 -27317.4 -113819 59778.9 12615.1 59778.9 -113819
20.38 -21192.3 -136839 37756.2 24344.2 37756.2 -136839
20.4 -15485.2 -156222 13289 33842.2 13289 -156222
20.42 -10538.6 -172018 -12548.2 41055.1 -12548.2 -172018
20.44 -6083.27 -183384 -38488.9 46449.2 -38488.9 -183384
20.46 -1558.41 -189008 -63157.8 50741.5 -63157.8 -189008
20.48 3409.22 -187815 -85352.7 54560 -85352.7 -187815
20.5 8817.77 -179352 -104227 58246.4 -104227 -179352
20.52 14435 -163754 -119294 61778.1 -119294 -163754
20.54 19957.7 -141587 -130358 64716.6 -130358 -141587
20.56 24988.3 -113795 -137397 66250.2 -137397 -113795
20.58 28969.8 -81724.1 -140376 65513.7 -140376 -81724.1
20.6 31296.1 -47063 -139203 62097.8 -139203 -47063
20.62 31578.9 -11592.6 -133935 56279.5 -133935 -11592.6
20.64 29868.2 23181 -124939 48753.1 -124939 23181
20.66 26641.8 56296.2 -112680 40204.2 -112680 56296.2
20.68 22530.7 87366.8 -97362 31118 -97362 87366.8
20.7 18013.2 116349 -78982.3 21859.7 -78982.3 116349
20.72 13346.2 143128 -57720.9 12807 -57720.9 143128
20.74 8669.66 167129 -34144.1 4342.84 -34144.1 167129
20.76 4026.96 187183 -9163.09 -3291.71 -9163.09 187183
20.78 -723.916 201755 16033.3 -10126 16033.3 201755
20.8 -5866.97 209404 40144.1 -16417.5 40144.1 209404
20.82 -11581.1 209191 62039.5 -22467.3 62039.5 209191
20.84 -17725.7 200780 80882.6 -28467.5 80882.6 200780
20.86 -23870.1 184375 96039.7 -34458.4 96039.7 184375
20.88 -29490.2 160729 107082 -40293.7 107082 160729
20.9 -34133.6 131214 113971 -45530.3 113971 131214
20.92 -37486.2 97619.4 117136 -49386.8 117136 97619.4
20.94 -39422.7 61681.7 117255 -51009.8 117255 61681.7
20.96 -40058.3 24677.8 114932 -49926 114932 24677.8
20.98 -39711.7 -12574.8 110513 -46249.9 110513 -12574.8
21 -38755.4 -49327.4 104009 -40506.3 104009 -49327.4
21.02 -37419.4 -84505.1 95032.4 -33332 95032.4 -84505.1
21.04 -35662 -116650 82944 -25299.7 82944 -116650
21.06 -33225.1 -144178 67351.7 -16860.8 67351.7 -144178
21.08 -29880.7 -165686 48605.9 -8341.02 48605.9 -165686
21.1 -25648.1 -180118 27767.2 47.2866 27767.2 -180118
21.12 -20742.6 -186783 6185.14 8202.38 6185.14 -186783
21.14 -15345.7 -185364 -14835.9 16129 -14835.9 -185364
21.16 -9529.15 -176021 -34214.8 23884.8 -34214.8 -176021
21.18 -3428.37 -159463 -51208.1 31481.8 -51208.1 -159463
21.2 2594.97 -136787 -65372.6 38829.9 -65372.6 -136787
21.22 8052.29 -109071 -76443.9 45720.1 -76443.9 -109071
21.24 12601.4 -77071.3 -84368.5 51758.8 -84368.5 -77071.3
21.26 16207.4 -41325.9 -89409.3 56338.4 -89409.3 -41325.9
21.28 19039 -2541.72 -92062.3 58821.1 -92062.3 -2541.72
21.3 21232.8 38052.8 -92815.4 58823.2 -92815.4 38052.8
21.32 22767.2 78622.3 -91953.9 56331.4 -91953.9 78622.3
21.34 23521.1 117002 -89488.9 51606 -89488.9 117002
21.36 23408.9 151238 -85200.3 45034.2 -85200.3 151238
21.38 22466.1 180033 -78782.1 37056.1 -78782.1 180033
21.4 20833.5 202749 -70050.8 28135.3 -70050.8 202749
21.42 18662.2 219048 -59158.7 18728.3 -59158.7 219048
21.44 16025.1 228599 -46662 9266.17 -46662 228599
21.46 12907 231084 -33300.2 140.954 -33300.2 231084
21.48 9258.58 226413 -19681.5 -8355.34 -19681.5 226413
21.5 5061.48 214835 -6210.15 -16120.9 -6210.15 214835
21.52 384.918 196800 6773.83 -23236.8 6773.83 196800
21.54 -4605.06 172628 18917.6 -29781.7 18917.6 172628
21.56 -9732.42 142277 29912 -35554.5 29912 142277
21.58 -14915.6 105586 39541.4 -39963.8 39541.4 105586
21.6 -20118.7 62985.3 47650.2 -42297.6 47650.2 62985.3
21.62 -25131.2 16170.2 54090.7 -42161 54090.7 16170.2
21.64 -29429.3 -31848.1 58699.9 -39636.7 58699.9 -31848.1
21.66 -32361.2 -77531.5 61298.5 -35072.3 61298.5 -77531.5
21.68 -33560.6 -118061 61748.4 -28798.1 61748.4 -118061
21.7 -33238.5 -152209 60065 -21067.8 60065 -152209
21.72 -32088.6 -180174 56472.5 -12199.9 56472.5 -180174
21.74 -30855.8 -202528 51342.9 -2684.47 51342.9 -202528
21.76 -29877.2 -219231 45085.6 6895 45085.6 -219231
21.78 -28943.5 -229487 38045.9 16035.3 38045.9 -229487
21.8 -27561.4 -232423 30412 24414.9 30412 -232423
21.82 -25364.2 -227842 22208.4 31882.4 22208.4 -227842
21.84 -22340.6 -216342 13505.5 38408.3 13505.5 -216342
21.86 -18787.9 -198766 4735.29 44030.9 4735.29 -198766
21.88 -15100.5 -175598 -3254.56 48736.8 -3254.56 -175598
21.9 -11549.4 -146897 -9567.94 52240.5 -9567.94 -146897
21.92 -8201.98 -112827 -13732.4 53895.1 -13732.4 -112827
21.94 -5035.73 -74269.3 -15871.6 53030.4 -15871.6 -74269.3
21.96 -2119.83 -32974.1 -16548.1 49467.5 -16548.1 -32974.1
21.98 341.451 8812.52 -16461.9 43634.7 -16461.9 8812.52
22 2149.71 49007 -16144.1 36200.6 -16144.1 49007
22.02 3288.78 86303.4 -15790.7 27669.4 -15790.7 86303.4
22.04 3977.58 120335 -15310.8 18309.8 -15310.8 120335
22.06 4535.2 151132 -14466.9 8368.23 -14466.9 151132
22.08 5115.7 178222 -12985.3 -1745.74 -12985.3 178222
22.1 5514.39 200164 -10658.4 -11496 -10658.4 200164
22.12 5267.61 214978 -7453.4 -20385.7 -7453.4 214978
22.14 4026.9 221176 -3570.24 -28062.6 -3570.24 221176
22.16 1901.38 218612 556.171 -34316.6 556.171 218612
22.18 -526.017 208501 4278.05 -39042.2 4278.05 208501
22.2 -2516.92 192571 6861.89 -42191.4 6861.89 192571
22.22 -3606.7 171981 7792.85 -43690.6 7792.85 171981
22.24 -3905.84 146788 7113.72 -43300.7 7113.72 146788
22.26 -4087.65 116349 5481.96 -40555.7 5481.96 116349
22.28 -4981.86 80344.9 3776.02 -35059.4 3776.02 80344.9
22.3 -6981.43 39531.1 2538.14 -26986.6 2538.14 39531.1
22.32 -9750.09 -4271.12 1713.19 -17176.9 1713.19 -4271.12
22.34 -12514.1 -48706.9 795.708 -6642.65 795.708 -48706.9
22.36 -14623.8 -91430 -813.379 3974.87 -813.379 -91430
22.38 -15836.1 -130366 -3457.15 14472.9 -3457.15 -130366
22.4 -16177.5 -163724 -7045.05 24747.6 -7045.05 -163724
22.42 -15707.3 -190062 -11123.6 34505.4 -11123.6 -190062
22.44 -14490.8 -208630 -15108 43286.8 -15108 -208630
22.46 -12748.4 -219704 -18508 50664.7 -18508 -219704
22.48 -10920.1 -224390 -21054.6 56377 -21054.6 -224390
22.5 -9488.8 -223870 -22716.2 60333.5 -22716.2 -223870
22.52 -8693.5 -218662 -23632.1 62559.8 -23632.1 -218662
22.54 -8410.99 -208455 -23989.3 63112.2 -23989.3 -208455
22.56 -8317.47 -192442 -23861.1 61976.7 -23861.1 -192442
22.58 -8126.8 -169775 -23085.9 58957.4 -23085.9 -169775
22.6 -7678.77 -140007 -21278.1 53682.4 -21278.1 -140007
22.62 -6929.37 -103604 -17982 45917.1 -17982 -103604
22.64 -5992.11 -62278.8 -12949.3 35953.4 -12949.3 -62278.8
22.66 -5155.43 -18853.2 -6364.86 24604 -6364.86 -18853.2
22.68 -4742.15 23380.4 1249.58 12807.1 1249.58 23380.4
22.7 -4940.71 61618 9395.94 1266.18 9395.94 61618
22.72 -5782.62 94432.3 17820.5 -9609.16 17820.5 94432.3
22.74 -7168.69 121971 26370.2 -19560.9 26370.2 121971
22.76 -8817.83 145238 34701.8 -28370.8 34701.8 145238
22.78 -10293.8 165023 42189.7 -35855.5 42189.7 165023
22.8 -11259.8 181241 48134.8 -41887.3 48134.8 181241
22.82 -11742.7 192908 52083.2 -46390.6 52083.2 192908
22.84 -12081.4 198516 53979.5 -49328.2 53979.5 198516
22.86 -12602 196558 54045.1 -50674.4 54045.1 196558
22.88 -13355.1 186028 52500.7 -50336.6 52500.7 186028
22.9 -14115.4 166786 49350.4 -48071.4 49350.4 166786
22.92 -14549.9 139729 44361 -43514.7 44361 139729
22.94 -14372.6 106713 37221.8 -36416.3 37221.8 106713
22.96 -13397.6 70204.4 27788.7 -26988.2 27788.7 70204.4
22.98 -11563.8 32735.4 16310.2 -15994.5 16310.2 32735.4
23 -9019.18 -3679.12 3485.98 -4392.69 3485.98 -3679.12
23.02 -6192.35 -37846.4 -9749.29 7106.22 -9749.29 -37846.4
23.04 -3670.52 -69332.9 -22583.9 18141.3 -22583.9 -69332.9
23.06 -1878.07 -98153.5 -34572.9 28510 -34572.9 -98153.5
23.08 -832.14 -124336 -45634.7 38000.1 -45634.7 -124336
23.1 -195.346 -147462 -55846.2 46399.3 -55846.2 -147462
23.12 484.887 -166401 -65204.3 53566.7 -65204.3 -166401
23.14 1595.92 -179467 -73527.4 59421.1 -73527.4 -179467
23.16 3387.88 -185008 -80525.9 63867.8 -80525.9 -185008
23.18 5893.18 -182113 -85915.1 66765.7 -85915.1 -182113
23.2 8826.45 -171015 -89451.6 67947.3 -89451.6 -171015
23.22 11595.3 -152948 -90869 67250.4 -90869 -152948
23.24 13495.7 -129596 -89779.6 64527.5 -89779.6 -129596
23.26 13977.6 -102501 -85661.1 59644.6 -85661.1 -102501
23.28 12820 -72832.3 -78022.6 52579.7 -78022.6 -72832.3
23.3 10165.3 -41520.9 -66725.8 43616.1 -66725.8 -41520.9
23.32 6460.09 -9411.79 -52274.9 33374.6 -52274.9 -9411.79
23.34 2358.61 22741.5 -35780.7 22572.7 -35780.7 22741.5
23.36 -1441.04 54342.1 -18537.6 11741.4 -18537.6 54342.1
23.38 -4445.66 84889.7 -1505.63 1158.59 -1505.63 84889.7
23.4 -6595.95 113737 14968.8 -9004.04 14968.8 113737
23.42 -8306.2 139802 31057.7 -18537.3 31057.7 139802
23.44 -10253.3 161498 47046 -27205.9 47046 161498
23.46 -13026.5 177051 62858.7 -34846 62858.7 177051
23.48 -16827 185048 77830.4 -41393.4 77830.4 185048
23.5 -21357.8 184898 90852.2 -46808.7 90852.2 184898
23.52 -25940.3 176936 100783 -50984.9 100783 176936
23.54 -29801.7 162203 106880 -53710.4 106880 162203
23.56 -32380.5 142109 109016 -54706.6 109016 142109
23.58 -33483.2 118077 107605 -53694.6 107605 118077
23.6 -33249.1 91231.5 103328 -50453.4 103328 91231.5
23.62 -32020.8 62227.2 96800.5 -44955.5 96800.5 62227.2
23.64 -30211.4 31331.5 88321.4 -37533.6 88321.4 31331.5
23.66 -28177.8 -1272.2 77846 -28826.7 77846 -1272.2
23.68 -26108.3 -35045.9 65176.1 -19471.7 65176.1 -35045.9
23.7 -23976.1 -68776.5 50205.3 -9850.96 50205.3 -68776.5
23.72 -21579.3 -100625 33031.2 -121.841 33031.2 -100625
23.74 -18625.8 -128520 13968.7 9601.18 13968.7 -128520
23.76 -14851 -150617 -6393.19 19151.7 -6393.19 -150617
23.78 -10173.7 -165629 -27116.6 28336.4 -27116.6 -165629
23.8 -4819.77 -173007 -46955.4 36953.4 -46955.4 -173007
23.82 693.196 -172967 -64538.9 44760 -64538.9 -172967
23.84 5721.47 -166328 -78669 51468.6 -78669 -166328
23.86 9730.56 -154167 -88681.1 56801.7 -88681.1 -154167
23.88 12501.6 -137475 -94688.1 60551.2 -94688.1 -137475
23.9 14205.6 -116964 -97487.3 62595.6 -97487.3 -116964
23.92 15272.3 -93047.1 -98142.2 62855.5 -98142.2 -93047.1
23.94 16123.7 -65947.7 -97441.3 61260.2 -97441.3 -65947.7
23.96 16940 -35910.6 -95454.4 57828 -95454.4 -35910.6
23.98 17563.9 -3429.45 -91418.3 52752.4 -91418.3 -3429.45
24 17564.1 30528.2 -84088.6 46313.5 -84088.6 30528.2
24.02 16431.5 64348.1 -72450.5 38682 -72450.5 64348.1
24.04 13842.4 95847.4 -56430.3 29883.5 -56430.3 95847.4
24.06 9857.12 122785 -37112.9 20022.4 -37112.9 122785
24.08 4915.8 143622 -16265.6 9498.09 -16265.6 143622
24.1 -375.116 158043 4406.2 -1067.51 4406.2 158043
24.12 -5489.53 166862 23712.3 -11102.2 23712.3 166862
24.14 -10096.9 171344 41025.7 -20253 41025.7 171344
24.16 -14058 172318 56086.4 -28364.2 56086.4 172318
24.18 -17405.1 169597 68736.9 -35409.3 68736.9 169597
24.2 -20329.6 162118 78787.2 -41451.3 78787.2 162118
24.22 -23098.5 148774 86098.7 -46565.7 86098.7 148774
24.24 -25867.3 129361 90718.1 -50691.2 90718.1 129361
24.26 -28504.8 104885 92854.6 -53486.1 92854.6 104885
24.28 -30609.6 77040 92670.4 -54347 92670.4 77040
24.3 -31738.7 47409 90035.1 -52679.8 90035.1 47409
24.32 -31635.6 17097.7 84465 -48241.3 84465 17097.7
24.34 -30258.4 -12984.3 75346.1 -41257.5 75346.1 -12984.3
24.36 -27658.1 -41659.1 62347 -32263.9 62347 -41659.1
24.38 -23925.9 -67496.8 45804.7 -21894.4 45804.7 -67496.8
24.4 -19316.6 -89396.4 26806.6 -10791.7 26806.6 -89396.4
24.42 -14367.4 -107102 6863.83 444.134 6863.83 -107102
24.44 -9759.51 -121075 -12563.1 11380.5 -12563.1 -121075
24.46 -5959.98 -131823 -30380.7 21841.5 -30380.7 -131823
24.48 -2965.89 -139265 -45983.2 31807.8 -45983.2 -139265
24.5 -367.136 -142590 -59234.6 41207.4 -59234.6 -142590
24.52 2369.58 -140675 -70302.3 49821.6 -70302.3 -140675
24.54 5603.93 -132800 -79391.9 57367.9 -79391.9 -132800
24.56 9312.41 -119186 -86505.3 63607.6 -86505.3 -119186
24.58 13014.3 -100963 -91304.6 68329.9 -91304.6 -100963
24.6 15914.3 -79641.2 -93123.5 71236.9 -93123.5 -79641.2
24.62 17252.7 -56551.5 -91162.3 71876.6 -91162.3 -56551.5
24.64 16647.2 -32655.7 -84819.3 69764.2 -84819.3 -32655.7
24.66 14191.4 -8718.06 -74011.5 64643.5 -74011.5 -8718.06
24.68 10313.1 14499.7 -59320.2 56658.1 -59320.2 14499.7
24.7 5580.6 36279.8 -41851.2 46308.2 -41851.2 36279.8
24.72 580.316 56194.2 -22851.4 34300.4 -22851.4 56194.2
24.74 -4173.23 74216.4 -3328.12 21406.7 -3328.12 74216.4
24.76 -8352.14 90434.9 16078.5 8338.65 16078.5 90434.9
24.78 -11924.1 104570 34989 -4362.95 34989 104570
24.8 -15171 115790 53129.2 -16379.9 53129.2 115790
24.82 -18543.9 123025 70189.4 -27585.9 70189.4 123025
24.84 -22378.7 125473 85694.1 -37954.5 85694.1 125473
24.86 -26647.4 122918 98972.2 -47440.2 98972.2 122918
24.88 -30935.5 115758 109280 -55871.4 109280 115758
24.9 -34637.6 104833 115968 -62902.8 115968 104833
24.92 -37184 91171.2 118585 -68052.5 118585 91171.2
24.94 -38175.7 75727.6 116949 -70794.7 116949 75727.6
24.96 -37463.1 59197.7 111222 -70647.5 111222 59197.7
24.98 -35204.4 41960.7 101910 -67263.8 101910 41960.7
25 -31831 24165.4 89658.2 -60579.8 89658.2 24165.4
25.02 -27855.9 5930.53 74994.9 -50935.2 74994.9 5930.53
25.04 -23634.8 -12431.1 58232.2 -39025.1 58232.2 -12431.1
25.06 -19267.7 -30311.2 39484.5 -25706.4 39484.5 -30311.2
25.08 -14670.2 -46885.1 18744.8 -11775.2 18744.8 -46885.1
25.1 -9703.61 -61284.3 -3875.35 2197.62 -3875.35 -61284.3
25.12 -4292.82 -72748.5 -27823.2 15905.3 -27823.2 -72748.5
25.14 1491.48 -80729.4 -52041.9 29198.7 -52041.9 -80729.4
25.16 7432.28 -84965 -75240.2 41917.4 -75240.2 -84965
25.18 13244.5 -85504 -96208.7 53795.5 -96208.7 -85504
25.2 18644.5 -82666.7 -114000 64479.3 -114000 -82666.7
25.22 23356.4 -76956.4 -128011 73588.4 -128011 -76956.4
25.24 27108.4 -68918.9 -137983 80763.3 -137983 -68918.9
25.26 29682.9 -58958.4 -143908 85703.4 -143908 -58958.4
25.28 30997.8 -47216.2 -145926 88190.5 -145926 -47216.2
25.3 31142.1 -33661.9 -144275 88074.3 -144275 -33661.9
25.32 30302.1 -18402.4 -139212 85247.1 -139212 -18402.4
25.34 28596.7 -1992.62 -130792 79677.7 -130792 -1992.62
25.36 25926.8 14520.1 -118626 71474.6 -118626 14520.1
25.38 21971.4 29880.8 -102027 60875.9 -102027 29880.8
25.4 16441.3 43079.4 -80623.6 48245.5 -80623.6 43079.4
25.42 9454.66 53672.9 -54862.9 34182.4 -54862.9 53672.9
25.44 1630.91 61726.5 -25913.4 19549.7 -25913.4 61726.5
25.46 -6270.84 67436.5 4640.76 5236.29 4640.76 67436.5
25.48 -13787.5 70809.9 34997.3 -8154.97 34997.3 70809.9
25.5 -20799.7 71690.2 63425.1 -20374.1 63425.1 71690.2
25.52 -27269.6 69992.2 88624.1 -31375.5 88624.1 69992.2
25.54 -33079 65806.5 109819 -41208.3 109819 65806.5
25.56 -38104.8 59296.6 126621 -49987.7 126621 59296.6
25.58 -42318.6 50599.5 138957 -57788.2 138957 50599.5
25.6 -45742.8 39860.2 147049 -64460 147049 39860.2
25.62 -48332.3 27336.8 151257 -69554.8 151257 27336.8
25.64 -49916.7 13502.3 151831 -72448.1 151831 13502.3
25.66 -50238.9 -884.997 148799 -72551.6 148799 -884.997
25.68 -49040.1 -14819.2 141988 -69491.3 141988 -14819.2
25.7 -46147.7 -27268 131026 -63202.2 131026 -27268
25.72 -41525.9 -37502.6 115368 -53932 115368 -37502.6
25.74 -35294.8 -45347.1 94655 -42207.4 94655 -45347.1
25.76 -27815.4 -51193.2 69285.7 -28832.3 69285.7 -51193.2
25.78 -19752.8 -55727.6 40470.1 -14829.2 40470.1 -55727.6
25.8 -11867.7 -59475.1 9781.5 -1181.87 9781.5 -59475.1
25.82 -4609.65 -62426.1 -21164.2 11510.6 -21164.2 -62426.1
25.84 2070.61 -64026.9 -50843.6 23165.6 -50843.6 -64026.9
25.86 8483.97 -63551.1 -78056.5 34032.1 -78056.5 -63551.1
25.88 14831.1 -60541.3 -102039 44421.5 -102039 -60541.3
25.9 21034.2 -54994 -122262 54554.8 -122262 -54994
25.92 26783.7 -47270.8 -138249 64460 -138249 -47270.8
25.94 31652.8 -37903.4 -149685 73829.2 -149685 -37903.4
25.96 35221.8 -27410.6 -156560 81956.9 -156560 -27410.6
25.98 37204.2 -16181.2 -159126 87887.4 -159126 -16181.2
26 37519.9 -4471.96 -157749 90714.3 -157749 -4471.96
26.02 36277.8 7485.64 -152814 89865.1 -152814 7485.64
26.04 33703 19361.2 -144581 85255.9 -144581 19361.2
26.06 30040.2 30698.2 -132901 77287.5 -132901 30698.2
26.08 25407.7 41022 -117061 66690.7 -117061 41022
26.1 19744.6 49998.3 -96294 54318.5 -96294 49998.3
26.12 13041.8 57490 -70649.5 41026.9 -70649.5 57490
26.14 5636.33 63433.9 -41277.3 27615.5 -41277.3 63433.9
26.16 -1873.66 67641.9 -10023.2 14683.4 -10023.2 67641.9
26.18 -9062.53 69751.6 21026.4 2451.67 21026.4 69751.6
26.2 -15906.9 69445.8 49950.3 -9213.16 49950.3 69445.8
26.22 -22547.6 66769.7 75416.4 -20541.2 75416.4 66769.7
26.24 -28929.2 62177 96728.3 -31631.1 96728.3 62177
26.26 -34714.7 56189.3 113451 -42409.1 113451 56189.3
26.28 -39472.9 49032.5 125250 -52620.4 125250 49032.5
26.3 -42913.1 40660.4 132159 -61750.9 132159 40660.4
26.32 -44984.7 31134.5 134762 -69032.5 134762 31134.5
26.34 -45779.3 20970.1 133932 -73643.6 133932 20970.1
26.36 -45329 11123.7 130357 -74968.7 130357 11123.7
26.38 -43517.1 2604.03 124208 -72730.5 124208 2604.03
26.4 -40213.7 -4021.21 114998 -66981.1 114998 -4021.21
26.42 -35469.1 -8857.99 101750 -58037.5 101750 -8857.99
26.44 -29543 -12504.7 83607.3 -46437.9 83607.3 -12504.7
26.46 -22839.7 -15660.3 60619.8 -32967.2 60619.8 -15660.3
26.48 -15867.5 -18831.2 33951.1 -18645.4 33951.1 -18831.2
26.5 -9133.25 -22241.8 5385.64 -4500.52 5385.64 -22241.8
26.52 -2934.98 -25839 -23182.2 8800.04 -23182.2 -25839
26.54 2746.73 -29284.3 -50031.8 21130.7 -50031.8 -29284.3
26.56 8118.4 -31970.4 -73878 32731.6 -73878 -31970.4
26.58 13360.9 -33136.2 -94002.8 43889.7 -94002.8 -33136.2
26.6 18516.9 -32091.8 -110098 54744.4 -110098 -32091.8
26.62 23455.1 -28524.4 -122081 65211.3 -122081 -28524.4
26.64 27842.6 -22762.9 -130093 74906.9 -130093 -22762.9
26.66 31168.7 -15776.9 -134475 83118.8 -134475 -15776.9
26.68 32881.4 -8807.79 -135589 88924.5 -135589 -8807.79
26.7 32596.1 -2824 -133613 91429.3 -133613 -2824
26.72 30263.7 1853.76 -128458 90001.3 -128458 1853.76
26.74 26191 5538.42 -119740 84434.8 -119740 5538.42
26.76 20888.6 8824.75 -106849 75025.5 -106849 8824.75
26.78 14838.1 12177.9 -89294.4 62551.4 -89294.4 12177.9
26.8 8401.43 15753.6 -67231.2 48170 -67231.2 15753.6
26.82 1914.03 19472.7 -41605.7 33203.6 -41605.7 19472.7
26.84 -4301.37 23122.9 -13792.4 18788.5 -13792.4 23122.9
26.86 -10117.9 26338.2 14743.2 5532.38 14743.2 26338.2
26.88 -15740.6 28571 42571 -6572.83 42571 28571
26.9 -21542.6 29254.9 68443.3 -17909 68443.3 29254.9
26.92 -27730.4 28111.5 91413.6 -28884.7 91413.6 28111.5
26.94 -34135.2 25332.5 110755 -39718.8 110755 25332.5
26.96 -40238.7 21477.9 125859 -50343.1 125859 21477.9
26.98 -45350.5 17189.2 136321 -60326.1 136321 17189.2
27 -48828 12936.4 142077 -68867.9 142077 12936.4
27.02 -50264.8 8940.12 143390 -74967 143390 8940.12
27.04 -49579.6 5257.32 140710 -77713 140710 5257.32
27.06 -46986.4 1890.37 134532 -76545 134532 1890.37
27.08 -42900.1 -1183.73 125227 -71373.3 125227 -1183.73
27.1 -37827.8 -4022.9 112836 -62565.3 112836 -4022.9
27.12 -32217.4 -6675.07 97048.5 -50842.1 97048.5 -6675.07
27.14 -26353.6 -9119.68 77655.8 -37182.4 77655.8 -9119.68
27.16 -20427.6 -11295.8 55038.2 -22734.5 55038.2 -11295.8
27.18 -14636.4 -13207.8 30078.3 -8602.24 30078.3 -13207.8
27.2 -9105.53 -14986.5 3831.83 4501.5 3831.83 -14986.5
27.22 -3743.1 -16801.3 -22504.3 16471.6 -22504.3 -16801.3
27.24 1682.95 -18676.6 -47598.4 27648.7 -47598.4 -18676.6
27.26 7296.19 -20359.7 -70242.5 38412.6 -70242.5 -20359.7
27.28 12990 -21340.3 -89527.1 48907.1 -89527.1 -21340.3
27.3 18494.6 -21061.1 -104806 59016.2 -104806 -21061.1
27.32 23444.5 -19247.9 -115753 68386.8 -115753 -19247.9
27.34 27383.4 -16109.7 -122516 76395.5 -122516 -16109.7
27.36 29833.7 -12196.8 -125615 82200.8 -125615 -12196.8
27.38 30469 -8067.24 -125610 84966.2 -125610 -8067.24
27.4 29249.7 -4091.53 -122832 84132 -122832 -4091.53
27.42 26402.2 -494.418 -117318 79575 -117318 -494.418
27.44 22293.3 2553.89 -108824 71608.8 -108824 2553.89
27.46 17307.1 4967.27 -96869.4 60873.7 -96869.4 4967.27
27.48 11775.8 6872.29 -81002.1 48217.3 -81002.1 6872.29
27.5 6004.95 8671.3 -61240 34620.1 -61240 8671.3
27.52 325.605 10885.8 -38250.2 21083.8 -38250.2 10885.8
27.54 -4983.32 13822.2 -13179 8401.61 -13179 13822.2
27.56 -9874.88 17308.9 12530.1 -3068.37 12530.1 17308.9
27.58 -14583.3 20733.1 37296.9 -13411.1 37296.9 20733.1
27.6 -19422.7 23352.3 59710.7 -22922 59710.7 23352.3
27.62 -24524.6 24619.1 78800.1 -31847.6 78800.1 24619.1
27.64 -29737.1 24309.2 94045.9 -40266 94045.9 24309.2
27.66 -34690.8 22503.8 105278 -48050 105278 22503.8
27.68 -38904.3 19556.3 112628 -54824 112628 19556.3
27.7 -41872.3 16034.3 116447 -59972.2 116447 16034.3
27.72 -43165.6 12571.3 117126 -62773.9 117126 12571.3
27.74 -42549 9659.17 114929 -62619.8 114929 9659.17
27.76 -40069.8 7489.45 109926 -59190.2 109926 7489.45
27.78 -36057.6 5924.11 101986 -52536 101986 5924.11
27.8 -31021 4610.6 90812.7 -43077.4 90812.7 4610.6
27.82 -25484.7 3159.48 76140.2 -31561 76140.2 3159.48
27.84 -19887.7 1261.38 58074.8 -18986 58074.8 1261.38
27.86 -14572 -1280.02 37229.7 -6432.65 37229.7 -1280.02
27.88 -9750.04 -4509.15 14568.5 5226.07 14568.5 -4509.15
27.9 -5415.69 -8228.95 -8748.65 15578.3 -8748.65 -8228.95
27.92 -1322.52 -11961 -31461.5 24698.9 -31461.5 -11961
27.94 2873.44 -15079.3 -52406.1 32934.3 -52406.1 -15079.3
27.96 7398.03 -17061.9 -70717.1 40636.9 -70717.1 -17061.9
27.98 12218.5 -17677.6 -85851 48004.3 -85851 -17677.6
28 17027.8 -17018.5 -97519.6 55000.4 -97519.6 -17018.5
28.02 21320.6 -15423.6 -105664 61299 -105664 -15423.6
28.04 24523.7 -13344 -110416 66299.3 -110416 -13344
28.06 26147.3 -11189.5 -111984 69273.1 -111984 -11189.5
28.08 25917.7 -9218.55 -110540 69594.5 -110540 -9218.55
28.1 23852.1 -7506.56 -106184 66933.7 -106184 -7506.56
28.12 20247.9 -5968.14 -98937.9 61339.4 -98937.9 -5968.14
28.14 15590.6 -4406.67 -88727.7 53215 -88727.7 -4406.67
28.16 10411.8 -2584.19 -75462.6 43239.7 -75462.6 -2584.19
28.18 5179.08 -296.164 -59260.7 32276.8 -59260.7 -296.164
28.2 253.138 2565.24 -40597.3 21238.2 -40597.3 2565.24
28.22 -4159.59 5959.79 -20230.2 10873.6 -20230.2 5959.79
28.24 -8079.46 9666.09 911.643 1568.46 911.643 9666.09
28.26 -11754.2 13300.6 21789.9 -6698.37 21789.9 13300.6
28.28 -15516.1 16418.7 41384.1 -14195.8 41384.1 16418.7
28.3 -19584.6 18651.2 58852.3 -21213.2 58852.3 18651.2
28.32 -23950.3 19785 73579.3 -27911.3 73579.3 19785
28.34 -28368.4 19775.4 85148.8 -34257.3 85148.8 19775.4
28.36 -32418.2 18739.3 93352.6 -39989.7 93352.6 18739.3
28.38 -35594.8 16934.9 98203 -44626.1 98203 16934.9
28.4 -37426.5 14696.1 99864.7 -47564.7 99864.7 14696.1
28.42 -37596.1 12339.4 98532.5 -48260.9 98532.5 12339.4
28.44 -36020.6 10096.5 94332 -46390.7 94332 10096.5
28.46 -32861.7 8087.06 87273.7 -41935.2 87273.7 8087.06
28.48 -28473.3 6314.64 77263.7 -35175.1 77263.7 6314.64
28.5 -23314.8 4676.8 64218.3 -26632.3 64218.3 4676.8
28.52 -17872.8 2990.5 48274.1 -17001.6 48274.1 2990.5
28.54 -12598.8 1047 29902.1 -7053.04 29902.1 1047
28.56 -7815.63 -1292.81 9827.99 2531.69 9827.99 -1292.81
28.58 -3609.78 -3993.51 -11076.6 11338.1 -11076.6 -3993.51
28.6 190.711 -6801.91 -31849 19286.7 -31849 -6801.91
28.62 3892.45 -9313.36 -51534.7 26539.2 -51534.7 -9313.36
28.64 7754.6 -11105.8 -69312.8 33327.3 -69312.8 -11105.8
