0.02 0 3.18352e-22 -9.82462e-11 -1.65152e-11 -8.36109e-10 6.43136e-22
0.04 0 -5.12773e-21 -7.51391e-10 -4.73674e-11 -6.3946e-09 -9.71592e-21
0.06 0 -1.213e-20 -4.26825e-09 2.76213e-10 -3.63243e-08 -3.4221e-20
0.08 0 1.38782e-20 -2.03055e-08 2.3253e-09 -1.72807e-07 -6.18427e-21
0.1 0 4.03062e-21 -8.41448e-08 9.21296e-09 -7.16102e-07 1.9584e-21
0.12 0 1.78426e-20 -3.01294e-07 2.73365e-08 -2.56411e-06 3.8004e-20
0.14 0 -8.24375e-20 -8.94253e-07 6.84064e-08 -7.61041e-06 -1.28536e-19
0.16 0 7.81917e-20 -2.178e-06 1.48694e-07 -1.85355e-05 2.94266e-20
0.18 0 -5.17704e-22 -4.43633e-06 2.83334e-07 -3.77547e-05 2.83808e-20
0.2 0 1.4399e-19 -7.77212e-06 4.78319e-07 -6.61434e-05 3.1927e-19
0.22 0 1.10364e-19 -1.20374e-05 7.2574e-07 -0.000102442 5.42228e-19
0.24 0 -1.25232e-19 -1.68964e-05 1.00657e-06 -0.000143795 2.89234e-19
0.26 0 -1.6605e-19 -2.19694e-05 1.29899e-06 -0.000186967 -4.62204e-20
0.28 0 -4.16526e-20 -2.69292e-05 1.58439e-06 -0.000229177 -1.30367e-19
0.3 0 -1.02106e-19 -3.15104e-05 1.84798e-06 -0.000268165 -3.36641e-19
0.32 0 1.73596e-19 -3.55295e-05 2.07957e-06 -0.000302369 1.40586e-20
0.34 0 -1.22231e-19 -3.89705e-05 2.27767e-06 -0.000331653 -2.32872e-19
0.36 0 1.14035e-19 -4.20122e-05 2.45041e-06 -0.000357539 -2.49807e-21
0.38 0 1.23772e-19 -4.4917e-05 2.61006e-06 -0.00038226 2.47546e-19
0.4 0 -4.68367e-20 -4.79049e-05 2.76843e-06 -0.000407687 1.52927e-19
0.42 0 2.9642e-19 -5.11157e-05 2.93642e-06 -0.000435013 7.51754e-19
0.44 0 -3.34042e-19 -5.45522e-05 3.11912e-06 -0.000464259 7.69207e-20
0.46 0 3.83589e-20 -5.79193e-05 3.30382e-06 -0.000492913 1.54413e-19
0.48 0 -1.0083e-19 -6.05694e-05 3.45503e-06 -0.000515467 -4.92838e-20
0.5 0 3.10589e-20 -6.17961e-05 3.53042e-06 -0.000525907 1.34615e-20
0.52 0 6.11526e-20 -6.13221e-05 3.50894e-06 -0.000521872 1.37002e-19
0.54 0 -3.40616e-20 -5.95281e-05 3.40746e-06 -0.000506605 6.81907e-20
0.56 0 2.37213e-20 -5.71629e-05 3.27003e-06 -0.000486477 1.16113e-19
0.58 0 6.19253e-20 -5.47123e-05 3.13314e-06 -0.000465621 2.41214e-19
0.6 0 -9.37288e-20 -5.19214e-05 2.99148e-06 -0.000441869 5.18629e-20
0.62 0 2.10402e-20 -4.79118e-05 2.79576e-06 -0.000407746 9.43683e-20
0.64 0 -3.88095e-20 -4.18184e-05 2.48729e-06 -0.000355889 1.59652e-20
0.66 0 7.44927e-20 -3.33334e-05 2.03559e-06 -0.000283678 1.66455e-19
0.68 0 -8.14095e-20 -2.27253e-05 1.44847e-06 -0.0001934 1.99177e-21
0.7 0 7.55565e-20 -1.05772e-05 7.62046e-07 -9.00154e-05 1.54631e-19
0.72 0 -2.54585e-21 2.3632e-06 2.84679e-08 2.01116e-05 1.49488e-19
0.74 0 -5.41911e-19 1.52794e-05 -7.00253e-07 0.000130033 -9.45282e-19
0.76 0 2.49226e-19 2.75082e-05 -1.39245e-06 0.000234104 -4.41795e-19
0.78 0 -5.39167e-20 3.86751e-05 -2.04035e-06 0.000329138 -5.50718e-19
0.8 0 5.11993e-19 4.8524e-05 -2.639e-06 0.000412956 4.8361e-19
0.82 0 -1.20831e-19 5.67579e-05 -3.1703e-06 0.00048303 2.39507e-19
0.84 0 9.76722e-19 6.32354e-05 -3.61609e-06 0.000538156 2.21268e-18
0.86 0 -1.56117e-18 6.81682e-05 -3.97636e-06 0.000580135 -9.41199e-19
0.88 0 8.45728e-19 7.17745e-05 -4.25795e-06 0.000610826 7.67342e-19
0.9 0 -1.43671e-18 7.36839e-05 -4.44522e-06 0.000627076 -2.1351e-18
0.92 0 2.53582e-19 7.29379e-05 -4.49391e-06 0.000620727 -1.62281e-18
0.94 0 1.35965e-18 6.8752e-05 -4.35967e-06 0.000585103 1.12396e-18
0.96 0 4.38572e-19 6.12676e-05 -4.03361e-06 0.000521409 2.00997e-18
0.98 0 5.8131e-19 5.15999e-05 -3.55637e-06 0.000439133 3.18433e-18
1 0 -7.521e-19 4.12997e-05 -3.00531e-06 0.000351475 1.66494e-18
1.02 0 -6.76313e-19 3.19224e-05 -2.47954e-06 0.000271671 2.98648e-19
1.04 0 3.79136e-19 2.49926e-05 -2.09948e-06 0.000212695 1.06458e-18
1.06 0 -4.87175e-19 2.1641e-05 -1.969e-06 0.000184172 8.03878e-20
1.08 0 -1.07441e-19 2.17641e-05 -2.08297e-06 0.00018522 -1.36665e-19
1.1 0 5.60306e-20 2.39841e-05 -2.29585e-06 0.000204113 -2.34719e-20
1.12 0 -2.27672e-20 2.66291e-05 -2.41577e-06 0.000226623 -6.94664e-20
1.14 0 2.19384e-19 2.84091e-05 -2.32719e-06 0.000241771 3.73733e-19
1.16 0 -3.67446e-20 2.84874e-05 -2.04124e-06 0.000242438 2.99502e-19
1.18 0 2.48661e-19 2.6568e-05 -1.65434e-06 0.000226103 8.01848e-19
1.2 0 -1.00499e-18 2.305e-05 -1.26083e-06 0.000196164 -1.22843e-18
1.22 0 4.2787e-19 1.90513e-05 -9.05489e-07 0.000162133 -3.64048e-19
1.24 0 4.07496e-19 1.60074e-05 -5.9665e-07 0.000136229 4.59177e-19
1.26 0 -9.93927e-19 1.46074e-05 -3.1848e-07 0.000124314 -1.54876e-18
1.28 0 8.53286e-19 1.40196e-05 -2.9407e-08 0.000119312 1.75053e-19
1.3 0 -2.16272e-19 1.27623e-05 3.0543e-07 0.000108611 -2.61861e-19
1.32 0 -3.05855e-20 1.04824e-05 6.61438e-07 8.92086e-05 -3.2365e-19
1.34 0 7.34174e-20 8.3368e-06 9.54867e-07 7.09491e-05 -1.75332e-19
1.36 0 1.16482e-19 7.56552e-06 1.104e-06 6.43852e-05 5.99854e-20
1.38 0 -2.2469e-20 8.59083e-06 1.0541e-06 7.3111e-05 1.45935e-20
1.4 0 6.94987e-20 1.20199e-05 7.16831e-07 0.000102293 1.54995e-19
1.42 0 -3.12849e-19 1.92733e-05 -2.9757e-08 0.000164022 -4.77023e-19
1.44 0 -2.42664e-19 3.09878e-05 -1.18194e-06 0.000263717 -9.67253e-19
1.46 0 9.3659e-20 4.55901e-05 -2.50517e-06 0.000387987 -7.78043e-19
1.48 0 -3.89584e-19 6.01596e-05 -3.6756e-06 0.000511979 -1.56508e-18
1.5 0 -3.15746e-19 7.18207e-05 -4.49976e-06 0.000611219 -2.20295e-18
1.52 0 1.05593e-19 7.8316e-05 -4.97652e-06 0.000666496 -1.98963e-18
1.54 0 -6.83499e-19 7.90234e-05 -5.23062e-06 0.000672517 -3.37044e-18
1.56 0 5.06709e-19 7.61015e-05 -5.43518e-06 0.00064765 -2.34679e-18
1.58 0 8.49666e-19 7.32056e-05 -5.7128e-06 0.000623005 -6.30289e-19
1.6 0 4.75282e-19 7.21481e-05 -6.02488e-06 0.000614005 3.29876e-19
1.62 0 -5.81796e-19 7.14455e-05 -6.18219e-06 0.000608026 -8.4547e-19
1.64 0 7.14339e-19 6.83559e-05 -6.00839e-06 0.000581733 5.97639e-19
1.66 0 -2.60909e-19 6.15972e-05 -5.47999e-06 0.000524214 7.05494e-20
1.68 0 1.8384e-19 5.20588e-05 -4.70774e-06 0.000443039 4.41944e-19
1.7 0 -5.30723e-20 4.1679e-05 -3.82992e-06 0.000354703 3.34727e-19
1.72 0 9.01904e-20 3.16464e-05 -2.92664e-06 0.000269322 5.1693e-19
1.74 0 -1.56179e-19 2.10802e-05 -1.98002e-06 0.000179399 2.01417e-19
1.76 0 2.35644e-19 7.81749e-06 -9.08422e-07 6.65296e-05 6.77466e-19
1.78 0 -3.0815e-19 -8.72254e-06 3.16438e-07 -7.42318e-05 5.49408e-20
1.8 0 -4.27406e-19 -2.59482e-05 1.59535e-06 -0.000220828 -8.08505e-19
1.82 0 2.74635e-19 -4.03577e-05 2.79151e-06 -0.000343458 -2.53687e-19
1.84 0 3.95385e-21 -5.118e-05 3.87923e-06 -0.00043556 -2.45699e-19
1.86 0 2.21018e-19 -6.10593e-05 4.95443e-06 -0.000519636 2.00801e-19
1.88 0 5.80476e-19 -7.33771e-05 6.1047e-06 -0.000624464 1.37348e-18
1.9 0 1.53786e-19 -8.92414e-05 7.29293e-06 -0.000759476 1.68416e-18
1.92 0 6.49161e-19 -0.000106377 8.34272e-06 -0.000905305 2.9956e-18
1.94 0 -1.05566e-18 -0.000120242 9.01789e-06 -0.0010233 8.62947e-19
1.96 0 1.41668e-19 -0.0001268 9.16179e-06 -0.00107911 1.14914e-18
1.98 0 -5.69068e-19 -0.000125197 8.81113e-06 -0.00106547 -4.87312e-22
2 0 -1.34618e-18 -0.000117871 8.16261e-06 -0.00100312 -2.72004e-18
2.02 0 1.10527e-18 -0.000107706 7.38965e-06 -0.000916617 -4.87169e-19
2.04 0 4.32913e-19 -9.51446e-05 6.48362e-06 -0.000809714 3.87402e-19
2.06 0 2.80337e-19 -7.81517e-05 5.27737e-06 -0.000665099 9.5374e-19
2.08 0 -2.03967e-19 -5.46559e-05 3.61531e-06 -0.000465141 5.41685e-19
2.1 0 -4.70293e-19 -2.4895e-05 1.51241e-06 -0.000211865 -4.08402e-19
2.12 0 1.07898e-19 8.22811e-06 -8.15544e-07 7.00241e-05 -1.90427e-19
2.14 0 -1.32842e-19 4.08488e-05 -3.06413e-06 0.000347637 -4.58795e-19
2.16 0 3.69349e-19 7.03635e-05 -5.006e-06 0.000598818 2.87365e-19
2.18 0 3.85385e-19 9.61558e-05 -6.57528e-06 0.000818319 1.06592e-18
2.2 0 5.51816e-19 0.00011836 -7.81685e-06 0.00100728 2.1807e-18
2.22 0 2.40363e-19 0.000136346 -8.78074e-06 0.00116035 2.66628e-18
2.24 0 5.72195e-20 0.000148574 -9.46248e-06 0.00126442 2.78188e-18
2.26 0 -6.37516e-19 0.000153753 -9.81781e-06 0.00130849 1.49397e-18
2.28 0 -1.21831e-18 0.000152269 -9.83211e-06 0.00129586 -9.67265e-19
2.3 0 -5.55662e-19 0.00014669 -9.58543e-06 0.00124838 -2.08982e-18
2.32 0 2.97614e-18 0.000140474 -9.22919e-06 0.00119548 3.92259e-18
2.34 0 3.44487e-19 0.000135534 -8.87292e-06 0.00115344 4.61852e-18
2.36 0 7.95641e-20 0.000130903 -8.49934e-06 0.00111403 4.77926e-18
2.38 0 -1.10549e-18 0.000123888 -8.00258e-06 0.00105433 2.54594e-18
2.4 0 -1.49169e-19 0.000112524 -7.30183e-06 0.000957619 2.24458e-18
2.42 0 -1.67677e-18 9.70854e-05 -6.41431e-06 0.000826231 -1.14284e-18
2.44 0 6.96308e-19 7.96528e-05 -5.43617e-06 0.000677873 2.63843e-19
2.46 0 -2.57802e-19 6.25716e-05 -4.4703e-06 0.000532506 -2.56968e-19
2.48 0 1.60861e-19 4.70634e-05 -3.56079e-06 0.000400526 6.80035e-20
2.5 0 6.88792e-20 3.26756e-05 -2.66374e-06 0.000278081 2.07153e-19
2.52 0 -1.99626e-19 1.78738e-05 -1.67739e-06 0.000152112 -1.96131e-19
2.54 0 -1.23852e-18 1.55015e-06 -5.31992e-07 1.31923e-05 -2.69819e-18
2.56 0 -6.35544e-19 -1.58719e-05 7.36628e-07 -0.000135075 -3.98212e-18
2.58 0 1.1149e-18 -3.28887e-05 2.00907e-06 -0.000279895 -1.72979e-18
2.6 0 1.59815e-18 -4.81945e-05 3.16728e-06 -0.000410152 1.4988e-18
2.62 0 -6.42628e-19 -6.11095e-05 4.14541e-06 -0.000520063 2.00564e-19
2.64 0 4.30493e-19 -7.08282e-05 4.91124e-06 -0.000602773 1.07025e-18
2.66 0 3.92631e-19 -7.56468e-05 5.41333e-06 -0.000643781 1.86344e-18
2.68 0 -1.09487e-18 -7.33005e-05 5.55233e-06 -0.000623813 -3.48421e-19
2.7 0 7.36274e-19 -6.25821e-05 5.23431e-06 -0.000532596 1.139e-18
2.72 0 -4.38904e-19 -4.50496e-05 4.48563e-06 -0.000383388 2.52328e-19
2.74 0 7.52649e-19 -2.49621e-05 3.50018e-06 -0.000212437 1.77283e-18
2.76 0 7.19682e-19 -6.94637e-06 2.53269e-06 -5.9116e-05 3.22674e-18
2.78 0 -6.81148e-19 6.6709e-06 1.73249e-06 5.67716e-05 1.85068e-18
2.8 0 -3.01071e-19 1.63714e-05 1.0862e-06 0.000139327 1.24246e-18
2.82 0 2.94638e-19 2.38429e-05 4.92068e-07 0.000202911 1.83768e-18
2.84 0 -1.52666e-18 3.05805e-05 -1.51291e-07 0.000260251 -1.24647e-18
2.86 0 1.56356e-18 3.77504e-05 -9.05566e-07 0.000321269 1.91224e-18
2.88 0 1.09979e-19 4.60169e-05 -1.76885e-06 0.00039162 2.13442e-18
2.9 0 -4.37927e-19 5.45364e-05 -2.65644e-06 0.000464124 1.24972e-18
2.92 0 7.3085e-19 6.04247e-05 -3.42258e-06 0.000514235 2.72619e-18
2.94 0 8.88371e-19 5.98873e-05 -3.91677e-06 0.000509662 4.52087e-18
2.96 0 -1.4228e-18 5.01822e-05 -4.02486e-06 0.000427068 1.64654e-18
2.98 0 -1.99996e-18 3.09728e-05 -3.68718e-06 0.000263589 -2.39378e-18
3 0 3.26559e-18 4.68439e-06 -2.92578e-06 3.98658e-05 4.20338e-18
3.02 0 2.65965e-18 -2.41207e-05 -1.87064e-06 -0.000205275 9.57641e-18
3.04 0 -3.09523e-18 -5.06439e-05 -7.25234e-07 -0.000430997 3.32342e-18
3.06 0 -2.7582e-18 -7.23641e-05 3.39582e-07 -0.000615844 -2.24871e-18
3.08 0 1.93323e-18 -9.00111e-05 1.27716e-06 -0.000766026 1.65681e-18
3.1 0 2.49571e-18 -0.000105854 2.15652e-06 -0.000900857 6.69866e-18
3.12 0 -2.87677e-18 -0.000121272 3.08459e-06 -0.00103207 8.86999e-19
3.14 0 8.74447e-19 -0.000136412 4.16099e-06 -0.00116092 2.65356e-18
3.16 0 -1.18668e-18 -0.0001516 5.47587e-06 -0.00129017 2.56224e-19
3.18 0 -8.56134e-19 -0.000167585 7.06387e-06 -0.0014262 -1.47334e-18
3.2 0 -1.30181e-18 -0.000183897 8.82238e-06 -0.00156503 -4.10326e-18
3.22 0 -3.80314e-19 -0.000197981 1.05249e-05 -0.00168489 -4.87157e-18
3.24 0 1.16611e-18 -0.000206684 1.19531e-05 -0.00175895 -2.51578e-18
3.26 0 8.65788e-19 -0.00020812 1.2993e-05 -0.00177117 -7.66715e-19
3.28 0 -1.8278e-18 -0.000201908 1.36056e-05 -0.00171831 -4.45925e-18
3.3 0 -5.22186e-19 -0.000188604 1.37794e-05 -0.00160509 -5.51417e-18
3.32 0 3.44481e-18 -0.000169554 1.35394e-05 -0.00144296 1.44504e-18
3.34 0 8.38189e-19 -0.0001466 1.29488e-05 -0.00124762 3.13836e-18
3.36 0 2.86592e-18 -0.000121241 1.20686e-05 -0.0010318 8.9281e-18
3.38 0 -7.90836e-19 -9.40803e-05 1.09284e-05 -0.000800656 7.33045e-18
3.4 0 3.84946e-18 -6.49092e-05 9.52013e-06 -0.0005524 1.51071e-17
3.42 0 1.14068e-18 -3.28994e-05 7.78205e-06 -0.000279985 1.74115e-17
3.44 0 -1.16299e-18 3.04062e-06 5.60767e-06 2.58768e-05 1.50621e-17
3.46 0 -4.65165e-18 4.3414e-05 2.92072e-06 0.000369469 5.6648e-18
3.48 0 3.47154e-19 8.72951e-05 -2.39987e-07 0.000742912 6.36613e-18
3.5 0 -2.09158e-18 0.000132203 -3.70084e-06 0.0011251 2.1407e-18
3.52 0 -3.8266e-19 0.000174669 -7.19857e-06 0.00148649 1.36765e-18
3.54 0 -1.36549e-18 0.000211255 -1.04619e-05 0.00179785 -1.3909e-18
3.56 0 1.95499e-18 0.000239881 -1.33123e-05 0.00204147 2.55856e-18
3.58 0 1.04204e-18 0.000260606 -1.57266e-05 0.00221785 4.66369e-18
3.6 0 -5.80406e-18 0.000274773 -1.77834e-05 0.00233841 -7.06168e-18
3.62 0 9.44224e-19 0.000283083 -1.95247e-05 0.00240914 -5.15416e-18
3.64 0 4.2832e-18 0.000284929 -2.08815e-05 0.00242485 3.49877e-18
3.66 0 -6.28757e-18 0.00028 -2.17474e-05 0.0023829 -9.20339e-18
3.68 0 -3.39302e-18 0.000270015 -2.20996e-05 0.00229792 -1.6058e-17
3.7 0 6.35799e-18 0.000257966 -2.20146e-05 0.00219538 -3.21356e-18
3.72 0 -2.66139e-18 0.000245438 -2.15629e-05 0.00208876 -8.5901e-18
3.74 0 -3.61634e-19 0.000231025 -2.07111e-05 0.0019661 -9.32068e-18
3.76 0 2.77449e-18 0.000211255 -1.93212e-05 0.00179785 -3.71565e-18
3.78 0 3.82532e-18 0.000182703 -1.72272e-05 0.00155487 4.01227e-18
3.8 0 1.42568e-19 0.000143771 -1.43348e-05 0.00122355 4.30028e-18
3.82 0 -7.21176e-19 9.57764e-05 -1.07074e-05 0.000815091 2.84336e-18
3.84 0 -2.82172e-18 4.28404e-05 -6.58087e-06 0.000364586 -2.85708e-18
3.86 0 9.43429e-19 -1.01658e-05 -2.25744e-06 -8.65141e-05 -9.51159e-19
3.88 0 5.52089e-19 -6.04002e-05 2.05089e-06 -0.000514027 1.64172e-19
3.9 0 -6.23234e-19 -0.000107668 6.26795e-06 -0.000916288 -1.09489e-18
3.92 0 -2.21451e-18 -0.000152117 1.03345e-05 -0.00129457 -5.56864e-18
3.94 0 2.20888e-18 -0.000191788 1.40671e-05 -0.00163219 -1.10627e-18
3.96 0 -5.28258e-18 -0.000222632 1.7152e-05 -0.00189468 -1.17781e-17
3.98 0 2.56522e-19 -0.000240462 1.92712e-05 -0.00204641 -1.12599e-17
4 0 4.2849e-18 -0.000242873 2.02466e-05 -0.00206693 -2.60355e-18
4.02 0 3.79908e-19 -0.000230065 2.01052e-05 -0.00195793 -1.83606e-18
4.04 0 7.47687e-19 -0.000204405 1.90312e-05 -0.00173955 -3.25576e-19
4.06 0 -3.9204e-18 -0.000169264 1.7252e-05 -0.0014405 -8.24558e-18
4.08 0 -1.13448e-18 -0.000128288 1.49635e-05 -0.00109178 -1.05375e-17
4.1 0 1.34639e-18 -8.53874e-05 1.23324e-05 -0.000726677 -7.8175e-18
4.12 0 7.19634e-19 -4.44552e-05 9.51315e-06 -0.00037833 -6.36369e-18
4.14 0 2.54517e-18 -8.54654e-06 6.64853e-06 -7.2734e-05 -1.22193e-18
4.16 0 1.03863e-18 2.03218e-05 3.88519e-06 0.000172946 8.76324e-19
4.18 0 8.28341e-19 4.07029e-05 1.38428e-06 0.000346396 2.54974e-18
4.2 0 -1.23722e-19 5.21442e-05 -7.42841e-07 0.000443766 2.2998e-18
4.22 0 -4.50829e-18 5.65049e-05 -2.5348e-06 0.000480876 -6.80786e-18
4.24 0 1.85264e-18 5.77783e-05 -4.17269e-06 0.000491713 -3.06516e-18
4.26 0 -3.51604e-18 5.97304e-05 -5.8441e-06 0.000508326 -1.01683e-17
4.28 0 2.07714e-18 6.40486e-05 -7.63184e-06 0.000545076 -5.97202e-18
4.3 0 1.17e-18 7.06783e-05 -9.50956e-06 0.000601497 -3.60838e-18
4.32 0 2.48579e-18 7.87002e-05 -1.13689e-05 0.000669766 1.41341e-18
4.34 0 -1.36715e-17 8.65518e-05 -1.30407e-05 0.000736586 -2.62058e-17
4.36 0 4.52112e-18 9.25591e-05 -1.43522e-05 0.000787711 -1.70723e-17
4.38 0 1.70221e-18 9.55907e-05 -1.51682e-05 0.00081351 -1.36335e-17
4.4 0 1.55565e-17 9.41695e-05 -1.53348e-05 0.000801415 1.77939e-17
4.42 0 5.6624e-19 8.45818e-05 -1.45875e-05 0.00071982 1.89378e-17
4.44 0 1.64682e-18 6.06589e-05 -1.25644e-05 0.000516229 2.22647e-17
4.46 0 -1.1771e-18 1.62843e-05 -8.94605e-06 0.000138585 1.98867e-17
4.48 0 -3.46268e-18 -5.11306e-05 -3.63675e-06 -0.000435139 1.28914e-17
4.5 0 -3.08583e-18 -0.000138635 3.11558e-06 -0.00117983 6.6574e-18
4.52 0 -8.47452e-19 -0.000238294 1.07457e-05 -0.00202796 4.94538e-18
4.54 0 -1.59109e-20 -0.000339908 1.85566e-05 -0.00289273 4.91324e-18
4.56 0 -4.42017e-18 -0.000434597 2.59694e-05 -0.00369857 -4.01641e-18
4.58 0 2.89164e-18 -0.000517256 3.26667e-05 -0.00440203 1.8253e-18
4.6 0 -2.25361e-18 -0.00058622 3.85293e-05 -0.00498894 -2.72746e-18
4.62 0 6.62199e-18 -0.00064086 4.3454e-05 -0.00545395 1.06503e-17
4.64 0 -6.02927e-19 -0.000679686 4.7246e-05 -0.00578436 9.43228e-18
4.66 0 -6.24804e-18 -0.000700071 4.96463e-05 -0.00595785 -3.19003e-18
4.68 0 -7.9069e-18 -0.000698515 5.0396e-05 -0.0059446 -1.18537e-17
4.7 0 -2.00575e-17 -0.000670983 4.92763e-05 -0.0057103 -4.31026e-17
4.72 0 1.40312e-17 -0.000614032 4.61448e-05 -0.00522562 -1.11168e-17
4.74 0 1.40701e-17 -0.000526119 4.09508e-05 -0.00447745 1.73076e-17
4.76 0 -3.08457e-18 -0.000407866 3.3721e-05 -0.00347108 1.10762e-17
4.78 0 -8.83131e-18 -0.000261972 2.45894e-05 -0.00222947 -6.76484e-18
4.8 0 -8.59956e-18 -9.41866e-05 1.39054e-05 -0.000801561 -2.41377e-17
4.82 0 1.51208e-17 8.57214e-05 2.28858e-06 0.000729519 6.40946e-18
4.84 0 1.01769e-17 0.00026523 -9.48587e-06 0.0022572 2.69689e-17
4.86 0 -6.94219e-18 0.000432463 -2.07005e-05 0.00368041 1.29443e-17
4.88 0 -2.35234e-18 0.000579893 -3.08893e-05 0.00493509 8.19204e-18
4.9 0 -1.9285e-18 0.000707045 -3.99759e-05 0.0060172 4.29608e-18
4.92 0 3.33729e-19 0.000820862 -4.82964e-05 0.00698583 8.6114e-19
4.94 0 1.273e-18 0.000932134 -5.64085e-05 0.00793278 -2.88191e-18
4.96 0 -6.66217e-19 0.00104884 -6.47271e-05 0.00892603 6.40656e-18
4.98 0 -3.19199e-18 0.00117078 -7.32202e-05 0.00996371 9.23317e-19
5 0 5.68777e-18 0.00128894 -8.13509e-05 0.0109693 8.69041e-18
5.02 0 1.70136e-18 0.00138922 -8.82536e-05 0.0118228 8.46991e-19
5.04 0 5.03651e-18 0.00145736 -9.30249e-05 0.0124026 7.20424e-18
5.06 0 9.54533e-18 0.00148286 -9.49991e-05 0.0126197 1.01259e-17
5.08 0 -2.56228e-18 0.00146064 -9.38768e-05 0.0124305 -2.0493e-17
5.1 0 6.54331e-18 0.0013897 -8.96322e-05 0.0118268 7.56746e-18
5.12 0 2.57075e-18 0.00127017 -8.23002e-05 0.0108096 3.85027e-18
5.14 0 5.42332e-18 0.00110133 -7.18421e-05 0.00937269 8.17673e-18
5.16 0 4.83909e-18 0.000881668 -5.81701e-05 0.0075033 1.79527e-17
5.18 0 -8.46601e-18 0.000609743 -4.12348e-05 0.00518913 8.49625e-19
5.2 0 2.7974e-18 0.000284595 -2.10704e-05 0.002422 6.50095e-18
5.22 0 3.82904e-18 -9.32559e-05 2.1736e-06 -0.00079364 1.42364e-17
5.24 0 -1.53415e-18 -0.000518637 2.81042e-05 -0.00441378 6.74309e-18
5.26 0 8.88982e-18 -0.00097689 5.58376e-05 -0.00831367 1.05947e-18
5.28 0 4.18537e-18 -0.00144074 8.37959e-05 -0.0122612 3.89053e-18
5.3 0 5.41304e-19 -0.00187267 0.000109794 -0.015937 -6.49849e-18
5.32 0 -3.1641e-18 -0.00223295 0.000131494 -0.0190032 -6.18418e-18
5.34 0 4.22213e-18 -0.00248933 0.000147012 -0.0211851 4.5792e-18
5.36 0 3.13338e-18 -0.00262313 0.000155316 -0.0223238 9.90963e-18
5.38 0 -4.33065e-18 -0.00263186 0.000156339 -0.0223981 4.89323e-18
5.4 0 7.89992e-18 -0.00253085 0.000151098 -0.0215384 1.90516e-17
5.42 0 9.30559e-18 -0.00235197 0.000141411 -0.0200161 -3.54186e-18
5.44 0 -8.55521e-18 -0.00213538 0.000129423 -0.0181729 8.9703e-18
5.46 0 -4.90575e-18 -0.00191326 0.00011705 -0.0162825 -2.14003e-17
5.48 0 -2.14422e-17 -0.00169515 0.00010511 -0.0144264 -2.11418e-17
5.5 0 9.01024e-18 -0.00146753 9.30245e-05 -0.0124892 -1.92581e-17
5.52 0 -8.3037e-18 -0.00120722 7.94107e-05 -0.0102739 3.81985e-18
5.54 0 3.06451e-18 -0.000895304 6.29491e-05 -0.00761937 2.95287e-17
5.56 0 -8.22278e-18 -0.000523166 4.29405e-05 -0.00445235 -1.9123e-17
5.58 0 -5.80429e-18 -9.81113e-05 1.97087e-05 -0.000834989 -2.94003e-17
5.6 0 1.17862e-17 0.000350219 -5.1117e-06 0.00298046 -9.52611e-18
5.62 0 6.66574e-18 0.000773394 -2.88788e-05 0.00658183 6.58054e-18
5.64 0 1.7972e-19 0.00112209 -4.89778e-05 0.00954933 3.35076e-19
5.66 0 7.00428e-18 0.00136617 -6.3908e-05 0.0116265 9.46417e-18
5.68 0 8.76625e-18 0.00150298 -7.36869e-05 0.0127908 -1.27686e-17
5.7 0 4.45855e-18 0.00155243 -7.95293e-05 0.0132117 -3.2944e-18
5.72 0 -1.38544e-17 0.00154622 -8.3191e-05 0.0131588 7.4036e-20
5.74 0 -6.69718e-18 0.00151673 -8.6292e-05 0.0129079 -5.16874e-18
5.76 0 -2.50709e-18 0.00148809 -8.98094e-05 0.0126641 -1.48296e-17
5.78 0 -3.0891e-18 0.0014711 -9.39066e-05 0.0125195 -2.69458e-17
5.8 0 7.57765e-19 0.00146308 -9.80989e-05 0.0124513 5.23182e-18
5.82 0 -1.52343e-18 0.0014511 -0.000101539 0.0123493 6.17789e-18
5.84 0 -7.00229e-19 0.00141781 -0.00010325 0.012066 4.76329e-18
5.86 0 4.16967e-19 0.00134978 -0.000102349 0.0114871 5.60564e-18
5.88 0 -4.87789e-18 0.00124457 -9.83452e-05 0.0105917 -4.24867e-18
5.9 0 1.00079e-18 0.00111114 -9.13269e-05 0.00945615 -2.22687e-18
5.92 0 5.21572e-18 0.000963931 -8.18385e-05 0.00820336 1.18772e-17
5.94 0 -1.49467e-17 0.000815423 -7.05132e-05 0.00693951 -4.72619e-17
5.96 0 8.32084e-19 0.000669543 -5.76471e-05 0.00569802 -1.11916e-17
5.98 0 1.12358e-17 0.000515814 -4.28262e-05 0.00438973 7.74378e-18
6 0 -3.00216e-18 0.000328397 -2.48431e-05 0.00279475 7.10928e-18
6.02 0 7.92418e-19 7.63645e-05 -2.24097e-06 0.000649863 -2.59234e-17
6.04 0 7.58554e-19 -0.00025611 2.55398e-05 -0.00217961 -1.21171e-17
6.06 0 -1.97931e-17 -0.000651164 5.70384e-05 -0.00554166 -3.68063e-17
6.08 0 7.83284e-18 -0.00105407 8.85536e-05 -0.00897052 1.49046e-17
6.1 0 2.28119e-18 -0.00139171 0.000115272 -0.011844 3.7001e-17
6.12 0 -6.71578e-18 -0.0016055 0.000133252 -0.0136634 8.70624e-18
6.14 0 -1.12842e-18 -0.00168 0.000141121 -0.0142974 2.43443e-18
6.16 0 -5.8487e-18 -0.00164879 0.0001405 -0.0140318 -1.83801e-18
6.18 0 1.99493e-17 -0.00157387 0.000134925 -0.0133942 5.81535e-17
6.2 0 5.07677e-18 -0.00151242 0.000128002 -0.0128712 -1.09527e-17
6.22 0 -1.18224e-17 -0.00149177 0.000121821 -0.0126955 -1.16886e-16
6.24 0 2.22009e-17 -0.00150277 0.000116186 -0.0127892 5.6187e-17
6.26 0 -4.63911e-17 -0.00150805 0.000106247 -0.0128341 2.2022e-17
6.28 0 -5.44554e-17 -0.00145474 8.4885e-05 -0.0123804 -1.64817e-16
6.3 0 -1.82296e-17 -0.00128538 5.67706e-05 -0.010939 -5.12354e-18
6.32 0 -6.08986e-17 -0.000972708 2.3729e-05 -0.00827811 -3.05791e-18
6.34 0 -5.47636e-18 -0.000533046 -1.6311e-05 -0.00453643 -5.75742e-17
6.36 0 7.89552e-18 -1.35625e-05 -6.08339e-05 -0.000115447 -8.35316e-17
6.38 0 -1.76613e-17 0.000520557 -0.000106763 0.00443009 -6.71106e-18
6.4 0 8.1516e-17 0.00100429 -0.000148458 0.0085468 4.09772e-17
6.42 0 -4.22158e-17 0.00138693 -0.000182248 0.0118033 6.79471e-17
6.44 0 -4.92351e-18 0.00164942 -0.000205562 0.0140371 1.494e-16
6.46 0 2.47891e-17 0.00180412 -0.000218321 0.0153537 1.02645e-16
6.48 0 1.83112e-17 0.00187827 -0.000221928 0.0159847 6.16884e-17
6.5 0 1.85957e-17 0.00189857 -0.00021908 0.0161575 4.66175e-17
6.52 0 2.50837e-17 0.00188571 -0.00021256 0.016048 5.2859e-17
6.54 0 2.69856e-18 0.00185093 -0.000204338 0.015752 6.06761e-17
6.56 0 -8.96002e-18 0.00179217 -0.000194784 0.015252 -3.84937e-17
6.58 0 3.44221e-18 0.00169244 -0.000182433 0.0144032 -4.53627e-18
6.6 0 5.03386e-18 0.001529 -0.000164828 0.0130123 -2.18647e-18
6.62 0 7.56036e-18 0.00129239 -0.000140436 0.0109987 2.41661e-17
6.64 0 -6.0905e-20 0.000998711 -0.000109467 0.00849936 2.75978e-17
6.66 0 1.98899e-17 0.00068242 -7.35014e-05 0.00580761 3.22607e-17
6.68 0 3.97191e-17 0.000378124 -3.51755e-05 0.00321794 6.89892e-17
6.7 0 -1.64473e-17 0.000111049 2.42644e-06 0.00094504 2.86156e-17
6.72 0 -2.16908e-17 -0.000103078 3.64982e-05 -0.000877258 1.78824e-17
6.74 0 7.10848e-17 -0.00026025 6.52787e-05 -0.00221484 2.54301e-16
6.76 0 4.89744e-18 -0.000373765 8.86773e-05 -0.00318089 1.4122e-16
6.78 0 -6.14474e-17 -0.000473982 0.000107902 -0.00403377 -1.87402e-18
6.8 0 -7.50393e-17 -0.000597148 0.000124367 -0.00508196 -1.24339e-16
6.82 0 6.24654e-17 -0.000767454 0.000139061 -0.00653132 4.44915e-17
6.84 0 -9.11872e-17 -0.000984719 0.000152635 -0.00838033 -1.03958e-16
6.86 0 -1.01314e-17 -0.00122882 0.000166437 -0.0104577 -1.02465e-16
6.88 0 2.60068e-18 -0.00147464 0.000181224 -0.0125498 -4.60886e-17
6.9 0 -4.68457e-18 -0.00169821 0.000194435 -0.0144524 -1.34454e-16
6.92 0 6.09055e-17 -0.00187142 0.000203542 -0.0159265 1.60536e-17
6.94 0 -1.95764e-17 -0.00196793 0.00020741 -0.0167478 7.54014e-18
6.96 0 1.68421e-17 -0.00197873 0.000205138 -0.0168397 3.01625e-17
6.98 0 4.21321e-18 -0.00191627 0.000196461 -0.0163082 5.36642e-18
7 0 -1.05405e-18 -0.0018032 0.000181198 -0.0153458 -2.08542e-17
7.02 0 5.27836e-18 -0.00165593 0.000159369 -0.0140926 -8.49496e-18
7.04 0 5.13474e-18 -0.0014745 0.000131097 -0.0125485 -2.40252e-18
7.06 0 2.02249e-17 -0.00124703 9.69008e-05 -0.0106127 3.80449e-17
7.08 0 -2.03706e-17 -0.000966207 5.8006e-05 -0.00822279 2.51568e-17
7.1 0 3.31434e-18 -0.00063966 1.66084e-05 -0.00544376 3.43675e-17
7.12 0 -5.39027e-17 -0.00028582 -2.42537e-05 -0.00243245 -7.63348e-17
7.14 0 5.15631e-17 7.4139e-05 -6.12685e-05 0.000630921 2.17547e-17
7.16 0 -3.51602e-17 0.000418479 -9.16653e-05 0.00356138 -2.09981e-17
7.18 0 2.73618e-17 0.000723415 -0.0001139 0.00615649 5.80643e-17
7.2 0 1.06016e-18 0.000964039 -0.000128178 0.00820428 1.21688e-17
7.22 0 -2.58033e-17 0.00112179 -0.000135171 0.0095468 2.3865e-17
7.24 0 1.37255e-18 0.00119327 -0.000136137 0.0101551 -1.45255e-17
7.26 0 -9.5394e-18 0.00119554 -0.000133241 0.0101744 -4.3026e-17
7.28 0 -2.11663e-18 0.00116332 -0.000128739 0.0099002 3.05872e-17
7.3 0 -1.23222e-17 0.00113565 -0.00012483 0.00966479 1.50203e-17
7.32 0 -3.48796e-18 0.00114115 -0.000122874 0.00971153 7.52628e-18
7.34 0 3.16098e-18 0.00119095 -0.000122818 0.0101354 1.34183e-17
7.36 0 4.0068e-18 0.00127931 -0.000122736 0.0108874 2.0267e-17
7.38 0 -1.00611e-17 0.00138553 -0.000119454 0.0117913 -1.87721e-17
7.4 0 5.21409e-18 0.00147789 -0.000110155 0.0125773 3.14928e-19
7.42 0 1.48325e-17 0.00152188 -9.37932e-05 0.0129517 2.38357e-17
7.44 0 -2.74007e-17 0.00148991 -7.11811e-05 0.0126796 -4.22592e-17
7.46 0 3.77214e-17 0.0013678 -4.42343e-05 0.0116404 3.20987e-17
7.48 0 4.66559e-17 0.00115734 -1.53156e-05 0.00984935 4.89638e-17
7.5 0 -3.02246e-17 0.000874772 1.36776e-05 0.00744458 4.49679e-17
7.52 0 -4.19029e-17 0.00054361 4.11158e-05 0.00462628 2.24575e-17
7.54 0 -4.32422e-17 0.000186497 6.55831e-05 0.00158713 6.55412e-18
7.56 0 6.09144e-17 -0.00017763 8.66063e-05 -0.00151172 8.3976e-17
7.58 0 -3.73738e-17 -0.000532223 0.000104062 -0.00452943 -3.50192e-17
7.6 0 1.33045e-17 -0.000861884 0.000117834 -0.00733496 2.07803e-19
7.62 0 6.76756e-18 -0.00115345 0.000127814 -0.00981628 1.14198e-17
7.64 0 -8.7053e-18 -0.00139618 0.000133906 -0.011882 -4.34888e-18
7.66 0 3.42781e-18 -0.00158035 0.000136167 -0.0134494 -1.61254e-18
7.68 0 -2.89561e-20 -0.00169731 0.000134749 -0.0144447 -1.29501e-17
7.7 0 -2.71726e-18 -0.00174155 0.00012954 -0.0148212 -6.4258e-19
7.72 0 8.23592e-18 -0.00171209 0.000119747 -0.0145705 -7.28699e-18
7.74 0 -1.76275e-17 -0.00161126 0.000104116 -0.0137124 -5.20548e-20
7.76 0 2.46672e-18 -0.00144243 8.18873e-05 -0.0122756 -3.49557e-17
7.78 0 4.23239e-18 -0.00121025 5.35844e-05 -0.0102997 -2.57548e-17
7.8 0 -1.13192e-17 -0.000923203 2.10602e-05 -0.0078568 -3.77402e-17
7.82 0 4.4255e-17 -0.000595095 -1.29147e-05 -0.00506449 4.4748e-17
7.84 0 1.90691e-17 -0.000244903 -4.52779e-05 -0.00208424 1.23484e-17
7.86 0 -4.73978e-17 0.000104819 -7.32939e-05 0.00089202 1.06505e-18
7.88 0 5.87224e-18 0.000433232 -9.48386e-05 0.00368693 4.67975e-18
7.9 0 2.28155e-17 0.000727815 -0.000109367 0.00619393 -1.88634e-17
7.92 0 -1.22386e-17 0.000986132 -0.000117969 0.0083923 -5.59949e-17
7.94 0 1.16576e-17 0.00121066 -0.000122396 0.0103031 -3.46572e-18
7.96 0 8.96111e-18 0.00140317 -0.000124454 0.0119414 2.83723e-17
7.98 0 -5.07245e-18 0.00156469 -0.000125425 0.013316 1.67257e-17
8 0 4.09467e-18 0.00169656 -0.000125889 0.0144383 1.14044e-17
8.02 0 -1.41337e-18 0.00179833 -0.000125736 0.0153043 -2.73305e-18
8.04 0 -2.78973e-18 0.00186558 -0.000124267 0.0158767 -3.37714e-18
8.06 0 8.84043e-18 0.00189148 -0.000120212 0.0160971 4.05661e-18
8.08 0 -4.18617e-18 0.00186902 -0.000112016 0.015906 -1.26536e-17
8.1 0 7.8547e-18 0.00179095 -9.85613e-05 0.0152416 3.29269e-17
8.12 0 4.42528e-19 0.00164946 -7.9786e-05 0.0140375 4.09672e-17
8.14 0 5.51299e-18 0.00143901 -5.66138e-05 0.0122465 1.91863e-17
8.16 0 8.54171e-18 0.00115986 -3.04514e-05 0.00987083 2.34941e-17
8.18 0 -2.50915e-17 0.000818019 -2.78482e-06 0.0069616 -1.03439e-16
8.2 0 9.73111e-18 0.000422817 2.50439e-05 0.0035983 -1.52122e-17
8.22 0 7.40837e-18 -1.34818e-05 5.19738e-05 -0.000114761 -1.8875e-17
8.24 0 1.91342e-17 -0.000473902 7.71589e-05 -0.0040331 9.60503e-17
8.26 0 1.46374e-17 -0.000936229 9.98112e-05 -0.00796766 6.67209e-17
8.28 0 -2.28648e-17 -0.00137485 0.000118987 -0.0117004 5.95958e-18
8.3 0 8.18365e-18 -0.00176315 0.000133676 -0.0150051 -1.75481e-18
8.32 0 2.63024e-17 -0.00207613 0.000143188 -0.0176686 5.23975e-17
8.34 0 6.24009e-18 -0.00229384 0.000147415 -0.0195214 7.49888e-18
8.36 0 -2.62395e-18 -0.00240531 0.000146931 -0.02047 7.82974e-18
8.38 0 -7.21193e-18 -0.00241202 0.00014286 -0.0205271 -9.73967e-18
8.4 0 2.10077e-18 -0.00233013 0.0001366 -0.0198303 7.21189e-18
8.42 0 -1.42418e-18 -0.00218913 0.000129171 -0.0186303 7.13881e-18
8.44 0 -7.96167e-18 -0.00202434 0.000120699 -0.0172279 -1.46258e-17
8.46 0 -6.52183e-18 -0.0018612 0.000110345 -0.0158395 -1.05047e-17
8.48 0 -1.2114e-18 -0.00170044 9.674e-05 -0.0144714 2.61381e-18
8.5 0 -3.51535e-18 -0.00151982 7.89112e-05 -0.0129342 -4.7033e-18
8.52 0 8.44519e-18 -0.00129017 5.68553e-05 -0.0109799 -1.82194e-17
8.54 0 2.44795e-18 -0.000989819 3.14969e-05 -0.00842376 -6.00365e-18
8.56 0 -2.7312e-17 -0.000610637 4.44384e-06 -0.00519679 -2.34759e-17
8.58 0 -5.3063e-18 -0.000162863 -2.23854e-05 -0.00138607 1.79536e-17
8.6 0 -2.6988e-19 0.000321128 -4.71679e-05 0.00273286 1.28716e-17
8.62 0 -1.357e-17 0.000793163 -6.83452e-05 0.00675005 -4.73402e-17
8.64 0 5.70205e-18 0.00120518 -8.51068e-05 0.0102564 -1.33108e-20
8.66 0 -4.35855e-18 0.00152394 -9.7373e-05 0.0129692 -2.67364e-17
8.68 0 -3.4335e-18 0.00173692 -0.000105442 0.0147817 -6.32546e-18
8.7 0 -1.09706e-17 0.00185069 -0.000109936 0.01575 -5.24399e-18
8.72 0 -1.33969e-18 0.00188582 -0.000111653 0.0160489 -2.53092e-18
8.74 0 9.55538e-19 0.00186918 -0.000111498 0.0159073 -2.78457e-18
8.76 0 1.1905e-18 0.001826 -0.000110259 0.0155398 -4.01378e-18
8.78 0 4.96063e-19 0.00177472 -0.00010833 0.0151034 -4.41305e-18
8.8 0 -9.07729e-18 0.00172471 -0.000105448 0.0146778 -1.51118e-17
8.82 0 -1.39004e-17 0.00167282 -0.000100572 0.0142363 -3.61478e-17
8.84 0 -1.15222e-17 0.00159996 -9.22114e-05 0.0136162 -2.03174e-17
8.86 0 4.30645e-18 0.00147671 -7.91931e-05 0.0125673 -3.6396e-17
8.88 0 1.71865e-17 0.00127832 -6.12171e-05 0.0108789 -3.09346e-17
8.9 0 -5.34372e-17 0.000995545 -3.88783e-05 0.00847239 -8.5653e-17
8.92 0 5.93716e-17 0.00063434 -1.34839e-05 0.00539841 5.11659e-17
8.94 0 -1.61e-17 0.000213236 1.32768e-05 0.00181467 1.99162e-17
8.96 0 2.61822e-18 -0.000236815 3.93802e-05 -0.00201542 1.53123e-17
8.98 0 2.56549e-18 -0.000676688 6.28378e-05 -0.0057589 -4.75765e-19
9 0 1.03027e-17 -0.00106945 8.24235e-05 -0.0091014 2.76458e-17
9.02 0 -1.24591e-17 -0.00138879 9.75481e-05 -0.0118191 -3.16682e-17
9.04 0 1.25144e-17 -0.00161987 0.000108002 -0.0137857 -6.7605e-18
9.06 0 -3.49046e-19 -0.0017576 0.000113959 -0.0149579 -1.22575e-17
9.08 0 2.2369e-18 -0.00180775 0.000116013 -0.0153847 -4.82574e-18
9.1 0 -4.04205e-18 -0.00178789 0.000115128 -0.0152156 4.02243e-18
9.12 0 -9.73933e-18 -0.00172367 0.000112329 -0.0146691 5.47091e-18
9.14 0 -2.3245e-18 -0.00164107 0.000108251 -0.0139661 2.26517e-19
9.16 0 1.21417e-17 -0.00155833 0.00010271 -0.013262 7.86811e-18
9.18 0 1.67602e-17 -0.00147912 9.46608e-05 -0.0125879 4.17235e-17
9.2 0 5.70784e-18 -0.00139059 8.28972e-05 -0.0118345 1.55139e-17
9.22 0 2.47538e-18 -0.00127228 6.71036e-05 -0.0108276 8.03168e-18
9.24 0 -2.65677e-17 -0.00111075 4.82931e-05 -0.00945289 -1.24106e-16
9.26 0 -3.7409e-17 -0.000905534 2.82936e-05 -0.00770645 -1.07945e-16
9.28 0 2.36249e-17 -0.000662572 8.79735e-06 -0.00563876 -6.68701e-17
9.3 0 1.47637e-17 -0.000387188 -9.43797e-06 -0.00329515 -2.75144e-17
9.32 0 1.63394e-17 -8.63477e-05 -2.64677e-05 -0.000734895 3.26937e-17
9.34 0 -1.56729e-17 0.0002248 -4.25852e-05 0.00191308 -2.32669e-18
9.36 0 3.19328e-18 0.000522724 -5.79019e-05 0.00444852 2.34688e-17
9.38 0 -3.56852e-17 0.000784009 -7.19605e-05 0.00667215 -4.29973e-17
9.4 0 -4.28114e-18 0.000994306 -8.39016e-05 0.00846185 -2.11212e-17
9.42 0 2.40682e-17 0.0011506 -9.29209e-05 0.00979195 1.74642e-17
9.44 0 -3.87997e-18 0.00125757 -9.85979e-05 0.0107023 1.55987e-17
9.46 0 -8.25614e-19 0.00132291 -0.000100993 0.0112584 9.00909e-18
9.48 0 -4.32117e-18 0.00135417 -0.000100474 0.0115244 -2.24212e-18
9.5 0 4.76358e-18 0.00135693 -9.74356e-05 0.0115479 1.64965e-18
9.52 0 2.27355e-19 0.00133342 -9.20408e-05 0.0113478 -6.81538e-18
9.54 0 -9.9959e-18 0.00128153 -8.4074e-05 0.0109062 -1.61111e-17
9.56 0 1.48821e-17 0.00119428 -7.30242e-05 0.0101637 7.19542e-18
9.58 0 9.10998e-18 0.00106181 -5.84196e-05 0.00903632 3.11411e-18
9.6 0 -4.92028e-18 0.000875962 -4.01921e-05 0.0074547 -1.68516e-17
9.62 0 -3.05396e-18 0.000633979 -1.88369e-05 0.00539534 7.67263e-18
9.64 0 -1.05566e-17 0.000339495 4.58757e-06 0.00288918 1.12099e-17
9.66 0 -3.56758e-18 4.27716e-06 2.84814e-05 3.63547e-05 3.08261e-17
9.68 0 2.00807e-17 -0.000348356 5.08807e-05 -0.00296467 3.04026e-17
9.7 0 -1.27464e-17 -0.000684062 6.98554e-05 -0.00582165 -2.09289e-17
9.72 0 2.22256e-17 -0.000966102 8.38186e-05 -0.00822191 4.81826e-17
9.74 0 7.61248e-18 -0.00116721 9.20736e-05 -0.0099334 1.61027e-17
9.76 0 8.2927e-20 -0.00127721 9.49587e-05 -0.0108696 4.15784e-18
9.78 0 -1.33371e-17 -0.00130321 9.3507e-05 -0.0110908 -3.1219e-17
9.8 0 1.13645e-18 -0.00126392 8.9074e-05 -0.0107565 -1.61856e-17
9.82 0 -1.6643e-18 -0.00118178 8.27461e-05 -0.0100574 3.37993e-19
9.84 0 -1.36738e-18 -0.00107555 7.488e-05 -0.00915336 -3.37429e-18
9.86 0 -3.3374e-18 -0.000956073 6.50276e-05 -0.00813656 1.21472e-18
9.88 0 1.51947e-17 -0.000826215 5.24717e-05 -0.00703143 8.23818e-18
9.9 0 1.24912e-17 -0.000683739 3.69421e-05 -0.0058189 1.96363e-18
9.92 0 -2.17792e-17 -0.000524095 1.89282e-05 -0.00446027 -2.38475e-17
9.94 0 -7.64921e-18 -0.000342142 -5.15113e-07 -0.0029118 -4.63809e-17
9.96 0 7.46025e-18 -0.000134685 -2.01147e-05 -0.00114626 1.06492e-17
9.98 0 5.36574e-20 9.55135e-05 -3.86554e-05 0.000812808 3.31335e-17
10 0 -1.15408e-17 0.000337318 -5.51811e-05 0.00287065 1.04425e-17
10.02 0 -1.15832e-17 0.000573618 -6.91406e-05 0.00488164 -2.70517e-17
10.04 0 1.363e-18 0.000787391 -8.03657e-05 0.00670093 -1.0168e-17
10.06 0 -1.83436e-17 0.000967081 -8.88942e-05 0.00823015 -2.11403e-17
10.08 0 2.1894e-17 0.00110796 -9.49432e-05 0.00942909 2.07093e-17
10.1 0 1.88692e-17 0.00120976 -9.87486e-05 0.0102955 5.90381e-17
10.12 0 -4.83721e-18 0.00127273 -0.000100327 0.0108313 3.21199e-17
10.14 0 -5.12941e-18 0.00129477 -9.94106e-05 0.0110189 1.39583e-17
10.16 0 -8.43112e-18 0.00127171 -9.5491e-05 0.0108226 -1.79508e-17
10.18 0 2.31657e-18 0.00119998 -8.80602e-05 0.0102122 -2.45135e-17
10.2 0 2.32602e-18 0.00107939 -7.69091e-05 0.00918591 -1.47761e-17
10.22 0 1.98676e-18 0.000914301 -6.2354e-05 0.00778097 -5.18994e-18
10.24 0 -1.53007e-18 0.000713369 -4.51984e-05 0.00607097 -4.19836e-18
10.26 0 1.77224e-18 0.000488098 -2.6496e-05 0.00415384 2.78891e-17
10.28 0 -3.32134e-18 0.00025088 -7.30517e-06 0.00213503 2.72228e-17
10.3 0 4.94174e-18 1.28866e-05 1.1469e-05 0.000109624 1.49977e-17
10.32 0 -1.46962e-17 -0.000217597 2.91564e-05 -0.00185187 3.8774e-18
10.34 0 1.0799e-17 -0.000435718 4.53031e-05 -0.00370816 2.51293e-17
10.36 0 5.16772e-18 -0.000639208 5.95672e-05 -0.00543993 -3.07257e-19
10.38 0 1.72908e-17 -0.000826553 7.16416e-05 -0.0070343 3.20853e-17
10.4 0 -2.71084e-17 -0.000994944 8.1255e-05 -0.00846737 4.27311e-18
10.42 0 -1.38608e-17 -0.00113874 8.8353e-05 -0.00969115 -2.93666e-17
10.44 0 -5.32267e-18 -0.00124977 9.29084e-05 -0.010636 1.29287e-17
10.46 0 -7.47628e-18 -0.00131925 9.46686e-05 -0.0112274 -1.21784e-18
10.48 0 -4.19777e-19 -0.0013397 9.34643e-05 -0.0114013 -7.76852e-18
10.5 0 -5.09412e-19 -0.00130621 8.91924e-05 -0.0111164 -3.59913e-18
10.52 0 3.12799e-18 -0.00121746 8.17404e-05 -0.010361 -6.02543e-18
10.54 0 2.84186e-20 -0.00107691 7.11051e-05 -0.00916492 1.92657e-18
10.56 0 -1.78798e-18 -0.000894521 5.75305e-05 -0.00761273 1.75683e-17
10.58 0 -4.99341e-19 -0.000686728 4.16684e-05 -0.00584434 -1.51854e-17
10.6 0 1.09615e-18 -0.000472706 2.44888e-05 -0.00402294 1.53442e-17
10.62 0 -7.37984e-19 -0.000267931 7.02061e-06 -0.00228024 1.06276e-17
10.64 0 -1.24738e-17 -7.89823e-05 -9.95281e-06 -0.000672212 -3.30809e-17
10.66 0 1.49878e-17 9.71833e-05 -2.60774e-05 0.000827018 1.0311e-17
10.68 0 1.89501e-17 0.000269381 -4.13762e-05 0.00229248 -3.58231e-17
10.7 0 -1.40439e-17 0.00044583 -5.59393e-05 0.00379413 -1.32332e-16
10.72 0 2.2498e-17 0.000628201 -6.95645e-05 0.00534617 -6.44388e-17
10.74 0 1.15358e-17 0.000808964 -8.18542e-05 0.00688452 1.41447e-17
10.76 0 -1.22792e-17 0.000974025 -9.20797e-05 0.00828925 -5.31191e-18
10.78 0 6.13376e-18 0.00110808 -9.9272e-05 0.00943014 -3.4917e-17
10.8 0 2.30772e-17 0.00119831 -0.000102879 0.010198 3.83948e-17
10.82 0 -2.21228e-17 0.00123584 -0.000102761 0.0105174 -1.87698e-17
10.84 0 4.90492e-18 0.00121708 -9.91047e-05 0.0103578 8.21136e-18
10.86 0 -4.36923e-19 0.00114578 -9.23525e-05 0.00975097 -2.67156e-18
10.88 0 1.87212e-18 0.00103361 -8.30123e-05 0.00879632 3.18885e-18
10.9 0 1.26952e-18 0.000896853 -7.15951e-05 0.00763249 -1.29363e-18
10.92 0 -8.04948e-18 0.000750308 -5.85373e-05 0.00638534 -2.51147e-18
10.94 0 4.47856e-18 0.000601478 -4.40788e-05 0.00511874 2.03337e-17
10.96 0 -1.91945e-17 0.000448607 -2.81887e-05 0.00381776 -1.30713e-17
10.98 0 4.04869e-18 0.000284185 -1.07672e-05 0.00241846 -6.56666e-18
11 0 1.22394e-17 0.000102069 7.95549e-06 0.000868599 2.23834e-17
11.02 0 -8.01851e-18 -9.64132e-05 2.71532e-05 -0.000820555 -1.49395e-18
11.04 0 8.51343e-18 -0.000300991 4.54768e-05 -0.00256158 -2.05356e-17
11.06 0 -9.60289e-18 -0.000495742 6.15034e-05 -0.00421898 2.21627e-17
11.08 0 1.84409e-17 -0.000665236 7.41723e-05 -0.00566144 6.42974e-17
11.1 0 -1.84888e-17 -0.000800675 8.29464e-05 -0.00681407 1.74807e-17
11.12 0 -2.21281e-18 -0.000902499 8.81461e-05 -0.00768062 2.2121e-17
11.14 0 3.50692e-18 -0.000978057 9.06274e-05 -0.00832365 -1.78346e-18
11.16 0 8.58192e-18 -0.00103528 9.11365e-05 -0.00881066 3.13587e-17
11.18 0 -4.52198e-18 -0.0010767 9.00716e-05 -0.00916312 6.14144e-18
11.2 0 1.38163e-18 -0.00109838 8.73949e-05 -0.00934761 8.58423e-18
11.22 0 3.34673e-19 -0.00109335 8.27521e-05 -0.00930481 -1.44452e-18
11.24 0 -4.67616e-18 -0.00105588 7.55873e-05 -0.00898598 -1.4125e-17
11.26 0 -2.09588e-18 -0.000983854 6.54125e-05 -0.00837299 -2.61551e-18
11.28 0 -1.94411e-18 -0.000878906 5.20994e-05 -0.00747984 -2.81506e-17
11.3 0 1.67221e-17 -0.000745398 3.59852e-05 -0.00634365 4.03972e-18
11.32 0 -8.7918e-18 -0.000589707 1.78043e-05 -0.00501865 -4.60842e-17
11.34 0 5.67187e-17 -0.000420912 -1.34982e-06 -0.00358216 1.13533e-17
11.36 0 4.33734e-17 -0.000251242 -2.00873e-05 -0.0021382 1.13147e-16
11.38 0 1.09459e-17 -9.31995e-05 -3.70012e-05 -0.000793206 1.09381e-16
11.4 0 8.25183e-18 4.6394e-05 -5.11023e-05 0.000394783 2.99025e-17
11.42 0 2.01766e-17 0.000170605 -6.22329e-05 0.00145187 5.04359e-17
11.44 0 1.27765e-17 0.000290787 -7.08612e-05 0.00247465 1.86955e-17
11.46 0 -3.82993e-17 0.000419513 -7.76962e-05 0.00357015 -1.85648e-17
11.48 0 6.68838e-18 0.000562129 -8.33502e-05 0.00478387 -3.17767e-17
11.5 0 -1.59633e-17 0.000711191 -8.78243e-05 0.00605244 -1.47111e-17
11.52 0 2.32414e-17 0.000846884 -9.04764e-05 0.00720723 3.94862e-17
11.54 0 -9.38325e-18 0.000945378 -9.04573e-05 0.00804545 -4.33179e-18
11.56 0 9.24362e-18 0.000990962 -8.72461e-05 0.00843339 7.52391e-18
11.58 0 -2.39232e-18 0.000982773 -8.08471e-05 0.0083637 1.01123e-19
11.6 0 4.23543e-19 0.000931922 -7.16137e-05 0.00793094 6.67513e-18
11.62 0 4.3128e-18 0.000854303 -6.00626e-05 0.00727037 1.63543e-17
11.64 0 -4.55988e-18 0.000765375 -4.68382e-05 0.00651356 8.93331e-18
11.66 0 2.09628e-17 0.000676916 -3.26603e-05 0.00576074 2.12719e-17
11.68 0 -2.66843e-17 0.00059351 -1.81393e-05 0.00505093 -9.78614e-19
11.7 0 -1.00926e-17 0.000510123 -3.59267e-06 0.00434128 -2.95454e-17
11.72 0 6.05955e-17 0.000413556 1.09751e-05 0.00351946 6.4427e-17
11.74 0 -4.71592e-17 0.000287742 2.56975e-05 0.00244874 -9.56998e-18
11.76 0 1.90627e-17 0.000120501 4.05691e-05 0.00102546 2.24171e-18
11.78 0 -2.97861e-18 -9.0373e-05 5.53435e-05 -0.000769151 -4.85074e-17
11.8 0 2.65873e-17 -0.000334203 6.93548e-05 -0.00284423 -1.83287e-17
11.82 0 1.14927e-17 -0.000589577 8.14549e-05 -0.00501755 -2.19404e-19
11.84 0 -1.79282e-17 -0.000830586 9.06409e-05 -0.00706862 -2.49283e-17
11.86 0 7.31904e-18 -0.00103436 9.63853e-05 -0.0088028 -1.2899e-17
11.88 0 3.72808e-18 -0.00118631 9.86366e-05 -0.0100959 -8.04289e-18
11.9 0 2.24924e-18 -0.00128173 9.77872e-05 -0.010908 -4.85257e-18
11.92 0 1.28341e-19 -0.0013247 9.44222e-05 -0.0112737 -1.7224e-18
11.94 0 5.11553e-19 -0.00132514 8.90453e-05 -0.0112775 -3.80341e-19
11.96 0 1.15437e-17 -0.00129501 8.18316e-05 -0.0110211 2.73186e-17
11.98 0 1.89366e-17 -0.00124419 7.26608e-05 -0.0105885 4.29918e-17
12 0 -1.10399e-17 -0.00117742 6.13439e-05 -0.0100203 2.4541e-17
12.02 0 -2.09367e-17 -0.00109368 4.7812e-05 -0.00930764 -1.04861e-17
12.04 0 -5.76183e-18 -0.000988217 3.22154e-05 -0.00841012 6.44729e-17
12.06 0 -2.20855e-17 -0.000856619 1.50489e-05 -0.00729017 2.83405e-18
12.08 0 -8.3646e-18 -0.000698422 -2.76872e-06 -0.00594386 -3.63793e-18
12.1 0 -1.92839e-17 -0.000517845 -2.00569e-05 -0.00440709 -6.10144e-18
12.12 0 -2.16225e-17 -0.00032147 -3.57535e-05 -0.00273587 -6.32171e-17
12.14 0 9.68881e-18 -0.000115444 -4.92369e-05 -0.000982515 -9.33768e-18
12.16 0 2.44361e-17 9.54136e-05 -6.04744e-05 0.000811958 6.1485e-17
12.18 0 -2.73659e-17 0.000306947 -6.98802e-05 0.00261218 5.75942e-17
12.2 0 4.4535e-17 0.00051478 -7.77741e-05 0.00438091 2.10138e-17
12.22 0 -4.00313e-17 0.000712947 -8.43278e-05 0.00606738 -6.83155e-17
12.24 0 7.47389e-17 0.000893185 -8.95418e-05 0.00760127 3.53597e-17
12.26 0 1.3049e-17 0.00104604 -9.32239e-05 0.00890209 3.25633e-17
12.28 0 -2.45841e-19 0.00116319 -9.52644e-05 0.00989913 2.36599e-17
12.3 0 -7.53587e-19 0.00123962 -9.55946e-05 0.0105495 1.17447e-17
12.32 0 -5.38385e-18 0.00127405 -9.39854e-05 0.0108426 -4.28697e-18
12.34 0 1.95781e-18 0.00126794 -8.98684e-05 0.0107906 -3.50169e-18
12.36 0 -3.75754e-18 0.00122328 -8.25203e-05 0.0104105 7.90246e-18
12.38 0 -1.97401e-18 0.00114107 -7.14458e-05 0.00971089 1.54616e-17
12.4 0 -1.26037e-17 0.00102192 -5.66858e-05 0.00869685 -3.71385e-17
12.42 0 -7.05561e-18 0.000868332 -3.89395e-05 0.00738976 -3.21222e-17
12.44 0 1.62568e-17 0.000686127 -1.9501e-05 0.00583914 1.91372e-17
12.46 0 -3.62412e-17 0.000483629 2.11118e-08 0.0041158 -3.09563e-17
12.48 0 -1.90647e-17 0.000269795 1.81319e-05 0.002296 -6.36761e-17
12.5 0 -1.4595e-17 5.3244e-05 3.37998e-05 0.000453079 -7.11506e-17
12.52 0 -3.06228e-17 -0.000157274 4.66065e-05 -0.00133851 -5.10281e-17
12.54 0 1.82846e-18 -0.00035233 5.65293e-05 -0.00299849 -9.21275e-17
12.56 0 -2.40037e-17 -0.00052222 6.36677e-05 -0.00444432 -4.94065e-17
12.58 0 9.54671e-18 -0.000658318 6.82225e-05 -0.00560256 1.33755e-17
12.6 0 -2.3539e-17 -0.000754961 7.03947e-05 -0.00642503 -1.25842e-18
12.62 0 1.49185e-17 -0.000810734 7.03598e-05 -0.00689968 1.91337e-17
12.64 0 1.77994e-18 -0.000828709 6.83748e-05 -0.00705265 1.94234e-18
12.66 0 -7.91388e-19 -0.000816183 6.48121e-05 -0.00694605 -1.90644e-18
12.68 0 -1.25529e-19 -0.000783895 6.00568e-05 -0.00667126 -4.51676e-19
12.7 0 -6.90567e-18 -0.000744091 5.43348e-05 -0.00633252 2.0691e-18
12.72 0 6.42768e-18 -0.000707322 4.77099e-05 -0.0060196 5.46838e-18
12.74 0 -4.55425e-18 -0.000679728 4.02517e-05 -0.00578477 1.66926e-17
12.76 0 1.26943e-17 -0.000662657 3.2165e-05 -0.00563948 4.05571e-17
12.78 0 -6.91259e-19 -0.000653487 2.37276e-05 -0.00556145 6.43755e-17
12.8 0 -9.37206e-18 -0.000645083 1.50897e-05 -0.00548993 6.64789e-17
12.82 0 3.57657e-17 -0.000624671 6.12301e-06 -0.00531621 1.53575e-17
12.84 0 -5.02907e-18 -0.000575925 -3.497e-06 -0.00490137 -2.81815e-17
12.86 0 1.50594e-17 -0.000485227 -1.39871e-05 -0.00412949 -3.53805e-17
12.88 0 2.21441e-17 -0.000348496 -2.53473e-05 -0.00296586 -2.89801e-17
12.9 0 3.58265e-17 -0.000173878 -3.71018e-05 -0.00147981 5.71487e-17
12.92 0 -1.01861e-17 2.0693e-05 -4.80514e-05 0.000176059 -2.59966e-18
12.94 0 1.42337e-17 0.000212013 -5.69675e-05 0.00180426 4.01267e-17
12.96 0 3.27572e-18 0.000376723 -6.29721e-05 0.003206 -7.06709e-18
12.98 0 -1.17361e-17 0.000496607 -6.56331e-05 0.00422626 -1.94943e-17
13 0 -1.26849e-17 0.000563717 -6.51383e-05 0.00479738 -2.75667e-17
13.02 0 8.72007e-18 0.000583336 -6.21155e-05 0.00496435 -2.91128e-18
13.04 0 -2.09293e-18 0.000571546 -5.73382e-05 0.00486401 -4.15871e-18
13.06 0 3.29565e-18 0.000547558 -5.13103e-05 0.00465987 8.40147e-19
13.08 0 -1.41088e-19 0.00052514 -4.40985e-05 0.00446908 -1.50558e-17
13.1 0 -9.22891e-18 0.000508627 -3.54853e-05 0.00432855 -2.18318e-17
13.12 0 -7.85926e-18 0.000494689 -2.52876e-05 0.00420993 4.30611e-18
13.14 0 4.83588e-18 0.000475946 -1.35862e-05 0.00405042 4.44996e-17
13.16 0 5.072e-18 0.000443382 -8.1025e-07 0.00377329 3.82078e-17
13.18 0 1.17331e-17 0.000388729 1.2277e-05 0.00330818 2.456e-17
13.2 0 1.08199e-17 0.000308133 2.46859e-05 0.00262227 5.76107e-17
13.22 0 -1.31234e-17 0.000205032 3.54111e-05 0.00174485 1.38565e-17
13.24 0 3.03356e-17 8.99087e-05 4.37663e-05 0.000765109 5.74296e-17
13.26 0 3.08075e-17 -2.32497e-05 4.9428e-05 -0.000197908 4.1956e-17
13.28 0 -1.19901e-17 -0.000122135 5.23294e-05 -0.00103946 8.5203e-18
13.3 0 2.04154e-17 -0.000201236 5.29061e-05 -0.00171263 3.11269e-17
13.32 0 1.38842e-17 -0.000265558 5.20569e-05 -0.00226003 2.78703e-17
13.34 0 -5.04987e-18 -0.000329959 5.09359e-05 -0.00280811 3.66676e-18
13.36 0 1.18193e-18 -0.000412609 5.07143e-05 -0.00351149 3.23274e-18
13.38 0 1.95815e-18 -0.000525562 5.20788e-05 -0.00447276 3.00384e-18
13.4 0 -1.02138e-17 -0.00066787 5.47605e-05 -0.00568385 -7.32281e-19
13.42 0 -2.64493e-17 -0.000824982 5.74231e-05 -0.00702093 -7.67304e-18
13.44 0 9.27705e-18 -0.000974077 5.82197e-05 -0.00828978 3.96175e-17
13.46 0 -2.88917e-18 -0.00109234 5.56904e-05 -0.00929628 6.2339e-18
13.48 0 1.05624e-17 -0.00116404 4.93376e-05 -0.00990641 -1.26676e-17
13.5 0 -1.15764e-17 -0.00118246 3.95402e-05 -0.0100632 -6.89887e-17
13.52 0 2.86737e-17 -0.00114686 2.71174e-05 -0.00976025 4.22227e-17
13.54 0 -2.07406e-17 -0.00105887 1.3005e-05 -0.0090114 1.00515e-17
13.56 0 -3.99772e-17 -0.000922744 -2.07967e-06 -0.00785292 -9.15622e-17
13.58 0 -5.20145e-18 -0.000747137 -1.71744e-05 -0.00635844 3.43525e-17
13.6 0 1.7129e-17 -0.000544496 -3.10714e-05 -0.0046339 7.72486e-17
13.62 0 -3.92139e-17 -0.000327048 -4.30211e-05 -0.00278334 -6.42967e-17
13.64 0 4.55168e-18 -0.000102217 -5.27177e-05 -0.000869948 -1.03784e-16
13.66 0 1.87661e-17 0.000127301 -6.03553e-05 0.00108333 2.02293e-17
13.68 0 1.96507e-17 0.000358912 -6.65108e-05 0.00305442 8.2015e-18
13.7 0 -6.38904e-18 0.000586099 -7.17869e-05 0.00498786 -2.11802e-18
13.72 0 -3.13406e-18 0.000798954 -7.64718e-05 0.00679933 -4.80374e-18
13.74 0 1.48565e-18 0.000988188 -8.03735e-05 0.00840978 -6.8196e-18
13.76 0 6.28568e-18 0.00114906 -8.29398e-05 0.00977888 -2.35797e-18
13.78 0 -5.3324e-18 0.00128222 -8.35574e-05 0.0109121 -6.74727e-18
13.8 0 7.86807e-18 0.00139096 -8.18519e-05 0.0118375 1.77192e-17
13.82 0 -4.30231e-18 0.00147785 -7.78246e-05 0.012577 4.39757e-17
13.84 0 3.33196e-19 0.0015433 -7.17938e-05 0.013134 -6.50182e-18
13.86 0 1.07077e-17 0.00158541 -6.42081e-05 0.0134924 1.01475e-17
13.88 0 8.97643e-18 0.00159929 -5.54518e-05 0.0136105 8.47173e-17
13.9 0 3.58726e-19 0.00157639 -4.57832e-05 0.0134156 5.99413e-17
13.92 0 -4.01932e-17 0.00150621 -3.54092e-05 0.0128184 -7.25109e-18
13.94 0 2.78259e-17 0.00138031 -2.45333e-05 0.0117469 8.01916e-17
13.96 0 7.80625e-18 0.00119514 -1.32922e-05 0.010171 2.07442e-17
13.98 0 2.3125e-17 0.00095138 -1.73166e-06 0.00809653 2.67257e-17
14 0 -3.73814e-18 0.000652978 1.07763e-05 0.00555702 6.58887e-17
14.02 0 -3.51318e-17 0.000308356 2.48403e-05 0.00262417 1.94149e-17
14.04 0 -1.45436e-17 -6.60891e-05 3.99613e-05 -0.000562487 -2.06654e-17
14.06 0 3.42764e-18 -0.000442511 5.50557e-05 -0.00376597 -1.60685e-17
14.08 0 -1.42556e-17 -0.000784806 6.84673e-05 -0.00667902 -2.49371e-18
14.1 0 -8.47661e-18 -0.00106053 7.8518e-05 -0.00902553 -1.89366e-17
14.12 0 5.19576e-18 -0.00125616 8.44997e-05 -0.0106904 7.17244e-19
14.14 0 1.92922e-20 -0.00138401 8.69356e-05 -0.0117785 3.03086e-18
14.16 0 -1.71965e-18 -0.00147347 8.72511e-05 -0.0125398 -2.43313e-18
14.18 0 -3.4032e-18 -0.00155344 8.68631e-05 -0.0132204 4.45145e-18
14.2 0 3.98356e-19 -0.00163888 8.63619e-05 -0.0139475 1.07059e-17
14.22 0 7.86728e-18 -0.00172722 8.52365e-05 -0.0146992 2.92867e-17
14.24 0 1.83583e-17 -0.00180091 8.23002e-05 -0.0153264 3.55653e-17
14.26 0 3.12763e-17 -0.00183096 7.63745e-05 -0.0155821 3.08254e-17
14.28 0 -1.95571e-17 -0.00178198 6.67421e-05 -0.0151653 2.33998e-17
14.3 0 -4.42474e-17 -0.00162347 5.3291e-05 -0.0138164 -9.536e-17
14.32 0 2.82831e-17 -0.00134544 3.6218e-05 -0.0114502 -6.8246e-17
14.34 0 1.39239e-18 -0.000967071 1.68025e-05 -0.00823016 -2.61331e-17
14.36 0 1.18566e-18 -0.000532534 -2.8145e-06 -0.00453209 -1.12315e-17
14.38 0 -1.59764e-17 -9.6623e-05 -2.09755e-05 -0.000822341 -1.32372e-17
14.4 0 -1.0629e-17 0.000293476 -3.67242e-05 0.00249754 -2.3328e-17
14.42 0 3.87147e-18 0.000613313 -4.99556e-05 0.00521947 -3.4373e-17
14.44 0 5.80989e-18 0.000867478 -6.12425e-05 0.0073825 -2.46532e-19
14.46 0 -1.66615e-18 0.00108226 -7.14884e-05 0.00921035 -1.26685e-17
14.48 0 1.18766e-18 0.00128721 -8.13824e-05 0.0109546 -5.4537e-18
14.5 0 1.28373e-18 0.00149694 -9.08422e-05 0.0127394 1.61202e-18
14.52 0 6.61469e-18 0.00170395 -9.89024e-05 0.0145012 1.97006e-17
14.54 0 -1.2794e-17 0.0018842 -0.000104145 0.0160351 -4.92454e-18
14.56 0 -8.45167e-18 0.0020081 -0.000105253 0.0170896 4.50044e-18
14.58 0 4.46004e-18 0.00204913 -0.00010133 0.0174387 -1.54048e-17
14.6 0 -1.75069e-18 0.00198801 -9.2045e-05 0.0169187 -5.69385e-17
14.62 0 -1.82501e-17 0.00181726 -7.77732e-05 0.0154655 -3.57985e-17
14.64 0 9.3683e-18 0.00154758 -5.94913e-05 0.0131704 1.95428e-17
14.66 0 1.16021e-17 0.00120843 -3.89463e-05 0.0102841 3.27936e-17
14.68 0 5.95239e-18 0.000837215 -1.81882e-05 0.00712495 5.22773e-18
14.7 0 -1.17312e-17 0.000463711 1.43587e-06 0.0039463 -3.97433e-17
14.72 0 2.72764e-17 0.000101734 1.9498e-05 0.00086575 4.7601e-18
14.74 0 1.01045e-17 -0.000247401 3.62668e-05 -0.00210551 1.8677e-17
14.76 0 -9.73438e-20 -0.00058682 5.21306e-05 -0.00499408 -5.13078e-19
14.78 0 6.81905e-18 -0.000918002 6.71569e-05 -0.00781256 1.18992e-18
14.8 0 -3.11617e-19 -0.00123605 8.10255e-05 -0.0105192 1.03356e-18
14.82 0 7.43059e-18 -0.00152578 9.30916e-05 -0.012985 8.64743e-19
14.84 0 1.25019e-17 -0.00176321 0.000102477 -0.0150056 1.63967e-17
14.86 0 2.43755e-18 -0.00192417 0.000108241 -0.0163754 9.19755e-18
14.88 0 1.20882e-17 -0.00199414 0.000109584 -0.0169709 -2.53564e-17
14.9 0 -1.41071e-17 -0.00197279 0.00010597 -0.0167891 -2.08841e-17
14.92 0 1.49752e-17 -0.00187257 9.72893e-05 -0.0159363 -7.00916e-18
14.94 0 -1.0783e-17 -0.0017128 8.40175e-05 -0.0145766 -1.64906e-17
14.96 0 -1.37859e-17 -0.00150983 6.71166e-05 -0.0128492 -3.82014e-17
14.98 0 1.98264e-17 -0.00126891 4.76551e-05 -0.0107989 3.96259e-17
15 0 -1.58558e-17 -0.000985299 2.65598e-05 -0.00838528 -5.1083e-17
15.02 0 2.24922e-18 -0.000654331 4.78083e-06 -0.00556863 -2.68328e-18
15.04 0 1.23839e-17 -0.000281885 -1.66735e-05 -0.00239899 -7.92393e-18
15.06 0 -1.0839e-17 0.000112683 -3.67425e-05 0.00095892 -3.58852e-17
15.08 0 1.9482e-17 0.000502193 -5.43779e-05 0.00427379 3.53094e-17
15.1 0 -5.09e-18 0.000861139 -6.91762e-05 0.00732854 5.19915e-18
15.12 0 -3.07828e-18 0.00117327 -8.14408e-05 0.00998489 1.36286e-19
15.14 0 5.65071e-18 0.0014328 -9.17401e-05 0.0121936 1.96126e-17
15.16 0 -1.92916e-18 0.00163993 -0.000100468 0.0139564 5.96891e-18
15.18 0 1.20444e-19 0.00179556 -0.000107481 0.0152808 5.16083e-18
15.2 0 -7.69392e-18 0.00189816 -0.000112147 0.0161539 -1.28781e-17
15.22 0 2.50073e-18 0.00194375 -0.000113509 0.016542 1.14106e-17
15.24 0 9.81556e-18 0.00192754 -0.000110441 0.016404 -5.99787e-18
15.26 0 -2.3862e-17 0.00184434 -0.000101872 0.015696 -3.16423e-17
15.28 0 -1.72245e-17 0.00168774 -8.7217e-05 0.0143632 -4.52393e-17
15.3 0 -1.13826e-17 0.00145303 -6.68771e-05 0.0123657 -2.67621e-17
15.32 0 -2.02827e-17 0.00114402 -4.23367e-05 0.00973597 -1.33434e-17
15.34 0 1.1171e-17 0.000775437 -1.57428e-05 0.0065992 -6.75329e-18
15.36 0 4.54075e-18 0.000367982 1.07152e-05 0.00313161 2.49076e-18
15.38 0 5.73579e-19 -5.62114e-05 3.54264e-05 -0.000478423 3.49023e-17
15.4 0 1.54144e-17 -0.000474386 5.72321e-05 -0.00403723 3.83017e-17
15.42 0 -1.06545e-18 -0.000865425 7.5644e-05 -0.00736512 1.24172e-17
15.44 0 -9.95145e-18 -0.00121568 9.09543e-05 -0.0103459 9.18101e-18
15.46 0 5.68764e-18 -0.00152029 0.000103668 -0.0129382 3.54338e-17
15.48 0 -7.16197e-18 -0.00177555 0.000114124 -0.0151106 7.50023e-18
15.5 0 -1.75402e-19 -0.0019718 0.000122197 -0.0167808 1.08591e-17
15.52 0 -9.74318e-19 -0.0020957 0.000127403 -0.0178352 1.01806e-18
15.54 0 -7.87579e-19 -0.00213806 0.000129052 -0.0181957 -2.63821e-18
15.56 0 -7.24535e-18 -0.00209828 0.000126383 -0.0178571 -6.32133e-19
15.58 0 2.43885e-18 -0.00198337 0.000118647 -0.0168792 3.16018e-17
15.6 0 4.20056e-18 -0.00180408 0.000105356 -0.0153534 -2.19546e-18
15.62 0 -3.34292e-17 -0.00157025 8.66434e-05 -0.0133635 -3.34085e-17
15.64 0 -1.31037e-17 -0.00128777 6.33671e-05 -0.0109594 -3.53363e-17
15.66 0 -1.62607e-17 -0.000959911 3.6965e-05 -0.00816923 -3.93673e-17
15.68 0 1.29359e-17 -0.000592711 9.31557e-06 -0.00504423 -1.85113e-17
15.7 0 -1.17254e-17 -0.00019947 -1.7485e-05 -0.00169761 -7.22913e-18
15.72 0 -1.48706e-17 0.000199716 -4.17356e-05 0.0016996 -4.01975e-17
15.74 0 2.51002e-17 0.000582836 -6.22341e-05 0.00496009 1.50542e-18
15.76 0 -2.37204e-17 0.000930169 -7.86238e-05 0.00791601 -5.36308e-17
15.78 0 -1.54694e-17 0.0012257 -9.12941e-05 0.010431 -4.03513e-17
15.8 0 9.80368e-18 0.00145692 -0.000100685 0.0123989 -2.83782e-17
15.82 0 -1.73953e-18 0.00161401 -0.000107022 0.0137357 -3.38327e-17
15.84 0 1.37053e-17 0.00168973 -0.000110072 0.0143802 -3.54719e-18
15.86 0 -1.60614e-17 0.00168169 -0.000109365 0.0143118 -1.01615e-17
15.88 0 -1.40012e-18 0.0015962 -0.000104534 0.0135842 -4.93036e-18
15.9 0 1.10291e-18 0.00144913 -9.55387e-05 0.0123326 -3.46383e-18
15.92 0 -4.6134e-19 0.00126021 -8.26557e-05 0.0107248 2.26002e-18
15.94 0 -2.18708e-18 0.00104472 -6.64539e-05 0.0088909 -4.29982e-18
15.96 0 -6.8888e-19 0.000810462 -4.77722e-05 0.00689726 1.14245e-17
15.98 0 -4.90133e-18 0.000561248 -2.76397e-05 0.00477637 4.54696e-19
16 0 7.7649e-18 0.000302055 -7.20014e-06 0.00257054 9.62992e-18
16.02 0 4.25206e-18 4.13168e-05 1.23497e-05 0.000351571 2.6605e-17
16.04 0 2.21578e-18 -0.000210828 2.99909e-05 -0.00179427 4.97722e-18
16.06 0 1.51941e-17 -0.000447348 4.52587e-05 -0.00380714 1.13106e-17
16.08 0 -1.38347e-17 -0.000667543 5.8357e-05 -0.00568107 1.10539e-17
16.1 0 -3.37937e-18 -0.000873628 6.97525e-05 -0.00743493 3.72862e-17
16.12 0 -1.139e-17 -0.00106269 7.96748e-05 -0.0090439 1.87901e-17
16.14 0 -2.71845e-18 -0.00122241 8.77022e-05 -0.0104032 6.58753e-18
16.16 0 -5.44206e-18 -0.00133451 9.28993e-05 -0.0113572 -5.46884e-19
16.18 0 1.90268e-18 -0.00138206 9.4303e-05 -0.0117619 7.82128e-18
16.2 0 -8.79458e-19 -0.0013556 9.13082e-05 -0.0115367 3.70421e-18
16.22 0 -1.49237e-18 -0.00125556 8.39286e-05 -0.0106853 4.66532e-18
16.24 0 3.44451e-19 -0.00109154 7.26847e-05 -0.00928943 4.67802e-18
16.26 0 4.07778e-19 -0.000879518 5.83675e-05 -0.00748505 4.81252e-18
16.28 0 6.4593e-18 -0.000638304 4.18274e-05 -0.00543224 1.19954e-17
16.3 0 3.40083e-18 -0.000386274 2.38782e-05 -0.00328737 -6.07179e-18
16.32 0 1.69699e-17 -0.000138698 5.26184e-06 -0.00118042 2.30204e-17
16.34 0 3.73631e-18 9.44065e-05 -1.33558e-05 0.000803382 3.09709e-17
16.36 0 4.27069e-20 0.000309621 -3.13879e-05 0.00263493 4.39991e-17
16.38 0 -3.27361e-17 0.000509627 -4.83311e-05 0.00433705 -5.26876e-18
16.4 0 -2.51789e-18 0.000699875 -6.37426e-05 0.00595613 -4.51637e-17
16.42 0 1.50693e-17 0.000882921 -7.71646e-05 0.00751392 -1.51631e-17
16.44 0 -8.22043e-18 0.00105315 -8.81035e-05 0.00896265 -1.98499e-17
16.46 0 2.1366e-17 0.00119577 -9.59542e-05 0.0101764 1.75115e-17
16.48 0 1.61311e-17 0.00129126 -0.000100051 0.010989 2.15771e-17
16.5 0 -8.77841e-18 0.00132257 -9.99706e-05 0.0112555 -2.29838e-17
16.52 0 5.582e-18 0.00128126 -9.56725e-05 0.0109039 -1.92706e-17
16.54 0 6.67425e-18 0.00117045 -8.75227e-05 0.00996092 -2.45183e-17
16.56 0 1.09502e-17 0.00100388 -7.61972e-05 0.0085433 -3.38554e-18
16.58 0 1.72102e-18 0.000801344 -6.24763e-05 0.00681967 -2.99022e-18
16.6 0 -5.62273e-20 0.000582558 -4.7094e-05 0.00495772 -3.49285e-18
16.62 0 -1.46603e-18 0.000362373 -3.06434e-05 0.00308387 3.88544e-18
16.64 0 8.54128e-18 0.000148921 -1.35692e-05 0.00126732 1.16593e-17
16.66 0 1.13025e-17 -5.54449e-05 3.74647e-06 -0.000471906 1.08973e-17
16.68 0 1.5535e-18 -0.000251102 2.08633e-05 -0.00213701 4.42779e-19
16.7 0 -2.90981e-18 -0.00043769 3.72383e-05 -0.00372494 3.15753e-17
16.72 0 -1.863e-17 -0.000612364 5.22696e-05 -0.00521149 -1.5825e-17
16.74 0 -5.17059e-18 -0.000770229 6.5359e-05 -0.00655496 3.92676e-18
16.76 0 -1.92951e-17 -0.000905569 7.59647e-05 -0.00770675 -3.35442e-17
16.78 0 2.38991e-17 -0.00101257 8.36859e-05 -0.0086174 1.20422e-18
16.8 0 -2.45797e-17 -0.00108553 8.83623e-05 -0.00923831 -3.00938e-17
16.82 0 2.66772e-17 -0.00111957 8.98983e-05 -0.00952797 2.70142e-17
16.84 0 -5.13245e-18 -0.00111188 8.82843e-05 -0.00946251 -4.10643e-18
16.86 0 -1.22064e-17 -0.00106269 8.36339e-05 -0.00904395 -9.80591e-18
16.88 0 -3.78171e-19 -0.000975024 7.6105e-05 -0.00829785 -8.58052e-18
16.9 0 -7.49269e-19 -0.000853262 6.5976e-05 -0.00726161 -7.77988e-18
16.92 0 -1.94184e-18 -0.000702292 5.36425e-05 -0.0059768 2.02103e-18
16.94 0 -4.48149e-18 -0.000527575 3.95793e-05 -0.0044899 3.52473e-18
16.96 0 8.6915e-19 -0.000335504 2.42095e-05 -0.0028553 7.77048e-18
16.98 0 7.11124e-18 -0.000133177 7.86705e-06 -0.00113343 1.46546e-17
17 0 -1.01024e-17 7.23135e-05 -9.10592e-06 0.000615363 -3.14138e-18
17.02 0 -6.94658e-19 0.00027452 -2.6244e-05 0.00233621 -2.45218e-17
17.04 0 -2.37605e-18 0.000467711 -4.29374e-05 0.00398034 -1.22207e-17
17.06 0 -1.08899e-17 0.000646284 -5.84622e-05 0.00550006 -1.33685e-17
17.08 0 -7.19286e-18 0.000804098 -7.20227e-05 0.0068431 -3.07411e-17
17.1 0 -1.42235e-20 0.000934586 -8.28362e-05 0.00795361 -3.5831e-18
17.12 0 -6.06444e-18 0.00103162 -9.02585e-05 0.00877943 -7.15486e-18
17.14 0 6.25633e-18 0.00109014 -9.39281e-05 0.00927739 -2.79533e-17
17.16 0 1.35147e-17 0.00110611 -9.37457e-05 0.00941336 3.87867e-17
17.18 0 -3.38467e-18 0.00107672 -8.9844e-05 0.00916323 -8.59855e-18
17.2 0 -1.06059e-17 0.00100122 -8.25832e-05 0.00852064 -2.26552e-17
17.22 0 -7.4685e-19 0.000882249 -7.23965e-05 0.00750819 -2.6578e-17
17.24 0 1.01998e-17 0.000726316 -5.97454e-05 0.00618115 -3.21241e-18
17.26 0 3.56981e-18 0.000542754 -4.51821e-05 0.00461898 2.33789e-17
17.28 0 -1.47669e-18 0.000341626 -2.93341e-05 0.0029073 1.80032e-17
17.3 0 -6.7697e-18 0.000131464 -1.27834e-05 0.00111875 -2.01959e-18
17.32 0 1.73186e-18 -8.14614e-05 4.00315e-06 -0.000693315 -4.09797e-18
17.34 0 -2.01978e-18 -0.000291434 2.05729e-05 -0.00248026 -4.3616e-18
17.36 0 3.41084e-18 -0.000490622 3.63414e-05 -0.00417541 -5.91332e-18
17.38 0 6.54041e-18 -0.000668538 5.05782e-05 -0.00568954 6.48911e-18
17.4 0 -8.31311e-18 -0.000815011 6.25547e-05 -0.00693608 1.10678e-17
17.42 0 5.28935e-18 -0.000924385 7.17564e-05 -0.00786689 1.0634e-17
17.44 0 -1.29571e-18 -0.000997208 7.80202e-05 -0.00848664 7.85483e-18
17.46 0 -9.43651e-18 -0.00103802 8.14984e-05 -0.00883395 -7.83093e-18
17.48 0 9.23202e-18 -0.00105134 8.24603e-05 -0.0089473 1.83912e-17
17.5 0 3.03862e-18 -0.00103884 8.10997e-05 -0.00884094 2.16329e-17
17.52 0 2.97039e-18 -0.00099899 7.73845e-05 -0.0085018 1.38301e-17
17.54 0 3.24387e-18 -0.000928481 7.10409e-05 -0.00790174 2.44435e-17
17.56 0 3.07246e-18 -0.000823923 6.1853e-05 -0.00701192 4.93628e-18
17.58 0 2.23027e-18 -0.000682935 4.98796e-05 -0.00581207 9.28305e-18
17.6 0 -2.69861e-18 -0.000504677 3.545e-05 -0.00429502 2.75016e-18
17.62 0 -8.25449e-20 -0.000290851 1.9073e-05 -0.00247529 9.91334e-19
17.64 0 -8.15484e-19 -4.76857e-05 1.35377e-06 -0.000405872 -2.57731e-18
17.66 0 -6.20551e-18 0.000212618 -1.6976e-05 0.0018094 -2.33284e-18
17.68 0 -6.41971e-18 0.000472986 -3.50652e-05 0.00402523 -1.32857e-18
17.7 0 -7.36684e-18 0.000715276 -5.20242e-05 0.0060872 -1.08499e-17
17.72 0 -5.05235e-18 0.000924671 -6.70472e-05 0.00786923 -2.81309e-17
17.74 0 -3.98382e-18 0.00109241 -7.95245e-05 0.00929676 -3.18818e-17
17.76 0 1.36902e-17 0.00121607 -8.91215e-05 0.0103491 6.60498e-18
17.78 0 -5.0104e-18 0.00129764 -9.57576e-05 0.0110433 -4.77373e-17
17.8 0 -6.5174e-18 0.00134018 -9.94629e-05 0.0114054 -3.87038e-17
17.82 0 -1.0852e-18 0.00134435 -0.000100202 0.0114408 -7.778e-18
17.84 0 6.98088e-18 0.00130671 -9.77931e-05 0.0111205 5.17898e-18
17.86 0 -9.08155e-18 0.0012207 -9.18849e-05 0.0103885 1.74242e-17
17.88 0 -1.81562e-17 0.00108003 -8.20445e-05 0.00919142 -1.21486e-17
17.9 0 -1.47435e-17 0.000882805 -6.81536e-05 0.00751293 -3.17988e-17
17.92 0 -1.87378e-18 0.000634018 -5.0681e-05 0.00539566 -2.12556e-17
17.94 0 -5.23899e-18 0.000345078 -3.05827e-05 0.00293668 -2.48375e-17
17.96 0 1.09896e-17 3.09612e-05 -9.0268e-06 0.000263441 -3.47073e-18
17.98 0 3.65309e-19 -0.000292505 1.28575e-05 -0.00248937 -2.23403e-18
18 0 4.47273e-19 -0.000609768 3.40599e-05 -0.00518939 -3.13375e-18
18.02 0 -1.62595e-18 -0.000905503 5.37043e-05 -0.00770619 1.51956e-18
18.04 0 -3.25633e-18 -0.00116507 7.104e-05 -0.00991524 -1.46826e-18
18.06 0 -1.66188e-18 -0.00137639 8.54622e-05 -0.0117136 -2.13518e-17
18.08 0 6.16335e-18 -0.00153221 9.65858e-05 -0.0130397 2.60433e-18
18.1 0 2.36738e-18 -0.00163099 0.00010432 -0.0138804 5.73429e-18
18.12 0 2.85049e-18 -0.00167548 0.000108826 -0.0142589 3.60798e-18
18.14 0 -1.46006e-17 -0.00167016 0.000110355 -0.0142137 -3.03904e-19
18.16 0 -2.39165e-19 -0.00161905 0.000109068 -0.0137787 -2.73729e-18
18.18 0 -9.25238e-18 -0.00152419 0.000104904 -0.0129714 -1.36165e-18
18.2 0 -2.57788e-18 -0.00138527 9.75728e-05 -0.0117892 -2.08207e-17
18.22 0 4.01246e-18 -0.00120153 8.66676e-05 -0.0102255 -3.44293e-19
18.24 0 -2.01411e-18 -0.000974553 7.206e-05 -0.00829383 1.81547e-18
18.26 0 -1.95822e-18 -0.000709053 5.41789e-05 -0.00603434 -8.78571e-18
18.28 0 1.83374e-18 -0.000411519 3.38471e-05 -0.00350222 1.93744e-20
18.3 0 7.75332e-19 -9.00364e-05 1.2072e-05 -0.000766291 1.34517e-19
18.32 0 -8.86278e-19 0.000243529 -1.00669e-05 0.00207247 9.68246e-18
18.34 0 -4.33947e-18 0.000572414 -3.14755e-05 0.00487139 -1.93133e-18
18.36 0 -1.09448e-17 0.000877529 -5.12057e-05 0.00746803 -3.44691e-18
18.38 0 1.55775e-18 0.00114201 -6.85876e-05 0.00971883 -6.432e-18
18.4 0 2.4159e-18 0.0013544 -8.3235e-05 0.0115264 -2.25587e-17
18.42 0 -5.78777e-18 0.00150951 -9.49875e-05 0.0128464 -3.01581e-17
18.44 0 8.38242e-18 0.00160761 -0.000103856 0.0136813 -2.60346e-17
18.46 0 -8.15076e-18 0.00165262 -0.000109932 0.0140643 -5.03586e-17
18.48 0 9.94107e-18 0.00164975 -0.000113257 0.0140399 2.37201e-19
18.5 0 1.20228e-18 0.0016034 -0.000113766 0.0136454 -1.48815e-17
18.52 0 1.51363e-17 0.00151553 -0.000111316 0.0128976 3.16753e-17
18.54 0 -4.75349e-18 0.0013847 -0.000105685 0.0117842 5.00093e-17
18.56 0 -2.56003e-17 0.00120754 -9.64732e-05 0.0102765 -1.48816e-17
18.58 0 -1.60097e-18 0.000983299 -8.3392e-05 0.00836817 1.4296e-17
18.6 0 -1.81313e-17 0.000717521 -6.6688e-05 0.0061063 -1.36021e-18
18.62 0 1.30368e-17 0.000421213 -4.71765e-05 0.00358462 4.40041e-18
18.64 0 -8.51262e-18 0.000107616 -2.60011e-05 0.000915797 -5.4874e-18
18.66 0 -2.97087e-19 -0.000209439 -4.33155e-06 -0.00178245 -3.69613e-18
18.68 0 1.93601e-18 -0.000515466 1.67511e-05 -0.00438684 3.05095e-18
18.7 0 -1.48974e-18 -0.00079589 3.63515e-05 -0.00677335 5.38186e-18
18.72 0 2.90158e-18 -0.00103769 5.38281e-05 -0.00883116 3.13596e-18
18.74 0 4.1046e-18 -0.00123062 6.87404e-05 -0.010473 6.50367e-18
18.76 0 -7.35421e-19 -0.00136762 8.07359e-05 -0.0116389 6.32946e-18
18.78 0 -7.79291e-18 -0.00144527 8.95452e-05 -0.0122998 -1.75209e-17
18.8 0 5.7292e-18 -0.00146421 9.50533e-05 -0.012461 -8.74643e-18
18.82 0 1.23444e-17 -0.0014286 9.73011e-05 -0.012158 2.25185e-17
18.84 0 -2.49062e-18 -0.00134465 9.63951e-05 -0.0114435 -2.5777e-18
18.86 0 -1.02895e-17 -0.00121884 9.24162e-05 -0.0103728 -3.27351e-17
18.88 0 1.46454e-17 -0.00105694 8.54162e-05 -0.00899501 8.88045e-18
18.9 0 1.42827e-17 -0.000864612 7.54183e-05 -0.0073582 4.60367e-18
18.92 0 6.05466e-20 -0.000648755 6.25494e-05 -0.00552118 1.5771e-17
18.94 0 -8.77886e-18 -0.000417604 4.72864e-05 -0.00355401 -1.43093e-17
18.96 0 3.71596e-18 -0.000178995 3.03756e-05 -0.00152336 -5.12558e-18
18.98 0 6.53397e-19 6.09932e-05 1.2591e-05 0.000519023 5.09567e-18
19 0 -1.63569e-18 0.000297226 -5.37278e-06 0.00252945 6.37826e-19
19.02 0 1.75314e-18 0.000523355 -2.28767e-05 0.00445388 3.08463e-18
19.04 0 -2.07828e-18 0.000730594 -3.92976e-05 0.00621756 9.45326e-18
19.06 0 2.21885e-18 0.000908522 -5.4067e-05 0.00773179 -3.61196e-18
19.08 0 -9.78741e-18 0.00104747 -6.67151e-05 0.00891432 -1.28559e-17
19.1 0 -7.45281e-18 0.00114123 -7.69004e-05 0.00971221 -5.96634e-18
19.12 0 6.45155e-18 0.00118844 -8.44365e-05 0.010114 -8.13596e-18
19.14 0 -4.52717e-18 0.00119186 -8.92783e-05 0.0101431 -7.58012e-18
19.16 0 -1.92404e-17 0.00115618 -9.1446e-05 0.00983947 -1.34234e-17
19.18 0 5.09907e-18 0.00108625 -9.09577e-05 0.00924433 -4.49546e-18
19.2 0 -2.76091e-18 0.000986468 -8.78227e-05 0.00839513 2.04129e-17
19.22 0 -5.58032e-18 0.00086071 -8.20526e-05 0.00732489 -9.64476e-18
19.24 0 1.61006e-17 0.000712189 -7.36645e-05 0.00606092 1.00781e-17
19.26 0 -2.08567e-17 0.0005436 -6.26509e-05 0.00462617 -7.0453e-18
19.28 0 -2.21699e-17 0.000357499 -4.91393e-05 0.00304239 -2.01139e-17
19.3 0 -1.92955e-18 0.000156845 -3.35157e-05 0.00133476 -8.12484e-18
19.32 0 -1.84736e-18 -5.4025e-05 -1.63931e-05 -0.000459822 -1.55302e-17
19.34 0 9.2547e-18 -0.000268259 1.39218e-06 -0.00228303 1.9065e-17
19.36 0 1.66832e-18 -0.000476172 1.8864e-05 -0.00405244 1.08566e-17
19.38 0 2.94072e-18 -0.000666439 3.50588e-05 -0.00567168 6.30445e-18
19.4 0 -1.96953e-18 -0.000828026 4.92035e-05 -0.00704684 4.51987e-18
19.42 0 -2.5099e-20 -0.000951792 6.07746e-05 -0.00810013 -2.56629e-18
19.44 0 6.58316e-19 -0.0010316 6.94663e-05 -0.00877931 4.72331e-18
19.46 0 -1.70491e-18 -0.00106519 7.51636e-05 -0.00906516 4.76222e-18
19.48 0 1.02455e-19 -0.00105432 7.79277e-05 -0.00897266 1.22448e-18
19.5 0 1.4954e-17 -0.00100367 7.79259e-05 -0.0085416 1.47203e-17
19.52 0 -6.09655e-18 -0.000919118 7.53226e-05 -0.00782207 -2.73247e-17
19.54 0 4.34334e-18 -0.00080654 7.01953e-05 -0.00686398 4.36286e-18
19.56 0 -3.88187e-18 -0.000671256 6.25258e-05 -0.00571267 4.23943e-19
19.58 0 2.47281e-18 -0.000517816 5.23343e-05 -0.00440685 -6.05788e-18
19.6 0 -1.35511e-18 -0.000350092 3.98156e-05 -0.00297945 3.23255e-20
19.62 0 -4.91742e-18 -0.000171832 2.54037e-05 -0.0014624 5.54928e-18
19.64 0 -2.77833e-18 1.25582e-05 9.81442e-06 0.000106825 -3.40239e-18
19.66 0 1.99119e-18 0.000197122 -6.06573e-06 0.00167753 -1.40453e-18
19.68 0 5.86699e-19 0.000373837 -2.13087e-05 0.00318143 7.22066e-19
19.7 0 -8.91424e-19 0.000533286 -3.50693e-05 0.0045384 1.65228e-18
19.72 0 -5.13434e-19 0.000666596 -4.67462e-05 0.00567291 8.33586e-18
19.74 0 -8.17294e-18 0.000767385 -5.60388e-05 0.00653066 -2.24453e-18
19.76 0 2.88982e-18 0.000832418 -6.28837e-05 0.00708412 6.77608e-18
19.78 0 -2.68317e-19 0.000861255 -6.73407e-05 0.00732953 7.807e-18
19.8 0 1.06315e-17 0.000855827 -6.95167e-05 0.00728334 7.42125e-18
19.82 0 -2.07827e-18 0.000819834 -6.95175e-05 0.00697702 4.48372e-18
19.84 0 -1.54488e-17 0.000757402 -6.7397e-05 0.0064457 -2.8104e-18
19.86 0 8.29461e-18 0.000671462 -6.31148e-05 0.00571432 -6.33001e-18
19.88 0 -1.13491e-17 0.000563102 -5.65543e-05 0.00479214 -2.10518e-17
19.9 0 2.49854e-18 0.00043239 -4.76326e-05 0.00367974 -4.58672e-17
19.92 0 9.17769e-18 0.000280001 -3.64764e-05 0.00238286 -2.99191e-17
19.94 0 -3.93316e-18 0.000108861 -2.34795e-05 0.000926398 -2.83775e-17
19.96 0 -5.74183e-18 -7.48545e-05 -9.2627e-06 -0.000637088 -2.80894e-17
19.98 0 1.13678e-17 -0.000262059 5.37104e-06 -0.00223026 -4.64808e-18
20 0 -5.32637e-18 -0.000442465 1.95832e-05 -0.00376558 -4.77196e-18
20.02 0 -3.03513e-19 -0.000606973 3.26629e-05 -0.00516561 -1.05487e-17
20.04 0 7.70584e-19 -0.000749516 4.41292e-05 -0.00637869 -1.6626e-18
20.06 0 5.92965e-19 -0.000867503 5.37417e-05 -0.0073828 -2.54432e-18
20.08 0 2.8449e-18 -0.000960769 6.14231e-05 -0.00817653 -2.19815e-19
20.1 0 -7.23417e-19 -0.00102966 6.71689e-05 -0.00876278 -7.88521e-19
20.12 0 9.38782e-19 -0.00107324 7.09665e-05 -0.0091337 1.22717e-18
20.14 0 4.30323e-18 -0.00108847 7.273e-05 -0.0092633 2.64234e-18
20.16 0 -3.69201e-18 -0.00107043 7.2271e-05 -0.0091098 -5.04545e-18
20.18 0 3.84201e-18 -0.00101366 6.93218e-05 -0.00862661 -1.08186e-17
20.2 0 1.72796e-18 -0.000914108 6.36089e-05 -0.00777943 -6.25774e-18
20.22 0 -1.40245e-18 -0.000771358 5.49866e-05 -0.00656457 -1.4683e-17
20.24 0 1.5614e-17 -0.000589952 4.35943e-05 -0.00502075 1.05261e-19
20.26 0 -2.87971e-18 -0.000379354 2.99414e-05 -0.00322848 -5.89431e-18
20.28 0 5.59925e-18 -0.000152519 1.48398e-05 -0.00129804 2.4783e-17
20.3 0 8.97967e-18 7.6383e-05 -7.67318e-07 0.000649996 1.65866e-17
20.32 0 -7.12685e-18 0.000294684 -1.59472e-05 0.00250781 -1.11332e-18
20.34 0 -6.50916e-19 0.000493523 -2.99435e-05 0.0042 2.07262e-19
20.36 0 7.74641e-19 0.000668624 -4.22994e-05 0.00569017 4.83413e-18
20.38 0 -1.58291e-19 0.000818937 -5.28156e-05 0.00696939 3.4163e-19
20.4 0 -2.93907e-18 0.00094404 -6.14109e-05 0.00803406 2.36551e-18
20.42 0 -3.19288e-18 0.00104213 -6.80068e-05 0.00886883 -2.86934e-18
20.44 0 6.65728e-18 0.00110964 -7.25144e-05 0.00944339 4.43049e-18
20.46 0 -3.20568e-18 0.00114209 -7.48541e-05 0.00971957 -3.92598e-18
20.48 0 -2.57077e-18 0.00113531 -7.49595e-05 0.00966185 -1.46922e-17
20.5 0 -2.71015e-19 0.0010867 -7.27848e-05 0.00924814 1.17884e-17
20.52 0 3.37934e-18 0.000996249 -6.83225e-05 0.00847837 2.98851e-19
20.54 0 3.84945e-18 0.000866953 -6.16196e-05 0.00737803 -2.7459e-17
20.56 0 -8.69493e-18 0.000704533 -5.28183e-05 0.00599578 -4.37638e-17
20.58 0 3.24754e-17 0.000516732 -4.22187e-05 0.00439752 1.01682e-17
20.6 0 -1.32673e-17 0.000312403 -3.02897e-05 0.00265861 1.23599e-17
20.62 0 -1.31795e-18 0.000100433 -1.76098e-05 0.000854672 -1.84793e-17
20.64 0 6.05602e-18 -0.000111354 -4.70007e-06 -0.000947711 -1.81249e-17
20.66 0 6.76623e-19 -0.000317064 8.02271e-06 -0.00269838 3.75715e-17
20.68 0 -6.24786e-18 -0.000512852 2.02403e-05 -0.0043646 1.45633e-17
20.7 0 8.70657e-18 -0.00069602 3.17388e-05 -0.00592343 9.12696e-21
20.72 0 -1.00217e-18 -0.000863507 4.23131e-05 -0.00734879 -1.80765e-17
20.74 0 3.16327e-18 -0.0010106 5.1689e-05 -0.00860058 -1.76496e-18
20.76 0 1.15089e-18 -0.00113082 5.95045e-05 -0.00962371 -3.56725e-18
20.78 0 1.33787e-18 -0.00121701 6.53853e-05 -0.0103572 1.45039e-18
20.8 0 -3.91321e-19 -0.00126264 6.90241e-05 -0.0107455 4.82761e-19
20.82 0 8.34327e-19 -0.00126286 7.02198e-05 -0.0107475 4.16308e-18
20.84 0 2.38824e-18 -0.00121539 6.89005e-05 -0.0103435 1.15622e-17
20.86 0 -2.5107e-18 -0.00112132 6.51439e-05 -0.00954288 1.22655e-18
20.88 0 -9.31327e-19 -0.000985384 5.91546e-05 -0.00838601 1.57424e-17
20.9 0 -6.67968e-18 -0.00081508 5.11987e-05 -0.00693667 -1.03912e-18
20.92 0 -3.08807e-18 -0.00061905 4.15559e-05 -0.00526838 -6.70961e-18
20.94 0 4.69892e-18 -0.000405595 3.0519e-05 -0.00345181 2.50991e-17
20.96 0 -3.38449e-19 -0.000182081 1.84108e-05 -0.00154962 5.7898e-18
20.98 0 6.09752e-18 4.47786e-05 5.61525e-06 0.000381031 3.20202e-17
21 0 -9.74288e-19 0.00026823 -7.43268e-06 0.00228268 1.98106e-17
21.02 0 1.78111e-19 0.000480928 -2.02138e-05 0.00409282 3.22981e-18
21.04 0 -2.55646e-18 0.000674779 -3.21509e-05 0.00574256 -9.89824e-19
21.06 0 1.27615e-18 0.000841302 -4.27059e-05 0.00715972 4.65562e-18
21.08 0 -2.1293e-18 0.00097246 -5.14162e-05 0.00827593 -2.81487e-18
21.1 0 -2.4389e-19 0.00106163 -5.79226e-05 0.00903482 1.06834e-18
21.12 0 2.25168e-18 0.00110451 -6.19878e-05 0.00939975 1.69263e-18
21.14 0 -4.49315e-18 0.00109972 -6.35296e-05 0.00935894 1.56207e-18
21.16 0 1.43231e-18 0.0010488 -6.2624e-05 0.00892562 2.78273e-18
21.18 0 7.40041e-18 0.000955547 -5.94612e-05 0.00813199 1.9271e-17
21.2 0 -9.98902e-18 0.000824792 -5.42659e-05 0.00701921 1.17926e-17
21.22 0 1.08847e-17 0.000661431 -4.72217e-05 0.00562896 2.06081e-17
21.24 0 -1.02587e-18 0.000470128 -3.84503e-05 0.0040009 -1.04358e-17
21.26 0 9.22421e-19 0.00025578 -2.80686e-05 0.00217673 -1.2832e-17
21.28 0 1.54055e-18 2.44325e-05 -1.62804e-05 0.000207879 -1.15519e-18
21.3 0 -4.36564e-18 -0.000215925 -3.44246e-06 -0.00183764 -2.5276e-17
21.32 0 -2.59945e-17 -0.000455339 9.92815e-06 -0.00387514 -3.57151e-17
21.34 0 7.78996e-18 -0.000683035 2.32059e-05 -0.00581292 -9.04477e-19
21.36 0 -1.18099e-17 -0.000889133 3.57689e-05 -0.00756688 -2.29491e-17
21.38 0 -2.51341e-18 -0.0010658 4.71012e-05 -0.00907038 -8.31087e-18
21.4 0 7.04389e-18 -0.00120732 5.68037e-05 -0.0102748 -2.1862e-18
21.42 0 -1.48634e-18 -0.00130965 6.45739e-05 -0.0111456 3.92936e-18
21.44 0 -5.14146e-18 -0.00137018 7.0187e-05 -0.0116608 4.22555e-18
21.46 0 4.33104e-18 -0.00138777 7.3487e-05 -0.0118104 5.25763e-20
21.48 0 6.89935e-18 -0.00136266 7.43998e-05 -0.0115968 2.82392e-18
21.5 0 5.51245e-18 -0.0012961 7.29333e-05 -0.0110303 1.66579e-17
21.52 0 -3.66569e-18 -0.00118944 6.91326e-05 -0.0101226 -2.21086e-18
21.54 0 2.86782e-18 -0.00104338 6.29966e-05 -0.00887958 1.89928e-18
21.56 0 6.60263e-19 -0.000858421 5.44544e-05 -0.00730551 -6.92205e-20
21.58 0 -9.40961e-20 -0.000636713 4.34847e-05 -0.0054187 -8.81211e-19
21.6 0 2.28628e-19 -0.000384299 3.03013e-05 -0.00327057 2.75936e-18
21.62 0 4.43286e-19 -0.000112169 1.545e-05 -0.000954652 -9.56336e-19
21.64 0 -2.78114e-18 0.000164872 -2.52436e-07 0.00140307 -1.95073e-18
21.66 0 5.00005e-19 0.000431361 -1.59043e-05 0.00367098 -1.07865e-18
21.68 0 3.03365e-19 0.000674733 -3.07356e-05 0.00574216 1.51402e-18
21.7 0 4.39045e-18 0.000887191 -4.42315e-05 0.00755025 1.04052e-17
21.72 0 -2.22367e-18 0.00106496 -5.61088e-05 0.00906317 4.6168e-18
21.74 0 1.82596e-19 0.00120605 -6.61844e-05 0.0102639 6.2921e-18
21.76 0 -2.40137e-18 0.00130847 -7.4252e-05 0.0111355 2.19928e-18
21.78 0 -1.13909e-19 0.00136997 -8.00783e-05 0.0116589 3.81338e-19
21.8 0 2.56101e-19 0.00138899 -8.34738e-05 0.0118207 1.43522e-18
21.82 0 -3.90335e-19 0.00136545 -8.43566e-05 0.0116204 -9.64899e-19
21.84 0 -2.3251e-19 0.00130078 -8.27676e-05 0.0110701 2.30884e-18
21.86 0 -1.72831e-18 0.00119713 -7.88128e-05 0.0101879 -8.19754e-18
21.88 0 1.70361e-18 0.00105665 -7.25721e-05 0.0089924 -3.67538e-18
21.9 0 -2.42331e-18 0.000881883 -6.4073e-05 0.00750508 -5.61395e-18
21.92 0 2.88318e-18 0.000676931 -5.33893e-05 0.00576087 7.51304e-18
21.94 0 4.08425e-18 0.000448423 -4.07787e-05 0.00381619 4.92183e-18
21.96 0 -3.23355e-18 0.000205512 -2.67225e-05 0.00174893 4.80767e-18
21.98 0 -5.19068e-18 -4.13694e-05 -1.18446e-05 -0.000352118 -1.04857e-17
22 0 -3.12911e-18 -0.000282627 3.22803e-06 -0.00240531 4.58229e-18
22.02 0 2.2574e-18 -0.000511248 1.79856e-05 -0.00435095 7.77878e-18
22.04 0 -2.41168e-18 -0.000722656 3.20587e-05 -0.00615011 -5.63917e-18
22.06 0 1.62445e-18 -0.000912667 4.51194e-05 -0.00776716 -6.13532e-19
22.08 0 2.31779e-19 -0.00107543 5.6753e-05 -0.00915237 -1.94579e-18
22.1 0 -2.29872e-18 -0.00120333 6.64317e-05 -0.0102408 -4.07584e-18
22.12 0 -2.10641e-18 -0.00128889 7.3627e-05 -0.0109689 1.111e-18
22.14 0 5.73978e-18 -0.00132735 7.79756e-05 -0.0112962 1.28246e-17
22.16 0 -1.45186e-19 -0.00131835 7.93878e-05 -0.0112196 -7.484e-19
22.18 0 -1.79638e-18 -0.00126553 7.80314e-05 -0.0107701 9.3868e-18
22.2 0 -1.08593e-18 -0.0011742 7.41815e-05 -0.00999292 8.48654e-18
22.22 0 -8.94072e-20 -0.00104844 6.80105e-05 -0.00892264 4.5297e-18
22.24 0 -2.07494e-18 -0.000889999 5.94893e-05 -0.00757425 2.66949e-18
22.26 0 1.65402e-18 -0.000699767 4.85189e-05 -0.00595532 8.17713e-18
22.28 0 -3.71278e-18 -0.000480169 3.5177e-05 -0.00408645 -4.09694e-18
22.3 0 1.27316e-18 -0.000236631 1.98522e-05 -0.00201386 3.25215e-19
22.32 0 1.65222e-18 2.22539e-05 3.20361e-06 0.000189338 2.8504e-18
22.34 0 1.40938e-18 0.000285323 -1.39471e-05 0.00242814 2.87743e-18
22.36 0 -5.23821e-18 0.000539848 -3.07225e-05 0.00459424 -7.45785e-18
22.38 0 3.21146e-19 0.000772993 -4.62977e-05 0.00657839 4.36692e-18
22.4 0 1.4959e-18 0.000973654 -5.99985e-05 0.00828608 9.60264e-18
22.42 0 -2.12064e-18 0.00113427 -7.13618e-05 0.00965302 4.2139e-18
22.44 0 6.13669e-18 0.00125185 -8.01543e-05 0.0106536 8.80624e-18
22.46 0 -1.09837e-18 0.0013274 -8.6346e-05 0.0112966 1.17661e-17
22.48 0 -1.39164e-18 0.00136406 -9.00354e-05 0.0116086 1.56514e-17
22.5 0 -4.906e-18 0.001365 -9.13501e-05 0.0116166 1.31141e-17
22.52 0 2.97905e-19 0.0013321 -9.03673e-05 0.0113366 1.99573e-17
22.54 0 2.26809e-18 0.00126513 -8.70573e-05 0.0107667 1.60681e-17
22.56 0 -6.35321e-18 0.00116174 -8.12504e-05 0.0098868 -7.97758e-18
22.58 0 2.6364e-18 0.00101889 -7.27123e-05 0.00867103 1.16594e-17
22.6 0 -1.57854e-19 0.000836011 -6.13677e-05 0.00711469 -4.35766e-18
22.62 0 2.81883e-18 0.000617889 -4.75109e-05 0.0052584 2.59224e-18
22.64 0 7.76871e-19 0.000375041 -3.18287e-05 0.00319168 9.52737e-18
22.66 0 1.86847e-18 0.000121876 -1.5263e-05 0.00103716 1.29547e-17
22.68 0 -1.3576e-18 -0.000126312 1.17586e-06 -0.00107501 4.01302e-18
22.7 0 -6.69173e-20 -0.000356717 1.66136e-05 -0.00303584 2.85474e-18
22.72 0 -1.81171e-18 -0.000561672 3.04923e-05 -0.00478008 -2.05469e-18
22.74 0 -9.80029e-19 -0.000738987 4.26108e-05 -0.00628909 -1.86127e-18
22.76 0 2.43601e-19 -0.000889632 5.29868e-05 -0.00757113 -7.96763e-19
22.78 0 2.03324e-19 -0.00101448 6.16544e-05 -0.0086336 2.61439e-19
22.8 0 1.21702e-18 -0.00111204 6.85242e-05 -0.00946393 1.64335e-18
22.82 0 -9.26608e-20 -0.00117791 7.33396e-05 -0.0100244 1.28407e-18
22.84 0 6.45418e-19 -0.00120551 7.57194e-05 -0.0102593 5.11278e-18
22.86 0 2.38585e-18 -0.00118817 7.52696e-05 -0.0101118 4.24893e-18
22.88 0 2.48059e-19 -0.00112158 7.17092e-05 -0.00954509 5.49027e-19
22.9 0 -6.97111e-19 -0.00100584 6.49653e-05 -0.00856013 1.86535e-18
22.92 0 1.0044e-19 -0.000846274 5.52481e-05 -0.00720214 2.31312e-18
22.94 0 -1.33323e-19 -0.000652834 4.30924e-05 -0.00555589 -2.54464e-19
22.96 0 -9.23042e-19 -0.000438184 2.9282e-05 -0.00372915 -3.57715e-19
22.98 0 1.55193e-18 -0.000215054 1.46641e-05 -0.00183024 -1.63712e-18
23 0 -2.51085e-18 5.96919e-06 -2.23614e-08 5.07498e-05 -1.22377e-18
23.02 0 -2.02163e-18 0.000217459 -1.42247e-05 0.0018506 -5.30591e-18
23.04 0 2.18126e-18 0.000414998 -2.75825e-05 0.00353173 1.07666e-18
23.06 0 -1.15593e-18 0.000596165 -3.98855e-05 0.00507352 -2.56565e-18
23.08 0 -4.05796e-18 0.000758782 -5.09686e-05 0.00645745 -1.00302e-18
23.1 0 -8.6863e-18 0.000898953 -6.0583e-05 0.00765035 3.56119e-18
23.12 0 3.5939e-18 0.00101017 -6.83408e-05 0.00859685 8.50963e-18
23.14 0 -5.68305e-18 0.00108448 -7.37829e-05 0.00922927 -5.44792e-18
23.16 0 -1.52275e-17 0.00111511 -7.65144e-05 0.00948995 -1.95511e-17
23.18 0 -6.5002e-18 0.00109883 -7.63256e-05 0.00935138 -8.74465e-18
23.2 0 -7.76278e-18 0.0010368 -7.32433e-05 0.0088235 -1.43327e-17
23.22 0 -3.4841e-18 0.000933946 -6.74993e-05 0.00794816 -2.13954e-17
23.24 0 9.16159e-18 0.000797471 -5.94504e-05 0.00678671 -2.49607e-19
23.26 0 -5.68937e-18 0.000635349 -4.95198e-05 0.00540699 -9.77116e-18
23.28 0 -1.57038e-18 0.000455185 -3.81617e-05 0.00387373 -2.40785e-17
23.3 0 6.34228e-18 0.000263607 -2.58323e-05 0.00224334 5.03371e-20
23.32 0 4.76601e-18 6.60968e-05 -1.29447e-05 0.000562456 -5.22263e-18
23.34 0 -1.01495e-17 -0.000132826 1.54805e-07 -0.00113045 -6.29262e-18
23.36 0 -4.61436e-18 -0.000329092 1.31547e-05 -0.00280074 -8.11507e-18
23.38 0 1.03451e-18 -0.000518286 2.57361e-05 -0.00441085 -2.23195e-18
23.4 0 -2.70743e-19 -0.000694819 3.75317e-05 -0.0059132 -1.76512e-18
23.42 0 6.61182e-21 -0.000851498 4.80989e-05 -0.00724659 3.47015e-19
23.44 0 7.08539e-19 -0.000979925 5.69347e-05 -0.00833955 2.26597e-18
23.46 0 4.59162e-19 -0.00107182 6.35569e-05 -0.00912163 5.90441e-19
23.48 0 6.40516e-19 -0.00112082 6.76108e-05 -0.0095386 7.56276e-18
23.5 0 -3.73072e-18 -0.0011239 6.89395e-05 -0.00956481 -8.3499e-18
23.52 0 -6.05359e-18 -0.001082 6.75915e-05 -0.00920823 -2.88625e-17
23.54 0 1.11475e-18 -0.000999621 6.3779e-05 -0.00850717 -5.4769e-18
23.56 0 -1.37988e-17 -0.000883559 5.77972e-05 -0.00751945 -1.39599e-17
23.58 0 4.63205e-18 -0.00074107 4.9938e-05 -0.00630681 -9.63183e-18
23.6 0 2.6352e-19 -0.000578245 4.04685e-05 -0.00492112 3.22612e-18
23.62 0 4.61848e-18 -0.000399417 2.96275e-05 -0.00339923 1.23947e-18
23.64 0 5.28565e-18 -0.000207733 1.76725e-05 -0.00176793 1.22685e-17
23.66 0 -2.87157e-18 -6.53229e-06 4.91918e-06 -5.56422e-05 3.12327e-18
23.68 0 6.49796e-18 0.000199159 -8.23763e-06 0.00169486 9.56269e-18
23.7 0 -3.57677e-18 0.000401792 -2.1284e-05 0.00341934 -2.22189e-18
23.72 0 -1.25475e-18 0.000591624 -3.36211e-05 0.00503488 2.8059e-18
23.74 0 -1.51112e-18 0.000758107 -4.46415e-05 0.0064517 5.65449e-18
23.76 0 6.8825e-18 0.000891668 -5.3816e-05 0.00758835 7.64894e-18
23.78 0 -8.30077e-19 0.000985292 -6.07571e-05 0.00838513 4.50142e-18
23.8 0 1.55107e-18 0.00103556 -6.52663e-05 0.00881296 -7.32163e-18
23.82 0 -1.13078e-18 0.00104285 -6.73389e-05 0.00887494 -4.42702e-18
23.84 0 -6.30318e-18 0.00101044 -6.71116e-05 0.00859915 -2.83239e-17
23.86 0 -3.15303e-18 0.000943122 -6.47823e-05 0.00802625 -1.01832e-17
23.88 0 4.13946e-18 0.000845808 -6.05416e-05 0.00719807 -1.83269e-17
23.9 0 -6.58921e-19 0.000722707 -5.45314e-05 0.00615044 -3.39957e-17
23.92 0 1.34126e-17 0.000577018 -4.68442e-05 0.00491058 -1.47009e-18
23.94 0 -1.88495e-17 0.000411213 -3.75786e-05 0.00349952 -2.51089e-17
23.96 0 -1.27106e-17 0.000227916 -2.69183e-05 0.00193959 -2.46197e-17
23.98 0 -1.04882e-17 3.11725e-05 -1.51745e-05 0.000265238 -7.00761e-18
24 0 8.30133e-18 -0.000172393 -2.78825e-06 -0.00146717 -5.62148e-19
24.02 0 -9.18522e-18 -0.00037325 9.67143e-06 -0.00317654 8.9742e-18
24.04 0 -6.90802e-18 -0.000560069 2.15697e-05 -0.00476644 1.16507e-17
24.06 0 -6.06276e-18 -0.000722246 3.23238e-05 -0.00614662 9.10437e-18
24.08 0 3.46486e-18 -0.000852701 4.15193e-05 -0.00725683 7.70364e-18
24.1 0 -2.66273e-18 -0.000949301 4.89693e-05 -0.00807893 5.02171e-18
24.12 0 1.09144e-18 -0.00101399 5.46789e-05 -0.00862943 1.25925e-18
24.14 0 -3.43932e-19 -0.00105008 5.87388e-05 -0.00893662 7.41936e-19
24.16 0 8.12919e-20 -0.0010594 6.11952e-05 -0.00901595 5.47378e-19
24.18 0 1.53061e-18 -0.00104093 6.1976e-05 -0.00885876 3.11268e-18
24.2 0 3.98656e-18 -0.000991845 6.09257e-05 -0.008441 7.66223e-18
24.22 0 -1.32387e-18 -0.000910037 5.79128e-05 -0.00774478 8.81922e-18
24.24 0 1.32688e-18 -0.000796298 5.29175e-05 -0.00677682 5.26889e-18
24.26 0 -1.13274e-18 -0.00065476 4.60518e-05 -0.00557229 -2.25442e-18
24.28 0 1.64374e-20 -0.00049181 3.75376e-05 -0.00418552 -5.45648e-18
24.3 0 8.70316e-19 -0.000314742 2.76893e-05 -0.00267862 -8.56363e-18
24.32 0 -2.14304e-18 -0.000131179 1.69072e-05 -0.00111643 -3.50809e-18
24.34 0 4.54134e-18 5.09825e-05 5.65656e-06 0.000433829 1.74883e-17
24.36 0 1.91302e-18 0.000224027 -5.55057e-06 0.0019065 8.34118e-18
24.38 0 -1.95558e-18 0.00038149 -1.62284e-05 0.00324657 -2.98482e-19
24.4 0 5.68587e-20 0.000519086 -2.60163e-05 0.00441755 4.19483e-19
24.42 0 -4.88964e-19 0.000634785 -3.47145e-05 0.00540219 1.32601e-18
24.44 0 3.64111e-18 0.000728025 -4.22492e-05 0.0061957 1.0531e-17
24.46 0 -9.11908e-19 0.000798388 -4.85733e-05 0.00679451 7.65948e-18
24.48 0 2.97346e-18 0.000844271 -5.35664e-05 0.00718499 1.59919e-17
24.5 0 -1.08935e-17 0.000862509 -5.69975e-05 0.0073402 1.45621e-18
24.52 0 -1.07194e-18 0.000849648 -5.85953e-05 0.00723075 5.92664e-18
24.54 0 -2.71199e-18 0.000804157 -5.81827e-05 0.00684361 1.51411e-18
24.56 0 1.85905e-19 0.000727748 -5.57675e-05 0.00619334 1.91146e-17
24.58 0 -1.68197e-18 0.000624952 -5.15241e-05 0.00531851 1.37479e-17
24.6 0 7.51612e-19 0.000501799 -4.57109e-05 0.00427043 2.94589e-17
24.62 0 -4.48587e-18 0.000364764 -3.86088e-05 0.00310422 1.7271e-18
24.64 0 6.83263e-19 0.000220202 -3.05159e-05 0.00187395 -3.64248e-18
24.66 0 1.05634e-17 7.39731e-05 -2.17092e-05 0.000629487 6.12242e-18
24.68 0 3.08048e-18 -6.90052e-05 -1.24439e-05 -0.000587308 8.53296e-18
24.7 0 1.95949e-18 -0.000205159 -2.9687e-06 -0.00174603 -6.1342e-19
24.72 0 2.6895e-18 -0.00033224 6.47958e-06 -0.00282753 9.37646e-18
24.74 0 -4.82965e-18 -0.000448646 1.56556e-05 -0.00381818 -1.50674e-18
24.76 0 2.58383e-18 -0.000552357 2.42964e-05 -0.0047008 2.73778e-18
24.78 0 -8.41366e-19 -0.000640269 3.211e-05 -0.00544896 3.6949e-19
24.8 0 -2.03914e-20 -0.000708387 3.87925e-05 -0.00602867 -3.38939e-18
24.82 0 4.17055e-18 -0.000752667 4.40652e-05 -0.00640551 3.92243e-18
24.84 0 7.97214e-19 -0.000770069 4.77222e-05 -0.00655361 2.39096e-18
24.86 0 -1.37889e-17 -0.000759511 4.9667e-05 -0.00646375 -1.70532e-17
24.88 0 7.77076e-18 -0.00072245 4.99241e-05 -0.00614835 1.12461e-18
24.9 0 -2.04931e-18 -0.000662633 4.86127e-05 -0.00563929 1.02035e-17
24.92 0 7.89511e-18 -0.000584964 4.5886e-05 -0.0049783 1.22405e-17
24.94 0 1.08357e-17 -0.000494129 4.18692e-05 -0.00420526 3.08331e-17
24.96 0 1.4518e-18 -0.000393776 3.6657e-05 -0.00335122 9.51675e-18
24.98 0 3.50681e-18 -0.000286514 3.03184e-05 -0.00243839 -6.84281e-18
25 0 2.11192e-18 -0.000174415 2.29311e-05 -0.00148438 5.03347e-19
25.02 0 3.60471e-18 -5.9594e-05 1.46759e-05 -0.000507216 -1.63301e-18
25.04 0 -8.40952e-19 5.52207e-05 5.84563e-06 0.000469897 -3.78742e-18
25.06 0 -1.34423e-18 0.000166382 -3.17857e-06 0.00141592 -4.14723e-18
25.08 0 -1.78412e-18 0.000269447 -1.19667e-05 0.00229304 3.03597e-18
25.1 0 2.74453e-18 0.000359719 -2.01179e-05 0.00306129 6.45697e-18
25.12 0 -2.26166e-18 0.000432968 -2.73168e-05 0.00368466 -2.34862e-18
25.14 0 4.31755e-18 0.000486039 -3.33539e-05 0.00413631 1.47185e-17
25.16 0 4.03943e-18 0.000517281 -3.81084e-05 0.00440219 1.54993e-17
25.18 0 2.02267e-18 0.000526728 -4.15258e-05 0.00448259 9.73101e-18
25.2 0 -6.20173e-18 0.000515901 -4.35997e-05 0.00439044 -2.78199e-17
25.22 0 -7.7346e-18 0.000487163 -4.43509e-05 0.00414588 -3.96918e-17
25.24 0 8.72276e-18 0.000442855 -4.38023e-05 0.0037688 -1.23133e-17
25.26 0 1.72377e-17 0.000384658 -4.19589e-05 0.00327353 3.22003e-17
25.28 0 1.78341e-18 0.000313593 -3.88098e-05 0.00266873 3.15697e-17
25.3 0 -2.27295e-18 0.000230714 -3.43719e-05 0.0019634 3.30929e-17
25.32 0 -1.66365e-17 0.000138119 -2.87774e-05 0.00117539 2.43269e-17
25.34 0 1.23784e-17 3.96363e-05 -2.22512e-05 0.000337268 4.19608e-17
25.36 0 1.15123e-18 -5.94577e-05 -1.51163e-05 -0.000506056 -1.76088e-18
25.38 0 1.55067e-18 -0.000153567 -7.75163e-06 -0.00130696 -4.06825e-18
25.4 0 1.1065e-17 -0.00023799 -4.99197e-07 -0.00202543 7.93158e-18
25.42 0 3.78295e-18 -0.000309543 6.33939e-06 -0.00263437 2.03893e-17
25.44 0 -8.2347e-19 -0.000366448 1.25199e-05 -0.00311865 6.11332e-18
25.46 0 -1.76826e-18 -0.000407978 1.78559e-05 -0.00347208 2.73058e-18
25.48 0 6.94467e-19 -0.00043402 2.22293e-05 -0.00369371 -5.94835e-19
25.5 0 -2.73927e-18 -0.000444598 2.55838e-05 -0.00378374 -4.66139e-18
25.52 0 -1.18291e-18 -0.000439658 2.79083e-05 -0.0037417 -7.02522e-18
25.54 0 1.50654e-17 -0.000419277 2.92172e-05 -0.00356824 1.06851e-17
25.56 0 3.96714e-18 -0.000383975 2.95329e-05 -0.00326781 1.22217e-17
25.58 0 1.69981e-18 -0.000334741 2.88673e-05 -0.00284881 3.08153e-19
25.6 0 9.91113e-19 -0.000272917 2.7213e-05 -0.00232267 1.30405e-17
25.62 0 -1.58341e-17 -0.000200403 2.45605e-05 -0.00170555 -3.01688e-17
25.64 0 -4.55219e-18 -0.000120145 2.09439e-05 -0.00102253 -2.52349e-17
25.66 0 8.20956e-18 -3.63523e-05 1.65067e-05 -0.000309421 6.50227e-18
25.68 0 -1.86738e-18 4.59871e-05 1.15049e-05 0.000391316 9.08831e-18
25.7 0 8.76368e-18 0.000122116 6.18401e-06 0.0010392 2.48227e-17
25.72 0 1.1865e-18 0.000188709 7.69075e-07 0.00160593 3.22265e-18
25.74 0 -9.21549e-18 0.000244562 -4.55865e-06 0.00208126 -6.13928e-18
25.76 0 1.77264e-18 0.000290332 -9.69362e-06 0.00247078 5.39145e-18
25.78 0 -1.76551e-18 0.000327487 -1.45434e-05 0.00278698 2.36336e-18
25.8 0 5.55989e-19 0.000357004 -1.90042e-05 0.00303818 -4.0886e-19
25.82 0 1.31954e-18 0.00037853 -2.29472e-05 0.00322137 -8.71948e-18
25.84 0 4.7704e-18 0.000390316 -2.62471e-05 0.00332168 -8.95162e-19
25.86 0 -3.66343e-18 0.000390022 -2.88108e-05 0.00331917 -6.5524e-18
25.88 0 -3.08798e-19 0.00037597 -3.05994e-05 0.00319958 -7.28449e-18
25.9 0 1.15631e-17 0.000348029 -3.16267e-05 0.0029618 1.69764e-17
25.92 0 -1.04114e-17 0.000307544 -3.19281e-05 0.00261726 5.48344e-20
25.94 0 -9.6434e-19 0.000256614 -3.15121e-05 0.00218382 -2.39403e-17
25.96 0 -1.86168e-18 0.000197411 -3.03278e-05 0.00167998 -3.93437e-18
25.98 0 1.61132e-17 0.000131881 -2.82751e-05 0.0011223 4.32998e-17
26 0 -6.60174e-18 6.17817e-05 -2.52584e-05 0.000525733 -1.39466e-17
26.02 0 -1.65978e-18 -1.10954e-05 -2.13027e-05 -9.44761e-05 -1.08749e-17
26.04 0 4.05801e-18 -8.45773e-05 -1.65422e-05 -0.000719832 1.58205e-17
26.06 0 -1.58282e-17 -0.000156064 -1.1165e-05 -0.00132821 -1.06659e-17
26.08 0 6.34597e-18 -0.000223056 -5.45855e-06 -0.00189833 2.3172e-17
26.1 0 -1.751e-17 -0.000283533 2.78713e-07 -0.00241302 -2.65531e-17
26.12 0 1.51882e-17 -0.000335743 5.79154e-06 -0.00285734 -9.63746e-18
26.14 0 -1.27876e-17 -0.000377791 1.08507e-05 -0.00321518 -1.18047e-17
26.16 0 1.04821e-17 -0.000407781 1.52759e-05 -0.00347041 6.29781e-18
26.18 0 -8.98234e-19 -0.000424464 1.89638e-05 -0.00361239 -1.31485e-18
26.2 0 2.51273e-20 -0.000427648 2.19087e-05 -0.00363948 -2.35032e-19
26.22 0 -3.68249e-18 -0.000418106 2.41735e-05 -0.00355828 -5.20142e-18
26.24 0 1.35743e-18 -0.000397188 2.58335e-05 -0.00338026 -1.84442e-18
26.26 0 2.84674e-18 -0.000366295 2.69205e-05 -0.00311735 -1.62415e-18
26.28 0 -6.07541e-18 -0.000326517 2.73939e-05 -0.00277883 -1.36366e-17
26.3 0 9.15631e-18 -0.000278901 2.71589e-05 -0.0023736 -2.04529e-18
26.32 0 4.36634e-19 -0.000225279 2.61307e-05 -0.00191725 4.47899e-18
26.34 0 4.58744e-18 -0.000168792 2.43011e-05 -0.00143653 -4.47598e-18
26.36 0 -7.91457e-18 -0.000113364 2.17762e-05 -0.000964816 -8.58465e-18
26.38 0 1.21105e-17 -6.24821e-05 1.87256e-05 -0.000531794 7.12157e-18
26.4 0 -2.18868e-18 -1.81901e-05 1.52667e-05 -0.000154854 7.25168e-18
26.42 0 -1.46225e-17 1.92965e-05 1.14767e-05 0.00016417 -4.95473e-18
26.44 0 -2.62997e-18 5.12771e-05 7.40368e-06 0.000436336 9.75713e-19
26.46 0 1.36165e-18 7.97916e-05 3.07843e-06 0.000679004 -3.29902e-18
26.48 0 5.53725e-19 0.000106759 -1.43107e-06 0.000908508 7.03225e-20
26.5 0 -2.97544e-18 0.000133263 -6.01778e-06 0.00113406 -1.12494e-18
26.52 0 3.83956e-18 0.000159052 -1.0542e-05 0.00135353 4.45595e-18
26.54 0 -8.15779e-18 0.000182258 -1.48488e-05 0.00155103 -1.74561e-17
26.56 0 -4.70935e-19 0.000199647 -1.87703e-05 0.00169901 -7.90894e-19
26.58 0 -1.03415e-17 0.000207615 -2.21338e-05 0.00176682 -1.38291e-17
26.6 0 1.29664e-17 0.000203582 -2.47864e-05 0.0017325 1.10576e-17
26.62 0 1.83931e-17 0.000187072 -2.66299e-05 0.00159199 4.99461e-17
26.64 0 4.20602e-18 0.00016006 -2.76423e-05 0.00136211 3.28484e-17
26.66 0 -9.39704e-18 0.000126459 -2.78646e-05 0.00107616 -3.39369e-17
26.68 0 2.03691e-17 9.07985e-05 -2.73549e-05 0.000772677 5.92891e-18
26.7 0 -1.24125e-18 5.65882e-05 -2.614e-05 0.000481535 -7.44128e-18
26.72 0 -2.31124e-17 2.52751e-05 -2.42258e-05 0.00021505 -6.07257e-17
26.74 0 2.00827e-17 -3.52564e-06 -2.15634e-05 -3.00545e-05 -2.12686e-18
26.76 0 -3.42732e-17 -3.10818e-05 -1.81396e-05 -0.000264567 -3.80929e-17
26.78 0 -4.81342e-18 -5.86256e-05 -1.40586e-05 -0.000498974 -3.94888e-17
26.8 0 7.68294e-18 -8.67164e-05 -9.50949e-06 -0.000738037 -2.11922e-18
26.82 0 3.58666e-18 -0.000114874 -4.75797e-06 -0.00097767 2.80408e-17
26.84 0 -5.64542e-19 -0.00014146 -8.96278e-08 -0.00120393 4.95091e-19
26.86 0 -8.13498e-20 -0.000163999 4.23967e-06 -0.00139574 5.59645e-18
26.88 0 -1.12438e-18 -0.000179863 8.06048e-06 -0.00153075 6.18653e-19
26.9 0 -1.65943e-18 -0.000187122 1.131e-05 -0.00159252 -2.37752e-18
26.92 0 1.27452e-18 -0.000185248 1.40157e-05 -0.00157657 1.31519e-17
26.94 0 7.13454e-18 -0.000175292 1.625e-05 -0.00149184 1.41292e-18
26.96 0 -2.50679e-18 -0.000159359 1.80738e-05 -0.00135625 1.4327e-18
26.98 0 -1.05345e-18 -0.00013975 1.9486e-05 -0.00118937 -6.76235e-18
27 0 5.93993e-19 -0.000118349 2.04055e-05 -0.00100724 1.31745e-17
27.02 0 -9.07725e-18 -9.64029e-05 2.0694e-05 -0.000820472 -6.55117e-19
27.04 0 1.96472e-18 -7.44811e-05 2.02139e-05 -0.00063391 1.02173e-17
27.06 0 5.30274e-18 -5.25443e-05 1.89002e-05 -0.000447221 2.68682e-17
27.08 0 -6.51479e-18 -3.03814e-05 1.67126e-05 -0.000258606 -3.95636e-20
27.1 0 2.18639e-18 -8.05949e-06 1.37026e-05 -6.86391e-05 -3.27133e-18
27.12 0 -5.85518e-18 1.39451e-05 1.00505e-05 0.000118628 -1.2666e-17
27.14 0 -3.25746e-18 3.4948e-05 5.98623e-06 0.000297369 -1.05003e-17
27.16 0 2.74232e-19 5.44319e-05 1.75803e-06 0.000463184 -7.09682e-18
27.18 0 4.26158e-19 7.23315e-05 -2.4343e-06 0.000615516 -1.10006e-18
27.2 0 -1.02852e-18 8.90916e-05 -6.46696e-06 0.000758151 -3.56343e-18
27.22 0 3.02119e-18 0.000105171 -1.03001e-05 0.000894994 -1.93343e-19
27.24 0 -5.26509e-19 0.000120185 -1.39296e-05 0.00102276 -1.03243e-18
27.26 0 -5.57651e-18 0.000132522 -1.73196e-05 0.00112775 -3.14795e-18
27.28 0 -1.43092e-17 0.000139973 -2.0369e-05 0.00119117 -1.75568e-17
27.3 0 8.28146e-18 0.000140816 -2.29342e-05 0.00119834 -4.13318e-18
27.32 0 1.84304e-18 0.000134438 -2.48666e-05 0.00114406 -6.14454e-18
27.34 0 1.04216e-17 0.000121312 -2.60323e-05 0.00103235 -7.66781e-20
27.36 0 3.5548e-18 0.000102734 -2.63265e-05 0.000874252 4.22042e-17
27.38 0 -3.06156e-18 8.05719e-05 -2.56964e-05 0.000685645 2.61207e-17
27.4 0 2.39575e-17 5.68901e-05 -2.41791e-05 0.000484105 4.15554e-17
27.42 0 1.35254e-18 3.34964e-05 -2.18811e-05 0.000285016 5.12921e-17
27.44 0 -4.51687e-18 1.15695e-05 -1.89178e-05 9.841e-05 -9.0481e-18
27.46 0 -4.39333e-18 -8.63787e-06 -1.54387e-05 -7.35614e-05 8.04581e-19
27.48 0 -3.50868e-18 -2.78364e-05 -1.16025e-05 -0.000236948 -3.81174e-19
27.5 0 -6.36489e-18 -4.73157e-05 -7.54151e-06 -0.000402723 -1.69874e-17
27.52 0 1.94369e-19 -6.82082e-05 -3.37992e-06 -0.000580525 -2.46332e-17
27.54 0 3.52385e-18 -9.07436e-05 7.56248e-07 -0.00077231 5.408e-18
27.56 0 -1.71761e-18 -0.000113885 4.73038e-06 -0.000969251 6.33633e-19
27.58 0 1.49362e-18 -0.000135436 8.41033e-06 -0.00115266 -2.81584e-18
27.6 0 2.08908e-18 -0.000152609 1.16778e-05 -0.0012988 -1.88693e-18
27.62 0 2.20572e-18 -0.000162915 1.44323e-05 -0.00138652 7.34823e-18
27.64 0 -2.16094e-18 -0.000165031 1.6597e-05 -0.00140452 2.31288e-18
27.66 0 -1.42738e-17 -0.000159217 1.81274e-05 -0.00135504 -1.04053e-17
27.68 0 -1.30742e-17 -0.000147134 1.90086e-05 -0.00125221 -3.17861e-17
27.7 0 -1.83626e-18 -0.000131239 1.92412e-05 -0.00111694 -9.04888e-18
27.72 0 -7.16765e-19 -0.000114019 1.88274