0.02 7.05297 0.281459 -28.2108 0.0644574 -28.2108 0.281459
0.04 32.8802 6.40322 -63.4207 0.799753 -63.4207 6.40322
0.06 76.5603 22.9788 -22.283 3.40028 -22.283 22.9788
0.08 103.339 71.2525 60.8956 10.6849 60.8956 71.2525
0.1 24.9463 176.988 120.313 28.9174 120.313 176.988
0.12 -273.33 294.556 177.42 60.4447 177.42 294.556
0.14 -883.334 377.691 234.395 97.9218 234.395 377.691
0.16 -1838 427.769 277.16 134.687 277.16 427.769
0.18 -3097.92 435.85 322.806 165.121 322.806 435.85
0.2 -4603.16 443.712 378 179.2 378 443.712
0.22 -6327.53 492.727 425.845 179.458 425.845 492.727
0.24 -8252.69 510.009 463.38 189.052 463.38 510.009
0.26 -10315.6 450.13 509.387 241.142 509.387 450.13
0.28 -12418.4 417.429 579.34 378.09 579.34 417.429
0.3 -14480.9 495.964 666.052 628.581 666.052 495.964
0.32 -16470.7 626.903 745.057 961.53 745.057 626.903
0.34 -18407.6 757.756 783.534 1304.35 783.534 757.756
0.36 -20346.3 918.2 756.771 1612.87 756.771 918.2
0.38 -22330.4 1097.13 666.591 1874.35 666.591 1097.13
0.4 -24331.4 1186.46 536.753 2054.68 536.753 1186.46
0.42 -26223.5 1117 418.882 2103.49 418.882 1117
0.44 -27826.5 961.948 387.418 2013.2 387.418 961.948
0.46 -29009.4 866.954 433.177 1840.09 433.177 866.954
0.48 -29787.3 912.532 393.043 1673.37 393.043 912.532
0.5 -30311 1043.4 148.3 1595.99 148.3 1043.4
0.52 -30729.5 1137.54 -202.494 1652.94 -202.494 1137.54
0.54 -30951.2 1012.72 -490.283 1819.77 -490.283 1012.72
0.56 -30564.2 649.637 -603.826 2001.55 -603.826 649.637
0.58 -29117 383.504 -505.356 2103.78 -505.356 383.504
0.6 -26469.2 435.337 -297.2 2092.75 -297.2 435.337
0.62 -22829.9 552.523 -148.264 1966.53 -148.264 552.523
0.64 -18488.6 432.42 -91.9522 1741.11 -91.9522 432.42
0.66 -13575.6 183.4 7.20543 1484.54 7.20543 183.4
0.68 -8018.34 -1.40759 315.375 1243.06 315.375 -1.40759
0.7 -1706.42 -146.896 901.907 914.128 901.907 -146.896
0.72 5265.44 -276.107 1664.65 333.187 1664.65 -276.107
0.74 12532.4 -340.248 2377.71 -504.167 2377.71 -340.248
0.76 19615.4 -336.324 2862.4 -1416.17 2862.4 -336.324
0.78 26184.9 -439.782 3145.35 -2216.97 3145.35 -439.782
0.8 32174.4 -762.946 3481.24 -2848.06 3481.24 -762.946
0.82 37604.7 -1066.1 4140.11 -3340.4 4140.11 -1066.1
0.84 42324.7 -1080.75 5028.9 -3720.5 5028.9 -1080.75
0.86 45921.8 -857.104 5702 -3966.15 5702 -857.104
0.88 47917.9 -649.398 5862.28 -3992.53 5862.28 -649.398
0.9 48102.4 -598.132 5595.46 -3683.32 5595.46 -598.132
0.92 46741.3 -700.263 5226.32 -3020.32 5226.32 -700.263
0.94 44409.1 -820.375 5076.22 -2194.55 5076.22 -820.375
0.96 41562 -822.586 5310.17 -1510.58 5310.17 -822.586
0.98 38285.3 -767.238 5722.23 -1145.94 5722.23 -767.238
1 34407.3 -1230.34 7057.96 -1041.3 7057.96 -1230.34
1.02 29910.3 -1772.56 6629.81 -922.896 6629.81 -1772.56
1.04 25172.4 -1250.78 1847.94 -424.458 1847.94 -1250.78
1.06 20760 -745.5 -844.092 408.295 -844.092 -745.5
1.08 17045 -789.481 45.723 981.569 45.723 -789.481
1.1 13972.2 -433.342 -467.106 970.511 -467.106 -433.342
1.12 11161.1 -463.945 -46.8849 571.399 -46.8849 -463.945
1.14 8308.35 -857.836 645.583 61.6635 645.583 -857.836
1.16 5579.19 -274.661 -3106.03 -54.8571 -3106.03 -274.661
1.18 3484.82 300.598 -6177.53 627.613 -6177.53 300.598
1.2 2258.65 212.223 -5136.52 1544.66 -5136.52 212.223
1.22 1494.22 497.278 -4455.69 1665.23 -4455.69 497.278
1.24 578.298 597.369 -4563.74 566.592 -4563.74 597.369
1.26 -598.827 -362.928 -3907.41 -1363.06 -3907.41 -362.928
1.28 -1395.25 -1464.78 -3673.33 -3016.94 -3673.33 -1464.78
1.3 -840.186 -1679.26 -3911.26 -3259.63 -3911.26 -1679.26
1.32 1474.55 -1161.35 -2887.96 -2276.33 -2887.96 -1161.35
1.34 4890.63 -619.803 -350.301 -1525.28 -350.301 -619.803
1.36 8421.17 -1457.49 3844.67 -2041.37 3844.67 -1457.49
1.38 11890.7 -2988.17 5261.43 -3314.52 5261.43 -2988.17
1.4 15935.9 -2520.56 228.746 -3831.82 228.746 -2520.56
1.42 21188.1 -1268.74 -1932.62 -2913.37 -1932.62 -1268.74
1.44 27493.1 -949.799 2182.56 -1712.92 2182.56 -949.799
1.46 33656.9 -504.938 4974.14 -1635.63 4974.14 -504.938
1.48 38338.1 -467.876 5979.16 -2759.4 5979.16 -467.876
1.5 41453.9 -1765.38 7042.13 -4219.04 7042.13 -1765.38
1.52 44278.6 -2685.25 5838.49 -4719.17 5838.49 -2685.25
1.54 47782.6 -1537.24 3222.55 -3149.22 3222.55 -1537.24
1.56 51134.7 676.716 3008.5 -140.765 3008.5 676.716
1.58 52271.8 1730.77 5167.48 1881.26 5167.48 1730.77
1.6 49881.5 793.609 6394.92 1309.41 6394.92 793.609
1.62 44665.3 -974.72 5025.18 -740.909 5025.18 -974.72
1.64 38847.7 -2056.01 2570.03 -1784.39 2570.03 -2056.01
1.66 34307.1 -1642.85 1085.6 -682.281 1085.6 -1642.85
1.68 30794 164.946 1025.27 1406.05 1025.27 164.946
1.7 25982.1 2113.4 1597.25 2459.86 1597.25 2113.4
1.72 17868.3 2092.55 1913.37 1637.16 1913.37 2092.55
1.74 7099.42 -205.318 1132.08 28.923 1132.08 -205.318
1.76 -3597.6 -1837.52 -1299.11 -366.938 -1299.11 -1837.52
1.78 -12016.1 -640.007 -4236.26 1293.47 -4236.26 -640.007
1.8 -18389.7 1939.88 -5271.9 3486.09 -5271.9 1939.88
1.82 -25000.7 3328.3 -3850.82 3740.63 -3850.82 3328.3
1.84 -33940.9 2672.85 -2352.84 1426.22 -2352.84 2672.85
1.86 -44948.8 578.611 -2543.05 -1543.54 -2543.05 578.611
1.88 -55414 -1551.78 -3827.23 -2799.74 -3827.23 -1551.78
1.9 -62760 -1779.91 -5486.29 -1668.47 -5486.29 -1779.91
1.92 -66680.8 202.771 -7043.36 560.739 -7043.36 202.771
1.94 -69096.9 2297.9 -7499.06 1902.19 -7499.06 2297.9
1.96 -71965.2 2280.93 -6807.23 1447.45 -6807.23 2280.93
1.98 -75053 150.465 -6436.9 246.958 -6436.9 150.465
2 -75885.1 -1932.48 -7166.31 241.628 -7166.31 -1932.48
2.02 -71752.8 -2143.96 -8263.13 2189.62 -8263.13 -2143.96
2.04 -61927.5 -613.046 -8671.26 4819.12 -8671.26 -613.046
2.06 -48216.2 1302.48 -8022.79 6109.01 -8022.79 1302.48
2.08 -33366.2 2087.4 -6777.24 5238.12 -6777.24 2087.4
2.1 -18726.8 933.006 -5431.28 3172.76 -5431.28 933.006
2.12 -3527.87 -1031.28 -3993.35 1581.72 -3993.35 -1031.28
2.14 13585.7 -1602.73 -2271.86 1317.31 -2271.86 -1602.73
2.16 32579.8 -305.508 -281.947 1662.66 -281.947 -305.508
2.18 51544.2 1114.27 2162.43 971.861 2162.43 1114.27
2.2 67844.6 1249.48 4916.53 -1629 4916.53 1249.48
2.22 79913.9 176.915 6957.68 -5198.14 6957.68 176.915
2.24 88317.2 -1743.76 8350.58 -7937.19 8350.58 -1743.76
2.26 94820.5 -3470.49 10130.8 -8917.37 10130.8 -3470.49
2.28 100426 -3579.97 11944.6 -8554.45 11944.6 -3579.97
2.3 104504 -2413.54 13038.6 -7886.2 13038.6 -2413.54
2.32 105510 -1637.72 13973.1 -7606.83 13973.1 -1637.72
2.34 102401 -1912.27 14709.4 -7352.51 14709.4 -1912.27
2.36 95674.9 -2582.8 13878.3 -6038.17 13878.3 -2582.8
2.38 87093.7 -2815.99 11816.3 -3289.37 11816.3 -2815.99
2.4 78158.7 -2119.87 10283 -210.935 10283 -2119.87
2.42 69021.2 -850.052 9188.28 1556.68 9188.28 -850.052
2.44 58805.9 -57.5472 7624.14 1279.49 7624.14 -57.5472
2.46 46521.4 14.1831 5674.39 -313.062 5674.39 14.1831
2.48 32056.7 -317.725 3097.64 -1668.87 3097.64 -317.725
2.5 16701.7 -1021.84 -241.044 -1771.85 -241.044 -1021.84
2.52 2126.15 -1225.39 -3130.27 -859.031 -3130.27 -1225.39
2.54 -10945.8 -416.071 -4746.64 153.646 -4746.64 -416.071
2.56 -22820.9 422.65 -6218.74 553.944 -6218.74 422.65
2.58 -33956.7 503.782 -8570.13 373.508 -8570.13 503.782
2.6 -44153.5 7.24855 -10719.7 441.57 -10719.7 7.24855
2.62 -52294.1 -683.556 -11723.5 1557.51 -11723.5 -683.556
2.64 -56708.8 -1368.53 -12131.4 3446.34 -12131.4 -1368.53
2.66 -56603.4 -1081.25 -12301.1 4961.82 -12301.1 -1081.25
2.68 -52856.8 314.512 -11925.7 5248.13 -11925.7 314.512
2.7 -47078.5 1243.65 -11026.3 4313.22 -11026.3 1243.65
2.72 -40207.9 896.011 -10015.8 2838.12 -10015.8 896.011
2.74 -31941.8 -150.552 -8400.35 1621.58 -8400.35 -150.552
2.76 -21597.6 -600.325 -5669.65 767.884 -5669.65 -600.325
2.78 -9174.76 -101.568 -2910.29 -518.744 -2910.29 -101.568
2.8 4490.32 108.172 -837.728 -3007.04 -837.728 108.172
2.82 18234.1 -576.061 1712.83 -6346.37 1712.83 -576.061
2.84 31293.9 -1508.3 5672.71 -9117.88 5672.71 -1508.3
2.86 43433.5 -1993.02 10255.7 -10087.3 10255.7 -1993.02
2.88 54194.3 -1694.11 14631.7 -9221.34 14631.7 -1694.11
2.9 62304.1 -648.982 18489.3 -7378.53 18489.3 -648.982
2.92 66279.3 576.991 20594 -5335.3 20594 576.991
2.94 65683.1 1153.84 20291.2 -3328.08 20291.2 1153.84
2.96 61439.2 986.293 19562.5 -1293.91 19562.5 986.293
2.98 54939.1 724.214 20479 690.509 20479 724.214
3 46819.9 958.292 22335.9 2248.47 22335.9 958.292
3.02 36419.5 1720.22 23051.3 3075.16 23051.3 1720.22
3.04 22681.2 2244.23 21443.1 3455.34 21443.1 2244.23
3.06 5733.52 1950.03 17666.9 4210 17666.9 1950.03
3.08 -12594.3 1430.21 12879.5 6022.68 12879.5 1430.21
3.1 -30238.7 2020.02 8801.53 8751.52 8801.53 2020.02
3.12 -46752 3901.3 6481.47 11320.5 6481.47 3901.3
3.14 -63151.1 5158.76 4896.64 12425.5 4896.64 5158.76
3.16 -80264 4591.64 1788.76 11750.6 1788.76 4591.64
3.18 -97516.3 3427.69 -3602.2 10497.3 -3602.2 3427.69
3.2 -113219 3100.91 -9383.98 10152.1 -9383.98 3100.91
3.22 -125839 3430.12 -13696.1 10710 -13696.1 3430.12
3.24 -134949 3506.67 -16698.8 10714.7 -16698.8 3506.67
3.26 -141203 3189.82 -18859.3 9052.7 -18859.3 3189.82
3.28 -145060 2336.66 -20589.4 6139.38 -20589.4 2336.66
3.3 -145734 907.432 -22900.3 3389.08 -22900.3 907.432
3.32 -141986 231.828 -25867 2019.63 -25867 231.828
3.34 -133359 926.802 -28085.3 2066.64 -28085.3 926.802
3.36 -120186 1308.77 -28130.7 2079.91 -28130.7 1308.77
3.38 -102925 167.591 -25844.6 375.373 -25844.6 167.591
3.4 -81890.9 -1526.75 -22313.5 -3038.21 -22313.5 -1526.75
3.42 -57302.8 -2682.74 -18767.1 -6446.21 -18767.1 -2682.74
3.44 -29549.1 -3167.74 -15619.2 -8358.04 -15619.2 -3167.74
3.46 370.769 -2948.52 -12376.4 -8738.61 -12376.4 -2948.52
3.48 30980.9 -2355.18 -8505.48 -8604.94 -8505.48 -2355.18
3.5 61122.8 -2403.95 -3643.14 -9102.44 -3643.14 -2403.95
3.52 90329.5 -3462.72 2378.56 -10644.8 2378.56 -3462.72
3.54 118364 -4593.18 8844.13 -12477.8 8844.13 -4593.18
3.56 144428 -4583.62 14566.2 -13322.6 14566.2 -4583.62
3.58 166904 -3383.14 18690.8 -12593.2 18690.8 -3383.14
3.6 184139 -2385.5 21135.3 -10834.9 21135.3 -2385.5
3.62 195615 -2732.57 22965 -9032.33 22965 -2732.57
3.64 202361 -4051.32 25492.1 -7663.89 25492.1 -4051.32
3.66 205935 -4865.94 28568.6 -6427.27 28568.6 -4865.94
3.68 206861 -4123.26 30712 -4737.62 30712 -4123.26
3.7 204104 -2353.48 31352.3 -2372.79 31352.3 -2353.48
3.72 195850 -606.071 30876.2 403.882 30876.2 -606.071
3.74 181028 483.477 28930.8 3155.96 28930.8 483.477
3.76 160246 731.211 25591.4 5393.19 25591.4 731.211
3.78 135287 497.98 22204 6535.95 22204 497.98
3.8 107745 418.27 19372.7 6200.18 19372.7 418.27
3.82 77964.4 1051.96 15892.4 4608.35 15892.4 1051.96
3.84 45299 1986.64 10859.4 2532.57 10859.4 1986.64
3.86 9447.93 2007.05 5246.37 776.54 5246.37 2007.05
3.88 -28322.1 689.387 -72.1563 -191.334 -72.1563 689.387
3.9 -65169.2 -1016.76 -5310.68 -238.113 -5310.68 -1016.76
3.92 -97953.2 -1924.8 -10455.9 468.38 -10455.9 -1924.8
3.94 -124530 -1890.08 -15251.9 1497.05 -15251.9 -1890.08
3.96 -144314 -1174.96 -19809.4 2486.56 -19809.4 -1174.96
3.98 -157670 -299.29 -24224.9 3460.53 -24224.9 -299.29
4 -164546 -311.903 -27743.3 4502.45 -27743.3 -311.903
4.02 -164088 -982.471 -29213.9 5301.26 -29213.9 -982.471
4.04 -155560 -876.057 -28639.7 5337.8 -28639.7 -876.057
4.06 -139362 246.619 -26822.5 4238.17 -26822.5 246.619
4.08 -117059 1113.67 -23940 1883.33 -23940 1113.67
4.1 -90780 1271.49 -19754.2 -1378.11 -19754.2 1271.49
4.12 -62689.7 1520.07 -14597.9 -4724.1 -14597.9 1520.07
4.14 -34462.4 1705.2 -9028.57 -7583.21 -9028.57 1705.2
4.16 -7150.55 1004.04 -2799.64 -10134.1 -2799.64 1004.04
4.18 18700.3 -565.242 4405.63 -12641.5 4405.63 -565.242
4.2 42747.9 -1935.83 11904.8 -14652 11904.8 -1935.83
4.22 64612.8 -2469.67 18575.7 -15228.1 18575.7 -2469.67
4.24 83995.2 -2872.78 24257.3 -13748.4 24257.3 -2872.78
4.26 100485 -3088.99 29747.1 -10192 29747.1 -3088.99
4.28 113464 -2242.42 34569.2 -4912.41 34569.2 -2242.42
4.3 122658 -1008.2 37483.5 1316.34 37483.5 -1008.2
4.32 128477 -449.267 38768.6 7287.66 38768.6 -449.267
4.34 131267 539.794 38984.3 12065.5 38984.3 539.794
4.36 130423 3092.77 37614.1 15410.3 37614.1 3092.77
4.38 124351 5985.23 34744.2 17136.2 34744.2 5985.23
4.4 110754 8209.5 31245.3 16852.6 31245.3 8209.5
4.42 87610.5 9694.24 26995.2 14666 26995.2 9694.24
4.44 54614.3 9620.68 22102.5 11285.1 22102.5 9620.68
4.46 13213.3 8225.24 17246.4 7529.72 17246.4 8225.24
4.48 -34528.3 7074.71 11498 4316.59 11498 7074.71
4.5 -86856.5 6775.6 3909.49 2494.92 3909.49 6775.6
4.52 -142817 7142.57 -4322.54 2394.33 -4322.54 7142.57
4.54 -201902 7616.54 -12201.7 4001.38 -12201.7 7616.54
4.56 -262746 7102.37 -19996.4 7230.13 -19996.4 7102.37
4.58 -322404 5715.11 -27790.2 11697.2 -27790.2 5715.11
4.6 -377090 5063.63 -36137.5 16700.2 -36137.5 5063.63
4.62 -423147 5446.1 -45757.6 21380.5 -45757.6 5446.1
4.64 -457527 5620.11 -55237.3 24732.3 -55237.3 5620.11
4.66 -478174 5224.86 -62161 26008.6 -62161 5224.86
4.68 -483936 4410.07 -66413.3 25178.4 -66413.3 4410.07
4.7 -473701 2448.76 -69370 22530.8 -69370 2448.76
4.72 -446115 -497.416 -71463.1 18302.2 -71463.1 -497.416
4.74 -400449 -2585.37 -72556.1 13091.7 -72556.1 -2585.37
4.76 -337549 -2910.11 -72220.5 7772.81 -72220.5 -2910.11
4.78 -260097 -2575.05 -69329.2 2602.52 -69329.2 -2575.05
4.8 -172254 -2675.5 -63403.6 -2822.7 -63403.6 -2675.5
4.82 -78620.9 -3264.07 -55743.8 -8630.26 -55743.8 -3264.07
4.84 17404.9 -4745.5 -47761 -14366.3 -47761 -4745.5
4.86 114605 -7800.31 -39352.3 -19511.6 -39352.3 -7800.31
4.88 213168 -11596 -29700.7 -23753.8 -29700.7 -11596
4.9 312921 -14457.9 -18583.2 -27011.1 -18583.2 -14457.9
4.92 412094 -16030.5 -6702.46 -29573 -6702.46 -16030.5
4.94 507346 -17137.7 4910.49 -31803.4 4910.49 -17137.7
4.96 594845 -18039.9 15508.3 -33439.5 15508.3 -18039.9
4.98 671657 -18377.8 24619.6 -33743.2 24619.6 -18377.8
5 736357 -18132.3 32412.6 -32689 32412.6 -18132.3
5.02 788140 -17249.3 39961.7 -31554.9 39961.7 -17249.3
5.04 825323 -15305.4 47652.4 -31982.9 47652.4 -15305.4
5.06 844555 -12180.8 54456.8 -34577 54456.8 -12180.8
5.08 841389 -8657.75 59672.5 -38393.3 59672.5 -8657.75
5.1 811690 -5636.09 63896.2 -41555.5 63896.2 -5636.09
5.12 752704 -2814.88 67624 -42371.8 67624 -2814.88
5.14 663224 722.832 70088 -40189.5 70088 722.832
5.16 542837 5528.71 70350.9 -35423.2 70350.9 5528.71
5.18 391397 11198.8 68105.2 -28756.1 68105.2 11198.8
5.2 209889 16098.7 63411 -20369.9 63411 16098.7
5.22 2527.64 18030.8 56466.9 -10015.2 56466.9 18030.8
5.24 -221862 16312.6 47944.1 2385.02 47944.1 16312.6
5.26 -451262 13251.8 38894.3 16477 38894.3 13251.8
5.28 -673566 11395.4 29027.1 31682.6 29027.1 11395.4
5.3 -879254 11555 16166.7 47534.8 16166.7 11555
5.32 -1.06192e+06 13510.8 -1417.12 64004.8 -1417.12 13510.8
5.34 -1.21655e+06 16484.5 -22813.3 81210.7 -22813.3 16484.5
5.36 -1.33774e+06 19804.6 -45502.5 98299.4 -45502.5 19804.6
5.38 -1.42001e+06 23316.2 -67168.5 112805 -67168.5 23316.2
5.4 -1.45967e+06 27233.8 -86347 121520 -86347 27233.8
5.42 -1.45577e+06 31042.8 -102629 122126 -102629 31042.8
5.44 -1.41019e+06 32764.2 -115580 114270 -115580 32764.2
5.46 -1.32663e+06 30380.2 -124507 99645.2 -124507 30380.2
5.48 -1.20789e+06 24166.5 -128568 81166.4 -128568 24166.5
5.5 -1.05566e+06 16629.8 -126483 61583.2 -126483 16629.8
5.52 -872472 10370.6 -117973 42450.4 -117973 10370.6
5.54 -663355 6635.96 -103860 24351 -103860 6635.96
5.56 -436991 5578.29 -84474.2 7834.92 -84474.2 5578.29
5.58 -204689 6121.74 -59667.9 -6461.57 -59667.9 6121.74
5.6 22429.9 5630.29 -31817 -18880.2 -31817 5630.29
5.62 235923 2588.59 -5326.78 -31256 -5326.78 2588.59
5.64 430060 -2344.7 18828.1 -45678.5 18828.1 -2344.7
5.66 600136 -7998.71 41267.6 -62751.7 41267.6 -7998.71
5.68 741089 -14004.2 60715.9 -80867.1 60715.9 -14004.2
5.7 847901 -20823.7 76625.7 -96661.8 76625.7 -20823.7
5.72 917326 -27927.2 88928.6 -106219 88928.6 -27927.2
5.74 949706 -33497.1 95483.7 -106465 95483.7 -33497.1
5.76 948946 -35408.5 93672 -96230.7 93672 -35408.5
5.78 920611 -32704.9 83160.5 -76637.4 83160.5 -32704.9
5.8 870093 -26462.8 65356.8 -50867.3 65356.8 -26462.8
5.82 801896 -18960.4 42924.2 -23325.7 42924.2 -18960.4
5.84 719859 -12614.5 19145.2 1653.55 19145.2 -12614.5
5.86 627393 -8341.49 -5252.39 21065.5 -5252.39 -8341.49
5.88 527474 -5553.46 -31125.9 33880.6 -31125.9 -5553.46
5.9 422408 -3363.48 -57250.2 40800.2 -57250.2 -3363.48
5.92 312843 264.157 -81428.2 43550.8 -81428.2 264.157
5.94 196822 7534.71 -103235 44107 -103235 7534.71
5.96 70565 17326.2 -121844 43615.4 -121844 17326.2
5.98 -69022.5 25495.8 -133156 41684.5 -133156 25495.8
6 -220352 27491.6 -134950 37029.8 -134950 27491.6
6.02 -373540 20709.6 -130087 28627.5 -130087 20709.6
6.04 -511388 7435.48 -120551 16332.6 -120551 7435.48
6.06 -617650 -4409.24 -102882 1388.44 -102882 -4409.24
6.08 -686513 -8406.29 -77046.4 -13408.7 -77046.4 -8406.29
6.1 -724565 -6036.12 -50877.1 -24706.8 -50877.1 -6036.12
6.12 -744265 -2334.63 -27977.8 -29721.8 -27977.8 -2334.63
6.14 -753217 -1132.74 -3703.23 -26897 -3703.23 -1132.74
6.16 -747732 -2772.77 26895.8 -17094.5 26895.8 -2772.77
6.18 -716366 -3380.71 62870.9 -4264.35 62870.9 -3380.71
6.2 -650206 208.284 102620 6083.3 102620 208.284
6.22 -549328 4869.07 145041 9573.44 145041 4869.07
6.24 -419840 4146.88 184866 5323.01 184866 4146.88
6.26 -267444 -4082.42 218843 -3162.51 218843 -4082.42
6.28 -95446.8 -15621.9 248090 -10360.5 248090 -15621.9
6.3 90433.3 -23891.8 274581 -13178.5 274581 -23891.8
6.32 286048 -25314.5 300080 -12608.3 300080 -25314.5
6.34 493000 -21314.4 320213 -10853.5 320213 -21314.4
6.36 701706 -15875.6 324494 -7674.88 324494 -15875.6
6.38 894949 -11487.5 315026 -207.446 315026 -11487.5
6.4 1.06394e+06 -7543.68 303439 13410 303439 -7543.68
6.42 1.20643e+06 -2506.69 288691 30468.7 288691 -2506.69
6.44 1.31805e+06 3173.54 265607 44283.9 265607 3173.54
6.46 1.3885e+06 7484.47 236639 49090 236639 7484.47
6.48 1.40755e+06 9784.78 202198 45035.7 202198 9784.78
6.5 1.37026e+06 10710.9 160704 38246.4 160704 10710.9
6.52 1.27881e+06 11077.8 116189 35768.4 116189 11077.8
6.54 1.14041e+06 11667.2 73172.1 40544.7 73172.1 11667.2
6.56 966763 12329 30729.2 50722.8 30729.2 12329
6.58 772241 12739.8 -15107.9 62837.4 -15107.9 12739.8
6.6 571213 13196.3 -65591.8 75288 -65591.8 13196.3
6.62 375448 13590.9 -116257 88511.9 -116257 13590.9
6.64 191834 13273.3 -161633 101254 -161633 13273.3
6.66 21747.3 12000.8 -198217 107592 -198217 12000.8
6.68 -137502 9207.42 -222173 99643.4 -222173 9207.42
6.7 -289526 4069.93 -232729 73785.6 -232729 4069.93
6.72 -436568 -1284.66 -236033 34700.4 -236033 -1284.66
6.74 -578337 -2221.53 -234966 -6631.99 -234966 -2221.53
6.76 -714184 2463.19 -227110 -40333 -227110 2463.19
6.78 -843222 9105.91 -217260 -62967 -217260 9105.91
6.8 -961670 14170.5 -208450 -76017.3 -208450 14170.5
6.82 -1.06659e+06 16183.4 -197871 -81956.8 -197871 16183.4
6.84 -1.15777e+06 13977.1 -186791 -82814.6 -186791 13977.1
6.86 -1.22638e+06 7445.49 -178724 -80130.6 -178724 7445.49
6.88 -1.26092e+06 -428.085 -172293 -74197.8 -172293 -428.085
6.9 -1.25565e+06 -5650.78 -159493 -64795.8 -159493 -5650.78
6.92 -1.21467e+06 -7012.7 -131177 -54830.8 -131177 -7012.7
6.94 -1.15161e+06 -7334.24 -89154.1 -50770.7 -89154.1 -7334.24
6.96 -1.07744e+06 -12094.6 -43120.1 -54976.5 -43120.1 -12094.6
6.98 -992525 -22657.2 4316.03 -59305 4316.03 -22657.2
7 -886322 -29809.8 53743.6 -51603.3 53743.6 -29809.8
7.02 -750615 -22268.2 98325.3 -28305.7 98325.3 -22268.2
7.04 -588254 -2695.23 130930 2746.86 130930 -2695.23
7.06 -410103 14751.2 151588 31074.9 151588 14751.2
7.08 -225138 21770.6 161490 51863.2 161490 21770.6
7.1 -35634.4 21662.7 161431 65417.8 161431 21662.7
7.12 157983 20751.8 156719 71423 156719 20751.8
7.14 349390 20556.3 153200 66431.7 153200 20556.3
7.16 523861 18007.4 151317 47673 151317 18007.4
7.18 665082 10142.1 149653 18866.5 149653 10142.1
7.2 763132 -1985.74 148745 -8663.38 148745 -1985.74
7.22 817305 -12875.5 148097 -21967.3 148097 -12875.5
7.24 833928 -16557.8 143289 -14483.5 143289 -16557.8
7.26 821355 -11361.2 128680 11394.8 128680 -11361.2
7.28 787528 -972.839 102371 48126 102371 -972.839
7.3 740645 9454.21 66940.1 87340.8 66940.1 9454.21
7.32 689850 17202.5 26632.2 120985 26632.2 17202.5
7.34 643484 21148.3 -13917.5 141218 -13917.5 21148.3
7.36 605862 20606.5 -50632.8 141427 -50632.8 20606.5
7.38 574773 16010.7 -81893.9 118107 -81893.9 16010.7
7.4 542261 8004.72 -107513 72475.9 -107513 8004.72
7.42 498299 -3193.7 -125874 11249.7 -125874 -3193.7
7.44 434744 -15739 -134344 -54154 -134344 -15739
7.46 346894 -25070.5 -132443 -110793 -132443 -25070.5
7.48 233313 -27505.6 -122797 -148730 -122797 -27505.6
7.5 95767.4 -23781.8 -109905 -163865 -109905 -23781.8
7.52 -60058.1 -17138.9 -98715.2 -157217 -98715.2 -17138.9
7.54 -223659 -10213.7 -91660.4 -132593 -91660.4 -10213.7
7.56 -380724 -3958.99 -87178 -95665.1 -87178 -3958.99
7.58 -517407 1446.38 -81782.8 -54273.3 -81782.8 1446.38
7.6 -624970 4699.53 -72420.3 -17515.3 -72420.3 4699.53
7.62 -701053 3548.04 -57737.4 7179.86 -57737.4 3548.04
7.64 -747143 -2857.88 -38172.6 17280.3 -38172.6 -2857.88
7.66 -765411 -12004.3 -14808.1 16214.5 -14808.1 -12004.3
7.68 -757597 -19404.5 11777.1 11145.8 11777.1 -19404.5
7.7 -724817 -21974.7 40939.9 8861.32 40939.9 -21974.7
7.72 -667665 -19142.5 70540.8 12766.8 70540.8 -19142.5
7.74 -587065 -11744 97127.2 22810.3 97127.2 -11744
7.76 -484580 -901.374 117194 37440.9 117194 -901.374
7.78 -361808 11608.1 128223 55163.2 128223 11608.1
7.8 -220595 22978.2 129957 74104.5 129957 22978.2
7.82 -64039 30332.3 124917 90750.1 124917 30332.3
7.84 103772 31020 117484 100307 117484 31020
7.86 278104 24584.1 112077 99040.8 112077 24584.1
7.88 451896 14501 110381 86594.3 110381 14501
7.9 614565 4801.57 110149 66365 110149 4801.57
7.92 753884 -3463.02 107631 43868.9 107631 -3463.02
7.94 860308 -10628.4 100452 24391.5 100452 -10628.4
7.96 930501 -15125.4 88568.9 11108.1 88568.9 -15125.4
7.98 967420 -14866.1 73822.1 4177.79 73822.1 -14866.1
8 977133 -10259.3 57670.5 1145.82 57670.5 -10259.3
8.02 964814 -3617.36 39235.2 -1341.95 39235.2 -3617.36
8.04 933350 2320.92 16591.7 -5722.07 16591.7 2320.92
8.06 884623 5176.81 -10291.5 -13118.6 -10291.5 5176.81
8.08 820283 3913.24 -38296.5 -24189.9 -38296.5 3913.24
8.1 740423 -403.108 -62753.3 -39697.5 -62753.3 -403.108
8.12 641871 -5785.62 -80416.8 -59898 -80416.8 -5785.62
8.14 518406 -11387.6 -91375.7 -83144.3 -91375.7 -11387.6
8.16 363770 -16637.1 -97639.7 -104779 -97639.7 -16637.1
8.18 175873 -19798.4 -100281 -117705 -100281 -19798.4
8.2 -40703.8 -18990.2 -99474.3 -115341 -99474.3 -18990.2
8.22 -275242 -13517 -96585.2 -95218.5 -96585.2 -13517
8.24 -513430 -4256.41 -93682.6 -60174.5 -93682.6 -4256.41
8.26 -740131 6822.77 -91747.6 -16508.8 -91747.6 6822.77
8.28 -941331 17429 -91166.9 28765.6 -91166.9 17429
8.3 -1.10539e+06 25536.7 -91749.5 69557.8 -91749.5 25536.7
8.32 -1.22423e+06 29850.9 -91209 100974 -91209 29850.9
8.34 -1.29441e+06 29891.6 -85771.4 119227 -85771.4 29891.6
8.36 -1.31732e+06 26281 -72716.7 122306 -72716.7 26281
8.38 -1.29821e+06 20414.5 -51520.3 111449 -51520.3 20414.5
8.4 -1.24479e+06 13803 -23629.9 91902.9 -23629.9 13803
8.42 -1.16531e+06 8524.91 7752.36 71588.9 7752.36 8524.91
8.44 -1.06538e+06 6722.79 38376.5 57917.1 38376.5 6722.79
8.46 -948672 8951.06 64317.1 54543.8 64317.1 8951.06
8.48 -816995 13687.2 83315.5 60279.4 83315.5 13687.2
8.5 -668995 18542.1 95175.8 70709.5 95175.8 18542.1
8.52 -501754 21840 101127 80671.8 101127 21840
8.54 -313213 22828.6 103372 85713.5 103372 22828.6
8.56 -105449 21138.9 104477 82538 104477 21138.9
8.58 113637 16546.2 105619 69215.6 105619 16546.2
8.6 331285 8974.42 105980 45504.1 105980 8974.42
8.62 533156 -1003.76 104588 13463.5 104588 -1003.76
8.64 706646 -11773.2 101306 -22020.5 101306 -11773.2
8.66 842796 -20963.3 95768.7 -54047.6 95768.7 -20963.3
8.68 936886 -26379.7 86915.8 -76179.2 86915.8 -26379.7
8.7 988394 -26862 73649.9 -84947.3 73649.9 -26862
8.72 1.00046e+06 -22616.8 55474.5 -80708.2 55474.5 -22616.8
8.74 979100 -15493.1 32490.5 -66920.3 32490.5 -15493.1
8.76 932145 -8112.41 5341.52 -48843.2 5341.52 -8112.41
8.78 867792 -2507.79 -24051.1 -32235.5 -24051.1 -2507.79
8.8 792288 245.238 -52283.1 -22180.4 -52283.1 245.238
8.82 707830 90.9861 -76002.7 -21815.5 -76002.7 90.9861
8.84 612650 -2606.82 -93408.5 -30988.4 -93408.5 -2606.82
8.86 502174 -7415.96 -103866 -45815.5 -103866 -7415.96
8.88 371112 -12835.2 -107945 -59883.9 -107945 -12835.2
8.9 216621 -16260.7 -107971 -66475.7 -107971 -16260.7
8.92 40696 -15501.1 -106101 -60858.7 -106101 -15501.1
8.94 -149362 -10153.9 -102464 -41968 -102464 -10153.9
8.96 -342277 -1644.76 -96490.3 -12720.7 -96490.3 -1644.76
8.98 -524627 7658.2 -88899.5 21156.6 -88899.5 7658.2
9 -682717 15357.3 -80983.7 52771.3 -80983.7 15357.3
9.02 -804689 20208.7 -72911.4 75534.9 -72911.4 20208.7
9.04 -883017 22217.3 -62854.9 84815.1 -62854.9 22217.3
9.06 -916551 21247.1 -47479 79472.4 -47479 21247.1
9.08 -910409 16366.4 -24197.3 62196.7 -24197.3 16366.4
9.1 -873481 7726.25 7098.26 38590.1 7098.26 7726.25
9.12 -815128 -1620.31 41990.2 15845.9 41990.2 -1620.31
9.14 -742591 -7323.47 72433.4 1081.62 72433.4 -7323.47
9.16 -660515 -6207.02 93587.1 -900.986 93587.1 -6207.02
9.18 -572486 2192.12 107421 10449.9 107421 2192.12
9.2 -481716 14505.6 117965 30964.6 117965 14505.6
9.22 -389028 24588.8 126554 53163.6 126554 24588.8
9.24 -290293 26992.9 133341 69197.9 133341 26992.9
9.26 -177501 21802.2 139084 74099 139084 21802.2
9.28 -44960.3 15137.4 143312 67457.5 143312 15137.4
9.3 104125 11360.9 143546 52155.7 143546 11360.9
9.32 257152 7916.93 138825 31519.1 138825 7916.93
9.34 397996 645.094 131758 8434.02 131758 645.094
9.36 514636 -9573.63 123933 -13099.5 123933 -9573.63
9.38 603037 -17762.4 113569 -27717.1 113569 -17762.4
9.4 664664 -19392.6 99885 -31355.3 99885 -19392.6
9.42 701354 -13350.3 83966.8 -23833 83966.8 -13350.3
9.44 713561 -3171.79 65171.1 -8892.19 65171.1 -3171.79
9.46 702613 5718.17 42498.1 7682.93 42498.1 5718.17
9.48 672653 10639.3 17819 20392.7 17819 10639.3
9.5 629307 12330.1 -6171.39 25446.5 -6171.39 12330.1
9.52 576051 11939.7 -28167.6 20771.6 -28167.6 11939.7
9.54 512212 8737.04 -46890.7 5898.68 -46890.7 8737.04
9.56 433971 2286.89 -60535.5 -17070.1 -60535.5 2286.89
9.58 337087 -5592.81 -68507.4 -42671.3 -68507.4 -5592.81
9.6 219469 -12392.4 -72271.8 -63485.2 -72271.8 -12392.4
9.62 82433.9 -16514.9 -73912.1 -73170 -73912.1 -16514.9
9.64 -68720.4 -17503.4 -74355.8 -68834.9 -74355.8 -17503.4
9.66 -224805 -15165.9 -73648.3 -51609.7 -73648.3 -15165.9
9.68 -373894 -9813.25 -72126 -25707.9 -72126 -9813.25
9.7 -503951 -2596.16 -70076.8 3228.06 -70076.8 -2596.16
9.72 -605729 4819.41 -66847.1 29645.5 -66847.1 4819.41
9.74 -673745 10056.4 -61252.5 48944.2 -61252.5 10056.4
9.76 -705225 10855 -51972.4 57996.8 -51972.4 10855
9.78 -699119 6960.83 -37324.6 55854.4 -37324.6 6960.83
9.8 -656880 891.751 -16344.3 44273.4 -16344.3 891.751
9.82 -584156 -3981.76 9265.94 27330.5 9265.94 -3981.76
9.84 -490746 -6157.54 35036.4 10213.9 35036.4 -6157.54
9.86 -387575 -6261.08 56803.2 -2143.48 56803.2 -6261.08
9.88 -282221 -5309.95 73489.6 -6307.93 73489.6 -5309.95
9.9 -176362 -3312.01 86459.6 -1446.25 86459.6 -3312.01
9.92 -67316.5 439.542 97376.8 10207.6 97376.8 439.542
9.94 47842.2 5683.69 107065 24172.1 107065 5683.69
9.96 169008 10633.1 114958 35720.1 114958 10633.1
9.98 292931 12866.5 119454 41912.2 119454 12866.5
10 415394 10723.6 120260 42205 120260 10723.6
10.02 532470 5219.36 119541 37482.8 119541 5219.36
10.04 639605 -691.671 119489 28824.2 119489 -691.671
10.06 730054 -4795.7 119772 17176.2 119772 -4795.7
10.08 795170 -6775.67 117878 4039.24 117878 -6775.67
10.1 827316 -7233.33 111384 -7850.44 111384 -7233.33
10.12 823250 -6361.09 99764.5 -15227.9 99764.5 -6361.09
10.14 785542 -4226.77 84108 -16467.5 84108 -4226.77
10.16 720630 -772.812 66336.3 -13222.1 66336.3 -772.812
10.18 635167 3410.22 48415 -9604.2 48415 3410.22
10.2 533748 6128.14 30750.9 -9440.8 30750.9 6128.14
10.22 419225 5238.26 12296.7 -13749.3 12296.7 5238.26
10.24 294193 1199.23 -7288.05 -20202.1 -7288.05 1199.23
10.26 161618 -3550.86 -26454.6 -25084.1 -26454.6 -3550.86
10.28 24510 -7267.29 -42967.4 -26144.3 -42967.4 -7267.29
10.3 -114654 -9141.7 -55817 -23437.1 -55817 -9141.7
10.32 -253677 -8711.34 -65620.4 -17601.4 -65620.4 -8711.34
10.34 -389329 -6076.05 -73496.4 -8330.55 -73496.4 -6076.05
10.36 -516291 -1610.03 -79446.2 5062.17 -79446.2 -1610.03
10.38 -627635 4386.01 -82451.7 22014.1 -82451.7 4386.01
10.4 -716356 10831.2 -81880.4 39676.6 -81880.4 10831.2
10.42 -776806 15785.6 -77474.5 53420.6 -77474.5 15785.6
10.44 -805236 17449.5 -69350.4 59062.9 -69350.4 17449.5
10.46 -799606 15090.1 -57917.7 55322.4 -57917.7 15090.1
10.48 -759705 9821.29 -42919.2 44344.2 -42919.2 9821.29
10.5 -687849 3891.33 -23907.4 30000.5 -23907.4 3891.33
10.52 -589496 -677.164 -1673.32 15734.4 -1673.32 -677.164
10.54 -472682 -3014.36 21961.6 3710.17 21961.6 -3014.36
10.56 -345981 -3560.28 45891.7 -4613.08 45891.7 -3560.28
10.58 -216024 -3171.81 69728.5 -7768.53 69728.5 -3171.81
10.6 -86133.2 -2117.39 92412.7 -4607.42 92412.7 -2117.39
10.62 42970.6 -40.5945 112426 4470.57 112426 -40.5945
10.64 171023 3091.78 128327 16723.5 128327 3091.78
10.66 296217 6574.43 138431 27885.1 138431 6574.43
10.68 414773 8983.79 141495 34178.1 141495 8983.79
10.7 522138 8530.17 138871 33835.2 138871 8530.17
10.72 614342 4715.04 133961 27193.7 133961 4715.04
10.74 688255 -756.018 128497 15944.6 128497 -756.018
10.76 740641 -5422.08 121394 2391.91 121394 -5422.08
10.78 767534 -7956.58 111140 -10871.5 111140 -7956.58
10.8 765229 -8572.29 97103.4 -20941.1 97103.4 -8572.29
10.82 732421 -8114.69 78877.6 -24905.8 78877.6 -8114.69
10.84 671866 -7022.37 56824.7 -21028 56824.7 -7022.37
10.86 589702 -4777.63 32837.7 -10075.4 32837.7 -4777.63
10.88 492697 -562.692 8397.88 4608.29 8397.88 -562.692
10.9 385772 5094.15 -16876.8 18605.8 -16876.8 5094.15
10.92 271605 9879.09 -42447.7 28336.4 -42447.7 9879.09
10.94 152261 11159.1 -65144.8 32036.5 -65144.8 11159.1
10.96 30956.1 8353.48 -82042.1 29517.5 -82042.1 8353.48
10.98 -87856.3 3228.12 -92780.2 21451.8 -92780.2 3228.12
11 -199773 -2245.63 -98618.1 9034.39 -98618.1 -2245.63
11.02 -301986 -6425.78 -100702 -5642.71 -100702 -6425.78
11.04 -393679 -7945.46 -99757.3 -19127.3 -99757.3 -7945.46
11.06 -474869 -6719.16 -96160.9 -27397.3 -96160.9 -6719.16
11.08 -544700 -3860.28 -89703.5 -27930.6 -89703.5 -3860.28
11.1 -600444 -473.158 -79694.3 -21197 -79694.3 -473.158
11.12 -637744 2750.7 -65979.7 -10273.8 -65979.7 2750.7
11.14 -651962 5404.5 -49859.8 871.545 -49859.8 5404.5
11.16 -640318 7555.54 -32203.8 9187.82 -32203.8 7555.54
11.18 -603564 8918.21 -11848.3 13378.4 -11848.3 8918.21
11.2 -545890 8458.92 12025 13533.6 12025 8458.92
11.22 -473084 5540.86 38081 10523.2 38081 5540.86
11.24 -390212 828.07 64665.7 5919.71 64665.7 828.07
11.26 -300509 -3581.4 90839.5 2030.97 90839.5 -3581.4
11.28 -206108 -5032.31 114524 1469.14 114524 -5032.31
11.3 -109675 -1916.02 132510 6258.17 132510 -1916.02
11.32 -15023.3 4666.46 143733 16783.9 143733 4666.46
11.34 74277.8 11287.6 150071 31232.9 150071 11287.6
11.36 157007 14933.7 153013 46215.7 153013 14933.7
11.38 234905 14961.4 152159 58218.8 152159 14961.4
11.4 310703 12862.4 147502 64743.3 147502 12862.4
11.42 385123 10302.6 140540 64729.6 140540 10302.6
11.44 454848 8100.18 132111 58716.9 132111 8100.18
11.46 512839 6555.34 121640 48822 121640 6555.34
11.48 551456 4802.01 109655 37970.7 109655 4802.01
11.5 566521 1294.07 97136 28542.7 97136 1294.07
11.52 559266 -3050.92 81898.1 21753.2 81898.1 -3050.92
11.54 534226 -4185.91 60949.9 18051.1 60949.9 -4185.91
11.56 495461 -577.92 35743 17043.9 35743 -577.92
11.58 444935 3738.29 10028.3 16824.7 10028.3 3738.29
11.6 383592 4820.48 -15515.3 14689.9 -15515.3 4820.48
11.62 313400 2566.98 -41348.6 8982.99 -41348.6 2566.98
11.64 237982 -1263.73 -65072.7 -538.724 -65072.7 -1263.73
11.66 160807 -4645.86 -84212.7 -13528.6 -84212.7 -4645.86
11.68 82512.8 -6125.51 -98332.4 -28922.4 -98332.4 -6125.51
11.7 445.498 -6251.64 -106848 -44483.4 -106848 -6251.64
11.72 -88589.3 -6951.54 -109179 -57404.6 -109179 -6951.54
11.74 -185034 -8483.4 -107012 -65072 -107012 -8483.4
11.76 -285572 -8927.51 -103615 -65359.9 -103615 -8927.51
11.78 -384786 -6496.39 -100652 -57355.6 -100652 -6496.39
11.8 -477377 -1467.66 -97327.5 -42305.9 -97327.5 -1467.66
11.82 -558889 3821.5 -91765.5 -23470.4 -91765.5 3821.5
11.84 -625208 7123.47 -82208.5 -4736.52 -82208.5 7123.47
11.86 -672271 8195.19 -68106.3 10913.1 -68106.3 8195.19
11.88 -696697 8119.82 -50420.2 22039.2 -50420.2 8119.82
11.9 -696839 7695.08 -30368.2 28413.5 -30368.2 7695.08
11.92 -673457 7309.42 -7902.63 30612 -7902.63 7309.42
11.94 -629451 7060.16 18130.2 30023.6 18130.2 7060.16
11.96 -568679 6616.33 47833.8 28741.6 47833.8 6616.33
11.98 -494749 6122.67 78732.1 29125.5 78732.1 6122.67
12 -410579 7030.07 106500 33394.1 106500 7030.07
12.02 -318504 10538.5 128055 42950.4 128055 10538.5
12.04 -220308 15701.6 143443 57191.2 143443 15701.6
12.06 -117070 20116.8 154103 72921 154103 20116.8
12.08 -9233.43 21836.3 161655 85381.2 161655 21836.3
12.1 102849 20307.6 167305 90207.8 167305 20307.6
12.12 217997 16046 171137 85098.4 171137 16046
12.14 333279 10096.3 172641 70625.5 172641 10096.3
12.16 443616 3772.52 171907 49937.7 171907 3772.52
12.18 542387 -1939.58 169228 27371.2 169228 -1939.58
12.2 623230 -6851.27 163961 6802.84 163961 -6851.27
12.22 682173 -10822.8 155406 -9082.69 155406 -10822.8
12.24 718259 -12772 142605 -18477.9 142605 -12772
12.26 732417 -11378 123832 -20313.9 123832 -11378
12.28 725983 -6808.44 98273.7 -15159 98273.7 -6808.44
12.3 699914 -931.35 66758.7 -6104.87 66758.7 -931.35
12.32 654919 3907.64 31519.7 2008.67 31519.7 3907.64
12.34 592120 5845.57 -3550.24 4775.1 -3550.24 5845.57
12.36 513543 3910.63 -34066.8 -11.839 -34066.8 3910.63
12.38 421833 -1374.26 -57872.2 -11929.7 -57872.2 -1374.26
12.4 319462 -7903.99 -75750.4 -28300.8 -75750.4 -7903.99
12.42 208295 -13341.4 -89505 -44907.4 -89505 -13341.4
12.44 90054.1 -16468.5 -100257 -57153.5 -100257 -16468.5
12.46 -32753 -17100.8 -107836 -61447.6 -107836 -17100.8
12.48 -156094 -15402.8 -111674 -56198.4 -111674 -15402.8
12.5 -274146 -11922.1 -112493 -42148 -112493 -11922.1
12.52 -379763 -7478.28 -111705 -22073.1 -111705 -7478.28
12.54 -465811 -2560.47 -109752 96.3451 -109752 -2560.47
12.56 -526724 2458.55 -106222 20338.7 -106222 2458.55
12.58 -559655 6495.68 -100015 35176.4 -100015 6495.68
12.6 -564994 8434.07 -88966.5 41994.9 -88966.5 8434.07
12.62 -546190 8281.48 -71199.2 39634.3 -71199.2 8281.48
12.64 -508666 6584.39 -47526.7 29101.3 -47526.7 6584.39
12.66 -458242 3987.02 -20459 13691.6 -20459 3987.02
12.68 -400001 1693.43 8719.65 -1787.8 8719.65 1693.43
12.7 -338071 1558.9 39220.3 -12525.9 39220.3 1558.9
12.72 -275893 4532.46 69227.7 -15328.5 69227.7 4532.46
12.74 -215998 8877.65 97104.8 -9483.33 97104.8 8877.65
12.76 -159179 11649.3 122465 3584.5 122465 11649.3
12.78 -103956 11997.8 143522 21374.3 143522 11997.8
12.8 -47324.1 11534.7 156153 40990.9 156153 11534.7
12.82 13270 11330.6 159017 59021.4 159017 11330.6
12.84 77682.1 11121.6 155603 71675 155603 11121.6
12.86 142367 10461.4 149768 76093.2 149768 10461.4
12.88 202281 8403.61 142604 71725.4 142604 8403.61
12.9 252778 5021.28 134357 60520.8 134357 5021.28
12.92 289999 2822.29 125111 46254.6 125111 2822.29
12.94 311341 3479.17 112690 33198.2 112690 3479.17
12.96 316169 5638.5 94533.3 24396.1 94533.3 5638.5
12.98 306006 7744 71512.6 20920.3 71512.6 7744
13 283867 9900.73 46562.3 22252.3 46562.3 9900.73
13.02 253166 12109.2 20553 26452.1 20553 12109.2
13.04 216619 13188.5 -7397.24 30423.6 -7397.24 13188.5
13.06 175922 11701.8 -36145.4 31232 -36145.4 11701.8
13.08 132536 7320.6 -62060.8 27257.7 -62060.8 7320.6
13.1 88099.4 1483.31 -82507.2 18007 -82507.2 1483.31
13.12 43582.7 -4072.25 -96950.4 3631.83 -96950.4 -4072.25
13.14 -1714.11 -8712.7 -105233 -14756.9 -105233 -8712.7
13.16 -49768.9 -12238.3 -107622 -34461.2 -107622 -12238.3
13.18 -101811 -14486.9 -106308 -51389.3 -106308 -14486.9
13.2 -156149 -15454.7 -104438 -61561.8 -104438 -15454.7
13.22 -208068 -14542.3 -102731 -63007 -102731 -14542.3
13.24 -251848 -11025.1 -99829.4 -56597 -99829.4 -11025.1
13.26 -283397 -5230.17 -95212.9 -45370.3 -95212.9 -5230.17
13.28 -301881 1522.41 -88660 -32921.7 -88660 1522.41
13.3 -309589 7468.44 -78759.5 -21959.9 -78759.5 7468.44
13.32 -310376 11012.1 -63794.5 -13950.6 -63794.5 11012.1
13.34 -307586 11081.5 -43035.1 -9583.83 -43035.1 11081.5
13.36 -303021 7982.68 -16556.3 -8940.86 -16556.3 7982.68
13.38 -297375 3680.67 14833.4 -10959.3 14833.4 3680.67
13.4 -291333 638.611 48949.6 -13017.4 48949.6 638.611
13.42 -286221 271.881 82519.6 -11407.1 82519.6 271.881
13.44 -283170 2083.09 112061 -2649.13 112061 2083.09
13.46 -280915 4476.63 134877 14869 134877 4476.63
13.48 -274339 6602.82 150558 39750.5 150558 6602.82
13.5 -256138 9459.44 160111 67773 160111 9459.44
13.52 -220878 14220.5 163267 93400.5 163267 14220.5
13.54 -168185 19740.2 159449 111687 159449 19740.2
13.56 -102447 22958.3 150468 119716 150468 22958.3
13.58 -29268.6 21471 139750 117155 139750 21471
13.6 47611.7 15705.6 129793 105765 129793 15705.6
13.62 126116 8663.99 121549 88309.7 121549 8663.99
13.64 203693 3468.57 113975 67774.5 113975 3468.57
13.66 276055 1265.35 103103 47323.5 103103 1265.35
13.68 338855 688.469 85468.1 30286.9 85468.1 688.469
13.7 390751 -187.235 62438.4 19243.3 62438.4 -187.235
13.72 434305 -1442.22 38281.6 14423.6 38281.6 -1442.22
13.74 473549 -2042.64 15384.4 12851.4 15384.4 -2042.64
13.76 510460 -2453.23 -6735.33 9434.36 -6735.33 -2453.23
13.78 543603 -4886.17 -28600.3 -259.044 -28600.3 -4886.17
13.8 569565 -10386.2 -49958.2 -17438.1 -49958.2 -10386.2
13.82 585059 -17387.8 -70403.2 -39875.1 -70403.2 -17387.8
13.84 587382 -23549 -88086 -64128 -88086 -23549
13.86 573612 -27874.7 -100294 -87732.1 -100294 -27874.7
13.88 540499 -30521.9 -106402 -109059 -106402 -30521.9
13.9 485739 -31193.3 -108892 -125506 -108892 -31193.3
13.92 409400 -28716 -111206 -132792 -111206 -28716
13.94 313946 -22126.7 -114941 -126873 -114941 -22126.7
13.96 202853 -11945.3 -118897 -107008 -118897 -11945.3
13.98 79745.4 -982.993 -120190 -77196.5 -120190 -982.993
14 -50619.8 6111.98 -117005 -44652.7 -117005 6111.98
14.02 -180527 6111.56 -109394 -16337.2 -109394 6111.56
14.04 -300250 1511.62 -98081.1 4159.24 -98081.1 1511.62
14.06 -402643 -879.221 -84851.1 17245.6 -84851.1 -879.221
14.08 -487006 2015.85 -70263.3 25169.8 -70263.3 2015.85
14.1 -558470 6848.59 -51178.3 29678 -51178.3 6848.59
14.12 -623068 9699.37 -24520.1 32252.5 -24520.1 9699.37
14.14 -682120 10114.5 8491.13 35565.6 8491.13 10114.5
14.16 -730763 10657.6 43125.3 43063.5 43125.3 10657.6
14.18 -762123 14899.7 73283.3 56990.7 73283.3 14899.7
14.2 -772424 23540.3 93496.9 76895.9 93496.9 23540.3
14.22 -761436 31589.3 102718 99109.8 102718 31589.3
14.24 -728528 32716.1 104182 117621 104182 32716.1
14.26 -669980 26395 102507 126824 102507 26395
14.28 -581799 18305.5 102732 124298 102732 18305.5
14.3 -465118 13202.6 107304 111254 107304 13202.6
14.32 -328171 10036.9 113537 91150.8 113537 10036.9
14.34 -183037 6546.65 117130 68520.4 117130 6546.65
14.36 -39698.5 3060.43 116344 47944.6 116344 3060.43
14.38 97915.9 115.478 110783 32070.8 110783 115.478
14.4 230525 -1855.98 100235 20264.7 100235 -1855.98
14.42 358455 -1794.64 85667.4 9986.21 85667.4 -1794.64
14.44 478607 -422.05 67920.7 -867.798 67920.7 -422.05
14.46 586009 -712.789 46337 -13094 46337 -712.789
14.48 676761 -3978.6 21213.1 -26282.4 21213.1 -3978.6
14.5 748715 -8081.77 -4534.66 -39308.7 -4534.66 -8081.77
14.52 800179 -11017.9 -27650.9 -51713.7 -27650.9 -11017.9
14.54 828364 -13016.1 -45962.1 -64528.8 -45962.1 -13016.1
14.56 828760 -14445.1 -58400.7 -78610.4 -58400.7 -14445.1
14.58 796594 -15415.4 -65753.9 -92332.6 -65753.9 -15415.4
14.6 729989 -16978.6 -70682.8 -101890 -70682.8 -16978.6
14.62 632063 -19181.8 -75340.7 -103681 -75340.7 -19181.8
14.64 509241 -18608.8 -79709.9 -96087.9 -79709.9 -18608.8
14.66 368069 -12706.9 -82272.8 -80038.6 -82272.8 -12706.9
14.68 214240 -4989.81 -80505.5 -58771.7 -80505.5 -4989.81
14.7 53421.4 -113.466 -72715.4 -36006.9 -72715.4 -113.466
14.72 -108150 2501.6 -60253.5 -13481.7 -60253.5 2501.6
14.74 -263942 5582.53 -47167.5 8733.09 -47167.5 5582.53
14.76 -407727 8857.86 -36583.7 29340.4 -36583.7 8857.86
14.78 -534560 10623 -26802.2 45013.3 -26802.2 10623
14.8 -641234 10402.3 -13191.2 53031.3 -13191.2 10402.3
14.82 -725131 7628.52 6685.97 53571.9 6685.97 7628.52
14.84 -783387 2785.8 31499.6 49681.4 31499.6 2785.8
14.86 -814062 -270.02 57080.5 46317 57080.5 -270.02
14.88 -817173 1857.01 77708.6 48553.4 77708.6 1857.01
14.9 -793401 7327.92 90518.5 58667.3 90518.5 7327.92
14.92 -742108 11760.1 98731.7 74546.4 98731.7 11760.1
14.94 -661338 14006.5 106128 91168 106128 14006.5
14.96 -549880 15916.6 111277 103194 111277 15916.6
14.98 -410256 18336.7 111576 106653 111576 18336.7
15 -250668 20254.1 108427 99999.6 108427 20254.1
15.02 -83259.3 19776.1 104189 84401.5 104189 19776.1
15.04 81088 14452 98316.9 62313.8 98316.9 14452
15.06 236816 3978.97 90148.2 35719 90148.2 3978.97
15.08 382770 -7289.58 81080.4 6452.99 81080.4 -7289.58
15.1 517865 -14048.4 71814.1 -22262.2 71814.1 -14048.4
15.12 637909 -15663.9 60897.5 -45853 60897.5 -15663.9
15.14 735999 -14841.2 46515.9 -60154.3 46515.9 -14841.2
15.16 805481 -12635.4 27467.5 -63188.8 27467.5 -12635.4
15.18 843150 -8850.15 3646.05 -56351.4 3646.05 -8850.15
15.2 849655 -3937.61 -22597.9 -44450.4 -22597.9 -3937.61
15.22 826703 1389.5 -47106.5 -33681.4 -47106.5 1389.5
15.24 774700 5466.78 -66751 -28863.3 -66751 5466.78
15.26 693517 5555.87 -80526.2 -32110.9 -80526.2 5555.87
15.28 584539 872.505 -88294 -42546.5 -88294 872.505
15.3 450745 -5347.74 -91334 -56236 -91334 -5347.74
15.32 295815 -9745.78 -92244.5 -67516 -92244.5 -9745.78
15.34 124222 -12227.3 -91879.6 -71661.1 -91879.6 -12227.3
15.36 -58486 -12698.2 -89170.4 -66242.8 -89170.4 -12698.2
15.38 -245832 -9134.06 -84169.4 -50530.3 -84169.4 -9134.06
15.4 -430637 -1389.17 -78088.3 -25352.3 -78088.3 -1389.17
15.42 -605227 7440.38 -71114.8 6124.82 -71114.8 7440.38
15.44 -761601 14537.7 -62982.7 38696.5 -62982.7 14537.7
15.46 -891236 18812.1 -53561.8 66576.7 -53561.8 18812.1
15.48 -985359 19599.3 -41739.6 84732.1 -41739.6 19599.3
15.5 -1.03703e+06 16887.3 -25140 90381.9 -25140 16887.3
15.52 -1.04423e+06 12386.4 -1755.73 84641.5 -1755.73 12386.4
15.54 -1.01086e+06 8061.34 26950.4 72420.1 26950.4 8061.34
15.56 -944459 4244.28 55749.4 59961.3 55749.4 4244.28
15.58 -851562 466.694 79628.3 52077.7 79628.3 466.694
15.6 -734898 -1954.42 96460.2 50774.9 96460.2 -1954.42
15.62 -595165 368.611 106369 55120 106369 368.611
15.64 -434556 8102.74 110969 61705.2 110969 8102.74
15.66 -258352 16412.3 113322 65694 113322 16412.3
15.68 -73394.4 19498.5 116353 62802.2 116353 19498.5
15.7 114268 16565 119890 51479.4 119890 16565
15.72 299755 10807.5 121338 33294.3 121338 10807.5
15.74 477603 4660.29 119778 11114.8 119778 4660.29
15.76 639009 -69.0516 116622 -12301.1 116622 -69.0516
15.78 771482 -2217.08 111618 -33849.5 111618 -2217.08
15.8 862718 -3368.4 102814 -49917.6 102814 -3368.4
15.82 905741 -5570.37 90559.1 -57656.7 90559.1 -5570.37
15.84 901357 -7742.32 75656.6 -56058.6 75656.6 -7742.32
15.86 856520 -6961.34 56660.2 -46267.3 56660.2 -6961.34
15.88 780286 -2611.36 33632.8 -31683.5 33632.8 -2611.36
15.9 679987 2863.38 10372 -17115 10372 2863.38
15.92 560326 6320.38 -9976.8 -6598.84 -9976.8 6320.38
15.94 425572 5386.93 -27400.8 -1738.82 -27400.8 5386.93
15.96 281643 -204.277 -41887.2 -1917.76 -41887.2 -204.277
15.98 135425 -7308.31 -52697.5 -5335.05 -52697.5 -7308.31
16 -8179.58 -10948.3 -60988.4 -9658.89 -60988.4 -10948.3
16.02 -148338 -9044.03 -68594.2 -12483.7 -68594.2 -9044.03
16.04 -286843 -4640.36 -74547.5 -11834.6 -74547.5 -4640.36
16.06 -423532 -1753.99 -77266.2 -6360.76 -77266.2 -1753.99
16.08 -552394 -723.297 -77533.6 4526.22 -77533.6 -723.297
16.1 -662243 883.294 -75788.2 19869.9 -75788.2 883.294
16.12 -741625 4470.81 -70716.1 36463.1 -70716.1 4470.81
16.14 -784002 9184.95 -62157.2 49846.8 -62157.2 9184.95
16.16 -789140 12625.5 -51810.6 56661.4 -51810.6 12625.5
16.18 -760249 11966.9 -39654.8 56059.4 -39654.8 11966.9
16.2 -700418 6705.28 -23862.2 49279.8 -23862.2 6705.28
16.22 -611746 -64.7069 -4307.77 38522.9 -4307.77 -64.7069
16.24 -497443 -4578.77 17792.3 25999.4 17792.3 -4578.77
16.26 -364124 -5713.53 41602.2 13464.1 41602.2 -5713.53
16.28 -221250 -4877.76 65080.2 2576.88 65080.2 -4877.76
16.3 -77660.5 -3694.06 83826.4 -4571.65 83826.4 -3694.06
16.32 61643.2 -2599.36 95403 -6145.41 95403 -2599.36
16.34 195607 -1096.77 102065 -2255.77 102065 -1096.77
16.36 324447 1179.09 106550 4272.2 106550 1179.09
16.38 446619 3699.99 109070 9220.17 109070 3699.99
16.4 557592 5258.46 109149 9470.81 109149 5258.46
16.42 650990 4814.98 107147 4758.57 107147 4814.98
16.44 720744 2600.3 103065 -2560.59 103065 2600.3
16.46 762457 2.33068 96547.8 -9400.98 96547.8 2.33068
16.48 773581 -2037.11 88600.9 -13960.7 88600.9 -2037.11
16.5 753248 -3452.53 80239.1 -16195 80239.1 -3452.53
16.52 702143 -3834.26 70164 -16435.6 70164 -3834.26
16.54 622578 -2682.51 56614 -13944.6 56614 -2682.51
16.56 518647 -443.014 40050.8 -7376.85 40050.8 -443.014
16.58 395955 2304.75 21972.6 3377.56 21972.6 2304.75
16.6 260893 5357.46 2809.46 16080.7 2809.46 5357.46
16.62 120079 7605.46 -16919.2 26737.5 -16919.2 7605.46
16.64 -20046.1 7571.61 -34967.3 31545.9 -34967.3 7571.61
16.66 -154096 5662.72 -49145.7 29189.6 -49145.7 5662.72
16.68 -278449 3149.56 -59115.1 21579.7 -59115.1 3149.56
16.7 -391209 535.171 -65608.2 12235.3 -65608.2 535.171
16.72 -491473 -1623.68 -69738.6 4265.13 -69738.6 -1623.68
16.74 -577987 -2702.9 -72469.9 -283.115 -72469.9 -2702.9
16.76 -647990 -2684.59 -73372.9 -325.845 -73372.9 -2684.59
16.78 -697519 -1498.35 -70690.4 4264.47 -70690.4 -1498.35
16.8 -723005 1231.84 -64329.9 12577.9 -64329.9 1231.84
16.82 -722400 4962.82 -56868.9 22491 -56868.9 4962.82
16.84 -695224 8118.95 -49477.8 30864.5 -49477.8 8118.95
16.86 -642227 9389.46 -40076 34710.3 -40076 9389.46
16.88 -565248 8380.25 -26582.6 32515.9 -26582.6 8380.25
16.9 -467413 5352.28 -9142.06 24524.6 -9142.06 5352.28
16.92 -353366 972.183 10757.6 12319 10757.6 972.183
16.94 -228895 -3607.71 30849.1 -1400.32 30849.1 -3607.71
16.96 -99668.7 -7195.84 48618.5 -13089.9 48618.5 -7195.84
16.98 29839.9 -9043.44 63381.2 -19370.6 63381.2 -9043.44
17 156166 -8533.18 75931.9 -18461.9 75931.9 -8533.18
17.02 276042 -5508.71 86018.9 -11060.8 86018.9 -5508.71
17.04 386172 -1099.21 92622.8 -4.51558 92622.8 -1099.21
17.06 483631 3051.92 95608.1 11241.1 95608.1 3051.92
17.08 566150 6178.8 96135.2 20208.1 96135.2 6178.8
17.1 631818 8225.98 95819.1 25731.7 95819.1 8225.98
17.12 678366 9108.38 95388.8 27068.1 95388.8 9108.38
17.14 702792 8509.56 94620 23530.4 94620 8509.56
17.16 702083 6162.11 93056.4 15350.8 93056.4 6162.11
17.18 674587 2571.86 89808.1 4575.63 89808.1 2571.86
17.2 620937 -914.441 83620.4 -5339.93 83620.4 -914.441
17.22 543790 -3043.49 74532.8 -11236.2 74532.8 -3043.49
17.24 446673 -3117.31 63960.7 -11873.4 63960.7 -3117.31
17.26 332972 -1082.97 52281.5 -8064.31 52281.5 -1082.97
17.28 206170 1784.58 38578.2 -1535.39 38578.2 1784.58
17.3 71040 3556.71 22776.3 6115.09 22776.3 3556.71
17.32 -65770.3 3700.5 6398.44 13697.7 6398.44 3700.5
17.34 -196787 3271.09 -8671.82 20165.4 -8671.82 3271.09
17.36 -315928 3358.76 -21413.5 24302 -21413.5 3358.76
17.38 -420222 4109.13 -31920.2 25049 -31920.2 4109.13
17.4 -509309 4546.8 -40829.8 22450.4 -40829.8 4546.8
17.42 -583049 3564.77 -48005 18125.7 -48005 3564.77
17.44 -639623 1555.07 -52396 14535.1 -52396 1555.07
17.46 -675690 83.4363 -53606.1 13492.5 -53606.1 83.4363
17.48 -688200 358.238 -52665.4 15042 -52665.4 358.238
17.5 -676130 2317.32 -50759.1 17702.1 -50759.1 2317.32
17.52 -640469 4379.29 -47885.9 19852 -47885.9 4379.29
17.54 -582513 4471.86 -43018.9 20796.9 -43018.9 4471.86
17.56 -502572 2223.56 -35100.1 20626 -35100.1 2223.56
17.58 -400703 -654.121 -23919.7 19409.5 -23919.7 -654.121
17.6 -278636 -2623.83 -10141.5 16715 -10141.5 -2623.83
17.62 -141001 -3565.44 4946.37 12064.6 4946.37 -3565.44
17.64 5303.23 -4147.86 19896.6 5975.53 19896.6 -4147.86
17.66 153033 -4836.22 33994.5 186.012 33994.5 -4836.22
17.68 296231 -5440.02 47334.7 -3579.16 47334.7 -5440.02
17.7 430436 -5437.98 59949.9 -5032.64 59949.9 -5437.98
17.72 551782 -4620.72 71428.3 -5414.56 71428.3 -4620.72
17.74 656164 -3276.48 81170.4 -6292.54 81170.4 -3276.48
17.76 739173 -1727.28 88208 -8308.36 88208 -1727.28
17.78 796693 -192.594 91660.4 -10959.3 91660.4 -192.594
17.8 825472 1140.6 92110.2 -13437.5 92110.2 1140.6
17.82 823380 2029.33 91069.9 -15514.7 91069.9 2029.33
17.84 789569 2114.82 89055.2 -17544.2 89055.2 2114.82
17.86 724579 1373.02 85212.5 -19654.6 85212.5 1373.02
17.88 630309 506.475 78492.4 -20970.8 78492.4 506.475
17.9 509694 473.463 68787 -19682.4 68787 473.463
17.92 366237 1814.68 56774 -14051.6 56774 1814.68
17.94 203912 4355.49 43098.3 -3573.85 43098.3 4355.49
17.96 27806.6 7067.64 28501.4 10581.9 28501.4 7067.64
17.98 -154981 8809.07 13808.9 26106.8 13808.9 8809.07
18 -335477 9779.36 -759.639 40685.3 -759.639 9779.36
18.02 -504534 11341.4 -15146.7 52838.2 -15146.7 11341.4
18.04 -654897 13877.2 -28541.9 61734.7 -28541.9 13877.2
18.06 -781976 15971.9 -39948 66515.1 -39948 15971.9
18.08 -882909 15976.6 -49072.3 66379 -49072.3 15976.6
18.1 -955093 13574 -55649.1 61442.4 -55649.1 13574
18.12 -995696 9823.45 -59020.8 53174.3 -59020.8 9823.45
18.14 -1.00258e+06 6328.1 -59289.7 43864.1 -59289.7 6328.1
18.16 -975775 4454.87 -57556.4 35679.1 -57556.4 4454.87
18.18 -917756 4271.97 -54668.1 29894.4 -54668.1 4271.97
18.2 -832008 4365.28 -50369 26539.6 -50369 4365.28
18.22 -721217 3564.16 -43809.4 24662.8 -43809.4 3564.16
18.24 -586856 2228.84 -34545.2 22989.6 -34545.2 2228.84
18.26 -430524 1358.9 -22653.4 20292.8 -22653.4 1358.9
18.28 -255740 1136.83 -8620.95 15410.5 -8620.95 1136.83
18.3 -68643.4 770.301 6766.11 7536.3 6766.11 770.301
18.32 122939 -747.031 22928.1 -3222.02 22928.1 -747.031
18.34 311123 -3798.25 39683.8 -15750.2 39683.8 -3798.25
18.36 488931 -7753.24 56730.4 -28477.4 56730.4 -7753.24
18.38 650211 -11384.6 72958.2 -39954.3 72958.2 -11384.6
18.4 789191 -13714.1 86986.8 -49014.3 86986.8 -13714.1
18.42 900427 -14380.1 98104.4 -54654.4 98104.4 -14380.1
18.44 979376 -13542.3 106129 -56040.1 106129 -13542.3
18.46 1.02317e+06 -11605.7 110891 -52845.4 110891 -11605.7
18.48 1.03103e+06 -8900.83 112142 -45643.4 112142 -8900.83
18.5 1.00412e+06 -5822.02 110013 -35864.5 110013 -5822.02
18.52 945098 -2901.93 105089 -25222.3 105089 -2901.93
18.54 857392 -622.841 97970.1 -14964.4 97970.1 -622.841
18.56 744627 861.206 89018.3 -5446.08 89018.3 861.206
18.58 610325 1786.39 78299.3 3714.08 78299.3 1786.39
18.6 457801 2597.89 65784.3 13105.5 65784.3 2597.89
18.62 290479 3703.78 51495.2 23100.6 51495.2 3703.78
18.64 112683 5071.34 35718.9 33721.1 35718.9 5071.34
18.66 -69663.6 6441.19 19260.2 44584.1 19260.2 6441.19
18.68 -249049 7792.3 3138.15 54829.3 3138.15 7792.3
18.7 -417169 9318.95 -12040.1 63198.4 -12040.1 9318.95
18.72 -566129 10973 -26074.3 68357.7 -26074.3 10973
18.74 -689417 12130.9 -38469.2 69317 -38469.2 12130.9
18.76 -782327 12045.2 -48345.7 65769.4 -48345.7 12045.2
18.78 -841941 10398.1 -54982.4 58231.4 -54982.4 10398.1
18.8 -867077 7516.6 -58225 47881.6 -58225 7516.6
18.82 -858384 4234.33 -58585.7 36190.2 -58585.7 4234.33
18.84 -818390 1479.04 -56845.6 24599.8 -56845.6 1479.04
18.86 -751216 -81.0855 -53589.5 14336.5 -53589.5 -81.0855
18.88 -661782 -455.796 -48898 6177 -48898 -455.796
18.9 -554796 -350.858 -42372.1 138.059 -42372.1 -350.858
18.92 -433961 -508.874 -33573.2 -4573.08 -33573.2 -508.874
18.94 -301916 -1062.64 -22537.5 -9113.77 -22537.5 -1062.64
18.96 -161080 -1617.46 -9895.32 -14368.5 -9895.32 -1617.46
18.98 -14831.3 -1937.92 3680.61 -20576.5 3680.61 -1937.92
19 131849 -2289.23 17602.6 -27312.8 17602.6 -2289.23
19.02 272856 -3275.31 31301.9 -33683.1 31301.9 -3275.31
19.04 402249 -5326.38 44479.3 -38640.7 44479.3 -5326.38
19.06 515337 -7970.42 56862.1 -41254.1 56862.1 -7970.42
19.08 608755 -9865.61 68022.3 -40775.6 68022.3 -9865.61
19.1 679728 -9789.1 77439.8 -36674.3 77439.8 -9789.1
19.12 725610 -7693.21 84634.4 -28824.9 84634.4 -7693.21
19.14 744532 -4748.97 89298.8 -17733.1 89298.8 -4748.97
19.16 736504 -1892.69 91269.4 -4540.61 91269.4 -1892.69
19.18 703747 951.113 90653.8 9178.65 90653.8 951.113
19.2 649838 3978.34 87757 21617.9 87757 3978.34
19.22 578240 6893.53 82987.4 31042 82987.4 6893.53
19.24 491439 9030.64 76807.2 36378.9 76807.2 9030.64
19.26 391299 9655.92 69620.4 37699.5 69620.4 9655.92
19.28 280120 8461.89 61766.4 36110.1 61766.4 8461.89
19.3 161217 6188.26 53335.3 33229.5 53335.3 6188.26
19.32 38522.9 4273.52 44251.5 30631.3 44251.5 4273.52
19.34 -84066.3 3490.15 34578.7 29349 34578.7 3490.15
19.36 -202798 3458.87 24544.6 29619.5 24544.6 3458.87
19.38 -313633 3544.55 14348.9 31066.5 14348.9 3544.55
19.4 -412015 3737.55 4062.16 33024.2 4062.16 3737.55
19.42 -493294 4310.49 -6184.66 34567.4 -6184.66 4310.49
19.44 -553554 4920.23 -15639.1 34440.4 -15639.1 4920.23
19.46 -590325 4795.72 -23024.9 31407.7 -23024.9 4795.72
19.48 -602861 3633.81 -27780.9 24987.7 -27780.9 3633.81
19.5 -591895 1613.39 -30385.5 15874.6 -30385.5 1613.39
19.52 -559233 -868.249 -31520 5653.92 -31520 -868.249
19.54 -507448 -3133.38 -31643.2 -3824.31 -31643.2 -3133.38
19.56 -439618 -4527.05 -31110.5 -11020.1 -31110.5 -4527.05
19.58 -358923 -4906.47 -29919.5 -15156.8 -29919.5 -4906.47
19.6 -268318 -4507.56 -27471.8 -16372.1 -27471.8 -4507.56
19.62 -170629 -3327.39 -23278.4 -15385.1 -23278.4 -3327.39
19.64 -68831.8 -1445.35 -17417.6 -13009.2 -17417.6 -1445.35
19.66 33887.6 469.176 -10181.6 -9963.47 -10181.6 469.176
19.68 134286 1742.05 -1745.5 -6882.21 -1745.5 1742.05
19.7 229151 2338.94 7825.41 -4259.49 7825.41 2338.94
19.72 315198 2569.78 18342.6 -2390.85 18342.6 2569.78
19.74 389069 2359.07 29322.3 -1348.78 29322.3 2359.07
19.76 447594 1605.74 40071.9 -852.662 40071.9 1605.74
19.78 488237 784.609 49911.2 -170.112 49911.2 784.609
19.8 509567 480.747 58328.4 1563.29 58328.4 480.747
19.82 511292 1014.62 65127 4743.9 65127 1014.62
19.84 493872 2446.27 70387.8 9039.94 70387.8 2446.27
19.86 458176 4432.91 74223.9 13632.8 74223.9 4432.91
19.88 405532 6257.7 76666.5 17625.1 76666.5 6257.7
19.9 337980 7241.65 77635.8 20382.6 77635.8 7241.65
19.92 258288 7287.23 76865.7 21705.6 76865.7 7287.23
19.94 169563 6821.94 74165 21755.9 74165 6821.94
19.96 74724.9 6198.39 69806.5 20863.3 69806.5 6198.39
19.98 -23772.9 5522.12 64148.8 19474.9 64148.8 5522.12
20 -123752 4891.11 57084.4 18254.9 57084.4 4891.11
20.02 -222813 4518.89 48327.8 18035.9 48327.8 4518.89
20.04 -317952 4630.81 37894.6 19471.2 37894.6 4630.81
20.06 -405615 5375.35 26174.3 22630.6 26174.3 5375.35
20.08 -482029 6543.67 13885.9 26846.1 13885.9 6543.67
20.1 -543574 7492.99 1965.27 30912.4 1965.27 7492.99
20.12 -587061 7641.68 -8890.72 33592.9 -8890.72 7641.68
20.14 -609898 6832.76 -18548.2 34169.3 -18548.2 6832.76
20.16 -610309 5354.62 -26900 32655.2 -26900 5354.62
20.18 -587612 3595.01 -33376.8 29573.7 -33376.8 3595.01
20.2 -542441 1928.68 -37586.7 25570.4 -37586.7 1928.68
20.22 -476736 671.942 -39750.6 21167.2 -39750.6 671.942
20.24 -393455 -28.9621 -40093.4 16722.6 -40093.4 -28.9621
20.26 -296184 -168.542 -38575.5 12505.8 -38575.5 -168.542
20.28 -188701 -12.6741 -35197.8 8718.57 -35197.8 -12.6741
20.3 -74653.4 83.0873 -30246.8 5362.22 -30246.8 83.0873
20.32 42528.8 -14.5936 -24039.7 2110.98 -24039.7 -14.5936
20.34 159354 -148.818 -16437.9 -1584.35 -16437.9 -148.818
20.36 271992 -381.389 -7043.66 -6184.21 -7043.66 -381.389
20.38 376390 -1243.77 4252.2 -11754.7 4252.2 -1243.77
20.4 468646 -2875.79 17056.6 -17813.1 17056.6 -2875.79
20.42 545381 -4684.21 30552.4 -23448 30552.4 -4684.21
20.44 603996 -6090.89 43888.5 -27756.3 43888.5 -6090.89
20.46 642612 -6846.11 56579.3 -30213.6 56579.3 -6846.11
20.48 659810 -6796.98 68296 -30608.9 68296 -6796.98
20.5 654591 -6025 78500.6 -28854.9 78500.6 -6025
20.52 626729 -4924.41 86562.6 -25048.3 86562.6 -4924.41
20.54 577166 -3805.33 91923.8 -19552.2 91923.8 -3805.33
20.56 508089 -2621.35 94284.2 -12882.2 94284.2 -2621.35
20.58 422555 -1209.21 94001.3 -5606.6 94001.3 -1209.21
20.6 323877 466.441 91783.8 1670 91783.8 466.441
20.62 215160 2259 87949.5 8443.63 87949.5 2259
20.64 99292.2 3920.87 82472.9 14551.8 82472.9 3920.87
20.66 -20710 5337.12 75285.8 20279.7 75285.8 5337.12
20.68 -141302 6513.07 66275.8 26186.8 66275.8 6513.07
20.7 -258349 7620.08 55530.4 32717.9 55530.4 7620.08
20.72 -367585 9011.43 43572 39861.2 43572 9011.43
20.74 -465114 10634.5 30949.8 47083.1 30949.8 10634.5
20.76 -547462 11797.7 17987.4 53547.8 17987.4 11797.7
20.78 -611419 12087.1 5121.72 58509.1 5121.72 12087.1
20.8 -654155 11927.1 -7117.74 61576.7 -7117.74 11927.1
20.82 -673601 11725.6 -18234.3 62533.9 -18234.3 11725.6
20.84 -668882 11330.5 -27596.3 60984.2 -27596.3 11330.5
20.86 -640475 10408.4 -34680.5 56461.4 -34680.5 10408.4
20.88 -589874 8747.82 -39360.1 48912.3 -39360.1 8747.82
20.9 -519175 6509.89 -41780.9 38929.6 -41780.9 6509.89
20.92 -430971 4192.2 -42284.5 27547.7 -42284.5 4192.2
20.94 -328519 2226.77 -41283.8 15840.2 -41283.8 2226.77
20.96 -215839 718.047 -38889.7 4581.51 -38889.7 718.047
20.98 -97458.6 -558.938 -34869.7 -5826.34 -34869.7 -558.938
21 22047.6 -1869.02 -29181.5 -15169.1 -29181.5 -1869.02
21.02 138354 -3124.87 -22149.1 -23226.8 -22149.1 -3124.87
21.04 247318 -3971.32 -14156.2 -29773.2 -14156.2 -3971.32
21.06 344844 -4299.55 -5552.66 -34723 -5552.66 -4299.55
21.08 427029 -4436.28 3489.05 -38204.4 3489.05 -4436.28
21.1 490542 -4703.42 13080.6 -40407.7 13080.6 -4703.42
21.12 532941 -5076 23256.9 -41332.9 23256.9 -5076
21.14 552778 -5286.06 33532.9 -40691.7 33532.9 -5286.06
21.16 549436 -4888.75 42990 -38002.9 42990 -4888.75
21.18 522962 -3597.84 50881 -32787.6 50881 -3597.84
21.2 474155 -1546.61 56887.6 -24836 56887.6 -1546.61
21.22 404823 879.256 60981.9 -14435.7 60981.9 879.256
21.24 317971 3242.06 63348.5 -2388.34 63348.5 3242.06
21.26 217608 5362.96 64300.3 10215.8 64300.3 5362.96
21.28 108207 7333.06 64182.9 22350.3 64182.9 7333.06
21.3 -5923.52 9279.92 63079.8 33328.8 63079.8 9279.92
21.32 -120962 11113.5 60834.2 42845 60834.2 11113.5
21.34 -233363 12468.5 57534.1 50809.7 57534.1 12468.5
21.36 -339449 13152.1 53576.4 57194.5 53576.4 13152.1
21.38 -435254 13373.3 49282.9 62005.1 49282.9 13373.3
21.4 -516837 13487.3 44767.1 65278.6 44767.1 13487.3
21.42 -580882 13702 39995.8 67033.8 39995.8 13702
21.44 -625127 13976.4 34690.5 67242.5 34690.5 13976.4
21.46 -648321 14003 28668.7 65821.6 28668.7 14003
21.48 -649705 13108.4 22318.8 62577.9 22318.8 13108.4
21.5 -628563 10869.6 16298.6 57206.1 16298.6 10869.6
21.52 -584463 7825.5 11001.5 49492.9 11001.5 7825.5
21.54 -518002 4847.26 6513.21 39553.9 6513.21 4847.26
21.56 -431514 2465.43 2818.36 27897.7 2818.36 2465.43
21.58 -329110 692.037 -100.243 15398.7 -100.243 692.037
21.6 -215776 -979.818 -2172.1 3135.56 -2172.1 -979.818
21.62 -96118.8 -3058.99 -3258.22 -7991.35 -3258.22 -3058.99
21.64 26282.2 -5368.83 -3400.71 -17555.9 -3400.71 -5368.83
21.66 148390 -7077.44 -2863.98 -25539.8 -2863.98 -7077.44
21.68 266733 -7725.1 -1829.25 -32084.1 -1829.25 -7725.1
21.7 376854 -7633.02 -325.819 -37287.7 -325.819 -7633.02
21.72 473811 -7572.54 1522.87 -41093.4 1522.87 -7572.54
21.74 553481 -8220.35 3537.67 -43366.1 3537.67 -8220.35
21.76 613458 -9411.4 5964.89 -44087.1 5964.89 -9411.4
21.78 652866 -10381.4 9313.88 -43390 9313.88 -10381.4
21.8 671439 -10523.1 13449.4 -41414.7 13449.4 -10523.1
21.82 668753 -9662.16 17560.1 -38130.6 17560.1 -9662.16
21.84 644221 -8000.98 20966.3 -33265.7 20966.3 -8000.98
21.86 597806 -5958.21 23379.3 -26474.6 23379.3 -5958.21
21.88 530877 -3990.18 24721.4 -17703.9 24721.4 -3990.18
21.9 446401 -2193.65 25299.6 -7439.05 25299.6 -2193.65
21.92 348283 -276.77 25619.7 3404.5 25619.7 -276.77
21.94 240451 2010.95 25746.3 13846.9 25746.3 2010.95
21.96 126178 4720.95 25385.8 23243.1 25385.8 4720.95
21.98 8088.41 7448.94 24490.5 31449.5 24490.5 7448.94
22 -111090 9406.05 23253.6 38563.4 23253.6 9406.05
22.02 -227693 10164.6 21832.6 44501.8 21832.6 10164.6
22.04 -336974 9990.91 20449.6 48882.2 20449.6 9990.91
22.06 -433919 9571.32 19300.1 51279.4 19300.1 9571.32
22.08 -514439 9414.8 18345.6 51602.1 18345.6 9414.8
22.1 -576140 9636.45 17305.3 50298.6 17305.3 9636.45
22.12 -618169 9955.97 16007.8 48176 16007.8 9955.97
22.14 -640194 9693.31 14737.6 45871.1 14737.6 9693.31
22.16 -641502 8479.74 14020.1 43431.2 14020.1 8479.74
22.18 -620942 6610.52 14132.3 40407.1 14132.3 6610.52
22.2 -577780 4774.08 14784.4 36268 14784.4 4774.08
22.22 -512732 3449.16 15493.8 30753.6 15493.8 3449.16
22.24 -428237 2378.33 16094.2 23993.5 16094.2 2378.33
22.26 -327883 1040.13 16836.8 16409.4 16836.8 1040.13
22.28 -215486 -806.092 18173.3 8493.44 18173.3 -806.092
22.3 -94619.6 -2862 20284.8 602.462 20284.8 -2862
22.32 31094.2 -4428.55 22883.3 -7036.83 22883.3 -4428.55
22.34 157468 -5139.67 25504.7 -14136 25504.7 -5139.67
22.36 279712 -5346.05 27862.7 -20246.5 27862.7 -5346.05
22.38 393145 -5794.71 29809.2 -24911.2 29809.2 -5794.71
22.4 493987 -6730.3 31290.5 -27922.3 31290.5 -6730.3
22.42 579486 -7624.96 32471.4 -29446.3 32471.4 -7624.96
22.44 647493 -8040.95 33589.9 -29917.5 33589.9 -8040.95
22.46 696030 -8046.75 34720.8 -29723.9 34720.8 -8046.75
22.48 723341 -7881.99 35873.1 -28863.5 35873.1 -7881.99
22.5 728227 -7425.78 37013.1 -26926.4 37013.1 -7425.78
22.52 710286 -6326.11 37809.5 -23510 37809.5 -6326.11
22.54 669963 -4686.61 37763.1 -18691.1 37763.1 -4686.61
22.56 608496 -2959.36 36597.5 -13065.9 36597.5 -2959.36
22.58 527984 -1581.07 34383 -7347.48 34383 -1581.07
22.6 431524 -834.997 31402.3 -1993.08 31402.3 -834.997
22.62 323010 -636.175 28125.1 2862.57 28125.1 -636.175
22.64 206462 -437.47 24930.8 7329.72 24930.8 -437.47
22.66 85318.7 369.659 21530.2 11671.3 21530.2 369.659
22.68 -37507.8 1687.51 17238.6 16156.3 17238.6 1687.51
22.7 -158922 2988.33 11995.4 20937.7 11995.4 2988.33
22.72 -275087 4167.6 6590.59 26047.1 6590.59 4167.6
22.74 -381496 5398.59 1730.2 31320.7 1730.2 5398.59
22.76 -473624 6603.88 -2371.01 36224.8 -2371.01 6603.88
22.78 -547661 7407.52 -5633.52 39971 -5633.52 7407.52
22.8 -600836 7531.32 -8145.32 42005.9 -8145.32 7531.32
22.82 -631308 7011 -10119 42358.3 -10119 7011
22.84 -638014 6068.65 -11512.3 41462.1 -11512.3 6068.65
22.86 -620771 5048.06 -11954.8 39692.6 -11954.8 5048.06
22.88 -580436 4255.54 -10982.6 37089.2 -10982.6 4255.54
22.9 -518882 3735.1 -8301.32 33449.6 -8301.32 3735.1
22.92 -438770 3319.71 -4011.24 28646.6 -4011.24 3319.71
22.94 -343273 2897.68 1408.32 22861.3 1408.32 2897.68
22.96 -235876 2478.54 7382.87 16501.3 7382.87 2478.54
22.98 -120272 1968.46 13507.5 9902.48 13507.5 1968.46
23 -268.465 1100.66 19770.7 3162.71 19770.7 1100.66
23.02 120238 -236.833 26519.8 -3689.36 26519.8 -236.833
23.04 237193 -1737.05 33813 -10386.2 33813 -1737.05
23.06 346277 -2914.71 41102.8 -16324.1 41102.8 -2914.71
23.08 443052 -3582.91 47794.3 -20784.1 47794.3 -3582.91
23.1 523488 -3912.45 53636.2 -23266.9 53636.2 -3912.45
23.12 584548 -3997.44 58586.9 -23695.1 58586.9 -3997.44
23.14 624483 -3799.37 62660.9 -22430.6 62660.9 -3799.37
23.16 642621 -3284.87 65968.8 -20137 65968.8 -3284.87
23.18 638832 -2467.9 68617 -17467.1 68617 -2467.9
23.2 613241 -1564.34 70299.3 -14734.3 70299.3 -1564.34
23.22 566437 -893.332 70327.4 -11845.3 70327.4 -893.332
23.24 499989 -639.889 68268.3 -8529.4 68268.3 -639.889
23.26 416601 -537.581 64211 -4621.89 64211 -537.581
23.28 319712 -87.1895 58552.6 -176.542 58552.6 -87.1895
23.3 212855 880.913 51847.4 4621.85 51847.4 880.913
23.32 99234.9 2192.22 44635.6 9659.74 44635.6 2192.22
23.34 -18128 3524.41 36968 15027 36968 3524.41
23.36 -135898 4665.69 28411.4 20901.2 28411.4 4665.69
23.38 -250078 5599.71 18841 27268 18841 5599.71
23.4 -356194 6463.26 8640.08 33737.4 8640.08 6463.26
23.42 -449856 7365.52 -1609.69 39601.4 -1609.69 7365.52
23.44 -527244 8080.69 -11214.4 44083.6 -11214.4 8080.69
23.46 -585362 8293.75 -19419.5 46657.4 -19419.5 8293.75
23.48 -622153 8059.79 -25832.2 47272.7 -25832.2 8059.79
23.5 -636549 7702.73 -30756.4 46277.6 -30756.4 7702.73
23.52 -628447 7340.02 -34587.9 44047.5 -34587.9 7340.02
23.54 -598556 6775.94 -37252.4 40677.9 -37252.4 6775.94
23.56 -548227 5906.02 -38427.7 36035.9 -38427.7 5906.02
23.58 -479322 4751.6 -37864.7 30024.2 -37864.7 4751.6
23.6 -394150 3284.35 -35403.8 22760 -35403.8 3284.35
23.62 -295584 1674.42 -31031.5 14629.8 -31031.5 1674.42
23.64 -187117 233.104 -25080.6 6259.31 -25080.6 233.104
23.66 -72688.4 -929.05 -18001.9 -1670.77 -18001.9 -929.05
23.68 43617.4 -1920.55 -9939.81 -8658.82 -9939.81 -1920.55
23.7 157744 -2685.75 -912.336 -14449.3 -912.336 -2685.75
23.72 265651 -3046.97 8913.4 -18971.7 8913.4 -3046.97
23.74 363375 -3203.24 19299.6 -22318.9 19299.6 -3203.24
23.76 447169 -3424.54 29877.8 -24680.4 29877.8 -3424.54
23.78 513718 -3666.93 39998.2 -26159.7 39998.2 -3666.93
23.8 560464 -3837.92 48880.8 -26714.9 48880.8 -3837.92
23.82 585876 -3981.81 56226 -26291.5 56226 -3981.81
23.84 589517 -4093.14 62307.6 -24867.6 62307.6 -4093.14
23.86 571884 -3934.41 67285.3 -22352.7 67285.3 -3934.41
23.88 534165 -3273.63 71081.9 -18564.7 71081.9 -3273.63
23.9 478002 -2125.73 73663.6 -13342.4 73663.6 -2125.73
23.92 405326 -571.955 74710.1 -6645.7 74710.1 -571.955
23.94 318456 1237.26 73439 1372.75 73439 1237.26
23.96 220374 2955.82 69489.5 10258.9 69489.5 2955.82
23.98 114878 4241.65 63472.3 19246.9 63472.3 4241.65
24 6301.22 5160.06 56300.8 27488.4 56300.8 5160.06
24.02 -101188 6168.96 48583 34386 48583 6168.96
24.04 -204189 7430.33 40599.1 39757.3 40599.1 7430.33
24.06 -300179 8763.79 32282.6 43786 32282.6 8763.79
24.08 -386996 9914.12 23224.1 46860.1 23224.1 9914.12
24.1 -462056 10558.3 13262 49270.6 13262 10558.3
24.12 -522104 10587.3 3107.85 50891 3107.85 10587.3
24.14 -563879 10325.2 -6208.46 51172.6 -6208.46 10325.2
24.16 -585306 10255.1 -14121.5 49510.1 -14121.5 10255.1
24.18 -586216 10253.5 -20409.6 45649.1 -20409.6 10253.5
24.2 -568012 9620.07 -24949.7 39877.9 -24949.7 9620.07
24.22 -532583 7944.71 -27868.4 32948.7 -27868.4 7944.71
24.24 -481326 5543.4 -29491.2 25715.5 -29491.2 5543.4
24.26 -415220 3319.96 -29730.3 18679.1 -29730.3 3319.96
24.28 -335771 2042.07 -28179.9 11857.9 -28179.9 2042.07
24.3 -245773 1614.15 -24695.8 5088.15 -24695.8 1614.15
24.32 -149138 1262.06 -19332.5 -1577 -19332.5 1262.06
24.34 -49943.5 336.369 -12416.9 -7732.55 -12416.9 336.369
24.36 48457.4 -1126.66 -4584.79 -12875.4 -4584.79 -1126.66
24.38 143576 -2633.23 3643.67 -16831.6 3643.67 -2633.23
24.4 233191 -3756.43 12161.7 -19911.4 12161.7 -3756.43
24.42 314623 -4330.19 21038 -22571.6 21038 -4330.19
24.44 384609 -4487.07 30099.6 -24909.6 30099.6 -4487.07
24.46 439944 -4611.5 38968.9 -26496.4 38968.9 -4611.5
24.48 478431 -5045.03 47279.9 -26646.7 47279.9 -5045.03
24.5 499322 -5508.38 54748.6 -24812 54748.6 -5508.38
24.52 502918 -5232.54 61048.8 -20836.8 61048.8 -5232.54
24.54 489871 -3953.01 65689.6 -15039.6 65689.6 -3953.01
24.56 460767 -2133.2 68284.8 -8059.26 68284.8 -2133.2
24.58 416319 -363.123 68677.5 -495.15 68677.5 -363.123
24.6 357960 1003.51 66829.4 7282.52 66829.4 1003.51
24.62 288158 1969.85 63074.7 14930.2 63074.7 1969.85
24.64 210035 2861.35 58029.2 21905 58029.2 2861.35
24.66 126570 4015.88 51990.5 27588 51990.5 4015.88
24.68 40180.6 5288.13 44905.5 31621.2 44905.5 5288.13
24.7 -46993.3 6147.96 36806 34129.9 36806 6147.96
24.72 -132584 6492.96 27845 35677 27845 6492.96
24.74 -213788 6722.04 18113 36898.2 18113 6722.04
24.76 -287635 7116.14 7824.49 37986.3 7824.49 7116.14
24.78 -351475 7572.17 -2503.71 38526.1 -2503.71 7572.17
24.8 -403295 7841.54 -12222.9 37914.7 -12222.9 7841.54
24.82 -441702 7787.74 -20805.6 35904.3 -20805.6 7787.74
24.84 -465761 7383.15 -28062 32716.7 -28062 7383.15
24.86 -474933 6713.26 -33942.1 28746.5 -33942.1 6713.26
24.88 -469136 5876.62 -38098.6 24241.2 -38098.6 5876.62
24.9 -448815 4908.76 -40119.4 19233.4 -40119.4 4908.76
24.92 -414936 3811.23 -39988.5 13737.9 -39988.5 3811.23
24.94 -368919 2604.56 -37973.8 7985.89 -37973.8 2604.56
24.96 -312566 1446.75 -34367.4 2450.98 -34367.4 1446.75
24.98 -247954 545.172 -29430.9 -2351.86 -29430.9 545.172
25 -177279 -81.3896 -23321.7 -6122.85 -23321.7 -81.3896
25.02 -102728 -543.775 -15892.9 -8886.33 -15892.9 -543.775
25.04 -26454.4 -914.986 -6890.3 -10865.6 -6890.3 -914.986
25.06 49374.6 -1206.94 3519 -12242.3 3519 -1206.94
25.08 122518 -1389.22 14773.5 -12997.8 14773.5 -1389.22
25.1 190666 -1412.11 26357.4 -12937.5 26357.4 -1412.11
25.12 251566 -1271.27 37936.6 -11869.2 37936.6 -1271.27
25.14 303257 -1094.62 49214.5 -9798.71 49214.5 -1094.62
25.16 344220 -941.961 59968.3 -6958.01 59968.3 -941.961
25.18 373369 -704.292 70018.3 -3632.42 70018.3 -704.292
25.2 389971 -241.169 78953.9 16.0278 78953.9 -241.169
25.22 393594 530.801 86176 3966.13 86176 530.801
25.24 384167 1522.46 91272.6 8209.65 91272.6 1522.46
25.26 362141 2443.54 94227.7 12574.4 94227.7 2443.54
25.28 328637 3012.92 95199.9 16658.2 95199.9 3012.92
25.3 285319 3268.65 94130.4 19997 94130.4 3268.65
25.32 234048 3440.9 90790.1 22338.5 90790.1 3440.9
25.34 176605 3601.66 85190.6 23759.8 85190.6 3601.66
25.36 114667 3638.62 77555.9 24576.3 77555.9 3638.62
25.38 50027.9 3468.75 68087.6 25165.7 68087.6 3468.75
25.4 -15200.3 3188.49 57049.1 25787.7 57049.1 3188.49
25.42 -78643.7 3037.69 44764.5 26480.1 44764.5 3037.69
25.44 -137929 3180.63 31460.4 27105.1 31460.4 3180.63
25.46 -190955 3567.21 17412.6 27479 17412.6 3567.21
25.48 -236052 4055.52 3159.8 27433.9 3159.8 4055.52
25.5 -271942 4430.03 -10710.7 26755.9 -10710.7 4430.03
25.52 -297625 4447.27 -23660.7 25111.6 -23660.7 4447.27
25.54 -312329 3955.72 -35115.2 22134.5 -35115.2 3955.72
25.56 -315574 3015.83 -44588.3 17670.8 -44588.3 3015.83
25.58 -307354 1886.19 -51748.1 11970.1 -51748.1 1886.19
25.6 -288280 827.009 -56373.2 5647.92 -56373.2 827.009
25.62 -259627 -19.171 -58310.2 -526.264 -58310.2 -19.171
25.64 -223083 -726.433 -57633.6 -5854.59 -57633.6 -726.433
25.66 -180368 -1369.09 -54643.8 -9851.06 -54643.8 -1369.09
25.68 -132912 -1923.28 -49579.7 -12291.4 -49579.7 -1923.28
25.7 -81837.6 -2320.64 -42565.5 -13228.6 -42565.5 -2320.64
25.72 -28252.6 -2395.76 -33800.5 -12968.1 -33800.5 -2395.76
25.74 26451.7 -2177.11 -23554 -11981.3 -23554 -2177.11
25.76 80546 -1937.81 -11906.6 -10784.7 -11906.6 -1937.81
25.78 132173 -1928.98 1151.48 -9776.31 1151.48 -1928.98
25.8 179630 -2190.78 15397.3 -9084.73 15397.3 -2190.78
25.82 221545 -2626.61 30349.3 -8556.92 30349.3 -2626.61
25.84 256884 -3076.44 45440.9 -7868.5 45440.9 -3076.44
25.86 284741 -3169.89 59952.8 -6608.93 59952.8 -3169.89
25.88 304204 -2647.75 72950.3 -4353.99 72950.3 -2647.75
25.9 314411 -1599.12 83684.5 -829.905 83684.5 -1599.12
25.92 314723 -192.429 91867 3937.47 91867 -192.429
25.94 304929 1390.5 97438 9598.79 97438 1390.5
25.96 285425 2885.31 100428 15527 100428 2885.31
25.98 257190 4047.21 101161 20952.7 101161 4047.21
26 221529 4815.2 100069 25224.6 100069 4815.2
26.02 179714 5341.81 97201.2 28042.6 97201.2 5341.81
26.04 132781 5757.56 92243.5 29503.7 92243.5 5757.56
26.06 81691.4 5934.76 84969.1 29979.6 84969.1 5934.76
26.08 27752.2 5665.12 75585.9 29942.1 75585.9 5665.12
26.1 -27155.9 5172.67 64616.3 29831.3 64616.3 5172.67
26.12 -80847.1 5012.55 52473.7 29951.5 52473.7 5012.55
26.14 -131296 5364.52 39365.1 30341.4 39365.1 5364.52
26.16 -176960 6045.55 25393.5 30744.7 25393.5 6045.55
26.18 -216693 6779.08 10693.1 30776.3 10693.1 6779.08
26.2 -249358 7150.73 -4052.7 30036.9 -4052.7 7150.73
26.22 -273634 6833.11 -17492.1 28057.6 -17492.1 6833.11
26.24 -288334 5955.93 -28532.4 24357.2 -28532.4 5955.93
26.26 -293045 4950.31 -36916.1 18730 -36916.1 4950.31
26.28 -288459 3979.94 -42803.9 11512.9 -42803.9 3979.94
26.3 -276071 2904.51 -46438.9 3629.14 -46438.9 2904.51
26.32 -257476 1686.75 -48057.1 -3629.54 -48057.1 1686.75
26.34 -233742 497.019 -47692.3 -9095.91 -47692.3 497.019
26.36 -205295 -424.122 -45223.3 -12246.1 -45223.3 -424.122
26.38 -172331 -869.976 -40599.8 -13293.3 -40599.8 -869.976
26.4 -135305 -848.455 -34012.4 -12799.1 -34012.4 -848.455
26.42 -95104.5 -607.356 -25876.9 -11246.8 -25876.9 -607.356
26.44 -52814.9 -500.37 -16592.6 -8943.06 -16592.6 -500.37
26.46 -9415.16 -678.148 -6322.42 -6200.21 -6322.42 -678.148
26.48 34192.9 -887.593 5000.48 -3488.58 5000.48 -887.593
26.5 76900.9 -893.039 17396.9 -1336.82 17396.9 -893.039
26.52 117170 -736.752 30583.6 -22.3599 30583.6 -736.752
26.54 153149 -527.727 43881.8 720.878 43881.8 -527.727
26.56 183130 -261.395 56366.3 1677.43 56366.3 -261.395
26.58 206023 128.604 67237.8 3712.71 67237.8 128.604
26.6 221514 726.757 76019.4 7240.18 76019.4 726.757
26.62 229809 1650.12 82484.2 12015.7 82484.2 1650.12
26.64 231223 2899.86 86567.9 17336.4 86567.9 2899.86
26.66 225924 4227.91 88412.7 22405.4 88412.7 4227.91
26.68 214006 5216.8 88286.3 26612.9 88286.3 5216.8
26.7 195740 5602.84 86274.5 29611 86274.5 5602.84
26.72 171731 5498.97 82363.2 31223.7 82363.2 5498.97
26.74 142824 5188.81 76734.1 31349.2 76734.1 5188.81
26.76 109884 4798.75 69691.3 29997.3 69691.3 4798.75
26.78 73677.2 4306.92 61414.3 27450.5 61414.3 4306.92
26.8 34986.3 3732.8 51830.2 24346.1 51830.2 3732.8
26.82 -5157.32 3193.81 40787.3 21474 40787.3 3193.81
26.84 -45331.5 2860.07 28319.5 19372.1 28319.5 2860.07
26.86 -83864.4 2887.26 14739.8 18043.8 14739.8 2887.26
26.88 -119152 3225.65 685.644 16987.5 685.644 3225.65
26.9 -149855 3472.31 -12924.5 15458 -12924.5 3472.31
26.92 -174901 3193.2 -25110.6 12815.8 -25110.6 3193.2
26.94 -193476 2341.24 -35122.2 8839.48 -35122.2 2341.24
26.96 -205118 1196.51 -42617.6 3826.44 -42617.6 1196.51
26.98 -209829 5.24693 -47552.3 -1571.6 -47552.3 5.24693
27 -208036 -1120.28 -50061.4 -6588.23 -50061.4 -1120.28
27.02 -200377 -2034.64 -50378.3 -10483.9 -50378.3 -2034.64
27.04 -187436 -2557.66 -48690.9 -12653.3 -48690.9 -2557.66
27.06 -169632 -2556.17 -45195.8 -12790.6 -45195.8 -2556.17
27.08 -147315 -2026.09 -40149.8 -11029.3 -40149.8 -2026.09
27.1 -120912 -1132.09 -33793.8 -7944.16 -33793.8 -1132.09
27.12 -90953.6 -233.372 -26208.1 -4394.18 -26208.1 -233.372
27.14 -57955.7 211.441 -17287 -1259.37 -17287 211.441
27.16 -22445 94.1573 -6952.84 864.244 -6952.84 94.1573
27.18 14764.4 -240.115 4664.8 1880.82 4664.8 -240.115
27.2 52283.5 -434.569 17181.8 2176.39 17181.8 -434.569
27.22 88211.1 -453.843 30033.9 2413.14 30033.9 -453.843
27.24 120631 -425.786 42513.5 3317.28 42513.5 -425.786
27.26 148159 -221.483 53856.7 5505.53 53856.7 -221.483
27.28 170115 504.536 63521.2 9271.81 63521.2 504.536
27.3 186282 1870.99 71228.2 14377.8 71228.2 1870.99
27.32 196562 3570.96 76874.8 20051.2 76874.8 3570.96
27.34 200852 5091.4 80529.2 25269.4 80529.2 5091.4
27.36 199179 6004.12 82300.2 29124.3 82300.2 6004.12
27.38 191857 6142.16 82247.6 31032.4 82247.6 6142.16
27.4 179381 5674.7 80463.2 30783.7 80463.2 5674.7
27.42 162129 4939.25 77146.6 28536.1 77146.6 4939.25
27.44 140209 4113.49 72441.5 24777.2 72441.5 4113.49
27.46 113664 3180.62 66333.3 20245 66333.3 3180.62
27.48 82835 2231.11 58792 15815.9 58792 2231.11
27.5 48579.3 1539.25 49824.2 12319.2 49824.2 1539.25
27.52 12227.2 1331.21 39508.9 10265.1 39508.9 1331.21
27.54 -24642.7 1589.51 28106.1 9644.41 28106.1 1589.51
27.56 -60421.9 2072.73 16104.5 9965.53 16104.5 2072.73
27.58 -93589.7 2477.03 4151.88 10491.2 4151.88 2477.03
27.6 -122785 2585.96 -7084.75 10510.9 -7084.75 2585.96
27.62 -146917 2333.21 -17040.7 9535.49 -17040.7 2333.21
27.64 -165295 1766.42 -25291.2 7385.26 -25291.2 1766.42
27.66 -177671 997.799 -31530.1 4200.6 -31530.1 997.799
27.68 -184161 125.158 -35604.7 412.195 -35604.7 125.158
27.7 -185051 -752.387 -37557.7 -3328.22 -37557.7 -752.387
27.72 -180655 -1422.27 -37581.2 -6270.84 -37581.2 -1422.27
27.74 -171267 -1638.51 -35934.6 -7751.9 -35934.6 -1638.51
27.76 -157162 -1339.93 -32869.6 -7409.73 -32869.6 -1339.93
27.78 -138577 -699.941 -28549.9 -5327.11 -28549.9 -699.941
27.8 -115701 47.751 -23005 -1999.61 -23005 47.751
27.82 -88750 755.516 -16184.2 1842.47 -16184.2 755.516
27.84 -58153 1349.72 -8060.06 5451.91 -8060.06 1349.72
27.86 -24735.7 1750.4 1295.4 8254.45 1295.4 1750.4
27.88 10229.9 1872.59 11673.6 9983.72 11673.6 1872.59
27.9 45165.2 1727.58 22708.9 10729 22708.9 1727.58
27.92 78444.7 1441.36 33882.3 10870.5 33882.3 1441.36
27.94 108629 1196.24 44592.7 10925.4 44592.7 1196.24
27.96 134574 1182.37 54260.8 11373 54260.8 1182.37
27.98 155452 1502.41 62404.1 12514 62404.1 1502.41
28 170764 2101.32 68685.2 14375.4 68685.2 2101.32
28.02 180345 2817.49 72947.8 16687.3 72947.8 2817.49
28.04 184319 3475.64 75218.5 18957.6 75218.5 3475.64
28.06 182975 3929.94 75663.3 20620.1 75663.3 3929.94
28.08 176614 4069.56 74513.5 21203.7 74513.5 4069.56
28.1 165449 3838.99 71985.8 20484.9 71985.8 3838.99
28.12 149605 3277.25 68221.3 18577.4 68221.3 3277.25
28.14 129212 2527.37 63265.1 15918.3 63265.1 2527.37
28.16 104532 1791.68 57097.7 13138.1 57097.7 1791.68
28.18 76070.9 1262.22 49704.9 10860.7 49704.9 1262.22
28.2 44648.3 1058.73 41151.4 9506.87 41151.4 1058.73
28.22 11418.2 1187.15 31626.8 9172.42 31626.8 1187.15
28.24 -22183.3 1540.9 21462.8 9615.29 21462.8 1540.9
28.26 -54571.1 1950.95 11124 10346.3 11124 1950.95
28.28 -84204.4 2242.92 1156.38 10784.5 1156.38 2242.92
28.3 -109778 2271.72 -7896.02 10428.9 -7896.02 2271.72
28.32 -130351 1954.24 -15573.3 9007.29 -15573.3 1954.24
28.34 -145392 1307.64 -21553.5 6573.53 -21553.5 1307.64
28.36 -154744 476.269 -25717.3 3520.3 -25717.3 476.269
28.38 -158534 -308.738 -28111.3 485.569 -28111.3 -308.738
28.4 -157063 -845.015 -28774.5 -1833.52 -28774.5 -845.015
28.42 -150687 -1015.76 -27767 -2892.18 -27767 -1015.76
28.44 -139720 -781.064 -25268.5 -2450.59 -25268.5 -781.064
28.46 -124402 -195.22 -21452.4 -630.886 -21452.4 -195.22
28.48 -104943 594.399 -16399 2118.77 -16399 594.399
28.5 -81611.8 1399.85 -10169.6 5148.52 -10169.6 1399.85
28.52 -54863.2 2037.28 -2806.89 7786.14 -2806.89 2037.28
28.54 -25426.9 2360.48 5672.25 9508.77 5672.25 2360.48
28.56 5654.99 2318.49 15126.9 10069.7 15126.9 2318.49
28.58 37071.9 1980.83 25236.8 9566.57 25236.8 1980.83
28.6 67357.2 1507.25 35560.8 8422.23 35560.8 1507.25
28.62 94973.6 1065.13 45938.8 7258.21 45938.8 1065.13
28.64 118473 825.619 55547.7 6700.01 55547.7 825.619
