0.02 0 -3.7322e-23 2.78028e-08 7.31635e-12 2.36611e-07 -7.53979e-23
0.04 0 -2.23427e-21 2.16995e-07 5.53336e-10 1.8467e-06 -4.58908e-21
0.06 0 -2.18921e-21 8.06148e-07 4.86961e-09 6.8606e-06 -9.01173e-21
0.08 0 -1.62928e-20 1.95948e-06 2.37911e-08 1.66759e-05 -4.19265e-20
0.1 0 -7.69322e-20 3.61185e-06 8.49786e-08 3.07381e-05 -1.97345e-19
0.12 0 2.57046e-19 5.5455e-06 2.38786e-07 4.71941e-05 3.2194e-19
0.14 0 -5.97997e-20 7.60272e-06 5.43893e-07 6.47018e-05 2.01133e-19
0.16 0 -7.60723e-19 9.78637e-06 1.03711e-06 8.32854e-05 -1.33568e-18
0.18 0 8.82073e-19 1.21495e-05 1.71289e-06 0.000103397 4.46285e-19
0.2 0 2.83655e-18 1.4636e-05 2.53178e-06 0.000124557 6.17668e-18
0.22 0 -9.36783e-19 1.70829e-05 3.45572e-06 0.000145381 4.28419e-18
0.24 0 -1.13292e-18 1.93896e-05 4.47351e-06 0.000165013 1.99548e-18
0.26 0 -4.17266e-18 2.16481e-05 5.57878e-06 0.000184233 -6.43413e-18
0.28 0 1.70379e-18 2.40616e-05 6.72636e-06 0.000204773 -2.99213e-18
0.3 0 -4.95721e-19 2.67086e-05 7.83561e-06 0.0002273 -3.99359e-18
0.32 0 3.43211e-18 2.93788e-05 8.84856e-06 0.000250024 2.93997e-18
0.34 0 1.76962e-18 3.16418e-05 9.76906e-06 0.000269283 6.51496e-18
0.36 0 -7.84843e-18 3.30961e-05 1.0638e-05 0.000281659 -9.34045e-18
0.38 0 -1.86309e-18 3.35863e-05 1.14875e-05 0.000285832 -1.31043e-17
0.4 0 1.18165e-17 3.32275e-05 1.23246e-05 0.000282778 1.07675e-17
0.42 0 -3.88101e-18 3.22649e-05 1.31321e-05 0.000274586 2.92712e-18
0.44 0 -2.69327e-18 3.0884e-05 1.38551e-05 0.000262834 -2.51382e-18
0.46 0 3.68308e-18 2.90259e-05 1.44035e-05 0.000247021 4.92675e-18
0.48 0 -7.04251e-18 2.63413e-05 1.47094e-05 0.000224174 -9.30054e-18
0.5 0 7.28236e-18 2.25071e-05 1.48007e-05 0.000191543 5.41131e-18
0.52 0 -7.89653e-18 1.77727e-05 1.47944e-05 0.000151252 -1.05413e-17
0.54 0 1.12761e-17 1.31419e-05 1.47768e-05 0.000111842 1.22386e-17
0.56 0 -6.65027e-18 9.82841e-06 1.46638e-05 8.36432e-05 -1.19626e-18
0.58 0 -4.54017e-18 8.40474e-06 1.42035e-05 7.15273e-05 -1.03683e-17
0.6 0 -1.06221e-17 8.47017e-06 1.31781e-05 7.20841e-05 -3.1827e-17
0.62 0 3.38311e-18 9.23282e-06 1.16139e-05 7.85745e-05 -2.49925e-17
0.64 0 1.25409e-17 1.05162e-05 9.74088e-06 8.94966e-05 3.42602e-19
0.66 0 -5.34149e-19 1.32257e-05 7.7269e-06 0.000112555 -7.36487e-19
0.68 0 1.77208e-19 1.8739e-05 5.5102e-06 0.000159475 -3.7849e-19
0.7 0 1.00729e-19 2.76774e-05 2.92357e-06 0.000235544 -1.74997e-19
0.72 0 -5.3383e-19 3.91663e-05 -6.52279e-08 0.000333319 -1.25344e-18
0.74 0 3.58498e-18 5.13363e-05 -3.27782e-06 0.00043689 5.98895e-18
0.76 0 1.46066e-18 6.27097e-05 -6.452e-06 0.000533682 8.93977e-18
0.78 0 8.36662e-19 7.32834e-05 -9.39188e-06 0.000623667 1.063e-17
0.8 0 1.04459e-18 8.43292e-05 -1.20264e-05 0.000717671 1.27403e-17
0.82 0 -1.18172e-18 9.69589e-05 -1.43874e-05 0.000825154 1.0353e-17
0.84 0 -7.37122e-18 0.000110594 -1.65234e-05 0.00094119 -4.5384e-18
0.86 0 1.17482e-17 0.00012283 -1.83735e-05 0.00104533 1.91953e-17
0.88 0 -1.14228e-17 0.00013115 -1.97143e-05 0.00111613 -3.88106e-18
0.9 0 5.15514e-18 0.000135053 -2.02859e-05 0.00114935 6.53337e-18
0.92 0 -2.4647e-18 0.000136523 -2.00175e-05 0.00116186 1.55417e-18
0.94 0 -2.99058e-18 0.000138209 -1.91211e-05 0.00117621 -4.4874e-18
0.96 0 9.28442e-19 0.000140933 -1.7924e-05 0.00119939 -2.61176e-18
0.98 0 7.81078e-18 0.000142731 -1.66039e-05 0.00121469 1.31676e-17
1 0 -1.07709e-17 0.000139028 -1.51526e-05 0.00118317 -8.59174e-18
1.02 0 -6.94795e-18 0.000123189 -1.36436e-05 0.00104839 -2.2628e-17
1.04 0 1.55214e-17 9.2234e-05 -1.23432e-05 0.000784944 8.72837e-18
1.06 0 -3.25303e-18 5.40036e-05 -1.1428e-05 0.00045959 2.15658e-18
1.08 0 -4.50777e-18 2.19523e-05 -1.0789e-05 0.000186821 -6.95002e-18
1.1 0 -3.85846e-19 1.7714e-06 -1.01646e-05 1.50752e-05 -7.72951e-18
1.12 0 2.86162e-18 -1.36777e-05 -9.37428e-06 -0.000116402 -1.94846e-18
1.14 0 -1.31489e-18 -3.6934e-05 -8.45149e-06 -0.000314321 -4.60479e-18
1.16 0 2.59328e-18 -7.19936e-05 -7.50122e-06 -0.000612691 6.34146e-19
1.18 0 -2.81599e-19 -0.000107245 -6.45392e-06 -0.000912689 6.52592e-20
1.2 0 -1.54564e-18 -0.000126585 -5.1466e-06 -0.00107728 -3.05725e-18
1.22 0 4.32471e-18 -0.000127083 -3.57894e-06 -0.00108152 5.67955e-18
1.24 0 -4.37692e-18 -0.000121149 -1.89384e-06 -0.00103102 -3.16271e-18
1.26 0 -1.50238e-19 -0.000121098 -1.82641e-07 -0.00103059 -3.46622e-18
1.28 0 8.40698e-19 -0.000125097 1.5053e-06 -0.00106462 -1.76784e-18
1.3 0 8.74806e-19 -0.000120007 2.97617e-06 -0.0010213 -5.5704e-22
1.32 0 4.43966e-19 -9.59122e-05 3.90423e-06 -0.000816246 8.96343e-19
1.34 0 -3.35669e-18 -5.59503e-05 4.12082e-06 -0.000476156 -5.88485e-18
1.36 0 4.45284e-19 -1.44794e-05 3.71168e-06 -0.000123225 -4.98528e-18
1.38 0 3.68614e-18 1.19228e-05 2.61495e-06 0.000101468 2.46146e-18
1.4 0 -4.19904e-18 1.82753e-05 4.26368e-07 0.00015553 -6.02145e-18
1.42 0 1.69163e-18 1.96208e-05 -3.03958e-06 0.00016698 -2.60401e-18
1.44 0 1.05657e-17 3.71166e-05 -7.2897e-06 0.000315875 1.87408e-17
1.46 0 -8.05175e-18 7.37624e-05 -1.14853e-05 0.000627743 2.47463e-18
1.48 0 -6.61397e-18 0.000110276 -1.50827e-05 0.000938491 -1.08869e-17
1.5 0 -5.03642e-18 0.000126286 -1.81224e-05 0.00107474 -2.10615e-17
1.52 0 -7.43722e-18 0.000122065 -2.10128e-05 0.00103882 -3.60862e-17
1.54 0 1.41363e-17 0.000117103 -2.40163e-05 0.000996591 -7.52811e-18
1.56 0 -1.9365e-19 0.000128377 -2.67984e-05 0.00109253 -7.91932e-18
1.58 0 2.26039e-17 0.000151828 -2.85052e-05 0.00129211 3.77452e-17
1.6 0 -1.58812e-17 0.000165958 -2.84813e-05 0.00141236 5.66189e-18
1.62 0 -8.20568e-19 0.000153759 -2.69485e-05 0.00130854 4.00418e-18
1.64 0 7.45436e-18 0.000120043 -2.48396e-05 0.00102161 1.90635e-17
1.66 0 -8.66946e-18 8.57879e-05 -2.29256e-05 0.000730085 1.54943e-18
1.68 0 4.03237e-18 6.63974e-05 -2.11231e-05 0.000565065 9.69564e-18
1.7 0 -1.06376e-17 5.77693e-05 -1.8574e-05 0.000491637 -1.17945e-17
1.72 0 3.21903e-18 4.36472e-05 -1.43833e-05 0.000371453 -5.29138e-18
1.74 0 9.87563e-19 1.38749e-05 -8.51712e-06 0.000118081 -3.29631e-18
1.76 0 3.35175e-18 -2.61426e-05 -2.10266e-06 -0.000222482 3.47492e-18
1.78 0 -4.34048e-18 -6.20325e-05 3.43199e-06 -0.000527918 -5.29372e-18
1.8 0 -1.37295e-18 -8.40011e-05 7.7378e-06 -0.000714879 -8.06736e-18
1.82 0 2.9162e-18 -9.451e-05 1.19175e-05 -0.000804313 -2.17605e-18
1.84 0 -6.25463e-18 -0.000104712 1.73245e-05 -0.000891136 -1.48117e-17
1.86 0 8.11151e-18 -0.000123733 2.40369e-05 -0.00105301 1.57521e-18
1.88 0 3.22374e-18 -0.000150676 3.06021e-05 -0.00128231 8.08781e-18
1.9 0 -2.45034e-17 -0.000176489 3.52475e-05 -0.00150198 -4.14139e-17
1.92 0 2.20766e-17 -0.000192849 3.73536e-05 -0.00164121 3.18524e-18
1.94 0 5.39486e-18 -0.000198958 3.78302e-05 -0.0016932 1.40839e-17
1.96 0 1.57958e-17 -0.000200739 3.8094e-05 -0.00170836 4.59947e-17
1.98 0 -1.95202e-17 -0.000204545 3.8599e-05 -0.00174075 6.55986e-18
2 0 2.21011e-17 -0.00021136 3.82919e-05 -0.00179875 5.12085e-17
2.02 0 -2.73019e-17 -0.000216046 3.55422e-05 -0.00183863 -3.94687e-18
2.04 0 8.59034e-18 -0.000211711 2.96565e-05 -0.00180174 1.34073e-17
2.06 0 -2.0151e-18 -0.00019515 2.15302e-05 -0.00166079 9.33643e-18
2.08 0 -2.71977e-18 -0.000168415 1.28973e-05 -0.00143327 3.84195e-18
2.1 0 -1.85101e-18 -0.000135267 4.94665e-06 -0.00115117 1.02548e-19
2.12 0 2.19405e-18 -9.66257e-05 -2.45357e-06 -0.000822319 4.53496e-18
2.14 0 -9.01906e-18 -5.0278e-05 -1.02567e-05 -0.000427883 -1.36854e-17
2.16 0 1.08548e-18 4.93207e-06 -1.8939e-05 4.19737e-05 -1.14925e-17
2.18 0 -9.88527e-18 6.54535e-05 -2.76913e-05 0.000557032 -3.14627e-17
2.2 0 1.94946e-17 0.000124051 -3.49453e-05 0.00105572 7.92034e-18
2.22 0 -7.66042e-19 0.000174739 -3.96565e-05 0.00148709 6.37278e-18
2.24 0 -8.2843e-18 0.000216979 -4.20505e-05 0.00184657 -1.03632e-17
2.26 0 -1.47172e-17 0.000254388 -4.32606e-05 0.00216493 -4.0095e-17
2.28 0 -1.45088e-17 0.000288939 -4.43041e-05 0.00245897 -6.94056e-17
2.3 0 1.95932e-17 0.000317542 -4.52703e-05 0.00270239 -2.98233e-17
2.32 0 -1.5855e-17 0.000334787 -4.5372e-05 0.00284916 -6.18537e-17
2.34 0 3.13671e-17 0.000337602 -4.37895e-05 0.00287311 1.51425e-18
2.36 0 2.34804e-17 0.000326634 -4.05271e-05 0.00277977 4.89495e-17
2.38 0 -5.77772e-18 0.000304709 -3.6494e-05 0.00259318 3.72773e-17
2.4 0 -1.97923e-19 0.000274629 -3.27481e-05 0.00233719 3.68775e-17
2.42 0 -2.37498e-17 0.00023733 -2.96136e-05 0.00201976 -1.11019e-17
2.44 0 1.90856e-17 0.000191681 -2.6503e-05 0.00163127 2.74549e-17
2.46 0 -1.84589e-17 0.000136462 -2.25676e-05 0.00116134 -9.83585e-18
2.48 0 3.5122e-18 7.29586e-05 -1.74606e-05 0.000620903 -2.74049e-18
2.5 0 5.23483e-18 6.02744e-06 -1.15608e-05 5.12956e-05 7.83492e-18
2.52 0 -1.98833e-19 -5.77014e-05 -5.62976e-06 -0.000491059 7.43324e-18
2.54 0 -1.51256e-18 -0.000114012 -2.14687e-07 -0.000970281 4.37755e-18
2.56 0 -5.07026e-19 -0.000164105 4.72837e-06 -0.00139659 3.35326e-18
2.58 0 8.76016e-19 -0.000211947 9.63743e-06 -0.00180374 5.12298e-18
2.6 0 4.66581e-19 -0.000257704 1.47389e-05 -0.00219315 6.06557e-18
2.62 0 -1.14285e-17 -0.000295505 1.96107e-05 -0.00251485 -1.70223e-17
2.64 0 9.77077e-18 -0.000318938 2.33108e-05 -0.00271427 2.71665e-18
2.66 0 -2.00283e-18 -0.000327276 2.497e-05 -0.00278524 -1.32947e-18
2.68 0 -6.16542e-18 -0.000324594 2.44681e-05 -0.00276241 -1.37849e-17
2.7 0 8.84997e-18 -0.00031345 2.2606e-05 -0.00266757 4.09385e-18
2.72 0 -4.311e-18 -0.000291106 2.04429e-05 -0.00247741 -4.61525e-18
2.74 0 5.95119e-18 -0.000252349 1.83294e-05 -0.00214758 7.40736e-18
2.76 0 3.90321e-19 -0.000195769 1.56547e-05 -0.00166606 8.19588e-18
2.78 0 -3.36976e-18 -0.00012645 1.1696e-05 -0.00107614 1.38829e-18
2.8 0 -1.13659e-18 -5.12559e-05 6.62313e-06 -0.000436206 -9.07845e-19
2.82 0 5.73427e-19 2.83557e-05 1.42899e-06 0.000241317 2.50593e-19
2.84 0 5.59957e-18 0.000116847 -3.08421e-06 0.000994408 1.15628e-17
2.86 0 -1.87396e-17 0.000216948 -6.9867e-06 0.0018463 -2.62949e-17
2.88 0 1.08771e-17 0.000322638 -1.0803e-05 0.00274576 -4.32089e-18
2.9 0 1.3447e-17 0.000420663 -1.46033e-05 0.00357999 2.28449e-17
2.92 0 -3.46866e-18 0.000498899 -1.77131e-05 0.0042458 1.58375e-17
2.94 0 -4.03031e-18 0.000554119 -1.93175e-05 0.00471574 7.6954e-18
2.96 0 -1.18512e-17 0.00059275 -1.92244e-05 0.00504451 -1.62465e-17
2.98 0 5.25414e-18 0.000623252 -1.79654e-05 0.0053041 -5.63206e-18
3 0 -5.90954e-19 0.000646113 -1.61896e-05 0.00549865 -6.8259e-18
3.02 0 1.02664e-18 0.000651301 -1.39987e-05 0.0055428 -4.75188e-18
3.04 0 1.49903e-18 0.000626874 -1.08729e-05 0.00533491 -1.72353e-18
3.06 0 -4.85779e-18 0.000570857 -6.28935e-06 0.00485819 -1.15372e-17
3.08 0 1.42505e-18 0.000494456 -4.35811e-07 0.004208 -8.65837e-18
3.1 0 -6.32269e-20 0.000413079 5.80302e-06 0.00351545 -8.7861e-18
3.12 0 -1.44462e-17 0.000333405 1.17411e-05 0.00283739 -3.79703e-17
3.14 0 4.09478e-17 0.000248386 1.76845e-05 0.00211385 4.47525e-17
3.16 0 -1.20024e-17 0.000145173 2.45155e-05 0.00123547 2.05052e-17
3.18 0 -2.72877e-17 1.93312e-05 3.24683e-05 0.000164516 -3.46214e-17
3.2 0 3.97504e-17 -0.000118228 4.06454e-05 -0.00100616 4.56826e-17
3.22 0 -3.06135e-17 -0.000249335 4.7867e-05 -0.00212192 -1.61628e-17
3.24 0 1.43555e-17 -0.000363548 5.36996e-05 -0.00309392 1.28382e-17
3.26 0 3.17803e-17 -0.000464013 5.84366e-05 -0.00394891 7.70408e-17
3.28 0 -5.23126e-17 -0.000559043 6.22982e-05 -0.00475765 -2.86412e-17
3.3 0 -7.72561e-18 -0.000649847 6.49146e-05 -0.00553042 -4.42484e-17
3.32 0 -2.61235e-18 -0.000727004 6.55893e-05 -0.00618705 -4.95259e-17
3.34 0 2.33165e-17 -0.000777419 6.39667e-05 -0.00661611 -2.42196e-18
3.36 0 -8.35317e-18 -0.000793496 6.03049e-05 -0.00675293 -1.9297e-17
3.38 0 8.80474e-18 -0.000776443 5.50063e-05 -0.0066078 -1.5097e-18
3.4 0 -1.41228e-17 -0.000732682 4.80196e-05 -0.00623538 -3.00406e-17
3.42 0 1.5593e-17 -0.000667956 3.89178e-05 -0.00568454 1.46045e-18
3.44 0 9.57536e-19 -0.000584097 2.75264e-05 -0.00497087 3.39487e-18
3.46 0 -9.67922e-18 -0.000480069 1.42885e-05 -0.00408556 -1.61591e-17
3.48 0 2.07065e-17 -0.000355345 1.07396e-08 -0.00302411 2.56722e-17
3.5 0 2.42563e-18 -0.000212408 -1.46169e-05 -0.00180767 3.05725e-17
3.52 0 -4.39721e-18 -5.69826e-05 -2.92558e-05 -0.000484942 2.16892e-17
3.54 0 -1.43687e-17 0.000103058 -4.38005e-05 0.000877063 -7.33844e-18
3.56 0 -2.77531e-17 0.000258984 -5.80559e-05 0.00220404 -6.34053e-17
3.58 0 2.79667e-17 0.000402755 -7.14263e-05 0.00342758 -6.907e-18
3.6 0 1.44958e-17 0.000529285 -8.29239e-05 0.0045044 2.23775e-17
3.62 0 -1.24269e-19 0.000638165 -9.16945e-05 0.005431 2.21264e-17
3.64 0 1.22409e-17 0.000732037 -9.76928e-05 0.00622989 4.68554e-17
3.66 0 -5.28954e-17 0.000811507 -0.000101719 0.00690621 -6.00039e-17
3.68 0 -6.58973e-18 0.000871592 -0.000104527 0.00741755 -7.33165e-17
3.7 0 3.01339e-17 0.000904425 -0.000105835 0.00769697 -1.244e-17
3.72 0 -3.76132e-17 0.000905333 -0.000104392 0.0077047 -8.84262e-17
3.74 0 7.24623e-17 0.000875479 -9.90851e-05 0.00745063 5.79622e-17
3.76 0 -6.28988e-18 0.000819343 -8.99242e-05 0.0069729 4.52554e-17
3.78 0 2.11858e-17 0.000740794 -7.79316e-05 0.00630442 8.80549e-17
3.8 0 -1.92222e-17 0.000641029 -6.42067e-05 0.00545538 4.92222e-17
3.82 0 6.55621e-19 0.00051922 -4.91408e-05 0.00441874 5.05467e-17
3.84 0 -2.73549e-17 0.00037566 -3.23917e-05 0.003197 -4.71584e-18
3.86 0 7.56561e-18 0.000215192 -1.35365e-05 0.00183136 1.05682e-17
3.88 0 -2.21786e-17 4.6999e-05 7.09873e-06 0.000399977 -3.42371e-17
3.9 0 8.98229e-18 -0.000119723 2.80825e-05 -0.00101888 -1.60911e-17
3.92 0 -2.10843e-18 -0.000279701 4.73784e-05 -0.00238035 -2.03505e-17
3.94 0 1.4422e-17 -0.000431083 6.33725e-05 -0.00366866 8.7848e-18
3.96 0 -1.03689e-17 -0.000571426 7.55361e-05 -0.00486303 -1.21624e-17
3.98 0 -3.64875e-17 -0.000694419 8.41994e-05 -0.00590975 -8.58745e-17
4 0 3.8168e-17 -0.000790231 8.97154e-05 -0.00672514 -8.76738e-18
4.02 0 4.3276e-17 -0.000849188 9.17916e-05 -0.00722688 7.86588e-17
4.04 0 -3.62568e-17 -0.000865912 8.96875e-05 -0.00736921 5.41284e-18
4.06 0 2.32689e-17 -0.000840352 8.31515e-05 -0.00715168 5.24207e-17
4.08 0 -2.08639e-17 -0.000775058 7.30704e-05 -0.00659602 1.02715e-17
4.1 0 -1.3971e-17 -0.00067216 6.10182e-05 -0.00572032 -1.79528e-17
4.12 0 4.0236e-18 -0.000533585 4.82449e-05 -0.004541 -9.82433e-18
4.14 0 1.71686e-17 -0.000363655 3.52851e-05 -0.00309483 2.48597e-17
4.16 0 -6.12347e-18 -0.000170318 2.23678e-05 -0.00144947 1.2489e-17
4.18 0 -2.4472e-19 3.62841e-05 9.7856e-06 0.00030879 1.19946e-17
4.2 0 -5.46405e-19 0.000245918 -2.24923e-06 0.00209285 1.08908e-17
4.22 0 -2.53426e-18 0.000449485 -1.37664e-05 0.00382527 5.77107e-18
4.24 0 -1.70184e-18 0.0006398 -2.48197e-05 0.00544492 2.333e-18
4.26 0 -6.70681e-18 0.000811652 -3.5276e-05 0.00690744 -1.12161e-17
4.28 0 2.83899e-17 0.000960067 -4.49072e-05 0.00817051 4.61372e-17
4.3 0 -5.71981e-18 0.00107858 -5.35487e-05 0.00917913 3.45821e-17
4.32 0 1.27202e-17 0.00116033 -6.11359e-05 0.00987481 6.02795e-17
4.34 0 3.35856e-18 0.00120089 -6.76162e-05 0.01022 6.70645e-17
4.36 0 -1.92278e-17 0.00119976 -7.26478e-05 0.0102104 2.82204e-17
4.38 0 -7.09938e-18 0.00115928 -7.52355e-05 0.00986587 1.38783e-17
4.4 0 5.47825e-18 0.0010826 -7.37901e-05 0.00921328 2.49454e-17
4.42 0 -8.22544e-18 0.000972773 -6.67353e-05 0.00827864 8.32837e-18
4.44 0 1.9495e-18 0.000833492 -5.32611e-05 0.00709331 1.22668e-17
4.46 0 -6.22229e-18 0.000668971 -3.3716e-05 0.00569317 -3.0353e-19
4.48 0 4.42831e-18 0.000482054 -9.32728e-06 0.00410245 8.64254e-18
4.5 0 1.66337e-17 0.000273836 1.85293e-05 0.00233044 4.2246e-17
4.52 0 4.81014e-18 4.64783e-05 4.88748e-05 0.000395547 5.19635e-17
4.54 0 -1.11441e-16 -0.00019469 8.1079e-05 -0.00165688 -1.73169e-16
4.56 0 7.66912e-17 -0.00044334 0.000114293 -0.00377298 -1.82373e-17
4.58 0 1.83303e-17 -0.000696112 0.000146841 -0.00592415 1.87936e-17
4.6 0 2.87018e-17 -0.000952819 0.000176268 -0.00810882 7.67771e-17
4.62 0 -1.26103e-17 -0.00121073 0.000200233 -0.0103037 5.13017e-17
4.64 0 9.37271e-17 -0.0014582 0.000217402 -0.0124098 2.40649e-16
4.66 0 -1.45316e-16 -0.00167618 0.00022741 -0.0142648 -5.29179e-17
4.68 0 -1.41316e-17 -0.00184857 0.000230085 -0.015732 1.23184e-17
4.7 0 2.63297e-18 -0.00197109 0.00022489 -0.0167747 -2.2794e-17
4.72 0 4.39676e-17 -0.00204856 0.000211009 -0.017434 -6.82411e-18
4.74 0 -8.19932e-17 -0.00208396 0.000187871 -0.0177352 -1.72467e-16
4.76 0 8.19208e-18 -0.00207186 0.00015577 -0.0176323 -1.55917e-16
4.78 0 5.14698e-17 -0.00200357 0.000116193 -0.0170511 -5.19378e-17
4.8 0 1.9531e-17 -0.00187798 7.14955e-05 -0.0159823 -1.24812e-17
4.82 0 -1.00404e-17 -0.00170586 2.40937e-05 -0.0145174 -3.27649e-17
4.84 0 -1.24072e-17 -0.0015024 -2.41714e-05 -0.012786 -5.78299e-17
4.86 0 3.99997e-17 -0.00127591 -7.22143e-05 -0.0108584 2.29776e-17
4.88 0 -1.48915e-17 -0.0010252 -0.000119612 -0.00872478 -7.1061e-18
4.9 0 -4.9088e-17 -0.000748331 -0.000166329 -0.00636855 -1.06274e-16
4.92 0 1.72506e-16 -0.00045247 -0.000212191 -0.00385068 2.74134e-17
4.94 0 1.37683e-17 -0.000153798 -0.000256381 -0.00130887 1.36181e-16
4.96 0 -1.28925e-16 0.000131892 -0.000297452 0.00112245 -1.1025e-16
4.98 0 5.00839e-17 0.000397503 -0.000333887 0.00338289 1.0585e-16
5 0 9.74361e-17 0.000644212 -0.000364608 0.00548247 2.60327e-16
5.02 0 -3.79472e-16 0.000874499 -0.000388924 0.00744229 -6.46545e-16
5.04 0 3.04741e-16 0.00108632 -0.000405974 0.00924495 3.48052e-16
5.06 0 -2.23474e-19 0.00127379 -0.000414175 0.0108404 2.96444e-16
5.08 0 4.86189e-16 0.00143292 -0.000411178 0.0121946 5.54904e-16
5.1 0 -2.76351e-16 0.0015655 -0.000394522 0.0133229 -2.17483e-16
5.12 0 9.3876e-18 0.00167579 -0.000362591 0.0142616 -2.04606e-16
5.14 0 1.55713e-16 0.00176284 -0.000315108 0.0150024 3.11509e-16
5.16 0 -1.47078e-16 0.00181702 -0.000252711 0.0154635 1.4382e-17
5.18 0 3.0794e-17 0.00182518 -0.000176058 0.015533 7.65921e-17
5.2 0 -2.65207e-18 0.00177915 -8.55337e-05 0.0151412 5.37097e-17
5.22 0 2.53293e-17 0.00167882 1.77689e-05 0.0142874 1.0488e-16
5.24 0 1.65535e-17 0.00152802 0.000130438 0.013004 2.14701e-16
5.26 0 -1.08156e-16 0.00132796 0.000246109 0.0113014 2.79052e-16
5.28 0 1.52389e-16 0.00107379 0.000356902 0.00913836 2.4868e-16
5.3 0 2.5521e-17 0.000756652 0.000455944 0.00643937 6.86874e-17
5.32 0 2.97389e-17 0.000370965 0.00053884 0.00315704 2.40573e-16
5.34 0 -1.71294e-17 -7.70404e-05 0.000603038 -0.000655639 2.32199e-16
5.36 0 -2.11042e-17 -0.000566194 0.000646409 -0.00481851 -5.43217e-16
5.38 0 -7.37283e-17 -0.00106603 0.000667118 -0.0090723 5.76707e-16
5.4 0 -2.37785e-16 -0.001547 0.000665121 -0.0131655 -2.63716e-16
5.42 0 -4.32381e-16 -0.00198668 0.000643947 -0.0169073 -5.60162e-17
5.44 0 3.55616e-16 -0.00236724 0.000609783 -0.0201461 2.88309e-16
5.46 0 -1.18014e-16 -0.00266734 0.000566556 -0.0227001 -6.68287e-16
5.48 0 -9.77814e-17 -0.00285945 0.00051297 -0.024335 -7.7246e-16
5.5 0 -2.27129e-16 -0.00291859 0.000446541 -0.0248384 -3.79932e-16
5.52 0 -1.3712e-18 -0.00283344 0.000368075 -0.0241137 4.41329e-16
5.54 0 -2.17569e-16 -0.00260972 0.000281364 -0.0222098 -5.50476e-17
5.56 0 -9.87927e-17 -0.00226432 0.000190459 -0.0192704 -1.31799e-16
5.58 0 3.32598e-17 -0.00181649 9.80285e-05 -0.0154592 -7.86634e-17
5.6 0 8.73426e-19 -0.00129123 6.41446e-06 -0.010989 -3.2146e-17
5.62 0 5.08393e-17 -0.000725947 -8.10482e-05 -0.00617826 5.41715e-17
5.64 0 -1.4087e-16 -0.000163906 -0.000160632 -0.0013951 -7.77638e-17
5.66 0 -2.57604e-16 0.000359957 -0.000229948 0.00306316 -2.04914e-16
5.68 0 -1.90175e-18 0.000826128 -0.000288544 0.00703044 7.96516e-17
5.7 0 9.8289e-17 0.00122277 -0.000336831 0.010406 1.11623e-16
5.72 0 2.20542e-16 0.00153295 -0.000375045 0.0130458 -3.51294e-16
5.74 0 -2.02738e-16 0.00173071 -0.000403557 0.0147287 -3.03492e-16
5.76 0 1.44914e-16 0.00179039 -0.000423787 0.0152366 -5.70705e-16
5.78 0 -1.41175e-17 0.00170007 -0.000438046 0.014468 1.31564e-16
5.8 0 -1.3896e-16 0.00146735 -0.000447945 0.0124875 2.01451e-16
5.82 0 -2.66646e-16 0.00111358 -0.000452818 0.0094768 -3.05801e-16
5.84 0 4.14342e-17 0.000662343 -0.000449991 0.00563659 -2.22095e-16
5.86 0 2.09247e-16 0.00013319 -0.000437106 0.00113331 2.00626e-16
5.88 0 -6.70308e-17 -0.000453967 -0.000413882 -0.0038636 6.52102e-17
5.9 0 3.76547e-17 -0.00107005 -0.000381442 -0.00910672 1.4128e-16
5.92 0 -1.08394e-16 -0.0016745 -0.000340342 -0.0142507 -4.99477e-16
5.94 0 -1.74975e-16 -0.0022227 -0.000289173 -0.0189162 -1.72943e-16
5.96 0 -3.04036e-17 -0.00267476 -0.000224748 -0.0227634 5.67779e-17
5.98 0 2.26678e-17 -0.0029985 -0.000143743 -0.0255187 3.532e-17
6 0 5.45508e-19 -0.00317284 -4.5112e-05 -0.0270027 -1.03474e-17
6.02 0 2.22981e-19 -0.00319295 6.77604e-05 -0.0271738 4.02012e-17
6.04 0 -3.28323e-17 -0.00306389 0.00018639 -0.0260755 1.32529e-16
6.06 0 -8.15992e-17 -0.00279267 0.000299289 -0.0237674 -1.86782e-16
6.08 0 -1.28891e-16 -0.00239016 0.0003966 -0.0203419 -3.47939e-16
6.1 0 9.0342e-17 -0.00187222 0.000474229 -0.015934 1.39387e-16
6.12 0 1.5282e-16 -0.00125714 0.000533748 -0.0106995 -2.81306e-16
6.14 0 -6.73963e-17 -0.000550303 0.000577774 -0.00468403 3.18546e-16
6.16 0 -8.39698e-17 0.000265301 0.000605127 0.00225705 -3.59369e-16
6.18 0 -3.54732e-16 0.00120874 0.000610924 0.010286 -5.11035e-16
6.2 0 5.41715e-17 0.00226988 0.000591882 0.0193168 -5.13513e-16
6.22 0 1.91809e-16 0.00338197 0.000550036 0.0287871 2.26135e-16
6.24 0 -2.70813e-16 0.00428509 0.000490357 0.036546 -3.05583e-16
6.26 0 4.4299e-16 0.00481904 0.00041509 0.0413328 2.00589e-16
6.28 0 -1.15832e-16 0.00524245 0.000321275 0.0455867 -9.6705e-17
6.3 0 9.13033e-18 0.00557178 0.000206107 0.0498954 -1.58313e-16
6.32 0 1.01449e-17 0.00568654 6.664e-05 0.05202 8.89311e-18
6.34 0 5.34104e-17 0.0056686 -9.48473e-05 0.0518672 7.90892e-17
6.36 0 -1.56783e-17 0.00565835 -0.000262986 0.0517801 -4.28592e-18
6.38 0 2.7714e-17 0.0056237 -0.000425493 0.0514852 7.26414e-18
6.4 0 1.10742e-16 0.00545015 -0.000575961 0.0500082 -8.36124e-17
6.42 0 6.5876e-17 0.00526986 -0.00070828 0.0484738 1.7929e-16
6.44 0 -3.00497e-17 0.00501154 -0.000818565 0.0462755 2.89574e-16
6.46 0 -8.13344e-17 0.00453894 -0.00090314 0.0422535 5.04312e-17
6.48 0 1.27263e-16 0.00372678 -0.000958877 0.0353417 -7.21845e-16
6.5 0 -1.30979e-17 0.00258873 -0.000984679 0.0256565 3.05818e-16
6.52 0 -2.50718e-18 0.00133884 -0.000982341 0.0150195 9.56187e-16
6.54 0 1.64691e-18 0.000158874 -0.000955414 0.00497751 5.97107e-16
6.56 0 -1.66202e-16 -0.000892975 -0.000906735 -0.00397502 1.70719e-17
6.58 0 -3.64367e-17 -0.00185097 -0.000833951 -0.0121351 3.59961e-16
6.6 0 -2.64388e-16 -0.00272042 -0.000733161 -0.0195709 -9.19269e-17
6.62 0 2.39583e-16 -0.00345486 -0.000607504 -0.0259425 -1.346e-16
6.64 0 -8.28269e-17 -0.00400441 -0.000467152 -0.0308735 -1.00112e-16
6.66 0 2.20835e-16 -0.00437203 -0.000322081 -0.034353 4.05778e-16
6.68 0 1.58863e-16 -0.00461456 -0.000177474 -0.0367965 6.49394e-17
6.7 0 7.70347e-18 -0.00479609 -3.53268e-05 -0.0387484 6.29694e-17
6.72 0 -1.07605e-17 -0.00495132 0.000101318 -0.0405393 -1.10568e-17
6.74 0 -7.29355e-18 -0.00508683 0.000227601 -0.0422323 -4.76385e-18
6.76 0 -2.49129e-17 -0.00519999 0.000340306 -0.0437747 9.91873e-18
6.78 0 1.12083e-16 -0.00528916 0.000440826 -0.0451018 -2.83502e-17
6.8 0 9.69016e-17 -0.00534315 0.000534057 -0.0459674 -6.77402e-17
6.82 0 -1.97725e-17 -0.00535711 0.000624422 -0.0462003 2.50671e-16
6.84 0 2.14453e-16 -0.00521635 0.000712547 -0.0450024 5.58547e-16
6.86 0 -1.46457e-16 -0.00484111 0.000795561 -0.041809 -8.66856e-16
6.88 0 3.52763e-16 -0.00426128 0.000867023 -0.0368744 -1.46509e-16
6.9 0 2.407e-16 -0.00351091 0.00091975 -0.0304885 4.58572e-16
6.92 0 2.71853e-16 -0.00263657 0.000948677 -0.0230475 3.89231e-16
6.94 0 2.1115e-16 -0.00167386 0.000951299 -0.0148545 5.87263e-16
6.96 0 -5.80499e-16 -0.000675099 0.000927628 -0.00635475 2.49562e-16
6.98 0 1.82967e-16 0.000292875 0.00087685 0.00188309 1.90135e-16
7 0 1.71338e-18 0.00116505 0.000796864 0.00930608 -1.18522e-16
7.02 0 1.4054e-17 0.00190866 0.000687309 0.0156374 9.23717e-17
7.04 0 7.42704e-17 0.00252715 0.000553201 0.0209113 7.36081e-16
7.06 0 -2.59852e-17 0.00304077 0.00040431 0.0253088 -1.7567e-16
7.08 0 4.23445e-17 0.00346537 0.000250553 0.0289752 -2.30443e-16
7.1 0 -5.79225e-17 0.00380548 9.81741e-05 0.0319546 -1.76161e-16
7.12 0 1.84327e-17 0.00405954 -5.02092e-05 0.0342244 -6.0355e-17
7.14 0 7.42453e-18 0.00422901 -0.000191913 0.0357713 1.13075e-16
7.16 0 4.69568e-18 0.00432146 -0.00032128 0.0366299 3.07814e-17
7.18 0 1.21631e-16 0.00434747 -0.000430621 0.0368738 9.3634e-17
7.2 0 -3.67978e-17 0.00427318 -0.000514714 0.0362415 -2.03526e-16
7.22 0 1.59772e-16 0.00403544 -0.000574286 0.0342183 1.61759e-16
7.24 0 2.48282e-16 0.00361262 -0.000613243 0.0306199 6.77685e-16
7.26 0 -2.54167e-16 0.0030072 -0.000634876 0.0254676 1.22585e-17
7.28 0 -3.45188e-16 0.00224614 -0.000641602 0.0189907 2.44283e-16
7.3 0 -1.48012e-16 0.0013885 -0.000635161 0.0116919 -3.06001e-16
7.32 0 -2.4768e-17 0.000489258 -0.000616931 0.00403904 9.00289e-17
7.34 0 7.15439e-17 -0.000411342 -0.000586983 -0.00362538 1.83241e-16
7.36 0 -1.92382e-16 -0.0012788 -0.000543916 -0.0110078 -9.28221e-16
7.38 0 -6.59028e-17 -0.00207263 -0.00048773 -0.017764 -6.47644e-16
7.4 0 2.07698e-18 -0.00275386 -0.000420704 -0.0235644 5.13265e-16
7.42 0 1.77424e-18 -0.00329972 -0.000344872 -0.0282208 -6.43623e-17
7.44 0 2.1188e-17 -0.00370578 -0.00026023 -0.0317016 1.85894e-18
7.46 0 5.03183e-17 -0.00398018 -0.000166055 -0.0340738 3.98254e-16
7.48 0 -2.33026e-17 -0.00413893 -6.34471e-05 -0.0354594 4.97765e-17
7.5 0 -1.38595e-16 -0.00420181 4.41665e-05 -0.036012 -9.68962e-17
7.52 0 2.83467e-17 -0.00418107 0.000152602 -0.0358355 -3.86068e-17
7.54 0 5.30833e-17 -0.00405212 0.000258439 -0.0347381 8.13805e-17
7.56 0 4.105e-17 -0.00380804 0.000358866 -0.0326609 6.65165e-17
7.58 0 1.58875e-17 -0.00342138 0.000449561 -0.0293703 1.64823e-16
7.6 0 2.03184e-16 -0.00285885 0.000524545 -0.0245829 -4.20655e-16
7.62 0 -9.08277e-17 -0.00215893 0.000579094 -0.0186263 -2.82798e-17
7.64 0 -4.86495e-16 -0.00139097 0.000611159 -0.0120908 -7.82859e-16
7.66 0 4.10171e-16 -0.000612988 0.000620322 -0.00546987 5.07242e-18
7.68 0 1.83493e-16 0.000158436 0.000605952 0.00109522 -1.78597e-17
7.7 0 6.01048e-18 0.00091874 0.000565884 0.0075657 -8.98391e-16
7.72 0 -1.36693e-16 0.00164057 0.000497968 0.013709 -5.77268e-16
7.74 0 7.65554e-17 0.00227112 0.000404137 0.019077 3.27601e-16
7.76 0 6.54021e-17 0.00276807 0.000291481 0.0233115 2.37149e-16
7.78 0 -4.94843e-17 0.00312523 0.000168899 0.0263616 3.69001e-17
7.8 0 -1.88356e-17 0.00336566 4.3683e-05 0.0284213 1.67485e-16
7.82 0 5.65193e-19 0.00351939 -7.88663e-05 0.029743 1.59991e-16
7.84 0 -6.40795e-17 0.00360698 -0.000193911 0.0304983 -7.25087e-17
7.86 0 -5.72258e-18 0.00363601 -0.000296777 0.030749 7.39995e-17
7.88 0 1.59413e-16 0.00359457 -0.000384355 0.0303964 1.09839e-16
7.9 0 6.89229e-17 0.00344478 -0.000455983 0.0291216 -2.52771e-16
7.92 0 -4.32312e-17 0.00315691 -0.000512643 0.0266717 1.13928e-16
7.94 0 1.9972e-16 0.00270577 -0.000554887 0.0228324 -6.67947e-17
7.96 0 7.85295e-17 0.002096 -0.00058287 0.017643 -5.81552e-16
7.98 0 -2.37149e-16 0.00138685 -0.000597561 0.0116079 -5.04884e-16
8 0 -5.15381e-16 0.000642974 -0.000600381 0.00527724 -2.0357e-16
8.02 0 9.86711e-17 -9.73841e-05 -0.000591703 -0.00102347 9.88966e-16
8.04 0 -1.15203e-17 -0.000825281 -0.000569098 -0.00721813 -7.21152e-16
8.06 0 -2.80545e-16 -0.00152701 -0.000528383 -0.0131902 6.22591e-18
8.08 0 -8.10834e-19 -0.00216282 -0.000467684 -0.0186013 -7.35922e-17
8.1 0 7.60638e-17 -0.00268465 -0.00038982 -0.0230434 5.51356e-16
8.12 0 -1.79008e-17 -0.00307244 -0.00030006 -0.0263467 -1.13976e-15
8.14 0 2.97945e-17 -0.00334407 -0.000202317 -0.0286635 2.02854e-16
8.16 0 -1.42447e-18 -0.00353487 -9.80167e-05 -0.0302938 -3.04558e-16
8.18 0 1.96562e-18 -0.0036709 1.18101e-05 -0.0314586 -8.14323e-18
8.2 0 -1.88793e-17 -0.00375672 0.00012428 -0.032195 7.22821e-19
8.22 0 -3.0397e-17 -0.00378267 0.000234677 -0.0324179 3.42035e-17
8.24 0 1.47013e-17 -0.00372222 0.000338327 -0.0319034 -1.12531e-18
8.26 0 7.02199e-17 -0.00353462 0.000431955 -0.0303069 -1.5374e-16
8.28 0 3.30269e-16 -0.00322193 0.000513682 -0.0276458 2.25795e-16
8.3 0 2.7732e-16 -0.00280364 0.000581392 -0.024086 -5.69337e-16
8.32 0 4.30215e-16 -0.00229795 0.000632277 -0.0197823 4.67592e-16
8.34 0 -2.79444e-16 -0.00173045 0.000663808 -0.0149527 -5.30548e-16
8.36 0 3.38587e-16 -0.00111484 0.000674744 -0.00971368 -2.96442e-16
8.38 0 2.38428e-16 -0.000471243 0.000666172 -0.00423647 -5.26308e-16
8.4 0 6.454e-16 0.000171366 0.000641123 0.00123236 -9.97259e-17
8.42 0 -8.17254e-17 0.000777666 0.000602274 0.00639219 -6.19392e-16
8.44 0 -2.21578e-17 0.00131984 0.000549405 0.0110064 4.89464e-16
8.46 0 -1.91119e-17 0.00178151 0.000481254 0.0149355 1.04831e-16
8.48 0 -3.21568e-17 0.00215695 0.000399872 0.0181313 2.67973e-17
8.5 0 -1.82133e-17 0.00244928 0.000309956 0.0206203 4.77038e-17
8.52 0 1.68307e-17 0.00266553 0.000215425 0.0224624 2.39678e-16
8.54 0 1.73593e-17 0.00280984 0.000118102 0.0236923 4.98762e-18
8.56 0 -7.85818e-17 0.00288073 1.90162e-05 0.0242967 -5.92642e-17
8.58 0 5.68247e-17 0.00287308 -7.93451e-05 0.0242316 8.59414e-17
8.6 0 -8.9733e-18 0.00275734 -0.000172941 0.0232466 1.71075e-17
8.62 0 4.42005e-17 0.00251684 -0.000257932 0.0211998 1.27872e-16
8.64 0 4.30638e-17 0.00216124 -0.000331979 0.0181736 3.69527e-16
8.66 0 -2.01827e-17 0.00170125 -0.000393798 0.0142589 2.45548e-16
8.68 0 -9.0119e-17 0.00116661 -0.000442521 0.00970891 4.65699e-18
8.7 0 3.08642e-16 0.000592431 -0.000477436 0.00482246 -5.65269e-17
8.72 0 -2.41794e-16 3.83924e-06 -0.000498272 -0.000186659 2.51499e-16
8.74 0 2.92154e-16 -0.000584529 -0.000505551 -0.00519388 1.94139e-16
8.76 0 -3.08996e-17 -0.0011609 -0.000500496 -0.010099 -1.02879e-16
8.78 0 9.5299e-17 -0.00170828 -0.000484205 -0.0147574 -1.63386e-16
8.8 0 2.69353e-17 -0.00220525 -0.000456111 -0.0189869 3.04394e-16
8.82 0 7.95766e-17 -0.00263085 -0.000414285 -0.0226092 1.19353e-15
8.84 0 2.25654e-17 -0.00297135 -0.000358322 -0.025508 -2.51908e-16
8.86 0 -2.40113e-17 -0.00322515 -0.00029006 -0.0276698 -2.13094e-16
8.88 0 3.45379e-17 -0.00339922 -0.00021168 -0.0291536 3.431e-16
8.9 0 -1.57383e-17 -0.00349988 -0.000124686 -0.0300123 1.19394e-16
8.92 0 9.19485e-18 -0.00352651 -3.07478e-05 -0.0302395 -8.0263e-17
8.94 0 -1.51797e-17 -0.00345646 6.69383e-05 -0.0296434 -5.68008e-18
8.96 0 1.73041e-17 -0.00325481 0.000163878 -0.0279273 5.93788e-17
8.98 0 1.32058e-16 -0.00292535 0.000255549 -0.0251235 -9.91167e-17
9 0 6.64983e-17 -0.00249477 0.000337738 -0.0214591 2.27463e-17
9.02 0 2.69575e-16 -0.00199681 0.000406484 -0.0172213 1.42982e-16
9.04 0 1.71914e-16 -0.00146152 0.000458582 -0.0126658 -3.31871e-16
9.06 0 -2.74377e-16 -0.000891491 0.000492611 -0.00781463 5.30044e-16
9.08 0 1.14475e-16 -0.000283605 0.000509646 -0.00264131 3.24126e-16
9.1 0 2.23133e-16 0.000348992 0.000512245 0.00274231 4.70671e-17
9.12 0 -2.82177e-16 0.000966191 0.000502439 0.00799489 7.77078e-17
9.14 0 -1.32497e-16 0.00152199 0.000480018 0.012725 -3.90521e-16
9.16 0 -1.02819e-16 0.00199203 0.000442859 0.0167255 -4.94908e-16
9.18 0 9.21426e-19 0.00238074 0.000390274 0.0200345 -3.08139e-16
9.2 0 -2.86351e-17 0.00270514 0.000325995 0.0227971 -5.31158e-17
9.22 0 9.81352e-17 0.0029755 0.000256418 0.0251016 2.81428e-16
9.24 0 3.72875e-17 0.00318813 0.000185964 0.0269163 5.43554e-16
9.26 0 4.88857e-17 0.00333253 0.000114533 0.0281506 9.13519e-18
9.28 0 -1.03915e-16 0.00340277 3.93802e-05 0.0287518 -8.90944e-17
9.3 0 -1.89619e-18 0.00340206 -4.02658e-05 0.0287457 3.51265e-17
9.32 0 -2.01757e-17 0.00330993 -0.000120542 0.0279616 -3.95198e-17
9.34 0 9.6227e-18 0.00311034 -0.00019511 0.0262631 -1.89666e-17
9.36 0 1.72656e-16 0.00280144 -0.000259624 0.0236342 1.46596e-16
9.38 0 -6.94925e-17 0.00238294 -0.000313945 0.0200727 -9.61228e-17
9.4 0 2.2466e-16 0.00188341 -0.000360281 0.0158215 3.28812e-16
9.42 0 -1.72055e-16 0.00133824 -0.000399009 0.0111819 -3.53206e-16
9.44 0 3.86853e-17 0.000768049 -0.000426814 0.00632934 2.82191e-16
9.46 0 -4.40476e-17 0.00017983 -0.00043914 0.00132339 2.36233e-16
9.48 0 -3.97693e-17 -0.000414675 -0.000434062 -0.00373605 7.07521e-16
9.5 0 2.94049e-16 -0.000987475 -0.000413356 -0.00861078 2.08099e-16
9.52 0 2.58311e-16 -0.00150488 -0.000379743 -0.0130141 6.92316e-16
9.54 0 3.62073e-17 -0.00194558 -0.00033403 -0.0167647 8.01838e-17
9.56 0 -1.4141e-16 -0.00230671 -0.000275545 -0.0198383 -8.35143e-17
9.58 0 9.15948e-18 -0.00259588 -0.000204526 -0.0222996 -1.27406e-16
9.6 0 3.2809e-17 -0.00282015 -0.000123258 -0.0242091 2.91448e-16
9.62 0 -2.44884e-18 -0.0029811 -3.53205e-05 -0.0255799 3.56927e-17
9.64 0 6.71524e-18 -0.00307617 5.53566e-05 -0.0263899 7.46548e-18
9.66 0 5.03274e-17 -0.00310268 0.000144416 -0.0266158 1.27255e-16
9.68 0 -1.76937e-17 -0.00304813 0.00022682 -0.0261515 3.75313e-17
9.7 0 1.20145e-16 -0.00289282 0.000297615 -0.0248298 4.73922e-17
9.72 0 -1.79847e-16 -0.00264 0.000353301 -0.0226782 -1.42806e-16
9.74 0 1.21567e-16 -0.00229821 0.000392256 -0.0197695 1.02572e-16
9.76 0 9.574e-17 -0.00187516 0.00041419 -0.0161692 4.53671e-16
9.78 0 1.6471e-16 -0.00138319 0.000419135 -0.0119823 2.03179e-16
9.8 0 9.46909e-17 -0.000831948 0.000406955 -0.00729106 1.03275e-16
9.82 0 -4.10945e-17 -0.000241818 0.000377711 -0.00226886 -2.15038e-16
9.84 0 -2.59571e-16 0.000354118 0.000332263 0.00280277 6.20013e-18
9.86 0 1.12667e-17 0.000916429 0.000273158 0.00758823 1.1445e-17
9.88 0 9.45123e-17 0.00141687 0.000204501 0.0118471 2.70313e-16
9.9 0 3.79689e-17 0.00184707 0.000130218 0.0155085 -2.40965e-17
9.92 0 -4.07684e-17 0.00221109 5.2581e-05 0.0186067 5.34359e-17
9.94 0 2.04837e-17 0.00251032 -2.71921e-05 0.0211539 1.72666e-16
9.96 0 2.72595e-17 0.00273774 -0.000107051 0.0230904 1.62443e-17
9.98 0 -1.81991e-17 0.00288514 -0.000183244 0.024346 -4.3457e-17
10 0 -7.68871e-18 0.002954 -0.000251656 0.0249328 -6.08919e-17
10.02 0 -2.20951e-17 0.00295825 -0.000309996 0.024969 3.56838e-17
10.04 0 -1.87011e-16 0.00290418 -0.000358501 0.0245089 5.17737e-17
10.06 0 1.08861e-16 0.00278739 -0.000398346 0.023515 1.75937e-16
10.08 0 2.09366e-17 0.00259165 -0.000429212 0.0218491 6.92614e-17
10.1 0 1.28006e-16 0.0022927 -0.00044862 0.019305 1.05826e-16
10.12 0 -1.82214e-16 0.00189377 -0.0004537 0.0159099 -1.43053e-16
10.14 0 -3.02902e-17 0.00142675 -0.000442945 0.0119354 -1.28986e-16
10.16 0 2.25022e-16 0.000925447 -0.000416403 0.00766915 2.33172e-16
10.18 0 -1.66814e-17 0.000408185 -0.000375113 0.00326706 1.06074e-16
10.2 0 -1.2849e-16 -0.000120186 -0.00032059 -0.00122956 -3.81865e-17
10.22 0 -2.24839e-16 -0.000651779 -0.000254519 -0.0057536 -4.615e-16
10.24 0 -7.7394e-17 -0.00116589 -0.000178969 -0.0101289 -7.03119e-17
10.26 0 9.38712e-18 -0.00163384 -9.69668e-05 -0.0141113 1.47815e-16
10.28 0 4.4591e-17 -0.00203282 -1.25266e-05 -0.0175068 1.01146e-16
10.3 0 -1.53726e-17 -0.0023552 7.01301e-05 -0.0202505 -4.45602e-18
10.32 0 4.47523e-17 -0.00260619 0.000147573 -0.0223868 -3.39536e-17
10.34 0 -1.03012e-16 -0.00279361 0.000217618 -0.0239822 -4.63438e-17
10.36 0 -8.06568e-17 -0.00291821 0.000279037 -0.025043 2.74371e-16
10.38 0 2.42783e-16 -0.0029715 0.000330943 -0.0254968 -1.46965e-17
10.4 0 -1.72671e-17 -0.00293144 0.0003724 -0.0251558 -4.60958e-17
10.42 0 5.10831e-17 -0.00275909 0.00040248 -0.0236892 -2.12785e-16
10.44 0 3.37345e-16 -0.00245402 0.000420403 -0.0210928 2.21956e-16
10.46 0 1.48392e-16 -0.00204288 0.000425477 -0.017594 2.49304e-16
10.48 0 2.17632e-17 -0.00155027 0.000417008 -0.0134016 -1.58932e-16
10.5 0 1.27223e-16 -0.000999852 0.000394014 -0.00871739 -1.94941e-16
10.52 0 -8.73207e-17 -0.000404912 0.000355799 -0.00365425 -3.38704e-16
10.54 0 4.03343e-17 0.000210679 0.000303435 0.00158465 -9.81468e-17
10.56 0 1.95757e-16 0.00081351 0.000240098 0.00671495 -7.73782e-17
10.58 0 -1.60489e-16 0.00137062 0.000169788 0.0114562 -1.64674e-17
10.6 0 6.59763e-17 0.00186262 9.56686e-05 0.0156433 3.38672e-17
10.62 0 -6.32695e-18 0.00228181 1.9549e-05 0.0192111 4.43037e-17
10.64 0 4.11517e-18 0.0026235 -5.72706e-05 0.0221199 3.34336e-17
10.66 0 -6.97309e-18 0.00288085 -0.000132864 0.0243116 7.97931e-18
10.68 0 -1.70181e-17 0.00304788 -0.000204408 0.0257349 -1.59291e-16
10.7 0 -6.03796e-17 0.00312415 -0.000268971 0.0263852 7.84269e-17
10.72 0 -7.83132e-18 0.00311339 -0.000324622 0.0262936 1.04094e-16
10.74 0 -3.97632e-17 0.0029921 -0.000370849 0.0252613 3.03922e-16
10.76 0 -1.01942e-20 0.0027519 -0.000407757 0.0232172 -6.72398e-17
10.78 0 -5.03583e-18 0.00239278 -0.000434421 0.0201609 -2.06153e-16
10.8 0 1.11601e-16 0.00191502 -0.000448667 0.0160951 1.32509e-16
10.82 0 4.72227e-17 0.00134808 -0.000448252 0.0112702 -1.62947e-16
10.84 0 3.38387e-16 0.000725226 -0.000432178 0.00596948 6.04501e-17
10.86 0 1.09386e-16 7.97469e-05 -0.000401367 0.000476226 -4.55976e-17
10.88 0 3.81967e-17 -0.000563803 -0.000357997 -0.00500061 -1.66272e-16
10.9 0 -2.10228e-17 -0.00118268 -0.000304306 -0.0102674 1.48751e-16
10.92 0 5.82044e-17 -0.00175307 -0.000241526 -0.0151217 -3.43574e-17
10.94 0 2.85352e-17 -0.00225105 -0.000170115 -0.0193598 7.72139e-18
10.96 0 -5.38945e-18 -0.00266001 -9.13675e-05 -0.0228408 -6.24583e-17
10.98 0 3.85314e-18 -0.00297563 -8.74227e-06 -0.0255281 -4.17001e-17
11 0 2.77012e-18 -0.00320411 7.27253e-05 -0.0274745 -3.39264e-18
11.02 0 3.78099e-18 -0.00335496 0.000148484 -0.0287606 9.85961e-18
11.04 0 8.48145e-17 -0.00343403 0.000216065 -0.0294351 -2.6164e-17
11.06 0 1.32309e-17 -0.00344035 0.000274933 -0.029489 8.0091e-17
11.08 0 -4.3271e-17 -0.00333852 0.000325145 -0.0286225 1.03739e-17
11.1 0 1.63825e-16 -0.00309205 0.000366226 -0.0265249 1.67104e-16
11.12 0 8.26162e-17 -0.00270148 0.000396632 -0.023201 3.49692e-16
11.14 0 1.13224e-16 -0.00218324 0.000414588 -0.0187906 3.24167e-16
11.16 0 1.20932e-16 -0.00157361 0.000419289 -0.0136025 4.9987e-16
11.18 0 1.83004e-18 -0.000909051 0.000411126 -0.00794683 1.19941e-16
11.2 0 -2.69018e-16 -0.000209877 0.000391026 -0.00199662 -2.61506e-16
11.22 0 -9.4587e-17 0.000503703 0.000359416 0.0040762 -1.60825e-16
11.24 0 8.41584e-17 0.00119794 0.000316328 0.00998441 -2.51867e-17
11.26 0 2.15639e-17 0.0018287 0.000262098 0.0153526 1.55828e-16
11.28 0 -2.80336e-17 0.0023622 0.000197726 0.0198937 1.6756e-16
11.3 0 -6.94245e-17 0.00278788 0.000125187 0.023519 -3.61733e-16
11.32 0 -4.47395e-18 0.00311412 4.79079e-05 0.0263007 -5.48186e-17
11.34 0 4.65725e-17 0.00335564 -2.94325e-05 0.0283641 2.8645e-16
11.36 0 1.79736e-17 0.00352411 -0.000102339 0.029807 1.43315e-16
11.38 0 7.04905e-18 0.00362504 -0.000168277 0.0306735 5.65891e-19
11.4 0 3.85658e-17 0.00365913 -0.000227084 0.0309666 5.01954e-17
11.42 0 -3.22107e-18 0.00360677 -0.0002795 0.0305209 3.30279e-17
11.44 0 -1.42874e-16 0.00342645 -0.000325391 0.0289864 -5.01555e-17
11.46 0 -2.00577e-16 0.00310736 -0.000362818 0.0262708 -1.32134e-16
11.48 0 -1.46217e-16 0.00265705 -0.000388847 0.0224385 1.26167e-16
11.5 0 -1.42015e-16 0.00209541 -0.000401594 0.0176588 4.46223e-17
11.52 0 5.1311e-17 0.00145416 -0.000401251 0.0122015 1.39368e-16
11.54 0 4.57136e-17 0.000750822 -0.000389446 0.00621584 -1.81215e-16
11.56 0 -4.76387e-17 6.85908e-06 -0.000367481 -0.000115538 -2.72551e-16
11.58 0 2.85833e-17 -0.000741758 -0.000335193 -0.00648653 4.42387e-16
11.6 0 -1.75517e-16 -0.00144686 -0.000291831 -0.0124872 -1.07371e-16
11.62 0 -6.65347e-17 -0.00207101 -0.000238076 -0.0177991 -2.80657e-16
11.64 0 -5.43821e-18 -0.00259948 -0.000177046 -0.0222975 -5.04914e-17
11.66 0 4.78934e-17 -0.00303408 -0.000112944 -0.0259989 1.1513e-16
11.68 0 8.61941e-18 -0.00338007 -4.85816e-05 -0.0289501 9.9069e-17
11.7 0 -2.4241e-18 -0.00364091 1.57463e-05 -0.0311809 -8.03793e-17
11.72 0 -6.73596e-18 -0.00382019 8.09608e-05 -0.0327197 -1.00639e-16
11.74 0 -1.29532e-17 -0.00392401 0.000146893 -0.033614 -6.29314e-17
11.76 0 -2.15288e-17 -0.0039595 0.000211288 -0.0339204 -4.2713e-17
11.78 0 -4.37856e-17 -0.00391467 0.000270908 -0.0335388 1.77458e-16
11.8 0 -1.68883e-16 -0.00374464 0.000323405 -0.0320919 -8.25403e-17
11.82 0 1.78209e-16 -0.00342508 0.000367761 -0.0293723 5.53603e-17
11.84 0 -1.25406e-16 -0.00295061 0.000403037 -0.0253344 -1.29658e-16
11.86 0 9.67684e-17 -0.00234149 0.000427537 -0.0201505 2.1427e-16
11.88 0 3.7748e-17 -0.00164966 0.00043899 -0.0142628 1.20318e-16
11.9 0 1.71155e-16 -0.000915925 0.000435746 -0.00801849 3.99441e-16
11.92 0 1.23546e-16 -0.000165861 0.000417864 -0.00163518 4.30432e-16
11.94 0 -1.57449e-16 0.000585052 0.000386823 0.00475535 4.51523e-16
11.96 0 2.30855e-16 0.0013112 0.000344679 0.0109352 -2.62668e-16
11.98 0 -1.21446e-17 0.00197577 0.000293405 0.0165915 8.70988e-17
12 0 6.09462e-18 0.00254594 0.000234696 0.0214464 3.39697e-16
12.02 0 -3.89611e-17 0.00300985 0.000170296 0.0254021 1.08362e-16
12.04 0 -1.85267e-17 0.00337656 0.000102489 0.0285388 2.32279e-16
12.06 0 4.71438e-17 0.00366363 3.40306e-05 0.0310078 -1.60717e-16
12.08 0 -1.14259e-17 0.00388455 -3.26809e-05 0.0329226 -6.42041e-17
12.1 0 1.26187e-17 0.00404365 -9.64376e-05 0.034314 -9.50834e-17
12.12 0 -6.86661e-19 0.00413886 -0.000157111 0.0351534 9.24583e-18
12.14 0 -4.28145e-17 0.00416742 -0.000214581 0.0354065 5.29695e-17
12.16 0 3.03147e-17 0.00409808 -0.000267773 0.0348164 1.80018e-17
12.18 0 9.52539e-17 0.00388045 -0.000315093 0.0329643 1.59733e-17
12.2 0 4.99365e-17 0.00351046 -0.000354828 0.0298156 1.47173e-17
12.22 0 1.73086e-16 0.00299987 -0.000385588 0.0254702 -5.75307e-17
12.24 0 7.69779e-17 0.00237197 -0.000406903 0.0201266 1.96056e-16
12.26 0 3.3111e-17 0.00166422 -0.000418669 0.0141034 7.00073e-17
12.28 0 6.69729e-17 0.000898334 -0.000420544 0.00758545 1.632e-16
12.3 0 3.7097e-17 9.82874e-05 -0.000411605 0.000776777 2.42305e-16
12.32 0 -9.11375e-17 -0.000699693 -0.000390576 -0.00601432 9.87833e-18
12.34 0 8.58842e-17 -0.00144338 -0.000356805 -0.0123434 3.09599e-16
12.36 0 -4.35447e-17 -0.0020875 -0.000311047 -0.0178254 -8.25346e-17
12.38 0 -4.1093e-17 -0.00261419 -0.000255339 -0.0223091 -5.57446e-17
12.4 0 1.84898e-17 -0.00303298 -0.000192341 -0.0258772 -2.40922e-16
12.42 0 -1.53761e-17 -0.00336304 -0.000124707 -0.0286943 -5.87439e-17
12.44 0 -4.10946e-17 -0.00361816 -5.47467e-05 -0.0308785 -8.068e-17
12.46 0 -9.07944e-18 -0.00380257 1.54764e-05 -0.0324638 4.31359e-18
12.48 0 -6.63087e-19 -0.00391642 8.38143e-05 -0.0334466 2.33208e-17
12.5 0 4.57584e-18 -0.00396266 0.00014778 -0.033847 7.0725e-18
12.52 0 -1.379e-17 -0.00394225 0.000204664 -0.0336733 2.23315e-17
12.54 0 -5.00108e-18 -0.00382151 0.00025214 -0.0326458 -1.89331e-17
12.56 0 7.77719e-17 -0.00357876 0.0002887 -0.0305799 9.56879e-17
12.58 0 -1.33469e-16 -0.0031983 0.000313282 -0.0273421 -3.00752e-16
12.6 0 9.43656e-17 -0.00267828 0.000325532 -0.0229165 -2.4777e-16
12.62 0 -5.40647e-17 -0.00205906 0.000325807 -0.0176467 -1.52283e-16
12.64 0 1.11424e-16 -0.0013776 0.000314772 -0.0118472 -1.43754e-16
12.66 0 -4.70829e-17 -0.000659342 0.0002935 -0.00573461 1.09701e-16
12.68 0 -1.12698e-16 7.98464e-05 0.000263631 0.000556138 2.02291e-16
12.7 0 2.24805e-16 0.000813503 0.000227594 0.00679982 1.47154e-16
12.72 0 2.73514e-17 0.00150335 0.000188306 0.0126708 2.04285e-16
12.74 0 8.58605e-18 0.00211356 0.000148544 0.0178646 -1.76291e-16
12.76 0 4.21301e-18 0.00262571 0.000110253 0.0222261 -3.58045e-16
12.78 0 -1.6688e-17 0.00303707 7.38623e-05 0.025734 1.50516e-16
12.8 0 2.41738e-17 0.00335019 3.80155e-05 0.0284117 2.03201e-16
12.82 0 -2.93666e-18 0.00356733 4.36812e-07 0.0302758 1.21709e-16
12.84 0 -4.95311e-17 0.00369134 -4.03905e-05 0.0313446 -1.38702e-16
12.86 0 4.20947e-17 0.00372666 -8.40794e-05 0.0316498 -9.14736e-17
12.88 0 1.93891e-17 0.00364847 -0.00012862 0.0309843 5.53944e-17
12.9 0 -2.98818e-17 0.00341408 -0.000171844 0.0289896 3.35573e-17
12.92 0 2.22884e-17 0.00301873 -0.000211662 0.025625 -7.93053e-17
12.94 0 -5.83082e-17 0.00247504 -0.000245517 0.0209981 -6.85162e-17
12.96 0 4.87366e-17 0.00181705 -0.000270171 0.0153983 -1.89346e-17
12.98 0 3.28906e-17 0.00109805 -0.000282414 0.00927934 9.46173e-18
13 0 -1.35779e-16 0.000358057 -0.000280789 0.00298176 -1.42698e-16
13.02 0 8.2638e-17 -0.000373504 -0.000266107 -0.00324408 8.72254e-17
13.04 0 -3.81063e-17 -0.00107422 -0.000240263 -0.00920743 -1.80853e-17
13.06 0 4.1913e-17 -0.00171917 -0.000204824 -0.0146962 7.5732e-17
13.08 0 9.81821e-18 -0.00228491 -0.000161239 -0.0195112 -1.08923e-17
13.1 0 -5.88305e-18 -0.00275799 -0.000111987 -0.0235386 -2.92169e-16
13.12 0 -3.47451e-17 -0.00313972 -6.06427e-05 -0.0267908 -1.78128e-16
13.14 0 -1.78537e-18 -0.00344068 -1.03647e-05 -0.029359 9.68976e-17
13.16 0 -2.69955e-18 -0.00367214 3.7474e-05 -0.0313395 6.73018e-17
13.18 0 -4.31821e-18 -0.00384057 8.28708e-05 -0.0327857 -7.22956e-17
13.2 0 7.38274e-19 -0.00394718 0.00012551 -0.0337044 -8.08462e-17
13.22 0 1.67075e-17 -0.00399014 0.000163756 -0.0340755 4.68043e-17
13.24 0 -5.1987e-17 -0.0039486 0.000195358 -0.033722 -4.34558e-17
13.26 0 -8.99184e-18 -0.00376668 0.000219261 -0.0321738 -3.15276e-17
13.28 0 -1.61385e-17 -0.0034199 0.000235938 -0.0292226 2.61833e-18
13.3 0 3.30356e-17 -0.00291215 0.000246857 -0.0249015 3.10264e-17
13.32 0 2.0876e-16 -0.00226372 0.000253721 -0.0193831 9.70832e-17
13.34 0 1.3635e-17 -0.00151612 0.000257498 -0.0130208 1.03543e-16
13.36 0 4.04198e-18 -0.000700869 0.00025819 -0.00608268 -2.07156e-17
13.38 0 5.25645e-17 0.000147934 0.00025491 0.00114094 -7.09088e-17
13.4 0 -5.65359e-17 0.000986823 0.000246411 0.00828019 -4.06677e-16
13.42 0 -8.41656e-18 0.001761 0.000231946 0.014869 -5.72558e-18
13.44 0 8.36315e-17 0.00242462 0.00021194 0.0205185 4.25787e-16
13.46 0 4.85256e-17 0.00295739 0.000187409 0.0250595 2.32781e-16
13.48 0 3.42422e-17 0.00336345 0.000158423 0.028531 -3.93771e-17
13.5 0 2.57046e-17 0.00365725 0.00012333 0.0310565 3.4504e-16
13.52 0 5.47522e-17 0.00385256 8.01009e-05 0.032747 2.68792e-16
13.54 0 5.31138e-17 0.00395863 2.88668e-05 0.033671 1.72579e-16
13.56 0 -1.95837e-16 0.00398202 -2.69965e-05 0.0338755 -2.18435e-16
13.58 0 -1.97928e-17 0.00389867 -8.26951e-05 0.0331662 -3.54854e-17
13.6 0 9.30553e-18 0.00368392 -0.000135437 0.0313386 -4.03402e-18
13.62 0 2.68809e-17 0.00333666 -0.000184916 0.0283832 3.3944e-17
13.64 0 -2.62523e-17 0.00284591 -0.00023125 0.0242068 -3.4541e-17
13.66 0 -5.35565e-17 0.00221851 -0.000273142 0.0188674 -5.94865e-17
13.68 0 -7.66738e-17 0.00149126 -0.0003074 0.0126783 4.65354e-17
13.7 0 -3.21141e-17 0.000710444 -0.000330891 0.00603325 6.58099e-17
13.72 0 4.10619e-17 -7.68403e-05 -0.000342935 -0.000666806 3.43084e-16
13.74 0 4.27499e-17 -0.000831327 -0.000345647 -0.00708775 -5.29719e-17
13.76 0 -2.43593e-17 -0.00152503 -0.000341692 -0.0129914 -2.03046e-16
13.78 0 3.96803e-17 -0.0021428 -0.000332018 -0.0182492 3.82521e-16
13.8 0 -1.07015e-16 -0.00267879 -0.000316098 -0.022812 -9.21297e-16
13.82 0 2.30378e-17 -0.00313196 -0.000294 -0.0266731 -5.50457e-16
13.84 0 2.84355e-17 -0.00350397 -0.000267424 -0.0298499 9.10886e-16
13.86 0 2.56281e-17 -0.00380033 -0.000238425 -0.0323918 -6.8272e-16
13.88 0 -2.45505e-17 -0.00403102 -0.000207553 -0.0343842 -2.3975e-16
13.9 0 7.51236e-18 -0.00420742 -0.000173684 -0.0359214 3.2771e-17
13.92 0 -7.11917e-18 -0.00433664 -0.000135396 -0.0370588 6.23112e-17
13.94 0 -2.34886e-17 -0.00441764 -9.19298e-05 -0.0377784 1.08478e-16
13.96 0 4.47586e-17 -0.0044383 -4.29507e-05 -0.0379629 4.29322e-17
13.98 0 -2.2194e-16 -0.00432056 1.17701e-05 -0.0369609 -1.53272e-16
14 0 5.25458e-17 -0.00398805 7.24069e-05 -0.0341311 -8.93421e-17
14.02 0 2.70052e-18 -0.00347192 0.000136783 -0.0297387 -4.03393e-20
14.04 0 -4.87755e-17 -0.00283873 0.000199155 -0.02435 -3.73883e-17
14.06 0 -4.03389e-17 -0.00214836 0.000252399 -0.0184747 -7.04608e-17
14.08 0 1.36375e-17 -0.00143478 0.000291802 -0.0124019 1.85945e-16
14.1 0 -2.58735e-16 -0.000696285 0.000318084 -0.00611704 5.94432e-17
14.12 0 1.31207e-16 6.0616e-05 0.000335754 0.000324449 1.43191e-16
14.14 0 -1.58318e-16 0.000802033 0.00034856 0.0066342 5.20477e-16
14.16 0 -2.33588e-17 0.00147517 0.000356394 0.0123631 -1.4967e-16
14.18 0 4.45927e-17 0.00204129 0.000356629 0.017182 -3.6459e-16
14.2 0 -5.44093e-17 0.00249256 0.000347933 0.0210256 -2.18794e-17
14.22 0 -5.98869e-17 0.00284396 0.000332054 0.0240222 -3.20891e-16
14.24 0 5.97536e-17 0.00311327 0.000311213 0.0263236 1.18186e-15
14.26 0 -9.38047e-17 0.0033086 0.000284177 0.0279972 -6.26561e-16
14.28 0 -2.59842e-17 0.0034289 0.000246064 0.0290308 -2.55902e-16
14.3 0 -6.18196e-17 0.00347149 0.000192873 0.0293974 -4.17287e-17
14.32 0 -1.52549e-16 0.00342254 0.000126278 0.0289808 -2.74006e-16
14.34 0 -2.47724e-16 0.00325118 5.31119e-05 0.0275226 -2.23081e-16
14.36 0 -1.06987e-17 0.00295468 -1.98047e-05 0.0249992 -1.77588e-16
14.38 0 5.48475e-17 0.00253317 -8.95201e-05 0.021412 5.40046e-17
14.4 0 1.76298e-18 0.0019954 -0.000156443 0.0168354 -5.13929e-17
14.42 0 -5.46416e-17 0.00138258 -0.000220665 0.0116201 -9.11264e-17
14.44 0 9.33341e-17 0.000730213 -0.000279487 0.0060682 -2.14201e-17
14.46 0 -1.25556e-16 6.08034e-05 -0.000328698 0.000371292 -1.07818e-16
14.48 0 3.16796e-17 -0.000612632 -0.000365607 -0.00535988 2.47505e-16
14.5 0 2.71192e-16 -0.0012651 -0.000390545 -0.0109126 1.56353e-16
14.52 0 -3.21395e-17 -0.00185818 -0.000405333 -0.01596 -5.32586e-16
14.54 0 6.04371e-17 -0.00235695 -0.000410445 -0.020205 3.41033e-16
14.56 0 3.52098e-17 -0.00274749 -0.000403771 -0.0235296 1.96173e-16
14.58 0 -1.01139e-17 -0.00303515 -0.000382178 -0.0259796 -1.36855e-16
14.6 0 -6.14302e-17 -0.00323277 -0.000344261 -0.0276639 -1.69985e-16
14.62 0 -1.65085e-16 -0.0033521 -0.00029162 -0.0286818 -1.61662e-16
14.64 0 2.54821e-16 -0.00340067 -0.000227902 -0.0290964 1.77953e-16
14.66 0 -2.06546e-16 -0.00337638 -0.000156771 -0.0288897 -2.35528e-16
14.68 0 2.83456e-17 -0.00324361 -8.0292e-05 -0.0277598 -4.28935e-17
14.7 0 4.16129e-18 -0.00297308 7.84959e-07 -0.0254575 -1.85581e-16
14.72 0 1.38955e-17 -0.00255564 8.46981e-05 -0.0219049 1.23286e-17
14.74 0 -2.13372e-17 -0.00201595 0.00016728 -0.017312 2.43617e-17
14.76 0 -6.89471e-17 -0.0014203 0.000243239 -0.0122428 -2.81185e-17
14.78 0 -1.48743e-16 -0.000814763 0.000308448 -0.00708946 -6.79044e-17
14.8 0 1.26515e-16 -0.00020711 0.000361109 -0.00191812 2.97342e-16
14.82 0 2.60023e-17 0.000410796 0.000400917 0.00334048 8.49155e-16
14.84 0 3.56345e-16 0.00101964 0.00042736 0.00852197 -4.09251e-16
14.86 0 -5.67907e-16 0.001568 0.000438826 0.0131888 -4.24447e-16
14.88 0 -6.52837e-17 0.00200811 0.000433329 0.0169345 -3.26152e-16
14.9 0 2.18268e-16 0.00233131 0.000410383 0.0196856 -2.51333e-16
14.92 0 -3.23682e-16 0.00256567 0.000371931 0.0216809 -1.33738e-16
14.94 0 6.59827e-17 0.00274559 0.000320596 0.0232134 3.43986e-16
14.96 0 -3.37394e-16 0.00288418 0.00025733 0.0243942 -1.7638e-16
14.98 0 -9.08631e-17 0.00296937 0.000182006 0.0251204 2.58364e-17
15 0 3.39081e-19 0.0029797 9.66547e-05 0.0252085 5.46155e-16
15.02 0 4.86552e-17 0.00287484 7.19495e-06 0.0243161 -1.20801e-16
15.04 0 -1.17206e-16 0.00262706 -7.91946e-05 0.0222074 -6.06506e-17
15.06 0 -2.24483e-17 0.00225569 -0.000158466 0.019047 -8.7531e-19
15.08 0 9.07365e-17 0.00178251 -0.000230961 0.01502 -1.71598e-17
15.1 0 -7.39742e-18 0.00122916 -0.000298503 0.0103108 1.36166e-16
15.12 0 6.26792e-17 0.000623661 -0.000360251 0.0051578 1.1466e-16
15.14 0 9.00257e-17 -9.06632e-06 -0.000411797 -0.000226933 1.56994e-16
15.16 0 3.83758e-16 -0.000641469 -0.000448395 -0.0056089 1.05296e-16
15.18 0 -1.34975e-16 -0.00124543 -0.000468261 -0.0107489 5.88589e-16
15.2 0 -3.30703e-16 -0.00179213 -0.000472516 -0.0154014 -2.78912e-16
15.22 0 2.1321e-16 -0.00225994 -0.000461972 -0.0193828 -1.03221e-18
15.24 0 -2.1976e-17 -0.00264131 -0.000434777 -0.0226287 4.08852e-16
15.26 0 -2.98373e-17 -0.00294149 -0.000388141 -0.0251843 -5.76868e-16
15.28 0 -3.60882e-19 -0.00317052 -0.000322187 -0.0271349 -3.02192e-16
15.3 0 2.64448e-17 -0.0033364 -0.000240937 -0.0285486 5.4941e-17
15.32 0 -9.86462e-17 -0.003441 -0.000149764 -0.0294406 1.25591e-16
15.34 0 -4.6408e-17 -0.0034793 -5.2797e-05 -0.0297674 -1.44516e-16
15.36 0 2.37621e-17 -0.0034306 4.70067e-05 -0.0293529 2.37643e-17
15.38 0 5.46855e-17 -0.00325167 0.000146158 -0.0278302 -5.08994e-17
15.4 0 1.05646e-17 -0.00293815 0.000240616 -0.025162 2.16764e-18
15.42 0 -4.59677e-17 -0.00251569 0.000326842 -0.0215668 3.48545e-16
15.44 0 -1.10817e-20 -0.00201515 0.000402405 -0.017307 3.47092e-16
15.46 0 8.04696e-17 -0.00147282 0.000465324 -0.0126915 2.15982e-16
15.48 0 4.90888e-16 -0.000905353 0.000513249 -0.00786222 4.73443e-16
15.5 0 -4.03785e-16 -0.000322307 0.000544058 -0.0029003 -2.55568e-16
15.52 0 -4.50799e-16 0.000266386 0.000556731 0.00210969 9.09715e-17
15.54 0 -1.84246e-16 0.000839359 0.000551199 0.0069859 2.22507e-16
15.56 0 -3.42615e-16 0.00136777 0.000527045 0.0114829 -3.60751e-16
15.58 0 3.37546e-16 0.00182524 0.000483363 0.0153762 5.16381e-16
15.6 0 2.23836e-18 0.00219837 0.000420248 0.0185522 5.60836e-16
15.62 0 5.57465e-18 0.00248945 0.000339669 0.0210303 -4.10137e-16
15.64 0 5.90422e-18 0.00270973 0.000245052 0.0229064 4.58034e-16
15.66 0 8.12164e-17 0.00286807 0.000141213 0.0242555 4.93757e-17
15.68 0 -6.99304e-17 0.00296462 3.41957e-05 0.0250786 -1.85728e-16
15.7 0 5.53139e-17 0.00299346 -7.01249e-05 0.0253245 -6.06467e-18
15.72 0 2.77171e-17 0.00294004 -0.000167585 0.0248699 -2.32103e-17
15.74 0 -1.33959e-16 0.00278757 -0.000255892 0.0235723 -3.59995e-17
15.76 0 -9.53413e-17 0.00254531 -0.000333336 0.0215106 -2.87143e-16
15.78 0 1.48813e-16 0.00222212 -0.000397205 0.0187601 2.467e-16
15.8 0 2.43501e-17 0.00182353 -0.000443904 0.015368 -7.67027e-17
15.82 0 -1.45242e-16 0.00136973 -0.000470786 0.011506 -2.6409e-17
15.84 0 3.8075e-16 0.000879872 -0.000477555 0.00733714 4.09146e-16
15.86 0 3.19581e-16 0.000370205 -0.000466073 0.00299969 3.70979e-16
15.88 0 1.51221e-16 -0.000148124 -0.000438384 -0.00141147 2.36147e-16
15.9 0 1.6618e-16 -0.000659156 -0.000395199 -0.00576052 7.66379e-16
15.92 0 -1.51163e-16 -0.00113883 -0.000336703 -0.00984276 -1.94632e-18
15.94 0 -2.07404e-16 -0.00156316 -0.000264497 -0.0134539 -2.76034e-16
15.96 0 -1.56139e-17 -0.00192011 -0.000182563 -0.0164917 2.52106e-16
15.98 0 -6.67853e-17 -0.00221113 -9.66666e-05 -0.0189685 3.48175e-17
16 0 -5.64507e-17 -0.00244331 -1.25613e-05 -0.0209446 -4.95659e-18
16.02 0 -8.74789e-18 -0.00262088 6.61905e-05 -0.022456 -3.06015e-17
16.04 0 5.59887e-18 -0.00274247 0.000139148 -0.023491 -3.00722e-17
16.06 0 -1.07459e-18 -0.00280398 0.000207495 -0.0240146 -1.06898e-16
16.08 0 -2.36096e-16 -0.00280162 0.000271051 -0.0239946 -2.51532e-16
16.1 0 -7.78308e-17 -0.00271338 0.000326635 -0.0232436 -3.98022e-16
16.12 0 2.1307e-16 -0.00251991 0.000369681 -0.0215971 2.74587e-16
16.14 0 2.25955e-16 -0.00222636 0.000397257 -0.0190989 1.21799e-16
16.16 0 -2.05968e-16 -0.00184837 0.000409338 -0.015882 -2.37104e-16
16.18 0 5.13913e-17 -0.00141163 0.000407401 -0.0121652 5.4797e-17
16.2 0 -8.72392e-17 -0.000936273 0.00039165 -0.00811978 -1.74515e-16
16.22 0 1.26288e-16 -0.00043157 0.000360228 -0.00382458 1.78811e-16
16.24 0 -1.38023e-16 9.03648e-05 0.000311606 0.000617261 -1.4141e-16
16.26 0 -2.3126e-16 0.000604369 0.000247274 0.00499162 1.19036e-16
16.28 0 1.7462e-16 0.00107565 0.000171918 0.00900241 3.48306e-16
16.3 0 3.33131e-17 0.0014753 9.11171e-05 0.0124035 7.57379e-17
16.32 0 -1.54435e-17 0.00179307 8.96185e-06 0.0151079 4.85927e-17
16.34 0 1.03556e-17 0.00203721 -7.24014e-05 0.0171858 -6.53087e-18
16.36 0 -2.84646e-17 0.00222178 -0.000151484 0.0187566 -2.73174e-17
16.38 0 1.61472e-16 0.00235283 -0.000226107 0.019872 1.24481e-16
16.4 0 -1.01621e-16 0.00242463 -0.000293185 0.0204832 2.63503e-16
16.42 0 -1.42327e-17 0.0024271 -0.000349496 0.0205042 -1.09589e-16
16.44 0 -4.21274e-17 0.00234108 -0.000392571 0.0197722 8.04298e-17
16.46 0 1.6527e-16 0.00216068 -0.000421057 0.0182369 3.1112e-16
16.48 0 -3.23222e-17 0.00190446 -0.00043431 0.0160564 7.02993e-17
16.5 0 6.17502e-17 0.00158725 -0.000432083 0.0133568 5.91282e-17
16.52 0 -6.16158e-17 0.00121887 -0.000414409 0.0102217 1.01124e-16
16.54 0 1.22264e-16 0.000806022 -0.000381459 0.00670828 2.7325e-16
16.56 0 1.99877e-16 0.000357013 -0.000333948 0.00288705 -8.84943e-17
16.58 0 9.51655e-17 -0.000110629 -0.000273631 -0.00109275 -3.10226e-16
16.6 0 -1.49942e-17 -0.000575717 -0.000203302 -0.00505081 2.6613e-17
16.62 0 8.2465e-17 -0.00102109 -0.000126258 -0.0088411 8.79831e-17
16.64 0 -1.17827e-17 -0.0014353 -4.58607e-05 -0.0123662 1.50214e-17
16.66 0 9.38216e-18 -0.00180774 3.45651e-05 -0.0155358 -3.12144e-17
16.68 0 2.40678e-17 -0.00212675 0.000111833 -0.0182507 -8.74718e-17
16.7 0 9.5313e-17 -0.00238329 0.000183233 -0.0204339 -7.24921e-18
16.72 0 -7.59099e-17 -0.00257432 0.000246826 -0.0220597 -1.5893e-16
16.74 0 1.78063e-17 -0.00270028 0.000301317 -0.0231319 4.32997e-16
16.76 0 4.60658e-17 -0.00275915 0.00034558 -0.0236329 -2.73618e-16
16.78 0 -7.73476e-17 -0.00274088 0.000378323 -0.0234775 2.02141e-16
16.8 0 2.12574e-16 -0.00261984 0.000398256 -0.0224474 3.15099e-16
16.82 0 -1.26235e-16 -0.00239541 0.000404565 -0.0205374 1.04113e-16
16.84 0 2.03279e-16 -0.00208878 0.00039712 -0.0179279 -9.01953e-17
16.86 0 -9.94902e-17 -0.00171812 0.000376261 -0.0147734 1.0676e-16
16.88 0 -1.23537e-16 -0.00129705 0.000342377 -0.01119 -5.0421e-16
16.9 0 2.1031e-16 -0.000829855 0.000296073 -0.00721396 6.87906e-18
16.92 0 5.89053e-17 -0.000332782 0.000238685 -0.00298369 5.64965e-18
16.94 0 -1.56366e-16 0.000163151 0.00017229 0.00123688 -5.24393e-18
16.96 0 7.308e-18 0.000624224 9.93841e-05 0.00516077 -8.92721e-17
16.98 0 -4.66137e-17 0.00103255 2.25222e-05 0.00863576 -2.73465e-17
17 0 -2.01365e-18 0.00138726 -5.57392e-05 0.0116545 -3.52574e-17
17.02 0 1.73042e-18 0.00169111 -0.000132675 0.0142404 3.53372e-17
17.04 0 -1.26088e-17 0.00193933 -0.000205302 0.0163528 -3.67171e-18
17.06 0 -2.58313e-17 0.00212318 -0.0002706 0.0179176 3.87982e-17
17.08 0 -2.59748e-17 0.00224071 -0.000325943 0.0189178 1.45187e-16
17.1 0 -1.83567e-16 0.00230057 -0.000369343 0.0194274 6.61988e-17
17.12 0 9.53588e-17 0.00231477 -0.000399355 0.0195483 1.76388e-16
17.14 0 -8.79108e-17 0.00228312 -0.000414859 0.0192789 -6.55183e-17
17.16 0 -1.03972e-16 0.0021905 -0.000415106 0.0184906 -5.40023e-16
17.18 0 1.81101e-16 0.00202373 -0.000399816 0.0170714 1.61141e-16
17.2 0 1.43352e-16 0.00178045 -0.000369363 0.015001 -3.44973e-16
17.22 0 6.67123e-17 0.00147387 -0.000325103 0.0123919 6.36705e-17
17.24 0 1.4381e-16 0.00112469 -0.000269321 0.00942025 3.62882e-17
17.26 0 4.02832e-17 0.000745192 -0.00020456 0.00619058 2.08218e-16
17.28 0 -1.36256e-17 0.000339029 -0.000132957 0.00273399 -2.65722e-17
17.3 0 7.33743e-18 -8.8895e-05 -5.64978e-05 -0.000907796 1.51023e-18
17.32 0 -1.54963e-17 -0.000521751 2.20678e-05 -0.00459155 6.01292e-17
17.34 0 3.91035e-17 -0.00093327 9.87877e-05 -0.00809372 -2.81651e-17
17.36 0 9.76912e-18 -0.00130039 0.000169361 -0.0112181 -3.27316e-17
17.38 0 1.62168e-16 -0.00161318 0.000230707 -0.01388 3.26804e-16
17.4 0 -1.79944e-16 -0.001872 0.000281784 -0.0160826 -1.55184e-16
17.42 0 1.20979e-16 -0.00207679 0.000322812 -0.0178255 6.39412e-20
17.44 0 3.2308e-17 -0.00222098 0.000353671 -0.0190526 -8.54417e-17
17.46 0 1.11203e-16 -0.00229582 0.000373106 -0.0196896 2.15255e-16
17.48 0 1.28136e-16 -0.00229886 0.000379472 -0.0197154 4.07133e-16
17.5 0 -2.86928e-17 -0.00222724 0.000372053 -0.0191059 -3.19615e-16
17.52 0 -1.188e-16 -0.00208253 0.000351434 -0.0178744 9.35786e-17
17.54 0 1.65743e-17 -0.00187051 0.000318829 -0.01607 -1.48967e-17
17.56 0 1.20077e-16 -0.00159082 0.000275256 -0.0136897 3.31446e-16
17.58 0 -2.74527e-17 -0.00125046 0.000221065 -0.0107931 -8.77167e-17
17.6 0 1.52531e-16 -0.000868087 0.000156468 -0.00753903 4.03879e-17
17.62 0 1.34866e-18 -0.000467439 8.28171e-05 -0.00412939 5.1437e-17
17.64 0 -1.93636e-18 -6.98949e-05 3.31076e-06 -0.000746144 -1.71271e-17
17.66 0 1.6272e-17 0.000311141 -7.77037e-05 0.00249661 3.18825e-18
17.68 0 7.31964e-18 0.000668434 -0.000156225 0.00553729 7.83926e-17
17.7 0 -6.53705e-17 0.000995972 -0.000229491 0.00832476 -2.26421e-16
17.72 0 9.21536e-17 0.00128543 -0.000295637 0.0107881 7.16519e-17
17.74 0 5.1856e-17 0.00152695 -0.000352802 0.0128436 2.06077e-16
17.76 0 9.9219e-18 0.00171237 -0.000398746 0.0144215 3.88498e-16
17.78 0 7.24928e-18 0.00183788 -0.000431249 0.0154897 1.37048e-16
17.8 0 2.26991e-16 0.00190441 -0.000448712 0.0160559 3.81125e-16
17.82 0 -1.07746e-16 0.00191509 -0.000450364 0.0161468 5.07567e-17
17.84 0 3.11584e-17 0.00186474 -0.000435742 0.0157183 -5.11833e-16
17.86 0 1.94045e-16 0.00174182 -0.000404326 0.0146722 3.89071e-16
17.88 0 -1.25452e-16 0.00154161 -0.000356424 0.0129684 -2.40232e-16
17.9 0 3.24039e-17 0.00126863 -0.000293888 0.0106452 -1.83125e-16
17.92 0 -8.17156e-17 0.000940259 -0.000219425 0.00785065 -1.16209e-16
17.94 0 -4.82451e-17 0.000580129 -0.000135571 0.00478582 3.15514e-17
17.96 0 1.70035e-17 0.000206362 -4.46574e-05 0.00160493 3.89968e-17
17.98 0 1.13591e-18 -0.000169224 5.01963e-05 -0.00159144 2.94783e-17
18 0 -7.50322e-18 -0.000537048 0.000144392 -0.00472175 -1.4273e-16
18.02 0 1.08939e-18 -0.00088523 0.000232618 -0.0076849 -2.00825e-16
18.04 0 3.9239e-16 -0.00120087 0.000310634 -0.0103711 2.68498e-16
18.06 0 1.96501e-16 -0.0014744 0.000376403 -0.0126989 3.89175e-16
18.08 0 1.38356e-17 -0.00170215 0.000429517 -0.0146372 -9.27203e-18
18.1 0 -6.40245e-17 -0.0018841 0.000469662 -0.0161857 1.40143e-16
18.12 0 -3.98019e-16 -0.0020197 0.000495743 -0.0173396 2.18949e-16
18.14 0 -1.06408e-16 -0.00210619 0.00050636 -0.0180757 8.93157e-16
18.16 0 -1.51652e-16 -0.00214045 0.000500756 -0.0183673 1.88261e-16
18.18 0 -4.62283e-16 -0.00211751 0.000478936 -0.018172 -3.0101e-16
18.2 0 3.73999e-16 -0.00202805 0.00044131 -0.0174107 -4.17e-17
18.22 0 6.91004e-17 -0.00186823 0.00038891 -0.0160506 2.69827e-17
18.24 0 -1.39896e-16 -0.00163868 0.000323394 -0.014097 -8.40021e-17
18.26 0 1.4936e-16 -0.00134477 0.0002465 -0.0115957 -8.79834e-19
18.28 0 6.42829e-18 -0.000999808 0.000160115 -0.00866 -3.57397e-17
18.3 0 -3.68102e-17 -0.000619238 6.7029e-05 -0.00542122 -4.3637e-17
18.32 0 2.62178e-18 -0.000218631 -2.8665e-05 -0.00201192 -1.58059e-17
18.34 0 2.67186e-18 0.000188559 -0.000122327 0.00145341 2.38099e-16
18.36 0 1.27054e-17 0.000589056 -0.000210136 0.00486178 -2.37627e-16
18.38 0 -1.87618e-16 0.000968002 -0.000289777 0.00808674 -1.2784e-16
18.4 0 -1.79305e-16 0.00130968 -0.000359915 0.0109945 -3.50088e-17
18.42 0 -1.28131e-16 0.00160147 -0.000419224 0.0134778 -8.6298e-17
18.44 0 6.31436e-17 0.0018367 -0.000466018 0.0154797 1.37062e-16
18.46 0 -1.45899e-16 0.00201327 -0.00049871 0.0169824 -1.56003e-16
18.48 0 5.51976e-16 0.0021298 -0.000516419 0.0179741 3.97609e-16
18.5 0 1.89069e-16 0.00218383 -0.000519041 0.0184339 6.83861e-16
18.52 0 9.96879e-17 0.00217099 -0.000506498 0.0183247 -1.02983e-16
18.54 0 1.37598e-16 0.0020808 -0.000477903 0.0175571 5.8573e-16
18.56 0 9.26377e-18 0.00191326 -0.000432483 0.0161313 -2.28982e-17
18.58 0 -2.04145e-16 0.00167613 -0.000371519 0.0141133 -4.06672e-16
18.6 0 -3.46745e-17 0.00137774 -0.000298245 0.0115739 -2.79012e-16
18.62 0 -2.91553e-17 0.00103049 -0.000216036 0.00861856 -2.3156e-16
18.64 0 1.60234e-18 0.000645492 -0.00012741 0.00534214 -1.64835e-17
18.66 0 -2.00778e-17 0.000236925 -3.47711e-05 0.00186509 2.3289e-17
18.68 0 1.24403e-18 -0.000178613 5.83059e-05 -0.00167129 1.33481e-16
18.7 0 -1.03246e-17 -0.000583839 0.000147088 -0.0051199 3.31796e-16
18.72 0 2.73028e-16 -0.000964766 0.000227139 -0.00836172 1.56398e-16
18.74 0 -8.94256e-17 -0.00131106 0.000295717 -0.0113088 -7.55279e-17
18.76 0 -1.92103e-16 -0.00161402 0.000351793 -0.0138871 5.89438e-17
18.78 0 2.56249e-16 -0.00186543 0.000394937 -0.0160267 1.61119e-16
18.8 0 -3.96913e-16 -0.0020593 0.000424361 -0.0176766 -3.34357e-16
18.82 0 2.09909e-16 -0.00219407 0.000438958 -0.0188236 1.7637e-16
18.84 0 4.09746e-16 -0.00227209 0.000438015 -0.0194875 -1.53884e-16
18.86 0 7.00222e-17 -0.00229608 0.000421596 -0.0196917 -1.39518e-16
18.88 0 -1.82704e-16 -0.0022595 0.000390338 -0.0193804 -3.09564e-16
18.9 0 2.94573e-16 -0.00214855 0.000345435 -0.0184362 2.28318e-16
18.92 0 1.1874e-16 -0.00195886 0.000288851 -0.0168218 5.55907e-16
18.94 0 1.27588e-17 -0.00169498 0.000222889 -0.0145761 2.26803e-16
18.96 0 -5.23436e-17 -0.00137006 0.000149628 -0.0118109 -9.73389e-17
18.98 0 2.51458e-17 -0.00100207 7.11339e-05 -0.00867924 2.56412e-17
19 0 -2.11747e-17 -0.000605408 -9.82176e-06 -0.00530349 1.16267e-16
19.02 0 2.20843e-17 -0.000193382 -8.95129e-05 -0.00179701 -9.86927e-17
19.04 0 3.41353e-17 0.00021923 -0.000164112 0.00171447 2.3793e-17
19.06 0 -8.27933e-17 0.000615089 -0.000230944 0.00508336 -3.67888e-16
19.08 0 -1.10533e-16 0.00097784 -0.000288881 0.0081705 1.99244e-17
19.1 0 -4.21213e-17 0.00129549 -0.000337471 0.0108738 5.74983e-18
19.12 0 8.07965e-18 0.00156121 -0.000375761 0.0131352 2.81607e-16
19.14 0 2.14231e-16 0.00177154 -0.000402082 0.0149252 3.20172e-16
19.16 0 -1.45197e-16 0.0019245 -0.000414987 0.016227 1.62185e-16
19.18 0 -1.11849e-16 0.00201886 -0.000414243 0.01703 -8.67745e-17
19.2 0 -1.61407e-16 0.00205395 -0.000400616 0.0173287 -2.60256e-16
19.22 0 -1.56792e-16 0.00202506 -0.000374717 0.0170828 -2.33697e-16
19.24 0 6.2811e-18 0.00192328 -0.000336507 0.0162166 -4.86024e-17
19.26 0 -9.96733e-17 0.00175016 -0.000286131 0.0147433 -2.8123e-16
19.28 0 3.73549e-17 0.00151494 -0.000224912 0.0127415 -8.75034e-17
19.3 0 2.85694e-17 0.0012302 -0.000155437 0.0103182 8.02855e-17
19.32 0 1.82912e-17 0.00091047 -8.09343e-05 0.00759721 -2.21307e-18
19.34 0 2.85271e-17 0.000566468 -4.59791e-06 0.00466964 2.8301e-17
19.36 0 -1.16514e-16 0.000208648 7.06245e-05 0.00162446 -1.13193e-16
19.38 0 3.45885e-17 -0.000151469 0.000141844 -0.00144026 -1.90048e-17
19.4 0 5.08187e-17 -0.000501377 0.000206094 -0.0044181 2.29857e-16
19.42 0 -7.79917e-17 -0.000830209 0.000260589 -0.00721657 5.37654e-17
19.44 0 7.32832e-17 -0.00112924 0.000303259 -0.00976147 -9.23716e-18
19.46 0 -4.22893e-17 -0.00139094 0.000333031 -0.0119886 -1.15421e-16
19.48 0 7.56742e-17 -0.00160863 0.000349629 -0.0138412 -6.66256e-18
19.5 0 -7.97798e-18 -0.00177778 0.000353135 -0.0152807 -1.85253e-16
19.52 0 -1.6268e-16 -0.00189638 0.000343653 -0.01629 -1.10423e-16
19.54 0 -1.5222e-16 -0.00196334 0.000321221 -0.0168599 2.8406e-16
19.56 0 2.86355e-17 -0.00197696 0.000286238 -0.0169758 1.95147e-16
19.58 0 -8.47093e-17 -0.00193002 0.00024006 -0.0165763 -1.16941e-16
19.6 0 -9.79766e-18 -0.00181597 0.000184881 -0.0156058 -1.77236e-16
19.62 0 1.29769e-17 -0.00163829 0.000123163 -0.0140936 8.24214e-17
19.64 0 -2.01533e-18 -0.00140436 5.73627e-05 -0.0121028 -1.83899e-17
19.66 0 1.01411e-17 -0.00112533 -9.86815e-06 -0.00972813 -3.66594e-17
19.68 0 1.0389e-17 -0.000814049 -7.55356e-05 -0.00707905 1.04233e-17
19.7 0 2.09144e-17 -0.000480922 -0.000136671 -0.00424403 -2.1967e-16
19.72 0 4.00652e-17 -0.000136005 -0.000190845 -0.00130866 -5.7847e-18
19.74 0 4.1167e-17 0.000209194 -0.000236339 0.0016291 2.31121e-17
19.76 0 1.33683e-16 0.000540838 -0.000271962 0.00445151 2.82124e-16
19.78 0 -2.3758e-16 0.000845306 -0.000296907 0.00704264 -5.04607e-16
19.8 0 -1.18626e-16 0.00111221 -0.000310759 0.00931407 -2.6928e-17
19.82 0 5.83601e-17 0.00133552 -0.000313477 0.0112145 1.85806e-17
19.84 0 1.03059e-16 0.00151201 -0.000305167 0.0127165 1.74237e-16
19.86 0 -8.91772e-17 0.00163897 -0.000285806 0.013797 4.92345e-18
19.88 0 8.69612e-18 0.00171353 -0.000255472 0.0144315 1.22686e-17
19.9 0 -4.66399e-17 0.00173375 -0.000214965 0.0146036 -4.35329e-17
19.92 0 5.50845e-17 0.00169576 -0.000165988 0.0142803 2.99616e-17
19.94 0 -1.52154e-18 0.00159585 -0.000110746 0.01343 -4.96854e-17
19.96 0 -4.16898e-17 0.00143701 -5.15162e-05 0.0120783 8.72904e-18
19.98 0 1.4462e-17 0.00122453 9.52566e-06 0.01027 4.10887e-17
20 0 -2.21844e-17 0.00096615 7.02369e-05 0.00807107 1.29098e-16
20.02 0 -5.45961e-17 0.000671975 0.000128441 0.00556753 -5.51368e-19
20.04 0 8.09829e-17 0.000351466 0.00018203 0.0028399 3.1214e-17
20.06 0 -9.34716e-17 1.59085e-05 0.000229125 -1.5817e-05 -1.53002e-16
20.08 0 -1.19776e-17 -0.000320752 0.0002682 -0.00288092 2.22589e-16
20.1 0 5.64393e-17 -0.000643034 0.000298086 -0.00562364 -1.32521e-16
20.12 0 -1.4573e-17 -0.000937961 0.000317894 -0.00813358 -1.16858e-16
20.14 0 -1.65181e-16 -0.00119755 0.00032689 -0.0103428 -9.81543e-17
20.16 0 1.98575e-16 -0.00141763 0.000324404 -0.0122157 2.28148e-16
20.18 0 -1.68075e-17 -0.00159447 0.000309824 -0.0137207 -2.04457e-16
20.2 0 -2.36609e-16 -0.00172377 0.000282951 -0.0148211 -3.97221e-17
20.22 0 1.22821e-16 -0.00180266 0.000244524 -0.0154925 2.11526e-16
20.24 0 -3.40681e-17 -0.00183124 0.000196284 -0.0157357 -4.23547e-17
20.26 0 3.55462e-17 -0.0018088 0.000140501 -0.0155447 -3.42124e-17
20.28 0 -1.30398e-17 -0.00173166 7.95628e-05 -0.0148883 1.2215e-17
20.3 0 2.56297e-17 -0.00159918 1.59151e-05 -0.0137608 -2.29964e-17
20.32 0 -1.42458e-17 -0.00141365 -4.79368e-05 -0.0121818 -7.50534e-17
20.34 0 -8.18869e-17 -0.00118114 -0.00010953 -0.0102032 -7.25314e-17
20.36 0 8.89565e-17 -0.000910661 -0.000166566 -0.00790125 7.39648e-17
20.38 0 1.36665e-18 -0.000609529 -0.000217006 -0.00533851 -1.94705e-16
20.4 0 -1.4842e-16 -0.000285589 -0.000259192 -0.00258167 -1.11622e-16
20.42 0 1.40572e-16 5.02488e-05 -0.000292021 0.000276429 2.53086e-16
20.44 0 7.07403e-17 0.000383709 -0.000314975 0.00311429 1.31851e-16
20.46 0 -8.72088e-17 0.000701171 -0.000327889 0.00581601 -1.2141e-16
20.48 0 -1.44572e-16 0.000992837 -0.000330657 0.00829818 9.33676e-17
20.5 0 -2.59089e-17 0.00125188 -0.000323068 0.0105027 3.76034e-16
20.52 0 -8.348e-17 0.00147127 -0.000304937 0.0123698 4.33854e-16
20.54 0 -6.37103e-17 0.00164298 -0.000276605 0.0138311 -1.93025e-16
20.56 0 -3.80926e-17 0.00176069 -0.000239337 0.0148329 1.98163e-17
20.58 0 4.66602e-17 0.00182255 -0.000195041 0.0153593 6.4116e-17
20.6 0 -1.13178e-17 0.00183081 -0.00014564 0.0154296 -2.63462e-17
20.62 0 1.26127e-18 0.00178309 -9.26718e-05 0.0150235 -8.6465e-18
20.64 0 3.92857e-17 0.00167804 -3.7464e-05 0.0141295 3.44914e-17
20.66 0 5.13461e-18 0.00151657 1.85465e-05 0.0127553 4.40897e-18
20.68 0 5.83459e-17 0.00130147 7.37053e-05 0.0109248 2.08354e-16
20.7 0 4.27428e-17 0.00104314 0.000126225 0.00872632 -5.9448e-17
20.72 0 3.79222e-18 0.00075374 0.000174418 0.00626339 1.09622e-16
20.74 0 8.19352e-17 0.000444066 0.000216851 0.00362796 2.82379e-17
20.76 0 -2.86639e-17 0.000122313 0.000252346 0.00088973 2.65684e-16
20.78 0 1.88407e-16 -0.000203108 0.000279813 -0.00187972 1.09724e-16
20.8 0 9.40437e-17 -0.000521751 0.000298131 -0.00459148 5.91137e-16
20.82 0 4.65713e-17 -0.000821939 0.000306299 -0.00714618 1.70321e-17
20.84 0 1.91431e-17 -0.00109352 0.00030379 -0.00945744 -9.99572e-17
20.86 0 -1.58293e-16 -0.00132956 0.000290693 -0.0114662 -8.4342e-17
20.88 0 -1.25653e-16 -0.00152593 0.00026755 -0.0131374 -4.11906e-16
20.9 0 3.83259e-17 -0.00168011 0.000235187 -0.0144495 1.13366e-16
20.92 0 4.43647e-17 -0.00179049 0.000194719 -0.0153889 -2.95686e-16
20.94 0 -1.05083e-16 -0.00185612 0.000147605 -0.0159475 -1.51226e-16
20.96 0 -9.96938e-19 -0.00187643 9.56734e-05 -0.0161203 1.18463e-16
20.98 0 9.40943e-18 -0.00184732 4.10233e-05 -0.0158726 6.78525e-18
21 0 3.78602e-17 -0.00176424 -1.41549e-05 -0.0151655 -1.80079e-17
21.02 0 7.80064e-17 -0.00162893 -6.77903e-05 -0.014014 1.52124e-17
21.04 0 -9.52848e-17 -0.00144668 -0.000118036 -0.012463 4.03575e-17
21.06 0 1.55821e-16 -0.00122616 -0.000163167 -0.0105863 -3.9877e-17
21.08 0 -1.19624e-16 -0.00097682 -0.00020153 -0.00846428 -3.09613e-16
21.1 0 -2.52235e-16 -0.00070514 -0.000231664 -0.00615219 -1.83381e-16
21.12 0 3.16496e-17 -0.000417274 -0.000252522 -0.00370234 -2.1761e-16
21.14 0 4.37926e-17 -0.000122109 -0.000263565 -0.00119039 2.82391e-16
21.16 0 -2.0052e-16 0.000167734 -0.000264657 0.00127628 1.33485e-16
21.18 0 -1.51115e-16 0.000439406 -0.000255829 0.00358829 1.9745e-16
21.2 0 -1.56404e-16 0.000683834 -0.000237116 0.00566846 -8.9897e-18
21.22 0 6.07416e-17 0.000896769 -0.000208725 0.00748062 1.47785e-16
21.24 0 -1.82537e-17 0.00107647 -0.000171441 0.00900995 3.90587e-17
21.26 0 1.04991e-17 0.00122094 -0.000126786 0.0102395 3.24474e-17
21.28 0 5.56185e-18 0.00132721 -7.6757e-05 0.0111438 -5.4508e-17
21.3 0 3.10483e-17 0.00139258 -2.34107e-05 0.0117001 -2.80379e-17
21.32 0 -3.55263e-17 0.00141597 3.14055e-05 0.0118992 7.94876e-17
21.34 0 6.50764e-18 0.0013964 8.60159e-05 0.0117327 -1.5286e-16
21.36 0 5.40986e-17 0.00133377 0.000138658 0.0111996 -2.2938e-16
21.38 0 -1.08731e-16 0.00123177 0.000187343 0.0103316 -2.91012e-16
21.4 0 -2.26732e-16 0.0010951 0.000230033 0.00916852 -2.36047e-16
21.42 0 -1.43873e-16 0.000928925 0.000265016 0.00775427 -1.14279e-16
21.44 0 -1.51592e-16 0.000738561 0.000291196 0.00613421 -1.06765e-16
21.46 0 -2.74284e-16 0.000528488 0.000308054 0.00434642 2.22072e-16
21.48 0 3.60693e-16 0.0003044 0.000315306 0.00243935 8.05301e-16
21.5 0 8.85556e-17 7.38405e-05 0.000312495 0.000477209 3.72923e-16
21.52 0 -5.62257e-17 -0.000154739 0.000298796 -0.00146808 -3.12042e-17
21.54 0 2.452e-16 -0.000374151 0.000273425 -0.00333535 4.25999e-16
21.56 0 -6.10972e-17 -0.000579254 0.000236511 -0.00508085 -2.46695e-16
21.58 0 7.6912e-17 -0.000765581 0.000189593 -0.00666656 -5.58234e-17
21.6 0 -2.43062e-17 -0.000927424 0.000135199 -0.0080439 -1.77611e-16
21.62 0 2.37553e-17 -0.00105809 7.59316e-05 -0.00915592 3.92892e-17
21.64 0 8.09718e-18 -0.00115235 1.38275e-05 -0.00995807 -4.58884e-18
21.66 0 -3.22406e-17 -0.00120847 -4.95071e-05 -0.0104357 -8.86175e-17
21.68 0 3.84361e-17 -0.00122781 -0.000112238 -0.0106003 1.07265e-16
21.7 0 1.76101e-16 -0.00121192 -0.000171863 -0.0104651 -1.30514e-16
21.72 0 2.07982e-16 -0.00116206 -0.00022552 -0.0100407 3.48194e-17
21.74 0 -1.49005e-16 -0.00108086 -0.000270852 -0.00934973 8.43018e-17
21.76 0 -1.49384e-16 -0.000971784 -0.000306663 -0.00842142 -1.34927e-16
21.78 0 -1.80092e-16 -0.00083964 -0.0003328 -0.00729683 -4.03049e-16
21.8 0 -1.18849e-16 -0.000691123 -0.000349419 -0.0060329 -4.76271e-16
21.82 0 -4.98771e-17 -0.000534327 -0.000356314 -0.00469851 -2.66063e-16
21.84 0 -1.47526e-16 -0.000378209 -0.000352802 -0.00336989 3.77889e-17
21.86 0 9.54885e-18 -0.000230671 -0.000338091 -0.00211429 -1.27763e-16
21.88 0 -1.79695e-16 -9.70037e-05 -0.000311906 -0.000976735 -2.04335e-18
21.9 0 1.80653e-16 2.04974e-05 -0.000275051 2.32409e-05 -1.19103e-16
21.92 0 1.27369e-17 0.000120844 -0.000229322 0.000877223 -7.56663e-17
21.94 0 3.37269e-17 0.000202123 -0.000176792 0.00156894 -1.07569e-17
21.96 0 2.15201e-17 0.000261271 -0.00011918 0.00207231 7.53128e-17
21.98 0 -3.81639e-17 0.000296258 -5.77579e-05 0.00237006 -1.9144e-17
22 0 2.78649e-17 0.00030809 6.17094e-06 0.00247075 -1.8866e-17
22.02 0 2.43547e-17 0.00030005 7.0667e-05 0.00240233 5.56245e-17
22.04 0 5.0289e-17 0.000275397 0.000132989 0.00219252 -3.43283e-16
22.06 0 5.4656e-17 0.000235852 0.000190087 0.00185599 3.14655e-17
22.08 0 4.53905e-17 0.000182034 0.000239431 0.00139797 -3.99634e-17
22.1 0 3.51198e-17 0.000115664 0.000279531 0.000833145 1.68082e-16
22.12 0 -2.39863e-17 4.09221e-05 0.000309806 0.000197062 1.26799e-16
22.14 0 1.11324e-17 -3.60513e-05 0.000329991 -0.000458008 -5.69724e-17
22.16 0 -1.30751e-16 -0.000108843 0.000339598 -0.00107749 6.23325e-18
22.18 0 9.18074e-17 -0.000172921 0.000337801 -0.00162282 2.17861e-16
22.2 0 2.67264e-17 -0.000226724 0.000323678 -0.0020807 -4.71207e-16
22.22 0 -7.09356e-17 -0.000270654 0.000296696 -0.00245456 -2.23051e-16
22.24 0 4.09468e-17 -0.000304859 0.000257376 -0.00274565 2.84497e-16
22.26 0 -1.28466e-16 -0.00032767 0.000207496 -0.00293978 3.82071e-17
22.28 0 8.2124e-17 -0.000335908 0.000149393 -0.0030099 2.85957e-17
22.3 0 2.31758e-17 -0.000327108 8.51387e-05 -0.002935 1.69991e-17
22.32 0 1.04038e-17 -0.000301832 1.64835e-05 -0.0027199 -1.3836e-17
22.34 0 -5.12474e-17 -0.00026354 -5.44603e-05 -0.00239402 7.32416e-17
22.36 0 6.82943e-18 -0.00021617 -0.000124707 -0.00199089 6.25789e-17
22.38 0 -8.72678e-17 -0.000162109 -0.000190796 -0.0015308 1.84713e-17
22.4 0 -2.49045e-16 -0.000102426 -0.000249836 -0.00102288 -3.31356e-16
22.42 0 -5.70063e-17 -3.86542e-05 -0.000300181 -0.00048016 -3.98153e-17
22.44 0 -2.57883e-18 2.62163e-05 -0.000341118 7.19101e-05 -2.8574e-16
22.46 0 -6.19908e-17 8.84552e-05 -0.000372048 0.000601585 -3.25664e-16
22.48 0 2.10766e-16 0.000144937 -0.000392084 0.00108226 2.59116e-16
22.5 0 -1.55515e-16 0.000193419 -0.000400386 0.00149487 -1.39289e-16
22.52 0 2.31459e-16 0.000231532 -0.000396586 0.00181922 3.66543e-16
22.54 0 2.86491e-16 0.000255724 -0.000380613 0.0020251 2.23127e-16
22.56 0 -1.37496e-16 0.000261763 -0.000352403 0.0020765 -2.45375e-16
22.58 0 1.0841e-16 0.000246799 -0.000312348 0.00194914 2.20825e-16
22.6 0 1.95611e-16 0.000210983 -0.000261866 0.00164434 4.62577e-16
22.62 0 -1.69492e-16 0.00015668 -0.00020331 0.0011822 2.95741e-17
22.64 0 7.29021e-17 8.58296e-05 -0.000139368 0.00057924 1.96212e-16
22.66 0 2.78829e-18 -1.67092e-06 -7.25178e-05 -0.00016542 6.27417e-17
22.68 0 -1.85916e-17 -0.00010667 -4.90129e-06 -0.001059 -5.71273e-17
22.7 0 4.69235e-17 -0.000227201 6.14326e-05 -0.00208476 7.80219e-17
22.72 0 2.71965e-17 -0.000356081 0.000124301 -0.00318157 -2.96712e-17
22.74 0 -1.42244e-16 -0.000482792 0.000181469 -0.00425993 -5.92285e-17
22.76 0 9.41095e-17 -0.000598297 0.000230989 -0.00524292 -3.33889e-17
22.78 0 6.54571e-17 -0.000698233 0.000271456 -0.00609341 -1.04661e-16
22.8 0 -1.15858e-16 -0.000781733 0.000301932 -0.00680402 -2.19208e-16
22.82 0 -7.02839e-17 -0.000847675 0.000321659 -0.00736521 2.03656e-16
22.84 0 6.12151e-17 -0.000892364 0.00032988 -0.00774552 -2.77483e-16
22.86 0 -1.55742e-16 -0.000910469 0.000325867 -0.00789961 -3.47525e-16
22.88 0 7.96998e-17 -0.000897451 0.000309115 -0.00778882 3.53579e-16
22.9 0 -1.95115e-16 -0.000851373 0.000279798 -0.00739668 -3.60532e-16
22.92 0 2.25766e-16 -0.000773679 0.00023918 -0.00673548 3.0125e-17
22.94 0 -4.33422e-17 -0.000667926 0.000189379 -0.00583548 -2.64037e-16
22.96 0 3.73856e-17 -0.00053844 0.000132747 -0.00473351 1.70436e-16
22.98 0 2.86535e-17 -0.000389734 7.15349e-05 -0.00346797 7.18636e-17
23 0 2.28601e-17 -0.000225948 7.97172e-06 -0.00207409 -8.08604e-18
23.02 0 -3.69631e-17 -5.10419e-05 -5.5591e-05 -0.000585584 -2.23453e-17
23.04 0 2.61978e-17 0.000130386 -0.000116775 0.000958428 -5.49302e-17
23.06 0 -6.81448e-17 0.000312163 -0.000173406 0.00250542 -5.70896e-17
23.08 0 -2.21617e-16 0.000487015 -0.000223602 0.00399347 -1.87235e-16
23.1 0 -2.14958e-16 0.000648505 -0.000265724 0.0053678 -2.57829e-16
23.12 0 -1.05065e-17 0.00079269 -0.000298397 0.00659486 -3.02936e-17
23.14 0 9.84352e-17 0.000917747 -0.000320637 0.00765915 5.05599e-16
23.16 0 -3.41409e-17 0.001022 -0.000331917 0.00854639 2.0858e-17
23.18 0 6.92216e-17 0.0011022 -0.000332057 0.00922891 1.51566e-16
23.2 0 2.15189e-16 0.00115317 -0.000321006 0.00966268 4.28824e-17
23.22 0 6.77918e-17 0.00116887 -0.000298813 0.00979628 -1.85513e-16
23.24 0 -9.44779e-17 0.0011434 -0.00026603 0.00957953 -1.52206e-16
23.26 0 -3.53656e-17 0.00107366 -0.000224087 0.00898603 -3.99172e-17
23.28 0 3.11042e-17 0.000962357 -0.00017509 0.0080388 -4.10976e-17
23.3 0 2.01944e-17 0.000815157 -0.000121179 0.00678607 -3.20036e-17
23.32 0 2.04913e-18 0.000638039 -6.40957e-05 0.00527874 1.13111e-17
23.34 0 -1.92044e-17 0.00043602 -5.32192e-06 0.00355948 -4.57814e-17
23.36 0 9.26078e-17 0.000212585 5.34847e-05 0.00165797 1.40773e-16
23.38 0 -2.12916e-18 -2.79328e-05 0.000110257 -0.000388917 1.15593e-17
23.4 0 -3.45994e-16 -0.000278541 0.000162711 -0.00252168 -2.17964e-16
23.42 0 9.48144e-18 -0.000529506 0.000208756 -0.00465748 3.64009e-16
23.44 0 -1.76346e-16 -0.000770397 0.000246772 -0.00670755 -3.6097e-16
23.46 0 -3.41782e-17 -0.000992259 0.000275601 -0.00859567 6.45483e-17
23.48 0 3.55482e-17 -0.00118869 0.000294384 -0.0102674 5.26501e-17
23.5 0 2.2346e-16 -0.00135556 0.000302522 -0.0116875 1.07606e-16
23.52 0 -1.70296e-16 -0.00148994 0.000299793 -0.0128311 -3.43652e-17
23.54 0 -1.09533e-16 -0.00158883 0.000286401 -0.0136727 9.45042e-17
23.56 0 -5.204e-17 -0.00164881 0.000262845 -0.0141832 -1.25226e-16
23.58 0 -2.3461e-16 -0.00166711 0.000229907 -0.0143389 -2.36953e-16
23.6 0 2.40634e-17 -0.00164117 0.000188729 -0.0141181 -2.68606e-16
23.62 0 -8.96252e-17 -0.00157012 0.000140773 -0.0135134 -2.0043e-16
23.64 0 6.70683e-17 -0.00145701 8.77406e-05 -0.0125509 3.40944e-17
23.66 0 -4.93556e-18 -0.00130517 3.15248e-05 -0.0112586 6.81548e-18
23.68 0 7.2591e-18 -0.00111789 -2.5781e-05 -0.00966485 -9.12063e-19
23.7 0 -4.77389e-17 -0.000899419 -8.19548e-05 -0.00780557 5.02004e-17
23.72 0 -1.10654e-16 -0.000654388 -0.000134825 -0.00572027 -1.52839e-16
23.74 0 6.76724e-17 -0.000389515 -0.000182415 -0.0034661 1.321e-16
23.76 0 -2.87451e-16 -0.000114196 -0.000223021 -0.00112305 -3.61368e-17
23.78 0 1.62064e-16 0.000159653 -0.000255281 0.0012075 1.53846e-18
23.8 0 -1.90797e-16 0.000419708 -0.000278224 0.00342066 -1.59229e-16
23.82 0 7.47747e-17 0.000656021 -0.000291296 0.00543177 8.29627e-17
23.84 0 -5.37401e-17 0.000862714 -0.000294349 0.0071908 -7.71928e-17
23.86 0 1.18354e-16 0.00103711 -0.000287579 0.00867496 1.62614e-17
23.88 0 -3.8509e-17 0.00117735 -0.000271366 0.00986846 6.46135e-17
23.9 0 -1.62149e-16 0.00128071 -0.000246191 0.0107481 -2.85929e-17
23.92 0 -2.90658e-18 0.0013436 -0.000212764 0.0112833 -1.22262e-16
23.94 0 1.61407e-17 0.00136265 -0.000172154 0.0114454 7.15019e-18
23.96 0 -3.62419e-17 0.00133336 -0.000125762 0.0111962 -4.68e-17
23.98 0 -4.71109e-18 0.0012525 -7.5284e-05 0.010508 -3.65938e-18
24 0 8.41018e-18 0.00112315 -2.27204e-05 0.00940719 7.10612e-17
24.02 0 8.15702e-17 0.000951589 2.97526e-05 0.00794715 2.08507e-16
24.04 0 5.02753e-17 0.000745114 8.01218e-05 0.00618998 2.42541e-17
24.06 0 -4.96745e-17 0.000510475 0.000126881 0.00419312 -4.57321e-16
24.08 0 -1.44778e-16 0.000252978 0.000169044 0.00200174 -2.2953e-16
24.1 0 5.53984e-17 -1.98128e-05 0.00020577 -0.000319813 6.66116e-17
24.12 0 1.39536e-16 -0.000296038 0.000235976 -0.00267058 7.88945e-17
24.14 0 9.12568e-18 -0.000561103 0.000258358 -0.00492638 -3.9682e-16
24.16 0 -1.17234e-17 -0.000802641 0.000271845 -0.00698195 -2.79703e-16
24.18 0 1.17692e-16 -0.00101384 0.000276116 -0.00877934 1.81649e-16
24.2 0 2.00006e-16 -0.00119251 0.000271617 -0.0102999 2.2896e-16
24.22 0 -4.17e-17 -0.00133743 0.00025902 -0.0115332 2.09513e-16
24.24 0 -5.15287e-17 -0.00144572 0.000238653 -0.0124548 3.41098e-16
24.26 0 -2.39819e-17 -0.00151301 0.000210554 -0.0130274 -2.84675e-16
24.28 0 -6.33135e-17 -0.00153497 0.000175048 -0.0132143 -1.66523e-16
24.3 0 -9.17301e-17 -0.00150658 0.00013331 -0.0129727 -2.40658e-16
24.32 0 -1.2926e-17 -0.00142387 8.73682e-05 -0.0122688 -8.46403e-17
24.34 0 1.66654e-17 -0.00128913 3.95257e-05 -0.0111221 -3.39475e-19
24.36 0 -4.10725e-18 -0.00110872 -8.34191e-06 -0.00958679 -2.17919e-17
24.38 0 9.83575e-18 -0.000891694 -5.50308e-05 -0.00773982 -7.59693e-17
24.4 0 9.28139e-17 -0.00064835 -9.96725e-05 -0.00566889 1.61437e-16
24.42 0 -1.03895e-16 -0.000387691 -0.000141232 -0.00345059 1.35829e-17
24.44 0 -2.72876e-17 -0.000118815 -0.000178292 -0.00116235 -1.21544e-16
24.46 0 1.56927e-16 0.000148296 -0.000209283 0.00111085 2.19138e-16
24.48 0 -1.61351e-16 0.00040317 -0.000232935 0.00327992 -1.78346e-16
24.5 0 -5.69183e-17 0.000636773 -0.000248625 0.00526796 -4.09404e-17
24.52 0 1.07522e-16 0.000842226 -0.000256349 0.00701643 2.23727e-16
24.54 0 -2.75544e-16 0.00101373 -0.000256323 0.00847603 -2.77796e-16
24.56 0 2.12431e-17 0.00114514 -0.000248562 0.00959438 -1.29397e-16
24.58 0 -7.55088e-17 0.00123008 -0.000232907 0.0103172 -8.34441e-17
24.6 0 7.20233e-17 0.00126361 -0.00020952 0.0106026 -1.1227e-17
24.62 0 -1.94794e-16 0.0012425 -0.000179359 0.0104229 -1.65866e-17
24.64 0 -5.98039e-18 0.00116489 -0.000144027 0.00976241 -1.88684e-17
24.66 0 2.10149e-17 0.00103356 -0.000105174 0.00864474 1.28464e-17
24.68 0 2.10198e-17 0.000852874 -6.40052e-05 0.00710706 3.5612e-17
24.7 0 4.85515e-17 0.000628099 -2.13371e-05 0.00519414 3.76078e-17
24.72 0 -5.08985e-17 0.000367685 2.19037e-05 0.00297793 -4.3229e-17
24.74 0 3.22038e-18 8.19316e-05 6.43278e-05 0.000546068 6.23793e-17
24.76 0 -9.48777e-17 -0.000217391 0.000104237 -0.00200127 -2.07151e-16
24.78 0 -5.89569e-17 -0.000518612 0.000140103 -0.00456477 -8.42096e-17
24.8 0 3.13382e-16 -0.000810517 0.000170856 -0.00704898 1.97483e-16
24.82 0 -7.32319e-18 -0.00108277 0.000195787 -0.00936594 -1.64372e-16
24.84 0 1.71687e-16 -0.00132633 0.0002143 -0.0114388 1.18505e-16
24.86 0 -2.83127e-16 -0.00153381 0.000225854 -0.0132044 -3.51026e-17
24.88 0 9.44242e-17 -0.00169897 0.000230094 -0.0146101 2.83713e-16
24.9 0 -4.2659e-17 -0.00181634 0.000226964 -0.0156089 -1.72066e-16
24.92 0 7.22146e-17 -0.00188146 0.000216649 -0.0161631 3.79622e-17
24.94 0 -7.74013e-17 -0.00189196 0.000199465 -0.0162524 -2.16957e-17
24.96 0 5.03651e-17 -0.00184444 0.000175898 -0.015848 9.14186e-17
24.98 0 -6.14102e-17 -0.00173745 0.000146707 -0.0149375 -1.00824e-17
25 0 -1.52158e-17 -0.00157475 0.000112936 -0.0135528 -3.31215e-19
25.02 0 -5.845e-18 -0.00135946 7.57843e-05 -0.0117207 5.32363e-19
25.04 0 1.70693e-18 -0.00109606 3.65042e-05 -0.00947909 3.45298e-18
25.06 0 -7.27014e-18 -0.000792423 -3.61502e-06 -0.00689499 -4.24774e-18
25.08 0 5.02147e-17 -0.000458672 -4.32208e-05 -0.00405466 8.59449e-17
25.1 0 -1.93317e-17 -0.000107029 -8.08979e-05 -0.00106205 2.26014e-17
25.12 0 -1.26252e-16 0.000250216 -0.00011527 0.00197822 -1.42547e-16
25.14 0 -3.44525e-17 0.000601473 -0.000145155 0.00496755 -8.02705e-17
25.16 0 8.8766e-17 0.000935937 -0.00016968 0.00781395 1.53692e-16
25.18 0 -1.54061e-18 0.00124307 -0.000188297 0.0104277 6.74039e-17
25.2 0 1.05708e-16 0.00151276 -0.000200667 0.0127229 1.33075e-16
25.22 0 -5.80009e-17 0.0017363 -0.000206552 0.0146253 -7.20212e-17
25.24 0 -5.06316e-17 0.00190756 -0.000205766 0.0160828 3.24263e-17
25.26 0 -2.43602e-17 0.00202335 -0.000198261 0.0170682 -9.03077e-17
25.28 0 4.19661e-17 0.00208243 -0.000184282 0.017571 7.34475e-17
25.3 0 3.79798e-17 0.00208364 -0.000164525 0.0175814 5.07543e-17
25.32 0 -3.33252e-17 0.00201727 -0.000140048 0.0170165 8.15771e-18
25.34 0 -1.98626e-17 0.00187682 -0.000111958 0.0158212 -3.54893e-17
25.36 0 -3.43713e-17 0.00166346 -8.11897e-05 0.0140054 -2.12296e-17
25.38 0 1.37918e-17 0.00138289 -4.86393e-05 0.0116177 -4.51012e-17
25.4 0 -5.48251e-17 0.00104835 -1.54185e-05 0.00877066 -6.5981e-17
25.42 0 -6.33184e-17 0.000672751 1.71214e-05 0.00557417 6.15167e-18
25.44 0 -6.81316e-17 0.00026794 4.76153e-05 0.00212909 2.75132e-17
25.46 0 6.5752e-17 -0.00015341 7.49636e-05 -0.00145675 1.55013e-16
25.48 0 -4.64029e-17 -0.000574819 9.84301e-05 -0.00504308 -5.0219e-17
25.5 0 4.29384e-18 -0.000977633 0.000117544 -0.00847117 1.73978e-16
25.52 0 -1.08623e-16 -0.00134539 0.000131945 -0.0116009 4.61539e-17
25.54 0 6.29201e-17 -0.0016671 0.000141303 -0.0143388 -4.94345e-17
25.56 0 -8.55622e-17 -0.00193682 0.00014534 -0.0166342 -1.40375e-16
25.58 0 -6.20625e-17 -0.00215112 0.000143929 -0.018458 -1.19032e-16
25.6 0 2.75665e-17 -0.00230719 0.000137212 -0.0197862 7.73299e-17
25.62 0 5.43918e-17 -0.0024027 0.000125656 -0.020599 6.68906e-17
25.64 0 1.87526e-17 -0.00243635 0.000110011 -0.0208854 8.46618e-17
25.66 0 6.95293e-18 -0.00240298 9.11406e-05 -0.0206014 -4.37166e-17
25.68 0 -1.86582e-18 -0.00229284 6.97803e-05 -0.0196641 -2.23999e-18
25.7 0 -7.50126e-18 -0.00210538 4.64547e-05 -0.0180687 -7.84403e-18
25.72 0 -2.00541e-18 -0.00184586 2.16412e-05 -0.0158601 1.66995e-18
25.74 0 2.90097e-17 -0.00152419 -4.04286e-06 -0.0131227 7.59319e-19
25.76 0 -5.42547e-17 -0.0011554 -2.9788e-05 -0.00998409 -1.12544e-16
25.78 0 1.05529e-17 -0.00075193 -5.47229e-05 -0.00655041 2.83323e-17
25.8 0 1.37827e-18 -0.000326022 -7.80736e-05 -0.00292578 -2.12002e-17
25.82 0 9.43551e-20 0.000108377 -9.92227e-05 0.000771099 7.79694e-17
25.84 0 -2.82306e-17 0.000533891 -0.000117683 0.00439237 4.73602e-17
25.86 0 1.36092e-16 0.000932844 -0.000133058 0.0077876 1.728e-16
25.88 0 2.26287e-17 0.00129106 -0.000144977 0.0108361 -8.03419e-18
25.9 0 -6.16083e-17 0.00159975 -0.000153028 0.0134632 3.07244e-17
25.92 0 1.58539e-17 0.00185428 -0.000156775 0.0156294 -5.65914e-17
25.94 0 -6.12714e-17 0.00205199 -0.000155881 0.017312 -1.02906e-16
25.96 0 -4.41648e-17 0.0021909 -0.000150254 0.0184942 -8.74178e-18
25.98 0 2.23311e-17 0.00226967 -0.000140092 0.0191646 2.47573e-17
26 0 8.34187e-18 0.00228786 -0.000125835 0.0193194 -9.12016e-18
26.02 0 1.25784e-17 0.00223808 -0.00010806 0.0188958 3.28613e-17
26.04 0 -4.24062e-18 0.00211038 -8.73113e-05 0.0178091 -2.03185e-17
26.06 0 1.61537e-17 0.00190516 -6.40798e-05 0.0160625 -3.29766e-17
26.08 0 -1.74054e-17 0.00162776 -3.89265e-05 0.0137018 3.1853e-17
26.1 0 5.97108e-17 0.00129107 -1.26596e-05 0.0108364 1.16934e-19
26.12 0 9.02799e-17 0.000913162 1.36353e-05 0.00762028 1.42696e-16
26.14 0 -5.96591e-17 0.000508208 3.88766e-05 0.00417398 -8.14648e-17
26.16 0 -1.64603e-17 8.78036e-05 6.22712e-05 0.00059619 2.18642e-16
26.18 0 1.46e-17 -0.000335655 8.33603e-05 -0.00300759 -4.35939e-17
26.2 0 1.39934e-16 -0.000745067 0.000101803 -0.00649183 4.98303e-17
26.22 0 7.44859e-17 -0.00112106 0.000117144 -0.00969168 5.23296e-17
26.24 0 -2.56926e-17 -0.00144797 0.000128769 -0.0124738 -2.58711e-17
26.26 0 2.74852e-17 -0.00171828 0.00013612 -0.0147742 -1.34835e-16
26.28 0 1.44057e-16 -0.0019313 0.000139008 -0.0165871 8.86713e-17
26.3 0 3.08525e-17 -0.00208828 0.000137755 -0.0179231 7.18742e-17
26.32 0 -1.14715e-17 -0.00218846 0.00013299 -0.0187756 1.03891e-16
26.34 0 -4.78228e-17 -0.00222889 0.000125239 -0.0191197 -3.17044e-17
26.36 0 -5.38479e-17 -0.00220337 0.000114692 -0.0189025 -1.19372e-16
26.38 0 3.26031e-17 -0.00210193 0.000101302 -0.0180392 -1.68693e-17
26.4 0 1.58701e-18 -0.00192514 8.51062e-05 -0.0165347 8.45699e-19
26.42 0 -3.99632e-17 -0.00168052 6.64766e-05 -0.0144529 -2.41607e-17
26.44 0 -5.2532e-18 -0.00137859 4.60219e-05 -0.0118833 -2.11028e-17
26.46 0 -3.78508e-18 -0.00103413 2.42755e-05 -0.00895185 -1.14859e-17
26.48 0 1.84865e-17 -0.000659281 1.52662e-06 -0.00576179 1.06098e-17
26.5 0 3.10724e-19 -0.000266134 -2.19713e-05 -0.00241598 1.94938e-17
26.52 0 1.45283e-17 0.000131827 -4.56235e-05 0.000970809 2.25759e-17
26.54 0 2.21642e-17 0.000518129 -6.83789e-05 0.00425838 2.48834e-17
26.56 0 -3.41566e-17 0.000876303 -8.90262e-05 0.00730656 -5.50362e-17
26.58 0 -1.29469e-17 0.00119365 -0.00010661 0.0100073 3.57093e-17
26.6 0 7.56941e-18 0.00146302 -0.000120609 0.0122998 1.5362e-17
26.62 0 -1.91517e-17 0.00168114 -0.000130804 0.014156 7.27591e-18
26.64 0 1.87661e-17 0.00184571 -0.000137059 0.0155566 1.68817e-17
26.66 0 -1.63733e-18 0.001954 -0.000139204 0.0164782 7.86725e-18
26.68 0 -2.35093e-17 0.00200318 -0.000137077 0.0168968 6.57707e-18
26.7 0 1.51618e-17 0.00198935 -0.000130675 0.016779 -6.1415e-18
26.72 0 7.84003e-18 0.00190267 -0.000120261 0.0160414 1.73191e-17
26.74 0 2.67138e-17 0.00174098 -0.000106358 0.0146653 1.46015e-17
26.76 0 -4.42218e-18 0.00150939 -8.96016e-05 0.0126944 1.01909e-17
26.78 0 1.62457e-17 0.00121629 -7.05466e-05 0.0102 1.79051e-17
26.8 0 -1.03571e-18 0.000875416 -4.96422e-05 0.00729905 1.92974e-17
26.82 0 -3.65178e-17 0.000498719 -2.73984e-05 0.00409323 -2.16049e-17
26.84 0 -1.71206e-17 9.83219e-05 -4.56609e-06 0.000685711 -4.53553e-17
26.86 0 8.80967e-17 -0.000312237 1.78899e-05 -0.00280828 9.08551e-17
26.88 0 7.7509e-18 -0.000716223 3.90394e-05 -0.00624635 8.19194e-17
26.9 0 3.52924e-17 -0.00109621 5.82213e-05 -0.00948013 4.8958e-18
26.92 0 2.88426e-17 -0.00143747 7.50272e-05 -0.0123845 4.74045e-17
26.94 0 -4.75628e-17 -0.00173017 8.90824e-05 -0.0148754 -3.02799e-17
26.96 0 -5.32321e-17 -0.00196857 9.99226e-05 -0.0169043 -1.15549e-16
26.98 0 -1.08318e-17 -0.00214927 0.000107126 -0.0184421 4.26433e-17
27 0 -1.40307e-17 -0.00226988 0.000110521 -0.0194685 -1.0052e-16
27.02 0 -3.21983e-18 -0.00232884 0.000110192 -0.0199703 9.59269e-17
27.04 0 1.93385e-17 -0.00232515 0.000106294 -0.0199389 1.23746e-16
27.06 0 -1.11298e-17 -0.00225032 9.89037e-05 -0.019302 -2.75316e-17
27.08 0 2.37713e-18 -0.00210289 8.80983e-05 -0.0180474 -1.49914e-17
27.1 0 -1.42385e-17 -0.00188784 7.41348e-05 -0.0162173 -1.01434e-16
27.12 0 -4.92616e-18 -0.00161251 5.75168e-05 -0.0138741 -2.40852e-17
27.14 0 1.59232e-18 -0.00129162 3.88375e-05 -0.0111432 4.63379e-18
27.16 0 3.95432e-18 -0.000937762 1.8571e-05 -0.00813175 2.66341e-18
27.18 0 -1.60808e-18 -0.000562346 -2.90572e-06 -0.00493683 -1.63165e-18
27.2 0 1.22815e-17 -0.00017651 -2.5062e-05 -0.00165323 2.39078e-17
27.22 0 -4.65187e-19 0.000205653 -4.70181e-05 0.00159911 -3.41966e-18
27.24 0 -8.79594e-18 0.000568596 -6.76834e-05 0.00468788 -4.4726e-17
27.26 0 4.47604e-17 0.000898689 -8.61322e-05 0.00749709 -1.45465e-17
27.28 0 1.83023e-17 0.00118693 -0.000101826 0.00995012 -2.39385e-17
27.3 0 1.54827e-18 0.00142836 -0.000114457 0.0120047 -2.94895e-17
27.32 0 -1.65651e-17 0.00161978 -0.000123647 0.0136338 -1.00547e-17
27.34 0 1.01464e-17 0.00175819 -0.00012889 0.0148117 -3.01427e-17
27.36 0 -1.14331e-17 0.00184086 -0.000129811 0.0155153 -9.98928e-18
27.38 0 1.66509e-17 0.00186618 -0.000126445 0.0157308 1.30016e-18
27.4 0 2.84132e-18 0.00183035 -0.000119215 0.0154258 -2.40763e-17
27.42 0 3.19993e-17 0.00172809 -0.000108656 0.0145556 3.62177e-17
27.44 0 -1.66877e-17 0.00156119 -9.51699e-05 0.0131352 5.23294e-18
27.46 0 5.40479e-18 0.00133463 -7.90492e-05 0.0112072 4.10331e-17
27.48 0 1.37766e-17 0.00105667 -6.06543e-05 0.00884161 -8.22641e-18
27.5 0 -3.48665e-17 0.00073977 -4.0548e-05 0.00614466 -4.14148e-17
27.52 0 4.10535e-17 0.000395847 -1.94639e-05 0.00321775 2.97615e-17
27.54 0 2.3602e-17 3.73241e-05 1.82374e-06 0.000166599 2.64174e-17
27.56 0 1.25413e-18 -0.000322668 2.25876e-05 -0.00289706 -5.03668e-17
27.58 0 2.38988e-17 -0.000669769 4.21446e-05 -0.00585101 7.57765e-17
27.6 0 -1.8291e-17 -0.00099035 5.98242e-05 -0.00857927 -2.13033e-17
27.62 0 2.90914e-17 -0.00127359 7.49798e-05 -0.0109898 6.44022e-17
27.64 0 7.35107e-17 -0.00151238 8.7053e-05 -0.0130219 8.68156e-18
27.66 0 -4.07442e-17 -0.00170239 9.56489e-05 -0.014639 -1.86239e-17
27.68 0 -6.8092e-17 -0.00184071 0.000100578 -0.0158162 -1.34615e-16
27.7 0 -6.9251e-18 -0.00192526 0.000101836 -0.0165356 -1.04817e-16
27.72 0 -3.20252e-17 -0.00195486 9.95349e-05 -0.0167876 -7.46826e-17
27.74 0 -6.03774e-17 -0.0019271 9.38472e-05 -0.0165514 -6.13386e-17
27.76 0 2.09241e-17 -0.00183776 8.49974e-05 -0.015791 5.52048e-17
27.78 0 2.43102e-18 -0.00168837 7.33068e-05 -0.0145196 -4.53941e-17
27.8 0 1.58396e-17 -0.00148387 5.91929e-05 -0.0127793 3.53179e-17
27.82 0 -1.83666e-17 -0.00123189 4.30873e-05 -0.0106348 1.20517e-17
27.84 0 1.32033e-17 -0.000943711 2.53846e-05 -0.00818235 3.69948e-18
27.86 0 -3.79813e-18 -0.000630108 6.51489e-06 -0.00551348 -8.08726e-18
27.88 0 -7.13764e-19 -0.000302177 -1.29373e-05 -0.00272268 3.57082e-18
27.9 0 5.74133e-18 2.85154e-05 -3.22232e-05 9.16302e-05 -6.96019e-18
27.92 0 1.84031e-17 0.000349427 -5.05687e-05 0.0028227 -1.65915e-19
27.94 0 1.81655e-17 0.000648586 -6.7328e-05 0.00536865 2.27996e-17
27.96 0 1.04328e-17 0.000916191 -8.20105e-05 0.00764606 -4.33976e-17
27.98 0 1.61584e-17 0.00114531 -9.41967e-05 0.00959591 -1.78097e-17
28 0 2.043e-17 0.00133114 -0.000103481 0.0111774 -7.67165e-19
28.02 0 1.93563e-17 0.00147007 -0.000109527