0.02 0.0708085 -0.0170889 -0.615421 0.0134055 -0.615421 -0.0170889
0.04 0.545289 0.00894755 -8.46936 0.145383 -8.46936 0.00894755
0.06 1.48393 1.20027 -42.4329 0.661255 -42.4329 1.20027
0.08 -0.12483 7.92474 -116.118 1.78984 -116.118 7.92474
0.1 -13.3395 30.8593 -200.622 3.55497 -200.622 30.8593
0.12 -48.8515 89.039 -229.392 6.05479 -229.392 89.039
0.14 -104.449 198.721 -165.72 8.77873 -165.72 198.721
0.16 -153.035 342.663 -51.4996 7.92813 -51.4996 342.663
0.18 -150.484 452.619 32.1859 -4.72609 32.1859 452.619
0.2 -62.2643 444.509 44.3069 -37.5366 44.3069 444.509
0.22 112.899 289.348 6.63466 -92.2969 6.63466 289.348
0.24 341.705 54.2161 -43.9576 -162.254 -43.9576 54.2161
0.26 577.152 -141.124 -101.129 -236.595 -101.129 -141.124
0.28 784.613 -228.129 -178.359 -305.848 -178.359 -228.129
0.3 951.666 -241.235 -265.101 -362.951 -265.101 -241.235
0.32 1075.32 -244.744 -308.364 -401.78 -308.364 -244.744
0.34 1148.82 -232.962 -246.135 -418.223 -246.135 -232.962
0.36 1173.77 -151.427 -65.9102 -413.707 -65.9102 -151.427
0.38 1183.92 -3.11791 164.315 -396.925 164.315 -3.11791
0.4 1240.17 126.79 326.666 -382.764 326.666 126.79
0.42 1391.72 152.278 327.651 -390.056 327.651 152.278
0.44 1644.32 36.7135 158.833 -436.042 158.833 36.7135
0.46 1959.44 -229.747 -93.1002 -525.109 -93.1002 -229.747
0.48 2266.18 -612.858 -280.249 -638.606 -280.249 -612.858
0.5 2476.16 -957.277 -269.235 -738.734 -269.235 -957.277
0.52 2523.36 -1015.66 -54.7619 -790.217 -54.7619 -1015.66
0.54 2422.93 -665.976 181.509 -786.384 181.509 -665.976
0.56 2284.17 -118.732 190.779 -758.522 190.779 -118.732
0.58 2231.47 160.425 -103.399 -755.305 -103.399 160.425
0.6 2285.27 -161.923 -496.969 -801.297 -496.969 -161.923
0.62 2315.25 -912.989 -677.075 -868.691 -677.075 -912.989
0.64 2127.15 -1483.72 -519.474 -892.848 -519.474 -1483.72
0.66 1622.41 -1382.15 -216.723 -819.3 -216.723 -1382.15
0.68 881.003 -709.998 -107.522 -637.547 -107.522 -709.998
0.7 73.1968 -2.80698 -359.015 -377.641 -359.015 -2.80698
0.72 -708.252 359.197 -791.049 -83.5283 -791.049 359.197
0.74 -1503.69 448.37 -1016.54 215.252 -1016.54 448.37
0.76 -2377.82 538.413 -793.921 520.003 -793.921 538.413
0.78 -3298.13 757.544 -278.86 856.054 -278.86 757.544
0.8 -4143.8 1047.12 70.2875 1243.53 70.2875 1047.12
0.82 -4810.29 1290.5 -121.799 1671.48 -121.799 1290.5
0.84 -5289.44 1383.2 -785.508 2104.12 -785.508 1383.2
0.86 -5671.52 1310.93 -1394.71 2513.05 -1394.71 1310.93
0.88 -6076.99 1261.7 -1386.14 2897.32 -1386.14 1261.7
0.9 -6539.97 1527.69 -703.161 3267.62 -703.161 1527.69
0.92 -6921.96 2140.41 64.4494 3613.82 64.4494 2140.41
0.94 -6975.53 2669.97 174.674 3893.62 174.674 2669.97
0.96 -6556.77 2559.77 -559.364 4055.7 -559.364 2559.77
0.98 -5792.05 1704.51 -1547.14 4075.97 -1547.14 1704.51
1 -5010.44 604.435 -1883.39 3974.17 -1883.39 604.435
1.02 -4486.43 -143.302 -888.644 3800.07 -888.644 -143.302
1.04 -4211.68 -423.676 1528.8 3613.63 1528.8 -423.676
1.06 -3866.27 -453.569 4076.29 3469.89 4076.29 -453.569
1.08 -3050.4 -226.388 4068.78 3363.01 4068.78 -226.388
1.1 -1689.42 389.503 186.195 3149.62 186.195 389.503
1.12 -241.601 1107.79 -4908.1 2612.37 -4908.1 1107.79
1.14 655.106 1303.34 -6597.45 1684.66 -6597.45 1303.34
1.16 821.28 663.777 -3135.67 564.183 -3135.67 663.777
1.18 721.07 -425.248 2353.34 -443.263 2353.34 -425.248
1.2 972.23 -1183.88 4877.15 -1148.8 4877.15 -1183.88
1.22 1739.37 -1203.12 2645.15 -1578.11 2645.15 -1203.12
1.24 2616.42 -817.378 -1204.63 -1945.15 -1204.63 -817.378
1.26 3075.9 -550.46 -2435.43 -2504.69 -2435.43 -550.46
1.28 3031.11 -482.085 -584.4 -3337.68 -584.4 -482.085
1.3 2891.11 -499.091 1056.42 -4281.1 1056.42 -499.091
1.32 2995.95 -785.053 -102.904 -5062.13 -102.904 -785.053
1.34 3099.38 -1484.29 -2908.89 -5435.74 -2908.89 -1484.29
1.36 2555.88 -2120.25 -4072.51 -5244.05 -4072.51 -2120.25
1.38 1006.54 -2055.18 -1539.18 -4479.74 -1539.18 -2055.18
1.4 -1170.4 -1469.41 3939.19 -3278.97 3939.19 -1469.41
1.42 -3046.08 -1040.55 8735.9 -1786.44 8735.9 -1040.55
1.44 -3834.12 -667.032 7990.54 -134.507 7990.54 -667.032
1.46 -3612.26 410.66 415.954 1394.85 415.954 410.66
1.48 -3375.92 2145.19 -8355.01 2437.65 -8355.01 2145.19
1.5 -4123.36 3378.53 -10490.6 2954.22 -10490.6 3378.53
1.52 -5808.29 3151.06 -4598.79 3379.12 -4598.79 3151.06
1.54 -7419.46 1680.62 2827.29 4219.59 2827.29 1680.62
1.56 -8148.19 138.121 5004.76 5640.08 5004.76 138.121
1.58 -8207.7 -120.692 1770.48 7423.56 1770.48 -120.692
1.6 -8361.44 1495.26 -1690.63 9064.22 -1690.63 1495.26
1.62 -8841.04 4033.49 -1266.02 9905.83 -1266.02 4033.49
1.64 -8945.01 5446.99 2005.22 9532.98 2005.22 5446.99
1.66 -7745.59 4377.14 3610.12 8132.21 3610.12 4377.14
1.68 -5165.77 1482.66 639.355 6312.5 639.355 1482.66
1.7 -2303.98 -1125.9 -4853.78 4607.16 -4853.78 -1125.9
1.72 -578.551 -1641.57 -7683.91 3257.27 -7683.91 -1641.57
1.74 -450.584 48.8074 -4807.61 2274.92 -4807.61 48.8074
1.76 -974.943 2193.32 1581.44 1468.47 1581.44 2193.32
1.78 -649.437 2491.94 6349.68 506.208 6349.68 2491.94
1.8 1235.51 279.226 6253.85 -853.561 6253.85 279.226
1.82 4025.04 -2529.34 2281.63 -2620.6 2281.63 -2529.34
1.84 6412.76 -3283.85 -1940.51 -4671.92 -1940.51 -3283.85
1.86 7679.18 -1526.66 -3320.01 -6834.85 -3320.01 -1526.66
1.88 8223.11 423.815 -1414.23 -8818.86 -1414.23 423.815
1.9 8953.38 -46.9978 1686.94 -10231.5 1686.94 -46.9978
1.92 10268.3 -3129.97 3422.44 -10789.7 3422.44 -3129.97
1.94 11658.2 -6403.17 2981.7 -10497.1 2981.7 -6403.17
1.96 12252.3 -7103.68 1628.31 -9625.74 1628.31 -7103.68
1.98 11708.1 -4647.92 1031.29 -8587.98 1031.29 -4647.92
2 10567.5 -1229.9 1562.26 -7771.66 1562.26 -1229.9
2.02 9738.73 65.5195 2187.47 -7322.69 2187.47 65.5195
2.04 9601.81 -1917.32 1698.16 -7002.1 1698.16 -1917.32
2.06 9582.43 -5264.25 -72.4904 -6320.69 -72.4904 -5264.25
2.08 8610.53 -6707.53 -2058.48 -4891.84 -2058.48 -6707.53
2.1 6057.52 -4557.21 -2895.85 -2697.24 -2895.85 -4557.21
2.12 2305.25 -104.924 -2193.52 -88.2881 -2193.52 -104.924
2.14 -1559.7 3615.11 -903.393 2409.19 -903.393 3615.11
2.16 -4634.53 4473.15 -284.688 4358.71 -284.688 4473.15
2.18 -6852.18 2975.65 -554.163 5621.58 -554.163 2975.65
2.2 -8804.16 1535.96 -805.586 6376.62 -805.586 1535.96
2.22 -10953.4 2002.86 -251.607 6935.7 -251.607 2002.86
2.24 -13074.5 3974.36 717.271 7519.63 717.271 3974.36
2.26 -14489.3 5496.62 862.241 8159.19 862.241 5496.62
2.28 -14796.6 5098.63 -492.392 8739.2 -492.392 5098.63
2.3 -14315.3 3083.03 -2484.84 9114.45 -2484.84 3083.03
2.32 -13825.2 1184.42 -3424.25 9215.84 -3424.25 1184.42
2.34 -13881.9 1079.68 -2498.95 9073.48 -2498.95 1079.68
2.36 -14335.2 2904.77 -463.053 8748.85 -463.053 2904.77
2.38 -14461.1 5036.58 1310.25 8267.93 1310.25 5036.58
2.4 -13560.5 5499.26 1952.67 7637.12 1952.67 5499.26
2.42 -11499.8 3762.85 1368.43 6890.57 1368.43 3762.85
2.44 -8782.28 1169.85 88.0974 6072.8 88.0974 1169.85
2.46 -6135.96 -403.042 -977.789 5182.94 -977.789 -403.042
2.48 -3959.11 -224.063 -1144.52 4171.27 -1144.52 -224.063
2.5 -2085.3 885.873 -583.511 2975.34 -583.511 885.873
2.52 -61.8334 1491.46 -169.591 1544.58 -169.591 1491.46
2.54 2351.51 730.676 -513.283 -113.89 -513.283 730.676
2.56 4928.94 -1102.07 -1147.67 -1874.75 -1147.67 -1102.07
2.58 7166.37 -2853.89 -890.479 -3530.28 -890.479 -2853.89
2.6 8739.49 -3518.26 699.343 -4927.06 699.343 -3518.26
2.62 9813.52 -3152.94 2392.46 -6055.85 2392.46 -3152.94
2.64 10833.8 -2801.69 2428.55 -7023.99 2428.55 -2801.69
2.66 11951.4 -3446.87 658.936 -7955.23 658.936 -3446.87
2.68 12739.2 -4960 -1146.98 -8859.05 -1146.98 -4960
2.7 12551.6 -5991.2 -1407.24 -9564.01 -1407.24 -5991.2
2.72 11121.7 -5075.98 -483.003 -9832.51 -483.003 -5075.98
2.74 8796.38 -2197.08 79.2397 -9561.67 79.2397 -2197.08
2.76 6262.4 787.745 -455.776 -8832.89 -455.776 787.745
2.78 4032.15 1703.01 -1279.35 -7784.02 -1279.35 1703.01
2.8 2093.32 260.295 -1181.92 -6489.28 -1181.92 260.295
2.82 48.4223 -1603.45 -169.59 -4945.66 -169.59 -1603.45
2.84 -2378.85 -1833.22 268.314 -3124.46 268.314 -1833.22
2.86 -5076.21 -316.228 -1190.4 -1037 -1190.4 -316.228
2.88 -7841.02 1532.44 -3805.86 1241.66 -3805.86 1532.44
2.9 -10738.8 2794.79 -5069.9 3634.17 -5069.9 2794.79
2.92 -13903.9 3923.72 -3195.74 6129.01 -3195.74 3923.72
2.94 -17013.7 5619.69 904.194 8733.37 904.194 5619.69
2.96 -19193.9 7509.62 4181.33 11351.3 4181.33 7509.62
2.98 -19584.9 8306.09 3889.93 13735.2 3889.93 8306.09
3 -18058.4 7093.23 -103.639 15558.6 -103.639 7093.23
3.02 -15433.1 4314.69 -4886.79 16565.9 -4886.79 4314.69
3.04 -12944.8 1616.23 -6652.25 16730.8 -6652.25 1616.23
3.06 -11319.1 656.009 -4052.55 16287.5 -4052.55 656.009
3.08 -10219.4 1713.28 406.054 15538.3 406.054 1713.28
3.1 -8623.84 3358.04 2683.88 14599.8 2683.88 3358.04
3.12 -5825.6 3805.81 1087.74 13348.1 1087.74 3805.81
3.14 -2085.85 2737.56 -2209.19 11554.5 -2209.19 2737.56
3.16 1724.69 1401.68 -3403.65 9013.84 -3403.65 1401.68
3.18 5115.67 723.546 -767.692 5628.23 -767.692 723.546
3.2 8500.66 -44.8677 3627.56 1510.21 3627.56 -44.8677
3.22 12612 -2154.84 5815.68 -3003.3 5815.68 -2154.84
3.24 17444.3 -5312.48 3853.4 -7526.41 3853.4 -5312.48
3.26 21995.8 -7738.4 -151.535 -11811.7 -151.535 -7738.4
3.28 25148.2 -8233.85 -2235.37 -15739.6 -2235.37 -8233.85
3.3 26645.5 -7388.89 -638.493 -19207.1 -638.493 -7388.89
3.32 27100.8 -6623.17 2759.55 -22107.3 2759.55 -6623.17
3.34 27212.2 -6648.99 4784.87 -24362.5 4784.87 -6648.99
3.36 27144.4 -7090.51 4010.37 -25911 4010.37 -7090.51
3.38 26567 -7270.02 1472.61 -26697.6 1472.61 -7270.02
3.4 25056.9 -7088.9 -779.446 -26694.3 -779.446 -7088.9
3.42 22390 -7011.06 -1355.24 -25855.4 -1355.24 -7011.06
3.44 18551 -7176.61 -235.342 -24041.3 -235.342 -7176.61
3.46 13632.2 -6846.68 1474.08 -21077.9 1474.08 -6846.68
3.48 7825.92 -5069.06 2395.7 -16938.4 2395.7 -5069.06
3.5 1486.43 -1799.59 1836.42 -11846.2 1836.42 -1799.59
3.52 -4918.85 1887.17 160.761 -6200.71 160.761 1887.17
3.54 -10990.7 4637.68 -1637.69 -411.495 -1637.69 4637.68
3.56 -16546.4 5765.91 -2627.05 5253.87 -2627.05 5765.91
3.58 -21616.9 5646.86 -2353.55 10735.6 -2353.55 5646.86
3.6 -26298.9 5490.48 -1037.25 16102.1 -1037.25 5490.48
3.62 -30529.1 6490.47 315.328 21355.1 315.328 6490.47
3.64 -33945.7 8670.25 270.724 26276.8 270.724 8670.25
3.66 -36067.5 10561.5 -1882.82 30468.1 -1882.82 10561.5
3.68 -36763 10557 -5072.66 33554.4 -5072.66 10557
3.7 -36523.9 8827.03 -6993.93 35375 -6993.93 8827.03
3.72 -36092 7469.28 -6194.79 35993.5 -6194.79 7469.28
3.74 -35702.2 8339.99 -3426.7 35549.7 -3426.7 8339.99
3.76 -34745.8 10941.3 -700.769 34109.1 -700.769 10941.3
3.78 -32239.4 12810.2 599.796 31627.8 599.796 12810.2
3.8 -27616.6 11867.5 432.066 28018.1 432.066 11867.5
3.82 -21125.9 8138.7 -438.155 23244.7 -438.155 8138.7
3.84 -13620.5 3449.11 -1099.6 17409.1 -1099.6 3449.11
3.86 -6010.78 -112.148 -1026.66 10775.8 -1026.66 -112.148
3.88 1219.67 -1636.9 -487.623 3693.65 -487.623 -1636.9
3.9 8113.02 -1988.24 -191.747 -3530.94 -191.747 -1988.24
3.92 14885.6 -3093.09 -249.78 -10647.6 -249.78 -3093.09
3.94 21451.1 -6173.42 129.063 -17350.2 129.063 -6173.42
3.96 27285.2 -10425 1557.55 -23240.3 1557.55 -10425
3.98 31747 -13620.3 3405.83 -27971.2 3405.83 -13620.3
4 34510.5 -14110.1 4195.41 -31406.3 4195.41 -14110.1
4.02 35693.4 -12232.9 2956.06 -33621 2956.06 -12232.9
4.04 35597.5 -9887.23 86.7338 -34774.7 86.7338 -9887.23
4.06 34314.4 -8724.42 -2898.35 -34954.2 -2898.35 -8724.42
4.08 31574.4 -8627.39 -4399.97 -34063.6 -4399.97 -8627.39
4.1 27041.8 -8044.19 -3826.98 -31858.1 -3826.98 -8044.19
4.12 20809.4 -5883.87 -1911.66 -28142.9 -1911.66 -5883.87
4.14 13543.1 -2703.26 68.1393 -22975.6 68.1393 -2703.26
4.16 6093.68 186.664 1313.77 -16698.2 1313.77 186.664
4.18 -955.475 2172.85 1695.54 -9812.76 1695.54 2172.85
4.2 -7345.65 3369.56 1278.6 -2813 1278.6 3369.56
4.22 -12981.4 3816.76 145.954 3967.79 145.954 3816.76
4.24 -17929.7 3580.62 -1389.09 10446.5 -1389.09 3580.62
4.26 -22477.1 3404.64 -2862.74 16728.4 -2862.74 3404.64
4.28 -26935.9 4314.93 -3958.23 22910.4 -3958.23 4314.93
4.3 -31333 6510.3 -4394.5 28916.4 -4394.5 6510.3
4.32 -35340.6 9188.22 -3764.47 34476 -3764.47 9188.22
4.34 -38439.4 11354.1 -2049.09 39186.1 -2049.09 11354.1
4.36 -40095.7 12455.2 -163.208 42591 -163.208 12455.2
4.38 -39944 12616.5 582.512 44290.5 582.512 12616.5
4.4 -37957.3 12658.1 -349.701 44042.7 -349.701 12658.1
4.42 -34361.5 13460.3 -2329.69 41778.2 -2329.69 13460.3
4.44 -29282.1 14855.3 -4242.66 37537.1 -4242.66 14855.3
4.46 -22565.8 15307.1 -5251.49 31441.3 -5251.49 15307.1
4.48 -14047.5 13012 -4836.12 23748.7 -4836.12 13012
4.5 -3945.82 7487.85 -2580.87 14886.3 -2580.87 7487.85
4.52 7087.18 205.579 1389.91 5365.46 1389.91 205.579
4.54 18300.4 -6283.49 5791.03 -4374.44 5791.03 -6283.49
4.56 29207.1 -10050.4 8775.05 -14080.7 8775.05 -10050.4
4.58 39677.5 -11134.5 9590.02 -23690.7 9590.02 -11134.5
4.6 49782.6 -11530.2 9291.16 -33191.6 9291.16 -11530.2
4.62 59548.6 -13543.5 9420.78 -42383.4 9420.78 -13543.5
4.64 68729.4 -17731.1 10089.1 -50754.4 10089.1 -17731.1
4.66 76716.2 -22522.3 9763.46 -57628.6 9763.46 -22522.3
4.68 82666.2 -25964.8 7280.11 -62461.6 7280.11 -25964.8
4.7 85748.3 -27459.3 3891.64 -65017.6 3891.64 -27459.3
4.72 85373.4 -27648.9 2604.91 -65339.3 2604.91 -27648.9
4.74 81414 -27203.4 5026.63 -63597.2 5026.63 -27203.4
4.76 74298.7 -26085.9 9265.02 -59945.2 9265.02 -26085.9
4.78 64744.5 -23599.7 11561.4 -54485.2 11561.4 -23599.7
4.8 53293.6 -18901.8 9977.57 -47360.2 9977.57 -18901.8
4.82 40226.3 -11920.2 6103.43 -38861.4 6103.43 -11920.2
4.84 25969.3 -4048.69 3104.68 -29415.5 3104.68 -4048.69
4.86 11392.8 2387.87 2428.15 -19455.4 2428.15 2387.87
4.88 -2487.65 5590.61 2688.76 -9291.7 2688.76 5590.61
4.9 -15153.9 5272.92 1708.38 918.8 1708.38 5272.92
4.92 -26975.2 2734.78 -758.27 11125 -758.27 2734.78
4.94 -38984.6 541.081 -2733.34 21310.3 -2733.34 541.081
4.96 -52094.4 1650.69 -2430.77 31401.3 -2430.77 1650.69
4.98 -66235.2 7659.71 -496.754 41156.6 -496.754 7659.71
5 -80121.7 17331.3 503.148 50115.2 503.148 17331.3
5.02 -91918.5 27138.5 -1381.69 57693.2 -1381.69 27138.5
5.04 -100270 33616.1 -5752.54 63384.2 -5752.54 33616.1
5.06 -104868 35488.5 -10420.1 66929.6 -10420.1 35488.5
5.08 -106250 34069.1 -13318.6 68365.1 -13318.6 34069.1
5.1 -105161 32016.6 -13956.5 67923.2 -13956.5 32016.6
5.12 -101981 31394.4 -13273.9 65821.3 -13273.9 31394.4
5.14 -96529.8 32290.4 -12156 62067.4 -12156 32290.4
5.16 -88285.3 33105.7 -10235.8 56470.1 -10235.8 33105.7
5.18 -76716.6 32292.1 -6534.05 48856.7 -6534.05 32292.1
5.2 -61425.1 29676.3 -1294.38 39255.6 -1294.38 29676.3
5.22 -42073.6 25799.7 3415.85 27865.3 3415.85 25799.7
5.24 -18419.1 20039.6 5399.42 14938.1 5399.42 20039.6
5.26 9315.51 10006.5 4473.59 811.083 4473.59 10006.5
5.28 39866.8 -6299.55 2783.87 -13914.8 2783.87 -6299.55
5.3 70648.5 -27201.8 3254.64 -28277.9 3254.64 -27201.8
5.32 98312.4 -46589.7 7601.89 -41130.8 7601.89 -46589.7
5.34 120156 -57392.8 14911.6 -51576.5 14911.6 -57392.8
5.36 135429 -56662.8 21560.5 -59491.4 21560.5 -56662.8
5.38 145346 -47757.4 23284.5 -65769.8 23284.5 -47757.4
5.4 151714 -37042.9 18468.6 -71721.6 18468.6 -37042.9
5.42 155381 -27815.2 9626.43 -77704 9626.43 -27815.2
5.44 156061 -19097.1 1251.72 -82583.8 1251.72 -19097.1
5.46 153729 -11363.3 -3870.65 -85072.1 -3870.65 -11363.3
5.48 149437 -10043.1 -6069.29 -85289.5 -6069.29 -10043.1
5.5 143772 -19856.8 -6972.89 -84461.7 -6972.89 -19856.8
5.52 134797 -36269.4 -7198.56 -83115.2 -7198.56 -36269.4
5.54 118759 -46610.6 -6149.14 -80127.8 -6149.14 -46610.6
5.56 93366.7 -41319.8 -3572.63 -73887 -3572.63 -41319.8
5.58 59973.6 -21452 -509.432 -64084.1 -509.432 -21452
5.6 22560.2 4911.66 1857.32 -52067.2 1857.32 4911.66
5.62 -14577.6 29841.5 4074 -39601.4 4074 29841.5
5.64 -47884.8 47936.6 7988.98 -27540.5 7988.98 47936.6
5.66 -74509.2 55402.2 13733.2 -15609.1 13733.2 55402.2
5.68 -92739.8 50881.3 18140.2 -3116.42 18140.2 50881.3
5.7 -102996 37671.9 17513.3 10399 17513.3 37671.9
5.72 -107929 23218.3 11787.2 25116.8 11787.2 23218.3
5.74 -110911 14842.5 5101.05 41008.5 5101.05 14842.5
5.76 -113969 15262.8 2230.03 57493.6 2230.03 15262.8
5.78 -116800 21747.3 4751.96 73077.5 4751.96 21747.3
5.8 -117448 29231.6 10269.4 85783.2 10269.4 29231.6
5.82 -113821 34345.4 14574.6 94269.7 14574.6 34345.4
5.84 -104804 36808.5 14540.8 98498.6 14540.8 36808.5
5.86 -90360.2 37274.5 9879.21 99101.1 9879.21 37274.5
5.88 -71078.4 34671.6 2967.84 96088.7 2967.84 34671.6
5.9 -48012.1 27008.7 -3188.79 88480.4 -3188.79 27008.7
5.92 -22932 14957.3 -7326.19 75384.1 -7326.19 14957.3
5.94 1719.72 3335.96 -10214.5 57212.5 -10214.5 3335.96
5.96 23649.1 -1825.11 -12741.2 35537.4 -12741.2 -1825.11
5.98 41846.2 2228.64 -14597.4 11800.8 -14597.4 2228.64
6 57191 12535.2 -15003.3 -13616.6 -15003.3 12535.2
6.02 72027.9 20972.9 -13439.7 -41053.2 -13439.7 20972.9
6.04 88751.8 17515.4 -9325.26 -70426.4 -9325.26 17515.4
6.06 107982 -4165.63 -2664.92 -100356 -2664.92 -4165.63
6.08 127228 -40696.8 4457.88 -128152 4457.88 -40696.8
6.1 140993 -77181.4 9045.39 -150538 9045.39 -77181.4
6.12 143034 -93838.5 10223.5 -164626 10223.5 -93838.5
6.14 130275 -79171.6 8549.43 -168703 8549.43 -79171.6
6.16 105579 -39823.9 2152.57 -162619 2152.57 -39823.9
6.18 76156.7 2595.74 -12268.4 -147595 -12268.4 2595.74
6.2 48170 26859.8 -32430.3 -125395 -32430.3 26859.8
6.22 22508.4 26744.8 -47452.6 -97555.5 -47452.6 26744.8
6.24 -4109.85 11073.6 -44537.5 -65450.2 -44537.5 11073.6
6.26 -34254.7 -7775.94 -20070.3 -30149.1 -20070.3 -7775.94
6.28 -66521.8 -21046.7 10932.2 8723.98 10932.2 -21046.7
6.3 -96886 -23258.2 15890.9 52355.8 15890.9 -23258.2
6.32 -122648 -11991.5 -30898.2 100320 -30898.2 -11991.5
6.34 -145711 12075.4 -116681 150913 -116681 12075.4
6.36 -171923 47274.5 -195787 203578 -195787 47274.5
6.38 -204798 90778.6 -229444 258551 -229444 90778.6
6.4 -239774 132530 -223220 312463 -223220 132530
6.42 -267008 155026 -214275 356869 -214275 155026
6.44 -280461 147231 -214094 384256 -214094 147231
6.46 -281690 114078 -195705 391628 -195705 114078
6.48 -273558 71114.4 -139577 377787 -139577 71114.4
6.5 -253750 25541.1 -67477.6 343740 -67477.6 25541.1
6.52 -217494 -18887.3 -28822.3 296835 -28822.3 -18887.3
6.54 -165757 -51780.6 -55222.3 249542 -55222.3 -51780.6
6.56 -108166 -67444.5 -126265 212422 -126265 -67444.5
6.58 -57668 -63482.1 -186666 188860 -186666 -63482.1
6.6 -22074.7 -41471.3 -196666 173779 -196666 -41471.3
6.62 1367.93 -13696.7 -159742 155696 -159742 -13696.7
6.64 22817.1 -1210.8 -105748 122476 -105748 -1210.8
6.66 49961.8 -18120.4 -57373.8 68263 -57373.8 -18120.4
6.68 81732.1 -57256.4 -14588.8 -3562.68 -14588.8 -57256.4
6.7 111736 -98099.8 34389.5 -83672.8 34389.5 -98099.8
6.72 136048 -126308 92587.7 -162266 92587.7 -126308
6.74 156296 -140780 146907 -231834 146907 -140780
6.76 176171 -145192 179299 -286999 179299 -145192
6.78 196923 -139739 181476 -323731 181476 -139739
6.8 216961 -122454 157036 -339990 157036 -122454
6.82 234135 -95087.1 114813 -338400 114813 -95087.1
6.84 246377 -64267.4 67834.2 -327008 67834.2 -64267.4
6.86 250697 -36393.8 32872.5 -313789 32872.5 -36393.8
6.88 244593 -13910.4 20927.1 -300748 20927.1 -13910.4
6.9 228784 2031.99 31971.6 -286513 31971.6 2031.99
6.92 205931 9198.64 58644.1 -272425 58644.1 9198.64
6.94 178553 7942.5 88176.6 -261454 88176.6 7942.5
6.96 149467 4377.6 106511 -252724 106511 4377.6
6.98 120931 2045.85 107526 -240860 107526 2045.85
7 93335.9 -2562.98 96053.7 -219011 96053.7 -2562.98
7.02 65404 -10638.2 79942.9 -181069 79942.9 -10638.2
7.04 34854.4 -15888.2 61853.5 -124385 61853.5 -15888.2
7.06 -503.695 -7823.9 39339.2 -51583.1 39339.2 -7823.9
7.08 -41143.1 20305.6 10101.1 31217.2 10101.1 20305.6
7.1 -84584.8 64498.2 -23968.2 116061 -23968.2 64498.2
7.12 -125925 110349 -56840.1 192724 -56840.1 110349
7.14 -160101 141659 -81870.9 250361 -81870.9 141659
7.16 -184198 150801 -95609.3 282365 -95609.3 150801
7.18 -197985 141065 -98598 289643 -98598 141065
7.2 -202530 119553 -92499.9 278678 -92499.9 119553
7.22 -199088 89865.8 -76873.7 257054 -76873.7 89865.8
7.24 -189130 53454.9 -50207.9 231682 -50207.9 53454.9
7.26 -173915 14889.2 -16105.4 208870 -16105.4 14889.2
7.28 -154157 -17397.8 12896.5 192515 12896.5 -17397.8
7.3 -130732 -35733.8 22148.3 182321 22148.3 -35733.8
7.32 -105399 -36520.9 7029.28 175195 7029.28 -36520.9
7.34 -80605.6 -20083.2 -23464 167408 -23464 -20083.2
7.36 -58129.8 8976.73 -54728.5 154271 -54728.5 8976.73
7.38 -37533.9 40192.2 -75303.1 129072 -75303.1 40192.2
7.4 -16333.6 58509.9 -79154.1 85222.8 -79154.1 58509.9
7.42 7730.9 52745.5 -64962.3 21563.8 -64962.3 52745.5
7.44 34551.8 24445.7 -36351.5 -54399.2 -36351.5 24445.7
7.46 61835 -13925.5 -1087.03 -129684 -1087.03 -13925.5
7.48 86999.8 -49789 32718.7 -192837 32718.7 -49789
7.5 108499 -77094.8 60253.2 -238192 60253.2 -77094.8
7.52 125704 -93772.4 79760.8 -264980 79760.8 -93772.4
7.54 138487 -97734.4 89584.8 -274474 89584.8 -97734.4
7.56 147350 -88037.5 85721.3 -268733 85721.3 -88037.5
7.58 153308 -68163.6 63141.4 -251132 63141.4 -68163.6
7.6 156510 -45300.2 23183.7 -226336 23183.7 -45300.2
7.62 154676 -25400.6 -19438.2 -198421 -19438.2 -25400.6
7.64 144139 -9839.27 -42620.5 -169250 -42620.5 -9839.27
7.66 123549 2030.81 -35014.5 -139642 -35014.5 2030.81
7.68 96174.3 8372.6 -6439 -111571 -6439 8372.6
7.7 67793.9 5154.74 22416.4 -87301.7 22416.4 5154.74
7.72 42267 -9243.99 38146.6 -65752 38146.6 -9243.99
7.74 19128.3 -29309.8 40537 -40598.2 40537 -29309.8
7.76 -5006.02 -41909.1 34540 -3534.41 34540 -41909.1
7.78 -32815.7 -34547.2 22023.4 49065.5 22023.4 -34547.2
7.8 -63671.1 -6153.7 1779.98 112197 1779.98 -6153.7
7.82 -94060 32514.2 -25982.2 174726 -25982.2 32514.2
7.84 -120180 68463.3 -57094.4 225393 -57094.4 68463.3
7.86 -140025 93640.2 -84329.1 257081 -84329.1 93640.2
7.88 -153353 104229 -100214 267460 -100214 104229
7.9 -160684 98437.2 -99594.6 257823 -99594.6 98437.2
7.92 -162913 77952.9 -80119.8 232237 -80119.8 77952.9
7.94 -161042 49611.1 -43487 197059 -43487 49611.1
7.96 -155005 22389.4 -210.462 159522 -210.462 22389.4
7.98 -142955 1896.26 30182.5 125332 30182.5 1896.26
8 -123197 -11290.6 31469.2 97044 31469.2 -11290.6
8.02 -97237 -18133.3 5383.72 74565.2 5383.72 -18133.3
8.04 -69929.1 -17635.7 -29200.2 56586.9 -29200.2 -17635.7
8.06 -46039.4 -7935.98 -52675.8 40796.7 -52675.8 -7935.98
8.08 -26812.2 8726.35 -58437.5 22998.1 -58437.5 8726.35
8.1 -9705.06 23499.4 -51464 -2200.77 -51464 23499.4
8.12 8817.43 25991.3 -38130.5 -37914.5 -38130.5 25991.3
8.14 30104.7 13069.3 -20290.1 -81622.8 -20290.1 13069.3
8.16 52776.3 -8561.84 2557.14 -125934 2557.14 -8561.84
8.18 74991.5 -29479.6 28480.4 -163221 28480.4 -29479.6
8.2 96520.3 -45705.5 51385.8 -189496 51385.8 -45705.5
8.22 118275 -58839.7 63709.3 -204237 63709.3 -58839.7
8.24 140224 -70281.5 61151.3 -207711 61151.3 -70281.5
8.26 160177 -77791.3 45172.6 -199436 45172.6 -77791.3
8.28 174473 -77285.8 21655.4 -179150 21655.4 -77285.8
8.3 179691 -66364.8 -1351.85 -148656 -1351.85 -66364.8
8.32 174152 -46201.7 -15703.4 -112451 -15703.4 -46201.7
8.34 158772 -21323 -17327.6 -76747.6 -17327.6 -21323
8.36 136940 2191.04 -9628.32 -47724.8 -9628.32 2191.04
8.38 113047 19236.8 -367.049 -29763.6 -367.049 19236.8
8.4 90457.8 27517.5 5419.52 -24053.5 5419.52 27517.5
8.42 70656.6 26824.7 8307.89 -27982.4 8307.89 26824.7
8.44 53767.4 16917.5 10871.8 -35076.9 10871.8 16917.5
8.46 38824.9 -481.561 13124.4 -35544.5 13124.4 -481.561
8.48 23562.4 -17206.4 12213.6 -19659.2 12213.6 -17206.4
8.5 5212.8 -21274.2 5519.66 15669.9 5519.66 -21274.2
8.52 -17508.5 -7058.78 -6855.45 62841.1 -6855.45 -7058.78
8.54 -43165.2 19478.5 -22110.7 107489 -22110.7 19478.5
8.56 -68638.6 47190.4 -36320.3 137285 -36320.3 47190.4
8.58 -91211.2 68570.3 -46095.6 147374 -46095.6 68570.3
8.6 -109366 81331.4 -49448.7 139399 -49448.7 81331.4
8.62 -122204 84872.5 -45360.9 118171 -45360.9 84872.5
8.64 -128978 78598.5 -33344.2 89972.7 -33344.2 78598.5
8.66 -129153 63402.6 -15576.7 61950.8 -15576.7 63402.6
8.68 -122542 42730.1 946.975 40381.9 946.975 42730.1
8.7 -109684 21327.3 8148.75 28313.6 8148.75 21327.3
8.72 -92389.2 3322.51 3911.54 24893.8 3911.54 3322.51
8.74 -73543.9 -8586.38 -6497.53 26997.8 -6497.53 -8586.38
8.76 -55892.4 -13089.1 -16096 31306.1 -16096 -13089.1
8.78 -40915.6 -10223.5 -21569.9 35076.5 -21569.9 -10223.5
8.8 -28648.3 -969.666 -23310.5 35604.5 -23310.5 -969.666
8.82 -18028.2 12745.9 -22415.8 29359.1 -22415.8 12745.9
8.84 -7078.77 26003.9 -18901.2 12510.8 -18901.2 26003.9
8.86 6574.19 30831.5 -12170.9 -15915.6 -12170.9 30831.5
8.88 24340.9 21978.8 -2255.07 -51139.7 -2255.07 21978.8
8.9 45604.3 2034.3 9484.92 -84538.3 9484.92 2034.3
8.92 68180.5 -21479.4 20420.4 -109054 20420.4 -21479.4
8.94 89688 -42475.2 27359.9 -122116 27359.9 -42475.2
8.96 108196 -57805.6 27644.3 -124087 27644.3 -57805.6
8.98 121898 -64992.5 20457.1 -116069 20457.1 -64992.5
9 129037 -62241.9 8554.11 -100159 8554.11 -62241.9
9.02 128642 -50930.4 -1654.09 -80621.9 -1654.09 -50930.4
9.04 121311 -35817.8 -4859.87 -63069.4 -4859.87 -35817.8
9.06 109093 -21637.8 -2573.64 -51771.8 -2573.64 -21637.8
9.08 94361.4 -10089.4 -1630.57 -47727.3 -1630.57 -10089.4
9.1 78597.9 -680.091 -6036.66 -49012 -6036.66 -680.091
9.12 62217.3 6186.87 -11976 -52384.1 -11976 6186.87
9.14 45397.4 7964.88 -12047.8 -54379.2 -12047.8 7964.88
9.16 28699.8 2149.28 -3794.76 -51182 -3794.76 2149.28
9.18 12631.1 -9333.7 6525.89 -38184.5 6525.89 -9333.7
9.2 -3220.84 -17711.1 8496.19 -11564.8 8496.19 -17711.1
9.22 -20058.2 -12512.7 -3782.84 27678.8 -3782.84 -12512.7
9.24 -38453.5 8342.77 -26597.5 71563.2 -26597.5 8342.77
9.26 -57154.3 34858.7 -49649.2 108806 -49649.2 34858.7
9.28 -73733.9 52818.5 -64134.1 131558 -64134.1 52818.5
9.3 -86666.2 55352.2 -68020.1 138909 -68020.1 55352.2
9.32 -96657.2 47382.2 -64150.3 135117 -64150.3 47382.2
9.34 -105739 39926.2 -54717.9 125825 -54717.9 39926.2
9.36 -114796 40051.6 -39718.6 115765 -39718.6 40051.6
9.38 -121759 45331.1 -21891.7 108111 -21891.7 45331.1
9.4 -122544 47393.9 -9837.63 103944 -9837.63 47393.9
9.42 -114504 40771 -11587.6 101909 -11587.6 40771
9.44 -99145.5 28201 -25530 99213.6 -25530 28201
9.46 -81060.2 17419.2 -41035.8 93563.8 -41035.8 17419.2
9.48 -64224.7 13490.9 -48441.6 84236.4 -48441.6 13490.9
9.5 -49635.5 15086.9 -46447.5 71620.7 -46447.5 15086.9
9.52 -36115.8 17914 -39869.7 56116.4 -39869.7 17914
9.54 -22410.5 19916.1 -32777.4 37253.9 -32777.4 19916.1
9.56 -7945.71 21282.4 -25429.6 13668 -25429.6 21282.4
9.58 7859.26 20753.9 -16587.8 -15477.1 -16587.8 20753.9
9.6 25937.1 15001.9 -6506.22 -48644 -6506.22 15001.9
9.62 46742 2043.22 2862.98 -81805 2862.98 2043.22
9.64 69305.8 -16221.6 9430.06 -110156 9430.06 -16221.6
9.66 91386.8 -35290 12115.2 -129808 12115.2 -35290
9.68 110380 -50919 11009.9 -138501 11009.9 -50919
9.7 123990 -60250.2 6804.19 -135916 6804.19 -60250.2
9.72 130495 -61300.7 197.982 -124047 197.982 -61300.7
9.74 129010 -53214.7 -7554.16 -107063 -7554.16 -53214.7
9.76 119869 -37695.2 -14041.2 -89915.5 -14041.2 -37695.2
9.78 104814 -19602.3 -17327.9 -76254.6 -17327.9 -19602.3
9.8 86515.7 -5236.1 -17902.8 -67077.1 -17902.8 -5236.1
9.82 67296.8 826.999 -17327.6 -60760.6 -17327.6 826.999
9.84 47941.6 -1941.99 -15282.1 -53878.6 -15282.1 -1941.99
9.86 27736.9 -9524.79 -9970.93 -42120.6 -9970.93 -9524.79
9.88 5724.21 -14775.6 -2141.26 -21613.4 -2141.26 -14775.6
9.9 -17926.5 -11597.3 2882.2 8976.21 2882.2 -11597.3
9.92 -41545.4 366.099 -1131.72 46812.6 -1131.72 366.099
9.94 -62975.5 15734.1 -15424 85579 -15424 15734.1
9.96 -81115.4 28697.5 -34533 118378 -34533 28697.5
9.98 -96419.5 37670.9 -50444 140732 -50444 37670.9
10 -109801 44408.5 -58326.1 151736 -58326.1 44408.5
10.02 -121252 49837 -58860.7 153261 -58860.7 49837
10.04 -129763 52198.5 -55883.6 148387 -55883.6 52198.5
10.06 -134472 49364 -51731.7 140184 -51731.7 49364
10.08 -135587 42122.7 -44652.8 131052 -44652.8 42122.7
10.1 -133870 34424.2 -32110 122318 -32110 34424.2
10.12 -129169 30121.6 -17086.4 113974 -17086.4 30121.6
10.14 -119920 29718.9 -8334.56 104892 -8334.56 29718.9
10.16 -104530 30468.6 -12340.4 93583.8 -12340.4 30468.6
10.18 -83142.4 29157.5 -26366.1 78909.1 -26366.1 29157.5
10.2 -57854.8 24224.5 -40727.7 60243.4 -40727.7 24224.5
10.22 -31393 16025.7 -46959.6 37563.9 -46959.6 16025.7
10.24 -5809.51 6481.61 -43092.4 11890.6 -43092.4 6481.61
10.26 17936.8 -2115.91 -32676.4 -14736.6 -32676.4 -2115.91
10.28 39803.4 -8996.03 -20798.3 -40276.9 -20798.3 -8996.03
10.3 60171 -15226.8 -10908.9 -63610.7 -10908.9 -15226.8
10.32 79151.3 -21962.3 -3723.63 -84279.8 -3723.63 -21962.3
10.34 96252.4 -28981.2 1788.44 -101571 1788.44 -28981.2
10.36 110769 -35082.2 6081.74 -114208 6081.74 -35082.2
10.38 122273 -39294 7621.16 -120964 7621.16 -39294
10.4 130496 -41329.1 4096.4 -121443 4096.4 -41329.1
10.42 134840 -41172.7 -5049.38 -116251 -5049.38 -41172.7
10.44 134205 -38771.6 -17068.7 -106634 -17068.7 -38771.6
10.46 127424 -34212.7 -26416.2 -94072 -26416.2 -34212.7
10.48 114039 -28010.2 -28015.6 -80047.6 -28015.6 -28010.2
10.5 94935.9 -21362.1 -21762.6 -65898.6 -21762.6 -21362.1
10.52 72142.1 -15866.5 -13036.8 -52396.6 -13036.8 -15866.5
10.54 47636.9 -11940.6 -7544.31 -39032.9 -7544.31 -11940.6
10.56 22350.4 -7577.97 -6668.61 -23980.9 -6668.61 -7577.97
10.58 -3387.94 -282.827 -8646.69 -5423.43 -8646.69 -282.827
10.6 -28664.1 9579.13 -12541.5 16946.9 -12541.5 9579.13
10.62 -51903.5 18658.9 -18984.1 41871.5 -18984.1 18658.9
10.64 -72039.6 24008.4 -27583.7 67617 -27583.7 24008.4
10.66 -89285.1 25919.1 -35746.9 92688.8 -35746.9 25919.1
10.68 -104574 27489.7 -40789.4 115631 -40789.4 27489.7
10.7 -118421 31936.4 -42349.1 134692 -42349.1 31936.4
10.72 -130269 39983.8 -42284.5 148035 -42284.5 39983.8
10.74 -138641 48932.8 -42469.9 154320 -42469.9 48932.8
10.76 -141913 54204.6 -42550.8 153185 -42550.8 54204.6
10.78 -139209 52697.5 -40083.4 145443 -40083.4 52697.5
10.8 -130643 45064.9 -33935.9 132851 -33935.9 45064.9
10.82 -116804 34663.9 -26874.7 117552 -26874.7 34663.9
10.84 -98391.6 24629 -23230.5 101529 -23230.5 24629
10.86 -76379.6 16193.7 -24538.7 86153.3 -24538.7 16193.7
10.88 -52165.6 9309.71 -28574.5 71653.8 -28574.5 9309.71
10.9 -27325.7 3832.28 -32017.7 56708.2 -32017.7 3832.28
10.92 -3246.29 140.995 -32887.5 39024.7 -32887.5 140.995
10.94 19159.8 -940.411 -30883.7 16872.2 -30883.7 -940.411
10.96 39742.2 249.985 -26647.8 -9932.18 -26647.8 249.985
10.98 59165.6 358.503 -20822.3 -40288.3 -20822.3 358.503
11 78246.2 -5673.68 -13238.4 -72330.6 -13238.4 -5673.68
11.02 96863.7 -20036 -3238.7 -103417 -3238.7 -20036
11.04 113566 -39002.1 8518.3 -130176 8518.3 -39002.1
11.06 126377 -55017.4 18778.6 -149350 18778.6 -55017.4
11.08 133957 -61778.7 22908.5 -159015 22908.5 -61778.7
11.1 136035 -57704.6 17492.7 -159176 17492.7 -57704.6
11.12 132970 -45956.7 2691.42 -151411 2691.42 -45956.7
11.14 125007 -31949.3 -15803.2 -137896 -15803.2 -31949.3
11.16 112004 -20174.1 -28318.4 -120552 -28318.4 -20174.1
11.18 94064.7 -12417.6 -28431.4 -100998 -28431.4 -12417.6
11.2 72349.6 -8221.16 -18834.3 -80866.9 -18834.3 -8221.16
11.22 48839 -6510.96 -8030.48 -61415.4 -8030.48 -6510.96
11.24 25174.3 -6367.09 -1963.07 -42417.1 -1963.07 -6367.09
11.26 1999.42 -6404.18 -853.389 -21859.9 -853.389 -6404.18
11.28 -20573.7 -4768.49 -3083.79 2559.71 -3083.79 -4768.49
11.3 -42265.8 -229.122 -8901.59 31592.8 -8901.59 -229.122
11.32 -62608.4 7620.48 -19470.5 64177.8 -19470.5 7620.48
11.34 -81280.9 19073.9 -34412.1 98405.8 -34412.1 19073.9
11.36 -98033.9 33753.5 -51477.5 132068 -51477.5 33753.5
11.38 -112286 48813.6 -67406.1 162454 -67406.1 48813.6
11.4 -123172 59019.8 -78371 186429 -78371 59019.8
11.42 -130198 60179.2 -80900.7 201308 -80900.7 60179.2
11.44 -133675 52846.8 -73460.3 205826 -73460.3 52846.8
11.46 -134280 42235.2 -57440.7 200343 -57440.7 42235.2
11.48 -132053 34247.8 -37883.7 186351 -37883.7 34247.8
11.5 -125822 31339.3 -22993.7 165914 -22993.7 31339.3
11.52 -113908 31457.1 -19379.2 141482 -19379.2 31457.1
11.54 -95667 30265 -26215.9 115796 -26215.9 30265
11.56 -72304.4 24789.7 -36251.7 91247.8 -36251.7 24789.7
11.58 -46258.8 15988 -43267.8 68756.4 -43267.8 15988
11.6 -20059.1 7794.16 -46386.9 47168.6 -46386.9 7794.16
11.62 4404.7 3143.87 -46627.9 24109.8 -46627.9 3143.87
11.64 26192 1027.27 -42589.5 -2333.52 -42589.5 1027.27
11.66 45326.4 -2199.37 -32029.9 -32678.6 -32029.9 -2199.37
11.68 62347.9 -8705 -15932 -66228.4 -15932 -8705
11.7 77660.7 -17040.9 1571.68 -101404 1571.68 -17040.9
11.72 91378.6 -24270 16758 -135682 16758 -24270
11.74 103747 -29539.4 28145.7 -165650 28145.7 -29539.4
11.76 115314 -34817 35389.4 -187717 35389.4 -34817
11.78 126333 -42076.6 37932.4 -199190 37932.4 -42076.6
11.8 136015 -50169.5 34395.8 -198970 34395.8 -50169.5
11.82 142499 -54845.7 22695.2 -187619 22695.2 -54845.7
11.84 143479 -52049.5 3133.41 -167138 3133.41 -52049.5
11.86 136955 -41329.6 -17322.4 -140627 -17322.4 -41329.6
11.88 122147 -26397.6 -27676.1 -111814 -27676.1 -26397.6
11.9 100415 -12669.3 -22565.8 -84372.4 -22565.8 -12669.3
11.92 75042.3 -3974.69 -7567.69 -60880.6 -7567.69 -3974.69
11.94 49581.5 -1030.24 6178.19 -41659.1 6178.19 -1030.24
11.96 26189.9 -2322.92 11133.8 -24426.1 11133.8 -2322.92
11.98 5203.82 -5464.56 6889.42 -5456.36 6889.42 -5464.56
12 -14267.2 -7731.38 -2878.62 18416.7 -2878.62 -7731.38
12.02 -33411.6 -6424.59 -14845.2 48384.4 -14845.2 -6424.59
12.04 -52901.4 482.912 -28182.4 83412.5 -28182.4 482.912
12.06 -72543.2 13600 -43975.9 120635 -43975.9 13600
12.08 -91490.6 31412.1 -62732 155976 -62732 31412.1
12.1 -108678 49927.7 -81918 185068 -81918 49927.7
12.12 -123161 63740.3 -96245.1 204406 -96245.1 63740.3
12.14 -134360 68880.6 -101098 212372 -101098 68880.6
12.16 -142180 65367.7 -95534.9 209566 -95534.9 65367.7
12.18 -146752 56636.9 -81473.1 198101 -81473.1 56636.9
12.2 -147892 46419.1 -61620.5 180395 -61620.5 46419.1
12.22 -144721 36635.4 -40707.6 158705 -40707.6 36635.4
12.24 -135902 27783.4 -26867.1 135365 -26867.1 27783.4
12.26 -120826 20178 -26683 112803 -26683 20178
12.28 -100827 14664 -38172.7 93056.8 -38172.7 14664
12.3 -78757.2 12654.1 -52088.5 77129.5 -52088.5 12654.1
12.32 -57108.2 15267.3 -60798.1 64330.2 -60798.1 15267.3
12.34 -36641.6 21751.5 -63599.8 52027.4 -63599.8 21751.5
12.36 -16633 28506.2 -63226.8 36447.3 -63226.8 28506.2
12.38 3911.81 30223.5 -59977 14319 -59977 30223.5
12.4 25233.6 22886.2 -50844.5 -15555.6 -50844.5 22886.2
12.42 46619.4 6278.17 -33276.7 -51488.4 -33276.7 6278.17
12.44 66893.7 -15882.4 -8659.86 -89165.6 -8659.86 -15882.4
12.46 85037 -37884.6 17389 -123045 17389 -37884.6
12.48 100463 -54506.9 37656.9 -148301 37656.9 -54506.9
12.5 112919 -62896.5 47169 -162281 47169 -62896.5
12.52 122267 -63235 45681.2 -164935 45681.2 -63235
12.54 128371 -57821.3 36195.7 -158250 36195.7 -57821.3
12.56 131034 -49246.1 20586 -145181 20586 -49246.1
12.58 129772 -39262.1 -936.408 -128736 -936.408 -39262.1
12.6 123401 -28864.7 -23858.2 -111338 -23858.2 -28864.7
12.62 110364 -18885.5 -37206.6 -94490.5 -37206.6 -18885.5
12.64 90372.6 -10540.7 -32749.2 -78962.6 -32749.2 -10540.7
12.66 65650.5 -5382.27 -14387.9 -65105.8 -14387.9 -5382.27
12.68 39895.8 -4274.46 5382.87 -52499.3 5382.87 -4274.46
12.7 15991.7 -6189.69 16710.6 -39301.2 16710.6 -6189.69
12.72 -5040.93 -8464.64 17534.1 -22825.5 17534.1 -8464.64
12.74 -23395.8 -8427.99 10104.9 -1313.75 10104.9 -8427.99
12.76 -39581 -4540.9 -3256.83 25055.5 -3256.83 -4540.9
12.78 -54062.4 3302.96 -20442.8 54737.7 -20442.8 3302.96
12.8 -67147.9 13531.7 -38391.3 85707.6 -38391.3 13531.7
12.82 -78940.6 23466.5 -53617.8 115697 -53617.8 23466.5
12.84 -89492.6 31382.5 -63831.9 142176 -63831.9 31382.5
12.86 -98924.4 37883.4 -68614 162587 -68614 37883.4
12.88 -107129 44393.6 -68528.8 174793 -68528.8 44393.6
12.9 -113225 50264.1 -63392 177456 -63392 50264.1
12.92 -115508 52162 -52085.7 170323 -52085.7 52162
12.94 -112092 46995.8 -36094.3 154691 -36094.3 46995.8
12.96 -101664 35244.6 -22361.6 133547 -22361.6 35244.6
12.98 -84300.9 20939.9 -18827.3 110784 -18827.3 20939.9
13 -61999.7 8600.45 -26695.2 89889.9 -26695.2 8600.45
13.02 -37986 680.133 -39470.4 72813.5 -39470.4 680.133
13.04 -15238.8 -2294.49 -49336.6 59189.3 -49336.6 -2294.49
13.06 4442.31 -288.951 -52541.9 46280.1 -52541.9 -288.951
13.08 20682.4 6026.16 -49279.2 30101.7 -49279.2 6026.16
13.1 34543.4 13265.3 -41051.2 7171.06 -41051.2 13265.3
13.12 47946.3 15317.2 -29061.4 -24073.8 -29061.4 15317.2
13.14 62306.5 7461.93 -13989 -62413.3 -13989 7461.93
13.16 77470.5 -9377.87 3423.82 -103739 3423.82 -9377.87
13.18 92043.8 -29409.7 21320.6 -142187 21320.6 -29409.7
13.2 104599 -46665.5 36354.2 -172158 36354.2 -46665.5
13.22 114370 -58214.8 44922.7 -190017 44922.7 -58214.8
13.24 120972 -63541.4 44750.5 -194759 44750.5 -63541.4
13.26 123834 -62377.5 34840.1 -187726 34840.1 -62377.5
13.28 122009 -53999.5 15307.3 -171790 15307.3 -53999.5
13.3 114350 -38498.3 -9840.19 -150440 -9840.19 -38498.3
13.32 100020 -18222 -30750.2 -126915 -30750.2 -18222
13.34 79507.2 2107.74 -37475.3 -103625 -37475.3 2107.74
13.36 55454.6 16676.9 -28774.4 -82048.3 -28774.4 16676.9
13.38 31813.7 20806.4 -12560.1 -62686.8 -12560.1 20806.4
13.4 11624.4 13287.7 2169.82 -44790.9 2169.82 13287.7
13.42 -4484.85 -2397.46 11412.4 -26320.3 11412.4 -2397.46
13.44 -17920.5 -18776.2 14705.3 -4638.4 14705.3 -18776.2
13.46 -30645.9 -27328.7 11225.9 22364.8 11225.9 -27328.7
13.48 -43793.9 -23091.2 -579.784 55277.5 -579.784 -23091.2
13.5 -57104.9 -7905.78 -20622.6 92605.9 -20622.6 -7905.78
13.52 -69520.7 11302.8 -45780.7 130969 -45780.7 11302.8
13.54 -80447.5 28354 -70532.7 166141 -70532.7 28354
13.56 -90335 41835.1 -88807.5 194295 -88807.5 41835.1
13.58 -99787.5 53115.6 -96587.5 212636 -96587.5 53115.6
13.6 -108184 61399 -93247.6 219432 -93247.6 61399
13.62 -113525 62379.6 -79715.5 214082 -79715.5 62379.6
13.64 -113728 52394.6 -57627.3 197401 -57627.3 52394.6
13.66 -107799 33255.5 -32468.6 171755 -32468.6 33255.5
13.68 -96001.3 12345.4 -14256.1 140874 -14256.1 12345.4
13.7 -79712 -1988.31 -11196.6 109340 -11196.6 -1988.31
13.72 -61086.4 -5669.13 -23201.3 81425.3 -23201.3 -5669.13
13.74 -42248.3 -926.307 -42807 59257.6 -42807 -926.307
13.76 -24774.4 6461.15 -60589.5 41614.9 -60589.5 6461.15
13.78 -9930.14 12298.8 -68780.9 24814.2 -68780.9 12298.8
13.8 1412.86 15974 -62869.2 4990.04 -62869.2 15974
13.82 9704.44 17427.1 -43370.2 -20259.3 -43370.2 17427.1
13.84 17050 14400.8 -16166.4 -51373.7 -16166.4 14400.8
13.86 25850.1 4573.94 10894.1 -86729.8 10894.1 4573.94
13.88 37027.9 -10725.9 32696.8 -122906 32696.8 -10725.9
13.9 49767 -26817.5 48240.3 -155644 48240.3 -26817.5
13.92 62716.3 -39400.8 58191.2 -180987 58191.2 -39400.8
13.94 75036.4 -46791.4 62257 -195978 62257 -46791.4
13.96 86391.9 -48903.2 58630.1 -199196 58630.1 -48903.2
13.98 96365.2 -45653.2 44626.5 -191154 44626.5 -45653.2
14 103912 -37056.8 19847.5 -173944 19847.5 -37056.8
14.02 107306 -24928.1 -8051.41 -150439 -8051.41 -24928.1
14.04 104969 -14184.3 -23735 -123935 -23735 -14184.3
14.06 96799.5 -10828.9 -16048 -97921.3 -16048 -10828.9
14.08 84642.3 -16736.3 9801.98 -75313.5 9801.98 -16736.3
14.1 70982.3 -26233.3 35243.8 -57366.1 35243.8 -26233.3
14.12 57216.6 -29718.1 44258.8 -43206.1 44258.8 -29718.1
14.14 43665.1 -22563.7 34930.6 -30647.6 34930.6 -22563.7
14.16 30857.5 -10191.9 17012.6 -17604.8 17012.6 -10191.9
14.18 19766.8 -2966.11 1621.03 -2715.29 1621.03 -2966.11
14.2 10618.7 -5761.8 -6341.79 15174.7 -6341.79 -5761.8
14.22 2209.32 -13162.8 -9135.59 37422.6 -9135.59 -13162.8
14.24 -7135.5 -15047.4 -12594.3 64741 -12594.3 -15047.4
14.26 -17996.4 -6490.41 -21154 95518.8 -21154 -6490.41
14.28 -29429 8055.25 -34558.4 124844 -34558.4 8055.25
14.3 -40150.6 20144.9 -48538.5 145610 -48538.5 20144.9
14.32 -49997.1 26171.7 -58318.6 151806 -58318.6 26171.7
14.34 -59912.7 29617.7 -60919.2 141963 -60919.2 29617.7
14.36 -70369.9 34398.8 -54406.1 120112 -54406.1 34398.8
14.38 -79852.3 38139.4 -37735.4 93613.1 -37735.4 38139.4
14.4 -85157.9 34262.3 -14558.9 69551.8 -14558.9 34262.3
14.42 -83665.6 20437.4 4789.72 52166.9 4789.72 20437.4
14.44 -75576.8 2988.02 9975.1 42338.2 9975.1 2988.02
14.46 -63927.3 -7863.68 -175.319 38154.9 -175.319 -7863.68
14.48 -52331.9 -6418.02 -17550.7 35599.7 -17550.7 -6418.02
14.5 -42608 4777.18 -33188.6 29828.8 -33188.6 4777.18
14.52 -34374.3 18228.9 -43359.9 17505.2 -43359.9 18228.9
14.54 -26496.4 27515.6 -47912.2 -1305.65 -47912.2 27515.6
14.56 -18440.5 30520.9 -46054.4 -23772.1 -46054.4 30520.9
14.58 -10203.8 27972.4 -35864.1 -46976.7 -35864.1 27972.4
14.6 -1424.07 20270.6 -17124.5 -69468.2 -17124.5 20270.6
14.62 8914.67 6917.62 6646.5 -90045.9 6646.5 6917.62
14.64 21775.6 -11377.6 28855.5 -106210 28855.5 -11377.6
14.66 37133.6 -31005.5 42249.3 -115098 42249.3 -31005.5
14.68 53584.4 -45991 41555.6 -115890 41555.6 -45991
14.7 68678.8 -50641 25124.7 -110474 25124.7 -50641
14.72 79760.1 -43156.5 -3438.25 -101473 -3438.25 -43156.5
14.74 84798.3 -27729.6 -32756.5 -90030.1 -32756.5 -27729.6
14.76 82956.6 -12412.9 -46473.7 -75864.1 -46473.7 -12412.9
14.78 75168.6 -3720.89 -35653.1 -59148.9 -35653.1 -3720.89
14.8 64327.8 -2926.9 -8989.69 -41653.9 -8989.69 -2926.9
14.82 54048.9 -7207.96 13812.1 -25825.3 13812.1 -7207.96
14.84 46459.3 -13340.4 19940.2 -13183.5 19940.2 -13340.4
14.86 41114.1 -19911.8 12564.6 -3893.25 12564.6 -19911.8
14.88 35978.4 -26609.9 2802.43 2834.66 2802.43 -26609.9
14.9 29074.2 -31746.2 -3544.04 9056.34 -3544.04 -31746.2
14.92 19239.3 -31054.6 -9811.35 18553.3 -9811.35 -31054.6
14.94 6146.83 -20819.8 -21693.2 35276.1 -21693.2 -20819.8
14.96 -9748.68 -2819.79 -39120.1 60102.1 -39120.1 -2819.79
14.98 -27480.6 15656.1 -54732.6 89089.1 -54732.6 15656.1
15 -46137.2 28347.6 -59649.7 115242 -59649.7 28347.6
15.02 -64937.7 35707.6 -50762.1 132108 -50762.1 35707.6
15.04 -82350.6 42119.3 -32891.8 136082 -32891.8 42119.3
15.06 -95364.3 48115.8 -14890.2 126673 -14890.2 48115.8
15.08 -100455 48034.8 -4271.43 106207 -4271.43 48034.8
15.1 -96009.5 36537.5 -4175.4 79664.7 -4175.4 36537.5
15.12 -84074.5 16262.6 -12856.3 53591.9 -12856.3 16262.6
15.14 -69612.7 -2415.38 -24982.6 33599.1 -24982.6 -2415.38
15.16 -57562.4 -9561 -34246.2 22018.6 -34246.2 -9561
15.18 -49967.5 -3417.11 -36424.2 17572.8 -36424.2 -3417.11
15.2 -45378.9 9616.02 -31531.7 16905.7 -31531.7 9616.02
15.22 -40623.9 21678.3 -23360.3 16208.4 -23360.3 21678.3
15.24 -33034.9 29164.4 -16162.8 11653.7 -16162.8 29164.4
15.26 -21316.5 31934.9 -11117.1 -699.707 -11117.1 31934.9
15.28 -5038.18 28660.1 -6042.46 -23679.9 -6042.46 28660.1
15.3 15807.6 15798.5 1339.12 -56204.5 1339.12 15798.5
15.32 40279.8 -7247.22 10298 -91874.6 10298 -7247.22
15.34 65853 -34056.9 17482.6 -121785 17482.6 -34056.9
15.36 89030 -54820.1 19697.8 -139530 19697.8 -54820.1
15.38 106943 -63608.5 15716.8 -143572 15716.8 -63608.5
15.4 118279 -60930.8 6563.12 -135728 6563.12 -60930.8
15.42 122859 -50358.2 -4107.58 -118940 -4107.58 -50358.2
15.44 121086 -35326.1 -10709.5 -96829.1 -10709.5 -35326.1
15.46 114265 -19622 -9731.87 -73965.9 -9731.87 -19622
15.48 104884 -8140.73 -3460.35 -54888.8 -3460.35 -8140.73
15.5 95512.1 -4507.54 1829.71 -42302.3 1829.71 -4507.54
15.52 87074.4 -8195.6 1448.42 -36319.3 1448.42 -8195.6
15.54 78422.3 -15318.7 -4207.27 -35130.3 -4207.27 -15318.7
15.56 67442.5 -22022.2 -10710.9 -35593.7 -10710.9 -22022.2
15.58 52379.7 -26036.5 -13443.2 -33030.3 -13443.2 -26036.5
15.6 32557.2 -25454.3 -11414.6 -21748.6 -11414.6 -25454.3
15.62 8593.16 -17931.4 -8438.97 2111.2 -8438.97 -17931.4
15.64 -17675.5 -2850.47 -10251.2 36960.2 -10251.2 -2850.47
15.66 -43810.7 16811.7 -19629.8 75451.6 -19629.8 16811.7
15.68 -67802.4 36642 -34031.1 108546 -34031.1 36642
15.7 -88508.5 53371.3 -47773.9 129993 -47773.9 53371.3
15.72 -105170 64142.8 -56093 137729 -56093 64142.8
15.74 -117043 65766.2 -57156.4 132857 -57156.4 65766.2
15.76 -123941 57481.4 -51113.9 118566 -51113.9 57481.4
15.78 -126701 43633.1 -38982 99621.1 -38982 43633.1
15.8 -126392 31504.4 -23799.9 81403.2 -23799.9 31504.4
15.82 -123045 26081.1 -11418.6 68111.6 -11418.6 26081.1
15.84 -115535 27009.5 -7406.6 61175.9 -7406.6 27009.5
15.86 -102760 29843.8 -12611.1 58996.6 -12611.1 29843.8
15.88 -84727 29851.2 -22750.4 57963.1 -22750.4 29851.2
15.9 -62735.9 25625 -32422.8 53923.5 -32422.8 25625
15.92 -38812.8 19327.6 -38680 43472.8 -38680 19327.6
15.94 -14814.6 13170.4 -40773.4 25074.6 -40773.4 13170.4
15.96 8131 6769.87 -37991 -74.6786 -37991 6769.87
15.98 29535.3 -1783.99 -29369.8 -28347.2 -29369.8 -1783.99
16 49179.2 -13427 -15546.1 -55376.7 -15546.1 -13427
16.02 66835.5 -26653.1 197.75 -77817.8 197.75 -26653.1
16.04 82142.5 -37527.1 13166.2 -93973.2 13166.2 -37527.1
16.06 94745.1 -41684.8 19430.5 -103487 19430.5 -41684.8
16.08 104768 -38199.9 17403 -106943 17403 -38199.9
16.1 112970 -31794 8084.12 -105622 8084.12 -31794
16.12 119830 -29442.6 -5869.71 -101040 -5869.71 -29442.6
16.14 124176 -33625.1 -20564.9 -94286.1 -20564.9 -33625.1
16.16 123042 -39613.2 -30426.2 -85776.5 -30426.2 -39613.2
16.18 113587 -40160.1 -30230.4 -75704.4 -30230.4 -40160.1
16.2 95618.4 -32535.4 -19993.3 -64622.8 -19993.3 -32535.4
16.22 72178.9 -20671.2 -6512.63 -53381 -6512.63 -20671.2
16.24 47411 -10908.2 1947.63 -42398.3 1947.63 -10908.2
16.26 23807.5 -6006.6 2322.84 -31021.6 2322.84 -6006.6
16.28 1466.6 -3510.46 -2408.58 -17757.9 -2408.58 -3510.46
16.3 -20429.3 534.43 -7797.57 -1206.54 -7797.57 534.43
16.32 -41941.8 7467.31 -12068.1 19210.4 -12068.1 7467.31
16.34 -62093.9 15622.7 -16547.7 43020.6 -16547.7 15622.7
16.36 -79743.5 22862.1 -23449.4 68605.6 -23449.4 22862.1
16.38 -94478.6 28642 -33070.8 93177.1 -33070.8 28642
16.4 -106742 33859.2 -42371.4 113266 -42371.4 33859.2
16.42 -117113 39346.6 -46708.3 125868 -46708.3 39346.6
16.44 -125354 44689.8 -43729.7 129634 -43729.7 44689.8
16.46 -130108 48226.3 -35379.8 125298 -35379.8 48226.3
16.48 -129601 48108.5 -26113 115213 -26113 48108.5
16.5 -122696 43502.6 -19863 102351 -19863 43502.6
16.52 -109493 35031 -18160.5 89237.6 -18160.5 35031
16.54 -91274 24618.3 -19788.6 77293.8 -19788.6 24618.3
16.56 -69946.9 14929.5 -22232.5 66595.9 -22232.5 14929.5
16.58 -47240.7 7906.95 -23977.9 55866 -23977.9 7906.95
16.6 -24171.5 3567.18 -25126.5 43002.4 -25126.5 3567.18
16.62 -1244.72 594.41 -25723.2 26264 -25723.2 594.41
16.64 21094.2 -2336.18 -24648.7 5269.3 -24648.7 -2336.18
16.66 42463.4 -6200.58 -21001.2 -18968.1 -21001.2 -6200.58
16.68 62724.2 -11901.8 -15698.4 -44678.7 -15698.4 -11901.8
16.7 81675.9 -19822.1 -10542.2 -69842.3 -10542.2 -19822.1
16.72 98571.8 -28965.9 -6107.83 -92335.6 -6107.83 -28965.9
16.74 112264 -37198.5 -1722.88 -110143 -1722.88 -37198.5
16.76 121893 -42651.3 2461.96 -121835 2461.96 -42651.3
16.78 127264 -44741.2 4433.89 -126967 4433.89 -44741.2
16.8 128505 -43907.7 1975.84 -126028 1975.84 -43907.7
16.82 125496 -40781.6 -4648.37 -120055 -4648.37 -40781.6
16.84 117765 -35722 -11852.8 -110210 -11852.8 -35722
16.86 105012 -28956.1 -15329.5 -97489.1 -15329.5 -28956.1
16.88 87810.4 -21219 -14276.1 -82697.2 -14276.1 -21219
16.9 67647.5 -13968.1 -12114.7 -66561.4 -12114.7 -13968.1
16.92 46014.2 -8340.12 -11967.8 -49642.7 -11967.8 -8340.12
16.94 23574.5 -4251.64 -12737.8 -32113.2 -12737.8 -4251.64
16.96 520.851 -885.626 -11288.2 -13729.2 -11288.2 -885.626
16.98 -22506.5 2483.71 -7677.56 5936.12 -7677.56 2483.71
17 -44329.4 6439.61 -6181.39 27192.9 -6181.39 6439.61
17.02 -64016.7 11685.3 -10671 49975.7 -10671 11685.3
17.04 -81388.5 18740.5 -20259.2 73545 -20259.2 18740.5
17.06 -96642.6 27331.3 -30356.9 96271.1 -30356.9 27331.3
17.08 -109629 36223.9 -37329.3 115859 -37329.3 36223.9
17.1 -119577 43611.9 -41131 130031 -41131 43611.9
17.12 -125548 47777.6 -43557.5 137239 -43557.5 47777.6
17.14 -127138 47867.2 -44966.7 137090 -44966.7 47867.2
17.16 -124698 44373.4 -43339.7 130435 -43339.7 44373.4
17.18 -118818 38754.8 -36554.3 119024 -36554.3 38754.8
17.2 -109570 32414.3 -25692 104751 -25692 32414.3
17.22 -96360.5 25996.1 -15773.8 88879.6 -15773.8 25996.1
17.24 -78667.7 19358.9 -12129.3 71796.6 -12129.3 19358.9
17.26 -56956.1 12201.2 -15709.5 53484.7 -15709.5 12201.2
17.28 -32872.1 5091.53 -22473.5 34170.9 -22473.5 5091.53
17.3 -8480.39 -604.267 -27290.7 14365.3 -27290.7 -604.267
17.32 14815.2 -4408.16 -27990.9 -5574.94 -27990.9 -4408.16
17.34 36675.2 -7909.92 -25835.6 -25547.3 -25835.6 -7909.92
17.36 57174.1 -13530.8 -22889.2 -45303.4 -22889.2 -13530.8
17.38 75823.9 -21840 -19589.9 -64115 -19589.9 -21840
17.4 91382.2 -30375.6 -14943.6 -80881.6 -14943.6 -30375.6
17.42 102686 -35541.8 -8705.67 -94512.4 -8705.67 -35541.8
17.44 109603 -35860.9 -2841.93 -104230 -2841.93 -35860.9
17.46 113058 -33285 -351.176 -109632 -351.176 -33285
17.48 114058 -31264.4 -2423.78 -110594 -2423.78 -31264.4
17.5 112696 -31574.4 -7087.38 -107175 -7087.38 -31574.4
17.52 108090 -32971.3 -11235.3 -99521.3 -11235.3 -32971.3
17.54 99251.3 -32680.3 -13810.1 -87812.9 -13810.1 -32680.3
17.56 85874.3 -28854.8 -16050.3 -72329.2 -16050.3 -28854.8
17.58 68394.3 -21817.5 -18745.6 -53746.1 -18745.6 -21817.5
17.6 47631.3 -13668.1 -20645.7 -33478.8 -20645.7 -13668.1
17.62 24553.5 -6520.38 -19964.6 -13430 -19964.6 -6520.38
17.64 166.799 -552.741 -16643.3 4964.63 -16643.3 -552.741
17.66 -24483.4 5878.07 -12781.5 21491.1 -12781.5 5878.07
17.68 -48149.4 13881.4 -11181.6 36913.3 -11181.6 13881.4
17.7 -69387.9 22258.2 -13488.1 52025.8 -13488.1 22258.2
17.72 -87051.9 28541.5 -19176.4 66935.1 -19176.4 28541.5
17.74 -100836 31485.4 -25926.2 81041 -25926.2 31485.4
17.76 -111197 32055.9 -31111.6 93403 -31111.6 32055.9
17.78 -118703 32207.7 -33339.6 103046 -33339.6 32207.7
17.8 -123479 33235 -32953.6 109139 -32953.6 33235
17.82 -125141 35208.5 -31341.3 111158 -31341.3 35208.5
17.84 -123080 37401.5 -29649.9 108954 -29649.9 37401.5
17.86 -116725 38860.6 -27767.1 102585 -27767.1 38860.6
17.88 -105596 38378.4 -24635.6 92061.5 -24635.6 38378.4
17.9 -89254 34093 -20143.4 77354.8 -20143.4 34093
17.92 -67561.1 24524.5 -16412.1 58945 -16412.1 24524.5
17.94 -41399 10993.7 -16124.2 38404.9 -16124.2 10993.7
17.96 -12974.3 -2299.8 -19511 18026.4 -19511 -2299.8
17.98 15056.8 -11746.8 -23803.8 -411.474 -23803.8 -11746.8
18 40889.7 -17316.1 -25754.4 -16462.9 -25754.4 -17316.1
18.02 63895.7 -21604.7 -24168.8 -30665.1 -24168.8 -21604.7
18.04 83897.6 -26419.2 -20081.8 -43602 -20081.8 -26419.2
18.06 100522 -30876.4 -15259 -55426 -15259 -30876.4
18.08 113295 -32765.7 -10927.2 -66078.6 -10927.2 -32765.7
18.1 122133 -31291.6 -7585.14 -75598.5 -7585.14 -31291.6
18.12 127564 -28228.6 -5504.78 -84058.7 -5504.78 -28228.6
18.14 130365 -26498.9 -5062.52 -91331.7 -5062.52 -26498.9
18.16 130867 -27712.3 -6385.16 -96960.7 -6385.16 -27712.3
18.18 128562 -31029.8 -8845.58 -100090 -8845.58 -31029.8
18.2 122365 -34129.3 -11436.7 -99466.7 -11436.7 -34129.3
18.22 111275 -34595.8 -13788.6 -93680.6 -13788.6 -34595.8
18.24 94843.2 -30428.2 -16244.4 -81813.4 -16244.4 -30428.2
18.26 73352.5 -21147.8 -18751.2 -64389.8 -18751.2 -21147.8
18.28 47925.9 -8982.9 -20375.3 -43752.5 -20375.3 -8982.9
18.3 20294.8 2658.55 -20281.3 -23079.5 -20281.3 2658.55
18.32 -7830.22 12146.5 -18845.6 -4725.74 -18845.6 12146.5
18.34 -35135.5 20134.7 -17547.3 10701.4 -17547.3 20134.7
18.36 -60490.2 27232.2 -17807 23996.2 -17807 27232.2
18.38 -82796.8 32420.3 -19891 36382.3 -19891 32420.3
18.4 -101332 34299.4 -22815.8 48812.7 -22815.8 34299.4
18.42 -116037 33145.5 -25336.2 61781.9 -25336.2 33145.5
18.44 -127259 30990.7 -27085.5 75310.2 -27085.5 30990.7
18.46 -135261 29897.6 -28665.8 88886.7 -28665.8 29897.6
18.48 -140020 30555.7 -30608.1 101504 -30608.1 30555.7
18.5 -141337 32271.8 -32509.5 111897 -32509.5 32271.8
18.52 -138992 33883.8 -33404.2 118860 -33404.2 33883.8
18.54 -132783 34871.1 -32778.7 121492 -32778.7 34871.1
18.56 -122460 35417.1 -30912.9 119242 -30912.9 35417.1
18.58 -107593 34468.7 -28478.5 111696 -28478.5 34468.7
18.6 -87747.9 29025.2 -26196.7 98671.3 -26196.7 29025.2
18.62 -63262.6 17611.4 -24576.7 80964.9 -24576.7 17611.4
18.64 -35849.6 3348.21 -23662 60732.5 -23662 3348.21
18.66 -7929.04 -8561.64 -23200 40527.6 -23200 -8561.64
18.68 18769.3 -15893.5 -23046.3 21837.9 -23046.3 -15893.5
18.7 43632 -20576.8 -23095 4604.52 -23095 -20576.8
18.72 66336.6 -25337.4 -22821.9 -12005.8 -22821.9 -25337.4
18.74 86158.6 -30587.5 -21380.9 -28603.6 -21380.9 -30587.5
18.76 102202 -34739.2 -18453.2 -45252 -18453.2 -34739.2
18.78 113958 -36452.3 -14764.2 -61680.8 -14764.2 -36452.3
18.8 121473 -35965.5 -11450.9 -77450.2 -11450.9 -35965.5
18.82 125105 -34692.8 -9005.17 -91894.1 -9005.17 -34692.8
18.84 125193 -33940.7 -7081.79 -104060 -7081.79 -33940.7
18.86 121879 -33893.2 -5335.72 -112789 -5335.72 -33893.2
18.88 115157 -33693.7 -4250.44 -116950 -4250.44 -33693.7
18.9 104999 -32269.4 -5093.62 -115659 -5093.62 -32269.4
18.92 91381.5 -28611.6 -8873.53 -108344 -8873.53 -28611.6
18.94 74271.8 -22011.6 -14839.9 -94961.9 -14839.9 -22011.6
18.96 53858.9 -13166.1 -20196.8 -76488.5 -20196.8 -13166.1
18.98 30888.2 -4338.52 -22145.4 -55025.2 -22145.4 -4338.52
19 6572.92 2645.12 -20331.9 -32985.9 -20331.9 2645.12
19.02 -17877.1 8241.99 -16898.6 -11951.8 -16898.6 8241.99
19.04 -41445 14263.2 -14386 7782.16 -14386 14263.2
19.06 -63058.4 21237.8 -14070.1 26678.4 -14070.1 21237.8
19.08 -81513.7 27443.8 -16014.2 45132 -16014.2 27443.8
19.1 -95910.7 30770.1 -19814.3 63127.4 -19814.3 30770.1
19.12 -106134 31059.8 -24837.1 80383.6 -24837.1 31059.8
19.14 -112799 30270 -30074.8 96481 -30074.8 30270
19.16 -116661 30500.1 -34302.9 110768 -34302.9 30500.1
19.18 -118025 32060.5 -36580.7 122295 -36580.7 32060.5
19.2 -116627 33463 -36617.4 129973 -36617.4 33463
19.22 -112013 33257.8 -34735.5 132835 -34735.5 33257.8
19.24 -103922 31530.2 -31551 130166 -31551 31530.2
19.26 -92265.8 29022.2 -27807.9 121451 -27807.9 29022.2
19.28 -76883.2 25326.9 -24629.3 106524 -24629.3 25326.9
19.3 -57711.7 19103.5 -23411 86098.1 -23411 19103.5
19.32 -35388.3 9940.3 -24653.3 62077 -24653.3 9940.3
19.34 -11518.7 -763.424 -27032.8 37056.8 -27032.8 -763.424
19.36 11857.7 -10760 -28297.7 13288.2 -28297.7 -10760
19.38 33087.9 -18386.7 -27104.5 -8059.45 -27104.5 -18386.7
19.4 51306.3 -23213.4 -23728.6 -26857 -23728.6 -23213.4
19.42 66333.8 -25841.2 -19288 -43490.7 -19288 -25841.2
19.44 78368.9 -27257.4 -14880.3 -58425.9 -14880.3 -27257.4
19.46 87680.9 -28152.6 -11468.6 -72021.1 -11468.6 -28152.6
19.48 94406.3 -28710.6 -9853.42 -84373.6 -9853.42 -28710.6
19.5 98494.3 -29007 -10128.9 -95126.8 -10128.9 -29007
19.52 99748.6 -29358.7 -11330.4 -103405 -11330.4 -29358.7
19.54 97886.3 -30055.3 -12116.2 -107969 -12116.2 -30055.3
19.56 92612 -30783.4 -11925.5 -107499 -11925.5 -30783.4
19.58 83720.1 -30272.5 -11373.5 -100894 -11373.5 -30272.5
19.6 71223.5 -26768.7 -11633.8 -87724.6 -11633.8 -26768.7
19.62 55533.4 -19562.7 -13504.8 -68804.5 -13504.8 -19562.7
19.64 37536.1 -9950.32 -16724.3 -46278.1 -16724.3 -9950.32
19.66 18358.6 -214.806 -20028.7 -22878.4 -20028.7 -214.806
19.68 -963.915 8061.84 -22184.8 -888.613 -22184.8 8061.84
19.7 -19565.6 14414.3 -23027 18466.3 -23027 14414.3
19.72 -36674.2 18783.1 -23294.3 35006.2 -23294.3 18783.1
19.74 -51701.3 21178.3 -23582.8 49209.5 -23582.8 21178.3
19.76 -64395 22070.5 -23798.1 61739.3 -23798.1 22070.5
19.78 -74741.7 22470.6 -23669.9 73044.8 -23669.9 22470.6
19.8 -82675.5 23247.7 -23474.8 83140.2 -23474.8 23247.7
19.82 -87950.4 24564.1 -23988.2 91602.5 -23988.2 24564.1
19.84 -90294.2 26096.1 -25760.6 97712.4 -25760.6 26096.1
19.86 -89603.8 27555.2 -28536.9 100634 -28536.9 27555.2
19.88 -85941.2 28708.6 -31314.6 99598.8 -31314.6 28708.6
19.9 -79376.2 28847.2 -32885.8 94092 -32885.8 28847.2
19.92 -69916.8 26666.4 -32443.3 84078.5 -32443.3 26666.4
19.94 -57680.5 21283.4 -29878.9 70214.1 -29878.9 21283.4
19.96 -43118 13302.3 -25730 53759.2 -25730 13302.3
19.98 -26969.9 4514.18 -21095.8 36115.4 -21095.8 4514.18
20 -10002.9 -3320.77 -17446.3 18390.4 -17446.3 -3320.77
20.02 7121.12 -9255.78 -15863.2 1354.33 -15863.2 -9255.78
20.04 23778.6 -13145.1 -16254.3 -14358.8 -16254.3 -13145.1
20.06 39384.5 -15397.3 -17625 -28173 -17625 -15397.3
20.08 53499.2 -16774.7 -19110.6 -39699.1 -19110.6 -16774.7
20.1 65812.9 -18082.3 -20418.7 -48848.1 -20418.7 -18082.3
20.12 75988.8 -19812.4 -21306.9 -55775.5 -21306.9 -19812.4
20.14 83608 -22064.9 -21126.9 -60760.4 -21126.9 -22064.9
20.16 88294.7 -24723.2 -19271.5 -64128.4 -19271.5 -24723.2
20.18 89842.4 -27521.8 -16026.1 -66122.7 -16026.1 -27521.8
20.2 88176.2 -29853.9 -12690.7 -66661.5 -12690.7 -29853.9
20.22 83231.4 -30600.9 -10683.5 -65182.2 -10683.5 -30600.9
20.24 74949.6 -28418.6 -10560.9 -60857.2 -10560.9 -28418.6
20.26 63498.4 -22718.6 -11958.4 -53163.9 -11958.4 -22718.6
20.28 49512.2 -14468.2 -14342.7 -42330.9 -14342.7 -14468.2
20.3 33992 -5679.79 -17504.8 -29252.5 -17504.8 -5679.79
20.32 17879.4 1890.85 -21104.1 -15057.3 -21104.1 1890.85
20.34 1748.23 7475.09 -24108.4 -792.222 -24108.4 7475.09
20.36 -14097.4 11133.6 -25439.5 12615.1 -25439.5 11133.6
20.38 -29370.8 13440.9 -25175.8 24344.2 -25175.8 13440.9
20.4 -43736.2 15277.9 -24464.9 33842.2 -24464.9 15277.9
20.42 -56869.5 17369.2 -24151.8 41055.1 -24151.8 17369.2
20.44 -68430.6 19744.4 -24032.2 46449.2 -24032.2 19744.4
20.46 -77995.3 21852.1 -23647.6 50741.5 -23647.6 21852.1
20.48 -85123.2 23295.4 -23303.3 54560 -23303.3 23295.4
20.5 -89522.9 24261.2 -23811.1 58246.4 -23811.1 24261.2
20.52 -91111.6 25167.3 -25383 61778.1 -25383 25167.3
20.54 -89904.4 26013 -27232.3 64716.6 -27232.3 26013
20.56 -85872.7 26054.1 -28371.4 66250.2 -28371.4 26054.1
20.58 -78955.4 24216.1 -28578.2 65513.7 -28578.2 24216.1
20.6 -69283.4 20159.2 -28449.4 62097.8 -28449.4 20159.2
20.62 -57390.5 14825.1 -28558.1 56279.5 -28558.1 14825.1
20.64 -44105.3 9670.82 -28610.2 48753.1 -28610.2 9670.82
20.66 -30163.2 5471.25 -27595.6 40204.2 -27595.6 5471.25
20.68 -15898.4 1950.1 -25051.9 31118 -25051.9 1950.1
20.7 -1291.64 -1638.99 -21984.7 21859.7 -21984.7 -1638.99
20.72 13677 -5776.25 -20044.1 12807 -20044.1 -5776.25
20.74 28674.6 -10359.9 -19892.2 4342.84 -19892.2 -10359.9
20.76 42964 -14795.5 -20778.1 -3291.71 -20778.1 -14795.5
20.78 55679.7 -18349.7 -21592.9 -10126 -21592.9 -18349.7
20.8 66156.2 -20629.2 -21894.9 -16417.5 -21894.9 -20629.2
20.82 74038.9 -21801.3 -21844 -22467.3 -21844 -21801.3
20.84 79170.3 -22275.3 -21536.8 -28467.5 -21536.8 -22275.3
20.86 81457.5 -22254.2 -20723 -34458.4 -20723 -22254.2
20.88 80882.9 -21772.3 -19097.6 -40293.7 -19097.6 -21772.3
20.9 77599.3 -21012.3 -16687.3 -45530.3 -16687.3 -21012.3
20.92 71918.7 -20161.6 -13961.2 -49386.8 -13961.2 -20161.6
20.94 64178.3 -19022 -11655 -51009.8 -11655 -19022
20.96 54664.2 -17063.3 -10471.4 -49926 -10471.4 -17063.3
20.98 43652.6 -13803 -10853.5 -46249.9 -10853.5 -13803
21 31461.2 -9091.49 -12930.8 -40506.3 -12930.8 -9091.49
21.02 18445.2 -3233.08 -16420.1 -33332 -16420.1 -3233.08
21.04 4969.06 3034.9 -20299.7 -25299.7 -20299.7 3034.9
21.06 -8590.54 8829.68 -22910.2 -16860.8 -22910.2 8829.68
21.08 -21770.4 13535.8 -23107.8 -8341.02 -23107.8 13535.8
21.1 -33937.9 16943.3 -21389.7 47.2866 -21389.7 16943.3
21.12 -44365.9 19030.5 -19447.8 8202.38 -19447.8 19030.5
21.14 -52486.2 19785.1 -18567.9 16129 -18567.9 19785.1
21.16 -58092.9 19342.1 -18731.4 23884.8 -18731.4 19342.1
21.18 -61300 18215.7 -19247.2 31481.8 -19247.2 18215.7
21.2 -62323.2 17263.5 -19882.5 38829.9 -19882.5 17263.5
21.22 -61289.7 17243.1 -21104.2 45720.1 -21104.2 17243.1
21.24 -58180.6 18127.7 -23330.4 51758.8 -23330.4 18127.7
21.26 -52907.3 18837.1 -26218.9 56338.4 -26218.9 18837.1
21.28 -45484.6 17944.6 -28780.7 58821.1 -28780.7 17944.6
21.3 -36194 14781.4 -30083.7 58823.2 -30083.7 14781.4
21.32 -25588.2 9867.32 -29806.7 56331.4 -29806.7 9867.32
21.34 -14320.6 4412.89 -28271.2 51606 -28271.2 4412.89
21.36 -2942.14 -526.553 -26107.2 45034.2 -26107.2 -526.553
21.38 8195.94 -4584.9 -23935.5 37056.1 -23935.5 -4584.9
21.4 18896.1 -8021.94 -22293.7 28135.3 -22293.7 -8021.94
21.42 28956.4 -11193 -21580.5 18728.3 -21580.5 -11193
21.44 38009 -14013.1 -21747.7 9266.17 -21747.7 -14013.1
21.46 45534.6 -15940.1 -22162 140.954 -22162 -15940.1
21.48 51108.7 -16541.2 -22128.3 -8355.34 -22128.3 -16541.2
21.5 54644.4 -16093.7 -21570.8 -16120.9 -21570.8 -16093.7
21.52 56344.7 -15622.9 -20963 -23236.8 -20963 -15622.9
21.54 56371.9 -16214 -20590.4 -29781.7 -20590.4 -16214
21.56 54551 -17910.7 -20176.2 -35554.5 -20176.2 -17910.7
21.58 50400.4 -19125.7 -19365.3 -39963.8 -19365.3 -19125.7
21.6 43529.3 -17633.7 -18349 -42297.6 -18349 -17633.7
21.62 34114.6 -12582.7 -17760 -42161 -17760 -12582.7
21.64 23003.7 -5459.81 -17978.7 -39636.7 -17978.7 -5459.81
21.66 11308.5 1006.55 -18709.5 -35072.3 -18709.5 1006.55
21.68 -146.186 4950.5 -19297.3 -28798.1 -19297.3 4950.5
21.7 -11060.5 6616.08 -19387.2 -21067.8 -19387.2 6616.08
21.72 -21474.7 7806.68 -19215.6 -12199.9 -19215.6 7806.68
21.74 -31381.2 10154.5 -19303.7 -2684.47 -19303.7 10154.5
21.76 -40452.7 13731 -19959.6 6895 -19959.6 13731
21.78 -48098.8 17121.1 -21086.6 16035.3 -21086.6 17121.1
21.8 -53803.7 18783 -22318.6 24414.9 -22318.6 18783
21.82 -57441.3 18401 -23143.3 31882.4 -23143.3 18401
21.84 -59268.7 17044 -23001.9 38408.3 -23001.9 17044
21.86 -59572.8 16182.5 -21670.4 44030.9 -21670.4 16182.5
21.88 -58282 16539.8 -19728.8 48736.8 -19728.8 16539.8
21.9 -54903.9 17493.2 -18411.1 52240.5 -18411.1 17493.2
21.92 -48866.1 17322.1 -18696.8 53895.1 -18696.8 17322.1
21.94 -40026.9 14526.3 -20484.9 53030.4 -20484.9 14526.3
21.96 -28982.4 9282.84 -22684.8 49467.5 -22684.8 9282.84
21.98 -16863.4 3440.13 -24110.7 43634.7 -24110.7 3440.13
22 -4736.75 -1009.98 -24295.9 36200.6 -24295.9 -1009.98
22.02 6873.54 -3502.85 -23527.7 27669.4 -23527.7 -3502.85
22.04 17977 -5192.92 -22271.7 18309.8 -22271.7 -5192.92
22.06 28734.2 -7863.86 -20741.4 8368.23 -20741.4 -7863.86
22.08 39052.3 -12372.4 -19028.1 -1745.74 -19028.1 -12372.4
22.1 48417.4 -17825.9 -17443.3 -11496 -17443.3 -17825.9
22.12 56052.9 -22147.1 -16535.5 -20385.7 -16535.5 -22147.1
22.14 61296.8 -23597.3 -16754.2 -28062.6 -16754.2 -23597.3
22.16 63912.3 -22044.7 -18124 -34316.6 -18124 -22044.7
22.18 64089.9 -19013.2 -20137.1 -39042.2 -20137.1 -19013.2
22.2 62164.3 -16606 -21855.3 -42191.4 -21855.3 -16606
22.22 58291.4 -16177.6 -22271.1 -43690.6 -22271.1 -16177.6
22.24 52333.6 -17432.6 -20961.3 -43300.7 -20961.3 -17432.6
22.26 44009.2 -18304.5 -18624.9 -40555.7 -18624.9 -18304.5
22.28 33222.2 -16310.6 -16831.8 -35059.4 -16831.8 -16310.6
22.3 20375.3 -10758.6 -16917.3 -26986.6 -16917.3 -10758.6
22.32 6337.37 -3369.43 -18943.5 -17176.9 -18943.5 -3369.43
22.34 -7992.74 3517.98 -21735.5 -6642.65 -21735.5 3517.98
22.36 -22060.3 9019.98 -23932 3974.87 -23932 9019.98
22.38 -35547.6 13745.7 -24969.5 14472.9 -24969.5 13745.7
22.4 -48011.7 18180.4 -25130.9 24747.6 -25130.9 18180.4
22.42 -58781.6 21630.8 -24911.6 34505.4 -24911.6 21630.8
22.44 -67232.4 22938.8 -24581.3 43286.8 -24581.3 22938.8
22.46 -73116.2 21942.1 -24279 50664.7 -24279 21942.1
22.48 -76626.1 19918.6 -24216.6 56377 -24216.6 19918.6
22.5 -78147.8 18555.9 -24576.2 60333.5 -24576.2 18555.9
22.52 -77937.3 18615.6 -25222 62559.8 -25222 18615.6
22.54 -75986.6 19693.4 -25621.1 63112.2 -25621.1 19693.4
22.56 -72088.3 21041 -25170.6 61976.7 -25170.6 21041
22.58 -65905.6 21943.5 -23707.1 58957.4 -23707.1 21943.5
22.6 -56991.3 21128.9 -21739.4 53682.4 -21739.4 21128.9
22.62 -45016.5 17008.3 -20140.5 45917.1 -20140.5 17008.3
22.64 -30267.5 9285.54 -19493 35953.4 -19493 9285.54
22.66 -13885.5 -220.477 -19607.4 24604 -19607.4 -220.477
22.68 2559.23 -8713.98 -19659.7 12807.1 -19659.7 -8713.98
22.7 17805.4 -14240.3 -18945 1266.18 -18945 -14240.3
22.72 31319.4 -16571.5 -17632 -9609.16 -17632 -16571.5
22.74 43195.8 -16917.4 -16689.7 -19560.9 -16689.7 -16917.4
22.76 53733.5 -17017.3 -16873 -28370.8 -16873 -17017.3
22.78 62987.2 -18143.3 -17814.5 -35855.5 -17814.5 -18143.3
22.8 70606.4 -20512.7 -18337.1 -41887.3 -18337.1 -20512.7
22.82 76050.7 -23458 -17702 -46390.6 -17702 -23458
22.84 78900.2 -26078.3 -16377.9 -49328.2 -16377.9 -26078.3
22.86 78937.6 -27690.4 -15543.1 -50674.4 -15543.1 -27690.4
22.88 76026 -27860.6 -16010 -50336.6 -16010 -27860.6
22.9 70025.5 -26281 -17689.9 -48071.4 -17689.9 -26281
22.92 60870.5 -22675.8 -19864.9 -43514.7 -19864.9 -22675.8
22.94 48740.2 -16912 -21708.8 -36416.3 -21708.8 -16912
22.96 34222.7 -9586.47 -22621.3 -26988.2 -22621.3 -9586.47
22.98 18324.7 -2303.61 -22430 -15994.5 -22430 -2303.61
23 2188.49 3292.74 -21540.9 -4392.69 -21540.9 3292.74
23.02 -13320.4 6784 -20846.3 7106.22 -20846.3 6784
23.04 -27796.8 9052.34 -21228.3 18141.3 -21228.3 9052.34
23.06 -41158.8 11286.5 -22915.1 28510 -22915.1 11286.5
23.08 -53416.9 14206.1 -25277 38000.1 -25277 14206.1
23.1 -64499.4 18005 -27352.2 46399.3 -27352.2 18005
23.12 -74110.5 22427.3 -28621.2 53566.7 -28621.2 22427.3
23.14 -81685.6 26644.2 -29225.7 59421.1 -29225.7 26644.2
23.16 -86569.6 29414.7 -29491.1 63867.8 -29491.1 29414.7
23.18 -88332.5 29798.6 -29422.9 66765.7 -29422.9 29798.6
23.2 -86956.2 27838.7 -28735 67947.3 -28735 27838.7
23.22 -82739.1 24531.7 -27229.1 67250.4 -27229.1 24531.7
23.24 -76030.8 21064.9 -25055.2 64527.5 -25055.2 21064.9
23.26 -67015.7 17858.1 -22728.6 59644.6 -22728.6 17858.1
23.28 -55723.1 14396.7 -21021.4 52579.7 -21021.4 14396.7
23.3 -42292.7 10182.9 -20660 43616.1 -20660 10182.9
23.32 -27239.9 5557.7 -21779.4 33374.6 -21779.4 5557.7
23.34 -11399.8 1314.05 -23536.8 22572.7 -23536.8 1314.05
23.36 4421.31 -2295.33 -24443.3 11741.4 -24443.3 -2295.33
23.38 19720.6 -5868.95 -23349.3 1158.59 -23349.3 -5868.95
23.4 34276.2 -10183.3 -20319.4 -9004.04 -20319.4 -10183.3
23.42 47927.9 -15363.4 -16636.5 -18537.3 -16636.5 -15363.4
23.44 60368 -20694.6 -13917.9 -27205.9 -13917.9 -20694.6
23.46 71072.3 -25084.6 -13090.1 -34846 -13090.1 -25084.6
23.48 79407.3 -27703.8 -13981.1 -41393.4 -13981.1 -27703.8
23.5 84832.3 -28370.8 -15624.1 -46808.7 -15624.1 -28370.8
23.52 87053.5 -27476 -16875.3 -50984.9 -16875.3 -27476
23.54 86067.4 -25607.2 -17003.3 -53710.4 -17003.3 -25607.2
23.56 82128.3 -23316.8 -16025.1 -54706.6 -16025.1 -23316.8
23.58 75667 -21089 -14604.1 -53694.6 -14604.1 -21089
23.6 67130.4 -19087.8 -13566.1 -50453.4 -13566.1 -19087.8
23.62 56827.7 -16955 -13448.1 -44955.5 -13448.1 -16955
23.64 44943.5 -14156.6 -14397.5 -37533.6 -14397.5 -14156.6
23.66 31664.8 -10418.5 -16241.7 -28826.7 -16241.7 -10418.5
23.68 17244.7 -5717.8 -18536.8 -19471.7 -18536.8 -5717.8
23.7 2018.64 -130.095 -20751.2 -9850.96 -20751.2 -130.095
23.72 -13526.6 6023.63 -22529.8 -121.841 -22529.8 6023.63
23.74 -28723.4 12026.6 -23706.2 9601.18 -23706.2 12026.6
23.76 -42843.2 17041.7 -24113.3 19151.7 -24113.3 17041.7
23.78 -55244.8 20554.5 -23585.8 28336.4 -23585.8 20554.5
23.8 -65405.5 22494.5 -22255.8 36953.4 -22255.8 22494.5
23.82 -72901.1 23083.3 -20792.4 44760 -20792.4 23083.3
23.84 -77454.5 22723.3 -20243 51468.6 -20243 22723.3
23.86 -79023.9 21905.6 -21460 56801.7 -21460 21905.6
23.88 -77834.5 21042.6 -24450.6 60551.2 -24450.6 21042.6
23.9 -74311.2 20356.3 -28164 62595.6 -28164 20356.3
23.92 -68919.8 19793.5 -30969.2 62855.5 -30969.2 19793.5
23.94 -61966.5 18916.4 -31514.3 61260.2 -31514.3 18916.4
23.96 -53500.6 17087.2 -29392.6 57828 -29392.6 17087.2
23.98 -43397.2 13894 -25302.3 52752.4 -25302.3 13894
24 -31529.8 9322.78 -20794.9 46313.5 -20794.9 9322.78
24.02 -17941.1 3619.29 -17741 38682 -17741 3619.29
24.04 -3038.78 -2711.78 -17414.6 29883.5 -17414.6 -2711.78
24.06 12270.1 -8684.37 -19535 20022.4 -19535 -8684.37
24.08 26765.6 -13014.3 -22312.6 9498.09 -22312.6 -13014.3
24.1 39447.7 -14996.1 -23810.3 -1067.51 -23810.3 -14996.1
24.12 49978.7 -15248.3 -23385.2 -11102.2 -23385.2 -15248.3
24.14 58600.7 -15370.2 -21819.5 -20253 -21819.5 -15370.2
24.16 65623.8 -16710.3 -20209.2 -28364.2 -20209.2 -16710.3
24.18 70986.8 -19338.2 -18921 -35409.3 -18921 -19338.2
24.2 74252.6 -22046.9 -17625.8 -41451.3 -17625.8 -22046.9
24.22 74974 -23366.5 -16084.9 -46565.7 -16084.9 -23366.5
24.24 73060 -22776.3 -14642.8 -50691.2 -14642.8 -22776.3
24.26 68808.5 -20972 -13977.9 -53486.1 -13977.9 -20972
24.28 62599.4 -18900.9 -14556.9 -54347 -14556.9 -18900.9
24.3 54585.6 -16692.5 -16341.7 -52679.8 -16341.7 -16692.5
24.32 44695.3 -13632.2 -18844.8 -48241.3 -18844.8 -13632.2
24.34 32908.2 -9077.83 -21291.9 -41257.5 -21291.9 -9077.83
24.36 19528 -3340.2 -22773.4 -32263.9 -22773.4 -3340.2
24.38 5238.83 2321.76 -22619.8 -21894.4 -22619.8 2321.76
24.4 -9070.93 6581.43 -20997.1 -10791.7 -20997.1 6581.43
24.42 -22606 9044.84 -19044.9 444.134 -19044.9 9044.84
24.44 -34894 10521 -18134.5 11380.5 -18134.5 10521
24.46 -45776.2 12325.8 -18886.2 21841.5 -18886.2 12325.8
24.48 -55176.2 15205.9 -20916 31807.8 -20916 15205.9
24.5 -62871.6 18743.3 -23395.1 41207.4 -23395.1 18743.3
24.52 -68490.6 21661.5 -25638.7 49821.6 -25638.7 21661.5
24.54 -71730.4 22793.2 -27168.1 57367.9 -27168.1 22793.2
24.56 -72569.6 22000.4 -27548.1 63607.6 -27548.1 22000.4
24.58 -71233.1 20267.2 -26535.2 68329.9 -26535.2 20267.2
24.6 -67908 18768.2 -24449.9 71236.9 -24449.9 18768.2
24.62 -62501.3 17717.3 -22212.8 71876.6 -22212.8 17717.3
24.64 -54729.5 16227.6 -20834.2 69764.2 -20834.2 16227.6
24.66 -44500.3 13383.9 -20778.6 64643.5 -20778.6 13383.9
24.68 -32204.9 9256.96 -21733.8 56658.1 -21733.8 9256.96
24.7 -18623.6 4748.51 -22880.2 46308.2 -22880.2 4748.51
24.72 -4564.19 625.855 -23378.3 34300.4 -23378.3 625.855
24.74 9411.07 -3124.24 -22785 21406.7 -22785 -3124.24
24.76 22975.6 -7024.21 -21194.7 8338.65 -21194.7 -7024.21
24.78 35847.1 -11314.1 -19082.1 -4362.95 -19082.1 -11314.1
24.8 47645.7 -15523.8 -17044.6 -16379.9 -17044.6 -15523.8
24.82 57932 -18841.5 -15601 -27585.9 -15601 -18841.5
24.84 66341.2 -20814.5 -15011 -37954.5 -15011 -20814.5
24.86 72642.6 -21618.1 -15132.2 -47440.2 -15132.2 -21618.1
24.88 76694.2 -21733.7 -15511.3 -55871.4 -15511.3 -21733.7
24.9 78402.4 -21538.7 -15735.9 -62902.8 -15735.9 -21538.7
24.92 77730.5 -21217 -15679.6 -68052.5 -15679.6 -21217
24.94 74697 -20854.8 -15380.1 -70794.7 -15380.1 -20854.8
24.96 69341.9 -20372.4 -14850.8 -70647.5 -14850.8 -20372.4
24.98 61722.9 -19341.9 -14239.2 -67263.8 -14239.2 -19341.9
25 51984.6 -17138.3 -14069.8 -60579.8 -14069.8 -17138.3
25.02 40426.6 -13432 -14977 -50935.2 -14977 -13432
25.04 27479.3 -8483.74 -17124.3 -39025.1 -17124.3 -8483.74
25.06 13616.6 -2985.98 -20024.5 -25706.4 -20024.5 -2985.98
25.08 -710.526 2325.52 -22842.3 -11775.2 -22842.3 2325.52
25.1 -15084.7 6980.37 -24803.2 2197.62 -24803.2 6980.37
25.12 -29087.7 10853 -25545.6 15905.3 -25545.6 10853
25.14 -42252.1 14030.4 -25334.7 29198.7 -25334.7 14030.4
25.16 -54064.2 16617.6 -24922.7 41917.4 -24922.7 16617.6
25.18 -64050.9 18650.6 -25056 53795.5 -25056 18650.6
25.2 -71887.7 20163.9 -26029.8 64479.3 -26029.8 20163.9
25.22 -77435.2 21295.1 -27653.9 73588.4 -27653.9 21295.1
25.24 -80684.3 22267.3 -29544.7 80763.3 -29544.7 22267.3
25.26 -81662.8 23216 -31383.4 85703.4 -31383.4 23216
25.28 -80369.3 23979.1 -32925.8 88190.5 -32925.8 23979.1
25.3 -76778.7 24021.4 -33846.1 88074.3 -33846.1 24021.4
25.32 -70911.2 22634.6 -33611.2 85247.1 -33611.2 22634.6
25.34 -62902.9 19451.8 -31590.6 79677.7 -31590.6 19451.8
25.36 -52991.4 14887.7 -27677.6 71474.6 -27677.6 14887.7
25.38 -41392.2 9875.95 -23105.1 60875.9 -23105.1 9875.95
25.4 -28251 5099.35 -20043.7 48245.5 -20043.7 5099.35
25.42 -13838.9 659.94 -19744.7 34182.4 -19744.7 659.94
25.44 1222.26 -3550.43 -21386.3 19549.7 -21386.3 -3550.43
25.46 16045.4 -7434.76 -23095 5236.29 -23095 -7434.76
25.48 29806.5 -10706 -23736.9 -8154.97 -23736.9 -10706
25.5 41946.5 -13147.9 -23363.3 -20374.1 -23363.3 -13147.9
25.52 52141.4 -14802 -22300.7 -31375.5 -22300.7 -14802
25.54 60226.9 -15991.9 -20464.4 -41208.3 -20464.4 -15991.9
25.56 66179.5 -17178.5 -17669 -49987.7 -17669 -17178.5
25.58 70081.3 -18677.4 -14211.6 -57788.2 -14211.6 -18677.4
25.6 72028.3 -20407 -10896.2 -64460 -10896.2 -20407
25.62 72042.9 -21869.1 -8584.13 -69554.8 -8584.13 -21869.1
25.64 70066.2 -22378.3 -7782.15 -72448.1 -7782.15 -22378.3
25.66 66032 -21408.8 -8527.14 -72551.6 -8527.14 -21408.8
25.68 59962.6 -18910.5 -10617.2 -69491.3 -10617.2 -18910.5
25.7 51997.5 -15377.2 -13857.7 -63202.2 -13857.7 -15377.2
25.72 42296.2 -11497.5 -17677.7 -53932 -17677.7 -11497.5
25.74 30936.9 -7653.19 -20647.5 -42207.4 -20647.5 -7653.19
25.76 18043.8 -3810.57 -21349.4 -28832.3 -21349.4 -3810.57
25.78 4070.51 129.65 -19953.8 -14829.2 -19953.8 129.65
25.8 -10162 4022.85 -18220.9 -1181.87 -18220.9 4022.85
25.82 -23791.1 7531.81 -17758.1 11510.6 -17758.1 7531.81
25.84 -36226 10350.4 -18731.2 23165.6 -18731.2 10350.4
25.86 -47163.1 12341.5 -20353.1 34032.1 -20353.1 12341.5
25.88 -56451.5 13620.1 -22082.4 44421.5 -22082.4 13620.1
25.9 -64023.8 14625.4 -24004.1 54554.8 -24004.1 14625.4
25.92 -69876.2 15991.9 -26362.5 64460 -26362.5 15991.9
25.94 -73996.7 18133.7 -29136.8 73829.2 -29136.8 18133.7
25.96 -76277.9 20863.5 -32010.8 81956.9 -32010.8 20863.5
25.98 -76516 23400 -34495.5 87887.4 -34495.5 23400
26 -74507.7 24746 -36077.8 90714.3 -36077.8 24746
26.02 -70170.2 24149.4 -36342.5 89865.1 -36342.5 24149.4
26.04 -63610 21432 -34875.5 85255.9 -34875.5 21432
26.06 -55091 17085.2 -31304.1 77287.5 -31304.1 17085.2
26.08 -44865.3 11998.3 -26180.8 66690.7 -26180.8 11998.3
26.1 -33030.1 6924.78 -21691.9 54318.5 -21691.9 6924.78
26.12 -19698.1 2185.09 -20274.8 41026.9 -20274.8 2185.09
26.14 -5374.2 -2107.07 -22225 27615.5 -22225 -2107.07
26.16 8970.11 -5678.15 -25381.9 14683.4 -25381.9 -5678.15
26.18 22308.5 -8134.77 -27288.4 2451.67 -27288.4 -8134.77
26.2 34027.9 -9376.4 -27175.1 -9213.16 -27175.1 -9376.4
26.22 44016.4 -9879.54 -25847.6 -20541.2 -25847.6 -9879.54
26.24 52402.6 -10547.8 -24236.7 -31631.1 -24236.7 -10547.8
26.26 59241.4 -12206.4 -22394.1 -42409.1 -22394.1 -12206.4
26.28 64371.5 -15014.7 -19708.6 -52620.4 -19708.6 -15014.7
26.3 67507 -18218.6 -15860.4 -61750.9 -15860.4 -18218.6
26.32 68474.8 -20582 -11560.4 -69032.5 -11560.4 -20582
26.34 67383.5 -21256.9 -8374.36 -73643.6 -8374.36 -21256.9
26.36 64555.9 -20321.6 -7714.32 -74968.7 -7714.32 -20321.6
26.38 60269.2 -18495.5 -9944.18 -72730.5 -9944.18 -18495.5
26.4 54527.5 -16380.2 -14340.8 -66981.1 -14340.8 -16380.2
26.42 47042.5 -13960.1 -19420 -58037.5 -19420 -13960.1
26.44 37452.2 -10774.6 -23208.7 -46437.9 -23208.7 -10774.6
26.46 25704 -6599.04 -24151.3 -32967.2 -24151.3 -6599.04
26.48 12354.8 -1950.19 -22374.9 -18645.4 -22374.9 -1950.19
26.5 -1552.61 2206.37 -19675.5 -4500.52 -19675.5 2206.37
26.52 -14995.1 5295.36 -17965.4 8800.04 -17965.4 5295.36
26.54 -27362.6 7565.85 -17907.3 21130.7 -17907.3 7565.85
26.56 -38401.7 9649.63 -19057.5 32731.6 -19057.5 9649.63
26.58 -47933.4 11850.8 -20885.6 43889.7 -20885.6 11850.8
26.6 -55732 13980.2 -23300.2 54744.4 -23300.2 13980.2
26.62 -61629.5 15742.3 -26323.4 65211.3 -26323.4 15742.3
26.64 -65636.8 17103.4 -29615.7 74906.9 -29615.7 17103.4
26.66 -67916.8 18301.3 -32454.8 83118.8 -32454.8 18301.3
26.68 -68629.6 19584.5 -34099.7 88924.5 -34099.7 19584.5
26.7 -67770.8 20896.3 -34144.3 91429.3 -34144.3 20896.3
26.72 -65115.6 21701.5 -32565.6 90001.3 -32565.6 21701.5
26.74 -60304.3 21142.9 -29583.2 84434.8 -29583.2 21142.9
26.76 -53023.9 18528 -25811.2 75025.5 -25811.2 18528
26.78 -43205.7 13852.2 -22530.4 62551.4 -22530.4 13852.2
26.8 -31192.7 7954.53 -21071.1 48170 -21071.1 7954.53
26.82 -17778.8 2108.69 -21565.9 33203.6 -21565.9 2108.69
26.84 -3987.24 -2680.47 -22772.5 18788.5 -22772.5 -2680.47
26.86 9307.31 -6087.93 -23348.8 5532.38 -23348.8 -6087.93
26.88 21590.6 -8297.65 -22996.9 -6572.83 -22996.9 -8297.65
26.9 32624.5 -9595.76 -22238.9 -17909 -22238.9 -9595.76
26.92 42281.9 -10268.5 -21455.8 -28884.7 -21455.8 -10268.5
26.94 50492.3 -10822 -20464.8 -39718.8 -20464.8 -10822
26.96 57236.4 -11999.9 -18881.6 -50343.1 -18881.6 -11999.9
26.98 62472.9 -14314.6 -16589.8 -60326.1 -16589.8 -14314.6
27 66042.9 -17524.2 -13862.3 -68867.9 -13862.3 -17524.2
27.02 67683.1 -20669.3 -11243.5 -74967 -11243.5 -20669.3
27.04 67158.4 -22672.2 -9363.85 -77713 -9363.85 -22672.2
27.06 64383.8 -22907.1 -8756.45 -76545 -8756.45 -22907.1
27.08 59430.4 -21296.3 -9806.88 -71373.3 -9806.88 -21296.3
27.1 52441.3 -18054.7 -12617 -62565.3 -12617 -18054.7
27.12 43554 -13495.7 -16428.4 -50842.1 -16428.4 -13495.7
27.14 32958.2 -8151.43 -19568.1 -37182.4 -19568.1 -8151.43
27.16 21087.2 -2946.29 -20784.5 -22734.5 -20784.5 -2946.29
27.18 8666.75 1065.54 -20437.3 -8602.24 -20437.3 1065.54
27.2 -3575.8 3384.56 -19831.3 4501.5 -19831.3 3384.56
27.22 -15254.9 4506.58 -19674.2 16471.6 -19674.2 4506.58
27.24 -26293.2 5547.61 -19735.6 27648.7 -19735.6 5547.61
27.26 -36577.5 7340.86 -19798.9 38412.6 -19798.9 7340.86
27.28 -45749.2 9892.78 -20308.7 48907.1 -20308.7 9892.78
27.3 -53339.2 12661.5 -21919.9 59016.2 -21919.9 12661.5
27.32 -59032.9 15213.6 -24731.6 68386.8 -24731.6 15213.6
27.34 -62772.7 17502.9 -28122.1 76395.5 -28122.1 17502.9
27.36 -64638.5 19553.2 -31142.4 82200.8 -31142.4 19553.2
27.38 -64668.6 21029.3 -32966.3 84966.2 -32966.3 21029.3
27.4 -62809.6 21285 -33157.4 84132 -33157.4 21285
27.42 -59011 19883.7 -31693.7 79575 -31693.7 19883.7
27.44 -53324.4 17006 -28825.4 71608.8 -28825.4 17006
27.46 -45881.1 13285.1 -25154.9 60873.7 -25154.9 13285.1
27.48 -36806.9 9318.46 -21840.3 48217.3 -21840.3 9318.46
27.5 -26260.5 5414.84 -20116.4 34620.1 -20116.4 5414.84
27.52 -14593.8 1706.64 -20317 21083.8 -20317 1706.64
27.54 -2407.65 -1677.77 -21651.5 8401.61 -21651.5 -1677.77
27.56 9600.77 -4588.82 -23019.8 -3068.37 -23019.8 -4588.82
27.58 20827 -6925.07 -23808.7 -13411.1 -23808.7 -6925.07
27.6 30830 -8701.02 -23881.6 -22922 -23881.6 -8701.02
27.62 39320.7 -10082.1 -23160 -31847.6 -23160 -10082.1
27.64 46149.2 -11342 -21522.5 -40266 -21522.5 -11342
27.66 51285 -12718.1 -19065.4 -48050 -19065.4 -12718.1
27.68 54773.5 -14265.2 -16261.2 -54824 -16261.2 -14265.2
27.7 56679.8 -15835.1 -13793.8 -59972.2 -13793.8 -15835.1
27.72 57038.3 -17160.9 -12259.8 -62773.9 -12259.8 -17160.9
27.74 55823 -17937.3 -11971 -62619.8 -11971 -17937.3
27.76 52950.9 -17857.5 -12957.1 -59190.2 -12957.1 -17857.5
27.78 48318.2 -16644.2 -15077.2 -52536 -15077.2 -16644.2
27.8 41853.8 -14129 -17921 -43077.4 -17921 -14129
27.82 33591.3 -10412.9 -20605.8 -31561 -20605.8 -10412.9
27.84 23773 -6006.37 -22146.3 -18986 -22146.3 -6006.37
27.86 12910.8 -1689.72 -22255.9 -6432.65 -22255.9 -1689.72
27.88 1679.84 1914.93 -21534.4 5226.07 -21534.4 1914.93
27.9 -9300.67 4648.63 -20798 15578.3 -20798 4648.63
27.92 -19586.5 6686.03 -20443.1 24698.9 -20443.1 6686.03
27.94 -28867.2 8213 -20499.4 32934.3 -20499.4 8213
27.96 -36909.2 9344.75 -21011.5 40636.9 -21011.5 9344.75
27.98 -43573.2 10287 -22123.6 48004.3 -22123.6 10287
28 -48829 11377.2 -23840.5 55000.4 -23840.5 11377.2
28.02 -52697.4 12862 -25874.1 61299 -25874.1 12862
28.04 -55163.1 14657.5 -27758.3 66299.3 -27758.3 14657.5
28.06 -56136 16346.6 -29068.2 69273.1 -29068.2 16346.6
28.08 -55483.6 17391.9 -29559 69594.5 -29559 17391.9
28.1 -53098.6 17383.4 -29164.2 66933.7 -29164.2 17383.4
28.12 -48950.7 16163.6 -27897.7 61339.4 -27897.7 16163.6
28.14 -43097 13795.2 -25909.4 53215 -25909.4 13795.2
28.16 -35667.9 10489.8 -23723.3 43239.7 -23723.3 10489.8
28.18 -26895.5 6621.98 -22117.7 32276.8 -22117.7 6621.98
28.2 -17177.7 2733.43 -21524.4 21238.2 -21524.4 2733.43
28.22 -7055.57 -636.889 -21699.5 10873.6 -21699.5 -636.889
28.24 2933.07 -3207.36 -22085.5 1568.46 -22085.5 -3207.36
28.26 12387.1 -5037.23 -22339.7 -6698.37 -22339.7 -5037.23
28.28 21045 -6381.23 -22408.8 -14195.8 -22408.8 -6381.23
28.3 28714.6 -7512.27 -22252 -21213.2 -22252 -7512.27
28.32 35235.4 -8657.15 -21706.6 -27911.3 -21706.6 -8657.15
28.34 40480.9 -9976.64 -20647.1 -34257.3 -20647.1 -9976.64
28.36 44359.1 -11502.5 -19169.7 -39989.7 -19169.7 -11502.5
28.38 46796.2 -13081.6 -17590.4 -44626.1 -17590.4 -13081.6
28.4 47725.1 -14402.3 -16319.4 -47564.7 -16319.4 -14402.3
28.42 47089.5 -15098.9 -15727.3 -48260.9 -15727.3 -15098.9
28.44 44856.9 -14886.4 -16034.5 -46390.7 -16034.5 -14886.4
28.46 41032.2 -13667.3 -17252.2 -41935.2 -17252.2 -13667.3
28.48 35664.2 -11537.8 -19118.8 -35175.1 -19118.8 -11537.8
28.5 28852.2 -8712.65 -21051.4 -26632.3 -21051.4 -8712.65
28.52 20783.7 -5479.76 -22392.1 -17001.6 -22392.1 -5479.76
28.54 11787.5 -2192.3 -22889.1 -7053.04 -22889.1 -2192.3
28.56 2316.22 805.677 -22835.1 2531.69 -22835.1 805.677
28.58 -7166.48 3311.87 -22680.2 11338.1 -22680.2 3311.87
28.6 -16286.4 5320.14 -22630.9 19286.7 -22630.9 5320.14
28.62 -24762.5 6947.12 -22673.3 26539.2 -22673.3 6947.12
28.64 -32362.6 8333.62 -22778.2 33327.3 -22778.2 8333.62
