0.02 0 -1.7386e-22 2.0418e-12 -5.88548e-11 1.73765e-11 -3.51232e-22
0.04 0 2.88041e-21 1.6427e-10 -1.54276e-10 1.398e-09 5.46778e-21
0.06 0 -1.34142e-20 1.9465e-09 7.82816e-10 1.65654e-08 -2.16316e-20
0.08 0 2.29208e-20 1.12974e-08 5.9329e-09 9.61445e-08 2.4673e-20
0.1 0 -1.88304e-20 4.74257e-08 1.99111e-08 4.03609e-07 -1.33682e-20
0.12 0 2.07748e-20 1.63948e-07 4.70306e-08 1.39525e-06 2.86011e-20
0.14 0 1.46376e-20 4.715e-07 9.11094e-08 4.01263e-06 5.81721e-20
0.16 0 7.60635e-21 1.12614e-06 1.56645e-07 9.58381e-06 7.35384e-20
0.18 0 -3.55584e-20 2.26891e-06 2.48503e-07 1.93092e-05 1.7032e-21
0.2 0 -1.42361e-20 3.95136e-06 3.6877e-07 3.36275e-05 -2.70566e-20
0.22 0 -7.06325e-20 6.09971e-06 5.13274e-07 5.19106e-05 -1.69749e-19
0.24 0 -1.27403e-19 8.54569e-06 6.7215e-07 7.27268e-05 -4.27129e-19
0.26 0 4.57194e-20 1.10986e-05 8.34621e-07 9.44527e-05 -3.34767e-19
0.28 0 1.16677e-19 1.35942e-05 9.92702e-07 0.000115692 -9.90548e-20
0.3 0 2.20826e-20 1.58996e-05 1.14091e-06 0.000135312 -5.44435e-20
0.32 0 2.57043e-19 1.79232e-05 1.27524e-06 0.000152532 4.64834e-19
0.34 0 -2.17738e-19 1.96561e-05 1.3934e-06 0.00016728 2.49594e-20
0.36 0 2.07974e-19 2.11855e-05 1.49403e-06 0.000180296 4.45109e-19
0.38 0 -1.98596e-19 2.26396e-05 1.5758e-06 0.000192671 4.39053e-20
0.4 0 1.34519e-19 2.41281e-05 1.64048e-06 0.000205338 3.1566e-19
0.42 0 -1.85709e-19 2.57245e-05 1.69681e-06 0.000218924 -5.951e-20
0.44 0 2.52021e-20 2.74354e-05 1.75655e-06 0.000233484 -8.59664e-21
0.46 0 4.68801e-20 2.91171e-05 1.82308e-06 0.000247796 8.61106e-20
0.48 0 3.04951e-20 3.04468e-05 1.88403e-06 0.000259113 1.47717e-19
0.5 0 -6.18958e-20 3.10684e-05 1.91577e-06 0.000264403 2.26748e-20
0.52 0 -1.5144e-20 3.08371e-05 1.89788e-06 0.000262435 -7.91923e-21
0.54 0 -1.98549e-20 2.99381e-05 1.82969e-06 0.000254784 -4.80302e-20
0.56 0 3.78831e-21 2.87475e-05 1.73683e-06 0.000244651 -4.03771e-20
0.58 0 7.20354e-20 2.75181e-05 1.65591e-06 0.000234189 1.05149e-19
0.6 0 -6.49277e-20 2.61325e-05 1.60345e-06 0.000222396 -2.60182e-20
0.62 0 9.18701e-20 2.41517e-05 1.55782e-06 0.00020554 1.59578e-19
0.64 0 -4.60412e-20 2.11322e-05 1.47359e-06 0.000179842 6.65655e-20
0.66 0 -2.85713e-20 1.69046e-05 1.31248e-06 0.000143864 8.84561e-21
0.68 0 -1.0957e-19 1.1595e-05 1.06525e-06 9.86772e-05 -2.12508e-19
0.7 0 -7.71604e-21 5.49897e-06 7.55834e-07 4.67982e-05 -2.28096e-19
0.72 0 1.50275e-19 -9.96869e-07 4.28561e-07 -8.4837e-06 7.54897e-20
0.74 0 2.45848e-20 -7.47685e-06 1.1986e-07 -6.36306e-05 1.25156e-19
0.76 0 2.28724e-19 -1.36154e-05 -1.6693e-07 -0.000115872 5.87224e-19
0.78 0 -3.01723e-19 -1.92394e-05 -4.56451e-07 -0.000163734 -2.23166e-20
0.8 0 1.69914e-19 -2.42307e-05 -7.68429e-07 -0.000206212 3.20945e-19
0.82 0 4.61818e-19 -2.84392e-05 -1.09388e-06 -0.000242028 1.25391e-18
0.84 0 9.14257e-19 -3.17829e-05 -1.40404e-06 -0.000270484 3.1009e-18
0.86 0 -1.12508e-18 -3.43534e-05 -1.67534e-06 -0.00029236 8.27997e-19
0.88 0 -1.69161e-19 -3.62522e-05 -1.90258e-06 -0.000308519 4.86258e-19
0.9 0 5.69295e-19 -3.72992e-05 -2.09259e-06 -0.000317429 1.63635e-18
0.92 0 1.96899e-19 -3.70268e-05 -2.24651e-06 -0.000315111 2.03413e-18
0.94 0 -5.82225e-19 -3.50431e-05 -2.3447e-06 -0.000298229 8.57914e-19
0.96 0 -1.14668e-18 -3.14003e-05 -2.35111e-06 -0.000267227 -1.4586e-18
0.98 0 7.28309e-19 -2.66309e-05 -2.24158e-06 -0.000226638 1.27269e-20
1 0 6.01611e-20 -2.14987e-05 -2.03154e-06 -0.000182961 1.34265e-19
1.02 0 3.43536e-19 -1.67964e-05 -1.79393e-06 -0.000142943 8.28277e-19
1.04 0 -8.38451e-19 -1.33319e-05 -1.67447e-06 -0.00011346 -8.65563e-19
1.06 0 -1.72546e-19 -1.17214e-05 -1.82946e-06 -9.97531e-05 -1.21414e-18
1.08 0 1.43689e-19 -1.1912e-05 -2.25996e-06 -0.000101375 -9.23859e-19
1.1 0 2.82228e-19 -1.31312e-05 -2.73289e-06 -0.000111751 -3.537e-19
1.12 0 1.49444e-21 -1.44263e-05 -2.93169e-06 -0.000122772 -3.50681e-19
1.14 0 8.56157e-20 -1.51024e-05 -2.69837e-06 -0.000128527 -1.7772e-19
1.16 0 -2.34783e-19 -1.48106e-05 -2.14245e-06 -0.000126043 -6.52029e-19
1.18 0 1.20289e-19 -1.35316e-05 -1.52647e-06 -0.000115159 -4.09021e-19
1.2 0 -6.10955e-19 -1.15447e-05 -1.0391e-06 -9.82497e-05 -1.64327e-18
1.22 0 -5.08939e-19 -9.38821e-06 -6.78622e-07 -7.98969e-05 -2.67143e-18
1.24 0 -4.98319e-19 -7.69998e-06 -3.27503e-07 -6.55295e-05 -3.67814e-18
1.26 0 1.31821e-18 -6.76511e-06 1.13693e-07 -5.75734e-05 -1.0151e-18
1.28 0 1.25824e-18 -6.17365e-06 6.65374e-07 -5.25399e-05 1.52681e-18
1.3 0 -6.43588e-19 -5.2376e-06 1.28609e-06 -4.45738e-05 2.26633e-19
1.32 0 -2.95418e-19 -3.82923e-06 1.91231e-06 -3.2588e-05 -3.70171e-19
1.34 0 -7.25898e-20 -2.54935e-06 2.48063e-06 -2.16959e-05 -5.16817e-19
1.36 0 2.72257e-19 -2.03339e-06 2.92658e-06 -1.73048e-05 3.31963e-20
1.38 0 -2.3063e-21 -2.5311e-06 3.14883e-06 -2.15405e-05 2.85372e-20
1.4 0 -6.64603e-21 -4.41559e-06 2.95259e-06 -3.75782e-05 1.51108e-20
1.42 0 -4.69177e-20 -8.44913e-06 2.12947e-06 -7.19051e-05 -7.96724e-20
1.44 0 2.64456e-20 -1.48987e-05 7.27187e-07 -0.000126793 -2.6247e-20
1.46 0 3.76752e-20 -2.28006e-05 -8.27258e-07 -0.000194041 4.98646e-20
1.48 0 -7.47381e-20 -3.05075e-05 -2.02116e-06 -0.00025963 -1.01121e-19
1.5 0 -1.11418e-18 -3.65472e-05 -2.67112e-06 -0.00031103 -2.35199e-18
1.52 0 9.00998e-20 -3.9937e-05 -2.99708e-06 -0.000339878 -2.16997e-18
1.54 0 6.39507e-19 -4.05462e-05 -3.34937e-06 -0.000345062 -8.78039e-19
1.56 0 -2.92623e-19 -3.95097e-05 -3.93035e-06 -0.000336241 -1.4692e-18
1.58 0 1.30482e-18 -3.85608e-05 -4.70287e-06 -0.000328166 1.1668e-18
1.6 0 5.48889e-19 -3.84497e-05 -5.44522e-06 -0.000327221 2.27567e-18
1.62 0 -4.58966e-19 -3.83186e-05 -5.89762e-06 -0.000326105 1.34847e-18
1.64 0 1.1205e-19 -3.67713e-05 -5.93267e-06 -0.000312937 1.57483e-18
1.66 0 -9.79877e-20 -3.32184e-05 -5.60399e-06 -0.0002827 1.37687e-18
1.68 0 1.01488e-19 -2.81706e-05 -5.02959e-06 -0.000239741 1.5819e-18
1.7 0 -3.99972e-19 -2.26298e-05 -4.27539e-06 -0.000192588 7.73876e-19
1.72 0 -3.14369e-19 -1.72058e-05 -3.36935e-06 -0.000146427 1.38786e-19
1.74 0 -2.37479e-19 -1.14944e-05 -2.35882e-06 -9.78211e-05 -3.40968e-19
1.76 0 2.84565e-19 -4.46227e-06 -1.30361e-06 -3.79755e-05 2.3391e-19
1.78 0 -4.49007e-19 4.17228e-06 -2.42012e-07 3.55076e-05 -6.73175e-19
1.8 0 -1.31479e-19 1.31652e-05 8.18905e-07 0.00011204 -9.38789e-19
1.82 0 2.34416e-19 2.0836e-05 1.90758e-06 0.000177322 -4.65221e-19
1.84 0 -2.30952e-19 2.68214e-05 3.07459e-06 0.00022826 -9.3179e-19
1.86 0 8.56147e-19 3.2384e-05 4.32675e-06 0.000275599 7.97799e-19
1.88 0 2.87638e-19 3.90967e-05 5.5633e-06 0.000332726 1.37889e-18
1.9 0 -5.85466e-19 4.73963e-05 6.59674e-06 0.000403359 1.96127e-19
1.92 0 -9.45209e-19 5.60843e-05 7.23987e-06 0.000477297 -1.71339e-18
1.94 0 1.11215e-18 6.29091e-05 7.3878e-06 0.000535378 5.33377e-19
1.96 0 7.00884e-20 6.59336e-05 7.06621e-06 0.000561118 6.7497e-19
1.98 0 3.95151e-19 6.48309e-05 6.43011e-06 0.000551733 1.47325e-18
2 0 -1.93185e-19 6.08875e-05 5.68159e-06 0.000518174 1.08298e-18
2.02 0 -1.17542e-18 5.55553e-05 4.93538e-06 0.000472795 -1.29161e-18
2.04 0 -3.5412e-19 4.9015e-05 4.1434e-06 0.000417134 -2.007e-18
2.06 0 4.04286e-19 4.01903e-05 3.15099e-06 0.000342033 -1.19026e-18
2.08 0 1.66731e-19 2.80048e-05 1.83441e-06 0.000238331 -8.53429e-19
2.1 0 5.53834e-19 1.25842e-05 2.15608e-07 0.000107096 2.65428e-19
2.12 0 5.02365e-19 -4.55752e-06 -1.5126e-06 -3.87861e-05 1.28031e-18
2.14 0 -1.44304e-19 -2.13878e-05 -3.06652e-06 -0.000182018 9.88784e-19
2.16 0 -4.07818e-19 -3.65117e-05 -4.21571e-06 -0.000310727 1.6491e-19
2.18 0 1.03626e-19 -4.95824e-05 -4.89605e-06 -0.000421963 3.74254e-19
2.2 0 -7.06575e-19 -6.0707e-05 -5.21492e-06 -0.000516638 -1.05317e-18
2.22 0 7.16795e-20 -6.96673e-05 -5.36074e-06 -0.000592893 -9.08364e-19
2.24 0 3.7528e-19 -7.57867e-05 -5.48241e-06 -0.000644971 -1.50222e-19
2.26 0 3.54556e-19 -7.84533e-05 -5.60813e-06 -0.000667665 5.66053e-19
2.28 0 -8.74435e-20 -7.78218e-05 -5.66182e-06 -0.00066229 3.89399e-19
2.3 0 -3.13943e-18 -7.51055e-05 -5.56418e-06 -0.000639174 -5.95289e-18
2.32 0 1.88693e-18 -7.19838e-05 -5.31306e-06 -0.000612607 -2.1409e-18
2.34 0 1.23736e-18 -6.94128e-05 -4.96846e-06 -0.000590727 3.58809e-19
2.36 0 1.77961e-18 -6.69506e-05 -4.59256e-06 -0.000569773 3.95399e-18
2.38 0 -1.93921e-19 -6.33049e-05 -4.22482e-06 -0.000538747 3.56223e-18
2.4 0 -8.79912e-19 -5.7533e-05 -3.89136e-06 -0.000489626 1.78463e-18
2.42 0 3.43851e-19 -4.97758e-05 -3.60843e-06 -0.000423609 2.47928e-18
2.44 0 -1.77382e-18 -4.10481e-05 -3.37519e-06 -0.000349334 -1.10419e-18
2.46 0 5.31356e-19 -3.24862e-05 -3.1725e-06 -0.000276469 -3.07477e-20
2.48 0 -7.37182e-20 -2.46707e-05 -2.96316e-06 -0.000209956 -1.79673e-19
2.5 0 4.20595e-19 -1.73535e-05 -2.681e-06 -0.000147684 6.70013e-19
2.52 0 -4.16431e-19 -9.75132e-06 -2.23512e-06 -8.29871e-05 -1.71261e-19
2.54 0 4.89651e-19 -1.30405e-06 -1.56154e-06 -1.10979e-05 8.17934e-19
2.56 0 5.41208e-20 7.76253e-06 -6.85088e-07 6.60618e-05 9.27269e-19
2.58 0 -2.25618e-18 1.6657e-05 2.77175e-07 0.000141757 -3.63066e-18
2.6 0 -1.80571e-18 2.46736e-05 1.18121e-06 0.000209981 -7.27856e-18
2.62 0 3.33636e-18 3.14382e-05 1.94045e-06 0.00026755 -5.38436e-19
2.64 0 1.67985e-18 3.65617e-05 2.56726e-06 0.000311153 2.85521e-18
2.66 0 -1.95901e-18 3.92404e-05 3.12495e-06 0.000333949 -1.1024e-18
2.68 0 -9.30802e-19 3.83711e-05 3.62155e-06 0.000326552 -2.98281e-18
2.7 0 9.74786e-19 3.33222e-05 3.97337e-06 0.000283584 -1.01355e-18
2.72 0 3.07061e-19 2.48087e-05 4.09966e-06 0.000211131 -3.9322e-19
2.74 0 1.02859e-18 1.49133e-05 4.02888e-06 0.000126917 1.68474e-18
2.76 0 1.14188e-18 5.94317e-06 3.87884e-06 5.05785e-05 3.99156e-18
2.78 0 -1.38331e-18 -9.18803e-07 3.74311e-06 -7.81933e-06 1.197e-18
2.8 0 2.97247e-19 -5.89794e-06 3.61641e-06 -5.01935e-05 1.7975e-18
2.82 0 -9.47293e-19 -9.84551e-06 3.41345e-06 -8.37887e-05 -1.16226e-19
2.84 0 7.45116e-19 -1.35285e-05 3.04304e-06 -0.000115132 1.38906e-18
2.86 0 -1.94897e-18 -1.75229e-05 2.48631e-06 -0.000149126 -2.54825e-18
2.88 0 -2.58725e-19 -2.21131e-05 1.8195e-06 -0.00018819 -3.07093e-18
2.9 0 -9.89187e-19 -2.68345e-05 1.14113e-06 -0.000228371 -5.06929e-18
2.92 0 4.21059e-18 -3.02662e-05 4.65855e-07 -0.000257576 3.43696e-18
2.94 0 -2.37856e-18 -3.05841e-05 -2.86236e-07 -0.000260281 -1.36822e-18
2.96 0 9.34114e-19 -2.64626e-05 -1.17708e-06 -0.000225206 5.18883e-19
2.98 0 -2.67741e-18 -1.76866e-05 -2.13637e-06 -0.00015052 -4.89003e-18
3 0 1.837e-20 -5.33911e-06 -2.96999e-06 -4.54377e-05 -4.85291e-18
3.02 0 -3.74622e-18 8.44315e-06 -3.48944e-06 7.18541e-05 -1.2421e-17
3.04 0 7.61134e-18 2.13369e-05 -3.65115e-06 0.000181584 2.95542e-18
3.06 0 5.22969e-18 3.20478e-05 -3.58351e-06 0.000272738 1.35204e-17
3.08 0 -3.46046e-18 4.08381e-05 -3.46966e-06 0.000347547 6.52961e-18
3.1 0 -2.25634e-19 4.87727e-05 -3.38341e-06 0.000415073 6.07379e-18
3.12 0 1.22884e-18 5.65739e-05 -3.21774e-06 0.000481464 8.55628e-18
3.14 0 -1.70861e-18 6.44231e-05 -2.7533e-06 0.000548263 5.10454e-18
3.16 0 -1.29927e-18 7.25671e-05 -1.80792e-06 0.000617571 2.47975e-18
3.18 0 -4.82824e-19 8.13684e-05 -3.72226e-07 0.000692474 1.50435e-18
3.2 0 -9.65819e-19 9.05019e-05 1.36843e-06 0.000770203 -4.46797e-19
3.22 0 2.14524e-19 9.85959e-05 3.16362e-06 0.000839086 -1.34158e-20
3.24 0 1.97578e-18 0.000104028 4.86091e-06 0.000885311 3.97807e-18
3.26 0 4.01309e-18 0.000105842 6.43075e-06 0.000900749 1.20853e-17
3.28 0 -1.77299e-18 0.000103824 7.86369e-06 0.000883577 8.50351e-18
3.3 0 1.36524e-18 9.82051e-05 9.10706e-06 0.00083576 1.12616e-17
3.32 0 -5.23805e-19 8.96047e-05 1.00976e-05 0.000762567 1.02034e-17
3.34 0 -3.93862e-18 7.88988e-05 1.07966e-05 0.000671456 2.24658e-18
3.36 0 -3.00087e-18 6.68071e-05 1.11897e-05 0.000568552 -3.81578e-18
3.38 0 5.88814e-19 5.36255e-05 1.12909e-05 0.000456372 -2.62625e-18
3.4 0 -8.7181e-19 3.92549e-05 1.11234e-05 0.000334073 -4.38749e-18
3.42 0 8.11963e-19 2.32661e-05 1.06499e-05 0.000198002 -2.74716e-18
3.44 0 3.53565e-18 5.06396e-06 9.73962e-06 4.3096e-05 4.39557e-18
3.46 0 -2.72017e-18 -1.56575e-05 8.24751e-06 -0.000133251 -1.09973e-18
3.48 0 1.5344e-18 -3.84516e-05 6.13379e-06 -0.000327236 2.00007e-18
3.5 0 -3.39547e-19 -6.20379e-05 3.5095e-06 -0.000527964 1.31412e-18
3.52 0 -1.1667e-19 -8.46e-05 5.98596e-07 -0.000719976 1.07842e-18
3.54 0 1.98979e-18 -0.000104327 -2.34347e-06 -0.000887861 5.09819e-18
3.56 0 -4.29819e-19 -0.000120106 -5.13292e-06 -0.00102215 4.22987e-18
3.58 0 -2.90721e-19 -0.000131934 -7.73316e-06 -0.00112281 3.64256e-18
3.6 0 1.86606e-18 -0.000140485 -1.02263e-05 -0.00119557 7.41238e-18
3.62 0 -3.39909e-18 -0.000146112 -1.26821e-05 -0.00124347 5.45534e-19
3.64 0 -1.92612e-18 -0.000148477 -1.50353e-05 -0.00126359 -3.34561e-18
3.66 0 -2.75585e-18 -0.000147322 -1.7082e-05 -0.00125376 -8.91297e-18
3.68 0 5.07419e-18 -0.000143372 -1.85917e-05 -0.00122015 1.33792e-18
3.7 0 -4.79347e-18 -0.000138015 -1.94332e-05 -0.00117455 -8.34586e-18
3.72 0 2.38555e-18 -0.000132018 -1.96086e-05 -0.00112352 -3.52657e-18
3.74 0 -2.88927e-18 -0.00012473 -1.91881e-05 -0.0010615 -9.36348e-18
3.76 0 1.30086e-18 -0.000114481 -1.82177e-05 -0.000974271 -6.73548e-18
3.78 0 2.61019e-18 -9.95893e-05 -1.6681e-05 -0.00084754 -1.46236e-18
3.8 0 -5.43182e-19 -7.92551e-05 -1.45338e-05 -0.000674488 -2.5597e-18
3.82 0 -1.07669e-18 -5.41275e-05 -1.17756e-05 -0.000460644 -4.73482e-18
3.84 0 1.98645e-18 -2.62719e-05 -8.50027e-06 -0.000223583 -7.21798e-19
3.86 0 -7.47214e-19 1.84589e-06 -4.87283e-06 1.57092e-05 -2.23132e-18
3.88 0 3.93403e-19 2.87448e-05 -1.05189e-06 0.000244628 -1.43657e-18
3.9 0 9.65814e-19 5.4247e-05 2.8563e-06 0.000461661 5.14572e-19
3.92 0 9.22465e-19 7.83417e-05 6.74809e-06 0.000666715 2.37814e-18
3.94 0 -1.12197e-18 9.9958e-05 1.04327e-05 0.000850677 1.11528e-19
3.96 0 -3.75036e-18 0.000116968 1.3618e-05 0.000995438 -7.46495e-18
3.98 0 7.91639e-19 0.000127182 1.60118e-05 0.00108236 -5.86568e-18
4 0 5.94263e-18 0.000129348 1.74645e-05 0.0011008 6.13964e-18
4.02 0 -2.7783e-19 0.000123586 1.80392e-05 0.00105176 5.57836e-18
4.04 0 -1.23602e-18 0.000111138 1.79508e-05 0.000945819 3.08135e-18
4.06 0 -1.70789e-18 9.37374e-05 1.74209e-05 0.000797738 -3.68939e-19
4.08 0 4.05886e-18 7.32058e-05 1.65663e-05 0.000623007 7.83078e-18
4.1 0 -1.01887e-18 5.14459e-05 1.53867e-05 0.000437822 5.77246e-18
4.12 0 -6.49974e-19 3.03355e-05 1.38271e-05 0.000258166 4.45938e-18
4.14 0 4.13331e-19 1.13729e-05 1.18594e-05 9.67877e-05 5.29439e-18
4.16 0 -1.70645e-18 -4.39327e-06 9.54427e-06 -3.73883e-05 1.84701e-18
4.18 0 -7.7734e-19 -1.61505e-05 7.02607e-06 -0.000137446 2.76629e-19
4.2 0 2.51201e-19 -2.35796e-05 4.45123e-06 -0.000200671 7.84106e-19
4.22 0 -3.27574e-18 -2.75384e-05 1.87909e-06 -0.000234361 -5.83355e-18
4.24 0 1.68999e-18 -2.99739e-05 -7.26464e-07 -0.000255088 -2.41944e-18
4.26 0 3.05691e-18 -3.27426e-05 -3.42948e-06 -0.000278651 3.75613e-18
4.28 0 -2.45289e-18 -3.66785e-05 -6.25502e-06 -0.000312146 -1.19921e-18
4.3 0 -3.38197e-18 -4.17291e-05 -9.15749e-06 -0.000355129 -8.03148e-18
4.32 0 3.32233e-18 -4.73682e-05 -1.20115e-05 -0.00040312 -1.31969e-18
4.34 0 4.06329e-18 -5.27215e-05 -1.46369e-05 -0.000448678 6.88897e-18
4.36 0 -8.23251e-18 -5.68617e-05 -1.68538e-05 -0.000483912 -9.74237e-18
4.38 0 -2.43392e-18 -5.91354e-05 -1.84982e-05 -0.000503263 -1.46594e-17
4.4 0 2.81237e-18 -5.87126e-05 -1.93752e-05 -0.000499665 -8.97782e-18
4.42 0 1.0376e-17 -5.36636e-05 -1.92371e-05 -0.000456696 1.19838e-17
4.44 0 -2.01764e-18 -4.08806e-05 -1.78317e-05 -0.000347908 7.9078e-18
4.46 0 -4.21336e-19 -1.73288e-05 -1.4981e-05 -0.000147474 7.05661e-18
4.48 0 -1.99061e-18 1.82285e-05 -1.0671e-05 0.000155131 3.03519e-18
4.5 0 -8.01554e-19 6.42158e-05 -5.14307e-06 0.000546499 1.41589e-18
4.52 0 1.12213e-18 0.000116518 1.10837e-06 0.000991609 3.68282e-18
4.54 0 -4.70832e-18 0.000169884 7.50393e-06 0.00144577 -5.82895e-18
4.56 0 5.68443e-19 0.000219774 1.36076e-05 0.00187035 -4.68058e-18
4.58 0 2.321e-18 0.000263592 1.92184e-05 0.00224326 8.31393e-21
4.6 0 -3.72632e-18 0.000300464 2.42579e-05 0.00255706 -7.5196e-18
4.62 0 8.69501e-18 0.000329988 2.85965e-05 0.00280831 1.00461e-17
4.64 0 3.72038e-18 0.000351285 3.19995e-05 0.00298956 1.7562e-17
4.66 0 1.49655e-18 0.000362915 3.42192e-05 0.00308853 2.05853e-17
4.68 0 7.88778e-18 0.000363057 3.51061e-05 0.00308974 1.80359e-17
4.7 0 -1.72132e-17 0.000349707 3.46399e-05 0.00297612 -2.32791e-17
4.72 0 -5.24368e-18 0.000321197 3.28731e-05 0.0027335 6.20372e-18
4.74 0 -2.24372e-18 0.000276795 2.98336e-05 0.00235562 1.67096e-18
4.76 0 1.09694e-17 0.000216801 2.54851e-05 0.00184505 2.38314e-17
4.78 0 -4.33495e-18 0.000142551 1.98236e-05 0.00121315 1.50739e-17
4.8 0 -2.2164e-17 5.69642e-05 1.3034e-05 0.000484786 -2.97019e-17
4.82 0 3.83847e-19 -3.49825e-05 5.52131e-06 -0.000297713 -2.89265e-17
4.84 0 1.12817e-17 -0.000126938 -2.22281e-06 -0.00108029 -6.13514e-18
4.86 0 2.18632e-18 -0.000212898 -9.76986e-06 -0.00181184 -1.71834e-18
4.88 0 -9.47889e-18 -0.000289042 -1.68299e-05 -0.00245984 -2.08676e-17
4.9 0 1.05411e-17 -0.000355071 -2.32978e-05 -0.00302178 4.27594e-19
4.92 0 -8.02796e-19 -0.000414399 -2.92757e-05 -0.00352668 -1.2041e-18
4.94 0 3.70332e-19 -0.000472365 -3.50024e-05 -0.00401999 -3.35783e-19
4.96 0 -7.60968e-20 -0.000532922 -4.06874e-05 -0.00453535 1.26254e-18
4.98 0 -1.9205e-18 -0.000595935 -4.63441e-05 -0.00507162 1.18836e-18
5 0 1.21948e-18 -0.000656868 -5.17041e-05 -0.00559018 -5.64264e-18
5.02 0 3.81966e-18 -0.000708577 -5.62447e-05 -0.00603023 -3.7239e-19
5.04 0 5.63772e-18 -0.0007438 -5.93485e-05 -0.00633 4.46519e-18
5.06 0 9.57132e-18 -0.000757196 -6.05339e-05 -0.006444 1.51647e-17
5.08 0 1.1846e-18 -0.000746189 -5.95958e-05 -0.00635033 9.08404e-18
5.1 0 -6.46484e-18 -0.000710301 -5.65457e-05 -0.00604491 -8.47332e-18
5.12 0 9.98851e-18 -0.000649618 -5.14362e-05 -0.00552848 -3.93889e-18
5.14 0 1.76638e-17 -0.000563773 -4.42614e-05 -0.0047979 2.01925e-17
5.16 0 -8.60063e-18 -0.00045201 -3.50087e-05 -0.00384676 2.81753e-18
5.18 0 -9.87584e-19 -0.000313648 -2.37707e-05 -0.00266925 8.22416e-19
5.2 0 -2.38513e-18 -0.000148315 -1.07851e-05 -0.00126221 -3.99603e-18
5.22 0 6.59612e-18 4.35792e-05 3.61891e-06 0.000370874 9.32946e-18
5.24 0 2.75064e-18 0.000259309 1.90601e-05 0.00220681 5.81037e-18
5.26 0 -7.38749e-18 0.000491438 3.50248e-05 0.00418231 -2.12374e-18
5.28 0 -1.54725e-18 0.000726232 5.07072e-05 0.00618049 -1.99359e-17
5.3 0 6.66293e-19 0.000944783 6.4948e-05 0.00804043 -7.61624e-18
5.32 0 -7.36361e-19 0.00112701 7.64134e-05 0.00959123 -2.99212e-18
5.34 0 1.40034e-18 0.00125652 8.3991e-05 0.0106934 7.67589e-19
5.36 0 -3.37279e-19 0.00132407 8.71944e-05 0.0112683 -1.63558e-17
5.38 0 -3.1055e-18 0.001329 8.62852e-05 0.0113103 -1.44797e-17
5.4 0 2.53581e-18 0.00127903 8.20586e-05 0.010885 6.1394e-18
5.42 0 8.19316e-19 0.0011897 7.55224e-05 0.0101247 2.76073e-17
5.44 0 1.05162e-18 0.00108128 6.78466e-05 0.00920209 2.12382e-17
5.46 0 -8.07029e-18 0.000970008 6.03541e-05 0.00825511 -8.56465e-18
5.48 0 6.3854e-18 0.000860863 5.40577e-05 0.00732624 -1.83735e-18
5.5 0 -2.77525e-18 0.000747367 4.90628e-05 0.00636035 -3.67392e-17
5.52 0 -5.87459e-18 0.000617827 4.45559e-05 0.00525793 3.30137e-18
5.54 0 -6.80744e-18 0.000462523 3.94146e-05 0.00393623 1.37559e-17
5.56 0 -1.22867e-17 0.000276895 3.28414e-05 0.00235647 -2.04707e-17
5.58 0 -9.66619e-19 6.45314e-05 2.47311e-05 0.000549184 -2.45884e-17
5.6 0 6.90773e-18 -0.000159748 1.57086e-05 -0.00135951 -2.09993e-17
5.62 0 -5.1746e-20 -0.00037179 6.80102e-06 -0.00316406 -1.13834e-17
5.64 0 4.68947e-19 -0.000547101 -1.13788e-06 -0.00465602 -1.94608e-19
5.66 0 -2.29531e-18 -0.000670831 -7.88451e-06 -0.00570901 -6.38857e-18
5.68 0 -6.48792e-18 -0.000741847 -1.39004e-05 -0.00631338 7.26824e-18
5.7 0 -3.74509e-18 -0.000770239 -2.00607e-05 -0.006555 5.61324e-18
5.72 0 -4.61702e-18 -0.000771845 -2.72452e-05 -0.00656867 -6.90816e-18
5.74 0 1.50325e-18 -0.000762646 -3.59327e-05 -0.00649038 4.30309e-18
5.76 0 -4.83161e-18 -0.000754271 -4.59791e-05 -0.00641911 2.42877e-18
5.78 0 6.2962e-18 -0.000751627 -5.67423e-05 -0.0063966 1.75632e-18
5.8 0 2.77508e-18 -0.000752991 -6.74621e-05 -0.00640822 -5.58676e-18
5.82 0 9.51113e-18 -0.000751744 -7.75488e-05 -0.0063976 6.5642e-18
5.84 0 -2.41249e-18 -0.000739201 -8.64905e-05 -0.00629085 1.69048e-18
5.86 0 4.40381e-18 -0.000708496 -9.35383e-05 -0.00602955 1.05871e-17
5.88 0 -5.40313e-19 -0.000658 -9.76955e-05 -0.00559981 9.49553e-18
5.9 0 -2.22978e-19 -0.000591729 -9.81155e-05 -0.00503582 9.04507e-18
5.92 0 2.11579e-17 -0.000516596 -9.44105e-05 -0.00439641 2.50245e-17
5.94 0 -1.43639e-17 -0.000438756 -8.65708e-05 -0.00373397 -6.84035e-18
5.96 0 2.17114e-17 -0.000360239 -7.46859e-05 -0.00306576 2.85069e-17
5.98 0 5.23013e-19 -0.000275975 -5.87013e-05 -0.00234864 -1.41996e-17
6 0 -1.2247e-17 -0.000173297 -3.8319e-05 -0.00147482 -3.91466e-17
6.02 0 1.74126e-17 -3.70554e-05 -1.32173e-05 -0.000315354 8.64593e-18
6.04 0 -7.40359e-18 0.000140259 1.63438e-05 0.00119365 -1.26741e-17
6.06 0 1.3475e-17 0.000349135 4.88124e-05 0.00297126 2.0001e-17
6.08 0 8.31198e-19 0.000561427 8.11893e-05 0.00477794 1.96665e-17
6.1 0 -2.59245e-18 0.000739725 0.000109786 0.00629532 1.12941e-17
6.12 0 -7.05354e-18 0.000853958 0.000131429 0.00726748 -9.38828e-18
6.14 0 1.339e-18 0.000895795 0.000144486 0.00762353 -3.72478e-18
6.16 0 -4.42564e-18 0.000881723 0.000149302 0.00750377 4.87523e-18
6.18 0 -1.67616e-17 0.000842813 0.000147856 0.00717263 -2.79184e-18
6.2 0 -4.53381e-19 0.000808136 0.000142788 0.00687752 -3.22094e-18
6.22 0 1.86225e-18 0.00079205 0.000136144 0.00674062 4.751e-17
6.24 0 1.24045e-17 0.000790506 0.00012816 0.00672748 -3.92583e-17
6.26 0 1.51759e-17 0.000781046 0.000108051 0.00664698 1.98965e-17
6.28 0 -2.56719e-17 0.000731267 5.99522e-05 0.00622334 4.8068e-17
6.3 0 -5.20982e-17 0.000623334 9.03187e-06 0.00530479 -1.66691e-16
6.32 0 4.83124e-17 0.000448344 -3.43777e-05 0.00381557 3.57348e-17
6.34 0 1.00188e-17 0.000210258 -8.01346e-05 0.00178937 4.00687e-18
6.36 0 -5.37461e-17 -6.76945e-05 -0.000127703 -0.000576104 -1.45831e-16
6.38 0 5.12717e-17 -0.000353962 -0.000178285 -0.00301234 2.16081e-17
6.4 0 -3.50532e-17 -0.000613377 -0.000224013 -0.00522005 -3.35682e-17
6.42 0 -5.78154e-17 -0.000819625 -0.000261907 -0.0069753 -8.09658e-17
6.44 0 -1.82156e-17 -0.000961276 -0.000288003 -0.0081808 -6.11365e-17
6.46 0 -6.25781e-17 -0.00104367 -0.000301691 -0.00888197 3.29259e-17
6.48 0 2.74596e-17 -0.00108041 -0.000304263 -0.00919469 -9.28745e-17
6.5 0 3.8383e-17 -0.00108632 -0.000299732 -0.00924499 -4.1521e-17
6.52 0 3.87671e-17 -0.00107357 -0.000292251 -0.00913648 5.35259e-17
6.54 0 -3.74628e-17 -0.00104922 -0.000284247 -0.00892921 -5.18988e-17
6.56 0 1.81524e-17 -0.00101264 -0.000274965 -0.00861789 -6.23782e-18
6.58 0 -1.81711e-19 -0.000954497 -0.000260762 -0.00812311 1.43091e-18
6.6 0 -1.63996e-18 -0.000862017 -0.000237587 -0.00733607 -2.90406e-18
6.62 0 4.298e-18 -0.000729626 -0.000204555 -0.00620937 2.9174e-17
6.64 0 -2.83291e-18 -0.000564948 -0.000162861 -0.00480791 -5.12376e-18
6.66 0 3.47474e-17 -0.00038491 -0.000113459 -0.00327572 1.94674e-17
6.68 0 8.14516e-18 -0.000207573 -5.85328e-05 -0.00176651 -7.16709e-18
6.7 0 -1.50407e-17 -4.74197e-05 -1.96627e-06 -0.000403558 -6.58067e-17
6.72 0 1.46142e-17 8.55465e-05 5.20277e-05 0.00072803 7.09383e-17
6.74 0 -5.50251e-17 0.00018765 0.000100324 0.00159697 -1.26512e-16
6.76 0 1.11366e-16 0.000264664 0.000141704 0.00225239 2.48548e-17
6.78 0 1.47692e-17 0.000331242 0.000175992 0.00281898 -7.60129e-17
6.8 0 -6.41644e-17 0.000404757 0.00020258 0.00344462 -1.1194e-16
6.82 0 -4.16282e-17 0.000496737 0.000220648 0.00422741 -5.2293e-17
6.84 0 2.30183e-17 0.000607589 0.000230603 0.00517079 -6.33905e-17
6.86 0 6.3037e-17 0.000730162 0.000238104 0.00621393 2.28958e-16
6.88 0 -2.34828e-17 0.00085483 0.000249623 0.0072749 6.35945e-17
6.9 0 6.12963e-18 0.000968079 0.000261396 0.00823869 5.7152e-17
6.92 0 -2.26183e-17 0.00105458 0.000269633 0.00897487 -5.03733e-18
6.94 0 6.48379e-18 0.00110155 0.000273926 0.00937458 1.9103e-17
6.96 0 -5.37549e-18 0.00110388 0.000272168 0.00939443 8.27283e-19
6.98 0 1.79847e-18 0.00106661 0.000262321 0.00907725 1.25778e-17
7 0 -5.35254e-18 0.000999333 0.0002417 0.00850467 1.45806e-18
7.02 0 3.32591e-18 0.000909302 0.00020899 0.00773848 3.41026e-18
7.04 0 -7.03351e-18 0.00079673 0.000164646 0.00678045 4.94014e-18
7.06 0 -2.35085e-18 0.000657127 0.000111137 0.00559238 4.49801e-18
7.08 0 -1.80894e-17 0.000488864 5.20433e-05 0.0041604 -1.57988e-17
7.1 0 2.24119e-17 0.000297908 -8.29158e-06 0.0025353 3.18098e-17
7.12 0 -3.79962e-17 9.5893e-05 -6.47296e-05 0.000816083 7.60846e-18
7.14 0 1.68581e-18 -0.000104104 -0.000111893 -0.000885961 -1.14393e-17
7.16 0 -1.2354e-17 -0.00028945 -0.000145753 -0.00246332 -7.02926e-17
7.18 0 1.92807e-17 -0.00044808 -0.000165272 -0.00381331 -5.99923e-17
7.2 0 1.86822e-17 -0.000569558 -0.000173986 -0.00484714 2.89528e-17
7.22 0 1.80988e-17 -0.000646578 -0.00017513 -0.00550261 -2.89055e-17
7.24 0 2.62404e-17 -0.0006791 -0.000171611 -0.00577938 3.89802e-17
7.26 0 -1.51946e-17 -0.00067712 -0.00016691 -0.00576253 -2.03852e-17
7.28 0 1.31073e-17 -0.000658335 -0.000162788 -0.00560266 -1.77266e-17
7.3 0 1.95152e-17 -0.000642241 -0.000160486 -0.0054657 3.33538e-17
7.32 0 1.98593e-18 -0.000642772 -0.000160058 -0.00547021 -7.71177e-19
7.34 0 -7.56701e-19 -0.000664645 -0.00015988 -0.00565636 -9.16835e-19
7.36 0 -3.92766e-18 -0.000703041 -0.000155561 -0.00598312 -1.50515e-17
7.38 0 3.08335e-18 -0.00074523 -0.000141403 -0.00634217 -4.80159e-18
7.4 0 2.05709e-18 -0.000774181 -0.000113913 -0.00658855 8.29299e-20
7.42 0 -9.26003e-18 -0.000773802 -7.43909e-05 -0.00658532 -3.70269e-17
7.44 0 1.73186e-17 -0.000733191 -2.79414e-05 -0.00623971 4.67521e-17
7.46 0 -2.834e-18 -0.000648512 1.93354e-05 -0.00551907 3.25483e-17
7.48 0 -2.10068e-17 -0.000523295 6.22522e-05 -0.00445343 -4.4587e-17
7.5 0 5.19773e-18 -0.000366635 9.88324e-05 -0.00312019 -8.14626e-17
7.52 0 2.43025e-17 -0.000190524 0.000128059 -0.00162142 -3.02568e-17
7.54 0 -7.59569e-18 -6.49458e-06 0.000148471 -5.52711e-05 -5.35105e-18
7.56 0 -1.94033e-17 0.000176669 0.000160704 0.00150352 -6.01406e-17
7.58 0 4.94991e-17 0.000351657 0.00016616 0.00299272 6.43271e-17
7.6 0 2.14201e-17 0.000511655 0.00016631 0.00435436 5.62297e-17
7.62 0 -1.67071e-17 0.0006508 0.000162551 0.00553854 8.39266e-18
7.64 0 -2.52059e-18 0.000764231 0.000155858 0.00650387 -6.00414e-18
7.66 0 2.97742e-18 0.000847664 0.000147129 0.00721391 -1.6038e-17
7.68 0 2.94693e-18 0.000897397 0.000137063 0.00763716 -7.64e-18
7.7 0 6.08146e-18 0.000910814 0.000125311 0.00775135 8.24029e-18
7.72 0 1.57364e-18 0.00088651 0.000109639 0.0075445 1.00929e-17
7.74 0 -5.47191e-18 0.000824051 8.6834e-05 0.00701296 2.9487e-17
7.76 0 -1.81761e-17 0.000724126 5.51023e-05 0.00616257 -2.93314e-18
7.78 0 -1.66892e-18 0.000589528 1.55967e-05 0.00501709 -2.58389e-17
7.8 0 -1.49122e-17 0.000426248 -2.80418e-05 0.00362752 -7.08032e-18
7.82 0 -6.82696e-18 0.000243601 -7.08767e-05 0.00207313 4.7242e-17
7.84 0 6.23734e-18 5.3374e-05 -0.000108195 0.000454231 8.04645e-17
7.86 0 -7.84852e-20 -0.000131557 -0.000136551 -0.00111959 6.82087e-17
7.88 0 2.20626e-17 -0.000299692 -0.000153057 -0.00255048 -1.52107e-17
7.9 0 -2.24907e-17 -0.000444948 -0.000157439 -0.00378666 -1.89306e-17
7.92 0 7.54198e-18 -0.000567568 -0.000152408 -0.0048302 -1.97827e-17
7.94 0 1.73025e-17 -0.000670701 -0.000141753 -0.0057079 2.12912e-17
7.96 0 -1.04303e-17 -0.000757269 -0.000129658 -0.00644463 -5.06056e-17
7.98 0 1.61824e-17 -0.000829212 -0.000119092 -0.00705688 9.46597e-18
8 0 -7.5237e-18 -0.000887725 -0.000111164 -0.00755485 5.11603e-18
8.02 0 4.38268e-19 -0.000932381 -0.000105307 -0.00793489 -2.52682e-18
8.04 0 1.27237e-18 -0.000960348 -9.98173e-05 -0.0081729 -2.97846e-19
8.06 0 2.77422e-18 -0.000967086 -9.19562e-05 -0.00823024 3.40637e-18
8.08 0 4.42421e-18 -0.00094771 -7.86105e-05 -0.00806534 1.22718e-17
8.1 0 -8.5482e-18 -0.000897785 -5.80591e-05 -0.00764047 4.34078e-18
8.12 0 1.44939e-17 -0.000813918 -3.12315e-05 -0.00692673 -3.61797e-18
8.14 0 1.09917e-17 -0.00069488 -1.00569e-06 -0.00591367 2.28402e-17
8.16 0 -2.66599e-17 -0.000542495 2.9371e-05 -0.00461682 -2.41657e-17
8.18 0 2.3477e-17 -0.000361136 5.71497e-05 -0.00307339 3.66727e-17
8.2 0 9.96582e-18 -0.000156423 8.02785e-05 -0.00133121 -1.84086e-17
8.22 0 -7.35677e-18 6.50981e-05 9.76153e-05 0.000554007 -1.07597e-16
8.24 0 1.17058e-17 0.000295061 0.000108925 0.00251107 5.08048e-19
8.26 0 -1.40847e-17 0.000522898 0.000114751 0.00445004 -3.3541e-17
8.28 0 2.42739e-17 0.000736414 0.000115706 0.00626714 -1.7182e-17
8.3 0 -1.75213e-18 0.000922893 0.000112317 0.00785414 8.91402e-18
8.32 0 2.57057e-19 0.00107061 0.000105531 0.00911126 4.34673e-18
8.34 0 4.79111e-18 0.00117067 9.68596e-05 0.00996282 9.17511e-18
8.36 0 5.83007e-18 0.00121898 8.83547e-05 0.010374 2.19923e-17
8.38 0 -8.81155e-18 0.00121766 8.20589e-05 0.0103627 4.04619e-18
8.4 0 -4.10342e-18 0.00117526 7.91259e-05 0.0100018 3.28965e-18
8.42 0 5.1899e-19 0.00110541 7.8775e-05 0.00940738 -5.25278e-19
8.44 0 5.33316e-18 0.0010237 7.79552e-05 0.00871205 1.18987e-17
8.46 0 -7.8546e-18 0.000940374 7.24812e-05 0.00800291 -2.25749e-17
8.48 0 -1.05441e-17 0.000854089 5.93624e-05 0.00726859 -3.60606e-17
8.5 0 -1.9395e-17 0.000754149 3.86003e-05 0.00641807 -2.15491e-17
8.52 0 -7.38065e-18 0.000627966 1.29525e-05 0.00534421 -2.29724e-17
8.54 0 -1.62753e-17 0.000467253 -1.34718e-05 0.00397649 2.14073e-18
8.56 0 5.11492e-18 0.000270388 -3.63583e-05 0.0023011 1.0415e-18
8.58 0 -6.65329e-19 4.40274e-05 -5.2594e-05 0.000374688 4.50764e-19
8.6 0 -5.02699e-18 -0.000195685 -6.14744e-05 -0.00166535 -9.99656e-18
8.62 0 1.28066e-17 -0.000425997 -6.40237e-05 -0.00362539 1.68027e-17
8.64 0 9.95542e-18 -0.000625086 -6.29173e-05 -0.0053197 3.57003e-17
8.66 0 4.34341e-18 -0.000778431 -6.1194e-05 -0.00662472 2.29918e-17
8.68 0 -4.73204e-18 -0.000880934 -6.0685e-05 -0.00749706 -9.56386e-18
8.7 0 6.3425e-18 -0.000936186 -6.21122e-05 -0.00796727 -8.06422e-18
8.72 0 4.68255e-18 -0.000954032 -6.51654e-05 -0.00811915 -1.44175e-18
8.74 0 1.21974e-18 -0.000947158 -6.91262e-05 -0.00806065 -5.94757e-19
8.76 0 1.26633e-18 -0.00092735 -7.31178e-05 -0.00789207 -3.87791e-18
8.78 0 -4.80684e-18 -0.000902993 -7.60691e-05 -0.00768479 -1.06802e-17
8.8 0 4.49335e-18 -0.000877831 -7.63985e-05 -0.00747065 -3.39428e-17
8.82 0 -9.67197e-18 -0.000849321 -7.21224e-05 -0.00722801 -3.33042e-17
8.84 0 6.96681e-18 -0.000807438 -6.18393e-05 -0.00687158 -3.85027e-17
8.86 0 7.6491e-18 -0.000738096 -4.58229e-05 -0.00628146 -8.82451e-18
8.88 0 -1.23868e-17 -0.000630298 -2.58335e-05 -0.00536406 -4.5669e-17
8.9 0 3.49139e-18 -0.00048079 -4.13338e-06 -0.00409169 1.80824e-17
8.92 0 -3.41323e-17 -0.000293732 1.69317e-05 -0.00249977 -4.71209e-17
8.94 0 2.80825e-17 -7.91106e-05 3.56799e-05 -0.000673258 8.00496e-17
8.96 0 -1.51175e-17 0.000147306 5.08209e-05 0.00125362 -3.9482e-17
8.98 0 1.29921e-17 0.000366215 6.1594e-05 0.00311662 -1.67853e-17
9 0 2.37932e-17 0.000560171 6.88286e-05 0.00476725 1.04857e-17
9.02 0 1.06118e-18 0.000717071 7.37105e-05 0.00610253 1.3658e-17
9.04 0 -6.52851e-18 0.000830201 7.70438e-05 0.0070653 3.32066e-18
9.06 0 -1.46358e-18 0.000897527 7.95327e-05 0.00763827 8.93988e-18
9.08 0 -6.53804e-18 0.000922218 8.1805e-05 0.0078484 2.11025e-18
9.1 0 -7.84863e-19 0.000912983 8.42367e-05 0.0077698 2.96978e-19
9.12 0 6.81812e-18 0.000882088 8.65725e-05 0.00750688 2.08176e-17
9.14 0 -2.25646e-18 0.000841501 8.76487e-05 0.00716147 6.20966e-18
9.16 0 -4.39657e-18 0.000798925 8.52134e-05 0.00679913 3.84302e-18
9.18 0 -6.52054e-18 0.000754762 7.65432e-05 0.00642329 6.33312e-18
9.2 0 1.62961e-18 0.000702081 6.02064e-05 0.00597495 -5.85188e-18
9.22 0 -2.21083e-18 0.000631728 3.75341e-05 0.00537623 -3.90638e-17
9.24 0 1.20039e-17 0.000539139 1.21426e-05 0.00458826 -4.13234e-17
9.26 0 -1.53904e-17 0.00042628 -1.18328e-05 0.00362779 -3.86903e-17
9.28 0 3.85532e-17 0.000297685 -3.12156e-05 0.00253341 -1.58015e-17
9.3 0 -1.98775e-17 0.000156496 -4.49892e-05 0.00133184 -9.34127e-17
9.32 0 -3.71942e-18 5.65912e-06 -5.39954e-05 4.81611e-05 -6.43738e-17
9.34 0 4.30683e-18 -0.000148575 -6.02307e-05 -0.00126442 1.69523e-17
9.36 0 -3.0637e-18 -0.000296159 -6.62868e-05 -0.00252042 -5.51094e-17
9.38 0 9.5829e-18 -0.000426437 -7.35646e-05 -0.00362913 -2.31482e-17
9.4 0 2.29772e-17 -0.00053219 -8.16398e-05 -0.00452912 1.74873e-17
9.42 0 1.74404e-18 -0.000611149 -8.90018e-05 -0.00520109 -5.0705e-18
9.44 0 6.82389e-18 -0.000664802 -9.41095e-05 -0.0056577 1.02081e-17
9.46 0 6.8703e-18 -0.000696485 -9.61206e-05 -0.00592733 1.29084e-17
9.48 0 -1.80917e-18 -0.000709834 -9.48511e-05 -0.00604094 1.21071e-17
9.5 0 1.2891e-18 -0.000707669 -9.04175e-05 -0.00602251 -6.76816e-19
9.52 0 -2.9914e-18 -0.000691134 -8.28618e-05 -0.00588179 -9.20717e-18
9.54 0 8.76467e-18 -0.000659078 -7.19461e-05 -0.00560899 1.10457e-17
9.56 0 4.70937e-18 -0.000607926 -5.73057e-05 -0.00517366 5.69799e-19
9.58 0 6.73082e-18 -0.000532896 -3.8923e-05 -0.00453513 -1.5304e-17
9.6 0 -4.29362e-18 -0.000430428 -1.74674e-05 -0.00366309 -5.55454e-17
9.62 0 -5.71967e-18 -0.000299944 5.68778e-06 -0.00255263 -1.77573e-17
9.64 0 8.02262e-18 -0.000144287 2.85574e-05 -0.00122793 1.9302e-17
9.66 0 -1.40741e-17 2.95555e-05 4.87585e-05 0.000251528 -6.47941e-18
9.68 0 -2.62613e-18 0.000209176 6.43081e-05 0.00178016 1.58762e-17
9.7 0 -1.7307e-17 0.000377451 7.44615e-05 0.00321224 -4.46655e-17
9.72 0 9.53853e-18 0.000516589 7.92223e-05 0.00439635 4.5455e-18
9.74 0 -5.86425e-18 0.000613933 7.95995e-05 0.00522478 -3.14382e-17
9.76 0 9.6394e-18 0.000665448 7.7294e-05 0.0056632 -5.84516e-18
9.78 0 4.25548e-18 0.000675388 7.37982e-05 0.00574779 -1.63959e-18
9.8 0 -5.30952e-19 0.000653432 7.02496e-05 0.00556094 -4.74638e-18
9.82 0 1.08041e-18 0.000610555 6.68313e-05 0.00519603 -5.8567e-19
9.84 0 6.47609e-18 0.000555293 6.24528e-05 0.00472574 6.14156e-18
9.86 0 -2.0733e-18 0.000491814 5.49333e-05 0.00418551 -1.19149e-18
9.88 0 -3.34874e-18 0.000420528 4.22156e-05 0.00357884 -3.29132e-18
9.9 0 -1.4103e-18 0.000340173 2.3741e-05 0.00289499 8.92581e-18
9.92 0 8.24814e-18 0.000249389 9.45188e-07 0.00212239 4.58741e-17
9.94 0 1.25826e-17 0.000147229 -2.33265e-05 0.00125297 5.17507e-17
9.96 0 6.24142e-18 3.38322e-05 -4.58814e-05 0.000287924 2.13661e-18
9.98 0 -5.32509e-18 -8.8157e-05 -6.42272e-05 -0.000750247 -4.60987e-17
10 0 4.38746e-17 -0.000212777 -7.72573e-05 -0.00181081 1.88266e-17
10.02 0 1.56909e-17 -0.000331961 -8.53736e-05 -0.00282511 5.70984e-17
10.04 0 3.03452e-17 -0.000438135 -8.98461e-05 -0.00372868 1.93584e-17
10.06 0 1.07184e-17 -0.000526329 -9.18049e-05 -0.00447924 3.6686e-17
10.08 0 5.50427e-18 -0.000594772 -9.22091e-05 -0.00506172 5.61941e-17
10.1 0 -1.45287e-17 -0.00064365 -9.17588e-05 -0.00547769 1.65366e-17
10.12 0 -1.0396e-17 -0.000673085 -9.06177e-05 -0.00572819 -2.29876e-18
10.14 0 -1.15871e-17 -0.000681829 -8.84791e-05 -0.00580261 4.57789e-18
10.16 0 3.44569e-18 -0.000667432 -8.45714e-05 -0.00568008 8.6199e-18
10.18 0 4.77002e-18 -0.000627713 -7.79517e-05 -0.00534206 2.97589e-17
10.2 0 -5.54603e-18 -0.000562309 -6.79272e-05 -0.00478545 1.01648e-17
10.22 0 -1.56817e-18 -0.000473467 -5.4495e-05 -0.00402937 -1.6114e-18
10.24 0 -2.77627e-18 -0.000365876 -3.83866e-05 -0.00311373 7.05582e-18
10.26 0 -1.86554e-18 -0.00024579 -2.07478e-05 -0.00209176 -2.45559e-18
10.28 0 -3.8731e-18 -0.00011988 -2.76127e-06 -0.00102022 -7.0804e-19
10.3 0 4.75619e-18 5.88693e-06 1.45779e-05 5.00998e-05 1.45896e-17
10.32 0 3.28324e-18 0.000127081 3.05269e-05 0.0010815 -2.65775e-17
10.34 0 2.41508e-17 0.000241032 4.45073e-05 0.00205127 3.65017e-17
10.36 0 1.37072e-17 0.00034635 5.59575e-05 0.00294756 2.6998e-17
10.38 0 -2.14382e-17 0.000442032 6.43397e-05 0.00376185 9.75401e-18
10.4 0 -1.78581e-17 0.000526554 6.93304e-05 0.00448116 -2.7979e-17
10.42 0 -1.8849e-17 0.00059744 7.15952e-05 0.00508442 -2.83613e-17
10.44 0 -1.93049e-17 0.000651153 7.21079e-05 0.00554154 -1.58873e-17
10.46 0 7.32519e-18 0.000683577 7.10914e-05 0.00581748 -1.12127e-17
10.48 0 2.16435e-18 0.000691237 6.88393e-05 0.00588267 -8.96134e-18
10.5 0 1.96177e-18 0.000671867 6.54648e-05 0.00571782 1.51348e-18
10.52 0 -1.96376e-18 0.000624709 6.06087e-05 0.00531649 1.42513e-18
10.54 0 2.16369e-18 0.000551238 5.3709e-05 0.00469123 5.38076e-18
10.56 0 -6.17463e-18 0.000456041 4.41205e-05 0.00388107 -2.99349e-18
10.58 0 6.12883e-18 0.000347015 3.1544e-05 0.00295322 -7.91798e-18
10.6 0 8.36298e-18 0.000233645 1.62168e-05 0.0019884 2.75523e-18
10.62 0 4.95188e-18 0.000123893 -1.05376e-06 0.00105438 -1.09818e-17
10.64 0 2.69169e-18 2.15748e-05 -1.91281e-05 0.000183609 8.8046e-18
10.66 0 -1.86195e-17 -7.41866e-05 -3.68912e-05 -0.000631354 1.65269e-17
10.68 0 -4.29375e-18 -0.000167216 -5.34999e-05 -0.00142307 3.56566e-17
10.7 0 -4.1923e-17 -0.000261161 -6.83115e-05 -0.00222257 -1.67149e-17
10.72 0 -7.76088e-18 -0.000356491 -8.06848e-05 -0.00303387 -1.44548e-17
10.74 0 -2.75866e-18 -0.000449512 -9.07716e-05 -0.00382551 5.4744e-17
10.76 0 -2.22615e-17 -0.000533307 -9.85229e-05 -0.00453863 2.74478e-19
10.78 0 -1.16136e-17 -0.000600098 -0.000103091 -0.00510705 -1.17754e-17
10.8 0 7.6859e-18 -0.000643676 -0.000104478 -0.00547791 6.33484e-18
10.82 0 -2.13653e-17 -0.000660029 -0.000103183 -0.00561708 1.38282e-18
10.84 0 -3.8142e-18 -0.000647781 -9.9811e-05 -0.00551284 -5.95302e-18
10.86 0 -3.38472e-18 -0.000609051 -9.48189e-05 -0.00518323 -8.08185e-19
10.88 0 -6.6276e-19 -0.000549477 -8.80231e-05 -0.00467624 1.03871e-18
10.9 0 2.26803e-18 -0.000476715 -7.88037e-05 -0.00405701 5.13188e-18
10.92 0 -7.96455e-18 -0.000397679 -6.65326e-05 -0.00338438 4.73602e-18
10.94 0 -8.13882e-18 -0.000315901 -5.0913e-05 -0.00268843 -1.43677e-18
10.96 0 -2.30936e-18 -0.000230597 -3.20223e-05 -0.00196246 2.49249e-17
10.98 0 1.18142e-17 -0.000138429 -1.04156e-05 -0.00117808 4.72673e-17
11 0 -4.43632e-18 -3.70542e-05 1.27007e-05 -0.000315344 4.69276e-17
11.02 0 -1.71864e-18 7.19319e-05 3.55127e-05 0.000612166 -1.06766e-18
11.04 0 -5.16639e-18 0.000182461 5.59543e-05 0.00155281 -1.81439e-17
11.06 0 -2.26776e-18 0.000285978 7.25179e-05 0.00243377 -9.34283e-18
11.08 0 -1.27515e-17 0.000374576 8.45569e-05 0.00318778 -3.92519e-17
11.1 0 1.09037e-19 0.000443801 9.16935e-05 0.0037769 1.45054e-17
11.12 0 -2.09635e-19 0.000494244 9.46462e-05 0.00420619 4.13291e-18
11.14 0 -2.3217e-17 0.000530131 9.47775e-05 0.0045116 -4.33876e-17
11.16 0 1.55338e-17 0.000555784 9.30065e-05 0.00472991 -9.38269e-18
11.18 0 8.32591e-18 0.00057276 8.98909e-05 0.00487439 1.14692e-17
11.2 0 -1.19634e-18 0.000579285 8.54754e-05 0.00492992 5.69666e-18
11.22 0 2.45637e-18 0.000571884 7.93213e-05 0.00486694 7.97882e-18
11.24 0 3.6004e-18 0.00054737 7.0387e-05 0.00465831 2.06155e-18
11.26 0 1.4144e-17 0.0005042 5.75071e-05 0.00429092 2.81351e-17
11.28 0 -6.51827e-18 0.000442923 4.01281e-05 0.00376943 1.88819e-17
11.3 0 -5.28414e-18 0.000365854 1.86669e-05 0.00311354 -3.48238e-18
11.32 0 7.57788e-18 0.000276673 -5.67011e-06 0.00235458 -6.17404e-18
11.34 0 4.08638e-17 0.000180662 -3.11488e-05 0.00153749 6.42358e-17
11.36 0 1.05177e-17 8.47956e-05 -5.57499e-05 0.00072164 8.63779e-17
11.38 0 -1.48524e-17 -3.83632e-06 -7.75184e-05 -3.26484e-05 -2.58399e-17
11.4 0 1.66384e-18 -8.11221e-05 -9.49256e-05 -0.000690378 3.1252e-17
11.42 0 1.61468e-17 -0.000148241 -0.000107511 -0.00126158 1.88172e-17
11.44 0 7.0955e-18 -0.000210679 -0.00011537 -0.00179295 6.06216e-18
11.46 0 -1.35508e-17 -0.000274741 -0.000118933 -0.00233815 -2.4803e-17
11.48 0 7.04062e-19 -0.000343501 -0.000119246 -0.00292332 2.83318e-17
11.5 0 4.54691e-18 -0.000413737 -0.000117153 -0.00352104 3.13292e-17
11.52 0 -1.66375e-17 -0.000476083 -0.000113076 -0.00405163 -2.59486e-17
11.54 0 1.18139e-17 -0.000519176 -0.000107213 -0.00441837 -4.15648e-18
11.56 0 -5.19107e-18 -0.000535552 -9.96e-05 -0.00455773 -1.21778e-17
11.58 0 1.38255e-18 -0.000524789 -8.99588e-05 -0.00446614 -7.22601e-18
11.6 0 -2.88617e-18 -0.000492068 -7.76474e-05 -0.00418767 2.07542e-18
11.62 0 1.09595e-18 -0.000444869 -6.20596e-05 -0.00378599 1.45353e-17
11.64 0 2.77728e-18 -0.000390678 -4.31244e-05 -0.00332481 1.86634e-17
11.66 0 -1.33418e-17 -0.000335493 -2.14477e-05 -0.00285516 -2.27759e-18
11.68 0 -8.03852e-18 -0.000282056 1.87067e-06 -0.00240039 -4.70314e-17
11.7 0 -2.48779e-18 -0.000228578 2.54798e-05 -0.00194528 -2.02377e-17
11.72 0 -2.35584e-18 -0.00016935 4.79895e-05 -0.00144123 -3.99811e-18
11.74 0 1.66128e-19 -9.72492e-05 6.80951e-05 -0.000827625 -2.41907e-18
11.76 0 2.39822e-17 -6.99588e-06 8.46017e-05 -5.95374e-05 1.60517e-17
11.78 0 -4.16063e-17 0.000102105 9.69501e-05 0.000868949 -5.2854e-17
11.8 0 2.06283e-17 0.000224659 0.000104967 0.00191193 1.8915e-17
11.82 0 -3.36834e-17 0.000350028 0.000108194 0.00297886 -4.96489e-18
11.84 0 -7.59096e-18 0.000465806 0.000107017 0.00396417 -5.53052e-18
11.86 0 3.13759e-18 0.000561448 0.000102613 0.00477812 1.36966e-18
11.88 0 6.20811e-18 0.000630532 9.62073e-05 0.00536605 1.53073e-17
11.9 0 -6.7206e-18 0.000671428 8.89126e-05 0.00571408 -2.00094e-17
11.92 0 -1.46322e-18 0.000686538 8.12777e-05 0.00584268 -7.94016e-18
11.94 0 8.33606e-18 0.000680722 7.30684e-05 0.00579318 2.94416e-18
11.96 0 1.22197e-19 0.000659338 6.31783e-05 0.0056112 -2.27498e-18
11.98 0 8.6815e-18 0.000626522 5.02143e-05 0.00533192 -7.06717e-18
12 0 -1.62067e-17 0.00058413 3.33084e-05 0.00497115 1.04465e-17
12.02 0 8.753e-18 0.00053166 1.25359e-05 0.00452461 2.98457e-17
12.04 0 -6.66903e-18 0.000467274 -1.11459e-05 0.00397666 3.54875e-17
12.06 0 3.14454e-17 0.000389687 -3.60493e-05 0.00331638 5.80187e-18
12.08 0 -2.51902e-17 0.000299815 -5.99695e-05 0.00255153 8.54916e-18
12.1 0 -2.73088e-19 0.000200882 -8.06348e-05 0.00170958 -1.88518e-17
12.12 0 -3.35473e-18 9.69768e-05 -9.63106e-05 0.000825306 6.51118e-17
12.14 0 -5.47352e-17 -8.52236e-06 -0.00010621 -7.25282e-05 -3.94987e-17
12.16 0 1.02522e-17 -0.000113499 -0.000110841 -0.000965914 8.001e-17
12.18 0 -8.96002e-18 -0.000216657 -0.000111827 -0.00184383 2.23286e-17
12.2 0 -4.15196e-17 -0.000316489 -0.000110422 -0.00269344 -7.01418e-17
12.22 0 -1.94106e-17 -0.000410623 -0.000107719 -0.00349455 -4.11573e-17
12.24 0 -2.11232e-17 -0.000495472 -0.000104638 -0.00421664 -2.51886e-17
12.26 0 1.1406e-17 -0.000566664 -0.000101525 -0.00482251 4.79623e-17
12.28 0 -1.11422e-17 -0.000620409 -9.86779e-05 -0.0052799 1.81903e-17
12.3 0 -9.48121e-18 -0.000654379 -9.60592e-05 -0.00556899 1.69997e-19
12.32 0 1.19693e-17 -0.000667704 -9.28947e-05 -0.00568239 8.45724e-18
12.34 0 1.16945e-18 -0.000660304 -8.74418e-05 -0.00561942 -1.32088e-18
12.36 0 8.70814e-19 -0.000632191 -7.77237e-05 -0.00538016 -2.1546e-19
12.38 0 -7.35232e-18 -0.000583248 -6.25722e-05 -0.00496364 2.18491e-18
12.4 0 6.25002e-18 -0.00051386 -4.22176e-05 -0.00437313 -7.54653e-19
12.42 0 -1.27759e-17 -0.000426016 -1.82328e-05 -0.00362555 -4.99293e-17
12.44 0 1.9229e-17 -0.000323811 6.86546e-06 -0.00275575 3.77857e-17
12.46 0 7.43849e-19 -0.000212754 3.023e-05 -0.00181061 -3.44729e-17
12.48 0 -2.94543e-17 -9.84649e-05 4.94237e-05 -0.00083797 -5.87562e-17
12.5 0 3.24581e-17 1.4131e-05 6.30288e-05 0.000120259 7.29723e-17
12.52 0 -7.60195e-18 0.000120772 7.10647e-05 0.00102781 3.92231e-17
12.54 0 -2.88452e-17 0.000217325 7.44959e-05 0.00184951 -4.64946e-17
12.56 0 -1.31179e-17 0.000299684 7.45185e-05 0.00255042 -1.38829e-17
12.58 0 5.25594e-19 0.000364366 7.25934e-05 0.00310088 -3.10851e-17
12.6 0 -2.56817e-18 0.000409162 6.99468e-05 0.00348211 -2.00541e-17
12.62 0 1.27399e-17 0.000433651 6.71793e-05 0.00369052 -1.42126e-17
12.64 0 -1.38542e-18 0.000439431 6.44508e-05 0.00373972 6.25373e-18
12.66 0 6.06093e-18 0.000430075 6.16045e-05 0.00366008 9.17946e-18
12.68 0 2.09663e-19 0.000410669 5.80841e-05 0.00349493 1.2034e-18
12.7 0 -3.69096e-18 0.000386772 5.27944e-05 0.00329157 -1.34506e-17
12.72 0 3.07077e-18 0.000363032 4.45412e-05 0.00308953 1.40655e-17
12.74 0 2.26476e-18 0.000342218 3.27868e-05 0.0029124 -1.50122e-17
12.76 0 5.17925e-18 0.000325206 1.79549e-05 0.00276761 1.47564e-17
12.78 0 1.37855e-17 0.000311223 1.0922e-06 0.00264862 2.54611e-17
12.8 0 3.23581e-17 0.000297367 -1.66094e-05 0.0025307 6.30387e-17
12.82 0 -1.29459e-17 0.000277941 -3.40693e-05 0.00236538 -5.73013e-17
12.84 0 2.47298e-17 0.000245474 -5.0341e-05 0.00208907 -1.30291e-17
12.86 0 3.44102e-17 0.000193786 -6.45424e-05 0.00164918 2.65267e-17
12.88 0 -1.01162e-17 0.000121058 -7.65401e-05 0.00103025 -6.64549e-17
12.9 0 5.32647e-17 3.13316e-05 -8.64513e-05 0.000266643 -1.04748e-17
12.92 0 -2.99834e-18 -6.62143e-05 -9.33426e-05 -0.000563507 3.56444e-17
12.94 0 -2.31113e-17 -0.000160071 -9.67767e-05 -0.00136226 1.61115e-18
12.96 0 8.31064e-18 -0.000239049 -9.71011e-05 -0.00203439 -1.0222e-17
12.98 0 -1.27005e-17 -0.000294676 -9.49026e-05 -0.00250779 -1.65325e-17
13 0 4.53445e-18 -0.000323657 -9.10782e-05 -0.00275444 9.58818e-18
13.02 0 -7.07416e-18 -0.000328968 -8.61396e-05 -0.00279964 -8.95909e-18
13.04 0 1.79776e-18 -0.000318456 -7.9918e-05 -0.00271018 -1.62223e-18
13.06 0 -7.75744e-19 -0.000301036 -7.14543e-05 -0.00256192 -6.50697e-18
13.08 0 -2.42801e-18 -0.000282784 -5.95375e-05 -0.00240659 -1.71928e-18
13.1 0 6.47646e-18 -0.000265378 -4.33826e-05 -0.00225846 -3.51227e-18
13.12 0 1.80319e-18 -0.000247214 -2.30724e-05 -0.00210387 -2.06615e-17
13.14 0 2.72813e-18 -0.000225229 3.5285e-07 -0.00191678 3.63992e-17
13.16 0 -1.58566e-17 -0.000196039 2.49677e-05 -0.00166836 -1.81156e-17
13.18 0 -1.98052e-17 -0.000156956 4.82356e-05 -0.00133575 3.95779e-18
13.2 0 6.50389e-18 -0.000107446 6.75889e-05 -0.000914401 3.89546e-17
13.22 0 1.42151e-17 -5.0149e-05 8.11459e-05 -0.000426785 -4.34379e-18
13.24 0 2.57678e-17 9.62516e-06 8.85613e-05 8.19134e-05 9.10743e-17
13.26 0 -1.59676e-17 6.54467e-05 9.06874e-05 0.000556974 4.85502e-17
13.28 0 -1.53933e-17 0.000111905 8.862e-05 0.000952348 8.38309e-18
13.3 0 -1.09621e-17 0.00014715 8.40209e-05 0.0012523 -5.86458e-19
13.32 0 2.29648e-17 0.000174426 7.85627e-05 0.00148442 2.84845e-17
13.34 0 -1.6519e-18 0.000201518 7.33279e-05 0.00171499 -5.08757e-18
13.36 0 -1.94689e-18 0.000237645 6.89677e-05 0.00202244 -4.07653e-18
13.38 0 -5.36841e-19 0.000288789 6.54606e-05 0.00245769 -3.75321e-18
13.4 0 -5.38476e-18 0.000354149 6.17848e-05 0.00301393 -2.76586e-17
13.42 0 7.37809e-18 0.000425776 5.58493e-05 0.00362351 -1.30031e-17
13.44 0 1.36383e-17 0.00049157 4.54569e-05 0.00418343 -8.21777e-18
13.46 0 2.8359e-18 0.00053995 2.96491e-05 0.00459516 5.96858e-18
13.48 0 7.26078e-18 0.000563574 9.22519e-06 0.00479621 -6.53179e-17
13.5 0 3.95612e-17 0.000560047 -1.38997e-05 0.00476619 6.56714e-18
13.52 0 2.00029e-17 0.00053003 -3.75831e-05 0.00451074 1.7617e-17
13.54 0 3.96637e-18 0.000475313 -5.98701e-05 0.00404508 9.94483e-18
13.56 0 8.23853e-18 0.000398494 -7.99932e-05 0.00339132 -4.87093e-18
13.58 0 -3.0765e-18 0.000304425 -9.68239e-05 0.00259076 -8.9263e-17
13.6 0 -1.75566e-17 0.000199975 -0.000108672 0.00170185 -3.00659e-17
13.62 0 9.96216e-18 9.12956e-05 -0.000115162 0.000776957 -6.7209e-17
13.64 0 2.15061e-17 -1.80718e-05 -0.000116523 -0.000153797 -1.64988e-17
13.66 0 -1.17884e-17 -0.000127196 -0.000113632 -0.00108249 -2.94906e-17
13.68 0 -1.8696e-18 -0.000235608 -0.000108089 -0.00200511 -3.5971e-17
13.7 0 1.48924e-17 -0.000341122 -0.000101696 -0.00290307 1.20586e-17
13.72 0 -9.35022e-18 -0.000439702 -9.56865e-05 -0.00374201 -2.93375e-17
13.74 0 2.3508e-18 -0.000527016 -9.00164e-05 -0.00448509 4.3673e-19
13.76 0 -8.46401e-19 -0.0006003 -8.34071e-05 -0.00510876 -4.02915e-18
13.78 0 4.35199e-18 -0.000659094 -7.41724e-05 -0.00560912 3.08769e-18
13.8 0 -9.98059e-18 -0.000704438 -6.12789e-05 -0.00599501 -9.8561e-18
13.82 0 2.56726e-17 -0.000737509 -4.48104e-05 -0.00627646 3.79731e-17
13.84 0 1.25057e-17 -0.000758895 -2.5714e-05 -0.00645846 2.39471e-17
13.86 0 -1.70758e-17 -0.000768306 -5.2983e-06 -0.00653855 -6.72153e-17
13.88 0 -4.17144e-17 -0.000764063 1.50885e-05 -0.00650245 -8.44109e-17
13.9 0 6.39734e-18 -0.000742746 3.40723e-05 -0.00632102 -6.65873e-17
13.92 0 8.03328e-18 -0.000700015 5.02078e-05 -0.00595737 -1.77548e-17
13.94 0 -1.66044e-17 -0.000632423 6.22196e-05 -0.00538214 -4.16704e-17
13.96 0 4.822e-17 -0.000538578 6.93987e-05 -0.00458349 8.22285e-18
13.98 0 -3.61143e-19 -0.000418868 7.15638e-05 -0.00356471 7.6585e-17
14 0 -2.46717e-17 -0.000274202 7.11073e-05 -0.00233356 2.97339e-17
14.02 0 -1.28454e-17 -0.000107423 7.08985e-05 -0.000914204 -1.31338e-19
14.04 0 1.50065e-17 7.36784e-05 7.11778e-05 0.000627029 6.52694e-18
14.06 0 -3.51986e-18 0.000255659 7.20171e-05 0.00217575 -3.91068e-17
14.08 0 6.67485e-18 0.00042083 7.2862e-05 0.00358141 3.74414e-18
14.1 0 -2.93427e-19 0.000553058 7.25452e-05 0.00470672 -1.16072e-18
14.12 0 1.47783e-18 0.000645601 7.04067e-05 0.00549429 6.96181e-18
14.14 0 -2.34666e-19 0.000704393 6.6221e-05 0.00599463 -1.63366e-18
14.16 0 1.47004e-18 0.000743865 6.03802e-05 0.00633055 1.79179e-17
14.18 0 6.40495e-18 0.000778256 5.33851e-05 0.00662323 1.40104e-17
14.2 0 -2.39063e-17 0.000814781 4.52121e-05 0.00693407 -6.95499e-18
14.22 0 -1.15865e-17 0.000851763 3.50283e-05 0.0072488 2.11148e-17
14.24 0 -1.56856e-17 0.000880255 2.19667e-05 0.00749127 -4.69052e-17
14.26 0 1.98157e-17 0.000886302 6.33274e-06 0.00754274 2.06784e-17
14.28 0 -2.77013e-17 0.000853686 -9.94683e-06 0.00726517 -5.06239e-17
14.3 0 1.09059e-17 0.000768992 -2.41618e-05 0.00654439 2.8861e-17
14.32 0 2.02085e-17 0.000627978 -3.5472e-05 0.00534431 1.11199e-16
14.34 0 6.43365e-18 0.000440457 -4.30249e-05 0.00374844 -1.08855e-17
14.36 0 -4.46019e-17 0.000228182 -4.59103e-05 0.00194191 -2.94599e-17
14.38 0 1.81627e-18 1.69038e-05 -4.57359e-05 0.000143858 -6.76543e-18
14.4 0 1.2399e-17 -0.000171722 -4.49595e-05 -0.00146142 4.63279e-18
14.42 0 5.7451e-18 -0.000326908 -4.57509e-05 -0.0027821 -8.13003e-18
14.44 0 3.83517e-18 -0.000451266 -4.8955e-05 -0.00384043 1.441e-17
14.46 0 2.7242e-19 -0.000557227 -5.39922e-05 -0.0047422 3.07965e-18
14.48 0 -1.91439e-18 -0.000658405 -5.93938e-05 -0.00560326 3.62944e-18
14.5 0 -1.54219e-18 -0.000761016 -6.32842e-05 -0.00647652 5.69268e-18
14.52 0 -4.11846e-18 -0.000860657 -6.38858e-05 -0.00732449 -6.83606e-18
14.54 0 7.79854e-18 -0.000945214 -6.0122e-05 -0.0080441 2.69795e-18
14.56 0 -1.73246e-17 -0.00100033 -5.19239e-05 -0.00851314 -3.5356e-17
14.58 0 8.66737e-18 -0.0010135 -4.00619e-05 -0.00862522 1.21135e-18
14.6 0 -4.63614e-18 -0.000975996 -2.58808e-05 -0.00830607 -3.06589e-17
14.62 0 1.48006e-17 -0.000884962 -1.10292e-05 -0.00753133 -8.52361e-18
14.64 0 -2.08499e-17 -0.000746164 3.52295e-06 -0.00635011 -3.65827e-18
14.66 0 -1.68762e-17 -0.000574445 1.66754e-05 -0.00488873 -4.98112e-17
14.68 0 1.31245e-17 -0.000388493 2.72263e-05 -0.00330621 1.21657e-17
14.7 0 3.86937e-18 -0.000202812 3.51513e-05 -0.001726 2.11771e-17
14.72 0 -7.66548e-18 -2.38709e-05 4.1113e-05 -0.00020315 1.72158e-17
14.74 0 -7.76661e-18 0.000148076 4.61631e-05 0.00126017 6.56099e-18
14.76 0 -7.15633e-18 0.000314824 5.10232e-05 0.00267926 -9.45279e-18
14.78 0 -1.83942e-18 0.000477043 5.55512e-05 0.0040598 -4.13048e-18
14.8 0 6.4773e-19 0.000632164 5.91248e-05 0.00537994 -4.95942e-18
14.82 0 -1.57126e-18 0.00077278 6.13073e-05 0.00657663 4.14664e-18
14.84 0 -6.61446e-18 0.000887381 6.20557e-05 0.00755192 1.53585e-17
14.86 0 -5.42939e-18 0.000964322 6.14029e-05 0.00820671 -1.34206e-17
14.88 0 6.49103e-18 0.000996369 5.90156e-05 0.00847945 -1.59276e-17
14.9 0 7.58672e-18 0.000982797 5.39529e-05 0.00836395 -2.70289e-17
14.92 0 1.74833e-17 0.000928925 4.5001e-05 0.00790548 2.15176e-17
14.94 0 1.07324e-17 0.000843749 3.15333e-05 0.0071806 9.39013e-19
14.96 0 -3.78907e-17 0.000735517 1.41969e-05 0.00625951 -5.43703e-17
14.98 0 4.96908e-18 0.000607749 -5.15207e-06 0.00517216 6.88906e-17
15 0 2.45149e-18 0.000459478 -2.40794e-05 0.00391032 -2.04547e-17
15.02 0 -2.0089e-17 0.000289815 -4.01323e-05 0.00246643 -1.51658e-17
15.04 0 6.58729e-18 0.000102487 -5.19675e-05 0.0008722 2.81361e-17
15.06 0 -2.65052e-17 -9.29107e-05 -5.94964e-05 -0.000790703 -1.15482e-17
15.08 0 7.81912e-18 -0.000283341 -6.30204e-05 -0.00241133 -2.62809e-17
15.1 0 6.53314e-19 -0.000457246 -6.39846e-05 -0.00389132 1.88387e-17
15.12 0 5.40033e-18 -0.000607892 -6.43689e-05 -0.00517337 1.70594e-17
15.14 0 -5.599e-18 -0.000733358 -6.55487e-05 -0.00624113 -1.25773e-18
15.16 0 2.44686e-18 -0.000834133 -6.80024e-05 -0.00709876 -5.92488e-18
15.18 0 3.91114e-18 -0.000910383 -7.10834e-05 -0.00774767 -2.6325e-18
15.2 0 5.08901e-18 -0.000960692 -7.35082e-05 -0.00817582 1.70485e-17
15.22 0 -1.28328e-17 -0.000982214 -7.36417e-05 -0.00835898 -3.41155e-18
15.24 0 3.44052e-18 -0.00097156 -6.96137e-05 -0.00826831 4.37893e-18
15.26 0 -6.63059e-18 -0.000925221 -5.96772e-05 -0.00787396 -2.61244e-17
15.28 0 -5.50161e-18 -0.000839736 -4.32319e-05 -0.00714644 -1.57658e-17
15.3 0 1.56324e-18 -0.000713558 -2.1613e-05 -0.00607263 7.39785e-19
15.32 0 1.92107e-18 -0.000550126 2.29923e-06 -0.00468176 -4.13894e-19
15.34 0 5.30268e-18 -0.00035838 2.52004e-05 -0.00304994 -1.48205e-17
15.36 0 7.32345e-18 -0.000149903 4.42963e-05 -0.00127573 1.70217e-17
15.38 0 -8.0504e-18 6.38227e-05 5.85022e-05 0.000543154 -8.14288e-18
15.4 0 -2.79769e-18 0.000271564 6.75593e-05 0.0023111 2.98721e-17
15.42 0 -1.71591e-17 0.000463574 7.23532e-05 0.00394517 -1.11159e-17
15.44 0 7.94295e-18 0.000634265 7.48141e-05 0.00539781 1.03835e-17
15.46 0 2.35914e-18 0.000782083 7.63017e-05 0.0066558 2.77989e-17
15.48 0 -4.39814e-18 0.000905774 7.77013e-05 0.00770846 1.55267e-17
15.5 0 -7.66752e-19 0.00100095 7.94162e-05 0.00851844 -6.59003e-18
15.52 0 4.11221e-18 0.00106122 8.14928e-05 0.00903135 -3.34365e-18
15.54 0 -5.52582e-18 0.00108179 8.32398e-05 0.00920641 -9.36307e-18
15.56 0 1.25877e-18 0.00106149 8.30675e-05 0.00903366 2.81364e-18
15.58 0 2.58853e-18 0.00100243 7.87006e-05 0.008531 -7.05354e-18
15.6 0 2.50045e-17 0.000908722 6.8059e-05 0.00773354 1.6173e-17
15.62 0 -2.17235e-18 0.000784825 5.04541e-05 0.00667913 8.76618e-18
15.64 0 -4.95193e-18 0.00063433 2.71839e-05 0.00539837 8.28314e-18
15.66 0 3.11516e-19 0.000460427 1.1151e-06 0.0039184 2.59933e-17
15.68 0 -4.6785e-17 0.000267992 -2.41632e-05 0.00228071 -5.06505e-18
15.7 0 1.01309e-17 6.52764e-05 -4.53299e-05 0.000555525 2.13551e-17
15.72 0 1.70313e-18 -0.000137045 -6.08217e-05 -0.0011663 -4.27032e-19
15.74 0 -1.3548e-17 -0.000327976 -6.99991e-05 -0.00279119 -4.18149e-17
15.76 0 5.00474e-18 -0.000498498 -7.37704e-05 -0.0042424 1.44305e-17
15.78 0 -3.44331e-18 -0.000642122 -7.45675e-05 -0.00546468 1.60359e-17
15.8 0 -6.42053e-19 -0.000753928 -7.45536e-05 -0.00641619 3.28867e-18
15.82 0 -6.1585e-18 -0.000829904 -7.52418e-05 -0.00706278 -9.29723e-18
15.84 0 6.78112e-18 -0.000866634 -7.68045e-05 -0.00737535 1.65553e-17
15.86 0 8.56307e-18 -0.000862514 -7.83931e-05 -0.00734029 8.84944e-18
15.88 0 -3.28489e-18 -0.000819836 -7.84782e-05 -0.00697709 -6.54116e-18
15.9 0 4.28153e-18 -0.000745436 -7.52987e-05 -0.00634392 -7.05653e-18
15.92 0 3.23096e-19 -0.000648174 -6.73947e-05 -0.00551619 -1.80856e-18
15.94 0 3.7315e-18 -0.00053535 -5.43918e-05 -0.00455601 -8.97737e-18
15.96 0 -6.88355e-19 -0.000411353 -3.73008e-05 -0.00350076 -3.03502e-17
15.98 0 6.44605e-18 -0.000279094 -1.80258e-05 -0.00237519 2.67133e-19
16 0 -5.86919e-18 -0.000142127 1.32366e-06 -0.00120955 9.83631e-18
16.02 0 8.9015e-18 -5.55877e-06 1.88336e-05 -4.73071e-05 1.84091e-17
16.04 0 3.74122e-18 0.000124995 3.31518e-05 0.00106375 3.771e-17
16.06 0 3.24167e-18 0.000245933 4.38694e-05 0.00209298 3.18728e-17
16.08 0 -3.18168e-18 0.000357189 5.1479e-05 0.00303981 3.77399e-17
16.1 0 -6.85727e-18 0.000460254 5.68278e-05 0.00391693 1.23795e-17
16.12 0 1.66292e-17 0.000554151 6.091e-05 0.00471601 5.04814e-18
16.14 0 -1.34706e-17 0.000633075 6.41694e-05 0.00538769 2.03806e-17
16.16 0 -4.14446e-18 0.000688004 6.63933e-05 0.00585515 6.40433e-18
16.18 0 5.68092e-18 0.000710468 6.70749e-05 0.00604633 1.1042e-17
16.2 0 9.00848e-19 0.000695619 6.55977e-05 0.00591996 7.79433e-18
16.22 0 -2.72338e-18 0.000643624 6.16998e-05 0.00547746 5.12924e-18
16.24 0 1.12023e-18 0.000559225 5.53501e-05 0.0047592 6.12682e-18
16.26 0 -8.26059e-18 0.00045026 4.65666e-05 0.00383187 1.02759e-17
16.28 0 -1.24698e-18 0.000325889 3.53181e-05 0.00277343 9.36213e-18
16.3 0 -6.67091e-18 0.00019507 2.16303e-05 0.00166011 1.87712e-17
16.32 0 3.0063e-17 6.53455e-05 5.71641e-06 0.000556113 3.58585e-17
16.34 0 3.58292e-18 -5.81093e-05 -1.18719e-05 -0.00049453 7.7346e-18
16.36 0 -1.3877e-17 -0.000173084 -3.01358e-05 -0.001473 -4.85512e-17
16.38 0 1.1107e-17 -0.000280125 -4.76853e-05 -0.00238396 1.70337e-18
16.4 0 -3.27013e-18 -0.00038107 -6.30137e-05 -0.00324304 -1.61615e-17
16.42 0 -2.07711e-17 -0.00047649 -7.48791e-05 -0.0040551 -4.2613e-17
16.44 0 -1.68258e-17 -0.000563378 -8.2842e-05 -0.00479454 -5.15821e-17
16.46 0 -8.81357e-18 -0.000634608 -8.70758e-05 -0.00540074 -4.27594e-17
16.48 0 3.08232e-17 -0.000680937 -8.79546e-05 -0.00579501 1.68852e-18
16.5 0 -1.1901e-17 -0.000694478 -8.61815e-05 -0.00591025 -1.91153e-17
16.52 0 7.71083e-18 -0.000671524 -8.24407e-05 -0.0057149 -1.33225e-17
16.54 0 -4.90202e-18 -0.00061385 -7.7144e-05 -0.00522408 -1.12189e-17
16.56 0 7.43339e-18 -0.000528205 -7.03709e-05 -0.00449521 5.37817e-18
16.58 0 7.52936e-19 -0.000424093 -6.18456e-05 -0.00360918 8.70477e-18
16.6 0 -2.1625e-18 -0.000310923 -5.11998e-05 -0.00264607 5.08659e-18
16.62 0 1.01117e-18 -0.000195834 -3.82246e-05 -0.00166661 -3.64838e-19
16.64 0 1.05964e-18 -8.28851e-05 -2.30541e-05 -0.000705381 -1.87827e-18
16.66 0 3.07478e-18 2.64389e-05 -6.25416e-06 0.000225004 -2.94452e-18
16.68 0 2.14515e-18 0.000131767 1.12198e-05 0.00112139 9.64493e-20
16.7 0 -1.02696e-17 0.000232288 2.82452e-05 0.00197685 -1.82178e-18
16.72 0 -3.83149e-18 0.000326034 4.37722e-05 0.00277466 -3.1022e-17
16.74 0 2.14714e-17 0.000410148 5.69255e-05 0.00349051 4.00852e-17
16.76 0 -3.16176e-18 0.000481498 6.70287e-05 0.00409772 -3.3725e-19
16.78 0 -1.99594e-17 0.000537092 7.37762e-05 0.00457084 -1.79285e-17
16.8 0 -2.06421e-17 0.000574284 7.75102e-05 0.00488736 -3.58916e-17
16.82 0 4.31872e-18 0.000590865 7.8518e-05 0.00502847 -2.88673e-17
16.84 0 1.25979e-17 0.000585622 7.70222e-05 0.00498385 -1.47547e-18
16.86 0 4.41466e-18 0.000558802 7.32427e-05 0.0047556 4.21941e-19
16.88 0 1.10607e-18 0.000511895 6.71444e-05 0.00435641 -6.21382e-18
16.9 0 1.32839e-19 0.000447135 5.88355e-05 0.00380528 2.07908e-18
16.92 0 -2.61775e-18 0.000367096 4.86083e-05 0.00312412 1.48379e-19
16.94 0 4.947e-19 0.000274683 3.6851e-05 0.00233765 1.10249e-17
16.96 0 -1.30941e-17 0.000173142 2.37247e-05 0.00147349 -1.50038e-17
16.98 0 1.47375e-17 6.59359e-05 9.15994e-06 0.000561138 1.5269e-18
17 0 8.56033e-18 -4.34396e-05 -6.83032e-06 -0.000369686 1.98875e-17
17.02 0 3.65592e-18 -0.000151614 -2.38432e-05 -0.00129029 -6.82354e-18
17.04 0 7.52527e-18 -0.000255357 -4.10614e-05 -0.00217318 7.25354e-18
17.06 0 4.91713e-18 -0.000351365 -5.73931e-05 -0.00299024 -6.11953e-18
17.08 0 6.74474e-18 -0.000436016 -7.1639e-05 -0.00371065 -4.4076e-18
17.1 0 -1.49707e-17 -0.000505524 -8.26712e-05 -0.00430218 7.33766e-18
17.12 0 4.55622e-19 -0.000556461 -8.96323e-05 -0.00473568 -1.64271e-17
17.14 0 2.09683e-17 -0.000586208 -9.22527e-05 -0.00498883 3.20039e-17
17.16 0 -7.61755e-19 -0.000592915 -9.07221e-05 -0.00504591 1.95044e-17
17.18 0 8.52805e-18 -0.000575517 -8.55918e-05 -0.00489785 4.89805e-17
17.2 0 -2.0115e-17 -0.00053413 -7.77903e-05 -0.00454563 3.34442e-18
17.22 0 2.57706e-18 -0.000470426 -6.80823e-05 -0.00400349 -1.08765e-17
17.24 0 -7.45205e-18 -0.000387774 -5.68734e-05 -0.00330009 -2.79553e-17
17.26 0 5.46731e-18 -0.000290879 -4.44361e-05 -0.00247549 -5.54302e-18
17.28 0 -4.59807e-18 -0.000184843 -3.10766e-05 -0.00157308 9.71024e-18
17.3 0 -3.75243e-19 -7.40432e-05 -1.71096e-05 -0.000630134 1.25453e-17
17.32 0 4.71234e-21 3.82616e-05 -2.80417e-06 0.00032562 1.5514e-18
17.34 0 -1.34865e-18 0.000149061 1.15219e-05 0.00126856 9.83228e-21
17.36 0 -5.06363e-18 0.000254258 2.54148e-05 0.00216383 -7.80136e-18
17.38 0 7.40781e-18 0.000348426 3.82991e-05 0.00296523 5.60579e-18
17.4 0 -3.7963e-18 0.000426274 4.95334e-05 0.00362774 -1.63058e-17
17.42 0 4.11035e-18 0.000484724 5.8495e-05 0.00412517 7.95876e-18
17.44 0 -9.96179e-18 0.000523812 6.47462e-05 0.00445782 5.40225e-19
17.46 0 -3.02887e-18 0.00054568 6.8177e-05 0.00464392 1.2754e-17
17.48 0 -5.18772e-18 0.000552604 6.89516e-05 0.00470285 -1.73721e-17
17.5 0 -1.64257e-18 0.000545539 6.73996e-05 0.00464273 -1.45423e-18
17.52 0 5.73385e-18 0.000523797 6.36734e-05 0.00445769 9.94031e-19
17.54 0 -9.92466e-18 0.000485635 5.74736e-05 0.00413292 -2.24377e-18
17.56 0 1.05203e-17 0.000429346 4.86473e-05 0.00365388 2.03201e-17
17.58 0 -2.58988e-18 0.00035397 3.75322e-05 0.00301241 8.07821e-18
17.6 0 -7.11481e-19 0.000259515 2.48401e-05 0.00220856 3.09524e-18
17.62 0 -1.36917e-18 0.000147302 1.14097e-05 0.00125359 2.95378e-18
17.64 0 1.29762e-19 2.0738e-05 -2.16163e-06 0.000176487 3.61157e-18
17.66 0 4.4706e-18 -0.000114021 -1.55595e-05 -0.00097036 1.63454e-18
17.68 0 -2.0712e-19 -0.000248555 -2.86451e-05 -0.00211529 -1.43459e-17
17.7 0 -3.11721e-18 -0.000373928 -4.12457e-05 -0.00318226 -1.14707e-17
17.72 0 1.61231e-18 -0.000482744 -5.3006e-05 -0.00410832 -1.23811e-17
17.74 0 -7.78081e-18 -0.000570466 -6.33991e-05 -0.00485487 -2.15096e-17
17.76 0 -5.15169e-18 -0.000635629 -7.18986e-05 -0.00540942 -5.36785e-17
17.78 0 2.07507e-17 -0.000678987 -7.81284e-05 -0.00577842 3.14781e-17
17.8 0 -1.51536e-17 -0.000701882 -8.18711e-05 -0.00597326 -3.04279e-17
17.82 0 1.97335e-17 -0.000704549 -8.30015e-05 -0.00599596 3.59164e-17
17.84 0 4.97712e-18 -0.000685282 -8.15015e-05 -0.00583199 3.09062e-17
17.86 0 -1.93696e-17 -0.000640836 -7.73032e-05 -0.00545374 -1.88438e-17
17.88 0 2.01085e-17 -0.000567989 -7.0064e-05 -0.00483378 4.58207e-17
17.9 0 7.4169e-19 -0.000465793 -5.97118e-05 -0.00396406 3.61544e-17
17.92 0 6.30682e-19 -0.000336989 -4.67793e-05 -0.0028679 1.25118e-17
17.94 0 3.78427e-18 -0.000187654 -3.21783e-05 -0.001597 1.40151e-17
17.96 0 -5.02553e-18 -2.56621e-05 -1.69151e-05 -0.000218394 1.732e-18
17.98 0 1.62318e-18 0.000140785 -1.81007e-06 0.00119813 5.85411e-18
18 0 -3.06341e-19 0.000303742 1.25349e-05 0.00258495 4.40553e-19
18.02 0 -1.41983e-18 0.000455521 2.57518e-05 0.00387664 -3.14517e-18
18.04 0 -2.59882e-18 0.000588876 3.76236e-05 0.00501154 -1.30444e-18
18.06 0 -1.91832e-18 0.000697833 4.79597e-05 0.00593881 5.18958e-18
18.08 0 5.67746e-18 0.000778785 5.65686e-05 0.00662773 1.75332e-17
18.1 0 -7.6874e-18 0.000830938 6.33652e-05 0.00707157 -1.65508e-18
18.12 0 6.22888e-18 0.000855653 6.84245e-05 0.0072819 1.76023e-18
18.14 0 7.72025e-18 0.000855159 7.18737e-05 0.0072777 3.42546e-17
18.16 0 3.71713e-18 0.000831383 7.37058e-05 0.00707536 3.06849e-17
18.18 0 1.64719e-18 0.000785133 7.36233e-05 0.00668176 2.07872e-17
18.2 0 -2.0128e-18 0.000715954 7.11333e-05 0.00609302 4.21502e-18
18.22 0 -5.03043e-18 0.000623058 6.54685e-05 0.00530244 -2.59356e-17
18.24 0 6.65441e-18 0.000507014 5.62014e-05 0.00431487 5.06607e-18
18.26 0 3.56424e-18 0.000370395 4.38182e-05 0.00315219 1.83635e-17
18.28 0 -1.32382e-18 0.000216988 2.94229e-05 0.00184664 7.36816e-18
18.3 0 -6.2639e-19 5.1493e-05 1.43444e-05 0.000438223 1.61591e-18
18.32 0 1.95183e-18 -0.000119666 -3.11772e-07 -0.0010184 -1.74766e-19
18.34 0 3.99808e-18 -0.000287921 -1.3859e-05 -0.00245031 -2.72774e-18
18.36 0 -5.82161e-18 -0.000443868 -2.6125e-05 -0.00377747 -1.00171e-17
18.38 0 -4.95571e-18 -0.000579389 -3.73021e-05 -0.00493081 -1.72924e-17
18.4 0 -6.71656e-18 -0.000689055 -4.76663e-05 -0.0058641 -6.07279e-17
18.42 0 -8.50595e-18 -0.000770414 -5.73817e-05 -0.00655649 -1.8989e-17
18.44 0 6.27193e-18 -0.000823586 -6.64607e-05 -0.007009 -1.8171e-17
18.46 0 -2.8265e-17 -0.000850366 -7.47319e-05 -0.00723691 -2.54045e-17
18.48 0 1.29854e-17 -0.000853049 -8.17922e-05 -0.00725974 1.31636e-17
18.5 0 -1.07215e-17 -0.000833456 -8.70767e-05 -0.007093 2.06353e-17
18.52 0 -2.01499e-17 -0.000792275 -9.01062e-05 -0.00674253 -2.96526e-17
18.54 0 1.89555e-17 -0.000728617 -9.06328e-05 -0.00620079 2.74385e-17
18.56 0 1.01314e-17 -0.000640561 -8.80976e-05 -0.0054514 1.21694e-17
18.58 0 -1.02691e-17 -0.000527477 -8.19179e-05 -0.00448901 -1.75537e-17
18.6 0 1.33806e-17 -0.000392088 -7.21077e-05 -0.00333681 7.50275e-18
18.62 0 8.79791e-18 -0.000240153 -5.93407e-05 -0.00204378 1.03966e-17
18.64 0 -4.90588e-18 -7.87783e-05 -4.47858e-05 -0.000670431 3.37332e-18
18.66 0 -2.20838e-18 8.46457e-05 -2.95872e-05 0.000720365 -3.18525e-18
18.68 0 -1.99375e-18 0.000242555 -1.463e-05 0.00206423 -5.71441e-18
18.7 0 3.43149e-19 0.000387571 -3.8383e-07 0.00329836 -5.47271e-19
18.72 0 1.04225e-18 0.000513284 1.30676e-05 0.00436823 -4.5605e-18
18.74 0 2.19807e-18 0.000614722 2.57867e-05 0.0052315 -5.11573e-18
18.76 0 3.83306e-18 0.000688407 3.7697e-05 0.00585858 6.05492e-18
18.78 0 2.0006e-18 0.000732541 4.85406e-05 0.00623418 -8.49435e-20
18.8 0 -1.38603e-18 0.000747253 5.80028e-05 0.00635938 -7.43596e-18
18.82 0 5.98638e-18 0.000734388 6.57644e-05 0.0062499 2.49665e-19
18.84 0 -2.68469e-18 0.000696753 7.14523e-05 0.00592961 -7.07676e-18
18.86 0 6.30866e-18 0.000637255 7.46134e-05 0.00542326 1.11654e-17
18.88 0 -5.34977e-19 0.000558471 7.48665e-05 0.00475279 1.23555e-17
18.9 0 -7.24119e-18 0.000462905 7.1783e-05 0.00393948 9.06592e-18
18.92 0 -4.97487e-18 0.000353734 6.49784e-05 0.0030104 5.86891e-18
18.94 0 -1.08939e-18 0.00023512 5.47465e-05 0.00200095 1.50622e-17
18.96 0 2.91581e-19 0.00011136 4.1987e-05 0.000947712 1.41758e-17
18.98 0 -3.95624e-18 -1.39862e-05 2.77604e-05 -0.000119028 -4.86102e-19
19 0 -7.8158e-19 -0.000137863 1.30036e-05 -0.00117326 -5.61093e-19
19.02 0 1.08899e-18 -0.000256759 -1.62184e-06 -0.00218511 -2.43299e-18
19.04 0 -2.26317e-19 -0.000366131 -1.57328e-05 -0.00311591 -1.06723e-17
19.06 0 -5.29651e-18 -0.000460799 -2.92071e-05 -0.00392156 -6.02158e-18
19.08 0 9.54537e-18 -0.000536026 -4.2018e-05 -0.00456177 1.13766e-17
19.1 0 -9.2013e-18 -0.000588715 -5.40363e-05 -0.00501017 -2.65922e-17
19.12 0 -2.67508e-19 -0.000618061 -6.49685e-05 -0.00525992 -5.49194e-17
19.14 0 1.04171e-17 -0.000625204 -7.44241e-05 -0.00532071 1.65595e-18
19.16 0 -3.51954e-18 -0.000612198 -8.19725e-05 -0.00521001 2.94738e-17
19.18 0 2.02107e-18 -0.000581158 -8.71732e-05 -0.00494586 5.24638e-17
19.2 0 1.2165e-17 -0.000534003 -8.96241e-05 -0.00454456 3.42475e-17
19.22 0 -4.59261e-19 -0.00047243 -8.90156e-05 -0.00402054 4.19467e-17
19.24 0 8.3616e-18 -0.000397864 -8.51804e-05 -0.00338596 4.71345e-18
19.26 0 4.55429e-18 -0.000311485 -7.78892e-05 -0.00265085 -1.00148e-17
19.28 0 4.00255e-18 -0.00021457 -6.71812e-05 -0.00182606 1.69903e-18
19.3 0 4.98806e-18 -0.000108873 -5.35928e-05 -0.000926545 -7.64217e-18
19.32 0 8.01216e-18 2.99266e-06 -3.79462e-05 2.54686e-05 7.42111e-18
19.34 0 -4.49032e-18 0.000117061 -2.12944e-05 0.000996231 -1.48337e-17
19.36 0 1.78475e-18 0.000227979 -4.72163e-06 0.00194018 -1.95364e-18
19.38 0 -3.52191e-18 0.000329701 1.08425e-05 0.00280587 -7.38429e-18
19.4 0 9.58644e-19 0.000416534 2.48173e-05 0.00354485 -4.26889e-18
19.42 0 9.50592e-19 0.000483893 3.69393e-05 0.0041181 -5.31354e-18
19.44 0 -3.53303e-18 0.000528754 4.71045e-05 0.00449988 -3.06466e-18
19.46 0 1.66988e-18 0.00055 5.52587e-05 0.00468069 -1.82001e-18
19.48 0 1.21391e-18 0.000548469 6.13752e-05 0.00466766 -1.20291e-17
19.5 0 7.80293e-19 0.000526385 6.54065e-05 0.00447972 -6.06847e-18
19.52 0 -7.21253e-18 0.000486497 6.71904e-05 0.00414026 -6.94445e-18
19.54 0 5.36425e-18 0.00043144 6.63709e-05 0.00367171 7.06404e-18
19.56 0 -3.14822e-18 0.00036351 6.24254e-05 0.00309359 4.77695e-18
19.58 0 -4.1094e-18 0.000284718 5.50236e-05 0.00242305 -7.11136e-18
19.6 0 1.09762e-17 0.00019699 4.42531e-05 0.00167645 3.61569e-18
19.62 0 4.02408e-18 0.000102471 3.06418e-05 0.000872064 -5.51409e-18
19.64 0 2.62545e-18 3.9225e-06 1.52869e-05 3.33819e-05 -3.48202e-18
19.66 0 -4.03085e-18 -9.50186e-05 -4.84491e-07 -0.000808641 9.80272e-19
19.68 0 -3.10922e-18 -0.000189773 -1.54704e-05 -0.00161504 -2.70158e-18
19.7 0 -3.17854e-19 -0.000275257 -2.87711e-05 -0.00234253 -2.58275e-18
19.72 0 3.80133e-18 -0.000346905 -3.99677e-05 -0.00295228 9.5579e-19
19.74 0 -3.67275e-18 -0.000401594 -4.90616e-05 -0.0034177 -9.71915e-18
19.76 0 1.88542e-19 -0.000437846 -5.62836e-05 -0.00372622 -6.29584e-18
19.78 0 3.06366e-18 -0.00045555 -6.18695e-05 -0.00387689 -7.76164e-20
19.8 0 -3.00024e-18 -0.000455676 -6.59264e-05 -0.00387796 7.84177e-19
19.82 0 -3.85909e-18 -0.000439959 -6.8375e-05 -0.00374421 -4.94523e-19
19.84 0 -8.66792e-18 -0.000410256 -6.89624e-05 -0.00349142 -2.67634e-17
19.86 0 2.52321e-17 -0.000367789 -6.73229e-05 -0.00313002 2.56679e-17
19.88 0 4.70314e-18 -0.000312894 -6.3083e-05 -0.00266284 8.71481e-19
19.9 0 1.01591e-17 -0.000245503 -5.6034e-05 -0.00208931 -1.40846e-17
19.92 0 7.14421e-18 -0.000166059 -4.64006e-05 -0.00141322 2.20228e-17
19.94 0 2.01727e-18 -7.63008e-05 -3.47733e-05 -0.000649346 1.4844e-17
19.96 0 -1.498e-17 2.03574e-05 -2.19017e-05 0.000173248 -1.41133e-17
19.98 0 -5.71849e-19 0.000119014 -8.68901e-06 0.00101285 -1.15615e-17
20 0 7.60976e-18 0.000214206 4.0049e-06 0.00182297 1.43523e-17
20.02 0 -3.32023e-18 0.00030114 1.5521e-05 0.0025628 -1.10952e-17
20.04 0 5.1413e-18 0.000376608 2.54374e-05 0.00320506 1.36932e-17
20.06 0 1.55298e-18 0.000439201 3.35532e-05 0.00373775 1.10257e-17
20.08 0 9.61507e-19 0.000488758 3.98096e-05 0.0041595 4.97516e-18
20.1 0 -1.69028e-18 0.000525427 4.4265e-05 0.00447157 2.1528e-18
20.12 0 9.07799e-19 0.000548798 4.70618e-05 0.00467047 1.69862e-18
20.14 0 3.03374e-18 0.000557443 4.8349e-05 0.00474404 1.37233e-17
20.16 0 -2.74173e-18 0.000549005 4.81897e-05 0.00467222 7.46647e-18
20.18 0 -3.68248e-18 0.000520783 4.65026e-05 0.00443205 -9.27222e-18
20.2 0 -5.65262e-18 0.000470705 4.30495e-05 0.00400586 -2.02905e-17
20.22 0 -2.49791e-18 0.000398412 3.75353e-05 0.00339062 -7.94755e-18
20.24 0 5.5239e-18 0.000306046 2.98241e-05 0.00260456 3.23924e-17
20.26 0 -9.23483e-18 0.000198321 2.01453e-05 0.00168778 6.91269e-18
20.28 0 5.82854e-18 8.18281e-05 9.07528e-06 0.000696386 8.29378e-18
20.3 0 -5.26231e-18 -3.61593e-05 -2.65986e-06 -0.000307728 1.29533e-17
20.32 0 2.448e-19 -0.00014903 -1.42156e-05 -0.0012683 2.82636e-18
20.34 0 1.94359e-18 -0.000252038 -2.47857e-05 -0.00214493 -2.10097e-18
20.36 0 1.39095e-19 -0.00034278 -3.38214e-05 -0.00291718 -6.24263e-19
20.38 0 -4.45186e-19 -0.00042056 -4.10434e-05 -0.00357911 5.55434e-19
20.4 0 6.09866e-19 -0.000485089 -4.63789e-05 -0.00412828 1.71745e-18
20.42 0 -1.57828e-18 -0.000535492 -4.98927e-05 -0.00455723 -3.55428e-18
20.44 0 4.9037e-18 -0.000570121 -5.17975e-05 -0.00485193 -7.11064e-19
20.46 0 -2.36251e-18 -0.000586937 -5.24062e-05 -0.00499503 4.92525e-18
20.48 0 -7.06865e-18 -0.000584049 -5.20142e-05 -0.00497046 -1.68369e-17
20.5 0 9.93317e-18 -0.000560278 -5.0795e-05 -0.00476816 5.67012e-19
20.52 0 4.34568e-18 -0.000515609 -4.87514e-05 -0.00438801 4.4117e-17
20.54 0 -1.64073e-18 -0.000451402 -4.57181e-05 -0.00384159 1.66984e-17
20.56 0 -2.47619e-17 -0.000370314 -4.1476e-05 -0.0031515 -2.79274e-17
20.58 0 -7.75976e-18 -0.000276067 -3.59517e-05 -0.00234943 1.01863e-18
20.6 0 1.0869e-17 -0.000173064 -2.93337e-05 -0.00147284 1.91872e-17
20.62 0 -1.67999e-17 -6.58518e-05 -2.20772e-05 -0.000560422 -5.89345e-17
20.64 0 2.34209e-17 4.1553e-05 -1.45616e-05 0.00035363 2.09423e-17
20.66 0 -1.12216e-17 0.000146093 -7.1021e-06 0.0012433 2.24527e-17
20.68 0 5.50532e-18 0.000245712 -1.93187e-08 0.00209109 2.02213e-17
20.7 0 -1.06627e-17 0.000338978 6.50578e-06 0.00288482 -7.26256e-18
20.72 0 -1.43217e-19 0.000424311 1.23472e-05 0.00361103 1.42287e-17
20.74 0 -5.77973e-18 0.000499335 1.73988e-05 0.00424951 -1.27259e-18
20.76 0 -2.86293e-18 0.00056081 2.15332e-05 0.00477269 -7.18903e-19
20.78 0 2.07364e-18 0.000605184 2.46723e-05 0.00515032 -2.56778e-18
20.8 0 6.87925e-19 0.000629261 2.68264e-05 0.00535523 -3.52504e-19
20.82 0 3.57535e-20 0.0006307 2.80749e-05 0.00536748 -5.34297e-18
20.84 0 5.07123e-18 0.00060842 2.85208e-05 0.00517787 4.2276e-18
20.86 0 3.11127e-18 0.000562993 2.82556e-05 0.00479126 2.53026e-18
20.88 0 -9.7348e-18 0.000496713 2.7293e-05 0.0042272 -1.95538e-18
20.9 0 -4.94401e-18 0.000413157 2.5508e-05 0.00351611 -1.52954e-17
20.92 0 -5.08043e-18 0.000316413 2.26871e-05 0.00269279 -3.01587e-17
20.94 0 7.02122e-18 0.000210441 1.867e-05 0.00179093 -6.24858e-18
20.96 0 -5.2588e-18 9.88319e-05 1.34496e-05 0.000841094 4.43112e-18
20.98 0 5.89183e-18 -1.50329e-05 7.24307e-06 -0.000127935 5.32224e-18
21 0 5.84946e-20 -0.000127698 3.55613e-07 -0.00108676 -9.0829e-18
21.02 0 -3.00404e-18 -0.000235351 -6.77554e-06 -0.00200292 1.70688e-18
21.04 0 -3.02575e-18 -0.000333782 -1.36366e-05 -0.0028406 6.28442e-18
21.06 0 1.27252e-18 -0.000418668 -1.98626e-05 -0.00356301 1.05531e-17
21.08 0 4.00707e-20 -0.000485967 -2.52322e-05 -0.00413575 5.78515e-20
21.1 0 5.22526e-19 -0.000532381 -2.96432e-05 -0.00453074 -1.33674e-18
21.12 0 -4.03084e-19 -0.000555758 -3.30486e-05 -0.00472969 1.92105e-18
21.14 0 3.33111e-19 -0.000555404 -3.54696e-05 -0.00472668 -1.02335e-17
21.16 0 1.97357e-18 -0.00053209 -3.69896e-05 -0.00452827 -4.10978e-18
21.18 0 -5.72416e-18 -0.000487688 -3.77198e-05 -0.0041504 -1.79485e-17
21.2 0 -8.40531e-19 -0.000424569 -3.77281e-05 -0.00361323 5.12124e-18
21.22 0 7.55115e-19 -0.000345078 -3.69697e-05 -0.00293673 1.15062e-17
21.24 0 -1.66135e-18 -0.000251389 -3.52744e-05 -0.00213941 6.05209e-18
21.26 0 -5.87539e-18 -0.000145778 -3.2429e-05 -0.00124062 -5.47668e-18
21.28 0 1.18996e-17 -3.11197e-05 -2.8295e-05 -0.00026484 2.70695e-17
21.3 0 -1.94365e-18 8.86825e-05 -2.28826e-05 0.000754719 -2.19843e-17
21.32 0 5.8901e-18 0.000208687 -1.63709e-05 0.001776 1.00776e-17
21.34 0 -1.49866e-17 0.000323467 -9.11593e-06 0.00275282 2.14357e-18
21.36 0 1.48148e-17 0.00042799 -1.55543e-06 0.00364235 3.30254e-19
21.38 0 4.93918e-18 0.000518236 5.92958e-06 0.00441037 -4.63994e-18
21.4 0 -1.76397e-18 0.000591242 1.30158e-05 0.00503168 8.77247e-18
21.42 0 3.91409e-18 0.000644892 1.94469e-05 0.00548826 2.02677e-17
21.44 0 9.9866e-18 0.000677789 2.50198e-05 0.00576822 2.3383e-17
21.46 0 -7.76968e-18 0.000689253 2.95447e-05 0.00586579 6.88732e-18
21.48 0 -5.77259e-19 0.000679315 3.28747e-05 0.0057812 -1.98264e-18
21.5 0 1.5262e-18 0.000648524 3.49423e-05 0.00551917 -8.67875e-18
21.52 0 -2.26699e-18 0.000597522 3.57496e-05 0.00508512 -1.44038e-17
21.54 0 3.23424e-19 0.000526615 3.52538e-05 0.00448168 -2.89283e-18
21.56 0 2.62632e-19 0.000435944 3.32761e-05 0.00371003 -1.63885e-18
21.58 0 -4.66217e-19 0.000326427 2.95859e-05 0.00277801 -4.06869e-19
21.6 0 -2.36833e-18 0.000200955 2.40968e-05 0.0017102 -3.91598e-18
21.62 0 2.92867e-18 6.49565e-05 1.69799e-05 0.000552803 3.01402e-18
21.64 0 -3.54312e-19 -7.4168e-05 8.63431e-06 -0.000631196 1.42217e-18
21.66 0 -1.10557e-18 -0.000208633 -4.24146e-07 -0.00177554 -2.58829e-18
21.68 0 2.07504e-18 -0.000332066 -9.70309e-06 -0.002826 -8.16166e-18
21.7 0 1.45504e-18 -0.000440463 -1.88201e-05 -0.00374849 7.32137e-18
21.72 0 9.51156e-19 -0.00053184 -2.75318e-05 -0.00452614 2.03629e-18
21.74 0 -3.62642e-19 -0.000605104 -3.56644e-05 -0.00514965 -3.41636e-18
21.76 0 -1.70879e-18 -0.000659145 -4.29892e-05 -0.00560955 -4.75102e-18
21.78 0 7.58952e-19 -0.000692722 -4.92343e-05 -0.00589531 1.65236e-19
21.8 0 1.02071e-19 -0.000704932 -5.4155e-05 -0.00599922 -1.74671e-18
21.82 0 -5.51843e-19 -0.000695652 -5.75932e-05 -0.00592024 1.1484e-18
21.84 0 7.19867e-19 -0.000665555 -5.95223e-05 -0.00566411 6.59587e-19
21.86 0 4.38387e-19 -0.000615697 -6.00057e-05 -0.0052398 -1.31562e-18
21.88 0 1.57818e-18 -0.000547113 -5.90592e-05 -0.00465612 1.59892e-18
21.9 0 4.58513e-18 -0.000460952 -5.65454e-05 -0.00392286 3.28694e-18
21.92 0 -3.76687e-18 -0.000359094 -5.2267e-05 -0.00305602 -1.97982e-18
21.94 0 1.08875e-18 -0.000244733 -4.6165e-05 -0.00208277 1.02373e-17
21.96 0 -2.82291e-18 -0.000122419 -3.84096e-05 -0.00104183 6.71593e-18
21.98 0 -4.15475e-18 2.58042e-06 -2.93487e-05 2.19603e-05 5.74737e-18
22 0 -3.78348e-18 0.000125358 -1.94146e-05 0.00106684 -7.08682e-18
22.02 0 3.07182e-18 0.000242264 -9.03293e-06 0.00206175 -3.79563e-18
22.04 0 -3.78486e-18 0.000350866 1.43796e-06 0.00298599 -9.01839e-18
22.06 0 2.72098e-18 0.000448948 1.16818e-05 0.00382071 -2.53034e-18
22.08 0 -2.98051e-18 0.000533473 2.13437e-05 0.00454005 -8.89139e-18
22.1 0 -3.06252e-18 0.000600504 2.99928e-05 0.0051105 -1.3063e-17
22.12 0 2.71478e-18 0.000646171 3.71898e-05 0.00549914 -4.62075e-18
22.14 0 -1.43458e-18 0.000667989 4.26092e-05 0.00568482 -1.47818e-17
22.16 0 -3.91352e-18 0.00066569 4.61221e-05 0.00566526 -1.06323e-17
22.18 0 4.33823e-18 0.00064106 4.7792e-05 0.00545565 7.15123e-18
22.2 0 9.6122e-20 0.000596725 4.77599e-05 0.00507834 8.31673e-18
22.22 0 -2.03552e-18 0.00053466 4.60436e-05 0.00455015 2.01325e-18
22.24 0 9.32935e-20 0.000455603 4.24156e-05 0.00387734 2.02431e-19
22.26 0 -5.75735e-19 0.000359836 3.65551e-05 0.00306233 -5.61749e-19
22.28 0 -1.89234e-18 0.000248513 2.83723e-05 0.00211493 -5.54976e-20
22.3 0 -1.53035e-18 0.000124454 1.81754e-05 0.00105914 -1.55881e-18
22.32 0 -8.38585e-20 -7.8307e-06 6.57761e-06 -6.6642e-05 -2.9077e-18
22.34 0 1.66333e-18 -0.00014252 -5.68301e-06 -0.00121289 4.17981e-18
22.36 0 -5.2387e-18 -0.000273045 -1.7888e-05 -0.00232371 -6.71213e-18
22.38 0 -7.6916e-20 -0.00039285 -2.94455e-05 -0.00334329 -2.40242e-18
22.4 0 3.74931e-18 -0.000496309 -3.99394e-05 -0.00422376 -8.39167e-19
22.42 0 2.88074e-18 -0.000579589 -4.90956e-05 -0.0049325 -1.38352e-18
22.44 0 3.16601e-18 -0.00064111 -5.67234e-05 -0.00545607 5.28081e-18
22.46 0 1.61093e-18 -0.000681276 -6.26989e-05 -0.0057979 -3.76879e-18
22.48 0 -3.46586e-18 -0.000701566 -6.6967e-05 -0.00597057 -1.98099e-19
22.5 0 4.12372e-18 -0.000703509 -6.9517e-05 -0.00598711 5.61158e-18
22.52 0 -3.07363e-18 -0.000688002 -7.03408e-05 -0.00585513 -8.65777e-18
22.54 0 9.4371e-19 -0.000654919 -6.93875e-05 -0.00557359 -6.24864e-18
22.56 0 -4.71791e-19 -0.000603033 -6.65115e-05 -0.00513202 2.30571e-18
22.58 0 -1.77964e-18 -0.000530755 -6.15022e-05 -0.00451691 7.78786e-18
22.6 0 -5.02242e-18 -0.000437772 -5.4265e-05 -0.00372559 -9.53386e-19
22.62 0 3.78913e-18 -0.000326511 -4.50042e-05 -0.00277872 1.50884e-17
22.64 0 2.9166e-18 -0.000202358 -3.42226e-05 -0.00172213 5.91132e-18
22.66 0 2.4001e-18 -7.26852e-05 -2.2596e-05 -0.000618576 9.50912e-18
22.68 0 -2.2216e-19 5.46694e-05 -1.08561e-05 0.000465256 3.43868e-18
22.7 0 -1.07504e-19 0.000173111 3.2898e-07 0.00147324 -3.56113e-18
22.72 0 1.14835e-19 0.00027865 1.04955e-05 0.00237141 -8.88528e-19
22.74 0 5.27823e-19 0.000370092 1.94447e-05 0.00314961 -4.18061e-20
22.76 0 9.53926e-20 0.000447873 2.71638e-05 0.00381156 -6.5834e-19
22.78 0 4.89751e-20 0.000512409 3.36847e-05 0.00436078 3.87967e-19
22.8 0 2.34864e-19 0.000562949 3.8982e-05 0.00479089 -8.18518e-19
22.82 0 1.91414e-18 0.000597262 4.29311e-05 0.00508291 1.90323e-18
22.84 0 1.1366e-18 0.000612052 4.53242e-05 0.00520877 1.04038e-18
22.86 0 2.85203e-18 0.00060395 4.5929e-05 0.00513982 5.00544e-18
22.88 0 -2.57911e-18 0.000570757 4.45362e-05 0.00485734 -2.86275e-18
22.9 0 5.65911e-19 0.000512428 4.09842e-05 0.00436094 -6.27664e-19
22.92 0 9.01636e-19 0.000431531 3.52448e-05 0.00367248 -6.1504e-19
22.94 0 -1.13487e-19 0.000333029 2.75581e-05 0.0028342 2.42095e-19
22.96 0 -1.32064e-19 0.000223356 1.84366e-05 0.00190084 -2.11525e-18
22.98 0 5.20489e-19 0.000109045 8.49875e-06 0.000928009 -2.93788e-18
23 0 -1.02446e-18 -4.43206e-06 -1.69282e-06 -3.77184e-05 -1.26604e-18
23.02 0 -2.09969e-19 -0.000113192 -1.16921e-05 -0.000963301 3.62388e-18
23.04 0 -4.14217e-18 -0.000214886 -2.11819e-05 -0.00182876 4.96439e-18
23.06 0 3.60644e-18 -0.00030821 -2.99683e-05 -0.00262297 1.66095e-17
23.08 0 6.4976e-18 -0.000392016 -3.79182e-05 -0.00333619 2.98918e-17
23.1 0 -9.88182e-19 -0.000464314 -4.48688e-05 -0.00395147 7.8381e-18
23.12 0 -3.57719e-20 -0.000521818 -5.05955e-05 -0.00444086 3.82307e-18
23.14 0 1.96415e-18 -0.000560534 -5.4853e-05 -0.00477034 6.24187e-20
23.16 0 1.58069e-18 -0.000577053 -5.74279e-05 -0.00491092 -1.43722e-17
23.18 0 -2.69827e-18 -0.000569722 -5.81814e-05 -0.00484853 -1.09571e-17
23.2 0 -5.25767e-18 -0.00053908 -5.70811e-05 -0.00458776 -4.88247e-18
23.22 0 1.97048e-18 -0.000487538 -5.41921e-05 -0.00414912 1.46103e-17
23.24 0 7.46195e-19 -0.000418649 -4.96433e-05 -0.00356285 9.18801e-18
23.26 0 -6.90264e-18 -0.000336382 -4.36426e-05 -0.00286273 -1.7831e-17
23.28 0 8.73012e-18 -0.000244585 -3.64791e-05 -0.0020815 2.54746e-17
23.3 0 5.85924e-18 -0.000146681 -2.85092e-05 -0.00124831 2.22016e-17
23.32 0 1.94025e-18 -4.55446e-05 -2.00749e-05 -0.000387601 4.83609e-18
23.34 0 -6.21047e-18 5.645e-05 -1.14391e-05 0.00048041 -2.97173e-18
23.36 0 -4.42562e-18 0.000157164 -2.82876e-06 0.00133752 -5.67229e-19
23.38 0 -9.94459e-19 0.000254299 5.53233e-06 0.00216417 -2.05193e-19
23.4 0 -5.91024e-19 0.000344988 1.34013e-05 0.00293597 1.24787e-18
23.42 0 -6.04387e-19 0.000425581 2.05037e-05 0.00362184 1.41642e-18
23.44 0 -1.7997e-18 0.000491833 2.65422e-05 0.00418567 8.12499e-19
23.46 0 1.50982e-19 0.000539579 3.12624e-05 0.00459201 -9.36719e-20
23.48 0 6.22939e-19 0.000565634 3.45262e-05 0.00481374 5.07472e-19
23.5 0 2.47279e-18 0.000568503 3.6323e-05 0.00483816 1.4733e-17
23.52 0 -4.3381e-18 0.00054865 3.67163e-05 0.0046692 8.86614e-19
23.54 0 2.42052e-18 0.000508281 3.57742e-05 0.00432565 3.60593e-18
23.56 0 9.23751e-19 0.000450696 3.35098e-05 0.00383558 -6.42648e-18
23.58 0 -6.77985e-18 0.000379394 2.98689e-05 0.00322878 -1.34651e-17
23.6 0 1.24274e-18 0.000297346 2.48626e-05 0.00253052 -4.54765e-18
23.62 0 -9.2865e-18 0.000206719 1.85773e-05 0.00175925 -1.71835e-17
23.64 0 -1.32547e-18 0.00010919 1.1244e-05 0.000929249 -9.17827e-18
23.66 0 5.96899e-18 6.59019e-06 3.22409e-06 5.60848e-05 7.38983e-18
23.68 0 -1.68635e-18 -9.84251e-05 -5.11007e-06 -0.000837632 -4.08465e-18
23.7 0 -2.39434e-18 -0.000201963 -1.33574e-05 -0.00171878 -5.08705e-18
23.72 0 6.62949e-19 -0.00029908 -2.11448e-05 -0.00254528 -1.09932e-18
23.74 0 3.68161e-18 -0.000384472 -2.81645e-05 -0.00327199 3.9224e-18
23.76 0 -1.07181e-18 -0.000453354 -3.42039e-05 -0.0038582 -4.42417e-18
23.78 0 2.93682e-18 -0.000502219 -3.91395e-05 -0.00427406 1.0398e-18
23.8 0 -1.00726e-17 -0.000529354 -4.2936e-05 -0.00450499 -2.64294e-17
23.82 0 4.91184e-18 -0.000534912 -4.56244e-05 -0.00455229 -2.49222e-17
23.84 0 2.48397e-18 -0.00052049 -4.72514e-05 -0.00442955 -1.32158e-17
23.86 0 2.21959e-18 -0.000488398 -4.78265e-05 -0.00415644 8.58078e-18
23.88 0 -1.16278e-17 -0.000440999 -4.72965e-05 -0.00375305 -5.55678e-18
23.9 0 1.9058e-17 -0.00038029 -4.55438e-05 -0.0032364 2.86085e-17
23.92 0 -1.3973e-17 -0.000307775 -4.24327e-05 -0.00261927 -3.07738e-17
23.94 0 -1.63758e-17 -0.000224649 -3.79185e-05 -0.00191184 -1.05143e-17
23.96 0 1.17475e-17 -0.000132273 -3.21607e-05 -0.00112569 2.82233e-17
23.98 0 -1.19286e-17 -3.27807e-05 -2.54898e-05 -0.000278975 -3.70377e-17
24 0 7.99466e-18 7.04193e-05 -1.82804e-05 0.000599292 -5.42188e-18
24.02 0 -3.26524e-18 0.000172505 -1.09055e-05 0.00146808 -1.49829e-17
24.04 0 9.91235e-18 0.000267801 -3.67624e-06 0.00227908 3.16453e-18
24.06 0 1.17443e-18 0.000351012 3.18983e-06 0.00298723 8.00154e-18
24.08 0 -3.95738e-18 0.000418574 9.53771e-06 0.00356221 -3.94907e-18
24.1 0 2.18486e-18 0.000469342 1.52524e-05 0.00399426 -3.41588e-18
24.12 0 1.13647e-18 0.000504166 2.02457e-05 0.00429063 -2.44593e-18
24.14 0 -9.69275e-20 0.000524598 2.44647e-05 0.00446451 -9.80868e-19
24.16 0 -5.67272e-19 0.000531482 2.78758e-05 0.0045231 -2.17549e-18
24.18 0 -1.45231e-18 0.000524291 3.04307e-05 0.0044619 -6.25385e-18
24.2 0 -2.12744e-18 0.000501616 3.20544e-05 0.00426893 -3.30538e-18
24.22 0 4.81668e-18 0.000462393 3.26527e-05 0.00393513 1.23163e-17
24.24 0 -3.8832e-18 0.000406945 3.21061e-05 0.00346325 -6.55174e-18
24.26 0 1.30575e-18 0.000337203 3.02732e-05 0.00286972 3.56827e-18
24.28 0 -9.42416e-19 0.000256208 2.70474e-05 0.00218042 2.8549e-18
24.3 0 2.71113e-18 0.000167504 2.24526e-05 0.00142552 3.24268e-18
24.32 0 -8.69078e-19 7.48867e-05 1.66814e-05 0.000637312 3.11335e-18
24.34 0 -4.76081e-18 -1.76535e-05 1.00194e-05 -0.000150237 -1.21138e-17
24.36 0 1.87994e-18 -0.000106154 2.85008e-06 -0.000903411 -4.78451e-18
24.38 0 6.7162e-19 -0.000187234 -4.41081e-06 -0.00159342 -3.34459e-18
24.4 0 9.30975e-19 -0.000258605 -1.14533e-05 -0.00220082 -2.18571e-18
24.42 0 7.02148e-19 -0.000319153 -1.81188e-05 -0.0027161 6.06681e-21
24.44 0 2.90285e-18 -0.000368547 -2.43842e-05 -0.00313646 2.04178e-18
24.46 0 2.76494e-18 -0.000406548 -3.02537e-05 -0.00345986 1.27881e-17
24.48 0 -9.05535e-18 -0.000432318 -3.56597e-05 -0.00367918 -9.35421e-18
24.5 0 1.38391e-19 -0.000444213 -4.0415e-05 -0.00378041 -9.137e-18
24.52 0 3.61814e-18 -0.000440418 -4.42536e-05 -0.00374811 2.24927e-17
24.54 0 -8.55555e-18 -0.000420063 -4.6931e-05 -0.00357489 1.36276e-17
24.56 0 8.2403e-18 -0.000383903 -4.8312e-05 -0.00326715 4.35165e-18
24.58 0 -5.06913e-19 -0.000334113 -4.8375e-05 -0.00284342 1.66277e-18
24.6 0 1.14744e-17 -0.000273621 -4.71515e-05 -0.00232861 2.50175e-17
24.62 0 -1.11701e-17 -0.000205576 -4.46848e-05 -0.00174952 -9.12737e-18
24.64 0 3.29466e-18 -0.0001331 -4.1076e-05 -0.00113273 1.26625e-17
24.66 0 -7.0733e-18 -5.9075e-05 -3.63818e-05 -0.000502748 -9.38584e-18
24.68 0 9.48505e-18 1.40565e-05 -3.06584e-05 0.000119626 1.49569e-17
24.7 0 8.07193e-18 8.44456e-05 -2.4057e-05 0.000718662 1.58739e-17
24.72 0 -9.92308e-18 0.000150836 -1.68041e-05 0.00128367 6.65033e-19
24.74 0 2.27947e-18 0.000212244 -9.21038e-06 0.00180627 2.66168e-18
24.76 0 -1.99674e-18 0.000267482 -1.59567e-06 0.00227637 -2.36936e-18
24.78 0 -8.40875e-20 0.000314861 5.74178e-06 0.00267957 -7.86855e-19
24.8 0 2.43868e-18 0.000352286 1.25492e-05 0.00299808 1.83194e-18
24.82 0 -6.31176e-18 0.000377677 1.8629e-05 0.00321417 -7.95522e-18
24.84 0 2.88752e-18 0.000389474 2.38512e-05 0.00331456 -2.96995e-18
24.86 0 -5.9801e-18 0.000387095 2.81423e-05 0.00329432 2.92468e-18
24.88 0 -4.94539e-18 0.000371207 3.14528e-05 0.0031591 -1.03549e-17
24.9 0 9.03022e-18 0.000343576 3.37182e-05 0.00292395 1.36525e-17
24.92 0 2.00993e-18 0.000306516 3.48323e-05 0.00260855 1.34576e-17
24.94 0 -1.87922e-18 0.000262212 3.46391e-05 0.00223152 1.66241e-17
24.96 0 1.5319e-18 0.000212369 3.30322e-05 0.00180733 1.16743e-17
24.98 0 -2.22047e-19 0.000158209 2.99235e-05 0.00134642 1.13681e-17
25 0 -1.9665e-18 0.000100727 2.52395e-05 0.000857224 -1.46008e-18
25.02 0 7.83891e-19 4.10594e-05 1.91414e-05 0.00034943 -2.88775e-18
25.04 0 -5.69353e-19 -1.92619e-05 1.19826e-05 -0.000163925 4.46211e-18
25.06 0 -1.73341e-18 -7.82024e-05 4.21579e-06 -0.00066553 1.41143e-18
25.08 0 1.55477e-18 -0.000133326 -3.66851e-06 -0.00113465 -2.61548e-18
25.1 0 -3.70332e-19 -0.00018212 -1.12765e-05 -0.00154991 -3.53586e-18
25.12 0 -2.68311e-18 -0.000222378 -1.83721e-05 -0.00189251 -8.47232e-18
25.14 0 1.07239e-17 -0.000252484 -2.48653e-05 -0.00214873 1.57755e-17
25.16 0 -8.31975e-19 -0.000271585 -3.07248e-05 -0.00231128 -4.54963e-18
25.18 0 9.29017e-18 -0.000279635 -3.58989e-05 -0.00237979 2.57958e-17
25.2 0 -1.33712e-17 -0.000277291 -4.02824e-05 -0.00235984 -3.33748e-17
25.22 0 7.43277e-18 -0.000265607 -4.37271e-05 -0.00226041 -5.84487e-18
25.24 0 -6.75533e-18 -0.000245625 -4.60678e-05 -0.00209035 -1.95476e-17
25.26 0 -1.11151e-17 -0.000218081 -4.71463e-05 -0.00185595 -2.59192e-17
25.28 0 -1.01166e-17 -0.000183406 -4.68261e-05 -0.00156085 -7.6915e-17
25.3 0 1.69568e-17 -0.000142082 -4.50391e-05 -0.00120917 3.11326e-17
25.32 0 1.08335e-17 -9.51843e-05 -4.19227e-05 -0.000810051 4.62457e-17
25.34 0 1.18473e-17 -4.46451e-05 -3.76154e-05 -0.000379945 2.83364e-17
25.36 0 -8.77067e-18 6.85724e-06 -3.23304e-05 5.83575e-05 2.67444e-17
25.38 0 -2.03124e-17 5.64382e-05 -2.63984e-05 0.000480309 1.78241e-17
25.4 0 -2.38595e-18 0.000101651 -2.01039e-05 0.000865087 9.46398e-18
25.42 0 6.84779e-18 0.000140757 -1.37572e-05 0.00119789 3.92476e-18
25.44 0 9.12435e-19 0.000172697 -7.63645e-06 0.00146971 9.40511e-18
25.46 0 -1.60779e-20 0.000196941 -1.97251e-06 0.00167604 6.98807e-18
25.48 0 -2.19339e-18 0.000213309 3.1107e-06 0.00181533 3.86011e-18
25.5 0 -3.4973e-18 0.000221755 7.59977e-06 0.00188721 -2.85335e-18
25.52 0 2.51353e-20 0.000222248 1.15544e-05 0.00189141 1.97722e-19
25.54 0 -3.43982e-18 0.00021484 1.50339e-05 0.00182837 8.8412e-18
25.56 0 4.00603e-18 0.000199783 1.80394e-05 0.00170022 -7.43173e-19
25.58 0 6.73123e-18 0.000177515 2.04862e-05 0.00151071 1.99638e-17
25.6 0 -6.44209e-18 0.000148612 2.22059e-05 0.00126474 6.16474e-18
25.62 0 5.98714e-18 0.00011389 2.29751e-05 0.00096924 -8.36181e-19
25.64 0 -1.68477e-17 7.46703e-05 2.25767e-05 0.00063547 -8.39967e-18
25.66 0 -1.18346e-17 3.29576e-05 2.09609e-05 0.000280481 2.99128e-18
25.68 0 -3.72962e-18 -8.7713e-06 1.82963e-05 -7.46468e-05 -1.10995e-17
25.7 0 -1.11e-17 -4.81558e-05 1.46824e-05 -0.000409822 -2.31687e-17
25.72 0 6.53506e-18 -8.34801e-05 1.03054e-05 -0.000710445 -1.23287e-17
25.74 0 -1.99399e-18 -0.000114003 5.45114e-06 -0.000970208 6.21313e-18
25.76 0 -6.52305e-19 -0.000139889 3.4676e-07 -0.0011905 2.09968e-18
25.78 0 2.54056e-18 -0.00016167 -4.75514e-06 -0.00137587 -4.50334e-21
25.8 0 4.75344e-19 -0.000179655 -9.64518e-06 -0.00152893 -3.50549e-18
25.82 0 -1.40408e-20 -0.000193545 -1.41825e-05 -0.00164713 7.04221e-18
25.84 0 -1.47778e-19 -0.000202442 -1.83583e-05 -0.00172285 8.14885e-18
25.86 0 2.07376e-18 -0.000205228 -2.22635e-05 -0.00174656 -9.34922e-18
25.88 0 7.02739e-19 -0.000201131 -2.60142e-05 -0.00171169 2.08025e-18
25.9 0 -1.70511e-17 -0.000190108 -2.96712e-05 -0.00161789 -4.95408e-17
25.92 0 -9.54544e-18 -0.000172784 -3.31912e-05 -0.00147045 -4.09254e-17
25.94 0 2.45542e-17 -0.000150076 -3.63901e-05 -0.0012772 3.54578e-17
25.96 0 1.96321e-18 -0.000122867 -3.89383e-05 -0.00104564 -6.07925e-18
25.98 0 1.1988e-17 -9.18861e-05 -4.0418e-05 -0.000781982 1.20723e-17
26 0 -1.80375e-17 -5.77869e-05 -4.04417e-05 -0.000491786 -3.22468e-17
26.02 0 -7.07208e-19 -2.13881e-05 -3.89566e-05 -0.00018202 2.38027e-17
26.04 0 1.60862e-18 1.62003e-05 -3.61008e-05 0.00013787 -5.18809e-18
26.06 0 -4.463e-18 5.36265e-05 -3.20082e-05 0.00045638 -2.73533e-17
26.08 0 4.66464e-19 8.94598e-05 -2.70881e-05 0.000761334 -2.30423e-17
26.1 0 1.12074e-17 0.000122467 -2.18083e-05 0.00104224 -1.5065e-17
26.12 0 1.70568e-17 0.000151589 -1.65057e-05 0.00129007 1.56413e-17
26.14 0 -8.29996e-19 0.000175735 -1.14188e-05 0.00149557 2.14215e-18
26.16 0 1.20091e-18 0.000193877 -6.6523e-06 0.00164996 -3.96362e-18
26.18 0 -3.87409e-19 0.000205358 -2.19855e-06 0.00174766 4.34226e-19
26.2 0 -5.605e-20 0.000210096 2.05817e-06 0.00178799 4.99273e-19
26.22 0 -2.62192e-18 0.00020851 6.26344e-06 0.00177449 -5.28748e-18
26.24 0 6.86745e-19 0.000201277 1.04999e-05 0.00171294 3.09162e-19
26.26 0 2.0139e-18 0.000189041 1.47188e-05 0.00160881 1.8092e-18
26.28 0 4.39571e-18 0.000172226 1.87205e-05 0.0014657 1.42154e-18
26.3 0 4.0132e-18 0.000151173 2.21758e-05 0.00128653 8.47761e-18
26.32 0 5.75206e-18 0.000126581 2.46975e-05 0.00107725 1.24111e-17
26.34 0 5.15646e-19 9.9808e-05 2.59481e-05 0.000849401 -1.33963e-17
26.36 0 9.15459e-18 7.269e-05 2.581e-05 0.000618617 -1.7233e-19
26.38 0 -7.12346e-18 4.69454e-05 2.43783e-05 0.000399522 1.31513e-18
26.4 0 2.72109e-18 2.3603e-05 2.17261e-05 0.000200869 -7.29229e-18
26.42 0 1.37317e-17 2.85446e-06 1.80249e-05 2.42924e-05 1.34861e-17
26.44 0 -4.28703e-18 -1.5802e-05 1.35214e-05 -0.00013448 7.44948e-20
26.46 0 -1.16286e-18 -3.32175e-05 8.42929e-06 -0.000282692 -4.35018e-18
26.48 0 3.83032e-19 -5.01527e-05 2.99529e-06 -0.000426817 -7.64526e-19
26.5 0 1.45923e-18 -6.69619e-05 -2.55945e-06 -0.000569869 -3.45058e-18
26.52 0 3.72511e-18 -8.33821e-05 -8.07152e-06 -0.000709611 2.78519e-19
26.54 0 7.02091e-18 -9.84287e-05 -1.34857e-05 -0.000837663 1.54789e-17
26.56 0 4.46335e-18 -0.000110504 -1.88161e-05 -0.000940429 2.14215e-17
26.58 0 5.57199e-18 -0.000117842 -2.40628e-05 -0.00100288 2.11967e-17
26.6 0 -2.00718e-17 -0.000119139 -2.91419e-05 -0.00101392 -4.39906e-17
26.62 0 9.31528e-18 -0.00011407 -3.3876e-05 -0.000970777 -2.62818e-17
26.64 0 1.44825e-18 -0.000103465 -3.80175e-05 -0.000880525 -2.17029e-17
26.66 0 1.04673e-17 -8.90713e-05 -4.12763e-05 -0.000758028 -2.94963e-17
26.68 0 5.67285e-18 -7.29228e-05 -4.33473e-05 -0.000620599 -4.25755e-17
26.7 0 1.54582e-17 -5.65777e-05 -4.39717e-05 -0.000481496 -1.43978e-17
26.72 0 1.04674e-17 -4.06801e-05 -4.30989e-05 -0.000346202 -2.37042e-18
26.74 0 -1.44784e-17 -2.50146e-05 -4.06857e-05 -0.000212883 -1.88677e-17
26.76 0 -4.18315e-18 -9.02238e-06 -3.68254e-05 -7.67836e-05 -5.49769e-18
26.78 0 -5.09478e-18 7.70474e-06 -3.1866e-05 6.557e-05 -1.10357e-17
26.8 0 -2.62976e-18 2.51907e-05 -2.62173e-05 0.000214382 -1.42168e-17
26.82 0 4.07023e-18 4.2921e-05 -2.03366e-05 0.000365273 3.12119e-19
26.84 0 -2.94931e-18 5.98556e-05 -1.45935e-05 0.000509392 1.73107e-18
26.86 0 -1.25321e-18 7.4626e-05 -9.21499e-06 0.000635094 -1.48758e-18
26.88 0 -2.96739e-19 8.5901e-05 -4.22905e-06 0.000731047 6.53242e-19
26.9 0 1.45163e-18 9.27758e-05 4.84933e-07 0.000789554 -3.22531e-18
26.92 0 -1.61102e-18 9.50574e-05 5.08944e-06 0.000808971 -1.99747e-18
26.94 0 -4.5738e-18 9.32873e-05 9.67493e-06 0.000793908 -1.60363e-17
26.96 0 -1.10662e-18 8.84487e-05 1.41925e-05 0.000752729 -4.86089e-18
26.98 0 -2.9952e-18 8.15369e-05 1.84266e-05 0.000693907 -1.25781e-17
27 0 3.11068e-18 7.32714e-05 2.2015e-05 0.000623565 -2.48571e-19
27.02 0 -2.71465e-18 6.403e-05 2.45248e-05 0.000544918 -5.13754e-18
27.04 0 2.17157e-18 5.39019e-05 2.5607e-05 0.000458724 -8.1688e-18
27.06 0 8.07062e-18 4.28012e-05 2.51832e-05 0.000364254 1.63328e-18
27.08 0 -5.14254e-18 3.05916e-05 2.31749e-05 0.000260345 -1.02893e-17
27.1 0 -1.08746e-18 1.73681e-05 1.96643e-05 0.000147808 -8.22599e-19
27.12 0 -5.52715e-18 3.55487e-06 1.50059e-05 3.02532e-05 1.8524e-18
27.14 0 -1.31447e-19 -1.02821e-05 9.59703e-06 -8.75043e-05 9.38705e-18
27.16 0 -2.55121e-18 -2.36312e-05 3.8787e-06 -0.00020111 1.47445e-18
27.18 0 -5.55526e-19 -3.62367e-05 -1.79343e-06 -0.000308387 1.3163e-18
27.2 0 -1.09936e-18 -4.81535e-05 -7.18301e-06 -0.000409803 -3.24553e-18
27.22 0 4.8236e-18 -5.9542e-05 -1.2244e-05 -0.000506723 7.57152e-19
27.24 0 -5.73275e-18 -7.02375e-05 -1.70843e-05 -0.000597746 -1.58988e-17
27.26 0 -4.98122e-18 -7.95031e-05 -2.18422e-05 -0.000676599 -3.02141e-17
27.28 0 1.24882e-17 -8.62618e-05 -2.65446e-05 -0.000734118 -1.2322e-17
27.3 0 -3.72812e-18 -8.95934e-05 -3.10604e-05 -0.000762471 -6.78726e-18
27.32 0 1.38833e-17 -8.90532e-05 -3.51268e-05 -0.000757874 3.2806e-17
27.34 0 -6.65866e-18 -8.46858e-05 -3.83994e-05 -0.000720705 2.47061e-17
27.36 0 -7.99145e-18 -7.69283e-05 -4.0513e-05 -0.000654686 -2.61761e-17
27.38 0 -7.77144e-18 -6.65288e-05 -4.11632e-05 -0.000566183 -2.15742e-17
27.4 0 1.59139e-17 -5.44323e-05 -4.0261e-05 -0.000463238 1.07146e-17
27.42 0 4.72946e-20 -4.15549e-05 -3.79064e-05 -0.000353647 4.798e-17
27.44 0 -1.78085e-17 -2.85486e-05 -3.4231e-05 -0.000242959 2.0544e-18
27.46 0 -2.00307e-17 -1.57041e-05 -2.95404e-05 -0.000133647 -3.86248e-18
27.48 0 1.46655e-18 -2.90162e-06 -2.42472e-05 -2.46938e-05 1.68264e-18
27.5 0 1.12408e-18 1.02658e-05 -1.87188e-05 8.73657e-05 -1.42907e-18
27.52 0 1.98309e-18 2.41488e-05 -1.32704e-05 0.000205515 -1.46891e-18
27.54 0 5.09726e-18 3.87056e-05 -8.11442e-06 0.000329399 5.69393e-18
27.56 0 -3.45478e-18 5.33333e-05 -3.36007e-06 0.000453885 -7.762e-19
27.58 0 -9.27094e-19 6.69314e-05 1.0023e-06 0.00056961 1.92441e-18
27.6 0 -1.99915e-18 7.81568e-05 5.05082e-06 0.000665141 -3.41638e-19
27.62 0 9.77993e-19 8.58129e-05 8.84708e-06 0.000730298 4.85545e-18
27.64 0 -3.6359e-18 8.92328e-05 1.23679e-05 0.000759402 1.60205e-18
27.66 0 -2.23693e-18 8.84729e-05 1.54935e-05 0.000752936 5.44733e-18
27.68 0 2.61098e-18 8.42338e-05 1.80263e-05 0.000716859 1.29413e-17
27.7 0 -7.14511e-18 7.75797e-05 1.97244e-05 0.00066023 9.44271e-18
27.72 0 -2.68559e-18 6.95924e-05 2.03498e-05 0.000592255 3.98022e-18
27.74 0 -7.92051e-20 6.10751e-05 1.97711e-05 0.00051977 -7.72842e-18
27.76 0 1.48102e-18 5.23753e-05 1.79889e-05 0.000445732 1.22579e-17
27.78 0 -5.68977e-18 4.3377e-05 1.50197e-05 0.000369153 4.75195e-18
27.8 0 -1.45441e-18 3.37032e-05 1.10291e-05 0.000286826 9.39749e-18
27.82 0 -5.76336e-18 2.29226e-05 6.34226e-06 0.000195079 -7.68724e-18
27.84 0 1.65981e-18 1.07081e-05 1.31809e-06 9.11298e-05 1.70564e-18
27.86 0 2.64773e-19 -2.99003e-06 -3.68192e-06 -2.54462e-05 6.72901e-19
27.88 0 1.50367e-18 -1.78132e-05 -8.38239e-06 -0.000151597 2.85586e-19
27.9 0 -7.22349e-20 -3.29459e-05 -1.26291e-05 -0.000280381 1.91817e-18
27.92 0 1.93634e-18 -4.72358e-05 -1.64194e-05 -0.000401993 -7.31495e-18
27.94 0 -5.00463e-18 -5.94672e-05 -1.98553e-05 -0.000506087 -1.78095e-17
27.96 0 7.01843e-18 -6.86861e-05 -2.30518e-05 -0.000584543 2.70786e-18
27.98 0 9.32968e-18 -7.44265e-05 -2.60519e-05 -0.000633395 5.61625e-18
28 0 1.03131e-17 -7.67574e-05 -2.8797e-05 -0.000653233 1.7241e-17
28.02 0 -3.56167e-18 -7.61621e-05 -3.11307e-05 -0.000648166 6.78001e-18
28.04 0 -1.75119e-17 -7.33147e-05 -3.28239e-05 -0.000623934 -1.08581e-18
28.06 0 2.38188e-17 -6.88387e-05 -3.36251e-05 -0.000585841 3.45362e-17
28.08 0 -1.30019e-17 -6.31367e-05 -3.33528e-05 -0.000537316 -2.26923e-17
28.1 0 -3.07028e-18 -5.63444e-05 -3.19799e-05 -0.00047951 -3.77622e-18
28.12 0 -1.39319e-17 -4.83623e-05 -2.95268e-05 -0.00041158 -3.16751e-17
28.14 0 -1.43319e-17 -3.899e-05 -2.61357e-05 -0.000331818 -1.85629e-17
28.16 0 5.33817e-18 -2.80603e-05 -2.20975e-05 -0.000238803 -1.46032e-17
28.18 0 9.28723e-18 -1.55487e-05 -1.77321e-05 -0.000132325 2.06576e-17
28.2 0 -4.95817e-18 -1.68521e-06 -1.33594e-05 -1.43417e-05 9.59373e-18
28.22 0 -1.08885e-18 1.30181e-05 -9.22287e-06 0.000110789 6.3235e-18
28.24 0 9.06406e-19 2.78088e-05 -5.4662e-06 0.000236663 1.33411e-17
28.26 0 -9.86837e-19 4.17849e-05 -2.10769e-06 0.000355604 3.28535e-18
28.28 0 -1.28494e-18 5.40184e-05 9.29297e-07 0.000459715 4.37235e-18
28.3 0 -1.05024e-18 6.37142e-05 3.7452e-06 0.00054223 3.41355e-18
28.32 0 -5.77425e-18 7.03542e-05 6.3878e-06 0.000598739 -1.03677e-17
28.34 0 6.44748e-18 7.37642e-05 8.81727e-06 0.000627759 1.00221e-17
28.36 0 -8.44851e-19 7.40868e-05 1.09077e-05 0.000630505 2.45234e-18
28.38 0 -8.35708e-18 7.16945e-05 1.24704e-05 0.000610145 -3.62892e-18
28.4 0 -1.36325e-18 6.70837e-05 1.32967e-05 0.000570906 -3.3844e-18
28.42 0 5.21645e-18 6.07808e-05 1.32307e-05 0.000517266 -8.66103e-18
28.44 0 3.62252e-18 5.32693e-05 1.22479e-05 0.00045334 -2.33705e-18
28.46 0 -1.37548e-18 4.4905e-05 1.03717e-05 0.000382157 -6.98122e-18
28.48 0 6.09149e-18 3.58841e-05 7.71536e-06 0.000305386 5.6763e-18
28.5 0 3.84277e-19 2.62472e-05 4.50238e-06 0.000223373 3.84576e-18
28.52 0 3.56241e-19 1.59316e-05 9.75482e-07 0.000135583 2.05467e-18
28.54 0 -7.63825e-19 4.90384e-06 -2.61789e-06 4.17334e-05 1.90412e-18
28.56 0 -2.77111e-19 -6.71508e-06 -6.08147e-06 -5.71477e-05 -3.95119e-18
28.58 0 3.47018e-18 -1.85572e-05 -9.29079e-06 -0.000157929 3.64299e-18
28.6 0 -1.68476e-18 -2.99809e-05 -1.22179e-05 -0.000255148 -6.44803e-18
28.62 0 -5.37798e-18 -4.01312e-05 -1.49126e-05 -0.000341531 -1.23609e-19
28.64 0 -6.78278e-19 -4.81093e-05 -1.74531e-05 -0.000409427 -9.34229e-18
