0.02 7.32953 0.2831 -28.1664 0.0644574 -28.1664 0.2831
0.04 41.5246 6.44511 -62.6446 0.799753 -62.6446 6.44511
0.06 125.316 23.1782 -18.8061 3.40028 -18.8061 23.1782
0.08 299.736 71.9604 72.5541 10.6849 72.5541 71.9604
0.1 650.158 179.004 152.641 28.9174 152.641 179.004
0.12 1282.08 298.94 245.739 60.4447 245.739 298.94
0.14 2282.27 385.413 349.354 97.9218 349.354 385.413
0.16 3690.68 439.517 444.84 134.687 444.84 439.517
0.18 5484.03 451.897 545.409 165.121 545.409 451.897
0.2 7612.94 464.193 654.06 179.2 654.06 464.193
0.22 10042.7 517.998 755.66 179.458 755.66 517.998
0.24 12726.9 540.422 849.738 189.052 849.738 540.422
0.26 15567.9 485.705 955.248 241.142 955.248 485.705
0.28 18442.8 458.208 1099.11 378.09 1099.11 458.208
0.3 21256.3 542.496 1292.2 628.581 1292.2 542.496
0.32 23946.8 679.946 1505.1 961.53 1505.1 679.946
0.34 26475.2 817.694 1679.91 1304.35 1679.91 817.694
0.36 28834.7 985.017 1780.99 1612.87 1780.99 985.017
0.38 31048.4 1170.72 1813.94 1874.35 1813.94 1170.72
0.4 33120.7 1266.44 1790.81 2054.68 1790.81 1266.44
0.42 34981.7 1202.06 1736.47 2103.49 1736.47 1202.06
0.44 36483.1 1049.87 1714.08 2013.2 1714.08 1049.87
0.46 37474.9 955.621 1732.18 1840.09 1732.18 955.621
0.48 37917.7 1001.15 1661.15 1673.37 1661.15 1001.15
0.5 37915.1 1132.6 1410.45 1595.99 1410.45 1132.6
0.52 37620.8 1228.21 1086.72 1652.94 1086.72 1228.21
0.54 37041.9 1104.05 833.718 1819.77 833.718 1104.05
0.56 35952.8 738.401 716.366 2001.55 716.366 738.401
0.58 34081.7 465.84 753.673 2103.78 753.673 465.84
0.6 31343.7 508.834 862.541 2092.75 862.541 508.834
0.62 27846.8 615.897 880.351 1966.53 880.351 615.897
0.64 23723.9 483.968 757.972 1741.11 757.972 483.968
0.66 19055.5 221.233 649.674 1484.54 649.674 221.233
0.68 13887.9 21.8212 763.002 1243.06 763.002 21.8212
0.7 8267.99 -138.352 1153.06 914.128 1153.06 -138.352
0.72 2300.7 -282.678 1660.45 333.187 1660.45 -282.678
0.74 -3805.51 -363.03 2048.05 -504.167 2048.05 -363.03
0.76 -9726.52 -375.829 2191.63 -1416.17 2191.63 -375.829
0.78 -15139 -495.24 2169.2 -2216.97 2169.2 -495.24
0.8 -19873.9 -833.132 2241.98 -2848.06 2241.98 -833.132
0.82 -23908.5 -1149.77 2672.75 -3340.4 2672.75 -1149.77
0.84 -27206.6 -1175.78 3378.24 -3720.5 3378.24 -1175.78
0.86 -29575.6 -959.544 3931.67 -3966.15 3931.67 -959.544
0.88 -30731 -754.06 4053.8 -3992.53 4053.8 -754.06
0.9 -30494.2 -700.434 3850.26 -3683.32 3850.26 -700.434
0.92 -28948.3 -797.755 3643.48 -3020.32 3643.48 -797.755
0.94 -26375.8 -912.42 3704.69 -2194.55 3704.69 -912.42
0.96 -23094.7 -908.945 4124.86 -1510.58 4124.86 -908.945
0.98 -19395.7 -847.484 4651.13 -1145.94 4651.13 -847.484
1 -16188.1 -1306.8 5998.28 -1041.3 5998.28 -1306.8
1.02 -14477.4 -1848.39 5537.34 -922.896 5537.34 -1848.39
1.04 -14047.8 -1323.04 877.974 -424.458 877.974 -1323.04
1.06 -14510.5 -809.644 -1517.99 408.295 -1517.99 -809.644
1.08 -15779.7 -844.338 -394.491 981.569 -394.491 -844.338
1.1 -17388.5 -479.06 -825.552 970.511 -825.552 -479.06
1.12 -19182.2 -503.62 -423.309 571.399 -423.309 -503.62
1.14 -21176.8 -894.722 171.023 61.6635 171.023 -894.722
1.16 -22715.1 -306.448 -3587.63 -54.8571 -3587.63 -306.448
1.18 -23419.3 275.615 -6418.47 627.613 -6418.47 275.615
1.2 -23570.1 190.332 -5081.88 1544.66 -5081.88 190.332
1.22 -23188.1 475.042 -4315.46 1665.23 -4315.46 475.042
1.24 -21955.8 574.65 -4611.77 566.592 -4611.77 574.65
1.26 -19815.9 -385.47 -4376.37 -1363.06 -4376.37 -385.47
1.28 -17204 -1487.56 -4566.87 -3016.94 -4566.87 -1487.56
1.3 -14555.4 -1702.96 -4860.68 -3259.63 -4860.68 -1702.96
1.32 -11887 -1185.88 -3513.43 -2276.33 -3513.43 -1185.88
1.34 -8955.33 -644.728 -718.966 -1525.28 -718.966 -644.728
1.36 -6652.22 -1488.39 3261.27 -2041.37 3261.27 -1488.39
1.38 -6551.08 -3034.4 4105.38 -3314.52 4105.38 -3034.4
1.4 -8610.98 -2581.11 -1253.12 -3831.82 -1253.12 -2581.11
1.42 -12112.4 -1335.82 -3197.94 -2913.37 -3197.94 -1335.82
1.44 -16648.2 -1019.92 1245.96 -1712.92 1245.96 -1019.92
1.46 -21431.2 -578.757 4034 -1635.63 4034 -578.757
1.48 -25607.9 -548.79 4702.15 -2759.4 4702.15 -548.79
1.5 -29001.5 -1857.96 5245.54 -4219.04 5245.54 -1857.96
1.52 -32013.8 -2790.6 3648.04 -4719.17 3648.04 -2790.6
1.54 -34704 -1649.96 1242.7 -3149.22 1242.7 -1649.96
1.56 -36433.8 564.728 1815.83 -140.765 1815.83 564.728
1.58 -36548.9 1623.23 4570.86 1881.26 4570.86 1623.23
1.6 -35075.5 688.793 5616.31 1309.41 5616.31 688.793
1.62 -32767.7 -1078.14 3614.13 -740.909 3614.13 -1078.14
1.64 -30690.3 -2155.53 854.667 -1784.39 854.667 -2155.53
1.66 -29342.7 -1733.62 -244.691 -682.281 -244.691 -1733.62
1.68 -27958.9 88.2048 456.911 1406.05 456.911 88.2048
1.7 -24849.1 2055.97 1584.97 2459.86 1584.97 2055.97
1.72 -19015.5 2056.66 1916.05 1637.16 1916.05 2056.66
1.74 -11399.1 -222.807 801.549 28.923 801.549 -222.807
1.76 -3948.91 -1839.09 -1684.56 -366.938 -1684.56 -1839.09
1.78 2304.09 -621.646 -3962.83 1293.47 -3962.83 -621.646
1.8 7998.79 1984.64 -3996.41 3486.09 -3996.41 1984.64
1.82 14509.7 3400.36 -2072.47 3740.63 -2072.47 3400.36
1.84 22599.2 2766.83 -884.87 1426.22 -884.87 2766.83
1.86 31620.1 687.991 -1681.69 -1543.54 -1681.69 687.991
1.88 39797.8 -1430.92 -3181.87 -2799.74 -3181.87 -1430.92
1.9 45684.3 -1647.57 -4419.84 -1668.47 -4419.84 -1647.57
1.92 49283.3 348.06 -5211.63 560.739 -5211.63 348.06
1.94 51697.7 2454.99 -5144.02 1902.19 -5144.02 2454.99
1.96 53680.3 2444.34 -4551.58 1447.45 -4551.58 2444.34
1.98 54558.7 312.176 -4679.29 246.958 -4679.29 312.176
2 52626.6 -1779.44 -5695.82 241.628 -5695.82 -1779.44
2.02 46521.5 -2004.87 -6554.18 2189.62 -6554.18 -2004.87
2.04 36346.6 -493.923 -6521.74 4819.12 -6521.74 -493.923
2.06 23696.6 1394.45 -5816.13 6109.01 -5816.13 1394.45
2.08 10572.9 2145.96 -5147.7 5238.12 -5147.7 2145.96
2.1 -1998.51 953.934 -4760.34 3172.76 -4760.34 953.934
2.12 -14270.9 -1049.28 -4171.53 1581.72 -4171.53 -1049.28
2.14 -26759.9 -1656.77 -2849.32 1317.31 -2849.32 -1656.77
2.16 -39122.7 -390.662 -927.85 1662.66 -927.85 -390.662
2.18 -50142.1 999.94 1260.78 971.861 1260.78 999.94
2.2 -58483 1104.86 3218.79 -1629 3218.79 1104.86
2.22 -63419.1 3.19601 4172.9 -5198.14 4172.9 3.19601
2.24 -65423.9 -1942.25 4709.24 -7937.19 4709.24 -1942.25
2.26 -65812.4 -3688.63 6113.05 -8917.37 6113.05 -3688.63
2.28 -65478.6 -3811.71 7943.61 -8554.45 7943.61 -3811.71
2.3 -64240.9 -2651.66 9192.6 -7886.2 9192.6 -2651.66
2.32 -61460.4 -1874.86 10175.8 -7606.83 10175.8 -1874.86
2.34 -56998.7 -2140.99 10898.5 -7352.51 10898.5 -2140.99
2.36 -51511.7 -2795.76 10337.4 -6038.17 10337.4 -2795.76
2.38 -46078.9 -3007.91 9009.54 -3289.37 9009.54 -3007.91
2.4 -41478 -2288.55 8398.54 -210.935 8398.54 -2288.55
2.42 -37698.9 -995.909 7958.64 1556.68 7958.64 -995.909
2.44 -34197.5 -182.88 6547.88 1279.49 6547.88 -182.88
2.46 -30340.3 -90.9358 4425.44 -313.062 4425.44 -90.9358
2.48 -25770.2 -398.497 1784.35 -1668.87 1784.35 -398.497
2.5 -20728 -1074.17 -1253.13 -1771.85 -1253.13 -1074.17
2.52 -15675.7 -1248.09 -3575.19 -859.031 -3575.19 -1248.09
2.54 -10807.1 -410.494 -4611.47 153.646 -4611.47 -410.494
2.56 -5963.61 452.876 -5709.81 553.944 -5709.81 452.876
2.58 -878.042 553.899 -7950.08 373.508 -7950.08 553.899
2.6 4302.59 72.6361 -10043.2 441.57 -10043.2 72.6361
2.62 8713.44 -607.807 -10782.8 1557.51 -10782.8 -607.807
2.64 11029.3 -1290.11 -10775.9 3446.34 -10775.9 -1290.11
2.66 10652.1 -1006.87 -10648.1 4961.82 -10648.1 -1006.87
2.68 8318.7 383.764 -10234.2 5248.13 -10234.2 383.764
2.7 5317.14 1309.29 -9554.34 4313.22 -9554.34 1309.29
2.72 2535.2 957.142 -8922.32 2838.12 -8922.32 957.142
2.74 -11.6474 -99.3787 -7653.99 1621.58 -7653.99 -99.3787
2.76 -2613.4 -564.688 -5137.48 767.884 -5137.48 -564.688
2.78 -5047.25 -83.6552 -2636.03 -518.744 -2636.03 -83.6552
2.8 -6604.32 105.816 -1160.56 -3007.04 -1160.56 105.816
2.82 -6653.79 -603.641 447.186 -6346.37 447.186 -603.641
2.84 -5109.51 -1564 3512.06 -9117.88 3512.06 -1564
2.86 -2246.81 -2071.74 7671.71 -10087.3 7671.71 -2071.74
2.88 1797.15 -1782.43 12172.8 -9221.34 12172.8 -1782.43
2.9 7178.5 -731.723 16478 -7378.53 16478 -731.723
2.92 14181.3 509.86 19109 -5335.3 19109 509.86
2.94 22884.1 1104.98 19301.3 -3328.08 19301.3 1104.98
2.96 32909.5 954.44 19051.3 -1293.91 19051.3 954.44
2.98 43434.5 708.357 20466.2 690.509 20466.2 708.357
3 53635 959.692 22793.8 2248.47 22793.8 959.692
3.02 63239.1 1743.33 23873.6 3075.16 23873.6 1743.33
3.04 72358.6 2295.1 22551.8 3455.34 22551.8 2295.1
3.06 80799.3 2033.14 19143.9 4210 19143.9 2033.14
3.08 87823.7 1547.22 14983.1 6022.68 14983.1 1547.22
3.1 92882.4 2172.87 11838.4 8751.52 11838.4 2172.87
3.12 96282 4093.81 10550.1 11320.5 10550.1 4093.81
3.14 98606 5389.75 9650.02 12425.5 9650.02 5389.75
3.16 99899.8 4850.36 6611.75 11750.6 6611.75 4850.36
3.18 99704.6 3701.49 992.118 10497.3 992.118 3701.49
3.2 97533.8 3384.88 -4748.99 10152.1 -4748.99 3384.88
3.22 93158.8 3725.34 -8673.03 10710 -8673.03 3725.34
3.24 86653 3810.12 -11430.5 10714.7 -11430.5 3810.12
3.26 78380.1 3492 -13882.7 9052.7 -13882.7 3492
3.28 68560.7 2626.91 -16346.7 6139.38 -16346.7 2626.91
3.3 56956.8 1178.6 -19454.8 3389.08 -19454.8 1178.6
3.32 43492.9 482.519 -22895.9 2019.63 -22895.9 482.519
3.34 28808.9 1156.78 -25173.1 2066.64 -25173.1 1156.78
3.36 13770.2 1509.57 -25324.1 2079.91 -25324.1 1509.57
3.38 -1223.72 321.88 -23808.6 375.373 -23808.6 321.88
3.4 -16247.8 -1433.75 -21698.9 -3038.21 -21698.9 -1433.75
3.42 -31535.4 -2654.96 -19601.2 -6446.21 -19601.2 -2654.96
3.44 -47137 -3201.54 -17459.2 -8358.04 -17459.2 -3201.54
3.46 -62566.8 -3039.02 -14798.6 -8738.61 -14798.6 -3039.02
3.48 -76847.5 -2499.2 -11362.3 -8604.94 -11362.3 -2499.2
3.5 -89138.5 -2600.65 -7105.34 -9102.44 -7105.34 -2600.65
3.52 -99249.7 -3712.7 -2017.34 -10644.8 -2017.34 -3712.7
3.54 -107487 -4895.83 3397.19 -12477.8 3397.19 -4895.83
3.56 -113993 -4933.4 8379.67 -13322.6 8379.67 -4933.4
3.58 -118242 -3768.32 12295.3 -12593.2 12295.3 -3768.32
3.6 -119379 -2792.83 14880.1 -10834.9 14880.1 -2792.83
3.62 -117165 -3153.84 16852.8 -9032.33 16852.8 -3153.84
3.64 -112531 -4484.61 19362.9 -7663.89 19362.9 -4484.61
3.66 -106906 -5308.67 22414.3 -6427.27 22414.3 -5308.67
3.68 -100922 -4564.69 24804.2 -4737.62 24804.2 -4564.69
3.7 -94121.2 -2776.74 26064.9 -2372.79 26064.9 -2776.74
3.72 -85610.9 -995.053 26468.3 403.882 26468.3 -995.053
3.74 -74814.9 140.314 25515.8 3155.96 25515.8 140.314
3.76 -61830.6 441.077 23171.8 5393.19 23171.8 441.077
3.78 -47354.5 264.671 20640 6535.95 20640 264.671
3.8 -32279.8 242.443 18400.9 6200.18 18400.9 242.443
3.82 -16926.5 934.372 15297.7 4608.35 15297.7 934.372
3.84 -804.82 1931.27 10616.6 2532.57 10616.6 1931.27
3.86 16535.2 2019.13 5465.69 776.54 5465.69 2019.13
3.88 34487.6 770.177 728.623 -191.334 728.623 770.177
3.9 51317.1 -872.611 -3836 -238.113 -3836 -872.611
3.92 65022.9 -1727.52 -8254.98 468.38 -8254.98 -1727.52
3.94 74162.5 -1652.51 -12393.5 1497.05 -12393.5 -1652.51
3.96 78309.7 -909.608 -16468.6 2486.56 -16468.6 -909.608
3.98 77885.1 -16.6899 -20541.8 3460.53 -20541.8 -16.6899
4 73337.1 -23.808 -23819.9 4502.45 -23819.9 -23.808
4.02 64855.8 -702.126 -25218.6 5301.26 -25218.6 -702.126
4.04 52968.1 -613.534 -24786.2 5337.8 -24786.2 -613.534
4.06 39038.4 485.752 -23335.1 4238.17 -23335.1 485.752
4.08 24893.2 1322.89 -21131.7 1883.33 -21131.7 1322.89
4.1 12254.6 1441.46 -17941.1 -1378.11 -17941.1 1441.46
4.12 2637.45 1645.5 -13828.2 -4724.1 -13828.2 1645.5
4.14 -2853.47 1787.89 -9120.62 -7583.21 -9120.62 1787.89
4.16 -3890.38 1047.2 -3685.24 -10134.1 -3685.24 1047.2
4.18 -1146.23 -563.775 2593.8 -12641.5 2593.8 -563.775
4.2 4155 -1980.52 9131.51 -14652 9131.51 -1980.52
4.22 10953.6 -2558.81 15120.6 -15228.1 15120.6 -2558.81
4.24 18369.4 -2998.05 20578.4 -13748.4 20578.4 -2998.05
4.26 25531.8 -3239.25 26309 -10192 26309 -3239.25
4.28 31711.6 -2405.19 31829.7 -4912.41 31829.7 -2405.19
4.3 36237 -1173.03 35767.3 1316.34 35767.3 -1173.03
4.32 38271.8 -611.482 38058.6 7287.66 38058.6 -611.482
4.34 37353.7 383.469 39077.4 12065.5 39077.4 383.469
4.36 34215.3 2951.25 38444.6 15410.3 38444.6 2951.25
4.38 30783.2 5872.34 36293.2 17136.2 36293.2 5872.34
4.4 29814.5 8141.79 33342.4 16852.6 33342.4 8141.79
4.42 34199.8 9689.71 29463.6 14666 29463.6 9689.71
4.44 45623.7 9692.82 24869.2 11285.1 24869.2 9692.82
4.46 64032.1 8380.62 20286.3 7529.72 20286.3 8380.62
4.48 88325.6 7316.9 14933.3 4316.59 14933.3 7316.9
4.5 117138 7108.36 8074.1 2494.92 8074.1 7108.36
4.52 149181 7572.06 954.069 2394.33 954.069 7572.06
4.54 183032 8151.39 -5479.46 4001.38 -5479.46 8151.39
4.56 216394 7747.5 -11548.7 7230.13 -11548.7 7747.5
4.58 245916 6466.42 -17471 11697.2 -17471 6466.42
4.6 268272 5910.07 -23958.3 16700.2 -23958.3 5910.07
4.62 281226 6370.83 -31906.7 21380.5 -31906.7 6370.83
4.64 283589 6596.21 -40233.4 24732.3 -40233.4 6596.21
4.66 274768 6215.54 -46818.6 26008.6 -46818.6 6215.54
4.68 254462 5375.25 -51544.5 25178.4 -51544.5 5375.25
4.7 222213 3348.06 -55708.4 22530.8 -55708.4 3348.06
4.72 177341 295.607 -59757.9 18302.2 -59757.9 295.607
4.74 119772 -1934.71 -63377.3 13091.7 -63377.3 -1934.71
4.76 50876.9 -2428.84 -65769 7772.81 -65769 -2428.84
4.78 -26529 -2282.18 -65687.8 2602.52 -65687.8 -2282.18
4.8 -108722 -2584.72 -62805.6 -2822.7 -62805.6 -2584.72
4.82 -191643 -3383.55 -58433.9 -8630.26 -58433.9 -3383.55
4.84 -271847 -5080.43 -53835.3 -14366.3 -53835.3 -5080.43
4.86 -347507 -8359.87 -48858.1 -19511.6 -48858.1 -8359.87
4.88 -418411 -12394.6 -42668.2 -23753.8 -42668.2 -12394.6
4.9 -484977 -15506.8 -34915.6 -27011.1 -34915.6 -15506.8
4.92 -547242 -17328 -26212.9 -29573 -26212.9 -17328
4.94 -604528 -18665.3 -17579.2 -31803.4 -17579.2 -18665.3
4.96 -655663 -19764 -9570.71 -33439.5 -9570.71 -19764
4.98 -699289 -20255.3 -2291.3 -33743.2 -2291.3 -20255.3
5 -733920 -20118.9 4547.45 -32689 4547.45 -20118.9
5.02 -757593 -19304.5 11705.2 -31554.9 11705.2 -19304.5
5.04 -767386 -17390.7 19156.5 -31982.9 19156.5 -17390.7
5.06 -759221 -14252.3 25774.4 -34577 25774.4 -14252.3
5.08 -728426 -10660.3 31149.4 -38393.3 31149.4 -10660.3
5.1 -671001 -7502.79 36376.3 -41555.5 36376.3 -7502.79
5.12 -584596 -4469.95 42410.8 -42371.8 42410.8 -4469.95
5.14 -468564 -639.8 48683.1 -40189.5 48683.1 -639.8
5.16 -323232 4540.73 54137.4 -35423.2 54137.4 4540.73
5.18 -149480 10663.7 58199.1 -28756.1 58199.1 10663.7
5.2 50450.8 16079.9 60671.2 -20369.9 60671.2 16079.9
5.22 271218 18561.4 61458.1 -10015.2 61458.1 18561.4
5.24 503248 17387.2 60842.6 2385.02 60842.6 17387.2
5.26 733640 14836 59552.2 16477 59552.2 14836
5.28 948301 13442.6 57109.9 31682.6 57109.9 13442.6
5.3 1.13427e+06 14016.5 51221 47534.8 51221 14016.5
5.32 1.28132e+06 16338.2 40154.2 64004.8 40154.2 16338.2
5.34 1.38233e+06 19626.5 24909.2 81210.7 24909.2 19626.5
5.36 1.43313e+06 23201.4 7864.79 98299.4 7864.79 23201.4
5.38 1.43286e+06 26892.8 -9267.51 112805 -9267.51 26892.8
5.4 1.38448e+06 30895.8 -25863.9 121520 -25863.9 30895.8
5.42 1.29428e+06 34678.3 -42187.9 122126 -42187.9 34678.3
5.44 1.17105e+06 36250.5 -58081.5 114270 -58081.5 36250.5
5.46 1.02484e+06 33590.2 -72628.9 99645.2 -72628.9 33590.2
5.48 863655 26983.4 -84280 81166.4 -84280 26983.4
5.5 692121 18964.4 -90839.6 61583.2 -90839.6 18964.4
5.52 512500 12173.8 -91292.5 42450.4 -91292.5 12173.8
5.54 327004 7901.39 -85991.6 24351 -85991.6 7901.39
5.56 140552 6333.8 -74844.9 7834.92 -74844.9 6333.8
5.58 -39305.6 6412.04 -57337.9 -6461.57 -57337.9 6412.04
5.6 -205060 5492.4 -35955.3 -18880.2 -35955.3 5492.4
5.62 -351368 2038.07 -15760.8 -31256 -15760.8 2038.07
5.64 -475220 -3307.28 1621.66 -45678.5 1621.66 -3307.28
5.66 -575014 -9368.28 16709.7 -62751.7 16709.7 -9368.28
5.68 -650043 -15754 28734.5 -80867.1 28734.5 -15754
5.7 -701351 -22900.2 38038.5 -96661.8 38038.5 -22900.2
5.72 -732571 -30251 45582.3 -106219 45582.3 -30251
5.74 -749706 -35966.5 50096.8 -106465 50096.8 -35966.5
5.76 -759422 -37909.9 49375.1 -96230.7 49375.1 -37909.9
5.78 -766958 -35132.9 42831.9 -76637.4 42831.9 -35132.9
5.8 -774946 -28745.5 30945 -50867.3 30945 -28745.5
5.82 -783484 -21069.7 15058.9 -23325.7 15058.9 -21069.7
5.84 -791242 -14557.7 -2766.6 1653.55 -2766.6 -14557.7
5.86 -796126 -10138.7 -22490.4 21065.5 -22490.4 -10138.7
5.88 -795285 -7216.51 -44998.6 33880.6 -44998.6 -7216.51
5.9 -785211 -4886.25 -68647.3 40800.2 -68647.3 -4886.25
5.92 -761257 -1083.65 -90517.3 43550.8 -90517.3 -1083.65
5.94 -716394 6437.8 -109263 44107 -109263 6437.8
5.96 -641254 16590.2 -123468 43615.4 -123468 16590.2
5.98 -527109 25228 -129339 41684.5 -129339 25228
6 -370836 27744.2 -125742 37029.8 -125742 27744.2
6.02 -178625 21442.1 -116838 28627.5 -116838 21442.1
6.04 34706.6 8522.78 -105509 16332.6 -105509 8522.78
6.06 251232 -3112.73 -88142.9 1388.44 -88142.9 -3112.73
6.08 456809 -6992.47 -63446.8 -13408.7 -63446.8 -6992.47
6.1 644913 -4515.53 -37811.1 -24706.8 -37811.1 -4515.53
6.12 815736 -657.896 -13895.9 -29721.8 -13895.9 -657.896
6.14 971147 761.683 13323 -26897 13323 761.683
6.16 1.10991e+06 -633.104 48429.5 -17094.5 48429.5 -633.104
6.18 1.22807e+06 -1025.09 89254 -4264.35 89254 -1025.09
6.2 1.32252e+06 2692.18 132533 6083.3 132533 2692.18
6.22 1.392e+06 7341.48 175585 9573.44 175585 7341.48
6.24 1.43426e+06 6432.98 212293 5323.01 212293 6432.98
6.26 1.44235e+06 -2154.29 240115 -3162.51 240115 -2154.29
6.28 1.40285e+06 -14175.5 262181 -10360.5 262181 -14175.5
6.3 1.29724e+06 -22980.5 282095 -13178.5 282095 -22980.5
6.32 1.1198e+06 -24935.2 301851 -12608.3 301851 -24935.2
6.34 897481 -21438.1 316540 -10853.5 316540 -21438.1
6.36 653433 -16472.2 315623 -7674.88 315623 -16472.2
6.38 395464 -12532.4 301906 -207.446 301906 -12532.4
6.4 136319 -9014.05 287701 13410 287701 -9014.05
6.42 -113113 -4378.84 271674 30468.7 271674 -4378.84
6.44 -345110 924.818 247155 44283.9 247155 924.818
6.46 -557810 4897.02 215233 49090 215233 4897.02
6.48 -745801 6937.34 176664 45035.7 176664 6937.34
6.5 -904540 7742.43 131990 38246.4 131990 7742.43
6.52 -1.03333e+06 8166.99 87334.9 35768.4 87334.9 8166.99
6.54 -1.12909e+06 8976.94 47607.9 40544.7 47607.9 8976.94
6.56 -1.18893e+06 9955.78 10553.6 50722.8 10553.6 9955.78
6.58 -1.21045e+06 10705.3 -29543.1 62837.4 -29543.1 10705.3
6.6 -1.19444e+06 11472.5 -74804 75288 -74804 11472.5
6.62 -1.14505e+06 12129.2 -120536 88511.9 -120536 12129.2
6.64 -1.06777e+06 12024 -161061 101254 -161061 12024
6.66 -968514 10932.4 -193820 107592 -193820 10932.4
6.68 -854856 8326.63 -216362 99643.4 -216362 8326.63
6.7 -735641 3432.1 -228222 73785.6 -228222 3432.1
6.72 -616496 -1579.72 -234537 34700.4 -234537 -1579.72
6.74 -494387 -2053.87 -235248 -6631.99 -235248 -2053.87
6.76 -363645 3190.45 -226099 -40333 -226099 3190.45
6.78 -221015 10425.6 -212365 -62967 -212365 10425.6
6.8 -69285.6 16037.8 -198729 -76017.3 -198729 16037.8
6.82 87946.7 18487.9 -183715 -81956.8 -183715 18487.9
6.84 251451 16563.2 -169385 -82814.6 -169385 16563.2
6.86 426838 10142.3 -159735 -80130.6 -159735 10142.3
6.88 605053 2238.94 -152999 -74197.8 -152999 2238.94
6.9 772681 -3084.09 -139825 -64795.8 -139825 -3084.09
6.92 926119 -4546.28 -110472 -54830.8 -110472 -4546.28
6.94 1.0603e+06 -4944.37 -68340.7 -50770.7 -68340.7 -4944.37
6.96 1.17082e+06 -9781.07 -24810.5 -54976.5 -24810.5 -9781.07
6.98 1.24888e+06 -20435.9 19093.4 -59305 19093.4 -20435.9
7 1.28429e+06 -27666.2 67892.8 -51603.3 67892.8 -27666.2
7.02 1.27062e+06 -20153.9 116434 -28305.7 116434 -20153.9
7.04 1.20946e+06 -602.139 154927 2746.86 154927 -602.139
7.06 1.10757e+06 16724.8 179263 31074.9 179263 16724.8
7.08 972414 23447.1 188851 51863.2 188851 23447.1
7.1 808297 22872.1 185406 65417.8 185406 22872.1
7.12 619189 21390.3 175464 71423 175464 21390.3
7.14 415866 20586.5 164751 66431.7 164751 20586.5
7.16 216777 17436.9 153016 47673 153016 17436.9
7.18 37481.6 9020.55 139532 18866.5 139532 9020.55
7.2 -118602 -3551.86 127736 -8663.38 127736 -3551.86
7.22 -250754 -14722 120760 -21967.3 120760 -14722
7.24 -362845 -18498 115944 -14483.5 115944 -18498
7.26 -463799 -13241.2 106577 11394.8 106577 -13241.2
7.28 -560359 -2712.92 88213.3 48126 88213.3 -2712.92
7.3 -658406 7852.3 61050.8 87340.8 61050.8 7852.3
7.32 -760533 15676.3 27471.6 120985 27471.6 15676.3
7.34 -866473 19603.4 -9499.92 141218 -9499.92 19603.4
7.36 -971500 18945.1 -46996.1 141427 -46996.1 18945.1
7.38 -1.06605e+06 14164.2 -83751.1 118107 -83751.1 14164.2
7.4 -1.13689e+06 5960.74 -118872 72475.9 -118872 5960.74
7.42 -1.17042e+06 -5378.02 -148963 11249.7 -148963 -5378.02
7.44 -1.15643e+06 -17937 -168615 -54154 -168615 -17937
7.46 -1.08999e+06 -27097.8 -174203 -110793 -174203 -27097.8
7.48 -971499 -29151.7 -166180 -148730 -166180 -29151.7
7.5 -806150 -24863.4 -148845 -163865 -148845 -24863.4
7.52 -603356 -17549.9 -128548 -157217 -128548 -17549.9
7.54 -375187 -9951.11 -109598 -132593 -109598 -9951.11
7.56 -135108 -3112.63 -92233.5 -95665.1 -92233.5 -3112.63
7.58 103807 2728.93 -74800.3 -54273.3 -74800.3 2728.93
7.6 331913 6252.87 -56114.3 -17515.3 -56114.3 6252.87
7.62 543055 5219.81 -36205.8 7179.86 -36205.8 5219.81
7.64 732297 -1182.92 -15652.8 17280.3 -15652.8 -1182.92
7.66 894108 -10383.6 5889.53 16214.5 5889.53 -10383.6
7.68 1.02191e+06 -17832.1 30172.3 11145.8 30172.3 -17832.1
7.7 1.10888e+06 -20403.3 58456.4 8861.32 58456.4 -20403.3
7.72 1.1494e+06 -17520.2 89200.6 12766.8 89200.6 -17520.2
7.74 1.14041e+06 -10046.4 118385 22810.3 118385 -10046.4
7.76 1.08184e+06 846.483 141496 37440.9 141496 846.483
7.78 976676 13324.1 155148 55163.2 155148 13324.1
7.8 831327 24532.1 158373 74104.5 158373 24532.1
7.82 655474 31567.3 152801 90750.1 152801 31567.3
7.84 460021 31771.8 141705 100307 141705 31771.8
7.86 254725 24706.6 128897 99040.8 128897 24706.6
7.88 47716.8 13910.9 116751 86594.3 116751 13910.9
7.9 -154097 3515.98 104898 66365 104898 3515.98
7.92 -345537 -5330.98 91723.3 43868.9 91723.3 -5330.98
7.94 -523189 -12911.3 76435.9 24391.5 76435.9 -12911.3
7.96 -686243 -17643.5 59776.9 11108.1 59776.9 -17643.5
7.98 -835545 -17454.6 43490.1 4177.79 43490.1 -17454.6
8 -970688 -12790.8 28049.6 1145.82 28049.6 -12790.8
8.02 -1.08832e+06 -6023.36 11138.7 -1341.95 11138.7 -6023.36
8.04 -1.18209e+06 43.5601 -10378 -5722.07 -10378 43.5601
8.06 -1.24497e+06 2983.74 -37173.6 -13118.6 -37173.6 2983.74
8.08 -1.2712e+06 1749.23 -66293 -24189.9 -66293 1749.23
8.1 -1.25649e+06 -2566.98 -92915.8 -39697.5 -92915.8 -2566.98
8.12 -1.19765e+06 -7926.93 -113374 -59898 -113374 -7926.93
8.14 -1.09265e+06 -13423.6 -126977 -83144.3 -126977 -13423.6
8.16 -941243 -18427.5 -134398 -104779 -134398 -18427.5
8.18 -746250 -21161.7 -134886 -117705 -134886 -21161.7
8.2 -514401 -19737.6 -127105 -115341 -127105 -19737.6
8.22 -255970 -13498.7 -112300 -95218.5 -112300 -13498.7
8.24 16685.9 -3403.47 -94057.9 -60174.5 -94057.9 -3403.47
8.26 290648 8479.94 -75738 -16508.8 -75738 8479.94
8.28 553713 19772.3 -59971.4 28765.6 -59971.4 19772.3
8.3 795041 28392.2 -48160.3 69557.8 -48160.3 28392.2
8.32 1.00593e+06 33025.3 -38960.6 100974 -38960.6 33025.3
8.34 1.18034e+06 33201.9 -29093.9 119227 -29093.9 33201.9
8.36 1.31481e+06 29578.2 -15889.7 122306 -15889.7 29578.2
8.38 1.40827e+06 23601.7 1844.24 111449 1844.24 23601.7
8.4 1.46185e+06 16838.9 24176.9 91902.9 24176.9 16838.9
8.42 1.47848e+06 11413.1 49953.6 71588.9 49953.6 11413.1
8.44 1.46014e+06 9492.56 76726.5 57917.1 76726.5 9492.56
8.46 1.40834e+06 11628.1 101228 54543.8 101228 11628.1
8.48 1.32402e+06 16258.2 120390 60279.4 120390 16258.2
8.5 1.20583e+06 20934.9 132378 70709.5 132378 20934.9
8.52 1.05194e+06 23933.9 136928 80671.8 136928 23933.9
8.54 862233 24483 135308 85713.5 135308 24483
8.56 640649 22220.2 129650 82538 129650 22220.2
8.58 395687 16947.4 121124 69215.6 121124 16947.4
8.6 139080 8634.83 109337 45504.1 109337 8634.83
8.62 -116632 -2079.22 94284.4 13463.5 94284.4 -2079.22
8.64 -359640 -13504.1 77464.8 -22020.5 77464.8 -13504.1
8.66 -580262 -23204.6 60555.9 -54047.6 60555.9 -23204.6
8.68 -772218 -28950.9 44184.8 -76179.2 44184.8 -28950.9
8.7 -932622 -29583.3 27912 -84947.3 27912 -29583.3
8.72 -1.06107e+06 -25335.5 10812.9 -80708.2 10812.9 -25335.5
8.74 -1.15858e+06 -18100.7 -8205.91 -66920.3 -8205.91 -18100.7
8.76 -1.22692e+06 -10556.4 -30101 -48843.2 -30101 -10556.4
8.78 -1.26804e+06 -4792.32 -54589.9 -32235.5 -54589.9 -4792.32
8.8 -1.2828e+06 -1924.62 -79604.1 -22180.4 -79604.1 -1924.62
8.82 -1.26961e+06 -2016.85 -102484 -21815.5 -102484 -2016.85
8.84 -1.22452e+06 -4674.79 -121142 -30988.4 -121142 -4674.79
8.86 -1.14225e+06 -9408.9 -133637 -45815.5 -133637 -9408.9
8.88 -1.01824e+06 -14655.7 -138647 -59883.9 -138647 -14655.7
8.9 -851375 -17766 -136693 -66475.7 -136693 -17766
8.92 -645684 -16531 -128784 -60858.7 -128784 -16531
8.94 -410188 -10563.3 -114999 -41968 -114999 -10563.3
8.96 -157251 -1339.8 -95936.7 -12720.7 -95936.7 -1339.8
8.98 98959.3 8685.73 -74348.9 21156.6 -74348.9 8685.73
9 343669 17017.1 -53818.4 52771.3 -53818.4 17017.1
9.02 564020 22333.9 -36508.4 75534.9 -36508.4 22333.9
9.04 751652 24612.2 -21771 84815.1 -21771 24612.2
9.06 903776 23734.2 -6327.06 79472.4 -6327.06 23734.2
9.08 1.02199e+06 18809.5 13308.9 62196.7 13308.9 18809.5
9.1 1.10925e+06 10036.6 38725.2 38590.1 38725.2 10036.6
9.12 1.16768e+06 520.199 67387.8 15845.9 67387.8 520.199
9.14 1.19812e+06 -5334.8 93268 1081.62 93268 -5334.8
9.16 1.20137e+06 -4308.44 113024 -900.986 113024 -4308.44
9.18 1.17936e+06 4075.22 128930 10449.9 128930 4075.22
9.2 1.13492e+06 16417.9 143849 30964.6 143849 16417.9
9.22 1.06962e+06 26508.9 156816 53163.6 156816 26508.9
9.24 981725 28819.1 165431 69197.9 165431 28819.1
9.26 866928 23372.5 168869 74099 168869 23372.5
9.28 722744 16283.3 166828 67457.5 166828 16283.3
9.3 552963 11961.8 158240 52155.7 158240 11961.8
9.32 367482 7921.15 143443 31519.1 143443 7921.15
9.34 177612 64.6279 125850 8434.02 125850 64.6279
9.36 -7692.36 -10667 108239 -13099.5 108239 -10667
9.38 -183166 -19238.9 90692.5 -27717.1 90692.5 -19238.9
9.4 -345950 -21084.9 73885.3 -31355.3 73885.3 -21084.9
9.42 -492965 -15096.2 58925.3 -23833 58925.3 -15096.2
9.44 -620366 -4861.47 43764.9 -8892.19 43764.9 -4861.47
9.46 -724624 4123.29 25382.6 7682.93 25382.6 4123.29
9.48 -803811 9125.26 4020.79 20392.7 4020.79 9125.26
9.5 -857249 10864.9 -18370.9 25446.5 -18370.9 10864.9
9.52 -883846 10494 -40700.1 20771.6 -40700.1 10494
9.54 -881308 7289.43 -61789.3 5898.68 -61789.3 7289.43
9.56 -846592 837.036 -79420.3 -17070.1 -79420.3 837.036
9.58 -777040 -6996.25 -91498.5 -42671.3 -91498.5 -6996.25
9.6 -671800 -13639.7 -97353.7 -63485.2 -97353.7 -13639.7
9.62 -533146 -17462.1 -97468.8 -73170 -97468.8 -17462.1
9.64 -367577 -18023.5 -92437.7 -68834.9 -92437.7 -18023.5
9.66 -185519 -15185.6 -83125.1 -51609.7 -83125.1 -15185.6
9.68 518.053 -9319.65 -71328.1 -25707.9 -71328.1 -9319.65
9.7 178447 -1627.1 -58935.1 3228.06 -58935.1 -1627.1
9.72 338564 6183.96 -46725.9 29645.5 -46725.9 6183.96
9.74 474379 11698 -34723.8 48944.2 -34723.8 11698
9.76 582165 12627.5 -22497.8 57996.8 -22497.8 12627.5
9.78 660079 8715.75 -8599.94 55854.4 -8599.94 8715.75
9.8 707926 2511.12 8624.15 44273.4 8624.15 2511.12
9.82 727448 -2563.08 28864.4 27330.5 28864.4 -2563.08
9.84 722356 -4950.82 49183.1 10213.9 49183.1 -4950.82
9.86 697120 -5240.35 66653.7 -2143.48 66653.7 -5240.35
9.88 654831 -4436.07 80941.2 -6307.93 80941.2 -4436.07
9.9 595961 -2554.94 93506.7 -1446.25 93506.7 -2554.94
9.92 519437 1085 105369 10207.6 105369 1085
9.94 424992 6188.73 116105 24172.1 116105 6188.73
9.96 314775 10935.2 123803 35720.1 123803 10935.2
9.98 193189 12882.5 126045 41912.2 126045 12882.5
10 65416.3 10371.2 122543 42205 122543 10371.2
10.02 -63608.9 4445.18 116095 37482.8 116095 4445.18
10.04 -189155 -1890.05 109760 28824.2 109760 -1890.05
10.06 -306131 -6361.79 103982 17176.2 103982 -6361.79
10.08 -408908 -8603.35 96920.6 4039.24 96920.6 -8603.35
10.1 -492548 -9187.04 86906.9 -7850.44 86906.9 -9187.04
10.12 -554129 -8299.55 74186.3 -15227.9 74186.3 -8299.55
10.14 -593042 -6029.14 60080.9 -16467.5 60080.9 -6029.14
10.16 -609869 -2359.45 45763.6 -13222.1 45763.6 -2359.45
10.18 -604857 2069.51 31731.3 -9604.2 31731.3 2069.51
10.2 -577792 5019.18 16970.1 -9440.8 16970.1 5019.18
10.22 -529086 4320.22 -170.866 -13749.3 -170.866 4320.22
10.24 -460578 433.396 -19461.3 -20202.1 -19461.3 433.396
10.26 -375204 -4173.4 -38074.5 -25084.1 -38074.5 -4173.4
10.28 -276449 -7717.23 -52844 -26144.3 -52844 -7717.23
10.3 -167851 -9362.65 -62645.5 -23437.1 -62645.5 -9362.65
10.32 -52717 -8637.33 -68277 -17601.4 -68277 -8637.33
10.34 65733.5 -5646.79 -70828.7 -8330.55 -70828.7 -5646.79
10.36 184002 -784.512 -70237.3 5062.17 -70237.3 -784.512
10.38 298245 5615.58 -65812.9 22014.1 -65812.9 5615.58
10.4 404542 12426.1 -57903.8 39676.6 -57903.8 12426.1
10.42 499265 17657 -47763 53420.6 -47763 17657
10.44 579132 19470.8 -36886 59062.9 -36886 19470.8
10.46 641090 17121.1 -26138.1 55322.4 -26138.1 17121.1
10.48 682437 11735.4 -14594.1 44344.2 -14594.1 11735.4
10.5 701206 5595.74 -544.363 30000.5 -544.363 5595.74
10.52 697042 769.533 16388.1 15734.4 16388.1 769.533
10.54 671906 -1829.21 35140.8 3710.17 35140.8 -1829.21
10.56 629518 -2609.1 55046.9 -4613.08 55046.9 -2609.1
10.58 573634 -2417.19 76028.3 -7768.53 76028.3 -2417.19
10.6 506475 -1533.94 97199.9 -4607.42 97199.9 -1533.94
10.62 428511 371.818 116845 4470.57 116845 371.818
10.64 339453 3306.53 132777 16723.5 132777 3306.53
10.66 239668 6547.97 142265 27885.1 142265 6547.97
10.68 131106 8671.08 143267 34178.1 143267 8671.08
10.7 16996.2 7897.45 136929 33835.2 136929 7897.45
10.72 -99034 3749.31 127007 27193.7 127007 3749.31
10.74 -213404 -2037.9 115953 15944.6 115953 -2037.9
10.76 -322314 -6967.53 103525 2391.91 103525 -6967.53
10.78 -420691 -9680.81 88965.1 -10871.5 88965.1 -9680.81
10.8 -503209 -10372.8 72258.2 -20941.1 72258.2 -10372.8
10.82 -566098 -9890.72 53496.2 -24905.8 53496.2 -9890.72
10.84 -607946 -8691.33 33254.2 -21028 33254.2 -8691.33
10.86 -629652 -6281.83 13098.5 -10075.4 13098.5 -6281.83
10.88 -632870 -1866.65 -6350.45 4608.29 -6350.45 -1866.65
10.9 -618476 4009.28 -26542.2 18605.8 -26542.2 4009.28
10.92 -586037 9018.44 -47809.9 28336.4 -47809.9 9018.44
10.94 -534984 10514.8 -67439.2 32036.5 -67439.2 10514.8
10.96 -466126 7909.57 -82543.9 29517.5 -82543.9 7909.57
10.98 -382056 2971.24 -92540.3 21451.8 -92540.3 2971.24
11 -286468 -2319.08 -98389.6 9034.39 -98389.6 -2319.08
11.02 -183001 -6306.66 -100824 -5642.71 -100824 -6306.66
11.04 -74419 -7610.33 -99818.4 -19127.3 -99818.4 -7610.33
11.06 37325.5 -6133.67 -94819.2 -27397.3 -94819.2 -6133.67
11.08 150431 -2992.08 -85122.4 -27930.6 -85122.4 -2992.08
11.1 262423 687.913 -70413.6 -21197 -70413.6 687.913
11.12 369842 4174.83 -51629.5 -10273.8 -51629.5 4174.83
11.14 468983 7018.56 -31332.7 871.545 -31332.7 7018.56
11.16 557080 9259.77 -11233 9187.82 -11233 9259.77
11.18 632603 10611.6 9655.96 13378.4 9655.96 10611.6
11.2 694389 10058.4 32405.5 13533.6 32405.5 10058.4
11.22 740746 6989.72 56086.8 10523.2 56086.8 6989.72
11.24 769221 2097.6 79591.3 5919.71 79591.3 2097.6
11.26 776972 -2493.57 102711 2030.97 102711 -2493.57
11.28 761862 -4106.43 124165 1469.14 124165 -4106.43
11.3 724210 -1118.83 141351 6258.17 141351 -1118.83
11.32 667508 5365.6 153276 16783.9 153276 5365.6
11.34 596755 11896 161145 31232.9 161145 11896
11.36 515768 15422.4 165310 46215.7 165310 15422.4
11.38 425870 15270.4 164377 58218.8 164377 15270.4
11.4 326926 12921.5 157873 64743.3 157873 12921.5
11.42 219286 10057.1 147346 64729.6 147346 10057.1
11.44 104950 7531.03 134129 58716.9 134129 7531.03
11.46 -11976.8 5691.93 118555 48822 118555 5691.93
11.48 -126201 3716.25 102166 37970.7 102166 3716.25
11.5 -234151 73.9963 86507.6 28542.7 86507.6 73.9963
11.52 -334829 -4328.57 69436.6 21753.2 69436.6 -4328.57
11.54 -427135 -5461.38 47962.4 18051.1 47962.4 -5461.38
11.56 -507798 -1804.62 23466.1 17043.9 23466.1 -1804.62
11.58 -572602 2585.16 -997.978 16824.7 -997.978 2585.16
11.6 -618806 3736.68 -25807.6 14689.9 -25807.6 3736.68
11.62 -645917 1531.97 -51896.9 8982.99 -51896.9 1531.97
11.64 -654916 -2261.07 -76622.4 -538.724 -76622.4 -2261.07
11.66 -646557 -5588.14 -97107.2 -13528.6 -97107.2 -5588.14
11.68 -619853 -6966.69 -112499 -28922.4 -112499 -6966.69
11.7 -572199 -6932.52 -121700 -44483.4 -121700 -6932.52
11.72 -501330 -7416.33 -123712 -57404.6 -123712 -7416.33
11.74 -407225 -8684.02 -119917 -65072 -119917 -8684.02
11.76 -292564 -8822.29 -113230 -65359.9 -113230 -8822.29
11.78 -161756 -6056.07 -105153 -57355.6 -105153 -6056.07
11.8 -19376.7 -687.897 -95346.7 -42305.9 -95346.7 -687.897
11.82 129755 4912.44 -82981.9 -23470.4 -82981.9 4912.44
11.84 279949 8470.7 -67397.5 -4736.52 -67397.5 8470.7
11.86 425115 9733.68 -48681.5 10913.1 -48681.5 9733.68
11.88 559340 9788.35 -27900.4 22039.2 -27900.4 9788.35
11.9 677639 9439.11 -6152.36 28413.5 -6152.36 9439.11
11.92 776604 9079.87 16766.9 30612 16766.9 9079.87
11.94 854585 8816.15 42309.2 30023.6 42309.2 8816.15
11.96 911091 8328.82 71045.6 28741.6 71045.6 8328.82
11.98 945682 7773.2 101000 29125.5 101000 7773.2
12 957759 8606.66 128343 33394.1 128343 8606.66
12.02 947236 12030.3 150385 42950.4 150385 12030.3
12.04 914836 17089.6 167061 57191.2 167061 17089.6
12.06 861646 21362.8 178969 72921 178969 21362.8
12.08 788565 22878 186504 85381.2 186504 22878
12.1 696449 21067.2 189881 90207.8 189881 21067.2
12.12 586827 16450.7 188813 85098.4 188813 16450.7
12.14 462515 10098.7 183204 70625.5 183204 10098.7
12.16 327377 3364.34 174214 49937.7 174214 3364.34
12.18 184695 -2724.8 163442 27371.2 163442 -2724.8
12.2 38759.7 -7947.66 151265 6802.84 151265 -7947.66
12.22 -106340 -12148.3 137512 -9082.69 137512 -12148.3
12.24 -248416 -14244.1 121492 -18477.9 121492 -14244.1
12.26 -385007 -12924.5 101652 -20313.9 101652 -12924.5
12.28 -512440 -8376 77017.3 -15159 77017.3 -8376
12.3 -625337 -2489.76 47609 -6104.87 47609 -2489.76
12.32 -717676 2369.06 14432.6 2008.67 14432.6 2369.06
12.34 -784080 4328.7 -19627 4775.1 -19627 4328.7
12.36 -820986 2419.82 -50567.1 -11.839 -50567.1 2419.82
12.38 -827170 -2823.78 -75994.6 -11929.7 -75994.6 -2823.78
12.4 -803472 -9279.01 -95974.1 -28300.8 -95974.1 -9279.01
12.42 -751976 -14586.2 -111265 -44907.4 -111265 -14586.2
12.44 -675515 -17508.2 -121931 -57153.5 -121931 -17508.2
12.46 -577853 -17855.7 -127115 -61447.6 -127115 -17855.7
12.48 -464154 -15807.7 -126151 -56198.4 -126151 -15807.7
12.5 -340999 -11944.8 -120270 -42148 -120270 -11944.8
12.52 -215616 -7129.78 -111874 -22073.1 -111874 -7129.78
12.54 -94106.6 -1892.26 -102554 96.3451 -102554 -1892.26
12.56 19067.9 3366.74 -92874.4 20338.7 -92874.4 3366.74
12.58 121307 7551.56 -82431.6 35176.4 -82431.6 7551.56
12.6 212630 9549.41 -69482.4 41994.9 -69482.4 9549.41
12.62 294702 9389.87 -52163 39634.3 -52163 9389.87
12.64 369393 7652.87 -30790.4 29101.3 -30790.4 7652.87
12.66 437720 5015.33 -6954.22 13691.6 -6954.22 5015.33
12.68 499747 2703.14 19191.3 -1787.8 19191.3 2703.14
12.7 555525 2581.46 47907.7 -12525.9 47907.7 2581.46
12.72 605720 5598.89 77969.3 -15328.5 77969.3 5598.89
12.74 650687 10002.8 107570 -9483.33 107570 10002.8
12.76 688395 12812.9 135515 3584.5 135515 12812.9
12.78 713535 13138.4 159106 21374.3 159106 13138.4
12.8 719240 12567.1 173625 40990.9 173625 12567.1
12.82 699897 12172.4 177314 59021.4 177314 12172.4
12.84 653242 11712.7 173218 71675 173218 11712.7
12.86 581119 10775.3 164956 76093.2 164956 10775.3
12.88 488030 8447.13 153860 71725.4 153860 8447.13
12.9 377769 4832.66 140883 60520.8 140883 4832.66
12.92 255808 2469.51 127183 46254.6 127183 2469.51
12.94 129317 3045.32 111603 33198.2 111603 3045.32
12.96 4402.76 5190.9 91912.3 24396.1 91912.3 5190.9
12.98 -113601 7310.62 68616.4 20920.3 68616.4 7310.62
13 -220752 9473.64 44170.3 22252.3 44170.3 9473.64
13.02 -314150 11664.6 18984.5 26452.1 18984.5 11664.6
13.04 -392018 12702.2 -8471.88 30423.6 -8471.88 12702.2
13.06 -453653 11151.9 -37657 31232 -37657 11151.9
13.08 -499482 6688.62 -65108.5 27257.7 -65108.5 6688.62
13.1 -530391 766.032 -87961.6 18007 -87961.6 766.032
13.12 -546659 -4847.71 -105311 3631.83 -105311 -4847.71
13.14 -547544 -9488.39 -116580 -14756.9 -116580 -9488.39
13.16 -532041 -12941 -121484 -34461.2 -121484 -12941
13.18 -500159 -15047.6 -121507 -51389.3 -121507 -15047.6
13.2 -453702 -15821.9 -119184 -61561.8 -119184 -15821.9
13.22 -395918 -14687.3 -115072 -63007 -115072 -14687.3
13.24 -330134 -10944.9 -108270 -56597 -108270 -10944.9
13.26 -257731 -4947.55 -99164.1 -45370.3 -99164.1 -4947.55
13.28 -178022 1967.77 -88450.3 -32921.7 -88450.3 1967.77
13.3 -88483.8 8035.52 -75229.2 -21959.9 -75229.2 8035.52
13.32 14577.3 11671.5 -57863.9 -13950.6 -57863.9 11671.5
13.34 133161 11816.3 -35587 -9583.83 -35587 11816.3
13.36 265668 8783.54 -8449.94 -8940.86 -8449.94 8783.54
13.38 406871 4545.47 22978.3 -10959.3 22978.3 4545.47
13.4 549563 1579.67 57162.5 -13017.4 57162.5 1579.67
13.42 686238 1319.32 91725.6 -11407.1 91725.6 1319.32
13.44 809436 3272.38 123898 -2649.13 123898 3272.38
13.46 911166 5822.43 151083 14869 151083 5822.43
13.48 982740 8076.91 172190 39750.5 172190 8076.91
13.5 1.0163e+06 10991 187036 67773 187036 10991
13.52 1.00757e+06 15716 194121 93400.5 194121 15716
13.54 957666 21103.2 191913 111687 191913 21103.2
13.56 872361 24100.8 181724 119716 181724 24100.8
13.58 759196 22320 167082 117155 167082 22320
13.6 623943 16214.4 151179 105765 151179 16214.4
13.62 470209 8823.32 135965 88309.7 135965 8823.32
13.64 301678 3306.8 121335 67774.5 121335 3306.8
13.66 122536 833.566 104034 47323.5 104034 833.566
13.68 -62255.7 37.1444 81115.1 30286.9 81115.1 37.1444
13.7 -247289 -1027 54244.6 19243.3 54244.6 -1027
13.72 -427707 -2462.94 27595.8 14423.6 27595.8 -2462.94
13.74 -599130 -3254.09 2874.67 12851.4 2874.67 -3254.09
13.76 -757499 -3876.44 -21586.1 9434.36 -21586.1 -3876.44
13.78 -899202 -6549.27 -47407.4 -259.044 -47407.4 -6549.27
13.8 -1.02145e+06 -12310.7 -74518.5 -17438.1 -74518.5 -12310.7
13.82 -1.12201e+06 -19563.3 -101539 -39875.1 -101539 -19563.3
13.84 -1.19852e+06 -25914.7 -125225 -64128 -125225 -25914.7
13.86 -1.24816e+06 -30325.9 -142001 -87732.1 -142001 -30325.9
13.88 -1.26799e+06 -32936.9 -151045 -109059 -151045 -32936.9
13.9 -1.25559e+06 -33454.6 -154619 -125506 -154619 -33454.6
13.92 -1.20912e+06 -30715.7 -155424 -132792 -155424 -30715.7
13.94 -1.12712e+06 -23766.5 -154199 -126873 -154199 -23766.5
13.96 -1.00841e+06 -13147.4 -149688 -107008 -149688 -13147.4
13.98 -852154 -1711.24 -140274 -77196.5 -140274 -1711.24
14 -660282 5834.76 -126349 -44652.7 -126349 5834.76
14.02 -441675 6207.34 -110037 -16337.2 -110037 6207.34
14.04 -209756 1882.92 -92806.8 4159.24 -92806.8 1882.92
14.06 22613.9 -294.418 -75560 17245.6 -75560 -294.418
14.08 246624 2817.59 -57437.8 25169.8 -57437.8 2817.59
14.1 458603 7918.63 -34643.4 29678 -34643.4 7918.63
14.12 657206 11097.4 -4118.89 32252.5 -4118.89 11097.4
14.14 840178 11877.9 33068.4 35565.6 33068.4 11877.9
14.16 1.00261e+06 12789.2 72618.8 43063.5 72618.8 12789.2
14.18 1.13846e+06 17365.4 108621 56990.7 108621 17365.4
14.2 1.24294e+06 26263.7 135148 76895.9 135148 26263.7
14.22 1.31242e+06 34439.4 149815 99109.8 149815 34439.4
14.24 1.34227e+06 35510.1 153964 117621 153964 35510.1
14.26 1.32656e+06 28939.6 150947 126824 150947 28939.6
14.28 1.26119e+06 20458.1 146095 124298 146095 20458.1
14.3 1.14712e+06 14905.5 143236 111254 143236 14905.5
14.32 989881 11296.9 140987 91150.8 140987 11296.9
14.34 798103 7394.55 136014 68520.4 136014 7394.55
14.36 582718 3530.15 127526 47944.6 127526 3530.15
14.38 353196 235.7 115669 32070.8 115669 235.7
14.4 116003 -2072.02 99837.3 20264.7 99837.3 -2072.02
14.42 -123832 -2357.12 80108.5 9986.21 80108.5 -2357.12
14.44 -361393 -1360.25 56694.8 -867.798 56694.8 -1360.25
14.46 -590804 -2055.89 28762.7 -13094 28762.7 -2055.89
14.48 -805384 -5729.2 -3046.37 -26282.4 -3046.37 -5729.2
14.5 -997634 -10198.7 -34964.2 -39308.7 -34964.2 -10198.7
14.52 -1.15937e+06 -13423 -63061.6 -51713.7 -63061.6 -13423
14.54 -1.28198e+06 -15615.3 -85291.7 -64528.8 -85291.7 -15615.3
14.56 -1.3572e+06 -17136.1 -100934 -78610.4 -100934 -17136.1
14.58 -1.37883e+06 -18084.8 -110434 -92332.6 -110434 -18084.8
14.6 -1.34504e+06 -19507.4 -115610 -101890 -115610 -19507.4
14.62 -1.25927e+06 -21461.9 -117991 -103681 -117991 -21461.9
14.64 -1.12797e+06 -20547.2 -117313 -96087.9 -117313 -20547.2
14.66 -957427 -14219 -112222 -80038.6 -112222 -14219
14.68 -753755 -6008.64 -101163 -58771.7 -101163 -6008.64
14.7 -524302 -608.745 -83847.4 -36006.9 -83847.4 -608.745
14.72 -277997 2522.64 -62279.6 -13481.7 -62279.6 2522.64
14.74 -23584.9 6092.13 -40296.1 8733.09 -40296.1 6092.13
14.76 231366 9816.69 -21197.9 29340.4 -21197.9 9816.69
14.78 479536 11976.4 -4296.95 45013.3 -4296.95 11976.4
14.8 712650 12080.6 14162.8 53031.3 14162.8 12080.6
14.82 920800 9555.79 36561.9 53571.9 36561.9 9555.79
14.84 1.0936e+06 4895.62 62223.7 49681.4 62223.7 4895.62
14.86 1.22278e+06 1980.83 88234.6 46317 88234.6 1980.83
14.88 1.30427e+06 4229.52 110271 48553.4 110271 4229.52
14.9 1.33758e+06 9793.73 125869 58667.3 125869 9793.73
14.92 1.3233e+06 14245.9 137186 74546.4 137186 14245.9
14.94 1.26165e+06 16388.9 146412 91168 146412 16388.9
14.96 1.15361e+06 18052.2 151006 103194 151006 18052.2
14.98 1.00303e+06 20099.3 147882 106653 147882 20099.3
15 817623 21556.5 138539 99999.6 138539 21556.5
15.02 607218 20570.7 126025 84401.5 126025 20570.7
15.04 380434 14717.1 110612 62313.8 110612 14717.1
15.06 142934 3707.87 92088.8 35719 92088.8 3707.87
15.08 -100670 -8082.5 72284.8 6452.99 72284.8 -8082.5
15.1 -344192 -15316.5 52833.9 -22262.2 52833.9 -15316.5
15.12 -578938 -17334.8 33433.4 -45853 33433.4 -17334.8
15.14 -794882 -16834.6 13095.1 -60154.3 13095.1 -16834.6
15.16 -982643 -14867.7 -8933.93 -63188.8 -8933.93 -14867.7
15.18 -1.13472e+06 -11230.1 -32819.5 -56351.4 -32819.5 -11230.1
15.2 -1.24568e+06 -6368.89 -57074.8 -44450.4 -57074.8 -6368.89
15.22 -1.31138e+06 -1004.4 -78887.8 -33681.4 -78887.8 -1004.4
15.24 -1.32859e+06 3176.79 -96275.9 -28863.3 -96275.9 3176.79
15.26 -1.29587e+06 3410.44 -108910 -32110.9 -108910 3410.44
15.28 -1.2145e+06 -1096.2 -116660 -42546.5 -116660 -1096.2
15.3 -1.08776e+06 -7085.54 -119805 -56236 -119805 -7085.54
15.32 -919886 -11166.5 -119391 -67516 -119391 -11166.5
15.34 -716663 -13237.1 -115319 -71661.1 -115319 -13237.1
15.36 -485989 -13219.7 -106407 -66242.8 -106407 -13219.7
15.38 -236710 -9103.77 -92734 -50530.3 -92734 -9103.77
15.4 22626.6 -752.989 -75647.4 -25352.3 -75647.4 -752.989
15.42 283260 8705.12 -56266.7 6124.82 -56266.7 8705.12
15.44 535643 16390.3 -36023.5 38696.5 -36023.5 16390.3
15.46 769278 21140.4 -16557.2 66576.7 -16557.2 21140.4
15.48 973483 22245 1849.11 84732.1 1849.11 22245
15.5 1.13926e+06 19686.1 20876.8 90381.9 20876.8 19686.1
15.52 1.26089e+06 15199.8 42978 84641.5 42978 15199.8
15.54 1.33621e+06 10790.1 68149.9 72420.1 68149.9 10790.1
15.56 1.36543e+06 6824.91 92800.8 59961.3 92800.8 6824.91
15.58 1.34908e+06 2859.55 113034 52077.7 113034 2859.55
15.6 1.28682e+06 222.689 127214 50774.9 127214 222.689
15.62 1.17933e+06 2307.75 135454 55120 135454 2307.75
15.64 1.03072e+06 9778.69 138757 61705.2 138757 9778.69
15.66 848892 17779.7 138904 65694 138904 17779.7
15.68 643222 20480.1 137427 62802.2 137427 20480.1
15.7 422291 17067.5 133665 51479.4 133665 17067.5
15.72 193778 10757.2 125774 33294.3 125774 10757.2
15.74 -34382.6 4029.07 114018 11114.8 114018 4029.07
15.76 -252412 -1253.33 100823 -12301.1 100823 -1253.33
15.78 -448835 -3869.15 86995.2 -33849.5 86995.2 -3869.15
15.8 -612825 -5356.86 71715.9 -49917.6 71715.9 -5356.86
15.82 -737479 -7741.06 56067.9 -57656.7 56067.9 -7741.06
15.84 -821432 -9944.56 41027.9 -56058.6 41027.9 -9944.56
15.86 -867021 -9067.92 24847.6 -46267.3 24847.6 -9067.92
15.88 -877287 -4531.48 6656.66 -31683.5 6656.66 -4531.48
15.9 -854309 1179.26 -11219.6 -17115 -11219.6 1179.26
15.92 -799756 4886.16 -26931 -6598.84 -26931 4886.16
15.94 -716654 4193.05 -41016 -1738.82 -41016 4193.05
15.96 -610615 -1175.95 -53347.3 -1917.76 -53347.3 -1175.95
15.98 -489117 -8066.53 -62649 -5335.05 -62649 -8066.53
16 -358726 -11473.2 -69232.1 -9658.89 -69232.1 -11473.2
16.02 -222645 -9279.86 -74086.4 -12483.7 -74086.4 -9279.86
16.04 -81466.4 -4514.67 -75864.3 -11834.6 -75864.3 -4514.67
16.06 63463.9 -1212.07 -73109.9 -6360.76 -73109.9 -1212.07
16.08 207564 246.542 -66909.9 4526.22 -66909.9 246.542
16.1 343496 2245.33 -58175.1 19869.9 -58175.1 2245.33
16.12 463636 6148.26 -46554.3 36463.1 -46554.3 6148.26
16.14 562324 11068.6 -33199.3 49846.8 -33199.3 11068.6
16.16 636736 14586 -20779.5 56661.4 -20779.5 14586
16.18 685559 13871.9 -9464.08 56059.4 -9464.08 13871.9
16.2 707116 8441.74 3085.11 49279.8 3085.11 8441.74
16.22 699463 1428.91 17934.3 38522.9 17934.3 1428.91
16.24 662227 -3358.96 34835.6 25999.4 34835.6 -3358.96
16.26 598087 -4767.84 53542.1 13464.1 53542.1 -4767.84
16.28 512205 -4194.36 72267.2 2576.88 72267.2 -4194.36
16.3 410468 -3260.76 86929.9 -4571.65 86929.9 -3260.76
16.32 297872 -2408.11 95504.5 -6145.41 95504.5 -2408.11
16.34 177908 -1147.59 100276 -2255.77 100276 -1147.59
16.36 53186.6 873.286 103321 4272.2 103321 873.286
16.38 -73220.3 3115.17 103833 9220.17 103833 3115.17
16.4 -196790 4373.36 100662 9470.81 100662 4373.36
16.42 -311827 3630.72 94344.1 4758.57 94344.1 3630.72
16.44 -412511 1153.32 85821.6 -2560.59 85821.6 1153.32
16.46 -493643 -1636.81 75843.6 -9400.98 75843.6 -1636.81
16.48 -551208 -3778.53 66005.2 -13960.7 66005.2 -3778.53
16.5 -582974 -5204.11 57215.3 -16195 57215.3 -5204.11
16.52 -588396 -5508.33 47898.9 -16435.6 47898.9 -5508.33
16.54 -568234 -4195.74 36384.6 -13944.6 36384.6 -4195.74
16.56 -524624 -1721.74 23419 -7376.85 23419 -1721.74
16.58 -461176 1314.19 10431.1 3377.56 10431.1 1314.19
16.6 -382391 4682.17 -2814.36 16080.7 -2814.36 4682.17
16.62 -292923 7244.47 -16923.9 26737.5 -16923.9 7244.47
16.64 -197236 7499.63 -30786.8 31545.9 -30786.8 7499.63
16.66 -99141.9 5843.5 -42644.9 29189.6 -42644.9 5843.5
16.68 -1506.98 3551.55 -51629.3 21579.7 -51629.3 3551.55
16.7 93596.4 1139.41 -57561.5 12235.3 -57561.5 1139.41
16.72 184652 -822.412 -60864.7 4265.13 -60864.7 -822.412
16.74 270258 -1701.17 -62118.5 -283.115 -62118.5 -1701.17
16.76 348392 -1481.7 -60771.1 -325.845 -60771.1 -1481.7
16.78 415999 -108.157 -55199.1 4264.47 -55199.1 -108.157
16.8 469655 2775.01 -45633.2 12577.9 -45633.2 2775.01
16.82 506638 6602.89 -35211.7 22491 -35211.7 6602.89
16.84 525563 9780.03 -25943.7 30864.5 -25943.7 9780.03
16.86 526292 10983.3 -16521.1 34710.3 -16521.1 10983.3
16.88 509294 9818.62 -5133.5 32515.9 -5133.5 9818.62
16.9 475259 6560.05 8313.98 24524.6 8313.98 6560.05
16.92 425181 1896.22 22850 12319 22850 1896.22
16.94 360712 -2993.02 36949.4 -1400.32 36949.4 -2993.02
16.96 284209 -6888.75 49047.2 -13089.9 49047.2 -6888.75
16.98 198257 -9022.15 59359.1 -19370.6 59359.1 -9022.15
17 105472 -8765.71 69188.1 -18461.9 69188.1 -8765.71
17.02 8888.97 -5961.48 78190.4 -11060.8 78190.4 -5961.48
17.04 -87766.3 -1744.71 84680.8 -4.51558 84680.8 -1744.71
17.06 -180293 2231.24 87669.7 11241.1 87669.7 2231.24
17.08 -264434 5193.81 87814.8 20208.1 87814.8 5193.81
17.1 -336189 7088.71 86689.1 25731.7 86689.1 7088.71
17.12 -391856 7839.28 85073.2 27068.1 85073.2 7839.28
17.14 -428158 7141.48 82674.4 23530.4 82674.4 7141.48
17.16 -442825 4740.58 79078.9 15350.8 79078.9 4740.58
17.18 -435280 1154.13 73858.2 4575.63 73858.2 1154.13
17.2 -406786 -2261.09 66590.5 -5339.93 66590.5 -2261.09
17.22 -359934 -4247.15 58061.6 -11236.2 58061.6 -4247.15
17.24 -297819 -4109.74 49882.2 -11873.4 49882.2 -4109.74
17.26 -223250 -1806.78 42058.3 -8064.31 42058.3 -1806.78
17.28 -138753 1368.66 33048.6 -1535.39 33048.6 1368.66
17.3 -47466.5 3462.23 22165.9 6115.09 22165.9 3462.23
17.32 46230.8 3913.35 10471.6 13697.7 10471.6 3913.35
17.34 137262 3757.07 -441.869 20165.4 -441.869 3757.07
17.36 221251 4077.06 -9790.95 24302 -9790.95 4077.06
17.38 295677 5024.15 -17883 25049 -17883 5024.15
17.4 359742 5631.06 -25374.7 22450.4 -25374.7 5631.06
17.42 413038 4793.88 -31827.2 18125.7 -31827.2 4793.88
17.44 454361 2902.83 -35672.9 14535.1 -35672.9 2902.83
17.46 481677 1519.65 -36104.6 13492.5 -36104.6 1519.65
17.48 493164 1846.58 -34183.8 15042 -34183.8 1846.58
17.5 488326 3812.8 -31570.3 17702.1 -31570.3 3812.8
17.52 467888 5826.03 -28807.9 19852 -28807.9 5826.03
17.54 432478 5802.95 -25145 20796.9 -25145 5802.95
17.56 381724 3367.33 -19471.4 20626 -19471.4 3367.33
17.58 314850 238.208 -11361 19409.5 -11361 238.208
17.6 232067 -2029.94 -1343.31 16715 -1343.31 -2029.94
17.62 135544 -3297.7 9312.14 12064.6 9312.14 -3297.7
17.64 29319.5 -4216.76 19352.9 5975.53 19352.9 -4216.76
17.66 -81578 -5236.46 28615.5 186.012 28615.5 -5236.46
17.68 -192085 -6151.22 37802 -3579.16 37802 -6151.22
17.7 -297557 -6428.18 47163 -5032.64 47163 -6428.18
17.72 -393778 -5853.09 56038 -5414.56 56038 -5853.09
17.74 -476926 -4714.29 63445 -6292.54 63445 -4714.29
17.76 -543481 -3331.32 68306.5 -8308.36 68306.5 -3331.32
17.78 -590142 -1913.64 70011.2 -10959.3 70011.2 -1913.64
17.8 -613951 -634.616 69511 -13437.5 69511 -634.616
17.82 -612724 271.096 68443.6 -15514.7 68443.6 271.096
17.84 -585559 442.556 67150.4 -17544.2 67150.4 442.556
17.86 -532954 -152.564 64572.3 -19654.6 64572.3 -152.564
17.88 -456435 -817.283 59738.3 -20970.8 59738.3 -817.283
17.9 -358137 -592.397 52943.4 -19682.4 52943.4 -592.397
17.92 -240608 1065.81 45298.2 -14051.6 45298.2 1065.81
17.94 -106968 3980.19 37543.7 -3573.85 37543.7 3980.19
17.96 38461 7108.65 30017.1 10581.9 30017.1 7108.65
17.98 189517 9284.64 22781.5 26106.8 22781.5 9284.64
18 338545 10681.2 15328.4 40685.3 15328.4 10681.2
18.02 477897 12641.1 7328.93 52838.2 7328.93 12641.1
18.04 601391 15531.9 -595.084 61734.7 -595.084 15531.9
18.06 704707 17923.1 -7784.63 66515.1 -7784.63 17923.1
18.08 784859 18148.9 -14401.8 66379 -14401.8 18148.9
18.1 839505 15881 -20362 61442.4 -20362 15881
18.12 866682 12178.5 -24717.2 53174.3 -24717.2 12178.5
18.14 865204 8653.28 -26992.4 43864.1 -26992.4 8653.28
18.16 835472 6684.84 -27710.4 35679.1 -27710.4 6684.84
18.18 779716 6352.33 -27364.7 29894.4 -27364.7 6352.33
18.2 701080 6247.02 -25697.2 26539.6 -25697.2 6247.02
18.22 602294 5198.65 -22100.8 24662.8 -22100.8 5198.65
18.24 485293 3567.02 -16353.3 22989.6 -16353.3 3567.02
18.26 352123 2353.64 -8647.69 20292.8 -8647.69 2353.64
18.28 206226 1745.58 396.896 15410.5 396.896 1745.58
18.3 52950.8 957.879 9868.45 7536.3 9868.45 957.879
18.32 -101235 -1004.52 19280 -3222.02 19280 -1004.52
18.34 -250016 -4507.83 28852.6 -15750.2 28852.6 -4507.83
18.36 -387974 -8899.47 38851.1 -28477.4 38851.1 -8899.47
18.38 -510551 -12927.2 48709.4 -39954.3 48709.4 -12927.2
18.4 -613799 -15590.1 57479.7 -49014.3 57479.7 -15590.1
18.42 -694335 -16509.4 64797.1 -54654.4 64797.1 -16509.4
18.44 -749568 -15832.2 70768.4 -56040.1 70768.4 -15832.2
18.46 -777990 -13957.6 75376.6 -52845.4 75376.6 -13957.6
18.48 -779232 -11218.8 78253.7 -45643.4 78253.7 -11218.8
18.5 -753914 -8022.24 79118.9 -35864.5 79118.9 -8022.24
18.52 -703482 -4919.75 77995.4 -25222.3 77995.4 -4919.75
18.54 -629977 -2414.02 75007.8 -14964.4 75007.8 -2414.02
18.56 -535874 -674.157 70309.4 -5446.08 70309.4 -674.157
18.58 -423938 530.744 64030.3 3714.08 64030.3 530.744
18.6 -297172 1650.05 56336 13105.5 56336 1650.05
18.62 -159118 3099.69 47408.7 23100.6 47408.7 3099.69
18.64 -14331.1 4849.31 37562.8 33721.1 37562.8 4849.31
18.66 131475 6631.15 27456.6 44584.1 27456.6 6631.15
18.68 271854 8405.66 17775.2 54829.3 17775.2 8405.66
18.7 400333 10342 8636.6 63198.4 8636.6 10342
18.72 511151 12364.3 -311.345 68357.7 -311.345 12364.3
18.74 599774 13822.3 -9074.89 69317 -9074.89 13822.3
18.76 663079 13947.4 -17099.6 65769.4 -17099.6 13947.4
18.78 699246 12410.3 -23713.6 58231.4 -23713.6 12410.3
18.8 707619 9538.79 -28535.9 47881.6 -28535.9 9538.79
18.82 688769 6178.27 -31676.9 36190.2 -31676.9 6178.27
18.84 644625 3275.62 -33450.3 24599.8 -33450.3 3275.62
18.86 578482 1521.57 -33972 14336.5 -33972 1521.57
18.88 494593 926.899 -32946.7 6177 -32946.7 926.899
18.9 397442 798.359 -29842.7 138.059 -29842.7 798.359
18.92 291011 394.606 -24385.6 -4573.08 -24385.6 394.606
18.94 178576 -423.524 -16919.9 -9113.77 -16919.9 -423.524
18.96 63228 -1266.8 -8291.88 -14368.5 -8291.88 -1266.8
18.98 -51513.5 -1898.41 811.268 -20576.5 811.268 -1898.41
19 -161568 -2574.91 9968.05 -27312.8 9968.05 -2574.91
19.02 -262736 -3887.45 18896.2 -33683.1 18896.2 -3887.45
19.04 -351376 -6251.74 27633.4 -38640.7 27633.4 -6251.74
19.06 -424790 -9178.96 36255.1 -41254.1 36255.1 -9178.96
19.08 -481115 -11307.6 44702 -40775.6 44702 -11307.6
19.1 -518864 -11395.2 52804.8 -36674.3 52804.8 -11395.2
19.12 -536724 -9380.87 60273.9 -28824.9 60273.9 -9380.87
19.14 -534054 -6435.34 66706.4 -17733.1 66706.4 -6435.34
19.16 -511498 -3505.54 71613.7 -4540.61 71613.7 -3505.54
19.18 -470994 -530.251 74704.4 9178.65 74704.4 -530.251
19.2 -415160 2672.21 75843.8 21617.9 75843.8 2672.21
19.22 -346477 5792.08 74954.2 31042 74954.2 5792.08
19.24 -266911 8149.59 72105.6 36378.9 72105.6 8149.59
19.26 -178163 9001.03 67584.9 37699.5 67584.9 9001.03
19.28 -82332.7 8035.47 61900.3 36110.1 61900.3 8035.47
19.3 17727.1 5995.59 55486.6 33229.5 55486.6 5995.59
19.32 118680 4325.46 48649.1 30631.3 48649.1 4325.46
19.34 217097 3799.22 41671.9 29349 41671.9 3799.22
19.36 309441 4030.66 34708.5 29619.5 34708.5 4030.66
19.38 391777 4370.46 27686.8 31066.5 27686.8 4370.46
19.4 459872 4793.05 20399.9 33024.2 20399.9 4793.05
19.42 509930 5556.95 12709.2 34567.4 12709.2 5556.95
19.44 539322 6305.22 4986.93 34440.4 4986.93 6305.22
19.46 546816 6252.82 -1932.5 31407.7 -1932.5 6252.82
19.48 532531 5088.11 -7716.97 24987.7 -7716.97 5088.11
19.5 497786 2992.76 -12682.1 15874.6 -12682.1 2992.76
19.52 444860 377.516 -17051.8 5653.92 -17051.8 377.516
19.54 376692 -2061.42 -20734.2 -3824.31 -20734.2 -2061.42
19.56 296597 -3652.27 -23603.4 -11020.1 -23603.4 -3652.27
19.58 208000 -4240.56 -25381.9 -15156.8 -25381.9 -4240.56
19.6 114236 -4055.3 -25449.4 -16372.1 -25449.4 -4055.3
19.62 18680.2 -3088.16 -23419.2 -15385.1 -23419.2 -3088.16
19.64 -75052.1 -1414.38 -19468.1 -13009.2 -19468.1 -1414.38
19.66 -163219 296.859 -14003.4 -9963.47 -14003.4 296.859
19.68 -242316 1368.79 -7339.47 -6882.21 -7339.47 1368.79
19.7 -309304 1767.5 391.824 -4259.49 391.824 1767.5
19.72 -361601 1811.04 9059.3 -2390.85 9059.3 1811.04
19.74 -397166 1436.55 18290.7 -1348.78 18290.7 1436.55
19.76 -414757 555.103 27547.3 -852.662 27547.3 555.103
19.78 -414084 -348.134 36416.3 -170.112 36416.3 -348.134
19.8 -395756 -679.341 44701.5 1563.29 44701.5 -679.341
19.82 -360972 -112.092 52376.3 4743.9 52376.3 -112.092
19.84 -311142 1413.86 59448.5 9039.94 59448.5 1413.86
19.86 -247738 3547.78 65767.5 13632.8 65767.5 3547.78
19.88 -172471 5558.09 71012 17625.1 71012 5558.09
19.9 -87601.1 6749.04 74782.6 20382.6 74782.6 6749.04
19.92 3952.06 7009.59 76636.4 21705.6 76636.4 7009.59
19.94 98823.6 6759.43 76352.2 21755.9 76352.2 6759.43
19.96 193505 6347.97 74230.7 20863.3 74230.7 6347.97
19.98 284594 5880.58 70678 19474.9 70678 5880.58
20 368945 5456.76 65698.3 18254.9 65698.3 5456.76
20.02 443744 5291.2 59178.3 18035.9 59178.3 5291.2
20.04 506583 5606.98 51255.1 19471.2 51255.1 5606.98
20.06 555547 6544.79 42265.9 22630.6 42265.9 6544.79
20.08 589186 7882.1 32657.3 26846.1 32657.3 7882.1
20.1 606305 8958.82 22927.3 30912.4 22927.3 8958.82
20.12 605789 9177.56 13337.7 33592.9 13337.7 9177.56
20.14 586635 8372.17 3782.34 34169.3 3782.34 8372.17
20.16 548213 6830.73 -5603.49 32655.2 -5603.49 6830.73
20.18 490513 4947.71 -14044.6 29573.7 -14044.6 4947.71
20.2 414427 3108.62 -20895.1 25570.4 -20895.1 3108.62
20.22 322004 1642.25 -26144.7 21167.2 -26144.7 1642.25
20.24 216544 707.359 -29830.8 16722.6 -29830.8 707.359
20.26 102422 320.327 -31759.9 12505.8 -31759.9 320.327
20.28 -15411.3 222.023 -31822 8718.57 -31822 222.023
20.3 -132010 58.8266 -30269.5 5362.22 -30269.5 58.8266
20.32 -242784 -302.248 -27465.7 2110.98 -27465.7 -302.248
20.34 -343491 -699.921 -23327.7 -1584.35 -23327.7 -699.921
20.36 -430251 -1186 -17454 -6184.21 -17454 -1186
20.38 -499898 -2280.57 -9656.83 -11754.7 -9656.83 -2280.57
20.4 -550261 -4113.24 -140.723 -17813.1 -140.723 -4113.24
20.42 -580045 -6080.6 10591.1 -23448 10591.1 -6080.6
20.44 -588571 -7594.51 21996 -27756.3 21996 -7594.51
20.46 -575657 -8398.02 33745.3 -30213.6 33745.3 -8398.02
20.48 -541627 -8335.71 45543.9 -30608.9 45543.9 -8335.71
20.5 -487402 -7491.39 56845.6 -28854.9 56845.6 -7491.39
20.52 -414677 -6265.03 66946.7 -25048.3 66946.7 -6265.03
20.54 -326019 -4973.88 75134.2 -19552.2 75134.2 -4973.88
20.56 -224763 -3579.04 80936.1 -12882.2 80936.1 -3579.04
20.58 -114725 -1925.38 84543.3 -5606.6 84543.3 -1925.38
20.6 170.981 14.0572 86471.9 1670 86471.9 14.0572
20.62 116234 2085.23 86848.9 8443.63 86848.9 2085.23
20.64 230130 4034.41 85530.6 14551.8 85530.6 4034.41
20.66 338797 5740.75 82431.2 20279.7 82431.2 5740.75
20.68 439183 7201.68 77471.2 26186.8 77471.2 7201.68
20.7 528156 8578.16 70735.2 32717.9 70735.2 8578.16
20.72 602755 10212.9 62648 39861.2 62648 10212.9
20.74 660450 12043.7 53548.6 47083.1 53548.6 12043.7
20.76 699075 13368.9 43463.6 53547.8 43463.6 13368.9
20.78 716666 13765.5 32571.9 58509.1 32571.9 13765.5
20.8 711695 13653.2 21324.9 61576.7 21324.9 13653.2
20.82 683538 13440.3 10255.5 62533.9 10255.5 13440.3
20.84 632783 12978 -40.1599 60984.2 -40.1599 12978
20.86 561154 11935.1 -9148.99 56461.4 -9148.99 11935.1
20.88 471145 10102.3 -16963.9 48912.3 -16963.9 10102.3
20.9 365741 7645.79 -23460.9 38929.6 -23460.9 7645.79
20.92 248393 5072.79 -28667.2 27547.7 -28667.2 5072.79
20.94 123135 2827.24 -32655.3 15840.2 -32655.3 2827.24
20.96 -5409.93 1024.8 -35284.3 4581.51 -35284.3 1024.8
20.98 -132300 -550.179 -36184.9 -5826.34 -36184.9 -550.179
21 -252691 -2153.66 -35214.6 -15169.1 -35214.6 -2153.66
21.02 -362078 -3688.02 -32549.2 -23226.8 -32549.2 -3688.02
21.04 -456278 -4786.53 -28382.7 -29773.2 -28382.7 -4786.53
21.06 -531400 -5330.01 -22921.9 -34723 -22921.9 -5330.01
21.08 -584102 -5638.02 -16300.1 -38204.4 -16300.1 -5638.02
21.1 -612008 -6027.66 -8416.23 -40407.7 -8416.23 -6027.66
21.12 -614013 -6469.12 806.093 -41332.9 806.093 -6469.12
21.14 -590264 -6689.19 10999.4 -40691.7 10999.4 -6689.19
21.16 -541856 -6238.56 21395.6 -38002.9 21395.6 -6238.56
21.18 -470526 -4829.75 31367.1 -32787.6 31367.1 -4829.75
21.2 -378555 -2599.7 40609.5 -24836 40609.5 -2599.7
21.22 -268835 57.1892 48950.5 -14435.7 48950.5 57.1892
21.24 -144977 2690.34 56280 -2388.34 56280 2690.34
21.26 -11275.8 5106.12 62544.8 10215.8 62544.8 5106.12
21.28 127494 7381.69 67756.6 22350.3 67756.6 7381.69
21.3 266440 9633.99 71777.2 33328.8 71777.2 9633.99
21.32 400878 11765.8 74336.2 42845 74336.2 11765.8
21.34 526367 13405 75442 50809.7 75442 13405
21.36 638618 14351.7 75399.7 57194.5 75399.7 14351.7
21.38 733523 14806.4 74444.2 62005.1 74444.2 14806.4
21.4 807396 15116.1 72617.5 65278.6 72617.5 15116.1
21.42 857324 15480.7 69807.2 67033.8 69807.2 15480.7
21.44 881471 15851.3 65642.9 67242.5 65642.9 15851.3
21.46 879138 15914.2 59852.7 65821.6 59852.7 15914.2
21.48 850355 14989.8 52713 62577.9 52713 14989.8
21.5 795388 12650.3 44751.2 57206.1 44751.2 12650.3
21.52 714812 9434.57 36321.1 49492.9 36321.1 9434.57
21.54 610068 6222.1 27635.6 39553.9 27635.6 6222.1
21.56 484107 3558.74 18939.8 27897.7 18939.8 3558.74
21.58 341543 1474.97 10555.7 15398.7 10555.7 1474.97
21.6 188091 -520.717 2905.89 3135.56 2905.89 -520.717
21.62 29622.9 -2928.33 -3614.52 -7991.35 -3614.52 -2928.33
21.64 -128452 -5566.92 -8930.43 -17555.9 -8930.43 -5566.92
21.66 -281095 -7599.39 -13245.6 -25539.8 -13245.6 -7599.39
21.68 -423315 -8557.69 -16676.6 -32084.1 -16676.6 -8557.69
21.7 -550105 -8752.68 -19177.4 -37287.7 -19177.4 -8752.68
21.72 -656857 -8945.36 -20765.9 -41093.4 -20765.9 -8945.36
21.74 -740038 -9803.6 -21494.1 -43366.1 -21494.1 -9803.6
21.76 -797552 -11154.1 -21005.9 -44087.1 -21005.9 -11154.1
21.78 -828617 -12225 -18721.9 -43390 -18721.9 -12225
21.8 -833322 -12404.4 -14745.9 -41414.7 -14745.9 -12404.4
21.82 -812167 -11516.5 -9875.36 -38130.6 -9875.36 -11516.5
21.84 -765910 -9764.79 -4751.57 -33265.7 -4751.57 -9764.79
21.86 -695779 -7570.28 387.293 -26474.6 387.293 -7570.28
21.88 -603894 -5395.05 5424.68 -17703.9 5424.68 -5395.05
21.9 -493466 -3346.38 10469.3 -7439.05 10469.3 -3346.38
21.92 -368548 -1145.86 15717 3404.5 15717 -1145.86
21.94 -233476 1444.97 20921.7 13846.9 20921.7 1444.97
21.96 -92295 4470.69 25593.3 23243.1 25593.3 4470.69
21.98 51366.9 7523.43 29628.2 31449.5 29628.2 7523.43
22 193847 9807.64 33182.7 38563.4 33182.7 9807.64
22.02 330924 10882.8 36266.9 44501.8 36266.9 10882.8
22.04 457743 10999.5 38855.7 48882.2 38855.7 10999.5
22.06 569363 10830.9 40913.5 51279.4 40913.5 10830.9
22.08 661544 10878.2 42286.8 51602.1 42286.8 10878.2
22.1 731351 11254 42740.6 50298.6 42740.6 11254
22.12 777288 11677.6 42263 48176 42263 11677.6
22.14 798781 11467.6 41248.5 45871.1 41248.5 11467.6
22.16 795545 10251.6 40172 43431.2 40172 10251.6
22.18 767310 8320.16 39156 40407.1 39156 8320.16
22.2 714180 6359.18 37788.6 36268 37788.6 6359.18
22.22 637281 4850.11 35577.8 30753.6 35577.8 4850.11
22.24 538998 3542.86 32458.9 23993.5 32458.9 3542.86
22.26 422693 1926.48 28869.3 16409.4 28869.3 1926.48
22.28 292186 -227.928 25482.8 8493.44 25482.8 -227.928
22.3 151565 -2609.88 22682.5 602.462 22682.5 -2609.88
22.32 5458.04 -4507.74 20352.4 -7036.83 20352.4 -4507.74
22.34 -140769 -5543.7 18196.1 -14136 18196.1 -5543.7
22.36 -281326 -6059.58 16095.1 -20246.5 16095.1 -6059.58
22.38 -410801 -6797.23 14037.8 -24911.2 14037.8 -6797.23
22.4 -524799 -7996.81 12068.6 -27922.3 12068.6 -7996.81
22.42 -620022 -9122.26 10429.4 -29446.3 10429.4 -9122.26
22.44 -694036 -9724.73 9397.66 -29917.5 9397.66 -9724.73
22.46 -745071 -9862.82 9054.68 -29723.9 9054.68 -9862.82
22.48 -772024 -9770.23 9461.37 -28863.5 9461.37 -9770.23
22.5 -774472 -9322.44 10737.4 -26926.4 10737.4 -9322.44
22.52 -752527 -8164.15 12715 -23510 12715 -8164.15
22.54 -706798 -6399.62 14881.8 -18691.1 14881.8 -6399.62
22.56 -638509 -4489.39 16720 -13065.9 16720 -4489.39
22.58 -549747 -2885.47 17969.1 -7347.48 17969.1 -2885.47
22.6 -443646 -1887.35 18652.3 -1993.08 18652.3 -1887.35
22.62 -324355 -1421.07 19108.7 2862.57 19108.7 -1421.07
22.64 -196701 -943.291 19712.8 7329.72 19712.8 -943.291
22.66 -65556.3 155.452 20250.4 11671.3 20250.4 155.452
22.68 64628.5 1776.93 20077.6 16156.3 20077.6 1776.93
22.7 189888 3387.26 19069.4 20937.7 19069.4 3387.26
22.72 306574 4870.89 17897.8 26047.1 17897.8 4870.89
22.74 411248 6386.96 17115.2 31320.7 17115.2 6386.96
22.76 500781 7841.52 16666.2 36224.8 16666.2 7841.52
22.78 572449 8841.34 16256.4 39971 16256.4 8841.34
22.8 623947 9094.55 15511.9 42005.9 15511.9 9094.55
22.82 653410 8631.71 14183.8 42358.3 14183.8 8631.71
22.84 659540 7678.93 12480.9 41462.1 12480.9 7678.93
22.86 641899 6589.64 10978.5 39692.6 10978.5 6589.64
22.88 601162 5680.52 10263.4 37089.2 10263.4 5680.52
22.9 539151 5003.87 10659.7 33449.6 10659.7 5003.87
22.92 458671 4398.8 12082.7 28646.6 12082.7 4398.8
22.94 363272 3758.33 14134.8 22861.3 14134.8 3758.33
22.96 257038 3095.83 16379.8 16501.3 16379.8 3095.83
22.98 144380 2320.62 18519.9 9902.48 18519.9 2320.62
23 29716.9 1169.52 20576.8 3162.71 20576.8 1169.52
23.02 -82861.1 -462.986 22936.4 -3689.36 22936.4 -462.986
23.04 -189652 -2257.78 25826.3 -10386.2 25826.3 -2257.78
23.06 -287087 -3711.93 29018.5 -16324.1 29018.5 -3711.93
23.08 -371570 -4620.07 32269.3 -20784.1 32269.3 -4620.07
23.1 -439720 -5139.72 35568.5 -23266.9 35568.5 -5139.72
23.12 -488783 -5358.71 38960.5 -23695.1 38960.5 -5358.71
23.14 -516917 -5237.47 42413.3 -22430.6 42413.3 -5237.47
23.16 -523239 -4744.06 45896.1 -20137 45896.1 -4744.06
23.18 -507753 -3894.86 49351.7 -17467.1 49351.7 -3894.86
23.2 -471345 -2909.34 52368.3 -14734.3 52368.3 -2909.34
23.22 -415831 -2111.6 54231 -11845.3 54231 -2111.6
23.24 -343985 -1692.45 54510.9 -8529.4 54510.9 -1692.45
23.26 -259276 -1390.61 53286.4 -4621.89 53286.4 -1390.61
23.28 -165359 -711.047 50903.8 -176.542 50903.8 -711.047
23.3 -65666 510.667 47811.3 4621.85 47811.3 510.667
23.32 36711.3 2092.8 44424.9 9659.74 44424.9 2092.8
23.34 138826 3704.07 40707.4 15027 40707.4 3704.07
23.36 237591 5122.93 36167.6 20901.2 36167.6 5122.93
23.38 329579 6322.61 30584.5 27268 30584.5 6322.61
23.4 411120 7428.66 24159.6 33737.4 24159.6 7428.66
23.42 478677 8539.12 17224.1 39601.4 17224.1 8539.12
23.44 529225 9418.03 10203.9 44083.6 10203.9 9418.03
23.46 560458 9742.94 3655.64 46657.4 3655.64 9742.94
23.48 570937 9566.1 -2062.31 47272.7 -2062.31 9566.1
23.5 560264 9213.03 -7136.14 46277.6 -7136.14 9213.03
23.52 529135 8804.24 -11831.7 44047.5 -11831.7 8804.24
23.54 479135 8145.66 -16049.4 40677.9 -16049.4 8145.66
23.56 412460 7133.99 -19504.8 36035.9 -19504.8 7133.99
23.58 331691 5793.81 -21946.8 30024.2 -21946.8 5793.81
23.6 239625 4102.89 -23137.2 22760 -23137.2 4102.89
23.62 139295 2240.49 -22900.3 14629.8 -22900.3 2240.49
23.64 34107.2 529.097 -21325.4 6259.31 -21325.4 529.097
23.66 -72105.1 -909.122 -18602.8 -1670.77 -18602.8 -909.122
23.68 -175232 -2172.27 -14680 -8658.82 -14680 -2172.27
23.7 -271092 -3195.34 -9437.94 -14449.3 -9437.94 -3195.34
23.72 -355604 -3791.76 -2930.85 -18971.7 -2930.85 -3791.76
23.74 -425118 -4153.5 4660.35 -22318.9 4660.35 -4153.5
23.76 -476752 -4545.45 12969.5 -24680.4 12969.5 -4545.45
23.78 -508576 -4918.56 21381.5 -26159.7 21381.5 -4918.56
23.8 -519646 -5174.58 29207.3 -26714.9 29207.3 -5174.58
23.82 -509961 -5352.76 36217.4 -26291.5 36217.4 -5352.76
23.84 -480382 -5445.12 42703 -24867.6 42703 -5445.12
23.86 -432401 -5214.28 48838.1 -22352.7 48838.1 -5214.28
23.88 -367905 -4430.33 54567.8 -18564.7 54567.8 -4430.33
23.9 -289079 -3112.52 59843.7 -13342.4 59843.7 -3112.52
23.92 -198435 -1348.78 64279 -6645.7 64279 -1348.78
23.94 -98877.3 701.018 66971.4 1372.75 66971.4 701.018
23.96 6166.07 2678.51 67353.2 10258.9 67353.2 2678.51
23.98 112667 4228.06 65741.7 19246.9 65741.7 4228.06
24 216199 5403.62 62765.5 27488.4 62765.5 5403.62
24.02 312518 6657.15 58869.8 34386 58869.8 6657.15
24.04 398105 8148.75 54292.9 39757.3 54292.9 8148.75
24.06 470434 9696.76 48986.3 43786 48986.3 9696.76
24.08 527856 11042.1 42573 46860.1 42573 11042.1
24.1 569182 11852.9 34867.9 49270.6 34867.9 11852.9
24.12 593314 12008.1 26434.6 50891 26434.6 12008.1
24.14 599326 11820.5 18073.3 51172.6 18073.3 11820.5
24.16 586999 11768.3 10172.7 49510.1 10172.7 11768.3
24.18 557150 11730 2907.51 45649.1 2907.51 11730
24.2 511359 11011.1 -3515.06 39877.9 -3515.06 11011.1
24.22 451393 9207.86 -9015.62 32948.7 -9015.62 9207.86
24.24 378899 6643.03 -13653.7 25715.5 -13653.7 6643.03
24.26 295720 4228.13 -17131.3 18679.1 -17131.3 4228.13
24.28 204520 2739.67 -18952 11857.9 -18952 2739.67
24.3 109024 2089.77 -18962.7 5088.15 -18962.7 2089.77
24.32 13543 1509.25 -17198.7 -1577 -17198.7 1509.25
24.34 -77904.1 352.208 -13879.7 -7732.55 -13879.7 352.208
24.36 -162193 -1340.13 -9457.96 -12875.4 -9457.96 -1340.13
24.38 -237159 -3067.15 -4310.89 -16831.6 -4310.89 -3067.15
24.4 -301265 -4395 1466.9 -19911.4 1466.9 -4395
24.42 -353146 -5150.86 7898.94 -22571.6 7898.94 -5150.86
24.44 -391343 -5459.27 14858.8 -24909.6 14858.8 -5459.27
24.46 -414445 -5695.78 22143.3 -26496.4 22143.3 -5695.78
24.48 -421596 -6195.78 29588.5 -26646.7 29588.5 -6195.78
24.5 -412852 -6678.57 37046 -24812 37046 -6678.57
24.52 -389048 -6377.13 44227.5 -20836.8 44227.5 -6377.13
24.54 -351455 -5030.81 50550.3 -15039.6 50550.3 -5030.81
24.56 -301612 -3108.15 55421.6 -8059.26 55421.6 -3108.15
24.58 -241456 -1205.22 58483.6 -495.15 58483.6 -1205.22
24.6 -173522 317.857 59585.6 7282.52 59585.6 317.857
24.62 -100907 1458.16 58978 14930.2 58978 1458.16
24.64 -26870.1 2536.04 57141.2 21905 57141.2 2536.04
24.66 45745.3 3885.29 54206.1 27588 54206.1 3885.29
24.68 114798 5355.94 49980.2 31621.2 49980.2 5355.94
24.7 178630 6411.48 44425.9 34129.9 44425.9 6411.48
24.72 235734 6942.93 37738 35677 37738 6942.93
24.74 284610 7344.15 30115.3 36898.2 30115.3 7344.15
24.76 323836 7891.36 21782.3 37986.3 21782.3 7891.36
24.78 352222 8475.41 13079.1 38526.1 13079.1 8475.41
24.8 368934 8841.07 4418.89 37914.7 4418.89 8841.07
24.82 373563 8847.76 -3775.05 35904.3 -3775.05 8847.76
24.84 366183 8467.81 -11250.6 32716.7 -11250.6 8467.81
24.86 347436 7789.23 -17834.1 28746.5 -17834.1 7789.23
24.88 318498 6912.79 -23104.5 24241.2 -23104.5 6912.79
24.9 280916 5874.94 -26652.3 19233.4 -26652.3 5874.94
24.92 236440 4678.82 -28470 13737.9 -28470 4678.82
24.94 186894 3348.85 -28754.7 7985.89 -28754.7 3348.85
24.96 134121 2049.33 -27634.6 2450.98 -27634.6 2049.33
24.98 79971.3 994.701 -25182.4 -2351.86 -25182.4 994.701
25 26310 209.833 -21426.8 -6122.85 -21426.8 209.833
25.02 -24991 -411.495 -16186.7 -8886.33 -16186.7 -411.495
25.04 -72104.6 -938.528 -9227.42 -10865.6 -9227.42 -938.528
25.06 -113317 -1379.58 -721.445 -12242.3 -721.445 -1379.58
25.08 -147071 -1700.39 8817.68 -12997.8 8817.68 -1700.39
25.1 -172017 -1847.08 18970.4 -12937.5 18970.4 -1847.08
25.12 -187108 -1811.15 29501.9 -11869.2 29501.9 -1811.15
25.14 -191789 -1717.12 40157.1 -9798.71 40157.1 -1717.12
25.16 -186105 -1622.22 50689.2 -6958.01 50689.2 -1622.22
25.18 -170668 -1415.08 60885.3 -3632.42 60885.3 -1415.08
25.2 -146481 -953.177 70335.7 16.0278 70335.7 -953.177
25.22 -114723 -151.877 78467 3966.13 78467 -151.877
25.24 -76641 898.656 84872.2 8209.65 84872.2 898.656
25.26 -33641.8 1903.74 89463.9 12574.4 89463.9 1903.74
25.28 12527.8 2574.84 92237.4 16658.2 92237.4 2574.84
25.3 59800 2942.51 92952.5 19997 92952.5 2942.51
25.32 106022 3231.82 91276.7 22338.5 91276.7 3231.82
25.34 149170 3512.07 87210.4 23759.8 87210.4 3512.07
25.36 187375 3668.88 81013.4 24576.3 81013.4 3668.88
25.38 218853 3616.58 72929.5 25165.7 72929.5 3616.58
25.4 241963 3448.66 63243.7 25787.7 63243.7 3448.66
25.42 255470 3402.12 52256.1 26480.1 52256.1 3402.12
25.44 258797 3638.06 40125.2 27105.1 40125.2 3638.06
25.46 252058 4102.09 27042 27479 27042 4102.09
25.48 235886 4647.67 13472.7 27433.9 13472.7 4647.67
25.5 211247 5055.7 -60.6718 26755.9 -60.6718 5055.7
25.52 179301 5080.81 -13103.2 25111.6 -13103.2 5080.81
25.54 141277 4570.86 -25173.6 22134.5 -25173.6 4570.86
25.56 98415.6 3586.78 -35825.1 17670.8 -35825.1 3586.78
25.58 52073.1 2389.84 -44650.2 11970.1 -44650.2 2389.84
25.6 3895.49 1245.72 -51247 5647.92 -51247 1245.72
25.62 -44115.7 304.289 -55242.1 -526.264 -55242.1 304.289
25.64 -89791 -502.247 -56526.7 -5854.59 -56526.7 -502.247
25.66 -131076 -1244.6 -55287 -9851.06 -55287 -1244.6
25.68 -166277 -1897.73 -51712.2 -12291.4 -51712.2 -1897.73
25.7 -194203 -2393.14 -45928.7 -13228.6 -45928.7 -2393.14
25.72 -214044 -2564.33 -38170.9 -12968.1 -38170.9 -2564.33
25.74 -225221 -2437.57 -28764.3 -11981.3 -28764.3 -2437.57
25.76 -227415 -2283.19 -17857.4 -10784.7 -17857.4 -2283.19
25.78 -220721 -2349.06 -5486.97 -9776.31 -5486.97 -2349.06
25.8 -205694 -2671.59 8141.87 -9084.73 8141.87 -2671.59
25.82 -183227 -3150.94 22620.6 -8556.92 22620.6 -3150.94
25.84 -154430 -3625.64 37461.5 -7868.5 37461.5 -3625.64
25.86 -120465 -3724.88 52027.2 -6608.93 52027.2 -3724.88
25.88 -82427.1 -3188.91 65476 -4353.99 65476 -3188.91
25.9 -41306.4 -2106.51 77118.6 -829.905 77118.6 -2106.51
25.92 1968.18 -646.485 86656.1 3937.47 86656.1 -646.485
25.94 46429 1007.45 93947.2 9598.79 93947.2 1007.45
25.96 90972.3 2587.07 98869.8 15527 98869.8 2587.07
25.98 134306 3842.16 101540 20952.7 101540 3842.16
26 174993 4706.34 102209 25224.6 102209 4706.34
26.02 211609 5328.9 100841 28042.6 100841 5328.9
26.04 242966 5839.7 97146.2 29503.7 97146.2 5839.7
26.06 268161 6111.07 90962.7 29979.6 90962.7 6111.07
26.08 286329 5933.06 82556.2 29942.1 82556.2 5933.06
26.1 296531 5526.94 72500.6 29831.3 72500.6 5526.94
26.12 298052 5446.06 61264.4 29951.5 61264.4 5446.06
26.14 290747 5868.76 49055.6 30341.4 49055.6 5868.76
26.16 275187 6609.59 35887.8 30744.7 35887.8 6609.59
26.18 252498 7388.37 21774.2 30776.3 21774.2 7388.37
26.2 224003 7786.43 7290.46 30036.9 7290.46 7786.43
26.22 190912 7472.62 -6330.8 28057.6 -6330.8 7472.62
26.24 154322 6575.23 -18109.4 24357.2 -18109.4 6575.23
26.26 115490 5527.97 -27809.8 18730 -27809.8 5527.97
26.28 76022.5 4500.46 -35483.5 11512.9 -35483.5 4500.46
26.3 37771.9 3359.56 -41148.7 3629.14 -41148.7 3359.56
26.32 2520.83 2074.37 -44735 -3629.54 -44735 2074.37
26.34 -28329.8 819.161 -45995.3 -9095.91 -45995.3 819.161
26.36 -53864.2 -164.797 -44697.9 -12246.1 -44697.9 -164.797
26.38 -73516.7 -672.326 -40876.1 -13293.3 -40876.1 -672.326
26.4 -86940.7 -713.479 -34877.4 -12799.1 -34877.4 -713.479
26.42 -93993.4 -537.41 -27224.7 -11246.8 -27224.7 -537.41
26.44 -94853.7 -497.949 -18351 -8943.06 -18351 -497.949
26.46 -90137.8 -744.407 -8429.43 -6200.21 -8429.43 -744.407
26.48 -80782.2 -1020.16 2579.73 -3488.58 2579.73 -1020.16
26.5 -67762.9 -1084.68 14647.7 -1336.82 14647.7 -1084.68
26.52 -51816.6 -975.793 27461.3 -22.3599 27461.3 -975.793
26.54 -33361 -799.501 40404.7 720.878 40404.7 -799.501
26.56 -12666.6 -549.787 52729 1677.43 52729 -549.787
26.58 9866.97 -160.464 63824.2 3712.71 63824.2 -160.464
26.6 33547.7 450.778 73281.3 7240.18 73281.3 450.778
26.62 57456.7 1397.27 80781.7 12015.7 80781.7 1397.27
26.64 80642.1 2676.35 86077 17336.4 86077 2676.35
26.66 102254 4037.46 89126 22405.4 89126 4037.46
26.68 121497 5062.1 90072.1 26612.9 90072.1 5062.1
26.7 137528 5486.06 88947.8 29611 88947.8 5486.06
26.72 149501 5422 85728.3 31223.7 85728.3 5422
26.74 156767 5153.62 80588.5 31349.2 80588.5 5153.62
26.76 159036 4807.51 73819.6 29997.3 73819.6 4807.51
26.78 156318 4361.58 65622.9 27450.5 65622.9 4361.58
26.8 148803 3834.56 56027 24346.1 56027 3834.56
26.82 136772 3342.76 45031.2 21474 45031.2 3342.76
26.84 120566 3054.82 32772.2 19372.1 32772.2 3054.82
26.86 100631 3124.33 19544.5 18043.8 19544.5 3124.33
26.88 77618.7 3498.55 5848.97 16987.5 5848.97 3498.55
26.9 52409.1 3770.29 -7601.33 15458 -7601.33 3770.29
26.92 26032.2 3501.31 -20014.6 12815.8 -20014.6 3501.31
26.94 -418.631 2643 -30705.6 8839.48 -30705.6 2643
26.96 -25811 1478.02 -39237.2 3826.44 -39237.2 1478.02
26.98 -49010.5 257.635 -45381.7 -1571.6 -45381.7 257.635
27 -68985.5 -901.064 -49092.3 -6588.23 -49092.3 -901.064
27.02 -84934.4 -1849.01 -50440.3 -10483.9 -50440.3 -1849.01
27.04 -96386.8 -2403.32 -49472.2 -12653.3 -49472.2 -2403.32
27.06 -103194 -2429.07 -46299.5 -12790.6 -46299.5 -2429.07
27.08 -105439 -1922.4 -41199.3 -11029.3 -41199.3 -1922.4
27.1 -103325 -1050.92 -34546.6 -7944.16 -34546.6 -1050.92
27.12 -97101.9 -178.532 -26635.4 -4394.18 -26635.4 -178.532
27.14 -87166.9 231.436 -17584.2 -1259.37 -17584.2 231.436
27.16 -74153.1 69.0855 -7448.97 864.244 -7448.97 69.0855
27.18 -58806.3 -317.22 3672.51 1880.82 3672.51 -317.22
27.2 -41725.1 -563.433 15564 2176.39 15564 -563.433
27.22 -23245.8 -626.413 27865.6 2413.14 27865.6 -626.413
27.24 -3648.09 -628.904 40045.4 3317.28 40045.4 -628.904
27.26 16601.4 -439.856 51481.3 5505.53 51481.3 -439.856
27.28 36849 286.512 61714.7 9271.81 61714.7 286.512
27.3 56455.4 1667.32 70422.9 14377.8 70422.9 1667.32
27.32 74930 3391.18 77303.2 20051.2 77303.2 3391.18
27.34 91862.3 4938.45 82146.9 25269.4 82146.9 4938.45
27.36 106770 5875.05 84831.5 29124.3 84831.5 5875.05
27.38 119041 6031.59 85295.9 31032.4 85295.9 6031.59
27.4 128064 5578.8 83623.6 30783.7 83623.6 5578.8
27.42 133433 4858.25 80092.8 28536.1 80092.8 4858.25
27.44 135071 4051.68 74974.9 24777.2 74974.9 4051.68
27.46 133146 3145.05 68401.9 20245 68401.9 3145.05
27.48 127909 2230.27 60506.5 15815.9 60506.5 2230.27
27.5 119635 1581.91 51455 12319.2 51455 1581.91
27.52 108667 1424.28 41410.3 10265.1 41410.3 1424.28
27.54 95460.8 1735.25 30577.6 9644.41 30577.6 1735.25
27.56 80523 2266.87 19270.5 9965.53 19270.5 2266.87
27.58 64319.7 2709.34 7925.56 10491.2 7925.56 2709.34
27.6 47263.8 2842.89 -2958.51 10510.9 -2958.51 2842.89
27.62 29788.1 2600.97 -12904.1 9535.49 -12904.1 2600.97
27.64 12422.2 2033.02 -21493.5 7385.26 -21493.5 2033.02
27.66 -4177.88 1254.02 -28363.1 4200.6 -28363.1 1254.02
27.68 -19278.2 365.107 -33252.4 412.195 -33252.4 365.107
27.7 -32177.1 -531.351 -36059.4 -3328.22 -36059.4 -531.351
27.72 -42299.2 -1219.97 -36811.8 -6270.84 -36811.8 -1219.97
27.74 -49235.1 -1453.06 -35623.4 -7751.9 -35623.4 -1453.06
27.76 -52755.5 -1169.57 -32675.3 -7409.73 -32675.3 -1169.57
27.78 -52855.5 -545.273 -28174.8 -5327.11 -28174.8 -545.273
27.8 -49783.6 182.527 -22287.6 -1999.61 -22287.6 182.527
27.82 -43979.1 863.075 -15129.5 1842.47 -15129.5 863.075
27.84 -35956.9 1421.64 -6815.28 5451.91 -6815.28 1421.64
27.86 -26206.1 1779.48 2495.28 8254.45 2495.28 1779.48
27.88 -15134.5 1854.47 12578.1 9983.72 12578.1 1854.47
27.9 -3052.1 1661.91 23131.4 10729 23131.4 1661.91
27.92 9799.83 1332.44 33763.8 10870.5 33763.8 1332.44
27.94 23174.3 1052.9 44023.6 10925.4 44023.6 1052.9
27.96 36758.2 1016.56 53456.9 11373 53456.9 1016.56
27.98 50154.2 1326.92 61648 12514 61648 1326.92
28 62889.3 1927.27 68248.1 14375.4 68248.1 1927.27
28.02 74436.3 2652.65 73014.1 16687.3 73014.1 2652.65
28.04 84260.8 3324.07 75839.9 18957.6 75839.9 3324.07
28.06 91898.9 3792.58 76752 20620.1 76752 3792.58
28.08 97039.2 3945.41 75871.9 21203.7 75871.9 3945.41
28.1 99569 3726.75 73367.4 20484.9 73367.4 3726.75
28.12 99570.5 3177.13 69413.4 18577.4 69413.4 3177.13
28.14 97275.5 2442.62 64168 15918.3 64168 2442.62
28.16 92985 1728.98 57767.4 13138.1 57767.4 1728.98
28.18 87012.9 1230.64 50340.9 10860.7 50340.9 1230.64
28.2 79662.7 1067.5 42033.3 9506.87 42033.3 1067.5
28.22 71200.4 1243.06 33024.5 9172.42 33024.5 1243.06
28.24 61820 1646.32 23550.1 9615.29 23550.1 1646.32
28.26 51638 2102.82 13922.1 10346.3 13922.1 2102.82
28.28 40754.4 2433.01 4521.47 10784.5 4521.47 2433.01
28.3 29341.7 2488 -4243.9 10428.9 -4243.9 2488
28.32 17697.7 2183.01 -11985.9 9007.29 -11985.9 2183.01
28.34 6238.11 1536.12 -18368.2 6573.53 -18368.2 1536.12
28.36 -4526.62 694.787 -23167.6 3520.3 -23167.6 694.787
28.38 -14014.1 -105.323 -26263 485.569 -26263 -105.323
28.4 -21634.4 -657.493 -27515.7 -1833.52 -27515.7 -657.493
28.42 -26890.7 -842.154 -26855.2 -2892.18 -26855.2 -842.154
28.44 -29458 -618.853 -24411.8 -2450.59 -24411.8 -618.853
28.46 -29218.1 -43.4255 -20396.7 -630.886 -20396.7 -43.4255
28.48 -26253 733.85 -15003.1 2118.77 -15003.1 733.85
28.5 -20790 1521.8 -8446.05 5148.52 -8446.05 1521.8
28.52 -13142 2134.13 -915.884 7786.14 -915.884 2134.13
28.54 -3669.97 2423.97 7469.7 9508.77 7469.7 2423.97
28.56 7263.49 2341.96 16542.3 10069.7 16542.3 2341.96
28.58 19350.8 1961.41 26040.4 9566.57 26040.4 1961.41
28.6 32367 1447.18 35657 8422.23 35657 1447.18
28.62 46024 971.611 45402.5 7258.21 45402.5 971.611
28.64 59883 709.467 54610.8 6700.01 54610.8 709.467
