0.02 0 4.53583e-17 -2.68776 -0.021577 -2.68776 0
0.04 0 -2.0517e-14 -20.6902 -0.286932 -20.6902 0
0.06 0 3.74473e-14 -76.0591 -1.67531 -76.0591 0
0.08 0 2.4498e-13 -182.675 -6.80206 -182.675 0
0.1 0 -5.91692e-14 -330.136 -22.586 -330.136 0
0.12 0 8.43173e-13 -489.747 -62.2383 -489.747 0
0.14 0 -1.31913e-12 -636.5 -141.89 -636.5 0
0.16 0 5.59348e-12 -763.359 -272.718 -763.359 0
0.18 0 -9.78571e-12 -874.753 -454.997 -874.753 0
0.2 0 -1.09054e-12 -970.939 -679.448 -970.939 0
0.22 0 -1.9691e-12 -1042.88 -936.001 -1042.88 0
0.24 0 4.76304e-12 -1083.81 -1220.59 -1083.81 0
0.26 0 -2.59176e-13 -1104.71 -1529.84 -1104.71 0
0.28 0 1.57449e-11 -1133.35 -1850.44 -1133.35 0
0.3 0 6.83405e-12 -1191.16 -2160.67 -1191.16 0
0.32 0 -9.74923e-12 -1268.24 -2445.28 -1268.24 0
0.34 0 8.78324e-13 -1323.41 -2705.11 -1323.41 0
0.36 0 2.85581e-11 -1311.33 -2951.14 -1311.33 0
0.38 0 9.25088e-13 -1210.29 -3193.44 -1210.29 0
0.4 0 -5.47643e-11 -1027.89 -3435.96 -1027.89 0
0.42 0 1.60092e-11 -789.536 -3673.69 -789.536 0
0.44 0 1.8904e-11 -523.367 -3888.24 -523.367 0
0.46 0 -3.77063e-11 -241.493 -4050.92 -241.493 0
0.48 0 -1.52042e-11 75.1414 -4140.76 75.1414 0
0.5 0 -1.60003e-11 459.751 -4164 459.751 0
0.52 0 4.99252e-11 907.34 -4150.93 907.34 0
0.54 0 -2.55488e-11 1337.93 -4123.89 1337.93 0
0.56 0 3.81804e-11 1624.17 -4061.09 1624.17 0
0.58 0 3.31133e-11 1670.92 -3897.65 1670.92 0
0.6 0 -2.45871e-11 1478.89 -3577.87 1478.89 0
0.62 0 1.5686e-11 1124.76 -3109.51 1124.76 0
0.64 0 -3.48286e-11 661.389 -2553.77 661.389 0
0.66 0 -3.01689e-11 32.3259 -1958.79 32.3259 0
0.68 0 5.64068e-12 -898.153 -1317.15 -898.153 0
0.7 0 8.51224e-12 -2211.72 -593.94 -2211.72 0
0.72 0 -6.34378e-12 -3829.87 216.515 -3829.87 0
0.74 0 -9.13874e-12 -5547.95 1069.83 -5547.95 0
0.76 0 5.51163e-12 -7182.48 1896.26 -7182.48 0
0.78 0 -1.79649e-11 -8695.73 2635.83 -8695.73 0
0.8 0 1.79486e-11 -10189.6 3260.69 -10189.6 0
0.82 0 2.899e-11 -11771.4 3779.02 -11771.4 0
0.84 0 -3.50269e-11 -13397.2 4212.76 -13397.2 0
0.86 0 -1.11256e-11 -14835.3 4556.93 -14835.3 0
0.88 0 4.79998e-11 -15815 4759.28 -15815 0
0.9 0 6.57336e-12 -16245.8 4752.84 -16245.8 0
0.92 0 -3.3262e-11 -16299.2 4518.47 -16299.2 0
0.94 0 -5.61731e-12 -16256.7 4114.16 -16256.7 0
0.96 0 5.32545e-11 -16252.6 3635.81 -16252.6 0
0.98 0 -3.30283e-11 -16140.5 3147.81 -16140.5 0
1 0 5.24578e-11 -15496.4 2667.58 -15496.4 0
1.02 0 2.4713e-11 -13710.4 2223.74 -13710.4 0
1.04 0 -5.40479e-11 -10541.4 1871.87 -10541.4 0
1.06 0 -5.15143e-11 -6742.62 1630.25 -6742.62 0
1.08 0 2.67926e-11 -3553.37 1466.97 -3553.37 0
1.1 0 3.31686e-11 -1482.42 1355.76 -1482.42 0
1.12 0 -3.23271e-11 136.115 1310.28 136.115 0
1.14 0 -1.22395e-11 2446.77 1368.14 2446.77 0
1.16 0 1.56714e-11 5809.94 1520.44 5809.94 0
1.18 0 -1.5402e-11 9182.23 1668 9182.23 0
1.2 0 -1.43465e-11 11115.4 1711.26 11115.4 0
1.22 0 6.65869e-12 11339.7 1659.88 11339.7 0
1.24 0 1.33449e-12 10975.5 1591.42 10975.5 0
1.26 0 1.7866e-11 11147.4 1534.53 11147.4 0
1.28 0 8.81197e-12 11682.8 1456.04 11682.8 0
1.3 0 -5.23733e-12 11337.9 1351.84 11337.9 0
1.32 0 -6.9857e-12 9137.33 1288.03 9137.33 0
1.34 0 1.28552e-11 5336.88 1327.72 5336.88 0
1.36 0 1.97865e-11 1289.7 1468.83 1289.7 0
1.38 0 -1.57973e-11 -1443.9 1706.25 -1443.9 0
1.4 0 -9.18096e-12 -2427.77 2073.22 -2427.77 0
1.42 0 4.3214e-12 -3066.16 2551.8 -3066.16 0
1.44 0 -2.97833e-11 -5255.65 3038.09 -5255.65 0
1.46 0 -2.52425e-11 -9181.21 3438.99 -9181.21 0
1.48 0 -2.90243e-12 -13010.7 3746.83 -13010.7 0
1.5 0 7.97929e-11 -14882.7 4016.13 -14882.7 0
1.52 0 4.15261e-11 -14878.7 4295.88 -14878.7 0
1.54 0 -2.30628e-11 -14822.2 4572.65 -14822.2 0
1.56 0 -1.61503e-11 -16220.2 4751.17 -16220.2 0
1.58 0 -2.2277e-11 -18569.3 4702.63 -18569.3 0
1.6 0 5.80125e-11 -19785.6 4370.63 -19785.6 0
1.62 0 -3.18407e-11 -18324.1 3838.86 -18324.1 0
1.64 0 -3.22254e-11 -14765.9 3281.87 -14765.9 0
1.66 0 -7.65863e-12 -11182.6 2841.42 -11182.6 0
1.68 0 -2.75157e-11 -9019.46 2525.66 -9019.46 0
1.7 0 3.4231e-11 -7794.34 2191.69 -7794.34 0
1.72 0 8.69018e-13 -5867.84 1639.33 -5867.84 0
1.74 0 2.78502e-12 -2271 798.794 -2271 0
1.76 0 -1.53424e-11 2352.89 -149.732 2352.89 0
1.78 0 1.36238e-11 6470.66 -918.047 6470.66 0
1.8 0 -8.2233e-12 9120.86 -1417.98 9120.86 0
1.82 0 6.59056e-12 10693.6 -1882.56 10693.6 0
1.84 0 1.05177e-11 12430.6 -2632.96 12430.6 0
1.86 0 -2.65845e-11 15199.7 -3738.15 15199.7 0
1.88 0 -4.06884e-11 18704.7 -4922.23 18704.7 0
1.9 0 9.04873e-11 21833.7 -5801.28 21833.7 0
1.92 0 -6.22633e-11 23712.8 -6218.83 23712.8 0
1.94 0 4.85033e-11 24404.3 -6363.86 24404.3 0
1.96 0 8.4255e-12 24677.8 -6556.77 24677.8 0
1.98 0 -5.42247e-11 25194.9 -6899 25194.9 0
2 0 8.19869e-12 25877.9 -7126.54 25877.9 0
2.02 0 4.30775e-11 25981.7 -6823.65 25981.7 0
2.04 0 4.81143e-11 24738.6 -5791.99 24738.6 0
2.06 0 -4.19751e-11 21974.2 -4220.88 21974.2 0
2.08 0 7.09783e-12 18142 -2516.87 18142 0
2.1 0 -5.73174e-11 13776 -966.527 13776 0
2.12 0 1.76934e-11 8942.15 467.429 8942.15 0
2.14 0 -4.73847e-12 3287.34 2036.07 3287.34 0
2.16 0 1.97784e-11 -3365.78 3882 -3365.78 0
2.18 0 3.01912e-12 -10549.2 5825.01 -10549.2 0
2.2 0 -1.21116e-11 -17325.6 7474.68 -17325.6 0
2.22 0 -2.97495e-11 -22950.8 8539.81 -22950.8 0
2.24 0 2.27809e-11 -27389.5 9029.32 -27389.5 0
2.26 0 5.62227e-11 -31148.3 9200.11 -31148.3 0
2.28 0 8.47389e-11 -34580.6 9326.82 -34580.6 0
2.3 0 -4.68454e-11 -37431.3 9479.99 -37431.3 0
2.32 0 -6.53966e-11 -39084.3 9494.94 -39084.3 0
2.34 0 -8.11853e-11 -39119.3 9158.46 -39119.3 0
2.36 0 -5.71154e-11 -37580.7 8434.6 -37580.7 0
2.38 0 -3.48085e-11 -34859.4 7513.06 -34859.4 0
2.4 0 4.45643e-11 -31376.9 6642.16 -31376.9 0
2.42 0 1.06516e-10 -27276.2 5912.59 -27276.2 0
2.44 0 -2.04982e-11 -22370.8 5201.43 -22370.8 0
2.46 0 9.61177e-12 -16426.7 4317.94 -16426.7 0
2.48 0 -1.89827e-11 -9522.71 3186.08 -9522.71 0
2.5 0 1.85333e-11 -2184.78 1906.11 -2184.78 0
2.52 0 -1.4283e-12 4835.57 677.491 4835.57 0
2.54 0 9.66102e-13 11048.2 -350.422 11048.2 0
2.56 0 2.43818e-11 16566.5 -1182.16 16566.5 0
2.58 0 -4.20896e-11 21829.7 -1938.84 21829.7 0
2.6 0 6.35236e-11 26895.4 -2709.83 26895.4 0
2.62 0 2.85571e-11 31157.6 -3428.17 31157.6 0
2.64 0 -3.59728e-11 33870.9 -3877.23 33870.9 0
2.66 0 -3.31942e-11 34821.4 -3832.81 34821.4 0
2.68 0 -9.00409e-12 34359.4 -3258.13 34359.4 0
2.7 0 -4.37519e-11 32851.7 -2376.54 32851.7 0
2.72 0 7.5676e-11 30226.4 -1504.71 30226.4 0
2.74 0 -2.68393e-11 26072.5 -780.477 26072.5 0
2.76 0 -3.18899e-11 20175.4 -73.7876 20175.4 0
2.78 0 1.9289e-11 12902.3 796.833 12902.3 0
2.8 0 8.40077e-12 4926.4 1792.03 4926.4 0
2.82 0 -6.17303e-12 -3451.35 2658.61 -3451.35 0
2.84 0 3.35183e-12 -12513.5 3191.27 -12513.5 0
2.86 0 6.51832e-11 -22523.9 3417.71 -22523.9 0
2.88 0 -5.68713e-11 -33007.3 3499.72 -33007.3 0
2.9 0 -6.82474e-11 -42738.6 3494.04 -42738.6 0
2.92 0 6.59891e-11 -50468.1 3253.9 -50468.1 0
2.94 0 1.34184e-13 -55739.7 2566.01 -55739.7 0
2.96 0 3.39505e-11 -59099.3 1367.03 -59099.3 0
2.98 0 -2.57185e-11 -61421.3 -179.896 -61421.3 0
3 0 6.38698e-12 -62887.5 -1814.68 -62887.5 0
3.02 0 -7.11603e-12 -62628 -3384.95 -62628 0
3.04 0 -7.49385e-12 -59488.1 -4928.15 -59488.1 0
3.06 0 -1.12379e-11 -53219 -6547.14 -53219 0
3.08 0 -1.18021e-11 -44894.6 -8210.79 -44894.6 0
3.1 0 -4.59539e-11 -36087.9 -9712.96 -36087.9 0
3.12 0 3.19881e-11 -27536 -10865.6 -27536 0
3.14 0 -7.95498e-11 -18548.4 -11702.6 -18548.4 0
3.16 0 2.45795e-11 -7800.07 -12416.8 -7800.07 0
3.18 0 1.92839e-10 5162.79 -13099.6 5162.79 0
3.2 0 -1.35023e-10 19200.1 -13619.8 19200.1 0
3.22 0 -1.92325e-11 32449.3 -13777.4 32449.3 0
3.24 0 -8.03484e-11 43865.8 -13503.7 43865.8 0
3.26 0 8.36576e-11 53770.1 -12871.3 53770.1 0
3.28 0 3.28111e-10 62961.5 -11964.8 62961.5 0
3.3 0 -2.56575e-10 71509.5 -10788.7 71509.5 0
3.32 0 5.93992e-11 78457.1 -9293.82 78457.1 0
3.34 0 -1.16059e-10 82551.6 -7477.81 82551.6 0
3.36 0 -7.97424e-12 83131 -5433.98 83131 0
3.38 0 9.34537e-12 80368.8 -3270.22 80368.8 0
3.4 0 -2.75811e-12 74859.7 -1003.94 74859.7 0
3.42 0 -1.7195e-11 67087.3 1414.4 67087.3 0
3.44 0 2.44981e-11 57214 3979.94 57214 0
3.46 0 -3.39131e-12 45227.1 6574.27 45227.1 0
3.48 0 -3.72593e-11 31213.4 9024.88 31213.4 0
3.5 0 6.4002e-11 15520.2 11200.8 15520.2 0
3.52 0 5.01838e-11 -1260.96 13061.1 -1260.96 0
3.54 0 5.08474e-11 -18380.6 14636.7 -18380.6 0
3.56 0 2.25947e-10 -35000.7 15956.6 -35000.7 0
3.58 0 -3.50788e-10 -50285.3 16959.3 -50285.3 0
3.6 0 -2.63341e-11 -63610.2 17479.8 -63610.2 0
3.62 0 2.02885e-10 -74810.3 17380.9 -74810.3 0
3.64 0 -1.85609e-10 -84141.4 16734.4 -84141.4 0
3.66 0 1.19978e-10 -91813.6 15838.8 -91813.6 0
3.68 0 -6.74782e-11 -97516.4 14988.3 -97516.4 0
3.7 0 -2.06387e-10 -100503 14204.9 -100503 0
3.72 0 1.59594e-10 -100156 13229.9 -100156 0
3.74 0 -3.03487e-11 -96400.9 11789.9 -96400.9 0
3.76 0 -1.87663e-10 -89636.7 9853.25 -89636.7 0
3.78 0 -1.1136e-10 -80367.4 7633.4 -80367.4 0
3.8 0 2.07065e-10 -68872.3 5377.15 -68872.3 0
3.82 0 9.51782e-11 -55138.7 3161.26 -55138.7 0
3.84 0 7.31059e-11 -39144.2 862.281 -39144.2 0
3.86 0 -1.43805e-12 -21277.2 -1687.43 -21277.2 0
3.88 0 4.68882e-11 -2449.13 -4478.82 -2449.13 0
3.9 0 7.90302e-11 16252.9 -7227.68 16252.9 0
3.92 0 4.50334e-11 34016.8 -9507.48 34016.8 0
3.94 0 7.01356e-11 50422.9 -11012.6 50422.9 0
3.96 0 -3.31004e-10 65174.8 -11717.7 65174.8 0
3.98 0 3.49155e-10 77753.5 -11807.9 77753.5 0
4 0 4.5783e-11 87309.7 -11455.5 87309.7 0
4.02 0 -3.38841e-10 92895.3 -10641.5 92895.3 0
4.04 0 -1.45589e-10 93883 -9209.5 93883 0
4.06 0 7.27267e-11 90221.8 -7118.52 90221.8 0
4.08 0 2.89279e-11 82293.7 -4616.72 82293.7 0
4.1 0 8.19902e-11 70562.3 -2123.67 70562.3 0
4.12 0 -8.27646e-12 55431.9 30.1228 55431.9 0
4.14 0 -9.03003e-13 37422.8 1708.12 37422.8 0
4.16 0 -3.4905e-11 17339.8 2881.35 17339.8 0
4.18 0 1.21921e-11 -3813.56 3550.48 -3813.56 0
4.2 0 -6.18125e-12 -25053.6 3770.23 -25053.6 0
4.22 0 -1.24068e-11 -45549.4 3660.55 -45549.4 0
4.24 0 4.65081e-11 -64660.1 3342.44 -64660.1 0
4.26 0 -2.57834e-11 -81906.3 2897.88 -81906.3 0
4.28 0 -1.21465e-10 -96817.7 2393.63 -96817.7 0
4.3 0 9.05627e-11 -108788 1902.4 -108788 0
4.32 0 -3.01238e-11 -117181 1502.44 -117181 0
4.34 0 -6.16677e-11 -121583 1261.26 -121583 0
4.36 0 8.52709e-11 -121899 1161.23 -121899 0
4.38 0 -7.54073e-11 -118190 1005.54 -118190 0
4.4 0 -8.27239e-11 -110508 439.091 -110508 0
4.42 0 1.09447e-10 -98903.4 -896.953 -98903.4 0
4.44 0 2.65781e-11 -83610.9 -3191.32 -83610.9 0
4.46 0 4.33607e-11 -65089.8 -6379.45 -65089.8 0
4.48 0 -5.85444e-12 -43800.6 -10210.8 -43800.6 0
4.5 0 -6.69497e-11 -20055.3 -14421.8 -20055.3 0
4.52 0 1.23225e-10 5806.87 -18871.7 5806.87 0
4.54 0 4.21549e-10 33217.3 -23530.8 33217.3 0
4.56 0 -3.92366e-10 61482.1 -28321.8 61482.1 0
4.58 0 2.88958e-10 90044.7 -32946.5 90044.7 0
4.6 0 -2.04208e-10 118509 -36899.7 118509 0
4.62 0 -5.25701e-12 146252 -39711.6 146252 0
4.64 0 -2.73563e-10 171975 -41172.1 171975 0
4.66 0 2.66661e-10 193830 -41289.3 193830 0
4.68 0 -2.78064e-10 210266 -40068.2 210266 0
4.7 0 9.19366e-10 220762 -37375.9 220762 0
4.72 0 -3.48936e-10 225610 -32994 225610 0
4.74 0 9.49077e-11 224988 -26781.9 224988 0
4.76 0 6.65138e-11 218456 -18841.1 218456 0
4.78 0 -1.04181e-10 205472 -9566.88 205472 0
4.8 0 4.48521e-11 186331 473.264 186331 0
4.82 0 -6.93643e-11 162430 10740.4 162430 0
4.84 0 -1.34739e-10 135487 20841.7 135487 0
4.86 0 1.73525e-10 106456 30550.2 106456 0
4.88 0 -2.71889e-10 75300.3 39811.5 75300.3 0
4.9 0 -3.86528e-10 41832.6 48714.5 41832.6 0
4.92 0 -8.49298e-10 6723.46 57351.7 6723.46 0
4.94 0 -2.17034e-12 -28408.2 65644.4 -28408.2 0
4.96 0 2.60663e-10 -61858.8 73309.5 -61858.8 0
4.98 0 5.36998e-10 -92702.6 80001.3 -92702.6 0
5 0 1.75748e-10 -120849 85471.9 -120849 0
5.02 0 6.96316e-10 -146400 89589.9 -146400 0
5.04 0 -1.45812e-09 -169027 92201.4 -169027 0
5.06 0 5.17226e-10 -187937 92958.4 -187937 0
5.08 0 -1.62729e-09 -202383 91277.4 -202383 0
5.1 0 1.41425e-09 -212132 86510.1 -212132 0
5.12 0 -3.75894e-10 -217311 78218.4 -217311 0
5.14 0 -6.39953e-10 -217764 66311.7 -217764 0
5.16 0 4.046e-10 -212661 50914.3 -212661 0
5.18 0 -7.51001e-11 -200831 32114.2 -200831 0
5.2 0 -3.9069e-10 -181513 9901.5 -181513 0
5.22 0 -5.56901e-10 -154830 -15541.5 -154830 0
5.24 0 1.67635e-10 -121684 -43389.9 -121684 0
5.26 0 -8.70989e-12 -83253.2 -72010.3 -83253.2 0
5.28 0 2.22982e-09 -40424.2 -99351.2 -40424.2 0
5.3 0 -1.72868e-09 6448.83 -123611 6448.83 0
5.32 0 8.22616e-10 57129.7 -143615 57129.7 0
5.34 0 1.56625e-10 110622 -158649 110622 0
5.36 0 7.59662e-10 164566 -168093 164566 0
5.38 0 -1.44933e-09 215584 -171427 215584 0
5.4 0 2.07061e-09 260823 -168916 260823 0
5.42 0 3.71911e-10 299042 -161928 299042 0
5.44 0 -7.82211e-10 329444 -151691 329444 0
5.46 0 -1.78439e-09 350336 -138386 350336 0
5.48 0 -2.08253e-09 358858 -121479 358858 0
5.5 0 -1.13466e-09 352272 -100852 352272 0
5.52 0 -3.34143e-10 329798 -77307.7 329798 0
5.54 0 3.45815e-10 292698 -51892.6 292698 0
5.56 0 -1.68366e-10 243170 -25514.7 243170 0
5.58 0 -1.09784e-11 183582 934.811 183582 0
5.6 0 1.9394e-11 116978 26267.6 116978 0
5.62 0 -2.5491e-10 47684.8 49098.2 47684.8 0
5.64 0 2.92209e-10 -19449.4 68294 -19449.4 0
5.66 0 5.73212e-10 -80676.7 83310.2 -80676.7 0
5.68 0 5.59528e-10 -134024 94095.4 -134024 0
5.7 0 -5.94105e-10 -178414 100803 -178414 0
5.72 0 4.98184e-10 -212356 103727 -212356 0
5.74 0 5.5462e-10 -233654 103497 -233654 0
5.76 0 1.93533e-10 -240346 101120 -240346 0
5.78 0 -1.42625e-09 -231826 97625.7 -231826 0
5.8 0 -3.30985e-10 -209082 93492.6 -209082 0
5.82 0 8.88349e-10 -173981 88495.3 -173981 0
5.84 0 2.31997e-10 -128413 82296.9 -128413 0
5.86 0 2.34675e-10 -74101.3 75056.6 -74101.3 0
5.88 0 7.40083e-10 -13136.1 67332.8 -13136.1 0
5.9 0 -5.36306e-10 51410 59612 51410 0
5.92 0 1.10151e-09 115539 52008.2 115539 0
5.94 0 8.36581e-10 175192 44194.6 175192 0
5.96 0 -9.73071e-11 227079 35403.2 227079 0
5.98 0 -7.82284e-11 268811 24563.6 268811 0
6 0 1.54595e-11 298712 10804.8 298712 0
6.02 0 1.49048e-10 315754 -5801.55 315754 0
6.04 0 8.27099e-10 319282 -23826.6 319282 0
6.06 0 2.0381e-10 308505 -40962.5 308505 0
6.08 0 4.98652e-10 282917 -55311.4 282917 0
6.1 0 4.5713e-10 243532 -66511.4 243532 0
6.12 0 1.97918e-10 192565 -75628.1 192565 0
6.14 0 -2.25417e-10 131085 -83883.6 131085 0
6.16 0 8.40552e-10 57470.6 -91396.3 57470.6 0
6.18 0 2.79781e-09 -30793.7 -97063.5 -30793.7 0
6.2 0 1.14778e-09 -133395 -99682.6 -133395 0
6.22 0 -9.08916e-10 -245042 -99284.6 -245042 0
6.24 0 3.38959e-10 -357375 -96839.9 -357375 0
6.26 0 -9.52309e-10 -460996 -92740.8 -460996 0
6.28 0 8.23463e-10 -549494 -86266 -549494 0
6.3 0 -3.71502e-10 -611654 -75552.2 -611654 0
6.32 0 -3.24005e-10 -623179 -62290.9 -623179 0
6.34 0 -3.56053e-10 -628568 -48900.4 -628568 0
6.36 0 1.8906e-10 -631542 -31560.3 -631542 0
6.38 0 -7.13331e-13 -632313 -10787.8 -632313 0
6.4 0 -4.35674e-10 -632399 9927.53 -632399 0
6.42 0 -1.18744e-10 -632465 29793.8 -632465 0
6.44 0 1.0812e-09 -621512 47487.6 -621512 0
6.46 0 -1.04792e-09 -588350 61739 -588350 0
6.48 0 -1.77622e-09 -522068 71438 -522068 0
6.5 0 1.70183e-09 -414316 76283.1 -414316 0
6.52 0 -1.1877e-09 -290757 76957.1 -290757 0
6.54 0 9.01194e-10 -163618 75231.2 -163618 0
6.56 0 2.83993e-11 -40092.2 72093.7 -40092.2 0
6.58 0 3.5906e-10 84770.2 67125.7 84770.2 0
6.6 0 -8.29244e-10 209117 59712.5 209117 0
6.62 0 3.1848e-10 321786 50558.6 321786 0
6.64 0 -1.10077e-10 409338 41389.9 409338 0
6.66 0 1.24114e-10 468752 33564.5 468752 0
6.68 0 -9.24244e-11 507463 27224.4 507463 0
6.7 0 -8.63734e-11 535005 21719.6 535005 0
6.72 0 -4.94244e-11 556765 16497.2 556765 0
6.74 0 3.60038e-12 574267 11546.3 574267 0
6.76 0 3.58871e-10 587986 7096.39 587986 0
6.78 0 -1.62296e-10 598502 2901.32 598502 0
6.8 0 -9.11711e-10 605424 -2155.74 605424 0
6.82 0 -3.47427e-10 608439 -9515.15 608439 0
6.84 0 2.0528e-09 605368 -19758.6 605368 0
6.86 0 1.66714e-10 579081 -31390.9 579081 0
6.88 0 9.49431e-10 538385 -43284.8 538385 0
6.9 0 -1.057e-09 471873 -54810.3 471873 0
6.92 0 -9.08949e-10 393672 -65426.8 393672 0
6.94 0 -8.22096e-10 299909 -75295.5 299909 0
6.96 0 1.57423e-10 197478 -83781.2 197478 0
6.98 0 6.11156e-10 89572.6 -89820.7 89572.6 0
7 0 3.77325e-10 -17164.4 -91914.1 -17164.4 0
7.02 0 -1.27683e-09 -118393 -88880.6 -118393 0
7.04 0 8.16536e-11 -210528 -80808.1 -210528 0
7.06 0 -8.11551e-11 -291778 -69131.3 -291778 0
7.08 0 1.62239e-10 -360642 -55716.6 -360642 0
7.1 0 1.34636e-11 -415912 -41837 -415912 0
7.12 0 2.75151e-11 -457203 -28089 -457203 0
7.14 0 -5.20986e-11 -485554 -14835.1 -485554 0
7.16 0 -1.31346e-10 -502977 -2494.64 -502977 0
7.18 0 1.71306e-10 -511467 8596.93 -511467 0
7.2 0 -6.54323e-10 -512668 18065.1 -512668 0
7.22 0 -6.4319e-10 -495257 25170 -495257 0
7.24 0 -1.70032e-09 -462957 30501.7 -462957 0
7.26 0 9.62011e-10 -408476 36120.4 -408476 0
7.28 0 2.61498e-10 -338058 43261.8 -338058 0
7.3 0 4.39691e-10 -256305 51824.4 -256305 0
7.32 0 5.52543e-11 -167839 60958.5 -167839 0
7.34 0 1.4236e-10 -75240.3 70022.1 -75240.3 0
7.36 0 1.16506e-09 19174 78854 19174 0
7.38 0 1.12132e-09 112010 87065.3 112010 0
7.4 0 3.78564e-10 198338 93730.6 198338 0
7.42 0 2.79797e-11 273251 97799.6 273251 0
7.44 0 -6.95214e-11 333494 98606.5 333494 0
7.46 0 -7.3567e-10 378142 95955.4 378142 0
7.48 0 3.26897e-10 408272 89756.1 408272 0
7.5 0 5.35993e-10 426182 79765.1 426182 0
7.52 0 2.04521e-11 434617 65763 434617 0
7.54 0 -2.35898e-11 436201 48155.3 436201 0
7.56 0 1.7027e-11 427323 28165.2 427323 0
7.58 0 -3.1769e-10 405509 6931.39 405509 0
7.6 0 -6.42468e-10 365799 -15121.3 365799 0
7.62 0 1.37643e-10 310039 -37508.4 310039 0
7.64 0 5.48167e-10 244891 -59111.3 244891 0
7.66 0 -4.9307e-10 174028 -78353.6 174028 0
7.68 0 -9.5801e-11 98331.5 -93656.4 98331.5 0
7.7 0 9.78794e-11 16969.3 -103977 16969.3 0
7.72 0 6.51042e-10 -67949.6 -108778 -67949.6 0
7.74 0 -4.76736e-10 -150481 -107732 -150481 0
7.76 0 -1.74206e-09 -223436 -100948 -223436 0
7.78 0 5.13765e-10 -282549 -89376.3 -282549 0
7.8 0 6.38415e-10 -327756 -74585.2 -327756 0
7.82 0 2.88118e-10 -361293 -58119.6 -361293 0
7.84 0 1.63325e-11 -385170 -40913.9 -385170 0
7.86 0 1.36701e-11 -400277 -23172.9 -400277 0
7.88 0 -1.80599e-11 -407171 -4773.66 -407171 0
7.9 0 1.57472e-10 -405033 14121.6 -405033 0
7.92 0 -1.90129e-10 -388451 32698.7 -388451 0
7.94 0 -5.89897e-10 -355439 50330.1 -355439 0
7.96 0 -3.21311e-10 -304644 66976.5 -304644 0
7.98 0 1.19389e-09 -242825 82822.4 -242825 0
8 0 2.60668e-09 -174955 97837.7 -174955 0
8.02 0 8.06386e-10 -104523 111323 -104523 0
8.04 0 -1.68252e-10 -31239 122264 -31239 0
8.06 0 7.42556e-10 44462.7 129741 44462.7 0
8.08 0 -6.6117e-10 119206 132969 119206 0
8.1 0 6.63053e-10 187219 131137 187219 0
8.12 0 7.33724e-10 244268 123756 244268 0
8.14 0 2.53663e-10 290194 110976 290194 0
8.16 0 -3.64567e-11 327876 93378.5 327876 0
8.18 0 7.9949e-11 359832 71609.7 359832 0
8.2 0 9.01032e-11 386115 46264.5 386115 0
8.22 0 4.28659e-11 405025 18191 405025 0
8.24 0 5.05644e-11 414957 -11266.9 414957 0
8.26 0 -4.04178e-10 414855 -40481.2 414855 0
8.28 0 -6.73254e-10 400820 -67907.6 400820 0
8.3 0 -5.48201e-10 375607 -92802 375607 0
8.32 0 -5.68621e-10 338297 -114898 338297 0
8.34 0 1.98216e-09 292454 -133655 292454 0
8.36 0 2.04708e-09 237761 -148222 237761 0
8.38 0 -2.03482e-09 176189 -157687 176189 0
8.4 0 -1.02264e-09 110152 -161807 110152 0
8.42 0 9.11159e-10 43554.2 -161269 43554.2 0
8.44 0 2.05942e-10 -20677.2 -156882 -20677.2 0
8.46 0 -7.99265e-10 -80541.7 -148439 -80541.7 0
8.48 0 9.39222e-10 -134822 -134999 -134822 0
8.5 0 1.67506e-10 -182626 -116548 -182626 0
8.52 0 7.90742e-11 -223236 -94541.7 -223236 0
8.54 0 3.06514e-10 -255943 -70655.2 -255943 0
8.56 0 2.12179e-11 -279933 -45670.3 -279933 0
8.58 0 -7.82755e-11 -294401 -19618.8 -294401 0
8.6 0 6.41392e-11 -299030 7147.32 -299030 0
8.62 0 -2.30849e-10 -291699 33301.3 -291699 0
8.64 0 -6.60506e-10 -272161 57126.9 -272161 0
8.66 0 3.34343e-10 -240494 77658.6 -240494 0
8.68 0 1.15885e-10 -198765 94870.4 -198765 0
8.7 0 -8.48158e-10 -150888 109086 -150888 0
8.72 0 1.56098e-09 -98588.9 120368 -98588.9 0
8.74 0 -1.79418e-09 -43234.2 128419 -43234.2 0
8.76 0 -6.41122e-10 14382.4 133027 14382.4 0
8.78 0 6.32682e-10 72558.8 134417 72558.8 0
8.8 0 2.8036e-10 129186 132907 129186 0
8.82 0 -3.35609e-10 182136 127956 182136 0
8.84 0 -4.74573e-10 229624 118357 229624 0
8.86 0 -3.52546e-10 270436 103796 270436 0
8.88 0 2.44447e-10 303982 85410.3 303982 0
8.9 0 -8.11081e-10 329829 64760.5 329829 0
8.92 0 5.56502e-12 347205 42770.8 347205 0
8.94 0 3.95554e-11 355073 19690.9 355073 0
8.96 0 -4.3617e-11 351746 -4086.52 351746 0
8.98 0 -3.71347e-10 335811 -27450.4 335811 0
9 0 -4.25507e-10 308848 -49064.9 308848 0
9.02 0 -3.87385e-10 272792 -68018.6 272792 0
9.04 0 -7.3578e-11 230599 -84049.4 230599 0
9.06 0 2.46612e-10 181877 -97279.1 181877 0
9.08 0 1.29592e-09 126309 -107661 126309 0
9.1 0 -3.40505e-10 64713.6 -114849 64713.6 0
9.12 0 1.5669e-10 663.475 -118448 663.475 0
9.14 0 1.42375e-11 -61399.2 -118463 -61399.2 0
9.16 0 1.64848e-10 -118567 -115186 -118567 0
9.18 0 5.59034e-10 -170505 -108715 -170505 0
9.2 0 -8.96391e-10 -217866 -99265.8 -217866 0
9.22 0 -6.44761e-10 -260353 -87824.5 -260353 0
9.24 0 -2.29341e-10 -296258 -75712.7 -296258 0
9.26 0 -1.15234e-10 -323752 -63399.5 -323752 0
9.28 0 3.07953e-11 -342278 -50107.9 -342278 0
9.3 0 2.25039e-10 -352474 -34848.5 -352474 0
9.32 0 -5.3221e-11 -355184 -17915.6 -355184 0
9.34 0 -1.23239e-10 -347743 -1045.29 -347743 0
9.36 0 -3.26337e-11 -329108 14238.4 -329108 0
9.38 0 5.262e-11 -298556 28064.4 -298556 0
9.4 0 -5.11039e-10 -258723 41596.3 -258723 0
9.42 0 1.16456e-09 -213765 55408.2 -213765 0
9.44 0 2.25333e-10 -164500 68613.2 -164500 0
9.46 0 7.95175e-10 -110761 79467.1 -110761 0
9.48 0 2.56294e-10 -52765.5 86727.2 -52765.5 0
9.5 0 -6.00436e-10 6814.36 90298.3 6814.36 0
9.52 0 7.34512e-11 64374 90675.5 64374 0
9.54 0 -6.82039e-11 117382 87901.6 117382 0
9.56 0 -1.202e-10 165184 81455.6 165184 0
9.58 0 2.86839e-10 207963 71121.1 207963 0
9.6 0 -1.47029e-10 245527 57543.1 245527 0
9.62 0 -5.19476e-12 276920 41870.9 276920 0
9.64 0 -8.18889e-12 300874 25112.6 300874 0
9.66 0 7.57644e-11 316345 7956.53 316345 0
9.68 0 4.03403e-10 322756 -8939.32 322756 0
9.7 0 -5.54945e-10 319033 -24757.5 319033 0
9.72 0 8.89134e-10 304342 -38763.3 304342 0
9.74 0 -9.65711e-10 278974 -50706.7 278974 0
9.76 0 -4.83619e-10 243209 -60585.5 243209 0
9.78 0 -8.86251e-10 198554 -68169.2 198554 0
9.8 0 -9.96594e-10 145309 -72905.8 145309 0
9.82 0 9.91978e-11 85219.4 -74270.7 85219.4 0
9.84 0 8.0612e-10 21188.7 -72261.4 21188.7 0
9.86 0 -7.5089e-11 -42720.4 -67396.7 -42720.4 0
9.88 0 -5.04779e-10 -103130 -60357.7 -103130 0
9.9 0 4.8424e-11 -158365 -51606.3 -158365 0
9.92 0 -7.10639e-11 -208116 -41301.7 -208116 0
9.94 0 -1.01982e-10 -251879 -29543.1 -251879 0
9.96 0 -2.91944e-11 -288140 -16675.8 -288140 0
9.98 0 -9.60506e-11 -315113 -3358.51 -315113 0
10 0 1.26802e-11 -332241 9673.86 -332241 0
10.02 0 4.61069e-10 -340794 21945.7 -340794 0
10.04 0 -3.1644e-10 -342964 33332.7 -342964 0
10.06 0 -9.8776e-10 -338505 43831.1 -338505 0
10.08 0 -5.60127e-10 -325740 53309.3 -325740 0
10.1 0 -7.09248e-10 -301579 61390.8 -301579 0
10.12 0 9.42687e-10 -265664 67468.6 -265664 0
10.14 0 3.03194e-10 -220968 71054.1 -220968 0
10.16 0 -1.33343e-09 -170338 72058.5 -170338 0
10.18 0 1.1445e-10 -115644 70549.8 -115644 0
10.2 0 -1.05894e-10 -57294.8 66403.8 -57294.8 0
10.22 0 1.0594e-10 3969.52 59329 3969.52 0
10.24 0 -1.48958e-10 66133.8 49265.4 66133.8 0
10.26 0 -2.17873e-10 125969 36702 125969 0
10.28 0 -1.14607e-10 180324 22563.4 180324 0
10.3 0 3.73128e-11 227274 7827.36 227274 0
10.32 0 1.78689e-11 266324 -6742.5 266324 0
10.34 0 -1.8607e-11 297573 -20614.3 297573 0
10.36 0 6.628e-10 320639 -33407.2 320639 0
10.38 0 -5.36858e-10 334304 -44850.9 334304 0
10.4 0 -3.52708e-11 336850 -54765.8 336850 0
10.42 0 3.52187e-11 324872 -62943 324872 0
10.44 0 -1.23316e-09 300111 -69203.9 300111 0
10.46 0 -9.74793e-10 262586 -73448.7 262586 0
10.48 0 -6.39269e-10 214938 -75492.4 214938 0
10.5 0 5.1036e-10 159464 -75161.2 159464 0
10.52 0 -1.17128e-11 97027.1 -72346.7 97027.1 0
10.54 0 -3.6746e-10 29871.8 -67031.1 29871.8 0
10.56 0 -2.10984e-10 -38731.5 -59441.9 -38731.5 0
10.58 0 -4.31503e-10 -105174 -50080.9 -105174 0
10.6 0 -1.63758e-10 -166946 -39547.8 -166946 0
10.62 0 -2.60397e-10 -222548 -28252.2 -222548 0
10.64 0 -4.10572e-11 -270722 -16343.2 -270722 0
10.66 0 5.27778e-11 -309869 -3955.36 -309869 0
10.68 0 -4.23413e-10 -338435 8481.14 -338435 0
10.7 0 1.14679e-10 -355659 20241.1 -355659 0
10.72 0 -4.68599e-10 -361794 30670 -361794 0
10.74 0 1.0169e-09 -356452 39485.6 -356452 0
10.76 0 -6.58656e-10 -339401 46786.3 -339401 0
10.78 0 1.08454e-09 -309419 52878.3 -309419 0
10.8 0 3.81566e-10 -266128 57670.2 -266128 0
10.82 0 5.27243e-10 -212375 60657.8 -212375 0
10.84 0 -1.54082e-09 -150614 61544.2 -150614 0
10.86 0 -1.41692e-10 -84050.3 60532.5 -84050.3 0
10.88 0 -4.32771e-10 -14963.6 58124 -14963.6 0
10.9 0 1.17701e-10 54428.8 54538.2 54428.8 0
10.92 0 -1.55546e-10 121936 49473 121936 0
10.94 0 -2.24799e-10 185000 42445 185000 0
10.96 0 1.83413e-10 241064 33392.6 241064 0
10.98 0 -4.75358e-11 288141 22919.8 288141 0
11 0 -1.86575e-11 325301 11996.1 325301 0
11.02 0 -4.54526e-11 352503 1434.47 352503 0
11.04 0 -8.09665e-11 369977 -8410.09 369977 0
11.06 0 -3.84186e-11 377641 -17588 377641 0
11.08 0 1.3477e-09 374178 -26212.9 374178 0
11.1 0 -3.60022e-10 357038 -34147.2 357038 0
11.12 0 -1.15694e-11 325188 -41257.5 325188 0
11.14 0 -1.77562e-10 278608 -47388 278608 0
11.16 0 -7.81521e-10 221934 -52378.1 221934 0
11.18 0 -4.06749e-10 157529 -56337.7 157529 0
11.2 0 4.46192e-10 87634.3 -59542.6 87634.3 0
11.22 0 2.21563e-10 13562.3 -62148.8 13562.3 0
11.24 0 -9.79394e-11 -61833.7 -63827.1 -61833.7 0
11.26 0 -3.3866e-10 -134624 -63866.1 -134624 0
11.28 0 3.88669e-10 -200874 -61668.8 -200874 0
11.3 0 6.23761e-10 -258106 -57205.3 -258106 0
11.32 0 -1.87785e-10 -305444 -51042.7 -305444 0
11.34 0 -9.81168e-11 -343030 -43980.8 -343030 0
11.36 0 9.1599e-12 -371272 -36601 -371272 0
11.38 0 -1.58804e-11 -390510 -29035.5 -390510 0
11.4 0 -7.41949e-11 -400956 -21060.5 -400956 0
11.42 0 -9.33068e-11 -402548 -12427.3 -402548 0
11.44 0 4.01468e-11 -391249 -3332.81 -391249 0
11.46 0 8.71456e-10 -368017 5780.13 -368017 0
11.48 0 1.76449e-09 -330093 14539.6 -330093 0
11.5 0 -3.21794e-10 -279702 22622.5 -279702 0
11.52 0 -5.4474e-10 -219920 30068.6 -219920 0
11.54 0 -1.90363e-10 -152154 37254 -152154 0
11.56 0 -1.90656e-10 -78226 44333.4 -78226 0
11.58 0 -7.01668e-10 -739.71 50738.8 -739.71 0
11.6 0 -3.77259e-11 76474.3 55414.4 76474.3 0
11.62 0 5.45855e-10 149796 57687.2 149796 0
11.64 0 6.5831e-10 216569 57762.1 216569 0
11.66 0 -1.82212e-11 275151 56291.1 275151 0
11.68 0 -6.51929e-11 324499 53537.5 324499 0
11.7 0 9.88453e-11 364052 49070 364052 0
11.72 0 3.45844e-11 393810 42266.1 393810 0
11.74 0 1.58607e-11 414282 33020.4 414282 0
11.76 0 2.20307e-11 426101 21894.9 426101 0
11.78 0 -1.7351e-10 429556 9643.33 429556 0
11.8 0 5.72313e-10 421179 -3171.68 421179 0
11.82 0 -2.88899e-10 399539 -16376.8 399539 0
11.84 0 -5.92001e-10 361838 -29988.5 361838 0
11.86 0 -5.8652e-10 309563 -43572.1 309563 0
11.88 0 2.86402e-10 247565 -56323.4 247565 0
11.9 0 3.17499e-10 178550 -67533.7 178550 0
11.92 0 5.8841e-10 104609 -76800 104609 0
11.94 0 8.165e-10 26654.5 -83968.2 26654.5 0
11.96 0 -3.1558e-10 -53192.3 -88854.4 -53192.3 0
11.98 0 -4.8741e-10 -131387 -91173.4 -131387 0
12 0 1.76536e-10 -203720 -90704.6 -203720 0
12.02 0 -4.52212e-10 -267182 -87490.5 -267182 0
12.04 0 5.4712e-10 -320818 -81898.7 -320818 0
12.06 0 -5.0542e-10 -365168 -74486.3 -365168 0
12.08 0 4.05284e-10 -400960 -65728 -400960 0
12.1 0 1.60403e-10 -428396 -55814.7 -428396 0
12.12 0 -2.97167e-11 -447294 -44697.8 -447294 0
12.14 0 6.99424e-11 -457517 -32320.8 -457517 0
12.16 0 2.80836e-11 -458874 -18833.2 -458874 0
12.18 0 -3.03339e-10 -445278 -4950.98 -445278 0
12.2 0 3.38124e-10 -419484 8724.89 -419484 0
12.22 0 -9.23969e-11 -377546 22135.6 -377546 0
12.24 0 -1.97767e-10 -323049 35271.3 -323049 0
12.26 0 4.09742e-11 -259220 48031.2 -259220 0
12.28 0 -1.67455e-10 -187440 59914.3 -187440 0
12.3 0 -4.21404e-10 -109013 70017.1 -109013 0
12.32 0 -2.7329e-10 -26211.1 77363.9 -26211.1 0
12.34 0 1.81727e-10 56675.3 81256.1 56675.3 0
12.36 0 3.82975e-10 134742 81461 134742 0
12.38 0 -3.8959e-10 204389 78213.2 204389 0
12.4 0 -4.73549e-10 264347 72073 264347 0
12.42 0 -9.86583e-11 314887 63726.7 314887 0
12.44 0 3.42618e-10 356370 53801.2 356370 0
12.46 0 -3.01632e-11 388582 42760.8 388582 0
12.48 0 5.71462e-11 411208 30959.5 411208 0
12.5 0 1.52603e-11 424524 18786.4 424524 0
12.52 0 2.14847e-10 429459 6750.33 429459 0
12.54 0 -9.47449e-11 425068 -4438.43 425068 0
12.56 0 -4.4178e-10 408611 -14162.5 408611 0
12.58 0 4.10241e-10 377438 -22459.3 377438 0
12.6 0 -5.5078e-10 330712 -29615.1 330712 0
12.62 0 1.19207e-10 273031 -35791.5 273031 0
12.64 0 -4.41325e-10 207149 -41084.1 207149 0
12.66 0 5.98662e-11 135542 -45511.2 135542 0
12.68 0 3.84211e-10 59282.7 -49074.8 59282.7 0
12.7 0 -6.01077e-10 -19330.7 -51708.4 -19330.7 0
12.72 0 -1.97868e-10 -96740.2 -53414.4 -96740.2 0
12.74 0 4.56066e-10 -168827 -54426 -168827 0
12.76 0 9.70992e-11 -232450 -55101.3 -232450 0
12.78 0 -2.70119e-11 -285847 -55516.2 -285847 0
12.8 0 -3.28531e-10 -328258 -55222.1 -328258 0
12.82 0 7.90047e-11 -359406 -53519.5 -359406 0
12.84 0 5.05161e-10 -379369 -49995.8 -379369 0
12.86 0 -1.50699e-10 -388487 -44773.7 -388487 0
12.88 0 1.18891e-10 -386327 -38268 -386327 0
12.9 0 -1.32331e-10 -369955 -30973.1 -369955 0
12.92 0 1.36188e-10 -339121 -22902.7 -339121 0
12.94 0 3.57532e-10 -292189 -13915.4 -292189 0
12.96 0 -3.57245e-10 -234175 -4337.41 -234175 0
12.98 0 -9.84865e-11 -167963 5218.45 -167963 0
13 0 -1.26966e-10 -97388.6 14122.2 -97388.6 0
13.02 0 2.18156e-10 -24380.3 22034.8 -24380.3 0
13.04 0 -1.41528e-10 48968.9 28755.3 48968.9 0
13.06 0 -2.16119e-10 120487 34035.2 120487 0
13.08 0 9.74172e-11 187382 37641.3 187382 0
13.1 0 1.74414e-10 247110 39635.2 247110 0
13.12 0 2.38954e-10 298105 40409.5 298105 0
13.14 0 3.57978e-12 340111 40377.2 340111 0
13.16 0 -7.55123e-11 373604 39661 373604 0
13.18 0 4.1839e-11 399041 38113 399041 0
13.2 0 -6.07493e-11 416451 35598 416451 0
13.22 0 -5.08157e-11 425489 32213.4 425489 0
13.24 0 1.19257e-10 425235 28210.4 425235 0
13.26 0 -6.34186e-11 410808 23967.5 410808 0
13.28 0 2.17385e-10 381919 19258 381919 0
13.3 0 -5.19948e-11 335436 13284.1 335436 0
13.32 0 -4.36605e-10 276511 5320.67 276511 0
13.34 0 -7.83221e-10 207147 -5033.37 207147 0
13.36 0 1.62919e-10 130660 -17476.4 130660 0
13.38 0 -2.43064e-10 48641.6 -31133.1 48641.6 0
13.4 0 -2.2149e-11 -35807.7 -44877.1 -35807.7 0
13.42 0 3.50034e-10 -118427 -57785.1 -118427 0
13.44 0 -1.17772e-10 -194099 -69320.4 -194099 0
13.46 0 -1.97799e-10 -258888 -79156.8 -258888 0
13.48 0 4.69909e-10 -311093 -86791.4 -311093 0
13.5 0 -1.11198e-10 -351060 -91407.7 -351060 0
13.52 0 -5.30541e-10 -379872 -92246 -379872 0
13.54 0 -4.64042e-11 -398335 -89170.9 -398335 0
13.56 0 3.28122e-10 -406819 -82813.7 -406819 0
13.58 0 -1.82396e-10 -405776 -74104.7 -405776 0
13.6 0 7.60354e-11 -393090 -63818.2 -393090 0
13.62 0 9.40134e-11 -368902 -51785 -368902 0
13.64 0 3.26124e-10 -330052 -37287.7 -330052 0
13.66 0 1.68613e-10 -279006 -20288.8 -279006 0
13.68 0 4.79775e-10 -217126 -1595.25 -217126 0
13.7 0 1.21083e-10 -148303 17633 -148303 0
13.72 0 5.43479e-11 -75726.6 36586.1 -75726.6 0
13.74 0 -3.7462e-10 -2896.91 54895.5 -2896.91 0
13.76 0 4.13638e-10 67726.2 72250.1 67726.2 0
13.78 0 -1.91492e-10 134506 88042.5 134506 0
13.8 0 -7.09281e-11 196437 101484 196437 0
13.82 0 6.66679e-11 252409 112020 252409 0
13.84 0 -5.16075e-10 301231 119553 301231 0
13.86 0 -3.70114e-10 342256 124243 342256 0
13.88 0 -5.82872e-11 375929 126127 375929 0
13.9 0 -1.5874e-10 403423 124960 403423 0
13.92 0 2.64656e-10 425603 120427 425603 0
13.94 0 -3.00044e-10 442248 112356 442248 0
13.96 0 4.31998e-10 451512 100555 451512 0
13.98 0 7.45432e-10 449179 84647.7 449179 0
14 0 -6.93091e-10 428940 64865.1 428940 0
14.02 0 -2.54077e-11 394308 41842.9 394308 0
14.04 0 1.67845e-10 345733 16829.2 345733 0
14.06 0 -2.06027e-10 291749 -8327.05 291749 0
14.08 0 -2.47529e-10 232050 -32323.3 232050 0
14.1 0 1.7473e-10 167381 -54659.6 167381 0
14.12 0 -8.09641e-11 97372.1 -75343.5 97372.1 0
14.14 0 1.11233e-09 25195.9 -93990.5 25195.9 0
14.16 0 3.57746e-11 -44731.4 -109575 -44731.4 0
14.18 0 -5.21608e-10 -108092 -121066 -108092 0
14.2 0 -3.16767e-10 -162721 -128336 -162721 0
14.22 0 4.80893e-10 -208327 -132245 -208327 0
14.24 0 3.61627e-10 -245500 -133592 -245500 0
14.26 0 4.77407e-10 -274684 -131948 -274684 0
14.28 0 -8.03226e-10 -295973 -125918 -295973 0
14.3 0 1.42402e-10 -309245 -114552 -309245 0
14.32 0 -4.87799e-11 -314321 -98201.9 -314321 0
14.34 0 7.53893e-10 -310352 -78241.5 -310352 0
14.36 0 1.64262e-10 -295806 -55969.3 -295806 0
14.38 0 7.9516e-12 -269369 -31877.5 -269369 0
14.4 0 -2.68659e-11 -231765 -6212.22 -231765 0
14.42 0 3.65004e-10 -186719 20351.4 -186719 0
14.44 0 9.35031e-10 -136526 46617.7 -136526 0
14.46 0 -1.02895e-10 -82300.5 71189.4 -82300.5 0
14.48 0 -1.45991e-10 -24269.3 92871.6 -24269.3 0
14.5 0 2.43685e-10 35745.8 110856 35745.8 0
14.52 0 8.60291e-10 94107.7 124807 94107.7 0
14.54 0 3.80835e-10 146813 134788 146813 0
14.56 0 1.3664e-10 191527 140813 191527 0
14.58 0 -8.97241e-12 228015 142255 228015 0
14.6 0 6.34849e-10 257157 138049 257157 0
14.62 0 6.39412e-10 279705 127878 279705 0
14.64 0 -4.21485e-10 295628 112837 295628 0
14.66 0 2.15436e-10 304297 94580.6 304297 0
14.68 0 3.98425e-10 304713 74014 304713 0
14.7 0 -7.47717e-11 292905 51091.9 292905 0
14.72 0 -1.14372e-10 268819 25765.6 268819 0
14.74 0 1.80804e-10 233100 -1081.53 233100 0
14.76 0 -5.7769e-11 190493 -27855.1 190493 0
14.78 0 4.38005e-10 145033 -53313.2 145033 0
14.8 0 -2.90927e-10 96615 -76919.4 96615 0
14.82 0 -9.5895e-10 44253.5 -98175.9 44253.5 0
14.84 0 -8.00748e-10 -11014.7 -115982 -11014.7 0
14.86 0 1.37683e-09 -64774.4 -128875 -64774.4 0
14.88 0 1.60779e-10 -112137 -135946 -112137 0
14.9 0 -5.80296e-10 -151051 -137381 -151051 0
14.92 0 2.67514e-10 -183208 -133962 -183208 0
14.94 0 -1.65267e-09 -211686 -126096 -211686 0
14.96 0 1.00751e-09 -237745 -113628 -237745 0
14.98 0 4.81928e-10 -259728 -96600.7 -259728 0
15 0 -3.82943e-11 -274328 -75895.2 -274328 0
15.02 0 -3.88124e-11 -278590 -53085.9 -278590 0
15.04 0 3.03188e-10 -269873 -29729.3 -269873 0
15.06 0 1.74318e-10 -249175 -6577.76 -249175 0
15.08 0 -2.02478e-10 -217616 16619.8 -217616 0
15.1 0 -2.58883e-10 -177528 40274.2 -177528 0
15.12 0 3.26306e-10 -131515 63958.3 -131515 0
15.14 0 -3.95971e-10 -80730 86196.6 -80730 0
15.16 0 -1.09567e-09 -26656.1 105173 -26656.1 0
15.18 0 -1.45538e-10 28876.7 119701 28876.7 0
15.2 0 7.84005e-10 83168 129528 83168 0
15.22 0 3.20194e-10 133739 134905 133739 0
15.24 0 2.73752e-10 179344 135798 179344 0
15.26 0 1.53179e-11 220205 131403 220205 0
15.28 0 8.83347e-10 256931 120842 256931 0
15.3 0 -1.17228e-10 289355 104517 289355 0
15.32 0 4.48153e-10 316263 84095.8 316263 0
15.34 0 8.73469e-11 335864 61238.9 335864 0
15.36 0 -1.96998e-10 346325 36773.3 346325 0
15.38 0 2.74566e-10 346093 11033.2 346093 0
15.4 0 -2.42296e-10 332691 -15277 332691 0
15.42 0 -5.59898e-10 308219 -41132.9 308219 0
15.44 0 -6.57952e-11 274261 -65580.1 274261 0
15.46 0 -1.49711e-09 234402 -87867.3 234402 0
15.48 0 -1.00952e-09 189276 -107325 189276 0
15.5 0 1.3933e-09 139337 -123107 139337 0
15.52 0 2.0019e-09 84745.1 -134364 84745.1 0
15.54 0 -5.78778e-10 27127.7 -140599 27127.7 0
15.56 0 3.54105e-10 -30843.3 -141845 -30843.3 0
15.58 0 -1.15548e-09 -86247.3 -138187 -86247.3 0
15.6 0 6.88095e-10 -137176 -129209 -137176 0
15.62 0 -3.97317e-10 -182941 -114572 -182941 0
15.64 0 -2.31132e-10 -223489 -94980.5 -223489 0
15.66 0 -2.8604e-10 -258312 -72220.7 -258312 0
15.68 0 8.34577e-11 -286002 -48231.6 -286002 0
15.7 0 -1.19858e-10 -304911 -24144.5 -304911 0
15.72 0 -4.86445e-11 -314406 -266.597 -314406 0
15.74 0 2.62456e-10 -314984 23128.5 -314984 0
15.76 0 -7.91914e-10 -305096 45093.7 -305096 0
15.78 0 -5.30589e-10 -286351 64271.9 -286351 0
15.8 0 -5.61617e-11 -257361 79550.4 -257361 0
15.82 0 -1.47083e-09 -219447 90360 -219447 0
15.84 0 -1.86887e-09 -174720 96767.4 -174720 0
15.86 0 -1.77006e-09 -124621 99245.2 -124621 0
15.88 0 -5.96068e-10 -70606.5 98286.6 -70606.5 0
15.9 0 6.26336e-10 -14110.5 93977.9 -14110.5 0
15.92 0 3.93652e-10 42610.7 85994.8 42610.7 0
15.94 0 4.13488e-10 96973.9 74217.4 96973.9 0
15.96 0 3.45043e-10 146893 59304.9 146893 0
15.98 0 1.31777e-10 191191 42636.7 191191 0
16 0 1.07026e-10 229314 25643.3 229314 0
16.02 0 8.38634e-13 260895 9132.66 260895 0
16.04 0 -2.30093e-11 285543 -6871.13 285543 0
16.06 0 -1.44278e-10 302844 -22595.2 302844 0
16.08 0 1.56006e-09 312256 -37752 312256 0
16.1 0 5.86829e-11 312756 -51326.4 312756 0
16.12 0 -3.33331e-10 301114 -62104.8 301114 0
16.14 0 -3.47161e-10 278462 -69537.8 278462 0
16.16 0 -1.01797e-10 244854 -73981.4 244854 0
16.18 0 -4.43154e-10 203137 -76033.4 203137 0
16.2 0 2.57315e-10 155574 -75880.8 155574 0
16.22 0 -1.48199e-09 102517 -73097.5 102517 0
16.24 0 3.70487e-10 44836.2 -67052.6 44836.2 0
16.26 0 -2.74235e-11 -15120.9 -57615.6 -15120.9 0
16.28 0 -2.55833e-10 -73373.4 -45439.3 -73373.4 0
16.3 0 1.47549e-10 -126108 -31618.3 -126108 0
16.32 0 7.47893e-12 -171265 -17091.8 -171265 0
16.34 0 8.14763e-12 -208924 -2357.24 -208924 0
16.36 0 1.43166e-10 -240023 12323.4 -240023 0
16.38 0 -2.7988e-10 -264735 26547.4 -264735 0
16.4 0 6.11745e-10 -281928 39628.1 -281928 0
16.42 0 4.65663e-10 -290025 50767.8 -290025 0
16.44 0 4.43168e-10 -287922 59323.4 -287922 0
16.46 0 -4.75963e-10 -275166 64948.3 -275166 0
16.48 0 4.39293e-10 -253054 67701 -253054 0
16.5 0 -1.59924e-09 -222251 67803.4 -222251 0
16.52 0 5.05534e-10 -184590 65456.3 -184590 0
16.54 0 1.91566e-10 -140285 60891.5 -140285 0
16.56 0 6.42085e-10 -90473.3 54325.6 -90473.3 0
16.58 0 2.01777e-10 -36817.5 45961.1 -36817.5 0
16.6 0 3.39153e-10 18347 36027 18347 0
16.62 0 -7.82279e-11 73079.5 24868 73079.5 0
16.64 0 -4.24608e-11 125813 12927.5 125813 0
16.66 0 -1.63593e-11 175008 674.451 175008 0
16.68 0 -1.14244e-10 218913 -11464.4 218913 0
16.7 0 -2.09464e-10 255981 -23098.5 255981 0
16.72 0 -2.87118e-10 285290 -33816.7 285290 0
16.74 0 -2.83475e-11 306389 -43169.5 306389 0
16.76 0 1.92381e-11 318708 -50734.4 318708 0
16.78 0 1.2558e-09 321248 -56190.2 321248 0
16.8 0 -3.78546e-10 311812 -59309.2 311812 0
16.82 0 -7.29479e-10 291675 -60070.5 291675 0
16.84 0 -7.32764e-10 261297 -58751.9 261297 0
16.86 0 6.79415e-10 222808 -55727.7 222808 0
16.88 0 1.37317e-09 177839 -51339.3 177839 0
16.9 0 -5.30542e-10 126732 -45801.7 126732 0
16.92 0 1.14923e-09 71146 -39132.2 71146 0
16.94 0 2.52569e-10 14046.5 -31256.2 14046.5 0
16.96 0 -1.88534e-10 -41139 -22167.7 -41139 0
16.98 0 7.17968e-11 -92324.2 -12034.5 -92324.2 0
17 0 1.87159e-11 -138905 -1162.4 -138905 0
17.02 0 8.94656e-12 -180598 10078.4 -180598 0
17.04 0 -1.44024e-10 -216332 21248.6 -216332 0
17.06 0 3.85273e-10 -244588 31790.6 -244588 0
17.08 0 3.53456e-10 -264577 41062.6 -264577 0
17.1 0 1.59509e-09 -276788 48473.9 -276788 0
17.12 0 -8.43264e-10 -282258 53614.6 -282258 0
17.14 0 -4.19597e-10 -281259 56280 -281259 0
17.16 0 8.54591e-10 -272434 56392.8 -272434 0
17.18 0 -6.04966e-10 -254642 54066.4 -254642 0
17.2 0 -2.49491e-10 -227170 49571.5 -227170 0
17.22 0 -3.14751e-10 -192009 43254.5 -192009 0
17.24 0 -2.46638e-10 -151069 35515.5 -151069 0
17.26 0 2.0205e-10 -105988 26698.2 -105988 0
17.28 0 -1.56457e-10 -57262.1 17021.2 -57262.1 0
17.3 0 -3.90989e-11 -5606.19 6584.7 -5606.19 0
17.32 0 5.1886e-11 47156.9 -4449.22 47156.9 0
17.34 0 -1.44903e-10 98060.6 -15653.4 98060.6 0
17.36 0 -5.91588e-11 144292 -26360.3 144292 0
17.38 0 -1.12568e-10 184314 -35961 184314 0
17.4 0 -1.74769e-10 217828 -44184 217828 0
17.42 0 -3.62402e-10 244686 -51035.4 244686 0
17.44 0 2.2448e-10 264051 -56449.6 264051 0
17.46 0 -1.77938e-10 274685 -60054.5 274685 0
17.48 0 -1.29623e-09 275962 -61337.5 275962 0
17.5 0 -2.0408e-11 267501 -60032.7 267501 0
17.52 0 7.36085e-12 251196 -56407.9 251196 0
17.54 0 3.48201e-10 226463 -51060 226463 0
17.56 0 -3.72381e-10 193601 -44339.3 193601 0
17.58 0 9.96905e-10 153583 -36132.7 153583 0
17.6 0 -6.80439e-10 107901 -26159 107901 0
17.62 0 -1.08815e-10 58997.9 -14432.3 58997.9 0
17.64 0 4.82483e-12 9262.79 -1447.16 9262.79 0
17.66 0 2.01612e-12 -39378.4 12063.3 -39378.4 0
17.68 0 -3.87658e-11 -85674.6 25472 -85674.6 0
17.7 0 1.22042e-10 -128625 38369.6 -128625 0
17.72 0 -5.87152e-10 -167099 50410.9 -167099 0
17.74 0 -8.3626e-12 -199751 61129.7 -199751 0
17.76 0 1.0512e-10 -225298 69911.8 -225298 0
17.78 0 -2.50843e-10 -242877 76116 -242877 0
17.8 0 1.63226e-10 -252210 79226 -252210 0
17.82 0 5.23032e-10 -253406 78939.4 -253406 0
17.84 0 -3.18914e-10 -245657 75155 -245657 0
17.86 0 -5.72295e-10 -229233 67986.6 -229233 0
17.88 0 1.44476e-10 -202765 57761.7 -202765 0
17.9 0 -1.64005e-10 -166967 44909.4 -166967 0
17.92 0 -3.1247e-10 -124196 29900 -124196 0
17.94 0 6.65919e-11 -76851.2 13227.3 -76851.2 0
17.96 0 -4.5024e-12 -27137.2 -4583.16 -27137.2 0
17.98 0 -7.27241e-11 23390.9 -22907 23390.9 0
18 0 -5.00575e-11 73119.3 -40958.1 73119.3 0
18.02 0 9.05852e-11 120190 -57840.7 120190 0
18.04 0 -4.33603e-10 162739 -72765.9 162739 0
18.06 0 -5.21975e-10 199495 -85256.5 199495 0
18.08 0 -5.43304e-10 229933 -95105.5 229933 0
18.1 0 1.27417e-09 253896 -102113 253896 0
18.12 0 1.78218e-11 271067 -105908 271067 0
18.14 0 -5.68227e-10 280878 -106072 280878 0
18.16 0 2.20974e-09 282859 -102414 282859 0
18.18 0 1.1842e-09 276099 -95067.7 276099 0
18.2 0 -1.94926e-10 261137 -84446.6 261137 0
18.22 0 1.10401e-09 237181 -71143.9 237181 0
18.24 0 3.22723e-10 204421 -55646.6 204421 0
18.26 0 -4.75253e-10 164012 -38293 164012 0
18.28 0 3.92932e-10 117286 -19499.4 117286 0
18.3 0 2.02446e-10 66268.8 76.3682 66268.8 0
18.32 0 -6.28935e-11 12985.6 19566.7 12985.6 0
18.34 0 2.86756e-11 -40596.2 38121.3 -40596.2 0
18.36 0 1.05667e-10 -92719.7 55091.6 -92719.7 0
18.38 0 -1.94998e-11 -141630 70046 -141630 0
18.4 0 2.45561e-10 -185580 82640 -185580 0
18.42 0 3.82253e-10 -223042 92489.6 -223042 0
18.44 0 2.41733e-10 -252974 99168.6 -252974 0
18.46 0 1.48021e-10 -274807 102343 -274807 0
18.48 0 -1.45109e-09 -288198 101919 -288198 0
18.5 0 -1.51348e-10 -292852 98028.1 -292852 0
18.52 0 2.43421e-09 -287894 90764.1 -287894 0
18.54 0 8.8617e-10 -273477 80109.8 -273477 0
18.56 0 -1.07865e-09 -249355 66373 -249355 0
18.58 0 1.1732e-09 -216004 50249.4 -216004 0
18.6 0 -3.68017e-11 -175412 32558.7 -175412 0
18.62 0 2.08777e-10 -128898 14063.7 -128898 0
18.64 0 -8.02718e-11 -78133.9 -4629.42 -78133.9 0
18.66 0 -3.71456e-11 -24723.2 -22948 -24723.2 0
18.68 0 6.84183e-11 29194.2 -40230.9 29194.2 0
18.7 0 1.64165e-10 81389 -55709.3 81389 0
18.72 0 -2.37096e-10 129912 -68660.4 129912 0
18.74 0 3.5097e-10 173378 -78605.4 173378 0
18.76 0 1.71613e-10 210743 -85370.8 210743 0
18.78 0 -1.36646e-09 241072 -88950.1 241072 0
18.8 0 1.16881e-09 263580 -89317.5 263580 0
18.82 0 2.86106e-11 277873 -86393.9 277873 0
18.84 0 -2.93168e-09 284044 -80180.1 284044 0
18.86 0 6.0651e-10 282158 -70887.5 282158 0
18.88 0 4.01185e-11 271971 -59011.2 271971 0
18.9 0 -7.11145e-10 253324 -45370.2 253324 0
18.92 0 3.85914e-11 225523 -30785.6 225523 0
18.94 0 -7.74763e-11 189735 -15797 189735 0
18.96 0 5.80697e-11 147365 -760.851 147365 0
18.98 0 -1.04853e-10 100456 13925.3 100456 0
19 0 -9.16863e-11 50744.4 27666.7 50744.4 0
19.02 0 -1.53419e-10 27.348 39798.9 27.348 0
19.04 0 -1.27947e-10 -49840.3 49831.2 -49840.3 0
19.06 0 3.39135e-10 -96935.8 57593.7 -96935.8 0
19.08 0 2.03282e-10 -139611 63159.8 -139611 0
19.1 0 -1.42648e-10 -176645 66631.8 -176645 0
19.12 0 -2.37807e-11 -207189 67972.7 -207189 0
19.14 0 -2.84621e-10 -230613 67032.9 -230613 0
19.16 0 1.37994e-10 -246469 63739.9 -246469 0
19.18 0 -4.53677e-10 -254558 58253.2 -254558 0
19.2 0 1.67084e-10 -254887 50905.8 -254887 0
19.22 0 2.77877e-10 -246589 42005.8 -246589 0
19.24 0 -3.80118e-10 -230619 31798.3 -230619 0
19.26 0 4.98299e-10 -206200 20510.6 -206200 0
19.28 0 3.50484e-10 -174377 8409.87 -174377 0
19.3 0 -1.75873e-10 -137056 -4039.37 -137056 0
19.32 0 -5.83705e-11 -95893.9 -16195.8 -95893.9 0
19.34 0 -9.17696e-11 -52492 -27456.3 -52492 0
19.36 0 8.46115e-11 -8167.51 -37430 -8167.51 0
19.38 0 3.71017e-11 35639.3 -45910.1 35639.3 0
19.4 0 1.28759e-10 77459.5 -52697.2 77459.5 0
19.42 0 2.88213e-10 115944 -57519.9 115944 0
19.44 0 -5.99297e-12 150022 -60146.8 150022 0
19.46 0 3.05516e-10 178834 -60528 178834 0
19.48 0 -3.46169e-10 201688 -58782.6 201688 0
19.5 0 5.51372e-10 218100 -55068.4 218100 0
19.52 0 -5.28264e-10 227810 -49508.3 227810 0
19.54 0 2.1435e-10 230654 -42255.8 230654 0
19.56 0 -9.46896e-10 226125 -33577.9 226125 0
19.58 0 -2.47693e-10 214478 -23847.3 214478 0
19.6 0 1.17373e-10 195602 -13488.6 195602 0
19.62 0 -6.04363e-11 169801 -2897.63 169801 0
19.64 0 -8.59574e-11 138315 7541.13 138315 0
19.66 0 -5.10972e-11 102536 17392.8 102536 0
19.68 0 1.4184e-10 64088.3 26208.8 64088.3 0
19.7 0 -2.31267e-11 24307.7 33619.7 24307.7 0
19.72 0 -4.47709e-10 -15585.6 39401.9 -15585.6 0
19.74 0 -3.06905e-10 -54341.7 43441.8 -54341.7 0
19.76 0 -4.6894e-10 -90544.4 45676.5 -90544.4 0
19.78 0 2.83073e-10 -122823 46090.8 -122823 0
19.8 0 3.88077e-10 -150132 44750.9 -150132 0
19.82 0 1.84361e-10 -171857 41797.4 -171857 0
19.84 0 -5.25648e-10 -187651 37380 -187650 0
19.86 0 1.971e-10 -197179 31603.8 -197179 0
19.88 0 -6.12314e-10 -200091 24537 -200091 0
19.9 0 1.32252e-10 -195932 16257.1 -195932 0
19.92 0 -1.87351e-10 -185049 6940.28 -185049 0
19.94 0 7.07775e-11 -167611 -3073.59 -167611 0
19.96 0 -1.0438e-11 -143958 -13373.7 -143958 0
19.98 0 -1.11444e-10 -115028 -23583.6 -115028 0
20 0 5.13438e-10 -81829.6 -33375.5 -81829.6 0
20.02 0 1.9091e-10 -45601.3 -42435.1 -45601.3 0
20.04 0 -1.97619e-10 -7514.44 -50431 -7514.45 0
20.06 0 2.74031e-10 31115.5 -57059.4 31115.5 0
20.08 0 5.42412e-10 68783.1 -62104.2 68783 0
20.1 0 5.26258e-10 103889 -65440.4 103889 0
20.12 0 -9.5036e-11 135081 -66967.1 135081 0
20.14 0 -2.69917e-10 161456 -66546.4 161456 0
20.16 0 -7.5832e-10 182450 -64016.8 182450 0
20.18 0 -5.97449e-10 197555 -59275.7 197555 0
20.2 0 3.21592e-10 206257 -52346.1 206257 0
20.22 0 -9.36009e-11 208284 -43376.6 208284 0
20.24 0 -1.53874e-10 203521 -32613.5 203521 0
20.26 0 -2.10545e-10 192661 -20424.9 192661 0
20.28 0 -2.59696e-10 175869 -7329.84 175869 0
20.3 0 -6.64768e-11 153356 6092.19 153356 0
20.32 0 5.39507e-11 125798 19303.5 125798 0
20.34 0 6.65711e-10 94139 31835.6 94139 0
20.36 0 1.80656e-11 59557.3 43239.7 59557.3 0
20.38 0 1.09612e-09 23067.4 53040.1 23067.4 0
20.4 0 -4.26518e-10 -14325 60809.5 -14325 0
20.42 0 -1.62811e-10 -51432.3 66290 -51432.3 0
20.44 0 3.03377e-10 -86865 69415.3 -86865 0
20.46 0 6.32799e-10 -119339 70200.9 -119339 0
20.48 0 3.2579e-10 -147904 68630.2 -147904 0
20.5 0 2.16106e-10 -171848 64659.6 -171848 0
20.52 0 4.52951e-10 -190431 58322.7 -190431 0
20.54 0 2.73442e-10 -202861 49813.8 -202861 0
20.56 0 1.27477e-10 -208589 39458.3 -208589 0
20.58 0 -1.20812e-10 -207504 27628.1 -207504 0
20.6 0 1.79589e-10 -199854 14684.9 -199854 0
20.62 0 6.6892e-11 -186322 1011.88 -186322 0
20.64 0 -1.60683e-10 -166968 -12989.9 -166968 0
20.66 0 3.49523e-11 -142158 -26906.1 -142158 0
20.68 0 -4.39139e-10 -112452 -40287.1 -112452 0
20.7 0 8.6912e-10 -79143 -52655.4 -79143 0
20.72 0 -2.14912e-10 -43661.7 -63517.7 -43661.7 0
20.74 0 -3.87513e-10 -7283.96 -72432.6 -7283.96 0
20.76 0 4.52022e-10 29021.1 -79073.9 29021.1 0
20.78 0 -6.3419e-10 64304.5 -83223.6 64304.5 0
20.8 0 3.18971e-10 97441.7 -84707.8 97441.7 0
20.82 0 -1.597e-10 127203 -83380.2 127203 0
20.84 0 8.03335e-10 152553 -79188.4 152553 0
20.86 0 -3.21154e-10 172833 -72249.9 172833 0
20.88 0 -2.86594e-10 187713 -62854 187713 0
20.9 0 -1.25928e-09 197045 -51374.3 197045 0
20.92 0 -6.48477e-10 200787 -38180.5 200787 0
20.94 0 2.59851e-10 198896 -23663.8 198896 0
20.96 0 -8.77488e-11 191539 -8321.56 191539 0
20.98 0 -4.97257e-11 179003 7213.82 179003 0
21 0 1.27236e-10 161461 22274.2 161461 0
21.02 0 -4.15408e-12 139409 36253.1 139409 0
21.04 0 1.34211e-10 113595 48616.1 113595 0
21.06 0 -1.05068e-09 85239.5 58872.2 85239.5 0
21.08 0 5.52996e-10 55467.1 66552.1 55467.1 0
21.1 0 1.48435e-09 25171.8 71271.7 25171.8 0
21.12 0 -1.04985e-10 -4927.31 72832.3 -4927.31 0
21.14 0 -4.84857e-10 -33946.5 71257.7 -33946.5 0
21.16 0 3.51146e-10 -60755.4 66722.4 -60755.4 0
21.18 0 6.61772e-10 -84213.4 59439.5 -84213.3 0
21.2 0 1.00455e-09 -103519 49626.7 -103519 0
21.22 0 -5.65379e-10 -118339 37566.7 -118339 0
21.24 0 -1.1205e-10 -128654 23660.1 -128654 0
21.26 0 1.0496e-10 -134505 8425.83 -134505 0
21.28 0 9.58835e-12 -135893 -7543.32 -135893 0
21.3 0 8.43006e-11 -132741 -23653.3 -132741 0
21.32 0 -1.73858e-10 -125333 -39357 -125333 0
21.34 0 -3.75061e-10 -113963 -54149.5 -113963 0
21.36 0 -4.72678e-10 -99130.5 -67525.7 -99130.5 0
21.38 0 1.63511e-09 -81498.2 -78941.2 -81498.2 0
21.4 0 1.03462e-09 -61810.2 -87858 -61810.2 0
21.42 0 1.61685e-09 -40895.7 -93866.9 -40895.7 0
21.44 0 6.28572e-10 -19388.9 -96772.5 -19388.9 0
21.46 0 -1.97397e-11 2217.49 -96584.8 2217.49 0
21.48 0 -1.68301e-09 23404.9 -93422 23404.9 0
21.5 0 1.52477e-10 43458 -87386.3 43458 0
21.52 0 -2.63285e-10 61538.3 -78521.9 61538.3 0
21.54 0 -3.65293e-10 76934.8 -66929.6 76934.8 0
21.56 0 -1.31029e-10 89262.8 -52908.7 89262.8 0
21.58 0 -1.62899e-10 98381.7 -37001.8 98381.7 0
21.6 0 1.9538e-10 104160 -19925.3 104160 0
21.62 0 6.91419e-11 106365 -2401.29 106365 0
21.64 0 2.15362e-11 104784 14990.1 104784 0
21.66 0 2.46245e-10 99495 31814.9 99495 0
21.68 0 -4.87116e-10 90897.2 47633.2 90897.2 0
21.7 0 -2.7851e-10 79619.3 61858.1 79619.3 0
21.72 0 -1.1134e-09 66371.8 73790.3 66371.8 0
21.74 0 -3.79328e-10 51744.1 82835.1 51744.1 0
21.76 0 7.18853e-11 36265.3 88720.9 36265.3 0
21.78 0 1.07866e-09 20413 91516.2 20413 0
21.8 0 1.56208e-10 4739.14 91437.9 4739.14 0
21.82 0 8.0855e-11 -10011.1 88631.2 -10011.1 0
21.84 0 4.95774e-10 -22947.2 83106.1 -22947.2 0
21.86 0 -4.85356e-10 -33256 74867.1 -33256 0
21.88 0 -8.39519e-11 -40468.8 64127.7 -40468.8 0
21.9 0 2.28455e-10 -44564.2 51353.8 -44564.2 0
21.92 0 -6.48909e-10 -45766 37126 -45766 0
21.94 0 1.46113e-10 -44227.1 21998.6 -44227.1 0
21.96 0 -8.19129e-11 -39954.6 6423 -39954.6 0
21.98 0 1.29673e-10 -32978.6 -9251.84 -32978.6 0
22 0 -2.15134e-11 -23614.4 -24715.7 -23614.4 0
22.02 0 -9.17704e-11 -12496.6 -39580 -12496.6 0
22.04 0 4.66145e-10 -355.335 -53294.5 -355.335 0
22.06 0 5.77531e-10 12189.7 -65201.1 12189.7 0
22.08 0 -3.24963e-10 24680.4 -74724.2 24680.4 0
22.1 0 7.0686e-10 36716.9 -81549.1 36716.9 0
22.12 0 1.08318e-09 47833.8 -85638.4 47833.8 0
22.14 0 8.2619e-10 57443.3 -87083.6 57443.3 0
22.16 0 5.41057e-10 64900.4 -85926.4 64900.4 0
22.18 0 -1.26046e-09 69677.9 -82092.6 69677.9 0
22.2 0 1.95923e-10 71519.9 -75487.6 71519.9 0
22.22 0 -3.10064e-10 70435.4 -66198.2 70435.4 0
22.24 0 -3.92629e-10 66598.2 -54603.4 66598.2 0
22.26 0 6.7981e-11 60178.7 -41256 60178.7 0
22.28 0 -3.65049e-10 51249.2 -26686.2 51249.2 0
22.3 0 3.08223e-10 39905.3 -11311.4 39905.3 0
22.32 0 -4.2759e-11 26472.6 4507.59 26472.6 0
22.34 0 -7.2297e-11 11602.2 20328.8 11602.2 0
22.36 0 4.80969e-10 -3889.01 35551.5 -3889.01 0
22.38 0 5.75672e-11 -19262.2 49490.8 -19262.2 0
22.4 0 4.92833e-10 -33977.7 61563.8 -33977.7 0
22.42 0 -8.68731e-10 -47628 71424.1 -47628 0
22.44 0 -2.53985e-10 -59808.1 78920.1 -59808.1 0
22.46 0 5.71217e-10 -70071.1 83948.3 -70071.1 0
22.48 0 -4.84849e-10 -77999 86378.5 -77999 0
22.5 0 1.10375e-09 -83276 86117.8 -83276 0
22.52 0 -5.92204e-10 -85657.8 83184.8 -85657.8 0
22.54 0 -1.0958e-09 -84837.9 77681.3 -84837.9 0
22.56 0 9.43113e-11 -80445.3 69746.1 -80445.3 0
22.58 0 -1.29965e-09 -72310.6 59587.9 -72310.6 0
22.6 0 -7.58545e-11 -60661.5 47531.8 -60661.5 0
22.62 0 -5.21028e-11 -46066.6 34041.3 -46066.6 0
22.64 0 -5.3284e-10 -29115 19682 -29115 0
22.66 0 4.37483e-12 -10201.7 5012.6 -10201.7 0
22.68 0 1.16473e-10 10406.6 -9509.98 10406.6 0
22.7 0 2.38635e-11 32212 -23522.5 32212 0
22.72 0 3.33511e-10 54223.3 -36660.3 54223.3 0
22.74 0 9.48346e-11 75118.3 -48496.6 75118.3 0
22.76 0 3.80107e-10 93735.7 -58591.4 93735.7 0
22.78 0 -2.51155e-10 109419 -66585.7 109419 0
22.8 0 1.53098e-09 121913 -72237.6 121913 0
22.82 0 1.15001e-09 130980 -75382.7 130980 0
22.84 0 4.37098e-10 136157 -75892 136157 0
22.86 0 5.966e-10 136850 -73679.6 136850 0
22.88 0 2.5063e-10 132547 -68756.5 132547 0
22.9 0 8.75739e-10 123229 -61288.7 123229 0
22.92 0 -1.07034e-09 109179 -51614.1 109179 0
22.94 0 -3.72984e-10 91049.7 -40189.3 91049.7 0
22.96 0 3.24894e-10 69647.7 -27525.1 69647.7 0
22.98 0 -1.19747e-10 45753.2 -14143.4 45753.2 0
23 0 -3.54889e-11 20133.8 -546.345 20133.8 0
23.02 0 6.07942e-11 -6475.25 12800.2 -6475.25 0
23.04 0 1.5614e-10 -33284.3 25468.8 -33284.3 0
23.06 0 -1.44667e-10 -59390.2 37050.1 -59390.2 0
23.08 0 -1.98327e-10 -83812.4 47132 -83812.4 0
23.1 0 1.45005e-09 -105675 55313.3 -105675 0
23.12 0 2.7412e-10 -124377 61264.4 -124377 0
23.14 0 -8.26254e-10 -139584 64784.2 -139584 0
23.16 0 -6.72172e-10 -151054 65802.6 -151054 0
23.18 0 -5.60895e-10 -158447 64330 -158447 0
23.2 0 2.92491e-10 -161265 60415 -161265 0
23.22 0 -1.54496e-09 -158868 54159.5 -158868 0
23.24 0 -1.07981e-10 -150904 45782.4 -150904 0
23.26 0 -3.89548e-10 -137393 35654.7 -137393 0
23.28 0 -1.93659e-10 -118814 24242 -118814 0
23.3 0 2.72921e-10 -96088.1 12013.2 -96088.1 0
23.32 0 9.91497e-12 -70058.4 -626.612 -70058.4 0
23.34 0 -6.92208e-11 -41455.8 -13335.7 -41455.8 0
23.36 0 -3.74197e-10 -10875 -25769 -10875 0
23.38 0 1.39936e-10 20958.4 -37517.2 20958.4 0
23.4 0 4.33572e-10 53045.5 -48107.7 53045.5 0
23.42 0 1.75741e-10 84152.8 -57071.5 84152.8 0
23.44 0 1.9766e-10 113044 -64024.6 113044 0
23.46 0 1.63484e-11 138680 -68700.5 138680 0
23.48 0 -1.19722e-10 160301 -70927.6 160301 0
23.5 0 -3.05475e-10 177393 -70608.5 177393 0
23.52 0 1.23389e-09 189607 -67739.2 189607 0
23.54 0 1.42647e-09 196665 -62439.3 196665 0
23.56 0 -5.6239e-10 198304 -54952.4 198304 0
23.58 0 1.14408e-09 194200 -45596.5 194200 0
23.6 0 -2.64377e-10 184649 -34708 184649 0
23.62 0 8.59433e-11 169869 -22644.2 169869 0
23.64 0 -1.16391e-10 150308 -9807.91 150308 0
23.66 0 -3.16445e-11 126662 3334.82 126662 0
23.68 0 -5.42681e-11 99579.6 16279.1 99579.6 0
23.7 0 1.56992e-10 69807.9 28530.7 69807.9 0
23.72 0 4.75891e-10 38117 39620.3 38117 0
23.74 0 -7.44947e-11 5449.47 49101.2 5449.47 0
23.76 0 -4.07899e-10 -27036.8 56565.9 -27036.8 0
23.78 0 -2.60074e-10 -58000.2 61695.4 -58000.2 0
23.8 0 9.96454e-10 -86124.3 64299.4 -86124.3 0
23.82 0 -8.63781e-10 -110379 64318.5 -110379 0
23.84 0 -1.25934e-09 -130176 61808 -130176 0
23.86 0 -8.56536e-10 -145290 56923.7 -145290 0
23.88 0 5.24407e-10 -155615 49905 -155615 0
23.9 0 3.72965e-10 -160983 41052.2 -160983 0
23.92 0 9.87517e-11 -161164 30682 -161164 0
23.94 0 -3.51241e-11 -155743 19097 -155743 0
23.96 0 -7.05836e-11 -144969 6631.55 -144969 0
23.98 0 1.05538e-10 -128800 -6280.59 -128800 0
24 0 6.98726e-12 -107761 -19109.1 -107761 0
24.02 0 -4.12159e-10 -82851.9 -31296.9 -82851.9 0
24.04 0 2.00872e-10 -55095.3 -42362.5 -55095.3 0
24.06 0 1.59476e-10 -25374.3 -51960.9 -25374.3 0
24.08 0 4.81705e-11 5630.9 -59864.5 5630.9 0
24.1 0 4.87562e-10 37066.8 -65901.1 37066.8 0
24.12 0 -3.24105e-10 67663.8 -69895.1 67663.8 0
24.14 0 7.83203e-10 95880.3 -71661.5 95880.3 0
24.16 0 -1.34047e-09 120413 -71075.8 120413 0
24.18 0 -8.48378e-10 140579 -68176.4 140579 0
24.2 0 -7.45919e-10 156244 -63191.8 156244 0
24.22 0 -8.61944e-10 167406 -56445 167406 0
24.24 0 7.58185e-10 173853 -48207.6 173853 0
24.26 0 4.49415e-10 175161 -38635.8 175161 0
24.28 0 -1.12633e-10 170777 -27870.4 170777 0
24.3 0 3.84653e-10 160726 -16232.8 160726 0
24.32 0 7.31858e-11 145062 -4297.42 145062 0
24.34 0 -1.25151e-10 124290 7286.13 124290 0
24.36 0 -1.91725e-10 99372 18036.4 99372 0
24.38 0 -1.46979e-10 71361.4 27712.3 71361.4 0
24.4 0 3.41744e-11 41354.3 36183.2 41354.3 0
24.42 0 -1.58678e-10 10366.6 43259 10366.6 0
24.44 0 -2.01691e-10 -20525.1 48655.3 -20525.1 0
24.46 0 -1.14358e-09 -50153.4 52090.9 -50153.4 0
24.48 0 9.34583e-10 -77374.5 53414.1 -77374.5 0
24.5 0 5.72419e-10 -101285 52664.4 -101285 0
24.52 0 -4.4238e-10 -121271 50033.7 -121271 0
24.54 0 1.44123e-09 -136833 45754 -136833 0
24.56 0 -3.04449e-10 -147388 40003.8 -147388 0
24.58 0 -8.8092e-11 -152287 32916.7 -152287 0
24.6 0 -3.85485e-10 -151012 24671.5 -151012 0
24.62 0 -1.83962e-11 -143439 15564.2 -143439 0
24.64 0 3.39175e-10 -129936 6023.58 -129936 0
24.66 0 -6.9416e-11 -110905 -3494 -110905 0
24.68 0 5.16278e-12 -87033.9 -12638.9 -87033.9 0
24.7 0 -1.16159e-10 -58977.5 -21190.5 -58977.5 0
24.72 0 -6.69653e-12 -27679.4 -28973.7 -27679.4 0
24.74 0 2.09959e-10 5696.47 -35761.5 5696.47 0
24.76 0 2.44792e-10 39821.4 -41286.5 39821.4 0
24.78 0 4.31527e-10 73412.3 -45334.7 73412.3 0
24.8 0 -4.79792e-10 105302 -47816.5 105302 0
24.82 0 4.51146e-10 134454 -48747.4 134454 0
24.84 0 -3.68535e-10 159951 -48185.9 159951 0
24.86 0 4.11314e-10 181003 -46198.9 181003 0
24.88 0 4.99079e-10 196926 -42876.2 196926 0
24.9 0 -1.60602e-10 207124 -38352.6 207124 0
24.92 0 -3.87536e-10 211134 -32811.5 211134 0
24.94 0 2.32279e-10 208626 -26469.6 208626 0
24.96 0 -7.50849e-11 199733 -19555.7 199733 0
24.98 0 2.46043e-10 184721 -12323.7 184721 0
25 0 3.17603e-10 163828 -5043.03 163828 0
25.02 0 1.28927e-10 137668 2022.85 137668 0
25.04 0 7.29759e-12 106839 8631.31 106839 0
25.06 0 6.12107e-11 72249.8 14574.5 72249.8 0
25.08 0 4.33265e-11 35004.3 19669.7 35004.3 0
25.1 0 3.32227e-10 -3604.48 23753.2 -3604.48 0
25.12 0 2.95534e-10 -42289.7 26683.2 -42289.7 0
25.14 0 -1.53362e-10 -79851 28362.6 -79851 0
25.16 0 -1.51329e-10 -115191 28766.1 -115191 0
25.18 0 3.70228e-11 -147252 27949.1 -147252 0
25.2 0 1.09523e-11 -175003 26021.5 -175003 0
25.22 0 -6.83211e-11 -197498 23100.8 -197498 0
25.24 0 -1.94076e-12 -213997 19282.8 -213997 0
25.26 0 -1.44755e-10 -224048 14660.4 -224048 0
25.28 0 -1.33685e-10 -227457 9378.42 -227457 0
25.3 0 -1.14498e-10 -223913 3651.57 -223913 0
25.32 0 2.33554e-10 -213520 -2264.02 -213520 0
25.34 0 1.46298e-10 -195903 -8093.57 -195903 0
25.36 0 1.38187e-10 -170944 -13609.6 -170944 0
25.38 0 7.1547e-11 -139626 -18644.4 -139626 0
25.4 0 2.51378e-10 -103165 -23016.5 -103165 0
25.42 0 -1.19852e-10 -63026.4 -26494.8 -63026.4 0
25.44 0 1.15681e-10 -20427.6 -28857 -20427.6 0
25.46 0 -1.90319e-10 23327.9 -30000.2 23327.9 0
25.48 0 5.80394e-11 66706.7 -29971.7 66706.7 0
25.5 0 -6.03227e-11 107974 -28897.1 107974 0
25.52 0 7.33217e-11 145560 -26885.3 145560 0
25.54 0 -1.5194e-10 178320 -24004.3 178320 0
25.56 0 2.10956e-10 205522 -20321.7 205522 0
25.58 0 -1.9496e-10 226651 -15947.9 226651 0
25.6 0 -7.37892e-10 241264 -11044.8 241264 0
25.62 0 -1.02075e-10 249008 -5812.06 249008 0
25.64 0 1.79758e-10 249713 -469.634 249713 0
25.66 0 2.90797e-11 242862 4784.37 242862 0
25.68 0 -4.02458e-11 229103 9762.24 229103 0
25.7 0 1.22715e-11 207792 14280.5 207792 0
25.72 0 7.16794e-11 179409 18206.9 179409 0
25.74 0 -1.12496e-10 145283 21425.5 145283 0
25.76 0 5.69568e-11 106732 23801.9 106732 0
25.78 0 8.86802e-11 65112 25211.3 65112 0
25.8 0 -1.09442e-10 21558.7 25596.5 21558.7 0
25.82 0 4.43842e-11 -22599.6 25008.4 -22599.6 0
25.84 0 -1.50175e-11 -65793.5 23576.2 -65793.5 0
25.86 0 1.349e-10 -106366 21439.5 -106366 0
25.88 0 -2.72344e-11 -142918 18697.5 -142918 0
25.9 0 5.70643e-12 -174452 15406.8 -174452 0
25.92 0 -6.17924e-11 -200306 11609 -200306 0
25.94 0 -4.6052e-11 -219979 7357.19 -219979 0
25.96 0 3.43298e-10 -233062 2729.37 -233062 0
25.98 0 -7.28891e-11 -239274 -2162.73 -239274 0
26 0 -5.08689e-11 -238447 -7172.41 -238447 0
26.02 0 5.49594e-11 -230322 -12149.1 -230322 0
26.04 0 -1.11824e-10 -214984 -16909.6 -214984 0
26.06 0 -5.66477e-11 -191879 -21280.9 -191879 0
26.08 0 -9.29076e-11 -161865 -25124.7 -161865 0
26.1 0 1.97618e-10 -126227 -28274.5 -126227 0
26.12 0 -4.13662e-10 -86807.2 -30532.2 -86807.2 0
26.14 0 7.11361e-10 -45044.8 -31721 -45044.8 0
26.16 0 4.10715e-10 -2083.75 -31795.8 -2083.76 0
26.18 0 -3.16544e-11 40948.8 -30874.3 40948.8 0
26.2 0 -1.3348e-10 82505.6 -29157.2 82505.6 0
26.22 0 -8.40901e-11 120752 -26803.2 120752 0
26.24 0 1.62804e-10 154067 -23877.5 154067 0
26.26 0 -8.98597e-12 181521 -20415.7 181521 0
26.28 0 -1.73101e-10 202865 -16528.7 202865 0
26.3 0 1.18072e-10 218118 -12435.3 218118 0
26.32 0 -3.41695e-10 227159 -8388.85 227159 0
26.34 0 9.95586e-11 229652 -4573.03 229652 0
26.36 0 2.78852e-10 224930 -1046.84 224930 0
26.38 0 -5.55666e-11 213135 2188.05 213135 0
26.4 0 -2.18623e-11 194019 5069.94 194019 0
26.42 0 -1.67348e-11 168102 7478.24 168102 0
26.44 0 9.92242e-11 136798 9285.59 136798 0
26.46 0 2.79893e-11 101344 10420.5 101344 0
26.48 0 -8.35358e-12 62987 10912.4 62987 0
26.5 0 -1.40941e-10 22772.6 10858 22772.6 0
26.52 0 -1.66693e-10 -17998.6 10353.7 -17998.6 0
26.54 0 -7.04707e-12 -57734.8 9442.89 -57734.8 0
26.56 0 9.96094e-11 -94751.1 8126.96 -94751.1 0
26.58 0 -8.78155e-11 -127702 6420.41 -127702 0
26.6 0 3.33901e-11 -155759 4398.46 -155759 0
26.62 0 -4.07841e-11 -178474 2188.66 -178474 0
26.64 0 -8.72276e-11 -195484 -88.2205 -195484 0
26.66 0 1.30063e-10 -206363 -2373.89 -206363 0
26.68 0 1.58619e-11 -210682 -4669.1 -210682 0
26.7 0 -3.63788e-11 -207954 -6974.38 -207954 0
26.72 0 -1.88853e-11 -198047 -9221.34 -198047 0
26.74 0 -4.9771e-11 -180848 -11246.7 -180848 0
26.76 0 7.99561e-12 -156578 -12890.8 -156578 0
26.78 0 -1.90962e-11 -126444 -14073.1 -126444 0
26.8 0 -5.59167e-11 -91567 -14767.6 -91567 0
26.82 0 2.40835e-10 -53211.4 -14959.1 -53211.4 0
26.84 0 -4.80564e-11 -12494.9 -14618.5 -12494.9 0
26.86 0 -3.09546e-10 29234.3 -13741.6 29234.3 0
26.88 0 1.76615e-10 70406.2 -12391.3 70406.2 0
26.9 0 -2.82731e-11 109364 -10698.3 109364 0
26.92 0 -6.36549e-11 144681 -8809.94 144681 0
26.94 0 -6.25247e-12 175289 -6836.14 175289 0
26.96 0 -3.73178e-11 200427 -4836.15 200427 0
26.98 0 3.65917e-11 219513 -2848.73 219513 0
27 0 2.73552e-10 232089 -921.374 232089 0
27.02 0 -1.59106e-10 237841 893.272 237841 0
27.04 0 2.67988e-11 236558 2561.27 236558 0
27.06 0 -1.63655e-10 228177 4076.59 228177 0
27.08 0 -8.92079e-11 212844 5396.14 212844 0
27.1 0 1.75334e-10 190568 6439.04 190568 0
27.12 0 5.81228e-11 162532 7126.99 162532 0
27.14 0 -5.51224e-11 129930 7399.67 129930 0
27.16 0 -2.48188e-11 94106.5 7249.25 94106.5 0
27.18 0 5.92168e-12 56048.6 6726.57 56048.6 0
27.2 0 -7.22885e-11 16836.3 5923.36 16836.3 0
27.22 0 2.87689e-11 -22203.5 4922.65 -22203.5 0
27.24 0 7.69776e-11 -59516.8 3770.81 -59516.8 0
27.26 0 -3.60193e-11 -93711.1 2499.75 -93711.1 0
27.28 0 -7.13046e-12 -123805 1168.17 -123805 0
27.3 0 3.83351e-11 -149194 -143.955 -149194 0
27.32 0 7.43242e-11 -169399 -1391.88 -169399 0
27.34 0 7.76314e-12 -183923 -2603.81 -183923 0
27.36 0 1.36411e-10 -192308 -3844.06 -192308 0
27.38 0 4.35185e-12 -194294 -5133.58 -194294 0
27.4 0 -1.29566e-10 -189610 -6417.18 -189610 0
27.42 0 -1.94586e-10 -178655 -7588.56 -178655 0
27.44 0 1.91942e-10 -161277 -8551.59 -161277 0
27.46 0 -8.7408e-11 -137857 -9284.32 -137857 0
27.48 0 -5.36349e-11 -109436 -9797.92 -109436 0
27.5 0 1.76177e-10 -77088.3 -10067.1 -77088.3 0
27.52 0 -2.4485e-10 -42074.6 -10037.7 -42074.6 0
27.54 0 -1.43962e-11 -5575.08 -9686.85 -5575.08 0
27.56 0 -8.21434e-11 31121.3 -9070.21 31121.3 0
27.58 0 -5.11731e-11 66653.2 -8293.22 66653.2 0
27.6 0 1.11512e-10 99673 -7443.34 99673 0
27.62 0 5.25749e-12 129051 -6555.47 129051 0
27.64 0 -1.43197e-10 153961 -5636.24 153961 0
27.66 0 2.26731e-10 173830 -4702.28 173830 0
27.68 0 2.4212e-10 188234 -3785.78 188234 0
27.7 0 6.38206e-11 196850 -2909.63 196850 0
27.72 0 -5.1237e-11 199481 -2070.55 199481 0
27.74 0 1.34798e-10 195930 -1251.48 195930 0
27.76 0 -1.91709e-11 186419 -460.26 186419 0
27.78 0 9.48244e-11 170941 249.893 170941 0
27.8 0 -4.57898e-11 149868 826.864 149868 0
27.82 0 1.62078e-10 124162 1247.87 124162 0
27.84 0 -3.01135e-11 94796.2 1507.63 94796.2 0
27.86 0 1.45796e-11 62875.3 1604.3 62875.3 0
27.88 0 -1.35447e-11 29448.5 1532.75 29448.5 0
27.9 0 -1.91388e-11 -4322.17 1302.32 -4322.17 0
27.92 0 4.90578e-11 -37211.4 948.472 -37211.4 0
27.94 0 2.31265e-12 -68024.3 523.706 -68024.2 0
27.96 0 -9.74333e-11 -95760.5 75.4295 -95760.5 0
27.98 0 1.22258e-11 -119654 -368.341 -119654 0
28 0 -5.79544e-11 -139119 -800.36 -139119 0
28.02 0 -4.5945e-11 -153668 -1229.4 -153668 0
28.04 0 7.12895e-11 -162909 -1674.45 -162909 0
28.06 0 -6.49772e-12 -166591 -2156.79 -166591 0
28.08 0 -7.35585e-11 -164563 -2691.67 -164563 0
28.1 0 -7.22114e-11 -156911 -3279.99 -156911 0
28.12 0 4.92702e-11 -143735 -3896.58 -143735 0
28.14 0 -2.44879e-11 -125297 -4509.08 -125297 0
28.16 0 1.66031e-11 -102426 -5084.16 -102426 0
28.18 0 -1.1465e-10 -76008.6 -5576.85 -76008.6 0
28.2 0 -3.73015e-11 -47095 -5941.38 -47095 0
28.22 0 -4.83542e-11 -16665.8 -6148.17 -16665.8 0
28.24 0 -6.0337e-11 14239 -6200.75 14239 0
28.26 0 -6.75094e-11 44534.9 -6129.07 44534.9 0
28.28 0 -1.35333e-10 73126.8 -5967.54 73126.8 0
28.3 0 -2.41609e-10 99045.3 -5737.75 99045.3 0
28.32 0 2.95205e-10 121516 -5449.52 121516 0
28.34 0 -5.74371e-11 139947 -5109.05 139947 0
28.36 0 1.75074e-10 153871 -4718.94 153871 0
28.38 0 -5.70608e-11 162899 -4272.69 162899 0
28.4 0 2.31286e-11 166737 -3757.43 166737 0
28.42 0 8.15839e-11 165171 -3166.98 165171 0
28.44 0 7.54069e-11 158177 -2514.04 158177 0
28.46 0 6.01249e-11 145852 -1838.61 145852 0
28.48 0 7.57495e-11 128461 -1187.59 128461 0
28.5 0 5.73696e-11 106744 -603.781 106744 0
28.52 0 -2.85269e-11 81493.8 -134.553 81493.8 0
28.54 0 -4.96393e-11 53628.6 174.006 53628.6 0
28.56 0 1.35922e-11 24051.5 290.8 24051.5 0
28.58 0 2.90599e-11 -6233.08 215.263 -6233.08 0
28.6 0 5.2095e-11 -36144.9 -27.3752 -36144.9 0
28.62 0 2.47745e-11 -64560.5 -405.236 -64560.5 0
28.64 0 2.3253e-11 -90362 -894.062 -90362 0
