0.02 0.0727721 0.0188971 -2.89296 0.0160049 -2.89296 0.0188971
0.04 0.769469 0.519335 -20.6177 0.256031 -20.6177 0.519335
0.06 3.30675 3.50747 -56.3377 1.45694 -56.3377 3.50747
0.08 7.08073 13.2132 -65.1344 3.99093 -65.1344 13.2132
0.1 6.33772 36.5152 12.9227 3.08293 12.9227 36.5152
0.12 -1.98061 76.1185 165.42 -17.245 165.42 76.1185
0.14 3.11072 106.828 336.264 -76.4058 336.264 106.828
0.16 74.7959 71.3687 519.731 -166.801 519.731 71.3687
0.18 273.232 -72.4532 727.704 -231.937 727.704 -72.4532
0.2 630.076 -319.236 918.703 -195.539 918.703 -319.236
0.22 1134.59 -637.745 1042.88 -22.2973 1042.88 -637.745
0.24 1744.25 -995.891 1099.94 253.069 1099.94 -995.891
0.26 2406.68 -1381.28 1118.68 553.441 1118.68 -1381.28
0.28 3074.69 -1798.87 1138.18 817.458 1138.18 -1798.87
0.3 3703.86 -2205.42 1209.22 1037.69 1209.22 -2205.42
0.32 4251.37 -2505.25 1362.97 1235.87 1362.97 -2505.25
0.34 4694.87 -2682.47 1579.74 1407.27 1579.74 -2682.47
0.36 5049.65 -2835.04 1802.72 1520.82 1802.72 -2835.04
0.38 5361.38 -3014.36 1964.41 1573.16 1964.41 -3014.36
0.4 5688.38 -3175.28 2003.46 1605.84 2003.46 -3175.28
0.42 6083.34 -3329.96 1885.82 1672.08 1885.82 -3329.96
0.44 6562.76 -3576.08 1628.49 1818.28 1628.49 -3576.08
0.46 7076.61 -3915.98 1313.23 2074.24 1313.23 -3915.98
0.48 7515.99 -4193.87 1051.01 2403.68 1051.01 -4193.87
0.5 7769.02 -4266.85 873.834 2669.61 873.834 -4266.85
0.52 7792.84 -4151.51 686.385 2710.84 686.385 -4151.51
0.54 7650.07 -3982.28 403.831 2491.92 403.831 -3982.28
0.56 7465.59 -3890.45 84.9358 2172.88 84.9358 -3890.45
0.58 7312.22 -3901.38 -155.136 2008.49 -155.136 -3901.38
0.6 7116.76 -3867.99 -272.55 2133.87 -272.55 -3867.99
0.62 6691.76 -3585.06 -264.546 2396.89 -264.546 -3585.06
0.64 5877.4 -3065.5 -124.285 2421.93 -124.285 -3065.5
0.66 4648.52 -2522.68 130.458 1929.76 130.458 -2522.68
0.68 3092.19 -1974.79 486.701 1017.06 486.701 -1974.79
0.7 1318.91 -1178.06 1000.94 54.3406 1000.94 -1178.06
0.72 -593.64 -86.7343 1746.4 -687.954 1746.4 -86.7343
0.74 -2605.88 1001.67 2698.09 -1240.86 2698.09 1001.67
0.76 -4680.49 1887.4 3718.34 -1807.2 3718.34 1887.4
0.78 -6721.52 2671.24 4641.77 -2534.46 4641.77 2671.24
0.8 -8559.42 3423.59 5365.87 -3379.15 5365.87 3423.59
0.82 -10041.1 4017.14 5915.57 -4087.41 5915.57 4017.14
0.84 -11150.5 4410.64 6443.88 -4348.61 6443.88 4410.64
0.86 -12012.9 4790.41 7083.13 -4101.22 7083.13 4790.41
0.88 -12746.5 5262.2 7742.43 -3683.93 7742.43 5262.2
0.9 -13301.9 5620.69 8154.91 -3549.3 8154.91 5620.69
0.92 -13452.7 5585.88 8175.17 -3768.78 8175.17 5585.88
0.94 -12966.7 5122.44 7907.67 -3891.07 7907.67 5122.44
0.96 -11820.2 4421.25 7535.49 -3353.81 7535.49 4421.25
0.98 -10267.7 3678.35 7193.98 -2045.52 7193.98 3678.35
1 -8698.43 2923.6 7109.23 -477.365 7109.23 2923.6
1.02 -7420.28 2021.6 7624.87 602.678 7624.87 2021.6
1.04 -6544.57 1070.71 8004.44 816.858 8004.44 1070.71
1.06 -5896.1 679.122 5827.9 421.277 5827.9 679.122
1.08 -4997.21 1100.94 820.493 77.903 820.493 1100.94
1.1 -3555.87 1642.01 -3116.49 469.097 -3116.49 1642.01
1.12 -2074.65 1891.38 -4143.42 1761.02 -4143.42 1891.38
1.14 -1398.82 2212.55 -4899.77 3041.03 -4899.77 2212.55
1.16 -1617.35 2542.81 -6252.33 2839.65 -6252.33 2542.81
1.18 -1946.21 2498.89 -6948.53 802.206 -6948.53 2498.89
1.2 -1566.91 2148.82 -7431.09 -1647.17 -7431.09 2148.82
1.22 -326.648 1553.68 -7431.56 -2659.12 -7431.56 1553.68
1.24 1097.44 916.198 -6048.41 -1670.17 -6048.41 916.198
1.26 1830.13 839.537 -5542.68 72.3104 -5542.68 839.537
1.28 1841.81 1045.24 -7449.9 532.865 -7449.9 1045.24
1.3 1903.44 492.139 -8589.93 -1070.87 -8589.93 492.139
1.32 2373.56 -593.99 -6643.52 -3309.42 -6643.52 -593.99
1.34 2676.55 -1002.36 -3479.72 -4178.18 -3479.72 -1002.36
1.36 2058.5 -648.915 -275.693 -3351.29 -275.693 -648.915
1.38 303.748 -503.9 4147.87 -2264.34 4147.87 -503.9
1.4 -2259.59 -758.975 8568.76 -2404.98 8568.76 -758.975
1.42 -4911.05 -345.465 8684.44 -3979.5 8684.44 -345.465
1.44 -6743.86 1295.01 4505.95 -5773.6 4505.95 1295.01
1.46 -7480.04 3080.9 2330.44 -5908.69 2330.44 3080.9
1.48 -8156.55 4206.58 4349.67 -3489.43 4349.67 4206.58
1.5 -10053 5286.21 5358.65 -187.135 5358.65 5286.21
1.52 -12875.8 6281 3852.15 846.125 3852.15 6281
1.54 -15049.5 6232.49 4306.09 -1340.37 4306.09 6232.49
1.56 -15707.3 5621.48 7343.45 -4030.8 7343.45 5621.48
1.58 -15393.8 5758.95 9510.04 -4072.32 9510.04 5758.95
1.6 -15021.1 6318.39 10264.3 -1366.46 10264.3 6318.39
1.62 -14895.8 6198.07 10162.4 1643.94 10162.4 6198.07
1.64 -14505 5515.8 7513.36 2737.78 7513.36 5515.8
1.66 -12917.7 4818.45 2653.24 1636.24 2653.24 4818.45
1.68 -9820.55 3989.87 -699.498 55.3654 -699.498 3989.87
1.7 -6240.13 3135.1 -1194.63 245.909 -1194.63 3135.1
1.72 -3684.54 2818.46 -1189.59 2547.41 -1189.59 2818.46
1.74 -2503.62 2680.56 -1832.94 4534.45 -1832.94 2680.56
1.76 -1574.32 1515.64 -1949.3 3586.13 -1949.3 1515.64
1.78 383.315 -632.47 -1517.78 118.004 -1517.78 -632.47
1.8 3608.04 -2181.12 -2089.18 -2731.43 -2089.18 -2181.12
1.82 7366.67 -2491.49 -3923.59 -2533.31 -3923.59 -2491.49
1.84 10734.1 -2802.03 -5629.61 129.034 -5629.61 -2802.03
1.86 13241.7 -4078.9 -6541.9 2601.48 -6541.9 -4078.9
1.88 15144.3 -5862.96 -7263.4 2664.48 -7263.4 -5862.96
1.9 17125.3 -7595.56 -7925.94 373.572 -7925.94 -7595.56
1.92 19483.9 -9142.54 -8002.83 -1904.15 -8002.83 -9142.54
1.94 21660.2 -10018.7 -7827.88 -1577.63 -7827.88 -10018.7
1.96 22788.5 -9856.71 -8279.79 1491.9 -8279.79 -9856.71
1.98 22586.8 -9297.24 -9223.87 4711.99 -9223.87 -9297.24
2 21494.3 -9099.89 -10069.3 5492.86 -10069.3 -9099.89
2.02 20096.1 -8981.93 -11046 3854.06 -11046 -8981.93
2.04 18574 -8211.39 -12325.3 2089.33 -12325.3 -8211.39
2.06 16541.6 -6631.72 -13037.9 2296.25 -13037.9 -6631.72
2.08 13300.5 -4489.06 -12419.5 4417.3 -12419.5 -4489.06
2.1 8446.44 -1963.45 -10796.8 6309.14 -10796.8 -1963.45
2.12 2363.84 637.8 -8674.09 5626.62 -8674.09 637.8
2.14 -3987.94 2935.88 -5857.43 2033.09 -5857.43 2935.88
2.16 -9833.42 5086.14 -2014.74 -2342.55 -2014.74 5086.14
2.18 -15019.9 7508.53 2566.76 -4924.27 2566.76 7508.53
2.2 -19724.2 9862.04 7162.81 -5139.97 7162.81 9862.04
2.22 -23925.2 11313.3 11138.1 -4633.2 11138.1 11313.3
2.24 -27220 11751.7 14016.6 -5265.76 14016.6 11751.7
2.26 -29063.7 11609.3 15647.7 -7254.88 15647.7 11609.3
2.28 -29262.1 10987.8 16657.9 -9068.87 16657.9 10987.8
2.3 -28337 10118.6 17809.4 -8913.85 17809.4 10118.6
2.32 -27225.1 9682.48 18852.6 -6596.01 18852.6 9682.48
2.34 -26452.9 9698.36 19288.5 -3990.71 19288.5 9698.36
2.36 -25750.3 9346.65 19530.3 -3273.85 19530.3 9346.65
2.38 -24488.7 8349.62 19620.3 -4673.31 19620.3 8349.62
2.4 -22259.2 7235.1 18325.3 -6292.88 18325.3 7235.1
2.42 -19079.2 6324.38 15199.9 -6019.49 15199.9 6324.38
2.44 -15363.4 5524.42 11429.6 -3386.68 11429.6 5524.42
2.46 -11699.8 4727.02 7626.86 100.942 7626.86 4727.02
2.48 -8415.1 3847.08 3331.72 2215.19 3331.72 3847.08
2.5 -5328.01 2825.71 -1237.4 1887.11 -1237.4 2825.71
2.52 -2007.78 1633.07 -5317.4 175.727 -5317.4 1633.07
2.54 1743.34 281.606 -8696.01 -682.149 -8696.01 281.606
2.56 5675.53 -987.147 -11225.3 635.092 -11225.3 -987.147
2.58 9319.61 -2009.16 -12862.7 3294.45 -12862.7 -2009.16
2.6 12412.2 -3144.85 -14579.2 5187.76 -14579.2 -3144.85
2.62 15070.7 -4691.25 -17063.4 5060.41 -17063.4 -4691.25
2.64 17480.6 -6250.42 -19103.2 3662.73 -19103.2 -6250.42
2.66 19395.8 -7235.01 -19504.5 2792.13 -19504.5 -7235.01
2.68 20079.3 -7251.98 -19118.6 3350.36 -19118.6 -7251.98
2.7 18907.8 -5999.46 -18887.2 4358.27 -18887.2 -5999.46
2.72 16011.9 -3884.47 -17912.7 3845.46 -17912.7 -3884.47
2.74 12184.1 -2151.6 -15175.2 858.788 -15175.2 -2151.6
2.76 8200.56 -1334.41 -11052.5 -3381.93 -11052.5 -1334.41
2.78 4360.96 -564.326 -6182.76 -6538.75 -6182.76 -564.326
2.8 607.882 815.946 -978.334 -7371.44 -978.334 815.946
2.82 -3098.82 2084.27 3695.8 -6691.9 3695.8 2084.27
2.84 -6611.8 2358.51 7597.57 -6176.4 7597.57 2358.51
2.86 -9798.51 2092.22 12133.5 -6606.55 12133.5 2092.22
2.88 -12810.7 2435.27 18313.3 -7447.81 18313.3 2435.27
2.9 -15949.9 3628.88 25067.8 -7822.61 25067.8 3628.88
2.92 -19168.9 4863.14 31006.3 -7464.73 31006.3 4863.14
2.94 -21783.5 5327.61 35678.1 -6704.3 35678.1 5327.61
2.96 -22762.7 4737.2 38287.1 -5774.47 38287.1 4737.2
2.98 -21394 3224.35 37976.7 -4263.75 37976.7 3224.35
3 -17868.2 1266.66 35787.2 -1355.06 35787.2 1266.66
3.02 -13327.1 -539.363 33589.5 3143.35 33589.5 -539.363
3.04 -9145.97 -1929.72 31408.4 7964.19 31408.4 -1929.72
3.06 -5899.8 -3127.55 28146.5 11007.6 28146.5 -3127.55
3.08 -2995.75 -4515.19 23845.1 11251.9 23845.1 -4515.19
3.1 597.735 -6092.15 19224 9974.59 19224 -6092.15
3.12 5300.03 -7288.75 14363.7 9663.91 14363.7 -7288.75
3.14 10630.1 -7713.6 9259.56 11535.9 9259.56 -7713.6
3.16 15826.1 -8105.79 4194.13 14313.6 4194.13 -8105.79
3.18 20586.8 -9649.55 -1279.82 15608.4 -1279.82 -9649.55
3.2 25224.6 -12109.2 -8075.7 14334.9 -8075.7 -12109.2
3.22 30184.1 -13932.2 -15711.3 11612.4 -15711.3 -13932.2
3.24 35369.1 -14501.8 -22455.9 9520.82 -22455.9 -14501.8
3.26 39897 -14690 -27782 9187.43 -27782 -14690
3.28 42672.8 -14924.1 -32684.5 9815.52 -32684.5 -14924.1
3.3 43323.1 -14558.3 -37266.6 9314.45 -37266.6 -14558.3
3.32 42426.4 -13399.9 -40336.2 6199.96 -40336.2 -13399.9
3.34 40762.7 -12001.8 -41568.8 1206.65 -41568.8 -12001.8
3.36 38568.8 -10497.2 -41782 -3227 -41782 -10497.2
3.38 35566.8 -8780.41 -41139.4 -5267.92 -41139.4 -8780.41
3.4 31354.3 -7134.22 -38952.5 -5242.52 -38952.5 -7134.22
3.42 25608.1 -5384.76 -34925.8 -5021.53 -34925.8 -5384.76
3.44 18229 -2770.44 -29315.9 -6368.69 -29315.9 -2770.44
3.46 9480.71 610.71 -22397.3 -9668.59 -22397.3 610.71
3.48 -135.166 3929.78 -14592.9 -13574.6 -14592.9 3929.78
3.5 -10124.7 7190.7 -6598.99 -15998.6 -6598.99 7190.7
3.52 -20014.2 10817 1151.72 -15973 1151.72 10817
3.54 -29312.5 14270.3 8855.15 -14433.6 8855.15 14270.3
3.56 -37699.2 16770.8 16854.8 -12989 16854.8 16770.8
3.58 -45138.2 18566.8 24908.9 -12334.4 24908.9 18566.8
3.6 -51615.4 20229.4 32105.7 -12035 32105.7 20229.4
3.62 -56819.6 21508 37463.1 -11259.9 37463.1 21508
3.64 -60225.9 21782.3 40675.5 -9339.17 40675.5 21782.3
3.66 -61552.5 21131.4 42396.5 -6045.04 42396.5 21131.4
3.68 -61134.4 20360.6 43526.3 -1891.99 43526.3 20360.6
3.7 -59770 20080.7 44170 1850.5 44170 20080.7
3.72 -58064.2 20005.9 43925.7 3849.18 43925.7 20005.9
3.74 -55885.6 19340.2 42976.9 3731.5 42976.9 19340.2
3.76 -52482.7 17765.6 41569.9 2445.39 41569.9 17765.6
3.78 -47058.9 15561.5 38782.5 1498.74 38782.5 15561.5
3.8 -39257.6 12831.4 33572.2 1836.87 33572.2 12831.4
3.82 -29359.4 9371.77 26455 3368.62 26455 9371.77
3.84 -18175.9 5328.68 18465.7 5212.76 18465.7 5328.68
3.86 -6588.84 1191.78 9627.58 6229.65 9627.58 1191.78
3.88 4960.65 -2962.13 104.217 5759.57 104.217 -2962.13
3.9 16443.4 -7453.08 -8778.33 4309.46 -8778.33 -7453.08
3.92 27706.4 -12110.6 -16233.8 3298.65 -16233.8 -12110.6
3.94 38152.2 -16152.3 -23013.9 3696.86 -23013.9 -16152.3
3.96 46960.8 -19063.3 -29703.2 4999.11 -29703.2 -19063.3
3.98 53446.2 -20873.4 -35835.1 5779.39 -35835.1 -20873.4
4 57217.8 -21581.5 -41083.4 5055.25 -41083.4 -21581.5
4.02 58199.9 -21081.6 -45450.9 2949.75 -45450.9 -21081.6
4.04 56491 -19400.2 -48155.2 357.947 -48155.2 -19400.2
4.06 52125.7 -16411.9 -47954.2 -1858.55 -47954.2 -16411.9
4.08 45121.1 -12120.3 -44470.4 -3682.79 -44470.4 -12120.3
4.1 35845.3 -7536.32 -37989.7 -5988.06 -37989.7 -7536.32
4.12 25140.1 -3916.23 -28565.1 -9400.13 -28565.1 -3916.23
4.14 14004 -1105.08 -16593.4 -13243.7 -16593.4 -1105.08
4.16 3327.93 1697.01 -3612.39 -16034.7 -3612.39 1697.01
4.18 -6136.65 3962.91 8720.51 -16748.9 8720.51 3962.91
4.2 -13920.6 4593.59 19945.7 -15225.2 19945.7 4593.59
4.22 -20068.3 4037.28 30217 -11850.1 30217 4037.28
4.24 -25042.3 3746.39 39151.7 -7466.8 39151.7 3746.39
4.26 -29340.8 4073.46 46314.7 -3178.75 46314.7 4073.46
4.28 -33295.5 4436.48 52241.7 407.657 52241.7 4436.48
4.3 -37106.7 4998.29 57660.2 3520.71 57660.2 4998.29
4.32 -40761 6325.01 61963 6453.71 61963 6325.01
4.34 -43881.4 7969.91 63830.9 8932.19 63830.9 7969.91
4.36 -45898.1 9293.94 62970.9 10617.5 62970.9 9293.94
4.38 -46373.9 10748.6 59786 11601.8 59786 10748.6
4.4 -44991.7 12535.8 54198.2 11977.5 54198.2 12535.8
4.42 -41337.7 13467.8 46293.9 11585 46293.9 13467.8
4.44 -34879.3 12500.9 37054.4 10556.5 37054.4 12500.9
4.46 -25091.3 9507.49 27560.6 9539.45 27560.6 9507.49
4.48 -11677.7 4228.54 18500.1 9217.62 18500.1 4228.54
4.5 5064.24 -3374.67 10063.6 9976.32 10063.6 -3374.67
4.52 24159.9 -12217.2 1351.17 11817.4 1351.17 -12217.2
4.54 44418.7 -21083.1 -8834.67 14240.7 -8834.67 -21083.1
4.56 64867.8 -29547 -20307.8 16500.2 -20307.8 -29547
4.58 84702.4 -37426 -32252.7 18235 -32252.7 -37426
4.6 103099 -44348.1 -44949.7 19677.5 -44949.7 -44348.1
4.62 119241 -49786.1 -59103.4 21204.4 -59103.4 -49786.1
4.64 132430 -53308.1 -74415.8 22818.8 -74415.8 -53308.1
4.66 142072 -55144.4 -89443.9 24112.2 -89443.9 -55144.4
4.68 147427 -55731.9 -101903 24651.9 -101903 -55731.9
4.7 147459 -54513.7 -109807 24147.3 -109807 -54513.7
4.72 141223 -50605.4 -113231 22148.8 -113231 -50605.4
4.74 128537 -44209 -113701 18104.6 -113701 -44209
4.76 110144 -35735.8 -111739 12101.2 -111739 -35735.8
4.78 87236.4 -24764.7 -106748 5104.4 -106748 -24764.7
4.8 60982.3 -11426.1 -98804.7 -1860.81 -98804.7 -11426.1
4.82 32419.4 2817.65 -88882.8 -8394.67 -88882.8 2817.65
4.84 2658.87 16717.2 -77923.4 -14531.6 -77923.4 16717.2
4.86 -26864.4 29700.8 -66490 -20316.8 -66490 29700.8
4.88 -54587.3 40735.1 -54383.4 -25468.4 -54383.4 40735.1
4.9 -79681.2 49055.9 -40579.9 -29111 -40579.9 49055.9
4.92 -102745 55893.7 -24619.6 -30359.8 -24619.6 55893.7
4.94 -125298 63370.4 -7663.46 -29797.8 -7663.46 63370.4
4.96 -148404 72069.4 8670.06 -29851 8670.06 72069.4
4.98 -171743 81199.6 23778.9 -32870.3 23778.9 81199.6
5 -193748 90141.3 37635.7 -38898.2 37635.7 90141.3
5.02 -212376 98358.3 49764.1 -45606.3 49764.1 98358.3
5.04 -225937 104786 59647.8 -50188.4 59647.8 104786
5.06 -233547 108504 67578.3 -51326 67578.3 108504
5.08 -234967 109259 74278.4 -49946.9 74278.4 109259
5.1 -230018 106756 80309.1 -48342.2 80309.1 106756
5.12 -218204 100301 86428.3 -48040.7 86428.3 100301
5.14 -198862 89590.3 93421 -48188 93421 89590.3
5.16 -171463 75047.2 100682 -46204 100682 75047.2
5.18 -135607 56945.2 105958 -40090.4 105958 56945.2
5.2 -90857.2 34697.8 107228 -29803.3 107228 34697.8
5.22 -36905.2 7241.18 103910 -16382.7 103910 7241.18
5.24 25768.4 -26017.8 95972.8 -206.918 95972.8 -26017.8
5.26 95088.4 -64082.7 83281.8 19545.5 83281.8 -64082.7
5.28 166978 -103587 66478.8 43586.6 66478.8 -103587
5.3 235804 -139779 47143.2 70491.4 47143.2 -139779
5.32 295653 -168951 25992.3 96017.5 25992.3 -168951
5.34 341845 -189379 1806.77 115044 1806.77 -189379
5.36 372502 -200252 -26813.8 124857 -26813.8 -200252
5.38 389393 -201406 -59341.1 126807 -59341.1 -201406
5.4 395113 -194198 -93685.3 124821 -93685.3 -194198
5.42 390437 -180979 -127556 122161 -127556 -180979
5.44 376926 -164551 -158438 119143 -158438 -164551
5.46 356253 -147692 -182999 113589 -182999 -147692
5.48 329308 -132171 -197637 103375 -197637 -132171
5.5 296218 -117558 -199904 88385.5 -199904 -117558
5.52 255182 -100762 -189381 69968.6 -189381 -100762
5.54 204095 -78266.9 -167581 48910.6 -167581 -78266.9
5.56 142608 -48941.9 -137223 24540.8 -137223 -48941.9
5.58 73512.8 -14907.9 -100813 -3976.57 -100813 -14907.9
5.6 1985.27 19694.4 -59529.6 -35608.4 -59529.6 19694.4
5.62 -66108.4 50282 -14802.3 -66660.4 -14802.3 50282
5.64 -125655 73346.1 28962.7 -91871.4 28962.7 73346.1
5.66 -173053 87843.5 66055.8 -106749 66055.8 87843.5
5.68 -206812 95059.8 94212.7 -109857 94212.7 95059.8
5.7 -228025 96985.3 114537 -103530 114537 96985.3
5.72 -240045 95600 127561 -92281.4 127561 95600
5.74 -246921 93520.1 132926 -80087.1 132926 93520.1
5.76 -251392 93653.1 131063 -68642.6 131063 93653.1
5.78 -253749 97193.2 121967 -57556.7 121967 97193.2
5.8 -252112 102421 104217 -45528 104217 102421
5.82 -243785 106012 76795.7 -31196.9 76795.7 106012
5.84 -226852 105473 40189.5 -13566.5 40189.5 105473
5.86 -201188 100356 -4003.27 7361.39 -4003.27 100356
5.88 -168510 91690.2 -52949 29801.1 -52949 91690.2
5.9 -131745 80903.8 -102662 50169.2 -102662 80903.8
5.92 -94157.3 69415.8 -148537 64342.2 -148537 69415.8
5.94 -58473.5 58986.9 -185741 69443.8 -185741 58986.9
5.96 -26045.1 51433.6 -210940 64788.6 -210940 51433.6
5.98 3969.37 46313.5 -223912 51566.8 -223912 46313.5
6 34844.2 38890.3 -225185 32449.5 -225185 38890.3
6.02 70962.5 22299 -213625 11892.1 -213625 22299
6.04 115082 -7404.12 -189812 -4222.48 -189812 -7404.12
6.06 165886 -47994.1 -158526 -10967.8 -158526 -47994.1
6.08 217329 -91325.5 -123039 -7604.96 -123039 -91325.5
6.1 260185 -127100 -81612.6 840.974 -81612.6 -127100
6.12 285591 -148929 -34927.9 5389.55 -34927.9 -148929
6.14 289595 -157094 10125.8 -1512.97 10125.8 -157094
6.16 275308 -155356 50467.1 -19855.3 50467.1 -155356
6.18 250006 -147484 92881.9 -40645.3 92881.9 -147484
6.2 220124 -137132 144316 -52030.1 144316 -137132
6.22 187724 -128093 203967 -48464.9 203967 -128093
6.24 151075 -123020 268506 -34569.6 268506 -123020
6.26 108034 -122078 335601 -20075.7 335601 -122078
6.28 58196.1 -121594 398818 -10994.5 398818 -121594
6.3 4228.94 -114181 444917 -5525.22 444917 -114181
6.32 -50557 -93177.6 465930 2224.89 465930 -93177.6
6.34 -114676 -57806.1 479794 15262 479794 -57806.1
6.36 -191565 -13243.4 496139 29784 496139 -13243.4
6.38 -273555 33296.3 503392 38041.6 503392 33296.3
6.4 -354105 75901.5 497509 36666.3 497509 75901.5
6.42 -422783 111283 487948 31410.8 487948 111283
6.44 -470868 138307 481039 31923.7 481039 138307
6.46 -493899 156869 462078 43996 462078 156869
6.48 -496630 168606 407454 65812.1 407454 168606
6.5 -482838 177813 312965 88726.8 312965 177813
6.52 -451164 187694 194812 104739 194812 187694
6.54 -404815 196488 66851.7 113709 66851.7 196488
6.56 -350219 200174 -55360.4 120990 -55360.4 200174
6.58 -290941 195579 -152957 129117 -152957 195579
6.6 -230557 178839 -215198 133932 -215198 178839
6.62 -168542 149447 -244130 129118 -244130 149447
6.64 -100048 110460 -247882 112773 -247882 110460
6.66 -25155 65305.5 -240091 89565.8 -240091 65305.5
6.68 51449.6 20927.3 -241359 67236.7 -241359 20927.3
6.7 121777 -13202.2 -268114 50114.1 -268114 -13202.2
6.72 180087 -31322.9 -320488 35509.3 -320488 -31322.9
6.74 224166 -35237.7 -386836 16580.6 -386836 -35237.7
6.76 255606 -31161 -453454 -11692.6 -453454 -31161
6.78 281453 -25953.7 -502848 -49422.6 -502848 -25953.7
6.8 311045 -26208.5 -512660 -90385.6 -512660 -26208.5
6.82 346890 -37240.7 -485322 -122480 -485322 -37240.7
6.84 384464 -60951.5 -446374 -136337 -446374 -60951.5
6.86 411754 -96197.2 -396513 -137737 -396513 -96197.2
6.88 425846 -139295 -311328 -141062 -311328 -139295
6.9 425115 -179386 -202527 -145193 -202527 -179386
6.92 412413 -203685 -109316 -134605 -109316 -203685
6.94 396035 -215678 -45399.7 -103858 -45399.7 -215678
6.96 383552 -222541 -10881.3 -64258.9 -10881.3 -222541
6.98 365027 -221464 -3742.16 -30487.7 -3742.16 -221464
7 326003 -206187 -7247.98 -8723.83 -7247.98 -206187
7.02 271865 -174440 4775.98 3706.95 4775.98 -174440
7.04 200995 -132057 43294.5 11945.7 43294.5 -132057
7.06 114293 -86302.2 101941 17915.9 101941 -86302.2
7.08 18924.7 -46205.3 173168 19376.4 173168 -46205.3
7.1 -73900.7 -18493 250650 14961.6 250650 -18493
7.12 -153764 66.9419 320173 9692.03 320173 66.9419
7.14 -217209 17009.9 363322 13080.4 363322 17009.9
7.16 -266554 33783 371587 30777.4 371587 33783
7.18 -301903 47379.7 350023 59172.4 350023 47379.7
7.2 -319308 58048 305724 89494.6 305724 58048
7.22 -322755 69547.7 241575 114473 241575 69547.7
7.24 -318824 84472.2 168940 129851 168940 84472.2
7.26 -311402 102550 103195 134962 103195 102550
7.28 -303986 121457 49102.8 132666 49102.8 121457
7.3 -296295 137496 6398.35 125511 6398.35 137496
7.32 -285535 146763 -25251.3 112837 -25251.3 146763
7.34 -269064 146845 -49562.3 93291.1 -49562.3 146845
7.36 -246251 138917 -73214 68935.8 -73214 138917
7.38 -217001 125577 -100134 44625.8 -100134 125577
7.4 -182181 108606 -131576 23551 -131576 108606
7.42 -143435 90664.9 -168904 4554.4 -168904 90664.9
7.44 -102743 74802.1 -211370 -16110.3 -211370 74802.1
7.46 -61873.2 62781.1 -253179 -40724.5 -253179 62781.1
7.48 -22497.5 55173.6 -285854 -67924.9 -285854 55173.6
7.5 14246.6 51347.8 -302366 -94206.2 -302366 51347.8
7.52 48699.4 47571.8 -299152 -116596 -299152 47571.8
7.54 82491.4 37389 -276493 -133241 -276493 37389
7.56 118215 15837.2 -237661 -142128 -237661 15837.2
7.58 158062 -17365.5 -187222 -140150 -187222 -17365.5
7.6 200662 -58571.2 -130800 -124013 -130800 -58571.2
7.62 240477 -102304 -74690.7 -92945.6 -74690.7 -102304
7.64 270418 -142590 -24438.6 -50925.6 -24438.6 -142590
7.66 285924 -174032 16295.5 -5996.66 16295.5 -174032
7.68 286568 -192754 46709.5 33131.7 46709.5 -192754
7.7 270944 -196082 68604.5 61020 68604.5 -196082
7.72 235651 -181326 85264.2 77409.8 85264.2 -181326
7.74 182711 -149092 100261 85567.3 100261 -149092
7.76 116239 -106670 116606 88912.9 116606 -106670
7.78 41305.7 -61839 136277 89154 136277 -61839
7.8 -34327.9 -19850 159628 86674.9 159628 -19850
7.82 -103394 13862.2 184587 82490.5 184587 13862.2
7.84 -160221 35646.8 206826 79743.3 206826 35646.8
7.86 -202787 46082 221731 82307.2 221731 46082
7.88 -232362 48984.5 226529 91371.4 226529 48984.5
7.9 -252340 49942.7 220173 103434 220173 49942.7
7.92 -266673 55178.8 201553 111535 201553 55178.8
7.94 -279531 68293.6 169042 108802 169042 68293.6
7.96 -292407 88556.2 122900 92417.6 122900 88556.2
7.98 -303441 113704 67152.1 65611.5 67152.1 113704
8 -309876 142015 9093.59 35183.6 9093.59 142015
8.02 -309891 169662 -42544.6 6084.72 -42544.6 169662
8.04 -304061 189390 -80710.7 -21293.4 -80710.7 189390
8.06 -292754 195084 -103016 -48508 -103016 195084
8.08 -271134 185247 -112026 -74883.5 -112026 185247
8.1 -236506 161718 -113193 -96245 -113193 161718
8.12 -189267 128901 -113217 -107231 -113217 128901
8.14 -131065 92550.3 -119227 -105150 -119227 92550.3
8.16 -66860.4 57548.1 -136927 -92316.9 -136927 57548.1
8.18 -1160.88 27134.2 -167447 -74761.1 -167447 27134.2
8.2 62472.3 2798.05 -205052 -58161 -205052 2798.05
8.22 122262 -16021.7 -238535 -44388.7 -238535 -16021.7
8.24 177138 -32227.7 -256824 -31437.4 -256824 -32227.7
8.26 226105 -49903.4 -254315 -16313.7 -254315 -49903.4
8.28 267918 -72165 -231070 2061.3 -231070 -72165
8.3 301732 -99776.1 -190153 22467.8 -190153 -99776.1
8.32 327076 -131125 -137318 43377.2 -137318 -131125
8.34 343577 -162830 -81781.5 64874.6 -81781.5 -162830
8.36 351415 -190602 -33777.3 88280.2 -33777.3 -190602
8.38 351696 -210365 -136.678 113650 -136.678 -210365
8.4 345521 -219208 18230.7 137583 18230.7 -219208
8.42 328410 -215668 26242.1 154140 26242.1 -215668
8.44 296360 -199237 32262.9 158672 32262.9 -199237
8.46 251918 -171909 43983.6 150660 43983.6 -171909
8.48 197203 -138624 65045.1 133345 65045.1 -138624
8.5 134899 -103935 94748.5 111411 94748.5 -103935
8.52 69032 -71019.4 129906 88577.2 129906 -71019.4
8.54 3709.78 -41978.3 165946 66782.6 165946 -41978.3
8.56 -56756.7 -17356.3 196939 47085.8 196939 -17356.3
8.58 -109263 3027.39 216480 30650.4 216480 3027.39
8.6 -152552 19535.4 219473 18669.4 219473 19535.4
8.62 -187069 33821.8 203489 11339 203489 33821.8
8.64 -214312 49020.2 169581 6951.87 169581 49020.2
8.66 -235849 67596.1 122940 2254.25 122940 67596.1
8.68 -252621 89662.2 71653.5 -5920.16 71653.5 89662.2
8.7 -265431 113526 23224.4 -19096 23224.4 113526
8.72 -275063 136988 -17493.4 -36837.7 -17493.4 136988
8.74 -281829 157813 -47805 -57268.8 -47805 157813
8.76 -284880 173426 -67228.5 -77461.4 -67228.5 173426
8.78 -282008 180794 -78959.1 -93560 -78959.1 180794
8.8 -267872 177262 -89664.2 -101417 -89664.2 177262
8.82 -238429 161488 -106099 -98063.9 -106099 161488
8.84 -195493 135567 -131419 -83115.2 -131419 135567
8.86 -142056 104888 -164151 -59373.6 -164151 104888
8.88 -82059.8 73515.6 -199384 -32191.5 -199384 73515.6
8.9 -20814.2 43443.4 -230567 -7414.17 -230567 43443.4
8.92 36549 16966.2 -251435 10700.8 -251435 16966.2
8.94 85839 -3866.87 -257402 20300 -257402 -3866.87
8.96 125312 -19258.1 -245571 21882.5 -245571 -19258.1
8.98 155722 -32154.1 -214956 18000.3 -214956 -32154.1
9 179517 -46700.9 -168678 12582.3 -168678 -46700.9
9.02 198992 -65804 -115113 9762.57 -115113 -65804
9.04 215670 -89220.4 -64409.3 12671.6 -64409.3 -89220.4
9.06 230302 -113823 -23305.2 22675.2 -23305.2 -113823
9.08 242426 -135931 6947.9 38940.3 6947.9 -135931
9.1 250074 -153258 29462.2 58243.2 29462.2 -153258
9.12 249902 -164399 49574.8 75579.5 49574.8 -164399
9.14 237734 -167073 72153.8 85873.6 72153.8 -167073
9.16 210878 -158334 98900.4 85959.1 98900.4 -158334
9.18 171024 -137758 128305 75777.3 128305 -137758
9.2 122625 -109228 158583 58593.1 158583 -109228
9.22 70717.4 -78209 188803 39984.7 188803 -78209
9.24 19912.1 -49504.3 216306 25343.7 216306 -49504.3
9.26 -26143.8 -27249.2 236271 17528.2 236271 -27249.2
9.28 -64586.6 -13563.2 246089 16762.9 246089 -13563.2
9.3 -94550.7 -6577.82 247249 21951.6 247249 -6577.82
9.32 -117795 -1681.05 240986 30986.2 240986 -1681.05
9.34 -137582 4540.52 225056 40364.2 225056 4540.52
9.36 -157002 13381.3 197215 46302.4 197215 13381.3
9.38 -176931 26792.3 159720 46779.5 159720 26792.3
9.4 -196056 47395.9 117509 41866.2 117509 47395.9
9.42 -212702 74365.6 74724.9 32182.7 74724.9 74365.6
9.44 -225649 102114 35730.3 18067.1 35730.3 102114
9.46 -234038 124220 4861.03 486.1 4861.03 124220
9.48 -236431 137022 -17524.4 -18090.1 -17524.4 137022
9.5 -230444 139784 -35123.6 -34067.3 -35123.6 139784
9.52 -212694 133196 -51614.2 -43929.5 -51614.2 133196
9.54 -182209 117764 -69759.9 -45650.5 -69759.9 117764
9.56 -141352 94613.2 -92402.6 -39748.6 -92402.6 94613.2
9.58 -93575.7 66907.3 -119847 -29234.5 -119847 66907.3
9.6 -42767.7 39438.9 -147640 -18214.5 -147640 39438.9
9.62 7648.4 16234.7 -169822 -10162.8 -169822 16234.7
9.64 54848.7 -2424.76 -182909 -6821.97 -182909 -2424.76
9.66 96811.6 -18996 -185527 -7627.86 -185527 -18996
9.68 132267 -34873.2 -176843 -9928.15 -176843 -34873.2
9.7 160610 -49294.2 -157380 -10601.2 -157380 -49294.2
9.72 181816 -61826.2 -130151 -8073.48 -130151 -61826.2
9.74 196099 -73713.4 -99616.2 -2725.67 -99616.2 -73713.4
9.76 203785 -86256.3 -69703.6 4513.87 -69703.6 -86256.3
9.78 205238 -99015.3 -42703.8 13518.7 -42703.8 -99015.3
9.8 200401 -109711 -18755 24736.1 -18755 -109711
9.82 188231 -115200 4193.26 37682.8 4193.26 -115200
9.84 166687 -112844 28747.1 49720.3 28747.1 -112844
9.86 134187 -101823 55540.7 56609.7 55540.7 -101823
9.88 91105.9 -83373.8 82801.2 55085.3 82801.2 -83373.8
9.9 40449.9 -59593.3 108570 45682.2 108570 -59593.3
9.92 -12912.4 -32589.3 132306 33120.6 132306 -32589.3
9.94 -64197.7 -4884.84 153886 23393.6 153886 -4884.84
9.96 -110053 20304.4 172200 19844.7 172200 20304.4
9.98 -148776 39834.2 185491 21555.7 185491 39834.2
10 -179670 52038.2 192300 25182.3 192300 52038.2
10.02 -202583 57625.7 191925 28234.4 191925 57625.7
10.04 -218074 59514.6 184928 30722.9 184928 59514.6
10.06 -227933 61686.1 173016 33790.6 173016 61686.1
10.08 -235057 67299.1 157463 36767.9 157463 67299.1
10.1 -241660 77087.6 138279 35921.4 138279 77087.6
10.12 -247476 89435.9 115423 26935 115423 89435.9
10.14 -249621 101680 90177.9 9178.82 90177.9 101680
10.16 -244203 110916 64608.8 -12481.9 64608.8 110916
10.18 -228455 114237 39997.4 -30317.2 39997.4 114237
10.2 -201040 109291 16683.8 -38693.4 16683.8 109291
10.22 -162470 94616.4 -5263.45 -37286.6 -5263.45 94616.4
10.24 -114946 70468.5 -26398.3 -29986.5 -26398.3 70468.5
10.26 -61188.2 39982.9 -48275 -20888.6 -48275 39982.9
10.28 -4624.18 8270.85 -72156.5 -11348.5 -72156.5 8270.85
10.3 50756.3 -19893.4 -97591.2 -513.396 -97591.2 -19893.4
10.32 101039 -41830.9 -122842 11897.9 -122842 -41830.9
10.34 143166 -56964.5 -145952 23740.4 -145952 -56964.5
10.36 175754 -65922.9 -164623 31384.4 -164623 -65922.9
10.38 199195 -70440.6 -175681 32588 -175681 -70440.6
10.4 214831 -73140.3 -175844 28697.5 -175844 -73140.3
10.42 223759 -76414.9 -163529 23951.7 -163529 -76414.9
10.44 226408 -81553.9 -139828 22251.8 -139828 -81553.9
10.46 222802 -88652.8 -107672 24407.2 -107672 -88652.8
10.48 212884 -96629 -70441.4 28347.6 -70441.4 -96629
10.5 196664 -103293 -31282 31613.6 -31282 -103293
10.52 173874 -105783 6882.46 33406.7 6882.46 -105783
10.54 143996 -101341 41222.2 34417.8 41222.2 -101341
10.56 106792 -88533.4 69576.8 35088.9 69576.8 -88533.4
10.58 63080.5 -68246 92122.3 34478.5 92122.3 -68246
10.6 15255.4 -43495.8 112244 31083.2 112244 -43495.8
10.62 -33449.4 -18055.8 134204 24714.5 134204 -18055.8
10.64 -80243.2 5148.82 159461 17268.7 159461 5148.82
10.66 -123407 24641 185801 11435.6 185801 24641
10.68 -161923 40049 209125 8684.47 209125 40049
10.7 -194804 51626.6 224900 8536.52 224900 51626.6
10.72 -220872 59969 229246 9646.72 229246 59969
10.74 -238997 66025 220671 11446.7 220671 66025
10.76 -248752 71333.6 199942 14629.6 199942 71333.6
10.78 -251223 77565.8 168098 19715.4 168098 77565.8
10.8 -247807 85112.3 127171 25208.2 127171 85112.3
10.82 -238956 92425.4 81936.8 28042.6 81936.8 92425.4
10.84 -224384 97216.4 38225 26264.9 38225 97216.4
10.86 -203575 98024.7 -449.478 20900.9 -449.478 98024.7
10.88 -176565 94508.5 -33555.3 15030.2 -33555.3 94508.5
10.9 -144207 86929.6 -61730.4 11207.2 -61730.4 86929.6
10.92 -107541 75604.8 -86318.1 9656.9 -86318.1 75604.8
10.94 -67277.9 60323.6 -109507 8654.81 -109507 60323.6
10.96 -23900.3 40789.8 -132485 6712.05 -132485 40789.8
10.98 21763.7 18034.4 -154153 4446.24 -154153 18034.4
11 67667.3 -5288.1 -173035 3940.4 -173035 -5288.1
11.02 110608 -26379.4 -188749 6036.43 -188749 -26379.4
11.04 147205 -43613.2 -200219 8657.58 -200219 -43613.2
11.06 175001 -56181 -204346 8190.19 -204346 -56181
11.08 192929 -63675.7 -198015 2422.65 -198015 -63675.7
11.1 201390 -66906.6 -180219 -7754.22 -180219 -66906.6
11.12 201957 -68224.1 -151621 -18854.1 -151621 -68224.1
11.14 196658 -70228.4 -113585 -26726 -113585 -70228.4
11.16 187340 -74414.8 -68524.8 -28677 -68524.8 -74414.8
11.18 175246 -80777.5 -20242.5 -24479 -20242.5 -80777.5
11.2 160835 -87922.1 27198.8 -15665.9 27198.8 -87922.1
11.22 143707 -93662.6 70563.1 -4052.53 70563.1 -93662.6
11.24 122645 -95811.7 107133 9041.98 107133 -95811.7
11.26 96236.7 -92486.3 135206 22501.5 135206 -92486.3
11.28 63776.7 -82372.6 156160 34913.7 156160 -82372.6
11.3 25675.7 -65444.4 174040 44666.4 174040 -65444.4
11.32 -16563.6 -43446.7 191581 50555.7 191581 -43446.7
11.34 -60369.8 -19639.6 208383 52431.7 208383 -19639.6
11.36 -102212 2014.6 223551 51648.6 223551 2014.6
11.38 -138378 18280.3 236992 50967.3 236992 18280.3
11.4 -166355 28196.1 246742 53329 246742 28196.1
11.42 -185620 33289.9 248317 59871.8 248317 33289.9
11.44 -197136 36243.1 238338 68924.6 238338 36243.1
11.46 -202663 39629.2 216351 77070.8 216351 39629.2
11.48 -204239 45506 183044 81047.7 183044 45506
11.5 -202915 54691.4 140239 78863.2 140239 54691.4
11.52 -198378 65696.9 92492.3 70287.5 92492.3 65696.9
11.54 -189851 75628.6 45435.5 56984 45435.5 75628.6
11.56 -176917 82799.6 2438.98 41518.3 2438.98 82799.6
11.58 -159403 86814.8 -34751.4 25484.3 -34751.4 86814.8
11.6 -137172 85952 -63719 8920.91 -63719 85952
11.62 -110469 77981.7 -84354.6 -8025.95 -84354.6 77981.7
11.64 -80133.9 64177.8 -102380 -23721.6 -102380 64177.8
11.66 -47256.2 49076.9 -124566 -36069.8 -124566 49076.9
11.68 -12591 35810.2 -151810 -44190.3 -151810 35810.2
11.7 23016.3 24265.4 -180633 -48509.2 -180633 24265.4
11.72 58175.2 13395.1 -207998 -50055.8 -207998 13395.1
11.74 91458 2597.06 -230748 -50149.3 -230748 2597.06
11.76 122058 -8587.75 -244181 -49826.1 -244181 -8587.75
11.78 149545 -20381.8 -244761 -49001.7 -244761 -20381.8
11.8 173099 -32943.4 -231823 -46723.5 -231823 -32943.4
11.82 191891 -46888.2 -205748 -42254.5 -205748 -46888.2
11.84 205309 -62489.2 -167869 -35300 -167869 -62489.2
11.86 212469 -78484.7 -122136 -25574.2 -122136 -78484.7
11.88 212776 -92647.5 -73946.3 -13028.4 -73946.3 -92647.5
11.9 206528 -103359 -28004.4 1706.06 -28004.4 -103359
11.92 194811 -110145 11918.3 17723.4 11918.3 -110145
11.94 178627 -112859 43600.3 34565.2 43600.3 -112859
11.96 158275 -110884 68236.2 51997.5 68236.2 -110884
11.98 133234 -103731 90366.7 68927.1 90366.7 -103731
12 102572 -91966.2 114869 82916.8 114869 -91966.2
12.02 65919 -76918.9 144270 91157.3 144270 -76918.9
12.04 24283.3 -59940.9 178639 92145.5 178639 -59940.9
12.06 -19698.2 -42582.2 216619 86788.7 216619 -42582.2
12.08 -62532 -26930.8 255392 78259.5 255392 -26930.8
12.1 -101265 -14548.3 290053 70524.3 290053 -14548.3
12.12 -134442 -5232.4 314741 66117.6 314741 -5232.4
12.14 -162017 2548.79 325257 64693.9 325257 2548.79
12.16 -184461 10446.1 320330 63735.1 320330 10446.1
12.18 -201429 19914.4 300863 60979 300863 19914.4
12.2 -214112 32254.9 268251 55894.9 268251 32254.9
12.22 -224002 47925.7 225404 48576 225404 47925.7
12.24 -230905 65836.5 177710 38537.2 177710 65836.5
12.26 -234266 83753.4 130633 25331.1 130633 83753.4
12.28 -233247 99237.3 88369.7 9385.22 88369.7 99237.3
12.3 -227206 110041 52737.3 -7989.05 52737.3 110041
12.32 -214945 114282 21932.3 -24721.4 21932.3 114282
12.34 -195086 111077 -8088.57 -38114.3 -8088.57 111077
12.36 -166691 101219 -40638.5 -45712.8 -40638.5 101219
12.38 -129944 86373.5 -76666.8 -46685.4 -76666.8 86373.5
12.4 -86769.8 68155 -115225 -42284.6 -115225 68155
12.42 -40518.8 48649.3 -154680 -34953.7 -154680 48649.3
12.44 5093.97 30459.9 -193021 -27206.6 -193021 30459.9
12.46 47202.5 15362.2 -227019 -20976.6 -227019 15362.2
12.48 84296.7 3355.03 -252110 -17109.9 -252110 3355.03
12.5 115830 -6648.08 -264210 -15083.1 -264210 -6648.08
12.52 141554 -15870.9 -261915 -13588.9 -261915 -15870.9
12.54 160840 -25494.3 -246662 -11746.1 -246662 -25494.3
12.56 173647 -36397.3 -220647 -9581.32 -220647 -36397.3
12.58 180677 -48495.7 -185803 -7180.99 -185803 -48495.7
12.6 181922 -60659.3 -145076 -3947.28 -145076 -60659.3
12.62 176800 -71208.7 -102366 842.051 -102366 -71208.7
12.64 164808 -78159.7 -61029 7129.84 -61029 -78159.7
12.66 146126 -79697 -23465 13941.7 -23465 -79697
12.68 122131 -75352.5 8808.22 19930.7 8808.22 -75352.5
12.7 94814.1 -66520.5 36246.5 24244.3 36246.5 -66520.5
12.72 65931 -55106.4 62332.6 27196.9 62332.6 -55106.4
12.74 36876.8 -42643.5 91709.5 29933.7 91709.5 -42643.5
12.76 8883.12 -31411.2 127170 33259.1 127170 -31411.2
12.78 -16775.9 -24638.1 169030 37129.8 169030 -24638.1
12.8 -39078.5 -24069.8 215095 41451.3 215095 -24069.8
12.82 -57742.9 -27892.5 258893 46802.9 258893 -27892.5
12.84 -73397.1 -32189.8 290562 53899.4 290562 -32189.8
12.86 -87293.6 -33780.9 302856 62596.5 302856 -33780.9
12.88 -100490 -30761.9 295133 71659.1 295133 -30761.9
12.9 -112207 -21749.5 269331 79472.6 269331 -21749.5
12.92 -122622 -6338.95 225598 84587.7 225598 -6338.95
12.94 -131897 14165.1 167451 85373.5 167451 14165.1
12.96 -138245 36721 104952 80427.9 104952 36721
12.98 -139828 56706.2 47400.3 70040.9 47400.3 56706.2
13 -135183 69589.4 -253.263 56481.3 -253.263 69589.4
13.02 -124226 73969.2 -34890 42558.9 -34890 73969.2
13.04 -107814 71645.7 -56362.9 29859.7 -56362.9 71645.7
13.06 -87080.2 64248.9 -70031.6 18113.9 -70031.6 64248.9
13.08 -62696 52082.1 -83516 6357.89 -83516 52082.1
13.1 -35047.6 36548.4 -101309 -5192.04 -101309 36548.4
13.12 -5034.56 21308.6 -124646 -14774.5 -124646 21308.6
13.14 25389.6 10070.1 -154013 -20917.4 -154013 10070.1
13.16 53610.7 4038.13 -188217 -24455.1 -188217 4038.13
13.18 77367.9 1889.39 -222014 -28323.1 -222014 1889.39
13.2 95526.7 1652.91 -247854 -35196.5 -247854 1652.91
13.22 108121 2002.43 -260358 -45276.7 -260358 2002.43
13.24 115785 2008.42 -257702 -56118 -257702 2008.42
13.26 118728 619.751 -239560 -64423.6 -239560 619.751
13.28 117595 -3164.83 -206579 -68176.1 -206579 -3164.83
13.3 113570 -9818.15 -162268 -67342.7 -162268 -9818.15
13.32 107561 -19097.7 -112318 -62900.9 -112318 -19097.7
13.34 100891 -30359.3 -61449.4 -55262.7 -61449.4 -30359.3
13.36 95109.9 -42988.2 -12923.2 -43420 -12923.2 -42988.2
13.38 91132.1 -56152.1 30384.4 -25753.6 30384.4 -56152.1
13.4 88315.7 -68077.1 67120.7 -2101.02 67120.7 -68077.1
13.42 84418.7 -76302 98839.6 24752.2 98839.6 -76302
13.44 76745.4 -79279.6 128722 49806.1 128722 -79279.6
13.46 63655.1 -77604.3 159260 68627.3 159260 -77604.3
13.48 45376 -73419.6 191150 80136.5 191150 -73419.6
13.5 23656.4 -68618.8 223313 87143 223313 -68618.8
13.52 632.508 -63572 253320 94025.6 253320 -63572
13.54 -22245.8 -57569 277411 103238 277411 -57569
13.56 -44459.1 -50380.5 290429 113462 290429 -50380.5
13.58 -65683.1 -42704.3 288063 121076 288063 -42704.3
13.6 -84691.1 -34598.3 269739 123676 269739 -34598.3
13.62 -100483 -24222.3 237544 122115 237544 -24222.3
13.64 -113930 -9106.87 194097 118520 194097 -9106.87
13.66 -126374 11381.2 143470 112570 143470 11381.2
13.68 -138549 35150.9 90586.7 100884 90586.7 35150.9
13.7 -150099 58584.1 39358.2 80237.9 39358.2 58584.1
13.72 -159422 78384.9 -6237.02 51132 -6237.02 78384.9
13.74 -164843 92885.9 -41330.9 18469.6 -41330.9 92885.9
13.76 -165680 102034 -63356.5 -11458 -63356.5 102034
13.78 -162403 106030 -75692.5 -35386.1 -75692.5 106030
13.8 -155822 104600 -85721.2 -54775 -85721.2 104600
13.82 -146116 98594.1 -99819.7 -72936.1 -99819.7 98594.1
13.84 -132858 91362 -121696 -90707.4 -121696 91362
13.86 -116034 86919.3 -153269 -105368 -153269 86919.3
13.88 -96655.4 86759.1 -193614 -113533 -193614 86759.1
13.9 -76387.1 89247.6 -237584 -114540 -237584 89247.6
13.92 -56421.5 91864.5 -277572 -111107 -277572 91864.5
13.94 -36448.1 92723.8 -306412 -107080 -306412 92723.8
13.96 -14736.3 89853.3 -318592 -104261 -318592 89853.3
13.98 9886.36 80474.4 -310517 -100844 -310517 80474.4
14 37116.4 62008.3 -281343 -92898 -281343 62008.3
14.02 66942.1 33612 -234155 -77401.4 -234155 33612
14.04 98217.6 -2951.82 -176479 -54080.8 -176479 -2951.82
14.06 128425 -42685.5 -118304 -25158.2 -118304 -42685.5
14.08 154962 -77903 -69094.6 6071.68 -69094.6 -77903
14.1 175288 -101998 -35564.4 36408.3 -35564.4 -101998
14.12 188009 -113782 -18406 63275.9 -18406 -113782
14.14 192584 -116631 -10390.4 85197.3 -10390.4 -116631
14.16 189227 -113811 10.5645 101826 10.5645 -113811
14.18 179244 -107564 22243.2 113021 22243.2 -107564
14.2 164582 -101464 60150.3 118335 60150.3 -101464
14.22 147411 -99673.6 111096 118102 111096 -99673.6
14.24 129952 -104218 166297 114714 166297 -104218
14.26 113661 -113695 213804 112234 213804 -113695
14.28 98061.5 -122697 243451 114228 243451 -122697
14.3 80211.2 -123187 250834 120769 250834 -123187
14.32 56785.3 -109823 238197 126814 238197 -109823
14.34 26031.8 -84344.4 211254 124617 211254 -84344.4
14.36 -12215.7 -52551.2 175492 109253 175492 -52551.2
14.38 -55027.2 -18153.3 136189 82357.2 136189 -18153.3
14.4 -97225.5 17350.7 99055.4 50736.2 99055.4 17350.7
14.42 -134255 50772.3 67776.6 21489.1 67776.6 50772.3
14.44 -163884 77993.7 41840.9 -2059.69 41840.9 77993.7
14.46 -186705 97909.7 18324.2 -21191.6 18324.2 97909.7
14.48 -204182 112254 -5247.15 -39618.4 -5247.15 112254
14.5 -216786 122760 -30325.1 -59709.9 -30325.1 122760
14.52 -223616 130611 -57380.8 -79876.2 -57380.8 130611
14.54 -223428 136512 -85769.1 -95702.4 -85769.1 136512
14.56 -215626 139702 -114645 -103783 -114645 139702
14.58 -200489 138755 -143195 -104336 -143195 138755
14.6 -178633 133457 -169191 -100531 -169191 133457
14.62 -150398 123824 -189273 -95690 -189273 123824
14.64 -115872 108813 -201662 -90523.7 -201662 108813
14.66 -75916.9 88755.2 -206773 -82570.1 -206773 88755.2
14.68 -32890 66710.9 -204569 -69032.5 -204569 66710.9
14.7 10160.3 44342.9 -192705 -50528.3 -192705 44342.9
14.72 50955.6 19367.7 -167848 -31076.9 -167848 19367.7
14.74 88095.9 -9895.16 -129085 -14119.3 -129085 -9895.16
14.76 120772 -41024.4 -80420.7 305.221 -80420.7 -41024.4
14.78 149141 -71212.5 -29965.1 14615.3 -29965.1 -71212.5
14.8 174158 -100162 14129.6 31628.7 14129.6 -100162
14.82 196373 -126758 47679.9 53204.5 47679.9 -126758
14.84 214392 -147138 70651.9 78577.1 70651.9 -147138
14.86 224870 -158028 85029.1 103216 85029.1 -158028
14.88 224052 -158724 94148.3 120747 94148.3 -158724
14.9 209883 -149921 102667 127003 102667 -149921
14.92 183790 -134294 114871 122468 114871 -134294
14.94 149463 -116771 133048 111736 133048 -116771
14.96 110235 -100245 156801 100833 156801 -100245
14.98 67810.4 -83047.1 181522 93275.8 181522 -83047.1
15 22790.4 -62899.2 199006 87316.6 199006 -62899.2
15.02 -23552.8 -40437.3 203344 77862.8 203344 -40437.3
15.04 -68634.9 -17345.7 194541 62024.3 194541 -17345.7
15.06 -109380 6067.09 173340 42349.4 173340 6067.09
15.08 -143834 30160.8 137222 24372.3 137222 30160.8
15.1 -171462 55176.3 86499.4 11622.3 86499.4 55176.3
15.12 -193102 81166.6 30176.5 2914.91 30176.5 81166.6
15.14 -210650 106599 -19132.1 -6565.47 -19132.1 106599
15.16 -225752 128129 -54178.1 -21553.2 -54178.1 128129
15.18 -238678 143880 -75479.8 -42835.1 -75479.8 143880
15.2 -247607 154988 -88214 -66319.7 -88214 154988
15.22 -248785 161986 -98489.4 -85816.3 -98489.4 161986
15.24 -237487 162204 -110632 -96716.8 -110632 162204
15.26 -211249 152576 -126754 -97657 -126754 152576
15.28 -171223 133262 -148000 -90033.4 -148000 133262
15.3 -120354 106934 -173873 -76585.4 -173873 106934
15.32 -62520.6 76920.7 -200153 -59926.1 -200153 76920.7
15.34 -2096.94 46276.9 -220084 -41999.1 -220084 46276.9
15.36 56387.5 16237.4 -228022 -24536.1 -228022 16237.4
15.38 108740 -12955.6 -220884 -9148.83 -220884 -12955.6
15.4 152113 -39333.1 -197826 3211.49 -197826 -39333.1
15.42 186166 -60785.5 -160939 12364.3 -160939 -60785.5
15.44 212777 -79564.1 -115326 18946.6 -115326 -79564.1
15.46 234771 -100599 -67430.9 25287.9 -67430.9 -100599
15.48 254296 -124926 -24040.4 35501.2 -24040.4 -124926
15.5 271495 -148561 8807.75 52891.4 8807.75 -148561
15.52 284477 -167301 29375 76666.8 29375 -167301
15.54 289912 -179089 42598.1 101492 42598.1 -179089
15.56 283819 -182563 56649.4 120055 56649.4 -182563
15.58 261078 -176499 76719 126515 76719 -176499
15.6 220557 -160268 102800 119208 102800 -160268
15.62 165520 -134869 132170 101353 132170 -134869
15.64 100739 -102183 161558 79062.8 161558 -102183
15.66 32222.8 -64493.1 187067 57550.2 187067 -64493.1
15.68 -34736.1 -26350.2 204663 38726.8 204663 -26350.2
15.7 -95498.3 6683.03 211932 22421.2 211932 6683.03
15.72 -146892 32259.6 208392 9004.43 208392 32259.6
15.74 -187591 52440.2 194286 -298.869 194286 52440.2
15.76 -218275 69893.3 171000 -5274.98 171000 69893.3
15.78 -240486 85353.6 142390 -7624.41 142390 85353.6
15.8 -255755 99215.9 112788 -9978.32 112788 99215.9
15.82 -264929 112223 83536.8 -14757.2 83536.8 112223
15.84 -267501 123457 54221.4 -23199.8 54221.4 123457
15.86 -262147 130517 26253 -33957.5 26253 130517
15.88 -247506 132071 1668.14 -43013 1668.14 132071
15.9 -222279 127593 -20145.6 -46503.9 -20145.6 127593
15.92 -186846 115501 -40791.9 -43623.1 -40791.9 115501
15.94 -142666 95015 -60104.7 -36160.1 -60104.7 95015
15.96 -91727.1 67855.8 -78196.6 -26052.3 -78196.6 67855.8
15.98 -37082.8 37001.1 -97086.7 -14117 -97086.7 37001.1
16 17844.9 6062.35 -117481 -503.275 -117481 6062.35
16.02 69167.6 -20664 -137202 14133 -137202 -20664
16.04 113441 -39882 -154152 27549.8 -154152 -39882
16.06 148888 -52063.8 -166988 36243.3 -166988 -52063.8
16.08 175944 -60859.6 -172827 38015 -172827 -60859.6
16.1 196143 -69171.4 -168604 34548.1 -168604 -69171.4
16.12 210628 -77216.4 -154074 30546.2 -154074 -77216.4
16.14 219587 -84624.2 -130320 29893.5 -130320 -84624.2
16.16 222211 -92101.3 -98078.6 32952.3 -98078.6 -92101.3
16.18 217250 -99910.6 -60492.4 37224.1 -60492.4 -99910.6
16.2 204089 -106342 -23822.7 39873.8 -23822.7 -106342
16.22 182966 -108483 7235.86 39918.2 7235.86 -108483
16.24 154512 -103496 32048.9 38686.1 32048.9 -103496
16.26 119125 -89833.1 51639.7 37915.7 51639.7 -89833.1
16.28 76739.8 -68522.6 67795.1 37096.5 67795.1 -68522.6
16.3 28063 -42650.1 83906.7 33278.9 83906.7 -42650.1
16.32 -24517.6 -15385.4 102319 23999.8 102319 -15385.4
16.34 -77263.2 11059.6 121559 10210.4 121559 11059.6
16.36 -126017 34981 139080 -3723.76 139080 34981
16.38 -167634 54861.3 154152 -12737.4 154152 54861.3
16.4 -200860 70013.2 165253 -14322.9 165253 70013.2
16.42 -225839 80896.6 168291 -10105.9 168291 80896.6
16.44 -242674 88424.3 160487 -4381.66 160487 88424.3
16.46 -250818 93234.5 143115 -494.081 143115 93234.5
16.48 -249748 95657.6 118853 1661.04 118853 95657.6
16.5 -239720 95842 89807.8 4573.23 89807.8 95842
16.52 -221798 93697.1 58897.8 9853.32 58897.8 93697.1
16.54 -197650 89045.4 29743 16191.9 29743 89045.4
16.56 -168900 81877 4594.98 20243 4594.98 81877
16.58 -136371 71846 -15588.8 19409.1 -15588.8 71846
16.6 -100221 58162.1 -30333.9 14281.6 -30333.9 58162.1
16.62 -60579.4 40844.6 -41480.7 8631.3 -41480.7 40844.6
16.64 -17971.9 21043.8 -53905.3 6621.24 -53905.3 21043.8
16.66 26792.6 -225.169 -71440 9778.46 -71440 -225.169
16.68 72478.3 -22233.1 -93239.2 16584.6 -93239.2 -22233.1
16.7 116864 -43391.3 -115727 24308 -115727 -43391.3
16.72 156752 -61600.1 -136064 30625.5 -136064 -61600.1
16.74 188962 -75531.2 -152246 34112.1 -152246 -75531.2
16.76 211494 -84639.6 -161823 34246.9 -161823 -84639.6
16.78 223920 -88948.8 -162000 31236.5 -162000 -88948.8
16.8 226868 -89442.8 -150547 25725 -150547 -89442.8
16.82 221243 -87562.5 -127464 18677.8 -127464 -87562.5
16.84 207862 -84226.2 -96874.9 11343.6 -96874.9 -84226.2
16.86 187924 -79998.5 -65408 5057.99 -65408 -79998.5
16.88 163318 -75379.1 -36978.2 1140.93 -36978.2 -75379.1
16.9 135807 -70069.1 -11097.7 808.952 -11097.7 -70069.1
16.92 105897 -62855.3 12959.5 4447.11 12959.5 -62855.3
16.94 72739.2 -52676.8 33625.2 10638.5 33625.2 -52676.8
16.96 35432.5 -39123.7 49825.9 16440.9 49825.9 -39123.7
16.98 -5653.06 -22241 63321.5 19190 63321.5 -22241
17 -48746.9 -2676.41 77061.4 18242.6 77061.4 -2676.41
17.02 -91618.9 18287.1 92699.4 15124 92699.4 18287.1
17.04 -132401 39253.7 109387 12072 109387 39253.7
17.06 -169456 58762.2 123942 10283.3 123942 58762.2
17.08 -200775 74959.2 133232 9449.29 133232 74959.2
17.1 -224053 86261.5 136895 8928.46 136895 86261.5
17.12 -237681 92373.8 136577 9025.4 136577 92373.8
17.14 -241544 94006 132803 10730.9 132803 94006
17.16 -236764 91882.3 124420 14290.4 124420 91882.3
17.18 -224650 86474.1 111170 18396.1 111170 86474.1
17.2 -206069 78301.8 94989.3 20983.9 94989.3 78301.8
17.22 -181443 68089 78107.8 20828.4 78107.8 68089
17.24 -151295 56500.6 61263.6 18407.8 61263.6 56500.6
17.26 -116700 43916.6 44474.6 15350.7 44474.6 43916.6
17.28 -79035.6 30466.7 28078.6 13049.6 28078.6 30466.7
17.3 -39466.4 15891.9 12043.6 11702.1 12043.6 15891.9
17.32 1413.29 -510.187 -4482.35 10748.3 -4482.35 -510.187
17.34 43206.2 -19046.8 -22081.7 10301.3 -22081.7 -19046.8
17.36 84833.6 -38465.2 -40465.3 11764.2 -40465.3 -38465.2
17.38 124039 -56311.9 -59213.4 16452.2 -59213.4 -56311.9
17.4 157940 -70644 -78032.5 23581.6 -78032.5 -70644
17.42 184231 -80953.9 -95953.9 30135.8 -95953.9 -80953.9
17.44 201984 -87608.9 -110839 33082.1 -110839 -87608.9
17.46 211411 -90907.9 -119885 31768.4 -119885 -90907.9
17.48 212951 -90751.3 -120969 28159.6 -120969 -90751.3
17.5 206719 -87131.7 -114111 24811.5 -114111 -87131.7
17.52 192861 -80759.1 -101440 22678.3 -101440 -80759.1
17.54 172103 -72856.5 -85267.1 20875.1 -85267.1 -72856.5
17.56 145784 -64267.9 -66707.7 18388.7 -66707.7 -64267.9
17.58 115178 -54811.6 -46513 15695 -46513 -54811.6
17.6 80800.6 -43317.2 -26221.4 14424.9 -26221.4 -43317.2
17.62 42603.3 -28593 -7512.06 15385.6 -7512.06 -28593
17.64 818.104 -10731.4 9150.59 17169 9150.59 -10731.4
17.66 -43428.8 8927.91 24506.4 17043.8 24506.4 8927.91
17.68 -88206.6 29098.5 39447.9 13279.2 39447.9 29098.5
17.7 -131297 49084.8 54433.1 6545.75 54433.1 49084.8
17.72 -170722 68093.6 69506.1 -805.568 69506.1 68093.6
17.74 -205018 84843.2 84380.1 -6700.38 84380.1 84843.2
17.76 -233138 98092.3 98543.2 -10768.1 98543.2 98092.3
17.78 -254145 107252 111111 -14118.3 111111 107252
17.8 -267008 112366 120357 -17782.5 120357 112366
17.82 -270609 113555 124142 -21277.4 124142 113555
17.84 -263863 110536 121418 -22608.1 121418 110536
17.86 -246035 102722 112670 -19727.7 112670 102722
17.88 -217461 89833.6 98651.8 -12167.1 98651.8 89833.6
17.9 -179289 72494.5 79893.3 -1436.74 79893.3 72494.5
17.92 -133139 51911.4 57765.1 10064.7 57765.1 51911.4
17.94 -81228 29211.5 34787.5 20622.6 34787.5 29211.5
17.96 -26268.5 5397.88 13199.4 29893.9 13199.4 5397.88
17.98 28815.1 -18597.7 -6133.25 38305.2 -6133.25 -18597.7
18 81584.3 -42011.1 -23186.7 46082.1 -23186.7 -42011.1
18.02 130376 -64133.1 -38102.7 52953.2 -38102.7 -64133.1
18.04 174049 -84029.9 -51340.9 58510 -51340.9 -84029.9
18.06 211633 -100902 -63595.2 62554.1 -63595.2 -100902
18.08 242302 -114724 -75266.3 65182.7 -75266.3 -114724
18.1 265446 -125810 -86476.7 66727.7 -86476.7 -125810
18.12 280633 -133715 -97034.6 67460.8 -97034.6 -133715
18.14 287464 -137310 -105558 67121 -105558 -137310
18.16 285369 -135878 -109561 64816.6 -109561 -135878
18.18 273354 -129396 -107486 59580 -107486 -129396
18.2 250883 -117936 -99895.7 51007.3 -99895.7 -117936
18.22 218400 -101876 -88049.5 39490.7 -88049.5 -101876
18.24 177299 -82147.1 -72482.3 26224.7 -72482.3 -82147.1
18.26 129635 -59644.8 -53619.8 12945.5 -53619.8 -59644.8
18.28 77440.5 -35113.9 -32647.1 1113.98 -32647.1 -35113.9
18.3 22704.5 -9705.51 -10993 -8919.97 -10993 -9705.51
18.32 -32567.7 14945.2 10462.6 -17792.4 10462.6 14945.2
18.34 -86350.9 37572.3 31422.3 -26114.9 31422.3 37572.3
18.36 -136775 57802.1 51936.2 -33714.1 51936.2 57802.1
18.38 -182369 75784 72089.9 -39817.8 72089.9 75784
18.4 -222244 91675.2 91412.1 -43815.7 91412.1 91675.2
18.42 -255942 105463 108750 -45824.6 108750 105463
18.44 -282977 116958 123111 -46561.2 123111 116958
18.46 -302559 125838 134172 -46576.7 134172 125838
18.48 -313718 131659 141474 -45509.9 141474 131659
18.5 -315559 133750 143684 -42081 143684 133750
18.52 -307080 131180 139409 -34854.4 139409 131180
18.54 -287016 122929 128628 -23165.1 128628 122929
18.56 -255432 108207 112813 -7515.07 112813 108207
18.58 -213585 87552.8 93783.1 10691.1 93783.1 87552.8
18.6 -163588 62771.9 72845.9 29569.8 72845.9 62771.9
18.62 -108630 35970.6 50875.7 47098 50875.7 35970.6
18.64 -52088.9 9330.19 28683.4 61466.6 28683.4 9330.19
18.66 2974.52 -15358.6 7063.26 71460.6 7063.26 -15358.6
18.68 54475.4 -37163 -13383 76792.4 -13383 -37163
18.7 101225 -55893.5 -32354.6 78155.8 -32354.6 -55893.5
18.72 142527 -71633.1 -49868.9 76785.7 -49868.9 -71633.1
18.74 177831 -84650.6 -66118.7 73748.7 -66118.7 -84650.6
18.76 206704 -95420.8 -81007.5 69559.6 -81007.5 -95420.8
18.78 228799 -104258 -93745.4 64362.9 -93745.4 -104258
18.8 243665 -110874 -103161 58255.7 -103161 -110874
18.82 250605 -114423 -108456 51268.9 -108456 -114423
18.84 248794 -113938 -109483 43113.5 -109483 -113938
18.86 237429 -108654 -106440 33183.4 -106440 -108654
18.88 216262 -98096.2 -99601.1 21012.8 -99601.1 -98096.2
18.9 186101 -82330.3 -89342.2 6820.12 -89342.2 -82330.3
18.92 148495 -62481.3 -76162.2 -8285.51 -76162.2 -62481.3
18.94 105461 -40408.8 -60572.4 -22530.7 -60572.4 -40408.8
18.96 59237.9 -17889.6 -42982.8 -34089.1 -42982.8 -17889.6
18.98 11997.8 3720.83 -23713.9 -41826.7 -23713.9 3720.83
19 -34243.4 23450.6 -3130.91 -45672.4 -3130.91 23450.6
19.02 -77752.8 40536 18095.9 -46284.4 18095.9 40536
19.04 -117128 54491.1 38756.1 -44294.3 38756.1 54491.1
19.06 -151311 65333.1 57365.8 -39841.3 57365.8 65333.1
19.08 -179625 73649.6 72937.5 -32802.1 72937.5 73649.6
19.1 -201850 80323.3 85411.4 -23433.7 85411.4 80323.3
19.12 -218181 85985.6 95307.3 -12797.7 95307.3 85985.6
19.14 -228929 90498 103131 -2516.47 103131 90498
19.16 -234132 92975.7 109029 6097.08 109029 92975.7
19.18 -233366 92513.9 112694 12910.6 112694 92513.9
19.2 -225840 88839.6 113484 19007.6 113484 88839.6
19.22 -210774 81966.6 110751 25715 110751 81966.6
19.24 -187983 71526.9 104066 33511.1 104066 71526.9
19.26 -157947 57180.4 93322.7 41777.6 93322.7 57180.4
19.28 -121751 39405.8 78941.2 49353.8 78941.2 39405.8
19.3 -81049.2 19504.9 62069.6 55218.9 62069.6 19504.9
19.32 -37947.9 -890.698 44355.8 58828.1 44355.8 -890.698
19.34 5071.72 -20226.4 27382 60005.3 27382 -20226.4
19.36 45559.9 -37349.9 12285.3 58600 12285.3 -37349.9
19.38 81627.6 -51817.3 -366.748 54383.2 -366.748 -51817.3
19.4 112243 -63645.2 -10783.8 47447.5 -10783.8 -63645.2
19.42 137110 -72711.7 -20086.3 38656 -20086.3 -72711.7
19.44 156371 -78787.3 -29831.3 29485.1 -29831.3 -78787.3
19.46 170300 -82135.9 -40958.2 21352 -40958.2 -82135.9
19.48 179006 -83468.4 -52992.9 15070.3 -52992.9 -83468.4
19.5 182168 -83039.1 -64373.9 10682.6 -64373.9 -83039.1
19.52 179019 -80241.5 -73558.9 7487.04 -73558.9 -80241.5
19.54 168788 -74328 -79548.6 4319.23 -79548.6 -74328
19.56 151253 -65123.3 -81577.7 253.129 -81577.7 -65123.3
19.58 126841 -52885.9 -79176.8 -4716.07 -79176.8 -52885.9
19.6 96576.6 -37943.8 -72754.7 -9703.03 -72754.7 -37943.8
19.62 62010.2 -20840 -63475.6 -13627.9 -63475.6 -20840
19.64 25040.1 -2527.1 -52408 -15841.2 -52408 -2527.1
19.66 -12268 15721.1 -40172.7 -16254.6 -40172.7 15721.1
19.68 -47888.9 32348.8 -27183.1 -15090.3 -27183.1 32348.8
19.7 -80056.7 45880.4 -13703.1 -12473.5 -13703.1 45880.4
19.72 -107543 55751.9 205.916 -8223.8 205.916 55751.9
19.74 -129822 62471 14501.7 -2228.17 14501.7 62471
19.76 -146950 66650.6 29007 4909.41 29007 66650.6
19.78 -159234 68406.8 43462 11831 43462 68406.8
19.8 -166950 67956.6 57530.3 17207.1 57530.3 67956.6
19.82 -170195 66024.5 70716.9 20497.9 70716.9 66024.5
19.84 -168818 63142.9 82412.3 22010 82412.3 63142.9
19.86 -162485 59025.1 92048.1 22463.6 92048.1 59025.1
19.88 -150836 52891 99178.7 22561.4 99178.7 52891
19.9 -133590 44049.3 103467 22770.5 103467 44049.3
19.92 -110715 32161.2 104635 23363.8 104635 32161.2
19.94 -82656.9 17465.3 102363 24612.3 102363 17465.3
19.96 -50515.9 898.79 96317.7 26800.2 96317.7 898.79
19.98 -15972.3 -16217.8 86488.7 29927.3 86488.7 -16217.8
20 19005.9 -32605 73489 33444.7 73489 -32605
20.02 52500.9 -47172.1 58244 36396.1 58244 -47172.1
20.04 82956 -59120.4 41492.9 37899.3 41492.9 -59120.4
20.06 109409 -68188.3 23878 37641.5 23878 -68188.3
20.08 131496 -74682.8 6257.99 36107.5 6257.99 -74682.8
20.1 149185 -79153.8 -10495.2 34351.9 -10495.2 -79153.8
20.12 162409 -82056.7 -25895.4 33366.7 -25895.4 -82056.7
20.14 170851 -83540.1 -39869.5 33475.8 -39869.5 -83540.1
20.16 173957 -83290.6 -52587.4 34214.6 -52587.4 -83290.6
20.18 171083 -80611.3 -64205.9 34714.1 -64205.9 -80611.3
20.2 161692 -74780 -74414.2 34226.6 -74414.2 -74780
20.22 145509 -65345.7 -82380.1 32407.1 -82380.1 -65345.7
20.24 122581 -52218.2 -87447.8 29203.7 -87447.8 -52218.2
20.26 93485.6 -35752.3 -89445.4 24561.8 -89445.4 -35752.3
20.28 59552.9 -16931.2 -87980.9 18358.1 -87980.9 -16931.2
20.3 22732.6 2671.54 -82161.8 10713.9 -82161.8 2671.54
20.32 -14849.7 21381.5 -71598 2315.86 -71598 21381.5
20.34 -51360.9 38055 -57202.8 -5720.09 -57202.8 38055
20.36 -85412.2 52343.2 -40529.4 -12412.9 -40529.4 52343.2
20.38 -115961 64299.9 -22657 -17420 -22657 64299.9
20.4 -142219 73770.7 -4075.52 -21041.7 -4075.52 73770.7
20.42 -163661 80430.4 14707.1 -23749.9 14707.1 80430.4
20.44 -180010 84359.1 32956.2 -25713.3 32956.2 84359.1
20.46 -191080 85999.6 50128.5 -26748.5 50128.5 85999.6
20.48 -196628 85434.2 66270.4 -26585.9 66270.4 85434.2
20.5 -196398 82258.6 81803.2 -25082.4 81803.2 82258.6
20.52 -190330 76186.4 96768.9 -22284.2 96768.9 76186.4
20.54 -178633 67310.5 110318 -18390.9 110318 67310.5
20.56 -161578 55894.8 121021 -13558.1 121021 55894.8
20.58 -139448 42314.3 127586 -7641.36 127586 42314.3
20.6 -112721 27158.9 129293 -232.48 129293 27158.9
20.62 -82244.2 11157.7 125992 8925.21 125992 11157.7
20.64 -49270.2 -4976.28 117845 19533.1 117845 -4976.28
20.66 -15222.8 -20620.2 105223 30713.1 105223 -20620.2
20.68 18664.3 -35368 88987 41373.2 88987 -35368
20.7 51496.9 -49077 70606.5 50727.4 70606.5 -49077
20.72 82512.5 -61626.1 51591.7 58603.8 51591.7 -61626.1
20.74 110800 -72628.2 32907.2 65241.7 32907.2 -72628.2
20.76 135266 -81548.6 15001.3 70709.1 15001.3 -81548.6
20.78 154878 -88100.7 -1963.48 74542.2 -1963.48 -88100.7
20.8 168885 -92202 -18011.9 76037.7 -18011.9 -92202
20.82 176817 -93458.7 -33185.2 74845.4 -33185.2 -93458.7
20.84 178384 -91201 -47403 71158.4 -47403 -91201
20.86 173426 -85240.9 -60482.8 65388.2 -60482.8 -85240.9
20.88 162051 -76089 -72079.9 57834.7 -72079.9 -76089
20.9 144700 -64351.9 -81594.7 48637.8 -81594.7 -64351.9
20.92 122059 -50390.7 -88323.8 37888.2 -88323.8 -50390.7
20.94 95009.4 -34548.4 -91737.3 25781.1 -91737.3 -34548.4
20.96 64563 -17411.7 -91608.7 12757.5 -91608.7 -17411.7
20.98 31828.2 218.945 -87922.4 -499.636 -87922.4 218.945
21 -1956.02 17525.3 -80699.5 -13252.7 -80699.5 17525.3
21.02 -35443.1 33808.6 -70061.6 -24890.7 -70061.6 33808.6
21.04 -67277.7 48505.2 -56569.3 -34945.2 -56569.3 48505.2
21.06 -96169.8 61093.6 -41293.2 -42998.7 -41293.2 61093.6
21.08 -120905 71005.8 -25413.5 -48608.5 -25413.5 71005.8
21.1 -140393 77701 -9864.83 -51296.7 -9864.83 77701
21.12 -153833 80925.8 4745.6 -50651.2 4745.6 80925.8
21.14 -160906 80872.4 18175.6 -46572 18175.6 80872.4
21.16 -161797 77954.7 30492.9 -39512.8 30492.9 77954.7
21.18 -156963 72451.8 41836.8 -30422.3 41836.8 72451.8
21.2 -146881 64441.6 52315.2 -20305.9 52315.2 64441.6
21.22 -131885 53968.2 62066.4 -9725.33 62066.4 53968.2
21.24 -112179 41128.4 71060.6 1355.25 71060.6 41128.4
21.26 -88048.7 26076.4 78781.2 13274.8 78781.2 26076.4
21.28 -60068.1 9150.58 84410.8 26189.1 84410.8 9150.58
21.3 -29195.2 -8987.12 87380.7 39739.4 87380.7 -8987.12
21.32 3252.93 -27397.8 87521.2 53062.1 87521.2 -27397.8
21.34 35755 -45075.7 84760.1 65090.3 84760.1 -45075.7
21.36 66813 -61170.4 79091.7 74941.8 79091.7 -61170.4
21.38 95135.7 -75036.7 70960.7 82173 70960.7 -75036.7
21.4 119684 -86138.6 61362.7 86735 61362.7 -86138.6
21.42 139609 -94087.8 51425.3 88664.5 51425.3 -94087.8
21.44 154215 -98825.5 41993.9 87814.7 41993.9 -98825.5
21.46 163031 -100589 33460.9 83939.9 33460.9 -100589
21.48 165915 -99650.7 25720.7 77062.7 25720.7 -99650.7
21.5 163062 -96210.8 18372.9 67746.8 18372.9 -96210.8
21.52 154809 -90374.3 11040.9 57019.9 11040.9 -90374.3
21.54 141374 -81902.3 3359.93 45936.5 3359.93 -81902.3
21.56 122678 -70189.7 -5112.47 34982.3 -5112.47 -70189.7
21.58 98631.9 -54850.9 -14501.3 23802.4 -14501.3 -54850.9
21.6 69617.9 -36291.8 -24158.9 11663.2 -24158.9 -36291.8
21.62 36716.1 -15646.5 -32873.5 -1641.53 -32873.5 -15646.5
21.64 1587.89 5658.35 -39482.6 -15276.3 -39482.6 5658.35
21.66 -33919 26319.7 -43273.8 -27708.4 -43273.8 26319.7
21.68 -68165.4 45456.7 -44073 -37593.4 -44073 45456.7
21.7 -99896 62509.8 -42113.3 -44504.2 -42113.3 62509.8
21.72 -128161 76882.8 -37844.1 -48934.8 -37844.1 76882.8
21.74 -152166 88000.4 -32005.2 -51573 -32005.2 88000.4
21.76 -171188 95709.7 -25759.9 -52513 -25759.9 95709.7
21.78 -184618 100319 -20188.4 -51145.9 -20188.4 100319
21.8 -192082 102205 -15440.3 -46788.7 -15440.3 102205
21.82 -193587 101479 -10854.4 -39450.8 -10854.4 101479
21.84 -189437 97991.7 -6027.84 -30076.1 -6027.84 97991.7
21.86 -180009 91624.3 -1220.55 -20044.3 -1220.55 91624.3
21.88 -165514 82470.4 3288.42 -10302.7 3288.42 82470.4
21.9 -145897 70676.7 7530.25 -833.006 7530.25 70676.7
21.92 -121214 56296.7 11487.6 9088.28 11487.6 56296.7
21.94 -92098.6 39628.7 14982.5 20029.4 14982.5 39628.7
21.96 -59836 21514.5 17859.8 31628.1 17859.8 21514.5
21.98 -26051.8 3014.1 19947.9 42555.5 19947.9 3014.1
22 7795.12 -15126.9 21120.4 51305.9 21120.4 -15126.9
22.02 40685.3 -32645.9 21550.2 57205 21550.2 -32645.9
22.04 71922.2 -49431.1 21485.6 60819.4 21485.6 -49431.1
22.06 100797 -65014.9 20815.9 63395.5 20815.9 -65014.9
22.08 126364 -78508.4 19327.1 65740.5 19327.1 -78508.4
22.1 147486 -89098.8 17220.8 67486.8 17220.8 -89098.8
22.12 163065 -96407.2 14952.2 67390.6 14952.2 -96407.2
22.14 172329 -100332 12799.3 64384.6 12799.3 -100332
22.16 175016 -100883 10964.9 58460.1 10964.9 -100883
22.18 171281 -98228.7 9836.49 50719.5 9836.49 -98228.7
22.2 161454 -92591.9 9739.33 42634.7 9739.33 -92591.9
22.22 145864 -84063.2 10485.9 35069.7 10485.9 -84063.2
22.24 124728 -72704.4 11375.9 27822.2 11375.9 -72704.4
22.26 98368.8 -58697.8 11672.5 20100.4 11672.5 -58697.8
22.28 67455.8 -42334 11065.2 11501.6 11065.2 -42334
22.3 33004.3 -23945.5 9776.23 2537.56 9776.23 -23945.5
22.32 -3733.75 -3962 8350.02 -5781.09 8350.02 -3962
22.34 -41405.9 16891.9 7378.24 -12811.9 7378.24 16891.9
22.36 -78566.4 37480.8 7375.21 -18698.8 7375.21 37480.8
22.38 -113639 56379.8 8739.29 -23957.6 8739.29 56379.8
22.4 -145014 72304 11514.8 -28673.4 11514.8 72304
22.42 -171332 84680.3 15069.3 -32126.9 15069.3 84680.3
22.44 -191762 93816.4 18281.9 -33281 18281.9 93816.4
22.46 -206025 100297 20273.8 -31718.3 20273.8 100297
22.48 -214205 104240 20869.3 -28099.8 20869.3 104240
22.5 -216539 105381 20430.6 -23677.3 20430.6 105381
22.52 -213255 103719 19544.6 -19380.7 19544.6 103719
22.54 -204421 99550.6 18793.3 -15362.9 18793.3 99550.6
22.56 -189985 92754.5 18462.5 -11229 18462.5 92754.5
22.58 -169776 82613.8 18406.7 -6473.8 18406.7 82613.8
22.6 -143714 68573.8 18238.7 -728.772 18238.7 68573.8
22.62 -112225 50998.1 17520.1 6149.23 17520.1 50998.1
22.64 -76502.9 31151.6 15825.7 13999.9 15825.7 31151.6
22.66 -38520.4 10681.3 12887.2 22297.9 12887.2 10681.3
22.68 -583.605 -8852.24 8628.64 30186.8 8628.64 -8852.24
22.7 35337.6 -26412.8 2968.44 36696.3 2968.44 -26412.8
22.72 68099.6 -41714.2 -4043.23 41216 -4043.23 -41714.2
22.74 97335.9 -54881.5 -11708.2 43973.7 -11708.2 -54881.5
22.76 122965 -66025.8 -18810.7 45947.2 -18810.7 -66025.8
22.78 144692 -75339.2 -24500.8 48073.2 -24500.8 -75339.2
22.8 161861 -83163.1 -28594.4 50477.1 -28594.4 -83163.1
22.82 173614 -89461.3 -31018.5 52458.2 -31018.5 -89461.3
22.84 179116 -93430 -31626.7 53085 -31626.7 -93430
22.86 177701 -93942.9 -30596.6 51756.3 -30596.6 -93942.9
22.88 168886 -90225.5 -28452.3 48396.5 -28452.3 -90225.5
22.9 152523 -82019.9 -25601.1 43325.3 -25601.1 -82019.9
22.92 129084 -69567.7 -22045.6 36936.2 -22045.6 -69567.7
22.94 99625.7 -53719.1 -17452.7 29452.5 -17452.7 -53719.1
22.96 65732.7 -35762.5 -11424 21030.2 -11424 -35762.5
22.98 29341.4 -17077.6 -3851.06 12081.7 -3851.06 -17077.6
23 -7602.31 1090.88 4914.51 3412.08 4914.51 1090.88
23.02 -43414.2 17839.4 14300.4 -4033.34 14300.4 17839.4
23.04 -76897.6 32792.3 23898.2 -9626.94 23898.2 32792.3
23.06 -107372 46095.9 33487.2 -13392.3 33487.2 46095.9
23.08 -134478 58052.2 42713.7 -15983.4 42713.7 58052.2
23.1 -157822 68611 51054.8 -18247.7 51054.8 68611
23.12 -176715 77211.4 58227.6 -20566.2 58227.6 77211.4
23.14 -190225 83169.9 64325.3 -22466.5 64325.3 83169.9
23.16 -197512 86111 69403.1 -22934.4 69403.1 86111
23.18 -198120 85919.3 73256 -21228 73256 85919.3
23.2 -192002 82474.2 75729.4 -17455.4 75729.4 82474.2
23.22 -179516 75657.4 76849.4 -12422 76849.4 75657.4
23.24 -161298 65625.6 76427.3 -6968.94 76427.3 65625.6
23.26 -138028 52951.6 73873.8 -1397.85 73873.8 52951.6
23.28 -110430 38476.8 68630.1 4603.85 68630.1 38476.8
23.3 -79370.8 23094.8 60592.1 11523.1 60592.1 23094.8
23.32 -45945.1 7487.52 50133.3 19409.7 50133.3 7487.52
23.34 -11441.7 -8017.99 38012.1 27625.8 38012.1 -8017.99
23.36 22825.9 -23210.8 25152.7 35204.2 25152.7 -23210.8
23.38 55701.8 -37728.3 12162.2 41472.7 12162.2 -37728.3
23.4 86278.4 -51112.2 -870.936 46395.4 -870.936 -51112.2
23.42 113813 -62932.9 -13991.9 50421.8 -13991.9 -62932.9
23.44 137528 -72734.3 -27093.4 54008.3 -27093.4 -72734.3
23.46 156500 -80027.3 -39988.8 57138.9 -39988.8 -80027.3
23.48 169750 -84417.2 -52243.6 59201.4 -52243.6 -84417.2
23.5 176465 -85623.8 -62910 59335.1 -62910 -85623.8
23.52 176176 -83471.5 -70932.7 56951.9 -70932.7 -83471.5
23.54 168865 -78077.2 -75835.6 52031.6 -75835.6 -78077.2
23.56 155076 -69939.6 -77710.7 45105.7 -77710.7 -69939.6
23.58 135728 -59641.9 -76820 37039.4 -76820 -59641.9
23.6 111804 -47496.6 -73579.3 28668.8 -73579.3 -47496.6
23.62 84219.2 -33689.5 -68575.6 20434 -68575.6 -33689.5
23.64 53781.3 -18603.8 -62186.6 12317.9 -62186.6 -18603.8
23.66 21306.9 -2728.41 -54365.4 4153.03 -54365.4 -2728.41
23.68 -12264.7 13449.5 -44911.6 -4045.42 -44911.6 13449.5
23.7 -45778.3 29278.8 -33670 -11976.1 -33670 29278.8
23.72 -77905 43955.6 -20517.4 -19117.6 -20517.4 43955.6
23.74 -107301 56775.9 -5564.41 -24903 -5564.41 56775.9
23.76 -132762 67124.9 10626.4 -28958.2 10626.4 67124.9
23.78 -153311 74398.4 27193.6 -31189.7 27193.6 74398.4
23.8 -168248 78329.8 43141.2 -31616.1 43141.2 78329.8
23.82 -177169 79194.1 57282.5 -30210.1 57282.5 79194.1
23.84 -179914 77396.5 68505.5 -26942.4 68505.5 77396.5
23.86 -176542 73132.9 76412 -21871.8 76412 73132.9
23.88 -167409 66600.8 81445.7 -15179.5 81445.7 66600.8
23.9 -153164 58145.3 84347.2 -7247.32 84347.2 58145.3
23.92 -134540 47987.6 85807 1302.34 85807 47987.6
23.94 -112167 36088.8 86354.9 9828.82 86354.9 36088.8
23.96 -86536.1 22451.9 85847.2 18036.7 85847.2 22451.9
23.98 -58072.2 7359.31 83172.5 26093.2 83172.5 7359.31
24 -27330.6 -8628.36 77080.4 34398.6 77080.4 -8628.36
24.02 4747.55 -24590.9 67179.5 43192 67179.5 -24590.9
24.04 36677.3 -39275.5 53913.5 52134.7 53913.5 -39275.5
24.06 66623.6 -51601.2 38182.1 60093.9 38182.1 -51601.2
24.08 92916.8 -61187.6 21341.6 65519.4 21341.6 -61187.6
24.1 114544 -68256 4935.24 67371.7 4935.24 -68256
24.12 131293 -73203.3 -9990.97 65854.1 -9990.97 -73203.3
24.14 143472 -76373.8 -23027.4 62274.2 -23027.4 -76373.8
24.16 151377 -77874.8 -34017.8 58150.9 -34017.8 -77874.8
24.18 154898 -77423.3 -43055.3 54216.2 -43055.3 -77423.3
24.2 153584 -74638.5 -50566.4 49982.2 -50566.4 -74638.5
24.22 147045 -69510.2 -56815.5 44271.9 -56815.5 -69510.2
24.24 135330 -62273.8 -61575.7 36396.5 -61575.7 -62273.8
24.26 118890 -52968.2 -64587.7 26920.2 -64587.7 -52968.2
24.28 98360.8 -41479.5 -65806.2 17252.5 -65806.2 -41479.5
24.3 74426.5 -28026.2 -64880.6 8516.95 -64880.6 -28026.2
24.32 47799.2 -13440.4 -60975.4 821.648 -60975.4 -13440.4
24.34 19316.8 1081.29 -53394.3 -6473.8 -53394.3 1081.29
24.36 -9975.78 14534.3 -42095.1 -13855 -42095.1 14534.3
24.38 -38857.6 26484.7 -27753.4 -20952.9 -27753.4 26484.7
24.4 -66092.4 36905.8 -11671.9 -26638 -11671.9 36905.8
24.42 -90631.9 45763.9 4592.09 -29786 4592.09 45763.9
24.44 -111759 52959.3 19791.3 -30034 19791.3 52959.3
24.46 -129080 58532.4 33164.2 -27942.5 33164.2 58532.4
24.48 -142344 62550.4 44308.4 -24511 44308.4 62550.4
24.5 -151256 64776.3 53305.3 -20438.8 53305.3 64776.3
24.52 -155487 64799.9 60835.4 -15686.2 60835.4 64799.9
24.54 -154872 62517.7 67698.6 -9740.39 67698.6 62517.7
24.56 -149519 58132.3 74070.5 -2389.92 74070.5 58132.3
24.58 -139741 51715.8 79285.1 5805.39 79285.1 51715.8
24.6 -125861 43251.5 82226.2 13898 82226.2 43251.5
24.62 -108144 33069.3 81801.1 21340.1 81801.1 33069.3
24.64 -86934.4 21870.2 77284 28303.2 77284 21870.2
24.66 -62865.7 10395.6 68604.2 35260.1 68604.2 10395.6
24.68 -36963.4 -774.978 56359.2 42274.8 56359.2 -774.978
24.7 -10466.8 -11321.1 41510.6 48620.9 41510.6 -11321.1
24.72 15500 -21229.8 25223 53111 25223 -21229.8
24.74 40116.1 -30508.4 8834.76 54947.7 8834.76 -30508.4
24.76 62786.7 -38832.1 -6570.03 54319.2 -6570.03 -38832.1
24.78 82989.5 -45757.9 -20690.8 52129.5 -20690.8 -45757.9
24.8 100223 -51160.3 -33816.6 49199.6 -33816.6 -51160.3
24.82 114035 -55092.2 -46136.4 45769.6 -46136.4 -55092.2
24.84 124051 -57383.9 -57462.1 41615.5 -57462.1 -57383.9
24.86 130001 -57749 -67471.6 36465.1 -67471.6 -57749
24.88 131730 -56169.6 -75867.1 30352 -75867.1 -56169.6
24.9 129209 -52902.2 -82182.9 23721 -82182.9 -52902.2
24.92 122519 -48201.6 -85648.7 17202.8 -85648.7 -48201.6
24.94 111823 -42208.8 -85540.5 11200.6 -85540.5 -42208.8
24.96 97349.4 -35042 -81688.6 5669.31 -81688.6 -35042
24.98 79454 -26870.7 -74487.7 332.644 -74487.7 -26870.7
25 58707 -17922.5 -64515 -4867.07 -64515 -17922.5
25.02 35897.5 -8484.55 -52314.5 -9533.11 -52314.5 -8484.55
25.04 11944.2 1095.45 -38343.8 -13005.9 -38343.8 1095.45
25.06 -12232.7 10428.4 -22878.1 -14785.6 -22878.1 10428.4
25.08 -35799 19102.3 -6107.44 -14827.4 -6107.44 19102.3
25.1 -58015.2 26693.7 11571.5 -13502.2 11571.5 26693.7
25.12 -78198.6 32839 29580 -11273 29580 32839
25.14 -95716.5 37345 47455.8 -8355.74 47455.8 37345
25.16 -110053 40205.5 64813.8 -4658.41 64813.8 40205.5
25.18 -120898 41536 81075.8 -53.3542 81075.8 41536
25.2 -128160 41529.2 95586.8 5281.72 95586.8 41529.2
25.22 -131876 40376.7 107918 10787.8 107918 40376.7
25.24 -132088 38137.9 117798 15803.9 117798 38137.9
25.26 -128756 34710.7 124912 19979.1 124912 34710.7
25.28 -121792 29946.3 128986 23479.8 128986 29946.3
25.3 -111179 23805.8 129848 26821.5 129848 23805.8
25.32 -97121.3 16497 127200 30436.8 127200 16497
25.34 -80106.5 8487.67 120529 34292.8 120529 8487.67
25.36 -60823.2 298.153 109496 37870.8 109496 298.153
25.38 -40023 -7686.75 94300.5 40554.8 94300.5 -7686.75
25.4 -18494.2 -15116.5 75539.3 42075 75539.3 -15116.5
25.42 2891.94 -21539 53957.5 42556.9 53957.5 -21539
25.44 23210.8 -26562.7 30562.5 42175.1 30562.5 -26562.7
25.46 41614 -30112.4 6701.12 40850.5 6701.12 -30112.4
25.48 57464.5 -32401.7 -16293.7 38321.9 -16293.7 -32401.7
25.5 70370.8 -33654.1 -37496.4 34464.6 -37496.4 -33654.1
25.52 80135.5 -33914.3 -56480.5 29513.4 -56480.5 -33914.3
25.54 86697.9 -33134 -73247.9 24000.2 -73247.9 -33134
25.56 90102.5 -31334.2 -87999.7 18493.3 -87999.7 -31334.2
25.58 90450.8 -28579.7 -100758 13355.6 -100758 -28579.7
25.6 87826.7 -24844.1 -111196 8664.95 -111196 -24844.1
25.62 82259.3 -20039.1 -118759 4292.63 -118759 -20039.1
25.64 73779.9 -14228.2 -122744 60.0966 -122744 -14228.2
25.66 62535.7 -7763.35 -122336 -4109.01 -122336 -7763.35
25.68 48862.6 -1179.43 -116852 -8106.78 -116852 -1179.43
25.7 33292.9 5036.48 -106031 -11658.5 -106031 5036.48
25.72 16458.4 10577.1 -90115.6 -14414.9 -90115.6 10577.1
25.74 -1050 15308.8 -69906.6 -16069.8 -69906.6 15308.8
25.76 -18697.2 19220.7 -46833.5 -16458 -46833.5 19220.7
25.78 -35919.9 22362.1 -22666.5 -15573.1 -22666.5 22362.1
25.8 -52096 24813.9 1088.21 -13483.8 1088.21 24813.9
25.82 -66661.7 26688.5 23517.1 -10251.8 23517.1 26688.5
25.84 -79249.6 28035.2 44229.6 -5978.69 44229.6 28035.2
25.86 -89694.8 28736.2 63300.3 -917.473 63300.3 28736.2
25.88 -97954 28642.3 81158.3 4520.47 81158.3 28642.3
25.9 -104022 27767.6 98111.7 9872.49 98111.7 27767.6
25.92 -107841 26175.8 113889 14750.5 113889 26175.8
25.94 -109216 23804.5 127731 18979.5 127731 23804.5
25.96 -107823 20567.7 138700 22708.7 138700 20567.7
25.98 -103322 16469.8 145777 26339 145777 16469.8
26 -95497.5 11539.1 148026 30254.2 148026 11539.1
26.02 -84387.9 5867.5 145007 34574.1 145007 5867.5
26.04 -70372.5 -232.856 136826 39072.2 136826 -232.856
26.06 -54147 -6309.76 123775 43228.7 123775 -6309.76
26.08 -36487.4 -12048.7 106252 46416.1 106252 -12048.7
26.1 -18077.5 -17327.3 85150.4 48212.9 85150.4 -17327.3
26.12 414.959 -21955.9 61962 48596.9 61962 -21955.9
26.14 18188.4 -25556.1 38349.2 47744.6 38349.2 -25556.1
26.16 34341.6 -27893.3 15637.1 45618.6 15637.1 -27893.3
26.18 48175.9 -29184.3 -5411.67 41893.7 -5411.67 -29184.3
26.2 59457 -29835 -24628.5 36402.9 -24628.5 -29835
26.22 68389.6 -30037.1 -42238.1 29608.1 -42238.1 -30037.1
26.24 75314.7 -29785.9 -58381.4 22560.6 -58381.4 -29785.9
26.26 80341.5 -28992.8 -72877.9 16353 -72877.9 -28992.8
26.28 83192.6 -27422.5 -85501.2 11454.8 -85501.2 -27422.5
26.3 83422.5 -24848.7 -96049.8 7417.79 -96049.8 -24848.7
26.32 80804.5 -21379.2 -103914 3300.35 -103914 -21379.2
26.34 75501.3 -17380.6 -108027 -1417.95 -108027 -17380.6
26.36 67911.9 -13146 -107465 -6280.51 -107465 -13146
26.38 58420 -8877.63 -101834 -10224 -101834 -8877.63
26.4 47292 -4846.66 -91123.5 -12456.5 -91123.5 -4846.66
26.42 34709.1 -1332.5 -75640.5 -12982.1 -75640.5 -1332.5
26.44 20870.3 1515.71 -56202.2 -12396.4 -56202.2 1515.71
26.46 6127.97 3708.02 -34221.5 -11232.9 -34221.5 3708.02
26.48 -8985.09 5462.23 -11501.9 -9431.23 -11501.9 5462.23
26.5 -23875.7 7228.22 10191.5 -6402.73 10191.5 7228.22
26.52 -38059.8 9428.56 29661.8 -1687.06 29661.8 9428.56
26.54 -51231.6 12070.9 46596.1 4412.16 46596.1 12070.9
26.56 -63185.5 14745.4 61414.8 10865 61414.8 14745.4
26.58 -73684 16996.7 74817 16596.1 74817 16996.7
26.6 -82390.2 18527.7 87387 21155 87387 18527.7
26.62 -88921.9 19117.8 99356.8 24831.8 99356.8 19117.8
26.64 -92977.6 18631.6 110412 28223.9 110412 18631.6
26.66 -94405.1 17144.6 119620 31656.7 119620 17144.6
26.68 -93147.5 14884.2 125690 34919.6 125690 14884.2
26.7 -89150.9 12035.7 127424 37522.4 127424 12035.7
26.72 -82357.8 8728.42 123960 39212.5 123960 8728.42
26.74 -72815.8 5186.39 114818 40212.5 114818 5186.39
26.76 -60802.3 1740.74 100141 40923.3 100141 1740.74
26.78 -46840.7 -1370.35 81011.3 41412.5 81011.3 -1370.35
26.8 -31685 -4128.28 59253.2 41211.2 59253.2 -4128.28
26.82 -16252.8 -6601.62 36769.4 39586 36769.4 -6601.62
26.84 -1431.04 -8771.53 15036.3 36025.7 15036.3 -8771.53
26.86 12159.5 -10553.6 -5028.36 30597.7 -5028.36 -10553.6
26.88 24283.6 -11915.4 -23111.5 23972 -23111.5 -11915.4
26.9 35003.4 -12923.4 -39513.3 17114.2 -39513.3 -12923.4
26.92 44491.7 -13735.5 -54874.4 10860.1 -54874.4 -13735.5
26.94 52858.5 -14509.8 -69667.5 5681.35 -69667.5 -14509.8
26.96 60025 -15205.5 -83810.9 1729.28 -83810.9 -15205.5
26.98 65665.9 -15534.1 -96607.4 -1054.27 -96607.4 -15534.1
27 69265.4 -15227.3 -106924 -2915.11 -106924 -15227.3
27.02 70267.7 -14249.5 -113496 -4247.34 -113496 -14249.5
27.04 68247.3 -12646.5 -115260 -5431.98 -115260 -12646.5
27.06 63040.3 -10378.5 -111594 -6669.7 -111594 -10378.5
27.08 54818.5 -7485.81 -102417 -7929.38 -102417 -7485.81
27.1 44081.3 -4287.54 -88283.2 -8963.23 -88283.2 -4287.54
27.12 31533.9 -1260.33 -70403.7 -9339.77 -70403.7 -1260.33
27.14 17971.5 1223.61 -50366 -8548.87 -50366 1223.61
27.16 4185.98 3017.38 -29685.6 -6178.7 -29685.6 3017.38
27.18 -9184.85 4241.73 -9551.85 -2078.6 -9551.85 4241.73
27.2 -21819.1 5295.35 9206.39 3525.6 9206.39 5295.35
27.22 -33738.2 6637.64 26196.5 9981.28 26196.5 6637.64
27.24 -45098.1 8427.37 41567.2 16346.7 41567.2 8427.37
27.26 -55905.6 10466.1 55843 21775 55843 10466.1
27.28 -65888.1 12505.1 69473.7 25894.8 69473.7 12505.1
27.3 -74565.3 14411.6 82495.6 28842 82495.6 14411.6
27.32 -81393.8 15954.7 94529.7 30953.2 94529.7 15954.7
27.34 -85882.6 16655.2 104905 32475.5 104905 16655.2
27.36 -87662.7 16066.5 112756 33523.9 112756 16066.5
27.38 -86527.7 14161 117157 34177.6 117157 14161
27.4 -82460.9 11327.9 117289 34526.8 117289 11327.9
27.42 -75651.4 8077.62 112607 34635.8 112607 8077.62
27.44 -66505.6 4836.7 103070 34472.3 103070 4836.7
27.46 -55581.2 1895.5 89286.3 33848.6 89286.3 1895.5
27.48 -43451.8 -611.478 72341.2 32455 72341.2 -611.478
27.5 -30629.6 -2672.07 53489.6 30033 53489.6 -2672.07
27.52 -17555.6 -4339.68 34012.9 26564.4 34012.9 -4339.68
27.54 -4611.73 -5773.35 15111.2 22307.5 15111.2 -5773.35
27.56 7880.91 -7258.57 -2359.85 17681.5 -2359.85 -7258.57
27.58 19660.5 -9026.14 -18091 13131.1 -18091 -9026.14
27.6 30495.8 -11043 -32242.9 9036.48 -32242.9 -11043
27.62 40151.9 -13050.4 -45194.2 5655.06 -45194.2 -13050.4
27.64 48373.3 -14761.6 -57269.3 3101.26 -57269.3 -14761.6
27.66 54882.9 -15961.7 -68493.8 1378.19 -68493.8 -15961.7
27.68 59390.7 -16481.7 -78454.2 418.411 -78454.2 -16481.7
27.7 61620.6 -16191.8 -86351.6 83.791 -86351.6 -16191.8
27.72 61351.4 -15060.3 -91216.5 153.703 -91216.5 -15060.3
27.74 58465.2 -13185.2 -92157.4 371.123 -92157.4 -13185.2
27.76 52990.3 -10758.3 -88567.8 549.809 -88567.8 -10758.3
27.78 45143 -8041.44 -80298.8 673.751 -80298.8 -8041.44
27.8 35338.5 -5348.62 -67780.3 932.931 -67780.3 -5348.62
27.82 24127.2 -2942.27 -51996 1673.52 -51996 -2942.27
27.84 12110.1 -901.237 -34274.7 3254.23 -34274.7 -901.237
27.86 -137.441 865.013 -16002.7 5857.07 -16002.7 865.013
27.88 -12139.2 2474.37 1634.71 9373.17 1634.71 2474.37
27.9 -23576.7 3999.29 17860.3 13445.2 17860.3 3999.29
27.92 -34299.9 5518.98 32418.2 17610.2 32418.2 5518.98
27.94 -44259.8 7144.66 45512.9 21420.1 45512.9 7144.66
27.96 -53407.9 8926.57 57574 24498.3 57574 8926.57
27.98 -61623.3 10758.8 68963.5 26578.7 68963.5 10758.8
28 -68682.7 12404.4 79738.3 27557.5 79738.3 12404.4
28.02 -74253.9 13594.3 89530.6 27532.9 89530.6 13594.3
28.04 -77919.6 14107.7 97580.3 26800.6 97580.3 14107.7
28.06 -79249.1 13818.6 102918 25789.9 102918 13818.6
28.08 -77910.3 12711 104620 24934.1 104620 12711
28.1 -73776.4 10866.2 102051 24513.3 102051 10866.2
28.12 -66994.2 8456.67 95045 24549 95045 8456.67
28.14 -57985.8 5747.87 83990 24808.9 83990 5747.87
28.16 -47361 3051.06 69779.8 24905.7 69779.8 3051.06
28.18 -35802.3 618.066 53626.8 24437.8 53626.8 618.066
28.2 -23965.4 -1441 36804.3 23126.1 36804.3 -1441
28.22 -12392.3 -3156.67 20407.9 20904.2 20407.9 -3156.67
28.24 -1446.84 -4645.34 5174.64 17939.1 5174.64 -4645.34
28.26 8706.71 -6054.37 -8604.98 14581.8 -8604.98 -6054.37
28.28 18044.8 -7515.16 -21038.3 11278.3 -21038.3 -7515.16
28.3 26570.9 -9091.6 -32441.8 8466.11 -32441.8 -9091.6
28.32 34211.7 -10738.6 -43090.7 6468.79 -43090.7 -10738.6
28.34 40766.6 -12296.6 -53013 5412.85 -53013 -12296.6
28.36 45914.7 -13525.2 -61897.7 5199.59 -61897.7 -13525.2
28.38 49266.6 -14162.6 -69142.4 5546.75 -69142.4 -14162.6
28.4 50451.5 -14003.7 -73994 6084.8 -73994 -14003.7
28.42 49216.2 -12981.2 -75680.7 6478.68 -75680.7 -12981.2
28.44 45495.3 -11202.3 -73545.5 6539.52 -73545.5 -11202.3
28.46 39434.9 -8903.39 -67280.2 6279.86 -67280.2 -8903.39
28.48 31380 -6370.94 -57128.4 5883.9 -57128.4 -6370.94
28.5 21828.8 -3891.48 -43821.5 5624.38 -43821.5 -3891.48
28.52 11361.7 -1707.02 -28352.9 5785.27 -28352.9 -1707.02
28.54 550.895 54.7412 -11821.7 6601.98 -11821.7 54.7412
28.56 -10130.6 1417.94 4715.88 8192.25 4715.88 1417.94
28.58 -20365.8 2521.15 20457.5 10489.6 20457.5 2521.15
28.6 -29994.7 3543.07 34978.5 13231.1 34978.5 3543.07
28.62 -38949.4 4626.06 48239.9 16025.6 48239.9 4626.06
28.64 -47164.5 5811.5 60554.2 18478.1 60554.2 5811.5
