0.02 0 4.29057e-22 -6.86759e-13 -4.99533e-11 -5.84456e-12 8.66783e-22
0.04 0 2.74068e-21 -9.23062e-12 4.18973e-10 -7.85558e-11 6.4035e-21
0.06 0 -1.39291e-20 -1.69124e-10 5.29723e-09 -1.4393e-09 -2.17362e-20
0.08 0 3.20888e-20 -1.21634e-09 2.38441e-08 -1.03515e-08 4.30897e-20
0.1 0 -5.46789e-20 -5.66132e-09 6.68062e-08 -4.81798e-08 -6.73727e-20
0.12 0 -2.78019e-21 -2.05377e-08 1.387e-07 -1.74783e-07 -7.29893e-20
0.14 0 -5.17019e-20 -6.04735e-08 2.34627e-07 -5.14651e-07 -1.77438e-19
0.16 0 5.95739e-20 -1.46374e-07 3.44282e-07 -1.24569e-06 -5.70862e-20
0.18 0 -5.80087e-20 -2.97536e-07 4.57647e-07 -2.53213e-06 -1.74275e-19
0.2 0 2.45178e-19 -5.21537e-07 5.6723e-07 -4.43846e-06 3.21033e-19
0.22 0 8.32034e-20 -8.08853e-07 6.67817e-07 -6.88362e-06 4.8912e-19
0.24 0 -5.84451e-20 -1.13659e-06 7.57263e-07 -9.67276e-06 3.7105e-19
0.26 0 -1.47599e-19 -1.47849e-06 8.38422e-07 -1.25825e-05 7.28694e-20
0.28 0 1.50635e-20 -1.81214e-06 9.19019e-07 -1.5422e-05 1.03301e-19
0.3 0 -6.85283e-20 -2.11955e-06 1.00805e-06 -1.80381e-05 -3.51403e-20
0.32 0 -2.06421e-19 -2.38825e-06 1.11029e-06 -2.03248e-05 -4.52152e-19
0.34 0 2.56894e-19 -2.61696e-06 1.22063e-06 -2.22712e-05 6.68273e-20
0.36 0 -1.92559e-19 -2.81739e-06 1.32076e-06 -2.3977e-05 -3.22181e-19
0.38 0 4.29914e-19 -3.00691e-06 1.38416e-06 -2.55899e-05 5.46332e-19
0.4 0 -3.24722e-19 -3.20083e-06 1.38992e-06 -2.72402e-05 -1.09672e-19
0.42 0 9.2666e-20 -3.41051e-06 1.33588e-06 -2.90246e-05 7.7532e-20
0.44 0 3.93564e-20 -3.63875e-06 1.24011e-06 -3.0967e-05 1.5704e-19
0.46 0 1.27015e-19 -3.86716e-06 1.13098e-06 -3.29109e-05 4.13635e-19
0.48 0 -2.65374e-19 -4.05142e-06 1.03181e-06 -3.4479e-05 -1.22474e-19
0.5 0 1.39213e-19 -4.14128e-06 9.46104e-07 -3.52437e-05 1.58766e-19
0.52 0 -4.18171e-20 -4.11477e-06 8.55543e-07 -3.50181e-05 7.42866e-20
0.54 0 -7.02972e-20 -3.99589e-06 7.40612e-07 -3.40065e-05 -6.7728e-20
0.56 0 -1.55612e-20 -3.83727e-06 6.09906e-07 -3.26565e-05 -9.91647e-20
0.58 0 1.34517e-19 -3.6771e-06 5.05948e-07 -3.12934e-05 1.72587e-19
0.6 0 -2.38658e-20 -3.50227e-06 4.76445e-07 -2.98055e-05 1.24373e-19
0.62 0 -5.724e-20 -3.25184e-06 5.38381e-07 -2.76743e-05 8.73663e-21
0.64 0 -9.65995e-20 -2.86069e-06 6.68308e-07 -2.43455e-05 -1.86414e-19
0.66 0 2.5395e-19 -2.30126e-06 8.24186e-07 -1.95845e-05 3.26616e-19
0.68 0 4.70647e-20 -1.58891e-06 9.80057e-07 -1.35222e-05 4.21696e-19
0.7 0 -1.02648e-20 -7.65265e-07 1.14822e-06 -6.51267e-06 4.00959e-19
0.72 0 3.52086e-20 1.14301e-07 1.36752e-06 9.72742e-07 4.72088e-19
0.74 0 -2.63016e-19 9.9185e-07 1.66028e-06 8.44099e-06 -5.92578e-20
0.76 0 -4.29987e-19 1.82515e-06 1.99636e-06 1.55327e-05 -9.27918e-19
0.78 0 3.82748e-19 2.59487e-06 2.30391e-06 2.20832e-05 -1.5469e-19
0.8 0 1.42144e-19 3.28748e-06 2.51954e-06 2.79776e-05 1.32469e-19
0.82 0 3.5687e-19 3.88132e-06 2.63207e-06 3.30314e-05 8.53418e-19
0.84 0 -7.83526e-19 4.36187e-06 2.68365e-06 3.7121e-05 -7.29464e-19
0.86 0 -1.32009e-18 4.73913e-06 2.72901e-06 4.03316e-05 -3.3963e-18
0.88 0 7.61455e-19 5.02682e-06 2.78248e-06 4.278e-05 -1.85801e-18
0.9 0 5.41341e-19 5.20213e-06 2.79749e-06 4.4272e-05 -7.64393e-19
0.92 0 5.28231e-19 5.20254e-06 2.70577e-06 4.42754e-05 3.0274e-19
0.94 0 2.90151e-19 4.97238e-06 2.48838e-06 4.23167e-05 8.88904e-19
0.96 0 9.56861e-19 4.51257e-06 2.20855e-06 3.84036e-05 2.82196e-18
0.98 0 6.41063e-19 3.8896e-06 1.96788e-06 3.31019e-05 4.11703e-18
1 0 -9.24677e-19 3.2059e-06 1.8248e-06 2.72833e-05 2.249e-18
1.02 0 -6.53232e-19 2.57118e-06 1.70824e-06 2.18817e-05 9.29338e-19
1.04 0 -4.31642e-19 2.09816e-06 1.34984e-06 1.78561e-05 5.73351e-20
1.06 0 -1.47554e-19 1.8749e-06 4.19162e-07 1.5956e-05 -2.40753e-19
1.08 0 -3.07334e-20 1.89493e-06 -1.09903e-06 1.61265e-05 -3.02841e-19
1.1 0 1.48559e-19 2.04233e-06 -2.73689e-06 1.7381e-05 -2.72206e-21
1.12 0 -1.66633e-19 2.16936e-06 -3.87065e-06 1.8462e-05 -3.39354e-19
1.14 0 4.33458e-19 2.17401e-06 -4.1899e-06 1.85016e-05 5.3632e-19
1.16 0 -2.82614e-21 2.02558e-06 -3.87693e-06 1.72384e-05 5.3061e-19
1.18 0 7.10812e-19 1.75349e-06 -3.39486e-06 1.49228e-05 1.96659e-18
1.2 0 5.95979e-19 1.41586e-06 -3.08471e-06 1.20494e-05 3.17059e-18
1.22 0 5.52769e-19 1.07843e-06 -2.94916e-06 9.17783e-06 4.2873e-18
1.24 0 -1.02143e-18 8.03865e-07 -2.7858e-06 6.84117e-06 2.22381e-18
1.26 0 -3.22934e-19 6.13186e-07 -2.43021e-06 5.21842e-06 1.57142e-18
1.28 0 -4.36583e-19 4.53613e-07 -1.8379e-06 3.86041e-06 6.89432e-19
1.3 0 -1.91764e-19 2.50517e-07 -1.01312e-06 2.13199e-06 3.02031e-19
1.32 0 6.80749e-19 4.74261e-09 5.61582e-08 4.03613e-08 1.67728e-18
1.34 0 -8.89207e-19 -1.93693e-07 1.38238e-06 -1.6484e-06 -1.19096e-19
1.36 0 -3.32906e-19 -2.54786e-07 2.91144e-06 -2.16831e-06 -7.91633e-19
1.38 0 1.21651e-19 -1.41525e-07 4.40607e-06 -1.20442e-06 -5.45874e-19
1.4 0 -2.26412e-20 1.97448e-07 5.3373e-06 1.68035e-06 -5.91614e-19
1.42 0 4.68618e-20 8.63325e-07 5.11984e-06 7.3472e-06 -4.96943e-19
1.44 0 -7.06467e-19 1.88018e-06 3.73662e-06 1.6001e-05 -1.92415e-18
1.46 0 1.07936e-18 3.08748e-06 1.97979e-06 2.62756e-05 2.56384e-19
1.48 0 -2.36543e-19 4.2288e-06 8.13815e-07 3.59885e-05 -2.21481e-19
1.5 0 -4.49093e-19 5.10049e-06 5.72462e-07 4.3407e-05 -1.12874e-18
1.52 0 6.11923e-19 5.6058e-06 8.73948e-07 4.77073e-05 1.07469e-19
1.54 0 -1.73476e-18 5.77317e-06 1.13417e-06 4.91317e-05 -3.3971e-18
1.56 0 6.28657e-19 5.7701e-06 1.00055e-06 4.91056e-05 -2.12709e-18
1.58 0 1.95681e-20 5.8017e-06 4.44501e-07 4.93745e-05 -2.08755e-18
1.6 0 -5.52474e-19 5.91901e-06 -3.41241e-07 5.03728e-05 -3.20366e-18
1.62 0 -2.80539e-19 5.96468e-06 -1.13716e-06 5.07615e-05 -3.77041e-18
1.64 0 1.25842e-18 5.73739e-06 -1.87409e-06 4.88272e-05 -1.22816e-18
1.66 0 3.81023e-19 5.17446e-06 -2.59174e-06 4.40364e-05 -4.58413e-19
1.68 0 4.78627e-19 4.37497e-06 -3.21606e-06 3.72325e-05 5.0851e-19
1.7 0 4.28296e-20 3.49958e-06 -3.49619e-06 2.97827e-05 5.95034e-19
1.72 0 1.49626e-19 2.64708e-06 -3.23901e-06 2.25276e-05 8.9731e-19
1.74 0 -4.07442e-19 1.77249e-06 -2.54037e-06 1.50845e-05 7.41954e-20
1.76 0 1.44241e-19 7.34784e-07 -1.72971e-06 6.25327e-06 3.65592e-19
1.78 0 4.56572e-19 -5.19879e-07 -1.12294e-06 -4.42435e-06 1.28796e-18
1.8 0 -6.21142e-19 -1.84503e-06 -8.2428e-07 -1.57019e-05 3.31281e-20
1.82 0 -2.31486e-19 -3.02574e-06 -6.85068e-07 -2.57501e-05 -4.34521e-19
1.84 0 4.87592e-19 -4.00565e-06 -4.33616e-07 -3.40894e-05 5.50514e-19
1.86 0 -1.10045e-18 -4.93047e-06 8.55083e-08 -4.19601e-05 -1.67262e-18
1.88 0 1.53908e-18 -5.98169e-06 7.59477e-07 -5.09062e-05 1.43664e-18
1.9 0 -6.89899e-19 -7.19469e-06 1.29394e-06 -6.12293e-05 4.28995e-20
1.92 0 7.49417e-20 -8.39821e-06 1.43345e-06 -7.14717e-05 1.94297e-19
1.94 0 -1.07781e-18 -9.29289e-06 1.1035e-06 -7.90857e-05 -1.9831e-18
1.96 0 -2.22297e-19 -9.63394e-06 4.0876e-07 -8.19882e-05 -2.43218e-18
1.98 0 -9.67163e-19 -9.40252e-06 -4.51937e-07 -8.00187e-05 -4.38604e-18
2 0 1.24017e-19 -8.79749e-06 -1.29717e-06 -7.48697e-05 -4.1355e-18
2.02 0 1.09024e-18 -8.02661e-06 -2.04659e-06 -6.83092e-05 -1.933e-18
2.04 0 1.77664e-18 -7.10434e-06 -2.7158e-06 -6.04604e-05 1.65617e-18
2.06 0 7.82434e-20 -5.85872e-06 -3.33406e-06 -4.98597e-05 1.81423e-18
2.08 0 -8.02689e-19 -4.11769e-06 -3.87505e-06 -3.5043e-05 1.92639e-19
2.1 0 2.84388e-20 -1.89009e-06 -4.24967e-06 -1.60853e-05 2.50091e-19
2.12 0 3.46388e-19 6.00166e-07 -4.32548e-06 5.10762e-06 9.49865e-19
2.14 0 -2.53429e-19 3.04065e-06 -3.95176e-06 2.5877e-05 4.37886e-19
2.16 0 4.35542e-20 5.20913e-06 -3.0236e-06 4.43315e-05 5.25875e-19
2.18 0 -4.46373e-19 7.04809e-06 -1.57929e-06 5.99817e-05 -3.7589e-19
2.2 0 -3.46706e-19 8.58666e-06 1.53039e-07 7.30755e-05 -1.07631e-18
2.22 0 1.22717e-18 9.82279e-06 1.82454e-06 8.35954e-05 1.40283e-18
2.24 0 -3.68146e-19 1.06873e-05 3.12753e-06 9.09526e-05 6.59105e-19
2.26 0 5.38835e-19 1.11006e-05 3.95726e-06 9.44696e-05 1.74766e-18
2.28 0 -1.4165e-18 1.10681e-05 4.44824e-06 9.41933e-05 -1.11397e-18
2.3 0 -7.33613e-19 1.07355e-05 4.83828e-06 9.13628e-05 -2.59601e-18
2.32 0 1.41376e-18 1.03229e-05 5.28024e-06 8.78514e-05 2.60059e-19
2.34 0 1.41001e-18 9.96534e-06 5.75702e-06 8.48085e-05 3.10856e-18
2.36 0 -2.83147e-19 9.61261e-06 6.10976e-06 8.18066e-05 2.53654e-18
2.38 0 -3.09323e-18 9.09467e-06 6.11179e-06 7.73988e-05 -3.71241e-18
2.4 0 -9.13226e-19 8.28294e-06 5.57681e-06 7.04907e-05 -5.55732e-18
2.42 0 3.32304e-18 7.19443e-06 4.47301e-06 6.12271e-05 1.1559e-18
2.44 0 -8.31173e-19 5.96685e-06 2.94192e-06 5.078e-05 -5.23233e-19
2.46 0 -5.62519e-19 4.75502e-06 1.19732e-06 4.04669e-05 -1.65964e-18
2.48 0 8.40762e-19 3.63643e-06 -5.79643e-07 3.09473e-05 3.8874e-20
2.5 0 -3.61651e-19 2.57316e-06 -2.25241e-06 2.18985e-05 -6.91733e-19
2.52 0 1.1083e-19 1.45242e-06 -3.68992e-06 1.23606e-05 -4.67833e-19
2.54 0 -3.01969e-19 1.95326e-07 -4.76989e-06 1.66229e-06 -1.07787e-18
2.56 0 -7.18085e-19 -1.16056e-06 -5.44332e-06 -9.87675e-06 -2.52855e-18
2.58 0 9.43372e-19 -2.4934e-06 -5.79499e-06 -2.12197e-05 -6.22748e-19
2.6 0 1.41907e-18 -3.69412e-06 -6.00765e-06 -3.14382e-05 2.24405e-18
2.62 0 6.07227e-19 -4.70712e-06 -6.21056e-06 -4.00593e-05 3.47077e-18
2.64 0 -2.63802e-18 -5.4867e-06 -6.34544e-06 -4.66937e-05 -1.85856e-18
2.66 0 3.17359e-18 -5.93871e-06 -6.21514e-06 -5.05405e-05 4.55273e-18
2.68 0 -1.82229e-18 -5.92015e-06 -5.67431e-06 -5.03825e-05 8.71331e-19
2.7 0 -1.76518e-18 -5.33024e-06 -4.737e-06 -4.53622e-05 -2.69469e-18
2.72 0 1.53622e-18 -4.23847e-06 -3.50211e-06 -3.60709e-05 4.08777e-19
2.74 0 -6.26943e-19 -2.91032e-06 -2.0357e-06 -2.47679e-05 -8.57775e-19
2.76 0 1.98466e-19 -1.66198e-06 -3.49504e-07 -1.4144e-05 -4.56833e-19
2.78 0 6.06936e-19 -6.66235e-07 1.53841e-06 -5.66989e-06 7.693e-19
2.8 0 8.26265e-19 1.00469e-07 3.53978e-06 8.55025e-07 2.43852e-18
2.82 0 2.57655e-19 7.55747e-07 5.49714e-06 6.43167e-06 2.95904e-18
2.84 0 -1.17842e-18 1.40983e-06 7.28384e-06 1.19982e-05 5.78385e-19
2.86 0 -6.26994e-19 2.14158e-06 8.92725e-06 1.82256e-05 -6.8827e-19
2.88 0 2.69551e-21 2.97903e-06 1.05834e-05 2.53526e-05 -6.82824e-19
2.9 0 -4.10554e-19 3.84571e-06 1.23212e-05 3.27283e-05 -1.51223e-18
2.92 0 -3.71641e-18 4.54744e-06 1.39204e-05 3.87003e-05 -9.02013e-18
2.94 0 8.94335e-19 4.8465e-06 1.49121e-05 4.12454e-05 -7.21339e-18
2.96 0 4.64127e-18 4.56434e-06 1.48681e-05 3.88442e-05 2.16292e-18
2.98 0 -1.47448e-18 3.65051e-06 1.37179e-05 3.10671e-05 -8.15825e-19
3 0 4.22234e-18 2.21557e-06 1.18381e-05 1.88552e-05 7.71416e-18
3.02 0 -2.96617e-18 5.18133e-07 9.81141e-06 4.40949e-06 1.72191e-18
3.04 0 -1.91195e-18 -1.13652e-06 8.02276e-06 -9.67218e-06 -2.14062e-18
3.06 0 -1.7489e-18 -2.55889e-06 6.43045e-06 -2.1777e-05 -5.67376e-18
3.08 0 -8.8297e-20 -3.76129e-06 4.7136e-06 -3.20099e-05 -5.85213e-18
3.1 0 2.31977e-18 -4.87767e-06 2.64231e-06 -4.15107e-05 -1.16574e-18
3.12 0 -5.58543e-19 -6.01798e-06 3.22489e-07 -5.12151e-05 -2.29411e-18
3.14 0 1.4648e-18 -7.23005e-06 -1.88283e-06 -6.15302e-05 6.65084e-19
3.16 0 -5.11661e-19 -8.56346e-06 -3.65843e-06 -7.2878e-05 -3.68575e-19
3.18 0 1.14018e-18 -1.00656e-05 -4.99123e-06 -8.56615e-05 1.93482e-18
3.2 0 -4.04197e-19 -1.16732e-05 -6.1369e-06 -9.93428e-05 1.11826e-18
3.22 0 7.97954e-19 -1.31745e-05 -7.32669e-06 -0.00011212 2.73029e-18
3.24 0 3.21054e-19 -1.433e-05 -8.52769e-06 -0.000121953 3.37888e-18
3.26 0 2.79105e-18 -1.49987e-05 -9.50337e-06 -0.000127644 9.01736e-18
3.28 0 -8.94226e-18 -1.51384e-05 -1.00479e-05 -0.000128833 -9.04781e-18
3.3 0 1.97734e-19 -1.47609e-05 -1.01142e-05 -0.00012562 -8.64835e-18
3.32 0 8.60855e-18 -1.39324e-05 -9.78107e-06 -0.000118569 8.74266e-18
3.34 0 -2.29993e-18 -1.27611e-05 -9.1744e-06 -0.000108601 4.09633e-18
3.36 0 4.47134e-18 -1.13393e-05 -8.37963e-06 -9.6501e-05 1.31293e-17
3.38 0 -9.09984e-18 -9.70344e-06 -7.35576e-06 -8.25796e-05 -5.25416e-18
3.4 0 2.60916e-18 -7.83648e-06 -5.96084e-06 -6.66912e-05 1.68634e-20
3.42 0 7.32975e-18 -5.67089e-06 -4.12631e-06 -4.82612e-05 1.48244e-17
3.44 0 1.28246e-18 -3.11024e-06 -1.99678e-06 -2.64692e-05 1.74153e-17
3.46 0 -4.92535e-18 -1.00794e-07 1.33336e-07 -8.57791e-07 7.46507e-18
3.48 0 -3.63218e-19 3.29514e-06 2.00497e-06 2.80428e-05 6.7313e-18
3.5 0 -3.38654e-18 6.88738e-06 3.51668e-06 5.8614e-05 -1.10196e-19
3.52 0 -1.43705e-19 1.04037e-05 4.72965e-06 8.85395e-05 -4.00509e-19
3.54 0 -7.22309e-19 1.35707e-05 5.79496e-06 0.000115491 -1.85972e-18
3.56 0 7.45564e-19 1.62154e-05 6.82659e-06 0.000137998 -3.5353e-19
3.58 0 3.80495e-20 1.83276e-05 7.77166e-06 0.000155974 -2.76662e-19
3.6 0 -8.22319e-19 1.9997e-05 8.38898e-06 0.000170182 -1.93791e-18
3.62 0 -1.15669e-18 2.12665e-05 8.39955e-06 0.000180985 -4.27467e-18
3.64 0 1.90632e-18 2.207e-05 7.72011e-06 0.000187823 -4.23511e-19
3.66 0 -6.6886e-18 2.23388e-05 6.58396e-06 0.000190111 -1.39358e-17
3.68 0 -1.70486e-18 2.21345e-05 5.41894e-06 0.000188372 -1.738e-17
3.7 0 8.24569e-18 2.16234e-05 4.57045e-06 0.000184022 -7.2202e-19
3.72 0 -3.12927e-18 2.09104e-05 4.10885e-06 0.000177955 -7.04377e-18
3.74 0 4.88198e-19 1.99227e-05 3.8542e-06 0.000169549 -6.05751e-18
3.76 0 5.57557e-18 1.84462e-05 3.53585e-06 0.000156984 5.20627e-18
3.78 0 -1.04394e-18 1.62511e-05 2.94875e-06 0.000138303 3.09731e-18
3.8 0 -7.0311e-18 1.32195e-05 2.04571e-06 0.000112502 -1.11069e-17
3.82 0 5.59301e-18 9.43664e-06 9.37817e-07 8.03091e-05 1.92077e-19
3.84 0 -2.82877e-18 5.19416e-06 -2.02852e-07 4.42041e-05 -5.5226e-18
3.86 0 2.22237e-18 8.48464e-07 -1.25031e-06 7.22072e-06 -1.03297e-18
3.88 0 6.73475e-19 -3.37481e-06 -2.13366e-06 -2.87208e-05 3.27586e-19
3.9 0 -1.24993e-18 -7.42985e-06 -2.78715e-06 -6.32306e-05 -2.19752e-18
3.92 0 -2.46291e-19 -1.12964e-05 -3.16719e-06 -9.61364e-05 -2.69508e-18
3.94 0 2.3635e-19 -1.48076e-05 -3.33571e-06 -0.000126018 -2.2176e-18
3.96 0 -5.89101e-18 -1.76461e-05 -3.4786e-06 -0.000150174 -1.41186e-17
3.98 0 2.20272e-18 -1.9484e-05 -3.79407e-06 -0.000165816 -9.66869e-18
4 0 6.29556e-19 -2.01327e-05 -4.33115e-06 -0.000171336 -8.39686e-18
4.02 0 -2.09512e-18 -1.96094e-05 -4.8989e-06 -0.000166883 -1.26294e-17
4.04 0 2.44337e-18 -1.80944e-05 -5.11429e-06 -0.00015399 -7.69331e-18
4.06 0 -2.64226e-18 -1.5826e-05 -4.57771e-06 -0.000134684 -1.30312e-17
4.08 0 -3.65847e-19 -1.30353e-05 -3.07853e-06 -0.000110935 -1.37703e-17
4.1 0 1.07625e-18 -9.95432e-06 -6.96693e-07 -8.47148e-05 -1.15961e-17
4.12 0 8.43093e-19 -6.81748e-06 2.2567e-06 -5.80191e-05 -9.89285e-18
4.14 0 2.8658e-18 -3.82678e-06 5.39328e-06 -3.25672e-05 -4.10335e-18
4.16 0 1.45106e-18 -1.14801e-06 8.38195e-06 -9.76997e-06 -1.1719e-18
4.18 0 2.04724e-18 1.06716e-06 1.10061e-05 9.08189e-06 2.96393e-18
4.2 0 -3.73669e-18 2.73293e-06 1.31563e-05 2.32582e-05 -4.58493e-18
4.22 0 -9.66836e-19 3.93575e-06 1.47914e-05 3.34946e-05 -6.53814e-18
4.24 0 1.73304e-18 4.92372e-06 1.58937e-05 4.19025e-05 -3.03704e-18
4.26 0 -2.45717e-18 5.94019e-06 1.64464e-05 5.05531e-05 -8.00102e-18
4.28 0 -7.88145e-19 7.09201e-06 1.64426e-05 6.03555e-05 -9.59323e-18
4.3 0 1.02894e-17 8.36173e-06 1.58925e-05 7.11612e-05 1.11934e-17
4.32 0 -5.1344e-18 9.65483e-06 1.47996e-05 8.21659e-05 8.20891e-19
4.34 0 -9.47497e-18 1.08173e-05 1.3139e-05 9.20593e-05 -1.83205e-17
4.36 0 1.04917e-17 1.16897e-05 1.08879e-05 9.94833e-05 2.87497e-18
4.38 0 -4.73525e-18 1.21612e-05 8.10838e-06 0.000103496 -6.6912e-18
4.4 0 5.4057e-18 1.21062e-05 5.00963e-06 0.000103028 4.22941e-18
4.42 0 2.92745e-18 1.12579e-05 1.92072e-06 9.58084e-05 1.01435e-17
4.44 0 2.20194e-18 9.2021e-06 -7.93844e-07 7.83131e-05 1.45918e-17
4.46 0 1.93343e-18 5.54463e-06 -2.81273e-06 4.71867e-05 1.84977e-17
4.48 0 -1.93885e-18 1.38395e-07 -3.96249e-06 1.17779e-06 1.45809e-17
4.5 0 -3.93294e-18 -6.77788e-06 -4.35966e-06 -5.76821e-05 6.63554e-18
4.52 0 -4.79198e-19 -1.46135e-05 -4.43296e-06 -0.000124366 5.66746e-18
4.54 0 2.13422e-18 -2.26224e-05 -4.70767e-06 -0.000192525 9.97903e-18
4.56 0 -9.73497e-18 -3.01679e-05 -5.52266e-06 -0.000256739 -9.68757e-18
4.58 0 7.25858e-18 -3.6894e-05 -6.94725e-06 -0.00031398 4.97622e-18
4.6 0 -4.48657e-18 -4.26826e-05 -8.92291e-06 -0.000363244 -4.08755e-18
4.62 0 -2.36273e-18 -4.74624e-05 -1.14211e-05 -0.000403922 -8.86075e-18
4.64 0 1.11336e-17 -5.10738e-05 -1.44398e-05 -0.000434656 1.36313e-17
4.66 0 -7.29632e-18 -5.32711e-05 -1.78617e-05 -0.000453356 -1.10874e-18
4.68 0 7.72603e-18 -5.37689e-05 -2.13489e-05 -0.000457592 3.84337e-17
4.7 0 -3.32122e-17 -5.2281e-05 -2.44261e-05 -0.00044493 -5.65072e-17
4.72 0 -1.39678e-17 -4.8591e-05 -2.67241e-05 -0.000413526 -5.0198e-17
4.74 0 3.60029e-17 -4.26151e-05 -2.81873e-05 -0.000362669 2.25351e-17
4.76 0 1.99961e-17 -3.43982e-05 -2.90548e-05 -0.000292741 6.29313e-17
4.78 0 -2.42266e-17 -2.41167e-05 -2.96161e-05 -0.000205242 1.39887e-17
4.8 0 -1.5487e-17 -1.21698e-05 -2.99712e-05 -0.00010357 -1.7298e-17
4.82 0 3.00792e-18 7.49191e-07 -3.00079e-05 6.37588e-06 -1.12214e-17
4.84 0 5.48472e-18 1.37571e-05 -2.95588e-05 0.000117078 -1.41189e-19
4.86 0 3.36504e-18 2.60229e-05 -2.85204e-05 0.000221464 6.65687e-18
4.88 0 2.81036e-18 3.70121e-05 -2.6847e-05 0.000314985 1.23344e-17
4.9 0 -4.80555e-18 4.66642e-05 -2.45225e-05 0.000397129 2.62619e-18
4.92 0 7.07672e-19 5.54225e-05 -2.15921e-05 0.000471665 2.36551e-18
4.94 0 1.42245e-18 6.39952e-05 -1.82192e-05 0.000544621 -1.03282e-18
4.96 0 -4.69649e-19 7.29055e-05 -1.46927e-05 0.000620452 2.88046e-18
4.98 0 -2.51094e-18 8.2122e-05 -1.1344e-05 0.000698887 1.39584e-18
5 0 3.50675e-18 9.1009e-05 -8.38461e-06 0.000774518 1.32438e-17
5.02 0 6.37212e-19 9.85661e-05 -5.76014e-06 0.000838832 2.90151e-18
5.04 0 -4.07801e-18 0.000103775 -3.15267e-06 0.000883162 -1.32005e-17
5.06 0 -1.5497e-18 0.000105897 -1.56435e-07 0.00090122 -1.39458e-17
5.08 0 -3.93592e-18 0.000104598 3.5183e-06 0.000890169 -1.04285e-17
5.1 0 -2.01064e-18 9.98468e-05 7.98142e-06 0.000849731 5.78754e-18
5.12 0 1.12799e-17 9.16768e-05 1.32321e-05 0.000780201 -7.91538e-18
5.14 0 1.62022e-17 8.00405e-05 1.91993e-05 0.000681173 4.59925e-17
5.16 0 -1.30379e-17 6.48236e-05 2.56584e-05 0.000551671 1.96533e-17
5.18 0 9.24937e-18 4.59263e-05 3.21255e-05 0.000390849 3.83389e-17
5.2 0 -9.55508e-18 2.33068e-05 3.79032e-05 0.000198349 1.90357e-17
5.22 0 7.27778e-18 -2.96197e-06 4.23046e-05 -2.52074e-05 3.37383e-17
5.24 0 -2.82572e-18 -3.25033e-05 4.4892e-05 -0.000276614 2.24865e-17
5.26 0 1.77745e-18 -6.43193e-05 4.55476e-05 -0.00054738 1.23191e-17
5.28 0 3.59476e-18 -9.65572e-05 4.43295e-05 -0.000821735 2.43033e-17
5.3 0 8.67815e-19 -0.000126628 4.12069e-05 -0.00107765 1.59202e-18
5.32 0 -3.78613e-18 -0.000151695 3.587e-05 -0.00129097 -9.18137e-18
5.34 0 4.53046e-18 -0.000169313 2.78564e-05 -0.00144091 3.364e-18
5.36 0 -2.04967e-18 -0.000178273 1.70056e-05 -0.00151716 4.1526e-18
5.38 0 7.71867e-18 -0.000179206 3.80216e-06 -0.0015251 1.40695e-17
5.4 0 1.41284e-17 -0.000173184 -1.07558e-05 -0.00147386 1.01795e-17
5.42 0 -1.57823e-18 -0.000161702 -2.55009e-05 -0.00137614 1.8048e-17
5.44 0 -7.27336e-18 -0.000147613 -3.91263e-05 -0.00125624 -2.82064e-17
5.46 0 1.97268e-17 -0.000133143 -4.99568e-05 -0.00113309 7.70218e-18
5.48 0 -1.58687e-17 -0.000118947 -5.62442e-05 -0.00101228 2.74516e-17
5.5 0 1.65002e-17 -0.000104229 -5.69857e-05 -0.000887021 -4.22326e-18
5.52 0 1.12741e-17 -8.73135e-05 -5.23623e-05 -0.000743068 1.85346e-18
5.54 0 3.61107e-18 -6.67969e-05 -4.33792e-05 -0.000568465 -1.64577e-18
5.56 0 5.99512e-18 -4.19768e-05 -3.11819e-05 -0.000357237 -2.02572e-19
5.58 0 -1.26258e-17 -1.3319e-05 -1.67044e-05 -0.000113349 -2.65069e-17
5.6 0 3.59039e-19 1.71644e-05 -7.70732e-07 0.000146075 -3.06728e-18
5.62 0 7.12301e-18 4.6186e-05 1.55895e-05 0.000393059 1.94097e-17
5.64 0 -2.07747e-18 7.04247e-05 3.09442e-05 0.000599339 3.69639e-18
5.66 0 5.372e-18 8.78782e-05 4.36153e-05 0.000747874 8.12381e-18
5.68 0 -3.58792e-18 9.84125e-05 5.20812e-05 0.000837525 -3.20607e-17
5.7 0 3.99802e-18 0.000103411 5.53185e-05 0.000880064 2.99792e-17
5.72 0 -1.00359e-18 0.000105014 5.2967e-05 0.000893709 -4.24722e-18
5.74 0 -1.15401e-17 0.00010533 4.53677e-05 0.000896398 -2.39362e-17
5.76 0 -5.96542e-20 0.000105814 3.34062e-05 0.000900512 -1.78259e-17
5.78 0 1.21869e-17 0.000106972 1.80848e-05 0.00091037 1.12599e-18
5.8 0 7.72394e-18 0.000108443 4.06189e-08 0.000922889 2.87832e-17
5.82 0 -6.56136e-18 0.000109283 -2.05618e-05 0.000930034 2.32709e-18
5.84 0 1.12678e-18 0.00010832 -4.35159e-05 0.000921844 4.60341e-18
5.86 0 -3.7057e-18 0.0001046 -6.7809e-05 0.000890184 -2.88286e-18
5.88 0 -3.52589e-18 9.78182e-05 -9.14451e-05 0.000832467 -1.00059e-17
5.9 0 7.03887e-18 8.84265e-05 -0.00011206 0.00075254 4.21406e-18
5.92 0 -1.03922e-17 7.73252e-05 -0.000127603 0.000658065 -2.17791e-17
5.94 0 -1.26931e-17 6.5387e-05 -0.000136562 0.000556466 -6.40144e-17
5.96 0 -2.07139e-18 5.29753e-05 -0.000137937 0.000450838 -4.29361e-17
5.98 0 -2.63958e-18 3.95146e-05 -0.000131217 0.000336283 -4.66773e-18
6 0 -1.1739e-17 2.3394e-05 -0.000116282 0.000199091 -1.01857e-17
6.02 0 -5.34581e-18 2.63785e-06 -9.33746e-05 2.2449e-05 -5.25234e-17
6.04 0 -4.24506e-19 -2.37152e-05 -6.33639e-05 -0.000201825 -3.15009e-17
6.06 0 -3.81526e-17 -5.42959e-05 -2.80659e-05 -0.000462077 -5.97325e-17
6.08 0 -1.07201e-17 -8.5138e-05 9.90474e-06 -0.000724554 -3.0027e-17
6.1 0 -5.99372e-18 -0.000110949 4.76699e-05 -0.000944214 1.07321e-17
6.12 0 -8.62831e-18 -0.000127428 8.25588e-05 -0.00108446 8.58459e-18
6.14 0 4.55209e-18 -0.000133316 0.000112553 -0.00113457 5.05827e-18
6.16 0 -5.27192e-18 -0.000130816 0.000136957 -0.00111329 -1.27569e-17
6.18 0 1.54209e-17 -0.000124164 0.000156846 -0.00105668 5.84444e-17
6.2 0 5.86954e-18 -0.000117418 0.000174541 -0.000999272 -1.87533e-17
6.22 0 -3.87226e-17 -0.000112676 0.000192049 -0.000958909 -1.0004e-16
6.24 0 8.98167e-18 -0.000109467 0.000208893 -0.000931602 1.2786e-16
6.26 0 -4.26619e-17 -0.000105037 0.000221521 -0.0008939 -4.52544e-17
6.28 0 -9.11126e-18 -9.54198e-05 0.000225439 -0.000812056 -9.68972e-17
6.3 0 3.72855e-17 -7.75047e-05 0.000217632 -0.000659592 -8.59951e-17
6.32 0 2.53413e-17 -4.99188e-05 0.000203474 -0.000424826 2.36432e-16
6.34 0 3.35846e-17 -1.3438e-05 0.000197774 -0.000114362 2.26628e-16
6.36 0 6.34185e-17 2.86203e-05 0.000185918 0.000243569 -2.25486e-17
6.38 0 -7.21958e-17 7.1546e-05 0.000136769 0.000608882 9.77116e-17
6.4 0 4.56541e-17 0.000110595 8.7107e-05 0.0009412 -5.70613e-17
6.42 0 1.89917e-17 0.000141628 5.21305e-05 0.00120531 4.06134e-17
6.44 0 7.18221e-17 0.000162634 2.31895e-05 0.00138407 1.84489e-16
6.46 0 5.66808e-17 0.000174071 7.94613e-06 0.0014814 1.34385e-16
6.48 0 2.69822e-17 0.000177776 -3.78496e-06 0.00151293 5.24653e-17
6.5 0 -1.20963e-18 0.000176209 -1.6242e-05 0.0014996 5.64394e-17
6.52 0 5.42749e-18 0.000171259 -3.6744e-05 0.00145748 -3.52479e-17
6.54 0 -1.51147e-17 0.00016446 -6.60086e-05 0.00139961 -2.45465e-17
6.56 0 -2.12552e-17 0.000156436 -0.000101846 0.00133132 -6.43343e-17
6.58 0 3.35664e-18 0.000146263 -0.000138049 0.00124475 -6.88741e-18
6.6 0 1.82222e-18 0.000132075 -0.000166562 0.00112401 -7.64423e-18
6.62 0 1.86972e-18 0.000112183 -0.000178914 0.000954714 2.32414e-17
6.64 0 -4.05789e-18 8.6641e-05 -0.000169774 0.000737345 2.04276e-18
6.66 0 -1.71076e-19 5.73799e-05 -0.000138006 0.000488323 -1.30936e-17
6.68 0 -7.1114e-18 2.71836e-05 -8.87863e-05 0.000231342 4.10767e-17
6.7 0 -8.43758e-17 -1.26615e-06 -3.40168e-05 -1.07754e-05 -5.72047e-17
6.72 0 -4.55715e-17 -2.58012e-05 1.30955e-05 -0.000219577 -8.83825e-17
6.74 0 4.99054e-17 -4.5277e-05 4.33467e-05 -0.000385323 6.50434e-18
6.76 0 5.82019e-17 -6.01138e-05 5.44642e-05 -0.00051159 3.81048e-17
6.78 0 -2.68945e-17 -7.21283e-05 5.05802e-05 -0.000613837 -1.13762e-16
6.8 0 -1.00896e-16 -8.35702e-05 3.84706e-05 -0.000711212 4.13315e-17
6.82 0 3.52761e-17 -9.61439e-05 3.01517e-05 -0.000818218 2.24276e-17
6.84 0 -1.50878e-17 -0.000110611 2.98063e-05 -0.000941339 5.96074e-19
6.86 0 -1.25624e-17 -0.00012667 3.51831e-05 -0.001078 3.53755e-17
6.88 0 4.64681e-17 -0.000142764 5.3791e-05 -0.00121497 6.40376e-17
6.9 0 -3.87898e-17 -0.000156767 8.26006e-05 -0.00133414 -6.35638e-17
6.92 0 8.52777e-17 -0.000166578 0.000114167 -0.00141764 5.30696e-18
6.94 0 -2.04266e-17 -0.000170817 0.000146336 -0.00145371 -1.92594e-17
6.96 0 1.59143e-17 -0.00016928 0.000174824 -0.00144063 -1.36369e-18
6.98 0 -8.39365e-18 -0.000162098 0.000195598 -0.00137951 1.3295e-17
7 0 1.01476e-19 -0.000150136 0.000204033 -0.00127771 5.58849e-18
7.02 0 8.26358e-18 -0.000134126 0.000197819 -0.00114146 3.89158e-18
7.04 0 2.76296e-18 -0.000113939 0.000177578 -0.00096966 1.63576e-17
7.06 0 3.72595e-17 -8.92749e-05 0.000146636 -0.00075976 4.27667e-17
7.08 0 6.19952e-18 -6.0252e-05 0.000108944 -0.000512765 4.78328e-17
7.1 0 2.5541e-17 -2.81304e-05 6.82813e-05 -0.0002394 9.50274e-18
7.12 0 -4.84565e-17 4.98908e-06 2.86941e-05 4.24588e-05 3.16967e-17
7.14 0 1.65914e-17 3.67125e-05 -5.5625e-06 0.000312436 2.0153e-17
7.16 0 1.5333e-17 6.48561e-05 -3.12536e-05 0.000551948 6.52251e-17
7.18 0 -2.77343e-20 8.76719e-05 -4.70246e-05 0.000746118 8.78236e-17
7.2 0 -3.17269e-17 0.00010398 -5.32003e-05 0.000884908 -6.76835e-17
7.22 0 -3.48328e-17 0.000113312 -5.3849e-05 0.000964321 -7.69763e-17
7.24 0 1.65328e-17 0.000116168 -5.40112e-05 0.000988634 -2.52725e-17
7.26 0 3.34386e-17 0.000114194 -5.76058e-05 0.000971828 9.86302e-18
7.28 0 -2.51009e-17 0.000109898 -6.75467e-05 0.00093527 -9.42006e-18
7.3 0 -1.17836e-17 0.000105921 -8.44628e-05 0.000901426 -2.05718e-18
7.32 0 -5.31037e-18 0.000104171 -0.000107606 0.000886534 -8.38475e-20
7.34 0 -1.51869e-18 0.000105212 -0.000133786 0.000895392 3.54748e-18
7.36 0 2.49962e-18 0.000108075 -0.00015666 0.000919752 3.00799e-17
7.38 0 3.10276e-18 0.00011057 -0.000168192 0.000940991 7.64545e-18
7.4 0 -8.87617e-18 0.000110095 -0.000162676 0.000936945 -1.53072e-17
7.42 0 6.92303e-18 0.000104577 -0.000139479 0.000889989 4.92227e-17
7.44 0 1.52234e-17 9.30213e-05 -0.000102544 0.000791644 4.32201e-19
7.46 0 5.62803e-17 7.55729e-05 -5.81735e-05 0.000643151 9.64353e-17
7.48 0 -6.15617e-18 5.33826e-05 -1.31461e-05 0.000454305 7.23798e-17
7.5 0 -5.42485e-17 2.82469e-05 2.66145e-05 0.000240391 -5.4609e-18
7.52 0 5.49845e-18 2.04591e-06 5.70962e-05 1.74114e-05 2.11993e-17
7.54 0 -2.01011e-17 -2.37486e-05 7.67595e-05 -0.000202109 1.35668e-17
7.56 0 2.28008e-17 -4.8157e-05 8.62484e-05 -0.000409833 2.27336e-17
7.58 0 -1.31595e-17 -7.04164e-05 8.78715e-05 -0.000599268 5.63522e-17
7.6 0 6.59281e-18 -8.97932e-05 8.54377e-05 -0.000764171 2.19797e-17
7.62 0 2.69598e-18 -0.000105635 8.29416e-05 -0.00089899 -8.50376e-18
7.64 0 -1.67814e-17 -0.000117461 8.3086e-05 -0.000999637 -3.88868e-17
7.66 0 9.71992e-18 -0.000124989 8.72311e-05 -0.0010637 3.97317e-18
7.68 0 -2.86511e-18 -0.000128107 9.55823e-05 -0.00109024 -2.7383e-18
7.7 0 3.62705e-18 -0.000126715 0.000106507 -0.00107838 4.88066e-18
7.72 0 1.07535e-18 -0.000120514 0.000115524 -0.00102562 -5.42873e-18
7.74 0 6.01217e-18 -0.000109048 0.000116487 -0.000928039 2.77999e-17
7.76 0 -2.93344e-18 -9.19863e-05 0.00010485 -0.000782836 -3.79026e-18
7.78 0 -2.88133e-18 -6.9566e-05 7.99672e-05 -0.000592031 -6.00781e-18
7.8 0 2.62121e-18 -4.2848e-05 4.49472e-05 -0.000364652 -3.31399e-17
7.82 0 3.7409e-17 -1.36243e-05 5.45131e-06 -0.000115948 5.301e-17
7.84 0 1.09407e-18 1.58199e-05 -3.14647e-05 0.000134633 4.89004e-17
7.86 0 -1.50798e-17 4.31158e-05 -5.91108e-05 0.00036693 3.67948e-18
7.88 0 -5.84398e-18 6.64319e-05 -7.32963e-05 0.000565359 3.89438e-17
7.9 0 9.21453e-18 8.50485e-05 -7.36071e-05 0.000723792 -3.69738e-17
7.92 0 -2.82255e-17 9.93436e-05 -6.33788e-05 0.000845448 -6.22506e-17
7.94 0 -3.45448e-18 0.0001102 -4.86255e-05 0.000937842 -4.88904e-17
7.96 0 -1.28414e-17 0.000118452 -3.63633e-05 0.00100806 -6.46575e-17
7.98 0 1.38863e-17 0.0001247 -3.18141e-05 0.00106124 -1.12897e-17
8 0 1.42286e-17 0.000129308 -3.64026e-05 0.00110045 3.53891e-18
8.02 0 1.70546e-18 0.000132336 -4.83224e-05 0.00112623 -3.70164e-18
8.04 0 -1.07083e-18 0.000133458 -6.38195e-05 0.00113577 2.68542e-18
8.06 0 5.47124e-18 0.00013195 -7.7751e-05 0.00112294 -9.48469e-19
8.08 0 7.70031e-19 0.000126862 -8.44471e-05 0.00107964 -5.00937e-18
8.1 0 9.65971e-18 0.000117338 -8.01488e-05 0.000998585 3.80083e-17
8.12 0 3.05948e-18 0.000102901 -6.50378e-05 0.000875719 5.19237e-17
8.14 0 5.9403e-19 8.36273e-05 -4.26857e-05 0.000711697 1.26905e-17
8.16 0 -3.8743e-18 6.0123e-05 -1.79357e-05 0.000511667 5.74471e-17
8.18 0 -8.01003e-18 3.33169e-05 4.56489e-06 0.000283539 -1.78031e-17
8.2 0 -1.0531e-17 4.2349e-06 2.1061e-05 3.60405e-05 2.11331e-17
8.22 0 -1.16502e-17 -2.61055e-05 2.95239e-05 -0.000222167 -6.64622e-19
8.24 0 3.52175e-18 -5.65993e-05 3.02353e-05 -0.00048168 1.25376e-16
8.26 0 2.04974e-17 -8.59133e-05 2.52286e-05 -0.000731152 1.22453e-19
8.28 0 -6.14985e-18 -0.000112469 1.70903e-05 -0.000957149 -4.04352e-18
8.3 0 -9.96563e-18 -0.000134595 8.43014e-06 -0.00114545 -1.91951e-17
8.32 0 1.15499e-17 -0.000150852 1.59739e-06 -0.0012838 1.07692e-17
8.34 0 3.37233e-17 -0.000160473 -1.45469e-06 -0.00136568 4.20464e-17
8.36 0 -7.21238e-18 -0.000163625 1.00966e-06 -0.0013925 2.89842e-17
8.38 0 -5.17845e-18 -0.000161089 1.02567e-05 -0.00137093 -6.84584e-18
8.4 0 5.05248e-18 -0.000154002 2.61986e-05 -0.00131061 7.6194e-19
8.42 0 -3.91927e-18 -0.000144133 4.62791e-05 -0.00122662 1.13144e-17
8.44 0 -1.77949e-18 -0.000133079 6.53728e-05 -0.00113255 4.98162e-18
8.46 0 -2.52563e-18 -0.000121404 7.75899e-05 -0.00103319 -7.10706e-18
8.48 0 -8.97504e-18 -0.000108491 7.92281e-05 -0.000923298 -2.46064e-19
8.5 0 -2.7145e-18 -9.28922e-05 7.05279e-05 -0.000790545 1.78324e-17
8.52 0 8.11369e-18 -7.33414e-05 5.4911e-05 -0.000624161 1.76029e-17
8.54 0 -2.12447e-17 -4.93277e-05 3.71794e-05 -0.000419796 -4.17409e-17
8.56 0 -2.76536e-17 -2.12514e-05 2.23012e-05 -0.000180857 -2.98983e-17
8.58 0 -2.43615e-20 9.5227e-06 1.41995e-05 8.10415e-05 -2.40114e-17
8.6 0 -1.84357e-17 4.07155e-05 1.40643e-05 0.000346503 -6.23353e-17
8.62 0 -2.92038e-18 6.96218e-05 1.95347e-05 0.000592506 -1.77036e-17
8.64 0 -1.45112e-17 9.38874e-05 2.59416e-05 0.000799015 -2.37366e-18
8.66 0 -1.22892e-17 0.000112073 2.8593e-05 0.000953778 -4.25924e-17
8.68 0 -9.94756e-19 0.000123806 2.45659e-05 0.00105364 -6.23872e-18
8.7 0 -8.46267e-18 0.000129683 1.3329e-05 0.00110365 -1.69911e-18
8.72 0 -4.87456e-21 0.000131002 -3.79426e-06 0.00111487 4.70742e-18
8.74 0 -2.29105e-18 0.000129377 -2.45947e-05 0.00110105 3.77236e-18
8.76 0 5.27019e-19 0.000126296 -4.66554e-05 0.00107483 1.52024e-18
8.78 0 2.51205e-18 0.000122757 -6.74707e-05 0.0010447 2.0725e-17
8.8 0 -2.45628e-17 0.000119041 -8.42767e-05 0.00101308 -2.27203e-17
8.82 0 -1.12089e-17 0.00011453 -9.43538e-05 0.000974694 -2.05659e-17
8.84 0 -1.30337e-17 0.000107709 -9.6208e-05 0.000916644 -5.17232e-18
8.86 0 1.44235e-18 9.67479e-05 -9.04764e-05 0.000823358 -1.90963e-17
8.88 0 -1.27348e-17 8.04059e-05 -7.92927e-05 0.000684283 -4.15274e-17
8.9 0 6.40158e-18 5.85244e-05 -6.50692e-05 0.000498063 -5.35445e-17
8.92 0 4.55327e-17 3.19368e-05 -5.02352e-05 0.000271793 5.24705e-17
8.94 0 -4.78789e-17 2.28232e-06 -3.72238e-05 1.94233e-05 -3.68468e-17
8.96 0 8.06541e-18 -2.81384e-05 -2.74433e-05 -0.000239468 8.64292e-19
8.98 0 5.7248e-18 -5.67924e-05 -2.03156e-05 -0.000483323 2.27998e-18
9 0 1.9832e-17 -8.15573e-05 -1.37819e-05 -0.000694081 7.68875e-17
9.02 0 -2.1029e-17 -0.000101069 -5.89933e-06 -0.000860133 1.64924e-17
9.04 0 1.30158e-17 -0.00011466 4.26509e-06 -0.0009758 1.31054e-17
9.06 0 -9.92515e-18 -0.000122263 1.70783e-05 -0.0010405 8.60715e-18
9.08 0 -5.19644e-18 -0.000124464 3.27957e-05 -0.00105923 -1.44067e-18
9.1 0 -2.48786e-18 -0.00012249 5.13193e-05 -0.00104243 3.14576e-18
9.12 0 -3.06194e-19 -0.000117917 7.16846e-05 -0.00100351 1.03477e-17
9.14 0 -1.12408e-17 -0.000112153 9.1695e-05 -0.000954458 -2.48664e-17
9.16 0 -1.40815e-18 -0.0001059 0.000107715 -0.000901243 3.59385e-18
9.18 0 3.60347e-17 -9.88324e-05 0.000115462 -0.000841098 3.919e-17
9.2 0 1.15556e-17 -8.98091e-05 0.000112298 -0.000764306 5.59605e-18
9.22 0 -6.31671e-18 -7.77404e-05 9.91718e-05 -0.000661598 -8.77998e-18
9.24 0 -2.069e-17 -6.24615e-05 8.01751e-05 -0.000531569 -1.64654e-16
9.26 0 -1.01177e-17 -4.47824e-05 6.04266e-05 -0.000381114 -4.35792e-17
9.28 0 -8.23266e-18 -2.57603e-05 4.42694e-05 -0.000219229 -1.97479e-17
9.3 0 -1.05427e-17 -6.03852e-06 3.4206e-05 -5.13899e-05 -6.58893e-17
9.32 0 2.18424e-17 1.41029e-05 2.99567e-05 0.000120021 7.47681e-17
9.34 0 -1.01681e-17 3.42146e-05 2.8281e-05 0.000291178 -5.26718e-17
9.36 0 1.3395e-17 5.33435e-05 2.47581e-05 0.000453972 -1.4472e-17
9.38 0 -3.79767e-17 7.02429e-05 1.61703e-05 0.000597791 -4.53055e-17
9.4 0 1.04846e-17 8.38772e-05 2.03509e-06 0.000713824 -1.50553e-17
9.42 0 1.48829e-19 9.37551e-05 -1.56359e-05 0.000797889 1.94353e-17
9.44 0 4.34712e-18 9.99462e-05 -3.40403e-05 0.000850577 3.03386e-17
9.46 0 -2.73497e-18 0.000102904 -5.08794e-05 0.000875748 1.53932e-17
9.48 0 -2.78169e-18 0.000103222 -6.46653e-05 0.000878452 5.11261e-19
9.5 0 6.87922e-18 0.000101376 -7.44766e-05 0.000862742 -2.21675e-18
9.52 0 5.48882e-18 9.7541e-05 -7.97312e-05 0.000830108 5.29091e-18
9.54 0 5.50227e-19 9.15136e-05 -8.00487e-05 0.000778812 4.80492e-18
9.56 0 1.9883e-18 8.27281e-05 -7.53183e-05 0.000704045 2.05084e-17
9.58 0 -2.01321e-17 7.05069e-05 -6.59168e-05 0.000600038 -3.86984e-17
9.6 0 2.30413e-17 5.44393e-05 -5.28157e-05 0.000463298 2.41819e-17
9.62 0 -1.1499e-18 3.4608e-05 -3.75206e-05 0.000294526 5.62208e-17
9.64 0 -6.77347e-18 1.1636e-05 -2.20046e-05 9.90268e-05 1.05834e-17
9.66 0 -2.37956e-17 -1.32508e-05 -8.46683e-06 -0.000112769 7.9912e-18
9.68 0 1.98576e-17 -3.81382e-05 1.37443e-06 -0.000324569 3.52547e-18
9.7 0 -8.37372e-18 -6.06269e-05 7.10088e-06 -0.000515956 -2.18514e-17
9.72 0 4.22111e-17 -7.84426e-05 9.87149e-06 -0.000667574 4.86015e-17
9.74 0 -2.33901e-18 -9.01378e-05 1.18387e-05 -0.000767104 5.10794e-17
9.76 0 -1.51026e-17 -9.54572e-05 1.5122e-05 -0.000812374 -1.12502e-17
9.78 0 -2.06406e-18 -9.52256e-05 2.11736e-05 -0.000810403 -3.629e-17
9.8 0 8.04599e-18 -9.08928e-05 3.05977e-05 -0.000773529 -1.64456e-17
9.82 0 -4.00065e-19 -8.39308e-05 4.28698e-05 -0.00071428 -5.19213e-19
9.84 0 3.48072e-18 -7.53173e-05 5.58843e-05 -0.000640977 -1.26507e-18
9.86 0 2.14007e-18 -6.53333e-05 6.61661e-05 -0.000556009 2.04144e-18
9.88 0 9.04784e-18 -5.37903e-05 7.02841e-05 -0.000457774 1.24456e-17
9.9 0 1.00585e-17 -4.04818e-05 6.65567e-05 -0.000344514 2.63983e-17
9.92 0 -1.9565e-18 -2.54358e-05 5.57741e-05 -0.000216468 3.66998e-18
9.94 0 2.69913e-18 -8.89638e-06 4.07504e-05 -7.57113e-05 8.63187e-18
9.96 0 -2.3989e-17 8.71889e-06 2.52457e-05 7.42008e-05 -1.29061e-17
9.98 0 3.45413e-17 2.67638e-05 1.26068e-05 0.00022777 7.08272e-17
10 0 2.15491e-17 4.43507e-05 4.57229e-06 0.00037744 3.00028e-17
10.02 0 9.59798e-18 6.05061e-05 9.74093e-07 0.000514928 -2.69753e-17
10.04 0 4.53314e-17 7.44225e-05 4.33129e-07 0.000633362 1.31571e-17
10.06 0 -1.27311e-17 8.56402e-05 1.2415e-06 0.000728828 -2.00565e-17
10.08 0 6.10066e-18 9.40524e-05 1.79714e-06 0.000800419 4.70924e-17
10.1 0 -4.13751e-18 9.97302e-05 6.42175e-07 0.000848739 1.68589e-17
10.12 0 -1.33973e-18 0.000102678 -3.22551e-06 0.000873823 -1.1253e-17
10.14 0 2.42445e-17 0.000102682 -9.86493e-06 0.000873856 2.1295e-17
10.16 0 -9.52237e-18 9.93473e-05 -1.82805e-05 0.00084548 -1.71578e-17
10.18 0 -1.54514e-19 9.23306e-05 -2.6712e-05 0.000785766 -3.17119e-17
10.2 0 5.30177e-18 8.15896e-05 -3.32985e-05 0.000694356 -1.55934e-17
10.22 0 2.44779e-18 6.75177e-05 -3.67842e-05 0.000574599 -6.55331e-18
10.24 0 -8.74424e-19 5.08941e-05 -3.68892e-05 0.000433127 -3.5802e-18
10.26 0 -1.84484e-18 3.2689e-05 -3.42072e-05 0.000278195 1.08884e-17
10.28 0 4.28055e-18 1.38784e-05 -2.97914e-05 0.00011811 3.26865e-17
10.3 0 1.13439e-17 -4.69427e-06 -2.46862e-05 -3.99499e-05 1.89108e-17
10.32 0 -2.31351e-17 -2.24091e-05 -1.96525e-05 -0.00019071 -3.63926e-17
10.34 0 1.82285e-17 -3.8878e-05 -1.52105e-05 -0.000330866 1.98842e-17
10.36 0 1.58859e-17 -5.3859e-05 -1.17867e-05 -0.000458359 7.71662e-17
10.38 0 1.16503e-17 -6.71475e-05 -9.61948e-06 -0.000571449 4.00042e-17
10.4 0 -1.34972e-17 -7.8499e-05 -8.41228e-06 -0.000668054 4.8434e-17
10.42 0 -2.80959e-18 -8.75878e-05 -7.15449e-06 -0.000745403 3.03028e-17
10.44 0 -1.50854e-17 -9.39922e-05 -4.41483e-06 -0.000799907 1.12268e-17
10.46 0 -1.46079e-17 -9.72525e-05 1.02588e-06 -0.000827653 -2.62469e-17
10.48 0 -9.40186e-18 -9.69953e-05 9.55551e-06 -0.000825464 -2.70969e-17
10.5 0 6.53071e-18 -9.29981e-05 2.06459e-05 -0.000791446 -1.54332e-17
10.52 0 1.65891e-18 -8.52206e-05 3.30889e-05 -0.000725257 -3.35376e-18
10.54 0 4.23328e-18 -7.38642e-05 4.52022e-05 -0.00062861 1.02424e-17
10.56 0 6.74189e-18 -5.95061e-05 5.51452e-05 -0.000506418 3.08257e-17
10.58 0 5.28885e-18 -4.31647e-05 6.13996e-05 -0.000367347 -7.02341e-18
10.6 0 -9.95961e-18 -2.60946e-05 6.32856e-05 -0.000222074 8.62253e-18
10.62 0 2.61128e-17 -9.40333e-06 6.11458e-05 -8.00256e-05 4.9753e-17
10.64 0 -1.38329e-17 6.29542e-06 5.60179e-05 5.35762e-05 1.06775e-18
10.66 0 1.35753e-17 2.09939e-05 4.9002e-05 0.000178665 3.03039e-17
10.68 0 1.47934e-17 3.51076e-05 4.07988e-05 0.000298778 2.04169e-17
10.7 0 -3.89675e-17 4.906e-05 3.17038e-05 0.000417518 -1.70401e-16
10.72 0 4.88004e-18 6.28508e-05 2.19164e-05 0.000534883 -3.52246e-17
10.74 0 1.31942e-17 7.58898e-05 1.17885e-05 0.000645849 -3.74205e-17
10.76 0 3.35365e-18 8.71777e-05 1.6912e-06 0.000741913 -1.03907e-17
10.78 0 6.49434e-19 9.56662e-05 -8.2262e-06 0.000814153 -1.8393e-17
10.8 0 2.69959e-18 0.000100565 -1.81252e-05 0.000855843 1.68912e-17
10.82 0 -1.1478e-17 0.000101458 -2.84738e-05 0.000863447 -1.69598e-19
10.84 0 4.71072e-18 9.83282e-05 -3.97602e-05 0.000836807 1.90025e-17
10.86 0 7.62174e-19 9.15706e-05 -5.19272e-05 0.000779298 -8.5947e-18
10.88 0 1.60451e-18 8.19597e-05 -6.39481e-05 0.000697505 3.20431e-18
10.9 0 -4.08667e-18 7.04628e-05 -7.40454e-05 0.000599663 -5.02687e-18
10.92 0 -5.06551e-18 5.7946e-05 -8.04304e-05 0.00049314 -2.01769e-17
10.94 0 8.80407e-18 4.48612e-05 -8.18958e-05 0.000381784 3.06751e-17
10.96 0 -1.7773e-17 3.11104e-05 -7.79173e-05 0.00026476 4.31504e-18
10.98 0 1.29378e-17 1.62871e-05 -6.85913e-05 0.000138609 1.64568e-17
11 0 9.62576e-18 1.74112e-07 -5.47413e-05 1.48175e-06 3.80224e-17
11.02 0 -2.39368e-17 -1.6849e-05 -3.80191e-05 -0.000143391 -3.20069e-17
11.04 0 2.66952e-17 -3.37544e-05 -2.06819e-05 -0.000287262 1.7497e-17
11.06 0 -1.8506e-17 -4.91716e-05 -5.00414e-06 -0.000418467 -1.38289e-18
11.08 0 -1.26068e-17 -6.18864e-05 7.53674e-06 -0.000526675 3.02977e-17
11.1 0 -1.21795e-17 -7.12924e-05 1.69202e-05 -0.000606723 6.13933e-18
11.12 0 -9.49941e-18 -7.75476e-05 2.45377e-05 -0.000659957 -2.25716e-17
11.14 0 1.04388e-17 -8.13204e-05 3.23676e-05 -0.000692065 -9.18484e-18
11.16 0 -8.99146e-20 -8.3294e-05 4.17968e-05 -0.000708861 2.70204e-17
11.18 0 -6.25009e-18 -8.37784e-05 5.31439e-05 -0.000712984 3.48178e-18
11.2 0 8.04569e-19 -8.26469e-05 6.59287e-05 -0.000703354 -2.43974e-21
11.22 0 -9.06135e-18 -7.95218e-05 7.89033e-05 -0.000676759 -1.08184e-17
11.24 0 -2.94988e-18 -7.40035e-05 8.99442e-05 -0.000629795 -1.87313e-17
11.26 0 4.05217e-18 -6.58519e-05 9.65441e-05 -0.000560422 3.12113e-17
11.28 0 -5.17513e-18 -5.51001e-05 9.6855e-05 -0.000468921 -1.86851e-18
11.3 0 -6.11634e-18 -4.20481e-05 9.03002e-05 -0.000357844 -3.37929e-17
11.32 0 -1.47976e-17 -2.72262e-05 7.74588e-05 -0.000231704 1.12919e-17
11.34 0 -1.57547e-17 -1.14441e-05 5.98214e-05 -9.73932e-05 -4.93333e-17
11.36 0 2.50329e-17 4.19178e-06 3.9668e-05 3.56735e-05 3.70179e-17
11.38 0 6.61963e-17 1.85175e-05 1.97115e-05 0.00015759 6.9157e-17
11.4 0 4.03585e-17 3.07757e-05 2.39361e-06 0.000261912 1.09482e-16
11.42 0 -1.42732e-17 4.09585e-05 -1.07223e-05 0.000348571 1.01044e-16
11.44 0 -2.2981e-17 4.97262e-05 -1.93582e-05 0.000423188 -6.05929e-17
11.46 0 5.30378e-18 5.79342e-05 -2.47001e-05 0.00049304 -6.99103e-17
11.48 0 1.88199e-17 6.60487e-05 -2.87669e-05 0.000562097 -2.989e-17
11.5 0 -3.60205e-18 7.37372e-05 -3.34077e-05 0.000627529 1.31415e-17
11.52 0 1.92726e-17 7.98832e-05 -3.96792e-05 0.000679834 1.942e-17
11.54 0 3.0483e-18 8.31344e-05 -4.78422e-05 0.000707503 1.106e-19
11.56 0 9.50501e-18 8.26642e-05 -5.74868e-05 0.000703501 1.92561e-17
11.58 0 -1.24301e-19 7.85411e-05 -6.72854e-05 0.000668412 -2.76989e-19
11.6 0 -2.35472e-18 7.14995e-05 -7.50514e-05 0.000608486 1.00089e-19
11.62 0 9.96108e-18 6.25028e-05 -7.85378e-05 0.00053192 2.02832e-19
11.64 0 4.12934e-18 5.2484e-05 -7.63843e-05 0.000446658 5.55913e-17
11.66 0 1.64172e-17 4.22118e-05 -6.84278e-05 0.000359237 5.69871e-17
11.68 0 -6.76505e-18 3.20962e-05 -5.54802e-05 0.00027315 5.46578e-17
11.7 0 -9.07926e-18 2.20228e-05 -3.90849e-05 0.000187422 -1.07854e-18
11.72 0 4.97307e-17 1.14088e-05 -2.13015e-05 9.70933e-05 1.47918e-17
11.74 0 -5.95134e-17 -4.99179e-07 -4.32433e-06 -4.24818e-06 -2.9383e-17
11.76 0 3.60713e-17 -1.42207e-05 9.94147e-06 -0.000121023 -4.27126e-17
11.78 0 4.21147e-17 -2.9684e-05 2.01445e-05 -0.000252621 9.85915e-18
11.8 0 2.65642e-17 -4.60624e-05 2.57701e-05 -0.000392007 -2.43794e-17
11.82 0 4.25314e-18 -6.19255e-05 2.74744e-05 -0.000527007 -1.43973e-17
11.84 0 -2.00259e-17 -7.56911e-05 2.72956e-05 -0.000644158 -5.86511e-17
11.86 0 1.63154e-17 -8.6126e-05 2.79077e-05 -0.000732962 -1.24631e-17
11.88 0 8.9077e-18 -9.26294e-05 3.13674e-05 -0.000788309 -1.2221e-17
11.9 0 6.66772e-18 -9.5257e-05 3.85427e-05 -0.000810671 5.00556e-18
11.92 0 6.16071e-19 -9.45516e-05 4.9043e-05 -0.000804667 3.60925e-19
11.94 0 -1.63452e-18 -9.12613e-05 6.12062e-05 -0.000776665 -1.31105e-17
11.96 0 1.15833e-17 -8.60509e-05 7.22799e-05 -0.000732323 -7.96412e-18
11.98 0 9.77527e-18 -7.93185e-05 7.9391e-05 -0.000675028 -1.22928e-17
12 0 -2.35893e-17 -7.11625e-05 8.07526e-05 -0.000605618 -2.20403e-17
12.02 0 -2.37214e-17 -6.14577e-05 7.60733e-05 -0.000523026 -4.39861e-17
12.04 0 2.515e-17 -5.00074e-05 6.62036e-05 -0.00042558 9.0899e-17
12.06 0 2.83035e-18 -3.67854e-05 5.28471e-05 -0.000313056 6.70291e-17
12.08 0 -1.19459e-17 -2.21472e-05 3.84708e-05 -0.000188481 -2.30162e-17
12.1 0 4.44164e-17 -6.79872e-06 2.58001e-05 -5.78595e-05 2.64859e-17
12.12 0 -9.51831e-18 8.48733e-06 1.68541e-05 7.22301e-05 -5.60054e-18
12.14 0 3.72434e-17 2.31566e-05 1.23177e-05 0.000197071 1.94602e-17
12.16 0 2.3326e-17 3.69533e-05 1.18525e-05 0.000314486 7.54177e-17
12.18 0 7.92715e-19 4.98178e-05 1.41942e-05 0.000423967 4.87365e-18
12.2 0 7.07328e-18 6.16963e-05 1.6676e-05 0.000525057 -2.91284e-17
12.22 0 -7.02047e-17 7.23925e-05 1.66011e-05 0.000616085 -7.38178e-17
12.24 0 6.40794e-17 8.15349e-05 1.23622e-05 0.000693891 7.50975e-17
12.26 0 -2.04856e-17 8.8683e-05 3.41948e-06 0.000754723 7.49413e-18
12.28 0 3.77225e-18 9.35135e-05 -9.92358e-06 0.000795832 2.51483e-17
12.3 0 1.04859e-17 9.58954e-05 -2.68513e-05 0.000816103 2.01524e-17
12.32 0 -4.78237e-18 9.5782e-05 -4.54785e-05 0.000815138 -1.09136e-17
12.34 0 2.29041e-18 9.30582e-05 -6.26762e-05 0.000791958 -5.14047e-18
12.36 0 -2.98363e-18 8.75106e-05 -7.49505e-05 0.000744745 1.05994e-17
12.38 0 -5.45366e-19 7.89216e-05 -7.97567e-05 0.000671651 -5.94469e-18
12.4 0 6.85125e-18 6.72489e-05 -7.61587e-05 0.000572312 -2.31768e-17
12.42 0 -5.24659e-18 5.28188e-05 -6.49659e-05 0.000449506 -2.08087e-17
12.44 0 -8.11401e-18 3.63994e-05 -4.87145e-05 0.000309772 3.11352e-17
12.46 0 6.39927e-19 1.90612e-05 -3.11972e-05 0.000162218 2.50963e-17
12.48 0 -7.84155e-17 1.88466e-06 -1.62335e-05 1.60391e-05 -6.12887e-17
12.5 0 -1.28581e-17 -1.42724e-05 -6.31353e-06 -0.000121463 -5.72945e-17
12.52 0 -1.20052e-17 -2.88158e-05 -2.01428e-06 -0.000245233 -4.65483e-17
12.54 0 2.39077e-17 -4.13216e-05 -2.10093e-06 -0.000351661 -1.38881e-17
12.56 0 -2.07271e-17 -5.14341e-05 -4.17405e-06 -0.000437722 1.75627e-17
12.58 0 1.59578e-17 -5.88431e-05 -5.13111e-06 -0.000500775 4.25399e-17
12.6 0 -9.86798e-18 -6.33535e-05 -2.1239e-06 -0.000539161 -1.72548e-18
12.62 0 -7.26788e-18 -6.49776e-05 6.17299e-06 -0.000552982 9.57523e-18
12.64 0 1.63079e-17 -6.39971e-05 1.94923e-05 -0.000544637 1.9871e-17
12.66 0 -3.05333e-18 -6.09595e-05 3.65043e-05 -0.000518787 9.91523e-18
12.68 0 2.79392e-18 -5.65828e-05 5.5051e-05 -0.000481539 -4.76783e-18
12.7 0 -3.39556e-18 -5.15814e-05 7.21419e-05 -0.000438975 -2.53172e-18
12.72 0 1.25296e-17 -4.64916e-05 8.47311e-05 -0.00039566 2.66414e-17
12.74 0 -2.72405e-17 -4.16055e-05 9.10008e-05 -0.000354077 5.96174e-18
12.76 0 -1.25037e-17 -3.70257e-05 9.08995e-05 -0.000315102 -1.34731e-17
12.78 0 6.28902e-17 -3.27129e-05 8.55642e-05 -0.000278398 6.50003e-17
12.8 0 -4.12891e-17 -2.83955e-05 7.64798e-05 -0.000241655 -1.14516e-17
12.82 0 2.89817e-17 -2.345e-05 6.50109e-05 -0.000199567 -5.82625e-17
12.84 0 -3.94616e-18 -1.702e-05 5.22634e-05 -0.000144846 -2.97694e-17
12.86 0 1.56455e-17 -8.41882e-06 3.91307e-05 -7.16471e-05 -3.28552e-17
12.88 0 -1.08423e-17 2.44785e-06 2.65372e-05 2.0832e-05 4.64206e-19
12.9 0 2.55385e-18 1.49083e-05 1.51945e-05 0.000126875 5.5171e-17
12.92 0 -4.08187e-17 2.76612e-05 5.01076e-06 0.000235406 -2.72279e-17
12.94 0 2.84184e-18 3.91571e-05 -4.65743e-06 0.000333241 2.26059e-17
12.96 0 6.79056e-18 4.80124e-05 -1.47211e-05 0.000408602 1.98075e-18
12.98 0 9.52082e-18 5.3336e-05 -2.60698e-05 0.000453908 2.81059e-17
13 0 -9.45014e-18 5.49683e-05 -3.9111e-05 0.0004678 -1.81233e-17
13.02 0 7.7872e-18 5.35252e-05 -5.34085e-05 0.000455518 -3.65865e-18
13.04 0 1.21988e-18 5.01277e-05 -6.72718e-05 0.000426604 -4.31474e-18
13.06 0 4.85503e-18 4.58709e-05 -7.80065e-05 0.000390378 8.81035e-18
13.08 0 6.50429e-18 4.13588e-05 -8.2931e-05 0.000351977 2.24351e-17
13.1 0 -2.91946e-17 3.66167e-05 -8.04571e-05 0.000311621 -3.78988e-17
13.12 0 -1.99988e-18 3.13462e-05 -7.04557e-05 0.000266767 6.85054e-18
13.14 0 1.30096e-17 2.52114e-05 -5.41354e-05 0.000214558 2.15844e-17
13.16 0 1.30173e-17 1.79915e-05 -3.39194e-05 0.000153114 7.20626e-17
13.18 0 4.49581e-18 9.67811e-06 -1.31342e-05 8.23641e-05 -1.42457e-17
13.2 0 3.89336e-17 5.72615e-07 4.83618e-06 4.87315e-06 5.0895e-17
13.22 0 -3.26488e-17 -8.70171e-06 1.75828e-05 -7.40546e-05 -8.24271e-17
13.24 0 -6.35597e-18 -1.73288e-05 2.43411e-05 -0.000147474 -4.01986e-17
13.26 0 7.2556e-17 -2.45109e-05 2.6194e-05 -0.000208596 5.40018e-17
13.28 0 -5.61098e-18 -2.96841e-05 2.57313e-05 -0.000252622 1.24722e-17
13.3 0 2.64293e-17 -3.27681e-05 2.62675e-05 -0.000278868 2.62706e-17
13.32 0 4.32309e-17 -3.43465e-05 3.04621e-05 -0.0002923 4.17822e-17
13.34 0 5.12412e-19 -3.55951e-05 3.93681e-05 -0.000302927 1.36746e-17
13.36 0 2.07899e-18 -3.78845e-05 5.27004e-05 -0.00032241 8.38209e-18
13.38 0 -2.32407e-18 -4.21557e-05 6.92222e-05 -0.00035876 2.72674e-18
13.4 0 -7.52025e-18 -4.83922e-05 8.6618e-05 -0.000411834 -1.65721e-18
13.42 0 -8.9814e-18 -5.55043e-05 0.000101468 -0.000472361 -1.618e-17
13.44 0 2.15986e-17 -6.17428e-05 0.000110213 -0.000525453 7.29663e-17
13.46 0 -2.79544e-17 -6.54266e-05 0.000110513 -0.000556803 -4.63552e-17
13.48 0 2.08424e-17 -6.55376e-05 0.000101856 -0.000557747 7.05003e-17
13.5 0 2.06063e-17 -6.18456e-05 8.53593e-05 -0.000526328 -2.07371e-17
13.52 0 1.82792e-17 -5.46373e-05 6.34412e-05 -0.000464982 2.31946e-17
13.54 0 -2.76311e-17 -4.44148e-05 3.94046e-05 -0.000377985 -4.08872e-17
13.56 0 -2.92132e-17 -3.18209e-05 1.66804e-05 -0.000270807 -9.09109e-17
13.58 0 1.42863e-18 -1.77143e-05 -1.81275e-06 -0.000150755 -5.0665e-17
13.6 0 -1.47375e-17 -3.10506e-06 -1.45875e-05 -2.64251e-05 -8.75279e-18
13.62 0 -4.21044e-17 1.11106e-05 -2.18548e-05 9.45552e-05 -5.8617e-17
13.64 0 5.3035e-17 2.44238e-05 -2.49058e-05 0.000207855 3.32019e-17
13.66 0 4.49002e-18 3.67777e-05 -2.59589e-05 0.000312991 3.38836e-17
13.68 0 -5.25834e-19 4.83382e-05 -2.7636e-05 0.000411375 -1.53007e-17
13.7 0 -1.15081e-18 5.91791e-05 -3.219e-05 0.000503634 -3.3095e-17
13.72 0 -5.00169e-18 6.91256e-05 -4.06821e-05 0.000588283 -1.01806e-17
13.74 0 -1.60046e-18 7.78317e-05 -5.21415e-05 0.000662375 -3.21284e-18
13.76 0 3.73138e-18 8.49673e-05 -6.35159e-05 0.000723101 5.96908e-18
13.78 0 -1.1538e-17 9.03331e-05 -7.08403e-05 0.000768766 -1.59563e-17
13.8 0 9.56361e-19 9.38517e-05 -7.11361e-05 0.000798711 -2.67101e-18
13.82 0 -9.3163e-18 9.55313e-05 -6.37283e-05 0.000813005 2.06301e-18
13.84 0 7.43779e-18 9.54525e-05 -5.01981e-05 0.000812334 3.8298e-18
13.86 0 1.03562e-17 9.37065e-05 -3.33761e-05 0.000797475 1.71302e-18
13.88 0 -2.01573e-18 9.02671e-05 -1.63315e-05 0.000768205 1.20207e-18
13.9 0 5.63465e-17 8.49129e-05 -1.81962e-06 0.000722638 9.93026e-17
13.92 0 -9.56865e-17 7.73141e-05 8.02865e-06 0.00065797 -1.97229e-17
13.94 0 2.5123e-17 6.72148e-05 1.20858e-05 0.000572021 7.79402e-17
13.96 0 -2.4126e-17 5.45183e-05 1.06443e-05 0.00046397 -5.67335e-17
13.98 0 -2.02189e-17 3.92274e-05 5.72894e-06 0.000333839 -3.76285e-17
14 0 1.09237e-18 2.13769e-05 3.78336e-07 0.000181925 5.74097e-18
14.02 0 7.24425e-18 1.22341e-06 -1.95105e-06 1.04116e-05 1.10352e-16
14.04 0 -1.50852e-17 -2.04211e-05 1.08817e-06 -0.000173791 3.67309e-17
14.06 0 2.12444e-17 -4.19777e-05 9.43787e-06 -0.000357245 1.14874e-17
14.08 0 -3.6761e-17 -6.12692e-05 2.14694e-05 -0.000521422 -2.92703e-17
14.1 0 3.33842e-18 -7.63012e-05 3.49884e-05 -0.00064935 -1.30976e-17
14.12 0 -1.43027e-18 -8.62608e-05 4.79481e-05 -0.00073411 -1.31689e-17
14.14 0 -1.33915e-18 -9.19553e-05 5.88094e-05 -0.000782572 2.78952e-18
14.16 0 5.75919e-18 -9.52765e-05 6.70428e-05 -0.000810836 -2.53474e-18
14.18 0 3.1133e-18 -9.80776e-05 7.30133e-05 -0.000834675 4.21953e-18
14.2 0 1.99729e-17 -0.000101235 7.68635e-05 -0.000861545 3.6863e-17
14.22 0 1.19685e-17 -0.000104364 7.75326e-05 -0.000888173 7.04717e-17
14.24 0 1.11273e-17 -0.000106125 7.33646e-05 -0.000903159 4.5247e-17
14.26 0 -1.68926e-17 -0.000104713 6.38962e-05 -0.000891144 -2.19444e-17
14.28 0 -7.25209e-18 -9.82911e-05 5.09702e-05 -0.000836492 5.73529e-17
14.3 0 -1.5168e-17 -8.55315e-05 3.81435e-05 -0.000727903 1.31416e-17
14.32 0 -3.75312e-17 -6.62826e-05 2.91998e-05 -0.000564088 -5.91751e-17
14.34 0 2.25307e-17 -4.19782e-05 2.64734e-05 -0.000357249 4.03978e-17
14.36 0 -2.22929e-17 -1.53308e-05 2.9526e-05 -0.00013047 1.40773e-17
14.38 0 -8.83141e-18 1.05926e-05 3.51186e-05 9.0147e-05 4.34643e-17
14.4 0 -1.52048e-17 3.33689e-05 3.83583e-05 0.000283981 -1.86281e-18
14.42 0 2.85721e-17 5.19274e-05 3.51863e-05 0.00044192 4.07251e-17
14.44 0 -3.58318e-18 6.67508e-05 2.44302e-05 0.000568072 1.84747e-17
14.46 0 -8.01045e-18 7.94121e-05 7.6706e-06 0.000675824 -1.99184e-17
14.48 0 1.32156e-18 9.15411e-05 -1.19412e-05 0.000779046 -3.45222e-18
14.5 0 4.37601e-18 0.000103796 -3.0789e-05 0.000883344 -1.72086e-18
14.52 0 6.11094e-18 0.000115498 -4.55678e-05 0.000982928 2.98796e-17
14.54 0 -1.40686e-17 0.000125022 -5.39734e-05 0.00106398 -9.11403e-18
14.56 0 -1.00314e-17 0.000130504 -5.50159e-05 0.00111063 1.8828e-17
14.58 0 2.37464e-17 0.000130348 -4.90419e-05 0.00110931 2.67974e-17
14.6 0 -7.0021e-18 0.000123527 -3.7872e-05 0.00105126 -1.03499e-17
14.62 0 -2.64139e-17 0.000109873 -2.46399e-05 0.000935058 -2.46483e-17
14.64 0 1.05767e-17 9.03436e-05 -1.27e-05 0.000768855 -1.27548e-17
14.66 0 -9.5412e-18 6.69708e-05 -4.25338e-06 0.000569945 6.93741e-18
14.68 0 1.56516e-17 4.2207e-05 2.42565e-07 0.000359196 1.58699e-17
14.7 0 -1.54627e-17 1.7954e-05 1.95714e-06 0.000152795 -7.26135e-17
14.72 0 3.13539e-17 -4.95131e-06 3.41986e-06 -4.21374e-05 -8.52401e-18
14.74 0 -2.96948e-18 -2.65253e-05 7.65154e-06 -0.00022574 -2.6387e-17
14.76 0 1.9244e-18 -4.707e-05 1.62904e-05 -0.000400582 -1.23314e-18
14.78 0 1.70839e-18 -6.67411e-05 2.85629e-05 -0.00056799 -9.07715e-18
14.8 0 4.00476e-19 -8.5297e-05 4.23293e-05 -0.000725907 -1.95987e-18
14.82 0 7.4737e-18 -0.000101928 5.57258e-05 -0.000867441 -4.71879e-18
14.84 0 1.25251e-17 -0.000115326 6.77414e-05 -0.000981468 2.57721e-17
14.86 0 -4.15383e-18 -0.000124116 7.77357e-05 -0.00105627 2.49964e-17
14.88 0 1.13887e-17 -0.000127342 8.49038e-05 -0.00108372 -2.77442e-17
14.9 0 -1.32457e-18 -0.000124679 8.80844e-05 -0.00106106 2.01079e-17
14.92 0 -1.10892e-17 -0.000116481 8.60269e-05 -0.000991292 -5.14118e-17
14.94 0 -1.62507e-17 -0.000103732 7.82599e-05 -0.000882794 -3.99099e-17
14.96 0 1.18722e-17 -8.75524e-05 6.59556e-05 -0.000745102 1.16499e-18
14.98 0 -2.99842e-17 -6.86525e-05 5.17843e-05 -0.000584257 -3.48007e-17
15 0 2.53324e-17 -4.72722e-05 3.87424e-05 -0.000402303 -5.63881e-17
15.02 0 -7.19223e-18 -2.36422e-05 2.88647e-05 -0.000201203 -1.72104e-17
15.04 0 1.9089e-17 1.46918e-06 2.27361e-05 1.25032e-05 -1.80642e-18
15.06 0 -1.79404e-17 2.66626e-05 1.93529e-05 0.000226908 -6.68023e-17
15.08 0 5.69783e-18 5.03075e-05 1.65584e-05 0.000428134 -3.44267e-17
15.1 0 -2.36139e-18 7.11644e-05 1.20418e-05 0.000605634 4.141e-18
15.12 0 -1.32805e-17 8.87557e-05 4.17339e-06 0.000755342 -1.6209e-17
15.14 0 6.22904e-18 0.000103237 -7.39013e-06 0.000878586 1.13244e-17
15.16 0 -1.73179e-18 0.000114928 -2.16504e-05 0.000978081 6.74696e-18
15.18 0 -9.54376e-19 0.000123889 -3.67352e-05 0.00105434 -2.23859e-18
15.2 0 -3.57477e-18 0.000129786 -5.06185e-05 0.00110453 -2.07959e-17
15.22 0 -4.09085e-18 0.000131995 -6.14737e-05 0.00112332 3.7331e-18
15.24 0 -1.04663e-18 0.000129743 -6.75007e-05 0.00110416 -2.13701e-17
15.26 0 -2.28667e-17 0.000122271 -6.70724e-05 0.00104057 -3.27796e-17
15.28 0 -8.66995e-18 0.000109027 -5.9774e-05 0.000927861 -3.00568e-17
15.3 0 -2.01583e-17 8.99758e-05 -4.71397e-05 0.000765725 -4.08418e-17
15.32 0 -2.03728e-17 6.5934e-05 -3.20049e-05 0.000561121 -1.96735e-17
15.34 0 1.4822e-17 3.85005e-05 -1.73008e-05 0.000327653 3.58499e-17
15.36 0 1.24801e-17 9.55924e-06 -5.33632e-06 8.13525e-05 1.20729e-17
15.38 0 -1.88349e-17 -1.91268e-05 2.69055e-06 -0.000162776 -1.57211e-17
15.4 0 1.841e-17 -4.60465e-05 7.30136e-06 -0.000391872 4.1631e-17
15.42 0 -4.87647e-18 -7.01093e-05 1.06399e-05 -0.000596655 -1.83734e-17
15.44 0 1.2378e-18 -9.08846e-05 1.50383e-05 -0.00077346 -2.23163e-17
15.46 0 1.39162e-17 -0.00010847 2.16794e-05 -0.000923118 2.7477e-17
15.48 0 -1.01654e-18 -0.000122934 3.07177e-05 -0.00104621 1.01173e-17
15.5 0 4.88996e-20 -0.000133894 4.20576e-05 -0.00113949 1.14189e-17
15.52 0 -2.2369e-18 -0.000140655 5.55018e-05 -0.00119702 6.32743e-18
15.54 0 -1.20298e-17 -0.000142605 7.02712e-05 -0.00121362 -1.48334e-17
15.56 0 -5.76519e-19 -0.000139346 8.46287e-05 -0.00118588 4.00265e-18
15.58 0 1.93213e-19 -0.000130734 9.58773e-05 -0.00111259 2.62247e-18
15.6 0 1.75508e-17 -0.000117014 0.000101114 -0.000995829 -1.40189e-17
15.62 0 -1.13516e-17 -9.86633e-05 9.85814e-05 -0.000839659 -9.80951e-18
15.64 0 -1.42971e-17 -7.62855e-05 8.85658e-05 -0.000649216 -2.71559e-17
15.66 0 -1.82975e-17 -5.06455e-05 7.32931e-05 -0.000431011 -3.86474e-17
15.68 0 2.32392e-17 -2.28165e-05 5.62467e-05 -0.000194176 4.40908e-17
15.7 0 -3.06368e-17 5.6792e-06 4.12845e-05 4.8332e-05 7.76105e-18
15.72 0 9.1246e-19 3.31304e-05 3.14215e-05 0.000281951 -1.23943e-17
15.74 0 9.696e-18 5.80823e-05 2.75325e-05 0.000494301 1.14547e-17
15.76 0 -1.81101e-17 7.96054e-05 2.8036e-05 0.00067747 -7.34963e-17
15.78 0 1.60655e-18 9.72106e-05 2.97411e-05 0.000827296 8.15758e-18
15.8 0 1.68874e-17 0.000110606 2.91404e-05 0.000941294 -7.57676e-18
15.82 0 -1.27427e-17 0.000119491 2.38025e-05 0.00101691 -3.72783e-17
15.84 0 1.82059e-17 0.000123479 1.31418e-05 0.00105085 2.0238e-17
15.86 0 -1.36213e-17 0.000122258 -1.68542e-06 0.00104046 -1.51378e-17
15.88 0 -2.51312e-18 0.000115916 -1.82094e-05 0.000986488 -2.48519e-18
15.9 0 9.94826e-19 0.000105138 -3.31242e-05 0.000894762 -3.36425e-18
15.92 0 -1.36906e-19 9.09345e-05 -4.32016e-05 0.000773884 -5.80254e-18
15.94 0 6.49478e-19 7.42376e-05 -4.65996e-05 0.000631788 -4.57261e-18
15.96 0 -1.51312e-17 5.5764e-05 -4.35191e-05 0.000474571 -1.61903e-17
15.98 0 -3.36862e-18 3.61118e-05 -3.57032e-05 0.000307324 1.23298e-17
16 0 3.89873e-18 1.59701e-05 -2.55619e-05 0.000135911 2.59626e-17
16.02 0 -1.19162e-17 -3.79244e-06 -1.55911e-05 -3.2275e-05 -3.55846e-18
16.04 0 2.91296e-17 -2.22953e-05 -7.79791e-06 -0.000189741 2.47288e-17
16.06 0 -6.2227e-18 -3.90326e-05 -3.05559e-06 -0.000332181 -4.11265e-17
16.08 0 2.48552e-18 -5.40757e-05 -9.10711e-07 -0.000460203 3.51887e-18
16.1 0 2.61441e-18 -6.77471e-05 4.45848e-08 -0.000576551 1.94811e-17
16.12 0 -1.11879e-17 -8.00001e-05 1.61322e-06 -0.000680829 1.57917e-17
16.14 0 1.3894e-17 -9.00847e-05 5.53755e-06 -0.000766652 9.55362e-18
16.16 0 -1.50561e-17 -9.67737e-05 1.28122e-05 -0.000823578 -5.76383e-18
16.18 0 2.38429e-18 -9.89046e-05 2.31418e-05 -0.000841713 1.27493e-17
16.2 0 4.06276e-18 -9.58402e-05 3.52837e-05 -0.000815634 9.719e-18
16.22 0 8.5398e-20 -8.7669e-05 4.77463e-05 -0.000746094 1.59078e-18
16.24 0 -5.3013e-21 -7.51161e-05 5.91366e-05 -0.000639264 2.15295e-18
16.26 0 -7.64869e-18 -5.92681e-05 6.81519e-05 -0.000504392 -2.52172e-17
16.28 0 2.10887e-18 -4.13181e-05 7.36684e-05 -0.000351632 -1.15913e-17
16.3 0 9.69548e-19 -2.23938e-05 7.49511e-05 -0.000190579 2.26088e-18
16.32 0 2.79739e-17 -3.44441e-06 7.17433e-05 -2.93131e-05 -5.61957e-18
16.34 0 -6.83983e-19 1.48314e-05 6.43171e-05 0.00012622 3.98343e-17
16.36 0 -7.13146e-19 3.20424e-05 5.36522e-05 0.000272692 5.43466e-17
16.38 0 -2.79382e-17 4.80883e-05 4.14977e-05 0.000409249 -2.04694e-17
16.4 0 5.88817e-18 6.30091e-05 2.99514e-05 0.000536229 -2.69461e-17
16.42 0 8.59243e-18 7.67104e-05 2.06729e-05 0.000652832 -3.10252e-17
16.44 0 1.4643e-17 8.87089e-05 1.42407e-05 0.000754944 1.15177e-17
16.46 0 5.96991e-18 9.80847e-05 1.00437e-05 0.000834735 1.15142e-17
16.48 0 6.88895e-19 0.000103716 6.69961e-06 0.000882662 -1.87789e-17
16.5 0 -2.38452e-17 0.000104684 2.75956e-06 0.000890899 -5.37637e-17
16.52 0 2.98925e-18 0.000100613 -2.67652e-06 0.000856252 -3.48829e-17
16.54 0 4.43756e-18 9.18248e-05 -9.66813e-06 0.000781461 -2.77632e-17
16.56 0 7.71201e-18 7.92361e-05 -1.74431e-05 0.000674327 2.99175e-18
16.58 0 -2.18935e-19 6.40623e-05 -2.46565e-05 0.000545192 -5.36033e-18
16.6 0 1.91908e-18 4.74908e-05 -2.98612e-05 0.000404164 -4.01064e-18
16.62 0 -1.70916e-18 3.0433e-05 -3.20131e-05 0.000258995 4.01848e-18
16.64 0 1.11409e-17 1.34397e-05 -3.07903e-05 0.000114376 8.38294e-18
16.66 0 1.83199e-18 -3.21753e-06 -2.66189e-05 -2.73823e-05 1.76411e-17
16.68 0 4.4307e-19 -1.93561e-05 -2.03881e-05 -0.000164727 -7.51573e-19
16.7 0 5.21885e-19 -3.47174e-05 -1.30413e-05 -0.000295457 -1.70634e-17
16.72 0 -4.28497e-18 -4.89174e-05 -5.3454e-06 -0.000416304 -2.80839e-17
16.74 0 -7.14579e-18 -6.14927e-05 2.08742e-06 -0.000523324 -7.90456e-18
16.76 0 9.51403e-18 -7.19689e-05 8.76685e-06 -0.00061248 -3.85854e-17
16.78 0 3.01065e-17 -7.99156e-05 1.44716e-05 -0.00068011 6.89186e-18
16.8 0 -2.33961e-17 -8.49813e-05 1.94351e-05 -0.000723221 -4.65352e-18
16.82 0 1.82891e-17 -8.69104e-05 2.42434e-05 -0.000739637 2.93707e-17
16.84 0 -6.03349e-18 -8.55781e-05 2.94078e-05 -0.000728299 1.20538e-18
16.86 0 8.17277e-18 -8.10362e-05 3.49369e-05 -0.000689647 4.27172e-18
16.88 0 8.56199e-18 -7.35063e-05 4.03807e-05 -0.000625564 5.79282e-18
16.9 0 -4.9992e-18 -6.33207e-05 4.53051e-05 -0.000538881 -5.7449e-18
16.92 0 -2.8468e-18 -5.08932e-05 4.95516e-05 -0.000433119 8.63916e-18
16.94 0 -8.58141e-18 -3.67057e-05 5.29591e-05 -0.000312379 1.86003e-18
16.96 0 -2.67193e-18 -2.12582e-05 5.49571e-05 -0.000180915 -4.48945e-18
16.98 0 1.46541e-17 -5.02591e-06 5.46493e-05 -4.27723e-05 2.08146e-17
17 0 -7.31213e-18 1.1533e-05 5.13529e-05 9.815e-05 -2.11051e-18
17.02 0 -1.42131e-17 2.79471e-05 4.50274e-05 0.00023784 -1.78179e-17
17.04 0 5.74939e-18 4.37161e-05 3.63065e-05 0.000372039 -2.92599e-17
17.06 0 -1.76503e-18 5.82941e-05 2.63113e-05 0.000496103 9.18651e-18
17.08 0 -2.05053e-17 7.10775e-05 1.64253e-05 0.000604895 -4.15147e-17
17.1 0 9.58155e-18 8.14468e-05 8.03943e-06 0.000693141 5.56621e-17
17.12 0 2.52411e-18 8.88596e-05 2.27569e-06 0.000756226 2.10503e-17
17.14 0 -7.43549e-18 9.29262e-05 -2.71362e-07 0.000790834 -1.27147e-17
17.16 0 2.31187e-17 9.34274e-05 2.15188e-07 0.0007951 2.48072e-17
17.18 0 -1.33204e-17 9.03035e-05 2.69493e-06 0.000768514 -1.39627e-17
17.2 0 -1.05299e-17 8.36657e-05 5.66771e-06 0.000712024 -6.09579e-17
17.22 0 1.22053e-17 7.3809e-05 7.94121e-06 0.000628141 -7.32033e-17
17.24 0 1.14048e-17 6.12089e-05 9.08741e-06 0.000520909 3.09866e-18
17.26 0 1.0807e-17 4.65161e-05 9.26989e-06 0.000395868 1.974e-17
17.28 0 -2.39744e-18 3.04664e-05 8.8954e-06 0.00025928 1.6446e-17
17.3 0 -8.9932e-18 1.37192e-05 8.46182e-06 0.000116756 3.45406e-18
17.32 0 4.2497e-19 -3.21604e-06 8.4606e-06 -2.73696e-05 -4.11109e-18
17.34 0 -6.1737e-19 -1.9873e-05 9.20995e-06 -0.000169126 -7.58776e-19
17.36 0 4.01859e-18 -3.56501e-05 1.07835e-05 -0.000303395 6.4997e-18
17.38 0 3.59825e-18 -4.97757e-05 1.30542e-05 -0.000423609 1.03048e-17
17.4 0 2.445e-18 -6.14955e-05 1.56879e-05 -0.000523348 2.56424e-17
17.42 0 -1.39828e-17 -7.03445e-05 1.81388e-05 -0.000598657 -7.2658e-18
17.44 0 -5.84455e-18 -7.62831e-05 1.98633e-05 -0.000649196 1.12704e-17
17.46 0 -1.21157e-17 -7.95858e-05 2.06578e-05 -0.000677303 4.88047e-18
17.48 0 1.04929e-17 -8.05783e-05 2.07443e-05 -0.000685749 4.26494e-17
17.5 0 -9.96635e-19 -7.94062e-05 2.04814e-05 -0.000675774 2.67026e-17
17.52 0 -8.68765e-18 -7.59591e-05 1.9997e-05 -0.000646438 -1.51534e-17
17.54 0 7.77838e-18 -6.99651e-05 1.9159e-05 -0.000595428 1.62873e-17
17.56 0 2.99122e-18 -6.11745e-05 1.7898e-05 -0.000520617 -1.53465e-18
17.58 0 -1.42695e-18 -4.95155e-05 1.65037e-05 -0.000421394 -6.1284e-18
17.6 0 -1.02434e-18 -3.51309e-05 1.55674e-05 -0.000298976 7.62099e-19
17.62 0 -5.69498e-19 -1.83543e-05 1.55903e-05 -0.000156202 1.71787e-18
17.64 0 1.16823e-18 2.48321e-07 1.6607e-05 2.1133e-06 6.11123e-18
17.66 0 -5.10968e-18 1.98096e-05 1.80951e-05 0.000168586 -6.22862e-18
17.68 0 4.49065e-19 3.92074e-05 1.92269e-05 0.000333669 1.39518e-17
17.7 0 -3.86983e-18 5.72671e-05 1.93325e-05 0.000487363 -1.29303e-17
17.72 0 -3.10683e-19 7.30023e-05 1.82733e-05 0.000621275 -2.06715e-17
17.74 0 2.06345e-17 8.57796e-05 1.64509e-05 0.000730014 -1.27587e-18
17.76 0 -3.45224e-18 9.53625e-05 1.4486e-05 0.000811568 -1.1619e-17
17.78 0 1.53593e-18 0.000101818 1.28666e-05 0.000866509 -8.95062e-18
17.8 0 -4.35201e-19 0.000105306 1.1792e-05 0.000896189 2.30396e-17
17.82 0 9.7698e-18 0.000105845 1.12064e-05 0.000900775 7.53308e-17
17.84 0 1.0054e-17 0.000103187 1.09455e-05 0.000878154 1.36558e-17
17.86 0 -1.0783e-17 9.68641e-05 1.09558e-05 0.000824348 1.00551e-17
17.88 0 -1.35345e-17 8.64069e-05 1.13098e-05 0.000735353 3.01267e-17
17.9 0 -3.06877e-18 7.16641e-05 1.19494e-05 0.000609886 -1.25653e-17
17.92 0 -4.92801e-18 5.30541e-05 1.25418e-05 0.000451509 1.24246e-18
17.94 0 -6.97105e-18 3.15151e-05 1.26728e-05 0.000268204 -3.49143e-18
17.96 0 4.89789e-18 8.24013e-06 1.21351e-05 7.01264e-05 -3.04322e-18
17.98 0 -1.87004e-18 -1.55577e-05 1.10026e-05 -0.000132401 -4.29335e-18
18 0 -1.27515e-18 -3.87407e-05 9.57025e-06 -0.000329697 1.01293e-18
18.02 0 2.85517e-18 -6.02543e-05 8.26827e-06 -0.000512785 2.37976e-18
18.04 0 -5.49366e-18 -7.91429e-05 7.48481e-06 -0.000673534 -1.07682e-17
18.06 0 -6.63989e-18 -9.46315e-05 7.35757e-06 -0.000805347 -3.17777e-17
18.08 0 7.87134e-18 -0.000106254 7.76688e-06 -0.00090426 4.54261e-18
18.1 0 1.65254e-17 -0.000113925 8.55201e-06 -0.000969542 1.52177e-17
18.12 0 1.75818e-18 -0.00011786 9.70492e-06 -0.00100303 3.21787e-18
18.14 0 -1.17519e-17 -0.000118387 1.13668e-05 -0.00100751 -5.32055e-18
18.16 0 -2.39761e-18 -0.000115742 1.36684e-05 -0.000985007 -1.92296e-17
18.18 0 1.54718e-18 -0.000109957 1.6494e-05 -0.000935773 -2.20931e-18
18.2 0 1.11006e-17 -0.000100857 1.92939e-05 -0.00085833 1.67177e-18
18.22 0 -1.69862e-17 -8.81935e-05 2.12937e-05 -0.000750557 -2.06282e-17
18.24 0 -6.30455e-18 -7.19529e-05 2.20657e-05 -0.000612345 3.22585e-18
18.26 0 4.20412e-18 -5.25257e-05 2.19258e-05 -0.000447012 2.58004e-18
18.28 0 2.91049e-19 -3.05762e-05 2.17677e-05 -0.000260214 -5.09506e-19
18.3 0 1.41072e-18 -6.92674e-06 2.25304e-05 -5.8949e-05 -2.6686e-18
18.32 0 -1.37525e-18 1.7407e-05 2.47423e-05 0.00014814 2.57492e-18
18.34 0 -2.97438e-18 4.11991e-05 2.82873e-05 0.000350619 -5.58339e-18
18.36 0 -8.18341e-18 6.31975e-05 3.24394e-05 0.000537833 -1.42666e-17
18.38 0 -1.04319e-17 8.23786e-05 3.61892e-05 0.000701071 -3.89974e-17
18.4 0 1.01041e-17 9.80837e-05 3.86507e-05 0.000834727 -1.1946e-17
18.42 0 -1.10501e-17 0.000110026 3.92564e-05 0.000936364 -5.82504e-17
18.44 0 -1.47004e-17 0.000118238 3.7751e-05 0.00100624 -8.21368e-17
18.46 0 2.02395e-17 0.000122945 3.41897e-05 0.00104631 -2.0443e-17
18.48 0 1.56552e-17 0.000124408 2.89596e-05 0.00105876 -1.79343e-18
18.5 0 3.11493e-18 0.000122782 2.26685e-05 0.00104491 2.49703e-17
18.52 0 -1.47373e-17 0.000118056 1.5909e-05 0.0010047 1.7785e-17
18.54 0 -8.97523e-18 0.000110048 9.20608e-06 0.00093655 4.92142e-17
18.56 0 -3.26808e-17 9.84282e-05 3.16903e-06 0.000837658 -9.25914e-18
18.58 0 8.24946e-18 8.30135e-05 -1.54341e-06 0.000706474 -1.89026e-17
18.6 0 7.90307e-18 6.41318e-05 -4.60733e-06 0.000545784 1.41882e-17
18.62 0 8.80384e-18 4.2622e-05 -6.31626e-06 0.000362728 4.1905e-18
18.64 0 -6.50283e-18 1.95778e-05 -7.35465e-06 0.000166614 5.82807e-18
18.66 0 -1.88186e-18 -3.86353e-06 -8.35127e-06 -3.288e-05 -4.83841e-18
18.68 0 3.52777e-18 -2.6578e-05 -9.56119e-06 -0.000226188 9.20152e-18
18.7 0 -3.46012e-18 -4.75268e-05 -1.07346e-05 -0.000404469 1.66395e-18
18.72 0 7.83137e-18 -6.58602e-05 -1.12292e-05 -0.000560493 1.16412e-17
18.74 0 -6.50879e-19 -8.09432e-05 -1.03792e-05 -0.000688855 1.38004e-17
18.76 0 -1.95752e-18 -9.23188e-05 -7.83573e-06 -0.000785665 2.33093e-17
18.78 0 -3.41108e-18 -9.97244e-05 -3.60234e-06 -0.000848689 3.6605e-18
18.8 0 -8.13679e-18 -0.000103146 2.11417e-06 -0.00087781 -1.93653e-17
18.82 0 1.73572e-17 -0.000102795 8.95854e-06 -0.000874824 3.05999e-17
18.84 0 -3.80024e-18 -9.89823e-05 1.63842e-05 -0.000842374 1.44247e-18
18.86 0 -5.47412e-18 -9.201e-05 2.36638e-05 -0.000783037 1.57183e-18
18.88 0 6.29159e-18 -8.21293e-05 2.99356e-05 -0.000698949 1.30619e-17
18.9 0 2.982e-18 -6.95579e-05 3.43597e-05 -0.000591962 -8.74489e-18
18.92 0 -2.99088e-18 -5.46283e-05 3.64741e-05 -0.000464906 4.9415e-18
18.94 0 -9.88095e-18 -3.7887e-05 3.65375e-05 -0.000322432 -2.97864e-17
18.96 0 1.21698e-18 -1.99957e-05 3.5426e-05 -0.00017017 -1.19497e-17
18.98 0 2.05448e-19 -1.57248e-06 3.41006e-05 -1.33823e-05 -7.05845e-19
19 0 -9.2553e-19 1.68352e-05 3.31695e-05 0.000143273 1.11377e-18
19.02 0 3.47078e-18 3.46462e-05 3.27364e-05 0.000294851 5.33679e-18
19.04 0 -3.77174e-18 5.11796e-05 3.24038e-05 0.000435556 -3.90391e-18
19.06 0 1.18195e-17 6.57089e-05 3.14236e-05 0.000559206 -5.07068e-18
19.08 0 3.08161e-18 7.75922e-05 2.90763e-05 0.000660336 -6.09697e-18
19.1 0 -1.10765e-17 8.64043e-05 2.50646e-05 0.00073533 -1.95299e-17
19.12 0 -1.04565e-17 9.20097e-05 1.96152e-05 0.000783035 -3.4815e-18
19.14 0 -3.48827e-18 9.45197e-05 1.33062e-05 0.000804396 -5.97375e-18
19.16 0 -1.90796e-18 9.41556e-05 6.85192e-06 0.000801297 -1.80047e-17
19.18 0 2.02484e-17 9.11312e-05 9.39942e-07 0.000775558 7.77375e-17
19.2 0 7.87153e-19 8.563e-05 -3.89243e-06 0.000728741 9.05882e-17
19.22 0 -2.27141e-17 7.78138e-05 -7.26791e-06 0.000662223 -3.77716e-17
19.24 0 1.87587e-17 6.77971e-05 -8.89859e-06 0.000576977 -6.84893e-18
19.26 0 -3.14291e-17 5.5671e-05 -8.6193e-06 0.000473779 -2.50963e-17
19.28 0 -1.5491e-17 4.15931e-05 -6.51992e-06 0.000353972 1.95467e-17
19.3 0 -5.80288e-18 2.58587e-05 -2.94913e-06 0.000220067 -5.22778e-18
19.32 0 -3.40493e-18 8.94544e-06 1.62289e-06 7.61288e-05 3.88122e-18
19.34 0 -3.57069e-18 -8.45481e-06 6.69e-06 -7.19534e-05 6.88552e-18
19.36 0 -7.28439e-18 -2.54602e-05 1.17588e-05 -0.000216675 2.7918e-18
19.38 0 5.7781e-18 -4.11303e-05 1.64736e-05 -0.000350033 8.32137e-18
19.4 0 -2.9528e-18 -5.46352e-05 2.07101e-05 -0.000464965 -5.14556e-19
19.42 0 -5.23462e-19 -6.53531e-05 2.44734e-05 -0.000556178 2.71283e-18
19.44 0 -3.82737e-19 -7.28952e-05 2.77304e-05 -0.000620364 2.49314e-18
19.46 0 -8.08004e-19 -7.71223e-05 3.04009e-05 -0.000656338 3.4682e-18
19.48 0 3.30753e-19 -7.81378e-05 3.24635e-05 -0.00066498 6.38359e-18
19.5 0 9.86524e-18 -7.62099e-05 3.39677e-05 -0.000648573 1.19532e-17
19.52 0 -8.36968e-18 -7.16506e-05 3.4904e-05 -0.000609771 -3.22884e-17
19.54 0 5.44438e-18 -6.47346e-05 3.50283e-05 -0.000550914 -6.88484e-18
19.56 0 8.09368e-18 -5.56708e-05 3.3798e-05 -0.000473778 1.14457e-17
19.58 0 1.30905e-17 -4.4635e-05 3.06032e-05 -0.00037986 2.63575e-18
19.6 0 1.66266e-18 -3.18595e-05 2.52203e-05 -0.000271135 1.35215e-17
19.62 0 4.57227e-18 -1.77087e-05 1.8112e-05 -0.000150707 1.87526e-17
19.64 0 -1.56557e-18 -2.70194e-06 1.03051e-05 -2.29944e-05 8.4917e-18
19.66 0 1.87114e-18 1.24984e-05 3.00735e-06 0.000106366 1.27072e-18
19.68 0 -3.4424e-18 2.71183e-05 -2.75932e-06 0.000230787 -7.16582e-18
19.7 0 2.64131e-20 4.03663e-05 -6.40911e-06 0.000343531 8.52744e-19
19.72 0 -2.92008e-18 5.1585e-05 -7.90086e-06 0.000439006 4.77938e-18
19.74 0 -4.2871e-18 6.03613e-05 -7.65636e-06 0.000513695 8.84491e-19
19.76 0 5.34453e-18 6.65203e-05 -6.32259e-06 0.000566111 -1.52926e-18
19.78 0 -3.7381e-18 7.00592e-05 -4.51277e-06 0.000596228 -9.48702e-19
19.8 0 7.85774e-18 7.10963e-05 -2.62603e-06 0.000605054 -3.58781e-18
19.82 0 -4.84015e-18 6.98263e-05 -7.65491e-07 0.000594246 -1.06982e-17
19.84 0 -1.62739e-18 6.64409e-05 1.25062e-06 0.000565435 8.19818e-18
19.86 0 9.83213e-18 6.10441e-05 3.81558e-06 0.000519506 7.06077e-18
19.88 0 1.463e-17 5.36302e-05 7.40504e-06 0.000456412 2.0835e-17
19.9 0 -2.51589e-17 4.41644e-05 1.23534e-05 0.000375855 -5.68066e-17
19.92 0 7.61543e-18 3.27236e-05 1.86083e-05 0.000278489 -2.00547e-17
19.94 0 8.06948e-18 1.96033e-05 2.56498e-05 0.000166831 1.99595e-17
19.96 0 -3.26441e-18 5.34894e-06 3.26459e-05 4.55214e-05 2.83921e-17
19.98 0 2.84324e-17 -9.29504e-06 3.86968e-05 -7.9104e-05 4.44018e-17
20 0 -1.78731e-17 -2.35158e-05 4.30579e-05 -0.000200127 -3.16186e-17
20.02 0 3.52083e-18 -3.66014e-05 4.53007e-05 -0.000311491 -1.44307e-17
20.04 0 -3.51904e-18 -4.80697e-05 4.53367e-05 -0.00040909 2.34581e-18
20.06 0 2.50647e-18 -5.76903e-05 4.33336e-05 -0.000490965 1.63287e-18
20.08 0 5.0512e-18 -6.54054e-05 3.96393e-05 -0.000556623 3.72136e-18
20.1 0 6.66516e-19 -7.12096e-05 3.4763e-05 -0.000606018 -5.11024e-19
20.12 0 -1.04366e-18 -7.50441e-05 2.93185e-05 -0.000638652 1.10895e-18
20.14 0 4.79431e-18 -7.67351e-05 2.38809e-05 -0.000653042 1.90646e-18
20.16 0 -3.68793e-18 -7.59903e-05 1.88356e-05 -0.000646704 -1.1165e-17
20.18 0 7.28374e-18 -7.24592e-05 1.42889e-05 -0.000616653 -1.54398e-17
20.2 0 -5.13911e-19 -6.58516e-05 1.00448e-05 -0.00056042 -3.65558e-18
20.22 0 -5.55135e-18 -5.60819e-05 5.72247e-06 -0.000477276 -2.86359e-17
20.24 0 5.88292e-18 -4.34002e-05 1.01064e-06 -0.000369351 -1.79788e-17
20.26 0 6.65143e-18 -2.84287e-05 -4.11676e-06 -0.000241938 -5.88256e-18
20.28 0 -6.91093e-18 -1.20699e-05 -9.35103e-06 -0.000102719 6.0473e-18
20.3 0 1.72427e-18 4.65475e-06 -1.41084e-05 3.96136e-05 7.6848e-18
20.32 0 -2.52819e-18 2.07913e-05 -1.76461e-05 0.000176941 3.7073e-18
20.34 0 -7.96609e-18 3.56245e-05 -1.92839e-05 0.000303177 -7.97277e-18
20.36 0 1.90467e-18 4.87628e-05 -1.86294e-05 0.000414988 5.91723e-18
20.38 0 -1.57973e-18 6.00679e-05 -1.56246e-05 0.000511199 2.19463e-18
20.4 0 -4.4132e-18 6.94793e-05 -1.04648e-05 0.000591293 -3.54479e-18
20.42 0 3.12284e-18 7.68764e-05 -3.57501e-06 0.000654245 9.56996e-18
20.44 0 4.87416e-18 8.20562e-05 4.37228e-06 0.000698327 -1.62657e-17
20.46 0 -3.37192e-18 8.47813e-05 1.25628e-05 0.000721519 -2.37004e-17
20.48 0 -3.14566e-18 8.48371e-05 2.02587e-05 0.000721994 -5.24057e-18
20.5 0 -4.26237e-18 8.20851e-05 2.69602e-05 0.000698573 2.3915e-17
20.52 0 2.25567e-17 7.65164e-05 3.24647e-05 0.000651181 5.9398e-17
20.54 0 -1.21939e-17 6.82736e-05 3.6855e-05 0.000581032 -1.1851e-17
20.56 0 -3.27385e-17 5.76535e-05 4.03605e-05 0.000490652 -6.14993e-17
20.58 0 2.85261e-17 4.51117e-05 4.31364e-05 0.000383916 2.55831e-17
20.6 0 2.70805e-18 3.12295e-05 4.51664e-05 0.000265774 2.19345e-17
20.62 0 -7.89841e-18 1.66314e-05 4.63455e-05 0.000141539 -1.84824e-17
20.64 0 -1.99245e-18 1.88517e-06 4.65599e-05 1.60434e-05 -6.1623e-17
20.66 0 6.91872e-18 -1.25666e-05 4.56711e-05 -0.000106946 -2.49584e-17
20.68 0 3.1461e-17 -2.64215e-05 4.35271e-05 -0.000224857 1.51219e-17
20.7 0 -3.40533e-18 -3.94695e-05 4.00729e-05 -0.000335899 -1.43577e-18
20.72 0 -7.93335e-18 -5.14891e-05 3.54078e-05 -0.00043819 -1.20132e-17
20.74 0 3.61508e-18 -6.21525e-05 2.97296e-05 -0.000528939 4.90321e-18
20.76 0 4.01137e-18 -7.10149e-05 2.33053e-05 -0.000604361 9.25028e-18
20.78 0 5.69939e-19 -7.75939e-05 1.6514e-05 -0.000660351 2.61809e-18
20.8 0 5.6543e-19 -8.14648e-05 9.85278e-06 -0.000693294 -2.4328e-18
20.82 0 -2.81574e-19 -8.23229e-05 3.8458e-06 -0.000700597 -2.31506e-19
20.84 0 1.35611e-18 -8.0029e-05 -1.06065e-06 -0.000681074 1.13632e-17
20.86 0 -2.05829e-19 -7.46555e-05 -4.56987e-06 -0.000635344 4.92565e-18
20.88 0 2.23939e-18 -6.64921e-05 -6.62459e-06 -0.000565871 2.22187e-17
20.9 0 -7.39496e-18 -5.5972e-05 -7.47008e-06 -0.000476341 2.91488e-18
20.92 0 1.5198e-18 -4.3581e-05 -7.56718e-06 -0.000370889 7.05938e-18
20.94 0 2.84093e-18 -2.97978e-05 -7.38055e-06 -0.00025359 2.9087e-17
20.96 0 -1.34443e-17 -1.50733e-05 -7.22144e-06 -0.000128279 -8.79456e-18
20.98 0 2.65751e-18 1.49604e-07 -7.19164e-06 1.27318e-06 1.8547e-17
21 0 -1.05141e-17 1.5396e-05 -7.13547e-06 0.000131025 4.63177e-18
21.02 0 -5.31971e-18 3.01266e-05 -6.65746e-06 0.000256388 -1.65368e-17
21.04 0 -2.33821e-18 4.37483e-05 -5.31471e-06 0.000372314 -7.39138e-18
21.06 0 2.15047e-18 5.56618e-05 -2.89351e-06 0.000473701 3.95887e-18
21.08 0 -1.36369e-18 6.53173e-05 4.92159e-07 0.000555873 -4.28844e-18
21.1 0 5.58554e-19 7.22651e-05 4.52505e-06 0.000615001 -1.45134e-18
21.12 0 -1.37219e-20 7.62051e-05 8.82412e-06 0.000648532 -3.51005e-18
21.14 0 -6.22475e-19 7.70276e-05 1.29992e-05 0.000655532 6.11159e-18
21.16 0 -4.70841e-18 7.48167e-05 1.66801e-05 0.000636716 -1.04102e-17
21.18 0 -1.08388e-18 6.98034e-05 1.95742e-05 0.000594052 4.92985e-18
21.2 0 -6.10498e-18 6.22864e-05 2.15402e-05 0.000530079 -1.26992e-17
21.22 0 1.07531e-17 5.25497e-05 2.26405e-05 0.000447216 -5.55731e-18
21.24 0 2.37632e-18 4.08373e-05 2.31362e-05 0.00034754 -2.30139e-17
21.26 0 -1.51644e-18 2.74006e-05 2.33988e-05 0.000233189 -7.09168e-18
21.28 0 -1.01293e-18 1.25781e-05 2.37859e-05 0.000107044 -1.55743e-18
21.3 0 1.87375e-17 -3.13836e-06 2.4552e-05 -2.67085e-05 1.09523e-17
21.32 0 -3.43459e-18 -1.90993e-05 2.57932e-05 -0.000162542 -1.77456e-17
21.34 0 2.43913e-18 -3.45733e-05 2.74201e-05 -0.000294231 -6.25244e-18
21.36 0 -7.55416e-18 -4.88698e-05 2.91928e-05 -0.000415899 -3.60606e-18
21.38 0 -2.13705e-19 -6.14292e-05 3.08263e-05 -0.000522784 -3.71827e-18
21.4 0 1.34628e-17 -7.18353e-05 3.21083e-05 -0.000611343 7.70037e-18
21.42 0 2.4396e-18 -7.9782e-05 3.29557e-05 -0.000678972 -1.5036e-18
21.44 0 2.45705e-19 -8.50519e-05 3.3372e-05 -0.000723821 4.55442e-19
21.46 0 2.159e-18 -8.75173e-05 3.33651e-05 -0.000744803 3.89066e-18
21.48 0 4.15201e-19 -8.71459e-05 3.29286e-05 -0.000741642 -3.64025e-18
21.5 0 3.63357e-18 -8.39823e-05 3.21018e-05 -0.000714719 1.41607e-17
21.52 0 -4.44358e-18 -7.80981e-05 3.0991e-05 -0.000664642 -4.00269e-18
21.54 0 1.66957e-18 -6.95186e-05 2.96529e-05 -0.000591628 -3.15827e-18
21.56 0 1.1446e-18 -5.82214e-05 2.79752e-05 -0.000495484 -1.00688e-18
21.58 0 -5.80466e-19 -4.42716e-05 2.57344e-05 -0.000376767 1.38403e-19
21.6 0 -9.55493e-19 -2.80034e-05 2.2777e-05 -0.000238319 2.43628e-18
21.62 0 8.96126e-19 -1.01142e-05 1.91244e-05 -8.60753e-05 4.80297e-18
21.64 0 -2.53879e-18 8.40888e-06 1.4953e-05 7.15625e-05 9.43225e-20
21.66 0 -3.19979e-18 2.6507e-05 1.05271e-05 0.000225584 -4.05198e-18
21.68 0 4.70282e-18 4.33033e-05 6.11211e-06 0.000368526 7.45244e-18
21.7 0 4.58475e-18 5.82432e-05 1.88708e-06 0.00049567 1.55019e-17
21.72 0 9.90449e-20 7.10481e-05 -2.07441e-06 0.000604644 9.85094e-18
21.74 0 -1.80348e-18 8.15538e-05 -5.73949e-06 0.000694052 4.1491e-18
21.76 0 -3.22105e-19 8.95806e-05 -9.03863e-06 0.000762362 5.95192e-18
21.78 0 1.69401e-19 9.49221e-05 -1.18399e-05 0.00080782 3.80369e-18
21.8 0 -1.0925e-19 9.74182e-05 -1.39785e-05 0.000829063 1.94027e-18
21.82 0 -5.1228e-19 9.7024e-05 -1.5333e-05 0.000825708 -1.33543e-18
21.84 0 3.2533e-19 9.38106e-05 -1.5928e-05 0.000798361 5.41344e-18
21.86 0 -2.28708e-18 8.79096e-05 -1.5952e-05 0.000748141 -4.05673e-18
21.88 0 3.35702e-18 7.94388e-05 -1.55899e-05 0.000676052 4.5233e-18
21.9 0 -3.15504e-18 6.84992e-05 -1.48287e-05 0.000582952 6.65203e-18
21.92 0 -4.83266e-18 5.52793e-05 -1.3465e-05 0.000470446 3.12377e-18
21.94 0 -5.04057e-18 4.01638e-05 -1.12762e-05 0.000341808 -8.96943e-18
21.96 0 2.64118e-18 2.37549e-05 -8.13779e-06 0.000202162 2.23805e-18
21.98 0 -1.01034e-17 6.78087e-06 -4.03893e-06 5.77076e-05 -1.6657e-17
22 0 2.24113e-18 -1.00626e-05 9.1348e-07 -8.56361e-05 -2.4632e-18
22.02 0 1.06496e-18 -2.62466e-05 6.5059e-06 -0.000223368 -2.51843e-18
22.04 0 -2.13217e-18 -4.14166e-05 1.24714e-05 -0.000352469 -3.94258e-18
22.06 0 1.10227e-18 -5.52583e-05 1.8533e-05 -0.000470267 -4.55232e-18
22.08 0 -3.4679e-19 -6.73463e-05 2.43951e-05 -0.000573141 1.23649e-18
22.1 0 6.24341e-18 -7.71228e-05 2.97388e-05 -0.000656342 2.26135e-18
22.12 0 -4.37165e-18 -8.40298e-05 3.42765e-05 -0.000715123 -9.25269e-18
22.14 0 -1.1562e-19 -8.76971e-05 3.78392e-05 -0.000746333 2.04282e-18
22.16 0 -1.82277e-19 -8.80628e-05 4.04352e-05 -0.000749445 -1.04647e-17
22.18 0 3.72519e-18 -8.53498e-05 4.22388e-05 -0.000726357 1.52425e-17
22.2 0 -3.85818e-18 -7.98983e-05 4.34711e-05 -0.000679963 7.20762e-18
22.22 0 3.23431e-18 -7.19559e-05 4.41624e-05 -0.000612369 4.99226e-18
22.24 0 -4.82217e-19 -6.15759e-05 4.39928e-05 -0.000524032 7.35767e-18
22.26 0 -1.09073e-18 -4.87404e-05 4.24489e-05 -0.000414798 7.26622e-18
22.28 0 -5.37826e-19 -3.35824e-05 3.92081e-05 -0.000285798 -6.40785e-19
22.3 0 1.38177e-18 -1.65067e-05 3.43765e-05 -0.000140478 7.60955e-18
22.32 0 6.71657e-19 1.8237e-06 2.8416e-05 1.55203e-05 2.577e-18
22.34 0 5.01037e-18 2.05664e-05 2.19374e-05 0.000175028 6.11078e-18
22.36 0 -3.90097e-18 3.87923e-05 1.55152e-05 0.000330136 -6.42185e-18
22.38 0 6.26934e-19 5.55936e-05 9.54702e-06 0.000473121 8.04566e-18
22.4 0 9.91472e-19 7.02019e-05 4.20142e-06 0.000597443 5.23887e-18
22.42 0 -6.43734e-18 8.20885e-05 -5.07741e-07 0.000698602 -7.25664e-18
22.44 0 5.68599e-18 9.10169e-05 -4.59708e-06 0.000774585 1.11325e-17
22.46 0 -3.48107e-18 9.70129e-05 -8.05127e-06 0.000825614 5.06082e-18
22.48 0 -3.80883e-18 0.000100255 -1.08287e-05 0.000853204 7.39656e-18
22.5 0 -3.65895e-18 0.000100938 -1.28719e-05 0.000859021 2.46091e-18
22.52 0 3.87544e-18 9.91763e-05 -1.41117e-05 0.000844025 1.61729e-17
22.54 0 1.23292e-18 9.49423e-05 -1.44733e-05 0.000807992 1.31627e-17
22.56 0 -5.43609e-18 8.80584e-05 -1.38582e-05 0.000749408 -9.96209e-18
22.58 0 3.6012e-18 7.828e-05 -1.2166e-05 0.00066619 8.23435e-18
22.6 0 -4.16882e-18 6.55332e-05 -9.40308e-06 0.000557711 -4.81646e-18
22.62 0 1.82641e-18 5.01416e-05 -5.76401e-06 0.000426723 -9.09793e-18
22.64 0 -3.13674e-18 3.28548e-05 -1.5719e-06 0.000279606 -3.91553e-18
22.66 0 2.09793e-18 1.47095e-05 2.83467e-06 0.000125183 8.91314e-18
22.68 0 1.04426e-18 -3.18482e-06 7.12822e-06 -2.71039e-05 2.78763e-18
22.7 0 -1.15996e-18 -1.98847e-05 1.09982e-05 -0.000169225 -9.1262e-19
22.72 0 3.57308e-19 -3.48103e-05 1.4229e-05 -0.000296248 1.24687e-18
22.74 0 -8.53863e-19 -4.77787e-05 1.67845e-05 -0.000406614 1.31081e-18
22.76 0 -5.21664e-19 -5.88401e-05 1.87948e-05 -0.00050075 1.41002e-19
22.78 0 6.55497e-19 -6.80469e-05 2.04579e-05 -0.000579103 1.46244e-18
22.8 0 2.05785e-19 -7.5296e-05 2.19356e-05 -0.000640795 7.48581e-19
22.82 0 -1.90097e-18 -8.02851e-05 2.32929e-05 -0.000683254 -1.2906e-18
22.84 0 1.09629e-18 -8.25663e-05 2.44935e-05 -0.000702668 1.20307e-18
22.86 0 -1.13137e-18 -8.16774e-05 2.54374e-05 -0.000695103 -1.8714e-18
22.88 0 2.71178e-18 -7.73041e-05 2.59839e-05 -0.000657885 3.1603e-18
22.9 0 -7.8508e-19 -6.94133e-05 2.59617e-05 -0.000590732 1.02346e-18
22.92 0 5.74689e-19 -5.83161e-05 2.52617e-05 -0.00049629 2.49288e-18
22.94 0 -3.96584e-19 -4.46639e-05 2.39661e-05 -0.000380105 4.16276e-19
22.96 0 -1.65643e-18 -2.93431e-05 2.23327e-05 -0.00024972 -2.86567e-18
22.98 0 3.98439e-18 -1.32774e-05 2.06291e-05 -0.000112995 -1.25482e-18
23 0 -2.05166e-18 2.74447e-06 1.90125e-05 2.33564e-05 1.43953e-18
23.02 0 2.47184e-18 1.81511e-05 1.75472e-05 0.000154472 3.33914e-18
23.04 0 5.66238e-19 3.25878e-05 1.62586e-05 0.000277334 1.17988e-18
23.06 0 5.78882e-18 4.58573e-05 1.5155e-05 0.000390261 -1.25018e-18
23.08 0 4.55273e-18 5.77961e-05 1.42508e-05 0.000491865 -1.18983e-18
23.1 0 -1.86471e-18 6.81312e-05 1.35903e-05 0.00057982 1.89228e-18
23.12 0 3.80471e-18 7.64146e-05 1.32312e-05 0.000650315 9.44249e-18
23.14 0 -3.53858e-18 8.21025e-05 1.32089e-05 0.000698721 9.25033e-18
23.16 0 -1.3092e-17 8.47285e-05 1.35311e-05 0.000721069 -1.87413e-17
23.18 0 -2.27698e-18 8.4057e-05 1.41845e-05 0.000715354 -2.74124e-17
23.2 0 2.14585e-18 8.01422e-05 1.51207e-05 0.000682038 -5.23778e-19
23.22 0 6.48208e-18 7.32923e-05 1.62573e-05 0.000623743 4.74405e-18
23.24 0 7.93147e-18 6.39664e-05 1.74858e-05 0.000544376 1.13455e-17
23.26 0 -4.61886e-18 5.26784e-05 1.86462e-05 0.000448311 4.91459e-19
23.28 0 9.12711e-19 3.99455e-05 1.951e-05 0.00033995 3.60932e-18
23.3 0 -1.43031e-17 2.62509e-05 1.98667e-05 0.000223404 -1.94445e-19
23.32 0 3.26099e-18 1.20169e-05 1.96613e-05 0.000102268 -2.31307e-18
23.34 0 -7.82453e-19 -2.39871e-06 1.90089e-05 -2.04139e-05 -1.1863e-17
23.36 0 -3.65355e-18 -1.66732e-05 1.80763e-05 -0.000141895 -2.05244e-17
23.38 0 -2.16818e-19 -3.047e-05 1.69641e-05 -0.00025931 -5.26118e-18
23.4 0 -1.71107e-18 -4.33868e-05 1.56657e-05 -0.000369237 -6.30348e-18
23.42 0 8.16008e-19 -5.49229e-05 1.40847e-05 -0.000467413 -1.08326e-18
23.44 0 9.05006e-19 -6.44984e-05 1.21087e-05 -0.000548904 1.50728e-18
23.46 0 -5.1135e-20 -7.15439e-05 9.72982e-06 -0.000608864 -4.84492e-18
23.48 0 4.06571e-18 -7.56249e-05 7.13452e-06 -0.000643594 -6.70378e-19
23.5 0 3.92056e-18 -7.65355e-05 4.66766e-06 -0.000651344 -7.97014e-19
23.52 0 2.04637e-18 -7.43275e-05 2.68457e-06 -0.000632553 -1.39364e-17
23.54 0 9.17217e-18 -6.92781e-05 1.38586e-06 -0.000589581 1.5329e-17
23.56 0 -3.79865e-18 -6.18058e-05 7.15175e-07 -0.000525989 1.42693e-17
23.58 0 8.35685e-19 -5.23476e-05 3.87062e-07 -0.000445496 -6.07741e-18
23.6 0 -4.97901e-18 -4.12731e-05 6.52265e-08 -0.000351248 -6.22282e-18
23.62 0 -2.10402e-18 -2.88726e-05 -4.10483e-07 -0.000245716 5.45133e-18
23.64 0 4.07235e-18 -1.53967e-05 -9.4305e-07 -0.000131031 1.43215e-17
23.66 0 -4.89759e-18 -1.12488e-06 -1.27161e-06 -9.57315e-06 5.5594e-18
23.68 0 -2.54708e-18 1.35553e-05 -1.10242e-06 0.00011536 3.87923e-18
23.7 0 -3.58697e-18 2.8097e-05 -1.94188e-07 0.000239115 -7.75554e-19
23.72 0 -9.30398e-19 4.18195e-05 1.58782e-06 0.000355898 3.76507e-19
23.74 0 -5.81993e-19 5.40023e-05 4.22446e-06 0.000459579 6.11748e-18
23.76 0 -6.87723e-19 6.39976e-05 7.53227e-06 0.000544642 6.24395e-18
23.78 0 -7.04075e-18 7.13243e-05 1.11905e-05 0.000606995 -9.37157e-18
23.8 0 8.94314e-18 7.57353e-05 1.47911e-05 0.000644534 8.77512e-18
23.82 0 -5.36297e-18 7.72296e-05 1.79186e-05 0.000657251 -6.54992e-19
23.84 0 6.49859e-18 7.59966e-05 2.02642e-05 0.000646758 -1.92951e-17
23.86 0 -1.31886e-17 7.23187e-05 2.17302e-05 0.000615458 -1.31853e-17
23.88 0 -4.42981e-18 6.64883e-05 2.2476e-05 0.000565838 -3.79234e-17
23.9 0 1.33087e-17 5.87509e-05 2.28789e-05 0.000499991 5.10651e-18
23.92 0 5.93746e-18 4.92859e-05 2.3377e-05 0.00041944 6.82686e-18
23.94 0 -1.51182e-18 3.82418e-05 2.42316e-05 0.000325451 -1.6084e-17
23.96 0 -1.26523e-17 2.58047e-05 2.53497e-05 0.000219607 -5.87236e-17
23.98 0 9.68762e-18 1.22719e-05 2.63149e-05 0.000104438 -9.18177e-18
24 0 -1.4149e-18 -1.89233e-06 2.66083e-05 -1.61044e-05 -2.8352e-17
24.02 0 -5.66246e-18 -1.60418e-05 2.58764e-05 -0.000136521 -6.73767e-18
24.04 0 2.19125e-18 -2.94145e-05 2.41004e-05 -0.000250327 2.17634e-18
24.06 0 -4.49441e-18 -4.12894e-05 2.15719e-05 -0.000351387 -1.89029e-17
24.08 0 2.7765e-18 -5.11631e-05 1.87095e-05 -0.000435416 9.20504e-18
24.1 0 -3.21262e-18 -5.88431e-05 1.58686e-05 -0.000500775 9.65419e-18
24.12 0 7.00609e-19 -6.43994e-05 1.32703e-05 -0.000548061 3.21801e-18
24.14 0 2.79146e-19 -6.80054e-05 1.10413e-05 -0.000578749 5.53675e-20
24.16 0 -7.7252e-19 -6.97553e-05 9.26775e-06 -0.000593642 -1.11758e-18
24.18 0 3.11143e-19 -6.95706e-05 8.01235e-06 -0.00059207 3.68837e-18
24.2 0 5.1996e-18 -6.72552e-05 7.30772e-06 -0.000572365 1.36576e-17
24.22 0 -9.90763e-19 -6.26561e-05 7.12531e-06 -0.000533225 5.84724e-18
24.24 0 -3.32289e-18 -5.57951e-05 7.32698e-06 -0.000474836 6.82083e-18
24.26 0 -2.02837e-18 -4.68939e-05 7.67407e-06 -0.000399083 3.6017e-18
24.28 0 -8.65784e-19 -3.63173e-05 7.93985e-06 -0.000309073 -1.08762e-17
24.3 0 4.20232e-19 -2.45039e-05 8.04541e-06 -0.000208537 -2.06359e-17
24.32 0 4.84617e-18 -1.19385e-05 8.10205e-06 -0.000101601 -1.09716e-17
24.34 0 4.7502e-18 8.46582e-07 8.34896e-06 7.2047e-06 7.7224e-18
24.36 0 1.89566e-18 1.32972e-05 9.03798e-06 0.000113164 1.42991e-18
24.38 0 -7.54664e-19 2.49142e-05 1.03041e-05 0.000212028 -4.22383e-18
24.4 0 3.45309e-19 3.53371e-05 1.20734e-05 0.000300731 1.60234e-19
24.42 0 3.43229e-19 4.43732e-05 1.40649e-05 0.000377631 2.15841e-18
24.44 0 6.28714e-18 5.19516e-05 1.58952e-05 0.000442126 1.16059e-17
24.46 0 -3.56936e-18 5.80247e-05 1.72274e-05 0.00049381 -8.67046e-20
24.48 0 -2.88174e-19 6.24647e-05 1.78901e-05 0.000531597 -1.7127e-17
24.5 0 -1.14226e-18 6.50289e-05 1.79238e-05 0.000553419 -1.03946e-17
24.52 0 2.40099e-18 6.54436e-05 1.75321e-05 0.000556948 -7.15981e-18
24.54 0 1.59276e-19 6.35583e-05 1.69527e-05 0.000540903 -1.64944e-18
24.56 0 8.65536e-18 5.94437e-05 1.63176e-05 0.000505886 3.31826e-17
24.58 0 -1.54667e-17 5.33655e-05 1.56024e-05 0.000454159 -7.75991e-18
24.6 0 6.5939e-18 4.56865e-05 1.46858e-05 0.000388808 3.08281e-18
24.62 0 -1.95626e-17 3.67938e-05 1.34498e-05 0.000313128 -2.1339e-17
24.64 0 5.98531e-18 2.7071e-05 1.18603e-05 0.000230384 -1.79439e-17
24.66 0 9.10999e-18 1.6882e-05 1.00081e-05 0.000143672 1.91921e-17
24.68 0 4.54166e-18 6.55286e-06 8.0984e-06 5.57671e-05 2.17029e-17
24.7 0 4.46908e-18 -3.64419e-06 6.35945e-06 -3.10133e-05 -7.27576e-18
24.72 0 -2.4633e-19 -1.34911e-05 4.93012e-06 -0.000114814 -1.69342e-18
24.74 0 -1.39882e-18 -2.27955e-05 3.82501e-06 -0.000193998 -3.65292e-18
24.76 0 1.99695e-18 -3.13416e-05 2.98068e-06 -0.000266728 1.00216e-18
24.78 0 4.96951e-19 -3.88578e-05 2.31504e-06 -0.000330694 3.83954e-19
24.8 0 -1.81913e-19 -4.50304e-05 1.76841e-06 -0.000383225 -2.95352e-18
24.82 0 3.9052e-18 -4.95554e-05 1.34216e-06 -0.000421734 -6.86609e-18
24.84 0 -2.83307e-18 -5.2203e-05 1.1267e-06 -0.000444266 1.45416e-19
24.86 0 -1.8109e-18 -5.28757e-05 1.28063e-06 -0.000449991 5.63465e-18
24.88 0 8.34627e-18 -5.16388e-05 1.95984e-06 -0.000439464 2.00102e-18
24.9 0 1.02898e-17 -4.86976e-05 3.24747e-06 -0.000414433 4.15954e-17
24.92 0 5.13558e-18 -4.43229e-05 5.11182e-06 -0.000377203 2.74564e-18
24.94 0 1.26785e-17 -3.87641e-05 7.37787e-06 -0.000329896 2.00549e-17
24.96 0 -4.20059e-18 -3.22048e-05 9.7332e-06 -0.000274074 2.88567e-18
24.98 0 9.99738e-18 -2.47772e-05 1.18254e-05 -0.000210862 3.23134e-18
25 0 2.60118e-18 -1.66096e-05 1.34181e-05 -0.000141354 -1.55694e-18
25.02 0 -2.40196e-18 -7.87664e-06 1.44865e-05 -6.70329e-05 -1.68456e-17
25.04 0 5.54481e-19 1.17067e-06 1.52156e-05 9.96278e-06 -7.52282e-18
25.06 0 2.37967e-18 1.01984e-05 1.5936e-05 8.67922e-05 -2.47212e-18
25.08 0 -9.84796e-19 1.88181e-05 1.70031e-05 0.000160148 7.20395e-18
25.1 0 5.10723e-19 2.66416e-05 1.8636e-05 0.00022673 1.20385e-17
25.12 0 -4.25755e-18 3.33372e-05 2.08036e-05 0.000283711 -2.1671e-18
25.14 0 3.08137e-18 3.86624e-05 2.32508e-05 0.000329031 8.77223e-18
25.16 0 6.37265e-18 4.24767e-05 2.56368e-05 0.000361491 2.17345e-17
25.18 0 -1.17606e-17 4.47409e-05 2.76729e-05 0.000380761 -4.7536e-17
25.2 0 1.53377e-17 4.55044e-05 2.91882e-05 0.000387258 -4.02123e-17
25.22 0 -1.27969e-17 4.48697e-05 3.01316e-05 0.000381857 -1.85875e-17
25.24 0 1.95969e-17 4.29449e-05 3.05435e-05 0.000365476 -9.70424e-18
25.26 0 7.44818e-18 3.98051e-05 3.05241e-05 0.000338755 1.62013e-17
25.28 0 1.11163e-17 3.54901e-05 3.02151e-05 0.000302033 1.05733e-17
25.3 0 -2.14721e-17 3.00485e-05 2.97746e-05 0.000255723 -1.78634e-17
25.32 0 -1.31133e-17 2.36101e-05 2.92965e-05 0.00020093 -2.64443e-17
25.34 0 1.26581e-17 1.64323e-05 2.87026e-05 0.000139844 8.21963e-18
25.36 0 1.12979e-17 8.88064e-06 2.77394e-05 7.55773e-05 -5.26544e-18
25.38 0 1.54235e-17 1.35432e-06 2.61058e-05 1.15257e-05 3.48968e-17
25.4 0 6.26612e-18 -5.79082e-06 2.36028e-05 -4.92819e-05 2.01328e-17
25.42 0 2.51073e-18 -1.22753e-05 2.01741e-05 -0.000104467 1.15762e-17
25.44 0 4.24239e-18 -1.78953e-05 1.58821e-05 -0.000152295 4.93267e-18
25.46 0 -6.36093e-18 -2.25119e-05 1.09184e-05 -0.000191584 2.36732e-19
25.48 0 1.77553e-18 -2.60378e-05 5.63067e-06 -0.000221591 -4.89542e-18
25.5 0 1.99425e-19 -2.84218e-05 4.8709e-07 -0.000241879 -6.98027e-18
25.52 0 2.09584e-18 -2.96383e-05 -4.04022e-06 -0.000252232 -3.7513e-18
25.54 0 1.4187e-17 -2.96903e-05 -7.59513e-06 -0.000252675 2.53031e-17
25.56 0 8.48104e-18 -2.86113e-05 -9.99574e-06 -0.000243492 -1.43411e-18
25.58 0 5.42097e-18 -2.64531e-05 -1.12392e-05 -0.000225125 -4.30999e-18
25.6 0 -5.91135e-18 -2.32738e-05 -1.14809e-05 -0.000198068 4.11965e-18
25.62 0 -1.39499e-17 -1.91509e-05 -1.0983e-05 -0.000162981 1.62653e-17
25.64 0 -6.50928e-19 -1.42222e-05 -1.00281e-05 -0.000121036 1.08582e-17
25.66 0 2.06188e-17 -8.71722e-06 -8.8218e-06 -7.41866e-05 1.72369e-17
25.68 0 -6.36278e-18 -2.93834e-06 -7.41554e-06 -2.50063e-05 1.40253e-17
25.7 0 -3.75796e-18 2.80697e-06 -5.67415e-06 2.38883e-05 4.5621e-18
25.72 0 -6.35012e-18 8.27882e-06 -3.33679e-06 7.04557e-05 -2.21057e-18
25.74 0 -1.11052e-17 1.33468e-05 -1.79001e-07 0.000113586 -1.69966e-17
25.76 0 3.05562e-18 1.79767e-05 3.87019e-06 0.000152988 -3.9305e-18
25.78 0 -2.31391e-19 2.21693e-05 8.74742e-06 0.000188668 3.29874e-18
25.8 0 -2.23429e-18 2.58933e-05 1.42954e-05 0.000220361 4.03113e-18
25.82 0 2.34835e-18 2.90496e-05 2.02284e-05 0.000247223 -9.14391e-19
25.84 0 1.3436e-17 3.14832e-05 2.61027e-05 0.000267933 2.7113e-17
25.86 0 -1.40763e-17 3.3035e-05 3.1404e-05 0.000281139 -2.18608e-19
25.88 0 1.95254e-17 3.36074e-05 3.56923e-05 0.000286011 -2.95788e-18
25.9 0 5.29174e-19 3.31991e-05 3.86772e-05 0.000282536 3.42937e-17
25.92 0 1.67359e-17 3.18845e-05 4.0228e-05 0.000271348 1.93556e-17
25.94 0 1.72507e-17 2.97589e-05 4.03976e-05 0.000253258 7.83062e-18
25.96 0 2.16432e-18 2.68931e-05 3.94498e-05 0.00022887 2.06082e-17
25.98 0 2.08025e-17 2.33245e-05 3.78165e-05 0.000198499 4.78601e-17
26 0 3.37451e-18 1.90814e-05 3.59734e-05 0.000162389 3.87194e-17
26.02 0 -6.99735e-18 1.42287e-05 3.42847e-05 0.000121091 -1.9755e-17
26.04 0 6.08177e-18 8.90116e-06 3.28476e-05 7.5752e-05 3.17434e-17
26.06 0 -3.30276e-17 3.30168e-06 3.14089e-05 2.80984e-05 -5.69913e-18
26.08 0 -8.53019e-18 -2.33763e-06 2.94599e-05 -1.98941e-05 -3.69346e-17
26.1 0 -3.08714e-18 -7.79868e-06 2.65265e-05 -6.63695e-05 -1.36657e-17
26.12 0 5.0519e-18 -1.28799e-05 2.24288e-05 -0.000109613 -2.82251e-17
26.14 0 -1.13752e-18 -1.73793e-05 1.73136e-05 -0.000147904 2.91633e-18
26.16 0 8.44393e-18 -2.11093e-05 1.15645e-05 -0.000179648 1.33517e-17
26.18 0 2.5865e-19 -2.39426e-05 5.72488e-06 -0.00020376 8.84592e-18
26.2 0 -1.23217e-18 -2.58425e-05 4.16882e-07 -0.000219928 2.24691e-18
26.22 0 -6.09864e-18 -2.68521e-05 -3.79751e-06 -0.000228521 -3.59593e-18
26.24 0 2.03465e-18 -2.70546e-05 -6.54159e-06 -0.000230244 -3.12348e-18
26.26 0 -4.21709e-18 -2.65229e-05 -7.66584e-06 -0.000225719 7.15112e-18
26.28 0 -7.56563e-18 -2.52869e-05 -7.25243e-06 -0.0002152 2.35335e-18
26.3 0 4.72745e-19 -2.33496e-05 -5.62442e-06 -0.000198714 -1.75877e-17
26.32 0 1.1293e-17 -2.0751e-05 -3.2996e-06 -0.000176598 2.1436e-17
26.34 0 9.58136e-18 -1.76198e-05 -8.38244e-07 -0.000149951 -4.06499e-19
26.36 0 1.8219e-18 -1.41612e-05 1.3501e-06 -0.000120517 4.6955e-18
26.38 0 1.44897e-17 -1.05845e-05 3.14225e-06 -9.00778e-05 1.89371e-17
26.4 0 -6.28487e-18 -7.02731e-06 4.71789e-06 -5.98048e-05 3.99932e-19
26.42 0 -7.40968e-18 -3.52704e-06 6.44992e-06 -3.00163e-05 -1.53978e-17
26.44 0 -1.22296e-18 -4.42008e-08 8.69172e-06 -3.76164e-07 -3.88872e-18
26.46 0 2.72231e-18 3.48281e-06 1.16058e-05 2.964e-05 -4.16543e-18
26.48 0 9.92449e-19 7.08293e-06 1.51526e-05 6.02782e-05 -2.93374e-20
26.5 0 -2.57588e-18 1.07235e-05 1.91443e-05 9.12605e-05 -2.4446e-18
26.52 0 3.95834e-18 1.43013e-05 2.3257e-05 0.000121709 2.43446e-18
26.54 0 4.43032e-18 1.76429e-05 2.70382e-05 0.000150147 -9.13699e-18
26.56 0 2.83067e-18 2.052e-05 3.00064e-05 0.000174633 1.27664e-17
26.58 0 -4.92656e-19 2.2696e-05 3.18099e-05 0.000193151 7.04231e-18
26.6 0 1.17256e-17 2.39922e-05 3.2324e-05 0.000204182 1.71427e-17
26.62 0 4.09006e-18 2.43462e-05 3.16465e-05 0.000207194 6.69744e-17
26.64 0 -6.22093e-19 2.38339e-05 3.00478e-05 0.000202835 7.47189e-17
26.66 0 -3.48759e-17 2.26415e-05 2.79108e-05 0.000192687 -2.53677e-17
26.68 0 8.80844e-19 2.09871e-05 2.56525e-05 0.000178608 1.75073e-17
26.7 0 -2.49967e-17 1.90263e-05 2.36253e-05 0.000161921 -7.45244e-18
26.72 0 -2.36164e-17 1.67998e-05 2.20186e-05 0.000142972 -5.59605e-17
26.74 0 4.08914e-18 1.42575e-05 2.07849e-05 0.000121336 -1.47004e-17
26.76 0 -2.45905e-17 1.13362e-05 1.96411e-05 9.64749e-05 -6.17069e-18
26.78 0 -4.9572e-18 8.02895e-06 1.81987e-05 6.83292e-05 -7.06505e-18
26.8 0 1.32219e-17 4.41312e-06 1.61333e-05 3.75572e-05 6.2032e-18
26.82 0 2.30591e-18 6.50391e-07 1.32723e-05 5.53506e-06 2.89054e-17
26.84 0 -6.13635e-18 -3.03482e-06 9.61964e-06 -2.58274e-05 8.87898e-19
26.86 0 -1.21286e-18 -6.3976e-06 5.38555e-06 -5.44458e-05 5.33326e-18
26.88 0 -2.70198e-18 -9.22778e-06 9.9184e-07 -7.85316e-05 2.13844e-18
26.9 0 2.68973e-19 -1.13981e-05 -3.02493e-06 -9.70015e-05 3.52921e-18
26.92 0 -4.92188e-18 -1.28877e-05 -6.17318e-06 -0.000109679 7.58087e-18
26.94 0 4.77303e-18 -1.3769e-05 -8.1168e-06 -0.000117179 1.97327e-18
26.96 0 -8.2414e-18 -1.41576e-05 -8.71104e-06 -0.000120486 1.27431e-17
26.98 0 -8.15737e-18 -1.41514e-05 -8.02036e-06 -0.000120433 -6.87444e-19
27 0 -1.13046e-17 -1.37948e-05 -6.32571e-06 -0.000117398 -1.06232e-17
27.02 0 -3.53781e-18 -1.30782e-05 -4.0716e-06 -0.0001113 -1.66688e-17
27.04 0 -1.53366e-19 -1.19581e-05 -1.74544e-06 -0.000101768 8.76283e-18
27.06 0 1.17958e-17 -1.03831e-05 2.65637e-07 -8.83637e-05 2.77975e-17
27.08 0 -4.20427e-18 -8.32546e-06 1.7933e-06 -7.08525e-05 4.59669e-18
27.1 0 2.63147e-18 -5.81598e-06 2.94518e-06 -4.9496e-05 -1.44193e-17
27.12 0 -7.25028e-20 -2.95445e-06 4.04545e-06 -2.51434e-05 -7.60448e-18
27.14 0 -6.73035e-18 1.14784e-07 5.45366e-06 9.76855e-07 -4.1362e-18
27.16 0 2.71515e-19 3.24206e-06 7.42906e-06 2.7591e-05 -6.04783e-18
27.18 0 1.41288e-18 6.31287e-06 1.01078e-05 5.37247e-05 -2.59547e-18
27.2 0 2.23343e-18 9.26988e-06 1.34631e-05 7.88899e-05 1.37229e-18
27.22 0 2.41219e-18 1.20952e-05 1.72223e-05 0.000102934 2.21506e-18
27.24 0 -5.05415e-18 1.47541e-05 2.08837e-05 0.000125563 1.18116e-17
27.26 0 1.8829e-18 1.715e-05 2.39052e-05 0.000145953 1.38713e-17
27.28 0 4.17838e-20 1.91362e-05 2.59132e-05 0.000162855 3.94655e-18
27.3 0 1.37566e-17 2.0571e-05 2.67857e-05 0.000175066 2.41714e-17
27.32 0 1.01515e-17 2.13614e-05 2.66375e-05 0.000181793 1.5325e-17
27.34 0 2.06534e-17 2.14695e-05 2.57835e-05 0.000182713 3.57567e-17
27.36 0 -1.21192e-17 2.09053e-05 2.46644e-05 0.000177911 7.15907e-18
27.38 0 -4.9417e-18 1.97247e-05 2.37138e-05 0.000167864 -2.5165e-17
27.4 0 2.28756e-17 1.80219e-05 2.32186e-05 0.000153373 1.37113e-17
27.42 0 1.08836e-17 1.59086e-05 2.32314e-05 0.000135388 4.24123e-17
27.44 0 -1.19038e-17 1.34881e-05 2.35465e-05 0.000114789 -8.95145e-18
27.46 0 1.71124e-17 1.08386e-05 2.3751e-05 9.22403e-05 5.72233e-18
27.48 0 -1.13125e-17 8.00318e-06 2.33809e-05 6.81099e-05 -7.71673e-18
27.5 0 -5.50702e-18 4.99879e-06 2.21019e-05 4.25415e-05 -1.36458e-17
27.52 0 1.32099e-17 1.84939e-06 1.97927e-05 1.57389e-05 -6.40402e-19
27.54 0 -5.52521e-19 -1.37708e-06 1.65467e-05 -1.17195e-05 -1.56764e-18
27.56 0 1.03115e-18 -4.55279e-06 1.26656e-05 -3.87458e-05 4.64578e-18
27.58 0 -4.1616e-19 -7.50343e-06 8.6292e-06 -6.38568e-05 8.73438e-19
27.6 0 -1.04053e-18 -1.00412e-05 4.97624e-06 -8.54538e-05 -2.09155e-18
27.62 0 -2.6038e-19 -1.20062e-05 2.13574e-06 -0.000102177 9.40798e-18
27.64 0 -4.61367e-19 -1.33055e-05 3.18426e-07 -0.000113234 -6.1835e-18
27.66 0 4.39126e-18 -1.39314e-05 -4.93772e-07 -0.000118561 9.2835e-19
27.68 0 1.80152e-18 -1.39506e-05 -5.05377e-07 -0.000118724 -1.66394e-17
27.7 0 -8.39002e-18 -1.34693e-05 -3.94842e-08 -0.000114628 -1.9806e-17
27.72 0 -1.25992e-17 -1.25946e-05 5.57924e-07 -0.000107184 -2.37703e-17
27.74 0 1.33726e-17 -1.1402e-05 1.01835e-06 -9.70351e-05 1.85615e-17
27.76 0 1.10125e-17 -9.91913e-06 1.22284e-06 -8.44153e-05 3.49873e-17
27.78 0 9.12693e-18 -8.13217e-06 1.24046e-06 -6.92076e-05 4.03788e-17
27.8 0 -6.38889e-18 -6.01563e-06 1.3226e-06 -5.11951e-05 -3.28792e-19
27.82 0 -1.43417e-18 -3.56195e-06 1.81455e-06 -3.03134e-05 1.44911e-18
27.84 0 -1.75989e-18 -7.97664e-07 3.02217e-06 -6.7884e-06 -4.23439e-18
27.86 0 -4.15207e-19 2.2089e-06 5.12253e-06 1.87985e-05 2.82801e-19
27.88 0 5.01201e-18 5.34373e-06 8.12188e-06 4.5477e-05 1.57317e-19
27.9 0 -8.87077e-18 8.45142e-06 1.18229e-05 7.19245e-05 -7.44316e-18
27.92 0 -1.92508e-18 1.13563e-05 1.5829e-05 9.66458e-05 -2.94775e-18
27.94 0 -1.33563e-18 1.38955e-05 1.96457e-05 0.000118256 -1.503e-18
27.96 0 3.92983e-18 1.595e-05 2.28405e-05 0.00013574 -2.36367e-18
27.98 0 -5.79614e-18 1.74604e-05 2.51549e-05 0.000148594 -1.53599e-17
28 0 6.05307e-18 1.84258e-05 2.65264e-05 0.00015681 2.15763e-17
28.02 0 -1.29769e-17 1.8887e-05 2.7066e-05 0.000160735 -2.24739e-17
28.04 0 2.73026e-17 1.88989e-05 2.70144e-05 0.000160837 9.40787e-18
28.06 0 -1.15194e-17 1.85061e-05 2.66658e-05 0.000157493 -2.12576e-17
28.08 0 -3.21424e-17 1.77289e-05 2.62736e-05 0.000150879 -4.41656e-17
28.1 0 1.15208e-17 1.65667e-05 2.59749e-05 0.000140988 1.59887e-17
28.12 0 -3.7076e-17 1.50087e-05 2.5752e-05 0.000127729 -4.0744e-17
28.14 0 -6.17846e-21 1.3053e-05 2.54288e-05 0.000111085 -2.07428e-17
28.16 0 6.32961e-18 1.0722e-05 2.47342e-05 9.12481e-05 5.91576e-18
28.18 0 1.87403e-17 8.07245e-06 2.34154e-05 6.86993e-05 1.76586e-17
28.2 0 -5.38309e-18 5.1974e-06 2.13228e-05 4.42316e-05 1.20328e-17
28.22 0 -5.13108e-18 2.22008e-06 1.84465e-05 1.88936e-05 -2.54786e-18
28.24 0 2.92636e-18 -7.19252e-07 1.49356e-05 -6.12108e-06 -5.17851e-18
28.26 0 -2.36618e-19 -3.47913e-06 1.11019e-05 -2.96086e-05 1.15324e-18
28.28 0 -2.15075e-18 -5.93174e-06 7.35991e-06 -5.04811e-05 3.42946e-18
28.3 0 2.72047e-18 -7.97511e-06 4.10762e-06 -6.7871e-05 8.33218e-18
28.32 0 -2.84414e-18 -9.54105e-06 1.62229e-06 -8.11977e-05 -2.20418e-19
28.34 0 9.79236e-19 -1.0597e-05 2.05211e-08 -9.01841e-05 -1.52697e-18
28.36 0 5.13494e-18 -1.11415e-05 -7.36103e-07 -9.48176e-05 -5.48789e-18
28.38 0 -7.25997e-19 -1.1195e-05 -8.13234e-07 -9.52732e-05 -6.98967e-18
28.4 0 1.63171e-17 -1.07915e-05 -4.46216e-07 -9.18391e-05 2.24864e-17
28.42 0 -9.18629e-18 -9.97279e-06 1.44319e-07 -8.48719e-05 -1.21267e-17
28.44 0 -9.54322e-18 -8.78578e-06 8.29037e-07 -7.47701e-05 -9.1151e-18
28.46 0 -1.16273e-18 -7.27717e-06 1.60956e-06 -6.19313e-05 -1