0.02 0.0645526 -0.0165696 -0.619152 0.0134055 -0.619152 -0.0165696
0.04 0.532979 0.00964446 -8.48859 0.145383 -8.48859 0.00964446
0.06 1.61142 1.20674 -42.4151 0.661255 -42.4151 1.20674
0.08 0.776208 8.00443 -115.721 1.78984 -115.721 8.00443
0.1 -10.439 31.3247 -198.914 3.55497 -198.914 31.3247
0.12 -44.4731 90.9336 -224.757 6.05479 -224.757 90.9336
0.14 -110.475 204.688 -156.733 8.77873 -156.733 204.688
0.16 -212.064 357.747 -39.196 7.92813 -39.196 357.747
0.18 -354.265 484.218 42.3854 -4.72609 42.3854 484.218
0.2 -546.309 501.104 43.5252 -37.5366 43.5252 501.104
0.22 -789.527 378.431 -13.9829 -92.2969 -13.9829 378.431
0.24 -1063.27 180.533 -90.0597 -162.254 -90.0597 180.533
0.26 -1331.28 23.9358 -174.313 -236.595 -174.313 23.9358
0.28 -1568.33 -25.4967 -277.157 -305.848 -277.157 -25.4967
0.3 -1778.46 -4.20658 -385.627 -362.951 -385.627 -4.20658
0.32 -1981.45 22.1504 -443.776 -401.78 -443.776 22.1504
0.34 -2183.9 59.096 -387.201 -418.223 -387.201 59.096
0.36 -2371.55 162.357 -204.659 -413.707 -204.659 162.357
0.38 -2528.24 330.957 30.4175 -396.925 30.4175 330.957
0.4 -2651.1 481.654 193.686 -382.764 193.686 481.654
0.42 -2746.69 530.065 186.298 -390.056 186.298 530.065
0.44 -2825.33 440.22 -4.6953 -436.042 -4.6953 440.22
0.46 -2901.14 200.344 -293.829 -525.109 -293.829 200.344
0.48 -2979.6 -160.57 -525.472 -638.606 -525.472 -160.57
0.5 -3031.87 -493.491 -549.653 -738.734 -549.653 -493.491
0.52 -2994.36 -554.279 -346.598 -790.217 -346.598 -554.279
0.54 -2819.66 -218.429 -97.9657 -786.384 -97.9657 -218.429
0.56 -2541.27 310.197 -67.8166 -758.522 -67.8166 310.197
0.58 -2276.81 571.601 -351.225 -755.305 -351.225 571.601
0.6 -2139.33 231.711 -750.758 -801.297 -750.758 231.711
0.62 -2124.14 -544.207 -941.105 -868.691 -941.105 -544.207
0.64 -2089.58 -1156.15 -775.355 -892.848 -775.355 -1156.15
0.66 -1874.87 -1116.62 -431.412 -819.3 -431.412 -1116.62
0.68 -1447.04 -525.595 -250.36 -637.547 -250.36 -525.595
0.7 -923.543 87.1102 -411.546 -377.641 -411.546 87.1102
0.72 -457.996 348.55 -746.596 -83.5283 -746.596 348.55
0.74 -125.584 337.827 -876.711 215.252 -876.711 337.827
0.76 92.1456 332.815 -563.896 520.003 -563.896 332.815
0.78 260.442 463.166 39.7536 856.054 39.7536 463.166
0.8 447.686 671.535 482.27 1243.53 482.27 671.535
0.82 684.288 844.135 386.88 1671.48 386.88 844.135
0.84 925.991 878.751 -187.013 2104.12 -187.013 878.751
0.86 1078.16 760.156 -718.429 2513.05 -718.429 760.156
0.88 1091.84 674.403 -636.78 2897.32 -636.78 674.403
0.9 1025.58 915.653 120.576 3267.62 120.576 915.653
0.92 978.148 1522.55 952.74 3613.82 952.74 1522.55
0.94 959.861 2072.63 1096.53 3893.62 1096.53 2072.63
0.96 861.905 2010.83 354.51 4055.7 354.51 2010.83
0.98 567.802 1225.08 -675.333 4075.97 -675.333 1225.08
1 80.2615 203.285 -1072.51 3974.17 -1072.51 203.285
1.02 -467.867 -471.134 -145.167 3800.07 -145.167 -471.134
1.04 -864.89 -696.665 2208.02 3613.63 2208.02 -696.665
1.06 -800.703 -700.636 4705.12 3469.89 4705.12 -700.636
1.08 76.1185 -475.822 4660.4 3363.01 4660.4 -475.822
1.1 1762.24 124.038 718.821 3149.62 718.821 124.038
1.12 3530.42 832.415 -4504.38 2612.37 -4504.38 832.415
1.14 4334.05 1037.79 -6393.09 1684.66 -6393.09 1037.79
1.16 3794.99 429.566 -3146.57 564.183 -3146.57 429.566
1.18 2624.9 -614.644 2165.81 -443.263 2165.81 -614.644
1.2 1930.08 -1325.21 4581.68 -1148.8 4581.68 -1325.21
1.22 2148.12 -1300.22 2322.06 -1578.11 2322.06 -1300.22
1.24 2734.22 -877.848 -1507.98 -1945.15 -1507.98 -877.848
1.26 2886.75 -581.574 -2757.16 -2504.69 -2757.16 -581.574
1.28 2435.07 -485.263 -1031.67 -3337.68 -1031.67 -485.263
1.3 1835.29 -469.457 389.947 -4281.1 389.947 -469.457
1.32 1413.82 -719.753 -992.776 -5062.13 -992.776 -719.753
1.34 955.199 -1391.8 -3905.4 -5435.74 -3905.4 -1391.8
1.36 86.9822 -2020.61 -4972.53 -5244.05 -4972.53 -2020.61
1.38 -1199.17 -1973.92 -2163.03 -4479.74 -2163.03 -1973.92
1.4 -2462.36 -1437.75 3654.45 -3278.97 3654.45 -1437.75
1.42 -2977.96 -1100.26 8768.51 -1786.44 8768.51 -1100.26
1.44 -2037.13 -861.339 8314.15 -134.507 8314.15 -861.339
1.46 369.178 59.7369 978.6 1394.85 978.6 59.7369
1.48 3000.52 1649.34 -7681.72 2437.65 -7681.72 1649.34
1.5 4114.95 2774.89 -9834.05 2954.22 -9834.05 2774.89
1.52 3159.36 2484.61 -3965.48 3379.12 -3965.48 2484.61
1.54 1346.82 986.982 3544.55 4219.59 3544.55 986.982
1.56 322.616 -569.762 5957.05 5640.08 5957.05 -569.762
1.58 618.897 -851.779 3119.62 7423.56 3119.62 -851.779
1.6 1565.11 731.556 131.226 9064.22 131.226 731.556
1.62 2279.3 3252.41 851.662 9905.83 851.662 3252.41
1.64 2452.89 4691.57 4005.26 9532.98 4005.26 4691.57
1.66 2386.24 3697.64 5118.22 8132.21 5118.22 3697.64
1.68 2509.68 913.278 1552.56 6312.5 1552.56 913.278
1.7 2857.99 -1575.94 -4393.35 4607.16 -4393.35 -1575.94
1.72 2980.73 -1979.41 -7440.55 3257.27 -7440.55 -1979.41
1.74 2412.17 -180.139 -4580.24 2274.92 -4580.24 -180.139
1.76 1182.68 2089.3 1851.48 1468.47 1851.48 2089.3
1.78 -198.475 2540.75 6544.71 506.208 6544.71 2540.75
1.8 -1163.89 495.659 6195.3 -853.561 6195.3 495.659
1.82 -1423.17 -2156.64 1867.78 -2620.6 1867.78 -2156.64
1.84 -1094.56 -2777.63 -2745.33 -4671.92 -2745.33 -2777.63
1.86 -717.057 -896.82 -4563.44 -6834.85 -4563.44 -896.82
1.88 -976.859 1187.88 -3122.99 -8818.86 -3122.99 1187.88
1.9 -2131.84 867.139 -391.687 -10231.5 -391.687 867.139
1.92 -3679.38 -2070.32 1196.62 -10789.7 1196.62 -2070.32
1.94 -4723.84 -5240.03 856.256 -10497.1 856.256 -5240.03
1.96 -4700.99 -5909.35 -228.059 -9625.74 -228.059 -5909.35
1.98 -3757.68 -3494.45 -528.65 -8587.98 -528.65 -3494.45
2 -2540.67 -159.763 170.147 -7771.66 170.147 -159.763
2.02 -1663.47 1040.02 761.923 -7322.69 761.923 1040.02
2.04 -1249.99 -1048.66 137.641 -7002.1 137.641 -1048.66
2.06 -879.382 -4537.79 -1652.41 -6320.69 -1652.41 -4537.79
2.08 -9.77765 -6187.9 -3379.59 -4891.84 -3379.59 -6187.9
2.1 1471.37 -4311.79 -3681.57 -2697.24 -3681.57 -4311.79
2.12 3100.23 -171.033 -2304.12 -88.2881 -2304.12 -171.033
2.14 4221.36 3245.39 -378.942 2409.19 -378.942 3245.39
2.16 4502.53 3840.58 701.809 4358.71 701.809 3840.58
2.18 4127.44 2127.93 698.445 5621.58 698.445 2127.93
2.2 3575.54 511.75 595.062 6376.62 595.062 511.75
2.22 3225.56 834.766 1273.25 6935.7 1273.25 834.766
2.24 3110.13 2700.71 2382.08 7519.63 2382.08 2700.71
2.26 2991.01 4167.56 2670.87 8159.19 2670.87 4167.56
2.28 2626.16 3767.95 1437.55 8739.2 1437.55 3767.95
2.3 1971.53 1789.63 -474.209 9114.45 -474.209 1789.63
2.32 1211.9 -59.9818 -1374.7 9215.84 -1374.7 -59.9818
2.34 643.157 -122.887 -443.379 9073.48 -443.379 -122.887
2.36 442.252 1741.39 1561.04 8748.85 1561.04 1741.39
2.38 492.821 3931.35 3240.74 8267.93 3240.74 3931.35
2.4 512.431 4489.14 3715.1 7637.12 3715.1 4489.14
2.42 398.608 2883.85 2914.01 6890.57 2914.01 2883.85
2.44 364.017 440.073 1405.99 6072.8 1405.99 440.073
2.46 678.575 -986.287 110.464 5182.94 110.464 -986.287
2.48 1354.89 -673.363 -307.377 4171.27 -307.377 -673.363
2.5 2137.06 564.135 -40.8402 2975.34 -40.8402 564.135
2.52 2723.04 1307.05 20.3776 1544.58 20.3776 1307.05
2.54 2934.35 704.23 -730.434 -113.89 -730.434 704.23
2.56 2745.34 -955.602 -1778.04 -1874.75 -1778.04 -955.602
2.58 2276.53 -2537.19 -1863.59 -3530.28 -1863.59 -2537.19
2.6 1775.35 -3049.68 -507.952 -4927.06 -507.952 -3049.68
2.62 1496.61 -2557.54 1028.14 -6055.85 1028.14 -2557.54
2.64 1505.83 -2107.15 925.289 -7023.99 925.289 -2107.15
2.66 1613.79 -2688.27 -997.48 -7955.23 -997.48 -2688.27
2.68 1591.71 -4188.39 -2952.78 -8859.05 -2952.78 -4188.39
2.7 1478.54 -5273.44 -3298.86 -9564.01 -3298.86 -5273.44
2.72 1567.56 -4476.75 -2341.03 -9832.51 -2341.03 -4476.75
2.74 1973.6 -1752.44 -1624.03 -9561.67 -1624.03 -1752.44
2.76 2285.95 1081.51 -1927.61 -8832.89 -1927.61 1081.51
2.78 1851.42 1874.19 -2480.83 -7784.02 -2480.83 1874.19
2.8 475.984 335.498 -2080.17 -6489.28 -2080.17 335.498
2.82 -1275.85 -1614.38 -727.155 -4945.66 -727.155 -1614.38
2.84 -2595.68 -1936.83 82.204 -3124.46 82.204 -1936.83
2.86 -3212.19 -528.488 -985.88 -1037 -985.88 -528.488
2.88 -3581.2 1195.46 -3189.3 1241.66 -3189.3 1195.46
2.9 -4329.34 2328.7 -4002.37 3634.17 -4002.37 2328.7
2.92 -5614.34 3345.92 -1631.09 6129.01 -1631.09 3345.92
2.94 -7045.07 4972.65 2982 8733.37 2982 4972.65
2.96 -8110.1 6856.88 6726.13 11351.3 6726.13 6856.88
2.98 -8609.35 7721.82 6787.87 13735.2 6787.87 7721.82
3 -8751.71 6644.91 2975.4 15558.6 2975.4 6644.91
3.02 -8932.2 4043.13 -1830.81 16565.9 -1830.81 4043.13
3.04 -9366.63 1525.62 -3792.7 16730.8 -3792.7 1525.62
3.06 -9844.62 724.572 -1467.98 16287.5 -1467.98 724.572
3.08 -9865.08 1917.63 2720.52 15538.3 2720.52 1917.63
3.1 -9107.26 3691.27 4741.64 14599.8 4741.64 3691.27
3.12 -7772.73 4277.75 2868.21 13348.1 2868.21 4277.75
3.14 -6419.77 3366.79 -752.953 11554.5 -752.953 3366.79
3.16 -5497.1 2212.7 -2362.48 9013.84 -2362.48 2212.7
3.18 -5069.06 1744.9 -314.502 5628.23 -314.502 1744.9
3.2 -4864.91 1206.93 3281.79 1510.21 3281.79 1206.93
3.22 -4449.34 -678.25 4549.14 -3003.3 4549.14 -678.25
3.24 -3450.08 -3647.11 1702.07 -7526.41 1702.07 -3647.11
3.26 -1855.17 -5940.38 -3054.08 -11811.7 -3054.08 -5940.38
3.28 -101.49 -6367.53 -5749.2 -15739.6 -5749.2 -6367.53
3.3 1300.02 -5519.01 -4644.71 -19207.1 -4644.71 -5519.01
3.32 2252.46 -4806.96 -1630.18 -22107.3 -1630.18 -4806.96
3.34 3078.26 -4931.28 118.337 -24362.5 118.337 -4931.28
3.36 4064.32 -5506.68 -813.019 -25911 -813.019 -5506.68
3.38 5123.33 -5852.7 -3363.27 -26697.6 -3363.27 -5852.7
3.4 5888.78 -5873.32 -5482.16 -26694.3 -5482.16 -5873.32
3.42 6057.8 -6040.81 -5796.33 -25855.4 -5796.33 -6040.81
3.44 5683.69 -6508.35 -4265.38 -24041.3 -4265.38 -6508.35
3.46 5209.17 -6546.03 -1928.62 -21077.9 -1928.62 -6546.03
3.48 5151.5 -5195.7 -126.373 -16938.4 -126.373 -5195.7
3.5 5655.3 -2389.39 393.827 -11846.2 393.827 -2389.39
3.52 6348.13 834.386 -127.835 -6200.71 -127.835 834.386
3.54 6647.37 3158.95 -823.563 -411.495 -823.563 3158.95
3.56 6197.64 3921.83 -826.922 5253.87 -826.922 3921.83
3.58 5085.19 3499.67 337.261 10735.6 337.261 3499.67
3.6 3771.34 3090.17 2523.49 16102.1 2523.49 3090.17
3.62 2824.09 3880.98 4765.82 21355.1 4765.82 3880.98
3.64 2537.09 5905.79 5571.97 26276.8 5571.97 5905.79
3.66 2674.93 7710.91 4106.01 30468.1 4106.01 7710.91
3.68 2657.5 7688.85 1355.32 33554.4 1355.32 7688.85
3.7 2123.29 5992.93 -364.148 35375 -364.148 5992.93
3.72 1302.73 4705.41 460.41 35993.5 460.41 4705.41
3.74 736.226 5686.14 3110.21 35549.7 3110.21 5686.14
3.76 635.987 8461.17 5560.25 34109.1 5560.25 8461.17
3.78 653.712 10598.1 6397.3 31627.8 6397.3 10598.1
3.8 300.452 10035.8 5548.19 28018.1 5548.19 10035.8
3.82 -535.12 6790.23 3752.17 23244.7 3752.17 6790.23
3.84 -1529.66 2649.04 1929.71 17409.1 1929.71 2649.04
3.86 -2251.8 -345.669 681.993 10775.8 681.993 -345.669
3.88 -2491.2 -1315.88 -154.989 3693.65 -154.989 -1315.88
3.9 -2410.64 -1130.91 -1228.61 -3530.94 -1228.61 -1130.91
3.92 -2457.61 -1719.02 -2625.25 -10647.6 -2625.25 -1719.02
3.94 -2975.53 -4322.06 -3493.62 -17350.2 -3493.62 -4322.06
3.96 -3756.43 -8177.09 -3112.17 -23240.3 -3112.17 -8177.09
3.98 -4056.45 -11101.5 -2032.36 -27971.2 -2032.36 -11101.5
4 -3203.64 -11472.5 -1734.25 -31406.3 -1734.25 -11472.5
4.02 -1226.79 -9626.01 -3237.32 -33621 -3237.32 -9626.01
4.04 1119.2 -7435.2 -6196.07 -34774.7 -6196.07 -7435.2
4.06 2914.86 -6521.51 -9127.52 -34954.2 -9127.52 -6521.51
4.08 3676.96 -6743.68 -10407.3 -34063.6 -10407.3 -6743.68
4.1 3502.72 -6528.86 -9362.39 -31858.1 -9362.39 -6528.86
4.12 2730.6 -4763.34 -6659.56 -28142.9 -6659.56 -4763.34
4.14 1547 -1980.35 -3596.75 -22975.6 -3596.75 -1980.35
4.16 -48.0586 532.864 -1069.21 -16698.2 -1069.21 532.864
4.18 -2008.22 2186.85 661.823 -9812.76 661.823 2186.85
4.2 -4148.91 3111.13 1522.83 -2813 1522.83 3111.13
4.22 -6277.62 3339.27 1504.01 3967.79 1504.01 3339.27
4.24 -8245.42 2910.48 938.094 10446.5 938.094 2910.48
4.26 -9841.67 2540.12 397.127 16728.4 397.127 2540.12
4.28 -10823.5 3241.32 280.208 22910.4 280.208 3241.32
4.3 -11144.9 5215.75 861.319 28916.4 861.319 5215.75
4.32 -11020 7675.8 2486.33 34476 2486.33 7675.8
4.34 -10655.1 9650.68 5083.87 39186.1 5083.87 9650.68
4.36 -9999.14 10611.1 7607.03 42591 7607.03 10611.1
4.38 -8823.3 10697 8615.34 44290.5 8615.34 10697
4.4 -7004.26 10742.6 7524 44042.7 7524 10742.6
4.42 -4759.54 11658.4 4990.88 41778.2 4990.88 11658.4
4.44 -2717.94 13323.5 2153.56 37537.1 2153.56 13323.5
4.46 -1748.1 14247.5 -146.447 31441.3 -146.447 14247.5
4.48 -2542.96 12643.9 -1335.77 23748.7 -1335.77 12643.9
4.5 -5166.47 8001.12 -870.931 14886.3 -870.931 8001.12
4.52 -8867.46 1715.92 1263.4 5365.46 1263.4 1715.92
4.54 -12356.3 -3754.2 3868.1 -4374.44 3868.1 -3754.2
4.56 -14485.2 -6558.85 5117.61 -14080.7 5117.61 -6558.85
4.58 -14915.7 -6778.12 4228.16 -23690.7 4228.16 -6778.12
4.6 -14202.6 -6416.14 2196.82 -33191.6 2196.82 -6416.14
4.62 -13141.9 -7785.63 559.983 -42383.4 559.983 -7785.63
4.64 -11968.1 -11465.5 -456.652 -50754.4 -456.652 -11465.5
4.66 -10223.8 -15921.7 -2190.87 -57628.6 -2190.87 -15921.7
4.68 -7433.19 -19242 -5643.63 -62461.6 -5643.63 -19242
4.7 -3771.76 -20862.6 -9485.86 -65017.6 -9485.86 -20862.6
4.72 98.1616 -21449.4 -10707.6 -65339.3 -10707.6 -21449.4
4.74 3823.56 -21678.6 -7754.26 -63597.2 -7754.26 -21678.6
4.76 7819 -21507.9 -2595.08 -59945.2 -2595.08 -21507.9
4.78 12868.3 -20222.6 963.462 -54485.2 963.462 -20222.6
4.8 19306.2 -16935.1 978.678 -47360.2 978.678 -16935.1
4.82 26546.9 -11492 -989.973 -38861.4 -989.973 -11492
4.84 33336.7 -5181.06 -1891.83 -29415.5 -1891.83 -5181.06
4.86 38515.2 -226.494 -433.728 -19455.4 -433.728 -226.494
4.88 41650.3 1639.09 1902.2 -9291.7 1902.2 1639.09
4.9 43060.6 139.18 2930.98 918.8 2930.98 139.18
4.92 43413.3 -3476.91 2459.41 11125 2459.41 -3476.91
4.94 43460.1 -6728.33 2535.22 21310.3 2535.22 -6728.33
4.96 44006.9 -6719.9 4978.35 31401.3 4978.35 -6719.9
4.98 45700.3 -1852.95 9074.71 41156.6 9074.71 -1852.95
5 48530.7 6712.88 12085.2 50115.2 12085.2 6712.88
5.02 51576.6 15574.9 11868 57693.2 11868 15574.9
5.04 53405.1 21394 8700.27 63384.2 8700.27 21394
5.06 52845.3 22982.8 4730.35 66929.6 4730.35 22982.8
5.08 49511.6 21688.6 2045.57 68365.1 2045.57 21688.6
5.1 43745.7 20164.7 1213.58 67923.2 1213.58 20164.7
5.12 36097.1 20464.4 1380.33 65821.3 1380.33 20464.4
5.14 26765 22680.8 1673.45 62067.4 1673.45 22680.8
5.16 15486.2 25232.2 2381.04 56470.1 2381.04 25232.2
5.18 2004.99 26585 4389.83 48856.7 4389.83 26585
5.2 -13383.3 26570.1 7416.91 39255.6 7416.91 26570.1
5.22 -29893.7 25718.6 9392.4 27865.3 9392.4 25718.6
5.24 -46884.7 23366.2 8128.02 14938.1 8128.02 23366.2
5.26 -64221.8 17015.5 3505.04 811.083 3505.04 17015.5
5.28 -81739.1 4459.76 -2138.28 -13914.8 -2138.28 4459.76
5.3 -98246.6 -12922.8 -5538.48 -28277.9 -5538.48 -12922.8
5.32 -111213 -29347.7 -4563.8 -41130.8 -4563.8 -29347.7
5.34 -117666 -38006.9 229.319 -51576.5 229.319 -38006.9
5.36 -115682 -36087.3 5319.49 -59491.4 5319.49 -36087.3
5.38 -105378 -26955.1 6067.14 -65769.8 6067.14 -26955.1
5.4 -88811 -16874 120.289 -71721.6 120.289 -16874
5.42 -68981.8 -8885.14 -10369.2 -77704 -10369.2 -8885.14
5.44 -48823.6 -1703.76 -20335.4 -82583.8 -20335.4 -1703.76
5.46 -31005.8 4440.3 -26044.7 -85072.1 -26044.7 4440.3
5.48 -17847.3 4226.19 -27584 -85289.5 -27584 4226.19
5.5 -10163.3 -7158.34 -27250.7 -84461.7 -27250.7 -7158.34
5.52 -6013.78 -25382.8 -26270.8 -83115.2 -26270.8 -25382.8
5.54 -1585.83 -37972.6 -23745.1 -80127.8 -23745.1 -37972.6
5.56 5977.92 -35469.1 -18620.7 -73887 -18620.7 -35469.1
5.58 16683.1 -18877.8 -11714.5 -64084.1 -11714.5 -18877.8
5.6 28312.2 3961.82 -4926.29 -52067.2 -4926.29 3961.82
5.62 38114.1 25508.5 1297.39 -39601.4 1297.39 25508.5
5.64 43855.2 40750.4 8346.52 -27540.5 8346.52 40750.4
5.66 44436.2 46126.7 16560.1 -15609.1 16560.1 46126.7
5.68 40558.2 40294.9 23167.8 -3116.42 23167.8 40294.9
5.7 34716 26387 24663.4 10399 24663.4 26387
5.72 29978.1 11592.5 21061.2 25116.8 21061.2 11592.5
5.74 28448.3 2990.3 16693.2 41008.5 16693.2 2990.3
5.76 30643.7 3144.9 16477.3 57493.6 16477.3 3144.9
5.78 35975.3 9290.64 21690.9 73077.5 21690.9 9290.64
5.8 43625.6 16427.7 29197.9 85783.2 29197.9 16427.7
5.82 53073.3 21304.8 34160.8 94269.7 34160.8 21304.8
5.84 63920 23775.1 33477.7 98498.6 33477.7 23775.1
5.86 75273 24603 27449.3 99101.1 27449.3 24603
5.88 85481.7 22766.3 18880.8 96088.7 18880.8 22766.3
5.9 92846 16236 10542.3 88480.4 10542.3 16236
5.92 96755.8 5580.63 3236.93 75384.1 3236.93 5580.63
5.94 97891.4 -4494.18 -3697.76 57212.5 -3697.76 -4494.18
5.96 97053.6 -8020.43 -10424.4 35537.4 -10424.4 -8020.43
5.98 93800.4 -2195.06 -16057.5 11800.8 -16057.5 -2195.06
6 86129.2 10196.5 -19975.5 -13616.6 -19975.5 10196.5
6.02 71220.2 21264 -22296.8 -41053.2 -22296.8 21264
6.04 46803.2 21103.2 -22851.3 -70426.4 -22851.3 21103.2
6.06 12970.6 3231.58 -21417.3 -100356 -21417.3 3231.58
6.08 -26347.3 -29455.7 -19332.2 -128152 -19332.2 -29455.7
6.1 -63889.3 -62721.1 -18675.6 -150538 -18675.6 -62721.1
6.12 -92206.9 -77336.8 -19541.3 -164626 -19541.3 -77336.8
6.14 -107661 -61986.6 -20987.6 -168703 -20987.6 -61986.6
6.16 -112474 -23056.1 -25069.2 -162619 -25069.2 -23056.1
6.18 -113514 18364.8 -35706.3 -147595 -35706.3 18364.8
6.2 -118588 41561.8 -51139 -125395 -51139 41561.8
6.22 -132281 40589.2 -60624.3 -97555.5 -60624.3 40589.2
6.24 -153626 24213.3 -51728.2 -65450.2 -51728.2 24213.3
6.26 -176516 4481.57 -21630.8 -30149.1 -21630.8 4481.57
6.28 -191632 -10303.3 14779.1 8723.98 14779.1 -10303.3
6.3 -189263 -15036.3 26338.5 52355.8 26338.5 -15036.3
6.32 -163773 -7439.68 -12599.5 100320 -12599.5 -7439.68
6.34 -118156 11920.9 -90102.9 150913 -90102.9 11920.9
6.36 -63530.1 41731.2 -160148 203578 -160148 41731.2
6.38 -12154.8 79722.2 -182893 258551 -182893 79722.2
6.4 29221.2 116439 -164553 312463 -164553 116439
6.42 59311.3 134862 -146062 356869 -146062 134862
6.44 77774.4 124218 -141978 384256 -141978 124218
6.46 83282.6 89086.3 -125185 391628 -125185 89086.3
6.48 77801.6 45332.7 -75927.8 377787 -75927.8 45332.7
6.5 70818.9 208.83 -16640 343740 -16640 208.83
6.52 74813.9 -43197.4 5510.81 296835 5510.81 -43197.4
6.54 95841.3 -74819.1 -35714.2 249542 -35714.2 -74819.1
6.56 128858 -89174.7 -115504 212422 -115504 -89174.7
6.58 161428 -83742.5 -177760 188860 -177760 -83742.5
6.6 182037 -59903.1 -185072 173779 -185072 -59903.1
6.62 185341 -29612.3 -145103 155696 -145103 -29612.3
6.64 171319 -13795.6 -92166.9 122476 -92166.9 -13795.6
6.66 142649 -26716.9 -51565.1 68263 -51565.1 -26716.9
6.68 104242 -61573.1 -22565.9 -3562.68 -22565.9 -61573.1
6.7 63073.8 -98254.6 9502.31 -83672.8 9502.31 -98254.6
6.72 25988.5 -122767 50531.9 -162266 50531.9 -122767
6.74 -2294.07 -134204 89586 -231834 89586 -134204
6.76 -19150.1 -136222 110703 -286999 110703 -136222
6.78 -23873.7 -128833 107660 -323731 107660 -128833
6.8 -18913 -109830 85085.8 -339990 85085.8 -109830
6.82 -10120.2 -80753.9 50558.6 -338400 50558.6 -80753.9
6.84 -4603.78 -48073.4 13593.6 -327008 13593.6 -48073.4
6.86 -7769.01 -18134 -12026.4 -313789 -12026.4 -18134
6.88 -21844.1 6467.84 -15495 -300748 -15495 6467.84
6.9 -46269 24238 2659.4 -286513 2659.4 24238
6.92 -76887.7 32551.3 33396.9 -272425 33396.9 32551.3
6.94 -106783 31530.8 62965.8 -261454 62965.8 31530.8
6.96 -130374 27542 78220.3 -252724 78220.3 27542
6.98 -145513 24145 75587.5 -240860 75587.5 24145
7 -152975 17789.1 62385.6 -219011 62385.6 17789.1
7.02 -154302 7405.69 49061.5 -181069 49061.5 7405.69
7.04 -148998 -783.626 40074 -124385 40074 -783.626
7.06 -134485 3714.38 32762.1 -51583.1 32762.1 3714.38
7.08 -109221 27686.2 22956.7 31217.2 22956.7 27686.2
7.1 -75521.3 67334.1 9722.48 116061 9722.48 67334.1
7.12 -39142.9 108561 -4843.05 192724 -4843.05 108561
7.14 -6399.76 135515 -18191.5 250361 -18191.5 135515
7.16 18599.4 140870 -28880.8 282365 -28880.8 140870
7.18 34808.6 128157 -36293.5 289643 -36293.5 128157
7.2 42851.6 104639 -39297 278678 -39297 104639
7.22 43492.1 73947.9 -34963.6 257054 -34963.6 73947.9
7.24 38210 37413.2 -19616.7 231682 -19616.7 37413.2
7.26 30718.9 -706.189 5850.95 208870 5850.95 -706.189
7.28 27105.9 -32269.5 31076.2 192515 31076.2 -32269.5
7.3 33514.4 -49900.6 41185.9 182321 41185.9 -49900.6
7.32 52581.6 -50264.7 29497.4 175195 29497.4 -50264.7
7.34 81734.8 -33727.1 3048.73 167408 3048.73 -33727.1
7.36 114500 -4737.31 -24920.5 154271 -24920.5 -4737.31
7.38 142901 26569.2 -45020.4 129072 -45020.4 26569.2
7.4 159505 45491.3 -54308.9 85222.8 -54308.9 45491.3
7.42 159667 41071.8 -53169.4 21563.8 -53169.4 41071.8
7.44 143589 14898.5 -42951.6 -54399.2 -42951.6 14898.5
7.46 115926 -20683.6 -26211.2 -129684 -26211.2 -20683.6
7.48 82753.2 -53325.7 -6719.05 -192837 -6719.05 -53325.7
7.5 48961.7 -77254.5 12072.6 -238192 12072.6 -77254.5
7.52 18089.9 -90641.6 27931.4 -264980 27931.4 -90641.6
7.54 -6950.97 -91554.2 38642.8 -274474 38642.8 -91554.2
7.56 -24211.9 -79126.7 39836.1 -268733 39836.1 -79126.7
7.58 -33800.7 -56888.8 25344.5 -251132 25344.5 -56888.8
7.6 -38446.3 -32080.2 -5786.65 -226336 -5786.65 -32080.2
7.62 -42857.5 -10714.4 -41064.1 -198421 -41064.1 -10714.4
7.64 -51743 5789.18 -59047.8 -169250 -59047.8 5789.18
7.66 -67150.2 18070.6 -47812.4 -139642 -47812.4 18070.6
7.68 -87185.6 24315.4 -17001.8 -111571 -17001.8 24315.4
7.7 -107549 20534.5 12136.8 -87301.7 12136.8 20534.5
7.72 -124110 5075.16 26364.4 -65752 26364.4 5075.16
7.74 -133576 -16666.5 27825 -40598.2 27825 -16666.5
7.76 -132701 -31657.8 25368.2 -3534.41 25368.2 -31657.8
7.78 -118971 -27405 23212.3 49065.5 23212.3 -27405
7.8 -92774.3 -2682.16 18485.4 112197 18485.4 -2682.16
7.82 -58274.6 32034.3 6844.64 174726 6844.64 32034.3
7.84 -21756 64105.3 -11663.1 225393 -11663.1 64105.3
7.86 10760 85823.9 -31667.5 257081 -31667.5 85823.9
7.88 34772.8 93621.5 -45913.8 267460 -45913.8 93621.5
7.9 47919 85789.7 -48896.1 257823 -48896.1 85789.7
7.92 50784.8 63942.6 -37361.7 232237 -37361.7 63942.6
7.94 47214 34752.5 -11100.5 197059 -11100.5 34752.5
7.96 43269.7 7029.71 21979.4 159522 21979.4 7029.71
7.98 45016.9 -13748.3 44536.5 125332 44536.5 -13748.3
8 55820.2 -27066.1 41224.2 97044 41224.2 -27066.1
8.02 74564.9 -33888.1 13415.3 74565.2 13415.3 -33888.1
8.04 96456.6 -33191.3 -20817.9 56586.9 -20817.9 -33191.3
8.06 115973 -23031.7 -42655.9 40796.7 -42655.9 -23031.7
8.08 129138 -5499.61 -46836.2 22998.1 -46836.2 -5499.61
8.1 133487 10697.5 -40779.6 -2200.77 -40779.6 10697.5
8.12 127537 15230 -33174.5 -37914.5 -33174.5 15230
8.14 111529 4923 -25725.8 -81622.8 -25725.8 4923
8.16 88094.5 -13642.6 -14925.3 -125934 -14925.3 -13642.6
8.18 61179.3 -31200.6 665.928 -163221 665.928 -31200.6
8.2 34280 -43923 16281.6 -189496 16281.6 -43923
8.22 9661.23 -53534 24025.4 -204237 24025.4 -53534
8.24 -11458.2 -61544.2 19525.1 -207711 19525.1 -61544.2
8.26 -28626.6 -65848.2 5081.69 -199436 5081.69 -65848.2
8.28 -42056.6 -62538.6 -12789.5 -179150 -12789.5 -62538.6
8.3 -52564.8 -49405.2 -26799 -148656 -26799 -49405.2
8.32 -61395.6 -27764.3 -30904 -112451 -30904 -27764.3
8.34 -69711.7 -2182.71 -23545.1 -76747.6 -23545.1 -2182.71
8.36 -77953.5 21323.8 -10104.3 -47724.8 -10104.3 21323.8
8.38 -85833.6 37769.2 776.26 -29763.6 776.26 37769.2
8.4 -93103.8 45068.8 4355.95 -24053.5 4355.95 45068.8
8.42 -100114 43214.3 2228.5 -27982.4 2228.5 43214.3
8.44 -107265 32056.8 -1450.63 -35076.9 -1450.63 32056.8
8.46 -113654 13301.8 -3676.3 -35544.5 -3676.3 13301.8
8.48 -116454 -5033.27 -3014.37 -19659.2 -3014.37 -5033.27
8.5 -112085 -11135.9 376.109 15669.9 376.109 -11135.9
8.52 -98509.3 523.265 3914.04 62841.1 3914.04 523.265
8.54 -76830 24005.4 3932.31 107489 3932.31 24005.4
8.56 -50631.7 48294.9 -775.735 137285 -775.735 48294.9
8.58 -23810.8 66107 -7764.59 147374 -7764.59 66107
8.6 807.866 75425.6 -13537.5 139399 -13537.5 75425.6
8.62 21384.4 75909.8 -15662.3 118171 -15662.3 75909.8
8.64 36874.1 67159.9 -12389.2 89972.7 -12389.2 67159.9
8.66 47531.8 50170.9 -3726.85 61950.8 -3726.85 50170.9
8.68 55214.5 28392.7 6009.64 40381.9 6009.64 28392.7
8.7 62512.8 6490.21 10356.4 28313.6 10356.4 6490.21
8.72 71204.1 -11551.8 6966.63 24893.8 6966.63 -11551.8
8.74 81497.5 -23204.9 -303.385 26997.8 -303.385 -23204.9
8.76 92663.8 -27309.7 -5998.54 31306.1 -5998.54 -27309.7
8.78 103948 -24017.1 -7895.96 35076.5 -7895.96 -24017.1
8.8 114633 -14316.9 -7087.98 35604.5 -7087.98 -14316.9
8.82 123490 -21.6413 -5665.97 29359.1 -5665.97 -21.6413
8.84 128346 14145.2 -5476.52 12510.8 -5476.52 14145.2
8.86 126461 20418.5 -7205.64 -15915.6 -7205.64 20418.5
8.88 115907 13659.2 -9201.92 -51139.7 -9201.92 13659.2
8.9 96968.4 -3562.41 -8598.52 -84538.3 -8598.52 -3562.41
8.92 72223 -23859.8 -4752.88 -109054 -4752.88 -23859.8
8.94 45173.4 -41374 -549.35 -122116 -549.35 -41374
8.96 18838.7 -53243.7 301.204 -124087 301.204 -53243.7
8.98 -4724.4 -57269.5 -3396.56 -116069 -3396.56 -57269.5
9 -24575.8 -51864.9 -9064.03 -100159 -9064.03 -51864.9
9.02 -41073.2 -38524.6 -11812.2 -80621.9 -11812.2 -38524.6
9.04 -55264.5 -22054.4 -9020.26 -63069.4 -9020.26 -22054.4
9.06 -67582.2 -7174.18 -4209.01 -51771.8 -4209.01 -7174.18
9.08 -77552.3 4497.09 -4299.42 -47727.3 -4299.42 4497.09
9.1 -85160.9 13593 -11906.9 -49012 -11906.9 13593
9.12 -91964.4 19882.8 -21533.4 -52384.1 -21533.4 19882.8
9.14 -100087 20968.5 -24556.3 -54379.2 -24556.3 20968.5
9.16 -109901 14386.9 -17685.1 -51182 -17685.1 14386.9
9.18 -118700 1971.84 -5947.8 -38184.5 -5947.8 1971.84
9.2 -121756 -7669.56 2022.09 -11564.8 2022.09 -7669.56
9.22 -115299 -4182.69 799.769 27678.8 799.769 -4182.69
9.24 -99469.7 14554.3 -8707.42 71563.2 -8707.42 14554.3
9.26 -78696.4 38719.3 -21006.6 108806 -21006.6 38719.3
9.28 -58734.4 54290.8 -30428.1 131558 -30428.1 54290.8
9.3 -42772.9 54506.5 -34592.3 138909 -34592.3 54506.5
9.32 -30067.5 44295.1 -34076.6 135117 -34076.6 44295.1
9.34 -17886 34655.2 -29169.5 125825 -29169.5 34655.2
9.36 -4346.82 32696.8 -18770.1 115765 -18770.1 32696.8
9.38 10544 36113.3 -4558.59 108111 -4558.59 36113.3
9.4 25899.8 36675.2 5858.2 103944 5858.2 36675.2
9.42 41155.9 29005.2 4519.35 101909 4519.35 29005.2
9.44 56073.6 15852.2 -7991.65 99213.6 -7991.65 15852.2
9.46 70086.8 4895.37 -22318.5 93563.8 -22318.5 4895.37
9.48 82200.7 1117.93 -29509.1 84236.4 -29509.1 1117.93
9.5 91493 3117.68 -28374.9 71620.7 -28374.9 3117.68
9.52 97475.4 6576.98 -23614.8 56116.4 -23614.8 6576.98
9.54 100012 9477.17 -19408.3 37253.9 -19408.3 9477.17
9.56 98917.4 12080.4 -16639.7 13668 -16639.7 12080.4
9.58 93609.2 13206.6 -14673.2 -15477.1 -14673.2 13206.6
9.6 83305.2 9568.45 -13266.8 -48644 -13266.8 9568.45
9.62 67861.3 -844.058 -12625.3 -81805 -12625.3 -844.058
9.64 48461.3 -16231.3 -12932.4 -110156 -12932.4 -16231.3
9.66 27323.3 -32269.6 -14170.2 -129808 -14170.2 -32269.6
9.68 6795.55 -44967.4 -15943.6 -138501 -15943.6 -44967.4
9.7 -11184.9 -51751.8 -17703.9 -135916 -17703.9 -51751.8
9.72 -25180.1 -50886.3 -19443.1 -124047 -19443.1 -50886.3
9.74 -34537.6 -41650.5 -21428.5 -107063 -21428.5 -41650.5
9.76 -39892.3 -25741.3 -23190.5 -89915.5 -23190.5 -25741.3
9.78 -43108.1 -7890.43 -24121.5 -76254.6 -24121.5 -7890.43
9.8 -46376.4 5793.71 -24769.1 -67077.1 -24769.1 5793.71
9.82 -51179.2 10915 -25718.9 -60760.6 -25718.9 10915
9.84 -57744.8 7034.32 -25290.8 -53878.6 -25290.8 7034.32
9.86 -64836.9 -1845.53 -20245.6 -42120.6 -20245.6 -1845.53
9.88 -69821.2 -8642.09 -9866.99 -21613.4 -9866.99 -8642.09
9.9 -69660.6 -7294.08 1379.04 8976.21 1379.04 -7294.08
9.92 -62788.7 2587.64 6574.07 46812.6 6574.07 2587.64
9.94 -50248.8 15706.4 2254.02 85579 2254.02 15706.4
9.96 -34837.7 26358.6 -8608.99 118378 -8608.99 26358.6
9.98 -19214.1 33070 -19439.6 140732 -19439.6 33070
10 -4887.92 37702.5 -25521 151736 -25521 37702.5
10.02 7465.53 41276.2 -26863 153261 -26863 41276.2
10.04 17398 42098.7 -26378.3 148387 -26378.3 42098.7
10.06 24587.2 38069.8 -25444.2 140184 -25444.2 38069.8
10.08 29184.7 29973.3 -21407.6 131052 -21407.6 29973.3
10.1 32211.4 21741.6 -11072 122318 -11072 21741.6
10.12 35493.4 17227.4 2722.09 113974 2722.09 17227.4
10.14 40727.7 16964.8 10790.4 104892 10790.4 16964.8
10.16 48065.8 18256.9 6022.97 93583.8 6022.97 18256.9
10.18 55578.2 17944.1 -9278.05 78909.1 -9278.05 17944.1
10.2 60439 14475.3 -25800.9 60243.4 -25800.9 14475.3
10.22 60802.5 8147.27 -35527.3 37563.9 -35527.3 8147.27
10.24 56680.5 770.077 -36564.7 11890.6 -36564.7 770.077
10.26 49397.2 -5495.01 -31836.6 -14736.6 -31836.6 -5495.01
10.28 40473.1 -9998.27 -25609.5 -40276.9 -25609.5 -9998.27
10.3 30889.2 -13907.5 -20972.4 -63610.7 -20972.4 -13907.5
10.32 21071.1 -18449.1 -18621.8 -84279.8 -18621.8 -18449.1
10.34 11274.2 -23448.7 -17301.4 -101571 -17301.4 -23448.7
10.36 1861.76 -27740 -16000.2 -114208 -16000.2 -27740
10.38 -6695.78 -30383.6 -15757.1 -120964 -15757.1 -30383.6
10.4 -14040 -31125.9 -18789.5 -121443 -18789.5 -31125.9
10.42 -20222.5 -29987.9 -25941.6 -116251 -25941.6 -29987.9
10.44 -25837.3 -26958.2 -34951.2 -106634 -34951.2 -26958.2
10.46 -31780.3 -22166.8 -40843.2 -94072 -40843.2 -22166.8
10.48 -38665.6 -16158.4 -39109 -80047.6 -39109 -16158.4
10.5 -46223.6 -10139.1 -30159.6 -65898.6 -30159.6 -10139.1
10.52 -53215.9 -5703.31 -19706.4 -52396.6 -19706.4 -5703.31
10.54 -58086.9 -3248.46 -13186.6 -39032.9 -13186.6 -3248.46
10.56 -59794.2 -710.209 -10963.7 -23980.9 -10963.7 -710.209
10.58 -58165.1 4513.5 -10238.7 -5423.43 -10238.7 4513.5
10.6 -53781.1 12198.1 -9903 16946.9 -9903 12198.1
10.62 -47679.9 19129.8 -11166.5 41871.5 -11166.5 19129.8
10.64 -40890.6 22447.9 -14188.1 67617 -14188.1 22447.9
10.66 -33833.4 22461 -16617 92688.8 -16617 22461
10.68 -26021.7 22228.3 -16103.3 115631 -16103.3 22228.3
10.7 -16479.4 24919.8 -12994.6 134692 -12994.6 24919.8
10.72 -4673.06 31265.9 -9994.85 148035 -9994.85 31265.9
10.74 8758.39 38647.8 -9540.76 154320 -9540.76 38647.8
10.76 22098.9 42616 -11315.6 153185 -11315.6 42616
10.78 33548.2 40196.7 -12310.6 145443 -12310.6 40196.7
10.8 42426 32130.6 -10440.9 132851 -10440.9 32130.6
10.82 49467.6 21803 -7601.51 117552 -7601.51 21803
10.84 55855.7 12319.7 -7562.54 101529 -7562.54 12319.7
10.86 62006 4849.36 -11475.6 86153.3 -11475.6 4849.36
10.88 67389.2 -740.601 -16957.8 71653.8 -16957.8 -740.601
10.9 71305.8 -4694.83 -21198 56708.2 -21198 -4694.83
10.92 73460.8 -6726.52 -23395.1 39024.7 -23395.1 -6726.52
10.94 73758.8 -6062.03 -24283.8 16872.2 -24283.8 -6062.03
10.96 71724.6 -3029.27 -24742.8 -9932.18 -24742.8 -3029.27
10.98 66242.3 -935.217 -25062.7 -40288.3 -25062.7 -935.217
11 56082.8 -4819.42 -24548.1 -72330.6 -24548.1 -4819.42
11.02 41114.9 -16932.9 -21792.2 -103417 -21792.2 -16932.9
11.04 23218.4 -33698.4 -16340.3 -130176 -16340.3 -33698.4
11.06 5790.26 -47754.1 -10277.4 -149350 -10277.4 -47754.1
11.08 -8014.66 -52960.8 -7556.31 -159015 -7556.31 -52960.8
11.1 -16941.8 -47810.3 -11644.9 -159176 -11644.9 -47810.3
11.12 -22138.6 -35432 -23039.9 -151411 -23039.9 -35432
11.14 -26492.4 -21143.9 -36992.1 -137896 -36992.1 -21143.9
11.16 -33143.3 -9342.81 -44649.4 -120552 -44649.4 -9342.81
11.18 -43646.8 -1765.33 -40168.4 -100998 -40168.4 -1765.33
11.2 -56945.2 2049.39 -26797.5 -80866.9 -26797.5 2049.39
11.22 -70231.4 3141.08 -13520.2 -61415.4 -13520.2 3141.08
11.24 -80908.8 2382.77 -6126.94 -42417.1 -6126.94 2382.77
11.26 -87567.3 1126.36 -3733.82 -21859.9 -3733.82 1126.36
11.28 -89480.7 1222.35 -3374.14 2559.71 -3374.14 1222.35
11.3 -86100.8 3934.46 -4747.81 31592.8 -4747.81 3934.46
11.32 -77360.8 9733.9 -9379.5 64177.8 -9379.5 9733.9
11.34 -64082 19018.9 -17472.1 98405.8 -17472.1 19018.9
11.36 -47983.2 31560.2 -27262.6 132068 -27262.6 31560.2
11.38 -31523.3 44675.6 -36207.4 162454 -36207.4 44675.6
11.4 -17413.7 53248.7 -41597.4 186429 -41597.4 53248.7
11.42 -7444.74 53110.5 -41041.3 201308 -41041.3 53110.5
11.44 -1314.78 44748.6 -33474 205826 -33474 44748.6
11.46 3307.69 33270.1 -20030.2 200343 -20030.2 33270.1
11.48 9445.13 24510.1 -5032.52 186351 -5032.52 24510.1
11.5 19217.7 20946.9 4200.12 165914 4200.12 20946.9
11.52 32727.3 20643.3 1975.09 141482 1975.09 20643.3
11.54 47877.7 19401.2 -9949.38 115796 -9949.38 19401.2
11.56 61620.6 14320.2 -23550.8 91247.8 -23550.8 14320.2
11.58 72031.8 6334.82 -32465.1 68756.4 -32465.1 6334.82
11.6 79144.4 -713.62 -36616.9 47168.6 -36616.9 -713.62
11.62 83601.3 -3999.33 -38357.6 24109.8 -38357.6 -3999.33
11.64 85081.3 -4627.71 -37281.5 -2333.52 -37281.5 -4627.71
11.66 82649.4 -6321.44 -31429.7 -32678.6 -31429.7 -6321.44
11.68 76274.1 -11299.8 -21647 -66228.4 -21647 -11299.8
11.7 67222 -18120.9 -11743.8 -101404 -11743.8 -18120.9
11.72 56885.9 -23809.6 -4752.15 -135682 -4752.15 -23809.6
11.74 45683.4 -27452.9 -939.763 -165650 -939.763 -27452.9
11.76 33266.3 -30977.9 763.666 -187717 763.666 -30977.9
11.78 19589.1 -36380.1 829.96 -199190 829.96 -36380.1
11.8 5643.42 -42616.7 -1829.35 -198970 -1829.35 -42616.7
11.82 -6878.82 -45607.4 -9682.73 -187619 -9682.73 -45607.4
11.84 -16936.2 -41472 -23285.2 -167138 -23285.2 -41472
11.86 -25416.4 -29878.1 -36817.1 -140627 -36817.1 -29878.1
11.88 -34765.1 -14570.5 -40559.8 -111814 -40559.8 -14570.5
11.9 -46829.6 -920.91 -30380.3 -84372.4 -30380.3 -920.91
11.92 -61060.7 7335 -12635.4 -60880.6 -12635.4 7335
11.94 -75044.2 9584.74 1687.76 -41659.1 1687.76 9584.74
11.96 -86488.9 7406.84 6229.92 -24426.1 6229.92 7406.84
11.98 -94288 3209.57 2277.52 -5456.36 2277.52 3209.57
12 -98057 -293.447 -5058.9 18416.7 -5058.9 -293.447
12.02 -97447.9 -428.019 -11822.3 48384.4 -11822.3 -428.019
12.04 -92095.4 4815.81 -17455.7 83412.5 -17455.7 4815.81
12.06 -82001.6 16062.3 -24040.8 120635 -24040.8 16062.3
12.08 -68051.2 31869.8 -33518.7 155976 -33518.7 31869.8
12.1 -52351.3 48367 -44893.6 185068 -44893.6 48367
12.12 -37764.5 60269.8 -54149.5 204406 -54149.5 60269.8
12.14 -26507.2 63687.2 -57310.3 212372 -57310.3 63687.2
12.16 -18903.9 58659.7 -53245 209566 -53245 58659.7
12.18 -13525 48607.6 -43096 198101 -43096 48607.6
12.2 -8339.08 37244.3 -28682 180395 -28682 37244.3
12.22 -1427.78 26496.2 -13848.2 158705 -13848.2 26496.2
12.24 8864.27 16891.2 -5712.32 135365 -5712.32 16891.2
12.26 23352.6 8779.68 -9875.82 112803 -9875.82 8779.68
12.28 41217.5 3020.33 -23788.7 93056.8 -23788.7 3020.33
12.3 60258.4 1017.91 -38247.8 77129.5 -38247.8 1017.91
12.32 78227.3 3882.54 -46258.9 64330.2 -46258.9 3882.54
12.34 93586.3 10887.6 -48271.9 52027.4 -48271.9 10887.6
12.36 104865 18491.3 -48480.5 36447.3 -48480.5 18491.3
12.38 110047 21440.9 -48495.6 14319 -48495.6 21440.9
12.4 107338 15739 -45880.4 -15555.6 -45880.4 15739
12.42 96564.6 1122.27 -37494.4 -51488.4 -37494.4 1122.27
12.44 79716 -18812.1 -23088.9 -89165.6 -23088.9 -18812.1
12.46 60292.9 -38523.6 -6254.21 -123045 -6254.21 -38523.6
12.48 42026.7 -52959.7 7447.05 -148301 7447.05 -52959.7
12.5 27557 -59390.3 13885.1 -162281 13885.1 -59390.3
12.52 17662.5 -58062.5 12807.4 -164935 12807.4 -58062.5
12.54 11555.6 -51301.4 6531.95 -158250 6531.95 -51301.4
12.56 7914.41 -41710.7 -4117.85 -145181 -4117.85 -41710.7
12.58 5414.73 -31056.4 -20121.1 -128736 -20121.1 -31056.4
12.6 2269.17 -20344.4 -38069.4 -111338 -38069.4 -20344.4
12.62 -3932.73 -10398.9 -47693.1 -94490.5 -47693.1 -10398.9
12.64 -14880.1 -2395.75 -41000.3 -78962.6 -41000.3 -2395.75
12.66 -29883.1 2187.39 -21862.1 -65105.8 -21862.1 2187.39
12.68 -46144.9 2572.87 -2404.04 -52499.3 -2404.04 2572.87
12.7 -60755.9 -136.898 8530.67 -39301.2 8530.67 -136.898
12.72 -72032.4 -3231.32 10265.6 -22825.5 10265.6 -3231.32
12.74 -79266.8 -4019.33 5940.51 -1313.75 5940.51 -4019.33
12.76 -82202.5 -952.806 -2172.75 25055.5 -2172.75 -952.806
12.78 -81139.9 6080.04 -12570.9 54737.7 -12570.9 6080.04
12.8 -77027 15495.7 -22909.1 85707.6 -22909.1 15495.7
12.82 -70935.9 24567.1 -30498.7 115697 -30498.7 24567.1
12.84 -63355.9 31492.6 -33996.3 142176 -33996.3 31492.6
12.86 -54067.1 36812.9 -33974.2 162587 -33974.2 36812.9
12.88 -42785.1 41953.9 -31805.4 174793 -31805.4 41953.9
12.9 -30041.7 46356.1 -27704.6 177456 -27704.6 46356.1
12.92 -17256.6 46848 -20380 170323 -20380 46848
12.94 -5501.04 40520 -10431 154691 -10431 40520
12.96 5684.2 27995.2 -3330.01 133547 -3330.01 27995.2
12.98 17716.6 13372.5 -5487.55 110784 -5487.55 13372.5
13 31212.9 1148.87 -17030.5 89889.9 -17030.5 1148.87
13.02 45172.9 -6321.64 -31083.9 72813.5 -31083.9 -6321.64
13.04 57973.4 -8650.84 -40284.1 59189.3 -40284.1 -8650.84
13.06 68665.5 -5916.36 -42141.9 46280.1 -42141.9 -5916.36
13.08 76874.8 1170.28 -38526.3 30101.7 -38526.3 1170.28
13.1 81815.4 9249.01 -32453.1 7171.06 -32453.1 9249.01
13.12 82131.2 12259.6 -25971.7 -24073.8 -25971.7 12259.6
13.14 76934 5515.21 -19505.9 -62413.3 -19505.9 5515.21
13.16 66829.2 -10067.9 -12329.8 -103739 -12329.8 -10067.9
13.18 53880.7 -28748.4 -4170.54 -142187 -4170.54 -28748.4
13.2 40657.8 -44646.9 3539.22 -172158 3539.22 -44646.9
13.22 29240.8 -54940 8355.16 -190017 8355.16 -54940
13.24 20829 -59213.9 8300.83 -194759 8300.83 -59213.9
13.26 15856 -57281.9 1896.56 -187726 1896.56 -57281.9
13.28 13976.3 -48465 -11807.9 -171790 -11807.9 -48465
13.3 13570.5 -32842.6 -30204.4 -150440 -30204.4 -32842.6
13.32 11492.4 -12676.5 -44831.8 -126915 -44831.8 -12676.5
13.34 4168.31 7466.21 -46763.8 -103625 -46763.8 7466.21
13.36 -10354.4 21950.7 -35235.7 -82048.3 -35235.7 21950.7
13.38 -31337.7 26228.2 -18021.6 -62686.8 -18021.6 26228.2
13.4 -56071.6 19101.4 -3381.57 -44790.9 -3381.57 19101.4
13.42 -80988.8 3919.21 5797.8 -26320.3 5797.8 3919.21
13.44 -102069 -12070.9 10212.5 -4638.4 10212.5 -12070.9
13.46 -115374 -20566.4 9993.04 22364.8 9993.04 -20566.4
13.48 -118494 -16724.3 4057.07 55277.5 4057.07 -16724.3
13.5 -111817 -2392.22 -7872.92 92605.9 -7872.92 -2392.22
13.52 -98130.9 15574.4 -23900.5 130969 -23900.5 15574.4
13.54 -80900.1 31092.3 -40054.4 166141 -40054.4 31092.3
13.56 -62828 42853.9 -51556.9 194295 -51556.9 42853.9
13.58 -45641.5 52345.7 -55310.6 212636 -55310.6 52345.7
13.6 -30642.6 58898.9 -51299.4 219432 -51299.4 58898.9
13.62 -18954.5 58323 -40584.4 214082 -40584.4 58323
13.64 -10727.7 47021.1 -24187.8 197401 -24187.8 47021.1
13.66 -3942.97 26801 -6331.05 171755 -6331.05 26801
13.68 5329.56 4988.37 4424.7 140874 4424.7 4988.37
13.7 20512.5 -10135.1 1278.09 109340 1278.09 -10135.1
13.72 41869.9 -14522.7 -14476.4 81425.3 -14476.4 -14522.7
13.74 66187.5 -10387.8 -34966.7 59257.6 -34966.7 -10387.8
13.76 88897.1 -3467.74 -51688.1 41614.9 -51688.1 -3467.74
13.78 106430 2087.62 -58643.6 24814.2 -58643.6 2087.62
13.8 117144 5699.75 -52929 4990.04 -52929 5699.75
13.82 121038 7323.55 -36079.8 -20259.3 -36079.8 7323.55
13.84 119194 4693.06 -14421.2 -51373.7 -14421.2 4693.06
13.86 113312 -4538 4564.47 -86729.8 4564.47 -4538
13.88 105310 -19065.6 17063.7 -122906 17063.7 -19065.6
13.9 96860.7 -34217.5 23779.4 -155644 23779.4 -34217.5
13.92 88991.9 -45693.9 26807.6 -180987 26807.6 -45693.9
13.94 82023.4 -51809.8 26848.2 -195978 26848.2 -51809.8
13.96 75823.2 -52479.2 22645.7 -199196 22645.7 -52479.2
13.98 69956.2 -47613.3 11376.1 -191154 11376.1 -47613.3
14 63275.5 -37217.5 -8172.24 -173944 -8172.24 -37217.5
14.02 53251.6 -23111 -29465.3 -150439 -29465.3 -23111
14.04 36464.3 -10266.8 -38467.6 -123935 -38467.6 -10266.8
14.06 11206.3 -4831.77 -25462 -97921.3 -25462 -4831.77
14.08 -19715 -8902.59 3222.93 -75313.5 3222.93 -8902.59
14.1 -49488.1 -17023.8 28897.2 -57366.1 28897.2 -17023.8
14.12 -71708.1 -19688.4 36558.9 -43206.1 36558.9 -19688.4
14.14 -84843 -12181.8 25757.2 -30647.6 25757.2 -12181.8
14.16 -92597.1 291.937 7348.72 -17604.8 7348.72 291.937
14.18 -100142 7586.14 -6988.45 -2715.29 -6988.45 7586.14
14.2 -109807 4920.02 -12016.9 15174.7 -12016.9 4920.02
14.22 -119600 -2356.05 -9722.26 37422.6 -9722.26 -2356.05
14.24 -125176 -4301.42 -5938.31 64741 -5938.31 -4301.42
14.26 -123321 3806.58 -5739.27 95518.8 -5739.27 3806.58
14.28 -114021 17358.6 -10458.5 124844 -10458.5 17358.6
14.3 -99571.5 27829.8 -18267.4 145610 -18267.4 27829.8
14.32 -82218.4 31644.6 -26630 151806 -26630 31644.6
14.34 -63191.4 32452 -33048.9 141963 -33048.9 32452
14.36 -43796.9 34447.4 -33764.9 120112 -33764.9 34447.4
14.38 -26175.8 35558.3 -24761 93613.1 -24761 35558.3
14.4 -11795.2 29430.6 -7323.17 69551.8 -7323.17 29430.6
14.42 715.39 13809.5 9237.59 52166.9 9237.59 13809.5
14.44 15166.6 -5062.72 14662.8 42338.2 14662.8 -5062.72
14.46 34680.2 -17143.3 7211.35 38154.9 7211.35 -17143.3
14.48 59170.4 -16898.4 -6477.33 35599.7 -6477.33 -16898.4
14.5 85688.1 -6923.09 -19674.9 29828.8 -19674.9 -6923.09
14.52 110306 5390.3 -30430.9 17505.2 -30430.9 5390.3
14.54 129431 13815 -38622.9 -1305.65 -38622.9 13815
14.56 140334 16443.4 -41942.4 -23772.1 -41942.4 16443.4
14.58 141554 14161.6 -37077.3 -46976.7 -37077.3 14161.6
14.6 133162 7463.37 -23710.6 -69468.2 -23710.6 7463.37
14.62 116730 -4155.21 -5670.79 -90045.9 -5670.79 -4155.21
14.64 95160.9 -20116.3 11290 -106210 11290 -20116.3
14.66 72302.2 -37044.3 21683.5 -115098 21683.5 -37044.3
14.68 51984.3 -49242.7 21076.9 -115890 21076.9 -49242.7
14.7 36523.5 -51235.9 6832.45 -110474 6832.45 -51235.9
14.72 25299.4 -41318.4 -19045.3 -101473 -19045.3 -41318.4
14.74 14433.6 -23664.7 -45765.9 -90030.1 -45765.9 -23664.7
14.76 -1288 -6270.04 -56572.5 -75864.1 -56572.5 -6270.04
14.78 -24596.1 4387.05 -42463.7 -59148.9 -42463.7 4387.05
14.8 -53098.4 7017.75 -12994.9 -41653.9 -12994.9 7017.75
14.82 -80903.7 4368.81 11233.1 -25825.3 11233.1 4368.81
14.84 -103130 -462.208 17453.3 -13183.5 17453.3 -462.208
14.86 -118490 -6204 9532.42 -3893.25 9532.42 -6204
14.88 -127820 -12661.4 -941.449 2834.66 -941.449 -12661.4
14.9 -131340 -18203.5 -7826.87 9056.34 -7826.87 -18203.5
14.92 -128019 -18562.6 -13410.2 18553.3 -13410.2 -18562.6
14.94 -117298 -9948.98 -21778.9 35276.1 -21778.9 -9948.98
14.96 -100877 5993.9 -32207.9 60102.1 -32207.9 5993.9
14.98 -82393.7 22097.8 -38755.9 89089.1 -38755.9 22097.8
15 -64980 32180.5 -35348 115242 -35348 32180.5
15.02 -49088.2 36761 -21301.7 132108 -21301.7 36761
15.04 -32948.4 40334.1 -2466 136082 -2466 40334.1
15.06 -15045.1 43603.5 12447.1 126673 12447.1 43603.5
15.08 4324.28 41084.8 16833.9 106207 16833.9 41084.8
15.1 23887.8 27546.3 9275.68 79664.7 9275.68 27546.3
15.12 43051 5621.16 -6169.78 53591.9 -6169.78 5621.16
15.14 62189.1 -14399.3 -22248.1 33599.1 -22248.1 -14399.3
15.16 81475.8 -22656.6 -32100.1 22018.6 -32100.1 -22656.6
15.18 99831.5 -17399.9 -32345.4 17572.8 -32345.4 -17399.9
15.2 115218 -4958.83 -24435.6 16905.7 -24435.6 -4958.83
15.22 125900 6920.54 -13446.1 16208.4 -13446.1 6920.54
15.24 131193 14752.8 -4680.74 11653.7 -4680.74 14752.8
15.26 130894 18518.8 -596.235 -699.707 -596.235 18518.8
15.28 124365 16968.7 -504.391 -23679.9 -504.391 16968.7
15.3 110813 6543.8 -2432.36 -56204.5 -2432.36 6543.8
15.32 90732.8 -13491.3 -4790.72 -91874.6 -4790.72 -13491.3
15.34 66738.3 -36954.6 -7020.26 -121785 -7020.26 -36954.6
15.36 42515.8 -54300.8 -9713.73 -139530 -9713.73 -54300.8
15.38 20752.3 -59833.8 -14135.6 -143572 -14135.6 -59833.8
15.4 1986.89 -54231.9 -20516.6 -135728 -20516.6 -54231.9
15.42 -14884.7 -41153.2 -26073.5 -118940 -26073.5 -41153.2
15.44 -31401 -24031.1 -26008.4 -96829.1 -26008.4 -24031.1
15.46 -48589.8 -6598.24 -18437.9 -73965.9 -18437.9 -6598.24
15.48 -66438.7 6289.37 -7632.12 -54888.8 -7632.12 6289.37
15.5 -83829.9 10984.8 -804.91 -42302.3 -804.91 10984.8
15.52 -99111.8 7942.87 -2167.05 -36319.3 -2167.05 7942.87
15.54 -110979 962.647 -10318.2 -35130.3 -10318.2 962.647
15.56 -118900 -6165.16 -19909.5 -35593.7 -19909.5 -6165.16
15.58 -122756 -11227.4 -25025.3 -33030.3 -25025.3 -11227.4
15.6 -122081 -12341.4 -22510.3 -21748.6 -22510.3 -12341.4
15.62 -115731 -7122.62 -14131.2 2111.2 -14131.2 -7122.62
15.64 -102670 5133.76 -5821.52 36960.2 -5821.52 5133.76
15.66 -83229.1 21583.2 -3406.1 75451.6 -3406.1 21583.2
15.68 -59482.8 37989.4 -8090.49 108546 -8090.49 37989.4
15.7 -34514.5 51309.7 -16219.4 129993 -16219.4 51309.7
15.72 -11439.5 58916.8 -23106.9 137729 -23106.9 58916.8
15.74 7395.94 57784.4 -26258.5 132857 -26258.5 57784.4
15.76 21185.9 47221.7 -25017.3 118566 -25017.3 47221.7
15.78 31044 31575.2 -19118 99621.1 -19118 31575.2
15.8 39347.5 18111.7 -9742.25 81403.2 -9742.25 18111.7
15.82 48281.3 11823.8 -1014.65 68111.6 -1014.65 11823.8
15.84 58546.1 12401.7 2206.48 61175.9 2206.48 12401.7
15.86 69005 15450.1 -1519.09 58996.6 -1519.09 15450.1
15.88 77508.6 16245.5 -9346.3 57963.1 -9346.3 16245.5
15.9 82385.4 13337.3 -17419.9 53923.5 -17419.9 13337.3
15.92 83242.5 8796.78 -24056.8 43472.8 -24056.8 8796.78
15.94 80304.2 4729.32 -29329.1 25074.6 -29329.1 4729.32
15.96 73460.2 655.45 -32462.2 -74.6786 -32462.2 655.45
15.98 62448.3 -5427.67 -31299.2 -28347.2 -31299.2 -5427.67
16 47846.9 -14557.6 -24804.8 -55376.7 -24804.8 -14557.6
16.02 31565.6 -25352.3 -15077.2 -77817.8 -15077.2 -25352.3
16.04 16276.9 -33998.6 -6345.37 -93973.2 -6345.37 -33998.6
16.06 4183.79 -36198.1 -2391.47 -103487 -2391.47 -36198.1
16.08 -4222.32 -31003.5 -4797.09 -106943 -4797.09 -31003.5
16.1 -10518 -23075 -12879.7 -105622 -12879.7 -23075
16.12 -17166 -19373.4 -24606.8 -101040 -24606.8 -19373.4
16.14 -25606.8 -22460.2 -36646.3 -94286.1 -36646.3 -22460.2
16.16 -35424 -27758.4 -43725.9 -85776.5 -43725.9 -27758.4
16.18 -45096 -28168.8 -40839.7 -75704.4 -40839.7 -28168.8
16.2 -53103.6 -21031.2 -28318 -64622.8 -28318 -21031.2
16.22 -58415.4 -10250.8 -13276.6 -53381 -13276.6 -10250.8
16.24 -60565.4 -2069.16 -3980.18 -42398.3 -3980.18 -2069.16
16.26 -59572.3 885.251 -2956.85 -31021.6 -2956.85 885.251
16.28 -55679.8 1195.19 -6375.24 -17757.9 -6375.24 1195.19
16.3 -49174.5 2926.79 -9126.84 -1206.54 -9126.84 2926.79
16.32 -40462.1 7516.47 -9231.19 19210.4 -9231.19 7516.47
16.34 -30097.5 13380.6 -8185.9 43020.6 -8185.9 13380.6
16.36 -18592 18439.9 -8695.44 68605.6 -8695.44 18439.9
16.38 -6353.29 22184 -11949.8 93177.1 -11949.8 22184
16.4 6060.3 25528.5 -16111.9 113266 -16111.9 25528.5
16.42 17801.9 29335.9 -17628.6 125868 -17628.6 29335.9
16.44 28018.5 33258.6 -14643.4 129634 -14643.4 33258.6
16.46 36201 35739.7 -8804.51 125298 -8804.51 35739.7
16.48 42210.8 35051.3 -3615.97 115213 -3615.97 35051.3
16.5 46110.6 30447.8 -1780.85 102351 -1780.85 30447.8
16.52 48063.1 22569.7 -3812.96 89237.6 -3812.96 22569.7
16.54 48306 13291.2 -7954.72 77293.8 -7954.72 13291.2
16.56 47163.9 5170.97 -11633.8 66595.9 -11633.8 5170.97
16.58 45034.3 17.8593 -13848.8 55866 -13848.8 17.8593
16.6 42217.8 -2275.17 -15709.4 43002.4 -15709.4 -2275.17
16.62 38691.6 -3119.53 -18209.3 26264 -18209.3 -3119.53
16.64 34127.5 -3899.65 -20560 5269.3 -20560 -3899.65
16.66 28203.2 -5628.51 -21618.8 -18968.1 -21618.8 -5628.51
16.68 20887.2 -9244.47 -21878.2 -44678.7 -21878.2 -9244.47
16.7 12463.7 -15178.1 -22639.4 -69842.3 -22639.4 -15178.1
16.72 3405.93 -22494.3 -23752.2 -92335.6 -23752.2 -22494.3
16.74 -5692.43 -29124.6 -23674.6 -110143 -23674.6 -29124.6
16.76 -14116.4 -33264.6 -21921.5 -121835 -21921.5 -33264.6
16.78 -21138.3 -34385.8 -20363.7 -126967 -20363.7 -34385.8
16.8 -26311.7 -32967.2 -21488.7 -126028 -21488.7 -32967.2
16.82 -29735.8 -29663.6 -25501.3 -120055 -25501.3 -29663.6
16.84 -31988.7 -24840.5 -29348.3 -110210 -29348.3 -24840.5
16.86 -33681.3 -18712 -29226.8 -97489.1 -29226.8 -18712
16.88 -34983.3 -11986.2 -24776.1 -82697.2 -24776.1 -11986.2
16.9 -35595.6 -6078.38 -19755.4 -66561.4 -19755.4 -6078.38
16.92 -35197.7 -2068.2 -17344.5 -49642.7 -17344.5 -2068.2
16.94 -33827.2 193.15 -16140.6 -32113.2 -16140.6 193.15
16.96 -31656.3 1586.06 -12549.5 -13729.2 -12549.5 1586.06
16.98 -28388.5 2889.03 -6284.81 5936.12 -6284.81 2889.03
17 -23162.2 4733.77 -1417.43 27192.9 -1417.43 4733.77
17.02 -15318.2 7877.67 -1683.46 49975.7 -1683.46 7877.67
17.04 -5220.17 12904.8 -6252.7 73545 -6252.7 12904.8
17.06 5826.81 19615.5 -11009.8 96271.1 -11009.8 19615.5
17.08 16367.1 26861 -13178.5 115859 -13178.5 26861
17.1 25348.6 32923.3 -13613.5 130031 -13613.5 32923.3
17.12 32060.3 36162.2 -14688.4 137239 -14688.4 36162.2
17.14 35916 35776.9 -16838.4 137090 -16838.4 35776.9
17.16 36548.9 32282.4 -17630.7 130435 -17630.7 32282.4
17.18 34135.1 27124.8 -14229 119024 -14229 27124.8
17.2 29574.5 21675.6 -6993.92 104751 -6993.92 21675.6
17.22 24270.1 16540.1 -476.378 88879.6 -476.378 16540.1
17.24 19480.2 11520.6 90.1578 71796.6 90.1578 11520.6
17.26 15629.9 6239.94 -6391.59 53484.7 -6391.59 6239.94
17.28 12274.7 1176.32 -15979.5 34170.9 -15979.5 1176.32
17.3 8750.36 -2389.49 -23542.3 14365.3 -23542.3 -2389.49
17.32 4683.37 -4045.11 -27036.3 -5574.94 -27036.3 -4045.11
17.34 -87.1066 -5437.09 -28019.2 -25547.3 -28019.2 -5437.09
17.36 -5654.36 -9057.05 -28723.6 -45303.4 -28723.6 -9057.05
17.38 -11809.4 -15566.5 -29379.7 -64115 -29379.7 -15566.5
17.4 -17795 -22599.1 -28519.7 -80881.6 -28519.7 -22599.1
17.42 -22545.5 -26624.8 -25463 -94512.4 -25463 -26624.8
17.44 -25312.9 -26179.6 -21927 -104230 -21927 -26179.6
17.46 -26157.7 -23184.3 -20768.5 -109632 -20768.5 -23184.3
17.48 -25872.9 -21046.1 -23051 -110594 -23051 -21046.1
17.5 -25333.6 -21516.5 -26741.8 -107175 -26741.8 -21516.5
17.52 -24760.7 -23364.1 -28841.8 -99521.3 -28841.8 -23364.1
17.54 -23570.8 -23855.4 -28557.3 -87812.9 -28557.3 -23855.4
17.56 -21010.6 -21179.1 -27367 -72329.2 -27367 -21179.1
17.58 -16950.3 -15657.2 -26196.9 -53746.1 -26196.9 -15657.2
17.6 -12010.9 -9352.35 -24054.3 -33478.8 -24054.3 -9352.35
17.62 -6883.17 -4318.51 -19659 -13430 -19659 -4318.51
17.64 -1589.11 -658.172 -13361.3 4964.63 -13361.3 -658.172
17.66 4458.92 3371.47 -7162.31 21491.1 -7162.31 3371.47
17.68 11653.8 9003.25 -3351.78 36913.3 -3351.78 9003.25
17.7 19547.7 15168.8 -3123.45 52025.8 -3123.45 15168.8
17.72 27032.5 19514.6 -5869.8 66935.1 -5869.8 19514.6
17.74 33066.9 20871.3 -9491.03 81041 -9491.03 20871.3
17.76 37215.7 20237.2 -11705.8 93403 -11705.8 20237.2
17.78 39653.5 19564.3 -11496.8 103046 -11496.8 19564.3
17.8 40817.3 20134 -9553.98 109139 -9553.98 20134
17.82 41034.7 22019.1 -7493.92 111158 -7493.92 22019.1
17.84 40296.3 24517.2 -6513.25 108954 -6513.25 24517.2
17.86 38203.3 26726.3 -6374.18 102585 -6374.18 26726.3
17.88 34136.4 27504.9 -5850.94 92061.5 -5850.94 27504.9
17.9 27667.2 25015 -4820.36 77354.8 -4820.36 25015
17.92 19027 17722.9 -5413.8 58945 -5413.8 17722.9
17.94 9219.79 6826.38 -9896.89 38404.9 -9896.89 6826.38
17.96 -526.523 -3632.35 -17655.9 18026.4 -17655.9 -3632.35
17.98 -9586.36 -10197.6 -25308.4 -411.474 -25308.4 -10197.6
18 -18166.9 -12973.6 -29709.2 -16462.9 -29709.2 -12973.6
18.02 -26664.4 -14673.4 -30199 -30665.1 -30199 -14673.4
18.04 -34883.8 -17206.2 -28174.3 -43602 -28174.3 -17206.2
18.06 -41940 -19775.3 -25406.7 -55426 -25406.7 -19775.3
18.08 -46842.6 -20227.1 -23033.7 -66078.6 -23033.7 -20227.1
18.1 -49177.5 -17778.6 -21559.2 -75598.5 -21559.2 -17778.6
18.12 -49334.3 -14178.5 -21263.9 -84058.7 -21263.9 -14178.5
18.14 -48134.7 -12309.1 -22421.5 -91331.7 -22421.5 -12309.1
18.16 -46209.1 -13749.3 -24955.7 -96960.7 -24955.7 -13749.3
18.18 -43642.2 -17656.6 -27974.1 -100090 -27974.1 -17656.6
18.2 -40047.1 -21748.9 -30181.9 -99466.7 -30181.9 -21748.9
18.22 -34856 -23664 -30903.6 -93680.6 -30903.6 -23664
18.24 -27642.8 -21414.6 -30201.1 -81813.4 -30201.1 -21414.6
18.26 -18507.8 -14473.3 -28090.6 -64389.8 -28090.6 -14473.3
18.28 -8291.9 -4969.4 -24384.9 -43752.5 -24384.9 -4969.4
18.3 1859.45 3808.66 -19382.4 -23079.5 -19382.4 3808.66
18.32 11292.5 10364.8 -14224.9 -4725.74 -14224.9 10364.8
18.34 19999.5 15497.6 -10384.8 10701.4 -10384.8 15497.6
18.36 27949.9 19954 -8781.21 23996.2 -8781.21 19954
18.38 34624.3 22822.6 -9174.67 36382.3 -9174.67 22822.6
18.4 39392.7 22771.3 -10272.5 48812.7 -10272.5 22771.3
18.42 42153.5 20105 -10669.6 61781.9 -10669.6 20105
18.44 43448.5 16853.2 -9973.59 75310.2 -9973.59 16853.2
18.46 44018.5 15058.2 -8941.8 88886.7 -8941.8 15058.2
18.48 44277.3 15391.8 -8415.68 101504 -8415.68 15391.8
18.5 44120.7 17157.8 -8367.13 111897 -8367.13 17157.8
18.52 43151.1 19196.2 -8217.4 118860 -8217.4 19196.2
18.54 41031.3 21010.7 -7731.07 121492 -7731.07 21010.7
18.56 37550.1 22836.2 -7200.57 119242 -7200.57 22836.2
18.58 32368.8 23653.9 -7202.16 111696 -7202.16 23653.9
18.6 25034.2 20435.6 -8495.69 98671.3 -8495.69 20435.6
18.62 15611.5 11603.6 -11471.7 80964.9 -11471.7 11603.6
18.64 5186.06 132.89 -15477.1 60732.5 -15477.1 132.89
18.66 -4695.48 -8925.83 -19309.9 40527.6 -19309.9 -8925.83
18.68 -13152.9 -13489.1 -22401.6 21837.9 -22401.6 -13489.1
18.7 -20306.7 -15605.7 -24966.1 4604.52 -24966.1 -15605.7
18.72 -26580.6 -18091.6 -27030.7 -12005.8 -27030.7 -18091.6
18.74 -31996.2 -21426.7 -28035.1 -28603.6 -28035.1 -21426.7
18.76 -36136.5 -24078.2 -27680.7 -45252 -27680.7 -24078.2
18.78 -38543.7 -24744.1 -26652.5 -61680.8 -26652.5 -24744.1
18.8 -39098.7 -23673 -26022.1 -77450.2 -26022.1 -23673
18.82 -38117.5 -22260.9 -26109.5 -91894.1 -26109.5 -22260.9
18.84 -36080.6 -21782 -26270.7 -104060 -26270.7 -21782
18.86 -33204.6 -22388.7 -25790.1 -112789 -25790.1 -22388.7
18.88 -29266.8 -23212 -24864.5 -116950 -24864.5 -23212
18.9 -23851.5 -23172.3 -24688.9 -115659 -24688.9 -23172.3
18.92 -16780.7 -21235.9 -26274.8 -108344 -26274.8 -21235.9
18.94 -8451.07 -16635.9 -28822.4 -94961.9 -28822.4 -16635.9
18.96 94.6211 -9980.4 -29692.9 -76488.5 -29692.9 -9980.4
18.98 7613.35 -3442.75 -26737.4 -55025.2 -26737.4 -3442.75
19 13510.6 1231.34 -20475.3 -32985.9 -20475.3 1231.34
19.02 18235.8 4575.9 -13512.9 -11951.8 -13512.9 4575.9
19.04 22642.7 8484.97 -8201.93 7782.16 -8201.93 8484.97
19.06 27025.9 13573.1 -5352.38 26678.4 -5352.38 13573.1
19.08 30929 18194 -4748.68 45132 -4748.68 18194
19.1 33739.8 20289.4 -5960.57 63127.4 -5960.57 20289.4
19.12 35237.5 19722.9 -8383.29 80383.6 -8383.29 19722.9
19.14 35596.7 18444.4 -11020.6 96481 -11020.6 18444.4
19.16 35030.5 18534.7 -12751 110768 -12751 18534.7
19.18 33492.3 20287.7 -12906.8 122295 -12906.8 20287.7
19.2 30721.1 22200.5 -11572.7 129973 -11572.7 22200.5
19.22 26579.4 22816.1 -9370.17 132835 -9370.17 22816.1
19.24 21300.8 22218 -7030.54 130166 -7030.54 22218
19.26 15318.8 21144.9 -5355.04 121451 -5355.04 21144.9
19.28 8897.93 19175.4 -5564.36 106524 -5564.36 19175.4
19.3 2066.62 14928.9 -8959.09 86098.1 -8959.09 14928.9
19.32 -5141.31 7924.75 -15467.3 62077 -15467.3 7924.75
19.34 -12535.8 -537.352 -22882.2 37056.8 -22882.2 -537.352
19.36 -19793.9 -8332.46 -28289.4 13288.2 -28289.4 -8332.46
19.38 -26463.9 -13922.8 -30226.5 -8059.45 -30226.5 -13922.8
19.4 -32000.6 -16980.9 -29234 -26857 -29234 -16980.9
19.42 -35941.7 -18178.4 -26751.8 -43490.7 -26751.8 -18178.4
19.44 -38029.2 -18543.4 -24127.5 -58425.9 -24127.5 -18543.4
19.46 -38136.7 -18781.5 -22533.1 -72021.1 -22533.1 -18781.5
19.48 -36242.8 -19066.9 -22899.6 -84373.6 -22899.6 -19066.9
19.5 -32598.5 -19449.1 -25251 -95126.8 -25251 -19449.1
19.52 -27791.4 -20212.7 -28312.9 -103405 -28312.9 -20212.7
19.54 -22434.2 -21624.4 -30316.7 -107969 -30316.7 -21624.4
19.56 -16735.2 -23363.2 -30321.3 -107499 -30321.3 -23363.2
19.58 -10406.3 -24153.3 -28627 -100894 -28627 -24153.3
19.6 -3006.28 -22219.9 -26177.2 -87724.6 -26177.2 -22219.9
19.62 5538.53 -16803.7 -23878.3 -68804.5 -23878.3 -16803.7
19.64 14630.4 -9121.14 -22105.9 -46278.1 -22105.9 -9121.14
19.66 23206 -1356 -20499.1 -22878.4 -20499.1 -1356
19.68 30292 5019.19 -18510 -888.613 -18510 5019.19
19.7 35369.9 9643.18 -16207 18466.3 -16207 9643.18
19.72 38296.5 12536.8 -14197.8 35006.2 -14197.8 12536.8
19.74 39098.4 13755.6 -12767.1 49209.5 -12767.1 13755.6
19.76 37964.1 13786.8 -11482.2 61739.3 -11482.2 13786.8
19.78 35311.4 13638.6 -9835.41 73044.8 -9835.41 13638.6
19.8 31686.7 14167.9 -8040.05 83140.2 -8040.05 14167.9
19.82 27541.2 15519.6 -6966.26 91602.5 -6966.26 15519.6
19.84 23091.5 17354.3 -7361.45 97712.4 -7361.45 17354.3
19.86 18303.9 19378.8 -9220.95 100634 -9220.95 19378.8
19.88 12922.6 21369.2 -11797.1 99598.8 -11797.1 21369.2
19.9 6540.99 22625.5 -14113.2 94092 -14113.2 22625.5
19.92 -1195 21834.1 -15511.4 84078.5 -15511.4 21834.1
19.94 -10254.8 18072 -15802.8 70214.1 -15802.8 18072
19.96 -19993 11870.3 -15152.2 53759.2 -15152.2 11870.3
19.98 -29280.2 4922.63 -14196.2 36115.4 -14196.2 4922.63
20 -36942.6 -1115.11 -14106.3 18390.4 -14106.3 -1115.11
20.02 -42204.2 -5386.73 -15830.8 1354.33 -15830.8 -5386.73
20.04 -44893.2 -7807.53 -19150.8 -14358.8 -19150.8 -7807.53
20.06 -45360.5 -8816.1 -22922.6 -28173 -22922.6 -8816.1
20.08 -44198.1 -9184.75 -26224.2 -39699.1 -26224.2 -9184.75
20.1 -41961.6 -9721.75 -28844.7 -48848.1 -28844.7 -9721.75
20.12 -39061.9 -10926.3 -30675 -55775.5 -30675 -10926.3
20.14 -35760 -12916.1 -31177.3 -60760.4 -31177.3 -12916.1
20.16 -32102.7 -15604.4 -29848.1 -64128.4 -29848.1 -15604.4
20.18 -27818.8 -18761.9 -27074.2 -66122.7 -27074.2 -18761.9
20.2 -22359.4 -21818.2 -24168.4 -66661.5 -24168.4 -21818.2
20.22 -15161.7 -23671.8 -22348.4 -65182.2 -22348.4 -23671.8
20.24 -5994.93 -22957 -21770.9 -60857.2 -21770.9 -22957
20.26 4805.33 -19017.1 -21736.6 -53163.9 -21736.6 -19017.1
20.28 16346.5 -12713.4 -21724.5 -42330.9 -21724.5 -12713.4
20.3 27449.4 -5934.92 -21857.4 -29252.5 -21857.4 -5934.92
20.32 37007.4 -318.87 -22171.2 -15057.3 -22171.2 -318.87
20.34 44228.8 3457.75 -21892.9 -792.222 -21892.9 3457.75
20.36 48765.5 5508.14 -20164.5 12615.1 -20164.5 5508.14
20.38 50783.3 6426.33 -17334.1 24344.2 -17334.1 6426.33
20.4 50825 7101.41 -14767.9 33842.2 -14767.9 7101.41
20.42 49396.9 8271.58 -13312.5 41055.1 -13312.5 8271.58
20.44 46649.9 9988.39 -12539.1 46449.2 -12539.1 9988.39
20.46 42519.3 11724.5 -11693.9 50741.5 -11693.9 11724.5
20.48 37091.5 13103.3 -10862.2 54560 -10862.2 13103.3
20.5 30680.8 14322.4 -10750.3 58246.4 -10750.3 14322.4
20.52 23565 15799.2 -11557.7 61778.1 -11557.7 15799.2
20.54 15791.8 17523.6 -12593 64716.6 -12593 17523.6
20.56 7297.53 18727 -13136.6 66250.2 -13136.6 18727
20.58 -1827.19 18290.6 -13357.4 65513.7 -13357.4 18290.6
20.6 -11183.6 15810.3 -14110 62097.8 -14110 15810.3
20.62 -20154.6 12153.9 -15893.2 56279.5 -15893.2 12153.9
20.64 -28202.8 8708.87 -18118.3 48753.1 -18118.3 8708.87
20.66 -35107.5 6195.5 -19505.8 40204.2 -19505.8 6195.5
20.68 -40874.2 4300.82 -19448.2 31118 -19448.2 4300.82
20.7 -45451.6 2254.31 -18843.6 21859.7 -18843.6 2254.31
20.72 -48646.8 -448.932 -19180.7 12807 -19180.7 -448.932
20.74 -50289.5 -3745.07 -20940.2 4342.84 -20940.2 -3745.07
20.76 -50330 -7092.69 -23278.6 -3291.71 -23278.6 -7092.69
20.78 -48754.3 -9815.85 -25149.2 -10126 -25149.2 -9815.85
20.8 -45538.2 -11570.7 -26282.1 -16417.5 -26282.1 -11570.7
20.82 -40752.1 -12558.8 -27005.7 -22467.3 -27005.7 -12558.8
20.84 -34631 -13202.6 -27506.7 -28467.5 -27506.7 -13202.6
20.86 -27496.1 -13694.6 -27560.4 -34458.4 -27560.4 -13694.6
20.88 -19655.9 -14039.7 -26861.1 -40293.7 -26861.1 -14039.7
20.9 -11385.5 -14377.6 -25365.4 -45530.3 -25365.4 -14377.6
20.92 -2891.46 -14848.4 -23307 -49386.8 -23307 -14848.4
20.94 5759.92 -15206.9 -21077.4 -51009.8 -21077.4 -15206.9
20.96 14610.4 -14876.6 -19168.3 -49926 -19168.3 -14876.6
20.98 23644.2 -13327.4 -18091.9 -46249.9 -18091.9 -13327.4
21 32631.8 -10355.6 -18219.8 -40506.3 -18219.8 -10355.6
21.02 41071.5 -6201.35 -19507.5 -33332 -19507.5 -6201.35
21.04 48219.5 -1530.45 -21122.7 -25299.7 -21122.7 -1530.45
21.06 53264.3 2845.39 -21576.2 -16860.8 -21576.2 2845.39
21.08 55655.8 6374.73 -19870.5 -8341.02 -19870.5 6374.73
21.1 55347.3 8900.16 -16587.1 47.2866 -16587.1 8900.16
21.12 52686.8 10436.4 -13413.5 8202.38 -13413.5 10436.4
21.14 48084.6 10986.6 -11547.8 16129 -11547.8 10986.6
21.16 41849.8 10678.1 -10847.6 23884.8 -10847.6 10678.1
21.18 34312.3 9998.4 -10533.4 31481.8 -10533.4 9998.4
21.2 25940.8 9772.79 -10338 38829.9 -10338 9772.79
21.22 17208.9 10730.2 -10720.8 45720.1 -10720.8 10730.2
21.24 8322.14 12822.2 -12149.7 51758.8 -12149.7 12822.2
21.26 -885.738 14949.7 -14457.4 56338.4 -14457.4 14949.7
21.28 -10724.7 15655.9 -16896.9 58821.1 -16896.9 15655.9
21.3 -21255 14221.7 -18683.4 58823.2 -18683.4 14221.7
21.32 -32075.4 11095 -19476.6 56331.4 -19476.6 11095
21.34 -42449.1 7401.92 -19477.6 51606 -19477.6 7401.92
21.36 -51611.6 4116.62 -19176.7 45034.2 -19176.7 4116.62
21.38 -59008.7 1539.34 -19046.8 37056.1 -19046.8 1539.34
21.4 -64350.1 -638.703 -19460 28135.3 -19460 -638.703
21.42 -67518.1 -2810.11 -20659.8 18728.3 -20659.8 -2810.11
21.44 -68466.4 -4919.65 -22483.9 9266.17 -22483.9 -4919.65
21.46 -67206.1 -6446.05 -24229.9 140.954 -24229.9 -6446.05
21.48 -63844.6 -6966.15 -25187.5 -8355.34 -25187.5 -6966.15
21.5 -58593.9 -6753.09 -25341 -16120.9 -25341 -6753.09
21.52 -51734.1 -6822.55 -25293.6 -23236.8 -25293.6 -6822.55
21.54 -43530.5 -8258.38 -25477.4 -29781.7 -25477.4 -8258.38
21.56 -34086.7 -11112.6 -25663.2 -35554.5 -25663.2 -11112.6
21.58 -23247.5 -13800.9 -25341.6 -39963.8 -25341.6 -13800.9
21.6 -10798.5 -14070.9 -24429.4 -42297.6 -24429.4 -14070.9
21.62 3058.14 -10997.1 -23395.2 -42161 -23395.2 -10997.1
21.64 17419.1 -5953.78 -22670.2 -39636.7 -22670.2 -5953.78
21.66 30973.9 -1544.38 -22099.7 -35072.3 -22099.7 -1544.38
21.68 42667.8 469.259 -21106.2 -28798.1 -21106.2 469.259
21.7 52159.4 395.014 -19356.5 -21067.8 -19356.5 395.014
21.72 59730.9 66.1596 -17163.4 -12199.9 -17163.4 66.1596
21.74 65784.6 1133.59 -15226.2 -2684.47 -15226.2 1133.59
21.76 70364.3 3693.97 -14057.6 6895 -14057.6 3693.97
21.78 73084.6 6364.53 -13690 16035.3 -13690 6364.53
21.8 73475.1 7630.07 -13782.5 24414.9 -13782.5 7630.07
21.82 71378.9 7184.7 -13785.2 31882.4 -13785.2 7184.7
21.84 67061.8 6087.54 -13081.5 38408.3 -13081.5 6087.54
21.86 61021.8 5790.45 -11373.4 44030.9 -11373.4 5790.45
21.88 53715.9 7006.53 -9141.18 48736.8 -9141.18 7006.53
21.9 45380.5 9109.97 -7581.88 52240.5 -7581.88 9109.97
21.92 36005.2 10370.1 -7840.87 53895.1 -7840.87 10370.1
21.94 25510.9 9250.95 -10100.2 53030.4 -10100.2 9250.95
21.96 14059 5862.31 -13382.7 49467.5 -13382.7 5862.31
21.98 2185.03 1965.08 -16335 43634.7 -16335 1965.08
22 -9435.83 -534.518 -18240.9 36200.6 -18240.9 -534.518
22.02 -20362.9 -1136.57 -19279.2 27669.4 -19279.2 -1136.57
22.04 -30524.9 -1036.52 -19940.6 18309.8 -19940.6 -1036.52
22.06 -40000.4 -2052.2 -20432.5 8368.23 -20432.5 -2052.2
22.08 -48635.4 -5089.37 -20719.5 -1745.74 -20719.5 -5089.37
22.1 -55824.2 -9324.79 -20933.6 -11496 -20933.6 -9324.79
22.12 -60693.8 -12754.2 -21497 -20385.7 -21497 -12754.2
22.14 -62605.7 -13689.5 -22816.4 -28062.6 -22816.4 -13689.5
22.16 -61579.7 -12010.9 -24920.7 -34316.6 -24920.7 -12010.9
22.18 -58295.2 -9215.24 -27320.5 -39042.2 -27320.5 -9215.24
22.2 -53684.6 -7361.61 -29103.1 -42191.4 -29103.1 -7361.61
22.22 -48390.3 -7777.24 -29315.7 -43690.6 -29315.7 -7777.24
22.24 -42399 -10168.3 -27578.4 -43300.7 -27578.4 -10168.3
22.26 -35067.1 -12480.5 -24493.9 -40555.7 -24493.9 -12480.5
22.28 -25619.7 -12223.3 -21420 -35059.4 -21420 -12223.3
22.3 -13881.9 -8655.89 -19633.3 -26986.6 -19633.3 -8655.89
22.32 -617.467 -3415.31 -19441.8 -17176.9 -19441.8 -3415.31
22.34 12892.4 1264.85 -20010.2 -6642.65 -20010.2 1264.85
22.36 25575.5 4612.12 -20118.9 3974.87 -20118.9 4612.12
22.38 36857.7 7340.39 -19141.9 14472.9 -19141.9 7340.39
22.4 46416.6 10022.6 -17310.6 24747.6 -17310.6 10022.6
22.42 53918.3 12028.6 -15209.1 34505.4 -15209.1 12028.6
22.44 59104.3 12232.8 -13266.2 43286.8 -13266.2 12232.8
22.46 62052 10475.2 -11735.2 50664.7 -11735.2 10475.2
22.48 63215.5 8016.46 -10864.5 56377 -10864.5 8016.46
22.5 63115.1 6522.46 -10817.4 60333.5 -10817.4 6522.46
22.52 61953.3 6740.03 -11406.2 62559.8 -11406.2 6740.03
22.54 59524.4 8264.78 -12035.2 63112.2 -12035.2 8264.78
22.56 55453.4 10372.5 -12040 61976.7 -12040 10372.5
22.58 49460.9 12382.7 -11261.1 58957.4 -11261.1 12382.7
22.6 41432.4 13037.5 -10363.6 53682.4 -10363.6 13037.5
22.62 31463.1 10714.6 -10420.8 45917.1 -10420.8 10714.6
22.64 20044 5029.81 -12003.6 35953.4 -12003.6 5029.81
22.66 8124.75 -2323.45 -14648.9 24604 -14648.9 -2323.45
22.68 -3198 -8685.86 -17220.7 12807.1 -17220.7 -8685.86
22.7 -13110 -12219.4 -18860.8 1266.18 -18860.8 -12219.4
22.72 -21257 -12767.1 -19719.7 -9609.16 -19719.7 -12767.1
22.74 -27699.8 -11559.7 -20755.4 -19560.9 -20755.4 -11559.7
22.76 -32809.6 -10328.6 -22667.8 -28370.8 -22667.8 -10328.6
22.78 -37066.5 -10339 -25023.8 -35855.5 -25023.8 -10339
22.8 -40744.2 -11820.8 -26605.6 -41887.3 -26605.6 -11820.8
22.82 -43690.6 -14143.7 -26668.6 -46390.6 -26668.6 -14143.7
22.84 -45389.9 -16461.3 -25704.5 -49328.2 -25704.5 -16461.3
22.86 -45241.6 -18144.4 -24923.5 -50674.4 -24923.5 -18144.4
22.88 -42844.7 -18794.4 -25149.7 -50336.6 -25149.7 -18794.4
22.9 -38142.9 -18112.2 -26264.1 -48071.4 -26264.1 -18112.2
22.92 -31419.6 -15792.6 -27445.4 -43514.7 -27445.4 -15792.6
22.94 -23227.7 -11630.2 -27720.8 -36416.3 -27720.8 -11630.2
22.96 -14325.3 -6117.76 -26474.8 -26988.2 -26474.8 -6117.76
22.98 -5546.36 -746.681 -23771.8 -15994.5 -23771.8 -746.681
23 2489.25 2936.92 -20350.5 -4392.69 -20350.5 2936.92
23.02 9637.91 4585.52 -17283 7106.22 -17283 4585.52
23.04 16150.4 5124.52 -15448.8 18141.3 -15448.8 5124.52
23.06 22288.8 5765.34 -15052 28510 -15052 5765.34
23.08 28039.8 7245.02 -15512.4 38000.1 -15512.4 7245.02
23.1 33132.1 9788.71 -15942.2 46399.3 -15942.2 9788.71
23.12 37169.8 13193.3 -15854.1 53566.7 -15854.1 13193.3
23.14 39696.6 16695.2 -15392.1 59421.1 -15392.1 16695.2
23.16 40258.4 19110.5 -14889.7 63867.8 -14889.7 19110.5
23.18 38573.7 19529.6 -14375.6 66765.7 -14375.6 19529.6
23.2 34726.3 17988.2 -13599.3 67947.3 -13599.3 17988.2
23.22 29188.7 15448.4 -12393.6 67250.4 -12393.6 15448.4
23.24 22627.6 13047 -10921.4 64527.5 -10921.4 13047
23.26 15646.3 11146.9 -9732.97 59644.6 -9732.97 11146.9
23.28 8659.49 9176.46 -9663.09 52579.7 -9663.09 9176.46
23.3 1948.85 6580.42 -11413.5 43616.1 -11413.5 6580.42
23.32 -4277.59 3647.39 -14925.9 33374.6 -14925.9 3647.39
23.34 -9974.42 1124.42 -19104.5 22572.7 -19104.5 1124.42
23.36 -15341.4 -776.436 -22318 11741.4 -22318 -776.436
23.38 -20648.6 -2693.88 -23411.6 1158.59 -23411.6 -2693.88
23.4 -25886.5 -5450.35 -22466.6 -9004.04 -22466.6 -5450.35
23.42 -30593.6 -9228.32 -20718.7 -18537.3 -20718.7 -9228.32
23.44 -34030.3 -13381.2 -19707.7 -27205.9 -19707.7 -13381.2
23.46 -35540.6 -16885.1 -20321.4 -34846 -20321.4 -16885.1
23.48 -34849.8 -18962.9 -22397.2 -41393.4 -22397.2 -18962.9
23.5 -32148.3 -19458.4 -24982.1 -46808.7 -24982.1 -19458.4
23.52 -27949.1 -18756.4 -26911.7 -50984.9 -26911.7 -18756.4
23.54 -22824 -17412.4 -27392.4 -53710.4 -27392.4 -17412.4
23.56 -17189.2 -15934 -26379.1 -54706.6 -26379.1 -15934
23.58 -11244.4 -14760.2 -24503.4 -53694.6 -24503.4 -14760.2
23.6 -5017.71 -14016.1 -22549.4 -50453.4 -22549.4 -14016.1
23.62 1559.24 -13311.9 -21002.1 -44955.5 -21002.1 -13311.9
23.64 8532.19 -12082.6 -20061.7 -37533.6 -20061.7 -12082.6
23.66 15792.9 -10019.5 -19765.8 -28826.7 -19765.8 -10019.5
23.68 23036.2 -7052.71 -19894.8 -19471.7 -19894.8 -7052.71
23.7 29817.3 -3193.45 -20002.6 -9850.96 -20002.6 -3193.45
23.72 35615.2 1316.7 -19712.7 -121.841 -19712.7 1316.7
23.74 39891.7 5844.42 -18857.6 9601.18 -18857.6 5844.42
23.76 42204.6 9627.7 -17325 19151.7 -17325 9627.7
23.78 42358.1 12209.3 -15006.1 28336.4 -15006.1 12209.3
23.8 40491 13549.6 -12068 36953.4 -12068 13549.6
23.82 37043.7 13873.7 -9223.34 44760 -9223.34 13873.7
23.84 32614.5 13565.2 -7584.08 51468.6 -7584.08 13565.2
23.86 27739.3 13084.3 -8064.45 56801.7 -8064.45 13084.3
23.88 22676.4 12811.5 -10698.8 60551.2 -10698.8 12811.5
23.9 17327.8 12944.9 -14410.3 62595.6 -14410.3 12944.9
23.92 11367.9 13413.9 -17528.8 62855.5 -17528.8 13413.9
23.94 4489.37 13766.5 -18718.5 61260.2 -18718.5 13766.5
23.96 -3359.2 13344.3 -17618.6 57828 -17618.6 13344.3
23.98 -11832.5 11701.6 -14901.7 52752.4 -14901.7 11701.6
24 -20223.8 8771.48 -12015.5 46313.5 -12015.5 8771.48
24.02 -27678.4 4727.15 -10761.4 38682 -10761.4 4727.15
24.04 -33465.4 -13.4812 -12433.8 29883.5 -12433.8 -13.4812
24.06 -37182.1 -4548.84 -16754.2 20022.4 -16754.2 -4548.84
24.08 -38840.6 -7656.73 -21800 9498.09 -21800 -7656.73
24.1 -38813.5 -8659.37 -25424 -1067.51 -25424 -8659.37
24.12 -37649.7 -8171.9 -26840.7 -11102.2 -26840.7 -8171.9
24.14 -35847.7 -7776.53 -26800.6 -20253 -26800.6 -7776.53
24.16 -33688 -8811.89 -26414.4 -28364.2 -26414.4 -8811.89
24.18 -31154.9 -11357.8 -26071.4 -35409.3 -26071.4 -11357.8
24.2 -27970.7 -14230.5 -25490 -41451.3 -25490 -14230.5
24.22 -23775.5 -15980.8 -24508.9 -46565.7 -24508.9 -15980.8
24.24 -18393 -16089.8 -23532.9 -50691.2 -23532.9 -16089.8
24.26 -11979.4 -15232.1 -23193.5 -53486.1 -23193.5 -15232.1
24.28 -4915.67 -14317.4 -23757.5 -54347 -23757.5 -14317.4
24.3 2414.19 -13430.7 -24942 -52679.8 -24942 -13430.7
24.32 9694.56 -11806.5 -26162.7 -48241.3 -26162.7 -11806.5
24.34 16553.3 -8744.23 -26762.4 -41257.5 -26762.4 -8744.23
24.36 22458.1 -4489.33 -26041.4 -32263.9 -26041.4 -4489.33
24.38 26846.8 -236.707 -23505.1 -21894.4 -23505.1 -236.707
24.4 29455.7 2736.47 -19468.3 -10791.7 -19468.3 2736.47
24.42 30551.2 4063.69 -15242.4 444.134 -15242.4 4063.69
24.44 30786.7 4563.61 -12335.9 11380.5 -12335.9 4563.61
24.46 30754.4 5557.45 -11381.4 21841.5 -11381.4 5557.45
24.48 30606.8 7807.37 -11907.8 31807.8 -11907.8 7807.37
24.5 30023.3 10926.9 -13019.6 41207.4 -13019.6 10926.9
24.52 28467.9 13676.7 -14042.9 49821.6 -14042.9 13676.7
24.54 25528.6 14911.9 -14540.2 57367.9 -14540.2 14911.9
24.56 21178.2 14489.8 -14091.4 63607.6 -14091.4 14489.8
24.58 15834.2 13366.9 -12455 68329.9 -12455 13366.9
24.6 10161.7 12679 -10003.8 71236.9 -10003.8 12679
24.62 4744.4 12600.4 -7807.98 71876.6 -7807.98 12600.4
24.64 -116.421 12206.7 -7071.66 69764.2 -7071.66 12206.7
24.66 -4342.93 10545.8 -8357.56 64643.5 -8357.56 10545.8
24.68 -7912.6 7651.98 -11276.1 56658.1 -11276.1 7651.98
24.7 -10811.1 4392.03 -14814.7 46308.2 -14814.7 4392.03
24.72 -13111 1501.59 -17924.2 34300.4 -17924.2 1501.59
24.74 -14989.5 -1061.68 -19969 21406.7 -19969 -1061.68
24.76 -16590.3 -3850.71 -20872.4 8338.65 -20872.4 -3850.71
24.78 -17848.4 -7141.28 -20987.4 -4362.95 -20987.4 -7141.28
24.8 -18464.4 -10503.5 -20872.7 -16379.9 -20872.7 -10503.5
24.82 -18081.8 -13164.3 -21089.5 -27585.9 -21089.5 -13164.3
24.84 -16534.9 -14700.7 -21981 -37954.5 -21981 -14700.7
24.86 -13970.7 -15301.4 -23472.7 -47440.2 -23472.7 -15301.4
24.88 -10765.3 -15443.1 -25118.1 -55871.4 -25118.1 -15443.1
24.9 -7336.83 -15482.6 -26435.4 -62902.8 -26435.4 -15482.6
24.92 -4012.12 -15577.8 -27174.7 -68052.5 -27174.7 -15577.8
24.94 -987.849 -15792.6 -27238.4 -70794.7 -27238.4 -15792.6
24.96 1684.4 -16032.3 -26516.2 -70647.5 -26516.2 -16032.3
24.98 4126.62 -15858.7 -25050.4 -67263.8 -25050.4 -15858.7
25 6585.95 -14634.3 -23325.2 -60579.8 -23325.2 -14634.3
25.02 9239.59 -12007.3 -22065.5 -50935.2 -22065.5 -12007.3
25.04 11989.2 -8204.4 -21646.2 -39025.1 -21646.2 -8204.4
25.06 14450 -3871.72 -21829.5 -25706.4 -21829.5 -3871.72
25.08 16138.7 307.605 -21986.1 -11775.2 -21986.1 307.605
25.1 16684.8 3914.04 -21453.7 2197.62 -21453.7 3914.04
25.12 15949.2 6864.04 -19884.5 15905.3 -19884.5 6864.04
25.14 14049.2 9275.01 -17506.4 29198.7 -17506.4 9275.01
25.16 11292.4 11270.9 -15047.3 41917.4 -15047.3 11270.9
25.18 8042.8 12896.2 -13269.2 53795.5 -13269.2 12896.2
25.2 4602.37 14184.8 -12508.6 64479.3 -12508.6 14184.8
25.22 1182.36 15267.7 -12631.6 73588.4 -12631.6 15267.7
25.24 -2076.21 16359.1 -13328.2 80763.3 -13328.2 16359.1
25.26 -5111.81 17588.8 -14358.4 85703.4 -14358.4 17588.8
25.28 -7982.21 18793.3 -15538.1 88190.5 -15538.1 18793.3
25.3 -10857.9 19434.7 -16580.6 88074.3 -16580.6 19434.7
25.32 -13910.7 18793 -16997.1 85247.1 -16997.1 18793
25.34 -17122.4 16472.7 -16195.4 79677.7 -16195.4 16472.7
25.36 -20121 12846 -14046.6 71474.6 -14046.6 12846
25.38 -22210.5 8798.4 -11708.4 60875.9 -11708.4 8798.4
25.4 -22688.9 4968.44 -11266.1 48245.5 -11266.1 4968.44
25.42 -21274.2 1420.71 -13823.7 34182.4 -13823.7 1420.71
25.44 -18250.7 -1983.36 -18303 19549.7 -18303 -1983.36
25.46 -14185 -5170.93 -22575.9 5236.29 -22575.9 -5170.93
25.48 -9536.56 -7873.09 -25411.3 -8154.97 -25411.3 -7873.09
25.5 -4568.33 -9885.44 -26908.2 -20374.1 -26908.2 -9885.44
25.52 479.807 -11255.1 -27460.5 -31375.5 -27460.5 -11255.1
25.54 5295.19 -12305 -27034.6 -41208.3 -27034.6 -12305
25.56 9610.11 -13491.9 -25530.5 -49987.7 -25530.5 -13491.9
25.58 13352.3 -15125.9 -23342 -57788.2 -23342 -15125.9
25.6 16652.6 -17121.8 -21272.3 -64460 -21272.3 -17121.8
25.62 19727.9 -18977.7 -20034.3 -69554.8 -20034.3 -18977.7
25.64 22732.6 -19998.7 -19900 -72448.1 -19900 -19998.7
25.66 25641.7 -19639 -20683.6 -72551.6 -20683.6 -19639
25.68 28212.3 -17817.4 -22046.5 -69491.3 -22046.5 -17817.4
25.7 30041.5 -14993.4 -23783.4 -63202.2 -23783.4 -14993.4
25.72 30680.8 -11826.5 -25428.1 -53932 -25428.1 -11826.5
25.74 29768.4 -8679.43 -25727.2 -42207.4 -25727.2 -8679.43
25.76 27202.5 -5507.87 -23509.3 -28832.3 -23509.3 -5507.87
25.78 23274.7 -2204.19 -19268.6 -14829.2 -19268.6 -2204.19
25.8 18556.3 1099.57 -15065.2 -1181.87 -15065.2 1099.57
25.82 13544.9 4085.31 -12623.2 11510.6 -12623.2 4085.31
25.84 8432.13 6469.37 -12005.8 23165.6 -12005.8 6469.37
25.86 3231.93 8134.08 -12229.3 34032.1 -12229.3 8134.08
25.88 -1949.25 9204.22 -12579.4 44421.5 -12579.4 9204.22
25.9 -6830.94 10118.1 -13008.1 54554.8 -13008.1 10118.1
25.92 -11089.4 11502.2 -13677.7 64460 -13677.7 11502.2
25.94 -14525 13762.7 -14614.4 73829.2 -14614.4 13762.7
25.96 -17157.9 16710.9 -15726.4 81956.9 -15726.4 16710.9
25.98 -19221.4 19570.3 -16861.1 87887.4 -16861.1 19570.3
26 -21045.1 21349.8 -17825.5 90714.3 -17825.5 21349.8
26.02 -22880.2 21296.2 -18402.8 89865.1 -18402.8 21296.2
26.04 -24768.5 19217.7 -18201 85255.9 -18201 19217.7
26.06 -26486.4 15579.7 -16688.8 77287.5 -16688.8 15579.7
26.08 -27537.7 11238.9 -14146.7 66690.7 -14146.7 11238.9
26.1 -27267.1 6916.49 -12477.1 54318.5 -12477.1 6916.49
26.12 -25193 2902.7 -13854.9 41026.9 -13854.9 2902.7
26.14 -21365 -718.666 -18325.5 27615.5 -18325.5 -718.666
26.16 -16345.9 -3701.75 -23563.1 14683.4 -23563.1 -3701.75
26.18 -10801.4 -5673.14 -27141.5 2451.67 -27141.5 -5673.14
26.2 -5178.57 -6539.91 -28495 -9213.16 -28495 -6539.91
26.22 226.424 -6774.49 -28640 -20541.2 -28640 -6774.49
26.24 5070.8 -7270.55 -28616.2 -31631.1 -28616.2 -7270.55
26.26 8981.99 -8845.52 -28506.2 -42409.1 -28506.2 -8845.52
26.28 11767.6 -11659.1 -27675.6 -52620.4 -27675.6 -11659.1
26.3 13576.5 -14963.7 -25674.7 -61750.9 -25674.7 -14963.7
26.32 14847 -17527.6 -22960.1 -69032.5 -22960.1 -17527.6
26.34 16042.4 -18496.3 -20804.5 -73643.6 -20804.5 -18496.3
26.36 17343.6 -17929.4 -20399.8 -74968.7 -20399.8 -17929.4
26.38 18546 -16523.7 -22015.1 -72730.5 -22015.1 -16523.7
26.4 19239 -14864.5 -24959.8 -66981.1 -24959.8 -14864.5
26.42 19050.6 -12930.7 -27885.8 -58037.5 -27885.8 -12930.7
26.44 17747.5 -10263.6 -29017.1 -46437.9 -29017.1 -10263.6
26.46 15253.6 -6639.56 -27052.4 -32967.2 -27052.4 -6639.56
26.48 11720.5 -2568.79 -22443.2 -18645.4 -22443.2 -2568.79
26.5 7560.45 998.041 -17292.7 -4500.52 -17292.7 998.041
26.52 3295.7 3506.56 -13638.3 8800.04 -13638.3 3506.56
26.54 -666.541 5230.34 -12026.8 21130.7 -12026.8 5230.34
26.56 -4128.14 6827.85 -11782.7 32731.6 -11782.7 6827.85
26.58 -7050.72 8629.54 -12179.4 43889.7 -12179.4 8629.54
26.6 -9480.99 10467.3 -13004.9 54744.4 -13004.9 10467.3
26.62 -11491 12055.8 -14232.1 65211.3 -14232.1 12055.8
26.64 -13121.8 13357.5 -15587.9 74906.9 -15587.9 13357.5
26.66 -14358.5 14594.9 -16570.9 83118.8 -16570.9 14594.9
26.68 -15161.9 15998.2 -16770.8 88924.5 -16770.8 15998.2
26.7 -15526.8 17499.6 -16112 91429.3 -16112 17499.6
26.72 -15516.9 18565.7 -14797.8 90001.3 -14797.8 18565.7
26.74 -15232.5 18348.8 -13110 84434.8 -13110 18348.8
26.76 -14686.5 16163.4 -11548.3 75025.5 -11548.3 16163.4
26.78 -13680 11999.8 -11134.1 62551.4 -11134.1 11999.8
26.8 -11873.4 6677.07 -12828.2 48170 -12828.2 6677.07
26.82 -9066 1437.1 -16337.1 33203.6 -16337.1 1437.1
26.84 -5388.03 -2752.51 -20069.7 18788.5 -20069.7 -2752.51
26.86 -1169.04 -5602.56 -22571 5532.38 -22571 -5602.56
26.88 3320.93 -7324.51 -23693.2 -6572.83 -23693.2 -7324.51
26.9 7918.33 -8219.15 -24233.8 -17909 -24233.8 -8219.15
26.92 12401.6 -8573.81 -24817.2 -28884.7 -24817.2 -8573.81
26.94 16390.1 -8885.59 -25415.2 -39718.8 -25415.2 -8885.59
26.96 19450.1 -9886.2 -25697.5 -50343.1 -25697.5 -9886.2
26.98 21304.6 -12081 -25458.3 -60326.1 -25458.3 -12081
27 21979.6 -15230.5 -24712.2 -68867.9 -24712.2 -15230.5
27.02 21787.3 -18385.3 -23640.9 -74967 -23640.9 -18385.3
27.04 21155.7 -20481.3 -22536.5 -77713 -22536.5 -20481.3
27.06 20427.2 -20903.8 -21725.1 -76545 -21725.1 -20903.8
27.08 19759.7 -19579.6 -21566.7 -71373.3 -21566.7 -19579.6
27.1 19123.3 -16717.6 -22307.9 -62565.3 -22307.9 -16717.6
27.12 18291.5 -12614 -23439.6 -50842.1 -23439.6 -12614
27.14 16865.6 -7775.15 -23597.7 -37182.4 -23597.7 -7775.15
27.16 14472 -3097.06 -21896.4 -22734.5 -21896.4 -3097.06
27.18 11046.5 390.436 -19047.7 -8602.24 -19047.7 390.436
27.2 6901.76 2202.89 -16522.9 4501.5 -16522.9 2202.89
27.22 2515.76 2842.21 -14908.7 16471.6 -14908.7 2842.21
27.24 -1679.3 3428.1 -13683.5 27648.7 -13683.5 3428.1
27.26 -5349.45 4803.08 -12386.8 38412.6 -12386.8 4803.08
27.28 -8274.36 6990.48 -11355.6 48907.1 -11355.6 6990.48
27.3 -10394.3 9467.75 -11223.8 59016.2 -11223.8 9467.75
27.32 -11792.9 11817.2 -12140.2 68386.8 -12140.2 11817.2
27.34 -12615.1 14003 -13658.9 76395.5 -13658.9 14003
27.36 -13036.3 16053.7 -15137.3 82200.8 -15137.3 16053.7
27.38 -13279.3 17634 -16082.9 84966.2 -16082.9 17634
27.4 -13552.2 18091.7 -16287.8 84132 -16287.8 18091.7
27.42 -13908.3 16979.3 -15780.8 79575 -15780.8 16979.3
27.44 -14171.6 14463.3 -14694 71608.8 -14694 14463.3
27.46 -14003.3 11162.5 -13411.7 60873.7 -13411.7 11162.5
27.48 -13044.4 7660.84 -12835.6 48217.3 -12835.6 7660.84
27.5 -11079.4 4255.98 -13908.8 34620.1 -13908.8 4255.98
27.52 -8165.86 1068.78 -16651 21083.8 -16651 1068.78
27.54 -4618.64 -1787.72 -20044.7 8401.61 -20044.7 -1787.72
27.56 -822.682 -4184.42 -22972.8 -3068.37 -22972.8 -4184.42
27.58 2940.3 -6043.1 -24999.4 -13411.1 -24999.4 -6043.1
27.6 6485.57 -7400.45 -26215.1 -22922 -26215.1 -7400.45
27.62 9632.12 -8439.51 -26701.6 -31847.6 -26701.6 -8439.51
27.64 12201 -9444.75 -26416.5 -40266 -26416.5 -9444.75
27.66 14097.6 -10656.1 -25463.5 -48050 -25463.5 -10656.1
27.68 15350.9 -12124.6 -24220 -54824 -24220 -12124.6
27.7 16070.9 -13694.6 -23153.3 -59972.2 -23153.3 -13694.6
27.72 16384.4 -15092.5 -22575.2 -62773.9 -22575.2 -15092.5
27.74 16396.4 -16008.7 -22543.6 -62619.8 -22543.6 -16008.7
27.76 16176.5 -16135.7 -22951 -59190.2 -22951 -16135.7
27.78 15753.6 -15198.1 -23667.5 -52536 -23667.5 -15198.1
27.8 15089.4 -13027.6 -24421.1 -43077.4 -24421.1 -13027.6
27.82 14041.5 -9719.54 -24561 -31561 -24561 -9719.54
27.84 12406 -5771.68 -23414 -18986 -23414 -5771.68
27.86 10073.2 -1946.26 -21043.4 -6432.65 -21043.4 -1946.26
27.88 7150.69 1156.45 -18311.6 5226.07 -18311.6 1156.45
27.9 3900.81 3400.97 -16089.8 15578.3 -16089.8 3400.97
27.92 576.093 4984.21 -14628.6 24698.9 -14628.6 4984.21
27.94 -2648 6110.04 -13734.8 32934.3 -13734.8 6110.04
27.96 -5616.69 6905.71 -13262.6 40636.9 -13262.6 6905.71
27.98 -8153.02 7582.91 -13233.6 48004.3 -13233.6 7582.91
28 -10099.8 8480.24 -13613.1 55000.4 -13613.1 8480.24
28.02 -11388.7 9842.46 -14192.7 61299 -14192.7 9842.46
28.04 -12066.2 11584.2 -14716.8 66299.3 -14716.8 11584.2
28.06 -12265.7 13288.9 -15042.6 69273.1 -15042.6 13288.9
28.08 -12144.4 14421.9 -15180 69594.5 -15180 14421.9
28.1 -11821.1 14576 -15202.9 66933.7 -15202.9 14576
28.12 -11345.2 13594.7 -15118 61339.4 -15118 13594.7
28.14 -10689.4 11537.8 -14941.5 53215 -14941.5 11537.8
28.16 -9746.27 8608.28 -14983.3 43239.7 -14983.3 8608.28
28.18 -8357.44 5166.17 -15751.8 32276.8 -15751.8 5166.17
28.2 -6410.43 1734.17 -17383.1 21238.2 -17383.1 1734.17
28.22 -3933.24 -1170.16 -19400.1 10873.6 -19400.1 -1170.16
28.24 -1084.13 -3286.25 -21176.7 1568.46 -21176.7 -3286.25
28.26 1937.77 -4691.78 -22479.2 -6698.37 -22479.2 -4691.78
28.28 4943.95 -5655.85 -23444.8 -14195.8 -23444.8 -5655.85
28.3 7744.76 -6461.72 -24200.7 -21213.2 -24200.7 -6461.72
28.32 10151 -7343.35 -24688.7 -27911.3 -24688.7 -7343.35
28.34 12020.9 -8466.26 -24816.8 -34257.3 -24816.8 -8466.26
28.36 13304 -9865.09 -24622.1 -39989.7 -24622.1 -9865.09
28.38 14043.5 -11388.4 -24256.9 -44626.1 -24256.9 -11388.4
28.4 14345.1 -12725.5 -23900.5 -47564.7 -23900.5 -12725.5
28.42 14329.1 -13510.1 -23702.3 -48260.9 -23702.3 -13510.1
28.44 14077.1 -13454.4 -23745.1 -46390.7 -23745.1 -13454.4
28.46 13592.1 -12455.6 -24022.9 -41935.2 -24022.9 -12455.6
28.48 12795.6 -10603 -24368.4 -35175.1 -24368.4 -10603
28.5 11559.5 -8102.62 -24368.5 -26632.3 -24368.5 -8102.62
28.52 9770.79 -5231.56 -23587.5 -17001.6 -23587.5 -5231.56
28.54 7409.3 -2330.79 -22025.9 -7053.04 -22025.9 -2330.79
28.56 4581.26 269.365 -20191.6 2531.69 -20191.6 269.365
28.58 1468.31 2381.47 -18626.8 11338.1 -18626.8 2381.47
28.6 -1752.69 4014.56 -17482.9 19286.7 -17482.9 4014.56
28.62 -4932.26 5299.78 -16606.4 26539.2 -16606.4 5299.78
28.64 -7922.13 6390.91 -15824 33327.3 -15824 6390.91
