0.02 -0.085063 0.0433945 -0.533609 0.0623729 -0.533609 0.0433945
0.04 -0.188501 0.41026 -9.81704 0.454753 -9.81704 0.41026
0.06 2.14816 2.56141 -56.2027 1.30712 -56.2027 2.56141
0.08 16.3292 11.7131 -174.497 1.41994 -174.497 11.7131
0.1 61.4648 43.5584 -359.021 -2.25133 -359.021 43.5584
0.12 163.02 137.051 -551.312 -12.7622 -551.312 137.051
0.14 345.317 356.806 -700.734 -30.1293 -700.734 356.806
0.16 626.836 761.159 -820.802 -50.7095 -820.802 761.159
0.18 1020.46 1356.05 -961.425 -71.0951 -961.425 1356.05
0.2 1530.13 2088.92 -1138.13 -92.0732 -1138.13 2088.92
0.22 2139.05 2898.09 -1315.61 -116.784 -1315.61 2898.09
0.24 2803.65 3769.78 -1460.16 -145.973 -1460.16 3769.78
0.26 3469.61 4732.23 -1585.39 -176.748 -1585.39 4732.23
0.28 4099.1 5776.39 -1735.41 -204.614 -1735.41 5776.39
0.3 4683.71 6803.87 -1930.59 -226.216 -1930.59 6803.87
0.32 5235.63 7701.15 -2136.07 -241.76 -2136.07 7701.15
0.34 5767.87 8462.66 -2280.44 -253.177 -2280.44 8462.66
0.36 6277.26 9186.3 -2306.49 -257.76 -2306.49 9186.3
0.38 6743.02 9944 -2213.64 -248.389 -2213.64 9944
0.4 7144.81 10716.9 -2057.11 -224.969 -2057.11 10716.9
0.42 7481.49 11461.3 -1903.21 -200.667 -1903.21 11461.3
0.44 7766.51 12150.7 -1781.76 -190.812 -1781.76 12150.7
0.46 8002.61 12714.2 -1669.22 -200.353 -1669.22 12714.2
0.48 8159.71 13024.7 -1494.22 -227.055 -1494.22 13024.7
0.5 8175.83 13038 -1169.96 -268.736 -1169.96 13038
0.52 7988.34 12902.1 -682.721 -319.051 -682.721 12902.1
0.54 7588.84 12825.1 -176.566 -365.213 -176.566 12825.1
0.56 7062.88 12801.8 109.261 -402.335 109.261 12801.8
0.58 6555.78 12518.2 48.7218 -444.471 48.7218 12518.2
0.6 6161.13 11597.9 -239.7 -510.411 -239.7 11597.9
0.62 5826.1 9989.87 -512.919 -599.863 -512.919 9989.87
0.64 5372.88 8062.55 -663.225 -685.699 -663.225 8062.55
0.66 4625.64 6213.18 -850.224 -725.559 -850.224 6213.18
0.68 3541.28 4411.62 -1373.39 -686.743 -1373.39 4411.62
0.7 2250.68 2277.45 -2399.11 -571.777 -2399.11 2277.45
0.72 981.425 -386.719 -3780.09 -414.712 -3780.09 -386.719
0.74 -87.3883 -3314.1 -5136.66 -240.087 -5136.66 -3314.1
0.76 -925.224 -6070.67 -6156.92 -31.5903 -6156.92 -6070.67
0.78 -1623.7 -8447.66 -6862.39 247.673 -6862.39 -8447.66
0.8 -2280.45 -10464.9 -7586.43 613.559 -7586.43 -10464.9
0.82 -2904.47 -12176.2 -8661.25 1051.36 -8661.25 -12176.2
0.84 -3412.88 -13633 -10071.5 1531.75 -10071.5 -13633
0.86 -3703.94 -14887.8 -11379.5 2017.91 -11379.5 -14887.8
0.88 -3742.81 -15827.9 -12040 2475.07 -12040 -15827.9
0.9 -3587.04 -16097.5 -11890.9 2898.65 -11890.9 -16097.5
0.92 -3315.56 -15418.3 -11360 3317.94 -11360 -15418.3
0.94 -2921.8 -13989.4 -11110.1 3742.9 -11110.1 -13989.4
0.96 -2297.46 -12385.8 -11413 4118.51 -11413 -12385.8
0.98 -1352.24 -10996.5 -11869.6 4361.9 -11869.6 -10996.5
1 -154.841 -9702.88 -11723.9 4439.76 -11723.9 -9702.88
1.02 1007.86 -8261.8 -10198.2 4393.41 -10198.2 -8261.8
1.04 1626.56 -6887.35 -6673.03 4309.55 -6673.03 -6887.35
1.06 1090.19 -6047.56 -1771 4268.5 -1771 -6047.56
1.08 -920.794 -5711.39 1855.66 4264.35 1855.66 -5711.39
1.1 -3954.34 -5387.36 1999.96 4140.27 1999.96 -5387.36
1.12 -6766.57 -4927.08 185.839 3645.42 185.839 -4927.08
1.14 -8091.63 -4722.38 432.118 2645.65 432.118 -4722.38
1.16 -7674.38 -5036.61 4670.44 1316.2 4670.44 -5036.61
1.18 -6470.52 -5486.64 10430.7 45.59 10430.7 -5486.64
1.2 -5713.3 -5399.06 13247.8 -921.64 13247.8 -5399.06
1.22 -5849.85 -4662.06 11398.7 -1694.36 11398.7 -4662.06
1.24 -6394.92 -3887.35 7841.56 -2553.74 7841.56 -3887.35
1.26 -6660.1 -3516.98 6697.85 -3628.83 6697.85 -3516.98
1.28 -6464.62 -3205.58 8343.68 -4778.16 8343.68 -3205.58
1.3 -6071.73 -2503.85 9258.78 -5738.75 9258.78 -2503.85
1.32 -5548.24 -1766.33 6531.53 -6360.85 6531.53 -1766.33
1.34 -4469.54 -1771.64 1085.32 -6684.62 1085.32 -1771.64
1.36 -2397.52 -2586.09 -3780.06 -6769.68 -3780.06 -2586.09
1.38 429.494 -3552.95 -5507.11 -6492.8 -5507.11 -3552.95
1.4 2888.4 -4552.4 -3604.86 -5597.39 -3604.86 -4552.4
1.42 3476.11 -6270.5 -287.346 -3972.8 -287.346 -6270.5
1.44 1355.25 -8780.43 -188.952 -1856.46 -188.952 -8780.43
1.46 -2719.74 -11028.5 -5974.65 258.309 -5974.65 -11028.5
1.48 -6558.65 -12320.2 -13714.8 1926.64 -13714.8 -12320.2
1.5 -8050.45 -13240 -16260.6 3062.96 -16260.6 -13240
1.52 -6829.61 -14559.7 -11860.2 4045.14 -11860.2 -14559.7
1.54 -4395.78 -16147.5 -6306.35 5405.66 -6306.35 -16147.5
1.56 -2578.94 -17380.8 -5761.2 7263 -5761.2 -17380.8
1.58 -2063.04 -17815.9 -9954.52 9122.94 -9954.52 -17815.9
1.6 -2363.93 -17126.6 -13470.7 10356.4 -13470.7 -17126.6
1.62 -2841.7 -15224.5 -12050 10762.9 -12050 -15224.5
1.64 -3411.47 -12810.1 -6604.94 10550 -6604.94 -12810.1
1.66 -4328.42 -11056.2 -1808.33 9928.98 -1808.33 -11056.2
1.68 -5526.51 -10326.9 -1290.19 8926.58 -1290.19 -10326.9
1.7 -6337.52 -9673.86 -4023.59 7504.66 -4023.59 -9673.86
1.72 -5922.38 -7802.49 -5486.04 5708.18 -5486.04 -7802.49
1.74 -4005.02 -4257.78 -2488.39 3725.69 -2488.39 -4257.78
1.76 -1207.29 157.988 3596.22 1833.78 3596.22 157.988
1.78 1331.32 3825.09 8588.66 166.016 8588.66 3825.09
1.8 2716.02 5660.52 9756.58 -1488.75 9756.58 5660.52
1.82 2817.09 6528.8 7881.57 -3497.52 7881.57 6528.8
1.84 2230.14 8721.55 5892.86 -5928.08 5892.86 8721.55
1.86 1860.87 13391.2 6250.1 -8398.09 6250.1 13391.2
1.88 2449.94 18967.8 9219.71 -10398.8 9219.71 18967.8
1.9 4181.98 22730 12932.7 -11643.3 12932.7 22730
1.92 6526.72 23610.6 15146 -12110.1 15146 23610.6
1.94 8515.62 22985.9 15258.3 -11937.7 15258.3 22985.9
1.96 9341.94 22985.2 14596.6 -11350 14596.6 22985.2
1.98 8809.85 24404.5 14801.8 -10556 14801.8 24404.5
2 7308.41 26005 16195.7 -9634.66 16195.7 26005
2.02 5424.7 25512.8 17672.4 -8544.24 17672.4 25512.8
2.04 3522.57 21553.9 17830 -7238.9 17830 21553.9
2.06 1565.87 14960.8 16134.4 -5705.14 16134.4 14960.8
2.08 -694.916 8102.48 13244 -3909.59 13244 8102.48
2.1 -3325.47 2752.12 10301.1 -1827.51 10301.1 2752.12
2.12 -5982.36 -1377.31 7746.44 443.581 7746.44 -1377.31
2.14 -8101.43 -6034.27 4843.75 2659.5 4843.75 -6034.27
2.16 -9303.52 -12473.4 592.29 4539.71 592.29 -12473.4
2.18 -9620.95 -20020.7 -4928.5 5900.62 -4928.5 -20020.7
2.2 -9404.27 -26499.5 -10422.4 6747.4 -10422.4 -26499.5
2.22 -9059.38 -30143.3 -14628.3 7290.03 -14628.3 -30143.3
2.24 -8782.89 -31083.5 -17515.8 7810.48 -17515.8 -31083.5
2.26 -8440.27 -30954.3 -20160.5 8439.98 -20160.5 -30954.3
2.28 -7726.89 -31274 -23417.3 9068.77 -23417.3 -31274
2.3 -6515.68 -32283.6 -26779 9473.43 -26779 -32283.6
2.32 -5044.07 -32996.7 -28807.7 9503.28 -28807.7 -32996.7
2.34 -3750.4 -32147.8 -28691 9170.56 -28691 -32147.8
2.36 -2930.67 -29343.1 -26919.1 8624.76 -26919.1 -29343.1
2.38 -2528.31 -25530.9 -24418.5 8044.62 -24418.5 -25530.9
2.4 -2255.29 -22231.7 -21660 7517.5 -21660 -22231.7
2.42 -1946.86 -20128.5 -18685.2 7005.6 -18685.2 -20128.5
2.44 -1769.11 -18447.3 -15303.7 6417.49 -15303.7 -18447.3
2.46 -2044.61 -15833.2 -11085.7 5689.72 -11085.7 -15833.2
2.48 -2912.92 -11752.4 -5724 4796.52 -5724 -11752.4
2.5 -4162.27 -6878.08 350.588 3713.7 350.588 -6878.08
2.52 -5321.54 -2298.88 6016 2412.15 6016 -2298.88
2.54 -5915.57 1333.77 10379 886.366 10379 1333.77
2.56 -5726.81 4084.56 13672.5 -831.57 13672.5 4084.56
2.58 -4914.66 6581.32 17060.3 -2662.8 17060.3 6581.32
2.6 -3937.42 9482.26 21209.7 -4463.03 21209.7 9482.26
2.62 -3298.17 12721.5 25107.3 -6070.3 25107.3 12721.5
2.64 -3219.26 15264.7 26915.2 -7434.97 26915.2 15264.7
2.66 -3532.88 15826.1 26158.5 -8661.01 26158.5 15826.1
2.68 -3978.78 13972 24303.4 -9849.67 24303.4 13972
2.7 -4555.66 10645.4 22783.3 -10925.1 22783.3 10645.4
2.72 -5402.51 7542.78 21189.5 -11660.8 21189.5 7542.78
2.74 -6329.9 5630.46 17997.7 -11859.6 17997.7 5630.46
2.76 -6660.28 4161.25 12586 -11480.1 12586 4161.25
2.78 -5680.6 1525.21 5973.36 -10614.3 5973.36 1525.21
2.8 -3286.81 -2677.51 -317.823 -9373.45 -317.823 -2677.51
2.82 -180.228 -6862.78 -5924.66 -7780.27 -5924.66 -6862.78
2.84 2630.71 -9229.91 -12102.5 -5763.9 -12102.5 -9229.91
2.86 4652.6 -9872.14 -20249.9 -3301.23 -20249.9 -9872.14
2.88 6302.25 -10409.3 -29870.6 -546.93 -29870.6 -10409.3
2.9 8444.67 -11701 -38446 2271.37 -38446 -11701
2.92 11526.2 -12707.1 -43612.6 5100.14 -43612.6 -12707.1
2.94 15194.2 -11773.3 -45226.3 8092.35 -45226.3 -11773.3
2.96 18697.9 -8470.38 -45279.8 11342.8 -45279.8 -8470.38
2.98 21539.9 -3863.27 -46076.4 14663.1 -46076.4 -3863.27
3 23758.8 682.893 -48209 17647.5 -48209 682.893
3.02 25694.9 4642.67 -49772.7 19897.6 -49772.7 4642.67
3.04 27490.3 8508.08 -47773.3 21196.3 -47773.3 8508.08
3.06 28776.1 13136.2 -41002.7 21587.4 -41002.7 13136.2
3.08 28905 18768 -31586.5 21320.3 -31586.5 18768
3.1 27571.4 24465.7 -23211.1 20603.2 -23211.1 24465.7
3.12 25195.4 28799.8 -17667.2 19340.8 -17667.2 28799.8
3.14 22666.3 31473.8 -13281.2 17184.4 -13281.2 31473.8
3.16 20679.3 33897.1 -6696.7 13902.4 -6696.7 33897.1
3.18 19220.2 37458 3815.98 9652.45 3815.98 37458
3.2 17598.1 41518.9 16504.4 4841.04 16504.4 41518.9
3.22 15019.4 44067.8 27489 -223.39 27489 44067.8
3.24 11238.7 44256.6 34358.8 -5456.24 34358.8 44256.6
3.26 6702.13 43187 38440.6 -10812.9 38440.6 43187
3.28 2092.46 42015.5 43045.9 -16098.8 43045.9 42015.5
3.3 -2205.9 40402.9 49611.3 -21002 49611.3 40402.9
3.32 -6221.32 37297.5 56237.1 -25239.5 56237.1 37297.5
3.34 -10106.4 32420.8 59917.8 -28636.6 59917.8 32420.8
3.36 -13791.1 26448.4 59362 -31130.4 59362 26448.4
3.38 -16897.5 20119 55472.5 -32720.2 55472.5 20119
3.4 -19007.6 13492.5 49927 -33355.6 49927 13492.5
3.42 -20037.3 6015.04 43844.9 -32867.3 43844.9 6015.04
3.44 -20336.5 -2704.6 37374.2 -31060.7 37374.2 -2704.6
3.46 -20448.7 -12215.3 29915.4 -27873.9 29915.4 -12215.3
3.48 -20769.5 -21493.9 20728.2 -23417.7 20728.2 -21493.9
3.5 -21297.5 -29845.3 9657.09 -17903.8 9657.09 -29845.3
3.52 -21580.1 -37290 -2604.16 -11584.1 -2604.16 -37290
3.54 -20965.2 -44139.3 -14929.6 -4725 -14929.6 -44139.3
3.56 -19059.2 -50502.7 -26303.6 2419.21 -26303.6 -50502.7
3.58 -16026.4 -56131.3 -36005.1 9625.95 -36005.1 -56131.3
3.6 -12497.8 -60360.6 -43679.5 16699.6 -43679.5 -60360.6
3.62 -9199.1 -62295.5 -49619.8 23463.2 -49619.8 -62295.5
3.64 -6552.69 -61642.2 -54807.2 29733.9 -54807.2 -61642.2
3.66 -4486.77 -59499.7 -60056.4 35250.4 -60056.4 -59499.7
3.68 -2611.61 -57692 -64835.3 39629.8 -64835.3 -57692
3.7 -663.978 -56813.4 -67372.7 42490.7 -67372.7 -56813.4
3.72 1204.29 -55305.6 -66375.4 43675.6 -66375.4 -55305.6
3.74 2627.98 -51059.3 -62327.7 43307.2 -62327.7 -51059.3
3.76 3513.26 -43744.5 -56721.8 41585.3 -56721.8 -43744.5
3.78 4229.29 -35012.1 -50438.2 38581.7 -50438.2 -35012.1
3.8 5250.02 -26537.2 -43324 34277.1 -43324 -26537.2
3.82 6639.92 -18483.8 -34869.6 28716.5 -34869.6 -18483.8
3.84 7945.32 -9878.31 -24732.3 22043.9 -24732.3 -9878.31
3.86 8582.3 163.731 -13012.4 14444.3 -13012.4 163.731
3.88 8335.49 11686.3 -564.421 6158.97 -564.421 11686.3
3.9 7551.36 23661 11335.3 -2460.94 11335.3 23661
3.92 6865.32 34186.7 22089.4 -11008.4 22089.4 34186.7
3.94 6616.96 41506.4 32203.2 -19118.2 32203.2 41506.4
3.96 6403.46 45312.8 42213.5 -26455.6 42213.5 45312.8
3.98 5244.32 46809.9 51485.2 -32669.8 51485.2 46809.9
4 2347.8 47226.2 58412.9 -37488.9 58412.9 47226.2
4.02 -2162.43 46428 61619.7 -40848.2 61619.7 46428
4.04 -7223.19 43140.9 60792.7 -42824.6 60792.7 43140.9
4.06 -11474.1 36497.1 56629.4 -43453.1 56629.4 36497.1
4.08 -13946.4 27330.3 50164.2 -42661.5 50164.2 27330.3
4.1 -14328.8 17820.6 41958.6 -40329.7 41958.6 17820.6
4.12 -12814.4 9726.02 31832.8 -36355.4 31832.8 9726.02
4.14 -9767.03 3199.62 19492.3 -30752.6 19492.3 3199.62
4.16 -5474.49 -2407.02 5316.54 -23764.6 5316.54 -2407.02
4.18 -171.911 -7093.83 -9706.87 -15810.1 -9706.87 -7093.83
4.2 5775.19 -10309.1 -24672.7 -7275.4 -24672.7 -10309.1
4.22 11835.4 -12183.1 -39022.5 1569.16 -39022.5 -12183.1
4.24 17494.1 -13620.2 -52260.3 10466 -52260.3 -13620.2
4.26 22412.4 -15073 -63895.1 19143.6 -63895.1 -15073
4.28 26429.4 -16164 -73617.3 27417.8 -73617.3 -16164
4.3 29525.3 -16690.2 -81048.6 35152.2 -81048.6 -16690.2
4.32 31762.1 -17142.1 -85443.7 42073.6 -85443.7 -17142.1
4.34 33078.1 -18007.9 -86211.9 47781.3 -86211.9 -18007.9
4.36 33104 -19156.7 -83683.8 51945.2 -83683.8 -19156.7
4.38 31386.2 -19870.4 -78866 54323.8 -78866 -19870.4
4.4 27929.7 -18925.6 -72439.4 54623.6 -72439.4 -18925.6
4.42 23509.4 -14793.9 -64331.6 52567.4 -64331.6 -14793.9
4.44 19519.3 -6412.47 -54246.5 48122.5 -54246.5 -6412.47
4.46 17535.5 6002.88 -42244.6 41509.1 -42244.6 6002.88
4.48 18685.5 21076.8 -28530.9 33015.7 -28530.9 21076.8
4.5 22977.8 37366 -12934.1 22950.9 -12934.1 37366
4.52 29073.3 54338.2 4745.36 11741.5 4745.36 54338.2
4.54 34839.3 72261.6 23782.9 -101.48 23782.9 72261.6
4.56 38418.7 91229.2 42668.2 -12160.9 42668.2 91229.2
4.58 39099.5 110273 60605 -24157.5 60605 110273
4.6 37352.6 127267 78359 -35786.8 78359 127267
4.62 34047.6 139867 97036.4 -46597.2 97036.4 139867
4.64 29610 146956 116068 -56054.4 116068 146956
4.66 23878 149074 132846 -63667.8 132846 149074
4.68 16613.8 147019 144786 -69087.9 144786 147019
4.7 7977.46 140321 151753 -72198.1 151753 140321
4.72 -1618.75 127558 155940 -73096.7 155940 127558
4.74 -12151.1 107859 158995 -71886.4 158995 107859
4.76 -24308.3 81650.4 159701 -68528.4 159701 81650.4
4.78 -38871.5 50370.6 155083 -63019.3 155083 50370.6
4.8 -55645 16052.8 143726 -55633.9 143726 16052.8
4.82 -73067 -19161.6 127490 -46831.8 127490 -19161.6
4.84 -88882 -53738.7 109768 -36966.3 109768 -53738.7
4.86 -101214 -87063.8 92307 -26224.2 92307 -87063.8
4.88 -109293 -119097 74012.6 -14798.3 74012.6 -119097
4.9 -113596 -150078 52920.1 -2980.91 52920.1 -150078
4.92 -115527 -180414 29018.2 8880.79 29018.2 -180414
4.94 -116886 -210106 4744.38 20431.7 4744.38 -210106
4.96 -119340 -238033 -17308.2 31366.3 -17308.2 -238033
4.98 -123847 -262361 -36721.8 41495.8 -36721.8 -262361
5 -130029 -281917 -55040.9 50664.7 -55040.9 -281917
5.02 -135972 -296743 -73606.2 58554.9 -73606.2 -296743
5.04 -138921 -307039 -92021.9 64695.3 -92021.9 -307039
5.06 -136553 -311819 -108590 68739.1 -108590 -311819
5.08 -127866 -308742 -121876 70639.4 -121876 -308742
5.1 -113105 -295115 -131867 70502.8 -131867 -295115
5.12 -92989 -269133 -139700 68374.5 -139700 -269133
5.14 -67963 -230603 -146078 64216.1 -146078 -230603
5.16 -38039.5 -180577 -149926 58010 -149926 -180577
5.18 -3245.36 -120001 -149014 49848.1 -149014 -120001
5.2 35879.8 -48654.2 -142079 39993.4 -142079 -48654.2
5.22 78331.1 34011.7 -129939 28877.9 -129939 34011.7
5.24 123067 126346 -114235 16984.4 -114235 126346
5.26 169000 222691 -95479.7 4727.88 -95479.7 222691
5.28 214194 314684 -72581.6 -7513.22 -72581.6 314684
5.3 255028 395056 -43868.3 -19298.7 -43868.3 395056
5.32 286334 460313 -8384.32 -30176.4 -8384.32 460313
5.34 302691 509622 32935.8 -39936.3 32935.8 509622
5.36 300214 541660 76646.8 -48768 76646.8 541660
5.38 278034 553781 118063 -56810.8 118063 553781
5.4 238933 545178 154200 -63466.8 154200 545178
5.42 189108 520526 185153 -67876 185153 520526
5.44 136970 487595 211859 -70349 211859 487595
5.46 90790.2 449380 233004 -72551.2 233004 449380
5.48 55988.9 401317 244901 -75799 244901 401317
5.5 32631.7 337957 244322 -79592.4 244322 337957
5.52 15303.4 261245 230712 -82331.2 230712 261245
5.54 -3403.84 179255 205558 -83140.3 205558 179255
5.56 -28376 97265.4 170459 -82302.2 170459 97265.4
5.58 -59640.6 15013.6 126483 -80102.9 126483 15013.6
5.6 -93213.7 -66985.3 75576.5 -76002.7 75576.5 -66985.3
5.62 -123395 -143112 22273.5 -69110.2 22273.5 -143112
5.64 -144892 -206791 -27228.5 -59062.8 -27228.5 -206791
5.66 -154540 -256141 -68761 -46141.8 -68761 -256141
5.68 -152498 -293255 -102396 -30638.6 -102396 -293255
5.7 -142190 -319598 -130017 -12475.7 -130017 -319598
5.72 -128774 -334645 -151211 8277.95 -151211 -334645
5.74 -117159 -338729 -162471 30631.9 -162471 -338729
5.76 -110703 -335138 -160066 52755.4 -160066 -335138
5.78 -111004 -328426 -142910 72964.5 -142910 -328426
5.8 -118361 -321022 -112905 90549.1 -112905 -321022
5.82 -132156 -311591 -73441.2 105588 -73441.2 -311591
5.84 -150738 -296852 -27893.9 117850 -27893.9 -296852
5.86 -171248 -275460 21183.2 125944 21183.2 -275460
5.88 -190185 -249788 72280.3 127957 72280.3 -249788
5.9 -204740 -223292 124062 122881 124062 -223292
5.92 -213831 -196899 173601 110862 173601 -196899
5.94 -217716 -168669 216043 92157.6 216043 -168669
5.96 -216325 -135623 246839 66682.4 246839 -135623
5.98 -207674 -94452.7 263817 34800.3 263817 -94452.7
6 -187745 -41802.4 266765 -1986.87 266765 -41802.4
6.02 -152103 23203.2 256417 -41474.4 256417 23203.2
6.04 -98633.5 95552.6 234572 -81562.7 234572 95552.6
6.06 -30282 164779 203307 -120318 203307 164779
6.08 44038.1 220854 162956 -155499 162956 220854
6.1 112009 261050 112845 -184534 112845 261050
6.12 163335 291061 54529.1 -205080 54529.1 291061
6.14 194831 318490 -8960.7 -215384 -8960.7 318490
6.16 212112 344651 -78232.2 -214257 -78232.2 344651
6.18 227068 362839 -157765 -201333 -157765 362839
6.2 252175 365055 -248271 -177832 -248271 365055
6.22 294012 350649 -340974 -146237 -340974 350649
6.24 349064 327425 -420309 -107708 -420309 327425
6.26 403822 302418 -471864 -60968.3 -471864 302418
6.28 439319 272347 -495946 -5879.54 -495946 272347
6.3 438391 226619 -518594 54136.7 -518594 226619
6.32 393909 160056 -566818 116069 -566818 160056
6.34 313006 78238.5 -633018 180599 -633018 78238.5
6.36 214854 -9550.92 -677927 247775 -677927 -9550.92
6.38 120852 -97792.4 -671559 312511 -671559 -97792.4
6.4 44235.4 -182911 -628355 369525 -628355 -182911
6.42 -9683.23 -259431 -590429 418331 -590429 -259431
6.44 -41110.3 -324057 -569108 457038 -569108 -324057
6.46 -54790.8 -376364 -529160 479244 -529160 -376364
6.48 -59496 -412360 -437357 482522 -437357 -412360
6.5 -69967.4 -426688 -301616 471604 -301616 -426688
6.52 -99633.8 -421783 -166548 451125 -166548 -421783
6.54 -149971 -407829 -71587.2 422336 -71587.2 -407829
6.56 -209874 -391776 -12776.1 386973 -12776.1 -391776
6.58 -262737 -368976 46825.5 348028 46825.5 -368976
6.6 -295890 -329187 131525 305439 131525 -329187
6.62 -304549 -271182 228383 254431 228383 -271182
6.64 -290180 -207340 306272 190292 306272 -207340
6.66 -257883 -151138 349195 112915 349195 -151138
6.68 -215171 -103797 368281 26252.6 368281 -103797
6.7 -171050 -57194.9 387166 -63374.6 387166 -57194.9
6.72 -133257 -6905.84 419694 -148398 419694 -6905.84
6.74 -105560 42398.7 460716 -222753 460716 42398.7
6.76 -87769.1 83916.7 495294 -284559 495294 83916.7
6.78 -77574.2 117243 513226 -334810 513226 117243
6.8 -71598.1 148834 512220 -373896 512220 148834
6.82 -65464.5 185645 491245 -401876 491245 185645
6.84 -52604.2 229294 450657 -421617 450657 229294
6.86 -27247.3 275921 396058 -437423 396058 275921
6.88 9578.61 320252 334179 -449415 334179 320252
6.9 52333.6 358790 270355 -452636 270355 358790
6.92 93955.5 390119 208083 -442988 208083 390119
6.94 129453 413899 145597 -421244 145597 413899
6.96 159097 429429 77538.9 -390042 77538.9 429429
6.98 184939 434117 3668.71 -349320 3668.71 434117
7 209427 422782 -67789.2 -296566 -67789.2 422782
7.02 233480 389907 -128836 -230861 -128836 389907
7.04 254239 335398 -179489 -154881 -179489 335398
7.06 265731 267013 -225408 -73185.7 -225408 267013
7.08 260658 194709 -270596 9888.42 -270596 194709
7.1 233453 123999 -313255 90840.8 -313255 123999
7.12 183617 55637.1 -347110 166497 -347110 55637.1
7.14 117673 -10383.2 -366268 233028 -366268 -10383.2
7.16 47592.3 -71838.3 -369334 285895 -369334 -71838.3
7.18 -14282.5 -124634 -359303 321709 -359303 -124634
7.2 -59590.6 -165124 -339150 340965 -339150 -165124
7.22 -82879.1 -192409 -307430 348167 -307430 -192409
7.24 -83439 -209946 -259173 347695 -259173 -209946
7.26 -67778.1 -224722 -193833 340190 -193833 -224722
7.28 -48529.6 -242593 -120852 324088 -120852 -242593
7.3 -41487.5 -263576 -53252.4 299726 -53252.4 -263576
7.32 -59197.1 -283042 3619.19 269921 3619.19 -283042
7.34 -105815 -297385 53896.6 235803 53896.6 -297385
7.36 -175547 -306627 102600 193996 102600 -306627
7.38 -255082 -311663 150163 140124 150163 -311663
7.4 -327853 -311303 195247 74531.9 195247 -311303
7.42 -378603 -303001 237249 2349.4 237249 -303001
7.44 -397074 -285166 273793 -71300.6 273793 -285166
7.46 -380050 -257602 299663 -143129 299663 -257602
7.48 -331177 -220467 311151 -209123 311151 -220467
7.5 -259331 -173837 309695 -263793 309695 -173837
7.52 -176473 -118018 299977 -303279 299977 -118018
7.54 -95224.2 -54103.8 284935 -327652 284935 -54103.8
7.56 -26293.2 15299.2 262010 -339391 262010 15299.2
7.58 23931.7 86253.9 224059 -340159 224059 86253.9
7.6 55668.5 155389 167046 -329243 167046 155389
7.62 75674.6 221049 99264.8 -305158 99264.8 221049
7.64 93601.5 281291 38363.1 -268867 38363.1 281291
7.66 116961 331826 -5162.96 -224582 -5162.96 331826
7.68 148152 367330 -38034.4 -177061 -38034.4 367330
7.7 185198 383915 -74173.8 -128407 -74173.8 383915
7.72 223839 379589 -117963 -77182.4 -117963 379589
7.74 258780 353734 -161700 -21055.2 -161700 353734
7.76 283449 308217 -196874 39513.8 -196874 308217
7.78 290305 248597 -222148 101402 -222148 248597
7.8 273256 182236 -240736 161751 -240736 182236
7.82 230901 114735 -255180 218085 -255180 114735
7.84 168126 48645.3 -266054 265830 -266054 48645.3
7.86 94710.9 -15211.6 -272640 298768 -272640 -15211.6
7.88 22144 -76521 -273274 313073 -273274 -76521
7.9 -39763.9 -135197 -265136 309802 -265136 -135197
7.92 -85545.6 -190753 -243460 293223 -243460 -190753
7.94 -114945 -241608 -203053 267794 -203053 -241608
7.96 -132724 -286278 -145505 236718 -145505 -286278
7.98 -146703 -325533 -83979.4 201943 -83979.4 -325533
8 -163894 -361476 -34082.7 164785 -34082.7 -361476
8.02 -187388 -393630 1213.56 126598 1213.56 -393630
8.04 -215979 -417409 32770.5 88190.8 32770.5 -417409
8.06 -246504 -427384 70621.8 48308.7 70621.8 -427384
8.08 -275669 -420846 112883 4435.63 112883 -420846
8.1 -300017 -397667 150683 -43440.4 150683 -397667
8.12 -314907 -358534 179368 -91298.4 179368 -358534
8.14 -314935 -304758 201582 -134625 201582 -304758
8.16 -295997 -238510 222118 -171701 222118 -238510
8.18 -257148 -161835 243017 -201940 243017 -161835
8.2 -201073 -76226.5 262410 -223137 262410 -76226.5
8.22 -132835 15798.7 275709 -232791 275709 15798.7
8.24 -58244.7 109364 278163 -231170 278163 109364
8.26 16881.4 198638 267196 -221074 267196 198638
8.28 86660.8 279677 243024 -204826 243024 279677
8.3 145357 351413 208976 -182774 208976 351413
8.32 188394 413813 171295 -154732 171295 413813
8.34 213590 465457 135146 -122110 135146 465457
8.36 221844 503103 99770.6 -88623.3 99770.6 503103
8.38 217254 523534 60255 -59234.9 60255 523534
8.4 206598 526198 14545.9 -37647 14545.9 526198
8.42 197796 514203 -33022.4 -23058.5 -33022.4 514203
8.44 198096 491400 -75620 -9402.48 -75620 491400
8.46 211155 457284 -110352 9787.01 -110352 457284
8.48 233890 407102 -140094 35143.7 -140094 407102
8.5 256124 339426 -169058 62088 -169058 339426
8.52 263619 261196 -197456 87157.5 -197456 261196
8.54 244350 181783 -221394 109870 -221394 181783
8.56 194283 103612 -237223 128017 -237223 103612
8.58 118649 22796.9 -244206 136061 -244206 22796.9
8.6 29029.7 -61621 -242781 130723 -242781 -61621
8.62 -60918.2 -143497 -231500 115418 -231500 -143497
8.64 -138781 -215312 -206804 97208.2 -206804 -215312
8.66 -195723 -274580 -167676 80969.5 -167676 -274580
8.68 -228228 -323236 -119927 67575.3 -119927 -323236
8.7 -238552 -363142 -72629.1 56012.3 -72629.1 -363142
8.72 -233490 -393965 -30101.3 45501.9 -30101.3 -393965
8.74 -222093 -414325 10246.6 35948.2 10246.6 -414325
8.76 -213356 -423557 52293.8 27425.1 52293.8 -423557
8.78 -214392 -422525 95890 19206.3 95890 -422525
8.8 -228950 -412629 137336 8921.04 137336 -412629
8.82 -256179 -392715 173369 -6093.36 173369 -392715
8.84 -289710 -357917 203846 -25416.3 203846 -357917
8.86 -318131 -305126 230550 -45429.6 230550 -305126
8.88 -328058 -239055 253708 -63996.4 253708 -239055
8.9 -309296 -168586 270783 -82358.4 270783 -168586
8.92 -259359 -97622.5 278809 -100717 278809 -97622.5
8.94 -184127 -23932 276303 -115314 276303 -23932
8.96 -94565.9 53333.4 262369 -122282 262369 53333.4
8.98 -2691.58 129357 235648 -122107 235648 129357
9 80635.7 197754 196866 -118130 196866 197754
9.02 146736 255762 152053 -112164 152053 255762
9.04 190001 303875 108742 -103620 108742 303875
9.06 209062 342528 68052.6 -92203.6 68052.6 342528
9.08 207979 371085 24138 -79560.9 24138 371085
9.1 196109 388898 -27291.3 -68029.7 -27291.3 388898
9.12 185514 395609 -82285.8 -58568.9 -82285.8 395609
9.14 186395 390828 -131616 -49563.9 -131616 390828
9.16 203021 374315 -169012 -36951.4 -169012 374315
9.18 232142 345957 -196247 -16871.6 -196247 345957
9.2 264272 306350 -221018 10517.2 -221018 306350
9.22 287422 259257 -249216 41166.4 -249216 259257
9.24 291806 211719 -278461 71364.6 -278461 211719
9.26 273333 168072 -300169 99509.1 -300169 168072
9.28 234026 124429 -308262 123595 -308262 124429
9.3 179554 72997.3 -304253 140261 -304253 72997.3
9.32 116469 12817.4 -293073 148065 -293073 12817.4
9.34 51114.1 -46866 -275326 149912 -275326 -46866
9.36 -10052.5 -96110 -246349 150402 -246349 -96110
9.38 -61127 -135198 -204557 151281 -204557 -135198
9.4 -98555.1 -173125 -157490 150436 -157490 -173125
9.42 -122395 -215768 -115424 144817 -115424 -215768
9.44 -136188 -258446 -80443.7 133249 -80443.7 -258446
9.46 -145367 -290782 -45727.6 116660 -45727.6 -290782
9.48 -155281 -306656 -5248.48 96751 -5248.48 -306656
9.5 -169584 -308009 39170.3 74835.3 39170.3 -308009
9.52 -189325 -299980 80817.3 51240.9 80817.3 -299980
9.54 -212679 -283942 115350 25566.4 115350 -283942
9.56 -235188 -256270 143538 -2170.55 143538 -256270
9.58 -250456 -214006 167986 -31039.9 167986 -214006
9.6 -251513 -160089 189125 -60151 189125 -160089
9.62 -232905 -101264 204900 -89055.9 204900 -101264
9.64 -192953 -42004 213149 -116455 213149 -42004
9.66 -135071 17049.6 213278 -139354 213278 17049.6
9.68 -67215.8 75074.3 205943 -154506 205943 75074.3
9.7 240.013 128388 191644 -160589 191644 128388
9.72 57237.5 173042 170085 -158510 170085 173042
9.74 96646.8 208374 141527 -149934 141527 208374
9.76 116164 236156 108186 -136307 108186 236156
9.78 118808 256734 72402 -119139 72402 256734
9.8 111702 267510 33985.4 -100173 33985.4 267510
9.82 103528 265383 -8148.52 -80441.9 -8148.52 265383
9.84 101551 249812 -51843.8 -59069.7 -51843.8 249812
9.86 109085 223271 -91680.8 -33785.2 -91680.8 223271
9.88 124330 189424 -124226 -3256.93 -124226 189424
9.9 141328 151035 -151632 31423.3 -151632 151035
9.92 152754 108985 -178573 67585.2 -178573 108985
9.94 152900 62935.9 -206376 102297 -206376 62935.9
9.96 139200 13347.4 -231317 132612 -231317 13347.4
9.98 112085 -37006.2 -248221 155804 -248221 -37006.2
10 74297.2 -83976.4 -254877 170513 -254877 -83976.4
10.02 30453.7 -124883 -253294 177510 -253294 -124883
10.04 -13467.6 -160213 -247406 178934 -247406 -160213
10.06 -51367.1 -192123 -238940 176763 -238940 -192123
10.08 -78878 -221372 -224717 171855 -224717 -221372
10.1 -95101.5 -245980 -199776 163968 -199776 -245980
10.12 -102835 -262656 -164519 152486 -164519 -262656
10.14 -106659 -269208 -126435 137036 -126435 -269208
10.16 -110117 -265692 -92962.4 117352 -92962.4 -265692
10.18 -114161 -253350 -64354.8 93089.4 -64354.8 -253350
10.2 -117888 -232488 -34928.4 64681.4 -34928.4 -232488
10.22 -120240 -201850 63.8847 34048.9 63.8847 -201850
10.24 -120835 -160526 40063.6 3553.97 40063.6 -160526
10.26 -119557 -110276 80531.6 -25442.8 80531.6 -110276
10.28 -115726 -55377.6 116777 -52393 116777 -55377.6
10.3 -107774 -235.067 146472 -76607.9 146472 -235.067
10.32 -93849.7 52377.9 169902 -97254 169902 52377.9
10.34 -72954.5 101058 188496 -113896 188496 101058
10.36 -45763.1 144826 202515 -126403 202515 144826
10.38 -14574.3 182845 209757 -134489 209757 182845
10.4 17475.7 214585 206723 -137772 206723 214585
10.42 47443.9 239731 190934 -136231 190934 239731
10.44 73268.2 257985 162852 -130256 162852 257985
10.46 93794.1 269012 126616 -120322 126616 269012
10.48 108442 272361 87811.9 -106886 87811.9 272361
10.5 117018 267338 49016.7 -90303.9 49016.7 267338
10.52 119938 253066 8388.99 -70647.1 8388.99 253066
10.54 118593 229012 -36151.9 -48105.2 -36151.9 229012
10.56 115228 195984 -82807.1 -23509.3 -82807.1 195984
10.58 112113 156580 -127336 2246.19 -127336 156580
10.6 110600 113960 -167272 29015.8 -167272 113960
10.62 110693 69833.1 -202836 56782 -202836 69833.1
10.64 110952 24056.6 -234074 84459.1 -234074 24056.6
10.66 108479 -23453.3 -258926 110108 -258926 -23453.3
10.68 99359.8 -70754.6 -274635 132265 -274635 -70754.6
10.7 80083.2 -114219 -280032 150516 -280032 -114219
10.72 49526.5 -150814 -275962 164884 -275962 -150814
10.74 10188.2 -179959 -263682 175177 -263682 -179959
10.76 -32417.5 -203301 -242941 180838 -242941 -203301
10.78 -71802.1 -222661 -211916 180972 -211916 -222661
10.8 -103138 -237756 -170187 174885 -170187 -237756
10.82 -124716 -245899 -121342 163007 -121342 -245899
10.84 -137388 -244560 -70861 146792 -70861 -244560
10.86 -143282 -234254 -22085.4 127273 -22085.4 -234254
10.88 -145000 -218064 24551.9 104249 24551.9 -218064
10.9 -145472 -198150 69351.2 77341.8 69351.2 -198150
10.92 -147371 -173483 111740 47129.2 111740 -173483
10.94 -151803 -141359 150225 14676.4 150225 -141359
10.96 -157181 -100853 182849 -19304.4 182849 -100853
10.98 -159435 -54701.1 208061 -54091 208061 -54701.1
11 -153755 -8011.05 225866 -88206.8 225866 -8011.05
11.02 -137075 34886.1 237725 -119605 237725 34886.1
11.04 -109893 72581.6 244504 -146383 244504 72581.6
11.06 -76132.5 106075 244650 -167113 244650 106075
11.08 -41018.9 136584 234789 -180919 234789 136584
11.1 -8365.47 163996 211503 -187613 211503 163996
11.12 20874.8 187157 173115 -187448 173115 187157
11.14 48154 205001 122686 -180637 122686 205001
11.16 75431.8 217118 68495.2 -167433 68495.2 217118
11.18 103135 223906 17846 -148464 17846 223906
11.2 129556 226562 -29103 -124513 -29103 226562
11.22 152166 226089 -76689.5 -95999.9 -76689.5 226089
11.24 169456 221688 -125986 -63172.6 -125986 221688
11.26 181375 210712 -172777 -26838.5 -172777 210712
11.28 188265 190899 -212592 11715.4 -212592 190899
11.3 189943 162525 -244570 51551.8 -244570 162525
11.32 185922 128355 -270041 92034.4 -270041 128355
11.34 176160 92113.3 -289946 131802 -289946 92113.3
11.36 161451 56941.4 -304531 168494 -304531 56941.4
11.38 143224 24248.9 -313567 199773 -313567 24248.9
11.4 122898 -6707.91 -315640 224219 -315640 -6707.91
11.42 101014 -37665.1 -308264 241171 -308264 -37665.1
11.44 76645.2 -69103.6 -289224 250181 -289224 -69103.6
11.46 47818 -99264.2 -257467 250857 -257467 -99264.2
11.48 13127.9 -125554 -214562 243013 -214562 -125554
11.5 -26684.5 -146551 -166157 226903 -166157 -146551
11.52 -68053.3 -162740 -118703 203406 -118703 -162740
11.54 -105622 -176035 -73486.1 173897 -73486.1 -176035
11.56 -134979 -188164 -26778.8 139812 -26778.8 -188164
11.58 -155052 -198136 23210.6 102396 23210.6 -198136
11.6 -168146 -201585 72683.7 62840.3 72683.7 -201585
11.62 -177724 -194552 116923 22195.2 116923 -194552
11.64 -186148 -178148 155507 -18974.3 155507 -178148
11.66 -194014 -157637 190561 -60350.1 190561 -157637
11.68 -200632 -136418 222055 -101042 222055 -136418
11.7 -204318 -112514 247475 -139271 247475 -112514
11.72 -202280 -81773.3 265026 -173010 265026 -81773.3
11.74 -190986 -43288.6 274859 -200715 274859 -43288.6
11.76 -167652 -595.598 277600 -221344 277600 -595.598
11.78 -132126 41833.7 273126 -233956 273126 41833.7
11.8 -87584.2 82199.1 259939 -237634 259939 82199.1
11.82 -39436.2 121522 234497 -231853 234497 121522
11.84 7009.95 160950 193932 -216892 193932 160950
11.86 48756.5 199292 141981 -193983 141981 199292
11.88 85304.5 233170 88625 -164973 88625 233170
11.9 117132 259458 41081.3 -131792 41081.3 259458
11.92 144468 277199 -2346.59 -96171.7 -2346.59 277199
11.94 167472 287013 -47950.9 -59454.6 -47950.9 287013
11.96 187046 289183 -98438.4 -22265.6 -98438.4 289183
11.98 204709 282997 -150654 15411.1 -150654 282997
12 221339 267797 -199409 53598.5 -199409 267797
12.02 235896 244030 -241450 91849 -241450 244030
12.04 245358 213361 -276637 129223 -276637 213361
12.06 246107 178219 -307056 164308 -307056 178219
12.08 235883 140959 -334728 195188 -334728 140959
12.1 215000 102699 -358967 219824 -358967 102699
12.12 186065 62962.6 -376004 236785 -376004 62962.6
12.14 152557 20928 -381930 245644 -381930 20928
12.16 117327 -22854.7 -375455 246785 -375455 -22854.7
12.18 81683.6 -66224.1 -356608 241054 -356608 -66224.1
12.2 46167.9 -106951 -324510 229420 -324510 -106951
12.22 10879.5 -144365 -279904 212527 -279904 -144365
12.24 -24549.2 -179281 -228966 190608 -228966 -179281
12.26 -60220.4 -212291 -179373 164212 -179373 -212291
12.28 -95672.6 -242160 -132109 134936 -132109 -242160
12.3 -130089 -265730 -81628.5 105007 -81628.5 -265730
12.32 -162980 -279291 -24717.8 75856.4 -24717.8 -279291
12.34 -193996 -280405 34339 47257.2 34339 -280405
12.36 -221912 -268917 88408.7 18036 88408.7 -268917
12.38 -243889 -246543 134442 -12593.9 134442 -246543
12.4 -256119 -215708 174357 -44521.7 174357 -215708
12.42 -255549 -178822 210947 -76943 210947 -178822
12.44 -241418 -138092 244476 -108377 244476 -138092
12.46 -215657 -95242.8 272343 -136568 272343 -95242.8
12.48 -182091 -51386.9 290799 -159037 290799 -51386.9
12.5 -145094 -7673.54 297467 -174139 297467 -7673.54
12.52 -108536 33945.8 293156 -181682 293156 33945.8
12.54 -75281.9 70989.3 280271 -182655 280271 70989.3
12.56 -47230.1 101658 258109 -178396 258109 101658
12.58 -25025.3 125805 222378 -169717 222378 125805
12.6 -7113 144596 173105 -156683 173105 144596
12.62 9900.47 159080 119405 -139234 119405 159080
12.64 29298.9 169352 71011.1 -117804 71011.1 169352
12.66 52500.4 175136 27827.7 -93199.8 27827.7 175136
12.68 79004.6 176522 -17475.8 -66237.3 -17475.8 176522
12.7 107596 173870 -68911.7 -37682.6 -68911.7 173870
12.72 136960 167685 -123413 -8197.49 -123413 167685
12.74 165425 159153 -175835 21861.2 -175835 159153
12.76 190802 150236 -223457 52299.8 -223457 150236
12.78 210709 142241 -265230 82626.8 -265230 142241
12.8 222889 134050 -299458 111927 -299458 134050
12.82 225263 122441 -323716 139169 -323716 122441
12.84 216121 104917 -336257 163450 -336257 104917
12.86 194792 82093.2 -336732 183993 -336732 82093.2
12.88 162525 56837.9 -325466 200015 -325466 56837.9
12.9 122492 31230.7 -301784 210556 -301784 31230.7
12.92 79687.4 4913.78 -263683 214329 -263683 4913.78
12.94 38971.1 -23350.9 -211588 209999 -211588 -23350.9
12.96 2918.74 -52784.3 -152379 197054 -152379 -52784.3
12.98 -27980.3 -79921.8 -95605.3 176529 -95605.3 -79921.8
13 -54449 -101310 -45329.6 150644 -45329.6 -101310
13.02 -77749.2 -116249 1225.56 121651 1225.56 -116249
13.04 -99766.9 -125934 47551.8 90849.7 47551.8 -125934
13.06 -122584 -130507 93297.2 58310 93297.2 -130507
13.08 -147332 -128557 135665 23397.2 135665 -128557
13.1 -172998 -119823 172594 -14180.4 172594 -119823
13.12 -196180 -106999 203726 -53754.9 203726 -106999
13.14 -212180 -93744.4 229708 -93939.1 229708 -93744.4
13.16 -216995 -81320.2 251303 -132905 251303 -81320.2
13.18 -209025 -68123.4 268444 -168216 268444 -68123.4
13.2 -189594 -52537.4 279671 -197025 279671 -52537.4
13.22 -162365 -35368.2 282850 -217087 282850 -35368.2
13.24 -132240 -19038.7 276177 -227632 276177 -19038.7
13.26 -103871 -4927.95 257511 -229255 257511 -4927.95
13.28 -80320.4 8065.68 223730 -223081 223730 8065.68
13.3 -61769.2 22790 174404 -209989 174404 22790
13.32 -44840.2 42139.8 116244 -190390 116244 42139.8
13.34 -24050.9 67608 59026.9 -164590 59026.9 67608
13.36 5606.4 98472.1 6416.12 -133424 6416.12 98472.1
13.38 46564.4 131754 -45395.8 -98515.1 -45395.8 131754
13.4 97781.6 163318 -99865.8 -61620.6 -99865.8 163318
13.42 154850 189942 -154505 -23537.1 -154505 189942
13.44 210845 210818 -203950 15939.8 -203950 210818
13.46 258097 226795 -245523 56816.3 -245523 226795
13.48 290443 237882 -279890 98149.5 -279890 237882
13.5 304781 241594 -308016 138525 -308016 241594
13.52 301168 234214 -329329 176520 -329329 234214
13.54 281863 214211 -342024 210428 -342024 214211
13.56 250313 184504 -343904 238189 -343904 184504
13.58 210620 150716 -333924 258129 -333924 150716
13.6 167075 116438 -312756 269431 -312756 116438
13.62 123533 80221.5 -280385 271486 -280385 80221.5
13.64 82428.5 37788.8 -235579 263226 -235579 37788.8
13.66 43241.4 -12538.9 -180272 243867 -180272 -12538.9
13.68 2879.62 -66978.4 -121989 214475 -121989 -66978.4
13.7 -41622.1 -119317 -68721.1 178019 -68721.1 -119317
13.72 -90582.8 -166264 -22878 137800 -22878 -166264
13.74 -141270 -208771 17863.9 96384.8 17863.9 -208771
13.76 -189728 -248466 56193.2 55405.3 56193.2 -248466
13.78 -232794 -284180 93746.9 15216.1 93746.9 -284180
13.8 -269057 -312465 131868 -24881.3 131868 -312465
13.82 -298566 -330861 170801 -65150.4 170801 -330861
13.84 -321751 -340060 208322 -104423 208322 -340060
13.86 -338333 -342680 241047 -140967 241047 -342680
13.88 -347091 -340037 267481 -173568 267481 -340037
13.9 -346569 -330579 288842 -201141 288842 -330579
13.92 -336007 -311742 306632 -222042 306632 -311742
13.94 -315802 -282726 320036 -234719 320036 -282726
13.96 -287251 -244326 325370 -238742 325370 -244326
13.98 -251532 -196352 316501 -234576 316501 -196352
14 -208666 -137314 287598 -222934 287598 -137314
14.02 -157749 -67572 240708 -204719 240708 -67572
14.04 -98156.4 8163.24 189052 -180791 189052 8163.24
14.06 -32119.7 82220.8 146715 -151705 146715 82220.8
14.08 33883.8 148323 114858 -118320 114858 148323
14.1 91881.3 205203 81687 -82673.7 81687 205203
14.12 137378 255888 36306 -47594.8 36306 255888
14.14 172470 302628 -20562.7 -15226.5 -20562.7 302628
14.16 204097 342601 -79283.7 13728.7 -79283.7 342601
14.18 238958 369773 -130647 39526.4 -130647 369773
14.2 278676 381538 -171189 63014.6 -171189 381538
14.22 318307 382351 -202400 85727.5 -202400 382351
14.24 348871 379088 -227628 109098 -227628 379088
14.26 361689 372462 -249099 132715 -249099 372462
14.28 351562 354704 -266065 153773 -266065 354704
14.3 317697 317508 -275545 168782 -275545 317508
14.32 263419 261439 -275218 175439 -275218 261439
14.34 195999 195357 -265305 172737 -265305 195357
14.36 125888 126981 -246144 160631 -246144 126981
14.38 63228.8 56760.4 -215684 140885 -215684 56760.4
14.4 13530.6 -18261.9 -173460 117491 -173460 -18261.9
14.42 -24590.8 -97381.8 -125563 94561.5 -125563 -97381.8
14.44 -58245.2 -175067 -80892.9 73503.3 -80892.9 -175067
14.46 -96082.1 -245151 -42304.1 52943.5 -42304.1 -245151
14.48 -143888 -303979 -5175.95 31308.8 -5175.95 -303979
14.5 -201975 -350258 34974.7 8727.41 34974.7 -350258
14.52 -264903 -384178 76645.9 -13702.8 76645.9 -384178
14.54 -323145 -406990 114700 -35771 114700 -406990
14.56 -366339 -419550 145924 -58490.9 145924 -419550
14.58 -386938 -419910 170996 -82096.9 170996 -419910
14.6 -382169 -403247 192416 -104084 192416 -403247
14.62 -353687 -366525 211465 -120656 211465 -366525
14.64 -306509 -313531 226313 -130444 226313 -313531
14.66 -248284 -252826 232702 -135375 232702 -252826
14.68 -187976 -189472 226338 -137466 226338 -189472
14.7 -132680 -120861 204150 -136230 204150 -120861
14.72 -84165.9 -42755.4 165264 -130014 165264 -42755.4
14.74 -38182.7 42152.3 114897 -118588 114897 42152.3
14.76 11968.9 124822 65837.3 -103063 65837.3 124822
14.78 69763.2 198645 29125.3 -83944.7 29125.3 198645
14.8 132281 264055 2413.64 -60963.1 2413.64 264055
14.82 192147 323230 -27241 -35158.6 -27241 323230
14.84 242515 373370 -67833.1 -9842.93 -67833.1 373370
14.86 280178 407757 -113443 11602.1 -113443 407757
14.88 304796 422062 -151738 28707.6 -151738 422062
14.9 316709 417570 -177013 44075.4 -177013 417570
14.92 316323 398697 -194006 60615.4 -194006 398697
14.94 304828 368487 -210916 79166.4 -210916 368487
14.96 284301 326291 -230567 98618.5 -230567 326291
14.98 256542 269826 -247670 117308 -247670 269826
15 221650 200064 -253636 133529 -253636 200064
15.02 177908 123484 -243821 144970 -243821 123484
15.04 123627 48317.1 -220068 148898 -220068 48317.1
15.06 59731 -21588.1 -187548 143725 -187548 -21588.1
15.08 -9144.98 -88793.1 -150912 130149 -150912 -88793.1
15.1 -76545.4 -158001 -112956 110623 -112956 -158001
15.12 -137165 -229552 -74813.3 88110.1 -74813.3 -229552
15.14 -188281 -297020 -36198.6 65365.8 -36198.6 -297020
15.16 -229378 -351564 4037.18 44577.8 4037.18 -351564
15.18 -261052 -388686 46433.9 26865.5 46433.9 -388686
15.2 -284265 -410173 89300.3 11857.1 89300.3 -410173
15.22 -300142 -419671 128626 -2396.91 128626 -419671
15.24 -309875 -417321 160455 -18938.3 160455 -417321
15.26 -314065 -398705 184172 -40010.6 184172 -398705
15.28 -311578 -358941 203151 -64695 203151 -358941
15.3 -299250 -298799 220950 -89493.2 220950 -298799
15.32 -273465 -226240 236832 -111748 236832 -226240
15.34 -232615 -149918 246212 -130732 246212 -149918
15.36 -178492 -72068.6 245103 -145023 245103 -72068.6
15.38 -115469 9518.29 232292 -151443 232292 9518.29
15.4 -48287.8 93838.9 208166 -148168 208166 93838.9
15.42 19347.9 174965 174546 -137225 174546 174965
15.44 84567.4 248008 136066 -122350 136066 248008
15.46 144180 312642 98110.4 -105524 98110.4 312642
15.48 194223 369173 61993.3 -87141.6 61993.3 369173
15.5 231196 414439 24389.4 -68510 24389.4 414439
15.52 253831 444035 -18009.6 -51965.7 -18009.6 444035
15.54 263973 456659 -64272.1 -38312.7 -64272.1 456659
15.56 265921 453870 -109416 -25321 -109416 453870
15.58 264486 436309 -147882 -9349.19 -147882 436309
15.6 262493 401919 -177462 11470.8 -177462 401919
15.62 258865 348533 -200657 35938.7 -200657 348533
15.64 249010 278085 -221628 61803.6 -221628 278085
15.66 227527 197434 -241525 87696.4 -241525 197434
15.68 191362 114660 -257485 111889 -257485 114660
15.7 141471 34671.5 -265886 130701 -265886 34671.5
15.72 82228.8 -41907.3 -265339 140305 -265339 -41907.3
15.74 19637.4 -115850 -256521 139991 -256521 -115850
15.76 -40312.8 -185490 -239694 132610 -239694 -185490
15.78 -92834.6 -245999 -213848 122093 -213848 -245999
15.8 -134925 -292393 -179386 111103 -179386 -292393
15.82 -165226 -322639 -140333 100501 -140333 -322639
15.84 -183673 -337807 -101950 90049.7 -101950 -337807
15.86 -191372 -340249 -66187 79132.7 -66187 -340249
15.88 -190749 -331922 -31175.5 66796.9 -31175.5 -331922
15.9 -185307 -313209 4789.36 51506.7 4789.36 -313209
15.92 -178583 -282539 40417 31978.2 40417 -282539
15.94 -172527 -238294 73179.4 8702.8 73179.4 -238294
15.96 -166415 -182209 102330 -16196.4 102330 -182209
15.98 -157422 -120241 128911 -40624.6 128911 -120241
16 -142726 -59233.5 153538 -63085.1 153538 -59233.5
16.02 -121416 -2750.18 175204 -82034.6 175204 -2750.18
16.04 -94629.5 49942.8 191806 -96134.4 191806 49942.8
16.06 -64205 101343 201041 -105344 201041 101343
16.08 -31447.4 151914 201230 -110879 201230 151914
16.1 2976.35 198025 191713 -113896 191713 198025
16.12 38206.9 233809 172248 -114697 172248 233809
16.14 72230 255900 143322 -113005 143322 255900
16.16 101766 266206 108254 -108337 108254 266206
16.18 123242 269267 72763.3 -100134 72763.3 269267
16.2 134185 266941 40024 -88065.5 40024 266941
16.22 134288 256300 7549.8 -72374.4 7549.8 256300
16.24 125652 232795 -28898.2 -53868.2 -28898.2 232795
16.26 112073 195144 -69331.6 -33599.4 -69331.6 195144
16.28 97549.6 147012 -108941 -12354.5 -108941 147012
16.3 84761.8 94248.4 -142535 9726.83 -142535 94248.4
16.32 74307.7 40885 -168191 32865.6 -168191 40885
16.34 64839.5 -12149.4 -187339 56859.7 -187339 -12149.4
16.36 53765.7 -65032 -202685 80634.1 -202685 -65032
16.38 38279.4 -116530 -215581 102501 -215581 -116530
16.4 16503.3 -163578 -224228 120742 -224228 -163578
16.42 -11634.2 -202790 -224742 134080 -224742 -202790
16.44 -44101.1 -231963 -214673 141976 -214673 -231963
16.46 -77069.8 -250459 -195110 144632 -195110 -250459
16.48 -105730 -258785 -169361 142591 -169361 -258785
16.5 -125608 -257839 -140612 136396 -140612 -257839
16.52 -134001 -248235 -110640 126620 -110640 -248235
16.54 -130891 -230278 -79505.2 113681 -79505.2 -230278
16.56 -118916 -204409 -46632.2 97465.7 -46632.2 -204409
16.58 -102395 -171393 -12609.1 77671.3 -12609.1 -171393
16.6 -85803.4 -132240 20624.3 54528.2 20624.3 -132240
16.62 -72303.6 -88340.6 51668.5 28732.6 51668.5 -88340.6
16.64 -62995.4 -41571.6 80845.3 1024.98 80845.3 -41571.6
16.66 -57107.1 6072.92 108731 -27549.2 108731 6072.92
16.68 -52695.8 52858.7 134273 -55258.6 134273 52858.7
16.7 -47317.4 97220.8 155406 -80243.3 155406 97220.8
16.72 -38641 137559 171112 -101446 171112 137559
16.74 -25227.2 172328 181661 -118659 181661 172328
16.76 -7224.29 200224 186744 -131819 186744 200224
16.78 13603.8 220217 184305 -140658 184305 220217
16.8 34651.4 231519 171833 -144972 171833 231519
16.82 53439.9 233881 149060 -144766 149060 233881
16.84 68122.6 228007 119351 -139996 119351 228007
16.86 77477.1 215379 87754.3 -130392 87754.3 215379
16.88 80783 197360 56670.2 -115573 56670.2 197360
16.9 78075.1 174476 24328.6 -95501.1 24328.6 174476
16.92 70603.2 146593 -11114.1 -71078.6 -11114.1 146593
16.94 60650.6 113597 -47258.6 -44042 -47258.6 113597
16.96 50418.3 75893 -79148.1 -15944.4 -79148.1 75893
16.98 40869 34508.1 -104788 12527 -104788 34508.1
17 31627.9 -9151.68 -126960 41058.5 -126960 -9151.68
17.02 21841.4 -53601.3 -149045 68883.7 -149045 -53601.3
17.04 10964.9 -97223.6 -170466 94742.3 -170466 -97223.6
17.06 -1169.12 -137920 -187334 117432 -187334 -137920
17.08 -14651.2 -173162 -196887 136107 -196887 -173162
17.1 -29429.2 -200723 -200058 150143 -200058 -200723
17.12 -44739.2 -219368 -199641 158969 -199641 -219368
17.14 -58724.3 -228749 -196782 162123 -196782 -228749
17.16 -68929.4 -228821 -189658 159476 -189658 -228821
17.18 -73479.8 -219646 -175352 151382 -175352 -219646
17.2 -72011.6 -201742 -153335 138476 -153335 -201742
17.22 -65609.3 -176339 -127159 121254 -127159 -176339
17.24 -55921.5 -145175 -101689 100090 -101689 -145175
17.26 -44292.3 -109956 -78559.3 75594.1 -78559.3 -109956
17.28 -31576.8 -71732.1 -55320.8 48672.5 -55320.8 -71732.1
17.3 -18524.8 -30704.7 -28949.9 20384.1 -28949.9 -30704.7
17.32 -6026.67 12964.7 684.956 -7961.62 684.956 12964.7
17.34 5106.06 57730.7 30814.1 -34822.5 30814.1 57730.7
17.36 14446.4 100299 58397.9 -58922.6 58397.9 100299
17.38 21909.8 137343 82355.5 -79689.2 82355.5 137343
17.4 27471 167736 103406 -96997.1 103406 167736
17.42 31091.9 192614 122006 -110593 122006 192614
17.44 33046.7 212923 136611 -120028 136611 212923
17.46 34252.2 227248 144296 -125120 144296 227248
17.48 36014.7 232573 143395 -126178 143395 232573
17.5 39112.3 227182 135262 -123572 135262 227182
17.52 42924.8 212412 122734 -117108 122734 212412
17.54 45465.9 191375 106988 -105990 106988 191375
17.56 44458 166080 86963.3 -89737.7 86963.3 166080
17.58 38579.8 135937 62039.4 -69105.2 62039.4 135937
17.6 27855.8 99022.6 33976.6 -45792.9 33976.6 99022.6
17.62 13124.9 54755.1 5698.9 -21414.1 5698.9 54755.1
17.64 -4598.05 5295.51 -21051 2902.43 -21051 5295.51
17.66 -24190.3 -45602.9 -46486 26253.2 -46486 -45602.9
17.68 -44069.4 -94941.6 -71698.7 47902.1 -71698.7 -94941.6
17.7 -62081.5 -141554 -97165.3 67462.1 -97165.3 -141554
17.72 -76058.5 -185064 -121958 84779.1 -121958 -185064
17.74 -84790.9 -224232 -144000 99607.1 -144000 -224232
17.76 -88666.8 -256576 -161114 111563 -161114 -256576
17.78 -89411.1 -279433 -172084 120339 -172084 -279433
17.8 -89047 -291079 -176970 125804 -176970 -291079
17.82 -88754 -290863 -176576 127929 -176576 -290863
17.84 -88256.4 -278683 -171497 126623 -171497 -278683
17.86 -85991.2 -254628 -161299 121431 -161299 -254628
17.88 -79915.4 -219262 -144755 111639 -144755 -219262
17.9 -68517.3 -174122 -121544 97158.2 -121544 -174122
17.92 -51452.8 -121498 -93869.2 78996.8 -93869.2 -121498
17.94 -29487.7 -63457.3 -65429.3 58467.4 -65429.3 -63457.3
17.96 -3997.04 -1368.49 -38418 36452.5 -38418 -1368.49
17.98 23467.6 63337.7 -12259.4 13836.6 -12259.4 63337.7
18 51235.9 128024 14529.1 -8006.28 14529.1 128024
18.02 77319.2 188768 41931.4 -27772.1 41931.4 188768
18.04 99374.9 241843 68196.8 -45011.4 68196.8 241843
18.06 115154 285499 91367.8 -59985.3 91367.8 285499
18.08 123277 320067 110495 -72976 110495 320067
18.1 123813 346003 125500 -84063.5 125500 346003
18.12 118270 362072 136252 -93369.6 136252 362072
18.14 108995 365880 142038 -101090 142038 365880
18.16 98300.2 356036 142075 -107197 142075 356036
18.18 87659.1 333187 136367 -111125 136367 333187
18.2 77263.4 299032 125616 -111617 125616 299032
18.22 66134.7 255257 110172 -107187 110172 255257
18.24 52730.2 203514 89664.4 -97214.5 89664.4 203514
18.26 35738.1 145314 64177 -82437.5 64177 145314
18.28 14654.7 81759.3 35198.8 -64270.2 35198.8 81759.3
18.3 -10111.1 14317.3 4744.99 -44117.2 4744.99 14317.3
18.32 -37441.5 -54080.5 -26095.1 -23365.4 -26095.1 -54080.5
18.34 -65560.1 -119527 -57339 -3289.69 -57339 -119527
18.36 -91907.8 -179040 -88979.7 15487.2 -88979.7 -179040
18.38 -113416 -231556 -119934 33201.7 -119934 -231556
18.4 -127471 -276852 -148093 50416 -148093 -276852
18.42 -133001 -313939 -171366 67425.4 -171366 -313939
18.44 -130863 -340888 -188768 84159.2 -188768 -340888
18.46 -123266 -356025 -200479 100273 -200479 -356025
18.48 -112741 -358941 -206854 115105 -206854 -358941
18.5 -101373 -350322 -207517 127770 -207517 -350322
18.52 -90498.9 -330789 -201611 137523 -201611 -330789
18.54 -80542.2 -299871 -188809 143736 -188809 -299871
18.56 -70846.7 -256874 -169876 145326 -169876 -256874
18.58 -59789.3 -203325 -146166 141027 -146166 -203325
18.6 -45499.9 -143372 -118953 130638 -118953 -143372
18.62 -26923 -80952.4 -89271.7 115230 -89271.7 -80952.4
18.64 -4456.8 -17591.6 -58033.1 96052.8 -58033.1 -17591.6
18.66 20315.7 46298.4 -26216.7 74066.4 -26216.7 46298.4
18.68 45423.3 108832 5046.28 50415.9 5046.28 108832
18.7 68968.1 166263 34658.4 26422.8 34658.4 166263
18.72 89031.2 214947 61925.8 2865.61 61925.8 214947
18.74 103570 253158 86551.6 -20204.7 86551.6 253158
18.76 110772 281028 108043 -42819.8 108043 281028
18.78 109763 299125 125276 -64618.6 125276 299125
18.8 101168 307259 136990 -85007.4 136990 307259
18.82 87082.6 304478 142757 -103392 142757 304478
18.84 70311.3 289998 143203 -119153 143203 289998
18.86 53230.4 264096 139173 -131551 139173 264096
18.88 37037.1 228269 130843 -139525 130843 228269
18.9 21809.1 184920 117602 -141605 117602 184920
18.92 7201.77 136848 98632.5 -136626 98632.5 136848
18.94 -6928.74 86339.6 74154.3 -124714 74154.3 86339.6
18.96 -20491.1 34521 46335.3 -107147 46335.3 34521
18.98 -33564 -17912.1 18131 -85279.2 18131 -17912.1
19 -46673.5 -69238 -8991.91 -60139.7 -8991.91 -69238
19.02 -60397.5 -116470 -35521.9 -32900.4 -35521.9 -116470
19.04 -74503.1 -156832 -62145 -5015.62 -62145 -156832
19.06 -87474.6 -189277 -88247 22382.8 -88247 -189277
19.08 -97006.6 -214437 -112309 48860.7 -112309 -214437
19.1 -101086 -233222 -133111 74258 -133111 -233222
19.12 -98837.7 -245511 -150107 98109 -150107 -245511
19.14 -90691.9 -250067 -162959 119585 -162959 -250067
19.16 -78021.3 -245655 -171229 137795 -171229 -245655
19.18 -62627.7 -232323 -174527 152010 -174527 -232323
19.2 -46329.3 -211514 -172731 161679 -172731 -211514
19.22 -30684.6 -184757 -166019 166167 -166019 -184757
19.24 -16780.9 -152508 -154715 164549 -154715 -152508
19.26 -5038.49 -114609 -139205 156035 -139205 -114609
19.28 4939.24 -71689 -120315 140721 -120315 -71689
19.3 14308.1 -25779.6 -99673.7 119626 -99673.7 -25779.6
19.32 24561.2 20314.1 -78884.6 94065 -78884.6 20314.1
19.34 36826 64115 -58267.2 65383.5 -58267.2 64115
19.36 51187.5 104160 -37085.4 35213.8 -37085.4 104160
19.38 66400.5 139790 -15006.5 5407.19 -15006.5 139790
19.4 80189.8 170259 7199.14 -22579.3 7199.14 170259
19.42 89981.3 194160 28378.8 -48061.2 28378.8 194160
19.44 93665.7 209997 47761.2 -70822.2 47761.2 209997
19.46 90131.2 217285 64752.2 -90626.6 64752.2 217285
19.48 79550.1 216700 78546.4 -107091 78546.4 216700
19.5 63414.3 209034 88518.8 -119812 88518.8 209034
19.52 44172.1 194364 94819.2 -128391 94819.2 194364
19.54 24434.9 172490 98120.8 -132200 98120.8 172490
19.56 6089.91 143914 98775.9 -130260 98775.9 143914
19.58 -10156.7 110119 96349.9 -121762 96349.9 110119
19.6 -24583.3 72962 89905.6 -106875 89905.6 72962
19.62 -37862.4 34008.7 78767.6 -86764.5 78767.6 34008.7
19.64 -50498.3 -5498.49 63292.6 -62954 63292.6 -5498.49
19.66 -62544.6 -44164.9 44941.2 -36992 44941.2 -44164.9
19.68 -73606.6 -80135.3 25230.5 -10476.3 25230.5 -80135.3
19.7 -82963.2 -111498 4674 15133.4 4674 -111498
19.72 -89669.6 -137057 -16946.2 38868.5 -16946.2 -137057
19.74 -92697.5 -156503 -39427.6 60299.3 -39427.6 -156503
19.76 -91231.4 -169744 -61638.2 79260.5 -61638.2 -169744
19.78 -85035.8 -176424 -82191.9 95600.6 -82191.9 -176424
19.8 -74616.1 -176321 -100355 109060 -100355 -176321
19.82 -61016.2 -169864 -116158 119199 -116158 -169864
19.84 -45397.9 -157796 -129774 125432 -129774 -157796
19.86 -28675.6 -140409 -140949 127175 -140949 -140409
19.88 -11358 -117481 -148969 124003 -148969 -117481
19.9 6394.4 -89035.8 -152960 115910 -152960 -89035.8
19.92 24535.2 -55933.6 -152202 103509 -152202 -55933.6
19.94 42793.8 -19703.5 -146364 87791.5 -146364 -19703.5
19.96 60421.6 18013.1 -135557 69676.8 -135557 18013.1
19.98 76243.2 55850.5 -120381 49976.8 -120381 55850.5
20 89033.3 92696.8 -101971 29620.4 -101971 92696.8
20.02 98002 127390 -81526.2 9573.09 -81526.2 127390
20.04 103076 158564 -59632.2 -9438.11 -59632.2 158564
20.06 104785 184901 -36414.4 -26896.3 -36414.4 184901
20.08 103854 205535 -12385.4 -42260.7 -12385.4 205535
20.1 100817 220091 11258.6 -54995.7 11258.6 220091
20.12 95838.8 228337 33340.9 -64835.2 33340.9 228337
20.14 88690.7 229831 53411.8 -71857.6 53411.8 229831
20.16 78786.7 223915 71498.2 -76257.7 71498.2 223915
20.18 65337.9 210012 87253.3 -78068.5 87253.3 210012
20.2 47706.1 187974 99647.7 -77071.4 99647.7 187974
20.22 25857.5 158280 107573 -73033.2 107573 158280
20.24 655.564 121999 110574 -66067.4 110574 121999
20.26 -26199.8 80595.8 108880 -56613.4 108880 80595.8
20.28 -52548 35796.2 102778 -45090.4 102778 35796.2
20.3 -76256.4 -10469.5 92145.1 -31854.7 92145.1 -10469.5
20.32 -95678.6 -56259.2 76918.7 -17536.7 76918.7 -56259.2
20.34 -110003 -99897 57910 -3113.34 57910 -99897
20.36 -119389 -139940 36475 10519.3 36475 -139940
20.38 -124721 -174849 13301.5 22898.8 13301.5 -174849
20.4 -126975 -202987 -11749.8 33870 -11749.8 -202987
20.42 -126557 -223245 -38413.2 43329.6 -38413.2 -223245
20.44 -123114 -235530 -65263.4 51240.8 -65263.4 -235530
20.46 -115901 -240309 -90586.1 57766.9 -90586.1 -240309
20.48 -104348 -237696 -113592 63215.8 -113592 -237696
20.5 -88357.4 -227227 -134287 67803.8 -134287 -227227
20.52 -68295.9 -208552 -152351 71420.9 -152351 -208552
20.54 -44898.3 -182121 -166659 73612 -166659 -182121
20.56 -19273.6 -149181 -175940 73943.9 -175940 -149181
20.58 7099.98 -111258 -179666 72414.6 -179666 -111258
20.6 32595 -69705.8 -178249 69343.5 -178249 -69705.8
20.62 55841.7 -25643 -172421 64967.1 -172421 -25643
20.64 76067.1 19834 -162326 59377.2 -162326 19834
20.66 93142.2 65462.2 -147343 52764 -147343 65462.2
20.68 107307 109773 -127243 45462.5 -127243 109773
20.7 118804 151162 -103354 37727.6 -103354 151162
20.72 127667 187994 -77928.6 29601.2 -77928.6 187994
20.74 133671 218786 -52454 21044.8 -52454 218786
20.76 136333 242480 -27101.3 12129.2 -27101.3 242480
20.78 134948 258524 -1774.27 3062.74 -1774.27 258524
20.8 128774 266506 22877.3 -5924.09 22877.3 266506
20.82 117357 265764 45631.1 -14700.6 45631.1 265764
20.84 100804 255677 65488.7 -23251.1 65488.7 255677
20.86 79834.5 236371 82046.8 -31534.8 82046.8 236371
20.88 55606 208888 95285.1 -39256.5 95285.1 208888
20.9 29437 174566 105209 -45834.7 105209 174566
20.92 2562.71 134463 111615 -50729.7 111615 134463
20.94 -24050.8 89534.3 114103 -53728.2 114103 89534.3
20.96 -49785.2 41240.9 112342 -54800.4 112342 41240.9
20.98 -74265.4 -8255.56 106254 -53873.8 106254 -8255.56
21 -97097.2 -56606.2 95864.4 -50944.4 95864.4 -56606.2
21.02 -117595 -101869 81243.2 -46243 81243.2 -101869
21.04 -134694 -142553 63071.4 -40085.2 63071.4 -142553
21.06 -147156 -177253 43040.5 -32623.3 43040.5 -177253
21.08 -153962 -204413 22908.9 -23856.8 22908.9 -204413
21.1 -154605 -222574 3181.92 -13832.4 3181.92 -222574
21.12 -149083 -230898 -16723.9 -2772.54 -16723.9 -230898
21.14 -137702 -229456 -37020.2 8943.9 -37020.2 -229456
21.16 -120978 -218925 -56716 20887.4 -56716 -218925
21.18 -99693.3 -199959 -74337.1 32682.8 -74337.1 -199959
21.2 -74903.3 -172914 -89146.7 43979.7 -89146.7 -172914
21.22 -47719 -138202 -101435 54304.4 -101435 -138202
21.24 -19011.6 -96835.2 -111707 63075.8 -111707 -96835.2
21.26 10676.6 -50522.4 -119839 69840.6 -119839 -50522.4
21.28 40901.9 -1301.14 -125101 74378.9 -125101 -1301.14
21.3 70964.4 48872.1 -126851 76566.2 -126851 48872.1
21.32 99754.2 98310 -125021 76287.9 -125021 98310
21.34 125923 145562 -120035 73533.5 -120035 145562
21.36 148221 189193 -112444 68461.9 -112444 189193
21.38 165747 227502 -102748 61306.8 -102748 227502
21.4 177981 258540 -91531.1 52278.9 -91531.1 258540
21.42 184683 280653 -79525.8 41617.1 -79525.8 280653
21.44 185757 293094 -67231.6 29684.5 -67231.6 293094
21.46 181201 296060 -54573.9 16966.6 -54573.9 296060
21.48 171120 290119 -41304.4 3993.51 -41304.4 290119
21.5 155750 275556 -27710.6 -8746.84 -27710.6 275556
21.52 135426 252135 -14602.1 -20818.8 -14602.1 252135
21.54 110491 219484 -2524.71 -31711.9 -2524.71 219484
21.56 81243.1 177967 8648.08 -40799 8648.08 177967
21.58 48051.3 129299 19109.4 -47570.7 19109.4 129299
21.6 11690.5 76220.9 28392.7 -51811.6 28392.7 76220.9
21.62 -26306.2 21445.9 35556.2 -53458.1 35556.2 21445.9
21.64 -63650.9 -33204.1 39987.2 -52458.8 39987.2 -33204.1
21.66 -97863.3 -86773.7 41821.2 -48891.1 41821.2 -86773.7
21.68 -127112 -138308 41610.1 -43073.9 41610.1 -138308
21.7 -150731 -185933 39744.7 -35428 39744.7 -185933
21.72 -169048 -226851 36258.9 -26270.1 36258.9 -226851
21.74 -182675 -258473 31090.9 -15813.1 31090.9 -258473
21.76 -191819 -279719 24404.1 -4333.19 24404.1 -279719
21.78 -196092 -291246 16610.7 7730.57 16610.7 -291246
21.8 -194865 -294319 8190.76 19845.2 8190.76 -294319
21.82 -187793 -289475 -302.161 31527.7 -302.161 -289475
21.84 -175099 -276200 -8100.23 42439.6 -8100.23 -276200
21.86 -157462 -253764 -14484.5 52303.6 -14484.5 -253764
21.88 -135702 -222318 -19423.3 60635.7 -19423.3 -222318
21.9 -110525 -183327 -23676.7 66703.9 -23676.7 -183327
21.92 -82537.4 -139034 -27962.6 69944.1 -27962.6 -139034
21.94 -52458.6 -91513.9 -32144.7 70254.4 -32144.7 -91513.9
21.96 -21325.6 -42157.8 -35405.2 67767.6 -35405.2 -42157.8
21.98 9572.43 8184.34 -37086.2 62604.1 -37086.2 8184.34
22 39037.2 58761.2 -37222.4 55010 -37222.4 58761.2
22.02 66305 108442 -36314.2 45529.9 -36314.2 108442
22.04 91074.8 155322 -34749.3 34831.8 -34749.3 155322
22.06 113152 196800 -32549.2 23408.3 -32549.2 196800
22.08 131975 230433 -29640.6 11548.4 -29640.6 230433
22.1 146426 255003 -26237.1 -450.198 -26237.1 255003
22.12 155185 270728 -22878.6 -12145.9 -22878.6 270728
22.14 157407 278339 -20163.6 -23023.8 -20163.6 278339
22.16 153266 278005 -18498.4 -32637.2 -18498.4 278005
22.18 143921 269084 -17967.3 -40679.3 -17967.3 269084
22.2 130875 250727 -18232.5 -46914.2 -18232.5 250727
22.22 115141 222696 -18548 -50930.5 -18548 222696
22.24 96772.6 185965 -18202.6 -52045.6 -18202.6 185965
22.26 75059 142655 -17288.6 -49749 -17288.6 142655
22.28 49302.5 95103.5 -16883 -44183.6 -16883 95103.5
22.3 19657.7 44838.3 -18120.4 -35966.3 -18120.4 44838.3
22.32 -12537.8 -7433.42 -21096.1 -25714.6 -21096.1 -7433.42
22.34 -45151.8 -60775 -24871.3 -13988.1 -24871.3 -60775
22.36 -75982.1 -113093 -28486.9 -1474.93 -28486.9 -113093
22.38 -103256 -161402 -31733.8 11114.6 -31733.8 -161402
22.4 -125738 -203112 -34921 23326.8 -34921 -203112
22.42 -142705 -237076 -38180.8 34957.3 -38180.8 -237076
22.44 -153997 -263370 -41239.2 45790.1 -41239.2 -263370
22.46 -160064 -282093 -43768.1 55474.4 -43768.1 -282093
22.48 -161778 -292585 -45719.5 63637.1 -45719.5 -292585
22.5 -160005 -293934 -47236.9 69994.5 -47236.9 -293934
22.52 -155181 -285975 -48308.9 74353.6 -48308.9 -285975
22.54 -147132 -269333 -48566.2 76534.2 -48566.2 -269333
22.56 -135263 -244528 -47484.7 76229.6 -47484.7 -244528
22.58 -118975 -211711 -44794 73069.5 -44794 -211711
22.6 -98118.4 -171587 -40650.9 67006.8 -40650.9 -171587
22.62 -73265.8 -126052 -35490 58468.7 -35490 -126052
22.64 -45766.9 -77550.4 -29710.4 48009.9 -29710.4 -77550.4
22.66 -17531.6 -28062.8 -23327.9 36071.7 -23327.9 -28062.8
22.68 9433.15 21130.6 -15889.3 23170.7 -15889.3 21130.6
22.7 33544.8 68981.8 -6970.2 10051.3 -6970.2 68981.8
22.72 53968.1 114211 3042.06 -2531.95 3042.06 114211
22.74 70652.4 155207 12817.6 -14091.3 12817.6 155207
22.76 84129.9 190283 21023.4 -24418.5 21023.4 190283
22.78 95089.5 218139 27372.1 -33431.2 27372.1 218139
22.8 103825 238120 32506.6 -41055.2 32506.6 238120
22.82 109879 249958 36861 -47169.3 36861 249958
22.84 112186 253272 39892.7 -51598.3 39892.7 253272
22.86 109644 247482 40503 -54141.5 40503 247482
22.88 101689 232227 38001.3 -54543.4 38001.3 232227
22.9 88554.3 207833 32526.3 -52443.8 32526.3 207833
22.92 71210.7 175458 24676.6 -47575.3 24676.6 175458
22.94 51130.3 136872 15019.8 -40088.6 15019.8 136872
22.96 29961.1 93998.3 4046.99 -30482.3 4046.99 93998.3
22.98 9153.04 48546.9 -7727.79 -19254 -7727.79 48546.9
23 -10380.9 2040.01 -19979.4 -6870.17 -19979.4 2040.01
23.02 -28407.1 -43952.9 -32818.8 6024.64 -32818.8 -43952.9
23.04 -45173.8 -87782.9 -46536.8 18683.5 -46536.8 -87782.9
23.06 -60942.4 -127930 -60968.7 30577.1 -60968.7 -127930
23.08 -75544.8 -163093 -75221.2 41484.6 -75221.2 -163093
23.1 -88230.9 -192032 -88166.8 51295.5 -88166.8 -192032
23.12 -97827.6 -213545 -99179.1 59866.6 -99179.1 -213545
23.14 -103068 -226799 -108283 67044.7 -108283 -226799
23.16 -102971 -231611 -115626 72679.2 -115626 -231611
23.18 -97196.9 -228210 -120966 76592.4 -120966 -228210
23.2 -86244.1 -216749 -123705 78598.9 -123705 -216749
23.22 -71362.4 -197224 -123275 78498.7 -123275 -197224
23.24 -54191.1 -169982 -119407 76052.5 -119407 -169982
23.26 -36308.2 -136219 -112157 71155.8 -112157 -136219
23.28 -18886.5 -97822.9 -101912 64055.5 -101912 -97822.9
23.3 -2530.97 -56672.6 -89405.8 55220.8 -89405.8 -56672.6
23.32 12715.4 -14100.4 -75385.1 45050.8 -75385.1 -14100.4
23.34 27224.2 29015.2 -60057.5 33868.4 -60057.5 29015.2
23.36 41479.7 71719.2 -42986.8 22112 -42986.8 71719.2
23.38 55663.2 112576 -23756.2 10323.7 -23756.2 112576
23.4 69294.9 149759 -2789.91 -1067.09 -2789.91 149759
23.42 81164.4 181511 18512.5 -11834.1 18512.5 181511
23.44 89644.5 206551 38457.9 -21838.3 38457.9 206551
23.46 93260.3 224130 55856.7 -30922.7 55856.7 224130
23.48 91233.8 233788 70269.8 -38926.1 70269.8 233788
23.5 83744.2 235134 81749.3 -45716.2 81749.3 235134
23.52 71810.1 227929 90485.9 -51175.1 90485.9 227929
23.54 56880.5 212393 96549.2 -55145.8 96549.2 212393
23.56 40340 189293 99758.7 -57332.6 99758.7 189293
23.58 23150.5 159691 99766.2 -57307.2 99766.2 159691
23.6 5748.51 124668 96275.6 -54802.9 96275.6 124668
23.62 -11832.8 85307.7 89206.5 -49989 89206.5 85307.7
23.64 -29718.7 42883.8 78681 -43301.1 78681 42883.8
23.66 -47900.8 -1048.42 64995.7 -35112.2 64995.7 -1048.42
23.68 -65983.1 -44767.2 48632 -25731.3 48632 -44767.2
23.7 -83073.6 -86569.4 30114.8 -15560.9 30114.8 -86569.4
23.72 -97885.6 -124869 9872.86 -5016.41 9872.86 -124869
23.74 -109004 -158201 -11596.8 5664.42 -11596.8 -158201
23.76 -115229 -185215 -33432.4 16389.8 -33432.4 -185215
23.78 -115923 -204782 -54435.2 27027.1 -54435.2 -204782
23.8 -111229 -216185 -73481.2 37336.3 -73481.2 -216185
23.82 -102023 -219200 -89948.7 47031.4 -89948.7 -219200
23.84 -89587 -213983 -103832 55822.7 -103832 -213983
23.86 -75136.4 -200938 -115450 63416.6 -115450 -200938
23.88 -59434.6 -180694 -124925 69496.2 -124925 -180694
23.9 -42650.1 -154097 -131868 73683 -131868 -154097
23.92 -24533.9 -122099 -135488 75630 -135488 -122099
23.94 -4819.22 -85643.2 -134970 75260.9 -134970 -85643.2
23.96 16366.4 -45736.7 -129828 72816.5 -129828 -45736.7
23.98 38251.6 -3666.9 -120115 68588.1 -120115 -3666.9
24 59429.7 38850.3 -106535 62704.9 -106535 38850.3
24.02 78153.2 79830.1 -90393 55223.5 -90393 79830.1
24.04 92836.6 117466 -73097.1 46287.1 -73097.1 117466
24.06 102556 150545 -55300.5 36096 -55300.5 150545
24.08 107283 178486 -36667.4 24850.7 -36667.4 178486
24.1 107733 200960 -16771.1 12866.6 -16771.1 200960
24.12 104950 217427 3819.45 668.286 3819.45 217427
24.14 99859.8 227009 23507.1 -11167.2 23507.1 227009
24.16 92941.4 228863 40711.8 -22250.3 40711.8 228863
24.18 84112.5 222804 54824.7 -32418.1 54824.7 222804
24.2 72883.2 209627 66107.2 -41581.2 66107.2 209627
24.22 58749 190667 74851.1 -49544.8 74851.1 190667
24.24 41635.2 166901 80837.9 -55914.2 80837.9 166901
24.26 22135.2 138482 83490 -60197.6 83490 138482
24.28 1391.87 105279 82262.4 -62049.8 82262.4 105279
24.3 -19261.6 67981.2 76880.4 -61349.5 76880.4 67981.2
24.32 -38600.4 28651.5 67414.1 -58043.9 67414.1 28651.5
24.34 -55585.9 -10001.7 54335.1 -52090.1 54335.1 -10001.7
24.36 -69366.4 -46032.4 38564.3 -43650.9 38564.3 -46032.4
24.38 -79405.6 -78912.7 21252.9 -33224.3 21252.9 -78912.7
24.4 -85714.4 -108755 3239.93 -21428.2 3239.93 -108755
24.42 -88924.1 -135089 -15249.2 -8703.32 -15249.2 -135089
24.44 -89980.1 -156605 -34199.7 4680.04 -34199.7 -156605
24.46 -89570.1 -171908 -53158.7 18411.6 -53158.7 -171908
24.48 -87678 -180267 -71137 32063.2 -71137 -180267
24.5 -83595.3 -181744 -87133.6 45185.9 -87133.6 -181744
24.52 -76381.4 -176958 -100564 57373.8 -100564 -176958
24.54 -65475.9 -166733 -111093 68225.8 -111093 -166733
24.56 -51124.2 -151636 -118236 77314.3 -118236 -151636
24.58 -34431 -131734 -121383 84212.2 -121383 -131734
24.6 -17043.8 -107049 -120223 88548.9 -120223 -107049
24.62 -626.457 -78337.1 -114979 90079.6 -114979 -78337.1
24.64 13609 -47276.1 -106180 88693.3 -106180 -47276.1
24.66 25094.9 -15754.8 -94305 84313.2 -94305 -15754.8
24.68 33833.6 14989.9 -79666.4 76880.5 -79666.4 14989.9
24.7 40219.3 44537.2 -62488.3 66538.4 -62488.3 44537.2
24.72 44850.2 72643.9 -43073.7 53771.1 -43073.7 72643.9
24.74 48300.8 98521.7 -21976.5 39282.8 -21976.5 98521.7
24.76 50856.5 120842 -56.095 23763.4 -56.095 120842
24.78 52327.3 138453 21680.8 7780.55 21680.8 138453
24.8 52072.2 150972 42274.9 -8185.26 42274.9 150972
24.82 49275.7 158595 60882.2 -23683.9 60882.2 158595
24.84 43381.5 161491 76812.3 -38284.5 76812.3 161491
24.86 34455 159554 89631.5 -51584.8 89631.5 159554
24.88 23248.9 152719 99145.9 -63200.1 99145.9 152719
24.9 10952.8 141278 105160 -72734.9 105160 141278
24.92 -1187.74 125812 107338 -79758 107338 125812
24.94 -12190.1 106925 105461 -83801.2 105461 106925
24.96 -21525.8 85198.4 99683.5 -84433.3 99683.5 85198.4
24.98 -29164.9 61359.2 90301.9 -81415.6 90301.9 61359.2
25 -35436.6 36347.4 77330.3 -74791 77330.3 36347.4
25.02 -40727 11165.7 60618.8 -64844.2 60618.8 11165.7
25.04 -45162.8 -13324.2 40383.1 -52050.7 40383.1 -13324.2
25.06 -48479.1 -36420.6 17361 -37042.2 17361 -36420.6
25.08 -50124.9 -57449.4 -7436.47 -20523.2 -7436.47 -57449.4
25.1 -49502.9 -75696.4 -32942.6 -3162.98 -32942.6 -75696.4
25.12 -46216 -90477.5 -58193.8 14469.9 -58193.8 -90477.5
25.14 -40220.4 -101256 -82516.6 31905 -82516.6 -101256
25.16 -31832.5 -107745 -105543 48709.5 -105543 -107745
25.18 -21620.5 -109976 -126930 64409 -126930 -109976
25.2 -10275.2 -108233 -146072 78468.5 -146072 -108233
25.22 1491.34 -102824 -162149 90366 -162149 -102824
25.24 13047.5 -93893.1 -174429 99693.4 -174429 -93893.1
25.26 23955 -81480.2 -182482 106184 -182482 -81480.2
25.28 34035.3 -65827 -186148 109654 -186148 -65827
25.3 43302.9 -47613.5 -185299 109976 -185299 -47613.5
25.32 51739.5 -27876.8 -179530 107134 -179530 -27876.8
25.34 59001.7 -7658.76 -168085 101241 -168085 -7658.76
25.36 64288.1 12300.3 -150457 92424.2 -150457 12300.3
25.38 66538.2 31557.7 -127489 80845.6 -127489 31557.7
25.4 64933.6 49622.4 -101387 66862 -101387 49622.4
25.42 59381.2 65592.4 -74030.4 51025.4 -74030.4 65592.4
25.44 50567.4 78323.2 -45750.7 33946.2 -45750.7 78323.2
25.46 39524.9 87121.8 -16170.5 16301.4 -16170.5 87121.8
25.48 27119.9 92134.3 14194.3 -1124.52 14194.3 92134.3
25.5 13890 93896.7 43705.8 -17628.7 43705.8 93896.7
25.52 201.451 92650.9 70745 -32824.3 70745 92650.9
25.54 -13604.3 88272 94557.1 -46571.6 94557.1 88272
25.56 -27237 80704.6 114949 -58711.3 114949 80704.6
25.58 -40524.1 70208.6 131585 -68959.8 131585 70208.6
25.6 -53354.3 57227.3 143792 -77011.3 143792 57227.3
25.62 -65506.9 42270.3 150855 -82613.3 150855 42270.3
25.64 -76506.4 25985.2 152329 -85543.9 152329 25985.2
25.66 -85614.1 9161.41 148109 -85606.3 148109 9161.41
25.68 -91955.1 -7473.37 138171 -82657.3 138171 -7473.37
25.7 -94720.2 -23420.9 122346 -76615.2 122346 -23420.9
25.72 -93396.8 -38356.6 100858 -67521.7 100858 -38356.6
25.74 -87969.3 -51931.1 75188.1 -55661.2 75188.1 -51931.1
25.76 -79041.4 -63608.6 47485.4 -41555.9 47485.4 -63608.6
25.78 -67737.8 -72739.7 18843.6 -25829.7 18843.6 -72739.7
25.8 -55277.9 -78898.8 -11021.9 -9143.04 -11021.9 -78898.8
25.82 -42438.2 -82151 -42248.5 7807.15 -42248.5 -82151
25.84 -29334 -82896.2 -73634.4 24405.1 -73634.4 -82896.2
25.86 -15698.5 -81467.8 -103246 40286.9 -103246 -81467.8
25.88 -1364.72 -77958.8 -129713 55306.2 -129713 -77958.8
25.9 13450.1 -72344.6 -152569 69304.3 -152569 -72344.6
25.92 28167.1 -64596.4 -171667 81967.4 -171667 -64596.4
25.94 42040.9 -54694.8 -186707 92878.2 -186707 -54694.8
25.96 54379.1 -42700.4 -197236 101599 -197236 -42700.4
25.98 64701.6 -28879.3 -202799 107689 -202799 -28879.3
26 72792.7 -13722.9 -203068 110732 -203068 -13722.9
26.02 78628.6 2165.7 -197874 110452 -197874 2165.7
26.04 82218.5 18188.8 -186938 106775 -186938 18188.8
26.06 83451.2 33827.9 -169714 99808.5 -169714 33827.9
26.08 82033.2 48675.2 -146328 89831.4 -146328 48675.2
26.1 77617 62295.1 -118805 77312.3 -118805 62295.1
26.12 70116.1 73955.2 -90137.4 62808.1 -90137.4 73955.2
26.14 59941 82704.2 -61868.4 46819.6 -61868.4 82704.2
26.16 47863.8 88009 -33460 29828 -33460 88009
26.18 34604.4 90230.4 -4161.84 12417.8 -4161.84 90230.4
26.2 20594.3 90206.1 25208.6 -4786.6 25208.6 90206.1
26.22 6135.72 88381.3 52553.3 -21315.3 52553.3 88381.3
26.24 -8320.02 84531.5 76039.3 -36870.2 76039.3 84531.5
26.26 -22135.1 78285.7 95096.5 -51145.9 95096.5 78285.7
26.28 -34699.2 69742.5 110165 -63723.7 110165 69742.5
26.3 -45636.3 59599.7 121717 -74137.2 121717 59599.7
26.32 -54795.5 48815.6 129442 -81957.4 129442 48815.6
26.34 -62043.6 38100.3 132255 -86816.4 132255 38100.3
26.36 -67059.7 27599.3 129080 -88440.3 129080 27599.3
26.38 -69337.2 17069.7 119567 -86686.5 119567 17069.7
26.4 -68416.5 6445 104067 -81514.7 104067 6445
26.42 -64169.7 -3806.05 83492.7 -72971.5 83492.7 -3806.05
26.44 -56923 -12937.6 59537.8 -61280.3 59537.8 -12937.6
26.46 -47413.3 -20476.9 34217.9 -46894.7 34217.9 -20476.9
26.48 -36643.5 -26490.8 8599.94 -30426 8599.94 -26490.8
26.5 -25622.3 -31395.2 -17514.7 -12584.4 -17514.7 -31395.2
26.52 -15034.5 -35514.8 -44382.2 5832.12 -44382.2 -35514.8
26.54 -5048.04 -38737.8 -71174.1 24053.1 -71174.1 -38737.8
26.56 4588.58 -40580.4 -96285 41530.8 -96285 -40580.4
26.58 14262 -40645.2 -118462 57958.8 -118462 -40645.2
26.6 24216.5 -39009.9 -137320 73066.9 -137320 -39009.9
26.62 34356.2 -36120.5 -152880 86455.9 -152880 -36120.5
26.64 44142.9 -32346.7 -164936 97636 -164936 -32346.7
26.66 52657.4 -27708.1 -172894 106139 -172894 -27708.1
26.68 58864.7 -21989.6 -176073 111559 -176073 -21989.6
26.7 61989.7 -15055.4 -174010 113551 -174010 -15055.4
26.72 61784.6 -7118.15 -166478 111850 -166478 -7118.15
26.74 58518.3 1197.83 -153353 106321 -153353 1197.83
26.76 52746.7 9134.23 -134877 97068.2 -134877 9134.23
26.78 45059.2 16248.3 -112255 84519.5 -112255 16248.3
26.8 35987.8 22527.2 -87324.9 69367.1 -87324.9 22527.2
26.82 26044.4 28014.4 -61262.3 52382.1 -61262.3 28014.4
26.84 15666 32468.7 -34127 34316.1 -34127 32468.7
26.86 5031.82 35510.3 -5911.89 15904.2 -5911.89 35510.3
26.88 -6018.08 37012.6 22415.4 -2198.25 22415.4 37012.6
26.9 -17760.1 37233.1 49213.4 -19539.7 49213.4 37233.1
26.92 -30205.6 36583.7 73198.3 -35856.8 73198.3 36583.7
26.94 -42871.5 35313.9 93864.9 -50891.3 93864.9 35313.9
26.96 -54850.7 33377.8 111071 -64255.4 111071 33377.8
26.98 -65089.2 30583.2 124551 -75468.6 124551 30583.2
27 -72693.9 26885.9 133840 -84058 133840 26885.9
27.02 -77148.3 22497.4 138423 -89606.7 138423 22497.4
27.04 -78385.7 17662.9 137891 -91777.7 137891 17662.9
27.06 -76718.7 12423.6 132028 -90355.1 132028 12423.6
27.08 -72656.7 6751.67 120736 -85265.9 120736 6751.67
27.1 -66710.3 868.144 104017 -76610 104017 868.144
27.12 -59258.3 -4754.58 82635.9 -64744.5 82635.9 -4754.58
27.14 -50554.9 -9698.44 58520.4 -50275.5 58520.4 -9698.44
27.16 -40873.5 -13816.4 33577.4 -33892.7 33577.4 -13816.4
27.18 -30605.1 -17224 8345.88 -16266.3 8345.88 -17224
27.2 -20165.9 -20170.2 -17516.4 1887.97 -17516.4 -20170.2
27.22 -9808.27 -22805.6 -43680.9 19807.9 -43680.9 -22805.6
27.24 417.04 -24964.5 -68790.7 36884.4 -68790.7 -24964.5
27.26 10518.5 -26288.2 -91550.9 52795.3 -91550.9 -26288.2
27.28 20419.7 -26675.4 -111564 67340 -111564 -26675.4
27.3 29907.5 -26448.9 -128960 80184.4 -128960 -26448.9
27.32 38619.7 -25881.7 -143613 90835.2 -143613 -25881.7
27.34 46053.3 -24692.3 -154917 98809 -154917 -24692.3
27.36 51647.4 -22266.4 -162103 103756 -162103 -22266.4
27.38 54945 -18359 -164564 105461 -164564 -18359
27.4 55729.2 -13385.3 -162018 103812 -162018 -13385.3
27.42 54029.2 -8020.78 -154463 98792.7 -154463 -8020.78
27.44 50028.8 -2671.11 -141998 90517.2 -141998 -2671.11
27.46 44001.4 2656.3 -124941 79318.8 -124941 2656.3
27.48 36319.9 8063.63 -104320 65777.1 -104320 8063.63
27.5 27507.8 13397 -81695.4 50576.9 -81695.4 13397
27.52 18211.5 18204.5 -58222.7 34352.6 -58222.7 18204.5
27.54 9009.31 22099.4 -34256.1 17710.2 -34256.1 22099.4
27.56 162.054 25109.3 -9982.71 1303.29 -9982.71 25109.3
27.58 -8456.71 27561 13899.2 -14254.8 13899.2 27561
27.6 -17152.7 29644.3 36337.5 -28553 36337.5 29644.3
27.62 -26100 31205.6 56515.3 -41370.5 56515.3 31205.6
27.64 -35157.9 31976.5 74039.4 -52502 74039.4 31976.5
27.66 -43873 31866.5 88635.2 -61649.9 88635.2 31866.5
27.68 -51581.4 30962 99870.5 -68475.2 99870.5 30962
27.7 -57543.5 29334.8 107197 -72691.7 107197 29334.8
27.72 -61102.2 26947.6 110152 -74107.6 110152 26947.6
27.74 -61857 23735.5 108496 -72619.7 108496 23735.5
27.76 -59781.9 19750.8 102188 -68196.8 102188 19750.8
27.78 -55214.6 15235.4 91274.4 -60899.3 91274.4 15235.4
27.8 -48734.4 10521.7 76027.7 -50970.6 76027.7 10521.7
27.82 -41005.7 5839.08 57348.1 -38896.3 57348.1 5839.08
27.84 -32676.1 1250.58 36607.1 -25306.7 36607.1 1250.58
27.86 -24318.2 -3214.57 14850.5 -10830.9 14850.5 -3214.57
27.88 -16332.1 -7431.88 -7539.38 3928.75 -7539.38 -7431.88
27.9 -8820.4 -11222.2 -30309.5 18378 -30309.5 -11222.2
27.92 -1568.33 -14484.5 -52774 32019.8 -52774 -14484.5
27.94 5786.12 -17241.5 -73969.8 44562.9 -73969.8 -17241.5
27.96 13489.9 -19557.1 -93165 55869.6 -93165 -19557.1
27.98 21482.2 -21428.1 -110002 65786.6 -110002 -21428.1
28 29350.1 -22744.4 -124211 74058.5 -124211 -22744.4
28.02 36420 -23334.3 -135375 80377.8 -135375 -23334.3
28.04 41931.3 -23049.6 -142978 84462.6 -142978 -23049.6
28.06 45235.8 -21822.7 -146585 86096 -146585 -21822.7
28.08 45966.9 -19662.2 -145960 85146.4 -145960 -19662.2
28.1 44123 -16628.7 -141055 81576.5 -141055 -16628.7
28.12 40035.6 -12837.5 -131909 75455.4 -131909 -12837.5
28.14 34255.5 -8457.78 -118692 67010.6 -118692 -8457.78
28.16 27411.1 -3690.83 -102041 56667.5 -102041 -3690.83
28.18 20098.2 1231.28 -83099.6 44970.4 -83099.6 1231.28
28.2 12810.5 6047.7 -62944.6 32447.6 -62944.6 6047.7
28.22 5860.74 10535.8 -42153.2 19581.5 -42153.2 10535.8
28.24 -700.672 14594.6 -21053.9 6852.27 -21053.9 14594.6
28.26 -7078.73 18224.2 -208.789 -5297.95 -208.789 18224.2
28.28 -13584.5 21412.2 19559.9 -16564.5 19559.9 21412.2
28.3 -20424.7 24074.1 37532.3 -26782 37532.3 24074.1
28.32 -27558.2 26103.7 53294.7 -35804 53294.7 26103.7
28.34 -34668.6 27431 66585.4 -43412.1 66585.4 27431
28.36 -41224.1 28001.2 77074.8 -49339.1 77074.8 28001.2
28.38 -46588.7 27731.3 84333.2 -53336.9 84333.2 27731.3
28.4 -50158.5 26534.6 87920.1 -55216.3 87920.1 26534.6
28.42 -51494.4 24393.2 87475.7 -54860.8 87475.7 24393.2
28.44 -50410.9 21402.3 82790.6 -52231.1 82790.6 21402.3
28.46 -46992.3 17747.5 73855 -47367.7 73855 17747.5
28.48 -41558.5 13641.9 60938.1 -40423.6 60938.1 13641.9
28.5 -34608.6 9283.05 44736.1 -31701.5 44736.1 9283.05
28.52 -26753.1 4876.93 26256.7 -21614.7 26256.7 4876.93
28.54 -18622.4 664.162 6360.65 -10596.8 6360.65 664.162
28.56 -10723 -3138.3 -14460 928.95 -14460 -3138.3
28.58 -3290.96 -6429.15 -35791.4 12530.4 -35791.4 -6429.15
28.6 3751.41 -9214.98 -56950.8 23802.7 -56950.8 -9214.98
28.62 10678.7 -11501 -77063.7 34451.8 -77063.7 -11501
28.64 17756.5 -13225.3 -95322.6 44302.7 -95322.6 -13225.3
