0.02 0 -5.78319e-25 5.03523e-11 -3.98348e-11 4.28516e-10 -1.16832e-24
0.04 0 -4.00047e-23 -1.05653e-08 -3.7103e-10 -8.99147e-08 -8.19859e-23
0.06 0 -1.62938e-22 -8.76874e-08 -1.94267e-09 -7.4625e-07 -4.11154e-22
0.08 0 -2.38467e-21 -3.49849e-07 -7.68475e-09 -2.97734e-06 -5.22868e-21
0.1 0 -6.10463e-21 -9.19645e-07 -2.73138e-08 -7.8265e-06 -1.75613e-20
0.12 0 1.35401e-20 -1.82696e-06 -9.01128e-08 -1.5548e-05 9.79239e-21
0.14 0 3.52111e-23 -2.97337e-06 -2.58661e-07 -2.53044e-05 9.86352e-21
0.16 0 -1.23838e-19 -4.17789e-06 -6.21534e-07 -3.55553e-05 -2.40314e-19
0.18 0 -1.04375e-19 -5.24306e-06 -1.25714e-06 -4.46203e-05 -4.51172e-19
0.2 0 2.9406e-19 -6.00715e-06 -2.19164e-06 -5.11229e-05 1.42888e-19
0.22 0 -2.81341e-20 -6.39419e-06 -3.38155e-06 -5.44168e-05 8.60519e-20
0.24 0 -1.57531e-19 -6.45039e-06 -4.7335e-06 -5.48951e-05 -2.32193e-19
0.26 0 -1.55142e-19 -6.33456e-06 -6.14383e-06 -5.39093e-05 -5.45611e-19
0.28 0 1.1797e-19 -6.26618e-06 -7.5242e-06 -5.33273e-05 -3.07288e-19
0.3 0 4.72149e-19 -6.45602e-06 -8.80297e-06 -5.4943e-05 6.46549e-19
0.32 0 -4.63628e-19 -7.02259e-06 -9.9304e-06 -5.97647e-05 -2.90073e-19
0.34 0 2.96229e-19 -7.90687e-06 -1.09024e-05 -6.72902e-05 3.08369e-19
0.36 0 -8.2413e-19 -8.84281e-06 -1.1769e-05 -7.52554e-05 -1.35654e-18
0.38 0 5.55751e-19 -9.43035e-06 -1.26029e-05 -8.02555e-05 -2.3381e-19
0.4 0 3.81188e-19 -9.28486e-06 -1.34612e-05 -7.90174e-05 5.36267e-19
0.42 0 3.97263e-19 -8.19565e-06 -1.4374e-05 -6.97478e-05 1.33882e-18
0.44 0 -1.35843e-18 -6.24086e-06 -1.53331e-05 -5.31119e-05 -1.40548e-18
0.46 0 -7.40056e-19 -3.79724e-06 -1.62537e-05 -3.23158e-05 -2.90054e-18
0.48 0 4.90336e-19 -1.3709e-06 -1.69598e-05 -1.16669e-05 -1.90996e-18
0.5 0 -5.67699e-19 6.9701e-07 -1.72636e-05 5.9318e-06 -3.05683e-18
0.52 0 1.51341e-18 2.40411e-06 -1.70975e-05 2.04598e-05 5.55348e-22
0.54 0 -9.88629e-19 3.95643e-06 -1.65736e-05 3.36706e-05 -1.99668e-18
0.56 0 8.18712e-19 5.46173e-06 -1.58961e-05 4.64812e-05 -3.42711e-19
0.58 0 4.28523e-19 6.72664e-06 -1.51864e-05 5.72461e-05 5.22993e-19
0.6 0 3.38333e-19 7.29742e-06 -1.43623e-05 6.21036e-05 1.20649e-18
0.62 0 -9.5964e-19 6.69005e-06 -1.31842e-05 5.69347e-05 -7.32173e-19
0.64 0 1.83796e-19 4.64094e-06 -1.14319e-05 3.9496e-05 -3.60869e-19
0.66 0 5.33349e-19 1.17922e-06 -9.04343e-06 1.00355e-05 7.16604e-19
0.68 0 -3.84807e-19 -3.53798e-06 -6.10591e-06 -3.01094e-05 -6.0784e-20
0.7 0 8.28823e-20 -9.43566e-06 -2.77617e-06 -8.03007e-05 1.06655e-19
0.72 0 6.48412e-21 -1.65298e-05 7.54325e-07 -0.000140674 1.19754e-19
0.74 0 -1.32403e-19 -2.47221e-05 4.26922e-06 -0.000210394 -1.47726e-19
0.76 0 -1.06014e-19 -3.36025e-05 7.57719e-06 -0.000285969 -3.61897e-19
0.78 0 -8.13702e-21 -4.24733e-05 1.05573e-05 -0.000361463 -3.78335e-19
0.8 0 7.70646e-19 -5.06327e-05 1.31296e-05 -0.000430902 1.17852e-18
0.82 0 5.58175e-19 -5.77574e-05 1.52177e-05 -0.000491536 2.30615e-18
0.84 0 -4.83261e-19 -6.40584e-05 1.67975e-05 -0.000545159 1.32987e-18
0.86 0 -5.41763e-19 -6.99556e-05 1.79442e-05 -0.000595347 2.35395e-19
0.88 0 -2.08853e-18 -7.54746e-05 1.87287e-05 -0.000642315 -3.98386e-18
0.9 0 -3.87187e-19 -7.99693e-05 1.90472e-05 -0.000680567 -4.76605e-18
0.92 0 3.16956e-18 -8.25091e-05 1.86265e-05 -0.000702181 1.6371e-18
0.94 0 -1.32936e-18 -8.25892e-05 1.72543e-05 -0.000702863 -1.04849e-18
0.96 0 4.40949e-19 -8.05389e-05 1.49972e-05 -0.000685414 -1.57682e-19
0.98 0 -6.55106e-20 -7.73147e-05 1.21968e-05 -0.000657975 -2.90027e-19
1 0 8.5255e-20 -7.38164e-05 9.29402e-06 -0.000628203 -1.17795e-19
1.02 0 -9.94185e-20 -6.97193e-05 6.70663e-06 -0.000593336 -3.1864e-19
1.04 0 -1.24028e-19 -6.23555e-05 4.83524e-06 -0.000530667 -5.69202e-19
1.06 0 4.49366e-19 -4.82026e-05 3.97487e-06 -0.000410221 3.38608e-19
1.08 0 -3.80625e-19 -2.70516e-05 4.09938e-06 -0.000230219 -4.30331e-19
1.1 0 4.90044e-19 -3.43584e-06 4.8834e-06 -2.92402e-05 5.59656e-19
1.12 0 -3.07826e-19 1.69308e-05 5.96163e-06 0.000144087 -6.22148e-20
1.14 0 -1.30768e-19 3.10498e-05 7.01456e-06 0.000264245 -3.26393e-19
1.16 0 -2.79721e-19 3.9506e-05 7.70642e-06 0.00033621 -8.91486e-19
1.18 0 9.19607e-20 4.49622e-05 7.7754e-06 0.000382644 -7.05707e-19
1.2 0 -1.15229e-19 4.97471e-05 7.22732e-06 0.000423365 -9.38493e-19
1.22 0 4.25374e-19 5.45079e-05 6.41781e-06 0.000463881 -7.91508e-20
1.24 0 -5.49683e-20 5.89121e-05 5.88489e-06 0.000501363 -1.90198e-19
1.26 0 1.7937e-19 6.25978e-05 5.92706e-06 0.000532729 1.72165e-19
1.28 0 2.26678e-19 6.47193e-05 6.29284e-06 0.000550784 6.30101e-19
1.3 0 -7.66689e-20 6.33356e-05 6.44277e-06 0.000539008 4.75214e-19
1.32 0 -1.40686e-19 5.61855e-05 6.15368e-06 0.000478158 1.91e-19
1.34 0 6.57846e-21 4.19224e-05 5.69122e-06 0.000356774 2.0429e-19
1.36 0 3.70796e-20 2.06491e-05 5.38083e-06 0.000175731 2.79198e-19
1.38 0 -3.89304e-20 -5.08541e-06 5.31749e-06 -4.32786e-05 2.00551e-19
1.4 0 2.68255e-19 -2.88332e-05 5.66282e-06 -0.00024538 7.42479e-19
1.42 0 -1.3746e-19 -4.28453e-05 6.85391e-06 -0.000364628 4.64782e-19
1.44 0 7.07022e-19 -4.51641e-05 9.17564e-06 -0.000384362 1.89311e-18
1.46 0 -1.04227e-18 -4.21546e-05 1.23673e-05 -0.00035875 -2.12479e-19
1.48 0 1.09433e-19 -4.21354e-05 1.57912e-05 -0.000358587 8.59744e-21
1.5 0 -8.91814e-19 -4.86598e-05 1.86557e-05 -0.000414112 -1.79305e-18
1.52 0 -7.14125e-19 -6.06418e-05 2.0105e-05 -0.000516083 -3.23572e-18
1.54 0 9.67598e-19 -7.55087e-05 1.96878e-05 -0.000642605 -1.28098e-18
1.56 0 -8.57822e-19 -9.01412e-05 1.79471e-05 -0.000767133 -3.01396e-18
1.58 0 1.24364e-18 -0.000100898 1.61215e-05 -0.000858678 -5.01544e-19
1.6 0 -8.80161e-19 -0.000104779 1.50399e-05 -0.000891704 -2.27965e-18
1.62 0 -3.98775e-19 -0.000100172 1.45192e-05 -0.0008525 -3.08525e-18
1.64 0 5.7128e-19 -8.66344e-05 1.38429e-05 -0.000737289 -1.93115e-18
1.66 0 -6.99234e-19 -6.55737e-05 1.2536e-05 -0.000558055 -3.34375e-18
1.68 0 4.4647e-19 -4.13841e-05 1.06604e-05 -0.000352193 -2.44179e-18
1.7 0 3.35032e-19 -2.01751e-05 8.60721e-06 -0.000171697 -1.76496e-18
1.72 0 1.09771e-18 -6.11109e-06 6.62377e-06 -5.20075e-05 4.52647e-19
1.74 0 -1.45893e-19 1.16051e-06 4.41388e-06 9.87631e-06 1.57913e-19
1.76 0 1.01121e-19 5.85402e-06 1.3607e-06 4.98197e-05 3.62198e-19
1.78 0 4.73518e-20 1.32849e-05 -2.62914e-06 0.000113059 4.57858e-19
1.8 0 -4.9283e-19 2.68712e-05 -6.68993e-06 0.000228683 -5.37758e-19
1.82 0 2.75309e-19 4.61537e-05 -9.72959e-06 0.000392784 1.84216e-20
1.84 0 -4.05199e-20 6.71549e-05 -1.15548e-05 0.000571511 -6.34369e-20
1.86 0 -4.0244e-19 8.5289e-05 -1.30756e-05 0.000725839 -8.76447e-19
1.88 0 1.05113e-18 9.83542e-05 -1.54708e-05 0.000837029 1.24704e-18
1.9 0 -5.60093e-19 0.000106908 -1.92374e-05 0.000909821 1.15539e-19
1.92 0 8.34617e-19 0.000112532 -2.38112e-05 0.000957683 1.80163e-18
1.94 0 -2.54759e-18 0.000116429 -2.78646e-05 0.000990848 -3.34502e-18
1.96 0 2.37528e-18 0.000119255 -3.01151e-05 0.00101491 1.45353e-18
1.98 0 -2.25978e-18 0.000121411 -3.01466e-05 0.00103325 -3.11168e-18
2 0 1.86686e-18 0.000123112 -2.85199e-05 0.00104772 6.59753e-19
2.02 0 -3.60926e-19 0.000124116 -2.60265e-05 0.00105627 -6.939e-20
2.04 0 -1.73854e-18 0.00012319 -2.28771e-05 0.00104839 -3.5816e-18
2.06 0 2.15552e-18 0.0001179 -1.8643e-05 0.00100337 7.72995e-19
2.08 0 -6.76102e-19 0.000105504 -1.28603e-05 0.00089788 -5.92867e-19
2.1 0 5.4843e-19 8.46179e-05 -5.61078e-06 0.000720128 5.15073e-19
2.12 0 -5.52479e-19 5.6096e-05 2.40805e-06 0.000477396 -6.01045e-19
2.14 0 1.37102e-18 2.23257e-05 1.03146e-05 0.00019 2.16869e-18
2.16 0 -1.61866e-18 -1.40678e-05 1.75689e-05 -0.000119722 -1.10132e-18
2.18 0 9.98842e-19 -5.07655e-05 2.40874e-05 -0.000432032 9.1654e-19
2.2 0 -1.15532e-18 -8.55901e-05 2.98658e-05 -0.000728401 -1.41743e-18
2.22 0 2.44201e-18 -0.000116416 3.45933e-05 -0.000990739 3.51592e-18
2.24 0 -9.87841e-19 -0.000141502 3.77043e-05 -0.00120423 1.52028e-18
2.26 0 2.77459e-18 -0.00016013 3.87911e-05 -0.00136277 7.12552e-18
2.28 0 -4.31897e-18 -0.000173002 3.80191e-05 -0.00147231 -1.59967e-18
2.3 0 -3.5592e-19 -0.000181726 3.62077e-05 -0.00154655 -2.3187e-18
2.32 0 3.00612e-18 -0.000187651 3.43916e-05 -0.00159697 3.75428e-18
2.34 0 -3.68133e-18 -0.000190996 3.31031e-05 -0.00162544 -3.68275e-18
2.36 0 3.44513e-18 -0.000190574 3.20181e-05 -0.00162186 3.27711e-18
2.38 0 -1.24603e-18 -0.000184054 3.03259e-05 -0.00156637 7.59889e-19
2.4 0 -4.92067e-19 -0.000169194 2.74507e-05 -0.0014399 -2.34185e-19
2.42 0 4.54023e-19 -0.000145597 2.34698e-05 -0.00123908 6.83033e-19
2.44 0 2.53849e-19 -0.00011517 1.898e-05 -0.000980134 1.19586e-18
2.46 0 1.95786e-19 -8.07441e-05 1.46566e-05 -0.00068716 1.59139e-18
2.48 0 -6.88628e-19 -4.45625e-05 1.08612e-05 -0.000379243 2.00218e-19
2.5 0 2.75613e-20 -8.02362e-06 7.48539e-06 -6.82838e-05 2.55898e-19
2.52 0 2.13557e-19 2.76688e-05 4.11145e-06 0.000235471 6.87326e-19
2.54 0 -2.38875e-19 6.09949e-05 4.18672e-07 0.000519088 2.0475e-19
2.56 0 5.03471e-19 9.0453e-05 -3.52111e-06 0.000769786 1.22186e-18
2.58 0 2.01203e-19 0.000115534 -7.35931e-06 0.000983232 1.62833e-18
2.6 0 -6.06946e-19 0.000136978 -1.08e-05 0.00116573 4.02182e-19
2.62 0 -7.12268e-19 0.000155515 -1.36913e-05 0.00132349 -1.03674e-18
2.64 0 -5.29724e-19 0.000170538 -1.57903e-05 0.00145134 -2.10689e-18
2.66 0 -8.75325e-20 0.000180366 -1.65594e-05 0.00153497 -2.28373e-18
2.68 0 -3.219e-19 0.000183335 -1.53335e-05 0.00156024 -2.93403e-18
2.7 0 1.19585e-18 0.000178201 -1.18407e-05 0.00151656 -5.18164e-19
2.72 0 -3.3054e-20 0.000164119 -6.64793e-06 0.00139671 -5.84939e-19
2.74 0 4.08118e-19 0.00014101 -1.04024e-06 0.00120004 2.39541e-19
2.76 0 -1.32719e-19 0.000109846 3.68539e-06 0.000934829 -2.85788e-20
2.78 0 8.77824e-20 7.23567e-05 6.93315e-06 0.00061578 1.48759e-19
2.8 0 -6.50024e-19 3.06436e-05 8.89386e-06 0.000260787 -1.16442e-18
2.82 0 4.67005e-19 -1.32626e-05 1.00601e-05 -0.000112869 -2.20978e-19
2.84 0 -2.18289e-19 -5.83618e-05 1.08352e-05 -0.000496679 -6.61966e-19
2.86 0 9.05494e-19 -0.000105236 1.15428e-05 -0.000895598 1.16732e-18
2.88 0 -4.1426e-19 -0.000154851 1.24244e-05 -0.00131783 3.30428e-19
2.9 0 -6.57711e-19 -0.000206387 1.33213e-05 -0.00175643 -9.98281e-19
2.92 0 1.00739e-18 -0.000256123 1.34436e-05 -0.00217969 1.03685e-18
2.94 0 6.54545e-19 -0.000298078 1.16915e-05 -0.00253675 2.35917e-18
2.96 0 -5.13936e-19 -0.000326158 7.30796e-06 -0.00277572 1.32091e-18
2.98 0 -4.36852e-19 -0.000337173 3.25329e-07 -0.00286946 4.38383e-19
3 0 -1.15386e-19 -0.000332764 -8.37968e-06 -0.00283194 2.05281e-19
3.02 0 2.49174e-19 -0.000317989 -1.73584e-05 -0.0027062 7.08663e-19
3.04 0 -5.25402e-19 -0.000297386 -2.52012e-05 -0.00253086 -3.52755e-19
3.06 0 5.2982e-19 -0.000272187 -3.12698e-05 -0.00231641 7.17589e-19
3.08 0 -1.7651e-18 -0.000240902 -3.59125e-05 -0.00205016 -2.84826e-18
3.1 0 1.77077e-18 -0.000201882 -3.9857e-05 -0.00171809 7.29055e-19
3.12 0 1.87258e-18 -0.000155252 -4.34402e-05 -0.00132125 4.51204e-18
3.14 0 -4.03238e-18 -0.000102864 -4.65556e-05 -0.000875406 -3.63418e-18
3.16 0 -1.84936e-19 -4.66267e-05 -4.91794e-05 -0.00039681 -4.00779e-18
3.18 0 -6.87639e-20 1.30513e-05 -5.15348e-05 0.000111071 -4.14671e-18
3.2 0 3.91425e-20 7.68037e-05 -5.36239e-05 0.000653626 -4.06763e-18
3.22 0 8.96716e-20 0.000144047 -5.48987e-05 0.00122589 -3.88648e-18
3.24 0 3.93015e-18 0.000211547 -5.46019e-05 0.00180034 4.05323e-18
3.26 0 1.52824e-18 0.000274432 -5.22903e-05 0.00233551 7.14059e-18
3.28 0 -2.77123e-18 0.000328256 -4.79505e-05 0.00279357 1.54213e-18
3.3 0 -3.79467e-18 0.00037028 -4.18563e-05 0.00315121 -6.12386e-18
3.32 0 2.789e-18 0.00039973 -3.44931e-05 0.00340184 -4.89528e-19
3.34 0 3.57112e-18 0.000417267 -2.64475e-05 0.00355109 6.72486e-18
3.36 0 -1.68085e-18 0.000423601 -1.81742e-05 0.00360499 3.3292e-18
3.38 0 -2.58849e-18 0.00041797 -9.86071e-06 0.00355707 -1.90007e-18
3.4 0 7.1414e-19 0.000398061 -1.47422e-06 0.00338764 -4.57365e-19
3.42 0 9.67295e-19 0.000361776 7.15703e-06 0.00307884 1.49677e-18
3.44 0 -3.00323e-19 0.000309216 1.62524e-05 0.00263153 8.90054e-19
3.46 0 -3.14529e-19 0.000243074 2.58972e-05 0.00206865 2.54642e-19
3.48 0 -1.91873e-19 0.000167426 3.58623e-05 0.00142485 -1.3298e-19
3.5 0 2.44281e-18 8.62292e-05 4.55721e-05 0.00073384 4.80199e-18
3.52 0 -3.36466e-19 2.4656e-06 5.42256e-05 2.09831e-05 4.12226e-18
3.54 0 -3.47498e-18 -8.19784e-05 6.10341e-05 -0.000697664 -2.8979e-18
3.56 0 2.04691e-18 -0.000165668 6.55486e-05 -0.00140989 1.23727e-18
3.58 0 1.22604e-18 -0.000246415 6.78634e-05 -0.00209708 3.71412e-18
3.6 0 -1.81586e-18 -0.000320472 6.84002e-05 -0.00272733 4.57223e-20
3.62 0 -1.19048e-19 -0.000383294 6.74172e-05 -0.00326197 -1.94779e-19
3.64 0 -2.19602e-18 -0.000431679 6.48595e-05 -0.00367374 -4.63118e-18
3.66 0 1.86104e-18 -0.000465383 6.08142e-05 -0.00396057 -8.71501e-19
3.68 0 -5.06779e-18 -0.000486513 5.59607e-05 -0.0041404 -1.11095e-17
3.7 0 -2.08772e-18 -0.000497312 5.12821e-05 -0.0042323 -1.53271e-17
3.72 0 8.63579e-18 -0.00049844 4.72503e-05 -0.0042419 2.11896e-18
3.74 0 2.36955e-18 -0.000488637 4.34002e-05 -0.00415847 6.90592e-18
3.76 0 -2.06739e-18 -0.000465173 3.86852e-05 -0.00395878 2.72938e-18
3.78 0 8.86813e-19 -0.000425005 3.21373e-05 -0.00361694 4.52092e-18
3.8 0 -1.26128e-18 -0.000366767 2.33376e-05 -0.00312132 1.97288e-18
3.82 0 -9.11659e-19 -0.00029218 1.26533e-05 -0.00248656 1.31142e-19
3.84 0 -8.90627e-19 -0.00020533 1.17658e-06 -0.00174743 -1.6681e-18
3.86 0 8.23449e-20 -0.000110844 -9.84215e-06 -0.00094332 -1.50175e-18
3.88 0 1.21571e-18 -1.31082e-05 -1.97636e-05 -0.000111556 9.54229e-19
3.9 0 -8.219e-19 8.35481e-05 -2.87183e-05 0.000711024 -7.06174e-19
3.92 0 2.72194e-18 0.000175158 -3.69356e-05 0.00149066 4.7927e-18
3.94 0 -5.83719e-19 0.000258846 -4.40466e-05 0.00220287 3.61347e-18
3.96 0 -1.30652e-19 0.00033282 -4.9102e-05 0.00283241 3.34952e-18
3.98 0 -9.52961e-19 0.000395628 -5.11028e-05 0.00336693 1.42435e-18
4 0 -1.252e-19 0.000445518 -4.94778e-05 0.00379151 1.17142e-18
4.02 0 6.6222e-20 0.000479978 -4.42851e-05 0.00408478 1.3052e-18
4.04 0 2.59934e-18 0.000495342 -3.61424e-05 0.00421553 6.55639e-18
4.06 0 -5.17242e-18 0.000487281 -2.59888e-05 0.00414693 -3.89295e-18
4.08 0 1.10491e-18 0.000452593 -1.49129e-05 0.00385173 -1.6608e-18
4.1 0 2.75576e-18 0.000391026 -4.12036e-06 0.00332777 3.9064e-18
4.12 0 -2.31236e-18 0.000305781 5.21551e-06 0.0026023 -7.65028e-19
4.14 0 1.00396e-18 0.000202889 1.22631e-05 0.00172666 1.26318e-18
4.16 0 -4.75163e-19 9.01287e-05 1.66285e-05 0.000767027 3.03255e-19
4.18 0 -7.9819e-20 -2.46191e-05 1.81725e-05 -0.000209518 1.42005e-19
4.2 0 4.26349e-19 -0.000135275 1.7021e-05 -0.00115123 1.00332e-18
4.22 0 -8.5724e-20 -0.000238414 1.3868e-05 -0.00202898 8.30137e-19
4.24 0 -1.38238e-19 -0.000332553 9.93493e-06 -0.00283014 5.50869e-19
4.26 0 -2.03557e-18 -0.000417095 6.33019e-06 -0.00354962 -3.56139e-18
4.28 0 1.54379e-18 -0.000491728 3.55035e-06 -0.00418477 -4.42613e-19
4.3 0 -6.18572e-20 -0.000555495 1.63355e-06 -0.00472746 -5.67577e-19
4.32 0 2.93175e-18 -0.000605541 4.71308e-07 -0.00515337 5.35514e-18
4.34 0 -1.90891e-18 -0.000637222 -1.48465e-07 -0.00542298 1.49876e-18
4.36 0 -7.86868e-19 -0.000646015 -4.76333e-07 -0.00549781 -9.08723e-20
4.38 0 -3.41712e-19 -0.000629335 -6.56233e-07 -0.00535586 -7.81199e-19
4.4 0 4.3971e-19 -0.000587048 -9.64638e-07 -0.00499598 1.07103e-19
4.42 0 -8.93218e-19 -0.000521318 -2.36701e-06 -0.0044366 -1.69738e-18
4.44 0 1.25721e-19 -0.000436331 -6.62524e-06 -0.00371333 -1.4434e-18
4.46 0 1.20035e-18 -0.000337435 -1.55811e-05 -0.00287169 9.81555e-19
4.48 0 1.27551e-18 -0.000229443 -3.01288e-05 -0.00195264 3.55834e-18
4.5 0 -8.29568e-19 -0.000114923 -4.96344e-05 -0.000978034 1.88245e-18
4.52 0 -2.45775e-19 6.05243e-06 -7.20974e-05 5.15083e-05 1.38593e-18
4.54 0 -2.14835e-18 0.000134355 -9.48754e-05 0.00114341 -2.95417e-18
4.56 0 -1.46973e-18 0.000269999 -0.000115624 0.00229779 -5.92332e-18
4.58 0 -1.50637e-17 0.000411557 -0.000132983 0.00350249 -3.63551e-17
4.6 0 -7.75732e-19 0.000556387 -0.000146566 0.00473505 -3.79222e-17
4.62 0 1.25854e-17 0.00070061 -0.000156379 0.00596243 -1.24972e-17
4.64 0 1.19575e-17 0.000838553 -0.000162293 0.00713638 1.16593e-17
4.66 0 -2.81911e-18 0.00096225 -0.000163897 0.00818908 5.96412e-18
4.68 0 -1.31424e-17 0.00106207 -0.000160462 0.00903859 -1.77041e-17
4.7 0 -1.19897e-17 0.00112926 -0.000150966 0.00961038 -1.46763e-17
4.72 0 2.83323e-18 0.00115908 -0.000134404 0.00986421 9.6247e-18
4.74 0 -1.00042e-17 0.00115196 -0.000110264 0.00980359 -1.05858e-17
4.76 0 2.78625e-18 0.00111175 -7.86794e-05 0.00946134 -4.95698e-18
4.78 0 2.66022e-18 0.00104322 -4.03784e-05 0.00887818 4.17201e-19
4.8 0 2.5477e-18 0.000950717 3.12924e-06 0.00809093 5.56406e-18
4.82 0 -3.35508e-18 0.000837938 4.92831e-05 0.00713115 -1.21387e-18
4.84 0 -1.28571e-18 0.000708294 9.47483e-05 0.00602783 -3.81126e-18
4.86 0 2.64403e-18 0.000565082 0.00013633 0.00480904 1.53021e-18
4.88 0 1.03699e-17 0.000411233 0.000172038 0.00349973 2.24796e-17
4.9 0 1.07477e-18 0.000248909 0.000201862 0.0021183 2.46509e-17
4.92 0 -8.33677e-18 7.98928e-05 0.000227875 0.000679916 7.45641e-18
4.94 0 -1.61115e-17 -9.30582e-05 0.000253237 -0.000791957 -2.05534e-17
4.96 0 -8.59756e-18 -0.000265081 0.000280322 -0.00225593 8.5338e-18
4.98 0 8.39936e-18 -0.000429429 0.000309202 -0.00365459 2.37029e-17
5 0 4.73871e-18 -0.000578911 0.000337512 -0.00492674 3.0401e-17
5.02 0 -9.30532e-18 -0.000707794 0.000361509 -0.00602357 6.0294e-17
5.04 0 4.29968e-17 -0.00081347 0.000377411 -0.00692291 6.2454e-17
5.06 0 -6.26334e-18 -0.000896904 0.000382398 -0.00763297 3.34548e-17
5.08 0 8.87294e-18 -0.000961256 0.000375015 -0.00818062 8.02518e-17
5.1 0 -1.86221e-17 -0.0010096 0.00035488 -0.00859207 5.35019e-17
5.12 0 5.04532e-18 -0.00104327 0.00032196 -0.00887857 4.83725e-17
5.14 0 -3.32471e-17 -0.00106099 0.000276061 -0.00902941 1.48113e-17
5.16 0 -8.96377e-18 -0.00105841 0.000216828 -0.00900742 -3.29728e-18
5.18 0 1.74181e-18 -0.00102833 0.000143897 -0.00875141 2.21534e-19
5.2 0 -1.3068e-18 -0.000962661 5.69472e-05 -0.00819258 -2.41847e-18
5.22 0 4.79836e-20 -0.000855442 -4.40114e-05 -0.00728011 -2.32153e-18
5.24 0 1.70461e-18 -0.000705248 -0.000157693 -0.00600191 7.58113e-18
5.26 0 2.66488e-18 -0.000516358 -0.000280149 -0.00439439 4.31636e-17
5.28 0 -6.08866e-18 -0.000298236 -0.00040394 -0.0025381 -3.59026e-17
5.3 0 -2.33316e-17 -6.26014e-05 -0.000518839 -0.00053276 -7.20897e-17
5.32 0 -4.93244e-17 0.000181332 -0.000614036 0.0015432 -1.0428e-16
5.34 0 2.30716e-17 0.000429871 -0.000680657 0.00365836 3.15622e-18
5.36 0 8.39872e-18 0.000682921 -0.000713377 0.0058119 3.10225e-17
5.38 0 -1.44835e-17 0.000938525 -0.000711255 0.00798718 -7.22727e-17
5.4 0 5.76802e-17 0.00118869 -0.000678499 0.0101161 1.80923e-17
5.42 0 -2.57086e-17 0.00141938 -0.000624322 0.0120794 5.67932e-18
5.44 0 -1.01013e-16 0.00161367 -0.00056034 0.0137329 -2.42183e-17
5.46 0 -1.55514e-17 0.00175482 -0.000495639 0.0149341 -7.48183e-17
5.48 0 2.84555e-17 0.00182793 -0.000432631 0.0155564 -8.12677e-17
5.5 0 1.02498e-17 0.00182155 -0.000367309 0.015502 3.42059e-17
5.52 0 3.84337e-17 0.00172957 -0.0002934 0.0147192 5.37385e-17
5.54 0 -1.5981e-17 0.00155275 -0.000206049 0.0132144 -2.72497e-18
5.56 0 -2.1514e-17 0.0012987 -0.000103134 0.0110524 -1.38235e-17
5.58 0 2.97863e-18 0.000981234 1.33075e-05 0.00835064 -3.98678e-18
5.6 0 2.62311e-18 0.000619951 0.000135141 0.005276 -3.87015e-19
5.62 0 -1.97586e-18 0.000239909 0.000248952 0.00204171 -1.84882e-18
5.64 0 -2.37515e-18 -0.0001304 0.000340983 -0.00110975 2.74194e-18
5.66 0 -4.78573e-18 -0.000464204 0.000402767 -0.00395053 2.40009e-19
5.68 0 -2.19031e-17 -0.000742451 0.000433476 -0.00631852 -6.96842e-18
5.7 0 -2.29984e-18 -0.000956475 0.000438615 -0.00813994 -3.97901e-17
5.72 0 1.7694e-17 -0.00110603 0.000427119 -0.00941267 -1.63146e-17
5.74 0 2.4892e-17 -0.00119477 0.000408427 -0.0101679 5.70237e-17
5.76 0 -1.03182e-17 -0.00122556 0.000390017 -0.0104299 1.53897e-17
5.78 0 2.92418e-18 -0.00119711 0.000375818 -0.0101878 -2.84843e-17
5.8 0 2.06684e-17 -0.001104 0.00036581 -0.0093954 1.15617e-17
5.82 0 -1.89197e-17 -0.000940503 0.000356686 -0.00800401 2.5032e-18
5.84 0 2.28842e-17 -0.000706194 0.000343603 -0.00600996 4.87338e-17
5.86 0 -3.20182e-17 -0.000409471 0.000322913 -0.00348474 -1.59494e-17
5.88 0 3.76996e-18 -6.73723e-05 0.000294366 -0.000573362 -8.33338e-18
5.9 0 1.7163e-18 0.000297077 0.000260956 0.00252823 -4.8661e-18
5.92 0 -1.04162e-17 0.000657911 0.000226878 0.00559905 -1.66196e-17
5.94 0 7.14248e-18 0.000989407 0.0001954 0.0084202 8.52045e-18
5.96 0 -3.90959e-18 0.00126988 0.000167171 0.0108071 -7.36733e-18
5.98 0 1.29521e-17 0.00148452 0.000138709 0.0126338 1.00255e-17
6 0 6.00835e-19 0.0016254 0.000102193 0.0138327 -3.43993e-20
6.02 0 8.07707e-18 0.00169025 4.83919e-05 0.0143846 -6.72325e-18
6.04 0 -1.52607e-18 0.00168172 -2.77041e-05 0.014312 9.33437e-18
6.06 0 -3.85206e-18 0.00160501 -0.000121868 0.0136592 -2.61925e-18
6.08 0 -1.54741e-17 0.00146309 -0.000219892 0.0124514 -7.86076e-17
6.1 0 -3.10974e-18 0.00125577 -0.000302632 0.0106871 -3.71172e-18
6.12 0 3.4524e-17 0.000985257 -0.000354885 0.00838488 3.87821e-17
6.14 0 -9.01603e-18 0.000659284 -0.000373166 0.00561074 -6.79567e-17
6.16 0 -3.70819e-18 0.000284609 -0.000367327 0.00242213 -3.03798e-17
6.18 0 -6.16028e-18 -0.000141041 -0.000354729 -0.00120031 -5.88858e-17
6.2 0 -9.92126e-18 -0.000626281 -0.000350822 -0.00532987 -3.64452e-17
6.22 0 -3.15491e-18 -0.00117357 -0.000362282 -0.00998746 -1.61853e-17
6.24 0 2.46741e-17 -0.00176349 -0.000385864 -0.0150079 5.9759e-18
6.26 0 -1.61929e-19 -0.00235325 -0.000409869 -0.020027 -2.95561e-17
6.28 0 -1.10702e-17 -0.00288362 -0.000417427 -0.0245407 -1.84092e-17
6.3 0 -4.05511e-18 -0.00327285 -0.000394864 -0.0278538 -1.25873e-17
6.32 0 1.10376e-17 -0.00349625 -0.000335243 -0.0297559 1.4487e-17
6.34 0 7.67345e-19 -0.00358514 -0.000241145 -0.0305131 3.65642e-18
6.36 0 -5.27785e-18 -0.00358481 -0.000125831 -0.0305102 -1.4805e-17
6.38 0 4.17728e-18 -0.00357484 -6.52055e-06 -0.0304254 1.3111e-17
6.4 0 1.80366e-17 -0.00357056 0.000101516 -0.030389 8.99691e-18
6.42 0 -1.18171e-17 -0.00357067 0.000185432 -0.0303899 2.05666e-17
6.44 0 5.64201e-18 -0.00357762 0.00024204 -0.0304491 -2.00813e-17
6.46 0 3.87417e-17 -0.00352534 0.000278376 -0.0300042 -4.79257e-17
6.48 0 -3.99747e-17 -0.00332553 0.000302802 -0.0283037 -9.91635e-17
6.5 0 1.59566e-18 -0.00291637 0.000321851 -0.0248216 -7.95314e-17
6.52 0 3.59239e-17 -0.00228719 0.000338029 -0.0194671 9.31261e-17
6.54 0 -1.38531e-17 -0.00148625 0.000350602 -0.0126508 -2.42021e-17
6.56 0 1.27622e-17 -0.000613217 0.000355085 -0.00522098 -5.10083e-17
6.58 0 7.6819e-18 0.0002214 0.000344298 0.0018819 -1.17287e-16
6.6 0 1.91788e-18 0.000929631 0.000312949 0.0079092 1.11961e-17
6.62 0 -3.83736e-17 0.00146555 0.000263258 0.0124701 -9.33611e-18
6.64 0 -3.0931e-17 0.00182792 0.000205063 0.015554 -1.03607e-16
6.66 0 1.09625e-17 0.00205288 0.000149932 0.0174685 6.28945e-18
6.68 0 9.8446e-18 0.0021939 0.000105594 0.0186688 2.74515e-17
6.7 0 -4.66269e-18 0.0023022 7.48738e-05 0.0195906 2.55661e-19
6.72 0 -4.05637e-19 0.00241814 5.74801e-05 0.0205774 4.89436e-18
6.74 0 -3.00013e-19 0.00256954 5.08413e-05 0.0218661 -1.74878e-18
6.76 0 8.73355e-18 0.0027696 4.92441e-05 0.0235694 2.78303e-17
6.78 0 5.39011e-18 0.00301297 4.34162e-05 0.025642 4.405e-17
6.8 0 -3.41359e-17 0.00327069 2.29257e-05 0.0278387 -3.60487e-17
6.82 0 2.72173e-17 0.00348785 -1.81298e-05 0.0296922 -8.24931e-18
6.84 0 -1.18546e-17 0.00359211 -7.71822e-05 0.0305834 1.65253e-17
6.86 0 -3.56917e-17 0.00353413 -0.000146092 0.03009 -1.59269e-17
6.88 0 2.35126e-17 0.0032931 -0.000216745 0.0280388 8.0974e-17
6.9 0 -9.2432e-17 0.00287922 -0.000283946 0.0245165 -5.23934e-17
6.92 0 -5.09725e-17 0.00234541 -0.000340604 0.0199736 -5.63105e-17
6.94 0 8.86051e-18 0.00175228 -0.000377757 0.0149258 6.50359e-17
6.96 0 3.51701e-17 0.00115813 -0.000392322 0.00986938 7.73138e-18
6.98 0 4.35842e-17 0.000595692 -0.000389195 0.00508287 5.57598e-17
7 0 5.48023e-18 7.88378e-05 -0.000377352 0.000684255 2.8542e-19
7.02 0 -2.9653e-17 -0.00039406 -0.000363368 -0.00334027 -6.09224e-17
7.04 0 1.94301e-18 -0.000830946 -0.000347312 -0.00705832 -1.64752e-17
7.06 0 1.73829e-17 -0.00123785 -0.00032389 -0.0105213 5.06664e-17
7.08 0 -1.84319e-18 -0.0016112 -0.000288241 -0.0136986 6.40993e-17
7.1 0 8.72495e-18 -0.00193846 -0.000239495 -0.0164837 -1.39554e-17
7.12 0 1.44036e-17 -0.00220458 -0.000179335 -0.0187487 6.43444e-18
7.14 0 4.33923e-18 -0.00239875 -0.000109864 -0.0204013 -1.45394e-18
7.16 0 -3.09528e-18 -0.00251735 -3.4302e-05 -0.0214108 1.84229e-18
7.18 0 2.06608e-18 -0.0025647 4.12444e-05 -0.0218139 -1.60072e-17
7.2 0 5.68134e-18 -0.00255202 0.000107953 -0.021706 -7.82505e-18
7.22 0 3.20758e-17 -0.0024852 0.000157165 -0.0211373 3.33227e-17
7.24 0 1.3856e-17 -0.00235705 0.000184822 -0.0200467 -1.37143e-18
7.26 0 1.97233e-17 -0.0021488 0.000194004 -0.0182744 5.0733e-17
7.28 0 1.45778e-17 -0.00184088 0.000193994 -0.0156539 4.39106e-17
7.3 0 -1.25774e-17 -0.00142828 0.000196027 -0.0121426 1.73484e-17
7.32 0 -4.02063e-18 -0.000924666 0.00020832 -0.00785664 -3.80481e-17
7.34 0 4.84102e-18 -0.000361483 0.000234653 -0.00306375 2.54004e-17
7.36 0 -7.43229e-19 0.000217661 0.000275343 0.00186496 -5.7494e-18
7.38 0 -6.67688e-18 0.000765353 0.000327314 0.00652601 -4.32182e-18
7.4 0 1.43248e-17 0.00124166 0.000383135 0.0105796 5.98869e-17
7.42 0 -9.09317e-18 0.00162174 0.000431959 0.0138142 -4.10361e-18
7.44 0 1.86516e-17 0.00189628 0.000462693 0.0161506 3.05653e-18
7.46 0 -2.14388e-17 0.00206803 0.000467085 0.0176123 -2.8962e-17
7.48 0 -2.35205e-18 0.00214931 0.000441558 0.018304 -1.47581e-17
7.5 0 2.8653e-18 0.00216217 0.000387556 0.0184135 -4.82354e-17
7.52 0 1.06855e-17 0.00213317 0.000310493 0.0181666 -1.94627e-17
7.54 0 3.17801e-18 0.00208603 0.000217446 0.0177654 -1.54055e-18
7.56 0 -3.20989e-18 0.00203491 0.000115152 0.0173304 -4.32349e-18
7.58 0 1.97438e-17 0.00197186 9.69311e-06 0.0167939 -1.22939e-17
7.6 0 -5.25182e-18 0.00186335 -9.35541e-05 0.0158704 -4.7714e-17
7.62 0 1.89374e-17 0.00166775 -0.000190329 0.0142057 -3.87095e-17
7.64 0 6.42913e-19 0.00136108 -0.000276993 0.0115959 4.79132e-18
7.66 0 -1.08524e-18 0.00094929 -0.000349505 0.00809142 -1.72439e-17
7.68 0 -2.41713e-18 0.000462932 -0.000403561 0.00395234 -4.29361e-17
7.7 0 2.68688e-17 -5.34417e-05 -0.000436275 -0.000442183 8.23209e-18
7.72 0 -1.62805e-17 -0.000552344 -0.000447875 -0.00468802 -6.07429e-17
7.74 0 1.59289e-17 -0.000995356 -0.000441305 -0.0084582 2.70366e-17
7.76 0 5.90933e-18 -0.00136063 -0.000419702 -0.0115668 1.79002e-17
7.78 0 4.8786e-17 -0.00164091 -0.000384579 -0.0139521 2.6301e-17
7.8 0 9.24507e-18 -0.00183694 -0.000336251 -0.0156204 7.51479e-18
7.82 0 -1.88207e-18 -0.00195455 -0.000274979 -0.0166212 -1.21769e-17
7.84 0 -4.10385e-18 -0.0020063 -0.000201825 -0.0170617 5.69861e-18
7.86 0 -4.09872e-18 -0.00201171 -0.000119495 -0.0171077 -8.23413e-18
7.88 0 1.82891e-17 -0.00199139 -3.23813e-05 -0.0169348 2.56594e-17
7.9 0 -3.88452e-18 -0.00196024 5.5142e-05 -0.0166697 1.51216e-17
7.92 0 2.26878e-17 -0.00191695 0.000140085 -0.0163013 9.86389e-17
7.94 0 -1.32967e-17 -0.00183527 0.000220258 -0.0156062 1.40669e-17
7.96 0 4.64821e-19 -0.00167401 0.00029347 -0.0142338 2.77038e-17
7.98 0 -2.35861e-17 -0.00140283 0.000358066 -0.011926 -5.68714e-17
8 0 1.94135e-17 -0.00102216 0.000413455 -0.00868629 5.26552e-17
8.02 0 2.98895e-18 -0.000562666 0.000459161 -0.00477587 -3.15675e-17
8.04 0 -4.77724e-17 -7.23119e-05 0.000493965 -0.000602782 -1.35505e-16
8.06 0 4.5673e-17 0.000398065 0.00051673 0.00340029 9.10785e-17
8.08 0 7.36968e-17 0.000807728 0.000527217 0.00688667 -3.28209e-17
8.1 0 3.91347e-17 0.00113522 0.000524892 0.00967373 -1.26145e-17
8.12 0 -1.92929e-17 0.00137931 0.00050737 0.011751 5.47552e-17
8.14 0 -2.07476e-17 0.00155256 0.000471196 0.0132254 5.64356e-18
8.16 0 -3.28467e-17 0.00167384 0.000413974 0.0142576 -1.46016e-17
8.18 0 6.14306e-18 0.00176351 0.000335187 0.0150207 -7.04591e-18
8.2 0 7.13938e-18 0.00183907 0.000235809 0.0156638 1.91055e-18
8.22 0 2.08175e-19 0.00190994 0.000118508 0.0162669 4.42782e-18
8.24 0 3.03957e-18 0.00197274 -1.17051e-05 0.0168013 9.66635e-18
8.26 0 2.85946e-17 0.00200989 -0.000147887 0.0171175 -3.14641e-17
8.28 0 -1.32487e-19 0.00199291 -0.000282245 0.0169729 4.45228e-17
8.3 0 -1.02077e-17 0.00189337 -0.000406691 0.0161259 -4.07242e-17
8.32 0 -5.38978e-17 0.00169836 -0.000512985 0.0144663 -8.16899e-17
8.34 0 2.29189e-17 0.00141756 -0.000593393 0.0120766 -4.00902e-17
8.36 0 2.44761e-17 0.00107693 -0.000642128 0.00917767 1.56847e-17
8.38 0 -9.7589e-18 0.000707862 -0.000657109 0.00603677 -3.97543e-17
8.4 0 1.75502e-17 0.000339611 -0.00064158 0.00290283 4.68175e-17
8.42 0 -5.18513e-17 -6.354e-06 -0.000604816 -4.14523e-05 -5.57535e-18
8.44 0 3.72549e-17 -0.000320663 -0.000560213 -0.00271633 7.10664e-17
8.46 0 -1.16675e-17 -0.00060457 -0.000519385 -0.00513248 1.92469e-18
8.48 0 3.3026e-17 -0.000861605 -0.000485412 -0.00731993 7.66388e-18
8.5 0 -9.21989e-18 -0.00109001 -0.000451521 -0.00926371 -6.26883e-17
8.52 0 1.81016e-17 -0.00128251 -0.000406311 -0.010902 3.62699e-17
8.54 0 -1.2318e-17 -0.00143066 -0.000339554 -0.0121628 1.15275e-17
8.56 0 -6.16108e-18 -0.00152824 -0.000245021 -0.0129933 -4.89575e-17
8.58 0 6.18422e-18 -0.00157344 -0.000122789 -0.0133779 6.52853e-20
8.6 0 8.03928e-20 -0.00156921 1.84158e-05 -0.0133419 7.38127e-18
8.62 0 -6.84095e-18 -0.00151927 0.000162595 -0.0129169 -4.10161e-17
8.64 0 -3.72275e-18 -0.00142287 0.000292415 -0.0120965 -1.15264e-17
8.66 0 7.85074e-18 -0.00127394 0.000395179 -0.010829 2.49473e-17
8.68 0 -2.32938e-17 -0.00106786 0.000465382 -0.00907522 1.95246e-18
8.7 0 -1.92376e-17 -0.000808595 0.00050434 -0.00686881 5.86475e-18
8.72 0 -1.66143e-17 -0.000508303 0.000518334 -0.00431321 3.19587e-18
8.74 0 3.94872e-17 -0.000184048 0.000515904 -0.00155369 5.73437e-17
8.76 0 2.74583e-17 0.000144432 0.000505122 0.00124179 6.81992e-17
8.78 0 -3.4494e-17 0.000458087 0.000492167 0.0039111 -1.26243e-16
8.8 0 8.8489e-18 0.000744131 0.000481023 0.00634543 2.86371e-18
8.82 0 -1.37651e-17 0.00099842 0.00047246 0.00850953 2.01542e-17
8.84 0 1.93964e-17 0.00122122 0.000462031 0.0104056 -2.65176e-17
8.86 0 -4.17536e-17 0.00141127 0.000440626 0.012023 -5.485e-17
8.88 0 1.45835e-17 0.00156461 0.000399231 0.013328 -4.28923e-17
8.9 0 6.87323e-18 0.00167705 0.000333166 0.0142849 -2.267e-17
8.92 0 -7.50766e-18 0.0017455 0.000242272 0.0148674 -5.81558e-18
8.94 0 -1.30249e-18 0.00176801 0.000130043 0.015059 -1.50209e-18
8.96 0 9.70592e-18 0.00174175 4.297e-06 0.0148355 -1.3157e-17
8.98 0 7.26732e-18 0.00166147 -0.000123331 0.0141523 2.19962e-17
9 0 -1.35698e-18 0.00152255 -0.000240806 0.01297 3.22043e-17
9.02 0 9.56554e-18 0.00132663 -0.000338951 0.0113027 4.64391e-17
9.04 0 4.02362e-18 0.00108442 -0.000412126 0.00924138 4.29449e-17
9.06 0 7.58577e-18 0.000810536 -0.000457777 0.00691057 -1.76039e-17
9.08 0 1.71463e-17 0.0005161 -0.000476843 0.00440482 -2.49133e-17
9.1 0 -3.44566e-18 0.000207276 -0.000474269 0.00177662 3.64292e-17
9.12 0 -3.57208e-17 -0.000111003 -0.000458034 -0.000932053 -3.31975e-17
9.14 0 3.45989e-17 -0.000431294 -0.0004369 -0.00365784 5.46397e-17
9.16 0 -3.51847e-18 -0.000742192 -0.000418115 -0.00630369 2.30901e-17
9.18 0 2.67272e-17 -0.00102906 -0.000404972 -0.00874506 2.27219e-17
9.2 0 -5.39172e-18 -0.00127698 -0.00039483 -0.0108549 -7.44061e-17
9.22 0 -2.86341e-18 -0.00147507 -0.000380474 -0.0125408 -2.69764e-17
9.24 0 4.89124e-18 -0.00161972 -0.000354845 -0.0137717 -2.65066e-17
9.26 0 -1.61657e-17 -0.00171458 -0.000314285 -0.014579 -2.49943e-17
9.28 0 8.0044e-18 -0.00176843 -0.000257821 -0.0150373 2.55888e-17
9.3 0 -5.62755e-18 -0.00179252 -0.000185813 -0.0152423 1.28644e-17
9.32 0 -8.59561e-19 -0.00179514 -0.000101062 -0.0152646 -1.21721e-17
9.34 0 -1.59844e-18 -0.00177461 -1.02843e-05 -0.0150899 -8.45712e-18
9.36 0 1.14179e-17 -0.00171623 7.7293e-05 -0.0145931 -7.98955e-18
9.38 0 6.77559e-18 -0.00159867 0.000153701 -0.0135926 3.74749e-17
9.4 0 -1.61318e-17 -0.00140859 0.000215157 -0.011975 1.4775e-17
9.42 0 1.57473e-17 -0.0011497 0.000262001 -0.00977175 4.73069e-17
9.44 0 2.59095e-17 -0.000840092 0.000296634 -0.00713686 2.53478e-17
9.46 0 3.66891e-18 -0.000504963 0.000321609 -0.00428479 3.45589e-17
9.48 0 -2.83481e-17 -0.000170804 0.000338813 -0.00144098 -4.77159e-17
9.5 0 -1.25185e-17 0.000140185 0.00034935 0.00120565 -2.51501e-17
9.52 0 3.45054e-17 0.000415971 0.000353635 0.00355268 5.53366e-17
9.54 0 3.03149e-17 0.000656344 0.000351297 0.00559834 3.84399e-17
9.56 0 -7.32289e-18 0.000867907 0.000340735 0.00739882 -6.27221e-17
9.58 0 1.77004e-18 0.00105675 0.000319099 0.00900589 5.12627e-18
9.6 0 1.0644e-17 0.00122462 0.000283372 0.0104346 3.26497e-17
9.62 0 -2.01851e-19 0.00136924 0.00023152 0.0116653 -3.40608e-18
9.64 0 -2.30232e-18 0.00148534 0.000162928 0.0126534 3.98306e-18
9.66 0 1.13779e-18 0.00156547 7.91084e-05 0.0133353 -5.67488e-18
9.68 0 6.62117e-19 0.00160147 -1.47866e-05 0.0136417 3.27664e-18
9.7 0 2.20132e-19 0.00158624 -0.000109463 0.0135121 -1.48837e-17
9.72 0 8.4582e-18 0.00151394 -0.000193659 0.0128968 2.7637e-17
9.74 0 -7.2297e-18 0.00138191 -0.00025801 0.0117732 -2.76517e-17
9.76 0 9.26259e-18 0.00119316 -0.000297891 0.0101668 -4.62656e-17
9.78 0 4.96321e-17 0.000955305 -0.000313917 0.0081426 5.69832e-17
9.8 0 8.89631e-19 0.000676802 -0.000310692 0.00577245 -9.56866e-18
9.82 0 -2.48906e-17 0.000365002 -0.00029478 0.00311892 -1.70036e-17
9.84 0 -5.94223e-18 2.90681e-05 -0.000272692 0.000260002 -4.9945e-17
9.86 0 -1.63327e-17 -0.00031651 -0.000249284 -0.00268099 -7.48312e-17
9.88 0 1.84176e-18 -0.000651988 -0.000226741 -0.00553602 -2.54472e-17
9.9 0 1.76492e-18 -0.000956294 -0.000204416 -0.00812577 -1.14432e-18
9.92 0 -6.67311e-18 -0.00121235 -0.000179464 -0.0103049 -1.71178e-17
9.94 0 7.48504e-18 -0.00141128 -0.000147899 -0.0119979 -1.90567e-18
9.96 0 1.2738e-18 -0.00155368 -0.000106163 -0.0132097 4.57941e-18
9.98 0 -2.41141e-18 -0.00164736 -5.31033e-05 -0.014007 1.71845e-17
10 0 -4.82786e-18 -0.00170287 8.71805e-06 -0.0144794 9.38619e-18
10.02 0 -4.19134e-18 -0.00172939 7.37042e-05 -0.0147051 -1.33159e-17
10.04 0 6.96766e-18 -0.00173291 0.00013557 -0.014735 -3.04085e-18
10.06 0 1.09908e-17 -0.00171474 0.0001896 -0.0145804 8.22459e-17
10.08 0 -6.30823e-18 -0.00166894 0.000233536 -0.0141907 -3.62545e-17
10.1 0 3.62858e-18 -0.00158116 0.00026703 -0.0134436 -3.95526e-17
10.12 0 4.71875e-18 -0.00143479 0.000290382 -0.0121979 -2.9166e-17
10.14 0 3.48766e-17 -0.00122113 0.000303477 -0.0103796 2.97045e-17
10.16 0 -2.84058e-18 -0.000944289 0.000305639 -0.00802361 3.26726e-17
10.18 0 2.49814e-17 -0.000620087 0.000296257 -0.00526454 4.12655e-17
10.2 0 -9.06786e-18 -0.000272679 0.000275301 -0.00230797 3.53064e-17
10.22 0 -5.02032e-19 7.06718e-05 0.000243441 0.000614063 8.31237e-18
10.24 0 -3.64326e-18 0.000387751 0.000202156 0.00331252 2.87385e-18
10.26 0 2.37903e-18 0.000667676 0.000153755 0.00569478 6.44011e-18
10.28 0 9.38126e-19 0.000909836 0.000101037 0.00775564 3.95384e-18
10.3 0 2.20832e-18 0.00111766 4.66626e-05 0.00952426 1.81963e-19
10.32 0 -6.71903e-18 0.00129374 -7.38665e-06 0.0110228 -9.21455e-18
10.34 0 -4.15315e-18 0.00143854 -6.00419e-05 0.0122551 -2.23962e-17
10.36 0 -9.88338e-18 0.00154998 -0.000111017 0.0132035 -3.07177e-18
10.38 0 1.2808e-17 0.00162286 -0.00016026 0.0138237 -1.06877e-17
10.4 0 9.99222e-18 0.00164855 -0.000207149 0.0140423 4.36681e-18
10.42 0 2.0479e-18 0.00161588 -0.000249958 0.0137643 6.42628e-17
10.44 0 2.42165e-17 0.00151287 -0.000285974 0.0128877 5.34681e-17
10.46 0 -8.34848e-18 0.00133185 -0.000312158 0.0113471 -2.3608e-17
10.48 0 7.25466e-18 0.00107667 -0.000325857 0.00917548 -3.31706e-18
10.5 0 4.43835e-17 0.000762668 -0.000325208 0.00650319 3.85309e-17
10.52 0 -1.43426e-17 0.000410523 -0.000309568 0.00350631 -2.36153e-17
10.54 0 -1.54372e-18 4.19887e-05 -0.000279993 0.00036996 -5.3091e-17
10.56 0 -5.3106e-19 -0.000321782 -0.000239548 -0.00272585 -4.23641e-17
10.58 0 8.1022e-18 -0.000662937 -0.000193106 -0.00562921 1.35733e-17
10.6 0 -1.35022e-17 -0.000970687 -0.00014612 -0.00824827 -2.89923e-17
10.62 0 -5.54622e-18 -0.00124102 -0.000102618 -0.0105489 -1.2618e-17
10.64 0 6.88529e-19 -0.00147236 -6.36904e-05 -0.0125177 1.74006e-18
10.66 0 3.06449e-18 -0.00166206 -2.75356e-05 -0.0141321 1.10943e-17
10.68 0 -1.0384e-17 -0.00180572 9.1325e-06 -0.0153547 -9.94542e-18
10.7 0 -4.98964e-18 -0.00189753 4.92128e-05 -0.016136 -1.0298e-17
10.72 0 1.4337e-17 -0.00193116 9.36482e-05 -0.0164222 1.14691e-17
10.74 0 -2.07366e-17 -0.00190249 0.000140779 -0.0161782 -1.45798e-18
10.76 0 -2.204e-17 -0.00181004 0.000186879 -0.0153914 -4.72978e-17
10.78 0 -1.69178e-17 -0.00165323 0.000227529 -0.0140569 -1.62952e-18
10.8 0 2.2866e-17 -0.00143358 0.000258772 -0.0121876 5.79247e-17
10.82 0 -4.10074e-17 -0.00115692 0.000277398 -0.00983316 -4.19382e-18
10.84 0 -1.60344e-17 -0.000834031 0.000281428 -0.00708528 4.55759e-18
10.86 0 3.54302e-17 -0.000478881 0.000271245 -0.00406282 2.70134e-17
10.88 0 4.23714e-18 -0.000107134 0.000250126 -0.00089913 -1.10749e-17
10.9 0 -1.24367e-17 0.00026388 0.000223131 0.00225833 -3.05988e-17
10.92 0 1.85247e-17 0.000617023 0.000194891 0.0052637 4.9352e-18
10.94 0 -2.16174e-18 0.000938464 0.000167697 0.00799928 9.41198e-18
10.96 0 -3.55566e-18 0.00121854 0.000140906 0.0103828 -3.19671e-19
10.98 0 4.20906e-18 0.00145002 0.000111911 0.0123528 1.03392e-19
11 0 -1.99253e-18 0.0016275 7.8085e-05 0.0138632 -2.4447e-18
11.02 0 -3.88457e-18 0.00174886 3.85556e-05 0.014896 -1.48854e-17
11.04 0 3.59329e-18 0.00181598 -5.17355e-06 0.0154673 -2.64775e-17
11.06 0 -7.98642e-19 0.00183354 -4.9883e-05 0.0156167 -5.99631e-18
11.08 0 -1.04411e-17 0.00180558 -9.19962e-05 0.0153787 -3.24306e-17
11.1 0 -2.28846e-18 0.00173048 -0.000129017 0.0147396 -1.69268e-17
11.12 0 1.65358e-17 0.00159867 -0.000160557 0.0136179 9.84163e-18
11.14 0 -1.9203e-17 0.00139682 -0.000188076 0.0119 1.17952e-17
11.16 0 8.82378e-18 0.00111839 -0.000213233 0.00953048 6.79562e-17
11.18 0 -3.34019e-17 0.000770743 -0.000236119 0.00657191 -5.36727e-17
11.2 0 4.56376e-18 0.000372414 -0.000254903 0.00318199 -1.50088e-18
11.22 0 3.46463e-17 -5.17554e-05 -0.000267077 -0.000427834 5.54535e-17
11.24 0 2.66595e-17 -0.000473652 -0.000270944 -0.00401832 5.12877e-17
11.26 0 1.97156e-17 -0.00086601 -0.000266187 -0.00735742 4.65507e-17
11.28 0 -1.14478e-18 -0.0012087 -0.000253546 -0.0102738 -3.33008e-18
11.3 0 -8.95804e-19 -0.0014918 -0.000234244 -0.0126831 -1.07346e-17
11.32 0 1.76462e-17 -0.00171312 -0.000209691 -0.0145666 1.1287e-17
11.34 0 7.32198e-18 -0.00187494 -0.000181635 -0.0159437 1.76718e-17
11.36 0 -1.34886e-18 -0.00198359 -0.000152333 -0.0168684 3.99594e-18
11.38 0 -5.94653e-18 -0.00204884 -0.000123964 -0.0174237 -1.51935e-18
11.4 0 6.38559e-18 -0.00208002 -9.7231e-05 -0.0176891 9.18117e-18
11.42 0 8.90602e-19 -0.00208156 -7.03237e-05 -0.0177021 -6.75485e-19
11.44 0 3.12982e-18 -0.00204904 -3.95562e-05 -0.0174255 -1.33305e-17
11.46 0 -1.08832e-18 -0.00196802 -1.37053e-06 -0.0167359 -4.57695e-17
11.48 0 1.65844e-18 -0.00181879 4.5427e-05 -0.0154659 -1.96134e-17
11.5 0 4.15239e-18 -0.00158703 9.81226e-05 -0.0134935 -1.62892e-17
11.52 0 6.89201e-19 -0.00127297 0.000150195 -0.0108208 -4.65001e-18
11.54 0 6.1086e-18 -0.000891086 0.000193728 -0.00757083 -9.72625e-18
11.56 0 4.50277e-18 -0.00046479 0.000223159 -0.00394291 -6.41158e-18
11.58 0 -4.33232e-18 -2.30617e-05 0.000237582 -0.000183645 2.80243e-17
11.6 0 7.30772e-18 0.000403245 0.000240075 0.00344438 1.40499e-17
11.62 0 -1.91488e-17 0.000788893 0.000235479 0.00672637 -2.79856e-17
11.64 0 -3.43819e-18 0.00112045 0.000228556 0.00954801 1.48509e-17
11.66 0 4.38691e-18 0.00139498 0.000222739 0.0118844 2.67787e-17
11.68 0 3.13172e-18 0.00161457 0.000218947 0.0137532 6.98486e-18
11.7 0 -6.17556e-18 0.00178336 0.00021489 0.0151896 -1.08093e-17
11.72 0 1.79845e-18 0.00190719 0.000205631 0.0162435 -8.21965e-18
11.74 0 2.12975e-18 0.00199189 0.000185301 0.0169643 1.69029e-18
11.76 0 -9.33749e-19 0.00204061 0.000149212 0.0173789 -8.15245e-18
11.78 0 -1.17833e-17 0.00205368 9.5715e-05 0.0174901 -1.50972e-17
11.8 0 -1.02246e-18 0.00202738 2.72385e-05 0.0172663 -1.14656e-18
11.82 0 3.76106e-18 0.00194974 -5.01147e-05 0.0166056 -6.46189e-18
11.84 0 -1.63578e-17 0.00180138 -0.000128401 0.015343 5.36434e-18
11.86 0 2.8599e-17 0.00156587 -0.00020001 0.0133387 -7.73994e-18
11.88 0 3.04855e-17 0.00124186 -0.000259297 0.0105813 -1.61184e-17
11.9 0 -3.35649e-18 0.000845652 -0.000303388 0.00720942 -4.52796e-18
11.92 0 3.50881e-17 0.000405114 -0.000332199 0.00346028 6.29998e-17
11.94 0 -7.96467e-18 -4.72782e-05 -0.000348004 -0.000389728 2.60937e-17
11.96 0 -1.60179e-17 -0.000481463 -0.00035457 -0.0040848 -6.68373e-17
11.98 0 -7.09247e-18 -0.000876774 -0.000355692 -0.00744903 1.84348e-17
12 0 -1.22408e-17 -0.00122449 -0.000353608 -0.0104082 3.37569e-17
12.02 0 -6.01876e-18 -0.00152364 -0.000348254 -0.0129541 -9.10963e-17
12.04 0 1.94601e-17 -0.00177526 -0.000337788 -0.0150955 -2.1157e-17
12.06 0 5.29129e-18 -0.00198047 -0.000319838 -0.0168418 9.30114e-18
12.08 0 1.33297e-17 -0.00214155 -0.000292682 -0.0182127 -5.22772e-18
12.1 0 -1.23125e-17 -0.0022622 -0.000255793 -0.0192395 -3.94961e-17
12.12 0 4.37823e-19 -0.00234614 -0.000209716 -0.0199538 -4.66012e-18
12.14 0 -1.17073e-18 -0.00239568 -0.000155662 -0.0203754 -9.78748e-18
12.16 0 7.12332e-18 -0.00240995 -9.52615e-05 -0.0204969 -7.88514e-18
12.18 0 6.95277e-18 -0.00238096 -3.04361e-05 -0.0202502 1.18235e-17
12.2 0 -1.17022e-17 -0.00229061 3.66718e-05 -0.0194813 -1.47893e-17
12.22 0 5.09209e-18 -0.00211754 0.000103624 -0.0180084 2.35281e-18
12.24 0 1.18963e-17 -0.00185094 0.000167434 -0.0157396 -2.73273e-17
12.26 0 3.54368e-18 -0.00149805 0.000224611 -0.0127363 1.85756e-17
12.28 0 5.25417e-17 -0.00108006 0.000271785 -0.00917907 4.3933e-17
12.3 0 -1.03763e-17 -0.000624275 0.000306585 -0.0053002 1.28699e-17
12.32 0 5.14013e-18 -0.00015987 0.00032837 -0.00134796 1.75637e-17
12.34 0 -9.70782e-18 0.00028562 0.00033824 0.00244332 -5.46251e-17
12.36 0 1.43496e-18 0.000690638 0.000338053 0.00589016 -2.41083e-17
12.38 0 7.32498e-19 0.0010415 0.000329175 0.00887616 7.23121e-18
12.4 0 1.28229e-17 0.00133076 0.000312099 0.0113379 -1.38513e-17
12.42 0 8.97053e-18 0.00155596 0.000286916 0.0132543 2.01638e-17
12.44 0 -3.1864e-18 0.00172062 0.000253766 0.0146556 -3.5737e-18
12.46 0 -1.01469e-17 0.0018343 0.000212925 0.0156231 -1.78965e-17
12.48 0 1.45968e-18 0.001909 0.00016497 0.0162589 2.53976e-18
12.5 0 -1.50038e-18 0.00195457 0.000111202 0.0166466 8.44207e-19
12.52 0 -7.45098e-18 0.00197648 5.40442e-05 0.0168331 7.20818e-18
12.54 0 -8.07529e-19 0.00197372 -3.01845e-06 0.0168096 6.34972e-18
12.56 0 1.2164e-17 0.00193452 -5.60657e-05 0.0164761 7.46204e-18
12.58 0 -1.35942e-17 0.00183507 -0.000101665 0.0156297 -1.87261e-17
12.6 0 2.85385e-18 0.00164963 -0.000137622 0.0140515 3.48219e-18
12.62 0 -6.72885e-18 0.00136735 -0.000163204 0.0116493 -1.15357e-18
12.64 0 7.29081e-18 0.000998408 -0.000178965 0.0085094 3.23513e-18
12.66 0 -8.56114e-19 0.000567684 -0.00018661 0.00484379 -3.38539e-18
12.68 0 1.77405e-17 0.000108052 -0.000188981 0.000932166 2.07063e-17
12.7 0 -5.47764e-18 -0.000344113 -0.000189732 -0.00291592 2.0892e-18
12.72 0 -1.76291e-17 -0.000757068 -0.000192314 -0.00643031 -3.43477e-17
12.74 0 2.19681e-18 -0.00111271 -0.000198812 -0.00945696 -6.47946e-18
12.76 0 -1.13019e-17 -0.00140757 -0.00020951 -0.0119663 -3.10247e-17
12.78 0 -2.22611e-17 -0.00164582 -0.000223132 -0.0139939 -9.58658e-18
12.8 0 -9.1e-18 -0.00183256 -0.000236889 -0.0155831 2.6916e-17
12.82 0 1.71143e-18 -0.00197124 -0.000246312 -0.0167634 8.13894e-18
12.84 0 1.32791e-17 -0.00206296 -0.000245897 -0.0175439 2.15694e-17
12.86 0 7.64083e-18 -0.00210629 -0.000230931 -0.0179127 1.63074e-17
12.88 0 -1.35154e-18 -0.00209841 -0.000199437 -0.0178456 -5.58884e-18
12.9 0 4.97962e-18 -0.00203394 -0.000153039 -0.0172969 6.43388e-18
12.92 0 -2.57878e-18 -0.00190235 -9.64482e-05 -0.0161771 1.12069e-17
12.94 0 -6.69332e-18 -0.00169213 -3.62353e-05 -0.014388 -5.89596e-18
12.96 0 -7.01317e-18 -0.00140033 2.03312e-05 -0.0119047 -6.01136e-18
12.98 0 4.67085e-18 -0.00103824 6.67294e-05 -0.00882318 -2.60293e-18
13 0 1.13363e-18 -0.000628595 9.9121e-05 -0.00533697 4.9479e-19
13.02 0 1.67951e-17 -0.000199837 0.0001178 -0.00168809 2.14781e-17
13.04 0 -1.51307e-18 0.000218288 0.000126996 0.0018703 3.2367e-17
13.06 0 1.08866e-17 0.000600848 0.000132829 0.00512603 5.02519e-17
13.08 0 -5.64689e-19 0.000933959 0.000140454 0.00796091 -4.6558e-18
13.1 0 1.33302e-17 0.0012151 0.000152151 0.0103535 -5.7662e-18
13.12 0 -3.69481e-18 0.00144744 0.000167242 0.0123308 -2.66841e-18
13.14 0 3.51855e-18 0.00163485 0.000182947 0.0139257 -1.19642e-17
13.16 0 -1.66723e-18 0.00178067 0.000195132 0.0151667 -9.12803e-19
13.18 0 3.94249e-18 0.00188793 0.000199239 0.0160796 4.5136e-18
13.2 0 -2.54432e-18 0.00195885 0.000191925 0.0166831 -4.94515e-19
13.22 0 -1.18751e-18 0.0019948 0.000172611 0.0169891 7.43432e-19
13.24 0 -3.70021e-18 0.001996 0.000143784 0.0169992 -7.10969e-18
13.26 0 -2.06178e-18 0.00195696 0.00010991 0.016667 1.38497e-18
13.28 0 2.36508e-18 0.00186129 7.55634e-05 0.0158529 2.86825e-18
13.3 0 1.89505e-18 0.00168603 4.34431e-05 0.0143613 1.16932e-17
13.32 0 -2.4983e-18 0.00141517 1.30564e-05 0.0120562 -1.42724e-17
13.34 0 -1.47469e-18 0.00105011 -1.90937e-05 0.00894938 8.78567e-18
13.36 0 -7.31516e-18 0.000608832 -5.75183e-05 0.00519397 -5.47551e-18
13.38 0 -6.25846e-18 0.000120527 -0.000104988 0.00103833 -1.75134e-17
13.4 0 2.87666e-18 -0.00037843 -0.000160838 -0.00320797 3.95204e-18
13.42 0 8.04623e-18 -0.000850345 -0.000221144 -0.00722413 3.50611e-18
13.44 0 1.69007e-17 -0.00126456 -0.000280132 -0.0107493 4.09718e-17
13.46 0 -5.15955e-18 -0.00160221 -0.000331924 -0.0136228 2.90335e-17
13.48 0 1.96608e-18 -0.00185515 -0.000372047 -0.0157754 5.15084e-17
13.5 0 3.30841e-17 -0.00202418 -0.000397923 -0.0172139 2.56355e-19
13.52 0 1.67503e-17 -0.00211895 -0.000408117 -0.0180204 3.09142e-17
13.54 0 -1.07076e-17 -0.00215584 -0.000401516 -0.0183343 -3.80138e-17
13.56 0 6.45952e-18 -0.00215291 -0.000377631 -0.0183094 1.49143e-19
13.58 0 1.69142e-17 -0.00212246 -0.000337699 -0.0180503 -6.35988e-18
13.6 0 2.91417e-18 -0.00206727 -0.000284678 -0.0175806 -4.72961e-18
13.62 0 -1.34446e-19 -0.00197941 -0.000221715 -0.0168329 5.94505e-18
13.64 0 3.37258e-18 -0.00183891 -0.000150831 -0.0156372 3.12951e-18
13.66 0 1.68568e-18 -0.00162303 -7.31655e-05 -0.0138 1.09242e-17
13.68 0 -6.24461e-18 -0.00132088 9.30635e-06 -0.0112286 -1.24002e-17
13.7 0 -1.89693e-17 -0.000939704 9.2693e-05 -0.00798461 -2.30861e-17
13.72 0 1.61241e-17 -0.000502939 0.000172088 -0.0042676 -1.22503e-17
13.74 0 -8.31187e-18 -4.66004e-05 0.000243482 -0.000383994 1.09092e-17
13.76 0 -3.7126e-18 0.000386791 0.000305296 0.00330432 4.08461e-17
13.78 0 -2.50557e-18 0.000761165 0.000358548 0.00649037 1.57453e-17
13.8 0 -8.51187e-18 0.00105965 0.000405466 0.0090306 -6.02374e-18
13.82 0 2.63334e-17 0.00128666 0.000447607 0.0109625 1.77495e-17
13.84 0 -2.28668e-17 0.00145984 0.000484949 0.0124363 -6.43116e-17
13.86 0 -1.21584e-17 0.00160044 0.000516055 0.0136329 -2.17352e-17
13.88 0 -1.11325e-17 0.00172652 0.000538279 0.0147059 1.36443e-17
13.9 0 -3.18328e-17 0.00184827 0.000547763 0.015742 -5.04169e-17
13.92 0 -6.83048e-18 0.00196596 0.000540033 0.0167436 1.30652e-17
13.94 0 7.24989e-18 0.00207188 0.00051151 0.0176451 1.7916e-17
13.96 0 -8.5854e-18 0.00215335 0.000460744 0.0183383 -3.33428e-17
13.98 0 -2.43615e-17 0.00219023 0.000388272 0.0186522 -3.6768e-17
14 0 -6.32142e-20 0.00215415 0.000295801 0.0183452 -1.56366e-17
14.02 0 1.4061e-18 0.00201701 0.000186529 0.017178 2.2924e-18
14.04 0 1.31655e-19 0.00176712 6.62968e-05 0.0150514 -1.83135e-18
14.06 0 9.12604e-19 0.00142123 -5.5884e-05 0.0121078 -1.42913e-17
14.08 0 9.95137e-18 0.00101641 -0.000168711 0.0086626 -5.03654e-18
14.1 0 2.43073e-17 0.000594781 -0.000261987 0.0050744 1.27333e-17
14.12 0 -7.50993e-18 0.00019268 -0.000331278 0.00165238 -1.20915e-17
14.14 0 -1.78363e-17 -0.000168096 -0.000380064 -0.00141795 -2.93001e-17
14.16 0 2.84996e-17 -0.000484137 -0.000417089 -0.00410757 2.62713e-17
14.18 0 -1.63867e-17 -0.000765015 -0.000451016 -0.00649794 -5.22219e-17
14.2 0 -3.59874e-17 -0.00102039 -0.000486601 -0.00867129 -5.70659e-17
14.22 0 1.9731e-18 -0.0012505 -0.000523846 -0.0106296 -4.44835e-17
14.24 0 1.98139e-18 -0.00144609 -0.000558341 -0.0122941 2.79723e-17
14.26 0 -2.59781e-19 -0.00159435 -0.000581355 -0.0135558 3.92649e-17
14.28 0 2.45401e-17 -0.00168543 -0.000580851 -0.014331 4.04587e-18
14.3 0 1.38654e-17 -0.00171767 -0.000545376 -0.0146054 -1.80484e-17
14.32 0 2.845e-17 -0.001701 -0.00046973 -0.0144635 6.69341e-17
14.34 0 -6.19711e-18 -0.0016503 -0.000358712 -0.014032 1.4903e-17
14.36 0 5.71856e-18 -0.00157458 -0.000226066 -0.0133876 4.27805e-17
14.38 0 -1.18894e-17 -0.00146998 -8.97718e-05 -0.0124975 2.13799e-17
14.4 0 1.96493e-18 -0.00132118 3.38412e-05 -0.0112311 6.77479e-18
14.42 0 -7.2885e-18 -0.0011139 0.000135646 -0.00946709 2.01559e-17
14.44 0 -1.5643e-17 -0.000844254 0.00021639 -0.00717229 -2.15872e-17
14.46 0 -7.04699e-18 -0.000519821 0.000284455 -0.00441125 -1.68504e-17
14.48 0 3.20681e-17 -0.000157985 0.000349717 -0.0013319 5.51641e-17
14.5 0 -2.11947e-17 0.000214777 0.000417502 0.00184044 -3.16869e-17
14.52 0 1.67595e-17 0.000566466 0.000486173 0.00483343 -7.78795e-18
14.54 0 -2.29206e-17 0.000867659 0.000548726 0.00739669 -4.99512e-17
14.56 0 4.87625e-18 0.00109922 0.000596243 0.00936737 -3.00168e-17
14.58 0 2.47755e-18 0.0012553 0.000620524 0.0106956 -1.81011e-17
14.6 0 4.51122e-19 0.00134274 0.00061513 0.0114398 -3.3328e-17
14.62 0 -1.37751e-17 0.00137905 0.000576645 0.0117488 3.62226e-18
14.64 0 -9.47489e-18 0.0013881 0.000507004 0.0118258 -7.68045e-18
14.66 0 -1.31239e-18 0.00139056 0.000414327 0.0118467 -4.62637e-18
14.68 0 2.7872e-17 0.00139391 0.000309656 0.0118753 2.0262e-17
14.7 0 -3.10186e-18 0.0013863 0.000201817 0.0118105 -1.00019e-17
14.72 0 3.76632e-19 0.0013363 9.49213e-05 0.011385 -3.29394e-18
14.74 0 -3.06579e-18 0.00120779 -1.051e-05 0.0102913 -1.2348e-17
14.76 0 -2.95329e-18 0.000983731 -0.000115208 0.0083845 -9.01002e-18
14.78 0 2.10129e-17 0.00067786 -0.000219389 0.00578143 3.21778e-17
14.8 0 -2.98333e-17 0.000325797 -0.000321168 0.00278526 -3.25183e-17
14.82 0 3.31513e-17 -3.14182e-05 -0.000415178 -0.000254773 4.54035e-17
14.84 0 2.34004e-17 -0.000358203 -0.000493215 -0.00303583 7.06964e-17
14.86 0 -1.12997e-17 -0.000630759 -0.000547444 -0.00535538 -5.60209e-17
14.88 0 9.67905e-18 -0.00084168 -0.000573877 -0.00715038 2.84876e-17
14.9 0 -1.32828e-17 -0.000999008 -0.000573734 -0.0084893 1.79255e-17
14.92 0 -5.88494e-18 -0.00111864 -0.000552392 -0.00950738 6.01747e-18
14.94 0 -2.70134e-17 -0.0012166 -0.00051664 -0.0103411 -3.18421e-18
14.96 0 1.05722e-17 -0.00130548 -0.000471066 -0.0110975 6.73564e-17
14.98 0 6.70172e-18 -0.00139163 -0.000415642 -0.0118306 1.80921e-17
15 0 -2.02521e-17 -0.00147117 -0.000346665 -0.0125076 2.38178e-17
15.02 0 -6.17657e-18 -0.00152757 -0.000260451 -0.0129876 -7.61802e-18
15.04 0 3.7429e-18 -0.00153495 -0.000156873 -0.0130503 -2.77979e-18
15.06 0 5.29216e-18 -0.00146643 -4.07354e-05 -0.0124673 3.02315e-18
15.08 0 -1.40881e-18 -0.00130517 7.94265e-05 -0.0110949 -4.45708e-18
15.1 0 4.02352e-18 -0.00105472 0.00019432 -0.00896343 2.65071e-17
15.12 0 2.18732e-17 -0.000740019 0.000296685 -0.00628521 2.64784e-17
15.14 0 -2.12083e-17 -0.000398401 0.000382497 -0.00337792 -5.98478e-17
15.16 0 5.12877e-17 -6.64183e-05 0.000450513 -0.000552637 2.16835e-17
15.18 0 -7.72727e-18 0.000231547 0.000500994 0.00198316 -4.98478e-17
15.2 0 -3.23449e-17 0.000487424 0.000534546 0.00416076 -1.34515e-17
15.22 0 -3.12208e-17 0.000706313 0.000551646 0.00602357 -4.4005e-17
15.24 0 2.26358e-17 0.000899507 0.000552819 0.00766772 4.78947e-17
15.26 0 -4.09194e-20 0.00107778 0.000538312 0.00918492 7.81365e-17
15.28 0 6.435e-18 0.00124647 0.000506893 0.0106205 6.2164e-17
15.3 0 3.48456e-18 0.00140306 0.000455978 0.0119531 5.67041e-18
15.32 0 1.88257e-18 0.00153829 0.000384127 0.013104 -1.52268e-18
15.34 0 7.54901e-18 0.00164014 0.000292875 0.0139708 1.51022e-17
15.36 0 4.95353e-18 0.0016971 0.000185973 0.0144555 3.05987e-18
15.38 0 3.59934e-18 0.00169887 6.83361e-05 0.0144705 -1.37984e-18
15.4 0 7.94722e-18 0.00163501 -5.36138e-05 0.0139271 -1.69586e-18
15.42 0 -4.87822e-18 0.00149926 -0.000172506 0.0127718 1.90679e-17
15.44 0 -1.58371e-17 0.00129659 -0.000282434 0.011047 -5.3738e-18
15.46 0 2.11305e-17 0.0010436 -0.00038016 0.00889405 -1.43083e-17
15.48 0 -3.80914e-18 0.000762586 -0.000463229 0.00650248 1.1115e-17
15.5 0 6.4795e-17 0.000473908 -0.000527764 0.00404573 8.96951e-17
15.52 0 -6.74571e-18 0.00019127 -0.000569307 0.00164038 3.99038e-17
15.54 0 2.9849e-17 -8.09689e-05 -0.000585566 -0.000676467 -2.30055e-18
15.56 0 -1.73597e-18 -0.00034657 -0.000577888 -0.00293682 -6.49011e-17
15.58 0 3.5494e-17 -0.00061075 -0.000550536 -0.00518509 3.75667e-17
15.6 0 4.39769e-18 -0.000871897 -0.000508626 -0.00740754 -1.33033e-17
15.62 0 7.38688e-18 -0.00111866 -0.000455663 -0.00950757 -2.70664e-17
15.64 0 -2.31474e-18 -0.00133421 -0.00039222 -0.011342 -5.40874e-17
15.66 0 1.92595e-18 -0.00150316 -0.000316828 -0.0127798 -1.30143e-17
15.68 0 -1.19699e-17 -0.00161646 -0.000228277 -0.013744 1.77819e-18
15.7 0 5.56464e-18 -0.00167369 -0.000127634 -0.0142311 6.41785e-18
15.72 0 -1.11364e-18 -0.00168289 -1.89215e-05 -0.0143094 5.74342e-18
15.74 0 1.65208e-18 -0.00165482 9.14528e-05 -0.0140705 -2.69105e-17
15.76 0 3.57973e-18 -0.00159672 0.000196166 -0.013576 -3.23932e-17
15.78 0 3.59309e-17 -0.0015078 0.000288304 -0.0128193 5.41941e-17
15.8 0 -8.91406e-18 -0.00138004 0.000362127 -0.0117321 -4.69124e-17
15.82 0 4.09223e-17 -0.00120534 0.000413492 -0.0102453 2.4047e-18
15.84 0 -3.26146e-18 -0.000980753 0.00044005 -0.00833394 3.33072e-17
15.86 0 8.83871e-18 -0.000710447 0.000441738 -0.00603354 -1.36766e-17
15.88 0 1.7506e-17 -0.000405618 0.00042157 -0.00343934 2.72319e-17
15.9 0 -1.90708e-17 -8.40006e-05 0.000385565 -0.000702268 -1.85687e-17
15.92 0 2.4402e-17 0.000232514 0.000340567 0.00199138 6.13559e-17
15.94 0 4.48863e-18 0.000522551 0.000291172 0.0044597 5.65884e-18
15.96 0 4.66051e-18 0.000770572 0.000238658 0.00657044 4.52636e-17
15.98 0 -1.145e-17 0.000969964 0.000182532 0.00826734 2.27685e-17
16 0 9.32707e-19 0.00112256 0.000122619 0.00956595 5.67462e-18
16.02 0 8.9557e-19 0.00123597 5.99832e-05 0.0105312 3.48262e-19
16.04 0 -4.56585e-18 0.00132039 -3.32747e-06 0.0112496 -6.54069e-18
16.06 0 1.28165e-17 0.00138455 -6.54145e-05 0.0117956 2.53043e-17
16.08 0 -5.09857e-18 0.00143143 -0.000125559 0.0121945 2.14551e-17
16.1 0 -1.61954e-17 0.00145484 -0.000183695 0.0123938 -2.96725e-17
16.12 0 3.34473e-18 0.00143908 -0.000238539 0.0122597 -2.50083e-17
16.14 0 2.0774e-17 0.00136296 -0.000286418 0.0116119 3.28873e-17
16.16 0 -2.06901e-17 0.00121057 -0.000322174 0.0103149 5.17353e-19
16.18 0 -4.2694e-18 0.000981855 -0.000341105 0.00836853 5.05648e-17
16.2 0 1.55802e-18 0.000693563 -0.000340421 0.00591507 5.95421e-17
16.22 0 -2.90506e-17 0.000371653 -0.000319896 0.0031755 -4.43543e-17
16.24 0 2.74387e-17 4.27173e-05 -0.000281882 0.000376146 3.2356e-17
16.26 0 -3.5421e-18 -0.000271334 -0.00023078 -0.00229654 2.7885e-17
16.28 0 -8.54502e-18 -0.000556417 -0.000172112 -0.0047227 4.65874e-18
16.3 0 7.91954e-18 -0.000806582 -0.00011143 -0.00685169 -4.4472e-18
16.32 0 -1.69445e-18 -0.0010204 -5.32775e-05 -0.00867139 1.70069e-18
16.34 0 -1.89789e-19 -0.00119688 -3.02902e-07 -0.0101733 -1.66115e-18
16.36 0 -5.09378e-19 -0.00133514 4.72643e-05 -0.0113499 -1.22201e-17
16.38 0 2.32973e-18 -0.00143618 9.13996e-05 -0.0122098 -1.32769e-17
16.4 0 1.40467e-17 -0.00150224 0.00013505 -0.012772 2.68213e-17
16.42 0 1.38619e-17 -0.00153394 0.000180093 -0.0130417 6.54971e-17
16.44 0 -2.86352e-18 -0.00152876 0.000225458 -0.0129977 -1.10021e-17
16.46 0 -3.37119e-17 -0.00148141 0.000266691 -0.0125947 -1.14674e-17
16.48 0 2.82415e-17 -0.00138539 0.000297439 -0.0117775 5.60076e-17
16.5 0 -1.78614e-17 -0.00123702 0.0003119 -0.0105149 -1.45591e-17
16.52 0 8.88879e-18 -0.00103912 0.000306821 -0.00883071 1.89945e-17
16.54 0 -2.26361e-18 -0.000800849 0.000282559 -0.0068029 -2.17653e-17
16.56 0 1.06382e-17 -0.000534339 0.000243004 -0.00453481 -1.49316e-17
16.58 0 -2.10382e-17 -0.000252307 0.000194202 -0.00213461 -2.55686e-17
16.6 0 4.03994e-19 3.2742e-05 0.000142252 0.000291252 5.27359e-18
16.62 0 -4.35928e-18 0.000310135 9.16443e-05 0.00265196 1.03815e-17
16.64 0 -1.77692e-18 0.000572627 4.4593e-05 0.00488586 -7.46184e-19
16.66 0 1.16544e-18 0.000815091 1.20859e-06 0.00694932 3.73452e-18
16.68 0 7.54267e-18 0.0010316 -3.95802e-05 0.00879186 1.30602e-17
16.7 0 3.44404e-18 0.00121492 -7.87511e-05 0.010352 3.45039e-17
16.72 0 5.14899e-19 0.00135873 -0.000116379 0.0115758 2.6808e-18
16.74 0 -2.12927e-18 0.00145916 -0.00015168 0.0124306 1.31481e-17
16.76 0 -6.88181e-18 0.00151425 -0.000183434 0.0128994 3.13036e-17
16.78 0 -4.16143e-18 0.00152244 -0.000210184 0.0129691 7.40454e-18
16.8 0 8.65969e-20 0.00148153 -0.000230251 0.0126209 3.23725e-17
16.82 0 -4.10511e-18 0.0013883 -0.000241949 0.0118275 -1.46089e-17
16.84 0 -8.27081e-18 0.00124129 -0.000244144 0.0105764 -5.72971e-17
16.86 0 -4.33347e-18 0.00104432 -0.000236684 0.0089001 -2.8811e-17
16.88 0 3.83177e-17 0.000805911 -0.000220271 0.00687119 4.83526e-17
16.9 0 -2.14041e-17 0.0005361 -0.000195954 0.004575 -1.61307e-17
16.92 0 -2.77008e-18 0.00024535 -0.00016472 0.00210062 -1.43026e-17
16.94 0 6.21092e-18 -5.34456e-05 -0.000127593 -0.000442234 2.10257e-18
16.96 0 1.65225e-18 -0.000345012 -8.60174e-05 -0.00292356 -5.47814e-18
16.98 0 2.73218e-18 -0.000615106 -4.19254e-05 -0.00522216 -3.0075e-18
17 0 1.08312e-18 -0.00085363 2.674e-06 -0.00725208 -1.81447e-18
17.02 0 8.44351e-18 -0.00105489 4.61758e-05 -0.00896483 3.23659e-18
17.04 0 4.80934e-18 -0.00121639 8.74943e-05 -0.0103393 -1.66613e-17
17.06 0 -1.23001e-17 -0.00133805 0.000125805 -0.0113747 -2.70792e-17
17.08 0 -9.34289e-18 -0.00142168 0.000160217 -0.0120864 -3.53073e-17
17.1 0 -1.26893e-17 -0.0014703 0.000189651 -0.0125002 -4.00812e-17
17.12 0 1.5079e-17 -0.00148735 0.000212934 -0.0126452 -3.76694e-17
17.14 0 -2.69234e-17 -0.00147582 0.000228854 -0.0125472 -1.21327e-17
17.16 0 1.75419e-17 -0.0014364 0.000236065 -0.0122117 4.54845e-17
17.18 0 1.67813e-17 -0.00136545 0.000233174 -0.0116079 3.33655e-17
17.2 0 3.4749e-19 -0.00125576 0.000219289 -0.0106743 1.38759e-17
17.22 0 -1.30356e-17 -0.00110065 0.000194709 -0.0093543 -5.56841e-18
17.24 0 3.11322e-19 -0.000898988 0.000161086 -0.00763809 -3.29657e-17
17.26 0 9.90372e-18 -0.000657161 0.00012091 -0.00558006 1.09123e-17
17.28 0 -1.81895e-18 -0.000387815 7.67074e-05 -0.00328783 4.60601e-18
17.3 0 3.27217e-18 -0.000106909 3.04543e-05 -0.000897225 -4.56779e-19
17.32 0 -3.68912e-19 0.000169556 -1.65329e-05 0.00145559 -4.70645e-18
17.34 0 -2.32196e-18 0.000428087 -6.3088e-05 0.00365577 -7.61533e-18
17.36 0 -2.79491e-18 0.00065879 -0.000107419 0.00561914 -2.96062e-17
17.38 0 2.59539e-19 0.000855329 -0.000146922 0.00729176 7.41487e-18
17.4 0 1.64914e-17 0.00101465 -0.000179051 0.00864764 4.67165e-18
17.42 0 1.39755e-17 0.00113646 -0.000202566 0.00968432 8.02481e-17
17.44 0 -2.74884e-17 0.00122174 -0.000217952 0.01041 -1.26093e-17
17.46 0 3.15088e-17 0.00127064 -0.000226652 0.0108262 1.55008e-17
17.48 0 3.25936e-17 0.00128167 -0.000229902 0.01092 2.84266e-18
17.5 0 -2.44454e-17 0.00125255 -0.000228067 0.0106722 -1.01445e-17
17.52 0 -5.05428e-18 0.00118124 -0.000220732 0.0100654 1.73232e-17
17.54 0 -4.06031e-18 0.00106585 -0.00020711 0.00908332 3.31304e-17
17.56 0 -1.45782e-17 0.00090573 -0.00018629 0.00772069 -4.13648e-18
17.58 0 -1.20836e-18 0.00070402 -0.000157208 0.00600406 1.46465e-17
17.6 0 -3.36305e-18 0.000468651 -0.000118771 0.00400099 -1.52092e-18
17.62 0 -2.71442e-18 0.000211219 -7.04966e-05 0.00181015 -1.62847e-17
17.64 0 3.39697e-18 -5.46797e-05 -1.34447e-05 -0.000452737 -1.0513e-18
17.66 0 3.25712e-19 -0.000314596 4.92473e-05 -0.00266472 -5.88759e-18
17.68 0 6.35539e-18 -0.000555289 0.00011275 -0.0047131 -1.15367e-17
17.7 0 4.66552e-18 -0.000767496 0.000171815 -0.00651905 -9.95723e-18
17.72 0 -3.76118e-18 -0.000947176 0.000222249 -0.00804819 -8.94609e-18
17.74 0 2.61103e-18 -0.00109417 0.000261791 -0.00929919 3.76937e-17
17.76 0 -2.01066e-18 -0.00120962 0.000290113 -0.0102817 -1.14891e-17
17.78 0 -2.34556e-17 -0.00129366 0.000308139 -0.0109969 -6.56644e-17
17.8 0 2.63229e-17 -0.00134435 0.000317004 -0.0114283 -1.46474e-17
17.82 0 -1.33712e-17 -0.00135811 0.000317055 -0.0115453 -6.73987e-17
17.84 0 -6.00055e-18 -0.00133119 0.00030739 -0.0113163 1.03264e-17
17.86 0 -1.11436e-17 -0.00126012 0.000286266 -0.0107115 2.19939e-17
17.88 0 -1.89758e-17 -0.00114135 0.000252093 -0.00970067 2.37475e-18
17.9 0 5.73728e-18 -0.000973197 0.000204366 -0.00826964 -1.23755e-17
17.92 0 -8.7552e-18 -0.000759543 0.000144091 -0.00645137 -1.23846e-17
17.94 0 5.51193e-18 -0.000511166 7.36818e-05 -0.00433759 5.79737e-19
17.96 0 -2.23044e-18 -0.000243535 -3.50863e-06 -0.00205996 2.82772e-18
17.98 0 -1.39055e-19 2.65756e-05 -8.37382e-05 0.000238774 7.09651e-18
18 0 6.22079e-19 0.000283687 -0.000163108 0.00242688 6.74169e-18
18.02 0 1.60761e-17 0.00051595 -0.000237493 0.00440352 1.11325e-17
18.04 0 3.7692e-17 0.000716871 -0.000302699 0.00611343 5.35421e-17
18.06 0 -2.13069e-17 0.000885109 -0.000355173 0.00754519 -8.9318e-19
18.08 0 -4.55412e-17 0.0010224 -0.000392788 0.00871355 1.31189e-17
18.1 0 9.79541e-18 0.00113119 -0.000415074 0.00963944 -8.00979e-18
18.12 0 -1.81444e-17 0.00121287 -0.000422762 0.0103345 -2.01377e-18
18.14 0 -1.50386e-17 0.0012664 -0.00041712 0.0107901 -2.99087e-17
18.16 0 -1.11668e-17 0.00128812 -0.000399435 0.010975 -1.84766e-17
18.18 0 2.69277e-17 0.00127278 -0.000370675 0.0108444 4.70648e-18
18.2 0 1.04855e-19 0.00121502 -0.000331459 0.0103528 -5.59374e-17
18.22 0 4.65524e-18 0.00111026 -0.000282364 0.00946129 -7.53314e-17
18.24 0 -2.63505e-18 0.000956475 -0.000224246 0.00815254 -3.78242e-17
18.26 0 1.29799e-17 0.000756499 -0.000158085 0.00645068 1.51399e-17
18.28 0 3.32974e-19 0.000518468 -8.46635e-05 0.00442495 -5.78566e-18
18.3 0 1.50191e-18 0.000254369 -5.00829e-06 0.00217738 2.91919e-18
18.32 0 4.00342e-18 -2.20792e-05 7.85555e-05 -0.000175295 -1.9313e-18
18.34 0 5.34018e-18 -0.000297353 0.000161808 -0.00251797 1.13251e-17
18.36 0 -1.29405e-17 -0.000559993 0.000239305 -0.00475313 2.79741e-18
18.38 0 -4.60172e-18 -0.000801642 0.000305861 -0.00680965 1.78842e-17
18.4 0 -1.47398e-17 -0.00101653 0.000357813 -0.00863839 -2.94738e-17
18.42 0 -3.9479e-18 -0.00120018 0.000393471 -0.0102013 3.30985e-17
18.44 0 1.44303e-17 -0.00134876 0.000412934 -0.0114658 -2.27076e-17
18.46 0 2.95168e-17 -0.00145903 0.000417554 -0.0124042 5.46507e-17
18.48 0 -1.7793e-17 -0.00152827 0.000409273 -0.0129935 -5.78204e-17
18.5 0 2.37725e-17 -0.00155421 0.000389924 -0.0132142 -1.14787e-17
18.52 0 2.78503e-17 -0.00153533 0.000360604 -0.0130536 3.87798e-17
18.54 0 -6.9241e-18 -0.00147107 0.00032134 -0.0125067 -5.48518e-18
18.56 0 -3.52683e-18 -0.00136093 0.000271613 -0.0115694 -7.0875e-17
18.58 0 -9.96787e-18 -0.00120511 0.000211648 -0.0102433 -1.07121e-16
18.6 0 1.76224e-17 -0.00100666 0.000143102 -0.00855446 -3.04829e-18
18.62 0 1.65735e-18 -0.000772701 6.85413e-05 -0.00656334 -8.31219e-18
18.64 0 -1.32199e-18 -0.000513294 -9.24117e-06 -0.00435571 1.15969e-17
18.66 0 -2.85647e-18 -0.000239839 -8.72947e-05 -0.00202851 2.68645e-18
18.68 0 -1.27544e-19 3.56338e-05 -0.000162237 0.000315862 -1.3124e-17
18.7 0 3.50605e-18 0.00030129 -0.000230294 0.00257669 2.66687e-18
18.72 0 1.22235e-17 0.000546991 -0.00028776 0.00466769 1.09536e-17
18.74 0 -3.12499e-18 0.000765241 -0.000331565 0.00652507 1.40935e-17
18.76 0 1.24046e-17 0.000950794 -0.00035967 0.00810419 6.02438e-17
18.78 0 -2.74459e-17 0.0010999 -0.000371272 0.0093731 -1.00875e-17
18.8 0 8.05278e-18 0.00121007 -0.000366828 0.0103107 -6.55113e-17
18.82 0 -4.66261e-18 0.00128022 -0.000347864 0.0109077 5.84182e-18
18.84 0 -2.36951e-18 0.00131057 -0.000316568 0.0111661 -1.41579e-17
18.86 0 1.58406e-17 0.00130228 -0.000275296 0.0110955 3.43532e-18
18.88 0 4.83144e-18 0.00125673 -0.000226292 0.0107078 2.48449e-17
18.9 0 5.62298e-18 0.00117409 -0.000171792 0.0100045 -1.62807e-17
18.92 0 1.42472e-17 0.00105254 -0.000114214 0.00897011 3.75524e-18
18.94 0 4.10138e-18 0.000890043 -5.5867e-05 0.00758719 8.56678e-18
18.96 0 4.07373e-19 0.000687432 1.65209e-06 0.0058629 1.92471e-17
18.98 0 -6.63755e-19 0.000450279 5.75797e-05 0.00384463 6.09725e-19
19 0 -6.82582e-19 0.000188698 0.000111413 0.0016185 -1.55061e-17
19.02 0 1.6771e-18 -8.37106e-05 0.000162123 -0.0006998 -1.1944e-17
19.04 0 -1.65175e-18 -0.000351372 0.000207723 -0.00297769 -2.7378e-17
19.06 0 1.01521e-17 -0.00059939 0.000245453 -0.00508841 1.86425e-17
19.08 0 1.96611e-18 -0.000816638 0.000272578 -0.00693727 -6.46713e-18
19.1 0 1.51271e-17 -0.000997377 0.000287362 -0.00847542 -1.80124e-17
19.12 0 -1.27661e-17 -0.00114058 0.000289603 -0.0096941 -5.23847e-17
19.14 0 -9.42303e-18 -0.00124793 0.000280405 -0.0106077 -1.41648e-17
19.16 0 3.69243e-18 -0.00132179 0.000261508 -0.0112363 8.60935e-18
19.18 0 -1.10621e-17 -0.00136356 0.000234737 -0.0115918 1.72831e-17
19.2 0 2.26017e-17 -0.00137281 0.000201791 -0.0116705 -6.20334e-18
19.22 0 1.17141e-17 -0.00134711 0.000164214 -0.0114518 -7.55308e-19
19.24 0 -4.12595e-19 -0.00128252 0.000123383 -0.0109021 -6.35478e-19
19.26 0 -1.05889e-17 -0.00117489 8.04319e-05 -0.00998609 -1.06412e-19
19.28 0 3.90842e-18 -0.00102293 3.6105e-05 -0.00869284 3.0898e-18
19.3 0 1.04513e-18 -0.000831256 -9.24546e-06 -0.00706167 1.10809e-18
19.32 0 3.17033e-19 -0.000610597 -5.53011e-05 -0.00518378 -2.73205e-18
19.34 0 -1.84222e-18 -0.000375197 -0.000101223 -0.00318045 1.22941e-17
19.36 0 2.43787e-18 -0.000139566 -0.000145346 -0.00117515 4.05215e-18
19.38 0 8.53534e-18 8.41094e-05 -0.000185291 0.000728407 1.62581e-17
19.4 0 -4.01439e-18 0.00028797 -0.00021835 0.00246333 -2.5145e-18
19.42 0 1.05837e-17 0.00046927 -0.000241985 0.00400626 3.4184e-17
19.44 0 -8.22783e-18 0.000628925 -0.000254358 0.00536498 1.23568e-17
19.46 0 3.89527e-18 0.000768309 -0.000254773 0.00655118 -1.28637e-17
19.48 0 -2.42652e-17 0.000886471 -0.0002438 0.00755678 -7.94016e-17
19.5 0 -5.83346e-18 0.000979504 -0.000222978 0.00834853 -6.87113e-17
19.52 0 1.84176e-17 0.00104184 -0.000194339 0.00887905 -1.37045e-17
19.54 0 7.00143e-18 0.00106806 -0.000160066 0.00910219 -1.5081e-17
19.56 0 -6.41736e-18 0.00105435 -0.000122308 0.00898552 -1.3919e-17
19.58 0 5.99226e-18 0.000999756 -8.28952e-05 0.00852088 2.92143e-18
19.6 0 -3.28656e-18 0.000906469 -4.30095e-05 0.00772697 -6.13626e-18
19.62 0 -4.6722e-18 0.000778834 -3.15651e-06 0.00664075 -1.50274e-18
19.64 0 6.37945e-20 0.000622392 3.64235e-05 0.00530938 5.47849e-18
19.66 0 2.07576e-18 0.000443574 7.52096e-05 0.00378757 3.01159e-18
19.68 0 1.77887e-18 0.000249487 0.000111992 0.00213583 -2.20241e-18
19.7 0 4.35341e-18 4.72056e-05 0.000144837 0.000414342 1.92634e-18
19.72 0 4.55763e-18 -0.000156798 0.000171543 -0.0013218 5.78558e-18
19.74 0 1.67222e-17 -0.000356268 0.000190282 -0.00301936 1.48724e-17
19.76 0 -1.95703e-17 -0.000544604 0.000200001 -0.00462216 -4.89953e-18
19.78 0 -8.49282e-19 -0.000714969 0.000200496 -0.00607203 -3.06734e-17
19.8 0 -1.79652e-17 -0.000860935 0.000192388 -0.00731425 -3.48028e-17
19.82 0 1.02844e-17 -0.000977136 0.000176965 -0.00830316 8.76269e-19
19.84 0 1.25378e-17 -0.00105987 0.000155755 -0.00900723 2.30007e-17
19.86 0 -1.48748e-17 -0.00110752 0.000129975 -0.00941281 -3.89417e-18
19.88 0 8.35454e-18 -0.00112052 0.000100263 -0.00952339 9.21723e-18
19.9 0 -4.9207e-18 -0.00110064 6.67861e-05 -0.00935422 -1.51708e-18
19.92 0 7.69299e-18 -0.00105025 2.95959e-05 -0.00892536 9.13801e-18
19.94 0 1.18039e-18 -0.000971217 -1.0916e-05 -0.00825279 6.23129e-18
19.96 0 -2.86539e-18 -0.000864283 -5.35913e-05 -0.00734274 6.35332e-18
19.98 0 -4.03294e-18 -0.000729786 -9.64447e-05 -0.00619813 -8.63132e-18
20 0 4.86547e-18 -0.000569434 -0.000137108 -0.00483348 1.91912e-17
20.02 0 8.28845e-18 -0.000387483 -0.00017348 -0.00328501 1.51777e-18
20.04 0 3.60929e-18 -0.000190495 -0.00020422 -0.00160857 -1.79836e-18
20.06 0 9.10862e-18 1.32984e-05 -0.000228902 0.000125781 -3.77153e-18
20.08 0 2.30578e-17 0.000214327 -0.00024775 0.00183661 2.18271e-17
20.1 0 -3.27478e-17 0.000402468 -0.000261049 0.00343775 -3.48939e-17
20.12 0 3.537e-18 0.000568683 -0.000268582 0.0048523 3.20258e-17
20.14 0 3.86181e-17 0.000706587 -0.000269393 0.0060259 4.25688e-17
20.16 0 -3.78628e-17 0.000812948 -0.00026195 0.00693108 -2.51374e-17
20.18 0 3.19618e-17 0.000887035 -0.000244623 0.00756158 2.86752e-17
20.2 0 -1.41973e-17 0.000929417 -0.00021635 0.00792227 -2.918e-17
20.22 0 1.49472e-18 0.000941056 -0.000177233 0.00802132 1.77124e-17
20.24 0 -1.21929e-17 0.000923033 -0.000128762 0.00786794 -1.23745e-17
20.26 0 1.01884e-18 0.000876513 -7.36546e-05 0.00747204 2.99213e-19
20.28 0 -5.07188e-19 0.0008024 -1.54178e-05 0.00684131 -6.14512e-18
20.3 0 -8.31602e-19 0.000701048 4.22651e-05 0.00597877 1.27954e-18
20.32 0 -1.91514e-18 0.000573096 9.62744e-05 0.00488985 2.35113e-18
20.34 0 1.93127e-18 0.000420938 0.00014465 0.00359493 3.70538e-18
20.36 0 1.38583e-18 0.000249196 0.000186685 0.00213335 1.5038e-17
20.38 0 -1.07285e-17 6.38187e-05 0.000222443 0.000555726 1.27521e-17
20.4 0 -4.24112e-18 -0.00012879 0.000252011 -0.00108344 2.80303e-17
20.42 0 1.00668e-17 -0.000321726 0.000274937 -0.0027254 7.67005e-17
20.44 0 -1.76782e-17 -0.000507575 0.000290111 -0.00430704 -3.47226e-18
20.46 0 -7.34366e-18 -0.000679253 0.000296036 -0.00576807 -5.65215e-18
20.48 0 -1.89195e-17 -0.000831008 0.000291285 -0.00705956 -1.26192e-17
20.5 0 -3.45212e-17 -0.000958562 0.000274979 -0.00814509 -3.81041e-17
20.52 0 -5.49073e-18 -0.00105847 0.000247158 -0.00899531 -2.74941e-17
20.54 0 4.0008e-18 -0.00112758 0.00020892 -0.00958349 1.30254e-17
20.56 0 -1.11066e-17 -0.00116328 0.000162236 -0.00988732 2.00448e-17
20.58 0 -1.17051e-17 -0.00116418 0.000109544 -0.00989501 -1.32424e-17
20.6 0 6.37094e-18 -0.00113078 5.33804e-05 -0.00961075 -4.35384e-19
20.62 0 2.43046e-18 -0.00106558 -3.86556e-06 -0.00905586 1.21109e-18
20.64 0 2.92744e-19 -0.000972138 -6.01959e-05 -0.00826062 -3.94445e-18
20.66 0 3.28142e-18 -0.000853832 -0.000114189 -0.0072538 1.75012e-17
20.68 0 -8.14709e-18 -0.000713428 -0.000164985 -0.00605892 -1.69471e-17
20.7 0 -9.62819e-18 -0.000553803 -0.000211997 -0.00470045 -1.96759e-17
20.72 0 4.73425e-18 -0.000378903 -0.000254478 -0.00321199 -2.62005e-19
20.74 0 2.61901e-17 -0.000193845 -0.000291199 -0.00163708 1.4521e-17
20.76 0 -2.67292e-17 -4.78431e-06 -0.000320424 -2.81096e-05 -7.66726e-17
20.78 0 2.06913e-18 0.000181205 -0.000340184 0.00155472 -2.09138e-17
20.8 0 -4.1506e-18 0.000356641 -0.000348638 0.00304775 3.91118e-17
20.82 0 -2.54621e-17 0.000514653 -0.00034438 0.00439248 -5.37338e-17
20.84 0 -1.44497e-17 0.000649798 -0.000326724 0.00554262 -8.92317e-17
20.86 0 1.37461e-17 0.00075824 -0.000295989 0.00646549 3.11691e-17
20.88 0 -2.44125e-17 0.000837591 -0.00025364 0.00714079 -4.03796e-17
20.9 0 5.63399e-18 0.000886893 -0.000202077 0.00756037 2.2739e-18
20.92 0 -1.02348e-17 0.000906696 -0.000144107 0.0077289 -9.66681e-18
20.94 0 6.94421e-18 0.000898882 -8.23662e-05 0.00766241 7.98872e-18
20.96 0 -3.32222e-20 0.00086609 -1.90719e-05 0.00738334 4.53851e-18
20.98 0 9.74874e-19 0.000810897 4.38838e-05 0.00691362 4.91526e-19
21 0 -1.42693e-18 0.000734809 0.000104733 0.00626609 -7.73297e-18
21.02 0 -3.00265e-18 0.000637946 0.000161633 0.00544175 -3.50314e-18
21.04 0 -1.11797e-17 0.000520067 0.000212528 0.00443856 -1.98838e-17
21.06 0 -6.82778e-18 0.000382567 0.000255178 0.00326838 -1.53577e-17
21.08 0 1.31657e-17 0.000229733 0.000287399 0.00196772 6.50647e-18
21.1 0 -1.7315e-17 6.80884e-05 0.000307399 0.000592063 -3.22932e-17
21.12 0 -4.35047e-18 -9.49201e-05 0.000314062 -0.000795196 -6.29689e-17
21.14 0 -2.9701e-17 -0.000251869 0.00030711 -0.00213089 -8.40116e-17
21.16 0 2.10414e-17 -0.000396056 0.000287097 -0.00335796 -9.65923e-18
21.18 0 -8.66144e-18 -0.000522209 0.0002552 -0.00443158 -2.51918e-17
21.2 0 -9.27076e-18 -0.00062683 0.000212916 -0.00532193 -1.10683e-17
21.22 0 -1.26354e-17 -0.00070793 0.000161816 -0.00601212 -2.7394e-17
21.24 0 -1.52072e-18 -0.000764683 0.000103488 -0.00649511 -1.63143e-18
21.26 0 3.28579e-18 -0.000797344 3.96069e-05 -0.00677307 9.33305e-18
21.28 0 -1.002e-18 -0.000807192 -2.78882e-05 -0.00685687 -2.55416e-18
21.3 0 5.32284e-18 -0.000796149 -9.66012e-05 -0.0067629 1.16915e-19
21.32 0 2.2267e-18 -0.000766183 -0.000163682 -0.00650788 1.73804e-17
21.34 0 1.16263e-17 -0.000718821 -0.000226145 -0.00610481 -7.12113e-19
21.36 0 -1.63292e-17 -0.000654988 -0.000281336 -0.00556157 -3.37181e-17
21.38 0 1.64763e-18 -0.000575361 -0.000327221 -0.00488392 2.53726e-17
21.4 0 -9.47409e-18 -0.000481346 -0.000362364 -0.00408382 -4.73976e-17
21.42 0 -7.33063e-18 -0.000375959 -0.000385809 -0.00318694 -5.78304e-17
21.44 0 -2.77202e-18 -0.000263663 -0.000397039 -0.00223126 -5.15607e-17
21.46 0 9.75767e-18 -0.000149226 -0.00039597 -0.00125736 -4.95433e-17
21.48 0 -9.76024e-18 -3.6762e-05 -0.0003829 -0.000300251 1.32954e-18
21.5 0 6.8684e-18 7.03435e-05 -0.000358337 0.000611254 4.98581e-18
21.52 0 1.64703e-17 0.000169087 -0.00032276 0.0014516 7.33691e-17
21.54 0 -1.89473e-17 0.000256655 -0.000276488 0.00219683 2.6922e-17
21.56 0 -9.04195e-18 0.000330431 -0.000219889 0.00282469 4.13174e-18
21.58 0 9.80826e-18 0.00038809 -0.00015388 0.00331538 1.36784e-17
21.6 0 -3.01224e-18 0.00042778 -8.04326e-05 0.00365317 -1.75518e-17
21.62 0 6.23926e-18 0.00044836 -2.78795e-06 0.0038283 8.54505e-19
21.64 0 -3.67444e-18 0.000449556 7.48634e-05 0.00383849 6.3087e-18
21.66 0 -3.42906e-18 0.00043198 0.00014825 0.00368891 7.58388e-18
21.68 0 -2.1331e-18 0.00039702 0.000213987 0.00339139 1.48076e-17
21.7 0 6.87564e-18 0.000346779 0.000270047 0.00296382 5.11436e-18
21.72 0 2.38233e-18 0.000284072 0.000315539 0.00243016 2.48631e-17
21.74 0 -7.6612e-18 0.000212361 0.000350095 0.00181987 -7.79802e-18
21.76 0 -3.16275e-18 0.000135404 0.00037339 0.00116494 -1.8112e-17
21.78 0 7.52984e-18 5.65444e-05 0.000385048 0.000493819 3.3538e-17
21.8 0 -9.90721e-18 -2.18602e-05 0.000384849 -0.000173431 -2.2875e-17
21.82 0 1.20627e-17 -9.81734e-05 0.000372938 -0.000822884 6.45339e-17
21.84 0 -5.55025e-18 -0.000170361 0.000349819 -0.00143722 -6.5038e-18
21.86 0 -3.05026e-17 -0.000235005 0.000316166 -0.00198737 -7.30463e-18
21.88 0 1.31689e-17 -0.000287427 0.000272732 -0.00243349 2.4048e-17
21.9 0 -1.77714e-18 -0.000322972 0.000220524 -0.002736 -1.34437e-17
21.92 0 3.39388e-18 -0.000338725 0.000161043 -0.00287006 1.65591e-17
21.94 0 3.17482e-18 -0.000334625 9.63754e-05 -0.00283517 1.47804e-17
21.96 0 -6.47427e-18 -0.000313378 2.91223e-05 -0.00265435 -1.49205e-18
21.98 0 1.66627e-18 -0.000279325 -3.79158e-05 -0.00236454 4.91049e-18
22 0 -2.74863e-18 -0.000236959 -0.000102272 -0.002004 2.15136e-18
22.02 0 -8.96842e-18 -0.000189702 -0.000162246 -0.00160182 -1.72547e-17
22.04 0 2.3127e-18 -0.000139381 -0.000216792 -0.00117358 -2.79092e-17
22.06 0 7.69526e-18 -8.66218e-05 -0.000264918 -0.000724575 2.73388e-17
22.08 0 1.66594e-18 -3.1792e-05 -0.000305151 -0.000257954 2.5968e-17
22.1 0 5.13284e-18 2.41403e-05 -0.00033555 0.000218049 2.62766e-17
22.12 0 2.91909e-18 7.9278e-05 -0.000354249 0.00068729 3.79469e-17
22.14 0 -1.29121e-17 0.000130848 -0.000360137 0.00112617 -3.84779e-18
22.16 0 -2.75287e-17 0.000175325 -0.000353292 0.00150469 -3.80041e-18
22.18 0 6.98308e-18 0.000208727 -0.000334866 0.00178895 2.77851e-17
22.2 0 1.31786e-17 0.000227382 -0.000306442 0.00194771 4.69849e-17
22.22 0 2.517e-17 0.000229001 -0.00026931 0.00196149 2.58648e-17
22.24 0 -7.09831e-18 0.000213445 -0.000224212 0.0018291 6.77952e-18
22.26 0 5.85106e-18 0.00018274 -0.000171661 0.00156778 -7.12841e-18
22.28 0 1.80515e-17 0.000140254 -0.000112405 0.00120621 1.59606e-17
22.3 0 -1.8159e-18 8.93741e-05 -4.77591e-05 0.000773211 8.9939e-18
22.32 0 -5.60763e-19 3.24937e-05 2.02329e-05 0.000289139 3.22283e-18
22.34 0 -8.42058e-19 -2.91218e-05 8.88217e-05 -0.00023523 -9.84673e-19
22.36 0 -2.22226e-18 -9.47468e-05 0.000154749 -0.000793722 -3.5813e-18
22.38 0 -2.36262e-18 -0.000163371 0.000214619 -0.00137773 5.38638e-18
22.4 0 -1.67076e-18 -0.00023296 0.000265432 -0.00196996 -1.19507e-17
22.42 0 -3.6115e-17 -0.000300183 0.000305183 -0.00254206 -3.8777e-17
22.44 0 1.4913e-17 -0.000360961 0.000333207 -0.0030593 -3.12686e-17
22.46 0 1.61436e-17 -0.000411612 0.000350008 -0.00349036 1.78993e-17
22.48 0 -4.10592e-18 -0.000449815 0.000356653 -0.00381548 -2.79567e-18
22.5 0 -8.79558e-18 -0.000474835 0.000354144 -0.0040284 -3.83909e-17
22.52 0 2.68046e-17 -0.000487018 0.000343047 -0.00413209 4.9433e-17
22.54 0 -5.58045e-18 -0.000486796 0.00032333 -0.0041302 1.19824e-17
22.56 0 -3.57339e-17 -0.000473577 0.000294408 -0.0040177 -4.08522e-17
22.58 0 -3.06048e-18 -0.000445411 0.000255579 -0.003778 -1.37284e-17
22.6 0 -9.51504e-18 -0.000399987 0.000206813 -0.00339142 -2.88937e-17
22.62 0 4.12731e-18 -0.0003363 0.00014942 -0.00284942 -3.46249e-18
22.64 0 -4.11039e-19 -0.000255739 8.61508e-05 -0.00216382 -8.66367e-19
22.66 0 -2.09243e-18 -0.000162029 2.07465e-05 -0.00136632 -6.43439e-18
22.68 0 1.64916e-19 -6.01779e-05 -4.28563e-05 -0.000499528 5.6298e-19
22.7 0 -1.11673e-17 4.49091e-05 -0.000101425 0.000394799 -7.37951e-18
22.72 0 -1.18543e-17 0.000149132 -0.000153104 0.00128177 -2.55301e-17
22.74 0 1.00314e-17 0.000248823 -0.000197476 0.00213017 1.04004e-17
22.76 0 -7.62744e-18 0.00034012 -0.000234931 0.00290715 -2.4519e-17
22.78 0 3.01417e-17 0.00041905 -0.000265794 0.00357887 2.69993e-17
22.8 0 -1.86154e-17 0.000482147 -0.000289707 0.00411584 1.59678e-17
22.82 0 5.00385e-18 0.00052691 -0.00030547 0.00449679 -2.33819e-17
22.84 0 -3.95837e-18 0.000551867 -0.000311284 0.00470919 -3.26737e-17
22.86 0 2.32783e-17 0.000556373 -0.000305315 0.00474753 4.65358e-17
22.88 0 6.70743e-18 0.000540061 -0.000286438 0.00460872 -1.49472e-19
22.9 0 1.73791e-17 0.000502188 -0.000254848 0.0042864 6.11507e-18
22.92 0 -1.90561e-17 0.00044166 -0.000212234 0.00377129 -2.54006e-17
22.94 0 1.40759e-17 0.00035817 -0.000161453 0.00306076 2.22347e-17
22.96 0 1.9231e-18 0.000253588 -0.000105896 0.00217073 -1.12462e-18
22.98 0 1.28189e-18 0.000132472 -4.88207e-05 0.00113999 1.50344e-17
23 0 -1.63158e-18 1.38431e-06 7.16982e-06 2.43875e-05 -9.33533e-20
23.02 0 3.95897e-18 -0.000132618 6.03507e-05 -0.00111602 1.9009e-18
23.04 0 8.75501e-19 -0.000263585 0.000109782 -0.00223059 -2.3856e-18
23.06 0 1.1784e-17 -0.000387521 0.000154978 -0.00328534 7.19532e-18
23.08 0 3.89194e-18 -0.000502083 0.000195435 -0.00426029 -2.062e-17
23.1 0 4.0876e-18 -0.000605651 0.00023013 -0.00514169 2.59521e-19
23.12 0 -6.47271e-18 -0.000696642 0.000257293 -0.00591606 -1.95845e-17
23.14 0 5.69644e-18 -0.000773266 0.000274733 -0.00656816 3.69995e-17
23.16 0 -1.92928e-17 -0.000833481 0.000280598 -0.00708061 -4.74482e-17
23.18 0 -1.76072e-17 -0.000875047 0.000274061 -0.00743435 -2.60809e-17
23.2 0 1.91205e-17 -0.000895681 0.000255556 -0.00760995 2.40723e-17
23.22 0 -9.2932e-18 -0.000893056 0.000226583 -0.00758761 2.00713e-17
23.24 0 -6.82514e-18 -0.000864657 0.0001893 -0.00734592 8.94677e-18
23.26 0 -7.70517e-18 -0.000808147 0.000146047 -0.00686501 -1.50517e-17
23.28 0 -1.0666e-18 -0.000722613 9.89285e-05 -0.00613708 -1.04281e-17
23.3 0 -1.12726e-18 -0.000609998 4.96121e-05 -0.00517869 -6.4398e-18
23.32 0 2.45886e-18 -0.000475538 -6.37649e-07 -0.00403439 -5.68684e-18
23.34 0 -1.70539e-18 -0.000326703 -5.08393e-05 -0.00276775 -7.69359e-18
23.36 0 -7.70725e-18 -0.000171258 -0.000100119 -0.00144486 -7.24719e-19
23.38 0 -1.6592e-17 -1.53947e-05 -0.00014746 -0.000118408 -2.15087e-18
23.4 0 1.75984e-17 0.000137107 -0.000191444 0.00117944 1.32865e-17
23.42 0 1.41462e-17 0.00028432 -0.000230145 0.00243227 2.42787e-17
23.44 0 1.52893e-17 0.00042468 -0.00026128 0.00362678 -2.20659e-18
23.46 0 -2.91225e-17 0.000555496 -0.00028259 0.00474007 -8.73226e-17
23.48 0 4.72974e-17 0.000672211 -0.000292338 0.00573336 2.95099e-17
23.5 0 -1.63365e-17 0.000768873 -0.000289731 0.00655598 -4.30352e-18
23.52 0 2.00629e-17 0.000839657 -0.00027511 0.00715838 2.05e-17
23.54 0 -1.3837e-17 0.000880582 -0.000249861 0.00750667 -2.99922e-17
23.56 0 5.13992e-18 0.000890371 -0.000216066 0.00758997 -5.60642e-18
23.58 0 -3.72966e-18 0.00087019 -0.000175971 0.00741823 1.86472e-17
23.6 0 6.63294e-18 0.000822896 -0.000131437 0.00701574 4.32373e-17
23.62 0 -7.44284e-18 0.000751967 -8.36426e-05 0.00641211 5.48083e-18
23.64 0 -7.88127e-18 0.000660499 -3.32623e-05 0.00563368 -1.89041e-17
23.66 0 3.4276e-19 0.000550656 1.90342e-05 0.00469888 -5.74564e-18
23.68 0 1.39109e-18 0.00042401 7.2078e-05 0.00362108 2.63909e-19
23.7 0 1.05204e-18 0.000282338 0.000123941 0.0024154 3.83429e-18
23.72 0 -8.8273e-18 0.000128074 0.000172017 0.00110256 -7.60608e-18
23.74 0 -2.38875e-18 -3.52925e-05 0.000213414 -0.000287745 -2.05661e-17
23.76 0 2.07897e-17 -0.000202651 0.000245496 -0.00171203 1.73798e-17
23.78 0 3.30936e-18 -0.00036702 0.000266377 -0.00311087 -6.00222e-18
23.8 0 8.75246e-18 -0.000520114 0.000275231 -0.00441375 6.51177e-18
23.82 0 -7.19172e-18 -0.000653619 0.000272322 -0.00554992 -4.15298e-17
23.84 0 7.48089e-18 -0.000760816 0.000258759 -0.0064622 2.62926e-17
23.86 0 6.37184e-18 -0.000838092 0.000236056 -0.00711985 -8.54111e-18
23.88 0 5.16674e-18 -0.000885589 0.000205742 -0.00752407 -1.48862e-18
23.9 0 4.00759e-18 -0.000906403 0.000169131 -0.0077012 2.57085e-18
23.92 0 1.87755e-17 -0.000904686 0.000127233 -0.00768658 1.71549e-17
23.94 0 2.99212e-18 -0.000883521 8.07822e-05 -0.00750646 1.2024e-17
23.96 0 -6.94235e-18 -0.000843365 3.04534e-05 -0.00716472 -8.92335e-20
23.98 0 2.94429e-19 -0.000781699 -2.27258e-05 -0.00663992 8.45777e-19
24 0 -6.50872e-18 -0.000694538 -7.69741e-05 -0.00589815 -1.11315e-17
24.02 0 -2.72851e-18 -0.000579573 -0.000129639 -0.00491977 -1.53661e-18
24.04 0 1.11267e-17 -0.000438931 -0.000177557 -0.00372285 7.99468e-18
24.06 0 -9.78661e-18 -0.000279495 -0.000217822 -0.002366 1.0564e-17
24.08 0 1.48155e-17 -0.000110936 -0.000248613 -0.000931497 2.16896e-17
24.1 0 -1.55896e-18 5.6802e-05 -0.000269604 0.000496011 3.77323e-19
24.12 0 1.56437e-17 0.000215266 -0.000281659 0.0018446 -8.28693e-18
24.14 0 2.79516e-17 0.000358331 -0.000285984 0.00306213 2.44828e-17
24.16 0 -2.5115e-17 0.000482234 -0.000283247 0.00411659 -4.76322e-17
24.18 0 -1.0242e-17 0.000585025 -0.000273208 0.00499138 -5.63993e-17
24.2 0 -1.56593e-17 0.000665813 -0.000255072 0.00567891 -6.47108e-17
24.22 0 7.19466e-18 0.000724173 -0.000228269 0.00617557 2.4646e-18
24.24 0 -6.85165e-18 0.000759776 -0.000193141 0.00647857 -3.10323e-18
24.26 0 5.70785e-18 0.000772105 -0.000151083 0.00658349 -1.26941e-17
24.28 0 -3.02414e-18 0.000760158 -0.000104171 0.00648181 -9.85568e-18
24.3 0 -2.70983e-18 0.000722305 -5.46715e-05 0.00615968 -7.67539e-18
24.32 0 1.36069e-18 0.000656606 -4.83625e-06 0.00560056 1.74478e-18
24.34 0 2.96991e-19 0.000561854 4.31425e-05 0.00479418 -1.55559e-18
24.36 0 1.46706e-18 0.000439278 8.72689e-05 0.00375102 6.13907e-19
24.38 0 -4.49086e-20 0.000293752 0.000126028 0.00251254 -9.15038e-20
24.4 0 -7.38876e-19 0.000133329 0.000158565 0.00114729 6.53554e-18
24.42 0 -7.09861e-19 -3.25441e-05 0.000184609 -0.000264355 -3.27397e-18
24.44 0 -4.70548e-18 -0.000194965 0.00020421 -0.00164661 -3.18423e-18
24.46 0 8.28216e-19 -0.000346788 0.000217395 -0.00293868 -2.09324e-17
24.48 0 -4.87626e-18 -0.000483173 0.000223835 -0.00409936 1.63785e-17
24.5 0 -7.48065e-18 -0.000601586 0.000222771 -0.0051071 -2.61793e-17
24.52 0 9.9317e-18 -0.000701138 0.000213388 -0.00595433 2.22177e-17
24.54 0 -7.53438e-18 -0.000781346 0.000195427 -0.00663692 8.15424e-18
24.56 0 -3.85198e-18 -0.000840814 0.000169554 -0.00714301 4.68416e-18
24.58 0 3.33143e-18 -0.00087655 0.00013723 -0.00744714 -7.86709e-18
24.6 0 1.16166e-17 -0.00088429 0.000100359 -0.00751301 3.64194e-18
24.62 0 3.03806e-18 -0.00085975 6.09772e-05 -0.00730416 -2.89451e-18
24.64 0 -1.15927e-18 -0.000800311 2.10618e-05 -0.00679832 1.1535e-17
24.66 0 -5.42266e-18 -0.000706313 -1.76379e-05 -0.00599836 3.25631e-18
24.68 0 -2.74361e-18 -0.000581615 -5.37642e-05 -0.00493714 8.30497e-18
24.7 0 -6.20615e-18 -0.000433087 -8.64949e-05 -0.00367311 -9.72967e-18
24.72 0 9.08748e-18 -0.000269033 -0.000115536 -0.00227696 -1.3308e-18
24.74 0 -2.78067e-18 -9.74922e-05 -0.000140852 -0.000817087 -8.69083e-18
24.76 0 -1.02313e-17 7.48884e-05 -0.000162263 0.000649933 6.2723e-19
24.78 0 -8.39604e-19 0.000243102 -0.000179195 0.00208149 5.65972e-18
24.8 0 -6.08115e-18 0.000403326 -0.00019073 0.00344505 9.67802e-18
24.82 0 -1.19394e-17 0.000552054 -0.000195878 0.00471078 7.79599e-18
24.84 0 -1.31984e-17 0.000685324 -0.0001939 0.00584495 6.60502e-18
24.86 0 -2.19489e-19 0.000798566 -0.000184616 0.00680868 -9.02471e-18
24.88 0 1.15234e-17 0.000887018 -0.000168595 0.00756144 9.68546e-18
24.9 0 3.48112e-19 0.000946246 -0.000147107 0.00806549 9.99481e-18
24.92 0 7.05271e-18 0.00097265 -0.000121793 0.0082902 2.12342e-17
24.94 0 -9.29033e-18 0.000964132 -9.42536e-05 0.00821771 2.01803e-17
24.96 0 3.3918e-18 0.000920775 -6.57748e-05 0.00784872 2.06948e-18
24.98 0 -4.37317e-18 0.000844724 -3.72563e-05 0.00720151 -1.40695e-18
25 0 -7.03903e-18 0.000739325 -9.27563e-06 0.00630452 -1.37261e-17
25.02 0 -4.2196e-19 0.000608422 1.7746e-05 0.00519049 -5.9828e-18
25.04 0 -5.79672e-19 0.000455912 4.3359e-05 0.00389258 1.288e-18
25.06 0 4.48008e-19 0.000285453 6.6938e-05 0.00244191 -3.53622e-18
25.08 0 2.49328e-18 0.000100543 8.76325e-05 0.000868266 6.42642e-19
25.1 0 5.31312e-19 -9.47757e-05 0.00010445 -0.000793968 5.09529e-19
25.12 0 -1.80649e-18 -0.00029504 0.000116436 -0.00249829 -1.20224e-17
25.14 0 7.81367e-18 -0.000493236 0.000122874 -0.00418501 -7.13968e-18
25.16 0 7.50584e-19 -0.000681516 0.000123471 -0.00578733 4.37047e-18
25.18 0 -1.49785e-18 -0.000852177 0.000118452 -0.00723972 3.46198e-17
25.2 0 -1.2844e-17 -0.000998528 0.000108497 -0.00848521 1.57743e-17
25.22 0 -1.14934e-17 -0.00111552 9.45249e-05 -0.00948084 -1.4247e-17
25.24 0 7.19089e-18 -0.00120002 7.74057e-05 -0.0102 2.16922e-19
25.26 0 2.56458e-18 -0.00125067 5.77664e-05 -0.010631 7.87683e-18
25.28 0 1.11158e-18 -0.00126744 3.59995e-05 -0.0107738 1.00057e-17
25.3 0 -8.81044e-18 -0.00125118 1.24796e-05 -0.0106353 -4.75421e-18
25.32 0 3.02787e-18 -0.00120287 -1.21537e-05 -0.0102243 -5.38747e-18
25.34 0 4.5245e-18 -0.00112244 -3.68369e-05 -0.00953971 1.53717e-18
25.36 0 -3.69423e-18 -0.00100833 -6.01356e-05 -0.0085686 -1.98712e-18
25.38 0 3.14615e-19 -0.000859304 -8.05581e-05 -0.00730037 1.72285e-18
25.4 0 -2.91841e-18 -0.000676989 -9.69667e-05 -0.00574881 4.27918e-18
25.42 0 -1.08538e-17 -0.000466945 -0.00010878 -0.00396126 -2.25174e-17
25.44 0 2.1467e-19 -0.000237846 -0.000115917 -0.00201155 -1.75116e-18
25.46 0 -1.39837e-18 -4.67941e-07 -0.00011862 8.62416e-06 7.45272e-18
25.48 0 -1.35923e-18 0.000233328 -0.000117262 0.00199831 5.50012e-18
25.5 0 -8.03351e-19 0.000452339 -0.000112132 0.00386217 8.59129e-18
25.52 0 -4.93197e-18 0.00064797 -0.000103347 0.00552706 5.3013e-18
25.54 0 5.34074e-18 0.000814935 -9.09576e-05 0.00694799 7.2185e-18
25.56 0 -8.02583e-18 0.000950577 -7.51193e-05 0.00810235 -8.71135e-19
25.58 0 6.23199e-18 0.00105387 -5.61616e-05 0.00898144 7.85818e-18
25.6 0 -1.0057e-18 0.00112472 -3.45804e-05 0.00958441 -1.24763e-17
25.62 0 4.70128e-18 0.00116328 -1.1097e-05 0.00991255 2.93463e-18
25.64 0 -3.28187e-19 0.00116937 1.32262e-05 0.00996437 5.71958e-18
25.66 0 7.50632e-18 0.00114234 3.69737e-05 0.00973433 5.93415e-18
25.68 0 -6.64027e-19 0.00108101 5.85716e-05 0.00921241 4.31983e-18
25.7 0 -1.14908e-18 0.000983415 7.66296e-05 0.00838181 -1.37949e-18
25.72 0 -8.21704e-19 0.000847957 9.02799e-05 0.00722901 3.45907e-18
25.74 0 8.82575e-19 0.000676 9.93983e-05 0.0057656 1.1688e-18
25.76 0 -2.95604e-18 0.000473299 0.000104547 0.00404055 -1.38895e-18
25.78 0 -2.98769e-19 0.000248988 0.00010661 0.00213158 5.95233e-18
25.8 0 2.77338e-18 1.35497e-05 0.000106337 0.000127919 7.66944e-18
25.82 0 -8.9738e-18 -0.000222403 0.000104004 -0.00188012 -3.41111e-19
25.84 0 8.86515e-18 -0.00044907 9.93258e-05 -0.00380914 6.79607e-18
25.86 0 4.30427e-18 -0.000658652 9.16806e-05 -0.00559275 9.86011e-18
25.88 0 -1.63239e-18 -0.000845837 8.0553e-05 -0.00718576 8.38159e-18
25.9 0 3.84984e-19 -0.00100696 6.58892e-05 -0.00855697 5.13496e-18
25.92 0 -4.83487e-18 -0.00113891 4.81469e-05 -0.00967989 -3.00697e-19
25.94 0 -4.05605e-18 -0.00123891 2.81151e-05 -0.0105309 -5.45232e-18
25.96 0 3.66932e-18 -0.0013049 6.71528e-06 -0.0110925 1.68884e-18
25.98 0 -5.25771e-18 -0.00133574 -1.5126e-05 -0.011355 -7.30861e-18
26 0 1.55538e-18 -0.00133129 -3.65555e-05 -0.0113171 6.56621e-19
26.02 0 1.57877e-18 -0.00129244 -5.68202e-05 -0.0109865 4.03738e-18
26.04 0 -1.79271e-18 -0.00122011 -7.52524e-05 -0.010371 -6.05485e-18
26.06 0 1.77716e-18 -0.00111377 -9.1265e-05 -0.00946596 2.0881e-18
26.08 0 -6.22879e-19 -0.0009721 -0.000104417 -0.0082603 -5.39703e-18
26.1 0 -3.60872e-18 -0.000795857 -0.000114491 -0.00676041 -1.78887e-17
26.12 0 -3.07445e-18 -0.000590091 -0.000121383 -0.00500927 -2.02086e-17
26.14 0 -1.25402e-18 -0.000363721 -0.000124932 -0.00308278 -1.57437e-17
26.16 0 1.48678e-18 -0.00012775 -0.000124917 -0.00107459 -1.71959e-17
26.18 0 5.45635e-18 0.00010614 -0.000121231 0.000915892 4.84428e-18
26.2 0 7.70676e-19 0.000327005 -0.000113971 0.00279553 -2.08383e-18
26.22 0 -2.49875e-18 0.000526141 -0.000103436 0.00449025 -5.44726e-18
26.24 0 5.41119e-18 0.0006976 -9.00659e-05 0.00594942 2.39968e-18
26.26 0 -6.41993e-18 0.000837562 -7.4362e-05 0.00714055 -1.04046e-17
26.28 0 1.73181e-19 0.000943812 -5.68133e-05 0.00804478 -8.12544e-18
26.3 0 5.52657e-19 0.00101582 -3.79745e-05 0.00865761 -5.26514e-19
26.32 0 -1.99078e-18 0.00105467 -1.86801e-05 0.00898822 2.00116e-18
26.34 0 -4.22045e-18 0.0010622 -1.34367e-07 0.00905232 -7.1567e-18
26.36 0 3.99408e-18 0.00103993 1.63062e-05 0.00886281 1.13834e-17
26.38 0 1.65973e-18 0.000987935 2.95295e-05 0.00842028 1.78344e-18
26.4 0 -2.65313e-18 0.000904092 3.89594e-05 0.00770674 -7.26314e-18
26.42 0 1.29136e-18 0.000785285 4.4627e-05 0.00669565 1.29753e-18
26.44 0 6.75661e-19 0.000630556 4.7101e-05 0.00537886 2.62113e-18
26.46 0 -8.1834e-19 0.000443796 4.73062e-05 0.00378946 -5.69943e-19
26.48 0 1.35652e-18 0.000233666 4.6249e-05 0.00200119 -1.1296e-18
26.5 0 -1.4491e-18 1.15082e-05 4.47324e-05 0.000110546 -4.17705e-18
26.52 0 9.92979e-19 -0.000210698 4.31067e-05 -0.00178051 -3.26487e-18
26.54 0 2.87127e-18 -0.000421985 4.11049e-05 -0.00357863 2.10982e-18
26.56 0 -2.57334e-18 -0.000613874 3.79039e-05 -0.00521168 -6.9491e-18
26.58 0 -2.15602e-19 -0.000781072 3.24899e-05 -0.00663459 -4.41023e-18
26.6 0 3.13961e-19 -0.000920886 2.41632e-05 -0.00782445 -5.46644e-18
26.62 0 3.44652e-18 -0.00103209 1.29142e-05 -0.0087708 9.43871e-19
26.64 0 -5.25945e-19 -0.00111409 -4.65588e-07 -0.0094687 -1.91767e-18
26.66 0 -7.23032e-19 -0.00116651 -1.4551e-05 -0.00991478 2.54164e-18
26.68 0 -1.46742e-18 -0.00118871 -2.76991e-05 -0.0101037 -1.95447e-18
26.7 0 1.13979e-20 -0.00117953 -3.85754e-05 -0.0100256 -3.21622e-18
26.72 0 2.83418e-18 -0.00113723 -4.65091e-05 -0.00966559 2.14774e-18
26.74 0 1.38872e-18 -0.00105935 -5.15123e-05 -0.00900285 -8.72883e-19
26.76 0 -2.61643e-18 -0.000943957 -5.40527e-05 -0.0080208 -5.04589e-18
26.78 0 -1.59089e-19 -0.000791877 -5.48057e-05 -0.00672654 -2.68422e-18
26.8 0 -6.30559e-19 -0.000608143 -5.44457e-05 -0.0051629 -5.26919e-18
26.82 0 2.20112e-18 -0.00040124 -5.3422e-05 -0.00340208 2.4979e-19
26.84 0 1.83831e-18 -0.00018115 -5.1803e-05 -0.00152905 -4.24034e-18
26.86 0 -7.70495e-19 4.20206e-05 -4.92694e-05 0.000370217 -2.96567e-18
26.88 0 -2.04862e-18 0.000258907 -4.52675e-05 0.00221599 -6.96862e-18
26.9 0 1.49705e-18 0.000461685 -3.92779e-05 0.0039417 -5.28326e-18
26.92 0 -1.73267e-18 0.000644412 -3.1115e-05 0.00549677 -9.95581e-18
26.94 0 -3.64379e-18 0.000802463 -2.10898e-05 0.00684185 -4.67275e-18
26.96 0 1.06395e-18 0.000931787 -9.92532e-06 0.00794244 2.84381e-18
26.98 0 2.1646e-18 0.00102885 1.47642e-06 0.00876845 3.71938e-19
27 0 -1.29422e-18 0.00109112 1.22366e-05 0.0092984 -5.97152e-18
27.02 0 5.90216e-18 0.00111745 2.16184e-05 0.00952247 2.27491e-19
27.04 0 -1.4456e-18 0.00110809 2.912e-05 0.00944284 -6.61521e-18
27.06 0 5.63409e-18 0.0010644 3.45296e-05 0.00907105 4.01458e-18
27.08 0 -3.0985e-18 0.000987822 3.78712e-05 0.00841931 -9.92724e-19
27.1 0 -4.02304e-19 0.000879259 3.92614e-05 0.00749541 2.54175e-18
27.12 0 -1.76468e-18 0.000739992 3.88577e-05 0.00631019 -3.02335e-18
27.14 0 8.26092e-20 0.000573405 3.69071e-05 0.00489249 4.80663e-19
27.16 0 -9.31779e-19 0.000385482 3.37735e-05 0.00329319 1.6576e-18
27.18 0 1.25967e-19 0.000183489 2.99325e-05 0.00157416 2.47194e-18
27.2 0 2.52974e-20 -2.48933e-05 2.59069e-05 -0.000199245 1.35276e-18
27.22 0 2.23851e-19 -0.000231549 2.20724e-05 -0.00195796 3.82408e-18
27.24 0 -5.12246e-20 -0.000428296 1.8402e-05 -0.00363234 -3.78958e-18
27.26 0 -5.77886e-19 -0.00060794 1.44311e-05 -0.00516118 2.28787e-19
27.28 0 2.72926e-18 -0.000764862 9.55409e-06 -0.00649664 1.06652e-17
27.3 0 -2.56044e-18 -0.000894859 3.40778e-06 -0.00760295 -4.66674e-19
27.32 0 -2.93235e-19 -0.000995041 -3.95026e-06 -0.00845554 3.94524e-18
27.34 0 6.76036e-19 -0.00106403 -1.20863e-05 -0.00904264 8.04139e-18
27.36 0 -2.32249e-18 -0.00110179 -2.03107e-05 -0.00936401 -3.62874e-18
27.38 0 -2.26596e-18 -0.00110899 -2.78096e-05 -0.00942532 3.1183e-18
27.4 0 -1.33164e-18 -0.00108638 -3.38096e-05 -0.00923283 -2.31092e-18
27.42 0 2.80296e-18 -0.00103423 -3.77547e-05 -0.00878908 -1.90527e-18
27.44 0 -1.48692e-18 -0.000952092 -3.94325e-05 -0.00809003 -4.54462e-18
27.46 0 5.10184e-20 -0.000839384 -3.90345e-05 -0.00713084 -2.60154e-18
27.48 0 -1.99235e-18 -0.000697105 -3.71481e-05 -0.00592 -5.24316e-18
27.5 0 2.9754e-19 -0.000529115 -3.4599e-05 -0.00449034 -3.4395e-18
27.52 0 7.60568e-19 -0.000342032 -3.21635e-05 -0.0028982 -2.38013e-18
27.54 0 1.65017e-19 -0.000144295 -3.03008e-05 -0.00121539 -6.11384e-18
27.56 0 3.83613e-18 5.46503e-05 -2.9007e-05 0.0004777 -2.03122e-18
27.58 0 -5.53989e-18 0.000245316 -2.78171e-05 0.00210033 -2.91878e-18
27.6 0 2.34348e-18 0.000419482 -2.59823e-05 0.00358254 -3.33434e-18
27.62 0 -1.01104e-18 0.000571165 -2.27954e-05 0.00487342 3.02594e-18
27.64 0 3.57923e-18 0.000696675 -1.79184e-05 0.00594155 2.30616e-18
27.66 0 1.27312e-18 0.000794089 -1.1541e-05 0.00677058 4.01219e-18
27.68 0 -2.22773e-18 0.000862709 -4.32787e-06 0.00735456 2.42274e-18
27.7 0 -1.6112e-18 0.000902573 2.78029e-06 0.00769382 -8.31789e-18
27.72 0 1.65328e-18 0.000913973 8.83002e-06 0.00779084 -1.45188e-19
27.74 0 4.34566e-18 0.000897127 1.31077e-05 0.00764747 2.71186e-18
27.76 0 3.38926e-18 0.000851981 1.52988e-05 0.00726326 -4.94661e-19
27.78 0 1.02462e-18 0.000778109 1.