0.02 0 -3.00334e-24 -1.77649e-09 -2.06443e-12 -1.51185e-08 -6.06734e-24
0.04 0 7.10382e-23 -1.28694e-08 -5.90608e-11 -1.09523e-07 1.37444e-22
0.06 0 -7.91809e-22 -3.12811e-08 -3.83846e-10 -2.66213e-07 -1.46217e-21
0.08 0 -2.611e-22 1.9499e-08 -1.36865e-09 1.65943e-07 -1.98964e-21
0.1 0 -2.37682e-21 3.49408e-07 -3.25021e-09 2.97359e-06 -6.7913e-21
0.12 0 1.01958e-20 1.21253e-06 -4.16923e-09 1.03191e-05 1.38062e-20
0.14 0 -8.27563e-21 2.6703e-06 5.85292e-09 2.27252e-05 -2.9122e-21
0.16 0 -6.66089e-20 4.45968e-06 5.2816e-08 3.79535e-05 -1.37476e-19
0.18 0 3.56669e-20 6.16099e-06 1.77019e-07 5.24321e-05 -6.54212e-20
0.2 0 2.16722e-20 7.49879e-06 4.13045e-07 6.38173e-05 -2.1639e-20
0.22 0 4.37309e-20 8.45724e-06 7.62084e-07 7.1974e-05 6.67062e-20
0.24 0 -8.19716e-20 9.15432e-06 1.1813e-06 7.79064e-05 -9.8893e-20
0.26 0 -5.41509e-20 9.69989e-06 1.60536e-06 8.25494e-05 -2.08289e-19
0.28 0 -5.79025e-19 1.02051e-05 1.98594e-06 8.68487e-05 -1.37804e-18
0.3 0 2.26873e-20 1.08652e-05 2.31136e-06 9.24667e-05 -1.3322e-18
0.32 0 2.89774e-19 1.19363e-05 2.58735e-06 0.000101582 -7.468e-19
0.34 0 6.29683e-20 1.35498e-05 2.80996e-06 0.000115313 -6.19591e-19
0.36 0 4.65228e-19 1.55015e-05 2.97287e-06 0.000131923 3.20263e-19
0.38 0 -4.52336e-19 1.72178e-05 3.09667e-06 0.00014653 -5.93548e-19
0.4 0 3.39787e-19 1.79903e-05 3.23124e-06 0.000153104 9.28917e-20
0.42 0 8.14254e-19 1.73578e-05 3.42471e-06 0.000147721 1.73785e-18
0.44 0 -1.98591e-19 1.53916e-05 3.69797e-06 0.000130988 1.33665e-18
0.46 0 -9.77975e-20 1.27001e-05 4.03772e-06 0.000108083 1.13908e-18
0.48 0 -5.03668e-19 1.01395e-05 4.38537e-06 8.62907e-05 1.21572e-19
0.5 0 -1.22794e-19 8.33744e-06 4.63155e-06 7.09545e-05 -1.26496e-19
0.52 0 4.70337e-19 7.25948e-06 4.66282e-06 6.17807e-05 8.23679e-19
0.54 0 -1.41906e-18 6.19222e-06 4.45689e-06 5.26979e-05 -2.0431e-18
0.56 0 3.57566e-19 4.36954e-06 4.13649e-06 3.71863e-05 -1.32075e-18
0.58 0 4.17515e-19 1.83601e-06 3.89801e-06 1.56251e-05 -4.77284e-19
0.6 0 7.25085e-19 -3.22362e-07 3.84411e-06 -2.74341e-06 9.87536e-19
0.62 0 -6.38654e-19 -7.62507e-07 3.86147e-06 -6.4892e-06 -3.02675e-19
0.64 0 -6.72237e-21 9.93895e-07 3.67974e-06 8.45839e-06 -3.16256e-19
0.66 0 3.29971e-19 4.19405e-06 3.09043e-06 3.56928e-05 3.50353e-19
0.68 0 -7.27056e-20 7.62005e-06 2.12177e-06 6.48493e-05 2.03473e-19
0.7 0 -6.86912e-20 1.07815e-05 9.88217e-07 9.17543e-05 6.47028e-20
0.72 0 -1.34661e-21 1.44172e-05 -1.16192e-07 0.000122695 6.19824e-20
0.74 0 -2.61285e-19 1.97866e-05 -1.14365e-06 0.000168391 -4.65866e-19
0.76 0 2.16989e-19 2.73231e-05 -2.13941e-06 0.000232529 -2.75048e-20
0.78 0 6.18798e-19 3.58716e-05 -3.13486e-06 0.00030528 1.22259e-18
0.8 0 -5.35442e-19 4.33149e-05 -4.11165e-06 0.000368625 1.40892e-19
0.82 0 4.07799e-19 4.8195e-05 -5.01909e-06 0.000410156 9.64728e-19
0.84 0 2.52716e-19 5.09733e-05 -5.799e-06 0.000433801 1.47526e-18
0.86 0 6.56405e-19 5.37141e-05 -6.42885e-06 0.000457125 2.80134e-18
0.88 0 -1.09903e-20 5.82148e-05 -6.9574e-06 0.000495428 2.77913e-18
0.9 0 -2.07408e-18 6.40923e-05 -7.45065e-06 0.000545448 -1.41092e-18
0.92 0 2.87217e-19 6.87074e-05 -7.8654e-06 0.000584724 -8.30683e-19
0.94 0 -3.05187e-19 6.93343e-05 -8.01151e-06 0.000590059 -1.44722e-18
0.96 0 1.16532e-18 6.57316e-05 -7.69761e-06 0.000559399 9.06968e-19
0.98 0 8.05052e-20 6.0616e-05 -6.92948e-06 0.000515863 1.0696e-18
1 0 -8.7809e-19 5.751e-05 -5.94595e-06 0.000489431 -7.04314e-19
1.02 0 -7.28449e-19 5.78216e-05 -5.04984e-06 0.000492082 -2.17593e-18
1.04 0 1.22059e-18 5.87647e-05 -4.42442e-06 0.000500108 2.89911e-19
1.06 0 4.57067e-19 5.2878e-05 -4.12095e-06 0.00045001 1.21328e-18
1.08 0 -7.50319e-19 3.19492e-05 -4.12331e-06 0.000271899 -3.02519e-19
1.1 0 3.98867e-19 -3.76818e-06 -4.29219e-06 -3.20685e-05 5.03273e-19
1.12 0 -4.34777e-19 -4.0332e-05 -4.29611e-06 -0.000343239 -3.75065e-19
1.14 0 2.84736e-19 -5.94554e-05 -3.77773e-06 -0.000505986 2.00159e-19
1.16 0 -3.76958e-20 -5.56408e-05 -2.66807e-06 -0.000473522 1.24006e-19
1.18 0 -1.04923e-19 -4.19333e-05 -1.30903e-06 -0.000356867 -8.796e-20
1.2 0 -7.41518e-20 -3.71089e-05 -2.05257e-07 -0.00031581 -2.37762e-19
1.22 0 -5.74735e-20 -4.76899e-05 4.16173e-07 -0.000405858 -3.5387e-19
1.24 0 1.87754e-20 -6.33447e-05 7.86077e-07 -0.000539086 -3.15939e-19
1.26 0 2.09883e-19 -6.98236e-05 1.28723e-06 -0.000594224 1.08068e-19
1.28 0 -1.45626e-21 -6.43574e-05 2.06106e-06 -0.000547704 1.05126e-19
1.3 0 -7.89308e-22 -5.57997e-05 2.9899e-06 -0.000474875 1.03531e-19
1.32 0 -1.27165e-19 -5.08539e-05 3.88722e-06 -0.000432785 -1.53368e-19
1.34 0 8.08553e-20 -4.47175e-05 4.52873e-06 -0.000380561 9.97634e-21
1.36 0 4.7425e-20 -2.69405e-05 4.62753e-06 -0.000229273 1.05784e-19
1.38 0 3.93868e-20 6.09837e-06 3.9948e-06 5.18992e-05 1.85354e-19
1.4 0 1.96092e-19 4.5038e-05 2.69983e-06 0.000383289 5.81499e-19
1.42 0 -1.08785e-19 7.103e-05 9.26831e-07 0.00060449 3.61731e-19
1.44 0 2.48279e-19 6.76609e-05 -1.25352e-06 0.000575817 8.63304e-19
1.46 0 -3.6887e-21 3.71483e-05 -3.7515e-06 0.000316145 8.55852e-19
1.48 0 -4.78224e-19 5.29052e-06 -6.14959e-06 4.50242e-05 -1.10256e-19
1.5 0 -5.93328e-19 1.58502e-06 -7.83597e-06 1.34891e-05 -1.3089e-18
1.52 0 1.12388e-19 3.05787e-05 -8.56998e-06 0.000260236 -1.08185e-18
1.54 0 4.91054e-19 6.8168e-05 -8.79268e-06 0.000580134 -8.98247e-20
1.56 0 5.65717e-19 8.80148e-05 -9.30266e-06 0.000749036 1.05304e-18
1.58 0 -9.68427e-19 8.60108e-05 -1.05966e-05 0.000731982 -9.03379e-19
1.6 0 2.39365e-19 7.69211e-05 -1.24007e-05 0.000654625 -4.19815e-19
1.62 0 1.10536e-19 7.29911e-05 -1.37584e-05 0.00062118 -1.9651e-19
1.64 0 -2.02741e-18 7.06477e-05 -1.36795e-05 0.000601236 -4.29229e-18
1.66 0 1.84296e-18 5.69989e-05 -1.18888e-05 0.00048508 -5.69142e-19
1.68 0 -5.1234e-19 2.67588e-05 -9.0601e-06 0.000227727 -1.60417e-18
1.7 0 1.87009e-19 -8.40001e-06 -6.33113e-06 -7.1487e-05 -1.22638e-18
1.72 0 1.1383e-18 -2.83879e-05 -4.49371e-06 -0.000241591 1.07322e-18
1.74 0 2.40602e-19 -2.35288e-05 -3.47168e-06 -0.000200238 1.55928e-18
1.76 0 -6.22333e-19 -4.4726e-06 -2.45022e-06 -3.80634e-05 3.02047e-19
1.78 0 -2.5282e-19 7.17497e-06 -5.75253e-07 6.10615e-05 -2.08701e-19
1.8 0 3.69437e-19 -2.50503e-06 2.28887e-06 -2.13186e-05 5.37636e-19
1.82 0 3.17364e-20 -2.99457e-05 5.42956e-06 -0.000254849 6.0175e-19
1.84 0 1.47779e-19 -5.97686e-05 8.00095e-06 -0.000508651 9.00294e-19
1.86 0 -4.88299e-19 -7.78875e-05 9.8816e-06 -0.000662849 -8.61684e-20
1.88 0 -1.52435e-18 -8.08182e-05 1.17015e-05 -0.000687791 -3.16567e-18
1.9 0 3.08343e-18 -7.57231e-05 1.39909e-05 -0.00064443 3.06348e-18
1.92 0 -1.57782e-18 -7.27303e-05 1.64229e-05 -0.00061896 -1.24041e-19
1.94 0 -2.53159e-18 -7.63958e-05 1.79728e-05 -0.000650155 -5.23835e-18
1.96 0 -9.22808e-19 -8.36802e-05 1.78164e-05 -0.000712148 -7.10261e-18
1.98 0 1.8483e-18 -8.92402e-05 1.61172e-05 -0.000759465 -3.36866e-18
2 0 -1.00679e-18 -9.14373e-05 1.39796e-05 -0.000778163 -5.40258e-18
2.02 0 1.85463e-18 -9.29175e-05 1.25443e-05 -0.00079076 -1.65585e-18
2.04 0 1.29595e-19 -9.63503e-05 1.19657e-05 -0.000819975 -1.39404e-18
2.06 0 9.76604e-19 -0.000100368 1.12148e-05 -0.000854168 5.78897e-19
2.08 0 -3.38626e-19 -9.95152e-05 8.95091e-06 -0.000846909 -1.05197e-19
2.1 0 3.84857e-19 -8.81837e-05 4.70171e-06 -0.000750474 6.72293e-19
2.12 0 1.93235e-19 -6.51904e-05 -6.9113e-07 -0.000554793 1.06267e-18
2.14 0 -1.83303e-19 -3.47537e-05 -5.70231e-06 -0.000295766 6.92357e-19
2.16 0 -3.56667e-19 -2.72006e-06 -9.24622e-06 -2.31486e-05 -2.81828e-20
2.18 0 4.21165e-19 2.80487e-05 -1.135e-05 0.000238704 8.22656e-19
2.2 0 -1.55756e-18 5.81133e-05 -1.28547e-05 0.000494564 -2.32394e-18
2.22 0 1.14517e-18 8.76961e-05 -1.44871e-05 0.000746324 -1.0464e-20
2.24 0 -3.47115e-19 0.00011374 -1.62135e-05 0.000967964 -7.11706e-19
2.26 0 1.32886e-18 0.000131655 -1.74318e-05 0.00112043 1.97287e-18
2.28 0 -1.84137e-18 0.000140037 -1.76708e-05 0.00119177 -1.74706e-18
2.3 0 1.14401e-18 0.000142995 -1.7065e-05 0.00121693 5.64064e-19
2.32 0 1.55145e-18 0.00014686 -1.62434e-05 0.00124983 3.69831e-18
2.34 0 -3.17072e-19 0.000154204 -1.57955e-05 0.00131233 3.05776e-18
2.36 0 -2.69604e-18 0.000161404 -1.57526e-05 0.0013736 -2.38878e-18
2.38 0 1.03505e-18 0.000161911 -1.55395e-05 0.00137791 -2.97764e-19
2.4 0 6.20539e-19 0.000151097 -1.44993e-05 0.00128588 9.5585e-19
2.42 0 -7.87012e-19 0.000128462 -1.25165e-05 0.00109326 -6.34074e-19
2.44 0 2.16717e-19 9.72193e-05 -1.012e-05 0.00082737 -1.96261e-19
2.46 0 6.82019e-19 6.25396e-05 -7.98227e-06 0.000532234 1.18156e-18
2.48 0 -7.58377e-20 2.87599e-05 -6.33473e-06 0.000244757 1.02835e-18
2.5 0 -3.7139e-19 -2.93083e-06 -4.83731e-06 -2.49424e-05 2.78066e-19
2.52 0 -2.39703e-19 -3.37962e-05 -2.94777e-06 -0.000287618 -2.06182e-19
2.54 0 -3.77492e-20 -6.41881e-05 -4.02335e-07 -0.000546263 -2.82443e-19
2.56 0 -3.20021e-19 -9.13478e-05 2.57389e-06 -0.000777402 -9.28949e-19
2.58 0 2.10597e-19 -0.000111403 5.43334e-06 -0.000948081 -5.03502e-19
2.6 0 4.90517e-19 -0.000123932 7.70779e-06 -0.0010547 4.87441e-19
2.62 0 -7.4035e-19 -0.000133606 9.34056e-06 -0.00113703 -1.00822e-18
2.64 0 -1.40123e-19 -0.000145583 1.06443e-05 -0.00123896 -1.29129e-18
2.66 0 1.69845e-19 -0.000159005 1.18905e-05 -0.00135319 -9.48172e-19
2.68 0 4.0698e-19 -0.000166797 1.29213e-05 -0.0014195 -1.25989e-19
2.7 0 -1.78826e-19 -0.00016273 1.31804e-05 -0.00138489 -4.87253e-19
2.72 0 4.5995e-19 -0.000147161 1.21861e-05 -0.0012524 4.41938e-19
2.74 0 4.35563e-19 -0.000124795 1.00681e-05 -0.00106205 1.32186e-18
2.76 0 6.14851e-19 -9.83528e-05 7.63788e-06 -0.000837017 2.56399e-18
2.78 0 -6.69599e-19 -6.63281e-05 5.77641e-06 -0.000564475 1.21126e-18
2.8 0 -1.45364e-18 -2.68007e-05 4.64208e-06 -0.000228083 -1.72538e-18
2.82 0 5.52452e-19 1.79482e-05 3.56247e-06 0.000152746 -6.09313e-19
2.84 0 2.68712e-19 6.18938e-05 1.78543e-06 0.000526738 -6.64617e-20
2.86 0 1.53326e-19 0.000101115 -7.83209e-07 0.00086052 2.43287e-19
2.88 0 1.44553e-19 0.000138735 -3.67605e-06 0.00118068 5.35313e-19
2.9 0 6.08341e-19 0.000182157 -6.49598e-06 0.00155022 1.76428e-18
2.92 0 -1.39851e-18 0.000233936 -9.19594e-06 0.00199087 -1.06098e-18
2.94 0 7.47477e-19 0.000285701 -1.17696e-05 0.00243141 4.49075e-19
2.96 0 6.04848e-19 0.000322072 -1.39004e-05 0.00274094 1.67099e-18
2.98 0 8.19421e-19 0.000331575 -1.50327e-05 0.00282182 3.32639e-18
3 0 -6.15847e-19 0.000315543 -1.47784e-05 0.00268538 2.08225e-18
3.02 0 1.95313e-20 0.000287753 -1.3286e-05 0.00244888 2.12171e-18
3.04 0 -1.14157e-18 0.000264102 -1.12417e-05 0.0022476 -1.84492e-19
3.06 0 -2.88459e-19 0.000249768 -9.42116e-06 0.00212561 -7.67239e-19
3.08 0 2.21943e-19 0.000235318 -8.10142e-06 0.00200264 -3.1887e-19
3.1 0 -4.5213e-21 0.00020636 -6.88205e-06 0.0017562 -3.28004e-19
3.12 0 -3.31747e-20 0.000157842 -5.11605e-06 0.00134329 -3.95023e-19
3.14 0 7.19398e-19 9.89076e-05 -2.49105e-06 0.000841738 1.05831e-18
3.16 0 -1.29991e-18 4.39038e-05 8.74301e-07 0.000373637 -1.56777e-18
3.18 0 1.86436e-19 -1.20603e-06 4.82938e-06 -1.02637e-05 -1.19113e-18
3.2 0 -1.72704e-18 -4.38929e-05 9.42978e-06 -0.000373544 -4.68009e-18
3.22 0 9.68823e-19 -9.67677e-05 1.46118e-05 -0.000823527 -2.72287e-18
3.24 0 -1.10327e-18 -0.000163635 1.97985e-05 -0.00139259 -4.95169e-18
3.26 0 2.3669e-18 -0.000233637 2.41334e-05 -0.00198833 -1.7008e-19
3.28 0 1.32897e-18 -0.000289909 2.71499e-05 -0.00246723 2.51471e-18
3.3 0 -1.2153e-18 -0.000324013 2.90346e-05 -0.00275746 5.95546e-20
3.32 0 -2.28709e-18 -0.0003412 3.02157e-05 -0.00290373 -4.56083e-18
3.34 0 -1.60832e-18 -0.000352313 3.08649e-05 -0.00299831 -7.80995e-18
3.36 0 3.01488e-18 -0.000362387 3.08398e-05 -0.00308404 -1.71929e-18
3.38 0 2.06424e-18 -0.000367074 2.9955e-05 -0.00312393 2.45088e-18
3.4 0 4.69793e-19 -0.000357663 2.81843e-05 -0.00304384 3.39996e-18
3.42 0 -3.19799e-18 -0.000328148 2.55792e-05 -0.00279266 -3.06063e-18
3.44 0 -9.42203e-19 -0.000279008 2.20175e-05 -0.00237445 -4.96407e-18
3.46 0 1.95493e-18 -0.000216536 1.71354e-05 -0.0018428 -1.01472e-18
3.48 0 -3.11134e-20 -0.000148952 1.06624e-05 -0.00126763 -1.07758e-18
3.5 0 -1.50176e-21 -8.18645e-05 2.86605e-06 -0.000696696 -1.08061e-18
3.52 0 5.82945e-19 -1.61946e-05 -5.41486e-06 -0.000137821 9.70547e-20
3.54 0 1.00894e-19 5.02837e-05 -1.32267e-05 0.000427931 3.00881e-19
3.56 0 1.16134e-19 0.000119603 -2.00222e-05 0.00101787 5.35495e-19
3.58 0 3.69608e-18 0.000190993 -2.58581e-05 0.00162542 8.00232e-18
3.6 0 -3.25819e-18 0.000259893 -3.11929e-05 0.00221178 1.42011e-18
3.62 0 2.32033e-18 0.000318763 -3.64025e-05 0.00271278 6.10765e-18
3.64 0 -6.45411e-18 0.000360304 -4.13094e-05 0.00306632 -6.93097e-18
3.66 0 7.72451e-19 0.000382356 -4.51758e-05 0.00325398 -5.37046e-18
3.68 0 -9.22871e-18 0.000390455 -4.7309e-05 0.00332291 -2.40143e-17
3.7 0 1.91087e-18 0.000394044 -4.77344e-05 0.00335345 -2.0154e-17
3.72 0 -6.00348e-19 0.000398351 -4.71561e-05 0.00339011 -2.13668e-17
3.74 0 3.23813e-18 0.000399758 -4.61548e-05 0.00340208 -1.48251e-17
3.76 0 1.76326e-18 0.000389322 -4.44791e-05 0.00331326 -1.1263e-17
3.78 0 5.87019e-19 0.000360144 -4.12058e-05 0.00306495 -1.00771e-17
3.8 0 2.40741e-18 0.000311325 -3.55709e-05 0.00264948 -5.21362e-18
3.82 0 -3.84982e-19 0.000246877 -2.76328e-05 0.00210101 -5.99136e-18
3.84 0 -7.30975e-19 0.000172775 -1.8249e-05 0.00147037 -7.46808e-18
3.86 0 8.63493e-19 9.42633e-05 -8.51431e-06 0.000802214 -5.72365e-18
3.88 0 2.25002e-18 1.4325e-05 8.73368e-07 0.00012191 -1.17815e-18
3.9 0 4.51436e-19 -6.53674e-05 9.88131e-06 -0.000556299 -2.66155e-19
3.92 0 2.35313e-18 -0.000141799 1.88195e-05 -0.00120676 4.48764e-18
3.94 0 -3.62892e-18 -0.00021026 2.76602e-05 -0.00178938 -2.84351e-18
3.96 0 6.42078e-18 -0.000267762 3.56432e-05 -0.00227875 1.01278e-17
3.98 0 7.76411e-19 -0.000315792 4.16139e-05 -0.0026875 1.16963e-17
4 0 -4.77156e-18 -0.000358037 4.48096e-05 -0.00304702 2.05675e-18
4.02 0 1.39254e-18 -0.000395033 4.53703e-05 -0.00336186 4.86996e-18
4.04 0 -6.12453e-19 -0.000421194 4.41262e-05 -0.00358451 3.63268e-18
4.06 0 3.44327e-18 -0.000426809 4.18576e-05 -0.0036323 1.05888e-17
4.08 0 -7.91935e-18 -0.000403321 3.86945e-05 -0.0034324 -5.4099e-18
4.1 0 2.63976e-18 -0.000348314 3.42324e-05 -0.00296428 -7.7054e-20
4.12 0 1.00064e-18 -0.000266919 2.82217e-05 -0.00227157 1.94444e-18
4.14 0 -3.20599e-18 -0.000168796 2.10351e-05 -0.00143651 -4.5323e-18
4.16 0 1.97939e-19 -6.36301e-05 1.34312e-05 -0.000541514 -4.13242e-18
4.18 0 9.06113e-19 4.11794e-05 6.04996e-06 0.000350451 -2.30189e-18
4.2 0 -8.91463e-19 0.000140415 -7.56893e-07 0.00119498 -4.10282e-18
4.22 0 1.66751e-18 0.000230839 -6.85641e-06 0.00196452 -7.34123e-19
4.24 0 -1.51572e-18 0.00031143 -1.23999e-05 0.00265038 -3.79618e-18
4.26 0 2.39682e-18 0.000382664 -1.7859e-05 0.0032566 1.04588e-18
4.28 0 -1.22028e-18 0.000445051 -2.36903e-05 0.00378754 -1.41933e-18
4.3 0 -3.76454e-18 0.000498433 -2.98838e-05 0.00424184 -9.02447e-18
4.32 0 1.52357e-18 0.000541584 -3.5912e-05 0.00460907 -5.94654e-18
4.34 0 2.79214e-18 0.000570869 -4.1047e-05 0.00485829 -3.05852e-19
4.36 0 -4.76972e-18 0.000579806 -4.46644e-05 0.00493435 -9.94164e-18
4.38 0 8.04531e-18 0.000562128 -4.64104e-05 0.0047839 6.31152e-18
4.4 0 -3.31078e-18 0.000516445 -4.62193e-05 0.00439513 -3.76929e-19
4.42 0 6.68346e-18 0.0004478 -4.40483e-05 0.00381094 1.3125e-17
4.44 0 -4.05084e-18 0.000364909 -3.95056e-05 0.00310551 4.9415e-18
4.46 0 -3.52154e-19 0.000276365 -3.1887e-05 0.00235196 4.23007e-18
4.48 0 -1.60418e-18 0.000188511 -2.07475e-05 0.0016043 9.89301e-19
4.5 0 -4.21842e-18 0.000104307 -6.48816e-06 0.000887689 -7.53276e-18
4.52 0 5.14881e-18 2.18655e-05 9.57771e-06 0.000186083 2.86888e-18
4.54 0 1.25451e-18 -6.56106e-05 2.57395e-05 -0.000558369 5.40325e-18
4.56 0 -6.60166e-18 -0.000165757 4.06684e-05 -0.00141065 -7.93345e-18
4.58 0 1.58348e-18 -0.000280725 5.39713e-05 -0.00238907 -4.73451e-18
4.6 0 -1.3846e-18 -0.00040497 6.60781e-05 -0.00344644 -7.53168e-18
4.62 0 4.71843e-18 -0.000529933 7.74583e-05 -0.00450991 2.0005e-18
4.64 0 -5.24649e-18 -0.000650227 8.78021e-05 -0.00553366 -8.59847e-18
4.66 0 -8.25111e-18 -0.00076386 9.59597e-05 -0.00650072 -2.52674e-17
4.68 0 1.5978e-17 -0.000866176 0.000100696 -0.00737146 1.64111e-17
4.7 0 1.17577e-17 -0.000945485 0.000101423 -0.00804641 2.54168e-17
4.72 0 -6.14985e-19 -0.000987875 9.82176e-05 -0.00840716 8.77865e-18
4.74 0 -3.75548e-18 -0.000988344 9.13409e-05 -0.00841115 1.19183e-18
4.76 0 -3.82651e-18 -0.000956368 8.09069e-05 -0.00813903 -6.5385e-18
4.78 0 -4.0634e-18 -0.000908356 6.69237e-05 -0.00773042 -1.47474e-17
4.8 0 1.06864e-17 -0.000853898 4.95952e-05 -0.00726697 6.84123e-18
4.82 0 -1.30514e-18 -0.000789772 2.97176e-05 -0.00672123 4.20458e-18
4.84 0 -2.64302e-18 -0.000706906 8.80723e-06 -0.00601602 -1.13486e-18
4.86 0 -3.30672e-18 -0.000601808 -1.13743e-05 -0.0051216 -7.81511e-18
4.88 0 1.58737e-18 -0.000480439 -2.96171e-05 -0.0040887 -4.6083e-18
4.9 0 1.6592e-18 -0.000351736 -4.57258e-05 -0.0029934 -1.25637e-18
4.92 0 -2.28366e-18 -0.000219248 -6.04432e-05 -0.00186587 1.79194e-17
4.94 0 2.01143e-18 -8.07985e-05 -7.50576e-05 -0.000687624 1.77484e-17
4.96 0 9.49151e-19 6.36437e-05 -9.07576e-05 0.00054163 -1.26696e-17
4.98 0 -6.18794e-18 0.000205623 -0.000107784 0.00174992 7.44585e-18
5 0 7.32307e-19 0.000331371 -0.00012492 0.00282008 -3.23658e-18
5.02 0 1.32485e-17 0.000431524 -0.000139882 0.00367242 2.41724e-18
5.04 0 -1.69944e-17 0.000507541 -0.000150424 0.00431935 9.99193e-18
5.06 0 -1.78397e-17 0.000569302 -0.000155316 0.00484496 -4.61724e-17
5.08 0 -1.52226e-17 0.00062718 -0.000154607 0.00533752 -2.2634e-17
5.1 0 1.79615e-17 0.000685658 -0.000149137 0.00583519 4.45162e-17
5.12 0 -2.26874e-17 0.000742852 -0.000139665 0.00632193 -1.24567e-17
5.14 0 -2.10104e-17 0.000794667 -0.000126207 0.00676289 -2.59831e-17
5.16 0 -6.04586e-18 0.00083809 -0.000108109 0.00713244 -3.81969e-17
5.18 0 1.17933e-17 0.000869403 -8.47326e-05 0.00739893 -1.43721e-17
5.2 0 6.94512e-18 0.000879975 -5.6022e-05 0.00748889 -3.41595e-19
5.22 0 -1.67384e-18 0.000856793 -2.23953e-05 0.00729161 -3.72308e-18
5.24 0 -1.61096e-18 0.000789978 1.56936e-05 0.00672299 -8.37586e-18
5.26 0 2.54377e-19 0.000680486 5.76899e-05 0.00579118 2.32844e-17
5.28 0 5.30523e-18 0.000540081 0.000102065 0.00459628 2.56346e-17
5.3 0 -2.83163e-17 0.000383313 0.000145415 0.00326213 -6.8945e-17
5.32 0 4.27826e-17 0.000217752 0.00018278 0.00185314 7.02139e-18
5.34 0 -6.53566e-18 3.87838e-05 0.000209552 0.000330064 -1.55552e-17
5.36 0 -3.76236e-17 -0.00016717 0.000223723 -0.00142268 -6.6846e-17
5.38 0 8.41081e-18 -0.000410799 0.00022673 -0.00349604 7.43794e-18
5.4 0 4.33836e-17 -0.000686391 0.000222164 -0.00584142 1.03593e-17
5.42 0 5.35483e-18 -0.000967749 0.000213202 -0.00823588 1.10299e-17
5.44 0 5.11134e-18 -0.00121815 0.000201283 -0.0103669 1.92215e-17
5.46 0 3.1878e-17 -0.0014068 0.000187531 -0.0119724 9.28804e-17
5.48 0 -3.73327e-17 -0.00151757 0.000174134 -0.012915 3.77365e-17
5.5 0 -2.44021e-17 -0.00154563 0.000162577 -0.0131539 -5.23677e-17
5.52 0 7.07735e-18 -0.00149076 0.000150599 -0.0126869 -2.43897e-17
5.54 0 6.26039e-18 -0.00135581 0.000132587 -0.0115384 3.54278e-17
5.56 0 -1.23439e-17 -0.00114983 0.000104102 -0.00978544 -4.20452e-17
5.58 0 4.31254e-18 -0.000888957 6.57389e-05 -0.00756533 1.25425e-18
5.6 0 1.17278e-18 -0.000591982 2.25952e-05 -0.00503797 -1.0032e-17
5.62 0 -6.40462e-18 -0.000275229 -1.9032e-05 -0.0023423 -1.48847e-17
5.64 0 -8.18007e-20 4.58505e-05 -5.42308e-05 0.000390204 -6.87182e-18
5.66 0 -3.84506e-18 0.000349665 -8.03865e-05 0.00297577 -3.89136e-17
5.68 0 3.27726e-18 0.000607487 -9.74787e-05 0.00516993 -1.88782e-17
5.7 0 1.62313e-17 0.000795101 -0.000108094 0.00676659 -7.90653e-18
5.72 0 3.07125e-17 0.000906678 -0.000116478 0.00771614 1.71126e-17
5.74 0 1.12178e-17 0.00095485 -0.000126503 0.00812611 -1.85479e-17
5.76 0 -2.68861e-17 0.000955727 -0.000139655 0.00813357 -6.48203e-17
5.78 0 1.80047e-17 0.000913361 -0.000154465 0.00777302 -5.29646e-17
5.8 0 -2.06771e-17 0.000816817 -0.000167799 0.00695139 -4.21194e-17
5.82 0 -1.54399e-17 0.000650073 -0.000176921 0.00553235 -4.36575e-18
5.84 0 -9.21068e-18 0.000405887 -0.000180615 0.00345424 -2.29732e-17
5.86 0 -1.64217e-17 9.43794e-05 -0.000178583 0.000803201 -5.61483e-17
5.88 0 2.2146e-17 -0.00025821 -0.000170219 -0.00219746 -1.14089e-17
5.9 0 -2.59057e-18 -0.000619059 -0.000154636 -0.00526841 -1.66424e-17
5.92 0 -7.13072e-19 -0.000959338 -0.000132139 -0.0081643 3.07013e-18
5.94 0 6.49311e-18 -0.00125783 -0.000105112 -0.0107046 2.19814e-17
5.96 0 1.9723e-19 -0.0014973 -7.6647e-05 -0.0127425 1.18161e-17
5.98 0 -7.51768e-19 -0.00166131 -4.79481e-05 -0.0141383 2.6734e-17
6 0 -3.33273e-18 -0.00173641 -1.6978e-05 -0.0147774 1.30219e-18
6.02 0 -7.53395e-18 -0.0017155 2.04377e-05 -0.0145995 -5.15739e-18
6.04 0 -4.12671e-18 -0.0015991 6.77159e-05 -0.0136089 -7.15973e-18
6.06 0 9.16791e-19 -0.00139687 0.000124302 -0.0118879 -1.84148e-17
6.08 0 -1.23805e-18 -0.00112878 0.000183779 -0.00960633 3.4442e-17
6.1 0 -2.86461e-17 -0.00081902 0.000234889 -0.00697014 -4.44296e-17
6.12 0 -2.73981e-17 -0.000485651 0.000266043 -0.00413306 -7.32735e-17
6.14 0 3.0818e-17 -0.000138772 0.000271465 -0.001181 7.42526e-17
6.16 0 9.02858e-18 0.000214449 0.000254804 0.00182504 4.86062e-17
6.18 0 -1.67353e-17 0.000575217 0.000226847 0.0048953 1.35086e-17
6.2 0 8.68742e-18 0.000967758 0.000198486 0.00823596 1.13543e-17
6.22 0 -1.5981e-17 0.00143463 0.000174513 0.0122092 1.07415e-17
6.24 0 -2.96454e-17 0.00199809 0.000153003 0.0170044 9.92084e-18
6.26 0 1.0801e-17 0.00261291 0.000128811 0.0222368 1.81872e-17
6.28 0 1.03727e-18 0.00315307 9.60079e-05 0.0268342 -4.398e-18
6.3 0 1.33837e-18 0.00345883 4.86916e-05 0.0294373 5.71467e-18
6.32 0 -3.40335e-19 0.00343705 -1.61955e-05 0.029252 1.69715e-18
6.34 0 -4.235e-18 0.00314985 -9.66969e-05 0.0268078 -1.92149e-18
6.36 0 -2.71207e-17 0.00278847 -0.000187655 0.0237323 -4.95222e-17
6.38 0 -9.70695e-18 0.00252644 -0.00028209 0.0215024 6.40058e-17
6.4 0 -1.29083e-17 0.00239528 -0.000369705 0.0203862 -4.65586e-17
6.42 0 3.96941e-17 0.00231593 -0.000437924 0.0197109 1.86559e-19
6.44 0 4.70717e-17 0.0022377 -0.000477918 0.0190451 -1.14147e-16
6.46 0 -3.94385e-17 0.00218539 -0.000487596 0.0186 -2.23211e-17
6.48 0 1.6594e-17 0.00214888 -0.000469378 0.0182892 -2.4096e-18
6.5 0 2.04608e-17 0.00198967 -0.000429318 0.0169343 -7.97642e-17
6.52 0 8.52818e-17 0.0015194 -0.0003783 0.0129321 6.72364e-17
6.54 0 3.17503e-18 0.000679844 -0.000329945 0.00578722 8.47091e-18
6.56 0 -1.05754e-17 -0.000368772 -0.000294 -0.00313688 -5.4706e-17
6.58 0 5.81482e-17 -0.00134125 -0.000271417 -0.011413 6.46468e-17
6.6 0 -5.49361e-17 -0.00201498 -0.000254641 -0.0171468 -9.0316e-17
6.62 0 -4.14617e-17 -0.00234713 -0.000230593 -0.0199737 -9.45291e-18
6.64 0 1.54332e-17 -0.002434 -0.000185738 -0.0207131 -1.0556e-17
6.66 0 2.56933e-17 -0.00238628 -0.000113897 -0.020307 -2.35213e-17
6.68 0 -1.11568e-17 -0.00225827 -2.12691e-05 -0.0192175 -3.63703e-17
6.7 0 8.03297e-18 -0.00207312 7.76266e-05 -0.0176418 4.87503e-19
6.72 0 2.2405e-18 -0.00187611 0.000169414 -0.0159653 8.85602e-18
6.74 0 -2.31659e-18 -0.00174583 0.000246821 -0.0148565 1.61397e-17
6.76 0 4.36129e-20 -0.001756 0.000306402 -0.0149431 4.86358e-18
6.78 0 3.45981e-18 -0.00192844 0.00034529 -0.0164106 6.27233e-17
6.8 0 6.46341e-17 -0.00221624 0.000363164 -0.0188599 8.3192e-17
6.82 0 1.80451e-17 -0.00252387 0.00036566 -0.0214779 6.57594e-17
6.84 0 3.53809e-17 -0.0027364 0.00036216 -0.0232866 1.61163e-16
6.86 0 -2.54496e-17 -0.00274985 0.000358717 -0.023401 3.64353e-17
6.88 0 3.05774e-18 -0.0025102 0.000356098 -0.0213616 -6.32055e-17
6.9 0 -3.73489e-17 -0.0020337 0.00035506 -0.0173064 -2.57931e-18
6.92 0 -1.60872e-18 -0.00139809 0.000355919 -0.0118971 2.05521e-17
6.94 0 4.65118e-18 -0.000713434 0.000355832 -0.00607047 -5.86643e-17
6.96 0 -4.27879e-18 -8.00383e-05 0.000351163 -0.000680051 3.46445e-17
6.98 0 -1.1292e-17 0.000446998 0.000338423 0.00380521 -8.22259e-17
7 0 2.25069e-17 0.000865746 0.000313748 0.0073689 -7.30853e-17
7.02 0 -5.47831e-18 0.00120171 0.000273635 0.0102281 -7.74942e-17
7.04 0 1.69097e-17 0.00147293 0.000214921 0.0125363 1.99652e-17
7.06 0 -4.07265e-17 0.0016777 0.000135354 0.0142789 -5.4288e-18
7.08 0 -1.85736e-17 0.00180893 3.71153e-05 0.0153957 -2.43e-17
7.1 0 7.30302e-18 0.00187106 -7.03377e-05 0.0159245 4.06545e-18
7.12 0 -1.59941e-18 0.00188183 -0.000172087 0.0160161 8.40689e-18
7.14 0 -1.60397e-17 0.00186361 -0.000253419 0.0158611 -1.17617e-17
7.16 0 1.42297e-17 0.00183406 -0.000305882 0.0156096 2.73374e-17
7.18 0 3.55457e-18 0.00180106 -0.000329773 0.0153287 1.14298e-18
7.2 0 -1.53053e-17 0.00176637 -0.000330547 0.0150336 1.79601e-17
7.22 0 4.63707e-17 0.00173131 -0.000314251 0.0147352 1.12401e-16
7.24 0 3.75189e-17 0.00168812 -0.000287513 0.0143676 1.33242e-16
7.26 0 -1.21882e-17 0.0016009 -0.000258222 0.0136253 1.61493e-16
7.28 0 -8.63526e-18 0.00140496 -0.000233979 0.0119578 8.20033e-17
7.3 0 -2.99497e-17 0.00104202 -0.00021969 0.00886909 1.07584e-16
7.32 0 -4.61231e-18 0.000506635 -0.000215862 0.00431276 4.15455e-17
7.34 0 7.83222e-18 -0.000139825 -0.000218885 -0.00118885 3.13891e-17
7.36 0 -2.08922e-18 -0.000798966 -0.000221892 -0.00679836 1.52754e-17
7.38 0 8.54398e-18 -0.00137711 -0.000214873 -0.0117186 3.0009e-17
7.4 0 1.3134e-17 -0.00180869 -0.000186819 -0.0153915 -3.56568e-17
7.42 0 9.18306e-18 -0.00206307 -0.000132062 -0.0175564 5.55204e-18
7.44 0 -9.23231e-18 -0.0021465 -5.56705e-05 -0.0182664 1.58892e-17
7.46 0 -5.98088e-18 -0.00209562 2.89415e-05 -0.0178333 1.58251e-17
7.48 0 -4.13631e-18 -0.00195929 0.000108256 -0.0166731 6.67638e-18
7.5 0 -4.35328e-18 -0.00178179 0.000174255 -0.0151625 1.66724e-17
7.52 0 -6.17013e-20 -0.00159956 0.000223731 -0.0136117 -1.04535e-17
7.54 0 -4.76201e-18 -0.0014454 0.000255531 -0.0122997 2.84104e-17
7.56 0 -2.59766e-18 -0.00134619 0.000270085 -0.0114554 2.35579e-17
7.58 0 1.71991e-17 -0.00130794 0.000270545 -0.0111299 6.42455e-18
7.6 0 -4.06865e-17 -0.00129375 0.000262194 -0.0110091 -2.3192e-17
7.62 0 1.41012e-17 -0.00121849 0.000249584 -0.0103687 2.95721e-17
7.64 0 3.80637e-17 -0.000988061 0.000234719 -0.00840763 8.69662e-17
7.66 0 -1.95697e-17 -0.000567849 0.000218289 -0.00483149 6.1726e-17
7.68 0 -1.32911e-17 -1.64241e-05 0.00020157 -0.000138664 -5.80833e-18
7.7 0 1.99245e-17 0.000554564 0.000185885 0.00472064 1.22758e-17
7.72 0 -1.42082e-18 0.00105221 0.000169699 0.00895576 4.27985e-18
7.74 0 -2.24482e-17 0.00143489 0.000146473 0.0122125 -2.91267e-17
7.76 0 1.89338e-17 0.00169404 0.000106707 0.014418 4.6608e-17
7.78 0 -8.5607e-18 0.00182824 4.46709e-05 0.0155601 6.97463e-18
7.8 0 -3.10491e-18 0.00184004 -3.54548e-05 0.0156605 1.48021e-18
7.82 0 -1.03541e-18 0.00174725 -0.000120714 0.0148709 -1.39079e-17
7.84 0 4.40376e-18 0.00158835 -0.000196694 0.0135185 -4.10384e-18
7.86 0 5.63871e-18 0.00141567 -0.000253472 0.0120489 6.43596e-18
7.88 0 -1.64016e-17 0.00128027 -0.000286408 0.0108967 -5.29842e-17
7.9 0 -3.42679e-17 0.00121452 -0.000295041 0.0103371 -5.52426e-17
7.92 0 1.24234e-17 0.00121853 -0.000283132 0.0103712 -4.80134e-17
7.94 0 -1.98606e-17 0.00125269 -0.000258375 0.0106619 -4.3429e-17
7.96 0 8.53615e-18 0.00123803 -0.000229786 0.0105372 2.97057e-17
7.98 0 -2.50535e-17 0.00107981 -0.000204139 0.00919067 1.86187e-17
8 0 -1.3034e-18 0.000722661 -0.000184383 0.00615122 -2.5314e-17
8.02 0 -1.02569e-18 0.000199873 -0.00017045 0.0017021 -6.14753e-17
8.04 0 4.09925e-17 -0.000378096 -0.000160657 -0.00321662 2.61549e-17
8.06 0 2.13274e-17 -0.000892691 -0.000152081 -0.007596 -6.29666e-18
8.08 0 -1.63861e-17 -0.00127814 -0.000139774 -0.0108763 -3.25437e-17
8.1 0 -1.75052e-20 -0.00152675 -0.00011685 -0.012992 -5.74606e-17
8.12 0 1.58001e-17 -0.0016573 -7.78217e-05 -0.0141031 -4.68696e-18
8.14 0 1.39111e-17 -0.00169085 -2.3534e-05 -0.0143886 -2.74064e-18
8.16 0 3.26351e-18 -0.00165002 3.81571e-05 -0.0140411 -5.07182e-18
8.18 0 -1.13815e-18 -0.00156723 9.78077e-05 -0.0133366 2.4e-18
8.2 0 1.20385e-17 -0.00148391 0.000149998 -0.0126274 6.87626e-18
8.22 0 7.55086e-18 -0.00143636 0.000193435 -0.0122228 4.44296e-17
8.24 0 7.62124e-18 -0.00143722 0.000227311 -0.0122301 3.1422e-18
8.26 0 -2.49309e-17 -0.00146661 0.000249334 -0.0124803 -3.88555e-17
8.28 0 6.85026e-18 -0.00148004 0.000257129 -0.0125945 3.21305e-17
8.3 0 1.85231e-17 -0.0014268 0.000250578 -0.0121415 8.54977e-17
8.32 0 -1.59127e-17 -0.00126994 0.000232751 -0.0108065 -3.74476e-17
8.34 0 4.04032e-17 -0.00100348 0.000209163 -0.00853887 8.69102e-18
8.36 0 -1.64842e-18 -0.000658134 0.000185972 -0.00559984 3.36564e-17
8.38 0 1.9783e-18 -0.000284451 0.000167967 -0.00241966 3.36594e-17
8.4 0 -1.80209e-17 7.63829e-05 0.000157261 0.000651159 -2.46173e-17
8.42 0 2.08611e-17 0.000407267 0.000153135 0.0034671 -3.92268e-17
8.44 0 4.32919e-17 0.000705062 0.000152013 0.00600143 8.10314e-17
8.46 0 -1.91073e-17 0.000963844 0.000146694 0.00820376 6.66435e-17
8.48 0 -2.06121e-18 0.00117087 0.000127444 0.00996559 6.8454e-17
8.5 0 -9.37223e-18 0.00131385 8.76337e-05 0.0111824 -4.17575e-18
8.52 0 8.87852e-18 0.00138875 3.00781e-05 0.0118198 1.03352e-17
8.54 0 3.96829e-18 0.00140231 -3.34267e-05 0.0119353 1.51507e-18
8.56 0 4.40982e-19 0.0013693 -8.98835e-05 0.0116544 5.93275e-18
8.58 0 -1.13006e-18 0.00130678 -0.000131984 0.0111223 1.41661e-18
8.6 0 7.48418e-19 0.00122888 -0.000158237 0.0104593 6.56254e-18
8.62 0 -1.12698e-18 0.0011439 -0.000169709 0.00973613 -1.20025e-17
8.64 0 -1.29428e-18 0.00105121 -0.000168841 0.00894731 -3.26444e-17
8.66 0 -1.04665e-17 0.000935952 -0.00016004 0.00796639 -4.10726e-17
8.68 0 2.41051e-18 0.000769937 -0.00014889 0.00655355 -2.74473e-17
8.7 0 4.4625e-17 0.000528771 -0.000139906 0.00450114 1.75506e-17
8.72 0 -1.96332e-18 0.000214652 -0.000135081 0.00182788 -2.73502e-17
8.74 0 2.04768e-17 -0.000140089 -0.000134147 -0.00119109 -1.71534e-17
8.76 0 -3.41738e-17 -0.000493824 -0.000135711 -0.0042015 -8.00733e-17
8.78 0 5.98105e-18 -0.000817552 -0.000138009 -0.00695654 -3.29315e-17
8.8 0 -1.71358e-18 -0.00109867 -0.000138658 -0.00934892 -1.89524e-17
8.82 0 -3.02793e-18 -0.00133183 -0.000133805 -0.0113333 -2.12309e-17
8.84 0 1.58365e-17 -0.00151183 -0.000118134 -0.0128651 1.09269e-17
8.86 0 -2.73438e-18 -0.00163312 -8.75053e-05 -0.0138973 -6.55321e-18
8.88 0 -1.56071e-17 -0.00169278 -4.29821e-05 -0.014405 4.95859e-20
8.9 0 8.07018e-20 -0.00169393 8.47951e-06 -0.0144148 -1.9548e-17
8.92 0 2.60811e-18 -0.0016472 5.83941e-05 -0.0140171 -6.87808e-18
8.94 0 2.79962e-18 -0.00156737 0.000101202 -0.0133377 -9.18256e-18
8.96 0 5.02139e-18 -0.0014663 0.000134242 -0.0124776 1.56716e-18
8.98 0 -6.04085e-19 -0.00134608 0.000155699 -0.0114545 6.02215e-18
9 0 7.28276e-18 -0.00119605 0.000165029 -0.0101777 -6.16812e-18
9.02 0 -6.30907e-18 -0.000998595 0.000164886 -0.00849728 -2.00922e-17
9.04 0 3.3329e-18 -0.000745978 0.000160521 -0.00634742 -2.64399e-17
9.06 0 1.75991e-17 -0.000454397 0.000156478 -0.00386597 6.69059e-17
9.08 0 2.14728e-17 -0.000154633 0.00015422 -0.00131486 1.20609e-16
9.1 0 -3.97969e-17 0.000135688 0.000152822 0.00115587 -2.76885e-17
9.12 0 8.62457e-18 0.000425759 0.000151064 0.00362448 4.08987e-17
9.14 0 -1.61921e-17 0.000732657 0.000148149 0.00623628 3.24079e-17
9.16 0 -2.21639e-17 0.00105014 0.000142313 0.00893814 -2.27411e-17
9.18 0 2.71115e-18 0.00133855 0.000129194 0.0113926 -1.57298e-18
9.2 0 -7.60426e-18 0.00154642 0.000102873 0.0131616 -1.54699e-17
9.22 0 -6.30579e-18 0.00164509 6.05935e-05 0.0140014 -3.40342e-17
9.24 0 3.69886e-18 0.00164789 7.48509e-06 0.0140252 -1.49469e-17
9.26 0 5.98198e-18 0.00159894 -4.46224e-05 0.0136086 -1.68718e-17
9.28 0 3.06476e-18 0.00154233 -8.46495e-05 0.0131269 -6.92567e-18
9.3 0 2.98956e-18 0.00149879 -0.000109087 0.0127563 -3.21179e-19
9.32 0 3.07992e-18 0.00146584 -0.000122232 0.012476 7.4135e-18
9.34 0 1.49241e-17 0.00143115 -0.000131139 0.0121807 3.62782e-17
9.36 0 8.717e-18 0.00137793 -0.000140611 0.0117278 4.37675e-18
9.38 0 -7.21087e-19 0.00127836 -0.00015138 0.0108804 2.18017e-17
9.4 0 7.57098e-18 0.00109586 -0.000161247 0.00932727 9.2048e-18
9.42 0 2.65267e-18 0.000810639 -0.000167614 0.00689993 -3.39692e-17
9.44 0 3.21582e-17 0.000446233 -0.000169427 0.00379871 -4.71698e-17
9.46 0 -2.13557e-18 6.20902e-05 -0.000167165 0.000529523 1.53054e-17
9.48 0 -3.82392e-18 -0.000285016 -0.000161488 -0.00242447 2.5568e-18
9.5 0 -4.26724e-18 -0.000571082 -0.00015225 -0.004859 5.01169e-17
9.52 0 -1.5627e-17 -0.00080113 -0.00013856 -0.00681678 8.00799e-18
9.54 0 -1.25264e-17 -0.000986675 -0.000119282 -0.00839584 -6.81376e-18
9.56 0 -5.25368e-18 -0.00113239 -9.31937e-05 -0.00963588 -5.3687e-18
9.58 0 1.05621e-17 -0.00123885 -5.91907e-05 -0.0105419 9.24151e-18
9.6 0 -8.81184e-18 -0.00130909 -1.73786e-05 -0.0111397 -1.62026e-18
9.62 0 3.55624e-18 -0.00134935 2.96527e-05 -0.0114823 -5.61113e-18
9.64 0 1.65611e-18 -0.00136555 7.70258e-05 -0.0116202 5.61081e-20
9.66 0 -5.30752e-20 -0.00136019 0.000119286 -0.0115746 -4.04923e-18
9.68 0 2.59294e-17 -0.00133185 0.000151993 -0.0113334 4.50513e-18
9.7 0 3.12504e-18 -0.0012767 0.000172348 -0.0108641 3.17206e-17
9.72 0 1.13972e-19 -0.00119016 0.000179565 -0.0101276 -2.84236e-18
9.74 0 2.15877e-18 -0.00106647 0.000175331 -0.00907494 -7.73117e-18
9.76 0 4.17187e-17 -0.00089883 0.000163581 -0.00764824 7.54968e-17
9.78 0 -8.41515e-18 -0.000683895 0.000149114 -0.00581907 4.34095e-17
9.8 0 -1.13362e-17 -0.000426594 0.000135658 -0.00362935 1.60202e-17
9.82 0 -3.39322e-18 -0.000137182 0.000124363 -0.00116635 3.50971e-17
9.84 0 -5.36492e-18 0.000175092 0.00011338 0.00149121 1.98538e-17
9.86 0 -4.21024e-18 0.000498954 9.84948e-05 0.00424738 -7.92387e-18
9.88 0 3.87549e-18 0.000810104 7.47754e-05 0.00689538 -5.65177e-18
9.9 0 7.54751e-18 0.00107016 3.93692e-05 0.00910853 -5.19515e-18
9.92 0 5.12077e-18 0.00124479 -5.84015e-06 0.0105947 1.57054e-18
9.94 0 1.32011e-19 0.00132646 -5.44607e-05 0.0112897 -1.47717e-17
9.96 0 5.80339e-19 0.00133923 -9.91887e-05 0.0113985 -7.3306e-18
9.98 0 -4.6739e-18 0.00132127 -0.000135476 0.0112456 -1.29189e-17
10 0 -1.0734e-17 0.00130102 -0.000162176 0.0110733 -6.33216e-17
10.02 0 8.62972e-18 0.00128602 -0.000179881 0.0109456 -1.45287e-17
10.04 0 -7.33234e-18 0.00126923 -0.000189589 0.0108027 -4.36668e-17
10.06 0 -4.57308e-17 0.00124305 -0.000192666 0.0105799 -8.50188e-17
10.08 0 -2.85374e-17 0.00120534 -0.000191173 0.010259 -7.44048e-17
10.1 0 -1.63278e-17 0.00114953 -0.000187387 0.00978404 -1.67845e-16
10.12 0 5.85048e-17 0.00105123 -0.000182534 0.00894745 -2.72788e-17
10.14 0 -2.97597e-17 0.000875337 -0.000175959 0.00745054 -3.51819e-17
10.16 0 3.73861e-18 0.000605979 -0.000165592 0.0051582 -5.19852e-17
10.18 0 -1.50622e-18 0.00026896 -0.000149189 0.00229006 -1.88057e-17
10.2 0 -6.96621e-18 -7.95514e-05 -0.000125403 -0.000675896 -3.09695e-17
10.22 0 5.33567e-18 -0.000387109 -9.43996e-05 -0.00329332 1.55933e-17
10.24 0 -3.70583e-18 -0.00062963 -5.80725e-05 -0.00535726 5.18591e-18
10.26 0 1.54434e-18 -0.000811556 -1.94202e-05 -0.00690551 -2.79084e-20
10.28 0 -8.40504e-19 -0.000951116 1.88726e-05 -0.00809321 -6.18208e-18
10.3 0 1.17275e-18 -0.00106497 5.53298e-05 -0.00906219 -4.20915e-18
10.32 0 -4.24809e-18 -0.00116011 8.9151e-05 -0.00987184 -8.8772e-18
10.34 0 2.62967e-17 -0.00123512 0.000119211 -0.0105102 2.54716e-17
10.36 0 1.43971e-17 -0.00128747 0.000143961 -0.0109557 -9.12288e-18
10.38 0 1.46181e-17 -0.0013179 0.000162122 -0.0112146 -1.90477e-17
10.4 0 -9.08437e-18 -0.00132635 0.000173181 -0.0112866 -2.66281e-17
10.42 0 2.58163e-17 -0.00130383 0.000177315 -0.0110949 4.53326e-17
10.44 0 -4.01862e-17 -0.00122963 0.00017512 -0.0104635 -8.78342e-17
10.46 0 4.51134e-17 -0.00107937 0.000167487 -0.00918467 -1.7669e-17
10.48 0 -4.7309e-17 -0.000840891 0.00015557 -0.00715516 -5.17711e-17
10.5 0 1.44803e-17 -0.000527973 0.00014059 -0.00449212 3.9427e-17
10.52 0 -1.47825e-17 -0.000177877 0.000123284 -0.00151268 1.95614e-17
10.54 0 -1.80623e-17 0.000168652 0.000103176 0.0014364 -6.76975e-18
10.56 0 -3.90313e-18 0.000486367 7.8688e-05 0.00414027 -8.32681e-18
10.58 0 -6.32775e-18 0.000765849 4.87128e-05 0.00651876 -2.13931e-17
10.6 0 3.36781e-18 0.00100233 1.42445e-05 0.00853128 -7.77097e-18
10.62 0 6.76831e-19 0.00119181 -2.19377e-05 0.0101438 -4.83083e-18
10.64 0 2.01849e-18 0.00133596 -5.7197e-05 0.0113706 6.17664e-18
10.66 0 -2.54896e-18 0.00144238 -9.0373e-05 0.0122763 1.80605e-17
10.68 0 8.38813e-18 0.00151614 -0.000121395 0.012904 6.65727e-19
10.7 0 8.25126e-19 0.00155284 -0.000150033 0.0132163 5.25534e-18
10.72 0 -1.25491e-17 0.00154145 -0.000175024 0.0131194 2.69683e-18
10.74 0 -1.54385e-18 0.00147374 -0.000194095 0.0125431 -2.3133e-17
10.76 0 2.39986e-17 0.00135138 -0.00020486 0.0115018 -2.17185e-17
10.78 0 3.69558e-17 0.00118402 -0.000206226 0.0100775 -1.02927e-17
10.8 0 -1.8095e-17 0.0009786 -0.000199154 0.00832934 -5.24689e-17
10.82 0 1.2583e-17 0.000732233 -0.000186003 0.00623267 -4.38414e-18
10.84 0 -2.31786e-17 0.000439844 -0.000169218 0.00374434 -4.06362e-17
10.86 0 2.28544e-17 0.000108288 -0.000150455 0.000922684 -2.47652e-17
10.88 0 5.00671e-18 -0.000240446 -0.000130303 -0.00204517 -1.91981e-17
10.9 0 -2.35712e-17 -0.000579172 -0.00010837 -0.00492784 -4.93346e-17
10.92 0 2.31906e-17 -0.000885969 -8.37605e-05 -0.00753879 2.2096e-17
10.94 0 -5.29713e-18 -0.00114695 -5.57278e-05 -0.00975985 -1.95802e-17
10.96 0 1.94073e-18 -0.00135411 -2.38054e-05 -0.0115228 -2.47133e-18
10.98 0 -2.81321e-18 -0.00150229 1.25016e-05 -0.0127839 -1.06411e-18
11 0 -1.48641e-18 -0.00158747 5.32617e-05 -0.0135088 -1.34512e-18
11.02 0 -5.63561e-18 -0.001609 9.66069e-05 -0.013692 1.94169e-17
11.04 0 -1.52145e-17 -0.00157537 0.000137919 -0.0134058 8.58776e-18
11.06 0 1.74899e-17 -0.0015061 0.000171303 -0.0128163 2.4843e-17
11.08 0 -9.2269e-19 -0.00142346 0.000192383 -0.012113 2.11598e-17
11.1 0 -1.47424e-17 -0.00133815 0.000200132 -0.011387 -1.8562e-17
11.12 0 -4.6304e-18 -0.00123891 0.000196711 -0.0105424 2.63297e-17
11.14 0 4.35709e-17 -0.00109274 0.000185935 -0.00929849 8.21515e-17
11.16 0 -2.72289e-17 -0.000860959 0.000171473 -0.00732595 -7.50156e-18
11.18 0 1.8397e-17 -0.000527701 0.000155765 -0.00448981 3.63273e-17
11.2 0 -3.35349e-18 -0.000118358 0.000139836 -0.00100615 -2.23401e-17
11.22 0 -2.11398e-17 0.000313684 0.00012351 0.00267067 -3.61946e-17
11.24 0 1.73819e-17 0.000719144 0.000105515 0.00612128 1.30142e-17
11.26 0 -6.35592e-18 0.00107002 8.37271e-05 0.00910735 -4.00485e-17
11.28 0 1.01176e-18 0.00135227 5.60691e-05 0.0115094 -2.86007e-17
11.3 0 1.56092e-17 0.00155551 2.17551e-05 0.0132391 1.63179e-18
11.32 0 -1.69643e-18 0.00167521 -1.82738e-05 0.0142577 -1.29703e-17
11.34 0 3.43106e-18 0.00171882 -6.18979e-05 0.0146289 -2.58136e-18
11.36 0 -7.38601e-19 0.00170507 -0.000106163 0.0145119 -8.35332e-18
11.38 0 -3.83053e-18 0.00165848 -0.000147011 0.0141154 6.10639e-18
11.4 0 1.8719e-17 0.00160356 -0.000179746 0.013648 1.03396e-17
11.42 0 9.05874e-18 0.00155711 -0.000200971 0.0132526 -4.15049e-18
11.44 0 2.25727e-18 0.0015192 -0.000210391 0.01293 -2.3386e-17
11.46 0 4.84045e-18 0.00146923 -0.000210542 0.0125048 1.63756e-17
11.48 0 -1.64201e-17 0.00137043 -0.000204785 0.0116639 9.22118e-18
11.5 0 2.75669e-17 0.00118322 -0.000195418 0.0100707 8.15438e-17
11.52 0 -1.23838e-17 0.00088726 -0.000183129 0.007552 -5.72891e-17
11.54 0 8.43151e-18 0.000499272 -0.000167687 0.00425009 -5.87077e-17
11.56 0 2.77589e-17 6.64441e-05 -0.000148978 0.000566577 -4.04516e-18
11.58 0 -1.4441e-17 -0.000361871 -0.000127494 -0.00307853 -2.73938e-17
11.6 0 1.08873e-17 -0.000754021 -0.000103934 -0.00641587 4.16755e-18
11.62 0 9.4848e-18 -0.00109125 -7.83211e-05 -0.0092858 -1.13523e-17
11.64 0 3.06561e-18 -0.00135717 -4.97065e-05 -0.0115489 -2.69099e-18
11.66 0 9.51938e-19 -0.00154197 -1.70415e-05 -0.0131216 -1.34389e-17
11.68 0 -1.59612e-18 -0.00165217 1.95423e-05 -0.0140594 -9.51542e-18
11.7 0 -1.55847e-18 -0.00170734 5.83164e-05 -0.0145289 -8.80245e-18
11.72 0 4.09416e-18 -0.0017265 9.66922e-05 -0.014692 -4.72413e-19
11.74 0 1.54484e-18 -0.00172043 0.000132267 -0.0146403 -9.79724e-18
11.76 0 6.99374e-18 -0.00169433 0.000163241 -0.0144183 6.08751e-18
11.78 0 8.5258e-18 -0.00165226 0.00018804 -0.0140602 2.63578e-17
11.8 0 -8.07888e-18 -0.00159714 0.000204792 -0.0135911 2.67032e-17
11.82 0 7.43448e-18 -0.00152617 0.000211551 -0.0129871 9.38581e-17
11.84 0 -5.60111e-17 -0.00142203 0.000207453 -0.0121008 -5.16057e-17
11.86 0 -3.06994e-17 -0.00124866 0.000193869 -0.0106254 -1.48583e-16
11.88 0 6.19528e-17 -0.00096847 0.000174475 -0.00824091 -1.49628e-17
11.9 0 -1.40493e-17 -0.00057604 0.000153838 -0.00490119 3.23181e-18
11.92 0 4.011e-18 -0.000113836 0.000135178 -0.00096767 -4.4766e-17
11.94 0 -1.11324e-18 0.000350903 0.000118932 0.00298742 1.22184e-17
11.96 0 -2.40209e-19 0.000764696 0.000103115 0.00650894 1.50752e-17
11.98 0 5.57965e-18 0.00110592 8.46643e-05 0.00941291 8.70501e-18
12 0 8.13602e-19 0.00137631 6.06238e-05 0.011714 1.33136e-17
12.02 0 1.07725e-18 0.00158395 2.91132e-05 0.0134811 -1.53176e-18
12.04 0 -2.29479e-18 0.00173308 -9.85493e-06 0.0147502 9.89008e-19
12.06 0 4.15229e-18 0.00182416 -5.41204e-05 0.0155253 6.93832e-18
12.08 0 -4.6697e-18 0.0018617 -9.96978e-05 0.0158448 6.98899e-18
12.1 0 -1.0342e-18 0.00186161 -0.000141453 0.0158441 6.16778e-18
12.12 0 3.30064e-18 0.00184835 -0.000174372 0.0157312 1.29903e-17
12.14 0 -2.00313e-17 0.00184131 -0.000195413 0.0156713 -3.73988e-17
12.16 0 2.89723e-18 0.00184248 -0.00020473 0.0156812 -4.51761e-18
12.18 0 -1.85501e-17 0.00183542 -0.000204871 0.0156212 -6.88723e-18
12.2 0 2.62595e-18 0.00179185 -0.000198822 0.0152504 1.37996e-17
12.22 0 -4.67567e-17 0.00167604 -0.000189033 0.0142648 -7.08405e-17
12.24 0 2.42766e-17 0.00145201 -0.000177538 0.0123582 7.17143e-18
12.26 0 -2.12782e-17 0.00110436 -0.000166122 0.00939961 1.3287e-17
12.28 0 2.06196e-17 0.000658257 -0.000156167 0.00560311 1.35257e-16
12.3 0 -2.3251e-17 0.000170447 -0.000148124 0.00145168 -4.91365e-17
12.32 0 2.54931e-17 -0.000304133 -0.000141054 -0.00258716 5.86341e-17
12.34 0 -1.74564e-17 -0.00073453 -0.000132454 -0.00624999 8.92868e-18
12.36 0 -3.5033e-19 -0.00110621 -0.000118445 -0.00941308 -1.33036e-18
12.38 0 1.9499e-17 -0.00140377 -9.4893e-05 -0.0119455 4.68639e-17
12.4 0 -7.41029e-18 -0.00160908 -5.96277e-05 -0.0136927 3.27753e-17
12.42 0 1.05021e-17 -0.00171415 -1.42735e-05 -0.0145869 3.07879e-17
12.44 0 -6.66119e-18 -0.00173226 3.59222e-05 -0.0147411 -4.71439e-18
12.46 0 2.93145e-18 -0.00169655 8.4056e-05 -0.0144371 -2.59176e-18
12.48 0 -3.53469e-18 -0.00164694 0.000123934 -0.0140149 -1.22697e-17
12.5 0 2.26697e-18 -0.00161277 0.00015181 -0.0137241 8.23287e-18
12.52 0 3.43401e-18 -0.00160176 0.000167037 -0.0136304 1.63652e-17
12.54 0 -6.26314e-18 -0.00160258 0.000171421 -0.0136374 -5.39344e-17
12.56 0 -9.47414e-18 -0.00159544 0.000167756 -0.0135767 -3.50124e-17
12.58 0 1.73377e-17 -0.00155505 0.000158716 -0.0132329 1.13933e-17
12.6 0 2.44682e-17 -0.00144293 0.000146489 -0.0122787 2.63094e-17
12.62 0 2.80323e-18 -0.0012135 0.000132868 -0.0103262 -1.40907e-17
12.64 0 7.80586e-18 -0.00084724 0.000119415 -0.00720919 9.12519e-18
12.66 0 3.27e-18 -0.000378666 0.000107149 -0.00322147 8.32444e-18
12.68 0 1.46004e-17 0.000118974 9.5811e-05 0.00101362 3.10283e-17
12.7 0 1.36804e-18 0.000577773 8.37044e-05 0.00491816 1.80918e-17
12.72 0 -3.18e-19 0.000961651 6.85677e-05 0.0081851 -2.75371e-18
12.74 0 -9.11276e-18 0.00126094 4.87543e-05 0.0107321 -1.96539e-17
12.76 0 2.88479e-18 0.00147861 2.39047e-05 0.0125846 1.13385e-18
12.78 0 -9.33873e-19 0.00162527 -5.00505e-06 0.0138328 4.65879e-19
12.8 0 -5.00632e-18 0.00171685 -3.60291e-05 0.0146121 -4.89575e-18
12.82 0 -8.90815e-19 0.00176834 -6.68991e-05 0.0150503 -1.53773e-17
12.84 0 5.82168e-19 0.0017878 -9.56918e-05 0.0152159 -7.65514e-18
12.86 0 4.9497e-18 0.00177566 -0.000121059 0.0151126 2.62263e-18
12.88 0 -8.63865e-18 0.00172861 -0.000141826 0.0147122 2.3421e-18
12.9 0 3.00253e-18 0.00164354 -0.000156271 0.0139882 2.17352e-17
12.92 0 -3.89784e-19 0.00151687 -0.000162275 0.0129102 7.51742e-18
12.94 0 2.03719e-17 0.00133708 -0.000158954 0.0113801 2.88748e-17
12.96 0 2.78964e-17 0.00108216 -0.000147882 0.00921068 4.33309e-17
12.98 0 6.66953e-18 0.000736918 -0.000132529 0.00627254 2.40493e-17
13 0 -4.0246e-18 0.000316884 -0.000116617 0.0026979 1.23528e-17
13.02 0 8.4993e-18 -0.000131034 -0.000102441 -0.00111403 2.33691e-17
13.04 0 -1.02648e-17 -0.000553865 -9.02163e-05 -0.00471247 -1.60155e-17
13.06 0 -4.95415e-18 -0.000916633 -7.85722e-05 -0.00779975 -1.27303e-17
13.08 0 1.55225e-18 -0.00120632 -6.49824e-05 -0.0102651 -1.28138e-18
13.1 0 8.7181e-18 -0.00142303 -4.59221e-05 -0.0121093 1.64212e-17
13.12 0 -4.77608e-18 -0.00157192 -1.81212e-05 -0.0133765 -7.48134e-19
13.14 0 3.40737e-18 -0.00165985 1.90249e-05 -0.0141247 3.49876e-18
13.16 0 -1.51216e-18 -0.00169548 6.20899e-05 -0.014428 -8.11024e-18
13.18 0 3.20442e-18 -0.00169159 0.000104853 -0.0143949 4.06395e-18
13.2 0 1.09561e-18 -0.00166561 0.00014104 -0.0141738 1.90643e-17
13.22 0 -2.64982e-18 -0.00163481 0.000166404 -0.0139117 -1.16546e-17
13.24 0 -9.14734e-18 -0.00160897 0.000179234 -0.0136918 9.34155e-18
13.26 0 2.23484e-17 -0.00158553 0.000179783 -0.0134923 3.31426e-17
13.28 0 -2.19763e-18 -0.00154663 0.000169637 -0.0131612 4.77229e-18
13.3 0 5.44792e-18 -0.00145603 0.000151589 -0.0123902 -1.88075e-17
13.32 0 -5.28638e-18 -0.00126511 0.000129631 -0.0107654 -1.73976e-17
13.34 0 1.63809e-17 -0.00093874 0.000108424 -0.00798789 5.81733e-17
13.36 0 -1.03159e-17 -0.000485287 9.20923e-05 -0.00412885 5.22828e-18
13.38 0 1.06752e-17 4.25278e-05 8.26608e-05 0.00036304 -9.86219e-18
13.4 0 6.96656e-19 0.000578045 7.9125e-05 0.00492048 4.9999e-18
13.42 0 -1.47914e-17 0.00106837 7.76652e-05 0.00909328 -4.85233e-17
13.44 0 5.15273e-18 0.00147759 7.26933e-05 0.0125759 -1.2601e-17
13.46 0 -1.80533e-18 0.00177953 5.86779e-05 0.0151455 -4.51838e-18
13.48 0 4.36904e-18 0.00195887 3.27041e-05 0.0166718 -3.05716e-18
13.5 0 3.40781e-18 0.00201854 -3.74087e-06 0.0171796 9.19987e-18
13.52 0 1.25278e-18 0.0019817 -4.56168e-05 0.0168661 1.59587e-17
13.54 0 -5.10615e-18 0.00188549 -8.72361e-05 0.0160473 1.12447e-17
13.56 0 4.03407e-18 0.00176954 -0.000124468 0.0150605 1.3003e-17
13.58 0 1.09235e-17 0.00166272 -0.000154622 0.0141514 -1.35881e-17
13.6 0 -1.78586e-18 0.00157442 -0.000175211 0.0133999 -1.14692e-17
13.62 0 -8.74535e-18 0.00149553 -0.000183827 0.0127286 -8.6459e-18
13.64 0 1.35816e-17 0.00140218 -0.000179828 0.0119342 -7.41417e-18
13.66 0 5.17003e-18 0.00125572 -0.000165928 0.0106878 -1.53372e-19
13.68 0 -2.93565e-17 0.00101142 -0.000147686 0.00860862 -7.7265e-17
13.7 0 4.33016e-18 0.000645086 -0.000131227 0.00549102 -3.95859e-17
13.72 0 1.06295e-17 0.00017708 -0.000120489 0.00150813 3.62659e-17
13.74 0 -2.36712e-17 -0.000332251 -0.000115415 -0.00282645 1.90084e-17
13.76 0 1.1274e-17 -0.000809615 -0.000112585 -0.00688899 1.27199e-17
13.78 0 -2.80915e-18 -0.00119443 -0.00010779 -0.0101639 2.65434e-17
13.8 0 4.34696e-18 -0.00145445 -9.79416e-05 -0.0123768 -1.04728e-17
13.82 0 -5.2071e-18 -0.00159382 -8.11211e-05 -0.0135629 4.65941e-18
13.84 0 -1.27087e-17 -0.00164875 -5.63744e-05 -0.0140303 -1.07349e-17
13.86 0 8.53524e-18 -0.00166706 -2.45191e-05 -0.0141861 2.13555e-17
13.88 0 5.8174e-18 -0.00168459 1.12195e-05 -0.0143353 1.88583e-17
13.9 0 2.36398e-18 -0.00171598 4.62068e-05 -0.0146025 1.09368e-18
13.92 0 -5.42084e-19 -0.00176134 7.63041e-05 -0.0149885 8.68388e-18
13.94 0 3.00916e-18 -0.00181616 9.89621e-05 -0.015455 2.05928e-17
13.96 0 -4.75325e-18 -0.00187463 0.00011325 -0.0159526 4.41763e-19
13.98 0 5.4192e-19 -0.00192483 0.000119623 -0.0163798 6.73423e-18
14 0 -6.35413e-19 -0.00193777 0.000119662 -0.01649 6.33878e-18
14.02 0 2.39311e-18 -0.00186069 0.000116031 -0.015834 -7.80961e-18
14.04 0 8.32816e-19 -0.00163522 0.000112432 -0.0139152 2.45116e-17
14.06 0 -3.99673e-19 -0.00124247 0.000112344 -0.0105728 3.04369e-18
14.08 0 -5.11913e-18 -0.000736615 0.000116596 -0.00626774 -1.51471e-17
14.1 0 6.96152e-18 -0.000222781 0.000122083 -0.00189483 -1.35118e-17
14.12 0 -2.0286e-17 0.000209279 0.000123849 0.00178215 -2.89399e-17
14.14 0 2.10806e-17 0.000534345 0.000119304 0.00454857 1.32462e-17
14.16 0 -6.44933e-19 0.000784796 0.00011021 0.00668 -2.8013e-17
14.18 0 -2.41899e-18 0.00100763 0.000100154 0.00857641 -1.75875e-17
14.2 0 3.67886e-18 0.00122714 9.02868e-05 0.0104445 -3.09366e-18
14.22 0 6.62667e-18 0.00143379 7.77895e-05 0.0122032 1.41932e-17
14.24 0 -7.2196e-18 0.0015965 5.84064e-05 0.0135879 3.28713e-18
14.26 0 -2.92067e-18 0.00168612 3.06939e-05 0.0143506 2.36882e-17
14.28 0 1.55005e-17 0.00169446 -1.75284e-06 0.0144215 -1.61776e-17
14.3 0 8.17691e-18 0.00163701 -3.22584e-05 0.0139326 -1.55981e-18
14.32 0 2.6224e-18 0.00154144 -5.55618e-05 0.0131193 1.70213e-17
14.34 0 -6.45854e-18 0.00143461 -7.06298e-05 0.0122101 2.91267e-18
14.36 0 5.80492e-18 0.00133484 -7.95311e-05 0.0113611 -2.95627e-18
14.38 0 -9.46195e-18 0.00124387 -8.44009e-05 0.0105869 2.58344e-17
14.4 0 -5.20383e-18 0.00113666 -8.62558e-05 0.00967446 7.46215e-18
14.42 0 -1.34694e-17 0.000965773 -8.66463e-05 0.00822018 1.05992e-17
14.44 0 -1.31803e-17 0.000691317 -8.88735e-05 0.00588446 -1.16957e-17
14.46 0 1.24891e-17 0.000314011 -9.59916e-05 0.00267346 7.96721e-18
14.48 0 1.93376e-17 -0.000122564 -0.000107599 -0.00104195 3.966e-17
14.5 0 -4.15549e-18 -0.000560716 -0.000119339 -0.00477077 1.85634e-17
14.52 0 -5.7538e-19 -0.000954477 -0.000125783 -0.00812182 -1.47064e-17
14.54 0 1.40562e-17 -0.00127198 -0.00012369 -0.0108239 -6.78148e-19
14.56 0 -2.5447e-18 -0.0014886 -0.000112765 -0.0126674 -1.54394e-17
14.58 0 1.28507e-18 -0.00159015 -9.39589e-05 -0.0135316 -1.49584e-17
14.6 0 1.76711e-17 -0.00158315 -6.79092e-05 -0.0134721 -8.03609e-18
14.62 0 4.8617e-18 -0.0014985 -3.55845e-05 -0.0127516 1.82522e-17
14.64 0 9.24288e-18 -0.00138326 -2.68815e-08 -0.0117709 -2.53105e-17
14.66 0 1.19876e-17 -0.00128469 3.37415e-05 -0.0109321 -1.14737e-17
14.68 0 6.09355e-18 -0.00123207 6.11332e-05 -0.0104843 -4.77072e-18
14.7 0 -2.9036e-18 -0.00122219 8.0163e-05 -0.0104001 -1.13689e-17
14.72 0 2.07895e-18 -0.00121394 9.15549e-05 -0.01033 -3.20355e-18
14.74 0 -4.83193e-18 -0.00113697 9.76397e-05 -0.00967487 -6.03577e-18
14.76 0 1.29972e-17 -0.000922908 0.000101357 -0.00785316 6.35101e-18
14.78 0 1.40682e-17 -0.000554502 0.000105396 -0.00471789 3.03734e-17
14.8 0 -6.66727e-18 -9.26479e-05 0.000111127 -0.000787352 -5.94445e-18
14.82 0 1.07701e-17 0.000357291 0.000117992 0.00304178 4.65909e-17
14.84 0 1.5046e-17 0.000716445 0.000124232 0.00609831 -9.39956e-18
14.86 0 2.70288e-17 0.000971141 0.000128199 0.00826586 -2.27393e-17
14.88 0 9.93981e-18 0.00114905 0.000128507 0.00977991 -4.51273e-17
14.9 0 1.05928e-17 0.00127313 0.000122852 0.0108359 1.25814e-17
14.92 0 1.60247e-18 0.00134484 0.000107558 0.0114461 2.11176e-18
14.94 0 -8.02126e-18 0.00136162 7.97262e-05 0.011589 -4.13772e-17
14.96 0 -2.64097e-18 0.00133877 4.05146e-05 0.0113945 -5.68105e-17
14.98 0 -6.8976e-20 0.00130978 -4.19561e-06 0.0111478 -2.36072e-17
15 0 7.9215e-18 0.00130369 -4.70237e-05 0.0110959 9.97318e-18
15.02 0 1.43992e-18 0.00131958 -8.29607e-05 0.0112312 2.8214e-18
15.04 0 8.547e-19 0.00132133 -0.000109971 0.0112461 -6.38031e-18
15.06 0 2.47702e-18 0.00125766 -0.000126948 0.0107042 -1.53989e-17
15.08 0 7.30239e-18 0.00109058 -0.000133025 0.0092823 -2.38838e-17
15.1 0 1.30439e-17 0.000813473 -0.000129552 0.00692405 -1.30354e-17
15.12 0 -1.80903e-17 0.000453064 -0.000121607 0.00385684 -3.11977e-17
15.14 0 3.0563e-17 5.88243e-05 -0.000116101 0.000501728 -4.32467e-18
15.16 0 1.72282e-17 -0.00031576 -0.00011761 -0.00268611 4.85983e-17
15.18 0 -1.09152e-17 -0.000633089 -0.000125623 -0.0053867 -2.82341e-17
15.2 0 -2.93631e-17 -0.000882552 -0.000135403 -0.00750971 -5.97261e-17
15.22 0 1.50089e-17 -0.00107645 -0.000141088 -0.00915985 1.21625e-17
15.24 0 1.34597e-17 -0.00123396 -0.000137939 -0.0105003 6.40732e-17
15.26 0 -3.17097e-17 -0.00136495 -0.000122389 -0.011615 5.17885e-18
15.28 0 -3.84325e-18 -0.00146579 -9.17872e-05 -0.0124733 1.71394e-17
15.3 0 -1.09774e-18 -0.0015288 -4.618e-05 -0.0130095 -7.48577e-19
15.32 0 3.70011e-18 -0.00155325 9.16207e-06 -0.0132176 1.06692e-17
15.34 0 -1.30242e-18 -0.00154632 6.44663e-05 -0.0131586 -4.91727e-18
15.36 0 -2.16019e-19 -0.00151502 0.00011031 -0.0128922 4.36311e-19
15.38 0 -8.50659e-18 -0.00145855 0.000142034 -0.0124117 -1.75692e-17
15.4 0 -9.10902e-19 -0.00136637 0.000159805 -0.0116272 -3.19543e-17
15.42 0 4.52151e-18 -0.00122143 0.000166094 -0.0103937 -3.04059e-17
15.44 0 8.3833e-18 -0.00100895 0.000164451 -0.00858543 1.74625e-17
15.46 0 9.30525e-18 -0.000730473 0.000159629 -0.00621547 1.6222e-17
15.48 0 3.30414e-17 -0.000412056 0.000156497 -0.00350562 4.22738e-17
15.5 0 1.2201e-17 -9.34178e-05 0.000157557 -0.000793905 5.99751e-17
15.52 0 -2.77772e-17 0.000195826 0.000161793 0.00166766 3.20551e-18
15.54 0 -1.87892e-17 0.000450968 0.000165951 0.00383901 -1.66067e-17
15.56 0 -3.15279e-17 0.000686239 0.000166133 0.00584124 -6.8349e-17
15.58 0 6.16178e-18 0.000916239 0.000158022 0.00779863 1.05563e-19
15.6 0 5.48467e-18 0.00113884 0.000137067 0.009693 -3.35523e-17
15.62 0 3.45972e-18 0.00133091 0.0001004 0.0113276 -2.90723e-17
15.64 0 -9.92109e-18 0.00146123 4.96926e-05 0.0124367 -2.46277e-17
15.66 0 9.44363e-18 0.00151164 -8.19497e-06 0.0128657 -3.70495e-18
15.68 0 -2.88363e-18 0.00148933 -6.42815e-05 0.0126758 2.71808e-18
15.7 0 -1.27427e-18 0.00142053 -0.0001114 0.0120903 2.00239e-18
15.72 0 -3.01572e-18 0.001334 -0.000145551 0.0113539 -1.2145e-17
15.74 0 3.9434e-18 0.00124866 -0.000165337 0.0106277 6.47339e-18
15.76 0 3.02436e-18 0.00117034 -0.000172049 0.00996111 2.24842e-17
15.78 0 -3.35898e-18 0.00109198 -0.00017005 0.00929424 5.7663e-17
15.8 0 7.69173e-18 0.000993526 -0.000165261 0.00845637 8.43421e-18
15.82 0 2.30245e-17 0.000847002 -0.000162104 0.0072094 1.70718e-17
15.84 0 -7.12116e-18 0.000631707 -0.000161392 0.00537716 -5.38135e-18
15.86 0 -1.41197e-17 0.000350419 -0.000160509 0.0029833 1.83378e-17
15.88 0 -3.09797e-17 3.06497e-05 -0.000155341 0.000261953 -2.88114e-17
15.9 0 1.12901e-17 -0.000290578 -0.000142635 -0.0024718 -2.30975e-17
15.92 0 -1.20027e-17 -0.000582205 -0.00012119 -0.00495366 -9.95323e-18
15.94 0 -1.89924e-18 -0.00082294 -9.13773e-05 -0.00700239 -1.46937e-17
15.96 0 -3.2111e-18 -0.0009985 -5.4517e-05 -0.00849647 -3.15467e-18
15.98 0 -3.02427e-18 -0.00110302 -1.31008e-05 -0.00938594 -1.35299e-17
16 0 1.61054e-18 -0.00114451 2.92206e-05 -0.00973907 -8.54868e-18
16.02 0 3.54776e-18 -0.00114533 6.84849e-05 -0.00974607 1.15958e-17
16.04 0 -2.63517e-18 -0.00113375 0.000101277 -0.00964752 1.17615e-17
16.06 0 -5.58346e-18 -0.00113185 0.000125403 -0.00963131 4.03306e-18
16.08 0 -2.09503e-19 -0.00114647 0.000140876 -0.00975573 3.1742e-17
16.1 0 1.90005e-18 -0.0011666 0.000150245 -0.00992708 4.5327e-18
16.12 0 1.12892e-17 -0.00116713 0.000156753 -0.00993159 2.35253e-17
16.14 0 5.06742e-18 -0.0011161 0.000161493 -0.00949728 1.42268e-17
16.16 0 -5.95811e-18 -0.000983857 0.000162607 -0.00837185 2.99055e-17
16.18 0 3.63459e-17 -0.000756783 0.000157437 -0.00643938 6.42489e-17
16.2 0 -1.17252e-17 -0.000451827 0.000145192 -0.00384409 -1.90292e-17
16.22 0 1.15442e-17 -0.000115349 0.000127492 -0.000980548 -4.99254e-18
16.24 0 7.17942e-19 0.000201025 0.00010663 0.00171191 -2.90625e-17
16.26 0 1.93018e-18 0.000467887 8.35392e-05 0.003983 4.7816e-18
16.28 0 -3.47041e-18 0.000683594 5.74102e-05 0.00581874 7.87041e-18
16.3 0 1.36564e-18 0.000858222 2.7086e-05 0.00730488 1.27971e-17
16.32 0 1.96485e-18 0.000996911 -7.39028e-06 0.00848518 4.69869e-18
16.34 0 8.36618e-19 0.00109618 -4.44713e-05 0.00932996 -8.42519e-18
16.36 0 5.4978e-18 0.00115086 -8.18097e-05 0.00979536 8.29771e-19
16.38 0 3.90137e-18 0.00116354 -0.000116918 0.00990324 2.22347e-17
16.4 0 -4.45248e-18 0.00114807 -0.000147393 0.00977162 1.93187e-17
16.42 0 -2.8898e-17 0.00112203 -0.000171072 0.00955001 -4.70399e-17
16.44 0 3.87005e-18 0.00109267 -0.000186331 0.00930011 2.41566e-17
16.46 0 1.9394e-18 0.00105008 -0.000192423 0.00893768 -5.16992e-17
16.48 0 -5.95924e-18 0.000974668 -0.000189697 0.00829588 -7.71467e-17
16.5 0 1.12883e-17 0.000850909 -0.000179519 0.00724264 -1.04443e-17
16.52 0 4.38904e-18 0.000676372 -0.00016383 0.00575727 -1.1939e-17
16.54 0 5.42135e-18 0.000462122 -0.00014459 0.00393394 1.25356e-18
16.56 0 3.86468e-18 0.000226203 -0.0001233 0.00192618 -3.42166e-17
16.58 0 -4.69553e-18 -1.5216e-05 -0.000100481 -0.00012838 -2.57972e-17
16.6 0 2.45712e-18 -0.000251581 -7.5543e-05 -0.00213993 1.85401e-17
16.62 0 -1.01862e-17 -0.000474395 -4.75552e-05 -0.00403616 -2.04602e-17
16.64 0 4.50531e-18 -0.000674226 -1.62457e-05 -0.00573679 -2.98113e-18
16.66 0 7.96051e-19 -0.000843996 1.77704e-05 -0.00718158 5.82686e-18
16.68 0 -5.24411e-18 -0.000982563 5.33186e-05 -0.00836084 3.98477e-18
16.7 0 -9.42128e-18 -0.00109138 8.86923e-05 -0.00928688 -7.19035e-18
16.72 0 -9.85853e-18 -0.0011687 0.000121489 -0.00994489 -2.38135e-17
16.74 0 3.06405e-18 -0.00121044 0.000148996 -0.0103002 2.29518e-17
16.76 0 -3.72245e-18 -0.00121658 0.00016909 -0.0103524 9.14073e-18
16.78 0 2.03937e-18 -0.00119316 0.000180839 -0.0101531 -2.13395e-17
16.8 0 1.69835e-17 -0.00114555 0.000184402 -0.00974794 -6.55277e-18
16.82 0 2.0806e-17 -0.00107001 0.00018055 -0.00910503 3.60289e-17
16.84 0 1.30828e-17 -0.000953907 0.000170288 -0.00811697 4.16441e-17
16.86 0 -4.27041e-18 -0.000787014 0.000154698 -0.00669665 -9.14518e-18
16.88 0 1.46579e-17 -0.000574055 0.00013499 -0.00488429 -1.56897e-17
16.9 0 1.36468e-17 -0.000334596 0.000112454 -0.00284642 1.18653e-17
16.92 0 -9.6914e-18 -8.83719e-05 8.8024e-05 -0.000750962 -1.93544e-17
16.94 0 7.46779e-18 0.00015647 6.19576e-05 0.00133273 5.83753e-18
16.96 0 -2.84986e-18 0.000396975 3.41224e-05 0.00337951 3.86037e-19
16.98 0 -2.07486e-19 0.000620654 4.39592e-06 0.00528309 -3.1582e-18
17 0 2.8776e-18 0.000804548 -2.72675e-05 0.0068481 -6.1569e-19
17.02 0 -6.89595e-18 0.000931515 -6.06995e-05 0.00792863 -1.45132e-17
17.04 0 2.79549e-17 0.00100403 -9.5001e-05 0.00854577 4.73669e-17
17.06 0 2.95604e-18 0.0010396 -0.000128181 0.00884849 1.5259e-17
17.08 0 -1.15047e-17 0.00105461 -0.000157439 0.00897617 -1.79505e-17
17.1 0 7.01831e-19 0.00105483 -0.000179886 0.00897813 -2.70564e-17
17.12 0 2.41349e-17 0.00104007 -0.00019332 0.00885246 3.81891e-17
17.14 0 -2.333e-17 0.00101319 -0.000196862 0.00862374 -6.40463e-17
17.16 0 3.06927e-17 0.000981248 -0.000191163 0.00835188 -8.65021e-18
17.18 0 2.73943e-18 0.000946569 -0.000177969 0.00805675 2.57353e-17
17.2 0 -4.52399e-18 0.000897485 -0.00015923 0.00763903 -7.97673e-18
17.22 0 -5.72263e-18 0.000810379 -0.000136432 0.00689772 1.03088e-17
17.24 0 -6.46543e-18 0.000665552 -0.000110496 0.00566519 3.20019e-17
17.26 0 -5.38716e-18 0.00046412 -8.20909e-05 0.00395094 6.21397e-18
17.28 0 -4.35914e-18 0.00022957 -5.20462e-05 0.00195483 9.45826e-18
17.3 0 -2.4953e-18 -7.56654e-06 -2.13808e-05 -6.32807e-05 -3.39038e-18
17.32 0 1.47367e-18 -0.000226468 9.21113e-06 -0.00192621 6.42928e-19
17.34 0 6.68743e-19 -0.000419889 3.96889e-05 -0.00357229 7.28568e-18
17.36 0 -2.97158e-18 -0.000586535 7.00391e-05 -0.0049905 -3.29565e-18
17.38 0 2.48229e-17 -0.00072357 9.92119e-05 -0.00615672 4.93541e-17
17.4 0 -1.28229e-17 -0.000826973 0.000124959 -0.00703672 1.22663e-17
17.42 0 1.98274e-17 -0.000897217 0.00014494 -0.00763452 1.74073e-17
17.44 0 1.43171e-17 -0.000941945 0.000158016 -0.00801517 3.06618e-17
17.46 0 -5.20901e-19 -0.000970527 0.000164552 -0.00825841 5.74633e-17
17.48 0 -4.82711e-18 -0.000984723 0.000165621 -0.00837922 1.29061e-17
17.5 0 2.47303e-17 -0.000975613 0.000161906 -0.00830169 1.07451e-17
17.52 0 -3.95045e-18 -0.000931258 0.000153167 -0.00792421 2.14915e-17
17.54 0 -6.57795e-18 -0.000847117 0.000138644 -0.00720815 2.88978e-17
17.56 0 -7.21173e-18 -0.000727495 0.000117942 -0.00619013 3.52318e-17
17.58 0 3.59731e-18 -0.000577914 9.17218e-05 -0.00491714 3.08323e-17
17.6 0 -3.30852e-18 -0.000400376 6.17674e-05 -0.00340623 9.03447e-18
17.62 0 -2.19965e-18 -0.000198016 3.02762e-05 -0.00168407 7.01315e-19
17.64 0 1.54131e-18 1.80753e-05 -1.2777e-06 0.00015494 -3.33371e-18
17.66 0 4.93417e-19 0.000228967 -3.25559e-05 0.0019497 -6.52045e-18
17.68 0 -5.97895e-18 0.000415127 -6.3507e-05 0.00353399 -9.64574e-19
17.7 0 -1.87526e-17 0.000564663 -9.33233e-05 0.00480659 -2.62413e-17
17.72 0 1.14341e-18 0.000677263 -0.000120477 0.00576486 -2.44196e-19
17.74 0 2.01031e-18 0.000761712 -0.000143586 0.00648355 -1.58091e-17
17.76 0 -2.44958e-18 0.000828545 -0.00016194 0.00705232 1.15585e-17
17.78 0 -2.06206e-18 0.000882759 -0.000175291 0.0075137 -9.44574e-18
17.8 0 -3.17496e-19 0.000921416 -0.000183411 0.00784268 -6.97542e-17
17.82 0 3.5109e-17 0.00093688 -0.000185904 0.00797429 -2.27425e-17
17.84 0 -2.02342e-17 0.000922512 -0.000182263 0.00785202 -2.42254e-17
17.86 0 2.56744e-19 0.000876225 -0.000171899 0.00745809 1.25572e-17
17.88 0 -4.49971e-18 0.000799133 -0.000154143 0.00680202 -8.67727e-18
17.9 0 1.31868e-17 0.000690676 -0.000128483 0.00587901 -1.39391e-17
17.92 0 -1.94595e-17 0.000546681 -9.53784e-05 0.00465356 -2.00536e-17
17.94 0 4.00473e-18 0.000365736 -5.72074e-05 0.00311365 6.40732e-18
17.96 0 -4.48272e-18 0.000158051 -1.78321e-05 0.00134618 1.12028e-18
17.98 0 -2.24682e-18 -5.46112e-05 1.94304e-05 -0.000463648 9.2268e-18
18 0 -1.20064e-17 -0.000249575 5.33675e-05 -0.00212286 -1.13096e-17
18.02 0 1.59303e-17 -0.000414022 8.42772e-05 -0.00352236 3.45946e-18
18.04 0 3.24665e-18 -0.000546994 0.000112256 -0.00465399 5.60981e-18
18.06 0 -1.597e-17 -0.000654124 0.000136455 -0.00556571 -2.57461e-17
18.08 0 -8.7632e-18 -0.000741704 0.000155772 -0.00631105 -1.92443e-17
18.1 0 -5.01873e-17 -0.000813814 0.000169838 -0.00692473 -6.19156e-17
18.12 0 -2.48267e-17 -0.000872057 0.000179247 -0.0074204 -4.17553e-17
18.14 0 -1.07895e-17 -0.000915755 0.000184912 -0.00779228 -1.12581e-16
18.16 0 3.20324e-17 -0.000941439 0.000187117 -0.00801086 -4.80735e-17
18.18 0 -4.95004e-18 -0.000942778 0.000185005 -0.00802226 -2.39841e-17
18.2 0 -4.90113e-17 -0.000912771 0.000176839 -0.00776688 -6.85019e-17
18.22 0 1.18254e-18 -0.000847406 0.000160793 -0.00721061 -2.45916e-17
18.24 0 4.87025e-18 -0.000746624 0.000135854 -0.00635292 4.57892e-18
18.26 0 -8.20048e-18 -0.00061187 0.00010276 -0.00520611 9.00487e-18
18.28 0 -1.33844e-17 -0.000445044 6.44147e-05 -0.00378636 -2.5262e-17
18.3 0 9.34703e-19 -0.000251193 2.48028e-05 -0.00213663 -2.63281e-17
18.32 0 2.17477e-18 -4.11735e-05 -1.30211e-05 -0.000349288 -5.15944e-18
18.34 0 8.28549e-19 0.000170203 -4.78247e-05 0.0014496 -4.35023e-18
18.36 0 3.3464e-18 0.000369556 -7.93316e-05 0.00314617 -1.90576e-19
18.38 0 -5.64216e-18 0.000549228 -0.000107213 0.00467523 1.81674e-17
18.4 0 -1.75631e-17 0.000707158 -0.00013117 0.00601927 -3.50685e-17
18.42 0 -1.47719e-17 0.000842948 -0.000151423 0.0071749 -2.67038e-18
18.44 0 2.11188e-17 0.000953877 -0.000168569 0.00811894 3.87341e-17
18.46 0 -6.56145e-17 0.00103471 -0.000182921 0.00880689 -4.52704e-17
18.48 0 -1.38127e-17 0.00108123 -0.000194068 0.00920277 -9.81244e-17
18.5 0 3.16253e-17 0.00109314 -0.000200971 0.00930408 -7.66748e-18
18.52 0 -3.29002e-17 0.00107312 -0.000202399 0.00913377 -1.01657e-17
18.54 0 -2.15981e-18 0.00102338 -0.000197342 0.00871042 -7.2042e-18
18.56 0 -2.82373e-18 0.000943958 -0.000185132 0.00803452 -1.71817e-17
18.58 0 -1.23501e-17 0.000834179 -0.000165133 0.00710027 -5.15874e-17
18.6 0 -8.78376e-19 0.000694454 -0.000136862 0.00591116 -3.33975e-17
18.62 0 -9.4457e-18 0.0005276 -0.000101297 0.00449117 -3.12255e-17
18.64 0 1.05737e-17 0.000339408 -6.17995e-05 0.0028896 -3.75658e-18
18.66 0 4.58782e-18 0.000137941 -2.26949e-05 0.00117504 1.09563e-17
18.68 0 -1.71871e-18 -6.79002e-05 1.33444e-05 -0.000576741 3.7077e-18
18.7 0 -5.59568e-18 -0.000268851 4.60793e-05 -0.0022869 -9.79133e-18
18.72 0 1.86486e-18 -0.000455059 7.61584e-05 -0.0038716 8.39142e-18
18.74 0 7.69405e-18 -0.000617406 0.000103549 -0.00525323 2.35676e-17
18.76 0 1.69541e-17 -0.000750404 0.000127462 -0.00638508 2.15764e-17
18.78 0 -1.67807e-18 -0.000853417 0.000147099 -0.00726176 1.11598e-17
18.8 0 -2.63647e-18 -0.000928234 0.000162103 -0.00789848 1.83501e-17
18.82 0 -1.51317e-19 -0.000975589 0.00017244 -0.00830149 1.63437e-17
18.84 0 -4.37662e-17 -0.000994653 0.000177986 -0.00846373 -4.55443e-17
18.86 0 -3.88323e-17 -0.000985693 0.000178207 -0.00838748 -4.55346e-17
18.88 0 2.3758e-17 -0.000952023 0.000172241 -0.00810094 6.8053e-18
18.9 0 -6.72032e-18 -0.000898374 0.00015933 -0.00764436 -1.07568e-17
18.92 0 8.0892e-18 -0.000826322 0.000139152 -0.00703118 -2.07299e-18
18.94 0 -2.28474e-17 -0.000730494 0.000112095 -0.00621565 -7.90372e-19
18.96 0 -2.07657e-18 -0.000600588 7.9748e-05 -0.0051101 7.29375e-18
18.98 0 -1.07311e-18 -0.00043008 4.48931e-05 -0.00365902 -4.42149e-18
19 0 4.37615e-18 -0.000224809 1.03428e-05 -0.00191209 -1.74891e-18
19.02 0 -3.77841e-18 -2.80705e-06 -2.24408e-05 -2.27757e-05 -3.61556e-18
19.04 0 -5.88998e-19 0.000214288 -5.33088e-05 0.00182478 -3.14957e-18
19.06 0 3.1268e-18 0.000409643 -8.21618e-05 0.00348732 -8.92137e-18
19.08 0 -2.57866e-17 0.000573718 -0.000108198 0.00488365 -2.56469e-17
19.1 0 6.99147e-18 0.000703019 -0.000130436 0.00598405 -2.25951e-18
19.12 0 -6.04215e-18 0.00079892 -0.000148524 0.0068002 -4.98966e-18
19.14 0 1.14241e-17 0.000866566 -0.000162761 0.00737589 3.72572e-17
19.16 0 2.85337e-17 0.000912429 -0.000173364 0.0077662 3.26515e-17
19.18 0 5.06412e-18 0.000941169 -0.000179845 0.00801079 3.47288e-18
19.2 0 -5.16758e-17 0.000953697 -0.000181093 0.00811741 -1.74786e-17
19.22 0 -2.52998e-17 0.000947109 -0.000176063 0.00806134 -2.38394e-17
19.24 0 -1.02124e-17 0.000916055 -0.000164329 0.00779706 -5.92683e-17
19.26 0 3.03928e-18 0.000854519 -0.000145896 0.00727337 5.42277e-18
19.28 0 -6.45574e-18 0.000757563 -0.000120834 0.00644824 2.3787e-17
19.3 0 -1.1951e-17 0.000624045 -8.96544e-05 0.00531195 1.01012e-17
19.32 0 -5.43286e-19 0.000460266 -5.41e-05 0.00391814 1.97705e-17
19.34 0 1.59648e-18 0.000280964 -1.70872e-05 0.00239222 2.76864e-18
19.36 0 -8.59763e-18 0.000104121 1.83864e-05 0.000887223 5.17893e-19
19.38 0 2.41367e-18 -5.71899e-05 5.02522e-05 -0.000485593 1.85637e-17
19.4 0 -2.88946e-18 -0.000198818 7.75606e-05 -0.0016909 1.96176e-17
19.42 0 6.67107e-18 -0.000323255 0.000100172 -0.0027499 4.43444e-17
19.44 0 -5.52549e-18 -0.000435331 0.00011838 -0.00370371 3.93463e-18
19.46 0 -8.45883e-18 -0.000539326 0.000132553 -0.00458874 -3.9287e-17
19.48 0 -3.0417e-18 -0.00063671 0.000142859 -0.00541751 -5.94664e-17
19.5 0 -5.11311e-18 -0.000723875 0.000149216 -0.00615932 -5.02576e-17
19.52 0 1.89677e-17 -0.00079227 0.000151318 -0.00674138 2.70922e-17
19.54 0 -1.46807e-17 -0.000832513 0.000148582 -0.00708386 -2.2484e-17
19.56 0 1.61975e-17 -0.000839685 0.000140117 -0.0071449 2.16685e-17
19.58 0 -1.61853e-17 -0.0008153 0.000124933 -0.00693737 -4.27392e-17
19.6 0 1.10438e-18 -0.000764747 0.000102495 -0.00650715 6.99696e-18
19.62 0 5.19658e-18 -0.000693057 7.3559e-05 -0.00589704 1.25526e-17
19.64 0 1.26518e-18 -0.000602072 4.05242e-05 -0.00512273 -2.0611e-18
19.66 0 4.51631e-19 -0.000490736 6.68559e-06 -0.00417522 -4.67372e-18
19.68 0 3.42543e-18 -0.000358516 -2.50792e-05 -0.00304998 1.40754e-18
19.7 0 6.98204e-19 -0.000208811 -5.30352e-05 -0.00177594 -1.23507e-17
19.72 0 8.04264e-18 -4.86718e-05 -7.64761e-05 -0.000413101 3.67304e-19
19.74 0 -3.901e-18 0.000114425 -9.5389e-05 0.000974909 -4.20586e-18
19.76 0 2.17521e-18 0.000274385 -0.000110234 0.00233623 4.80458e-17
19.78 0 1.1812e-17 0.000425183 -0.000121647 0.00361957 3.89799e-17
19.8 0 -4.3114e-18 0.000559293 -0.000130035 0.00476089 1.30384e-17
19.82 0 7.23328e-18 0.000668811 -0.000135333 0.00569293 1.95693e-17
19.84 0 7.35377e-18 0.000748539 -0.000137095 0.00637144 3.91181e-17
19.86 0 -6.45935e-18 0.00079817 -0.0001347 0.00679382 -3.67088e-18
19.88 0 -1.17646e-17 0.000821812 -0.00012748 0.00699502 -4.63514e-19
19.9 0 5.77862e-18 0.000825311 -0.000114802 0.00702479 -3.53587e-18
19.92 0 7.89178e-18 0.000812978 -9.63365e-05 0.00691984 -6.58039e-18
19.94 0 1.26093e-18 0.000785483 -7.25671e-05 0.00668585 -1.41779e-17
19.96 0 4.17665e-19 0.000739628 -4.50712e-05 0.00629561 1.97296e-18
19.98 0 -1.30165e-18 0.000669677 -1.6104e-05 0.0057003 -3.79472e-18
20 0 3.67648e-18 0.000570036 1.22058e-05 0.00485232 5.86699e-18
20.02 0 -7.52669e-18 0.000439056 3.83149e-05 0.00373763 2.37454e-18
20.04 0 -9.62741e-19 0.000281737 6.12459e-05 0.0023988 5.05245e-18
20.06 0 -1.60907e-20 0.000108571 8.05013e-05 0.000925094 2.20943e-18
20.08 0 -1.19154e-18 -6.84714e-05 9.60272e-05 -0.000581602 1.51766e-17
20.1 0 6.41796e-18 -0.000238709 0.000108038 -0.00203038 3.49708e-17
20.12 0 3.67883e-18 -0.00039271 0.000116753 -0.00334098 -7.75138e-18
20.14 0 -6.12798e-18 -0.000522217 0.000122277 -0.00444314 -4.66386e-18
20.16 0 2.94267e-18 -0.000622273 0.000124596 -0.00529465 1.99893e-17
20.18 0 -1.68411e-18 -0.000693557 0.000123507 -0.0059013 8.36325e-18
20.2 0 -1.24783e-17 -0.000741497 0.00011847 -0.00630928 -3.63575e-19
20.22 0 -2.60675e-18 -0.000772105 0.000108642 -0.00656977 -4.27977e-17
20.24 0 9.25918e-19 -0.000787994 9.32612e-05 -0.00670499 -3.02022e-17
20.26 0 -6.46815e-18 -0.000787754 7.23313e-05 -0.00670295 -2.98714e-17
20.28 0 1.78717e-19 -0.000768178 4.70863e-05 -0.00653635 -1.09882e-17
20.3 0 2.77019e-18 -0.00072612 1.96798e-05 -0.00617842 -7.80767e-18
20.32 0 3.72592e-18 -0.000658366 -7.67418e-06 -0.00560181 -3.04731e-19
20.34 0 8.44636e-19 -0.000561635 -3.33116e-05 -0.0047786 1.55688e-17
20.36 0 -5.28274e-19 -0.00043522 -5.61496e-05 -0.00370276 -3.81671e-18
20.38 0 -8.12162e-18 -0.000284128 -7.55519e-05 -0.00241692 -3.38691e-17
20.4 0 -9.23384e-18 -0.000118093 -9.13176e-05 -0.0010039 -3.09289e-17
20.42 0 1.12444e-17 5.32662e-05 -0.000103584 0.000454427 1.04211e-17
20.44 0 7.4975e-19 0.000223402 -0.000112558 0.00190234 -2.00232e-17
20.46 0 -1.01804e-17 0.000387008 -0.000118386 0.00329469 -4.89847e-17
20.48 0 2.44869e-17 0.000537343 -0.000121246 0.00457409 1.72698e-17
20.5 0 8.65727e-18 0.000667277 -0.0001214 0.00567988 2.6043e-17
20.52 0 3.4158e-18 0.000772584 -0.000118983 0.00657607 5.02197e-17
20.54 0 -8.91896e-18 0.00085277 -0.000113773 0.00725848 -4.18812e-17
20.56 0 1.2574e-17 0.000908371 -0.000105204 0.00773167 -1.38395e-17
20.58 0 1.24855e-19 0.00093813 -9.27477e-05 0.00798493 -2.19825e-17
20.6 0 8.69949e-19 0.000939397 -7.64997e-05 0.00799571 -1.44478e-17
20.62 0 1.4071e-18 0.000911136 -5.74428e-05 0.0077552 4.10483e-18
20.64 0 4.14251e-18 0.000856095 -3.70061e-05 0.00728678 1.06556e-17
20.66 0 7.56052e-19 0.000779415 -1.63297e-05 0.00663421 3.7339e-18
20.68 0 -4.95001e-18 0.000684441 4.01706e-06 0.00582595 -1.08934e-17
20.7 0 -7.95228e-18 0.000570317 2.37287e-05 0.00485471 -3.47558e-17
20.72 0 4.18897e-18 0.000434923 4.23706e-05 0.00370246 -1.65203e-17
20.74 0 -7.54616e-18 0.000280253 5.92965e-05 0.00238616 -2.09093e-17
20.76 0 9.05104e-19 0.000113956 7.38156e-05 0.000970922 -1.24839e-17
20.78 0 -3.08459e-18 -5.42441e-05 8.53873e-05 -0.000460523 -1.79634e-17
20.8 0 1.38569e-17 -0.00021645 9.37446e-05 -0.00184095 -5.08068e-18
20.82 0 3.71506e-18 -0.000367003 9.8907e-05 -0.00312221 1.21997e-17
20.84 0 -2.00732e-17 -0.000500878 0.000101065 -0.00426153 -3.72913e-17
20.86 0 -8.65203e-18 -0.000613138 0.000100416 -0.00521691 -2.91877e-17
20.88 0 1.72812e-17 -0.000700021 9.70927e-05 -0.00595631 2.91466e-17
20.9 0 -1.23804e-17 -0.000760258 9.11536e-05 -0.00646895 3.07661e-18
20.92 0 -3.6938e-19 -0.000795429 8.25059e-05 -0.00676827 1.66617e-18
20.94 0 -1.63145e-18 -0.000809139 7.08996e-05 -0.00688495 -3.44795e-18
20.96 0 -9.4545e-19 -0.000805467 5.62039e-05 -0.00685369 -6.97538e-18
20.98 0 1.15652e-18 -0.000787306 3.87301e-05 -0.00669914 3.45911e-18
21 0 1.8968e-18 -0.000755208 1.92616e-05 -0.00642597 1.64903e-18
21.02 0 1.49628e-18 -0.000706813 -1.13398e-06 -0.00601411 7.14418e-18
21.04 0 8.71757e-18 -0.000637125 -2.12615e-05 -0.00542104 1.12421e-17
21.06 0 -7.90929e-18 -0.000540873 -3.99317e-05 -0.00460191 -1.62984e-18
21.08 0 -3.81301e-18 -0.000417178 -5.61577e-05 -0.00354922 -1.15037e-17
21.1 0 8.41864e-18 -0.000272853 -6.93105e-05 -0.00232096 3.24964e-17
21.12 0 -1.07834e-17 -0.000120101 -7.9114e-05 -0.00102099 -1.12472e-17
21.14 0 1.06854e-17 2.97445e-05 -8.55493e-05 0.000254249 9.09738e-18
21.16 0 -9.281e-18 0.000170121 -8.88004e-05 0.0014489 -1.82876e-17
21.18 0 -1.22889e-17 0.000297779 -8.92388e-05 0.00253532 -6.55874e-18
21.2 0 -7.7024e-18 0.000409443 -8.73309e-05 0.00348561 -4.4067e-17
21.22 0 1.56689e-17 0.000501198 -8.34089e-05 0.00426648 -9.20135e-19
21.24 0 -6.34888e-18 0.000570774 -7.73928e-05 0.0048586 -9.47647e-18
21.26 0 -7.35968e-18 0.000619463 -6.87461e-05 0.00527296 -2.08734e-17
21.28 0 4.4704e-19 0.000651337 -5.68716e-05 0.00554422 -1.02243e-17
21.3 0 3.88089e-19 0.00067044 -4.16934e-05 0.00570679 -2.21283e-18
21.32 0 -1.43896e-18 0.000678358 -2.39075e-05 0.00577417 -8.60637e-18
21.34 0 -1.08902e-18 0.000673801 -4.71402e-06 0.0057354 -8.80056e-18
21.36 0 4.79527e-19 0.000653897 1.46542e-05 0.005566 -9.41851e-18
21.38 0 -1.77743e-18 0.000615877 3.32283e-05 0.00524244 -5.46811e-18
21.4 0 1.64893e-17 0.000558314 5.03227e-05 0.00475256 3.71135e-17
21.42 0 7.54387e-19 0.000481988 6.5386e-05 0.004103 2.18882e-17
21.44 0 -5.91222e-18 0.000390534 7.78523e-05 0.00332469 1.28533e-18
21.46 0 1.02278e-17 0.000289912 8.7167e-05 0.00246837 3.37727e-17
21.48 0 -1.95446e-17 0.000186076 9.30065e-05 0.00158469 -2.10548e-17
21.5 0 5.56288e-18 8.26126e-05 9.54692e-05 0.000704175 6.77794e-18
21.52 0 -3.8309e-18 -1.90473e-05 9.49848e-05 -0.000160986 -2.83965e-17
21.54 0 -3.98313e-18 -0.00011724 9.19245e-05 -0.000996642 -2.85897e-17
21.56 0 1.36131e-17 -0.000208828 8.61478e-05 -0.00177609 -6.30502e-18
21.58 0 -8.91113e-18 -0.000290572 7.68866e-05 -0.00247175 -2.68817e-17
21.6 0 1.1484e-17 -0.000360883 6.33113e-05 -0.00307013 2.98157e-18
21.62 0 -2.83478e-18 -0.000419382 4.54716e-05 -0.00356798 -1.13729e-17
21.64 0 4.09576e-18 -0.000464855 2.46861e-05 -0.00395496 3.25831e-18
21.66 0 -5.15959e-19 -0.000494385 2.91704e-06 -0.00420628 2.6982e-19
21.68 0 6.72264e-18 -0.000504969 -1.82712e-05 -0.00429635 -3.06231e-18
21.7 0 2.03082e-18 -0.00049599 -3.82323e-05 -0.00421993 -2.6468e-18
21.72 0 -1.33686e-17 -0.000470089 -5.69454e-05 -0.00399951 -3.42144e-17
21.74 0 8.11393e-18 -0.000431709 -7.43344e-05 -0.00367288 -9.60109e-18
21.76 0 7.70391e-18 -0.000384773 -8.98177e-05 -0.00327344 2.43871e-17
21.78 0 -2.66478e-17 -0.000331363 -0.000102421 -0.0028189 1.71517e-18
21.8 0 9.298e-19 -0.000271871 -0.000111301 -0.00231261 -9.78179e-19
21.82 0 -2.55922e-19 -0.000205999 -0.000116216 -0.00175201 2.04287e-17
21.84 0 -4.11173e-18 -0.000134157 -0.000117547 -0.00114061 2.84626e-17
21.86 0 -1.32151e-17 -5.925e-05 -0.000115894 -0.000503125 1.51714e-17
21.88 0 -9.65199e-19 1.22987e-05 -0.000111557 0.00010578 -1.82021e-19
21.9 0 -1.1167e-17 7.22594e-05 -0.000104257 0.000616066 -3.40169e-17
21.92 0 2.85466e-17 0.000114727 -9.32688e-05 0.000977476 -7.13322e-18
21.94 0 1.51274e-17 0.000139434 -7.80604e-05 0.00118774 9.12854e-18
21.96 0 -6.65425e-18 0.000151259 -5.90429e-05 0.00128838 -1.00314e-17
21.98 0 3.37818e-18 0.000156417 -3.76403e-05 0.00133227 1.15088e-19
22 0 -2.42063e-18 0.000158808 -1.55004e-05 0.00135262 -8.42777e-18
22.02 0 -1.14769e-18 0.000159171 6.37795e-06 0.00135572 -4.40375e-18
22.04 0 4.51726e-18 0.000156597 2.77788e-05 0.00133381 1.79113e-17
22.06 0 -6.92062e-18 0.000150007 4.86865e-05 0.00127772 -3.65221e-18
22.08 0 -8.75143e-18 0.000138269 6.86178e-05 0.00117783 -2.15213e-17
22.1 0 1.31083e-17 0.000119781 8.641e-05 0.00102049 1.9658e-17
22.12 0 -1.02796e-17 9.30053e-05 0.000100589 0.000792621 2.87431e-17
22.14 0 -4.03053e-18 5.80227e-05 0.000110043 0.000494907 3.41263e-17
22.16 0 -1.63486e-17 1.784e-05 0.00011452 0.000152938 -6.39957e-18
22.18 0 1.32227e-17 -2.16552e-05 0.000114595 -0.00018318 6.79562e-18
22.2 0 -1.87048e-18 -5.33011e-05 0.000111164 -0.000452498 3.6287e-18
22.22 0 -5.05381e-19 -7.14049e-05 0.000104784 -0.000606567 2.06838e-17
22.24 0 -3.34614e-18 -7.47804e-05 9.52612e-05 -0.000635294 9.38544e-18
22.26 0 -7.99277e-18 -6.80451e-05 8.17093e-05 -0.000577974 -1.97613e-17
22.28 0 1.33936e-18 -5.9272e-05 6.32875e-05 -0.000503312 -2.61913e-17
22.3 0 2.29182e-18 -5.48269e-05 4.02411e-05 -0.000465483 -9.8764e-18
22.32 0 1.90794e-18 -5.51509e-05 1.42141e-05 -0.00046824 -7.64352e-18
22.34 0 6.79836e-18 -5.50888e-05 -1.26239e-05 -0.000467712 2.63946e-18
22.36 0 2.04072e-18 -4.82916e-05 -3.86967e-05 -0.000409865 1.05809e-17
22.38 0 -5.17223e-18 -3.16079e-05 -6.32073e-05 -0.000267881 1.20446e-17
22.4 0 -8.83355e-18 -6.1158e-06 -8.55074e-05 -5.09343e-05 2.23242e-17
22.42 0 -1.60376e-17 2.46923e-05 -0.000104679 0.000211253 -1.70716e-17
22.44 0 9.26273e-18 5.68579e-05 -0.000119819 0.000484994 1.47975e-17
22.46 0 1.36225e-17 8.66966e-05 -0.000130572 0.000738932 2.17614e-17
22.48 0 4.14661e-18 0.000111143 -0.000137249 0.000946978 3.07236e-17
22.5 0 -1.81519e-17 0.000128564 -0.000140436 0.00109524 2.10717e-17
22.52 0 3.17804e-18 0.000139504 -0.000140474 0.00118834 8.34468e-19
22.54 0 -9.60164e-18 0.000146171 -0.000137266 0.00124508 1.59688e-17
22.56 0 1.81431e-17 0.000150416 -0.000130413 0.0012812 8.42359e-18
22.58 0 1.22121e-17 0.000151609 -0.000119379 0.00129136 2.3728e-17
22.6 0 -1.60063e-17 0.000146196 -0.00010355 0.00124529 -3.27268e-17
22.62 0 2.73178e-17 0.000129608 -8.26425e-05 0.00110412 4.00561e-17
22.64 0 -1.01222e-18 9.93481e-05 -5.7423e-05 0.0008466 1.4266e-17
22.66 0 -4.44023e-18 5.68072e-05 -2.9903e-05 0.000484563 1.74147e-18
22.68 0 7.48642e-19 6.35655e-06 -2.55592e-06 5.52097e-05 -1.26784e-18
22.7 0 3.60264e-18 -4.76544e-05 2.2725e-05 -0.000404442 -3.09188e-18
22.72 0 -3.13397e-18 -0.000103396 4.5065e-05 -0.000878819 2.17222e-18
22.74 0 -1.65408e-18 -0.000160987 6.44115e-05 -0.00136894 -4.02627e-18
22.76 0 -1.06322e-17 -0.000219152 8.10946e-05 -0.00186395 -2.83787e-17
22.78 0 1.304e-17 -0.000272843 9.53707e-05 -0.00232088 -2.80795e-17
22.8 0 -1.0375e-17 -0.000315128 0.00010711 -0.00268074 -2.94755e-17
22.82 0 -3.82071e-19 -0.000341831 0.000115792 -0.00290798 -3.73548e-17
22.84 0 1.28397e-17 -0.000354047 0.000120733 -0.00301195 -2.7493e-18
22.86 0 -2.22193e-17 -0.000356019 0.000121313 -0.00302873 -2.27915e-17
22.88 0 1.13154e-17 -0.000350782 0.000117065 -0.00298416 -6.93524e-18
22.9 0 1.2737e-17 -0.00033759 0.000107705 -0.0028719 2.57587e-18
22.92 0 -7.17728e-18 -0.000312686 9.32087e-05 -0.00265995 -1.12103e-17
22.94 0 9.63517e-18 -0.000271855 7.39886e-05 -0.00231247 1.2582e-17
22.96 0 3.49281e-18 -0.00021288 5.11648e-05 -0.00181057 1.18275e-17
22.98 0 -3.05035e-18 -0.000137143 2.6539e-05 -0.00116602 5.58625e-18
23 0 -7.80088e-19 -4.99657e-05 1.96573e-06 -0.000424112 2.69326e-18
23.02 0 7.1067e-18 4.07868e-05 -2.14096e-05 0.000348223 1.54088e-18
23.04 0 -7.37791e-18 0.000127693 -4.32745e-05 0.00108783 1.07513e-18
23.06 0 3.7099e-18 0.000206768 -6.36336e-05 0.00176078 -1.48114e-18
23.08 0 1.2005e-17 0.000278199 -8.23418e-05 0.00236869 2.10911e-17
23.1 0 -1.47738e-17 0.000344187 -9.90148e-05 0.00293026 -1.54351e-17
23.12 0 1.776e-17 0.000405906 -0.000113066 0.00345551 -4.18264e-19
23.14 0 4.93635e-18 0.000462356 -0.000123712 0.00393592 -4.65429e-18
23.16 0 -3.02492e-19 0.00051153 -0.000130106 0.00435441 9.15588e-18
23.18 0 -7.09783e-18 0.000551829 -0.00013167 0.00469737 1.52029e-17
23.2 0 5.54202e-18 0.000581955 -0.000128354 0.00495375 -1.07604e-17
23.22 0 -1.69376e-17 0.000599679 -0.000120604 0.00510459 -3.27489e-17
23.24 0 -3.35083e-19 0.000601129 -0.000109067 0.00511693 -2.30513e-17
23.26 0 -6.49081e-18 0.000581327 -9.42543e-05 0.00494841 -2.3031e-17
23.28 0 1.23722e-17 0.000535773 -7.6505e-05 0.00456073 8.16645e-18
23.3 0 -9.15058e-18 0.000462773 -5.63206e-05 0.00393947 -4.62522e-18
23.32 0 5.87187e-18 0.000365652 -3.46218e-05 0.00311294 -2.65259e-19
23.34 0 -6.00535e-19 0.000253113 -1.24862e-05 0.0021552 -6.12147e-19
23.36 0 -1.91692e-18 0.000136381 9.34708e-06 0.00116176 -3.56084e-19
23.38 0 -2.12702e-18 2.41876e-05 3.05687e-05 0.000206959 -3.86933e-18
23.4 0 -5.58197e-18 -8.09981e-05 5.09075e-05 -0.000688209 -4.68428e-18
23.42 0 -5.80399e-18 -0.000182558 6.97642e-05 -0.00155252 3.84113e-19
23.44 0 2.35009e-18 -0.000285419 8.62238e-05 -0.0024279 2.96965e-18
23.46 0 2.39692e-18 -0.000391117 9.93442e-05 -0.00332743 -3.07275e-17
23.48 0 4.99166e-18 -0.000495546 0.000108455 -0.00421615 -7.68774e-18
23.5 0 -1.33418e-17 -0.000590238 0.000113302 -0.00502202 -1.29959e-17
23.52 0 -1.04202e-17 -0.000665813 0.000113988 -0.00566519 -1.5294e-18
23.54 0 -2.74561e-17 -0.000715599 0.000110794 -0.00608888 -3.02889e-17
23.56 0 6.10631e-18 -0.000737715 0.000104039 -0.0062771 4.19042e-19
23.58 0 2.8891e-18 -0.000734782 9.40295e-05 -0.00625214 1.24878e-17
23.6 0 -1.75991e-18 -0.000711617 8.09954e-05 -0.006055 -1.09287e-18
23.62 0 -2.77121e-18 -0.000672624 6.50986e-05 -0.00572315 4.81675e-19
23.64 0 -2.89357e-18 -0.000620384 4.66436e-05 -0.00527857 -8.16039e-18
23.66 0 1.82434e-18 -0.000555426 2.62531e-05 -0.00472575 -7.19267e-18
23.68 0 -1.81848e-18 -0.000476688 4.75246e-06 -0.00405567 -1.67566e-18
23.7 0 -9.87777e-19 -0.000382669 -1.70376e-05 -0.00325553 -6.13133e-18
23.72 0 4.12827e-18 -0.000272875 -3.82858e-05 -0.00232115 3.89944e-18
23.74 0 1.07877e-18 -0.000148628 -5.80524e-05 -0.00126376 -8.64269e-18
23.76 0 6.71437e-18 -1.31114e-05 -7.53962e-05 -0.000110469 -1.27201e-17
23.78 0 3.27538e-18 0.00012839 -8.96054e-05 0.00109376 -3.64016e-17
23.8 0 2.24734e-18 0.000267957 -0.000100296 0.00228152 -1.04728e-17
23.82 0 -8.78353e-18 0.000395419 -0.00010736 0.00336627 -1.49795e-17
23.84 0 1.79615e-17 0.000500629 -0.00011089 0.00426164 2.02219e-17
23.86 0 -7.55929e-18 0.000576975 -0.000111104 0.00491138 -1.18832e-17
23.88 0 -7.44609e-18 0.000624154 -0.000108241 0.00531288 -2.78145e-17
23.9 0 -1.46531e-17 0.000648183 -0.000102471 0.00551737 -7.51539e-17
23.92 0 8.06678e-19 0.000658085 -9.38573e-05 0.00560164 -3.29288e-17
23.94 0 2.44734e-19 0.000660865 -8.23588e-05 0.00562531 -1.96189e-17
23.96 0 8.52377e-19 0.000657628 -6.79828e-05 0.00559776 -1.52893e-17
23.98 0 5.41819e-18 0.000642761 -5.1021e-05 0.00547124 4.95543e-18
24 0 2.59131e-18 0.000606324 -3.21044e-05 0.00516115 -1.29638e-18
24.02 0 8.53323e-19 0.000538776 -1.20387e-05 0.00458629 9.52468e-18
24.04 0 2.60251e-18 0.000436502 8.29346e-06 0.0037159 1.32132e-17
24.06 0 -6.53814e-18 0.000305377 2.78645e-05 0.00259997 3.26368e-18
24.08 0 -4.42485e-18 0.000159246 4.55818e-05 0.00135636 -4.43911e-18
24.1 0 6.59806e-18 1.34421e-05 6.0672e-05 0.000115511 -1.11802e-18
24.12 0 -1.96098e-17 -0.000121821 7.29935e-05 -0.00103563 -2.56976e-17
24.14 0 -2.17142e-17 -0.000243026 8.28849e-05 -0.00206712 -2.63885e-17
24.16 0 5.72718e-18 -0.000349967 9.06731e-05 -0.00297723 -3.11604e-17
24.18 0 1.8891e-17 -0.000441997 9.62926e-05 -0.00376044 3.21228e-18
24.2 0 -7.41479e-19 -0.000517489 9.92963e-05 -0.0044029 2.27742e-17
24.22 0 1.76597e-17 -0.00057561 9.91882e-05 -0.00489753 4.21857e-17
24.24 0 -3.26757e-18 -0.000617308 9.57702e-05 -0.00525239 3.32709e-17
24.26 0 -1.11097e-17 -0.000644133 8.91711e-05 -0.00548068 2.51962e-17
24.28 0 -2.08339e-18 -0.000656168 7.95571e-05 -0.0055831 7.43053e-18
24.3 0 6.37069e-19 -0.000650982 6.69437e-05 -0.00553897 -1.00108e-18
24.32 0 3.14665e-18 -0.000624173 5.13923e-05 -0.00531081 -6.59953e-18
24.34 0 3.50911e-18 -0.00057095 3.33679e-05 -0.00485787 -3.1293e-18
24.36 0 1.23545e-18 -0.000488267 1.38619e-05 -0.00415421 -3.9175e-18
24.38 0 8.81137e-19 -0.000377247 -5.83251e-06 -0.00320939 -1.58464e-18
24.4 0 5.87517e-19 -0.00024494 -2.45282e-05 -0.00208341 8.27284e-18
24.42 0 4.6329e-18 -0.000103396 -4.15163e-05 -0.000878822 2.15399e-17
24.44 0 -4.70136e-18 3.45255e-05 -5.66832e-05 0.000294937 8.38408e-18
24.46 0 -1.41386e-17 0.000159962 -7.0247e-05 0.00136245 3.72635e-18
24.48 0 2.38008e-17 0.000269831 -8.22748e-05 0.00229747 3.81849e-17
24.5 0 3.03426e-18 0.000365015 -9.2367e-05 0.00310752 2.85644e-17
24.52 0 -1.63084e-18 0.000447563 -9.97764e-05 0.00381003 7.66915e-19
24.54 0 1.58984e-18 0.000518991 -0.000103856 0.00441791 -1.67312e-17
24.56 0 6.14806e-18 0.000579378 -0.000104455 0.00493182 3.11587e-17
24.58 0 -9.79524e-18 0.00062625 -0.000101916 0.00533072 -1.18379e-17
24.6 0 1.33547e-18 0.000653915 -9.66616e-05 0.00556615 -4.95973e-18
24.62 0 -1.2307e-17 0.000654721 -8.87745e-05 0.00557302 -3.21749e-17
24.64 0 7.74774e-18 0.000622309 -7.80033e-05 0.00529718 -2.61531e-17
24.66 0 1.57024e-17 0.000554955 -6.42299e-05 0.00472398 4.13979e-18
24.68 0 -5.15113e-18 0.000456803 -4.78764e-05 0.00388867 -1.63556e-17
24.7 0 5.14661e-18 0.000336352 -2.98282e-05 0.00286359 -7.40569e-18
24.72 0 -2.12287e-19 0.000203428 -1.10257e-05 0.00173236 -2.7049e-18
24.74 0 1.79896e-18 6.63337e-05 7.81159e-06 0.000565636 -6.86995e-19
24.76 0 -5.06282e-18 -6.96424e-05 2.61338e-05 -0.000591568 2.18593e-18
24.78 0 -1.0135e-17 -0.000202059 4.33662e-05 -0.00171848 -1.07244e-17
24.8 0 2.18998e-18 -0.000329998 5.88464e-05 -0.00280729 -4.86441e-18
24.82 0 -3.9067e-18 -0.00045244 7.19741e-05 -0.00384931 -1.09013e-17
24.84 0 7.75172e-19 -0.00056689 8.24104e-05 -0.00482332 7.61341e-18
24.86 0 -7.3181e-18 -0.000668752 9.01077e-05 -0.0056902 1.80184e-17
24.88 0 -1.60468e-17 -0.000751943 9.51509e-05 -0.00639818 -3.28308e-17
24.9 0 -8.36886e-18 -0.000810597 9.75805e-05 -0.00689735 -1.37222e-17
24.92 0 8.96398e-18 -0.0008406 9.73264e-05 -0.00715269 3.10922e-17
24.94 0 5.84676e-18 -0.000840022 9.42311e-05 -0.00714777 4.50502e-17
24.96 0 -6.27211e-18 -0.000809017 8.80739e-05 -0.0068839 2.21433e-17
24.98 0 -1.02464e-17 -0.000750044 7.86101e-05 -0.00638203 -8.30983e-18
25 0 6.60968e-18 -0.00066778 6.57408e-05 -0.00568193 -1.07029e-17
25.02 0 1.24868e-18 -0.000567466 4.97677e-05 -0.00482822 3.23874e-18
25.04 0 1.44738e-18 -0.00045246 3.15012e-05 -0.00384948 9.14841e-18
25.06 0 6.53029e-20 -0.000323364 1.20888e-05 -0.00275083 1.24953e-19
25.08 0 2.21893e-19 -0.000179462 -7.31402e-06 -0.00152618 2.12979e-18
25.1 0 3.37675e-18 -2.10806e-05 -2.58108e-05 -0.00017829 7.47953e-18
25.12 0 6.165e-18 0.000148501 -4.28432e-05 0.00126491 -3.41561e-18
25.14 0 6.26067e-18 0.000322306 -5.81036e-05 0.00274405 1.40241e-17
25.16 0 -3.37691e-18 0.00049069 -7.13934e-05 0.00417705 -1.73449e-17
25.18 0 -1.16771e-18 0.000643926 -8.25328e-05 0.00548114 -5.80155e-18
25.2 0 1.02492e-18 0.000774673 -9.13478e-05 0.00659385 -2.4536e-17
25.22 0 1.70823e-17 0.000878742 -9.76924e-05 0.00747951 1.94729e-17
25.24 0 -1.07203e-17 0.000954355 -0.000101451 0.00812301 -5.5098e-19
25.26 0 -1.50839e-17 0.00100122 -0.000102499 0.00852183 -2.75435e-17
25.28 0 2.1378e-18 0.00102014 -0.000100648 0.00868289 -2.54116e-18
25.3 0 -2.61593e-18 0.00101296 -9.56648e-05 0.00862179 -7.63963e-18
25.32 0 -5.96304e-18 0.00098197 -8.73799e-05 0.00835802 -7.66833e-18
25.34 0 -8.87357e-19 0.000928372 -7.58946e-05 0.00790188 -1.07283e-17
25.36 0 2.04193e-18 0.000850183 -6.17237e-05 0.00723647 1.05379e-17
25.38 0 -7.99899e-18 0.000741497 -4.56918e-05 0.00631151 7.80035e-18
25.4 0 2.36335e-18 0.00059601 -2.86726e-05 0.00507336 1.18575e-17
25.42 0 -1.24331e-18 0.00041384 -1.1464e-05 0.00352304 -8.02076e-19
25.44 0 6.09186e-19 0.000205097 5.1739e-06 0.00174656 6.71807e-19
25.46 0 1.01986e-18 -1.41468e-05 2.0537e-05 -0.000119281 9.34793e-19
25.48 0 3.29225e-18 -0.000229127 3.4094e-05 -0.00194884 -2.02853e-18
25.5 0 -1.16068e-17 -0.000429644 4.55601e-05 -0.00365531 -1.75958e-17
25.52 0 4.04924e-18 -0.000608511 5.48951e-05 -0.00517753 -1.7603e-18
25.54 0 1.82229e-18 -0.00075997 6.2269e-05 -0.0064665 1.48591e-18
25.56 0 7.09068e-18 -0.000880528 6.79575e-05 -0.00749249 2.60541e-17
25.58 0 1.19128e-18 -0.000970097 7.21366e-05 -0.00825475 1.988e-17
25.6 0 -6.45095e-18 -0.00103123 7.46898e-05 -0.00877497 2.21194e-18
25.62 0 -4.90498e-18 -0.0010669 7.51852e-05 -0.00907856 7.24338e-19
25.64 0 9.44071e-19 -0.00107862 7.30645e-05 -0.00917831 6.73775e-18
25.66 0 -4.80442e-18 -0.00106573 6.79283e-05 -0.00906859 -1.04189e-18
25.68 0 4.25522e-18 -0.00102587 5.97489e-05 -0.0087294 -3.66832e-18
25.7 0 3.85458e-18 -0.000955845 4.88997e-05 -0.00813346 6.60566e-18
25.72 0 -6.59264e-19 -0.000851843 3.60031e-05 -0.00724837 -1.47564e-18
25.74 0 -5.97569e-19 -0.000710311 2.17424e-05 -0.00604388 1.46884e-18
25.76 0 1.71729e-18 -0.000531644 6.81551e-06 -0.00452336 9.13684e-19
25.78 0 -3.64251e-18 -0.000324382 -8.02935e-06 -0.00275949 -2.39441e-18
25.8 0 1.33438e-18 -0.000103948 -2.20725e-05 -0.000883524 -1.33311e-18
25.82 0 -3.63541e-18 0.000114358 -3.47924e-05 0.000974341 -8.96682e-18
25.84 0 -5.66802e-19 0.000320943 -4.59425e-05 0.00273245 1.00086e-17
25.86 0 6.42249e-19 0.000511141 -5.55187e-05 0.0043511 4.48778e-18
25.88 0 -7.46532e-19 0.000681337 -6.37215e-05 0.00579953 -5.28262e-18
25.9 0 -8.40872e-18 0.000827259 -7.08872e-05 0.00704137 -8.57449e-19
25.92 0 -4.52662e-19 0.000944948 -7.72917e-05 0.00804295 4.45527e-18
25.94 0 -3.60117e-18 0.00103196 -8.28783e-05 0.00878343 -6.97062e-18
25.96 0 7.33818e-18 0.00108766 -8.70995e-05 0.00925746 1.10464e-17
25.98 0 -4.26263e-18 0.00111304 -8.90286e-05 0.00947346 -1.26172e-17
26 0 9.17221e-18 0.00111019 -8.77099e-05 0.00944924 6.26003e-18
26.02 0 -3.18876e-18 0.00108149 -8.25504e-05 0.00920497 -3.94117e-18
26.04 0 1.73747e-18 0.0010287 -7.35607e-05 0.00875572 1.74497e-17
26.06 0 -9.7468e-19 0.000951767 -6.13668e-05 0.00810099 4.81995e-18
26.08 0 -2.95426e-18 0.000846963 -4.69945e-05 0.00720906 -1.36953e-18
26.1 0 2.91238e-18 0.000707379 -3.15565e-05 0.00602115 9.98267e-18
26.12 0 5.48037e-18 0.000529029 -1.60558e-05 0.00450333 1.0027e-17
26.14 0 -3.91192e-18 0.000318463 -1.32566e-06 0.00271134 7.59465e-19
26.16 0 2.18473e-18 9.28864e-05 1.20414e-05 0.000791609 -9.07823e-18
26.18 0 -3.43611e-18 -0.000128444 2.37887e-05 -0.00109199 -1.45932e-17
26.2 0 -5.21861e-19 -0.000332566 3.40056e-05 -0.00282914 -1.76394e-18
26.22 0 2.21495e-18 -0.000513594 4.30347e-05 -0.00436975 2.17669e-17
26.24 0 -9.8177e-18 -0.000668303 5.13107e-05 -0.00568637 -3.07033e-18
26.26 0 -1.46455e-19 -0.000792847 5.91218e-05 -0.00674629 -5.31175e-18
26.28 0 2.43661e-18 -0.000883367 6.63459e-05 -0.00751665 1.1602e-17
26.3 0 4.20032e-18 -0.000938841 7.23506e-05 -0.00798875 1.47739e-17
26.32 0 -9.05804e-18 -0.000962997 7.62091e-05 -0.00819433 2.06031e-18
26.34 0 1.03628e-17 -0.000962877 7.71348e-05 -0.0081933 8.95506e-18
26.36 0 -3.61059e-18 -0.000944435 7.48185e-05 -0.00803636 -1.44973e-17
26.38 0 1.18309e-18 -0.000908554 6.94187e-05 -0.007731 -1.94518e-18
26.4 0 -4.87085e-20 -0.000850479 6.12876e-05 -0.00723676 -8.47685e-18
26.42 0 7.23609e-18 -0.00076233 5.07428e-05 -0.00648658 1.00859e-17
26.44 0 -1.18059e-18 -0.000636988 3.81039e-05 -0.00541988 3.82647e-18
26.46 0 -1.72729e-18 -0.000472959 2.3931e-05 -0.00402393 -1.29135e-18
26.48 0 -3.99888e-20 -0.000278266 9.13703e-06 -0.00236703 3.36529e-19
26.5 0 -9.21062e-19 -6.91057e-05 -5.2839e-06 -0.000587001 -2.17488e-18
26.52 0 -4.45347e-19 0.000137075 -1.87029e-05 0.00116767 -6.79574e-18
26.54 0 4.51474e-18 0.000328019 -3.1013e-05 0.00279267 -1.63855e-18
26.56 0 -4.13946e-18 0.000497516 -4.23809e-05 0.00423515 -6.76789e-18
26.58 0 1.7357e-18 0.000642414 -5.29166e-05 0.00546828 -1.00928e-17
26.6 0 -9.33403e-18 0.000760527 -6.25504e-05 0.00647346 8.72946e-19
26.62 0 6.24796e-19 0.000850844 -7.10879e-05 0.00724209 -1.10508e-17
26.64 0 -5.22979e-18 0.000914149 -7.82669e-05 0.00778084 -1.43204e-17
26.66 0 1.43591e-18 0.000952492 -8.374e-05 0.00810715 -2.31093e-17
26.68 0 4.35767e-18 0.000967744 -8.70336e-05 0.00823696 -1.15428e-17
26.7 0 -5.72639e-18 0.00096031 -8.75632e-05 0.00817368 -2.97576e-17
26.72 0 5.97642e-18 0.000928741 -8.47336e-05 0.00790502 -1.45295e-17
26.74 0 3.11248e-18 0.000870149 -7.81293e-05 0.00740638 -1.55529e-17
26.76 0 -9.21939e-19 0.000780766 -6.77618e-05 0.0066457 -5.26475e-18
26.78 0 -1.95547e-18 0.000657056 -5.42622e-05 0.00559289 5.23738e-18
26.8 0 1.13937e-18 0.000498724 -3.88664e-05 0.00424543 -2.80435e-18
26.82 0 -1.62176e-18 0.000312175 -2.30925e-05 0.00265783 -4.79626e-18
26.84 0 -2.25068e-19 0.000110013 -8.21882e-06 0.000937365 -1.06811e-18
26.86 0 1.27085e-18 -9.42325e-05 5.09051e-06 -0.000800838 1.74017e-18
26.88 0 1.53255e-18 -0.000290961 1.67649e-05 -0.00247507 5.28064e-18
26.9 0 -1.40002e-19 -0.000474478 2.7063e-05 -0.00403686 -1.26894e-18
26.92 0 -1.45835e-19 -0.000639951 3.63714e-05 -0.00544509 -8.92723e-18
26.94 0 4.1194e-18 -0.000781803 4.51082e-05 -0.0066523 7.52332e-19
26.96 0 -6.18514e-19 -0.000894659 5.35608e-05 -0.00761275 -7.91762e-18
26.98 0 3.28043e-18 -0.000974928 6.16226e-05 -0.00829586 -3.74707e-18
27 0 -2.8719e-18 -0.00102152 6.86326e-05 -0.00869237 4.45689e-18
27.02 0 1.52945e-18 -0.00103571 7.35217e-05 -0.00881313 9.35377e-18
27.04 0 4.40585e-19 -0.00102042 7.52221e-05 -0.00868305 -8.84353e-18
27.06 0 1.51117e-18 -0.000979088 7.30656e-05 -0.00833127 -5.61127e-19
27.08 0 1.18734e-18 -0.000914438 6.69417e-05 -0.00778107 -6.53306e-18
27.1 0 -1.699e-18 -0.00082744 5.72318e-05 -0.00704069 -7.90435e-18
27.12 0 1.70359e-18 -0.000716492 4.46894e-05 -0.00609649 1.26769e-18
27.14 0 6.65358e-19 -0.000578819 3.03913e-05 -0.00492484 -2.31357e-18
27.16 0 1.26662e-18 -0.000414933 1.56549e-05 -0.00353011 1.42899e-18
27.18 0 -1.07316e-19 -0.000231972 1.69886e-06 -0.00197305 5.57728e-19
27.2 0 3.38787e-18 -4.13376e-05 -1.08452e-05 -0.000350684 1.80855e-18
27.22 0 1.32761e-18 0.000146763 -2.21113e-05 0.00125012 -1.42736e-18
27.24 0 1.80354e-18 0.000325321 -3.26529e-05 0.0027697 -5.07496e-18
27.26 0 -8.05287e-19 0.000488191 -4.2908e-05 0.00415579 7.78799e-18
27.28 0 -3.4161e-18 0.000628474 -5.29132e-05 0.00534964 -1.47214e-17
27.3 0 1.26544e-17 0.000740229 -6.23533e-05 0.00630072 -3.26995e-18
27.32 0 6.22653e-20 0.000820961 -7.07389e-05 0.00698778 4.18792e-18
27.34 0 -1.02933e-18 0.000871956 -7.75045e-05 0.00742177 -4.3025e-19
27.36 0 4.33971e-18 0.000896668 -8.19971e-05 0.00763207 1.00235e-17
27.38 0 -2.24055e-18 0.000898694 -8.3509e-05 0.00764931 -1.37573e-17
27.4 0 -1.00388e-17 0.000880242 -8.14843e-05 0.00749228 -4.91111e-18
27.42 0 2.54489e-18 0.000841454 -7.57936e-05 0.00716218 4.83794e-18
27.44 0 4.25825e-18 0.00078062 -6.68363e-05 0.00664446 1.79282e-17
27.46 0 1.44514e-18 0.000694749 -5.53853e-05 0.00591367 1.02781e-17
27.48 0 -7.9645e-20 0.0005806 -4.23438e-05 0.00494222 9.50653e-18
27.5 0 3.77265e-18 0.000437257 -2.86114e-05 0.00372232 1.04156e-17
27.52 0 -2.84234e-18 0.000269252 -1.50195e-05 0.00229254 7.72218e-19
27.54 0 -1.99234e-19 8.6821e-05 -2.20843e-06 0.00073999 2.00227e-18
27.56 0 5.34426e-19 -9.76053e-05 9.48672e-06 -0.000829542 1.1718e-18
27.58 0 -3.52064e-19 -0.000273242 2.00042e-05 -0.00232427 -8.20941e-19
27.6 0 -1.26263e-19 -0.000432053 2.94267e-05 -0.00367581 9.5879e-18
27.62 0 -2.25056e-18 -0.000568089 3.7882e-05 -0.00483352 -2.32914e-18
27.64 0 -3.98524e-18 -0.000677368 4.54689e-05 -0.00576352 -2.23754e-18
27.66 0 -2.51134e-18 -0.000758438 5.21565e-05 -0.00645346 -1.16241e-17
27.68 0 -4.88283e-18 -0.000812316 5.76986e-05 -0.00691198 -1.64751e-17
27.7 0 -3.60537e-18 -0.000841391 6.16387e-05 -0.00715942 -1.3265e-17
27.72 0 -3