0.02 0 -3.0344e-14 -0.0799661 10.6372 -0.0799661 0
0.04 0 -4.47768e-14 -1.40768 52.823 -1.40768 0
0.06 0 -2.09065e-13 -7.03796 133.956 -7.03796 0
0.08 0 -1.98123e-13 -25.86 243.496 -25.86 0
0.1 0 1.39249e-13 -76.8598 365.563 -76.8598 0
0.12 0 -3.83233e-13 -180.149 489.444 -180.149 0
0.14 0 -2.14806e-13 -345.686 614.265 -345.686 0
0.16 0 2.28201e-12 -568.886 743.579 -568.886 0
0.18 0 1.19291e-13 -832.358 880.928 -832.358 0
0.2 0 -2.3873e-12 -1121.86 1030.09 -1121.86 0
0.22 0 -1.50319e-12 -1438.43 1195.94 -1438.43 0
0.24 0 2.2735e-12 -1787.08 1382.81 -1787.08 0
0.26 0 6.15849e-12 -2160.93 1589.72 -2160.93 0
0.28 0 -2.12506e-12 -2546.29 1804.95 -2546.29 0
0.3 0 -3.19257e-12 -2936.72 2004.86 -2936.72 0
0.32 0 1.57848e-12 -3330.43 2159.01 -3330.43 0
0.34 0 1.71066e-12 -3720.85 2243.19 -3720.85 0
0.36 0 1.15376e-12 -4100.42 2253.1 -4100.42 0
0.38 0 1.1872e-12 -4468.58 2207.89 -4468.58 0
0.4 0 -6.64386e-12 -4820.75 2142.6 -4820.75 0
0.42 0 -3.21138e-12 -5129.38 2089.76 -5129.38 0
0.44 0 4.99026e-12 -5351.12 2048.66 -5351.12 0
0.46 0 2.44191e-12 -5465.43 1969.44 -5465.43 0
0.48 0 -4.23024e-12 -5503.91 1791.98 -5503.91 0
0.5 0 -4.02028e-13 -5530.03 1510.41 -5530.03 0
0.52 0 -2.33444e-12 -5585.25 1191.05 -5585.25 0
0.54 0 3.19382e-12 -5632.96 930.632 -5632.96 0
0.56 0 1.66625e-12 -5561.21 793.198 -5561.21 0
0.58 0 2.35326e-13 -5270.22 774.505 -5270.22 0
0.6 0 9.32549e-13 -4753.91 824.094 -4753.91 0
0.62 0 8.53307e-13 -4084.6 906.575 -4084.6 0
0.64 0 -2.51618e-12 -3332.71 1049.12 -3332.71 0
0.66 0 -4.0704e-12 -2528.84 1330.77 -2528.84 0
0.68 0 1.04067e-12 -1675.87 1817.47 -1675.87 0
0.7 0 7.82418e-13 -762.078 2496.06 -762.078 0
0.72 0 5.12657e-12 228.782 3269.83 228.782 0
0.74 0 -1.01937e-11 1292.99 4026.33 1292.99 0
0.76 0 -3.13638e-13 2375 4725.74 2375 0
0.78 0 1.83179e-12 3395.2 5434.22 3395.2 0
0.8 0 9.93058e-12 4316.19 6255.63 4316.19 0
0.82 0 1.17886e-12 5147.31 7200.53 5147.31 0
0.84 0 1.5393e-11 5878.23 8128.45 5878.23 0
0.86 0 -1.726e-11 6432.04 8844.29 6432.04 0
0.88 0 -9.58927e-12 6713.11 9254.03 6713.11 0
0.9 0 -1.73878e-11 6693.76 9436.02 6693.76 0
0.92 0 2.11299e-12 6447.97 9565.16 6447.97 0
0.94 0 5.00268e-12 6092.08 9765.78 6092.08 0
0.96 0 1.73171e-11 5702 9990.86 5702 0
0.98 0 -2.48679e-13 5288.09 10026.5 5288.09 0
1 0 -2.42632e-12 4906.61 9171.57 4906.61 0
1.02 0 1.17909e-11 4618.22 6972.48 4618.22 0
1.04 0 -1.07058e-11 4322.45 4346.94 4322.45 0
1.06 0 3.40203e-12 3928.33 2365.3 3928.33 0
1.08 0 -3.8284e-12 3461.12 1251.33 3461.12 0
1.1 0 1.67253e-12 2979.28 666.324 2979.28 0
1.12 0 -2.27898e-12 2607.12 -316.251 2607.12 0
1.14 0 6.14093e-13 2420.95 -2344.49 2420.95 0
1.16 0 4.23707e-12 2322.11 -4825.18 2322.11 0
1.18 0 -7.67932e-12 2223 -6866.82 2223 0
1.2 0 6.6451e-12 2114.99 -8155.26 2114.99 0
1.22 0 -1.77901e-11 1935.25 -8773.58 1935.25 0
1.24 0 1.1967e-11 1591.08 -8878.16 1591.08 0
1.26 0 1.71939e-12 1095.87 -8475.1 1095.87 0
1.28 0 -1.23588e-11 613.482 -7519.98 613.482 0
1.3 0 1.73429e-13 324.807 -5986.28 324.807 0
1.32 0 2.01574e-12 269.923 -3926.09 269.923 0
1.34 0 -4.45902e-13 352.622 -1638.31 352.622 0
1.36 0 4.0466e-12 627.473 -199.321 627.473 0
1.38 0 1.14145e-12 1269.93 -336.497 1269.93 0
1.4 0 -1.99566e-12 2165.96 -723.844 2165.96 0
1.42 0 4.8831e-12 3050.57 328.132 3050.57 0
1.44 0 -1.13332e-11 3795.02 2990.85 3795.02 0
1.46 0 1.85455e-11 4400.22 6168.28 4400.22 0
1.48 0 3.76498e-12 4966.04 8524.18 4966.04 0
1.5 0 -6.57141e-12 5648.6 9504.7 5648.6 0
1.52 0 -2.29933e-11 6556.67 9457.14 6556.67 0
1.54 0 2.07456e-14 7582.13 9102.54 7582.13 0
1.56 0 2.03538e-11 8372.45 8908.63 8372.45 0
1.58 0 -7.09477e-12 8592.26 8756.59 8592.26 0
1.6 0 -5.80972e-12 8209.05 8253.65 8209.05 0
1.62 0 -6.36262e-12 7486.69 7337.84 7486.69 0
1.64 0 1.46919e-11 6764.91 6382.19 6764.91 0
1.66 0 1.87387e-11 6212.88 5762.5 6212.88 0
1.68 0 -2.33383e-11 5699.18 5396.53 5699.18 0
1.7 0 1.46465e-12 4867.74 4739.39 4867.74 0
1.72 0 2.14187e-12 3497.75 3206.9 3497.75 0
1.74 0 5.16122e-12 1808.67 646.914 1808.67 0
1.76 0 9.71285e-14 238.483 -2431.2 238.483 0
1.78 0 7.34935e-12 -1031.59 -5077.44 -1031.59 0
1.8 0 -9.07808e-14 -2234.96 -6574.4 -2234.96 0
1.82 0 -4.86185e-13 -3724.94 -7046.95 -3724.94 0
1.84 0 8.53499e-12 -5614.53 -7279.64 -5614.53 0
1.86 0 -6.20321e-12 -7647.85 -7992.24 -7647.85 0
1.88 0 -2.1559e-12 -9347.24 -9361.27 -9347.24 0
1.9 0 1.15589e-11 -10372.4 -11044.8 -10372.4 0
1.92 0 -2.30248e-11 -10782.5 -12539.5 -10782.5 0
1.94 0 -2.46641e-11 -10969 -13566.6 -10969 0
1.96 0 1.72616e-12 -11268.1 -14191.7 -11268.1 0
1.98 0 2.51347e-12 -11593.7 -14596.8 -11593.7 0
2 0 -9.04252e-12 -11485.5 -14799.2 -11485.5 0
2.02 0 -3.67727e-11 -10500.7 -14593.3 -10500.7 0
2.04 0 6.08954e-11 -8578.02 -13766.3 -8578.02 0
2.06 0 1.86065e-11 -6095.01 -12319.6 -6095.01 0
2.08 0 5.52405e-13 -3576.69 -10412.6 -3576.69 0
2.1 0 -2.05985e-11 -1278.24 -8153.14 -1278.24 0
2.12 0 5.07602e-12 944.651 -5518.29 944.651 0
2.14 0 7.39034e-12 3355.94 -2484.14 3355.94 0
2.16 0 -1.04651e-11 5989.04 874.817 5989.04 0
2.18 0 6.10199e-12 8589.9 4361.63 8589.9 0
2.2 0 -5.83762e-12 10798.1 7741.77 10798.1 0
2.22 0 -5.14024e-13 12366.5 10963.8 12366.5 0
2.24 0 -1.16198e-11 13352.1 14120.5 13352.1 0
2.26 0 -7.62274e-12 14049.2 17160.3 14049.2 0
2.28 0 3.3267e-11 14665.2 19826.6 14665.2 0
2.3 0 -2.2178e-11 15106.2 21840 15106.2 0
2.32 0 1.81829e-11 15088.5 22946.9 15088.5 0
2.34 0 -3.72057e-11 14434.5 22920 14434.5 0
2.36 0 -1.2996e-11 13265.2 21793 13265.2 0
2.38 0 -1.66169e-11 11928 19928.5 11928 0
2.4 0 5.70185e-11 10715.6 17680.6 10715.6 0
2.42 0 3.07044e-11 9662.71 15138.6 9662.71 0
2.44 0 -2.20758e-11 8593.39 12175 8593.39 0
2.46 0 -1.10211e-12 7260.75 8645.16 7260.75 0
2.48 0 4.95593e-12 5528.85 4632.13 5528.85 0
2.5 0 6.56377e-12 3541.05 482.427 3541.05 0
2.52 0 -1.11749e-11 1589.9 -3490.38 1589.9 0
2.54 0 1.60928e-11 -136.556 -7306.15 -136.556 0
2.56 0 1.34941e-12 -1651.5 -11126.1 -1651.5 0
2.58 0 1.50789e-12 -3065.45 -14792.7 -3065.45 0
2.6 0 -2.6965e-11 -4402.43 -17869.8 -4402.43 0
2.62 0 -6.99783e-12 -5512.92 -20043.2 -5512.92 0
2.64 0 2.70698e-11 -6119.81 -21285.6 -6119.81 0
2.66 0 -2.44089e-11 -6107.46 -21681.6 -6107.46 0
2.68 0 6.18338e-12 -5690.98 -21254 -5690.98 0
2.7 0 -1.03238e-11 -5207.25 -19980.8 -5207.25 0
2.72 0 9.87522e-12 -4796.07 -17811 -4796.07 0
2.74 0 5.4099e-11 -4262.63 -14767.7 -4262.63 0
2.76 0 -1.97772e-11 -3345.36 -11046.2 -3345.36 0
2.78 0 -2.84022e-11 -2016.36 -6806.8 -2016.36 0
2.8 0 -1.54756e-12 -448.308 -1928.35 -448.308 0
2.82 0 -1.6778e-12 1146.21 3852.4 1146.21 0
2.84 0 6.1624e-12 2595.95 10521.6 2595.95 0
2.86 0 5.07478e-12 3753.35 17613.9 3753.35 0
2.88 0 -5.22584e-11 4490.82 24356.6 4490.82 0
2.9 0 -2.5095e-11 4745.92 29937 4745.92 0
2.92 0 1.06734e-10 4538.08 33955.5 4538.08 0
2.94 0 -3.8621e-11 3965.65 36763 3965.65 0
2.96 0 5.38583e-11 3180.07 39126.5 3180.07 0
2.98 0 -2.00367e-11 2335.2 41407.2 2335.2 0
3 0 -2.30534e-11 1477.86 43112.2 1477.86 0
3.02 0 1.70212e-11 450.059 43275.4 450.059 0
3.04 0 2.12258e-11 -992.066 41268.4 -992.066 0
3.06 0 -3.90729e-12 -2918.86 37284.2 -2918.86 0
3.08 0 4.43456e-11 -5120.54 32150.2 -5120.54 0
3.1 0 -8.4006e-11 -7335.08 26660.7 -7335.08 0
3.12 0 2.12162e-11 -9506.71 20954.3 -9506.71 0
3.14 0 -1.39148e-11 -11664.1 14521.5 -11664.1 0
3.16 0 2.7688e-11 -13698 6897.54 -13698 0
3.18 0 -2.03049e-11 -15420 -1660.08 -15420 0
3.2 0 -5.45514e-11 -16769.9 -10320.9 -16769.9 0
3.22 0 -5.19257e-12 -17823.9 -18364.5 -17823.9 0
3.24 0 3.13814e-11 -18614.8 -25543 -18614.8 0
3.26 0 -5.08385e-11 -19111.2 -32004.2 -19111.2 0
3.28 0 2.7003e-11 -19270.5 -37984.5 -19270.5 0
3.3 0 -2.2551e-11 -19016.8 -43462.2 -19016.8 0
3.32 0 5.53986e-11 -18273.4 -48000.9 -18273.4 0
3.34 0 1.09171e-10 -17000.8 -50883.9 -17000.8 0
3.36 0 -1.19884e-10 -15148.5 -51538.4 -15148.5 0
3.38 0 6.08239e-11 -12642.5 -49924.5 -12642.5 0
3.4 0 8.50734e-11 -9485.54 -46508.6 -9485.54 0
3.42 0 -2.92272e-11 -5810.83 -41852.3 -5810.83 0
3.44 0 -1.31509e-10 -1819.73 -36202.2 -1819.73 0
3.46 0 -2.93229e-11 2276.9 -29461.6 2276.9 0
3.48 0 2.56784e-11 6290.39 -21428.7 6290.39 0
3.5 0 1.6505e-11 10124.8 -12081.4 10124.8 0
3.52 0 1.25786e-11 13827.1 -1779.63 13827.1 0
3.54 0 -1.94568e-11 17509.1 8758.26 17509.1 0
3.56 0 9.4166e-12 21133.7 18695 21133.7 0
3.58 0 2.70309e-11 24392.2 27474.3 24392.2 0
3.6 0 -6.45577e-11 26906.1 35109.7 26906.1 0
3.62 0 -6.72735e-12 28555.2 41992.9 28555.2 0
3.64 0 -6.17755e-12 29564.4 48326 29564.4 0
3.66 0 9.1429e-11 30207.3 53777.6 30207.3 0
3.68 0 -1.27424e-10 30464.4 57737.8 30464.4 0
3.7 0 -4.03925e-11 30049.1 59699 30049.1 0
3.72 0 1.19447e-10 28665.6 59379.2 28665.6 0
3.74 0 -4.07525e-12 26229 56818.8 26229 0
3.76 0 1.93081e-10 22919 52416.3 22919 0
3.78 0 -1.04599e-10 19086.1 46684.7 19086.1 0
3.8 0 -2.61718e-11 15064.3 39866 15064.3 0
3.82 0 -7.59644e-11 10919.9 31921.9 10919.9 0
3.84 0 2.83555e-11 6414.07 22901.3 6414.07 0
3.86 0 4.50011e-14 1314.92 13077.1 1314.92 0
3.88 0 2.43539e-11 -4231.34 2787.26 -4231.34 0
3.9 0 -1.17538e-11 -9669.24 -7701.25 -9669.24 0
3.92 0 3.33998e-11 -14375.5 -18160.9 -14375.5 0
3.94 0 -3.19536e-11 -17983.7 -28268.2 -17983.7 0
3.96 0 -1.36245e-12 -20497.1 -37525.9 -20497.1 0
3.98 0 -7.036e-13 -22131.4 -45248.7 -22131.4 0
4 0 1.91012e-11 -22986.4 -50695.9 -22986.4 0
4.02 0 2.17592e-11 -22945.4 -53377 -22945.4 0
4.04 0 -8.25712e-11 -21877.3 -53228.1 -21877.3 0
4.06 0 7.374e-11 -19841.9 -50504.2 -19841.9 0
4.08 0 7.20721e-12 -17044.5 -45547.1 -17044.5 0
4.1 0 1.62125e-11 -13734.8 -38658.9 -13734.8 0
4.12 0 -3.0962e-11 -10234.9 -30074 -10234.9 0
4.14 0 -1.70708e-11 -6878.7 -19925.4 -6878.7 0
4.16 0 1.82183e-11 -3829.73 -8326.23 -3829.73 0
4.18 0 -7.35279e-12 -980.24 4431.64 -980.24 0
4.2 0 -4.48889e-11 1832.35 17779.3 1832.35 0
4.22 0 -4.37275e-11 4553.99 31054.6 4553.99 0
4.24 0 -3.79912e-11 7007.85 43704.2 7007.85 0
4.26 0 9.25718e-11 9084.02 55134 9084.02 0
4.28 0 -5.76267e-11 10749 64632.7 10749 0
4.3 0 9.24343e-11 12036.2 71616.8 12036.2 0
4.32 0 3.69214e-11 13080.1 75831.7 13080.1 0
4.34 0 1.03413e-10 13967.1 77329.7 13967.1 0
4.36 0 1.10176e-10 14502.9 76365.7 14502.9 0
4.38 0 -2.45343e-10 14232.5 73260.9 14232.5 0
4.4 0 -2.09298e-11 12626.5 68267.3 12626.5 0
4.42 0 -1.45844e-10 9334.74 61568.5 9334.74 0
4.44 0 1.52918e-10 4436.4 53175.8 4436.4 0
4.46 0 -8.34976e-12 -1633.88 42796.8 -1633.88 0
4.48 0 -7.16268e-11 -8403.92 30147.5 -8403.92 0
4.5 0 2.14039e-11 -15617.8 15417.4 -15617.8 0
4.52 0 2.72739e-11 -23322.6 -747.974 -23322.6 0
4.54 0 -2.16001e-11 -31677.3 -17636.3 -31677.3 0
4.56 0 4.07506e-11 -40543.6 -34791.4 -40543.6 0
4.58 0 1.49727e-10 -49298.3 -52061.1 -49298.3 0
4.6 0 -1.24352e-10 -57102.1 -69263.5 -57102.1 0
4.62 0 -2.03973e-12 -63240.7 -85781.5 -63240.7 0
4.64 0 -2.19489e-10 -67218 -100663 -67218 0
4.66 0 3.41905e-10 -68754.1 -113223 -68754.1 0
4.68 0 4.60214e-10 -67769.3 -123362 -67769.3 0
4.7 0 1.70998e-10 -64233.4 -131262 -64233.4 0
4.72 0 -3.01802e-11 -58055.8 -136896 -58055.8 0
4.74 0 1.27875e-10 -49243.1 -139817 -49243.1 0
4.76 0 4.07342e-10 -38125.7 -139360 -38125.7 0
4.78 0 -3.23512e-10 -25324.5 -135098 -25324.5 0
4.8 0 1.71347e-10 -11497.8 -127154 -11497.8 0
4.82 0 -7.92588e-11 2854.41 -116064 2854.41 0
4.84 0 -1.33658e-10 17507.5 -102401 17507.5 0
4.86 0 -1.6037e-11 32555.6 -86588.9 32555.6 0
4.88 0 2.20426e-10 48214.4 -69027.5 48214.4 0
4.9 0 -5.64817e-11 64417.1 -50284.2 64417.1 0
4.92 0 2.58692e-11 80550.5 -31066 80550.5 0
4.94 0 5.06638e-12 95615.9 -12018.8 95615.9 0
4.96 0 4.19937e-11 108662 6425.63 108662 0
4.98 0 5.13745e-11 119148 24115.9 119148 0
5 0 -4.07395e-11 127038 41126.9 127038 0
5.02 0 -1.66919e-10 132582 57485 132582 0
5.04 0 1.64152e-10 135908 72931.7 135908 0
5.06 0 2.70518e-11 136663 87012.1 136663 0
5.08 0 -3.12937e-10 133997 99344.7 133997 0
5.1 0 9.19073e-11 126930 109671 126930 0
5.12 0 -1.52168e-10 114753 117646 114753 0
5.14 0 5.72784e-11 97178.7 122790 97178.7 0
5.16 0 2.75207e-10 74201.9 124689 74201.9 0
5.18 0 -7.57042e-11 45984 123218 45984 0
5.2 0 4.29531e-11 13028.3 118516 13028.3 0
5.22 0 -1.13799e-10 -23435 110820 -23435 0
5.24 0 -5.60907e-11 -61324 100235 -61324 0
5.26 0 1.42562e-10 -98242.7 86402.2 -98242.7 0
5.28 0 2.28202e-11 -132235 68377.9 -132235 0
5.3 0 9.24439e-12 -162208 45178.7 -162208 0
5.32 0 -9.18554e-12 -187821 16768.9 -187821 0
5.34 0 5.28157e-11 -209053 -15448.6 -209053 0
5.36 0 -1.26217e-10 -225871 -49094.4 -225871 0
5.38 0 -1.43364e-10 -237813 -81787.2 -237813 0
5.4 0 -2.91691e-10 -243626 -111807 -243626 0
5.42 0 2.20599e-10 -242205 -138014 -242205 0
5.44 0 -1.90256e-10 -233613 -159514 -233613 0
5.46 0 4.70487e-10 -217343 -175406 -217343 0
5.48 0 1.49689e-11 -193645 -184686 -193645 0
5.5 0 6.71176e-11 -164093 -186437 -164093 0
5.52 0 -1.1934e-12 -130536 -180017 -130536 0
5.54 0 -3.76837e-10 -95394.9 -165153 -95394.9 0
5.56 0 -2.21897e-11 -60982.6 -142193 -60982.6 0
5.58 0 2.03063e-10 -29267 -112627 -29267 0
5.6 0 -1.50933e-10 -934.367 -79048.2 -934.367 0
5.62 0 -1.7835e-11 24690.9 -44080.4 24690.9 0
5.64 0 -4.58465e-12 48825.8 -9638 48825.8 0
5.66 0 -1.66114e-11 72046.6 22997.9 72046.6 0
5.68 0 -1.90371e-12 93822.9 52739.4 93822.9 0
5.7 0 1.16783e-10 112935 78193.3 112935 0
5.72 0 -1.58735e-10 128143 97470.2 128143 0
5.74 0 1.2889e-11 138672 108458 138672 0
5.76 0 3.7878e-10 144383 109492 144383 0
5.78 0 -5.41233e-11 145715 100024 145715 0
5.8 0 9.92753e-11 143467 80973.3 143467 0
5.82 0 -1.54177e-10 138532 54363.2 138532 0
5.84 0 4.65384e-11 131782 22334.2 131782 0
5.86 0 -6.24472e-12 123871 -13370.2 123871 0
5.88 0 7.58871e-12 115026 -51116.5 115026 0
5.9 0 1.1557e-10 104993 -89047.7 104993 0
5.92 0 -3.16419e-11 92916.2 -125153 92916.2 0
5.94 0 -2.28488e-11 77252.2 -157252 77252.2 0
5.96 0 -5.59901e-11 56235 -182858 56235 0
5.98 0 1.00202e-10 28986.3 -199871 28986.3 0
6 0 -1.78364e-10 -3319.36 -207463 -3319.36 0
6.02 0 -2.47424e-10 -37197.1 -205764 -37197.1 0
6.04 0 4.37589e-10 -68144.2 -194693 -68144.2 0
6.06 0 -5.58327e-11 -93125.5 -174201 -93125.5 0
6.08 0 -6.83774e-12 -112383 -145181 -112383 0
6.1 0 -8.21481e-11 -128881 -108652 -128881 0
6.12 0 1.63389e-10 -145886 -64228.7 -145886 0
6.14 0 2.30232e-13 -164310 -10243.8 -164310 0
6.16 0 2.0496e-12 -181712 53947.1 -181712 0
6.18 0 -2.60831e-10 -193705 126473 -193705 0
6.2 0 2.94436e-10 -196489 203274 -196489 0
6.22 0 -4.72248e-10 -188531 279218 -188531 0
6.24 0 -2.68371e-10 -170278 350732 -170278 0
6.26 0 9.55808e-11 -143864 419341 -143864 0
6.28 0 6.68981e-11 -112296 489571 -112296 0
6.3 0 3.19962e-10 -77261.5 553981 -77261.5 0
6.32 0 2.51414e-10 -47494.3 603246 -47494.3 0
6.34 0 3.17714e-09 -19197.8 654874 -19197.8 0
6.36 0 6.44993e-10 11613.8 699286 11613.8 0
6.38 0 -3.18097e-09 41403 721015 41403 0
6.4 0 3.286e-10 73294.2 723167 73294.2 0
6.42 0 1.18114e-09 109867 708334 109867 0
6.44 0 9.69356e-11 148269 669383 148269 0
6.46 0 3.30635e-09 184519 600718 184519 0
6.48 0 5.12327e-10 217425 517485 217425 0
6.5 0 9.10273e-10 241535 427879 241535 0
6.52 0 3.911e-10 253195 340214 253195 0
6.54 0 -8.90292e-10 250891 257379 250891 0
6.56 0 5.82643e-10 237545 177298 237545 0
6.58 0 -4.02383e-10 215434 95528.2 215434 0
6.6 0 -1.10875e-10 187838 8628.05 187838 0
6.62 0 -1.84665e-10 158758 -83883.3 158758 0
6.64 0 1.20771e-10 130705 -179038 130705 0
6.66 0 3.97819e-11 105129 -271691 105129 0
6.68 0 -5.10867e-10 81416.5 -356636 81416.5 0
6.7 0 -6.60998e-10 57918.7 -430156 57918.7 0
6.72 0 5.07359e-10 33201.5 -490854 33201.5 0
6.74 0 9.79861e-10 6721.29 -538831 6721.29 0
6.76 0 -1.68768e-09 -21583.5 -572191 -21583.5 0
6.78 0 8.55517e-10 -51347.3 -587327 -51347.3 0
6.8 0 4.03173e-10 -83746.4 -582375 -83746.4 0
6.82 0 -3.88167e-10 -118748 -562676 -118748 0
6.84 0 -8.08507e-10 -152247 -531178 -152247 0
6.86 0 7.76988e-10 -182261 -491325 -182261 0
6.88 0 1.49284e-10 -207863 -448010 -207863 0
6.9 0 6.56823e-10 -227864 -400854 -227864 0
6.92 0 1.99015e-09 -242394 -348679 -242394 0
6.94 0 2.07862e-09 -251074 -288911 -251074 0
6.96 0 -1.1056e-09 -252906 -220820 -252906 0
6.98 0 1.07516e-10 -246594 -145242 -246594 0
7 0 -4.4321e-10 -231090 -64548.8 -231090 0
7.02 0 3.99074e-10 -206336 17994.5 -206336 0
7.04 0 9.91968e-11 -174535 98513.2 -174535 0
7.06 0 3.27323e-10 -139044 173299 -139044 0
7.08 0 5.41355e-10 -102931 239446 -102931 0
7.1 0 -9.01818e-10 -68124.1 295028 -68124.1 0
7.12 0 4.86039e-10 -35286.3 338687 -35286.3 0
7.14 0 -1.81074e-09 -4424.98 369277 -4424.98 0
7.16 0 -1.301e-09 24555.2 385890 24555.2 0
7.18 0 -5.18633e-10 51794.9 388066 51794.9 0
7.2 0 -6.24963e-10 78379.6 376098 78379.6 0
7.22 0 7.57578e-10 103330 348807 103330 0
7.24 0 -2.17614e-10 125840 306849 125840 0
7.26 0 9.57051e-13 146284 254508 146284 0
7.28 0 -7.6078e-11 163265 196071 163265 0
7.3 0 1.06035e-10 175082 135794 175082 0
7.32 0 1.31318e-10 180181 76922.4 180181 0
7.34 0 2.02149e-10 178338 20691.3 178338 0
7.36 0 -8.53621e-11 170633 -33912 170633 0
7.38 0 -1.43946e-10 158601 -88892.6 158601 0
7.4 0 4.3632e-10 143827 -145064 143827 0
7.42 0 3.89239e-11 127552 -200743 127552 0
7.44 0 -2.99213e-10 110313 -252325 110313 0
7.46 0 6.84826e-10 92013 -295931 92013 0
7.48 0 -1.45633e-10 71859.9 -328630 71859.9 0
7.5 0 -1.3857e-09 48787.3 -348625 48787.3 0
7.52 0 8.96241e-10 22064.2 -354759 22064.2 0
7.54 0 -6.62469e-10 -8570.41 -345982 -8570.41 0
7.56 0 1.27678e-09 -41707.9 -321122 -41707.9 0
7.58 0 -5.26944e-10 -74932.2 -280857 -74932.2 0
7.6 0 2.71734e-10 -106716 -229949 -106716 0
7.62 0 7.00833e-11 -135376 -174551 -135376 0
7.64 0 2.7638e-10 -158881 -119481 -158881 0
7.66 0 -5.49873e-12 -175205 -67298.4 -175205 0
7.68 0 5.94001e-11 -182500 -18173.4 -182500 0
7.7 0 -3.59307e-12 -179803 28904.8 -179803 0
7.72 0 5.33298e-11 -167457 75223.5 -167457 0
7.74 0 -8.67552e-11 -146814 121201 -146814 0
7.76 0 -2.8435e-11 -120119 165857 -120119 0
7.78 0 1.73255e-10 -90080.3 207305 -90080.3 0
7.8 0 4.95916e-10 -59133.1 243763 -59133.1 0
7.82 0 -7.66927e-10 -29067.6 273919 -29067.6 0
7.84 0 8.56974e-10 -430.194 296467 -430.194 0
7.86 0 2.27919e-10 27395.6 309488 27395.6 0
7.88 0 -9.30854e-10 55494.3 310288 55494.3 0
7.9 0 5.37948e-11 84144.9 296479 84144.9 0
7.92 0 -2.3388e-10 111548 266344 111548 0
7.94 0 4.25002e-10 136534 222908 136534 0
7.96 0 6.1494e-10 158698 172940 158698 0
7.98 0 -2.61772e-10 177155 122471 177155 0
8 0 -4.33505e-10 191075 75284.8 191075 0
8.02 0 1.47741e-10 199230 31680.6 199230 0
8.04 0 -5.38977e-11 200673 -9772.36 200673 0
8.06 0 -1.50171e-11 195106 -50948.8 195106 0
8.08 0 1.5649e-10 182872 -92910.6 182872 0
8.1 0 9.31e-11 164573 -135474 164573 0
8.12 0 1.13916e-10 141142 -177359 141142 0
8.14 0 -1.77671e-10 113466 -216663 113466 0
8.16 0 7.51247e-11 82210.9 -251029 82210.9 0
8.18 0 -3.40891e-10 48013.5 -277759 48013.5 0
8.2 0 -3.56349e-10 11640.8 -294341 11640.8 0
8.22 0 -4.93008e-10 -26025.1 -299083 -26025.1 0
8.24 0 5.09772e-10 -63937 -291715 -63937 0
8.26 0 5.83874e-10 -100620 -273315 -100620 0
8.28 0 2.03328e-10 -134944 -246223 -134944 0
8.3 0 2.49126e-10 -166610 -213913 -166610 0
8.32 0 -6.0483e-10 -195263 -178944 -195263 0
8.34 0 2.58343e-10 -220098 -142184 -220098 0
8.36 0 -3.46794e-10 -239885 -103637 -239885 0
8.38 0 -7.54021e-11 -253062 -63157.5 -253062 0
8.4 0 -2.54518e-10 -258049 -21084.6 -258049 0
8.42 0 1.16253e-11 -254024 21643.6 -254024 0
8.44 0 3.45997e-11 -241026 63488.3 -241026 0
8.46 0 -8.31176e-11 -219563 102717 -219563 0
8.48 0 2.5514e-10 -191315 137959 -191315 0
8.5 0 -1.36194e-10 -158675 168421 -158675 0
8.52 0 1.7008e-11 -123922 193600 -123922 0
8.54 0 -2.56064e-10 -88983.2 212828 -88983.2 0
8.56 0 9.02438e-10 -55104.3 224943 -55104.3 0
8.58 0 -7.12325e-10 -22709.8 228316 -22709.8 0
8.6 0 -4.19539e-10 8421.84 221627 8421.84 0
8.62 0 1.73443e-10 38634.1 204263 38634.1 0
8.64 0 -5.68964e-10 68118.6 177112 68118.6 0
8.66 0 7.0113e-11 96896.6 142948 96896.6 0
8.68 0 2.89692e-10 124520 104774 124520 0
8.7 0 -2.20333e-11 149964 64880.2 149964 0
8.72 0 -1.51077e-11 171658 24679.6 171658 0
8.74 0 -2.09169e-11 187606 -15289.5 187606 0
8.76 0 -7.89036e-11 195996 -55004.9 195996 0
8.78 0 1.57173e-10 195768 -94427.3 195768 0
8.8 0 3.82326e-12 187375 -132928 187375 0
8.82 0 3.34782e-10 171520 -169219 171520 0
8.84 0 1.07371e-10 149527 -201746 149527 0
8.86 0 -3.89951e-10 123387 -229132 123387 0
8.88 0 1.83347e-10 94722.7 -250238 94722.7 0
8.9 0 4.14507e-10 65024.2 -263882 65024.2 0
8.92 0 -2.50332e-10 35142.5 -268654 35142.5 0
8.94 0 6.8259e-10 5437.8 -263429 5437.8 0
8.96 0 -8.42136e-10 -23953.3 -248084 -23953.3 0
8.98 0 5.39999e-10 -52793.7 -223940 -52793.7 0
9 0 -2.41248e-11 -80671.9 -193580 -80671.9 0
9.02 0 -3.09744e-10 -106814 -159058 -106814 0
9.04 0 3.4642e-10 -130472 -120887 -130472 0
9.06 0 2.7176e-10 -151144 -78846.6 -151144 0
9.08 0 -1.91074e-11 -168114 -33207.1 -168114 0
9.1 0 3.11483e-11 -180049 14296.8 -180049 0
9.12 0 -1.23768e-10 -185202 60802.8 -185202 0
9.14 0 -7.14073e-11 -182377 103792 -182377 0
9.16 0 3.40889e-10 -171734 142483 -171734 0
9.18 0 -3.03415e-10 -154782 177770 -154782 0
9.2 0 -1.21953e-10 -134189 210837 -134189 0
9.22 0 -2.04502e-10 -112599 241843 -112599 0
9.24 0 4.09222e-10 -91130.3 269533 -91130.3 0
9.26 0 -4.26405e-10 -69298.3 291538 -69298.3 0
9.28 0 7.06467e-10 -46259.9 305011 -46259.9 0
9.3 0 7.50479e-11 -22104.1 307567 -22104.1 0
9.32 0 -4.83909e-10 2215.16 298448 2215.16 0
9.34 0 4.01137e-10 25248.2 278364 25248.2 0
9.36 0 1.34976e-10 46542.4 249848 46542.4 0
9.38 0 -6.16084e-11 66735.9 216701 66735.9 0
9.4 0 -4.13371e-10 86100.4 181725 86100.4 0
9.42 0 1.70952e-10 104210 146105 104210 0
9.44 0 -2.26826e-10 119863 109791 119863 0
9.46 0 -3.60653e-11 131487 72385.9 131487 0
9.48 0 1.38484e-10 137617 33653 137617 0
9.5 0 -5.24389e-11 137291 -6272.7 137291 0
9.52 0 -2.0271e-11 130331 -46507.7 130331 0
9.54 0 -4.13973e-11 117135 -85295.6 117135 0
9.56 0 1.73491e-10 98730 -120531 98730 0
9.58 0 -6.87538e-11 76446.8 -150507 76446.8 0
9.6 0 -2.04889e-10 51513 -174153 51513 0
9.62 0 1.71951e-10 25305 -190773 25305 0
9.64 0 -2.1307e-10 -636.708 -199876 -636.708 0
9.66 0 2.8673e-10 -24929.5 -201263 -24929.5 0
9.68 0 -2.30848e-10 -46871.5 -195159 -46871.5 0
9.7 0 -1.78891e-11 -66414.5 -182024 -66414.5 0
9.72 0 2.57471e-10 -83925 -162534 -83925 0
9.74 0 -2.63841e-10 -99624.7 -137556 -99624.7 0
9.76 0 -1.3569e-10 -112908 -107604 -112908 0
9.78 0 4.81657e-11 -122385 -73116.6 -122385 0
9.8 0 -4.00888e-11 -126451 -35268.7 -126451 0
9.82 0 1.58419e-12 -124031 3847.88 -124031 0
9.84 0 -1.17129e-11 -115132 42017.1 -115132 0
9.86 0 -6.1213e-11 -100720 78047.6 -100720 0
9.88 0 -1.16719e-10 -82260.8 112027 -82260.8 0
9.9 0 1.70177e-10 -61133.5 144577 -61133.5 0
9.92 0 3.80319e-11 -38430.6 175822 -38430.6 0
9.94 0 -2.95861e-10 -15154.3 204791 -15154.3 0
9.96 0 -2.30122e-10 7687.38 229569 7687.38 0
9.98 0 -8.04761e-10 29233.4 248159 29233.4 0
10 0 2.18212e-10 49074.7 259365 49074.7 0
10.02 0 -5.15741e-10 67273.8 262937 67273.8 0
10.04 0 -3.1975e-10 84068.7 258977 84068.7 0
10.06 0 -5.44742e-10 99160.6 247257 99160.6 0
10.08 0 4.31652e-10 111692 227916 111692 0
10.1 0 1.53946e-10 120767 202539 120767 0
10.12 0 3.9704e-10 125519 173456 125519 0
10.14 0 1.18385e-10 125531 142817 125531 0
10.16 0 -5.38188e-11 120972 111957 120972 0
10.18 0 2.85141e-10 112122 80984.3 112122 0
10.2 0 6.80445e-11 99240.7 49041 99240.7 0
10.22 0 -5.10403e-12 82624.7 15076 82624.7 0
10.24 0 -1.11306e-11 62696 -21015 62696 0
10.26 0 6.66954e-11 40127.1 -57877.6 40127.1 0
10.28 0 -1.42059e-10 15852.1 -93250.1 15852.1 0
10.3 0 -2.90794e-10 -8975.83 -124936 -8975.83 0
10.32 0 3.48699e-10 -33185.6 -151236 -33185.6 0
10.34 0 -1.51027e-10 -55789.4 -170724 -55789.4 0
10.36 0 -5.16075e-12 -76077.7 -182091 -76077.7 0
10.38 0 5.21824e-10 -93595.8 -184412 -93595.8 0
10.4 0 -2.01074e-10 -108020 -177380 -108020 0
10.42 0 3.84154e-10 -118859 -161464 -118859 0
10.44 0 -3.28268e-10 -125920 -138390 -125920 0
10.46 0 -5.47191e-11 -129166 -110099 -129166 0
10.48 0 1.15735e-10 -128419 -77861.5 -128419 0
10.5 0 5.25235e-11 -123647 -42584.2 -123647 0
10.52 0 -1.18662e-11 -114958 -4969.23 -114958 0
10.54 0 4.27793e-11 -102802 34376.4 -102802 0
10.56 0 -6.76138e-11 -87780.4 75040.7 -87780.4 0
10.58 0 -2.95329e-11 -70342.9 116341 -70342.9 0
10.6 0 2.7989e-10 -50690.2 156822 -50690.2 0
10.62 0 -7.0872e-10 -28990.7 194234 -28990.7 0
10.64 0 -5.90984e-11 -5732.82 226079 -5732.82 0
10.66 0 -3.33874e-10 18041.1 250276 18041.1 0
10.68 0 9.53946e-11 40846.7 265702 40846.7 0
10.7 0 -5.91735e-10 61269.1 272280 61269.1 0
10.72 0 -3.53457e-10 78554.1 270408 78554.1 0
10.74 0 2.47216e-10 92555.7 260216 92555.7 0
10.76 0 5.65714e-10 103324 241511 103324 0
10.78 0 7.59662e-11 111133 214842 111133 0
10.8 0 -4.7013e-10 116015 181411 116015 0
10.82 0 -3.50173e-10 117768 142707 117768 0
10.84 0 2.40959e-10 116377 100556 116377 0
10.86 0 1.79881e-10 111876 56638.9 111876 0
10.88 0 -1.33056e-10 104136 12236 104136 0
10.9 0 3.97534e-12 92757.2 -31740.4 92757.2 0
10.92 0 4.32751e-11 77345.9 -74233.6 77345.9 0
10.94 0 -5.75371e-11 58058.1 -113882 58058.1 0
10.96 0 1.5473e-10 35993.7 -149380 35993.7 0
10.98 0 -2.82593e-10 12946.1 -179855 12946.1 0
11 0 -7.13049e-11 -9223.86 -204678 -9223.86 0
11.02 0 -1.76974e-10 -29277.7 -222961 -29277.7 0
11.04 0 2.22351e-10 -46977.3 -233339 -46977.3 0
11.06 0 7.74625e-10 -62934.4 -234183 -62934.4 0
11.08 0 -7.00917e-10 -77883.7 -223944 -77883.7 0
11.1 0 -5.85716e-10 -91684.2 -201874 -91684.2 0
11.12 0 -8.77473e-11 -103683 -169710 -103683 0
11.14 0 -1.61326e-11 -112892 -130619 -112892 0
11.16 0 2.56966e-11 -118371 -87352.4 -118371 0
11.18 0 7.6516e-11 -119943 -41875.7 -119943 0
11.2 0 -9.84582e-13 -117916 4654.25 -117916 0
11.22 0 -9.33928e-11 -112730 51435.3 -112730 0
11.24 0 1.49087e-10 -104580 98059.2 -104580 0
11.26 0 3.05868e-10 -93510.9 144044 -93510.9 0
11.28 0 -5.70312e-10 -79666.3 188326 -79666.3 0
11.3 0 2.15916e-10 -63651.7 229431 -63651.7 0
11.32 0 -3.83797e-10 -46526.7 266075 -46526.7 0
11.34 0 -5.09489e-11 -29309 297150 -29309 0
11.36 0 1.6751e-11 -12407 321191 -12407 0
11.38 0 -1.4935e-09 4454.43 336345 4454.43 0
11.4 0 -4.0149e-11 21693.1 341019 21693.1 0
11.42 0 6.31432e-10 39417.9 334312 39417.9 0
11.44 0 -5.30097e-10 56296.2 315752 56296.2 0
11.46 0 4.23726e-11 70465.8 286909 70465.8 0
11.48 0 1.78286e-10 80826.6 251008 80826.6 0
11.5 0 3.76622e-10 87083.9 210489 87083.9 0
11.52 0 4.87132e-11 90261.8 166753 90261.8 0
11.54 0 1.09083e-10 91685.4 120675 91685.4 0
11.56 0 1.96535e-10 91813.5 73141.1 91813.5 0
11.58 0 -1.77607e-10 90176.4 24600.1 90176.4 0
11.6 0 -3.96582e-11 86074.1 -24993.4 86074.1 0
11.62 0 8.32623e-11 79134.9 -75265.2 79134.9 0
11.64 0 -4.21589e-11 69349.3 -124796 69349.3 0
11.66 0 5.81209e-11 56845.9 -171438 56845.9 0
11.68 0 6.56553e-10 41799 -212963 41799 0
11.7 0 -3.78585e-10 24535.2 -247398 24535.2 0
11.72 0 -2.22111e-10 5707.53 -273175 5707.53 0
11.74 0 -3.8822e-10 -13739.3 -289277 -13739.3 0
11.76 0 -1.08479e-10 -32821.3 -295149 -32821.3 0
11.78 0 1.66688e-10 -51084.1 -290235 -51084.1 0
11.8 0 -3.43085e-10 -67839.5 -273499 -67839.5 0
11.82 0 -5.43346e-11 -82881.1 -245168 -82881.1 0
11.84 0 -7.20314e-10 -96702.1 -207775 -96702.1 0
11.86 0 1.53817e-10 -109193 -164596 -109193 0
11.88 0 -1.25457e-10 -119878 -118481 -119878 0
11.9 0 5.73422e-11 -127913 -70988.3 -127913 0
11.92 0 2.35727e-12 -132377 -22239.4 -132377 0
11.94 0 1.29255e-11 -132607 28412.7 -132607 0
11.96 0 -1.50864e-11 -128383 81392.4 -128383 0
11.98 0 4.5149e-10 -119859 135981 -119859 0
12 0 9.51037e-11 -107542 190368 -107542 0
12.02 0 2.28012e-10 -92405.3 242499 -92405.3 0
12.04 0 -2.57939e-10 -75719.4 290676 -75719.4 0
12.06 0 -4.23037e-10 -58585.7 333450 -58585.7 0
12.08 0 -7.84324e-10 -41508 369182 -41508 0
12.1 0 -6.25372e-10 -24361.5 395984 -24361.5 0
12.12 0 4.85764e-10 -6769.05 412113 -6769.05 0
12.14 0 -4.76978e-10 11560.5 416333 11560.5 0
12.16 0 -4.35312e-10 30790.8 408031 30790.8 0
12.18 0 9.2347e-10 49416.6 386755 49416.6 0
12.2 0 -1.40917e-09 66459.2 354792 66459.2 0
12.22 0 -5.88743e-10 81808.1 315802 81808.1 0
12.24 0 -7.02673e-11 95009.4 272143 95009.4 0
12.26 0 -4.27505e-10 105962 225152 105962 0
12.28 0 5.71919e-10 114052 175091 114052 0
12.3 0 -4.74719e-10 118506 122412 118506 0
12.32 0 -1.84292e-10 118498 67871.8 118498 0
12.34 0 -2.341e-11 113664 12564.3 113664 0
12.36 0 -4.31909e-11 104233 -42329.8 104233 0
12.38 0 -2.08198e-11 91083.1 -95713.8 91083.1 0
12.4 0 -1.55385e-10 75459.3 -146606 75459.3 0
12.42 0 7.58067e-11 58467.2 -193746 58467.2 0
12.44 0 1.08882e-09 40784.1 -235137 40784.1 0
12.46 0 -6.12812e-10 22705.9 -268229 22705.9 0
12.48 0 -7.0402e-12 4433.89 -290774 4433.89 0
12.5 0 3.23276e-10 -13672.4 -301480 -13672.4 0
12.52 0 1.51742e-10 -31230.2 -299888 -31230.2 0
12.54 0 -5.22841e-10 -47329.3 -285872 -47329.3 0
12.56 0 -3.75757e-10 -60836.3 -260043 -60836.3 0
12.58 0 -4.91377e-10 -71578.6 -225385 -71578.6 0
12.6 0 -1.57602e-10 -79612.4 -185380 -79612.4 0
12.62 0 -2.95667e-11 -84976.4 -142442 -84976.4 0
12.64 0 9.37755e-11 -87851.8 -98092.3 -87851.8 0
12.66 0 -1.32592e-10 -88288.8 -52600.4 -88288.8 0
12.68 0 3.75624e-11 -86311.5 -5517.23 -86311.5 0
12.7 0 -2.22657e-11 -82076.7 44119.7 -82076.7 0
12.72 0 7.95105e-11 -76139.2 96822.3 -76139.2 0
12.74 0 -2.63296e-11 -69271.9 151692 -69271.9 0
12.76 0 5.26039e-11 -61943.6 205931 -61943.6 0
12.78 0 1.83636e-10 -54020.3 255459 -54020.3 0
12.8 0 3.58492e-10 -45100.2 296345 -45100.2 0
12.82 0 -1.59128e-10 -35012.3 325943 -35012.3 0
12.84 0 -2.60019e-10 -24021.6 343035 -24021.6 0
12.86 0 3.54612e-10 -12664.9 347322 -12664.9 0
12.88 0 7.93043e-10 -1253.43 338747 -1253.43 0
12.9 0 4.59854e-11 9733.23 317310 9733.23 0
12.92 0 1.61136e-10 20197.8 284924 20197.8 0
12.94 0 5.37252e-10 30245.6 244590 30245.6 0
12.96 0 1.85365e-11 39646.3 199186 39646.3 0
12.98 0 -9.61623e-11 48206.1 151417 48206.1 0
13 0 1.04972e-10 55359.4 102914 55359.4 0
13.02 0 -2.55401e-10 60165.6 54356.7 60165.6 0
13.04 0 -2.91965e-11 61538.9 5657.98 61538.9 0
13.06 0 -1.95527e-11 58917.9 -43182.5 58917.9 0
13.08 0 6.16845e-11 52671.3 -91553.2 52671.3 0
13.1 0 2.40509e-10 43885.6 -138217 43885.6 0
13.12 0 1.28552e-10 33801.1 -181673 33801.1 0
13.14 0 2.12773e-10 23450.8 -220397 23450.8 0
13.16 0 1.69382e-10 13557.4 -252948 13557.4 0
13.18 0 -1.23797e-10 4537.28 -277966 4537.28 0
13.2 0 2.15182e-11 -3488.64 -294016 -3488.64 0
13.22 0 -5.07769e-10 -10680.9 -299563 -10680.9 0
13.24 0 -2.21137e-10 -17482.2 -293060 -17482.2 0
13.26 0 1.70565e-10 -24042.7 -273042 -24042.7 0
13.28 0 4.73297e-10 -31009 -240774 -31009 0
13.3 0 3.97507e-10 -39286.7 -199310 -39286.7 0
13.32 0 -2.21015e-10 -49080.6 -151471 -49080.6 0
13.34 0 1.79207e-10 -59850.9 -99762.2 -59850.9 0
13.36 0 2.53127e-10 -70129 -45764 -70129 0
13.38 0 1.38843e-11 -78302.2 9323.27 -78302.2 0
13.4 0 -8.48496e-11 -83405.8 64838.1 -83405.8 0
13.42 0 -3.85607e-10 -85608.3 120310 -85608.3 0
13.44 0 -3.09876e-10 -85808.2 174985 -85808.2 0
13.46 0 -9.93827e-11 -84746.9 227564 -84746.9 0
13.48 0 5.94885e-10 -82344 276265 -82344 0
13.5 0 -3.73446e-10 -77898.5 318756 -77898.5 0
13.52 0 -1.14011e-09 -70838.5 352289 -70838.5 0
13.54 0 4.53064e-10 -61189.1 374348 -61189.1 0
13.56 0 -3.56811e-10 -49378.5 383394 -49378.5 0
13.58 0 -6.09789e-11 -35445.2 378959 -35445.2 0
13.6 0 1.40493e-09 -19644.4 360504 -19644.4 0
13.62 0 1.11679e-09 -2224.82 328913 -2224.82 0
13.64 0 -2.23569e-10 16795 287145 16795 0
13.66 0 5.74343e-10 36529.6 238494 36529.6 0
13.68 0 8.0902e-10 55700 186642 55700 0
13.7 0 -5.70577e-10 73224.4 135017 73224.4 0
13.72 0 -4.49034e-11 88491.8 85701.5 88491.8 0
13.74 0 -3.78568e-11 101283 38590.3 101283 0
13.76 0 -7.23267e-11 111493 -8364.72 111493 0
13.78 0 -3.3425e-11 119082 -57523.6 119082 0
13.8 0 -1.30152e-10 124090 -109780 124090 0
13.82 0 -2.60748e-10 126554 -163801 126554 0
13.84 0 -4.32916e-10 126398 -216632 126398 0
13.86 0 -1.74147e-10 123522 -264886 123522 0
13.88 0 -1.64872e-11 117940 -305733 117940 0
13.9 0 4.67997e-10 109808 -337253 109808 0
13.92 0 -4.48831e-10 99153.8 -358139 99153.8 0
13.94 0 -2.98391e-10 85628.3 -367199 85628.3 0
13.96 0 -1.18327e-09 68000.6 -362826 68000.6 0
13.98 0 -1.5776e-10 46307.1 -344168 46307.1 0
14 0 -1.0485e-10 21791 -313751 21791 0
14.02 0 8.79729e-10 -4074.01 -276580 -4074.01 0
14.04 0 -3.05394e-10 -29048.5 -237048 -29048.5 0
14.06 0 2.85546e-11 -51878.6 -197083 -51878.6 0
14.08 0 6.46376e-11 -72837 -155711 -72837 0
14.1 0 -1.33283e-11 -92985.5 -110400 -92985.5 0
14.12 0 2.87534e-11 -112733 -59140.1 -112733 0
14.14 0 -1.17738e-10 -131021 -2198.51 -131021 0
14.16 0 3.22934e-11 -145737 57236.7 -145737 0
14.18 0 1.04468e-11 -154985 114218 -154985 0
14.2 0 -1.49868e-11 -158130 164407 -158130 0
14.22 0 4.03338e-10 -155749 205671 -155749 0
14.24 0 5.80913e-10 -148662 238040 -148662 0
14.26 0 6.11094e-10 -137354 262651 -137354 0
14.28 0 -5.01087e-10 -122412 280341 -122412 0
14.3 0 -5.75146e-10 -104837 290640 -104837 0
14.32 0 8.99912e-11 -85369.9 291679 -85369.9 0
14.34 0 6.66843e-11 -64054.2 281488 -64054.2 0
14.36 0 -1.07745e-10 -40783.7 259046 -40783.7 0
14.38 0 -8.90448e-11 -14904.6 225941 -14904.6 0
14.4 0 -4.25e-11 14082.2 185739 14082.2 0
14.42 0 -1.6599e-10 45512.8 141904 45512.8 0
14.44 0 1.07063e-10 77526.7 97101.8 77526.7 0
14.46 0 -1.36264e-10 107241 52943.4 107241 0
14.48 0 -6.13468e-11 131886 10503.6 131886 0
14.5 0 1.00275e-11 149692 -29814.4 149692 0
14.52 0 -2.03685e-11 160269 -68159 160269 0
14.54 0 -3.08844e-11 164230 -104789 164230 0
14.56 0 4.16217e-10 162474 -139642 162474 0
14.58 0 8.97829e-12 155776 -172237 155776 0
14.6 0 1.45454e-10 144799 -201444 144799 0
14.62 0 5.39737e-10 130360 -225073 130360 0
14.64 0 4.91388e-10 113000 -239881 113000 0
14.66 0 -2.01331e-10 92209.7 -242288 92209.7 0
14.68 0 -8.16693e-12 66930.5 -229742 66930.5 0
14.7 0 7.96886e-10 37302.1 -202602 37302.1 0
14.72 0 -3.89206e-10 4531.53 -165510 4531.53 0
14.74 0 -2.4567e-11 -29623.7 -124949 -29623.7 0
14.76 0 1.48152e-11 -63058.6 -85483.8 -63058.6 0
14.78 0 -7.04114e-11 -93894.6 -48236.2 -93894.6 0
14.8 0 -4.71479e-11 -120486 -11830.1 -120486 0
14.82 0 7.16496e-12 -141675 25300.7 -141675 0
14.84 0 -4.91508e-11 -156746 63675.7 -156746 0
14.86 0 1.74945e-10 -165497 102493 -165497 0
14.88 0 7.60572e-11 -168216 140219 -168216 0
14.9 0 1.01439e-10 -165440 175412 -165440 0
14.92 0 -5.38777e-11 -157335 206839 -157335 0
14.94 0 2.74903e-10 -143459 232869 -143459 0
14.96 0 3.30498e-10 -123615 251329 -123615 0
14.98 0 -5.24677e-11 -98620.8 260240 -98620.8 0
15 0 2.38451e-10 -70104.9 258274 -70104.9 0
15.02 0 -5.05084e-11 -40314.9 245420 -40314.9 0
15.04 0 6.1716e-10 -10946.1 222852 -10946.1 0
15.06 0 8.40723e-11 17951.3 193168 17951.3 0
15.08 0 -6.43868e-11 47024.6 159685 47024.6 0
15.1 0 -1.68492e-10 76391.9 124640 76391.9 0
15.12 0 4.41417e-10 105064 88673 105064 0
15.14 0 -7.65222e-11 131199 51008.8 131199 0
15.16 0 -1.41784e-11 152764 10857.2 152764 0
15.18 0 -2.48253e-11 168047 -31440.4 168047 0
15.2 0 -6.36266e-11 175954 -74172.6 175954 0
15.22 0 -7.15355e-11 176016 -115059 176016 0
15.24 0 1.12571e-10 168479 -152095 168479 0
15.26 0 -2.05432e-10 154159 -183833 154159 0
15.28 0 -6.88289e-10 134145 -209347 134145 0
15.3 0 -3.27395e-11 109719 -228059 109719 0
15.32 0 7.2323e-12 81898.3 -239363 81898.3 0
15.34 0 7.24753e-12 51350.4 -242334 51350.4 0
15.36 0 2.67113e-10 18857.3 -236207 18857.3 0
15.38 0 -6.3378e-10 -14765.4 -221024 -14765.4 0
15.4 0 5.84472e-10 -48993.7 -197840 -48993.7 0
15.42 0 -1.60619e-10 -83334.2 -168895 -83334.2 0
15.44 0 4.87025e-11 -116513 -136433 -116513 0
15.46 0 -1.60857e-10 -146543 -101638 -146543 0
15.48 0 -6.5374e-11 -171468 -64590 -171468 0
15.5 0 1.90271e-11 -189838 -24744.3 -189838 0
15.52 0 1.96422e-11 -200844 17830.8 -200844 0
15.54 0 -3.40371e-11 -204177 61601.4 -204177 0
15.56 0 -2.47383e-10 -200071 103852 -200071 0
15.58 0 3.49828e-10 -188878 141965 -188878 0
15.6 0 -1.10537e-10 -170677 174537 -170677 0
15.62 0 1.33149e-10 -146031 201533 -146031 0
15.64 0 -6.60225e-10 -116437 223643 -116437 0
15.66 0 2.43695e-10 -83977.9 241394 -83977.9 0
15.68 0 2.57468e-10 -50532.8 254417 -50532.8 0
15.7 0 -1.24008e-11 -17121.7 261294 -17121.7 0
15.72 0 1.70964e-10 15757.7 260373 15757.7 0
15.74 0 2.23979e-10 47549.3 250862 47549.3 0
15.76 0 3.32988e-10 77091.3 232644 77091.3 0
15.78 0 -1.72545e-10 102697 206852 102697 0
15.8 0 -8.80612e-10 122769 176045 122769 0
15.82 0 -1.54139e-10 136254 142703 136254 0
15.84 0 -1.17036e-10 143098 108543 143098 0
15.86 0 1.74787e-10 143944 74554.4 143944 0
15.88 0 -1.95111e-10 139426 41407.9 139426 0
15.9 0 2.08323e-11 129635 9472.43 129635 0
15.92 0 -2.39281e-11 114378 -21382.4 114378 0
15.94 0 -5.54213e-11 94064.8 -51466.1 94064.8 0
15.96 0 -9.93474e-11 70011.4 -80776.3 70011.4 0
15.98 0 2.71935e-10 44148.3 -108831 44148.3 0
16 0 4.85519e-11 18138 -134571 18138 0
16.02 0 -3.2098e-10 -7364.88 -156189 -7364.88 0
16.04 0 -1.08273e-10 -32428 -171452 -32428 0
16.06 0 6.4991e-11 -56834.6 -178487 -56834.6 0
16.08 0 6.47251e-11 -79490.3 -176249 -79490.3 0
16.1 0 -1.47695e-10 -98639.1 -164749 -98639.1 0
16.12 0 -4.72823e-11 -112751 -145349 -112751 0
16.14 0 6.16546e-11 -121535 -120866 -121535 0
16.16 0 9.04026e-11 -125618 -94018.9 -125618 0
16.18 0 -8.1654e-11 -125762 -66040.5 -125762 0
16.2 0 3.2939e-11 -122338 -36909.2 -122338 0
16.22 0 -1.88187e-11 -115094 -6105.37 -115094 0
16.24 0 -1.84748e-11 -103587 26545.6 -103587 0
16.26 0 1.19386e-10 -87723.3 60405.2 -87723.3 0
16.28 0 -1.76754e-10 -67976.5 93843.3 -67976.5 0
16.3 0 -2.73709e-10 -45230.6 124909 -45230.6 0
16.32 0 2.50356e-10 -20537.1 152283 -20537.1 0
16.34 0 -1.08725e-10 5080.67 175407 5080.67 0
16.36 0 -4.57292e-10 30596.2 193811 30596.2 0
16.38 0 5.52716e-11 54835.5 206627 54835.5 0
16.4 0 -4.59871e-10 76430 212852 76430 0
16.42 0 -3.22133e-10 94082 211852 94082 0
16.44 0 6.67212e-10 106869 203668 106869 0
16.46 0 1.12531e-10 114438 189030 114438 0
16.48 0 -4.60766e-10 117247 169431 117247 0
16.5 0 -3.68598e-10 116103 146340 116103 0
16.52 0 1.00899e-10 111598 120662 111598 0
16.54 0 9.37815e-11 103866 93086.5 103866 0
16.56 0 1.61237e-10 92691.8 64158.1 92691.8 0
16.58 0 -2.16992e-10 77934.8 34256.8 77934.8 0
16.6 0 1.90017e-11 59718.9 3631.63 59718.9 0
16.62 0 -1.45049e-11 38608.4 -27158.2 38608.4 0
16.64 0 -3.27546e-11 15621.6 -57063.5 15621.6 0
16.66 0 -3.71299e-11 -7985.17 -84870 -7985.17 0
16.68 0 -1.41575e-10 -31021.5 -109637 -31021.5 0
16.7 0 -6.55317e-11 -52508.9 -130725 -52508.9 0
16.72 0 -1.52919e-10 -71714.9 -147396 -71714.9 0
16.74 0 1.81048e-10 -88101.9 -158501 -88101.9 0
16.76 0 5.51254e-11 -101234 -162746 -101234 0
16.78 0 -4.56047e-11 -110759 -159446 -110759 0
16.8 0 1.57573e-10 -116334 -148896 -116334 0
16.82 0 3.40364e-10 -117879 -132313 -117879 0
16.84 0 -1.25174e-10 -115683 -111021 -115683 0
16.86 0 -1.36356e-11 -110029 -85737.2 -110029 0
16.88 0 -7.78582e-11 -101150 -57129.5 -101150 0
16.9 0 5.4746e-11 -89275.2 -26365.7 -89275.2 0
16.92 0 3.12212e-11 -74602.8 5033.09 -74602.8 0
16.94 0 2.46007e-11 -57381.6 35793.9 -57381.6 0
16.96 0 1.47824e-10 -38006.2 65335.6 -38006.2 0
16.98 0 6.97881e-11 -17037.9 93468.3 -17037.9 0
17 0 -9.59576e-12 4800.76 119806 4800.76 0
17.02 0 -1.21929e-10 26622.7 143621 26622.7 0
17.04 0 -2.57341e-11 47440.4 164124 47440.4 0
17.06 0 -2.84623e-10 66296.2 180727 66296.2 0
17.08 0 -9.99693e-10 82364.8 193024 82364.8 0
17.1 0 -1.96401e-10 94986.9 200611 94986.9 0
17.12 0 -7.08425e-10 103656 203055 103656 0
17.14 0 9.90229e-10 108030 199976 108030 0
17.16 0 1.02909e-11 107880 191048 107880 0
17.18 0 3.12759e-10 103390 176728 103390 0
17.2 0 -2.28159e-10 95004.1 158234 95004.1 0
17.22 0 -2.73434e-10 83207.3 137010 83207.3 0
17.24 0 2.20504e-10 68550.1 114297 68550.1 0
17.26 0 8.75801e-11 51404 90593.2 51404 0
17.28 0 7.49473e-11 32089 65908.6 32089 0
17.3 0 -8.00985e-11 11157.8 40199.3 11157.8 0
17.32 0 -1.1893e-11 -10407.7 13744.9 -10407.7 0
17.34 0 -1.58829e-11 -31415.1 -12841.2 -31415.1 0
17.36 0 6.64958e-12 -50899.7 -38762.5 -50899.7 0
17.38 0 5.64002e-12 -68406.6 -63102.3 -68406.6 0
17.4 0 -2.57932e-10 -83823.2 -84675.5 -83823.2 0
17.42 0 9.26897e-11 -96938.9 -102042 -96938.9 0
17.44 0 -1.70127e-10 -107182 -113941 -107182 0
17.46 0 -5.64758e-11 -113733 -119807 -113733 0
17.48 0 6.66284e-11 -115904 -119824 -115904 0
17.5 0 -3.63961e-10 -113449 -114346 -113449 0
17.52 0 2.67192e-11 -106703 -103725 -106703 0
17.54 0 1.04008e-10 -96297.3 -88563.3 -96297.3 0
17.56 0 -1.20501e-10 -82710.5 -69634.2 -82710.5 0
17.58 0 5.78483e-11 -66255.8 -47904.4 -66255.8 0
17.6 0 -1.72985e-11 -47289.5 -24445.6 -47289.5 0
17.62 0 -1.28702e-11 -26390.9 -207.041 -26390.9 0
17.64 0 8.25282e-11 -4334.65 24155.3 -4334.65 0
17.66 0 -5.74297e-11 18109.1 48386.5 18109.1 0
17.68 0 1.90773e-10 40314.7 72397.5 40314.7 0
17.7 0 8.37285e-11 61782.4 95852.6 61782.4 0
17.72 0 3.56845e-10 81996.2 117893 81996.2 0
17.74 0 4.34686e-10 100257 137203 100257 0
17.76 0 1.04136e-10 115566 152430 115566 0
17.78 0 -4.25052e-10 126692 162729 126692 0
17.8 0 1.57269e-10 132463 167916 132463 0
17.82 0 1.89074e-11 132146 168136 132146 0
17.84 0 -3.01633e-10 125695 163290 125695 0
17.86 0 1.90471e-10 113697 153303 113697 0
17.88 0 3.71288e-10 97169 138701 97169 0
17.9 0 3.71297e-10 77079.4 120469 77079.4 0
17.92 0 8.7529e-11 54086 99777 54086 0
17.94 0 -1.21396e-10 28665.5 77635.5 28665.5 0
17.96 0 -1.90521e-10 1372.86 54700.8 1372.86 0
17.98 0 9.8835e-11 -26884 31328.8 -26884 0
18 0 1.35305e-10 -54921.9 7726.77 -54921.9 0
18.02 0 1.66436e-12 -81611.1 -15772.4 -81611.1 0
18.04 0 7.50204e-12 -106136 -38542.7 -106136 0
18.06 0 -7.66462e-11 -127922 -59692.4 -127922 0
18.08 0 -7.28396e-11 -146358 -78177.4 -146358 0
18.1 0 -7.18246e-12 -160613 -92970.9 -160613 0
18.12 0 -7.13071e-11 -169708 -103339 -169708 0
18.14 0 1.20884e-10 -172782 -109030 -172782 0
18.16 0 1.19479e-10 -169499 -110164 -169499 0
18.18 0 -1.9496e-11 -160136 -106766 -160136 0
18.2 0 -8.23046e-11 -145373 -98792.6 -145373 0
18.22 0 -4.51135e-12 -126166 -86444.9 -126166 0
18.24 0 5.39829e-11 -103348 -70112.9 -103348 0
18.26 0 -6.1843e-11 -77591.5 -50428.3 -77591.5 0
18.28 0 2.19737e-12 -49714.5 -28106.8 -49714.5 0
18.3 0 5.9517e-12 -20715.6 -3746.17 -20715.6 0
18.32 0 2.26268e-11 8384.91 22163.6 8384.91 0
18.34 0 -1.18517e-10 36790.2 49104.1 36790.2 0
18.36 0 5.74086e-11 63935.7 76309.1 63935.7 0
18.38 0 -4.66693e-11 89332.6 102739 89332.6 0
18.4 0 -1.5947e-10 112393 127268 112393 0
18.42 0 -3.89774e-10 132325 148881 132325 0
18.44 0 2.14691e-10 148144 166722 148144 0
18.46 0 1.87118e-10 158830 180074 158830 0
18.48 0 3.45162e-11 163570 188412 163570 0
18.5 0 9.6018e-10 161993 191491 161993 0
18.52 0 2.59449e-11 154244 189213 154244 0
18.54 0 5.74409e-10 140764 181595 140764 0
18.56 0 -7.3089e-10 122485 169031 122485 0
18.58 0 9.02232e-11 100569 152118 100569 0
18.6 0 -2.28573e-11 75948.2 131546 75948.2 0
18.62 0 -3.31052e-10 49393.5 108137 49393.5 0
18.64 0 2.18858e-10 21626.7 82745.5 21626.7 0
18.66 0 4.32646e-11 -6488.89 56250.1 -6488.89 0
18.68 0 -1.98841e-10 -33995.2 29397 -33995.2 0
18.7 0 9.7866e-11 -59911.7 2781.39 -59911.7 0
18.72 0 -2.00034e-11 -83338.7 -22996.2 -83338.7 0
18.74 0 -6.71057e-12 -103524 -47166.7 -103524 0
18.76 0 1.24769e-10 -119885 -68836.8 -119885 0
18.78 0 -7.15887e-11 -131929 -87189.9 -131929 0
18.8 0 1.14179e-10 -139175 -101651 -139175 0
18.82 0 1.02968e-10 -141190 -111872 -141190 0
18.84 0 -1.34881e-10 -137813 -117610 -137813 0
18.86 0 1.39493e-10 -129299 -118580 -129299 0
18.88 0 -5.8911e-11 -116148 -114287 -116148 0
18.9 0 -1.31097e-10 -99233.5 -104558 -99233.5 0
18.92 0 -1.52108e-10 -79471.4 -89814.3 -79471.4 0
18.94 0 -5.38691e-11 -57516.7 -70932 -57516.7 0
18.96 0 -1.02395e-10 -34056 -49095 -34056 0
18.98 0 -3.42709e-13 -9948.69 -25398.6 -9948.69 0
19 0 1.954e-11 13732.9 -721.372 13732.9 0
19.02 0 1.01357e-11 35972.2 24366.5 35972.2 0
19.04 0 -5.77715e-11 56063.1 49531.2 56063.1 0
19.06 0 8.14403e-11 73678.8 74486.8 73678.8 0
19.08 0 -6.63605e-11 88688.5 98724.3 88688.5 0
19.1 0 -3.41176e-10 100885 121401 100885 0
19.12 0 4.66753e-10 109848 141461 109848 0
19.14 0 -3.00234e-10 115088 157850 115088 0
19.16 0 2.31539e-10 116281 169713 116281 0
19.18 0 2.46285e-10 113370 176484 113370 0
19.2 0 5.29081e-10 106490 177953 106490 0
19.22 0 -3.72219e-10 95744.7 174131 95744.7 0
19.24 0 6.85227e-11 81427.7 165504 81427.7 0
19.26 0 -3.71152e-10 64125.1 153087 64125.1 0
19.28 0 -9.41594e-12 44554.5 137877 44554.5 0
19.3 0 4.15642e-11 23625.8 120624 23625.8 0
19.32 0 -3.82078e-11 2300.23 101769 2300.23 0
19.34 0 2.97585e-11 -18590.3 81533.2 -18590.3 0
19.36 0 -8.99911e-11 -38387.9 60087.5 -38387.9 0
19.38 0 -2.43265e-11 -56532.5 37654 -56532.5 0
19.4 0 6.21638e-11 -72491.9 14672.2 -72491.9 0
19.42 0 -4.70038e-11 -85788.7 -8009.97 -85788.7 0
19.44 0 4.34398e-12 -96015 -29187.5 -96015 0
19.46 0 1.97064e-11 -102798 -47708.6 -102798 0
19.48 0 1.15487e-10 -105809 -62860.2 -105809 0
19.5 0 2.05825e-11 -104844 -74410.5 -104844 0
19.52 0 1.87178e-10 -99900.1 -82387.5 -99900.1 0
19.54 0 -9.39923e-11 -91176.1 -86858.7 -91176.1 0
19.56 0 2.08072e-10 -79050 -87750.1 -79050 0
19.58 0 -1.76297e-10 -64103 -84844.1 -64103 0
19.6 0 -1.19621e-10 -47089.7 -77993 -47089.7 0
19.62 0 -5.93693e-11 -28831.3 -67258.1 -28831.3 0
19.64 0 9.99606e-12 -10174.8 -53004.9 -10174.8 0
19.66 0 -4.61872e-11 8082.15 -35837.5 8082.15 0
19.68 0 1.41909e-11 25321.9 -16434.5 25321.9 0
19.7 0 -7.64519e-12 41072.5 4489.19 41072.5 0
19.72 0 -4.05439e-12 54888.3 26186.9 54888.3 0
19.74 0 5.82508e-11 66313 47915.7 66313 0
19.76 0 -1.7265e-11 74960 68999.2 74960 0
19.78 0 -1.87264e-10 80556.8 88861 80556.8 0
19.8 0 -6.72453e-11 82919.9 107030 82919.9 0
19.82 0 1.47311e-11 81917.6 123109 81917.6 0
19.84 0 1.62551e-10 77502.5 136695 77502.5 0
19.86 0 -6.3776e-11 69773.1 147302 69773.1 0
19.88 0 4.81511e-10 59034.6 154346 59034.6 0
19.9 0 1.40402e-10 45783.2 157205 45783.2 0
19.92 0 2.2374e-10 30611.1 155416 30611.1 0
19.94 0 2.43575e-10 14172 148978 14172 0
19.96 0 1.39968e-10 -2952.25 138352 -2952.25 0
19.98 0 -1.03982e-10 -20311.8 124261 -20311.8 0
20 0 -1.81952e-10 -37504.1 107482 -37504.1 0
20.02 0 3.64332e-11 -54099.3 88702.4 -54099.3 0
20.04 0 9.58333e-11 -69552.8 68582.2 -69552.8 0
20.06 0 7.26548e-11 -83221.2 47769.7 -83221.2 0
20.08 0 1.76887e-12 -94436.8 26851.3 -94436.8 0
20.1 0 -9.42042e-12 -102591 6278.78 -102591 0
20.12 0 -5.17818e-11 -107204 -13587.3 -107204 0
20.14 0 -3.22313e-11 -107985 -32305.3 -107985 0
20.16 0 -3.4742e-11 -104888 -49229.2 -104888 0
20.18 0 8.47492e-11 -98095.7 -63598.8 -98095.7 0
20.2 0 -4.75239e-11 -87962.8 -74720.3 -87962.8 0
20.22 0 1.20607e-10 -74966.7 -82047.7 -74966.7 0
20.24 0 -1.43633e-10 -59613.9 -85165.4 -59613.9 0
20.26 0 -8.68705e-11 -42391.7 -83840 -42391.7 0
20.28 0 6.77678e-11 -23802.4 -78201.2 -23802.4 0
20.3 0 -1.17212e-11 -4315.57 -68721.8 -4315.57 0
20.32 0 -5.82241e-11 15579.4 -55992.1 15579.4 0
20.34 0 -1.26049e-11 35213.4 -40501.3 35213.4 0
20.36 0 7.31637e-12 53691 -22593.7 53691 0
20.38 0 5.06339e-11 70049.1 -2666.58 70049.1 0
20.4 0 -3.60932e-11 83502.8 18699.8 83502.8 0
20.42 0 8.50705e-11 93550.6 40846 93550.6 0
20.44 0 1.04114e-10 99949.1 63184.3 99949.1 0
20.46 0 5.40815e-11 102642 85165.3 102642 0
20.48 0 1.96432e-10 101700 106131 101700 0
20.5 0 4.99388e-10 97291.1 125276 97291.1 0
20.52 0 1.12187e-10 89635.5 141761 89635.5 0
20.54 0 3.4047e-10 79032.9 154878 79032.9 0
20.56 0 -1.7635e-10 65875.7 164170 65875.7 0
20.58 0 -1.63359e-10 50591.7 169414 50591.7 0
20.6 0 -3.02231e-10 33564.6 170452 33564.6 0
20.62 0 4.59617e-11 15175.1 167195 15175.1 0
20.64 0 2.05006e-10 -4109.21 159710 -4109.21 0
20.66 0 -4.83022e-10 -23734.8 148243 -23734.8 0
20.68 0 -9.90227e-11 -43002.9 133303 -43002.9 0
20.7 0 -9.82156e-11 -61094.4 115585 -61094.4 0
20.72 0 -1.58834e-10 -77237.6 95833.1 -77237.6 0
20.74 0 7.204e-11 -90848.8 74768.5 -90848.8 0
20.76 0 9.02755e-11 -101521 53056.1 -101521 0
20.78 0 2.37171e-10 -108937 31266.6 -108937 0
20.8 0 3.49773e-11 -112864 9891.74 -112864 0
20.82 0 -6.72129e-11 -113207 -10574.8 -113207 0
20.84 0 -2.32805e-12 -110012 -29611.4 -110012 0
20.86 0 2.25877e-11 -103399 -46714.7 -103399 0
20.88 0 3.52056e-11 -93493 -61447.3 -93493 0
20.9 0 7.65264e-11 -80501.6 -73432.9 -80501.6 0
20.92 0 1.1049e-10 -64798.1 -82303.8 -64798.1 0
20.94 0 4.709e-11 -46946.6 -87657.6 -46946.6 0
20.96 0 -1.39681e-10 -27658 -89049.8 -27658 0
20.98 0 3.34413e-11 -7768.33 -86233.9 -7768.33 0
21 0 -1.12173e-10 11863.8 -79339.8 11863.8 0
21.02 0 2.43395e-11 30463.4 -68905.8 30463.4 0
21.04 0 1.08546e-11 47332.6 -55748.6 47332.6 0
21.06 0 -1.00759e-11 61866.4 -40633.2 61866.4 0
21.08 0 1.31218e-11 73558.1 -24094.9 73558.1 0
21.1 0 -8.89387e-12 82032.1 -6483.4 82032.1 0
21.12 0 9.59462e-13 87040.8 11854.4 87040.8 0
21.14 0 5.52237e-11 88436.9 30493.2 88436.9 0
21.16 0 -1.09849e-10 86140.9 48955.8 86140.9 0
21.18 0 -6.47648e-11 80134.8 66759.6 80134.8 0
21.2 0 -1.45254e-10 70494.1 83432.5 70494.1 0
21.22 0 2.04743e-10 57486.3 98527.6 57486.3 0
21.24 0 1.13215e-12 41635 111627 41635 0
21.26 0 2.18075e-11 23672.8 122335 23672.8 0
21.28 0 4.1322e-11 4418.91 130245 4418.91 0
21.3 0 -1.20435e-10 -15387.5 134983 -15387.5 0
21.32 0 1.71387e-12 -35162.1 136340 -35162.1 0
21.34 0 3.89381e-10 -54375.2 134428 -54375.2 0
21.36 0 -1.51674e-10 -72442.6 129644 -72442.6 0
21.38 0 -2.43063e-10 -88694.7 122524 -88694.7 0
21.4 0 3.78888e-10 -102439 113553 -102439 0
21.42 0 -3.57963e-11 -113090 103031 -113090 0
21.44 0 2.86663e-10 -120233 91125.7 -120233 0
21.46 0 1.54927e-10 -123630 78049.1 -123630 0
21.48 0 7.68288e-11 -123122 64137.5 -123122 0
21.5 0 6.72096e-12 -118555 49773.4 -118555 0
21.52 0 -1.79764e-10 -109825 35312.5 -109825 0
21.54 0 1.49533e-11 -97080.8 21110.2 -97080.8 0
21.56 0 -5.8463e-11 -80886.7 7588.41 -80886.7 0
21.58 0 1.0699e-11 -62129.5 -4761.56 -62129.5 0
21.6 0 2.33835e-11 -41744.7 -15455.9 -41744.7 0
21.62 0 3.20662e-12 -20431 -24122.3 -20431 0
21.64 0 -1.36696e-12 1406.61 -30545.4 1406.61 0
21.66 0 2.47421e-12 23437.3 -34636.7 23437.3 0
21.68 0 -2.16247e-12 45108.5 -36413.4 45108.5 0
21.7 0 2.97302e-11 65542.2 -35974.8 65542.2 0
21.72 0 -4.49611e-12 83700.9 -33455.8 83700.9 0
21.74 0 -6.72746e-12 98703.1 -28967.7 98703.1 0
21.76 0 -2.21829e-12 110019 -22615.2 110019 0
21.78 0 -7.86986e-13 117456 -14681.3 117456 0
21.8 0 -5.70801e-12 120996 -5742.09 120996 0
21.82 0 -6.43095e-11 120629 3468.87 120629 0
21.84 0 -1.7557e-11 116336 12335.9 116336 0
21.86 0 -4.78497e-11 108122 20554.8 108122 0
21.88 0 -1.71778e-10 96215.3 28120.1 96215.3 0
21.9 0 -5.4604e-11 81172.4 35134.8 81172.4 0
21.92 0 -9.34116e-12 63732.3 41589.7 63732.3 0
21.94 0 -9.45697e-11 44589.4 47287.5 44589.4 0
21.96 0 1.91091e-10 24208.1 51928.7 24208.1 0
21.98 0 -9.69454e-11 2880.73 55235.7 2880.73 0
22 0 1.99142e-10 -19012 57029.9 -19012 0
22.02 0 -3.49036e-11 -40764.6 57283.8 -40764.6 0
22.04 0 -9.90273e-12 -61356 56129 -61356 0
22.06 0 -7.85275e-11 -79729.7 53815.7 -79729.7 0
22.08 0 1.85955e-10 -95108 50652.1 -95108 0
22.1 0 1.70124e-10 -107128 46983.9 -107128 0
22.12 0 4.10612e-11 -115739 43206.8 -115739 0
22.14 0 -8.06308e-12 -120922 39707 -120922 0
22.16 0 -1.25345e-10 -122466 36705.9 -122466 0
22.18 0 -4.28968e-11 -119966 34128.7 -119966 0
22.2 0 -9.71423e-11 -113080 31693.6 -113080 0
22.22 0 1.50687e-10 -101812 29191.7 -101812 0
22.24 0 -1.36463e-11 -86671.8 26731.4 -86671.8 0
22.26 0 -1.01175e-10 -68510.8 24733.3 -68510.8 0
22.28 0 3.54025e-11 -48201.2 23681.4 -48201.2 0
22.3 0 -1.90559e-11 -26482.1 23856.5 -26482.1 0
22.32 0 -3.18625e-11 -3998.38 25236.2 -3998.38 0
22.34 0 2.23773e-10 18591.1 27563.1 18591.1 0
22.36 0 1.29276e-10 40591.1 30462 40591.1 0
22.38 0 -1.82982e-10 61351.3 33566.3 61351.3 0
22.4 0 4.44472e-11 80320.6 36637.6 80320.6 0
22.42 0 2.37061e-10 96984.7 39613.3 96984.7 0
22.44 0 1.77992e-11 110786 42546.1 110786 0
22.46 0 -4.9913e-11 121123 45492.3 121123 0
22.48 0 -4.15017e-11 127453 48405.8 127453 0
22.5 0 -1.52137e-10 129378 51072.1 129378 0
22.52 0 9.67513e-11 126706 53131.1 126706 0
22.54 0 -7.90718e-11 119522 54191.2 119522 0
22.56 0 -6.20385e-11 108208 53981.1 108208 0
22.58 0 2.08416e-10 93492 52456.5 93492 0
22.6 0 -3.30184e-11 76264 49780.7 76264 0
22.62 0 -1.07347e-10 57324.2 46169.7 57324.2 0
22.64 0 7.56268e-11 37279.4 41696.4 37279.4 0
22.66 0 -9.87074e-11 16511.7 36264.2 16511.7 0
22.68 0 9.56601e-12 -4700.34 29832.6 -4700.34 0
22.7 0 3.92609e-11 -25981.8 22644 -25981.8 0
22.72 0 2.25341e-11 -46705.7 15179.3 -46705.7 0
22.74 0 -8.293e-11 -65996.5 7928.28 -65996.5 0
22.76 0 -2.02057e-12 -82882 1229.59 -82882 0
22.78 0 2.92044e-11 -96479.3 -4731.84 -96479.3 0
22.8 0 -7.34076e-12 -106141 -9814.3 -106141 0
22.82 0 3.43504e-12 -111535 -13808.6 -111535 0
22.84 0 -1.9464e-12 -112637 -16389.9 -112637 0
22.86 0 -5.48065e-12 -109662 -17153.6 -109662 0
22.88 0 -1.80582e-11 -102952 -15738.7 -102952 0
22.9 0 -4.01857e-12 -92880.1 -12028.8 -92880.1 0
22.92 0 -3.98354e-11 -79863.5 -6264.07 -79863.5 0
22.94 0 3.36025e-11 -64315.1 1076.52 -64315.1 0
22.96 0 -4.93991e-11 -46650.3 9509.36 -46650.3 0
22.98 0 6.91898e-11 -27364.7 18763.3 -27364.7 0
23 0 2.35255e-12 -7065.36 28819 -7065.36 0
23.02 0 -1.4307e-10 13521.4 39711.4 13521.4 0
23.04 0 2.27177e-10 33552.9 51303.4 33552.9 0
23.06 0 1.2645e-11 52090.2 63230.1 52090.2 0
23.08 0 -1.48882e-10 68216.8 75005.2 68216.8 0
23.1 0 -1.28244e-10 81234.2 86144.7 81234.2 0
23.12 0 1.48944e-10 90778.6 96221.2 90778.6 0
23.14 0 4.84911e-12 96777.9 104877 96777.9 0
23.16 0 2.44505e-10 99298.4 111812 99298.4 0
23.18 0 -1.51818e-10 98400.5 116726 98400.5 0
23.2 0 1.54317e-10 94110.9 119282 94110.9 0
23.22 0 2.59289e-10 86450.3 119173 86450.3 0
23.24 0 -1.23194e-10 75571.7 116294 75571.7 0
23.26 0 -2.29039e-10 61844.2 110865 61844.2 0
23.28 0 8.35765e-11 45767.6 103293 45767.6 0
23.3 0 -7.91707e-11 27923.2 93953.5 27923.2 0
23.32 0 2.08042e-10 8944.51 82992.3 8944.51 0
23.34 0 -1.71251e-10 -10489.3 70308.3 -10489.3 0
23.36 0 -1.60848e-10 -29645.8 55797.5 -29645.8 0
23.38 0 -9.48905e-11 -47757.2 39613.9 -47757.2 0
23.4 0 1.27751e-11 -64083.6 22299.9 -64083.6 0
23.42 0 1.85395e-12 -78017.8 4726.91 -78017.8 0
23.44 0 2.11608e-11 -89137.3 -12101.4 -89137.3 0
23.46 0 -7.36112e-13 -97179.1 -27329.9 -97179.1 0
23.48 0 -4.99648e-11 -101982 -40479.8 -101982 0
23.5 0 5.08278e-11 -103450 -51437.5 -103450 0
23.52 0 3.34759e-11 -101534 -60241.4 -101534 0
23.54 0 -8.30623e-11 -96217.3 -66859.6 -96217.3 0
23.56 0 6.43335e-11 -87536.7 -71103.3 -87536.7 0
23.58 0 -4.77106e-11 -75675.2 -72657.3 -75675.2 0
23.6 0 -1.01764e-10 -61013.7 -71199.3 -61013.7 0
23.62 0 -5.653e-11 -44149.6 -66572.6 -44149.6 0
23.64 0 4.23491e-11 -25841.1 -58825.8 -25841.1 0
23.66 0 -6.01763e-11 -6923.8 -48175.7 -6923.8 0
23.68 0 2.16343e-11 11788.4 -34971 11788.4 0
23.7 0 -1.637e-12 29595.1 -19652.9 29595.1 0
23.72 0 5.28421e-11 45908.4 -2769.44 45908.4 0
23.74 0 2.0167e-11 60251 15018.9 60251 0
23.76 0 -1.4864e-10 72236.1 32986.6 72236.1 0
23.78 0 -1.10216e-11 81531 50456.1 81531 0
23.8 0 2.65782e-10 87822.3 66952.9 87822.3 0
23.82 0 -1.14412e-10 90832.5 82264.8 90832.5 0
23.84 0 -2.39934e-10 90384.2 96309.4 90384.2 0
23.86 0 1.28312e-10 86454.6 108929 86454.6 0
23.88 0 -1.07454e-10 79158.6 119737 79158.6 0
23.9 0 -5.95627e-12 68758.4 128072 68758.4 0
23.92 0 1.49419e-10 55674.8 133105 55674.8 0
23.94 0 -2.89463e-10 40442.9 134121 40442.9 0
23.96 0 1.53297e-10 23716.5 130889 23716.5 0
23.98 0 3.22473e-11 6265.66 123848 6265.66 0
24 0 3.7586e-10 -11164.5 113855 -11164.5 0
24.02 0 9.46298e-11 -28004.1 101795 -28004.1 0
24.04 0 2.00457e-10 -43894.5 88265.2 -43894.5 0
24.06 0 -1.80093e-10 -58615.7 73477.8 -58615.7 0
24.08 0 1.07411e-10 -71909.8 57502.3 -71909.8 0
24.1 0 1.28809e-10 -83331.1 40556.4 -83331.1 0
24.12 0 -3.09475e-11 -92242.6 23115.9 -92242.6 0
24.14 0 -5.29749e-11 -98001 5831.41 -98001 0
24.16 0 1.48033e-11 -100246 -10589.7 -100246 0
24.18 0 -1.44335e-11 -99053.6 -25480.5 -99053.6 0
24.2 0 -3.35989e-11 -94817.2 -38288.1 -94817.2 0
24.22 0 4.08892e-11 -87964.8 -48584.4 -87964.8 0
24.24 0 -3.15406e-11 -78776.3 -55981 -78776.3 0
24.26 0 6.84872e-11 -67435.9 -60091.1 -67435.9 0
24.28 0 -3.68593e-11 -54188.8 -60582.7 -54188.8 0
24.3 0 -7.82323e-11 -39476.4 -57332 -39476.4 0
24.32 0 -2.09114e-11 -23906.9 -50604.3 -23906.9 0
24.34 0 7.51311e-12 -8067.16 -40963.1 -8067.16 0
24.36 0 7.10141e-12 7575.23 -29070.9 7575.23 0
24.38 0 -1.7071e-12 22641.8 -15477.8 22641.8 0
24.4 0 -3.86621e-11 36758.8 -528.164 36758.8 0
24.42 0 9.39132e-11 49456.1 15510.5 49456.1 0
24.44 0 -5.49684e-11 60151.8 32329 60151.8 0
24.46 0 3.16442e-11 68276.4 49507.6 68276.4 0
24.48 0 1.16845e-11 73497.9 66487.2 73497.9 0
24.5 0 -1.14367e-10 75837.3 82533.6 75837.3 0
24.52 0 -5.68039e-11 75543.1 96763.8 75543.1 0
24.54 0 2.05084e-11 72867.7 108298 72867.7 0
24.56 0 -4.0076e-10 67936.9 116455 67936.9 0
24.58 0 2.91522e-10 60809.6 120885 60809.6 0
24.6 0 2.04929e-10 51616.7 121583 51616.7 0
24.62 0 -4.8904e-10 40635.5 118779 40635.5 0
24.64 0 -1.69161e-10 28295.5 112822 28295.5 0
24.66 0 -1.08402e-10 15056 103994 15056 0
24.68 0 1.09383e-11 1342.64 92470.4 1342.64 0
24.7 0 -1.15129e-10 -12400.2 78418.8 -12400.2 0
24.72 0 1.81176e-10 -25690.1 62061.7 -25690.1 0
24.74 0 -6.63448e-11 -38029.1 43795.1 -38029.1 0
24.76 0 -2.64574e-11 -48971.7 24240.1 -48971.7 0
24.78 0 -1.25947e-10 -58175.6 4231.18 -58175.6 0
24.8 0 2.40369e-11 -65425.5 -15301.9 -65425.5 0
24.82 0 4.51118e-12 -70631.7 -33503.3 -70631.7 0
24.84 0 6.21644e-12 -73791 -49684.3 -73791 0
24.86 0 -2.47478e-11 -74919.1 -63290.1 -74919.1 0
24.88 0 1.90552e-11 -73994.6 -73871 -73994.6 0
24.9 0 1.40608e-10 -70968.6 -81115.9 -70968.6 0
24.92 0 3.93939e-11 -65837.2 -84877.1 -65837.2 0
24.94 0 -1.19383e-11 -58709.3 -85096.4 -58709.3 0
24.96 0 6.00263e-12 -49834.6 -81689.3 -49834.6 0
24.98 0 -1.71439e-10 -39618.3 -74590.6 -39618.3 0
25 0 1.07497e-11 -28529.5 -63769.4 -28529.5 0
25.02 0 1.13472e-11 -17029.2 -49304.5 -17029.2 0
25.04 0 1.24775e-11 -5546.47 -31528.6 -5546.47 0
25.06 0 -8.8876e-13 5556.24 -11051.4 5556.24 0
25.08 0 -7.86281e-11 15965.9 11301.6 15965.9 0
25.1 0 -1.53793e-11 25400.2 34665.7 25400.2 0
25.12 0 -4.1848e-12 33591.2 58278.5 33591.2 0
25.14 0 -6.14662e-11 40307 81530 40307 0
25.16 0 -2.90538e-10 45369.2 103905 45369.2 0
25.18 0 -6.44287e-11 48646 124884 48646 0
25.2 0 9.65083e-11 50032.5 143883 50032.5 0
25.22 0 -1.09325e-10 49448 160270 49448 0
25.24 0 -4.66431e-11 46875.4 173416 46875.4 0
25.26 0 -1.84136e-10 42425.8 182730 42425.8 0
25.28 0 -3.68668e-10 36378.1 187649 36378.1 0
25.3 0 2.1623e-11 29106.3 187634 29106.3 0
25.32 0 2.57335e-11 20959.3 182277 20959.3 0
25.34 0 3.20503e-10 12269.6 171638 12269.6 0
25.36 0 8.38266e-11 3283.52 156275 3283.52 0
25.38 0 4.16563e-10 -5762.17 137007 -5762.17 0
25.4 0 7.27655e-13 -14544.6 114710 -14544.6 0
25.42 0 2.06309e-10 -22718.4 90148.2 -22718.4 0
25.44 0 3.88973e-11 -29942.4 64011.9 -29942.4 0
25.46 0 -1.14282e-10 -35939.6 36938.3 -35939.6 0
25.48 0 1.22506e-11 -40516.9 9518.83 -40516.9 0
25.5 0 -8.54776e-12 -43573.9 -17632 -43573.9 0
25.52 0 1.40891e-12 -45076.5 -43774.3 -45076.5 0
25.54 0 8.40946e-11 -45018.7 -68038.2 -45018.7 0
25.56 0 6.68274e-11 -43411.7 -89509.1 -43411.7 0
25.58 0 -1.2851e-10 -40329.3 -107308 -40329.3 0
25.6 0 1.80703e-10 -35957 -120632 -35957 0
25.62 0 2.16436e-10 -30586 -128830 -30586 0
25.64 0 -1.89405e-10 -24525.1 -131487 -24525.1 0
25.66 0 -2.25861e-10 -17965.8 -128376 -17965.8 0
25.68 0 -1.09709e-10 -11037.9 -119583 -11037.9 0
25.7 0 -1.61177e-11 -3879.67 -105729 -3879.67 0
25.72 0 -1.94877e-11 3357.54 -87686 3357.54 0
25.74 0 1.35914e-11 10422 -66293.9 10422 0
25.76 0 3.28492e-11 16985.3 -42235.9 16985.3 0
25.78 0 -1.46729e-11 22729.4 -16050.4 22729.4 0
25.8 0 6.00382e-11 27423.8 11692.6 27423.8 0
25.82 0 -2.82774e-10 30975.7 40358 30975.7 0
25.84 0 6.92678e-11 33426.1 69206 33426.1 0
25.86 0 1.48469e-10 34865.1 97347.3 34865.1 0
25.88 0 -1.81588e-10 35329.4 123787 35329.4 0
25.9 0 1.71497e-10 34765 147583 34765 0
25.92 0 1.62522e-10 33065.2 167964 33065.2 0
25.94 0 4.10944e-10 30153 184328 30153 0
25.96 0 -6.01663e-12 26053.4 196190 26053.4 0
25.98 0 -2.99594e-10 20918.8 203148 20918.8 0
26 0 -1.27783e-10 14997.4 204838 14997.4 0
26.02 0 7.85491e-11 8483.89 200828 8483.89 0
26.04 0 8.30774e-10 1598.14 190999 1598.14 0
26.06 0 7.64802e-10 -5469.62 175871 -5469.62 0
26.08 0 -3.67555e-10 -12528.7 156442 -12528.7 0
26.1 0 3.60209e-10 -19275 133897 -19275 0
26.12 0 1.98085e-10 -25431.9 109212 -25431.9 0
26.14 0 7.79473e-11 -30797.9 83084.9 -30797.9 0
26.16 0 -6.42709e-11 -35285.7 56054.5 -35285.7 0
26.18 0 -2.17036e-10 -38865 28680.9 -38865 0
26.2 0 -5.9853e-11 -41496.9 1678.25 -41496.9 0
26.22 0 3.05424e-11 -43085 -24102.3 -43085 0
26.24 0 7.75279e-12 -43508.6 -47811.6 -43508.6 0
26.26 0 -2.83014e-11 -42728.3 -68720.3 -42728.3 0
26.28 0 9.77003e-11 -40864.2 -86209.7 -40864.2 0
26.3 0 1.47114e-10 -38166.5 -99666.8 -38166.5 0
26.32 0 1.63042e-11 -34894.4 -108433 -34894.4 0
26.34 0 8.50719e-11 -31199.2 -111900 -31199.2 0
26.36 0 4.27952e-11 -27072.8 -109627 -27072.8 0
26.38 0 -1.37664e-10 -22465.2 -101543 -22465.2 0
26.4 0 -2.46617e-10 -17437.5 -88277.6 -17437.5 0
26.42 0 -2.30267e-11 -12152 -70926.5 -12152 0
26.44 0 -3.43845e-11 -6825.05 -50632.6 -6825.05 0
26.46 0 -1.25967e-11 -1654.79 -28317.7 -1654.79 0
26.48 0 -1.26611e-12 3219.66 -4569.78 3219.66 0
26.5 0 -7.50093e-11 7687.84 20155.8 7687.84 0
26.52 0 6.62895e-11 11647.1 45389.6 11647.1 0
26.54 0 3.07493e-11 15004.9 70552.4 15004.9 0
26.56 0 -9.04067e-12 17702.5 94934.9 17702.5 0
26.58 0 -4.55658e-11 19729.8 117718 19729.8 0
26.6 0 3.64078e-10 21115.1 138053 21115.1 0
26.62 0 -3.66802e-10 21876 155139 21876 0
26.64 0 1.055e-10 21959.6 168283 21959.6 0
26.66 0 5.22012e-11 21229 176914 21229 0
26.68 0 -4.99558e-10 19541.9 180580 19541.9 0
26.7 0 -2.48265e-10 16854 178970 16854 0
26.72 0 -1.03338e-10 13288.5 171999 13288.5 0
26.74 0 -2.95262e-10 9131.84 160089 9131.84 0
26.76 0 3.6734e-10 4690.91 144007 4690.91 0
26.78 0 -3.42789e-10 212.255 124551 212.255 0
26.8 0 9.10224e-11 -4119.21 102430 -4119.21 0
26.82 0 2.04794e-10 -8187.02 78220.2 -8187.02 0
26.84 0 -4.29427e-11 -11922.7 52520.7 -11922.7 0
26.86 0 1.22502e-10 -15303 25997.4 -15303 0
26.88 0 -1.56358e-10 -18332.3 -587.736 -18332.3 0
26.9 0 -4.46041e-12 -21000.8 -26373.6 -21000.8 0
26.92 0 -4.81437e-12 -23239 -50438.1 -23239 0
26.94 0 -2.01898e-12 -24920.9 -71915.6 -24920.9 0
26.96 0 2.00879e-10 -25916.8 -90091.1 -25916.8 0
26.98 0 2.1229e-10 -26144.4 -104401 -26144.4 0
27 0 1.45533e-10 -25582 -114371 -25582 0
27.02 0 -2.49894e-10 -24263.6 -119579 -24263.6 0
27.04 0 -1.21537e-11 -22269.8 -119708 -22269.8 0
27.06 0 2.08648e-11 -19689.2 -114546 -19689.2 0
27.08 0 -1.67559e-10 -16677.9 -104274 -16677.9 0
27.1 0 -7.71277e-11 -13384.7 -89535.7 -13384.7 0
27.12 0 -1.95202e-11 -9900.98 -71165.1 -9900.98 0
27.14 0 5.69531e-12 -6284.09 -50022.5 -6284.09 0
27.16 0 1.34488e-11 -2542.52 -26882.9 -2542.52 0
27.18 0 1.14901e-11 1276.27 -2496.2 1276.27 0
27.2 0 6.43625e-11 5041.4 22401.2 5041.4 0
27.22 0 -1.41007e-10 8550.79 47136.8 8550.79 0
27.24 0 -6.28686e-11 11630.5 71102.5 11630.5 0
27.26 0 1.55982e-10 14197.1 93705.4 14197.1 0
27.28 0 2.64506e-10 16230.4 114346 16230.4 0
27.3 0 -8.52929e-11 17703 132448 17703 0
27.32 0 1.03372e-10 18552.9 147459 18552.9 0
27.34 0 -2.39125e-10 18710.3 158819 18710.3 0
27.36 0 -3.3723e-10 18132.8 165970 18132.8 0
27.38 0 -6.87464e-11 16822.4 168466 16822.4 0
27.4 0 -3.5871e-10 14801.9 166047 14801.9 0
27.42 0 1.80766e-10 12120.2 158725 12120.2 0
27.44 0 8.99438e-11 8876.79 146952 8876.79 0
27.46 0 -2.67404e-10 5191.9 131460 5191.9 0
27.48 0 3.00826e-10 1221.41 113065 1221.41 0
27.5 0 -2.14006e-11 -2840.8 92569 -2840.8 0
27.52 0 1.14199e-10 -6806.07 70676 -6806.07 0
27.54 0 -1.93337e-11 -10522.9 48036.5 -10522.9 0
27.56 0 5.5889e-11 -13898.9 25242 -13898.9 0
27.58 0 -3.33734e-11 -16894 2847.01 -16894 0
27.6 0 3.62754e-11 -19498.6 -18582.1 -19498.6 0
27.62 0 1.3954e-11 -21699.5 -38420.7 -21699.5 0
27.64 0 2.49222e-12 -23451.9 -55999.4 -23451.9 0
27.66 0 2.39105e-11 -24676.1 -70656 -24676.1 0
27.68 0 1.53128e-10 -25275.9 -81788.1 -25275.9 0
27.7 0 -2.17719e-10 -25163.8 -88898.2 -25163.8 0
27.72 0 2.40897e-10 -24287.7 -91646.9 -24287.7 0
27.74 0 4.77722e-11 -22647 -89870 -22647 0
27.76 0 1.03452e-11 -20312.8 -83612.7 -20312.8 0
27.78 0 6.77382e-11 -17436.4 -73268.9 -17436.4 0
27.8 0 -4.70417e-11 -14180.4 -59461.9 -14180.4 0
27.82 0 -6.21376e-11 -10689.4 -42883.8 -10689.4 0
27.84 0 -5.36618e-12 -7100.7 -24228.6 -7100.7 0
27.86 0 2.47502e-12 -3535.1 -4130.58 -3535.1 0
27.88 0 -2.36676e-11 -90.434 16797.5 -90.434 0
27.9 0 7.15114e-12 3170.54 37978.3 3170.54 0
27.92 0 -2.07258e-11 6210.38 58859.2 6210.38 0
27.94 0 -1.98711e-10 8997.36 78880.7 8997.36 0
27.96 0 -1.53597e-10 11482.7 97444.9 11482.7 0
27.98 0 -9.69943e-11 13588.3 113938 13588.3 0
28 0 1.28299e-10 15209 127777 15209 0
28.02 0 -4.10412e-10 16231.3 138449 16231.3 0
28.04 0 4.35356e-10 16561 145538 16561 0
28.06 0 1.85807e-10 16148.4 148751 16148.4 0
28.08 0 2.10073e-11 14994.6 147937 14994.6 0
28.1 0 -3.87655e-10 13148 143084 13148 0
28.12 0 -8.01163e-11 10719 134444 10719 0
28.14 0 -3.64725e-12 7844.49 122492 7844.49 0
28.16 0 3.08493e-10 4661.92 107802 4661.92 0
28.18 0 2.42825e-10 1308.51 91002.4 1308.51 0
28.2 0 -2.72768e-10 -2096.75 72704.3 -2096.75 0
28.22 0 -1.81561e-10 -5453.42 53521.6 -5453.42 0
28.24 0 1.31455e-10 -8680.65 34047.8 -8680.65 0
28.26 0 4.35785e-11 -11708.4 14845.9 -11708.4 0
28.28 0 -5.61562e-12 -14469.9 -3543.05 -14469.9 0
28.3 0 -4.75115e-12 -16895.2 -20578.9 -16895.2 0
28.32 0 8.50126e-12 -18908.2 -35730.4 -18908.2 0
28.34 0 -7.28973e-12 -20428.7 -48503.7 -20428.7 0
28.36 0 7.15082e-11 -21381.7 -58451.5 -21381.7 0
28.38 0 -6.65255e-11 -21713.8 -65163.4 -21713.8 0
28.4 0 -1.45723e-11 -21403.4 -68294.9 -21403.4 0
28.42 0 -8.0844e-11 -20456.7 -67625.8 -20456.7 0
28.44 0 -1.13983e-10 -18902.4 -63091.6 -18902.4 0
28.46 0 -7.93095e-11 -16813.8 -54893.4 -16813.8 0
28.48 0 8.6031e-12 -14295.8 -43451.2 -14295.8 0
28.5 0 1.88928e-11 -11470.6 -29286.3 -11470.6 0
28.52 0 -2.97136e-12 -8476.47 -12965.2 -8476.47 0
28.54 0 -3.25499e-11 -5446.18 4951.94 -5446.18 0
28.56 0 -1.74872e-13 -2497.92 23891.1 -2497.92 0