0.02 0 3.5733e-17 -0.143437 -0.000264417 -0.143437 0
0.04 0 8.41006e-15 -1.5663 -0.00569644 -1.5663 0
0.06 0 2.71326e-14 -7.2207 -0.0365379 -7.2207 0
0.08 0 -2.10792e-13 -19.9387 -0.0571348 -19.9387 0
0.1 0 2.89356e-13 -38.9683 0.482198 -38.9683 0
0.12 0 9.37088e-13 -60.5292 3.26657 -60.5292 0
0.14 0 1.50006e-12 -82.0367 10.3557 -82.0367 0
0.16 0 3.80508e-12 -103.911 21.56 -103.911 0
0.18 0 -4.84056e-13 -127.327 32.5926 -127.327 0
0.2 0 2.89028e-12 -151.624 36.5326 -151.624 0
0.22 0 4.41744e-13 -174.496 28.1073 -174.496 0
0.24 0 -2.84111e-12 -194.633 7.54401 -194.633 0
0.26 0 -1.93085e-11 -213.737 -20.0901 -213.737 0
0.28 0 -7.67788e-12 -235.247 -49.696 -235.247 0
0.3 0 3.83669e-11 -260.758 -79.3139 -260.758 0
0.32 0 1.03712e-11 -287.677 -108.825 -287.677 0
0.34 0 -2.45381e-11 -310.299 -137.38 -310.299 0
0.36 0 3.8904e-12 -323.271 -162.148 -323.271 0
0.38 0 -2.12677e-11 -324.545 -178.886 -324.545 0
0.4 0 5.22162e-11 -315.633 -185.454 -315.633 0
0.42 0 1.42568e-11 -299.712 -186.147 -299.712 0
0.44 0 -5.77496e-11 -279.67 -190.562 -279.67 0
0.46 0 -2.92938e-11 -256.316 -205.733 -256.316 0
0.48 0 4.49715e-11 -226.625 -229.095 -226.625 0
0.5 0 3.32554e-13 -185.699 -249.388 -185.699 0
0.52 0 -5.88294e-11 -134.491 -254.968 -134.491 0
0.54 0 6.44048e-11 -85.026 -243.65 -85.026 0
0.56 0 3.746e-11 -53.828 -227.256 -53.828 0
0.58 0 -7.05507e-11 -48.7869 -224.97 -48.7869 0
0.6 0 1.52097e-12 -63.6295 -245.896 -63.6295 0
0.62 0 1.38372e-11 -85.8039 -275.078 -85.8039 0
0.64 0 -1.94805e-12 -110.44 -280.597 -110.44 0
0.66 0 -4.38362e-12 -147.521 -238.108 -147.521 0
0.68 0 1.14451e-11 -214.635 -149.322 -214.635 0
0.7 0 -4.85026e-12 -320.548 -39.439 -320.548 0
0.72 0 -6.37303e-12 -454.389 62.0642 -454.389 0
0.74 0 1.49784e-11 -591.353 144.035 -591.353 0
0.76 0 -7.0575e-12 -711.025 221.865 -711.025 0
0.78 0 -8.88109e-12 -812.576 318.811 -812.576 0
0.8 0 8.81967e-12 -913.383 434.246 -913.383 0
0.82 0 -1.57142e-11 -1031.26 533.178 -1031.26 0
0.84 0 -3.0413e-11 -1163.49 573.241 -1163.49 0
0.86 0 -2.60792e-11 -1281.36 544.428 -1281.36 0
0.88 0 1.38278e-11 -1350.28 480.793 -1350.28 0
0.9 0 5.39108e-11 -1361.18 430.698 -1361.18 0
0.92 0 2.40404e-11 -1341.03 412.047 -1341.03 0
0.94 0 3.49084e-11 -1328.49 393.257 -1328.49 0
0.96 0 -5.5887e-11 -1338.07 320.457 -1338.07 0
0.98 0 5.42222e-11 -1346.53 171.356 -1346.53 0
1 0 -2.04267e-11 -1305.06 -13.8954 -1305.06 0
1.02 0 -1.31221e-11 -1142.49 -159.285 -1142.49 0
1.04 0 3.38773e-12 -794.828 -210.902 -794.828 0
1.06 0 -1.33152e-13 -326.821 -173.824 -326.821 0
1.08 0 -3.50311e-11 49.3582 -118.098 49.3582 0
1.1 0 2.65312e-11 212.36 -144.464 212.36 0
1.12 0 -3.63312e-11 282.881 -289.268 282.881 0
1.14 0 5.63008e-12 459.672 -453.376 459.672 0
1.16 0 -7.1092e-12 807.368 -470.562 807.368 0
1.18 0 -1.10515e-11 1184.16 -265.457 1184.16 0
1.2 0 2.5922e-11 1350.17 51.8389 1350.17 0
1.22 0 5.43759e-12 1238.67 256.14 1238.67 0
1.24 0 -5.21e-12 1055.81 217.484 1055.81 0
1.26 0 -3.99266e-13 1012.76 49.8702 1012.76 0
1.28 0 2.09318e-12 1066.65 4.70442 1066.65 0
1.3 0 4.02547e-12 1003.25 207.773 1003.25 0
1.32 0 -1.03729e-12 689.461 527.754 689.461 0
1.34 0 -2.0797e-12 193.69 708.57 193.69 0
1.36 0 -3.26808e-12 -289.475 626.368 -289.475 0
1.38 0 1.15252e-11 -568.277 412.785 -568.277 0
1.4 0 -3.59559e-12 -560.889 322.898 -560.889 0
1.42 0 1.00692e-11 -422.367 484.521 -422.367 0
1.44 0 -2.97487e-12 -481.783 754.996 -481.783 0
1.46 0 -7.60229e-12 -852.823 823.305 -852.823 0
1.48 0 -8.93263e-12 -1243.49 522.024 -1243.49 0
1.5 0 -2.23103e-11 -1320.84 49.9057 -1320.84 0
1.52 0 -1.70452e-11 -1107.19 -198.588 -1107.19 0
1.54 0 -6.8943e-12 -909.406 -46.3799 -909.406 0
1.56 0 1.26502e-11 -967.153 275.992 -967.153 0
1.58 0 3.62102e-11 -1218.86 363.751 -1218.86 0
1.6 0 -1.76533e-12 -1368.56 44.1166 -1368.56 0
1.62 0 3.41039e-11 -1183.2 -445.558 -1183.2 0
1.64 0 -2.71773e-11 -736.962 -687.97 -736.962 0
1.66 0 2.81603e-12 -336.132 -509.864 -336.132 0
1.68 0 4.23835e-11 -196.548 -164.748 -196.548 0
1.7 0 -2.6995e-11 -235.505 -63.9302 -235.505 0
1.72 0 -1.68304e-11 -199.766 -331.424 -199.766 0
1.74 0 5.61674e-12 47.8578 -666.936 47.8578 0
1.76 0 -1.40424e-12 413.172 -666.85 413.172 0
1.78 0 -1.54874e-11 704.827 -249.543 704.827 0
1.8 0 -3.91685e-12 818.782 260.444 818.782 0
1.82 0 1.98247e-11 800.315 453.662 800.315 0
1.84 0 -1.75898e-12 786.464 231.881 786.464 0
1.86 0 2.22729e-11 894.938 -101.158 894.938 0
1.88 0 2.64299e-11 1127.69 -145.386 1127.69 0
1.9 0 -6.06712e-11 1376.38 188.306 1376.38 0
1.92 0 -1.10967e-10 1534.73 584.842 1534.73 0
1.94 0 2.03507e-11 1591.8 642.226 1591.8 0
1.96 0 7.19337e-11 1616.35 264.958 1616.35 0
1.98 0 4.68574e-11 1680.93 -257.657 1680.93 0
2 0 -1.6873e-11 1802.47 -540.143 1802.47 0
2.02 0 3.43768e-11 1927.34 -459.872 1927.34 0
2.04 0 -1.86779e-11 1967.7 -247.834 1967.7 0
2.06 0 2.21975e-11 1869.52 -239.151 1869.52 0
2.08 0 -2.89788e-11 1651.21 -531.229 1651.21 0
2.1 0 -1.08722e-11 1368.42 -880.387 1368.42 0
2.12 0 1.27811e-11 1042.04 -935.463 1042.04 0
2.14 0 -2.15021e-11 636.033 -574.643 636.033 0
2.16 0 1.81011e-11 114.987 -13.763 114.987 0
2.18 0 4.31626e-11 -490.65 405.206 -490.65 0
2.2 0 5.76901e-11 -1090.5 523.907 -1090.5 0
2.22 0 4.19033e-11 -1600.78 483.74 -1600.78 0
2.24 0 -6.763e-11 -2005.99 552.973 -2005.99 0
2.26 0 -9.08049e-11 -2358.86 834.908 -2358.86 0
2.28 0 7.70913e-12 -2705.84 1148.11 -2705.84 0
2.3 0 6.64929e-11 -3016.8 1210.35 -3016.8 0
2.32 0 -9.94713e-12 -3214.79 933.491 -3214.79 0
2.34 0 -5.31954e-11 -3259.15 516.667 -3259.15 0
2.36 0 -6.65942e-11 -3162.27 255.706 -3162.27 0
2.38 0 -7.02775e-11 -2949.51 272.301 -2949.51 0
2.4 0 1.19558e-10 -2644.01 416.904 -2644.01 0
2.42 0 -5.88798e-11 -2263.95 425.762 -2263.95 0
2.44 0 1.85811e-11 -1803.67 180.004 -1803.67 0
2.46 0 7.22851e-11 -1241.39 -180.599 -1241.39 0
2.48 0 -4.36396e-11 -582.567 -390.789 -582.567 0
2.5 0 8.64825e-12 116.518 -306.787 116.518 0
2.52 0 2.33512e-11 769.318 -42.4098 769.318 0
2.54 0 -1.79488e-11 1310.97 130.515 1310.97 0
2.56 0 -1.3056e-11 1751.49 30.4778 1751.49 0
2.58 0 1.48608e-11 2162.45 -275.317 2162.45 0
2.6 0 2.76366e-11 2575.92 -549.152 2575.92 0
2.62 0 2.95141e-11 2917.26 -606.857 2917.26 0
2.64 0 -3.03335e-12 3083.19 -478.217 3083.19 0
2.66 0 1.31057e-11 3064.45 -361.404 3064.45 0
2.68 0 -1.15831e-11 2939.79 -404.364 2939.79 0
2.7 0 -6.6937e-12 2761.07 -528.251 2761.07 0
2.72 0 -1.79991e-11 2490.96 -496.598 2490.96 0
2.74 0 -2.42354e-11 2056.88 -162.355 2056.88 0
2.76 0 -2.21327e-11 1440.96 378.467 1440.96 0
2.78 0 3.06301e-12 713.426 873.646 713.426 0
2.8 0 3.64105e-12 -27.7314 1134.34 -27.7314 0
2.82 0 1.03588e-11 -762.881 1174.67 -762.881 0
2.84 0 1.47837e-11 -1573.77 1155.67 -1573.77 0
2.86 0 -2.10961e-11 -2526.74 1204.04 -2526.74 0
2.88 0 -2.81791e-11 -3551.69 1289.07 -3551.69 0
2.9 0 -8.47052e-12 -4471.25 1277.46 -4471.25 0
2.92 0 2.87556e-11 -5136.24 1095.51 -5136.24 0
2.94 0 1.23273e-11 -5519.62 808.425 -5519.62 0
2.96 0 2.08934e-11 -5711.93 529.496 -5711.93 0
2.98 0 -6.65003e-13 -5836.35 277.406 -5836.35 0
3 0 -2.89896e-12 -5925.51 -44.4804 -5925.51 0
3.02 0 -6.85017e-12 -5866.27 -518.848 -5866.27 0
3.04 0 3.51906e-12 -5500.32 -1075.42 -5500.32 0
3.06 0 7.43903e-12 -4796.32 -1506.8 -4796.32 0
3.08 0 -2.72572e-11 -3905 -1653.85 -3905 0
3.1 0 5.30451e-11 -3035.03 -1578.34 -3035.03 0
3.12 0 -4.41239e-12 -2276.45 -1521.99 -2276.45 0
3.14 0 -2.24624e-11 -1535.32 -1671.31 -1535.32 0
3.16 0 -3.8195e-12 -632.067 -1966.26 -632.067 0
3.18 0 4.1411e-12 515.706 -2147.18 515.706 0
3.2 0 -3.28721e-11 1785.38 -1995.57 1785.38 0
3.22 0 5.83115e-11 2939.09 -1549.43 2939.09 0
3.24 0 9.05443e-11 3841.72 -1089.04 3841.72 0
3.26 0 -1.7144e-10 4565.18 -877.471 4565.18 0
3.28 0 2.22887e-10 5258.92 -891.157 5258.92 0
3.3 0 -3.53022e-11 5958.24 -835.534 5958.24 0
3.32 0 -1.60966e-11 6546.68 -453.633 6546.68 0
3.34 0 -1.07213e-11 6869.59 203.603 6869.59 0
3.36 0 -4.75671e-11 6851.73 827.458 6851.73 0
3.38 0 2.85393e-11 6523.9 1141.66 6523.9 0
3.4 0 -4.98448e-11 5971.75 1140.74 5971.75 0
3.42 0 -2.94912e-11 5268.4 1078.92 5268.4 0
3.44 0 -1.26866e-11 4439.28 1229.57 4439.28 0
3.46 0 -1.59205e-11 3471.37 1631.14 3471.37 0
3.48 0 3.71301e-11 2349.75 2062.94 2349.75 0
3.5 0 -1.23733e-10 1089.04 2263.68 1089.04 0
3.52 0 8.57288e-11 -261.654 2155.54 -261.654 0
3.54 0 8.09095e-11 -1629.88 1871.07 -1629.88 0
3.56 0 1.36739e-10 -2929.11 1604.9 -2929.11 0
3.58 0 -2.8157e-11 -4074.27 1447.15 -4074.27 0
3.6 0 -1.08853e-10 -5014.78 1331.12 -5014.78 0
3.62 0 1.07011e-10 -5765.85 1116.08 -5765.85 0
3.64 0 2.88075e-11 -6394.53 714.684 -6394.53 0
3.66 0 -3.20003e-10 -6945.46 155.901 -6945.46 0
3.68 0 -8.07716e-11 -7372.81 -443.952 -7372.81 0
3.7 0 -1.14956e-10 -7571.35 -950.745 -7571.35 0
3.72 0 2.29665e-10 -7482.19 -1270.89 -7482.19 0
3.74 0 7.00455e-11 -7137.63 -1381.41 -7137.63 0
3.76 0 -1.38431e-11 -6601.7 -1329.88 -6601.7 0
3.78 0 7.1037e-11 -5907.27 -1206.47 -5907.27 0
3.8 0 -5.95513e-11 -5053.33 -1095.85 -5053.33 0
3.82 0 3.02661e-11 -4024.16 -1027.33 -4024.16 0
3.84 0 -6.3844e-12 -2811.15 -956.483 -2811.15 0
3.86 0 1.97637e-11 -1451.99 -805.035 -1451.99 0
3.88 0 3.07358e-12 -45.1527 -542.113 -45.1527 0
3.9 0 -3.58082e-13 1307.15 -236.79 1307.15 0
3.92 0 8.67039e-11 2566.23 -19.1452 2566.23 0
3.94 0 -7.52822e-11 3746.75 26.2602 3746.75 0
3.96 0 -7.30565e-12 4849.56 -64.122 4849.56 0
3.98 0 -3.3028e-11 5819.23 -157.591 5819.23 0
4 0 -1.61143e-10 6556.79 -126 6556.79 0
4.02 0 1.75432e-10 6962.89 60.8131 6962.89 0
4.04 0 2.56118e-11 6983.05 329.927 6983.05 0
4.06 0 -5.39917e-11 6626.83 597.77 6626.83 0
4.08 0 1.08062e-10 5938.18 862.801 5938.18 0
4.1 0 -8.75581e-12 4947.29 1195.34 4947.29 0
4.12 0 -2.39758e-11 3667.3 1643.4 3667.3 0
4.14 0 5.45212e-12 2136.55 2155.78 2136.55 0
4.16 0 -5.22533e-11 438.348 2583.62 438.348 0
4.18 0 -2.09428e-11 -1329.59 2756.52 -1329.59 0
4.2 0 4.64519e-12 -3084.77 2585.74 -3084.77 0
4.22 0 -4.02387e-12 -4755.54 2113.56 -4755.54 0
4.24 0 2.94971e-11 -6277.55 1461.43 -6277.55 0
4.26 0 4.52959e-11 -7610.73 730.903 -7610.73 0
4.28 0 -4.42355e-11 -8732.1 -39.5034 -8732.1 0
4.3 0 -8.68162e-11 -9593.91 -831.935 -9593.91 0
4.32 0 -8.0762e-12 -10119.9 -1594.98 -10119.9 0
4.34 0 1.77934e-11 -10260.7 -2242.86 -10260.7 0
4.36 0 1.55543e-11 -10026.3 -2688.73 -10026.3 0
4.38 0 1.6749e-11 -9460.68 -2878.11 -9460.68 0
4.4 0 -6.93319e-11 -8607.61 -2815.79 -8607.61 0
4.42 0 7.45421e-11 -7503.27 -2559.73 -7503.27 0
4.44 0 -5.85546e-11 -6186.64 -2177.73 -6186.64 0
4.46 0 3.89044e-11 -4705.87 -1732.45 -4705.87 0
4.48 0 5.21783e-11 -3093.49 -1308.85 -3093.49 0
4.5 0 4.37878e-11 -1342.01 -1007.72 -1342.01 0
4.52 0 1.67112e-10 557.079 -892.671 557.079 0
4.54 0 -2.23714e-10 2558.34 -959.127 2558.34 0
4.56 0 5.23994e-10 4591.23 -1151.7 4591.23 0
4.58 0 -7.32583e-10 6638.28 -1406.57 6638.28 0
4.6 0 5.78086e-10 8745.89 -1683.41 8745.89 0
4.62 0 -4.64765e-10 10939 -1955.34 10939 0
4.64 0 -8.85445e-11 13119.5 -2182.08 13119.5 0
4.66 0 1.97015e-10 15065.5 -2318 15065.5 0
4.68 0 -2.90364e-10 16575.2 -2333.65 16575.2 0
4.7 0 -1.22211e-10 17617.8 -2204.64 17617.8 0
4.72 0 2.62795e-10 18300.3 -1896.14 18300.3 0
4.74 0 1.39129e-10 18683.5 -1381.13 18683.5 0
4.76 0 1.76071e-11 18677.4 -674.054 18677.4 0
4.78 0 -3.43779e-10 18132.6 145.306 18132.6 0
4.8 0 8.83823e-11 17013.6 942.055 17013.6 0
4.82 0 -8.32019e-12 15459.8 1600.97 15459.8 0
4.84 0 -1.20719e-11 13670.3 2113.77 13670.3 0
4.86 0 2.38506e-11 11730.3 2556.08 11730.3 0
4.88 0 -3.30433e-10 9572.27 2953.37 9572.27 0
4.9 0 6.12026e-10 7115.96 3206.72 7115.96 0
4.92 0 -3.42189e-10 4424.94 3191.54 4424.94 0
4.94 0 -7.4244e-11 1699.77 2926.88 1699.77 0
4.96 0 3.08944e-10 -874.322 2628.59 -874.322 0
4.98 0 2.58983e-10 -3246.51 2576.24 -3246.51 0
5 0 2.79419e-10 -5470.11 2894.99 -5470.11 0
5.02 0 1.43168e-11 -7590.1 3443.85 -7590.1 0
5.04 0 -4.45826e-10 -9578.34 3932.69 -9578.34 0
5.06 0 -1.40699e-10 -11360.5 4178.61 -11360.5 0
5.08 0 4.43169e-10 -12891.3 4256.71 -12891.3 0
5.1 0 -6.85124e-10 -14202.9 4395.32 -14202.9 0
5.12 0 -6.88349e-10 -15363.2 4722 -15363.2 0
5.14 0 6.77695e-10 -16366.7 5108.62 -16366.7 0
5.16 0 -7.85003e-10 -17080.2 5255.3 -17080.2 0
5.18 0 -1.86592e-10 -17321.7 4919.68 -17321.7 0
5.2 0 -4.0787e-11 -16987.7 4068.05 -16987.7 0
5.22 0 -9.31406e-11 -16088.4 2811.8 -16088.4 0
5.24 0 4.17296e-11 -14673.7 1213.41 -14673.7 0
5.26 0 7.34525e-10 -12751.9 -813.043 -12751.9 0
5.28 0 -5.14776e-10 -10269.6 -3379.49 -10269.6 0
5.3 0 -2.34992e-09 -7135.78 -6398.32 -7135.78 0
5.32 0 4.35856e-10 -3281.87 -9491.82 -3281.87 0
5.34 0 1.1195e-09 1240.74 -12141.3 1240.74 0
5.36 0 -1.97644e-09 6198.28 -13962.4 6198.28 0
5.38 0 4.83094e-10 11239.8 -14893.4 11239.8 0
5.4 0 1.15725e-09 16045.7 -15157.6 16045.7 0
5.42 0 9.44776e-10 20406 -15046.7 20406 0
5.44 0 9.58857e-10 24152.7 -14602.2 24152.7 0
5.46 0 -1.90255e-09 27041 -13621.5 27041 0
5.48 0 1.03874e-09 28738.4 -11947 28738.4 0
5.5 0 1.82372e-10 28946.8 -9654.96 28946.8 0
5.52 0 -4.15089e-10 27545.1 -7028.09 27545.1 0
5.54 0 -9.35016e-10 24629.9 -4300.61 24629.9 0
5.56 0 -2.22826e-10 20432.2 -1478.42 20432.2 0
5.58 0 8.01282e-11 15217.5 1594.77 15217.5 0
5.6 0 1.11907e-10 9306.69 4975.9 9306.69 0
5.62 0 3.59785e-10 3165.01 8419.42 3165.01 0
5.64 0 -2.83413e-12 -2658.75 11431.5 -2658.75 0
5.66 0 1.95353e-11 -7753.83 13540.6 -7753.83 0
5.68 0 2.15049e-11 -11955.1 14530.6 -11955.1 0
5.7 0 6.37624e-10 -15211.4 14456.6 -15211.4 0
5.72 0 1.28284e-10 -17406.2 13506.8 -17406.2 0
5.74 0 7.55062e-11 -18319.4 11873.9 -18319.4 0
5.76 0 1.76664e-10 -17733 9704.6 -17733 0
5.78 0 -4.77894e-10 -15575.7 7098.61 -15575.7 0
5.8 0 2.21103e-10 -11985.1 4127.62 -11985.1 0
5.82 0 4.38687e-10 -7242.35 865.077 -7242.35 0
5.84 0 -3.64554e-10 -1658.2 -2575.62 -1658.2 0
5.86 0 -1.73462e-10 4500.13 -5998.91 4500.13 0
5.88 0 2.40205e-10 10990.6 -9102.17 10990.6 0
5.9 0 -7.88804e-10 17490.9 -11505.9 17490.9 0
5.92 0 -7.51495e-10 23522.9 -12854.2 23522.9 0
5.94 0 -6.43037e-10 28544.3 -12933 28544.3 0
5.96 0 6.17421e-10 32125.6 -11724 32125.6 0
5.98 0 5.63406e-10 34005.8 -9388.95 34005.8 0
6 0 8.94038e-11 34050.3 -6243.13 34050.3 0
6.02 0 2.34784e-10 32277 -2741.22 32277 0
6.04 0 -1.5651e-10 28882.4 565.82 28882.4 0
6.06 0 -8.55691e-10 24108.4 3163.85 24108.4 0
6.08 0 4.61644e-10 18123.5 4796.85 18123.5 0
6.1 0 -2.90736e-10 11144.5 5637.28 11144.5 0
6.12 0 2.88914e-10 3526.1 6215.81 3526.1 0
6.14 0 -5.17709e-10 -4503.17 7094.81 -4503.17 0
6.16 0 -6.92263e-10 -13110.5 8454.25 -13110.5 0
6.18 0 7.50291e-10 -22616.9 9854.9 -22616.9 0
6.2 0 -1.98677e-09 -32970 10478.4 -32970 0
6.22 0 3.20394e-10 -43595.7 9785.23 -43595.7 0
6.24 0 1.38534e-09 -53758.6 8031.86 -53758.6 0
6.26 0 -5.90096e-10 -62999.8 6072.32 -62999.8 0
6.28 0 -7.20271e-10 -71354 4583.75 -71354 0
6.3 0 -8.55134e-10 -80148 3459.5 -80148 0
6.32 0 -1.68354e-12 -91238.7 1931.11 -91238.7 0
6.34 0 2.40805e-11 -98185 -655.765 -98185 0
6.36 0 1.89252e-10 -98741.2 -4102.46 -98741.2 0
6.38 0 1.44172e-10 -97016.1 -7402.33 -97016.1 0
6.4 0 2.00641e-10 -93253.5 -9668.44 -93253.5 0
6.42 0 1.26338e-09 -88552.7 -11006.7 -88552.7 0
6.44 0 2.48782e-11 -82972.8 -12319.1 -82972.8 0
6.46 0 -1.08125e-09 -75959.1 -14436.7 -75959.1 0
6.48 0 -2.53912e-10 -66588.2 -17428.6 -66588.2 0
6.5 0 7.29921e-10 -54818.5 -20432.5 -54818.5 0
6.52 0 1.30477e-09 -41654 -22411.8 -41654 0
6.54 0 6.59705e-10 -28182.5 -23370.1 -28182.5 0
6.56 0 1.14317e-09 -14838 -24249.2 -14838 0
6.58 0 -1.3733e-09 -1530.67 -25488.2 -1530.67 0
6.6 0 1.24645e-09 11628.5 -26564.4 11628.5 0
6.62 0 -3.40462e-10 23987.8 -26312.6 23987.8 0
6.64 0 3.49949e-11 34734.5 -23911.6 34734.5 0
6.66 0 -7.58872e-10 43495.4 -19752.1 43495.4 0
6.68 0 2.66256e-10 50512.2 -14926.3 50512.2 0
6.7 0 -2.9235e-10 56205.5 -10251.1 56205.5 0
6.72 0 -1.09841e-10 60667.3 -5648.97 60667.3 0
6.74 0 3.01674e-11 63630 -501.51 63630 0
6.76 0 6.482e-10 64750.2 5559.17 64750.2 0
6.78 0 5.35462e-10 64020.9 12193.1 64020.9 0
6.8 0 -9.08895e-11 61670.7 18451.5 61670.7 0
6.82 0 -2.49875e-09 57965.5 23161.5 57965.5 0
6.84 0 1.00242e-09 53922.6 25606.9 53922.6 0
6.86 0 3.78955e-10 50112.3 26341.5 50112.3 0
6.88 0 -5.33582e-10 45176.5 26688.5 45176.5 0
6.9 0 6.63918e-10 37717.6 26952.2 37717.6 0
6.92 0 2.98852e-10 27974.4 26272.6 27974.4 0
6.94 0 4.08496e-10 17359.1 23574.9 17359.1 0
6.96 0 -1.93974e-10 7117.11 18999.2 7117.11 0
6.98 0 1.13031e-09 -2551.66 13896.3 -2551.66 0
7 0 -9.52507e-10 -12089.7 9541.13 -12089.7 0
7.02 0 -1.43751e-09 -21606.9 6243.41 -21606.9 0
7.04 0 1.4856e-09 -30411.3 3172.72 -30411.3 0
7.06 0 7.99685e-10 -37495.7 -244.538 -37495.7 0
7.08 0 -4.93804e-10 -42387.1 -3556.67 -42387.1 0
7.1 0 -1.29897e-10 -45387.3 -5780.03 -45387.3 0
7.12 0 -9.75349e-11 -46985.2 -6568.48 -46985.2 0
7.14 0 -1.50921e-12 -47255.9 -6799.05 -47255.9 0
7.16 0 3.14015e-10 -46148.4 -7802.92 -46148.4 0
7.18 0 4.33971e-10 -43945 -10083.8 -43945 0
7.2 0 5.04796e-10 -41088.7 -13061.2 -41088.7 0
7.22 0 8.87838e-11 -37678.7 -15930.3 -37678.7 0
7.24 0 1.68077e-10 -33411.9 -18392.3 -33411.9 0
7.26 0 7.52779e-10 -27968.7 -20658.7 -27968.7 0
7.28 0 2.11776e-10 -21243.3 -22949 -21243.3 0
7.3 0 1.02605e-09 -13420 -24976.3 -13420 0
7.32 0 -8.2228e-10 -4894.86 -25898.5 -4894.86 0
7.34 0 1.79688e-09 3834.42 -24912.9 3834.42 0
7.36 0 6.28872e-10 12283.4 -21775.8 12283.4 0
7.38 0 6.04439e-10 20050 -16878.3 20050 0
7.4 0 7.82602e-10 26806.7 -10897.8 26806.7 0
7.42 0 8.67164e-10 32218.7 -4326.3 32218.7 0
7.44 0 -9.68903e-10 35898.9 2560.41 35898.9 0
7.46 0 -2.26545e-10 37530.8 9411.28 37530.8 0
7.48 0 -8.04177e-11 37113.6 15577.2 37113.6 0
7.5 0 -1.35337e-10 35087.8 20291.1 35087.8 0
7.52 0 -2.07075e-10 32097.1 23061.7 32097.1 0
7.54 0 -5.859e-10 28660.2 23904.1 28660.2 0
7.56 0 -3.97446e-10 24941.1 23202.6 24941.1 0
7.58 0 1.30667e-10 20753.6 21335.8 20753.6 0
7.6 0 1.7268e-10 15902.6 18422.1 15902.6 0
7.62 0 -4.63847e-10 10419.7 14463.1 10419.7 0
7.64 0 4.4678e-10 4496.49 9718 4496.49 0
7.66 0 4.64981e-10 -1711.54 4864.73 -1711.54 0
7.68 0 -2.74977e-10 -8159.93 702.789 -8159.93 0
7.7 0 5.50524e-11 -14777.4 -2435.39 -14777.4 0
7.72 0 1.50142e-10 -21282.1 -4855.78 -21282.1 0
7.74 0 8.81167e-10 -27160 -7085.03 -27160 0
7.76 0 -9.8332e-10 -31854.1 -9488.93 -31854.1 0
7.78 0 -4.53617e-10 -35007.3 -11973.4 -35007.3 0
7.8 0 1.53756e-10 -36579.7 -14114.3 -36579.7 0
7.82 0 -4.09722e-11 -36804.1 -15636.3 -36804.1 0
7.84 0 1.34176e-10 -36079 -16633.4 -36079 0
7.86 0 3.44043e-10 -34798 -17447 -34798 0
7.88 0 -2.32152e-10 -33188 -18293.6 -33188 0
7.9 0 -3.91575e-10 -31253.4 -18992.1 -31253.4 0
7.92 0 -9.11449e-10 -28771.2 -19039.6 -28771.2 0
7.94 0 7.36315e-11 -25450.4 -17993.3 -25450.4 0
7.96 0 1.0634e-09 -21193 -15803.3 -21193 0
7.98 0 2.73791e-10 -16177.5 -12845.7 -16177.5 0
8 0 1.3973e-09 -10695.8 -9643.3 -10695.8 0
8.02 0 -2.0013e-09 -4933.68 -6496.51 -4933.68 0
8.04 0 5.15694e-10 1049.18 -3324.12 1049.18 0
8.06 0 9.67772e-10 7122.94 193.082 7122.94 0
8.08 0 -1.01394e-09 12921.5 4236.55 12921.5 0
8.1 0 -1.12126e-09 17934.7 8471.73 17934.7 0
8.12 0 2.52785e-10 21808.9 12145 21808.9 0
8.14 0 -4.00464e-10 24560.1 14549.5 24560.1 0
8.16 0 6.07184e-10 26467.7 15432.8 26467.7 0
8.18 0 6.36153e-10 27748 15053.2 27748 0
8.2 0 7.86942e-11 28344.4 13822.6 28344.4 0
8.22 0 -8.44537e-11 28066.3 11922.4 28066.3 0
8.24 0 3.4126e-10 26895.5 9236.44 26895.5 0
8.26 0 3.59512e-10 25063.5 5659.98 25063.5 0
8.28 0 -1.74166e-09 22827.5 1449.89 22827.5 0
8.3 0 -9.70905e-10 20226.4 -2769.19 20226.4 0
8.32 0 8.95287e-10 17074.7 -6382.9 17074.7 0
8.34 0 -1.65386e-09 13167.3 -9177.96 13167.3 0
8.36 0 2.3946e-09 8467.13 -11363.2 8467.13 0
8.38 0 -1.81155e-09 3129.85 -13224.8 3129.85 0
8.4 0 2.13191e-09 -2605.95 -14773.4 -2605.95 0
8.42 0 1.82741e-10 -8511.82 -15793.4 -8511.82 0
8.44 0 3.04539e-10 -14343.7 -16057.2 -14343.7 0
8.46 0 1.56506e-09 -19779.1 -15580.5 -19779.1 0
8.48 0 -7.76681e-10 -24453.6 -14710.4 -24453.6 0
8.5 0 7.49731e-10 -28091.2 -13804.5 -28091.2 0
8.52 0 1.77189e-10 -30615.2 -12952.9 -30615.2 0
8.54 0 9.95414e-10 -32134.1 -11940.4 -32134.1 0
8.56 0 -2.74261e-11 -32798.7 -10473 -32798.7 0
8.58 0 -9.20776e-11 -32651.2 -8484.69 -32651.2 0
8.6 0 2.31151e-10 -31607.2 -6215.24 -31607.2 0
8.62 0 -4.86614e-10 -29552.8 -4003.25 -29552.8 0
8.64 0 5.59518e-11 -26511.4 -2030.59 -26511.4 0
8.66 0 3.42796e-10 -22681.8 -269.263 -22681.8 0
8.68 0 6.7185e-10 -18286.7 1370.03 -18286.7 0
8.7 0 3.96427e-10 -13435.6 2887.53 -13435.6 0
8.72 0 2.29578e-10 -8135.92 4205.01 -8135.92 0
8.74 0 -1.92987e-09 -2437.87 5287.18 -2437.87 0
8.76 0 4.15374e-10 3484.36 6188.38 3484.36 0
8.78 0 1.14132e-09 9382.93 6944.04 9382.93 0
8.8 0 1.06421e-09 15019.3 7497.51 15019.3 0
8.82 0 -1.03867e-09 20168.1 7673.14 20168.1 0
8.84 0 -1.11341e-10 24578.2 7280.46 24578.2 0
8.86 0 1.0569e-09 27983.4 6325.63 27983.4 0
8.88 0 -9.33047e-11 30173.9 4981.11 30173.9 0
8.9 0 -7.11921e-10 31073.3 3457.47 31073.3 0
8.92 0 -3.31343e-10 30734.3 1917.96 30734.3 0
8.94 0 -1.66673e-10 29245.5 460.91 29245.5 0
8.96 0 1.82268e-10 26656.5 -825.288 26656.5 0
8.98 0 4.87633e-11 23062.7 -1853.53 23062.7 0
9 0 -4.72275e-10 18722 -2580.88 18722 0
9.02 0 -5.38368e-10 13982.2 -3038.31 13982.2 0
9.04 0 -1.43077e-10 9042.78 -3308.07 9042.78 0
9.06 0 1.32533e-09 3800.26 -3495.87 3800.26 0
9.08 0 6.39019e-10 -2000.97 -3721.3 -2000.97 0
9.1 0 -5.24389e-10 -8429.55 -4085.64 -8429.55 0
9.12 0 7.11124e-10 -15158.8 -4594.33 -15158.8 0
9.14 0 -9.40151e-10 -21584.2 -5115.79 -21584.2 0
9.16 0 -2.7009e-10 -27184 -5437.16 -27184 0
9.18 0 2.14623e-10 -31827.6 -5424.45 -31827.6 0
9.2 0 -1.99149e-10 -35723.1 -5199.21 -35723.1 0
9.22 0 -1.3772e-09 -39029.1 -5070.91 -39029.1 0
9.24 0 -5.61234e-10 -41572.8 -5268.88 -41572.8 0
9.26 0 -5.87632e-10 -43009.8 -5736.28 -43009.8 0
9.28 0 6.24177e-10 -43182.5 -6173.95 -43182.5 0
9.3 0 -8.49419e-11 -42244.8 -6319.21 -42244.8 0
9.32 0 3.04401e-11 -40401.8 -6168.91 -40401.8 0
9.34 0 -4.04354e-12 -37713.6 -5945.31 -37713.6 0
9.36 0 1.75878e-10 -34224.1 -5854.65 -34224.1 0
9.38 0 -6.36008e-10 -30049.7 -5888.25 -30049.7 0
9.4 0 -3.43024e-10 -25367.2 -5870.79 -25367.2 0
9.42 0 2.80341e-10 -20342.4 -5665.24 -20342.4 0
9.44 0 -4.57073e-10 -15065.9 -5251.13 -15065.9 0
9.46 0 -1.10413e-09 -9588.85 -4609.9 -9588.85 0
9.48 0 5.13776e-10 -4020.1 -3638.8 -4020.1 0
9.5 0 1.21529e-09 1413.99 -2246.4 1413.99 0
9.52 0 -1.98914e-10 6453.28 -495.439 6453.28 0
9.54 0 -2.202e-10 10921.9 1317.14 10921.9 0
9.56 0 4.02389e-10 14720.3 2833.55 14720.3 0
9.58 0 -1.93983e-10 17727.9 3886.85 17727.9 0
9.6 0 -6.63366e-10 19788.7 4544.49 19788.7 0
9.62 0 -1.28894e-10 20818.5 4952.5 20818.5 0
9.64 0 1.86023e-10 20879.7 5112.89 20879.7 0
9.66 0 -8.04246e-11 20124.9 4869.76 20124.9 0
9.68 0 3.85607e-10 18685.1 4090.14 18685.1 0
9.7 0 1.38026e-10 16633.1 2837.52 16633.1 0
9.72 0 1.67866e-10 14023.6 1372.24 14023.6 0
9.74 0 -9.74439e-10 10907.3 12.6481 10907.3 0
9.76 0 7.37314e-10 7296.61 -1025.03 7296.61 0
9.78 0 1.39186e-10 3144.77 -1716.35 3144.77 0
9.8 0 -2.15572e-10 -1590.81 -2201.66 -1590.81 0
9.82 0 5.07728e-10 -6810.99 -2654.95 -6810.99 0
9.84 0 1.98606e-10 -12189.6 -3137.73 -12189.6 0
9.86 0 -4.72085e-10 -17274.5 -3551.95 -17274.5 0
9.88 0 4.522e-10 -21735.8 -3760.59 -21735.8 0
9.9 0 3.4569e-10 -25523.2 -3778.01 -25523.2 0
9.92 0 8.70147e-11 -28759.2 -3853.33 -28759.2 0
9.94 0 -4.53594e-12 -31487.2 -4328.95 -31487.2 0
9.96 0 -8.25845e-11 -33553.2 -5342.69 -33553.2 0
9.98 0 -3.28445e-10 -34736.4 -6647.81 -34736.4 0
10 0 4.97958e-11 -34981.4 -7750.58 -34981.4 0
10.02 0 -1.88869e-10 -34495.6 -8278.27 -34495.6 0
10.04 0 5.47992e-10 -33583.4 -8245.31 -33583.4 0
10.06 0 -5.71044e-11 -32364 -7957.21 -32364 0
10.08 0 9.38397e-11 -30672.7 -7635.09 -30672.7 0
10.1 0 1.18898e-10 -28240.5 -7132.41 -28240.5 0
10.12 0 -4.73079e-10 -24981.3 -6048.96 -24981.3 0
10.14 0 5.76746e-10 -21089.9 -4163.63 -21089.9 0
10.16 0 8.7459e-10 -16870.3 -1775.15 -16870.3 0
10.18 0 -1.60822e-10 -12513.4 410.631 -12513.4 0
10.2 0 5.41766e-10 -8045.82 1803.39 -8045.82 0
10.22 0 -7.34055e-11 -3453.77 2340.01 -3453.77 0
10.24 0 2.42844e-10 1173.42 2407.49 1173.42 0
10.26 0 -8.97966e-11 5604.65 2417.52 5604.65 0
10.28 0 -1.99242e-10 9554.12 2406.75 9554.12 0
10.3 0 -3.12549e-11 12820.1 2054.41 12820.1 0
10.32 0 2.2414e-10 15352.9 1079.7 15352.9 0
10.34 0 -3.31231e-11 17183.2 -388.747 17183.2 0
10.36 0 1.97093e-10 18280.4 -1826.83 18280.4 0
10.38 0 -2.97264e-10 18498 -2722.25 18498 0
10.4 0 -1.27908e-11 17679.8 -2970.31 17679.8 0
10.42 0 -7.99796e-10 15807.6 -2877.84 15807.6 0
10.44 0 4.95052e-10 13017.1 -2805.24 13017.1 0
10.46 0 8.2063e-10 9475.06 -2825.01 9475.06 0
10.48 0 -1.38331e-10 5260.81 -2720.6 5260.81 0
10.5 0 2.35049e-10 390.015 -2294.27 390.015 0
10.52 0 -1.1442e-10 -5038.99 -1652.66 -5038.99 0
10.54 0 -1.08681e-10 -10755.9 -1165.16 -10755.9 0
10.56 0 -9.099e-11 -16417 -1152.62 -16417 0
10.58 0 -1.80066e-10 -21789.6 -1627.08 -21789.6 0
10.6 0 1.29529e-10 -26790.3 -2329.99 -26790.3 0
10.62 0 1.29305e-10 -31326.7 -3004.59 -31326.7 0
10.64 0 -1.44756e-11 -35144.9 -3596.73 -35144.9 0
10.66 0 9.97995e-11 -37871.9 -4198.15 -37871.9 0
10.68 0 -5.65288e-13 -39219.8 -4833.69 -39219.8 0
10.7 0 4.24283e-10 -39165.6 -5352.23 -39165.6 0
10.72 0 -3.98622e-10 -37960.6 -5551.92 -37960.6 0
10.74 0 -4.78933e-10 -35890.3 -5405.41 -35890.3 0
10.76 0 3.51937e-10 -33037.3 -5134.01 -33037.3 0
10.78 0 1.64589e-10 -29304.7 -5027.58 -29304.7 0
10.8 0 5.0363e-10 -24635.6 -5181.16 -24635.6 0
10.82 0 6.23275e-10 -19204.5 -5430.39 -19204.5 0
10.84 0 2.36814e-10 -13353.8 -5550.48 -13353.8 0
10.86 0 3.49251e-10 -7393.42 -5488.71 -7393.42 0
10.88 0 -2.39263e-10 -1492.45 -5382.01 -1492.45 0
10.9 0 8.53157e-10 4268.67 -5349.43 4268.67 0
10.92 0 2.8632e-10 9765.99 -5278.04 9765.99 0
10.94 0 -6.90494e-10 14738.2 -4860.98 14738.2 0
10.96 0 3.55789e-11 18839.5 -3868.43 18839.5 0
10.98 0 -1.13438e-10 21827.5 -2382.72 21827.5 0
11 0 -2.97227e-12 23695.5 -764.36 23695.5 0
11.02 0 6.79962e-12 24585.8 634.03 24585.8 0
11.04 0 -7.69843e-11 24575.1 1729.35 24575.1 0
11.06 0 2.51034e-10 23583.4 2703.21 23583.4 0
11.08 0 -1.49268e-10 21478.5 3748.67 21478.5 0
11.1 0 1.67495e-10 18236.5 4825.85 18236.5 0
11.12 0 8.16465e-10 13998.3 5662.94 13998.3 0
11.14 0 -2.36678e-10 8985.34 5982.4 8985.34 0
11.16 0 6.61701e-10 3384.37 5714.67 3384.37 0
11.18 0 6.4301e-10 -2697.9 5005.8 -2697.9 0
11.2 0 2.56688e-10 -9170.06 4048.49 -9170.06 0
11.22 0 2.86305e-10 -15827 2914.14 -15827 0
11.24 0 1.41343e-09 -22316.9 1538.83 -22316.9 0
11.26 0 -2.81584e-10 -28271.1 -143.495 -28271.1 0
11.28 0 1.66599e-10 -33444.1 -2077.61 -33444.1 0
11.3 0 -5.26384e-12 -37701.8 -4094.46 -37701.8 0
11.32 0 -3.93154e-10 -40941.8 -6011.34 -40941.8 0
11.34 0 7.61763e-11 -43100.3 -7717.1 -43100.3 0
11.36 0 7.7908e-11 -44201.7 -9198.06 -44201.7 0
11.38 0 4.28774e-11 -44314.4 -10514.1 -44314.4 0
11.4 0 -8.30138e-11 -43486.5 -11732.6 -43486.5 0
11.42 0 3.1686e-10 -41736.2 -12846.6 -41736.2 0
11.44 0 -4.56967e-10 -39098.2 -13740.9 -39098.2 0
11.46 0 3.91509e-10 -35675.4 -14243.8 -35675.4 0
11.48 0 3.90894e-10 -31561.1 -14214.6 -31561.1 0
11.5 0 3.32067e-10 -26799.7 -13599.9 -26799.7 0
11.52 0 -8.54518e-10 -21408.2 -12455.2 -21408.2 0
11.54 0 4.07803e-10 -15401.9 -10917.7 -15401.9 0
11.56 0 -2.70083e-10 -8917.29 -9108.54 -8917.29 0
11.58 0 8.63639e-10 -2293.45 -7051.46 -2293.45 0
11.6 0 -9.40713e-10 4063.17 -4725.21 4063.17 0
11.62 0 -7.71925e-10 9923.34 -2161.04 9923.34 0
11.64 0 -1.36481e-10 15245.8 540.885 15245.8 0
11.66 0 1.08271e-10 19948.2 3237.61 19948.2 0
11.68 0 1.7618e-10 23785 5744.97 23785 0
11.7 0 1.77204e-10 26488.9 7847.58 26488.9 0
11.72 0 -6.50511e-11 27970 9377.5 27970 0
11.74 0 -4.62402e-11 28354.5 10284.9 28354.5 0
11.76 0 1.13876e-10 27859.1 10620.4 27859.1 0
11.78 0 -1.66327e-10 26621.2 10453.7 26621.2 0
11.8 0 2.58019e-12 24604.9 9816.13 24604.9 0
11.82 0 1.06151e-09 21671.8 8714.14 21671.8 0
11.84 0 3.37933e-10 17730.4 7190.35 17730.4 0
11.86 0 -2.11132e-10 12847.3 5366.76 12847.3 0
11.88 0 -1.08777e-10 7232.01 3425.07 7232.01 0
11.9 0 -1.78956e-10 1118.04 1520.94 1118.04 0
11.92 0 -1.17501e-09 -5331.94 -314.055 -5331.94 0
11.94 0 8.21954e-11 -12031.7 -2194.14 -12031.7 0
11.96 0 3.09106e-10 -18883.5 -4270.18 -18883.5 0
11.98 0 1.60385e-10 -25674.7 -6578.79 -25674.7 0
12 0 6.7054e-10 -32062.5 -8959.85 -32062.5 0
12.02 0 -5.00383e-10 -37700.1 -11097.7 -37700.1 0
12.04 0 -1.24722e-10 -42412.2 -12677.5 -42412.2 0
12.06 0 -8.1022e-11 -46233.3 -13561 -46233.3 0
12.08 0 7.57594e-12 -49247.4 -13856.2 -49247.4 0
12.1 0 -2.02272e-10 -51404.9 -13796.9 -51404.9 0
12.12 0 -2.15765e-11 -52523.7 -13527.4 -52523.7 0
12.14 0 3.81059e-11 -52466.2 -12995.7 -52466.2 0
12.16 0 2.76967e-10 -51341.6 -12058.1 -51341.6 0
12.18 0 -2.37494e-10 -49305.3 -10702.6 -49305.3 0
12.2 0 7.57138e-10 -46369.3 -9152.46 -46369.3 0
12.22 0 2.15311e-10 -42439.6 -7701.38 -42439.6 0
12.24 0 -4.24628e-10 -37445.3 -6468.27 -37445.3 0
12.26 0 -3.25362e-10 -31457.4 -5339.66 -31457.4 0
12.28 0 -1.59729e-10 -24621.2 -4116.48 -24621.2 0
12.3 0 -4.54735e-10 -17136.1 -2693.29 -17136.1 0
12.32 0 1.38486e-10 -9276.97 -1115.54 -9276.97 0
12.34 0 1.80483e-11 -1438.79 476.113 -1438.79 0
12.36 0 -2.93114e-10 5915.71 1952.91 5915.71 0
12.38 0 2.43317e-10 12401.7 3241.94 12401.7 0
12.4 0 -3.05461e-11 17849.9 4296.27 17849.9 0
12.42 0 4.11086e-10 22290.5 5079.34 22290.5 0
12.44 0 -2.35144e-10 25782.6 5563.18 25782.6 0
12.46 0 1.23346e-10 28263.9 5722.22 28263.9 0
12.48 0 -1.39217e-10 29590.8 5513.6 29590.8 0
12.5 0 1.83877e-11 29723.7 4891.73 29723.7 0
12.52 0 3.59989e-11 28848.6 3876.52 28848.6 0
12.54 0 8.65257e-11 27216.9 2627.4 27216.9 0
12.56 0 1.56071e-10 24887.9 1431.55 24887.9 0
12.58 0 2.57044e-11 21712.7 563.139 21712.7 0
12.6 0 -4.91484e-10 17509.2 119.666 17509.2 0
12.62 0 -5.49016e-11 12238.6 1.06205 12238.6 0
12.64 0 4.58567e-10 6058.17 37.709 6058.17 0
12.66 0 -1.29343e-10 -745.105 110.437 -745.105 0
12.68 0 1.20585e-10 -7868.12 153.759 -7868.12 0
12.7 0 -2.80989e-10 -15078.5 58.9592 -15078.5 0
12.72 0 2.34849e-11 -22201.7 -368.693 -22201.7 0
12.74 0 2.50423e-10 -29041.2 -1320.77 -29041.2 0
12.76 0 2.10906e-10 -35326.6 -2850.64 -35326.6 0
12.78 0 4.9575e-11 -40710.6 -4806.38 -40710.6 0
12.8 0 4.5071e-11 -44787.8 -6898.75 -44787.8 0
12.82 0 1.89151e-10 -47194.6 -8847.31 -47194.6 0
12.84 0 -6.41764e-11 -47807 -10496 -47807 0
12.86 0 -2.55468e-12 -46870.2 -11814 -46870.2 0
12.88 0 -1.6494e-12 -44797.2 -12794.6 -44797.2 0
12.9 0 -9.63799e-11 -41805.7 -13395.3 -41805.7 0
12.92 0 -3.78513e-11 -37848.5 -13575 -37848.5 0
12.94 0 -3.20573e-10 -32813.2 -13307.7 -32813.2 0
12.96 0 1.25494e-11 -26806 -12587.5 -26806 0
12.98 0 2.62284e-10 -20186.3 -11495.8 -20186.3 0
13 0 -1.84716e-10 -13358.3 -10218.4 -13358.3 0
13.02 0 -1.76915e-10 -6604.31 -8919.64 -6604.31 0
13.04 0 2.13765e-10 -32.898 -7597.21 -32.898 0
13.06 0 -1.43468e-10 6289.82 -6084.03 6289.82 0
13.08 0 -1.82378e-10 12172 -4198.27 12172 0
13.1 0 -3.55221e-10 17289.7 -1920.35 17289.7 0
13.12 0 4.15979e-10 21380 539.551 21380 0
13.14 0 -3.59207e-11 24397.3 2861.78 24397.3 0
13.16 0 -2.4886e-11 26453.7 4841.29 26453.7 0
13.18 0 8.84543e-11 27650.6 6505.55 27650.6 0
13.2 0 -2.15919e-11 28011.2 8002.33 28011.2 0
13.22 0 5.25126e-12 27526.9 9370.47 27526.9 0
13.24 0 -1.20214e-10 26187 10434.6 26187 0
13.26 0 3.99023e-11 23942.3 10944.1 23942.3 0
13.28 0 -8.67411e-11 20721.6 10812.9 20721.6 0
13.3 0 3.26656e-10 16466.4 10206.1 16466.4 0
13.32 0 -4.49818e-11 11147.3 9392.3 11147.3 0
13.34 0 1.88982e-10 4795.7 8500.91 4795.7 0
13.36 0 3.96383e-10 -2453.8 7385.87 -2453.8 0
13.38 0 -1.04905e-10 -10315.9 5722.21 -10315.9 0
13.4 0 -2.25478e-10 -18374.5 3276.01 -18374.5 0
13.42 0 1.15096e-09 -26164.8 124.74 -26164.8 0
13.44 0 -8.041e-10 -33265.5 -3361.7 -33265.5 0
13.46 0 9.5537e-10 -39344.2 -6758.28 -39344.2 0
13.48 0 1.4281e-10 -44162.2 -9837.13 -44162.2 0
13.5 0 -5.85082e-10 -47563.3 -12630.2 -47563.3 0
13.52 0 7.03668e-10 -49444.9 -15260.6 -49444.9 0
13.54 0 1.14675e-10 -49747.4 -17697.8 -49747.4 0
13.56 0 -1.76178e-10 -48569.6 -19659.8 -48569.6 0
13.58 0 -1.41323e-10 -46215.9 -20765.5 -46215.9 0
13.6 0 2.40034e-12 -43064.9 -20822.9 -43064.9 0
13.62 0 2.9973e-11 -39409.1 -20008.5 -39409.1 0
13.64 0 5.67334e-11 -35239.2 -18728.3 -35239.2 0
13.66 0 1.798e-10 -30324.7 -17247.5 -30324.7 0
13.68 0 -1.4848e-10 -24521.8 -15466 -24521.8 0
13.7 0 1.0357e-10 -17989.2 -13075.6 -17989.2 0
13.72 0 9.00703e-10 -11209.7 -9943.46 -11209.7 0
13.74 0 3.13265e-11 -4702.54 -6335.83 -4702.54 0
13.76 0 6.79695e-10 1311.24 -2737.84 1311.24 0
13.78 0 -5.71113e-10 6957.85 569.326 6957.85 0
13.8 0 -1.91033e-10 12419.9 3733.39 12419.9 0
13.82 0 -1.2491e-09 17646.2 7114.45 17646.2 0
13.84 0 4.13395e-10 22354.9 10806.6 22354.9 0
13.86 0 3.6327e-10 26268.5 14365.3 26268.5 0
13.88 0 6.55677e-10 29313.8 17043.5 29313.8 0
13.9 0 -9.28989e-10 31610 18336.3 31610 0
13.92 0 -7.02298e-10 33280.5 18332.8 33280.5 0
13.94 0 4.92534e-12 34265.8 17549.3 34265.8 0
13.96 0 -1.25041e-10 34305.1 16417.5 34305.1 0
13.98 0 2.49976e-10 33143.4 14940.7 33143.4 0
14 0 7.6402e-12 30674.7 12841 30674.7 0
14.02 0 7.24481e-12 26972.3 9976.73 26972.3 0
14.04 0 1.79956e-11 22319.6 6573.47 22319.6 0
14.06 0 8.44965e-11 17038.4 3094.38 17038.4 0
14.08 0 -3.66409e-10 11312.3 -78.8991 11312.3 0
14.1 0 4.96843e-10 5158.78 -2871.64 5158.78 0
14.12 0 -2.20345e-10 -1484.57 -5476.99 -1484.57 0
14.14 0 -2.84944e-10 -8562.85 -8109.87 -8562.85 0
14.16 0 1.38253e-10 -15761.8 -10757.2 -15761.8 0
14.18 0 4.21337e-10 -22546.5 -13155.6 -22546.5 0
14.2 0 -9.49077e-10 -28364.6 -15011 -28364.6 0
14.22 0 -1.40092e-10 -32861.9 -16208.1 -32861.9 0
14.24 0 -4.95327e-10 -35979.9 -16875.2 -35979.9 0
14.26 0 -2.01161e-10 -37893.1 -17294.2 -37893.1 0
14.28 0 -6.80296e-10 -38861.8 -17689 -38861.8 0
14.3 0 3.86893e-10 -39099.4 -18007.7 -39099.4 0
14.32 0 1.86627e-10 -38676.2 -17888.9 -38676.2 0
14.34 0 3.98062e-11 -37474.7 -16891 -37474.7 0
14.36 0 -2.10798e-10 -35303.4 -14793.6 -35303.4 0
14.38 0 -4.50469e-11 -32144.2 -11755.8 -32144.2 0
14.4 0 8.20699e-11 -28178.5 -8283.84 -28178.5 0
14.42 0 6.14442e-10 -23578.4 -5006.25 -23578.4 0
14.44 0 2.01975e-10 -18370.7 -2304.83 -18370.7 0
14.46 0 -3.03457e-10 -12516.4 -61.6166 -12516.4 0
14.48 0 2.59648e-10 -6139.91 2195.67 -6139.91 0
14.5 0 5.92997e-10 340.316 4837.1 340.316 0
14.52 0 7.09052e-10 6339.5 7774.85 6339.5 0
14.54 0 1.44961e-10 11404.9 10499.2 11404.9 0
14.56 0 -2.34217e-09 15398.1 12449.8 15398.1 0
14.58 0 -1.90904e-09 18412.1 13416.8 18412.1 0
14.6 0 -4.04388e-11 20566.8 13636.9 20566.8 0
14.62 0 4.55115e-10 21894.6 13473.5 21894.6 0
14.64 0 -4.25786e-13 22352.5 12999.1 22352.5 0
14.66 0 5.02251e-10 21869.6 11932.7 21869.6 0
14.68 0 -9.33215e-11 20365.4 9989.41 20365.4 0
14.7 0 -9.00892e-11 17771.3 7258.72 17771.3 0
14.72 0 6.71912e-11 14133.9 4241.54 14133.9 0
14.74 0 3.1456e-10 9704.62 1551.35 9704.62 0
14.76 0 7.49754e-11 4853.54 -475.255 4853.54 0
14.78 0 -4.01762e-10 -169.694 -1986.25 -169.694 0
14.8 0 -5.2193e-10 -5383.99 -3473.42 -5383.99 0
14.82 0 3.11019e-10 -10902.5 -5375.13 -10902.5 0
14.84 0 -4.76419e-10 -16598.2 -7757.29 -16598.2 0
14.86 0 6.83173e-10 -22005.6 -10298.8 -22005.6 0
14.88 0 -7.86382e-10 -26593.1 -12509.9 -26593.1 0
14.9 0 1.39781e-09 -30130.3 -14004.8 -30130.3 0
14.92 0 6.11646e-10 -32789.4 -14723 -32789.4 0
14.94 0 6.20451e-10 -34869.3 -14958.4 -34869.3 0
14.96 0 -6.44145e-10 -36391.7 -15083.5 -36391.7 0
14.98 0 -5.00019e-11 -37019.9 -15161.6 -37019.9 0
15 0 1.9782e-10 -36441.1 -14820.9 -36441.1 0
15.02 0 -1.57826e-10 -34738.8 -13541.4 -34738.8 0
15.04 0 -5.35034e-11 -32238 -11131.7 -32238 0
15.06 0 6.96273e-11 -29097.4 -7991.75 -29097.4 0
15.08 0 4.66748e-11 -25202.6 -4902.88 -25202.6 0
15.1 0 -6.37206e-11 -20472.4 -2487.1 -20472.4 0
15.12 0 -4.84258e-10 -15130.3 -815.293 -15130.3 0
15.14 0 -1.47294e-10 -9564.52 498.992 -9564.52 0
15.16 0 5.38281e-11 -4022.09 1887.33 -4022.09 0
15.18 0 2.24856e-10 1466.02 3516.98 1466.02 0
15.2 0 1.06579e-09 6856 5266.1 6856 0
15.22 0 -5.33266e-11 11886.5 6868.69 11886.5 0
15.24 0 -6.35812e-10 16176 8089.48 16176 0
15.26 0 3.01987e-10 19504.3 8821.29 19504.3 0
15.28 0 7.22141e-10 21924.1 9109.11 21924.1 0
15.3 0 3.0594e-10 23582.8 9061.17 23582.8 0
15.32 0 1.86974e-10 24498.7 8718.24 24498.7 0
15.34 0 2.62052e-10 24532.5 8005.43 24532.5 0
15.36 0 -1.81317e-10 23538.1 6773.31 23538.1 0
15.38 0 2.69842e-11 21492.7 4958.4 21492.7 0
15.4 0 -8.55412e-11 18507.3 2740.9 18507.3 0
15.42 0 -5.98634e-10 14766.3 493.802 14766.3 0
15.44 0 -4.93979e-10 10446 -1490.29 10446 0
15.46 0 3.32791e-10 5698.27 -3208.51 5698.27 0
15.48 0 -1.72142e-09 657.957 -4884.91 657.957 0
15.5 0 1.20967e-09 -4595.1 -6734.94 -4595.1 0
15.52 0 1.70645e-09 -10053.3 -8764.13 -10053.3 0
15.54 0 1.30507e-09 -15685.6 -10708.5 -15685.6 0
15.56 0 -6.74715e-10 -21276.8 -12146.7 -21276.8 0
15.58 0 8.22245e-10 -26407.6 -12763 -26407.6 0
15.6 0 8.73523e-10 -30660.2 -12479 -30660.2 0
15.62 0 -3.63425e-10 -33860.7 -11504.1 -33860.7 0
15.64 0 -1.4826e-10 -36104.6 -10213.8 -36104.6 0
15.66 0 1.37803e-10 -37572 -8885.97 -37572 0
15.68 0 9.90994e-11 -38347.6 -7591.02 -38347.6 0
15.7 0 -2.38194e-12 -38382.5 -6224.82 -38382.5 0
15.72 0 -8.10307e-11 -37585.5 -4686.2 -37585.5 0
15.74 0 -1.54105e-10 -35931.5 -3026.99 -35931.5 0
15.76 0 8.36881e-10 -33524.8 -1468.05 -33524.8 0
15.78 0 -6.08227e-10 -30556.3 -246.541 -30556.3 0
15.8 0 -1.52536e-10 -27137.7 575.073 -27137.7 0
15.82 0 6.53156e-10 -23247 1146.43 -23247 0
15.84 0 4.11261e-10 -18859.8 1656.39 -18859.8 0
15.86 0 -3.41867e-10 -14063 2128.35 -14063 0
15.88 0 -3.13495e-10 -9053.11 2404.36 -9053.11 0
15.9 0 2.49665e-10 -4092.63 2328.52 -4092.63 0
15.92 0 -5.74337e-10 537.882 1897.63 537.882 0
15.94 0 9.87499e-10 4635.36 1307.26 4635.36 0
15.96 0 4.67982e-11 8139.64 803.83 8139.64 0
15.98 0 4.63888e-10 11077.8 455.134 11077.8 0
16 0 4.52042e-11 13466 112.492 13466 0
16.02 0 -2.0942e-11 15276.5 -423.42 15276.5 0
16.04 0 6.53366e-11 16442.4 -1176.74 16442.4 0
16.06 0 2.04172e-10 16862.7 -1955.04 16862.7 0
16.08 0 -2.56819e-10 16449.6 -2527.14 16449.6 0
16.1 0 6.84552e-10 15186 -2840.54 15186 0
16.12 0 -7.4693e-10 13106 -3059.8 13106 0
16.14 0 5.77937e-11 10263.2 -3395.73 10263.2 0
16.16 0 -3.66967e-11 6751.08 -3881.33 6751.08 0
16.18 0 1.63837e-10 2712.74 -4296.5 2712.74 0
16.2 0 -4.68331e-10 -1718.83 -4336.74 -1718.83 0
16.22 0 -3.69678e-10 -6455.37 -3908.14 -6455.37 0
16.24 0 2.43889e-10 -11379.4 -3248.49 -11379.4 0
16.26 0 2.17773e-10 -16268.6 -2732.43 -16268.6 0
16.28 0 -1.28784e-10 -20815.9 -2550.65 -20815.9 0
16.3 0 -1.35263e-10 -24711.5 -2549.38 -24711.5 0
16.32 0 -2.93828e-11 -27743.2 -2398.72 -27743.2 0
16.34 0 -1.07278e-10 -29887.3 -1940.67 -29887.3 0
16.36 0 -3.43475e-11 -31285.1 -1382.1 -31285.1 0
16.38 0 -1.15632e-10 -32059.1 -1144.91 -32059.1 0
16.4 0 8.16228e-12 -32161.6 -1485.79 -32161.6 0
16.42 0 -7.53011e-10 -31459.5 -2234.69 -31459.5 0
16.44 0 2.16976e-10 -29937.5 -2918.39 -29937.5 0
16.46 0 6.60323e-10 -27756.8 -3179.95 -27756.8 0
16.48 0 7.09511e-10 -25131.4 -3098.91 -25131.4 0
16.5 0 -6.71436e-11 -22173.7 -3099.92 -22173.7 0
16.52 0 -7.23756e-10 -18864.1 -3532.43 -18864.1 0
16.54 0 -4.45356e-11 -15158.8 -4326.79 -15158.8 0
16.56 0 3.96501e-10 -11132.1 -5030.6 -11132.1 0
16.58 0 -2.07041e-11 -7002.08 -5192.02 -7002.08 0
16.6 0 -1.18632e-10 -2991.02 -4735.15 -2991.02 0
16.62 0 -2.08763e-10 811.643 -3974.85 811.643 0
16.64 0 -3.06299e-11 4399.32 -3303.13 4399.32 0
16.66 0 -1.42036e-10 7685.85 -2877.32 7685.85 0
16.68 0 3.64119e-12 10469.5 -2581.98 10469.5 0
16.7 0 1.82751e-10 12574 -2232.37 12574 0
16.72 0 1.29471e-10 13969.4 -1783.44 13969.4 0
16.74 0 -3.88344e-10 14710.8 -1344.08 14710.8 0
16.76 0 2.09992e-10 14773.1 -1024.4 14773.1 0
16.78 0 -6.19997e-10 14004.3 -819.637 14004.3 0
16.8 0 3.12362e-10 12291.1 -644.328 12291.1 0
16.82 0 1.75276e-10 9760.9 -426.744 9760.9 0
16.84 0 -7.49566e-10 6741.61 -147.482 6741.61 0
16.86 0 9.13889e-10 3468.66 177.286 3468.66 0
16.88 0 -3.80283e-10 -98.682 497.662 -98.682 0
16.9 0 6.2526e-10 -4088.73 711.606 -4088.73 0
16.92 0 -3.74103e-10 -8393.39 685.785 -8393.39 0
16.94 0 1.09552e-10 -12622.9 347.076 -12622.9 0
16.96 0 7.65828e-11 -16392.9 -230.726 -16392.9 0
16.98 0 9.88913e-11 -19602.1 -877.693 -19602.1 0
17 0 1.26531e-10 -22393.3 -1501.53 -22393.3 0
17.02 0 3.72642e-12 -24861.8 -2188.84 -24861.8 0
17.04 0 2.64515e-11 -26864.7 -3089.07 -26864.7 0
17.06 0 -4.73951e-12 -28161.4 -4194.29 -28161.4 0
17.08 0 2.73013e-10 -28705 -5264.62 -28705 0
17.1 0 -1.8385e-10 -28718.5 -5995.49 -28718.5 0
17.12 0 1.05812e-09 -28462.7 -6262.99 -28462.7 0
17.14 0 -5.77693e-10 -27975.4 -6195.87 -27975.4 0
17.16 0 6.16075e-10 -27082.5 -6000.02 -27082.5 0
17.18 0 -3.38649e-10 -25633.4 -5733.62 -25633.4 0
17.2 0 3.15198e-10 -23660.1 -5289.9 -23660.1 0
17.22 0 9.44138e-10 -21316.3 -4587.13 -21316.3 0
17.24 0 -4.44029e-10 -18722.8 -3738.85 -18722.8 0
17.26 0 2.45964e-10 -15898.4 -3004.04 -15898.4 0
17.28 0 -2.70741e-10 -12811.5 -2562.71 -12811.5 0
17.3 0 7.47047e-11 -9485.75 -2363.08 -9485.75 0
17.32 0 5.59639e-11 -6064.16 -2201.22 -6064.16 0
17.34 0 -4.44317e-11 -2767.91 -1946.83 -2767.91 0
17.36 0 -2.01426e-11 220.92 -1673.4 220.92 0
17.38 0 1.99647e-10 2838.73 -1560.96 2838.73 0
17.4 0 3.4831e-11 5097.68 -1674.89 5097.68 0
17.42 0 3.55389e-10 6963.3 -1854.19 6963.3 0
17.44 0 -9.07531e-12 8291.4 -1841.95 8291.4 0
17.46 0 6.11518e-10 8915.64 -1539.32 8915.64 0
17.48 0 4.255e-11 8804.42 -1118.77 8804.42 0
17.5 0 -3.83583e-11 8097.44 -867.948 8097.44 0
17.52 0 3.1802e-10 6955.87 -919.537 6955.87 0
17.54 0 1.04158e-10 5397.28 -1147.73 5397.28 0
17.56 0 9.83095e-11 3315.68 -1332.95 3315.68 0
17.58 0 -1.54307e-10 663.051 -1411.95 663.051 0
17.6 0 1.32174e-10 -2420.74 -1533.15 -2420.74 0
17.62 0 -2.1643e-11 -5672.35 -1860.25 -5672.35 0
17.64 0 3.12483e-11 -8876.19 -2353.5 -8876.19 0
17.66 0 1.14974e-10 -11958.2 -2766.52 -11958.2 0
17.68 0 -7.56043e-11 -14929.7 -2861.81 -14929.7 0
17.7 0 -2.51441e-10 -17767 -2626.94 -17767 0
17.72 0 1.33095e-09 -20354.8 -2275.04 -20354.8 0
17.74 0 -6.33592e-11 -22533.9 -2029.81 -22533.9 0
17.76 0 -4.47593e-10 -24182.1 -1912.66 -24182.1 0
17.78 0 1.39884e-10 -25247.1 -1742.66 -25247.1 0
17.8 0 6.18271e-11 -25733.9 -1342.99 -25733.9 0
17.82 0 -3.42016e-10 -25678.3 -751.288 -25678.3 0
17.84 0 8.29015e-10 -25108.5 -236.469 -25108.5 0
17.86 0 4.67052e-10 -24002.5 -108.925 -24002.5 0
17.88 0 -1.096e-09 -22303 -506.805 -22303 0
17.9 0 -7.39819e-11 -20006.6 -1320.31 -20006.6 0
17.92 0 1.35196e-10 -17236.6 -2315.13 -17236.6 0
17.94 0 1.29453e-10 -14205 -3330.15 -14205 0
17.96 0 -5.08689e-11 -11097.1 -4350.67 -11097.1 0
17.98 0 1.85273e-10 -8005.23 -5416.28 -8005.23 0
18 0 -6.63829e-11 -4964.52 -6476.56 -4964.52 0
18.02 0 -5.79577e-10 -2028.81 -7356.81 -2028.81 0
18.04 0 1.55655e-10 699.129 -7863.11 699.129 0
18.06 0 1.61144e-10 3104.16 -7921.9 3104.16 0
18.08 0 -9.0836e-10 5114.73 -7623.34 5114.73 0
18.1 0 4.94829e-10 6706.4 -7133.46 6706.4 0
18.12 0 1.03966e-09 7846.04 -6565.66 7846.04 0
18.14 0 -1.14583e-09 8461.26 -5934.81 8461.26 0
18.16 0 -5.69555e-10 8490.01 -5214.66 8490.01 0
18.18 0 -1.67254e-10 7937.88 -4411.02 7937.88 0
18.2 0 1.00786e-09 6850.73 -3553.21 6850.73 0
18.22 0 -3.04656e-10 5239.7 -2665.66 5239.7 0
18.24 0 1.99421e-10 3074.14 -1767.25 3074.14 0
18.26 0 -1.30293e-10 361.094 -879.896 361.094 0
18.28 0 4.51136e-10 -2790.69 -26.9236 -2790.69 0
18.3 0 -8.07196e-11 -6204.13 795.609 -6204.13 0
18.32 0 -2.74105e-10 -9726.91 1625.33 -9726.91 0
18.34 0 4.10068e-10 -13278.6 2493.41 -13278.6 0
18.36 0 -3.51563e-10 -16802.5 3359.66 -16802.5 0
18.38 0 -5.31723e-10 -20182.8 4093.02 -20182.8 0
18.4 0 6.7335e-10 -23228.7 4537.1 -23228.7 0
18.42 0 3.2217e-10 -25755 4612.25 -25755 0
18.44 0 4.3679e-10 -27666.1 4354.71 -27666.1 0
18.46 0 9.18516e-10 -28947.4 3851.81 -28947.4 0
18.48 0 1.14762e-10 -29583.9 3138.6 -29583.9 0
18.5 0 3.30886e-10 -29521.7 2160.18 -29521.7 0
18.52 0 -2.73645e-10 -28722.6 835.324 -28722.6 0
18.54 0 1.21517e-10 -27230.2 -834.447 -27230.2 0
18.56 0 -1.13032e-09 -25162.2 -2757.03 -25162.2 0
18.58 0 7.50948e-10 -22637.2 -4781.67 -22637.2 0
18.6 0 7.29508e-10 -19725.8 -6744.19 -19725.8 0
18.62 0 -1.19487e-12 -16483 -8504.87 -16483 0
18.64 0 -1.85599e-10 -13005.9 -9932.84 -13005.9 0
18.66 0 7.92265e-12 -9446.81 -10916.6 -9446.81 0
18.68 0 1.99315e-11 -5966.59 -11390.7 -5966.59 0
18.7 0 -4.47269e-10 -2680.49 -11359.6 -2680.49 0
18.72 0 -4.45817e-10 349.488 -10883.8 349.488 0
18.74 0 -7.73091e-11 3068.88 -10040.7 3068.88 0
18.76 0 6.8657e-10 5383.59 -8895.29 5383.59 0
18.78 0 8.20595e-10 7170.44 -7507.72 7170.44 0
18.8 0 2.0334e-10 8341.65 -5955.09 8341.65 0
18.82 0 -6.18511e-10 8894.66 -4330.47 8894.66 0
18.84 0 -3.09983e-11 8892.21 -2708.7 8892.21 0
18.86 0 6.88808e-12 8393.21 -1118.15 8393.21 0
18.88 0 -1.47711e-10 7405.08 444.796 7405.08 0
18.9 0 -1.32432e-10 5901.45 1975.78 5901.45 0
18.92 0 7.22877e-10 3881.3 3411.27 3881.3 0
18.94 0 -5.61871e-11 1408.28 4632.72 1408.28 0
18.96 0 5.13113e-11 -1401.59 5528.79 -1401.59 0
18.98 0 -1.27791e-12 -4424.56 6048.64 -4424.56 0
19 0 1.78071e-10 -7558.78 6210.4 -7558.78 0
19.02 0 9.68499e-11 -10713.3 6050.65 -10713.3 0
19.04 0 1.73938e-10 -13783.3 5569.23 -13783.3 0
19.06 0 1.03639e-10 -16652.1 4718.93 -16652.1 0
19.08 0 6.30971e-10 -19218.4 3451.62 -19218.4 0
19.1 0 -3.23978e-10 -21414.8 1785.27 -21414.8 0
19.12 0 -9.08299e-10 -23198.8 -158.547 -23198.8 0
19.14 0 1.19198e-09 -24531.3 -2179.46 -24531.3 0
19.16 0 -4.87758e-10 -25370.9 -4073.23 -25370.9 0
19.18 0 -2.21321e-10 -25689.7 -5706.22 -25689.7 0
19.2 0 1.14672e-09 -25489 -7038.12 -25489 0
19.22 0 -9.50027e-10 -24797.9 -8087.82 -24797.9 0
19.24 0 3.71842e-10 -23657.6 -8882.38 -23657.6 0
19.26 0 3.9434e-10 -22116.8 -9412.46 -22116.8 0
19.28 0 -3.31019e-10 -20240.3 -9634.65 -20240.3 0
19.3 0 2.92538e-10 -18113.4 -9522.79 -18113.4 0
19.32 0 -1.16603e-10 -15829 -9109.37 -15829 0
19.34 0 -4.64758e-11 -13469.6 -8473.55 -13469.6 0
19.36 0 -1.72085e-10 -11100.9 -7682.19 -11100.9 0
19.38 0 -2.4103e-10 -8772.58 -6749.49 -8772.58 0
19.4 0 6.81159e-10 -6517.9 -5653.55 -6517.9 0
19.42 0 9.31715e-11 -4359.11 -4391.31 -4359.11 0
19.44 0 -4.05866e-10 -2329.48 -3021.86 -2329.48 0
19.46 0 4.28316e-10 -495.866 -1661.68 -495.866 0
19.48 0 -1.45786e-10 1056.31 -431.986 1056.31 0
19.5 0 -5.26958e-10 2273.08 603.516 2273.08 0
19.52 0 -5.75952e-10 3155.62 1457.91 3155.62 0
19.54 0 -4.39614e-11 3722.89 2179.19 3722.89 0
19.56 0 6.24395e-11 3960.67 2784.35 3960.67 0
19.58 0 2.82228e-10 3818.61 3221.62 3818.61 0
19.6 0 -3.57068e-10 3250.84 3394.81 3250.84 0
19.62 0 3.71047e-13 2251.91 3228.68 2251.91 0
19.64 0 -1.40586e-11 859.256 2726.11 859.256 0
19.66 0 -3.71359e-11 -871.195 1974.66 -871.195 0
19.68 0 -6.43356e-11 -2889.41 1089.58 -2889.41 0
19.7 0 2.03185e-11 -5152.67 143.422 -5152.67 0
19.72 0 1.0268e-10 -7605.78 -852.381 -7605.78 0
19.74 0 -2.70662e-10 -10163.2 -1903.28 -10163.2 0
19.76 0 -5.59323e-11 -12714.2 -2974.97 -12714.2 0
19.78 0 -2.90786e-11 -15149.1 -3976.43 -15149.1 0
19.8 0 -5.58606e-11 -17384.5 -4795.26 -17384.5 0
19.82 0 -3.78964e-10 -19367.7 -5359.06 -19367.7 0
19.84 0 -6.36447e-10 -21061.1 -5673.36 -21061.1 0
19.86 0 1.99935e-10 -22425.4 -5799.56 -22425.4 0
19.88 0 1.5899e-10 -23414.9 -5794.47 -23414.9 0
19.9 0 -5.58683e-10 -23982.8 -5673.32 -23982.8 0
19.92 0 -4.41608e-11 -24089.8 -5431.38 -24089.8 0
19.94 0 5.77502e-12 -23711 -5091.51 -23711 0
19.96 0 4.81223e-12 -22845.2 -4721.46 -22845.2 0
19.98 0 -3.88925e-11 -21516.8 -4402.75 -21516.8 0
20 0 -2.55989e-10 -19763.4 -4177.81 -19763.4 0
20.02 0 2.81455e-11 -17621.3 -4022.1 -17621.3 0
20.04 0 3.16898e-11 -15136.8 -3868.61 -15136.8 0
20.06 0 -1.84273e-10 -12394.5 -3668.36 -12394.5 0
20.08 0 5.85546e-10 -9526.09 -3436.13 -9526.09 0
20.1 0 -9.255e-10 -6678.71 -3241.09 -6678.71 0
20.12 0 4.79657e-10 -3970.18 -3149.76 -3970.18 0
20.14 0 2.60072e-10 -1469.7 -3168.42 -1469.7 0
20.16 0 2.26786e-10 776.563 -3231.82 776.563 0
20.18 0 -1.20545e-09 2703.18 -3248.86 2703.18 0
20.2 0 2.3099e-11 4220.53 -3167.14 4220.53 0
20.22 0 -9.56461e-12 5259.62 -2997.2 5259.62 0
20.24 0 -2.21102e-10 5807.31 -2777.85 5807.31 0
20.26 0 8.43831e-11 5881.63 -2518.53 5881.63 0
20.28 0 3.31354e-11 5482.65 -2181.44 5482.65 0
20.3 0 -1.023e-11 4586.98 -1725.09 4586.98 0
20.32 0 1.76005e-10 3187.88 -1160.86 3187.88 0
20.34 0 1.61403e-11 1318.9 -560.562 1318.9 0
20.36 0 1.87627e-10 -968.948 -4.80222 -968.948 0
20.38 0 2.70045e-10 -3631.24 471.298 -3631.24 0
20.4 0 -2.56062e-10 -6610.56 879.922 -6610.56 0
20.42 0 1.5033e-10 -9799.23 1238.55 -9799.23 0
20.44 0 -7.70869e-10 -13043.7 1534.51 -13043.7 0
20.46 0 7.27896e-10 -16196.9 1722.23 -16196.9 0
20.48 0 2.49248e-11 -19157.5 1745.1 -19157.5 0
20.5 0 6.26452e-10 -21849.8 1567.47 -21849.8 0
20.52 0 -2.21113e-10 -24174.8 1197.29 -24174.8 0
20.54 0 1.2467e-10 -26004.7 678.784 -26004.7 0
20.56 0 1.53387e-10 -27233.6 61.7724 -27233.6 0
20.58 0 -1.18067e-10 -27831.5 -630.954 -27831.5 0
20.6 0 -2.49189e-11 -27840.8 -1414.35 -27840.8 0
20.62 0 -4.91591e-11 -27315.3 -2319.47 -27315.3 0
20.64 0 -2.72578e-11 -26268.9 -3351.57 -26268.9 0
20.66 0 1.36521e-10 -24691.9 -4458.99 -24691.9 0
20.68 0 -4.78184e-10 -22610.1 -5548.63 -22610.1 0
20.7 0 -7.61023e-11 -20111.8 -6541.78 -20111.8 0
20.72 0 4.05381e-10 -17319.4 -7418.36 -17319.4 0
20.74 0 -5.29835e-10 -14343 -8200.85 -14343 0
20.76 0 6.73794e-10 -11264.4 -8890.51 -11264.4 0
20.78 0 -6.90316e-10 -8159.65 -9421.79 -8159.65 0
20.8 0 6.16551e-11 -5127.94 -9682.19 -5127.94 0
20.82 0 -1.0863e-09 -2289.78 -9578.16 -2289.78 0
20.84 0 -3.01163e-10 242.208 -9089.75 242.208 0
20.86 0 6.06869e-11 2388.57 -8272.14 2388.57 0
20.88 0 -3.5249e-10 4106.03 -7203.27 4106.03 0
20.9 0 6.00037e-10 5375.21 -5929.76 5375.21 0
20.92 0 3.65504e-10 6189.03 -4469.61 6189.03 0
20.94 0 3.09059e-10 6548.43 -2857.42 6548.43 0
20.96 0 -1.58646e-10 6458.22 -1177.11 6458.22 0
20.98 0 -5.88775e-11 5920.38 453.904 5920.38 0
21 0 -2.65075e-11 4937.36 1932.76 4937.36 0
21.02 0 2.12343e-10 3532.28 3203.3 3532.28 0
21.04 0 -2.09045e-10 1763 4248.66 1763 0
21.06 0 2.19284e-11 -291.432 5057.92 -291.432 0
21.08 0 -1.13033e-10 -2558.33 5598.15 -2558.33 0
21.1 0 -1.01363e-10 -4982.94 5812.39 -4982.94 0
21.12 0 -3.33755e-10 -7510.31 5644.53 -7510.31 0
21.14 0 2.71985e-10 -10056.5 5074.2 -10056.5 0
21.16 0 -4.73175e-10 -12503.9 4137.11 -12503.9 0
21.18 0 8.70117e-10 -14735.2 2917.04 -14735.2 0
21.2 0 -2.73787e-11 -16677 1512.31 -16677 0
21.22 0 3.7483e-10 -18309.4 -3.26815 -18309.4 0
21.24 0 4.16779e-10 -19634.9 -1597.08 -19634.9 0
21.26 0 5.31929e-11 -20646.9 -3259.84 -20646.9 0
21.28 0 -1.40202e-10 -21328.9 -4964.92 -21328.9 0
21.3 0 1.77973e-11 -21671.7 -6640.33 -21671.7 0
21.32 0 -9.71443e-11 -21680.8 -8179.27 -21680.8 0
21.34 0 3.03473e-10 -21373.1 -9478.21 -21373.1 0
21.36 0 4.47554e-10 -20776.6 -10472.1 -20776.6 0
21.38 0 -9.04422e-10 -19932.1 -11142 -19932.1 0
21.4 0 -1.77962e-11 -18884.9 -11494.7 -18884.9 0
21.42 0 -1.27363e-10 -17667.7 -11534.5 -17667.7 0
21.44 0 1.15972e-10 -16293 -11248.1 -16293 0
21.46 0 -2.31194e-10 -14769.4 -10613.7 -14769.4 0
21.48 0 -2.89751e-10 -13128.9 -9627.27 -13128.9 0
21.5 0 1.07115e-09 -11437.6 -8333.53 -11437.6 0
21.52 0 -5.23837e-10 -9768.02 -6834.25 -9768.02 0
21.54 0 9.31033e-11 -8163.83 -5250.85 -8163.83 0
21.56 0 1.8593e-10 -6639.45 -3665.95 -6639.45 0
21.58 0 2.25169e-10 -5214.63 -2094.93 -5214.63 0
21.6 0 -3.63536e-10 -3940.74 -517.04 -3940.74 0
21.62 0 7.35572e-12 -2886.56 1057.52 -2886.56 0
21.64 0 -6.68879e-11 -2098.47 2544.05 -2098.47 0
21.66 0 1.78498e-10 -1578.4 3805.73 -1578.4 0
21.68 0 -1.71197e-10 -1301.33 4730.46 -1301.33 0
21.7 0 3.26238e-10 -1248.02 5294.57 -1248.02 0
21.72 0 7.85877e-10 -1413.34 5556.45 -1413.34 0
21.74 0 5.35959e-11 -1787.95 5590.56 -1787.95 0
21.76 0 -3.13927e-10 -2349.25 5421.35 -2349.25 0
21.78 0 1.0499e-12 -3074.19 5008.61 -3074.19 0
21.8 0 -3.69834e-10 -3941.31 4292.51 -3941.31 0
21.82 0 -2.2504e-10 -4905.99 3260.75 -4905.99 0
21.84 0 8.87095e-10 -5888.77 1985.95 -5888.77 0
21.86 0 2.46668e-10 -6809.02 601.089 -6809.02 0
21.88 0 4.42515e-11 -7630.66 -774.048 -7630.66 0
21.9 0 7.62449e-10 -8367.47 -2098.53 -8367.47 0
21.92 0 9.11926e-11 -9045.2 -3410.9 -9045.2 0
21.94 0 5.0186e-11 -9661.17 -4751.98 -9661.17 0
21.96 0 -1.40362e-10 -10181.4 -6075.73 -10181.4 0
21.98 0 5.53125e-11 -10576.5 -7236.43 -10576.5 0
22 0 2.51319e-10 -10854.8 -8070.06 -10854.8 0
22.02 0 -2.65831e-11 -11052.4 -8505.75 -11052.4 0
22.04 0 -8.04736e-11 -11194 -8611.89 -11194 0
22.06 0 6.69443e-11 -11273.1 -8534.5 -11273.1 0
22.08 0 -4.51898e-10 -11268.2 -8380.57 -11268.2 0
22.1 0 -9.1947e-11 -11170.4 -8147.22 -11170.4 0
22.12 0 6.90442e-10 -10996.6 -7748.73 -10996.6 0
22.14 0 6.26158e-10 -10785.6 -7108.01 -10785.6 0
22.16 0 4.15987e-10 -10584 -6235.94 -10584 0
22.18 0 -3.0474e-10 -10425.3 -5239.53 -10425.3 0
22.2 0 -7.17798e-10 -10308 -4252.1 -10308 0
22.22 0 8.42915e-10 -10196.9 -3342.73 -10196.9 0
22.24 0 -4.31658e-10 -10056.5 -2485.97 -10056.5 0
22.26 0 6.05141e-10 -9889.67 -1612.56 -9889.67 0
22.28 0 -4.48089e-11 -9739.63 -695.716 -9739.63 0
22.3 0 -2.12849e-10 -9650.3 203.743 -9650.3 0
22.32 0 6.88575e-11 -9626.97 976.372 -9626.97 0
22.34 0 7.46056e-11 -9639.97 1548.74 -9639.97 0
22.36 0 4.85081e-10 -9664.01 1934.04 -9664.01 0
22.38 0 -1.77621e-10 -9703.91 2198.22 -9703.91 0
22.4 0 6.60099e-10 -9779.16 2375.74 -9779.16 0
22.42 0 -5.48344e-10 -9894.2 2421.65 -9894.2 0
22.44 0 4.25823e-10 -10033.4 2250.42 -10033.4 0
22.46 0 -4.9153e-10 -10179.7 1822.15 -10179.7 0
22.48 0 2.51779e-10 -10328.3 1192.72 -10328.3 0
22.5 0 5.642e-10 -10478.9 485.866 -10478.9 0
22.52 0 -3.33029e-10 -10616.5 -182.425 -10616.5 0
22.54 0 6.76678e-10 -10702.6 -763.192 -10702.6 0
22.56 0 1.74377e-10 -10690 -1281.24 -10690 0
22.58 0 9.00466e-10 -10552.1 -1790 -10552.1 0
22.6 0 1.66362e-10 -10295 -2321.58 -10295 0
22.62 0 -2.11954e-10 -9944.27 -2874.74 -9944.27 0
22.64 0 -4.07162e-10 -9515.87 -3433.81 -9515.87 0
22.66 0 1.04361e-10 -8996.39 -3983.21 -8996.39 0
22.68 0 1.47243e-10 -8351.77 -4495.74 -8351.77 0
22.7 0 5.16352e-11 -7570.1 -4922.93 -7570.1 0
22.72 0 1.8912e-10 -6704.15 -5218.6 -6704.15 0
22.74 0 7.29087e-11 -5858.97 -5381.25 -5858.97 0
22.76 0 2.6178e-10 -5123.69 -5468.88 -5123.69 0
22.78 0 -8.58237e-11 -4520.14 -5559.98 -4520.14 0
22.8 0 4.91351e-11 -4024.14 -5684.43 -4024.14 0
22.82 0 1.96024e-11 -3627.55 -5785.15 -3627.55 0
22.84 0 -6.57455e-10 -3370.81 -5754.52 -3370.81 0
22.86 0 6.43427e-10 -3320.31 -5517.91 -3320.31 0
22.88 0 4.72939e-10 -3524.55 -5086.24 -3524.55 0
22.9 0 -3.41337e-10 -3992.86 -4528.25 -3992.86 0
22.92 0 -3.82537e-10 -4704.37 -3898.59 -4704.37 0
22.94 0 -3.09721e-10 -5624.01 -3203.6 -5624.01 0
22.96 0 -2.04871e-10 -6709.78 -2426.72 -6709.78 0
22.98 0 1.72733e-11 -7917.93 -1582.72 -7917.93 0
23 0 8.341e-11 -9214.03 -747.899 -9214.03 0
23.02 0 -1.06772e-10 -10580.4 -33.6017 -10580.4 0
23.04 0 -6.28786e-11 -12003.1 473.453 -12003.1 0
23.06 0 4.49219e-10 -13444.8 759.15 -13444.8 0
23.08 0 -4.40454e-10 -14839.4 881.769 -14839.4 0
23.1 0 -4.10838e-10 -16123.2 923.691 -16123.2 0
23.12 0 4.39386e-10 -17268.7 929.27 -17268.7 0
23.14 0 -4.63286e-10 -18277 875.602 -18277 0
23.16 0 1.63582e-10 -19141.5 698.787 -19141.5 0
23.18 0 -2.69454e-10 -19822.4 354.553 -19822.4 0
23.2 0 5.10703e-10 -20253.3 -133.833 -20253.3 0
23.22 0 -1.18884e-10 -20363.8 -683.283 -20363.8 0
23.24 0 6.38272e-10 -20101.7 -1209.83 -20101.7 0
23.26 0 2.62779e-10 -19450.8 -1687.68 -19450.8 0
23.28 0 4.41449e-10 -18437.3 -2163.65 -18437.3 0
23.3 0 -9.56035e-11 -17118.2 -2712.4 -17118.2 0
23.32 0 -2.43226e-11 -15556.5 -3370.3 -15556.5 0
23.34 0 4.35047e-11 -13797 -4101.96 -13797 0
23.36 0 1.78221e-10 -11860.7 -4819.62 -11860.7 0
23.38 0 9.84872e-11 -9765.93 -5439.28 -9765.93 0
23.4 0 2.75999e-10 -7560.95 -5930.02 -7560.95 0
23.42 0 -1.95403e-10 -5332.61 -6318.28 -5332.61 0
23.44 0 2.31343e-10 -3182.47 -6644.5 -3182.47 0
23.46 0 8.46587e-10 -1198.21 -6909.03 -1198.21 0
23.48 0 -6.65324e-10 556.104 -7051.68 556.104 0
23.5 0 -1.13424e-09 2036.81 -6980.01 2036.81 0
23.52 0 -2.82892e-10 3213.93 -6625.2 3213.93 0
23.54 0 1.38196e-10 4060.05 -5987.16 4060.05 0
23.56 0 1.05971e-09 4542.16 -5134.88 4542.16 0
23.58 0 -5.2127e-10 4628.88 -4169.46 4628.88 0
23.6 0 2.17094e-10 4308.33 -3177.8 4308.33 0
23.62 0 1.15928e-10 3596.76 -2208.08 3596.76 0
23.64 0 -1.12942e-10 2529.54 -1277.12 2529.54 0
23.66 0 -4.65142e-11 1143.22 -389.913 1143.22 0
23.68 0 -4.19228e-11 -537.892 440.583 -537.892 0
23.7 0 -8.83615e-11 -2498.35 1182.79 -2498.35 0
23.72 0 -4.30578e-10 -4710.12 1792.37 -4710.12 0
23.74 0 1.76929e-10 -7110.85 2231.68 -7110.85 0
23.76 0 -9.47914e-11 -9600.98 2484.39 -9600.98 0
23.78 0 3.41281e-10 -12059.5 2554.05 -12059.5 0
23.8 0 -1.51556e-11 -14366.7 2452.48 -14366.7 0
23.82 0 -6.28708e-10 -16428.6 2186.39 -16428.6 0
23.84 0 -2.24937e-10 -18194.9 1748.43 -18194.9 0
23.86 0 -9.32198e-10 -19653.6 1123.68 -19653.6 0
23.88 0 -5.56502e-10 -20802.3 311.328 -20802.3 0
23.9 0 1.77756e-10 -21623.2 -656.045 -21623.2 0
23.92 0 4.90156e-10 -22078.5 -1712.85 -22078.5 0
23.94 0 -2.29972e-10 -22120.9 -2783.88 -22120.9 0
23.96 0 9.01434e-11 -21712.6 -3814.38 -21712.6 0
23.98 0 -9.16972e-11 -20852.9 -4788.54 -20852.9 0
24 0 -2.48453e-11 -19590.8 -5724.2 -19590.8 0
24.02 0 2.20722e-10 -18002 -6638.91 -18002 0
24.04 0 2.5679e-10 -16149.9 -7505.11 -16149.9 0
24.06 0 4.32659e-10 -14073.6 -8229.26 -14073.6 0
24.08 0 -5.21398e-10 -11810.8 -8680.83 -11810.8 0
24.1 0 -2.20197e-10 -9431.28 -8760.96 -9431.28 0
24.12 0 -2.16006e-12 -7049.42 -8467.3 -7049.42 0
24.14 0 -1.43186e-10 -4800.92 -7904.68 -4800.92 0
24.16 0 4.88215e-10 -2794.67 -7220.99 -2794.67 0
24.18 0 -5.94307e-10 -1082.22 -6507.84 -1082.22 0
24.2 0 -2.44452e-11 325.635 -5746.88 325.635 0
24.22 0 3.5608e-10 1419.35 -4852.57 1419.35 0
24.24 0 1.55473e-10 2172.04 -3773.65 2172.04 0
24.26 0 -4.01192e-10 2547.88 -2566.67 2547.88 0
24.28 0 6.37954e-11 2514.2 -1376.69 2514.2 0
24.3 0 -3.83866e-11 2048.89 -340.3 2048.89 0
24.32 0 2.68471e-11 1149.13 502.57 1149.13 0
24.34 0 -2.21355e-11 -158.22 1212.22 -158.22 0
24.36 0 -2.07923e-11 -1811.87 1868.15 -1811.87 0
24.38 0 -2.53346e-11 -3725.99 2478.01 -3725.99 0
24.4 0 5.2902e-11 -5812.19 2953.74 -5812.19 0
24.42 0 2.81916e-10 -7994.48 3171.93 -7994.48 0
24.44 0 4.59295e-10 -10202.5 3065.56 -10202.5 0
24.46 0 5.96139e-11 -12357.3 2669.44 -12357.3 0
24.48 0 1.05811e-10 -14375.8 2081.63 -14375.8 0
24.5 0 3.30538e-10 -16188.9 1378.56 -16188.9 0
24.52 0 -2.29483e-10 -17748.9 564.046 -17748.9 0
24.54 0 4.35055e-10 -19010.7 -401.985 -19010.7 0
24.56 0 -2.51831e-10 -19912.1 -1527.51 -19912.1 0
24.58 0 1.75433e-11 -20383.1 -2741.8 -20383.1 0
24.6 0 -7.20067e-11 -20377.4 -3918.69 -20377.4 0
24.62 0 -1.5867e-10 -19895.7 -4950.51 -19895.7 0
24.64 0 5.98399e-11 -18977.3 -5809.78 -18977.3 0
24.66 0 -3.53375e-11 -17670.9 -6538.77 -17670.9 0
24.68 0 9.04089e-12 -16012.8 -7173.67 -16012.8 0
24.7 0 -2.37078e-11 -14037.3 -7676.91 -14037.3 0
24.72 0 1.72758e-10 -11805.9 -7948.75 -11805.9 0
24.74 0 1.09768e-10 -9413.44 -7908.27 -9413.44 0
24.76 0 3.35216e-10 -6963.2 -7565.94 -6963.2 0
24.78 0 6.24187e-11 -4541.39 -7020.95 -4541.39 0
24.8 0 1.19217e-10 -2219.06 -6386.56 -2219.06 0
24.82 0 -6.1597e-10 -69.1327 -5710.58 -69.1327 0
24.84 0 1.64156e-11 1829.52 -4962.36 1829.52 0
24.86 0 -5.60494e-10 3404.04 -4094.09 3404.04 0
24.88 0 1.78096e-10 4594.31 -3112.44 4594.31 0
24.9 0 1.29909e-10 5348.14 -2093.38 5348.14 0
24.92 0 -1.35777e-11 5624.82 -1134.83 5624.82 0
24.94 0 1.2034e-10 5412.45 -297.316 5412.45 0
24.96 0 4.59752e-10 4735.35 416.082 4735.35 0
24.98 0 -1.00369e-10 3636.31 1030.58 3636.31 0
25 0 7.63299e-11 2150.37 1551.35 2150.37 0
25.02 0 -4.40137e-11 294.919 1938.44 294.919 0
25.04 0 -4.03589e-12 -1915.66 2126.2 -1915.66 0
25.06 0 -4.56058e-11 -4443.17 2069.72 -4443.17 0
25.08 0 5.26939e-11 -7210.95 1778.5 -7210.95 0
25.1 0 4.46308e-11 -10118.6 1309.73 -10118.6 0
25.12 0 4.41932e-11 -13072.1 728.372 -13072.1 0
25.14 0 2.36752e-10 -15997.1 68.3078 -15997.1 0
25.16 0 -2.26954e-10 -18822.9 -674.065 -18822.9 0
25.18 0 1.36776e-10 -21462.6 -1508.48 -21462.6 0
25.2 0 -5.11837e-10 -23813.2 -2408.96 -23813.2 0
25.22 0 -1.69044e-10 -25773.3 -3301.47 -25773.3 0
25.24 0 1.49103e-10 -27265.1 -4095.88 -27265.1 0
25.26 0 3.30105e-10 -28243.4 -4735.81 -28243.4 0
25.28 0 -2.36003e-10 -28686.8 -5225.18 -28686.8 0
25.3 0 9.88356e-11 -28576.5 -5611.3 -28576.5 0
25.32 0 6.15413e-12 -27886.8 -5938.71 -27886.8 0
25.34 0 -1.02009e-11 -26599 -6211.19 -26599 0
25.36 0 3.5907e-11 -24729.3 -6394.12 -24729.3 0
25.38 0 1.68976e-11 -22334.3 -6452.91 -22334.3 0
25.4 0 -1.01854e-10 -19490.6 -6387.21 -19490.6 0
25.42 0 6.19335e-11 -16277.4 -6226.91 -16277.4 0
25.44 0 -5.4352e-12 -12782.1 -5996.33 -12782.1 0
25.46 0 -1.0776e-10 -9117.18 -5684.47 -9117.18 0
25.48 0 3.45588e-11 -5422.62 -5250.5 -5422.62 0
25.5 0 -1.44208e-10 -1845.58 -4659.28 -1845.58 0
25.52 0 2.50689e-10 1486.25 -3914.63 1486.25 0
25.54 0 -8.27212e-11 4472.98 -3063.91 4472.98 0
25.56 0 1.11847e-11 7030.11 -2173.89 7030.11 0
25.58 0 3.8878e-11 9076.73 -1301.07 9076.73 0
25.6 0 1.96392e-10 10539.8 -479.896 10539.8 0
25.62 0 9.66271e-11 11367.3 268.181 11367.3 0
25.64 0 2.55852e-11 11536.4 920.806 11536.4 0
25.66 0 -2.76221e-11 11051.1 1451.67 11051.1 0
25.68 0 6.55872e-11 9931.23 1838.43 9931.23 0
25.7 0 1.81773e-11 8204.35 2070.46 8204.35 0
25.72 0 2.54645e-11 5910.29 2148.32 5910.29 0
25.74 0 -8.24859e-11 3111.66 2078.55 3111.66 0
25.76 0 -4.08563e-11 -105.851 1871.51 -105.851 0
25.78 0 1.04469e-10 -3643.59 1541.12 -3643.59 0
25.8 0 1.07584e-10 -7395.38 1101.18 -7395.38 0
25.82 0 1.09203e-10 -11241.9 559.953 -11241.9 0
25.84 0 1.20134e-10 -15048.8 -80.3359 -15048.8 0
25.86 0 1.10053e-10 -18677.1 -815.134 -18677.1 0
25.88 0 -1.63843e-10 -21997.4 -1624.64 -21997.4 0
25.9 0 -4.06196e-10 -24897.2 -2468.28 -24897.2 0
25.92 0 4.80603e-11 -27287.6 -3295.83 -27287.6 0
25.94 0 -1.25845e-10 -29107.6 -4067.09 -29107.6 0
25.96 0 -2.55857e-11 -30322.3 -4763.54 -30322.3 0
25.98 0 -3.99054e-11 -30916.7 -5385.69 -30916.7 0
26 0 3.30555e-11 -30889.8 -5940.78 -30889.8 0
26.02 0 5.75869e-11 -30247.3 -6427.8 -30247.3 0
26.04 0 -9.34069e-11 -28990.3 -6829.01 -28990.3 0
26.06 0 -2.0678e-11 -27123.7 -7114.33 -27123.7 0
26.08 0 3.96234e-11 -24686.6 -7257.2 -24686.6 0
26.1 0 1.64822e-10 -21768.2 -7251.31 -21768.2 0
26.12 0 -9.89195e-11 -18491.8 -7112.53 -18491.8 0
26.14 0 -2.55207e-10 -14976.7 -6858.1 -14976.7 0
26.16 0 9.03425e-11 -11322.5 -6479.11 -11322.5 0
26.18 0 1.37564e-10 -7628.18 -5934.43 -7628.18 0
26.2 0 -4.43084e-11 -4025.15 -5180.02 -4025.15 0
26.22 0 -7.91418e-11 -681.108 -4218.47 -681.108 0
26.24 0 1.98682e-11 2240.78 -3128.45 2240.78 0
26.26 0 -5.29746e-11 4639.05 -2035.82 4639.05 0
26.28 0 -1.63101e-10 6489.62 -1038.41 6489.62 0
26.3 0 1.71153e-10 7801.61 -153.102 7801.61 0
26.32 0 2.17053e-10 8562.64 659.338 8562.64 0
26.34 0 -1.67855e-10 8730.3 1414.77 8730.3 0
26.36 0 4.88759e-12 8269.54 2050.43 8269.54 0
26.38 0 1.34001e-11 7188.85 2450.72 7188.85 0
26.4 0 3.15859e-11 5541.25 2534.71 5541.25 0
26.42 0 -7.24776e-11 3401.35 2325.32 3401.35 0
26.44 0 6.17541e-12 845.151 1933.61 845.151 0
26.46 0 4.1588e-11 -2052.32 1470.83 -2052.32 0
26.48 0 -3.18407e-11 -5207.69 968.803 -5207.69 0
26.5 0 7.73999e-11 -8521.27 378.118 -8521.27 0
26.52 0 -2.32326e-11 -11875.2 -361.395 -11875.2 0
26.54 0 -2.52971e-11 -15139.4 -1246.78 -15139.4 0
26.56 0 2.67661e-10 -18185.4 -2198.4 -18185.4 0
26.58 0 1.54356e-10 -20903.1 -3112.92 -20903.1 0
26.6 0 1.16387e-10 -23211.8 -3933.49 -23211.8 0
26.62 0 -1.69655e-11 -25057.5 -4675.09 -25057.5 0
26.64 0 -2.15724e-10 -26400.4 -5383.17 -26400.4 0
26.66 0 3.79565e-11 -27207.5 -6065.32 -27207.5 0
26.68 0 -6.00101e-11 -27455.5 -6661.96 -27455.5 0
26.7 0 -1.46626e-10 -27134.1 -7083.35 -27134.1 0
26.72 0 2.31457e-11 -26244.7 -7276.72 -26244.7 0
26.74 0 6.71599e-12 -24800.4 -7261.17 -24800.4 0
26.76 0 -5.30886e-11 -22836.6 -7101.59 -22836.6 0
26.78 0 4.2406e-11 -20413.9 -6849.83 -20413.9 0
26.8 0 -1.23773e-11 -17607.1 -6505.62 -17607.1 0
26.82 0 2.46605e-11 -14492.1 -6025.57 -14492.1 0
26.84 0 -1.95845e-11 -11151.2 -5367.43 -11151.2 0
26.86 0 -7.10303e-11 -7689.11 -4532.53 -7689.11 0
26.88 0 -2.34915e-11 -4237.41 -3575.07 -4237.41 0
26.9 0 -7.6807e-11 -939.493 -2575.73 -939.493 0
26.92 0 -5.52247e-12 2071.68 -1605.53 2071.68 0
26.94 0 2.25239e-10 4686 -708.472 4686 0
26.96 0 4.91842e-11 6817.43 91.6127 6817.43 0
26.98 0 -1.17376e-10 8402.11 774.789 8402.11 0
27 0 3.69442e-11 9398.52 1316.74 9398.52 0
27.02 0 -1.02662e-10 9788.12 1695.62 9788.12 0
27.04 0 -3.23729e-11 9573.32 1906.15 9573.32 0
27.06 0 4.47508e-11 8774.8 1964.35 8774.8 0
27.08 0 -7.4696e-11 7431.12 1895.16 7431.12 0
27.1 0 -9.04033e-12 5600.17 1714.71 5600.17 0
27.12 0 1.33846e-11 3353.07 1423.85 3353.07 0
27.14 0 2.00381e-11 760.733 1014.9 760.733 0
27.16 0 9.54782e-12 -2111.11 480.77 -2111.11 0
27.18 0 4.73022e-11 -5190.73 -179.219 -5190.73 0
27.2 0 1.41997e-10 -8384.44 -953.254 -8384.44 0
27.22 0 4.45645e-11 -11576.5 -1811.12 -11576.5 0
27.24 0 8.88889e-11 -14647.2 -2705.55 -14647.2 0
27.26 0 -8.70756e-11 -17491.4 -3583.86 -17491.4 0
27.28 0 2.68474e-11 -20024 -4402.74 -20024 0
27.3 0 1.89776e-10 -22175.3 -5135.43 -22175.3 0
27.32 0 -2.19577e-10 -23886.8 -5765.81 -23886.8 0
27.34 0 1.0995e-10 -25112.7 -6274.56 -25112.7 0
27.36 0 1.46851e-10 -25823.5 -6630.06 -25823.5 0
27.38 0 -3.9248e-11 -26005.3 -6796.23 -26005.3 0
27.4 0 8.76205e-12 -25658.2 -6754.5 -25658.2 0
27.42 0 1.15342e-10 -24795.9 -6520.47 -24795.9 0
27.44 0 3.82012e-12 -23446 -6137.85 -23446 0
27.46 0 1.69106e-11 -21648.8 -5654.78 -21648.8 0
27.48 0 -3.94317e-11 -19453.9 -5104.47 -19453.9 0
27.5 0 -1.43282e-11 -16920.8 -4503.95 -16920.8 0
27.52 0 -3.15317e-11 -14126 -3866.59 -14126 0
27.54 0 3.02899e-11 -11166.4 -3213.68 -11166.4 0
27.56 0 -2.13973e-11 -8155.38 -2573.24 -8155.38 0
27.58 0 -2.80123e-11 -5211.17 -1966.99 -5211.17 0
27.6 0 1.59989e-10 -2443.83 -1399.83 -2443.83 0
27.62 0 1.4679e-11 52.3765 -864.936 52.3765 0
27.64 0 -1.18654e-10 2199.31 -360.414 2199.31 0
27.66 0 -3.69481e-11 3932.2 98.004 3932.2 0
27.68 0 1.10869e-11 5199.59 479.043 5199.59 0
27.7 0 3.50467e-12 5967.54 749.561 5967.54 0
27.72 0 -1.7645e-10 6223.15 888.441 6223.15 0
27.74 0 9.85399e