0.02 0.150037 0.118439 -10.6423 0.0266477 -10.6423 0.118439
0.04 1.33563 2.4427 -72.4875 -0.00217581 -72.4875 2.4427
0.06 5.31797 15.3471 -228.634 -0.723715 -228.634 15.3471
0.08 12.9403 61.3719 -459.618 -3.15267 -459.618 61.3719
0.1 20.09 192.022 -691.835 -7.30093 -691.835 192.022
0.12 12.8991 483.649 -876.631 -11.4581 -876.631 483.649
0.14 -33.411 987.29 -1024.3 -13.2153 -1024.3 987.29
0.16 -148.006 1680.98 -1169.18 -9.68402 -1169.18 1680.98
0.18 -351.988 2479.84 -1336.57 4.215 -1336.57 2479.84
0.2 -648.679 3296.87 -1543.59 35.4154 -1543.59 3296.87
0.22 -1024.96 4115.6 -1803.92 87.9784 -1803.92 4115.6
0.24 -1460.03 4997.59 -2121.2 158.627 -2121.2 4997.59
0.26 -1929.58 5990.94 -2486.42 237.802 -2486.42 5990.94
0.28 -2402.34 7058.96 -2875.85 315.563 -2875.85 7058.96
0.3 -2841.46 8137.71 -3238.41 387.629 -3238.41 8137.71
0.32 -3220.16 9217.66 -3494.16 456.066 -3494.16 9217.66
0.34 -3539.38 10313.7 -3571.32 523.303 -3571.32 10313.7
0.36 -3826.47 11404.8 -3462.86 587.822 -3462.86 11404.8
0.38 -4115.97 12461.7 -3246.35 650.05 -3246.35 12461.7
0.4 -4433.65 13474.4 -3044.17 719.301 -3044.17 13474.4
0.42 -4790.76 14377.4 -2957.71 805.388 -2957.71 14377.4
0.44 -5175.69 15002.4 -3001.76 902.433 -3001.76 15002.4
0.46 -5544.44 15215.1 -3054 990.093 -3054 15215.1
0.48 -5833.41 15108 -2900.33 1052.05 -2900.33 15108
0.5 -5999.26 14987.7 -2425.14 1082.33 -2425.14 14987.7
0.52 -6049.25 15125.6 -1772.03 1071.35 -1772.03 15125.6
0.54 -6025.57 15485.9 -1254.49 1001.65 -1254.49 15485.9
0.56 -5952.23 15644.7 -1095.77 868.347 -1095.77 15644.7
0.58 -5795.41 15039.8 -1269.26 693.711 -1269.26 15039.8
0.6 -5479.88 13453.2 -1560.76 509.181 -1560.76 13453.2
0.62 -4946.78 11234.9 -1770.4 324.616 -1770.4 11234.9
0.64 -4190.17 8943.14 -1902.78 121.97 -1902.78 8943.14
0.66 -3233.35 6821.64 -2196.36 -118.1 -2196.36 6821.64
0.68 -2083.88 4730.17 -2930.15 -382.438 -2930.15 4730.17
0.7 -735.277 2435.69 -4148.04 -621.784 -4148.04 2435.69
0.72 785.757 -199.066 -5569.38 -788.28 -5569.38 -199.066
0.74 2396.99 -3179.73 -6805.23 -872.45 -6805.23 -3179.73
0.76 3995.95 -6317.9 -7696.34 -889.538 -7696.34 -6317.9
0.78 5502.91 -9264.9 -8467.14 -835.227 -8467.14 -9264.9
0.8 6868.51 -11808.9 -9543.84 -680.96 -9543.84 -11808.9
0.82 8067.71 -14081.6 -11141.2 -416.383 -11141.2 -14081.6
0.84 9101.34 -16267 -12954.2 -66.4859 -12954.2 -16267
0.86 9978.78 -18160.1 -14320.8 344.486 -14320.8 -18160.1
0.88 10670.4 -19241.2 -14800.7 815.571 -14800.7 -19241.2
0.9 11086 -19217 -14599.8 1339.04 -14599.8 -19217
0.92 11129.1 -18350.3 -14386.1 1879.16 -14386.1 -18350.3
0.94 10781.5 -17235.5 -14692.9 2404.86 -14692.9 -17235.5
0.96 10125.3 -16317.1 -15458.5 2915.49 -15458.5 -16317.1
0.98 9283.52 -15615.5 -16022.9 3404.46 -16022.9 -15615.5
1 8353.62 -14949.9 -15107.1 3816.24 -15107.1 -14949.9
1.02 7393.35 -14359 -11136 4084.44 -11136 -14359
1.04 6446.43 -13839.4 -4772.29 4217.21 -4772.29 -13839.4
1.06 5541.56 -12934.5 -23.2791 4276.72 -23.2791 -12934.5
1.08 4650.16 -11356.5 380.74 4251.51 380.74 -11356.5
1.1 3715.15 -9511.07 -1627.58 4034.24 -1627.58 -9511.07
1.12 2769.26 -8004.84 -2302.54 3541.74 -2302.54 -8004.84
1.14 1944.58 -7189.81 544.165 2776.49 544.165 -7189.81
1.16 1307.96 -6968.87 6324.1 1780.06 6324.1 -6968.87
1.18 754.368 -6778.04 11892.7 593.777 11892.7 -6778.04
1.2 115.845 -6171.47 14454.1 -742.971 14454.1 -6171.47
1.22 -652.158 -5154.75 14246.3 -2179.18 14246.3 -5154.75
1.24 -1429.11 -3725.38 13236.1 -3620.47 13236.1 -3725.38
1.26 -2070.35 -1801.04 12332.6 -4921.36 12332.6 -1801.04
1.28 -2540.55 206.907 10969.3 -5956.62 10969.3 206.907
1.3 -2856.38 1457.45 8452.48 -6703.37 8452.48 1457.45
1.32 -2933.37 1577.79 4669.18 -7218.59 4669.18 1577.79
1.34 -2591.35 1044.19 245.473 -7550.13 245.473 1044.19
1.36 -1730.3 289.562 -2689.02 -7702.52 -2689.02 289.562
1.38 -423.757 -1238.08 -1154.34 -7624.67 -1154.34 -1238.08
1.4 1183.7 -4103.08 3833.29 -7152.45 3833.29 -4103.08
1.42 2971.19 -7409.92 5422.86 -6068.74 5422.86 -7409.92
1.44 4781.14 -9855.48 -936.505 -4350.02 -936.505 -9855.48
1.46 6416.12 -11485.8 -11102.9 -2256.61 -11102.9 -11485.8
1.48 7828.26 -13193.5 -17865.9 -85.1035 -17865.9 -13193.5
1.5 9192.09 -15536.7 -18823.4 2042.5 -18823.4 -15536.7
1.52 10653.3 -18780.5 -16269.5 4074.67 -16269.5 -18780.5
1.54 12099.4 -22865.3 -13142.9 5882.35 -13142.9 -22865.3
1.56 13271.2 -26589.9 -11395.7 7325.4 -11395.7 -26589.9
1.58 13980.3 -27961.1 -11523.2 8356.42 -11523.2 -27961.1
1.6 14127.8 -26247.2 -11857.2 9001.84 -11857.2 -26247.2
1.62 13645.1 -22984.4 -10299.4 9355.47 -10299.4 -22984.4
1.64 12542.7 -20397.1 -7522.31 9589.43 -7522.31 -20397.1
1.66 10960.6 -19364.9 -6439.01 9785.67 -6439.01 -19364.9
1.68 9092.23 -19026 -8079.77 9717.34 -8079.77 -19026
1.7 7080.77 -17570.9 -9851.56 8971.81 -9851.56 -17570.9
1.72 4996.53 -13453.6 -8383.54 7354.41 -8383.54 -13453.6
1.74 2857.96 -6909.09 -2822.53 5063.23 -2822.53 -6909.09
1.76 655.104 -291.18 4783.16 2479.82 4783.16 -291.18
1.78 -1615.21 4182.71 11087.7 -67.3915 11087.7 4182.71
1.8 -3948.92 6965.86 13479.7 -2367.19 13479.7 6965.86
1.82 -6394.58 10558.3 12020 -4356.67 12020 10558.3
1.84 -9038.86 16538.1 9698.83 -6123.09 9698.83 16538.1
1.86 -11836.9 23952.4 9774.96 -7740.23 9774.96 23952.4
1.88 -14499.3 30298 12812.3 -9100.97 12812.3 30298
1.9 -16651.9 33510.3 16876.1 -10027 16876.1 33510.3
1.92 -18110.9 33518.1 19979 -10506.8 19979 33518.1
1.94 -18955.1 32431.4 21543.3 -10680.2 21543.3 32431.4
1.96 -19361.7 32766.9 22108.2 -10600.6 22108.2 32766.9
1.98 -19414.4 34843.9 22481.2 -10140.6 22481.2 34843.9
2 -19024 36109.7 22957.6 -9145.01 22957.6 36109.7
2.02 -17974.7 33494.4 22925.4 -7596.41 22925.4 33494.4
2.04 -16069.2 26327.2 21420.8 -5649.73 21420.8 26327.2
2.06 -13278.6 16842.1 18288.9 -3592.88 18288.9 16842.1
2.08 -9761.58 8188.35 14461.7 -1747.05 14461.7 8188.35
2.1 -5732.38 1969.25 10848.7 -294.929 10848.7 1969.25
2.12 -1333.03 -2800.94 7350.93 826.641 7350.93 -2800.94
2.14 3345.79 -8480.58 3293.9 1827.23 3293.9 -8480.58
2.16 8135.43 -16299.5 -1543.45 2854.75 -1543.45 -16299.5
2.18 12713.6 -25081.1 -6718.02 3889.78 -6718.02 -25081.1
2.2 16682.5 -32459.3 -11632.9 4800.03 -11632.9 -32459.3
2.22 19747.6 -36962.6 -16078.8 5469.61 -16078.8 -36962.6
2.24 21852.4 -38945.7 -20482.1 5898.43 -20482.1 -38945.7
2.26 23158.6 -40091.1 -25366.5 6184.66 -25366.5 -40091.1
2.28 23900.7 -41920.8 -30392.3 6403.32 -30392.3 -41920.8
2.3 24244.1 -44260.4 -34395.9 6529.39 -34395.9 -44260.4
2.32 24226.9 -45281.2 -36387.4 6496.04 -36387.4 -45281.2
2.34 23779.8 -43392.7 -35983.2 6290.56 -35983.2 -43392.7
2.36 22807.3 -38944 -33305.7 5974.34 -33305.7 -38944
2.38 21291.7 -33919.1 -29260.8 5642.91 -29260.8 -33919.1
2.4 19315.9 -30154.6 -25268 5374.54 -25268 -30154.6
2.42 16972 -27906.6 -21888.5 5178.42 -21888.5 -27906.6
2.44 14284.4 -25935.8 -18280.1 4975.34 -18280.1 -25935.8
2.46 11255.9 -22713.7 -13412 4651.07 -13412 -22713.7
2.48 7952.68 -17526.3 -7265.14 4143.98 -7265.14 -17526.3
2.5 4507.4 -10952.3 -724.99 3468.69 -724.99 -10952.3
2.52 1059.68 -4541.95 5294.12 2648.65 5294.12 -4541.95
2.54 -2284.94 474.75 10684 1651.81 10684 474.75
2.56 -5460.96 4295.64 16210.5 416.013 16210.5 4295.64
2.58 -8438 8055.99 22318.9 -1080.83 22318.9 8055.99
2.6 -11188.8 12354.8 28008.8 -2796.2 28008.8 12354.8
2.62 -13616.2 16550 31704.5 -4637.73 31704.5 16550
2.64 -15500.9 19283.9 33003.9 -6470.63 33003.9 19283.9
2.66 -16550.1 19582.4 32712.8 -8145.13 32712.8 19582.4
2.68 -16549.8 17923.6 31480.1 -9566.51 31480.1 17923.6
2.7 -15514.3 16133.5 29283.4 -10730.1 29283.4 16133.5
2.72 -13692.3 15625.4 25933.1 -11659.6 25933.1 15625.4
2.74 -11384 15775.1 21305.5 -12319.2 21305.5 15775.1
2.76 -8731.09 14525.2 15460.1 -12596.9 15460.1 14525.2
2.78 -5729.06 10685.2 8869.07 -12355.2 8869.07 10685.2
2.8 -2436.06 5075.49 1839.13 -11503.5 1839.13 5075.49
2.82 936.753 -641.178 -6343.78 -10062.5 -6343.78 -641.178
2.84 4206.86 -5437.51 -16678.3 -8150.11 -16678.3 -5437.51
2.86 7415.71 -9072.01 -28679.5 -5856.56 -28679.5 -9072.01
2.88 10726.5 -11558 -40139.3 -3160.63 -40139.3 -11558
2.9 14107.2 -12911.5 -48675.2 -39.2744 -48675.2 -12911.5
2.92 17169.1 -13111.7 -53242.7 3388.4 -53242.7 -13111.7
2.94 19347.8 -12156.6 -54891.2 6938.57 -54891.2 -12156.6
2.96 20236.9 -10399.5 -56411.2 10545.5 -56411.2 -10399.5
2.98 19783.6 -8709.17 -60096.9 14228.7 -60096.9 -8709.17
3 18244.8 -7794.13 -65113 17883.7 -65113 -7794.13
3.02 15995.1 -7164.42 -67790.2 21227.5 -67790.2 -7164.42
3.04 13321.9 -5164.07 -65053.4 23953.5 -65053.4 -5164.07
3.06 10328.4 -512.901 -57172 25835.7 -57172 -512.901
3.08 6997.54 6277.86 -47126.8 26704.7 -47126.8 6277.86
3.1 3333.44 13450.7 -37871.9 26457.8 -37871.9 13450.7
3.12 -606.034 19968.5 -30098.4 25118.2 -30098.4 19968.5
3.14 -4827.01 26292.6 -21914.9 22784.1 -21914.9 26292.6
3.16 -9450.79 32957.4 -10758.9 19508.5 -10758.9 32957.4
3.18 -14537 39328.4 3719.76 15332.4 3719.76 39328.4
3.2 -19876.2 44443.9 18809.5 10438.4 18809.5 44443.9
3.22 -25056.7 48295.9 31335.1 5129.85 31335.1 48295.9
3.24 -29724.7 51488.8 40631.5 -403.855 40631.5 51488.8
3.26 -33677 54253.1 48387.7 -6182.31 48387.7 54253.1
3.28 -36729.8 56468.5 56376.8 -12193.3 56376.8 56468.5
3.3 -38659.5 57917.5 64960.6 -18140.5 64960.6 57917.5
3.32 -39336.9 58002.7 72960.9 -23555.2 72960.9 58002.7
3.34 -38831.1 55987.3 78229.5 -28119.3 78229.5 55987.3
3.36 -37301.2 51720.6 78899.5 -31759.2 78899.5 51720.6
3.38 -34800.9 45450.1 74886.1 -34442.6 74886.1 45450.1
3.4 -31207.2 37121.6 68045.3 -36014.2 68045.3 37121.6
3.42 -26318.6 26641.1 60451.6 -36267.7 60451.6 26641.1
3.44 -20040.5 14594 52620.7 -35106.2 52620.7 14594
3.46 -12525.9 2071.45 43546 -32593.8 43546 2071.45
3.48 -4156.75 -10063.5 32076.8 -28872.8 32076.8 -10063.5
3.5 4619.14 -21540.5 17902.7 -24052.4 17902.7 -21540.5
3.52 13433.7 -32719.4 1682.02 -18187.3 1682.02 -32719.4
3.54 22017.4 -44386.6 -15087.8 -11370.1 -15087.8 -44386.6
3.56 30146.5 -56933.4 -30469.8 -3827.77 -30469.8 -56933.4
3.58 37587.6 -69360.9 -43071.2 4095.08 -43071.2 -69360.9
3.6 44056.9 -79580.8 -53077.4 12027.5 -53077.4 -79580.8
3.62 49247.3 -86257.1 -62125.5 19620.3 -62125.5 -86257.1
3.64 52975 -90137 -71652 26551.1 -71652 -90137
3.66 55325.1 -93081.9 -81207.2 32560.7 -81207.2 -93081.9
3.68 56573.3 -95795 -88680.2 37482 -88680.2 -95795
3.7 56888.3 -96905.2 -92152.7 41159 -92152.7 -96905.2
3.72 56119.2 -94331.6 -91049.5 43344.7 -91049.5 -94331.6
3.74 53904.8 -87143.1 -85822.2 43786.6 -85822.2 -87143.1
3.76 49968.7 -76169.8 -77584.1 42451.3 -77584.1 -76169.8
3.78 44280.4 -63367 -67911.2 39569.6 -67911.2 -63367
3.8 36985.7 -50619.7 -57811.8 35413.2 -57811.8 -50619.7
3.82 28291.3 -38466.7 -46792.2 30115.6 -46792.2 -38466.7
3.84 18445.7 -25574.8 -33849.6 23759.1 -33849.6 -25574.8
3.86 7769.96 -10000.6 -19187.8 16517.3 -19187.8 -10000.6
3.88 -3333.04 8473.64 -3965.34 8623.22 -3965.34 8473.64
3.9 -14369.2 27463.7 11245.3 295.064 11245.3 27463.7
3.92 -24747.3 43736.1 26657.5 -8198.97 26657.5 43736.1
3.94 -33867.4 55614.7 42144.8 -16482.8 42144.8 55614.7
3.96 -41288 63601.7 56716.9 -24186.6 56716.9 63601.7
3.98 -46804.6 69237.4 68913.7 -31066 68913.7 69237.4
4 -50334 73503 77157.2 -36927.1 77157.2 73503
4.02 -51742.3 75838.4 80201.3 -41502 80201.3 75838.4
4.04 -50835.8 74719.8 78015.2 -44501.5 78015.2 74719.8
4.06 -47540.1 69431.5 71963.8 -45761.2 71963.8 69431.5
4.08 -42074.7 60933.6 63611 -45288.4 63611 60933.6
4.1 -34930.6 50831.3 53574.6 -43202.5 53574.6 50831.3
4.12 -26676.7 40222.1 41712.8 -39642 41712.8 40222.1
4.14 -17812.6 29769.6 27795.2 -34664.3 27795.2 29769.6
4.16 -8789.55 19866.3 11612.7 -28238 11612.7 19866.3
4.18 -63.5658 10175.1 -6898.76 -20401.9 -6898.76 10175.1
4.2 8009.71 -182.906 -27085.2 -11405.9 -27085.2 -182.906
4.22 15333.4 -11312.8 -47534.6 -1624.4 -47534.6 -11312.8
4.24 22033.7 -22052.4 -66977.8 8590.7 -66977.8 -22052.4
4.26 28247.8 -31263.4 -84648.5 18845.6 -84648.5 -31263.4
4.28 33980.6 -38752 -99447.5 28593.5 -99447.5 -38752
4.3 39124.4 -44673.6 -109800 37295.5 -109800 -44673.6
4.32 43504.4 -49197.6 -114941 44666.6 -114941 -49197.6
4.34 46861.1 -52857.4 -115541 50615.2 -115541 -52857.4
4.36 48839.8 -55817.2 -112784 55008.8 -112784 -55817.2
4.38 49026.3 -56623.7 -107505 57655.1 -107505 -56623.7
4.4 46980.9 -52798.6 -100196 58427 -100196 -52798.6
4.42 42278.1 -42761 -91047.1 57229.8 -91047.1 -42761
4.44 34631.5 -26881.2 -79731.7 53919.4 -79731.7 -26881.2
4.46 24052.8 -7116.82 -65253.5 48416.9 -65253.5 -7116.82
4.48 10885.7 14252.5 -46371.3 40868.6 -46371.3 14252.5
4.5 -4306.6 36056.4 -22852.4 31586.7 -22852.4 36056.4
4.52 -20887 58859.1 3735.54 20893.5 3735.54 58859.1
4.54 -38244 84184.6 31062.5 9140.47 31062.5 84184.6
4.56 -55802.6 112599 57749.9 -3166.68 57749.9 112599
4.58 -72947.2 142112 83769.8 -15394.8 83769.8 142112
4.6 -88956.2 168795 109469 -26948.3 109469 168795
4.62 -103066 189275 134337 -37362.3 134337 189275
4.64 -114610 202232 156592 -46314.9 156592 202232
4.66 -123052 207668 174338 -53671.2 174338 207668
4.68 -127858 205804 187416 -59467.3 187416 205804
4.7 -128411 196746 197499 -63728.6 197499 196746
4.72 -124159 180212 205967 -66324.1 205967 180212
4.74 -114880 155643 212113 -67072.7 212113 155643
4.76 -100820 123488 213594 -65920.9 213594 123488
4.78 -82657.9 86060.9 208291 -62941.7 208291 86060.9
4.8 -61369.9 46247.3 195842 -58255 195842 46247.3
4.82 -38074.8 5576.43 177776 -52044.2 177776 5576.43
4.84 -13848.9 -36015 156168 -44562 156168 -36015
4.86 10427.2 -79374.4 132078 -36042.9 132078 -79374.4
4.88 34176 -125595 105469 -26696.9 105469 -125595
4.9 57202.9 -175047 76552.1 -16840.2 76552.1 -175047
4.92 79658.3 -225805 46700.1 -6916.07 46700.1 -225805
4.94 101761 -273543 17743.6 2680.26 17743.6 -273543
4.96 123405 -313804 -9337.98 11709.2 -9337.98 -313804
4.98 143974 -344425 -34866.1 20005.8 -34866.1 -344425
5 162492 -365967 -59940.1 27419.9 -59940.1 -365967
5.02 177910 -380490 -85441 33863.4 -85441 -380490
5.04 189288 -389750 -110997 39285.3 -110997 -389750
5.06 195856 -393434 -134881 43551.7 -134881 -393434
5.08 197011 -388436 -155315 46442 -155315 -388436
5.1 192299 -370311 -171683 47790.6 -171683 -370311
5.12 181406 -335983 -183988 47579.8 -183988 -335983
5.14 164142 -285017 -191546 45935.5 -191546 -285017
5.16 140379 -218529 -193153 43137.8 -193153 -218529
5.18 109952 -137569 -188478 39611.6 -188478 -137569
5.2 72641 -43174.1 -178574 35782.1 -178574 -43174.1
5.22 28479.4 61820.3 -164939 31902.6 -164939 61820.3
5.24 -21650 171180 -148416 28063.9 -148416 171180
5.26 -75549.2 276312 -128484 24334.1 -128484 276312
5.28 -129852 369998 -102765 20784.5 -102765 369998
5.3 -180653 449398 -67802.9 17326.2 -67802.9 449398
5.32 -223703 514999 -21997.6 13507.7 -21997.6 514999
5.34 -253956 566559 31690 8594.82 31690 566559
5.36 -268902 602903 86755.3 2397.03 86755.3 602903
5.38 -276277 627360 137168 -3774.66 137168 627360
5.4 -282063 642073 180142 -8037.24 180142 642073
5.42 -279450 640598 215501 -10325.7 215501 640598
5.44 -269851 621224 243521 -13222.1 243521 621224
5.46 -256752 581586 263824 -19732.5 263824 581586
5.48 -238211 516449 275398 -29978.3 275398 516449
5.5 -213552 430068 276810 -41381.8 276810 430068
5.52 -181149 331935 266702 -52207.4 266702 331935
5.54 -141312 231679 244402 -62938.6 244402 231679
5.56 -94686.6 137283 210193 -74136.1 210193 137283
5.58 -42775.1 55027.6 165813 -84488.4 165813 55027.6
5.6 11820 -14365.8 115315 -91479 115315 -14365.8
5.62 64993.8 -76678.8 64015.9 -93318.8 64015.9 -76678.8
5.64 112452 -139236 15328.7 -89665.9 15328.7 -139236
5.66 151310 -205118 -30353.7 -80798.5 -30353.7 -205118
5.68 180722 -272088 -73318.3 -66856.7 -73318.3 -272088
5.7 201379 -334769 -112156 -48173.3 -112156 -334769
5.72 214886 -387016 -143366 -25949.8 -143366 -387016
5.74 223126 -424121 -162074 -2099.29 -162074 -424121
5.76 227666 -445038 -163586 21721.8 -163586 -445038
5.78 229295 -452664 -145923 44850.4 -145923 -452664
5.8 227806 -451135 -111543 67607.5 -111543 -451135
5.82 222329 -442915 -66252.5 89982.1 -66252.5 -442915
5.84 211344 -428729 -15790.1 109911 -15790.1 -428729
5.86 193757 -409799 36949.4 124228 36949.4 -409799
5.88 170247 -387856 91227.9 131146 91227.9 -387856
5.9 142342 -362419 145645 130511 145645 -362419
5.92 111748 -330132 197217 122296 197217 -330132
5.94 79759.1 -285253 242674 105932 242674 -285253
5.96 46704.2 -220601 278775 81045.7 278775 -220601
5.98 12111.4 -131517 301935 48332.2 301935 -131517
6 -24990.7 -21497.7 310163 9664.41 310163 -21497.7
6.02 -65183.6 95605.4 304811 -32355.6 304811 95605.4
6.04 -107471 200601 287639 -74937.2 287639 200601
6.06 -148584 279227 257419 -115476 257419 279227
6.08 -183698 331410 212864 -151670 212864 331410
6.1 -208299 371721 156217 -181478 156217 371721
6.12 -219904 418545 88928.1 -203116 88928.1 418545
6.14 -218526 479334 6348.83 -215094 6348.83 479334
6.16 -205921 543606 -97284.6 -216210 -97284.6 543606
6.18 -184732 589778 -219181 -205970 -219181 589778
6.2 -156690 599333 -347399 -185251 -347399 599333
6.22 -122490 565838 -466216 -154372 -466216 565838
6.24 -83975.6 494259 -558395 -111992 -558395 494259
6.26 -42546.5 395653 -619334 -59839.2 -619334 395653
6.28 -981.555 282957 -670571 -2509.13 -670571 282957
6.3 37036.5 164462 -739215 59096.6 -739215 164462
6.32 78878.8 43112.9 -833407 126319 -833407 43112.9
6.34 131291 -77337.8 -929037 196622 -929037 -77337.8
6.36 191573 -192857 -989791 265144 -989791 -192857
6.38 254671 -302999 -1.00816e+06 329588 -1.00816e+06 -302999
6.4 307140 -409025 -1.01116e+06 387679 -1.01116e+06 -409025
6.42 335609 -506790 -987333 434556 -987333 -506790
6.44 333997 -590099 -909715 470712 -909715 -590099
6.46 314966 -663833 -784494 503219 -784494 -663833
6.48 299227 -731436 -620323 534562 -620323 -731436
6.5 283069 -785781 -450324 560412 -450324 -785781
6.52 255174 -820811 -309114 574780 -309114 -820811
6.54 213401 -821584 -211121 572402 -211121 -821584
6.56 163652 -780702 -138235 549777 -138235 -780702
6.58 111234 -701339 -61880.1 503777 -61880.1 -701339
6.6 57536.9 -586882 37887.2 433737 37887.2 -586882
6.62 4179.36 -459500 164284 346989 164284 -459500
6.64 -48887.2 -338150 308064 254623 308064 -338150
6.66 -100951 -228125 456039 163240 456039 -228125
6.68 -150593 -126290 597526 74760.3 597526 -126290
6.7 -194996 -29069.6 723656 -10017.6 723656 -29069.6
6.72 -231279 67783.8 823899 -90013.9 823899 67783.8
6.74 -257951 167500 889561 -164347 889561 167500
6.76 -276458 268843 921782 -232825 921782 268843
6.78 -290253 367477 927934 -296470 927934 367477
6.8 -302621 461399 891871 -358580 891871 461399
6.82 -314657 550848 830487 -422628 830487 550848
6.84 -321390 631887 752859 -485035 752859 631887
6.86 -320961 696003 670701 -535812 670701 696003
6.88 -314136 738751 597786 -569044 597786 738751
6.9 -299643 763891 535957 -584279 535957 763891
6.92 -279382 777773 477177 -579157 477177 777773
6.94 -256768 783262 407240 -549405 407240 783262
6.96 -229366 772288 319880 -495075 319880 772288
6.98 -192603 732536 217274 -422065 217274 732536
7 -148836 661303 104857 -338883 104857 661303
7.02 -98442.3 559811 -11667.7 -253518 -11667.7 559811
7.04 -41688.3 436065 -125920 -171488 -125920 436065
7.06 18226.4 305728 -232720 -95538.1 -232720 305728
7.08 77984.6 182101 -329708 -26288.2 -329708 182101
7.1 134068 70867.1 -415519 37825 -415519 70867.1
7.12 183717 -30168.6 -486877 100508 -486877 -30168.6
7.14 224252 -124857 -539096 165555 -539096 -124857
7.16 253733 -214378 -568968 233512 -568968 -214378
7.18 272026 -297204 -575645 300168 -575645 -297204
7.2 280131 -372079 -553752 359759 -553752 -372079
7.22 280832 -439733 -500654 408131 -500654 -439733
7.24 276017 -501377 -418783 440384 -418783 -501377
7.26 265526 -555956 -318876 450778 -318876 -555956
7.28 249891 -598889 -217253 437332 -217253 -598889
7.3 230269 -623305 -124943 402709 -124943 -623305
7.32 206070 -621445 -47151.6 351215 -47151.6 -621445
7.34 178338 -589923 16090.8 285713 16090.8 -589923
7.36 149056 -532789 71354.2 209064 71354.2 -532789
7.38 118090 -460945 130323 128330 130323 -460945
7.4 85765.6 -387757 200752 52168.3 200752 -387757
7.42 52144.5 -319647 280234 -15365.9 280234 -319647
7.44 17154.7 -255801 359895 -75760.7 359895 -255801
7.46 -19558.4 -192480 431592 -132642 431592 -192480
7.48 -57681.1 -125027 489908 -188395 489908 -125027
7.5 -95879.1 -48531.2 530277 -242495 530277 -48531.2
7.52 -132011 39304.9 548035 -291744 548035 39304.9
7.54 -164694 135841 538898 -332987 538898 135841
7.56 -193178 234749 497238 -364990 497238 234749
7.58 -215631 328508 419339 -385004 419339 328508
7.6 -230001 410538 316122 -387396 316122 410538
7.62 -235090 476723 211376 -369057 211376 476723
7.64 -230758 524572 122707 -331803 122707 524572
7.66 -218044 551602 53287.4 -279616 53287.4 551602
7.68 -198698 554007 -1708.44 -215736 -1708.44 554007
7.7 -170131 522622 -49461 -141128 -49461 522622
7.72 -133084 455151 -98208.7 -57803.5 -98208.7 455151
7.74 -89943.6 361245 -153587 26497.8 -153587 361245
7.76 -41366.1 254791 -214344 101835 -214344 254791
7.78 9531.57 148487 -274917 163093 -274917 148487
7.8 60271.6 49151.6 -331897 210996 -331897 49151.6
7.82 107803 -39856.5 -384830 248785 -384830 -39856.5
7.84 149559 -119373 -431241 279240 -431241 -119373
7.86 183299 -193983 -464124 303197 -464124 -193983
7.88 207957 -268467 -474649 319541 -474649 -268467
7.9 224211 -343180 -454019 327250 -454019 -343180
7.92 233818 -413954 -396202 326732 -396202 -413954
7.94 237692 -475692 -306245 317712 -306245 -475692
7.96 235996 -525297 -205798 297832 -205798 -525297
7.98 228634 -561417 -118572 265080 -118572 -561417
8 215756 -582929 -53402.2 220492 -53402.2 -582929
8.02 198431 -588106 -5725.97 167081 -5725.97 -588106
8.04 176363 -572194 33976.5 106267 33976.5 -572194
8.06 148975 -530916 75386.7 38606.4 75386.7 -530916
8.08 117468 -467748 125658 -31073.8 125658 -467748
8.1 82203.8 -390671 185650 -93761.9 185650 -390671
8.12 43693.3 -306487 250130 -142774 250130 -306487
8.14 2936.53 -218152 313200 -177428 313200 -218152
8.16 -39601.3 -125417 371551 -200414 371551 -125417
8.18 -83190.4 -27933.6 421531 -214234 421531 -27933.6
8.2 -126520 73014.5 456329 -220321 456329 73014.5
8.22 -167599 173395 469001 -219521 469001 173395
8.24 -204148 267632 456407 -212887 456407 267632
8.26 -233788 351669 419118 -202374 419118 351669
8.28 -254605 424972 363711 -190052 363711 424972
8.3 -265551 489216 302686 -176108 302686 489216
8.32 -266798 545529 245642 -158252 245642 545529
8.34 -259834 593107 193249 -133736 193249 593107
8.36 -246797 629567 141506 -101772 141506 629567
8.38 -229648 651527 87928.5 -63888.6 87928.5 651527
8.4 -206444 651590 31989.4 -22514.3 31989.4 651590
8.42 -178445 625295 -25885.8 21015.6 -25885.8 625295
8.44 -148263 572035 -83682.8 65206.7 -83682.8 572035
8.46 -115011 493434 -138329 103500 -138329 493434
8.48 -78748.2 399036 -188062 126784 -188062 399036
8.5 -39623 300138 -233001 132758 -233001 300138
8.52 1326.27 204184 -273228 127117 -273228 204184
8.54 43067.7 114087 -307070 117288 -307070 114087
8.56 84348.3 30303.5 -331254 108567 -331254 30303.5
8.58 123302 -48297.7 -341987 103389 -341987 -48297.7
8.6 157171 -123538 -334966 101335 -334966 -123538
8.62 183534 -196557 -306259 100360 -306259 -196557
8.64 201237 -267170 -256754 98723.5 -256754 -267170
8.66 210163 -334323 -194664 94982.1 -194664 -334323
8.68 211038 -396513 -130168 86931.3 -130168 -396513
8.7 205175 -451491 -68619.9 72399.2 -68619.9 -451491
8.72 194300 -495903 -11093.4 51403.3 -11093.4 -495903
8.74 180362 -525787 42787 26480.9 42787 -525787
8.76 165079 -537708 94846.4 667.341 94846.4 -537708
8.78 147526 -527515 147671 -24695.5 147671 -527515
8.8 127915 -493527 201598 -49515.6 201598 -493527
8.82 106109 -437554 253894 -70644.4 253894 -437554
8.84 80357.2 -365515 301420 -82344 301420 -365515
8.86 50349.3 -286403 342478 -83896 342478 -286403
8.88 16048.1 -205654 376028 -80685.8 376028 -205654
8.9 -21662.5 -125318 400241 -78182.1 400241 -125318
8.92 -61588 -46287.7 412119 -79111.7 412119 -46287.7
8.94 -101514 31444.9 407735 -84199.2 407735 31444.9
8.96 -138398 109201 383379 -92749.3 383379 109201
8.98 -169222 187470 340242 -102862 340242 187470
9 -191727 263672 286503 -112033 286503 263672
9.02 -204899 333239 230450 -117485 230450 333239
9.04 -209046 392806 173184 -116112 173184 392806
9.06 -205492 441459 110935 -105405 110935 441459
9.08 -196154 478989 42142 -85563.3 42142 478989
9.1 -182883 503672 -30000 -60130.9 -30000 503672
9.12 -166311 511212 -99218.3 -33461.5 -99218.3 511212
9.14 -145865 495713 -159229 -7091.84 -159229 495713
9.16 -122087 454724 -207908 19393.5 -207908 454724
9.18 -95281 392977 -249971 43461.5 -249971 392977
9.2 -65709.3 322648 -293229 60807.5 -293229 322648
9.22 -34802 256331 -341004 71500.8 -341004 256331
9.24 -3830.88 197428 -389192 80181.1 -389192 197428
9.26 26541.2 139691 -429902 91412.7 -429902 139691
9.28 56536 74322.7 -455904 107075 -455904 74322.7
9.3 86103.4 -980.161 -462319 126398 -462319 -980.161
9.32 114080 -79245.9 -446025 146920 -446025 -79245.9
9.34 138842 -150314 -406995 165534 -406995 -150314
9.36 158779 -209395 -350862 178987 -350862 -209395
9.38 172770 -259283 -289323 184558 -289323 -259283
9.4 180338 -305270 -232485 180875 -232485 -305270
9.42 181237 -348995 -182178 168003 -182178 -348995
9.44 175874 -386741 -135164 147182 -135164 -386741
9.46 165505 -412299 -87639.1 120557 -87639.1 -412299
9.48 151854 -420926 -36481.9 90695.7 -36481.9 -420926
9.5 134638 -409611 20026.4 59650.3 20026.4 -409611
9.52 113860 -378353 80308.8 28573.3 80308.8 -378353
9.54 90497.4 -329898 139586 -1066.07 139586 -329898
9.56 63664.6 -267241 192946 -27254.9 192946 -267241
9.58 32689.1 -194677 237914 -49276.8 237914 -194677
9.6 -2058.59 -116867 273830 -68231.3 273830 -116867
9.62 -39479.4 -37959.5 299765 -85706.7 299765 -37959.5
9.64 -77886.4 37838 314080 -102838 314080 37838
9.66 -115110 106817 315867 -120034 315867 106817
9.68 -148259 167300 305074 -136732 305074 167300
9.7 -174392 220317 281602 -151154 281602 220317
9.72 -191571 267988 246925 -160474 246925 267988
9.74 -199209 311177 204708 -161779 204708 311177
9.76 -197900 348043 157403 -153202 157403 348043
9.78 -188884 373951 104764 -134460 104764 373951
9.8 -173000 382346 47441.4 -106911 47441.4 382346
9.82 -150344 367117 -10332.2 -72787.7 -10332.2 367117
9.84 -122192 327611 -63378.6 -34551 -63378.6 327611
9.86 -89859.3 269725 -109905 4462.89 -109905 269725
9.88 -54412 202463 -152451 40428.9 -152451 202463
9.9 -17589.4 132681 -195183 70991.6 -195183 132681
9.92 19189.2 62437.7 -240630 96115.9 -240630 62437.7
9.94 54765 -7867.93 -287683 117303 -287683 -7867.93
9.96 88245.3 -76802 -331381 136362 -331381 -76802
9.98 118546 -141770 -365130 154306 -365130 -141770
10 144595 -200573 -384573 170732 -384573 -200573
10.02 165780 -252604 -389714 184224 -389714 -252604
10.04 182032 -298741 -382485 193592 -382485 -298741
10.06 193655 -339555 -362429 198214 -362429 -339555
10.08 200729 -373312 -327355 197096 -327355 -373312
10.1 202894 -396227 -279968 188989 -279968 -396227
10.12 199599 -404947 -228563 173603 -228563 -404947
10.14 189564 -397845 -180351 151619 -180351 -397845
10.16 171154 -374974 -137978 123918 -137978 -374974
10.18 145024 -339304 -100037 92101.9 -100037 -339304
10.2 112715 -293736 -61959.5 58904.5 -61959.5 -293736
10.22 75658.4 -238868 -17860.6 26834.2 -17860.6 -238868
10.24 35843.6 -174888 35073 -2767.25 35073 -174888
10.26 -4981.69 -103269 93463.6 -29247.6 93463.6 -103269
10.28 -44998.8 -27419.6 150187 -52185 150187 -27419.6
10.3 -82630.3 48694.6 199680 -71370.8 199680 48694.6
10.32 -116601 121241 239879 -86791.5 239879 121241
10.34 -146124 187081 269840 -98655.4 269840 187081
10.36 -170754 244286 287516 -107535 287516 244286
10.38 -190228 292086 290518 -114153 290518 292086
10.4 -204274 330130 277070 -118822 277070 330130
10.42 -212445 357989 246779 -120949 246779 357989
10.44 -214356 375417 204127 -119324 204127 375417
10.46 -209717 382570 156912 -113113 156912 382570
10.48 -197893 378709 109307 -101756 109307 378709
10.5 -178028 361459 60470.7 -84321.7 60470.7 361459
10.52 -150881 330160 8927.4 -60500.8 8927.4 330160
10.54 -117919 286994 -45159.4 -31945.3 -45159.4 286994
10.56 -80741 235353 -101824 -1522.74 -101824 235353
10.58 -41589.1 177906 -161389 28292.8 -161389 177906
10.6 -2385.97 115289 -221949 56022.1 -221949 115289
10.62 35296.9 47252.2 -278848 81040.7 -278848 47252.2
10.64 70470.1 -25783.9 -327205 103199 -327205 -25783.9
10.66 102455 -100859 -363712 122416 -363712 -100859
10.68 130741 -172178 -386477 138700 -386477 -172178
10.7 154845 -233456 -395180 152598 -395180 -233456
10.72 174250 -281558 -391265 165223 -391265 -281558
10.74 188312 -317800 -375290 177349 -375290 -317800
10.76 196622 -345542 -345782 188110 -345782 -345542
10.78 198843 -366854 -302307 195212 -302307 -366854
10.8 194656 -381395 -247847 196643 -247847 -381395
10.82 184020 -387358 -186727 191093 -186727 -387358
10.84 166053 -381955 -122368 177345 -122368 -381955
10.86 140876 -363720 -57858 154627 -57858 -363720
10.88 110743 -333622 4584.7 123762 4584.7 -333622
10.9 77415.6 -291870 64871.5 87460.6 64871.5 -291870
10.92 42165.9 -237266 123614 48986 123614 -237266
10.94 6001.43 -169434 179395 10944.8 179395 -169434
10.96 -30457.3 -91878.9 229339 -24864.3 229339 -91878.9
10.98 -66335.7 -12443.9 272088 -57324.4 272088 -12443.9
11 -100402 60534.8 308241 -85932.1 308241 60534.8
11.02 -131214 122279 337574 -110696 337574 122279
11.04 -157576 173148 357213 -132023 357213 173148
11.06 -178663 217290 362707 -150454 362707 217290
11.08 -193776 259370 348510 -166317 348510 259370
11.1 -202635 300840 310089 -178940 310089 300840
11.12 -205199 338515 250179 -186332 250179 338515
11.14 -201589 366919 179968 -186639 179968 366919
11.16 -192184 381956 109983 -178977 109983 381956
11.18 -177126 382434 43323.6 -162710 43323.6 382434
11.2 -156422 368796 -20713.5 -136887 -20713.5 368796
11.22 -131192 342487 -82484.2 -101059 -82484.2 342487
11.24 -102555 305072 -142907 -57071.3 -142907 305072
11.26 -71082.2 257970 -203901 -8857.24 -203901 257970
11.28 -37652 202587 -265346 39779 -265346 202587
11.3 -3218.2 140964 -324134 86389.5 -324134 140964
11.32 30923 77320.6 -377615 129487 -377615 77320.6
11.34 63327.9 16459.8 -425373 167896 -425373 16459.8
11.36 92518 -39525.5 -466047 200656 -466047 -39525.5
11.38 117471 -92514 -494799 227304 -494799 -92514
11.4 137953 -145748 -505951 248064 -505951 -145748
11.42 154113 -200073 -495582 263738 -495582 -200073
11.44 166110 -252202 -461575 274862 -461575 -252202
11.46 173887 -295853 -406449 280628 -406449 -295853
11.48 176846 -324954 -339771 279295 -339771 -324954
11.5 174223 -337467 -272121 269396 -272121 -337467
11.52 165429 -337130 -207014 249867 -207014 -337130
11.54 150105 -330096 -142823 219637 -142823 -330096
11.56 128544 -319215 -78954.1 178418 -78954.1 -319215
11.58 102184 -302434 -15752.9 128180 -15752.9 -302434
11.6 72468.2 -275882 48688.1 72870.8 48688.1 -275882
11.62 40750 -238382 116717 16649.3 116717 -238382
11.64 8855.03 -192162 186846 -37138.6 186846 -192162
11.66 -21531.9 -139967 254583 -85883.1 254583 -139967
11.68 -49514.2 -83259.3 316357 -127640 316357 -83259.3
11.7 -75415.6 -22496 369853 -161453 369853 -22496
11.72 -100169 41316.4 411851 -187562 411851 41316.4
11.74 -124410 105357 438878 -207103 438878 105357
11.76 -147976 165220 449567 -221406 449567 165220
11.78 -169821 217131 443157 -231314 443157 217131
11.8 -188506 260381 415576 -236716 415576 260381
11.82 -202632 297367 363870 -236419 363870 297367
11.84 -210654 330839 294410 -228752 294410 330839
11.86 -211265 361028 219816 -212250 219816 361028
11.88 -203938 385277 148785 -185857 148785 385277
11.9 -189226 399781 83061.1 -149236 83061.1 399781
11.92 -168117 400619 20623.4 -103148 20623.4 400619
11.94 -142032 385150 -42805.9 -49726.1 -42805.9 385150
11.96 -113355 354121 -112093 7152.11 -112093 354121
11.98 -83465.8 310332 -188472 62543.2 -188472 310332
12 -52838.9 257072 -267515 112304 -267515 257072
12.02 -21931.3 198071 -343323 154236 -343323 198071
12.04 8946.54 137731 -413433 187798 -413433 137731
12.06 39199.3 80341.1 -477901 213421 -477901 80341.1
12.08 68090.5 27320.6 -535065 232260 -535065 27320.6
12.1 94958.5 -23531.2 -580313 245976 -580313 -23531.2
12.12 119515 -75537.8 -608590 256113 -608590 -75537.8
12.14 141665 -129982 -616754 263413 -616754 -129982
12.16 160812 -185247 -601577 267727 -601577 -185247
12.18 175865 -237927 -560840 268242 -560840 -237927
12.2 186020 -284454 -498933 263500 -498933 -284454
12.22 190513 -322606 -427861 251765 -427861 -322606
12.24 188764 -352134 -357957 231794 -357957 -352134
12.26 180776 -373556 -290659 203305 -290659 -373556
12.28 167204 -386064 -222938 167080 -222938 -386064
12.3 149256 -386791 -153380 124750 -153380 -386791
12.32 127059 -371896 -81901.2 78728.1 -81901.2 -371896
12.34 101246 -340886 -8271.62 32502.4 -8271.62 -340886
12.36 72753.2 -297131 66679.5 -10036.1 66679.5 -297131
12.38 42136.1 -245399 140860 -46138.5 140860 -245399
12.4 10453.2 -190740 213294 -74911.5 213294 -190740
12.42 -21471.2 -136601 284337 -96993.8 284337 -136601
12.44 -52741.9 -83769.1 352091 -114010 352091 -83769.1
12.46 -82589.5 -30620.3 410264 -128050 410264 -30620.3
12.48 -110289 24370.8 451203 -140903 451203 24370.8
12.5 -135194 80446.7 470484 -153288 470484 80446.7
12.52 -156445 134566 467659 -164709 467659 134566
12.54 -173007 183138 441774 -174179 441774 183138
12.56 -184060 223453 391675 -180105 391675 223453
12.58 -188760 254107 323226 -179897 323226 254107
12.6 -186336 274956 250229 -171434 250229 274956
12.62 -176451 286424 182705 -154000 182705 286424
12.64 -159197 288438 121079 -127739 121079 288438
12.66 -135672 280428 63034.1 -93456.5 63034.1 280428
12.68 -108409 262530 5880.9 -53163.3 5880.9 262530
12.7 -80035.1 236140 -55710.9 -10440.4 -55710.9 236140
12.72 -52515.9 204315 -127132 30683 -127132 204315
12.74 -27297.6 171157 -207588 67474.9 -207588 171157
12.76 -5132.97 139501 -289830 99078.9 -289830 139501
12.78 13896 109110 -365503 125809 -365503 109110
12.8 30526.4 77299.5 -428503 148337 -428503 77299.5
12.82 46015.5 42033.3 -474625 167595 -474625 42033.3
12.84 61557.2 3975.55 -501248 184946 -501248 3975.55
12.86 77648.1 -34245.1 -507922 201734 -507922 -34245.1
12.88 93464.9 -70230.7 -493799 218482 -493799 -70230.7
12.9 107515 -103411 -456730 234372 -456730 -103411
12.92 118348 -134789 -398234 247107 -398234 -134789
12.94 124162 -165010 -326979 253500 -326979 -165010
12.96 123303 -192884 -253077 250413 -253077 -192884
12.98 114961 -215835 -181649 235427 -181649 -215835
13 99648 -231041 -114225 207572 -114225 -231041
13.02 79076.4 -235445 -50800.4 167951 -50800.4 -235445
13.04 55445 -225778 11323.6 119531 11323.6 -225778
13.06 30804.2 -200539 75970.3 66394.3 75970.3 -200539
13.08 6256.2 -162098 143652 13033 143652 -162098
13.1 -17661.6 -116484 210911 -36595.7 210911 -116484
13.12 -40416.2 -70419.9 274271 -79898.4 274271 -70419.9
13.14 -61679.7 -28430.1 332339 -115896 332339 -28430.1
13.16 -81423.4 7757.68 383756 -145186 383756 7757.68
13.18 -99795.3 38631.9 425446 -169579 425446 38631.9
13.2 -116691 65740.4 453544 -191010 453544 65740.4
13.22 -131551 90353.7 464594 -210220 464594 90353.7
13.24 -143260 113035 454284 -226566 454284 113035
13.26 -150622 134541 417219 -238629 417219 134541
13.28 -152995 156640 354244 -244235 354244 156640
13.3 -150058 181370 276262 -240584 276262 181370
13.32 -141922 209092 195583 -225282 195583 209092
13.34 -129381 236924 117621 -197385 117621 236924
13.36 -113847 259002 43064.5 -157783 43064.5 259002
13.38 -97112.8 268940 -27703.9 -108771 -27703.9 268940
13.4 -80614.8 263349 -95789.6 -53333.9 -95789.6 263349
13.42 -64909.2 244500 -164404 4961.27 -164404 244500
13.44 -49860.3 219530 -235411 62067.3 -235411 219530
13.46 -35268.7 195477 -307123 114553 -307123 195477
13.48 -20763.9 174131 -376717 160538 -376717 174131
13.5 -5602.32 151865 -441950 199506 -441950 151865
13.52 11068.3 123987 -498950 231835 -498950 123987
13.54 29670.2 88908.2 -540988 258508 -540988 88908.2
13.56 49709.1 48637.1 -561722 280502 -561722 48637.1
13.58 69478.2 5787.75 -557742 298097 -557742 5787.75
13.6 87627.7 -39503.9 -527274 310918 -527274 -39503.9
13.62 103462 -89191.9 -470160 317486 -470160 -89191.9
13.64 115929 -143980 -391715 315349 -391715 -143980
13.66 123952 -200750 -304674 302681 -304674 -200750
13.68 126469 -252796 -220085 278154 -220085 -252796
13.7 123107 -293402 -144018 240545 -144018 -293402
13.72 114763 -320004 -79890.5 190233 -79890.5 -320004
13.74 103391 -334475 -26446.7 130072 -26446.7 -334475
13.76 91040 -339861 25028.8 64452.4 25028.8 -339861
13.78 79005.2 -338119 85428 -1813.03 85428 -338119
13.8 67500.6 -330511 159049 -64009.4 159049 -330511
13.82 56130.6 -318453 241718 -118366 241718 -318453
13.84 44742.9 -303316 325676 -162846 325676 -303316
13.86 33070.3 -285403 403740 -197063 403740 -285403
13.88 20488.6 -264015 470135 -221701 470135 -264015
13.9 6300.73 -238011 520713 -238168 520713 -238011
13.92 -10073.4 -205850 553236 -248507 553236 -205850
13.94 -28846.8 -165630 566303 -254628 566303 -165630
13.96 -50083.9 -115411 556875 -257169 556875 -115411
13.98 -73047.6 -54342.7 519379 -255513 519379 -54342.7
14 -95994.4 15627.4 456032 -248584 456032 15627.4
14.02 -117432 88383.4 384278 -234927 384278 88383.4
14.04 -135088 154733 321267 -212605 321267 154733
14.06 -146410 207501 270444 -179967 270444 207501
14.08 -150475 247119 224544 -136729 224544 247119
14.1 -148191 281025 172772 -84705.3 172772 281025
14.12 -141796 316240 106210 -28096.7 106210 316240
14.14 -133413 352426 22367.7 27272.6 22367.7 352426
14.16 -124383 381958 -70920.3 76185 -70920.3 381958
14.18 -115312 396095 -159185 116284 -159185 396095
14.2 -106298 391611 -231444 147875 -231444 391611
14.22 -96844.4 372378 -286486 171684 -286486 372378
14.24 -86812.5 345102 -329409 187555 -329409 345102
14.26 -75236.3 312196 -364798 195569 -364798 312196
14.28 -59832.6 271316 -393865 198199 -393865 271316
14.3 -38797.2 221366 -414811 199728 -414811 221366
14.32 -12210 165152 -422978 202492 -422978 165152
14.34 17482.3 106304 -411156 204920 -411156 106304
14.36 47288.9 44919.5 -373569 203232 -373569 44919.5
14.38 74500.4 -22102.6 -311957 193867 -311957 -22102.6
14.4 97193.5 -97410.5 -237907 174653 -237907 -97410.5
14.42 114080 -179682 -164332 145103 -164332 -179682
14.44 124257 -261943 -97009.3 106555 -97009.3 -261943
14.46 128023 -333225 -37054.6 62130 -37054.6 -333225
14.48 127055 -384059 15672 16422.9 15672 -384059
14.5 123536 -411810 63080.5 -25476.1 63080.5 -411810
14.52 118953 -420649 109073 -60072.5 109073 -420649
14.54 113710 -416566 156580 -87365.6 156580 -416566
14.56 107190 -402811 205844 -109713 205844 -402811
14.58 96733 -378806 256057 -127909 256057 -378806
14.6 80729.3 -344927 306063 -140399 306063 -344927
14.62 59030.4 -303637 351829 -146903 351829 -303637
14.64 31962.8 -256718 385027 -149610 385027 -256718
14.66 1211.4 -203057 395999 -150619 395999 -203057
14.68 -31342 -137766 376805 -150087 376805 -137766
14.7 -63788.3 -57228.2 324489 -146574 324489 -57228.2
14.72 -94037.4 35764.5 248242 -138437 248242 35764.5
14.74 -119655 132294 169940 -124721 169940 132294
14.76 -138681 222500 107676 -105120 107676 222500
14.78 -150397 299294 62147.9 -79774.8 62147.9 299294
14.8 -155858 358813 22910.9 -49380.3 22910.9 358813
14.82 -157008 399970 -19510 -15363.9 -19510 399970
14.84 -155366 423828 -69106.7 20124.4 -69106.7 423828
14.86 -151355 432091 -125112 54792.3 -125112 432091
14.88 -144598 426196 -182797 87123 -182797 426196
14.9 -132329 406471 -236527 116117 -236527 406471
14.92 -113769 375490 -284216 139983 -284216 375490
14.94 -90511 334715 -326468 156121 -326468 334715
14.96 -62725.8 280711 -360774 163290 -360774 280711
14.98 -30686.7 211702 -380043 163539 -380043 211702
15 4896 131729 -377994 160772 -377994 131729
15.02 41694.7 49043.5 -352627 157684 -352627 49043.5
15.04 76163.6 -30053.2 -307364 154824 -307364 -30053.2
15.06 105261 -105212 -251346 151320 -251346 -105212
15.08 127305 -180543 -194760 145449 -194760 -180543
15.1 141942 -258576 -143263 135032 -143263 -258576
15.12 149722 -335152 -96356.9 118072 -96356.9 -335152
15.14 151729 -400706 -49204 93655.7 -49204 -400706
15.16 149605 -446731 3401.78 62754.3 3401.78 -446731
15.18 144991 -470407 63309.3 28249.8 63309.3 -470407
15.2 138762 -473742 127402 -6515 127402 -473742
15.22 130059 -458978 189599 -39899.7 189599 -458978
15.24 115704 -425621 244794 -71258.2 244794 -425621
15.26 93972.1 -375107 291056 -97529 291056 -375107
15.28 64557.8 -311994 328392 -114463 328392 -311994
15.3 28122.2 -241351 356686 -121803 356686 -241351
15.32 -12788.5 -166219 375035 -123510 375035 -166219
15.34 -55569.6 -86100.6 381736 -123672 381736 -86100.6
15.36 -97451.3 -353.908 373737 -124175 373737 -353.908
15.38 -135580 90050.5 347698 -125040 347698 90050.5
15.4 -167289 183103 305612 -125249 305612 183103
15.42 -190739 275863 255692 -122965 255692 275863
15.44 -205442 362780 205135 -116229 205135 362780
15.46 -212320 436306 155359 -104053 155359 436306
15.48 -213004 490594 103944 -86351.5 103944 490594
15.5 -209236 524002 48025.2 -63260.3 48025.2 524002
15.52 -202217 537921 -14108.1 -35515.9 -14108.1 537921
15.54 -192266 534133 -80596.6 -4770.53 -80596.6 534133
15.56 -175582 510484 -144878 27399 -144878 510484
15.58 -150376 467205 -199671 58680.2 -199671 467205
15.6 -117968 407746 -242696 84491.1 -242696 407746
15.62 -78839.6 333764 -277112 101101 -277112 333764
15.64 -35107.2 248245 -307210 109408 -307210 248245
15.66 10740.3 156502 -334956 113501 -334956 156502
15.68 55860.6 64664.8 -359239 117060 -359239 64664.8
15.7 97553.6 -24729.1 -376195 121596 -376195 -24729.1
15.72 133529 -112414 -380475 126660 -380475 -112414
15.74 162421 -198008 -367531 131123 -367531 -198008
15.76 183835 -277591 -335846 134222 -335846 -277591
15.78 197739 -345113 -288404 135114 -288404 -345113
15.8 204410 -394835 -232754 132131 -232754 -394835
15.82 204399 -423711 -176641 123366 -176641 -423711
15.84 198112 -433136 -124060 107996 -124060 -433136
15.86 184717 -426727 -76092.7 86758.3 -76092.7 -426727
15.88 162828 -406110 -32516.5 61167.4 -32516.5 -406110
15.9 133994 -371558 7852.76 33557.9 7852.76 -371558
15.92 99925.2 -322163 47332.4 7528.09 47332.4 -322163
15.94 61826.9 -258405 88308 -14068.8 88308 -258405
15.96 21934.1 -184447 131600 -30935.2 131600 -184447
15.98 -17668.4 -106614 176131 -44106.2 176131 -106614
16 -54952.6 -31278 219600 -54447.3 219600 -31278
16.02 -88704.1 39473.4 258313 -62720.3 258313 39473.4
16.04 -118482 108354 286847 -69825.3 286847 108354
16.06 -144462 177813 299894 -76406.8 299894 177813
16.08 -166793 244467 294907 -82738.5 294907 244467
16.1 -184950 300161 271534 -88827.8 271534 300161
16.12 -197895 338236 232220 -93976.1 232220 338236
16.14 -204557 358015 184884 -96645.1 184884 358015
16.16 -204108 363897 139238 -95286.1 139238 363897
16.18 -196171 361121 99309.5 -89050.5 99309.5 361121
16.2 -179684 350440 62227.7 -77397.2 62227.7 350440
16.22 -154793 328672 23369.9 -59881.2 23369.9 328672
16.24 -123247 292285 -19889 -37146.5 -19889 292285
16.26 -86760.8 240164 -67819.4 -11356.2 -67819.4 240164
16.28 -47587.7 175311 -118047 14745.9 -118047 175311
16.3 -7930.14 102664 -165732 38956.6 -165732 102664
16.32 30485.2 26586.4 -206829 60089.2 -206829 26586.4
16.34 66491.5 -50225.8 -241168 77817.8 -241168 -50225.8
16.36 99249.6 -125702 -270360 92389.6 -270360 -125702
16.38 128014 -196802 -293332 104526 -293332 -196802
16.4 152137 -259167 -306089 115334 -306089 -259167
16.42 171144 -308540 -305411 125945 -305411 -308540
16.44 184587 -342761 -290485 136841 -290485 -342761
16.46 192053 -362465 -262928 147118 -262928 -362465
16.48 193072 -370091 -227198 154638 -227198 -370091
16.5 187077 -368056 -188543 157207 -188543 -368056
16.52 172674 -356178 -149385 153031 -149385 -356178
16.54 150258 -333331 -109224 140738 -109224 -333331
16.56 121423 -298244 -67712.7 120361 -67712.7 -298244
16.58 87494.9 -250079 -25481.4 93898.5 -25481.4 -250079
16.6 50411.1 -189949 17454.3 64201.4 17454.3 -189949
16.62 11756.8 -120312 61529.3 33811.5 61529.3 -120312
16.64 -26921.9 -45319.8 105605 4768.24 105605 -45319.8
16.66 -64316.6 30099.7 146961 -21430.3 146961 30099.7
16.68 -99154.7 101557 183538 -44033.2 183538 101557
16.7 -130310 166203 214801 -63024.1 214801 166203
16.72 -156871 222479 240217 -78918.8 240217 222479
16.74 -178213 269579 257947 -92594.5 257947 269579
16.76 -193963 307072 265344 -104919 265344 307072
16.78 -203927 334550 260116 -116165 260116 334550
16.8 -207961 351471 241359 -125604 241359 351471
16.82 -206046 357541 211601 -131659 211601 357541
16.84 -197698 352595 175932 -132678 175932 352595
16.86 -182272 336209 137253 -127290 137253 336209
16.88 -160457 308576 95081.6 -114437 95081.6 308576
16.9 -133126 270145 49509.6 -93994.8 49509.6 270145
16.92 -101185 221534 3476.11 -67080.8 3476.11 221534
16.94 -66031.1 163755 -39905.3 -35659.9 -39905.3 163755
16.96 -28992.4 98398.3 -80051.8 -2111.52 -80051.8 98398.3
16.98 8517.09 28302.7 -118242 31166.2 -118242 28302.7
17 45108.4 -43169.7 -155405 62161.7 -155405 -43169.7
17.02 79387.2 -112731 -191097 89460.1 -191097 -112731
17.04 110141 -177163 -223761 112251 -223761 -177163
17.06 136415 -233454 -251345 130396 -251345 -233454
17.08 157525 -279583 -272047 144490 -272047 -279583
17.1 173050 -314800 -284921 155509 -284921 -314800
17.12 182852 -338937 -289641 164089 -289641 -338937
17.14 186970 -351696 -285374 170084 -285374 -351696
17.16 185454 -352675 -270296 172606 -270296 -352675
17.18 177232 -340644 -243998 170223 -243998 -340644
17.2 161609 -314995 -210056 161469 -210056 -314995
17.22 139410 -277441 -174036 145846 -174036 -277441
17.24 111228 -230259 -139545 124219 -139545 -230259
17.26 78078.4 -175158 -107016 97945 -107016 -175158
17.28 41551 -112902 -74788.8 68302.3 -74788.8 -112902
17.3 3240.35 -44642.2 -40725.1 36901.2 -40725.1 -44642.2
17.32 -35190.4 26175.2 -3845.88 5884.73 -3845.88 26175.2
17.34 -72009.8 94383.1 34900.5 -22597.1 34900.5 94383.1
17.36 -105433 155467 73537.9 -47014.1 73537.9 155467
17.38 -134040 207687 110451 -66658.6 110451 207687
17.4 -157085 251952 144287 -81544.6 144287 251952
17.42 -174462 289605 172717 -92200.6 172717 289605
17.44 -186411 320066 192486 -99350.1 192486 320066
17.46 -193243 340496 201403 -103556 201403 340496
17.48 -195164 347688 199903 -105055 199903 347688
17.5 -191695 339873 189790 -103695 189790 339873
17.52 -181975 317597 172129 -98828.5 172129 317597
17.54 -166215 284019 147627 -89793.3 147627 284019
17.56 -144616 242013 117846 -76612.9 117846 242013
17.58 -117203 192130 84755.7 -59694.7 84755.7 192130
17.6 -84526.9 133931 50061.4 -39329.4 50061.4 133931
17.62 -47525.6 68337.6 15431.6 -15967.3 15431.6 68337.6
17.64 -7929.63 -1341.19 -17982.2 9342.51 -17982.2 -1341.19
17.66 32030.7 -71262 -50663.9 34926.9 -50663.9 -71262
17.68 70060.8 -138732 -84292.2 58849.2 -84292.2 -138732
17.7 104336 -202369 -119562 79471.5 -119562 -202369
17.72 133625 -261199 -154744 95962 -154744 -261199
17.74 157223 -313739 -186417 108364 -186417 -313739
17.76 174881 -357439 -211212 117213 -211212 -357439
17.78 186752 -388888 -227136 123176 -227136 -388888
17.8 193156 -404982 -234083 126948 -234083 -404982
17.82 194227 -404188 -233190 129098 -233190 -404188
17.84 188421 -385251 -225009 129415 -225009 -385251
17.86 174234 -348582 -208746 126816 -208746 -348582
17.88 151999 -298387 -184447 120712 -184447 -298387
17.9 121954 -239083 -154677 111547 -154677 -239083
17.92 84979.3 -172834 -122830 99708.9 -122830 -172834
17.94 42855 -99824.1 -90861.4 85003.9 -90861.4 -99824.1
17.96 -2406.63 -20288 -59135.3 67260.6 -59135.3 -20288
17.98 -48335.3 63471.1 -27195.6 46991.7 -27195.6 63471.1
18 -92211.1 147139 5842.87 25507.9 5842.87 147139
18.02 -131455 225654 40521.5 4585.97 40521.5 225654
18.04 -164339 295302 75919.4 -14199.7 75919.4 295302
18.06 -190239 354836 109669 -30136 109669 354836
18.08 -209409 404359 139206 -43430.9 139206 404359
18.1 -222543 443167 162587 -54631 162587 443167
18.12 -230446 469055 178444 -64072.8 178444 469055
18.14 -233747 479548 186149 -71864.8 186149 479548
18.16 -231745 472394 186175 -78104.7 186175 472394
18.18 -222405 445783 179372 -82561.7 179372 445783
18.2 -205646 402049 165810 -84548.8 165810 402049
18.22 -181639 346054 145400 -83832.3 145400 346054
18.24 -150292 281382 119070 -80784.6 119070 281382
18.26 -112667 209332 88393.6 -75350 88393.6 209332
18.28 -70021.3 130287 54718.4 -66716.1 54718.4 130287
18.3 -24275 46774.8 18951.9 -54084 18951.9 46774.8
18.32 22198.2 -37527.8 -18405 -37492.3 -18405 -37527.8
18.34 66670 -119563 -57242.1 -18002.4 -57242.1 -119563
18.36 106823 -197330 -97211.4 2761.93 -97211.4 -197330
18.38 141195 -269178 -136878 23380.1 -136878 -269178
18.4 169143 -333528 -173903 43134.6 -173903 -333528
18.42 190586 -388686 -206199 61871.9 -206199 -388686
18.44 205890 -432481 -232567 79542 -232567 -432481
18.46 215713 -462568 -252266 96004.2 -252266 -462568
18.48 220687 -477524 -264526 111151 -264526 -477524
18.5 221086 -477249 -268743 125087 -268743 -477249
18.52 214469 -459582 -264665 137897 -264665 -459582
18.54 199982 -423667 -252104 148603 -252104 -423667
18.56 177912 -372169 -231427 155410 -231427 -372169
18.58 147916 -309748 -204086 157632 -204086 -309748
18.6 111368 -240881 -171855 155586 -171855 -240881
18.62 69851.6 -166726 -136027 149061 -136027 -166726
18.64 25361.1 -87906.8 -97731.2 137277 -97731.2 -87906.8
18.66 -20176.8 -6136.51 -58442.7 119870 -58442.7 -6136.51
18.68 -64452.3 75667.3 -19446 97517.7 -19446 75667.3
18.7 -105074 153824 18756.5 71836.2 18756.5 153824
18.72 -140160 224263 56000.1 44769.2 56000.1 224263
18.74 -168789 283980 91506.3 17823.2 91506.3 283980
18.76 -190794 332117 123730 -8277.64 123730 332117
18.78 -206414 369001 151058 -33219.3 151058 369001
18.8 -216079 394244 172431 -56563.6 172431 394244
18.82 -220256 406393 187372 -77734.2 187372 406393
18.84 -218718 403719 195669 -96399.8 195669 403719
18.86 -210061 384512 197014 -112193 197014 384512
18.88 -194586 349929 190452 -123989 190452 349929
18.9 -173051 303291 174551 -130467 174551 303291
18.92 -145736 247948 149307 -131212 149307 247948
18.94 -113678 186172 117375 -126449 117375 186172
18.96 -77823.7 118534 82378.5 -116108 82378.5 118534
18.98 -39431.9 46577.8 46763.5 -99765 46763.5 46577.8
19 7.54976 -26347.4 11654.4 -77363.5 11654.4 -26347.4
19.02 38537.9 -96172 -22690.8 -49743 -22690.8 -96172
19.04 74153.2 -159835 -56825.7 -18602.4 -56825.7 -159835
19.06 105316 -215925 -91584.2 13973.9 -91584.2 -215925
19.08 131208 -264364 -126884 46158.7 -126884 -264364
19.1 151538 -305286 -161183 76733.6 -161183 -305286
19.12 166325 -337784 -192181 104875 -192181 -337784
19.14 175790 -359789 -217744 129755 -217744 -359789
19.16 180258 -369497 -236167 150551 -236167 -369497
19.18 179671 -366356 -246204 166827 -246204 -366356
19.2 173302 -350226 -247373 178430 -247373 -350226
19.22 161304 -321608 -239931 184898 -239931 -321608
19.24 143759 -281278 -224663 185590 -224663 -281278
19.26 120407 -230626 -203513 180399 -203513 -230626
19.28 91731.3 -172118 -179399 169703 -179399 -172118
19.3 58668.8 -108528 -154317 153761 -154317 -108528
19.32 22797.5 -43024.6 -128364 132595 -128364 -43024.6
19.34 -14058.4 21706.7 -100769 106409 -100769 21706.7
19.36 -49925.7 84061.1 -70997.3 76004.4 -70997.3 84061.1
19.38 -82983.5 142905 -38827.6 42911.6 -38827.6 142905
19.4 -111805 196402 -4521.24 9198.3 -4521.24 196402
19.42 -135520 242157 30479.4 -23012.3 30479.4 242157
19.44 -153791 278317 63435.1 -52002.8 63435.1 278317
19.46 -166699 303898 91528.8 -76596.9 91528.8 303898
19.48 -174532 318160 113337 -96066.5 113337 318160
19.5 -177528 320365 129037 -110076 129037 320365
19.52 -175051 309482 139476 -118551 139476 309482
19.54 -166541 285156 145338 -121357 145338 285156
19.56 -152428 248913 146854 -118520 146854 248913
19.58 -133013 203448 143461 -110719 143461 203448
19.6 -108880 151809 133933 -98810.8 133933 151809
19.62 -81090.9 96477.8 117719 -83192.8 117719 96477.8
19.64 -50812.6 39430 95819.3 -63947.9 95819.3 39430
19.66 -19421.1 -17317 69868.1 -41217.9 69868.1 -17317
19.68 11579.3 -71989.7 41085.7 -15504.7 41085.7 -71989.7
19.7 40681.9 -123200 10396 12115.8 10396 -123200
19.72 66682.8 -169533 -21147.9 40071.6 -21147.9 -169533
19.74 88820 -209182 -52473.4 66707.3 -52473.4 -209182
19.76 106690 -240390 -82720.9 90655.3 -82720.9 -240390
19.78 120088 -262009 -111223 110882 -111223 -262009
19.8 128922 -273414 -137467 126626 -137467 -273414
19.82 133182 -274152 -161150 137484 -161150 -274152
19.84 132505 -263579 -181980 143387 -181980 -263579
19.86 126602 -241507 -199224 144351 -199224 -241507
19.88 115701 -209104 -211519 140600 -211519 -209104
19.9 99977.2 -168479 -217273 132894 -217273 -168479
19.92 79852.9 -122125 -215281 122151 -215281 -122125
19.94 56119.7 -72284.6 -205084 108909 -205084 -72284.6
19.96 29706.3 -20627.9 -187480 93470.1 -187480 -20627.9
19.98 1680.62 31718 -164576 76259.5 -164576 31718
20 -26825.3 84022.8 -138546 57848.1 -138546 84022.8
20.02 -54646.7 135306 -110584 38862.9 -110584 135306
20.04 -80733.7 183800 -81320.8 19982.7 -81320.8 183800
20.06 -104224 227133 -51522.6 1890.29 -51522.6 227133
20.08 -124472 263002 -21902.9 -14798 -21902.9 263002
20.1 -141016 289582 7271.82 -29510.6 7271.82 289582
20.12 -153509 305542 35994.6 -41699.2 35994.6 305542
20.14 -161622 310055 63976.4 -50929.8 63976.4 310055
20.16 -164828 302720 90300.7 -56901.1 90300.7 302720
20.18 -162280 283381 113484 -59275.3 113484 283381
20.2 -153780 253150 131880 -57897.8 131880 253150
20.22 -139564 214249 144137 -53338.3 144137 214249
20.24 -120078 168935 149448 -46695.8 149448 168935
20.26 -96305.9 118975 147472 -38872.6 147472 118975
20.28 -69371.4 65531.1 138185 -30289.7 138185 65531.1
20.3 -40581.4 9647.71 122304 -21131.2 122304 9647.71
20.32 -11242.3 -47640.4 101533 -11591.1 101533 -47640.4
20.34 17435.5 -104827 77436.8 -1848.46 77436.8 -104827
20.36 44481.4 -159353 50482.8 8018.72 50482.8 -159353
20.38 69163.6 -207876 20747.6 18029 20747.6 -207876
20.4 90909.3 -247622 -11067.6 28201.8 -11067.6 -247622
20.42 109270 -277296 -43831 38385.4 -43831 -277296
20.44 123935 -296716 -76710.8 48167.1 -76710.8 -296716
20.46 134669 -306046 -109191 57021.7 -109191 -306046
20.48 141214 -305531 -140498 64563.2 -140498 -305531
20.5 142876 -295041 -169395 70533.4 -169395 -295041
20.52 139103 -274434 -194506 74633.9 -194506 -274434
20.54 130173 -244650 -214592 76825.1 -214592 -244650
20.56 116462 -207412 -228723 77696.2 -228723 -207412
20.58 98550.5 -164550 -236533 78064.2 -236533 -164550
20.6 77300.4 -117369 -238189 78371.5 -238189 -117369
20.62 53533 -66626.5 -233666 78617 -233666 -66626.5
20.64 28084.7 -13168.1 -222368 78552.5 -222368 -13168.1
20.66 1778.82 41725.4 -204106 77824.1 -204106 41725.4
20.68 -24597.8 96072.8 -180030 76094.4 -180030 96072.8
20.7 -50347.4 147280 -151942 73091 -151942 147280
20.72 -74821.8 192781 -121313 68539.1 -121313 192781
20.74 -97359 230918 -89320.5 62172.9 -89320.5 230918
20.76 -117250 261095 -56990 53920.4 -56990 261095
20.78 -133810 283064 -24982.3 44057.9 -24982.3 283064
20.8 -146443 296346 6362.1 33128.7 6362.1 296346
20.82 -154669 300482 36551.7 21715.9 36551.7 300482
20.84 -157941 295208 64753.1 10297.3 64753.1 295208
20.86 -155723 280214 90175.9 -670.256 90175.9 280214
20.88 -148296 255615 112351 -10689.3 112351 255615
20.9 -136180 221881 130847 -19525.5 130847 221881
20.92 -119852 179988 144934 -27361.2 144934 179988
20.94 -100067 131613 153664 -34408.8 153664 131613
20.96 -77619.9 78881.8 156142 -40591.1 156142 78881.8
20.98 -53415.7 24431.3 151601 -45628 151601 24431.3
21 -28349.1 -29128 139691 -49129.8 139691 -29128
21.02 -3331.33 -79740.3 121426 -50570.5 121426 -79740.3
21.04 20779 -125921 99267.5 -49442.1 99267.5 -125921
21.06 43169.7 -166350 75481.2 -45445.8 75481.2 -166350
21.08 63068.3 -199766 50905.6 -38467.4 50905.6 -199766
21.1 79758.6 -225213 25482.3 -28546.4 25482.3 -225213
21.12 92655.7 -242160 -796.747 -15986.2 -796.747 -242160
21.14 101392 -250299 -27636.4 -1409.64 -27636.4 -250299
21.16 105749 -249199 -54510.5 14403.3 -54510.5 -249199
21.18 105373 -238013 -80692 30675.2 -80692 -238013
21.2 100315 -216174 -105403 46577 -105403 -216174
21.22 90800.6 -183883 -128035 61306.7 -128035 -183883
21.24 77039 -142483 -148088 74377.9 -148088 -142483
21.26 59585.2 -94486.6 -164883 85615.4 -164883 -94486.6
21.28 39159.5 -42675.3 -177463 94923.2 -177463 -42675.3
21.3 16677.5 10544.7 -184863 102173 -184863 10544.7
21.32 -6900.57 63608.3 -186584 107182 -186584 63608.3
21.34 -30599.3 115545 -182831 109712 -182831 115545
21.36 -53482.7 165221 -174395 109473 -174395 165221
21.38 -74680.3 210805 -162521 106184 -162521 210805
21.4 -93462.1 250097 -148525 99708.8 -148525 250097
21.42 -109287 281330 -133059 90120.3 -133059 281330
21.44 -121815 303601 -115966 77664.5 -115966 303601
21.46 -130862 316655 -97057.5 62766.7 -97057.5 316655
21.48 -136306 320306 -76741.4 46056.5 -76741.4 320306
21.5 -137740 313602 -55751.3 28342.6 -55751.3 313602
21.52 -134569 294868 -34629.6 10712.4 -34629.6 294868
21.54 -126673 263472 -13737.7 -5563.72 -13737.7 263472
21.56 -114001 220853 6375.72 -19611.4 6375.72 220853
21.58 -96728.2 170273 24889.5 -31175.3 24889.5 170273
21.6 -75611 115369 40940.6 -40246.9 40940.6 115369
21.62 -51670.5 58453.7 53841.9 -46781.9 53841.9 58453.7
21.64 -26090 180.053 63228.1 -50705.2 63228.1 180.053
21.66 -21.7473 -59602.7 69125.2 -51988.1 69125.2 -59602.7
21.68 25398.4 -120095 71818.8 -50672.7 71818.8 -120095
21.7 49104.3 -178506 71571.5 -46858.6 71571.5 -178506
21.72 70192.3 -230798 68439 -40631.8 68439 -230798
21.74 88046.1 -273664 62333.5 -32013.8 62333.5 -273664
21.76 102382 -305896 53229 -21060.6 53229 -305896
21.78 113170 -328038 41424.1 -8030.18 41424.1 -328038
21.8 120469 -340997 27885 6549.28 27885 -340997
21.82 124292 -344914 14217.1 21980.9 14217.1 -344914
21.84 124168 -338595 1863.03 37528.7 1863.03 -338595
21.86 119386 -320310 -8787.46 52232.9 -8787.46 -320310
21.88 109971 -289974 -18386.6 64933.2 -18386.6 -289974
21.9 96050.8 -249510 -27820.8 74933 -27820.8 -249510
21.92 77893.2 -201895 -37460.7 82197.9 -37460.7 -201895
21.94 56268.5 -149717 -46906.9 86839.8 -46906.9 -149717
21.96 32064.4 -94104.3 -55205.2 88811.2 -55205.2 -94104.3
21.98 6291.43 -35226.9 -61359 88022.7 -61359 -35226.9
22 -20065.4 26613.3 -64781.9 84529.1 -64781.9 26613.3
22.02 -45995.7 89588.1 -65419.8 78586.8 -65419.8 89588.1
22.04 -70513.2 149997 -63608.7 70605.4 -63608.7 149997
22.06 -92704.3 203574 -59888.9 61023.6 -59888.9 203574
22.08 -111820 247523 -54901.7 50188.9 -54901.7 247523
22.1 -127336 281400 -49355.9 38363.7 -49355.9 281400
22.12 -138951 306288 -44039.8 25869 -44039.8 306288
22.14 -146517 323178 -39741.3 13189.5 -39741.3 323178
22.16 -149960 331747 -36875.1 907.131 -36875.1 331747
22.18 -149002 329954 -35025.8 -10448.9 -35025.8 329954
22.2 -142925 314698 -33009.8 -20265.8 -33009.8 314698
22.22 -131727 284700 -29728.9 -27641 -29728.9 284700
22.24 -115677 241731 -25191.2 -31895.4 -25191.2 241731
22.26 -95061.7 189527 -20688.9 -33098.5 -20688.9 189527
22.28 -70701.6 131730 -17917.5 -31653.8 -17917.5 131730
22.3 -43478 70324.8 -17881.1 -27773.1 -17881.1 70324.8
22.32 -14422.4 6526.6 -20463.4 -21541.4 -20463.4 6526.6
22.34 15317.2 -58211.4 -24751.7 -13200.4 -24751.7 -58211.4
22.36 44317.6 -121748 -29628.1 -3270.75 -29628.1 -121748
22.38 71082.7 -181635 -34218 7523.98 -34218 -181635
22.4 94397.7 -235829 -38133.8 18486.9 -38133.8 -235829
22.42 113581 -283104 -41515 29207.5 -41515 -283104
22.44 128424 -322610 -44794.8 39598.8 -44794.8 -322610
22.46 139001 -353129 -48332.6 49626.9 -48332.6 -353129
22.48 145493 -373022 -52192.1 59023.1 -52192.1 -373022
22.5 148094 -380884 -56075.3 67296.2 -56075.3 -380884
22.52 146580 -375652 -59282.6 73982.9 -59282.6 -375652
22.54 140179 -356336 -60873.4 78593.1 -60873.4 -356336
22.56 128844 -323697 -60129.8 80532.4 -60129.8 -323697
22.58 112559 -280462 -56985.6 79591.1 -56985.6 -280462
22.6 91309.7 -230107 -52048.3 76141.5 -52048.3 -230107
22.62 65886.7 -175571 -46153.5 70713 -46153.5 -175571
22.64 37429.8 -118469 -39694.8 63688.8 -39694.8 -118469
22.66 7400.36 -59653.1 -32283.3 55322.6 -32283.3 -59653.1
22.68 -22747.9 667.512 -23236.9 45883.2 -23236.9 667.512
22.7 -51634.5 62145.1 -12564 35780.3 -12564 62145.1
22.72 -78152.9 123087 -1306.63 25565.5 -1306.63 123087
22.74 -101557 180146 9246.78 15744.9 9246.78 180146
22.76 -121432 229580 18492.7 6582.84 18492.7 229580
22.78 -137552 268633 26550 -1870.58 26550 268633
22.8 -149755 295897 33645.3 -9580.94 33645.3 295897
22.82 -157855 311017 39619.8 -16389 39619.8 311017
22.84 -161581 314434 43804.8 -22003.1 43804.8 314434
22.86 -160325 306701 45175 -25992.1 45175 306701
22.88 -153105 287892 42776.6 -27791.6 42776.6 287892
22.9 -139941 259035 36298.2 -27082.5 36298.2 259035
22.92 -121377 221897 26395.5 -24154.5 26395.5 221897
22.94 -98144.8 177843 14409.9 -19518.4 14409.9 177843
22.96 -71536.2 127740 1586.79 -13408.6 1586.79 127740
22.98 -42837.2 72336.3 -11601.5 -5877.14 -11601.5 72336.3
23 -13390.5 13173.7 -25542.6 2913.76 -25542.6 13173.7
23.02 15580.9 -47514 -40962 12603 -40962 -47514
23.04 42992.4 -106960 -58152.3 22699.2 -58152.3 -106960
23.06 68034 -161982 -76555.9 32708.7 -76555.9 -161982
23.08 90132.8 -209402 -95034.7 42295.3 -95034.7 -209402
23.1 108826 -246957 -112456 51317.7 -112456 -246957
23.12 123659 -273924 -128002 59655.2 -128002 -273924
23.14 134219 -290810 -141117 67054.8 -141117 -290810
23.16 140204 -298494 -151384 73219.2 -151384 -298494
23.18 141406 -297480 -158406 77977.5 -158406 -297480
23.2 137230 -287121 -161665 81189.1 -161665 -287121
23.22 127701 -266726 -160593 82574.2 -160593 -266726
23.24 113278 -236408 -154980 81976.2 -154980 -236408
23.26 94387.8 -197223 -145411 79623.7 -145411 -197223
23.28 71877.6 -151033 -133161 75856 -133161 -151033
23.3 46608.7 -99608.8 -119319 70811.7 -119319 -99608.8
23.32 19507.2 -44672.5 -104006 64491.5 -104006 -44672.5
23.34 -8541.58 11963.4 -86389.7 56944.8 -86389.7 11963.4
23.36 -36582.5 68164.1 -65411.5 48357.7 -65411.5 68164.1
23.38 -63623.5 121440 -40733.9 39057.9 -40733.9 121440
23.4 -88717.8 169215 -13291.1 29445.6 -13291.1 169215
23.42 -111057 209485 14884.3 19853.7 14884.3 209485
23.44 -129978 241319 41397.9 10475.4 41397.9 241319
23.46 -144932 264637 64371 1453.67 64371 264637
23.48 -155478 279521 83078.6 -7006.86 83078.6 279521
23.5 -161293 285819 97973.3 -14664 97973.3 285819
23.52 -162041 283072 109958 -21338.5 109958 283072
23.54 -157357 270496 119476 -26855 119476 270496
23.56 -147608 247768 126188 -30920.6 126188 247768
23.58 -133380 215249 129271 -33332.7 129271 215249
23.6 -115161 174110 127817 -34168 127817 174110
23.62 -93647 126245 121099 -33513.2 121099 126245
23.64 -69501.4 73798 108940 -31255.3 108940 73798
23.66 -43487.2 19326.4 91918 -27274.7 91918 19326.4
23.68 -16433.6 -34544.3 70938.8 -21632.1 70938.8 -34544.3
23.7 10681.2 -85652.4 46834.8 -14538.7 46834.8 -85652.4
23.72 36799.1 -132481 20541.2 -6277.79 20541.2 -132481
23.74 60874.2 -173861 -6692.2 2852.5 -6692.2 -173861
23.76 81979.1 -208840 -33527.3 12608.1 -33527.3 -208840
23.78 99363.8 -236712 -58907.6 22811.3 -58907.6 -236712
23.8 112503 -256845 -82297.5 33278.6 -82297.5 -256845
23.82 121109 -268469 -103809 43780.4 -103809 -268469
23.84 125100 -270848 -124000 54075.4 -124000 -270848
23.86 124270 -263344 -143180 63893.7 -143180 -263344
23.88 118641 -245734 -160733 72788 -160733 -245734
23.9 108777 -218596 -175036 80190.9 -175036 -218596
23.92 95108.2 -183074 -183956 85761.2 -183956 -183074
23.94 78025.9 -140882 -185659 89433.7 -185659 -140882
23.96 58011.8 -94081.8 -179412 91181.4 -179412 -94081.8
23.98 35555.7 -44877.1 -166090 90905.3 -166090 -44877.1
24 11323.2 4433.64 -148162 88533.6 -148162 4433.64
24.02 -13820.8 51971.2 -128460 84175.6 -128460 51971.2
24.04 -38824.4 96792.5 -108452 78060.2 -108452 96792.5
24.06 -62619.9 138756 -87849.8 70365.6 -87849.8 138756
24.08 -84295 177677 -65680.1 61168.4 -65680.1 177677
24.1 -103177 212541 -41470 50512.2 -41470 212541
24.12 -118826 241319 -15691 38546.4 -15691 241319
24.14 -130976 261552 10438.7 25627.4 10438.7 261552
24.16 -139462 271541 35456.8 12277.8 35456.8 271541
24.18 -144169 271334 58109.2 -944.636 58109.2 271334
24.2 -144798 262300 77533.7 -13488.5 77533.7 262300
24.22 -141157 245947 93153.1 -24703.4 93153.1 245947
24.24 -133470 223130 104378 -33941.6 104378 223130
24.26 -121880 193845 110410 -40893.9 110410 193845
24.28 -106596 158232 110499 -45594.7 110499 158232
24.3 -88107.7 117474 104371 -48117.3 104371 117474
24.32 -67103.7 73685.6 92537.6 -48395.6 92537.6 73685.6
24.34 -44452.9 29052.4 76457.3 -46310.9 76457.3 29052.4
24.36 -21027.2 -15099.8 57942.4 -41835.3 57942.4 -15099.8
24.38 2360.57 -58289.8 38128.3 -34978.2 38128.3 -58289.8
24.4 24960.2 -100057 17137.7 -25738.1 17137.7 -100057
24.42 46044.1 -139157 -5368.21 -14216.4 -5368.21 -139157
24.44 64918.4 -173478 -29510.6 -719.449 -29510.6 -173478
24.46 80990.9 -200689 -54934.1 14241 -54934.1 -200689
24.48 93825.8 -219297 -80776.6 29994.2 -80776.6 -219297
24.5 103138 -229379 -105649 45782.9 -105649 -229379
24.52 108764 -232213 -127745 60876.2 -127745 -232213
24.54 110563 -228887 -145234 74654.5 -145234 -228887
24.56 108349 -219303 -156811 86563.5 -156811 -219303
24.58 102179 -202793 -162017 96053.9 -162017 -202793
24.6 92203.8 -179172 -161233 102752 -161233 -179172
24.62 78673.3 -149289 -155359 106634 -155359 -149289
24.64 62104.4 -114766 -145379 107823 -145379 -114766
24.66 43119.9 -77213.3 -132024 106337 -132024 -77213.3
24.68 22378.3 -37869.9 -115476 102090 -115476 -37869.9
24.7 513.959 2354.53 -95425.9 94981.9 -95425.9 2354.53
24.72 -21778.1 42396.7 -71644.2 84976.8 -71644.2 42396.7
24.74 -43724 80724 -44461.6 72231.1 -44461.6 80724
24.76 -64529.9 115626 -14853.3 57146.7 -14853.3 115626
24.78 -83496.7 145819 15695.2 40311.1 15695.2 145819
24.8 -100072 170694 45392.6 22417.4 45392.6 170694
24.82 -113823 190102 72552.9 4243.54 72552.9 190102
24.84 -124386 204008 96039.3 -13363.5 96039.3 204008
24.86 -131464 212255 115286 -29578.5 115286 212255
24.88 -134873 214461 129936 -43735.2 129936 214461
24.9 -134468 210028 139694 -55391.2 139694 210028
24.92 -130231 198506 144500 -64230.3 144500 198506
24.94 -122387 180064 144529 -69953.3 144529 180064
24.96 -111148 155518 139687 -72376.6 139687 155518
24.98 -96805.4 126208 129415 -71484 129415 126208
25 -79820.7 93676 113248 -67303.7 113248 93676
25.02 -60736.2 59369.6 91210.3 -59885.5 91210.3 59369.6
25.04 -40174.7 24519.2 63735.2 -49330 63735.2 24519.2
25.06 -18792.4 -9957.16 31811.6 -35824.9 31811.6 -9957.16
25.08 2698.84 -43319.2 -2831.23 -19743.8 -2831.23 -43319.2
25.1 23557.1 -74761 -38241.8 -1696.05 -38241.8 -74761
25.12 43055.4 -103301 -73064.7 17536.2 -73064.7 -103301
25.14 60534.7 -127937 -106704 37114.9 -106704 -127937
25.16 75441.3 -147877 -138856 56238.3 -138856 -147877
25.18 87359.6 -162586 -169096 74188.8 -169096 -162586
25.2 96021.8 -171627 -196763 90355.7 -196763 -171627
25.22 101282 -174555 -220964 104245 -220964 -174555
25.24 103033 -170990 -240663 115481 -240663 -170990
25.26 101197 -160890 -254861 123769 -254861 -160890
25.28 95874.3 -144933 -262661 128873 -262661 -144933
25.3 87284.1 -124492 -263141 130705 -263141 -124492
25.32 75720.3 -101112 -255068 129361 -255068 -101112
25.34 61602.9 -75840.6 -237648 124916 -237648 -75840.6
25.36 45359.5 -49110.3 -212005 117421 -212005 -49110.3
25.38 27421.8 -21331.3 -180868 107142 -180868 -21331.3
25.4 8308.03 6694.06 -146532 94412.3 -146532 6694.06
25.42 -11317.6 33827.3 -110046 79444.9 -110046 33827.3
25.44 -30653 58885.2 -72052.4 62494.5 -72052.4 58885.2
25.46 -48886.8 80921 -33183.8 44030.4 -33183.8 80921
25.48 -65328.6 99329.9 6161.2 24714.4 6161.2 99329.9
25.5 -79454 113753 45601 5313.88 45601 113753
25.52 -90875.9 123890 84173.7 -13363.8 84173.7 123890
25.54 -99323.2 129376 120355 -30557.6 120355 129376
25.56 -104651 129823 152633 -45626.7 152633 129823
25.58 -106818 125046 179715 -58068.2 179715 125046
25.6 -105887 115375 200263 -67536.5 200263 115375
25.62 -102049 101758 212924 -73915.7 212924 101758
25.64 -95556.7 85409.2 216838 -77353.6 216838 85409.2
25.66 -86688.6 67282 211663 -78121.5 211663 67282
25.68 -75710.1 47789.5 197124 -76358.3 197124 47789.5
25.7 -62886.3 26991.9 173904 -72014.8 173904 26991.9
25.72 -48464.9 5067.43 144446 -65031.4 144446 5067.43
25.74 -32725.1 -17373.5 111349 -55385.7 111349 -17373.5
25.76 -16067.8 -39322.4 75665.5 -43028.8 75665.5 -39322.4
25.78 972.44 -59694.5 37491.9 -27966.6 37491.9 -59694.5
25.8 17744.8 -77709.1 -2790.7 -10442 -2790.7 -77709.1
25.82 33589 -93062.9 -44479.7 8955.15 -44479.7 -93062.9
25.84 47933.5 -105810 -86808.9 29314.1 -86808.9 -105810
25.86 60335 -116058 -128572 49561 -128572 -116058
25.88 70460.7 -123628 -167925 68684.2 -167925 -123628
25.9 78071.1 -127910 -203113 85886.7 -203113 -127910
25.92 83008.2 -128085 -233163 100599 -233163 -128085
25.94 85164.1 -123561 -257561 112470 -257561 -123561
25.96 84489 -114333 -275614 121404 -275614 -114333
25.98 81023.4 -101058 -286471 127556 -286471 -101058
26 74879.4 -84828.4 -289467 131174 -289467 -84828.4
26.02 66200.5 -66743.3 -283724 132395 -283724 -66743.3
26.04 55180.6 -47478.7 -268001 131108 -268001 -47478.7
26.06 42091.1 -27210.2 -242517 127036 -242517 -27210.2
26.08 27221.3 -6070.92 -210187 119931 -210187 -6070.92
26.1 10937.8 15368.9 -174598 109637 -174598 15368.9
26.12 -6229.14 36194.5 -137680 96103.1 -137680 36194.5
26.14 -23587.2 55677 -99945.2 79506 -99945.2 55677
26.16 -40361.5 73547.8 -61582.2 60371.3 -61582.2 73547.8
26.18 -55868.8 89739.7 -22714.5 39557.7 -22714.5 89739.7
26.2 -69609.3 103955 16283.9 18154.5 16283.9 103955
26.22 -81228.2 115454 54191.1 -2684.76 54191.1 115454
26.24 -90439.1 123207 89215.9 -21949.7 89215.9 123207
26.26 -97019.5 126410 120087 -38899.4 120087 126410
26.28 -100863 125089 146342 -53045.7 146342 125089
26.3 -102006 120191 167413 -64118.5 167413 120191
26.32 -100656 112974 181934 -72086.1 181934 112974
26.34 -97100.1 104170 188198 -77111.3 188198 104170
26.36 -91563.4 93681.8 184908 -79377.6 184908 93681.8
26.38 -84137.7 81030.1 171397 -78884.1 171397 81030.1
26.4 -74850.4 66041 148505 -75434.7 148505 66041
26.42 -63727.4 49217.5 119258 -68855.7 119258 49217.5
26.44 -50857.6 31475.4 87154.2 -59077.2 87154.2 31475.4
26.46 -36459.4 13540.3 54000.9 -46043.6 54000.9 13540.3
26.48 -20895.2 -4354.56 20005.6 -29765.3 20005.6 -4354.56
26.5 -4712.76 -22177.4 -14919.3 -10528.7 -14919.3 -22177.4
26.52 11389.6 -39624.4 -50638.5 10945.6 -50638.5 -39624.4
26.54 26653.3 -55994.9 -86797 33522.6 -86797 -55994.9
26.56 40378.5 -70488.3 -122570 55853.6 -122570 -70488.3
26.58 52020.3 -82569.5 -156530 76665.7 -156530 -82569.5
26.6 61241.4 -92073.3 -187102 94968.7 -187102 -92073.3
26.62 67905.4 -98983.7 -213034 110089 -213034 -98983.7
26.64 72019.7 -103083 -233297 121638 -233297 -103083
26.66 73662.3 -103796 -246817 129534 -246817 -103796
26.68 72910.6 -100457 -252605 133989 -252605 -100457
26.7 69800.1 -92876.4 -249985 135335 -249985 -92876.4
26.72 64307 -81711.7 -238497 133773 -238497 -81711.7
26.74 56427.2 -68237.4 -218560 129318 -218560 -68237.4
26.76 46227 -53685.2 -192171 121934 -192171 -53685.2
26.78 33877.4 -38740.5 -161765 111551 -161765 -38740.5
26.8 19715 -23559.1 -128669 98025.9 -128669 -23559.1
26.82 4270.52 -8106.95 -93256.9 81304.7 -93256.9 -8106.95
26.84 -11727.8 7574.91 -55977 61674.9 -55977 7574.91
26.86 -27479.6 23286.6 -17591.5 39906.3 -17591.5 23286.6
26.88 -42289.4 38690.2 21022.2 17175.1 21022.2 38690.2
26.9 -55670.7 53331.5 58719 -5171.89 58719 53331.5
26.92 -67315.1 66582 93958.1 -25893.5 93958.1 66582
26.94 -77004.6 77583.1 125278 -44027.8 125278 77583.1
26.96 -84553.2 85414.8 151805 -58922.1 151805 85414.8
26.98 -89806 89482.8 173063 -70224.7 173063 89482.8
27 -92665.6 89772.4 188425 -77915.6 188425 89772.4
27.02 -93099.3 86728.9 197010 -82273.7 197010 86728.9
27.04 -91110.9 80952.7 198034 -83671.3 198034 80952.7
27.06 -86689.2 73009.4 190756 -82311.7 190756 73009.4
27.08 -79884.8 63389.5 174667 -78144.8 174667 63389.5
27.1 -70843.9 52474.3 150666 -71038.3 150666 52474.3
27.12 -59824.7 40467.6 121294 -60929 121294 40467.6
27.14 -47195.5 27333.6 88818.8 -47774.8 88818.8 27333.6
27.16 -33358.4 12847 54189.3 -31572.3 54189.3 12847
27.18 -18760.9 -3127.62 18168.6 -12566.3 18168.6 -3127.62
27.2 -3900.97 -20211 -18090.5 8569.78 -18090.5 -20211
27.22 10689.5 -37325.5 -53672.4 30734 -53672.4 -37325.5
27.24 24481.5 -53101.3 -88131.2 52573.4 -88131.2 -53101.3
27.26 36974.7 -66585.8 -120893 72780.1 -120893 -66585.8
27.28 47733.6 -77507.1 -151063 90354.8 -151063 -77507.1
27.3 56420.2 -85863.8 -177867 104672 -177867 -85863.8
27.32 62787.5 -91459 -200727 115390 -200727 -91459
27.34 66658.5 -93940.9 -218762 122411 -218762 -93940.9
27.36 67950 -93146.8 -230647 125926 -230647 -93146.8
27.38 66711.6 -89255.6 -235194 126355 -235194 -89255.6
27.4 63105.3 -82667.4 -231767 124100 -231767 -82667.4
27.42 57311.9 -73792.7 -220114 119335 -220114 -73792.7
27.44 49489.5 -62910.8 -200766 112063 -200766 -62910.8
27.46 39764.5 -50178.3 -175555 102288 -175555 -50178.3
27.48 28296.6 -35812.7 -146750 90032.3 -146750 -35812.7
27.5 15365.3 -20300.6 -115878 75335.3 -115878 -20300.6
27.52 1392.77 -4348.34 -83792.3 58387.9 -83792.3 -4348.34
27.54 -13059.6 11396.1 -51235.1 39676.8 -51235.1 11396.1
27.56 -27364.3 26508.9 -18809.9 20025 -18809.9 26508.9
27.58 -40908.7 40687.8 13134.7 514.051 13134.7 40687.8
27.6 -53143.2 53592.4 44171.4 -17700.5 44171.4 53592.4
27.62 -63605.7 64813.8 73455.1 -33617.3 73455.1 64813.8
27.64 -71960.5 73908.2 99879.7 -46531.7 99879.7 73908.2
27.66 -78033.9 80426 122379 -56046.5 122379 80426
27.68 -81801.6 83987.9 139939 -62051.4 139939 83987.9
27.7 -83331.6 84388.6 151534 -64728.2 151534 84388.6
27.72 -82718.1 81623.8 156335 -64491.3 156335 81623.8
27.74 -80035.4 75874.9 153914 -61789.8 153914 75874.9
27.76 -75326.6 67548.2 144118 -56919 144118 67548.2
27.78 -68648.3 57270.4 127386 -50035.1 127386 57270.4
27.8 -60098.2 45684.3 105195 -41243.3 105195 45684.3
27.82 -49843.1 33197 79392.4 -30569.6 79392.4 33197
27.84 -38147.1 19986 51260.1 -17966.3 51260.1 19986
27.86 -25389 6213.22 21582.9 -3468.18 21582.9 6213.22
27.88 -12081.7 -7854.59 -8883.8 12625.9 -8883.8 -7854.59
27.9 1180.09 -21884.1 -39447.4 29675.1 -39447.4 -21884.1
27.92 13821.7 -35508.1 -69616 46754.4 -69616 -35508.1
27.94 25369.1 -48307.6 -98856.1 62833.2 -98856.1 -48307.6
27.96 35462.4 -59814.5 -126326 76996 -126326 -59814.5
27.98 43835.2 -69524.6 -151024 88574.7 -151024 -69524.6
28 50300.7 -76904.3 -172050 97163.7 -172050 -76904.3
28.02 54745.9 -81469.2 -188610 102624 -188610 -81469.2
28.04 57121.7 -82950.8 -199911 105111 -199911 -82950.8
28.06 57423.7 -81400.1 -205286 105027 -205286 -81400.1
28.08 55668.5 -77110.9 -204389 102819 -204389 -77110.9
28.1 51875.8 -70477 -197049 98781 -197049 -70477
28.12 46103.7 -61924.1 -183421 93048.2 -183421 -61924.1
28.14 38470.9 -51874.5 -164453 85685.3 -164453 -51874.5
28.16 29176.6 -40685.9 -141602 76692 -141602 -40685.9
28.18 18518.1 -28623.7 -116086 66012.6 -116086 -28623.7
28.2 6876.4 -15909.2 -88766.1 53658.1 -88766.1 -15909.2
28.22 -5290.77 -2779.88 -60476.2 39854 -60476.2 -2779.88
28.24 -17485.6 10466 -32039 25108 -32039 10466
28.26 -29223.2 23427.1 -4102.97 10179.3 -4102.97 23427.1
28.28 -40074.1 35593.8 22762.9 -4047.02 22762.9 35593.8
28.3 -49676.7 46417.1 47850.9 -16744.5 47850.9 46417.1
28.32 -57738.1 55401.8 70354.7 -27291.4 70354.7 55401.8
28.34 -64037.9 62148.4 89557.5 -35309.5 89557.5 62148.4
28.36 -68429.8 66371.4 104830 -40653.3 104830 66371.4
28.38 -70836.4 67948.4 115474 -43413.9 115474 67948.4
28.4 -71240.8 66961.2 120740 -43890 120740 66961.2
28.42 -69675.6 63639.8 120063 -42454.6 120063 63639.8
28.44 -66203.5 58258.8 113145 -39384.5 113145 58258.8
28.46 -60923.4 51098.9 100144 -34814.5 100144 51098.9
28.48 -53969 42458.6 81958.5 -28795.1 81958.5 42458.6
28.5 -45519.3 32643.1 59902.8 -21308.5 59902.8 32643.1
28.52 -35821.1 21948.8 35067.2 -12281.4 35067.2 21948.8
28.54 -25191.3 10676.7 8232.59 -1681.37 8232.59 10676.7
28.56 -14016.5 -856.673 -19837.2 10358 -19837.2 -856.673
28.58 -2726.09 -12322.8 -48344.8 23465.2 -48344.8 -12322.8
28.6 8245.9 -23371.2 -76578.3 37039.3 -76578.3 -23371.2
28.62 18489.8 -33629 -103734 50337.5 -103734 -33629
28.64 27628.3 -42743.7 -128548 62622.8 -128548 -42743.7
