0.02 -7.18207 0.156176 -28.1476 0.0644574 -28.1476 0.156176
0.04 -34.8518 4.33648 -62.7534 0.799753 -62.7534 4.33648
0.06 -86.5187 13.9011 -19.6417 3.40028 -19.6417 13.9011
0.08 -139.947 41.3585 69.0715 10.6849 69.0715 41.3585
0.1 -132.544 95.0198 142.089 28.9174 142.089 95.0198
0.12 22.0169 124.017 222.187 60.4447 222.187 124.017
0.14 394.94 97.0919 307.312 97.9218 307.312 97.0919
0.16 1005.24 25.9578 380.501 134.687 380.501 25.9578
0.18 1802.39 -93.5398 457.504 165.121 457.504 -93.5398
0.2 2710.47 -212.009 542.366 179.2 542.366 -212.009
0.22 3686.06 -289.856 618.686 179.458 618.686 -289.856
0.24 4714.38 -399.226 685.282 189.052 685.282 -399.226
0.26 5769.3 -576.626 761.755 241.142 761.755 -576.626
0.28 6803.04 -745.952 874.037 378.09 874.037 -745.952
0.3 7771.47 -876.676 1030.13 628.581 1030.13 -876.676
0.32 8667.76 -1017 1200.11 961.53 1200.11 -1017
0.34 9545.77 -1154.74 1329.32 1304.35 1329.32 -1154.74
0.36 10498.9 -1243.44 1385.45 1612.87 1385.45 -1243.44
0.38 11593.5 -1318.84 1375.44 1874.35 1375.44 -1318.84
0.4 12810.1 -1461.55 1313.74 2054.68 1313.74 -1461.55
0.42 14037.2 -1669.34 1230.77 2103.49 1230.77 -1669.34
0.44 15115.3 -1844.44 1194.85 2013.2 1194.85 -1844.44
0.46 15917.9 -1888.62 1213.03 1840.09 1213.03 -1888.62
0.48 16437.5 -1793.32 1146.46 1673.37 1146.46 -1793.32
0.5 16796.2 -1663.27 894.667 1595.99 894.667 -1663.27
0.52 17134.5 -1626.76 561.527 1652.94 561.527 -1626.76
0.54 17397.8 -1804.36 300.126 1819.77 300.126 -1804.36
0.56 17252.2 -2115.37 190.803 2001.55 190.803 -2115.37
0.58 16309.8 -2205.9 259.062 2103.78 259.062 -2205.9
0.6 14449.2 -1924.98 415.853 2092.75 415.853 -1924.98
0.62 11901.8 -1527.84 491.968 1966.53 491.968 -1527.84
0.64 9037.51 -1247.56 438.589 1741.11 438.589 -1247.56
0.66 6070.48 -1026.81 409.711 1484.54 409.711 -1026.81
0.68 2920.05 -808.289 608.195 1243.06 608.195 -808.289
0.7 -633.08 -589.469 1087.33 914.128 1087.33 -589.469
0.72 -4630.32 -234.73 1692.05 333.187 1692.05 -234.73
0.74 -8818.6 336.777 2188.56 -504.167 2188.56 336.777
0.76 -12827.3 995.85 2445.88 -1416.17 2445.88 995.85
0.78 -16446.8 1465.85 2530.75 -2216.97 2530.75 1465.85
0.8 -19733.6 1645.83 2699.84 -2848.06 2699.84 1645.83
0.82 -22855 1790.7 3216.57 -3340.4 3216.57 1790.7
0.84 -25839.3 2130.82 3994.02 -3720.5 3994.02 2130.82
0.86 -28424.8 2585.97 4594.41 -3966.15 4594.41 2585.97
0.88 -30157.6 2895.05 4728.8 -3992.53 4728.8 2895.05
0.9 -30718.6 2877.5 4503.38 -3683.32 4503.38 2877.5
0.92 -30236.6 2509.05 4252.99 -3020.32 4252.99 2509.05
0.94 -29226.2 2006.17 4264.08 -2194.55 4264.08 2006.17
0.96 -28149.7 1663.52 4636.68 -1510.58 4636.68 1663.52
0.98 -27037 1539.46 5119.95 -1145.94 5119.95 1539.46
1 -25403.7 1163.01 6439.15 -1041.3 6439.15 1163.01
1.02 -22794.8 838.628 5963.59 -922.896 5963.59 838.628
1.04 -19404.8 1156.1 1269.45 -424.458 1269.45 1156.1
1.06 -15834.6 968.653 -1187.55 408.295 -1187.55 968.653
1.08 -12638.7 399.866 -126.658 981.569 -126.658 399.866
1.1 -10090 594.762 -607.87 970.511 -607.87 594.762
1.12 -7947.79 573.325 -230.119 571.399 -230.119 573.325
1.14 -5678.79 411.25 356.56 61.6635 356.56 411.25
1.16 -3087.5 1077.36 -3431.38 -54.8571 -3431.38 1077.36
1.18 -498.922 1096.67 -6313.27 627.613 -6313.27 1096.67
1.2 1599.03 252.678 -5010.54 1544.66 -5010.54 252.678
1.22 3002.08 221.275 -4241.81 1665.23 -4241.81 221.275
1.24 3914.9 579.092 -4506.6 566.592 -4506.6 579.092
1.26 4696.34 486.626 -4226.97 -1363.06 -4226.97 486.626
1.28 5425.22 400.713 -4380.75 -3016.94 -4380.75 400.713
1.3 5547.25 291.294 -4660.81 -3259.63 -4660.81 291.294
1.32 4251.81 -122.918 -3319.96 -2276.33 -3319.96 -122.918
1.34 1409.4 -329.812 -531.013 -1525.28 -531.013 -329.812
1.36 -2106.06 -622.314 3489.8 -2041.37 3489.8 -622.314
1.38 -5373.89 -635.844 4432.55 -3314.52 4432.55 -635.844
1.4 -8353.41 672.547 -842.015 -3831.82 -842.015 672.547
1.42 -11573.8 1294.72 -2762.94 -2913.37 -2762.94 1294.72
1.44 -15425.1 716.363 1680.69 -1712.92 1680.69 716.363
1.46 -19717.9 1130.92 4490.44 -1635.63 4490.44 1130.92
1.48 -23777.6 1909.27 5221.87 -2759.4 5221.87 1909.27
1.5 -27094.6 1881.18 5854.91 -4219.04 5854.91 1881.18
1.52 -29783.1 2142.51 4325.72 -4719.17 4325.72 2142.51
1.54 -32313.1 2995.83 1920.6 -3149.22 1920.6 2995.83
1.56 -34731.4 3303.77 2430.75 -140.765 2430.75 3303.77
1.58 -36247.2 2874.38 5122.11 1881.26 5122.11 2874.38
1.6 -35805.9 2504.81 6156.24 1309.41 6156.24 2504.81
1.62 -33145.4 2494.01 4176.07 -740.909 4176.07 2494.01
1.64 -29229.5 2302.2 1410.52 -1784.39 1410.52 2302.2
1.66 -25474.6 1787.37 244.31 -682.281 244.31 1787.37
1.68 -22422.9 1634.44 836.534 1406.05 836.534 1634.44
1.7 -19156.5 2112.38 1846.76 2459.86 1846.76 2112.38
1.72 -14233.5 2088.43 2076.69 1637.16 2076.69 2088.43
1.74 -7230.26 848.636 882.611 28.923 882.611 848.636
1.76 762.262 -379.497 -1694.71 -366.938 -1694.71 -379.497
1.78 8011.23 -770.405 -4113.47 1293.47 -4113.47 -770.405
1.8 13674.1 -870.153 -4319.54 3486.09 -4319.54 -870.153
1.82 18636.1 -941.86 -2534.5 3740.63 -2534.5 -941.86
1.84 24603.4 -920.978 -1414.56 1426.22 -1414.56 -920.978
1.86 32181.5 -1516.07 -2237.45 -1543.54 -2237.45 -1516.07
1.88 40047.1 -3069.8 -3778.34 -2799.74 -3778.34 -3069.8
1.9 46138 -4299.94 -5101.65 -1668.47 -5101.65 -4299.94
1.92 49395.9 -4244.58 -6002.78 560.739 -6002.78 -4244.58
1.94 50469 -3501.15 -6019.94 1902.19 -6019.94 -3501.15
1.96 50893 -3178.62 -5456.29 1447.45 -5456.29 -3178.62
1.98 51445.2 -3778.19 -5566.08 246.958 -5566.08 -3778.19
2 51213.4 -4800.19 -6552.87 241.628 -6552.87 -4800.19
2.02 48269.6 -5380.58 -7383.77 2189.62 -7383.77 -5380.58
2.04 41410.6 -4898.16 -7295.56 4819.12 -7295.56 -4898.16
2.06 31354.4 -3200.1 -6464.73 6109.01 -6464.73 -3200.1
2.08 20193.8 -1093.7 -5596.32 5238.12 -5596.32 -1093.7
2.1 9634.26 49.3295 -4966.77 3172.76 -4966.77 49.3295
2.12 -175.359 124.207 -4139.41 1581.72 -4139.41 124.207
2.14 -10211.4 363.724 -2613.88 1317.31 -2613.88 363.724
2.16 -21219.7 1440.51 -516.657 1662.66 -516.657 1440.51
2.18 -32680.1 2974.31 1863.26 971.861 1863.26 2974.31
2.2 -42911.7 4595.04 4053.04 -1629 4053.04 4595.04
2.22 -50398.9 5821.04 5246.63 -5198.14 5246.63 5821.04
2.24 -55182.7 5714.1 5980.26 -7937.19 5980.26 5714.1
2.26 -58683.9 4709.08 7517.45 -8917.37 7517.45 4709.08
2.28 -62252.9 4413.13 9421.98 -8554.45 9421.98 4413.13
2.3 -66040.1 5094.54 10699.9 -7886.2 10699.9 5094.54
2.32 -68886.4 5812.42 11673 -7606.83 11673 5812.42
2.34 -69201.9 5907.42 12333.2 -7352.51 12333.2 5907.42
2.36 -66363.2 5072.22 11641.5 -6038.17 11641.5 5072.22
2.38 -61291.8 3493.49 10128 -3289.37 10128 3493.49
2.4 -55440.2 2236.35 9319.81 -210.935 9319.81 2236.35
2.42 -49439.3 2045.41 8717.57 1556.68 8717.57 2045.41
2.44 -42753.8 2479.83 7201.27 1279.49 7201.27 2479.83
2.46 -34247.7 2948.43 5001 -313.062 5001 2948.43
2.48 -23340.6 2757.8 2253.73 -1668.87 2253.73 2757.8
2.5 -10949.9 1328.27 -937.676 -1771.85 -937.676 1328.27
2.52 1078.64 -222.051 -3440.44 -859.031 -3440.44 -222.051
2.54 11356.9 -801.403 -4651.05 153.646 -4651.05 -801.403
2.56 19657.9 -846.004 -5892.28 553.944 -5892.28 -846.004
2.58 26592.4 -902.186 -8242.49 373.508 -8242.49 -902.186
2.6 32758.1 -1272.48 -10430.2 441.57 -10430.2 -1272.48
2.62 37898 -2320.44 -11259.1 1557.51 -11259.1 -2320.44
2.64 40764.7 -3799.54 -11312.2 3446.34 -11312.2 -3799.54
2.66 40392.6 -4136.82 -11195.6 4961.82 -11195.6 -4136.82
2.68 37259.4 -2886.54 -10755.7 5248.13 -10755.7 -2886.54
2.7 32916.3 -1561.02 -10029.8 4313.22 -10029.8 -1561.02
2.72 28688.7 -1103.6 -9338.03 2838.12 -9338.03 -1103.6
2.74 24635.5 -1462.37 -7985.38 1621.58 -7985.38 -1462.37
2.76 19766 -1742.17 -5354.58 767.884 -5354.58 -1742.17
2.78 13094.1 -1154.05 -2709.96 -518.744 -2709.96 -1154.05
2.8 4522.79 -42.3061 -1051.42 -3007.04 -1051.42 -42.3061
2.82 -5112.6 1144.29 778.998 -6346.37 778.998 1144.29
2.84 -14927.1 2098.89 4065.69 -9117.88 4065.69 2098.89
2.86 -24662.6 2466.59 8379.54 -10087.3 8379.54 2466.59
2.88 -34206.9 2446.06 12920.6 -9221.34 12920.6 2446.06
2.9 -42742.8 2589.5 17156.8 -7378.53 17156.8 2589.5
2.92 -48932.9 2891.92 19653.5 -5335.3 19653.5 2891.92
2.94 -52014.8 2724.82 19692.9 -3328.08 19692.9 2724.82
2.96 -52359 1875.3 19295.5 -1293.91 19295.5 1875.3
2.98 -50979 799.369 20573.1 690.509 20573.1 799.369
3 -48511.2 150.261 22770.4 2248.47 22770.4 150.261
3.02 -44463.4 217.71 23712.3 3075.16 23712.3 217.71
3.04 -37621.2 296.086 22224.6 3455.34 22224.6 296.086
3.06 -27425.3 -507.771 18611.6 4210 18611.6 -507.771
3.08 -14936.6 -2088.75 14211.4 6022.68 14211.4 -2088.75
3.1 -2097.92 -3394.68 10802.3 8751.52 10802.3 -3394.68
3.12 10008.3 -3841.27 9240.6 11320.5 9240.6 -3841.27
3.14 21854.6 -4165.69 8105.27 12425.5 8105.27 -4165.69
3.16 34597.5 -4763.77 4920.01 11750.6 4920.01 -4763.77
3.18 48635.4 -5225.25 -768.949 10497.3 -768.949 -5225.25
3.2 62981.7 -5673.89 -6563.57 10152.1 -6563.57 -5673.89
3.22 75974.1 -6504.28 -10555.6 10710 -10555.6 -6504.28
3.24 86496.1 -7312.01 -13350.6 10714.7 -13350.6 -7312.01
3.26 94608.2 -7225.05 -15756.4 9052.7 -15756.4 -7225.05
3.28 100829 -6613.19 -18092.5 6139.38 -18092.5 -6613.19
3.3 105092 -6376.03 -21039.7 3389.08 -21039.7 -6376.03
3.32 106775 -6127.91 -24340 2019.63 -24340 -6127.91
3.34 105194 -5615.28 -26496.9 2066.64 -26496.9 -5615.28
3.36 99786.1 -5417.45 -26475.5 2079.91 -26475.5 -5417.45
3.38 90283.5 -5090.64 -24662.2 375.373 -24662.2 -5090.64
3.4 76980.5 -3668.13 -22144.1 -3038.21 -22144.1 -3668.13
3.42 60594.6 -1677.1 -19614.4 -6446.21 -19614.4 -1677.1
3.44 41948.7 -111.854 -17087.4 -8358.04 -17087.4 -111.854
3.46 21885.7 1192.15 -14099.7 -8738.61 -14099.7 1192.15
3.48 1045.41 2557.65 -10364.7 -8604.94 -10364.7 2557.65
3.5 -20412.7 3727.21 -5801.92 -9102.44 -5801.92 3727.21
3.52 -42489.4 4779.16 -387.594 -10644.8 -387.594 4779.16
3.54 -64736.5 6137.34 5352.38 -12477.8 5352.38 6137.34
3.56 -86044.2 7894.96 10610.9 -13322.6 10610.9 7894.96
3.58 -104970 9582.03 14707.6 -12593.2 14707.6 9582.03
3.6 -120405 10357.8 17376.8 -10834.9 17376.8 10357.8
3.62 -132184 9986.84 19380.5 -9032.33 19380.5 9986.84
3.64 -141163 9168.08 21914 -7663.89 21914 9168.08
3.66 -148406 8876.2 24977.3 -6427.27 24977.3 8876.2
3.68 -153986 9417.61 27315.5 -4737.62 27315.5 9417.61
3.7 -156559 10065.3 28421.7 -2372.79 28421.7 10065.3
3.72 -154097 10129 28571.6 403.882 28571.6 10129
3.74 -145379 9292.02 27300 3155.96 27300 9292.02
3.76 -130929 7511.7 24609.4 5393.19 24609.4 7511.7
3.78 -112466 5396.66 21739.3 6535.95 21739.3 5396.66
3.8 -91525.4 3851.35 19196.6 6200.18 19196.6 3851.35
3.82 -68508.7 3338.22 15819.3 4608.35 15819.3 3338.22
3.84 -42970.3 3078.98 10856.9 2532.57 10856.9 3078.98
3.86 -14714.7 1707.03 5386.84 776.54 5386.84 1707.03
3.88 15176.3 -1091.62 298.831 -191.334 298.831 -1091.62
3.9 44228.3 -4335.8 -4613.89 -238.113 -4613.89 -4335.8
3.92 69640.6 -6864.01 -9342.67 468.38 -9342.67 -6864.01
3.94 89637.3 -8282.49 -13727.4 1497.05 -13727.4 -8282.49
3.96 104147 -8562.2 -17980.9 2486.56 -17980.9 -8562.2
3.98 114138 -8316.37 -22175.8 3460.53 -22175.8 -8316.37
4 120147 -8736.53 -25512.6 4502.45 -25512.6 -8736.53
4.02 121695 -9491.7 -26890.5 5301.26 -26890.5 -9491.7
4.04 117978 -9146.94 -26359.4 5337.8 -26359.4 -9146.94
4.06 108899 -7508.73 -24744.9 4238.17 -24744.9 -7508.73
4.08 95431.6 -5538.31 -22310.4 1883.33 -22310.4 -5538.31
4.1 79209.1 -3556.55 -18819.3 -1378.11 -18819.3 -3556.55
4.12 61720.1 -1427.69 -14373.9 -4724.1 -14373.9 -1427.69
4.14 43589 135.734 -9349.94 -7583.21 -9349.94 135.734
4.16 24729 744.23 -3623.46 -10134.1 -3623.46 744.23
4.18 4930.69 1037.99 2949.9 -12641.5 2949.9 1037.99
4.2 -15772.4 1830.98 9789.01 -14652 9789.01 1830.98
4.22 -37059.7 2995.19 16035.2 -15228.1 16035.2 2995.19
4.24 -58385.9 3507.35 21653.3 -13748.4 21653.3 3507.35
4.26 -78786.5 3470.96 27427.9 -10192 27427.9 3470.96
4.28 -97017.2 3640.81 32880.2 -4912.41 32880.2 3640.81
4.3 -112162 3490.6 36668.8 1316.34 36668.8 3490.6
4.32 -123776 2716.05 38787.6 7287.66 38787.6 2716.05
4.34 -131291 2728.64 39642.8 12065.5 39642.8 2728.64
4.36 -133659 4065 38841.3 15410.3 38841.3 4065
4.38 -129562 5316.39 36496.6 17136.2 36496.6 5316.39
4.4 -117536 6007.1 33313.9 16852.6 33313.9 6007.1
4.42 -96620.3 6180.07 29151 14666 29151 6180.07
4.44 -67442.7 4821.46 24228.1 11285.1 24228.1 4821.46
4.46 -32119.1 2215.59 19287 7529.72 19287 2215.59
4.48 6851.76 -323.903 13540.5 4316.59 13540.5 -323.903
4.5 47466.6 -2690.24 6236.04 2494.92 6236.04 -2690.24
4.52 88723.2 -5061.8 -1405.12 2394.33 -1405.12 -5061.8
4.54 130474 -7733.58 -8454.7 4001.38 -8454.7 -7733.58
4.56 172387 -11687.9 -15214.1 7230.13 -15214.1 -11687.9
4.58 213124 -16619.1 -21840.5 11697.2 -21840.5 -16619.1
4.6 250620 -20744.3 -28985.4 16700.2 -28985.4 -20744.3
4.62 282743 -23560 -37486.3 21380.5 -37486.3 -23560
4.64 307742 -25595.2 -46183 24732.3 -46183 -25595.2
4.66 324587 -26510.4 -52889.4 26008.6 -52889.4 -26510.4
4.68 332742 -26254.2 -57467.8 25178.4 -57467.8 -26254.2
4.7 331434 -25754.4 -61219.9 22530.8 -61219.9 -25754.4
4.72 319561 -24665.7 -64602.4 18302.2 -64602.4 -24665.7
4.74 296374 -21533.5 -67334.4 13091.7 -67334.4 -21533.5
4.76 261985 -16426.8 -68679.1 7772.81 -68679.1 -16426.8
4.78 217542 -10651.9 -67442.7 2602.52 -67442.7 -10651.9
4.8 165277 -4727.45 -63326.7 -2822.7 -63326.7 -4727.45
4.82 107956 1402.7 -57672.7 -8630.26 -57672.7 1402.7
4.84 47610.8 6981.44 -51767 -14366.3 -51767 6981.44
4.86 -15231.8 11291.5 -45449.5 -19511.6 -45449.5 11291.5
4.88 -81013.2 15132.3 -37865.1 -23753.8 -37865.1 15132.3
4.9 -149901 19726.7 -28676.8 -27011.1 -28676.8 19726.7
4.92 -220702 25174.4 -18559.4 -29573 -18559.4 25174.4
4.94 -290446 30794.3 -8622.91 -31803.4 -8622.91 30794.3
4.96 -355093 35966.9 485.211 -33439.5 485.211 35966.9
4.98 -411254 40034.7 8600.72 -33743.2 8600.72 40034.7
5 -457483 42535.9 16012.8 -32689 16012.8 42535.9
5.02 -493777 44167.7 23532.2 -31554.9 23532.2 44167.7
5.04 -519936 46270.8 31180.7 -31982.9 31180.7 46270.8
5.06 -534371 49206.7 37815.8 -34577 37815.8 49206.7
5.08 -534220 51649.9 42941.8 -38393.3 42941.8 51649.9
5.1 -516541 51742.8 47542.7 -41555.5 47542.7 51742.8
5.12 -479624 48835.5 52484.7 -42371.8 52484.7 48835.5
5.14 -423492 43415.8 57157 -40189.5 57157 43415.8
5.16 -349071 36366 60503.6 -35423.2 60503.6 36366
5.18 -257062 28011.3 61982.8 -28756.1 61982.8 28011.3
5.2 -148104 17418.3 61477.5 -20369.9 61477.5 17418.3
5.22 -24536.6 3136.89 59045 -10015.2 59045 3136.89
5.24 108039 -14639.5 55174.2 2385.02 55174.2 -14639.5
5.26 241580 -33026.2 50762.1 16477 50762.1 -33026.2
5.28 368320 -49248.9 45417.4 31682.6 45417.4 -49248.9
5.3 483424 -62268.5 36865.5 47534.8 36865.5 -62268.5
5.32 585555 -72302.9 23370.6 64004.8 23370.6 -72302.9
5.34 674775 -80523.8 5953.03 81210.7 5953.03 -80523.8
5.36 749769 -87612.2 -12930 98299.4 -12930 -87612.2
5.38 807079 -92656.2 -31420.3 112805 -31420.3 -92656.2
5.4 842895 -93783.2 -48715.5 121520 -48715.5 -93783.2
5.42 855093 -90118.7 -64930 122126 -64930 -90118.7
5.44 843931 -82900.8 -79833.2 114270 -79833.2 -82900.8
5.46 810744 -74332.3 -92536.6 99645.2 -92536.6 -74332.3
5.48 755956 -65515.4 -101616 81166.4 -101616 -65515.4
5.5 678862 -55953.5 -105083 61583.2 -105083 -55953.5
5.52 579257 -44591.8 -102176 42450.4 -102176 -44591.8
5.54 459592 -31003.6 -93497.2 24351 -93497.2 -31003.6
5.56 325955 -15835.6 -79157.2 7834.92 -79157.2 -15835.6
5.58 186953 -1052.29 -58746.6 -6461.57 -58746.6 -1052.29
5.6 50780.6 10858.3 -34701.7 -18880.2 -34701.7 10858.3
5.62 -77234.1 19859.1 -11931.6 -31256 -11931.6 19859.1
5.64 -194664 28045.6 8068.97 -45678.5 8068.97 28045.6
5.66 -300120 36817.1 25808.8 -62751.7 25808.8 36817.1
5.68 -391404 45618.9 40358.9 -80867.1 40358.9 45618.9
5.7 -465234 52398.9 51826.5 -96661.8 51826.5 52398.9
5.72 -518660 55750.8 60928.7 -106219 60928.7 55750.8
5.74 -550993 55722.8 66200.5 -106465 66200.5 55722.8
5.76 -564168 53489.4 65345.8 -96230.7 65345.8 53489.4
5.78 -561176 50343.2 57860 -76637.4 57860 50343.2
5.8 -544454 46929 44483.2 -50867.3 44483.2 46929
5.82 -515473 43533.4 26908.6 -23325.7 26908.6 43533.4
5.84 -475234 40116.8 7494.34 1653.55 7494.34 40116.8
5.86 -424662 36968.6 -13571.4 21065.5 -13571.4 36968.6
5.88 -364626 34466 -37184.3 33880.6 -37184.3 34466
5.9 -295764 32425 -61807 40800.2 -61807 32425
5.92 -217992 31239.2 -84711.3 43550.8 -84711.3 31239.2
5.94 -130264 31009.9 -104816 44107 -104816 31009.9
5.96 -31284.2 29383.4 -120913 43615.4 -120913 29383.4
5.98 79146.6 23302.9 -129200 41684.5 -129200 23302.9
6 197710 11109.2 -128235 37029.8 -128235 11109.2
6.02 314899 -6711.41 -121661 28627.5 -121661 -6711.41
6.04 415653 -25926.8 -111891 16332.6 -111891 -25926.8
6.06 486069 -39165.9 -95214.4 1388.44 -95214.4 -39165.9
6.08 521502 -42929.1 -70686.3 -13408.7 -70686.3 -42929.1
6.1 528635 -41494.5 -45231.7 -24706.8 -45231.7 -41494.5
6.12 520112 -41240.6 -21931.4 -29721.8 -21931.4 -41240.6
6.14 504777 -46562.4 4123.54 -26897 4123.54 -46562.4
6.16 480849 -57394.2 37733.4 -17094.5 37733.4 -57394.2
6.18 438033 -67816.2 77149.7 -4264.35 77149.7 -67816.2
6.2 367169 -71518.6 119566 6083.3 119566 -71518.6
6.22 267857 -68103.2 162673 9573.44 162673 -68103.2
6.24 147301 -61502.9 200532 5323.01 200532 -61502.9
6.26 14035.4 -54990.1 230486 -3162.51 230486 -54990.1
6.28 -126071 -49187.7 255306 -10360.5 255306 -49187.7
6.3 -267405 -41795.9 278169 -13178.5 278169 -41795.9
6.32 -409635 -29763 300765 -12608.3 300765 -29763
6.34 -559312 -12668.5 318109 -10853.5 318109 -12668.5
6.36 -710006 6285.2 319594 -7674.88 319594 6285.2
6.38 -845323 22905.9 307990 -207.446 307990 22905.9
6.4 -956862 35512.4 295630 13410 295630 35512.4
6.42 -1.04545e+06 45693 281246 30468.7 281246 45693
6.44 -1.11121e+06 56097.3 258326 44283.9 258326 56097.3
6.46 -1.14597e+06 68061.2 228008 49090 228008 68061.2
6.48 -1.14081e+06 80412.5 190823 45035.7 190823 80412.5
6.5 -1.09184e+06 88985 146864 38246.4 146864 88985
6.52 -1.00232e+06 89916.2 101892 35768.4 101892 89916.2
6.54 -879459 83409.4 60811.8 40544.7 60811.8 83409.4
6.56 -734964 72706.9 21741.3 50722.8 21741.3 72706.9
6.58 -582273 61685.7 -20565.1 62837.4 -20565.1 61685.7
6.6 -430018 52513.2 -67924.1 75288 -67924.1 52513.2
6.62 -282484 43819.5 -115510 88511.9 -115510 43819.5
6.64 -140205 33157.2 -157563 101254 -157563 33157.2
6.66 -1379.78 21357 -191447 107592 -191447 21357
6.68 137166 11326.5 -214743 99643.4 -214743 11326.5
6.7 278284 4362.96 -227201 73785.6 -227201 4362.96
6.72 422969 -26.9726 -234316 34700.4 -234316 -26.9726
6.74 567863 -3560.84 -236366 -6631.99 -236366 -3560.84
6.76 708325 -8861.96 -229221 -40333 -229221 -8861.96
6.78 836750 -17272.5 -217937 -62967 -217937 -17272.5
6.8 946082 -27522.8 -206784 -76017.3 -206784 -27522.8
6.82 1.03253e+06 -38042.9 -193882 -81956.8 -193882 -38042.9
6.84 1.09168e+06 -48517.2 -180994 -82814.6 -180994 -48517.2
6.86 1.11922e+06 -58041.9 -171996 -80130.6 -171996 -58041.9
6.88 1.11378e+06 -64814.3 -165267 -74197.8 -165267 -64814.3
6.9 1.07368e+06 -69052.1 -151795 -64795.8 -151795 -69052.1
6.92 1.00152e+06 -72042 -122098 -54830.8 -122098 -72042
6.94 908463 -72448.4 -79571.2 -50770.7 -79571.2 -72448.4
6.96 806210 -70108.4 -35485.4 -54976.5 -35485.4 -70108.4
6.98 699570 -69494.7 9006.07 -59305 9006.07 -69494.7
7 582325 -71745.6 58034.1 -51603.3 58034.1 -71745.6
7.02 447391 -70424.9 106222 -28305.7 106222 -70424.9
7.04 296100 -61442.2 144126 2746.86 144126 -61442.2
7.06 138290 -48539.7 168383 31074.9 168383 -48539.7
7.08 -15390.1 -36364.4 178943 51863.2 178943 -36364.4
7.1 -159757 -25320.4 177546 65417.8 177546 -25320.4
7.12 -294638 -13140.1 170448 71423 170448 -13140.1
7.14 -419580 1945.85 163111 66431.7 163111 1945.85
7.16 -529431 19492.1 155065 47673 155065 19492.1
7.18 -616454 36358.8 145224 18866.5 145224 36358.8
7.2 -674933 47914.9 136441 -8663.38 136441 47914.9
7.22 -706135 51647.7 131245 -21967.3 131245 51647.7
7.24 -716234 49618.9 126711 -14483.5 126711 49618.9
7.26 -710828 46221.9 116336 11394.8 116336 46221.9
7.28 -693234 43430.9 96229.8 48126 96229.8 43430.9
7.3 -664249 40481.3 67240.1 87340.8 67240.1 40481.3
7.32 -623862 37396.6 32306.1 120985 32306.1 37396.6
7.34 -572231 35429.7 -5152.39 141218 -5152.39 35429.7
7.36 -509805 35777.5 -42070.3 141427 -42070.3 35777.5
7.38 -436124 39297.3 -77241.1 118107 -77241.1 39297.3
7.4 -349513 45416 -110108 72475.9 -110108 45416
7.42 -248650 51521.7 -137833 11249.7 -137833 51521.7
7.44 -134776 54635.2 -155677 -54154 -155677 54635.2
7.46 -12288.2 53387.8 -160649 -110793 -160649 53387.8
7.48 112293 47539.4 -153592 -148730 -153592 47539.4
7.5 232206 36934.9 -138793 -163865 -138793 36934.9
7.52 341525 22196.5 -122191 -157217 -122191 22196.5
7.54 434595 4686.93 -107456 -132593 -107456 4686.93
7.56 505413 -13618.7 -94159.1 -95665.1 -94159.1 -13618.7
7.58 549390 -30135.7 -80114.5 -54273.3 -80114.5 -30135.7
7.6 565651 -42986 -63807.3 -17515.3 -63807.3 -42986
7.62 557646 -51828 -45161.2 7179.86 -45161.2 -51828
7.64 531290 -57341.1 -24897.2 17280.3 -24897.2 -57341.1
7.66 492142 -60225.8 -3057.18 16214.5 -3057.18 -60225.8
7.68 443896 -61158.8 21611.4 11145.8 21611.4 -61158.8
7.7 387504 -61030.5 49983.9 8861.32 49983.9 -61030.5
7.72 321431 -60065.7 80394.1 12766.8 80394.1 -60065.7
7.74 243910 -57286.7 108950 22810.3 108950 -57286.7
7.76 154563 -51290.9 131421 37440.9 131421 -51290.9
7.78 54474.6 -42084.9 144769 55163.2 144769 -42084.9
7.8 -54112.6 -31386.1 148347 74104.5 148347 -31386.1
7.82 -168121 -20520.7 144025 90750.1 144025 -20520.7
7.84 -284565 -9883.17 135235 100307 135235 -9883.17
7.86 -400719 1255.09 125782 99040.8 125782 1255.09
7.88 -511973 14570.1 117722 86594.3 117722 14570.1
7.9 -610367 29832.7 110073 66365 110073 29832.7
7.92 -686050 43699.3 100568 43868.9 100568 43699.3
7.94 -731301 52810.2 87985.3 24391.5 87985.3 52810.2
7.96 -744232 57189.6 72921.8 11108.1 72921.8 57189.6
7.98 -729356 59082.2 57199 4177.79 57199 59082.2
8 -694217 60282.8 41547.5 1145.82 41547.5 60282.8
8.02 -644599 61760 24034.7 -1341.95 24034.7 61760
8.04 -582821 63393.7 1931.99 -5722.07 1931.99 63393.7
8.06 -509756 64006.9 -25144.1 -13118.6 -25144.1 64006.9
8.08 -427090 62704.7 -54149.8 -24189.9 -54149.8 62704.7
8.1 -337102 60090.9 -80377 -39697.5 -80377 60090.9
8.12 -240701 57304.3 -100425 -59898 -100425 57304.3
8.14 -136374 53953 -113979 -83144.3 -113979 53953
8.16 -21503.8 48403.8 -122149 -104779 -122149 48403.8
8.18 104633 38923.3 -124583 -117705 -124583 38923.3
8.2 238433 24283.3 -120143 -115341 -120143 24283.3
8.22 372091 5014.43 -109928 -95218.5 -109928 5014.43
8.24 495972 -16372.3 -97033.5 -60174.5 -97033.5 -16372.3
8.26 601603 -36851.6 -84141.3 -16508.8 -84141.3 -36851.6
8.28 683481 -54404.4 -73232.9 28765.6 -73232.9 -54404.4
8.3 739172 -68407.9 -65242.8 69557.8 -65242.8 -68407.9
8.32 768524 -78940.4 -58579.2 100974 -58579.2 -78940.4
8.34 772760 -85985.8 -49911.9 119227 -49911.9 -85985.8
8.36 754104 -88940.4 -36705.5 122306 -36705.5 -88940.4
8.38 715875 -87559.2 -18082.3 111449 -18082.3 -87559.2
8.4 662329 -83104.4 5593.95 91902.9 5593.95 -83104.4
8.42 597446 -77426.8 32721.6 71588.9 32721.6 -77426.8
8.44 523712 -71936.7 60526.5 57917.1 60526.5 -71936.7
8.46 441993 -67204.8 85664.6 54543.8 85664.6 -67204.8
8.48 351912 -62679.9 105288 60279.4 105288 -62679.9
8.5 252354 -57139.3 117977 70709.5 117977 -57139.3
8.52 142376 -49415.9 123860 80671.8 123860 -49415.9
8.54 22594.9 -38875.7 124442 85713.5 124442 -38875.7
8.56 -103603 -25495.2 121915 82538 121915 -25495.2
8.58 -229762 -9826.4 117365 69215.6 117365 -9826.4
8.6 -347505 7104.22 110156 45504.1 110156 7104.22
8.62 -448757 24148.7 99869.4 13463.5 99869.4 24148.7
8.64 -527585 39930 87466.5 -22020.5 87466.5 39930
8.66 -580809 52818.6 74101.6 -54047.6 74101.6 52818.6
8.68 -607850 61667.1 60053.8 -76179.2 60053.8 61667.1
8.7 -610319 66498.5 44796.1 -84947.3 44796.1 66498.5
8.72 -591377 68189.4 27551.4 -80708.2 27551.4 68189.4
8.74 -555045 67371.4 7548.02 -66920.3 7548.02 67371.4
8.76 -505711 64527.3 -15736.9 -48843.2 -15736.9 64527.3
8.78 -447743 60624.4 -41561.3 -32235.5 -41561.3 60624.4
8.8 -384612 56944.8 -67493.9 -22180.4 -67493.9 56944.8
8.82 -317936 54693.7 -90745.6 -21815.5 -90745.6 54693.7
8.84 -247436 53744.4 -109399 -30988.4 -109399 53744.4
8.86 -171317 52054.1 -121920 -45815.5 -121920 52054.1
8.88 -87206 47491 -127490 -59883.9 -127490 47491
8.9 6014.99 39174.4 -127045 -66475.7 -127045 39174.4
8.92 106617 27061.6 -121807 -60858.7 -121807 27061.6
8.94 210025 11524.7 -111806 -41968 -111806 11524.7
8.96 310088 -6375.3 -97300.2 -12720.7 -97300.2 -6375.3
8.98 400286 -24930.2 -80440.7 21156.6 -80440.7 -24930.2
9 474409 -42199.9 -64100.2 52771.3 -64100.2 -42199.9
9.02 527109 -55751.7 -49851.1 75534.9 -49851.1 -55751.7
9.04 554813 -63411.1 -36766.2 84815.1 -36766.2 -63411.1
9.06 556886 -65251 -21631.3 79472.4 -21631.3 -65251
9.08 535907 -63842.5 -1258.69 62196.7 -1258.69 -63842.5
9.1 496635 -61618.1 25530.6 38590.1 25530.6 -61618.1
9.12 444229 -58969.7 55730.7 15845.9 55730.7 -58969.7
9.14 382622 -55549.2 82839.1 1081.62 82839.1 -55549.2
9.16 314430 -51340.7 103166 -900.986 103166 -51340.7
9.18 242321 -46639.7 118906 10449.9 118906 -46639.7
9.2 169403 -42487.5 133181 30964.6 133181 -42487.5
9.22 97504.4 -40192.1 145554 53163.6 145554 -40192.1
9.24 25113.9 -39811.1 154242 69197.9 154242 -39811.1
9.26 -52062.5 -38191.9 158875 74099 158875 -38191.9
9.28 -137161 -30334.7 159231 67457.5 159231 -30334.7
9.3 -228022 -15522.2 153940 52155.7 153940 -15522.2
9.32 -316715 1250.54 142877 31519.1 142877 1250.54
9.34 -393149 15206.3 129001 8434.02 129001 15206.3
9.36 -450468 25379.2 114648 -13099.5 114648 25379.2
9.38 -488076 32597 99475.6 -27717.1 99475.6 32597
9.4 -509125 37895.6 83879.2 -31355.3 83879.2 37895.6
9.42 -515687 42264.7 68994.8 -23833 68994.8 42264.7
9.44 -507139 45264.1 53134.4 -8892.19 53134.4 45264.1
9.46 -482570 45815.7 33789.4 7682.93 33789.4 45815.7
9.48 -443336 44423 11622.2 20392.7 11622.2 44423
9.5 -392831 42756.5 -11203.8 25446.5 -11203.8 42756.5
9.52 -334014 41904.4 -33539.4 20771.6 -33539.4 41904.4
9.54 -267786 41514.5 -54239.4 5898.68 -54239.4 41514.5
9.56 -193434 40883.7 -71268.3 -17070.1 -71268.3 40883.7
9.58 -110352 39121.5 -82937.8 -42671.3 -82937.8 39121.5
9.6 -19539.4 34504.7 -89089.1 -63485.2 -89089.1 34504.7
9.62 76162.5 25597 -90549.1 -73170 -90549.1 25597
9.64 172264 12477.1 -87900.2 -68834.9 -87900.2 12477.1
9.66 262810 -2856.05 -81695.4 -51609.7 -81695.4 -2856.05
9.68 340997 -17813 -73302.9 -25707.9 -73302.9 -17813
9.7 401006 -30537.4 -64194 3228.06 -64194 -30537.4
9.72 439994 -40172.6 -54775.1 29645.5 -54775.1 -40172.6
9.74 458036 -46987.3 -44740.3 48944.2 -44740.3 -46987.3
9.76 456046 -51539.9 -33430.2 57996.8 -33430.2 -51539.9
9.78 434132 -53588.5 -19362.7 55854.4 -19362.7 -53588.5
9.8 392308 -52074.9 -1088.44 44273.4 -1088.44 -52074.9
9.82 332746 -46491.7 20697.7 27330.5 20697.7 -46491.7
9.84 260864 -38212.4 42630.6 10213.9 42630.6 -38212.4
9.86 183641 -29938.6 61446.1 -2143.48 61446.1 -29938.6
9.88 106035 -23893.5 76645.3 -6307.93 76645.3 -23893.5
9.9 28506.7 -20291.3 89720.8 -1446.25 89720.8 -20291.3
9.92 -51948.9 -17301.2 101888 10207.6 101888 -17301.2
9.94 -138062 -12771.5 113022 24172.1 113022 -12771.5
9.96 -229030 -5737.42 121504 35720.1 121504 -5737.42
9.98 -320442 3001.01 125101 41912.2 125101 3001.01
10 -406949 11540.1 123539 42205 123539 11540.1
10.02 -484524 19211.8 119452 37482.8 119452 19211.8
10.04 -550337 26876.3 115604 28824.2 115604 26876.3
10.06 -600899 35132.2 112097 17176.2 112097 35132.2
10.08 -631037 43219.8 106771 4039.24 106771 43219.8
10.1 -635355 49293 97721.7 -7850.44 97721.7 49293
10.12 -611278 51575.6 85086.9 -15227.9 85086.9 51575.6
10.14 -561346 49350.3 70270.5 -16467.5 70270.5 49350.3
10.16 -492331 44184.2 54713 -13222.1 54713 44184.2
10.18 -411822 38711.9 39272.4 -9604.2 39272.4 38711.9
10.2 -325062 34017.7 23255.8 -9440.8 23255.8 34017.7
10.22 -234309 29494.2 5172.33 -13749.3 5172.33 29494.2
10.24 -140474 24338.8 -14808.8 -20202.1 -14808.8 24338.8
10.26 -44924 17947.2 -34093.1 -25084.1 -34093.1 17947.2
10.28 49969.4 9976.9 -49767 -26144.3 -49767 9976.9
10.3 141697 1300.17 -60863.3 -23437.1 -60863.3 1300.17
10.32 228553 -6943.87 -68229.9 -17601.4 -68229.9 -6943.87
10.34 309338 -14950.2 -72933.7 -8330.55 -72933.7 -14950.2
10.36 382280 -23448.6 -74816.2 5062.17 -74816.2 -23448.6
10.38 444446 -32324.4 -72985.8 22014.1 -72985.8 -32324.4
10.4 492042 -40846 -67465.8 39676.6 -67465.8 -40846
10.42 521388 -47808.4 -59131.3 53420.6 -59131.3 -47808.4
10.44 529912 -51942.9 -49182.8 59062.9 -49182.8 -51942.9
10.46 516533 -52942.1 -38384.1 55322.4 -38384.1 -52942.1
10.48 481587 -51229.8 -25924.8 44344.2 -25924.8 -51229.8
10.5 426660 -47360.2 -10362.5 30000.5 -10362.5 -47360.2
10.52 354595 -41687.4 8356.27 15734.4 8356.27 -41687.4
10.54 269390 -34587.9 28867.2 3710.17 28867.2 -34587.9
10.56 175641 -26985.6 50282.6 -4613.08 50282.6 -26985.6
10.58 77531.8 -20129.6 72425.5 -7768.53 72425.5 -20129.6
10.6 -22093 -14728.9 94448.1 -4607.42 94448.1 -14728.9
10.62 -121699 -10321.7 114787 4470.57 114787 -10321.7
10.64 -219904 -5601.44 131473 16723.5 131473 -5601.44
10.66 -314021 768.469 141967 27885.1 141967 768.469
10.68 -399697 8916.55 144328 34178.1 144328 8916.55
10.7 -472105 17321.7 139687 33835.2 139687 17321.7
10.72 -527670 24580.5 131689 27193.7 131689 24580.5
10.74 -564898 30775.9 122589 15944.6 122589 30775.9
10.76 -583579 36633.3 111899 2391.91 111899 36633.3
10.78 -583537 42199.7 98620.5 -10871.5 98620.5 42199.7
10.8 -564191 46429.8 82557.3 -20941.1 82557.3 46429.8
10.82 -525611 47739.3 63732.3 -24905.8 63732.3 47739.3
10.84 -470193 45240 42778.1 -21028 42778.1 45240
10.86 -402574 39933.2 21421.8 -10075.4 21421.8 39933.2
10.88 -327502 34204.9 491.738 4608.29 491.738 34204.9
10.9 -247597 29585.2 -21260.9 18605.8 -21260.9 29585.2
10.92 -162992 25466.7 -44006.7 28336.4 -44006.7 25466.7
10.94 -73155.5 20042.6 -64914.9 32036.5 -64914.9 20042.6
10.96 20692.4 12644.5 -81045.3 29517.5 -81045.3 12644.5
10.98 114727 4445.66 -91837.1 21451.8 -91837.1 4445.66
11 203794 -3078.43 -98334.2 9034.39 -98334.2 -3078.43
11.02 283749 -8770.47 -101399 -5642.71 -101399 -8770.47
11.04 352722 -12484.1 -101175 -19127.3 -101175 -12484.1
11.06 410290 -15923.9 -97269.3 -27397.3 -97269.3 -15923.9
11.08 455683 -21127.1 -89032.2 -27930.6 -89032.2 -21127.1
11.1 486716 -28285.8 -76022.7 -21197 -76022.7 -28285.8
11.12 500110 -35777.3 -58890.4 -10273.8 -58890.4 -35777.3
11.14 492805 -41468.6 -39866.3 871.545 -39866.3 -41468.6
11.16 463749 -43756.2 -20436 9187.82 -20436 -43756.2
11.18 415035 -42829.9 432.941 13378.4 432.941 -42829.9
11.2 351348 -40378.9 23715.4 13533.6 23715.4 -40378.9
11.22 278017 -37780.7 48312.5 10523.2 48312.5 -37780.7
11.24 199053 -35340.6 72919.6 5919.71 72919.6 -35340.6
11.26 116604 -32413.4 97127.8 2030.97 97127.8 -32413.4
11.28 31957.1 -28029 119474 1469.14 119474 -28029
11.3 -52926.4 -21912 137237 6258.17 137237 -21912
11.32 -134884 -15327.5 149425 16783.9 149425 -15327.5
11.34 -210637 -10184.1 157406 31232.9 157406 -10184.1
11.36 -278548 -7039.93 161804 46215.7 161804 -7039.93
11.38 -339308 -4662.91 161484 58218.8 161484 -4662.91
11.4 -394567 -1014.65 156104 64743.3 156104 -1014.65
11.42 -444506 5143.73 147170 64729.6 147170 5143.73
11.44 -486194 13553.9 135808 58716.9 135808 13553.9
11.46 -514081 22685.7 122040 48822 122040 22685.7
11.48 -522788 29681.2 107101 37970.7 107101 29681.2
11.5 -510110 32104.1 92379.8 28542.7 92379.8 32104.1
11.52 -478254 31034.7 75758.8 21753.2 75758.8 31034.7
11.54 -432181 30354.2 54337 18051.1 54337 30354.2
11.56 -376348 31403 29590.7 17043.9 29590.7 31403
11.58 -312765 31753.3 4730.15 16824.7 4730.15 31753.3
11.6 -241641 30085.5 -20418.9 14689.9 -20418.9 30085.5
11.62 -163827 27173.3 -46657.6 8982.99 -46657.6 27173.3
11.64 -82305.3 23787.5 -71364.4 -538.724 -71364.4 23787.5
11.66 -969.151 20991.7 -91813 -13528.6 -91813 20991.7
11.68 77929.4 19588.4 -107335 -28922.4 -107335 19588.4
11.7 154543 18211.7 -116966 -44483.4 -116966 18211.7
11.72 229551 14457.5 -119772 -57404.6 -119772 14457.5
11.74 301890 7889.35 -117171 -65072 -117171 7889.35
11.76 368258 -194.574 -112098 -65359.9 -112098 -194.574
11.78 424558 -8550.66 -106001 -57355.6 -106001 -8550.66
11.8 467742 -16633.1 -98374 -42305.9 -98374 -16633.1
11.82 496409 -24581.3 -88137.6 -23470.4 -88137.6 -24581.3
11.84 510108 -32399.7 -74397.2 -4736.52 -74397.2 -32399.7
11.86 508464 -39274.5 -57107.2 10913.1 -57107.2 -39274.5
11.88 491200 -44309.2 -37304.8 22039.2 -37304.8 -44309.2
11.9 458657 -47201 -16107.5 28413.5 -16107.5 -47201
11.92 412010 -47835.4 6645.29 30612 6645.29 -47835.4
11.94 352961 -46534.7 32320.3 30023.6 32320.3 -46534.7
11.96 283302 -44355.6 61363.9 28741.6 61363.9 -44355.6
11.98 204908 -41913.1 91672.7 29125.5 91672.7 -41913.1
12 120096 -38663 119322 33394.1 119322 -38663
12.02 31726.2 -34379.6 141586 42950.4 141586 -34379.6
12.04 -57232.8 -30008.2 158462 57191.2 158462 -30008.2
12.06 -144330 -26309.5 170731 72921 170731 -26309.5
12.08 -227959 -22825.2 179034 85381.2 179034 -22825.2
12.1 -307129 -18298.7 183779 90207.8 183779 -18298.7
12.12 -380748 -11684.1 184722 85098.4 184722 -11684.1
12.14 -446870 -2868.03 181619 70625.5 181619 -2868.03
12.16 -502539 7250.96 175347 49937.7 175347 7250.96
12.18 -544418 17062.7 167173 27371.2 167173 17062.7
12.2 -570298 24986.5 157193 6802.84 157193 24986.5
12.22 -580079 30555.5 145069 -9082.69 145069 30555.5
12.24 -574953 34614.2 130052 -18477.9 130052 34614.2
12.26 -556310 38020 110624 -20313.9 110624 38020
12.28 -524952 40615.1 85935.6 -15159 85935.6 40615.1
12.3 -480860 41998.9 56213 -6104.87 56213 41998.9
12.32 -423828 42316.6 22685.3 2008.67 22685.3 42316.6
12.34 -354423 41695.3 -11604.4 4775.1 -11604.4 41695.3
12.36 -274540 39774.9 -42604.5 -11.839 -42604.5 39774.9
12.38 -187035 36504.6 -67984 -11929.7 -67984 36504.6
12.4 -94992.4 32592.1 -87967.6 -28300.8 -87967.6 32592.1
12.42 -1344.47 28433.3 -103541 -44907.4 -103541 28433.3
12.44 90989 23368.9 -114989 -57153.5 -114989 23368.9
12.46 178871 16504.6 -121577 -61447.6 -121577 16504.6
12.48 258840 7714.85 -122610 -56198.4 -122610 7714.85
12.5 327138 -2425.45 -119128 -42148 -119128 -2425.45
12.52 380162 -12782.7 -113233 -22073.1 -113233 -12782.7
12.54 415333 -21712.6 -106194 96.3451 -106194 -21712.6
12.56 431785 -27976.6 -98315.9 20338.7 -98315.9 -27976.6
12.58 430421 -31642.5 -89030.5 35176.4 -89030.5 -31642.5
12.6 413415 -33213.4 -76548.1 41994.9 -76548.1 -33213.4
12.62 383812 -32713.3 -59094.8 39634.3 -59094.8 -32713.3
12.64 344924 -30517 -37195.7 29101.3 -37195.7 -30517
12.66 299440 -27614.7 -12702.7 13691.6 -12702.7 -27614.7
12.68 248946 -24831.7 13990.2 -1787.8 13990.2 -24831.7
12.7 194038 -22260.8 42970.8 -12525.9 42970.8 -22260.8
12.72 134924 -19934.5 72931 -15328.5 72931 -19934.5
12.74 72034 -18851.1 102118 -9483.33 102118 -18851.1
12.76 6339.79 -19923.6 129543 3584.5 129543 -19923.6
12.78 -60835.9 -22193.7 152788 21374.3 152788 -22193.7
12.8 -128137 -23434 167351 40990.9 167351 -23434
12.82 -193842 -22428.1 171567 59021.4 171567 -22428.1
12.84 -254870 -18903.8 168460 71675 168460 -18903.8
12.86 -306681 -12964.9 161544 76093.2 161544 -12964.9
12.88 -344969 -6126.08 151980 71725.4 151980 -6126.08
12.9 -366903 279.548 140504 60520.8 140504 279.548
12.92 -371485 6641.71 128024 46254.6 128024 6641.71
12.94 -359652 12654.7 113198 33198.2 113198 12654.7
12.96 -333757 16714.9 93796.3 24396.1 93796.3 16714.9
12.98 -297325 18538.1 70492.4 20920.3 70492.4 18538.1
13 -254373 19263 45946.1 22252.3 45946.1 19263
13.02 -208195 19565.6 20709.3 26452.1 20709.3 19565.6
13.04 -160281 19525.2 -6667.71 30423.6 -6667.71 19525.2
13.06 -110159 18911.5 -35582.1 31232 -35582.1 18911.5
13.08 -56974.8 17398.8 -62536.7 27257.7 -62536.7 17398.8
13.1 -1145.74 15520.1 -84720.1 18007 -84720.1 15520.1
13.12 55688.3 14135.9 -101388 3631.83 -101388 14135.9
13.14 112081 13285.8 -112165 -14756.9 -112165 13285.8
13.16 167604 12457.5 -116929 -34461.2 -116929 12457.5
13.18 221824 10702.9 -117250 -51389.3 -117250 10702.9
13.2 272428 6974.91 -115675 -61561.8 -115675 6974.91
13.22 314818 1652.21 -112686 -63007 -112686 1652.21
13.24 343832 -3578.58 -107221 -56597 -107221 -3578.58
13.26 356279 -7195.58 -99455.8 -45370.3 -99455.8 -7195.58
13.28 352498 -8699.07 -89907 -32921.7 -89907 -8699.07
13.3 335986 -9002.12 -77597.1 -21959.9 -77597.1 -9002.12
13.32 311413 -9817.53 -60907.7 -13950.6 -60907.7 -9817.53
13.34 282243 -12440.5 -39117.4 -9583.83 -39117.4 -12440.5
13.36 249670 -16548.7 -12316.6 -8940.86 -12316.6 -16548.7
13.38 213300 -20538.5 18856.4 -10959.3 18856.4 -20538.5
13.4 172840 -23154.3 52720.6 -13017.4 52720.6 -23154.3
13.42 129464 -24636.5 86704.7 -11407.1 86704.7 -24636.5
13.44 85546.3 -26718.8 117914 -2649.13 117914 -26718.8
13.46 42597.5 -31069 143817 14869 143817 -31069
13.48 -627.775 -37225.1 163586 39750.5 163586 -37225.1
13.5 -47390 -42076 177382 67773 177382 -42076
13.52 -99811.9 -42388.5 183973 93400.5 183973 -42388.5
13.54 -156048 -37697.6 181973 111687 181973 -37697.6
13.56 -210556 -30145 172723 119716 172723 -30145
13.58 -257605 -22385.9 159678 117155 159678 -22385.9
13.6 -294677 -15547.2 145852 105765 145852 -15547.2
13.62 -322612 -8774.59 132935 88309.7 132935 -8774.59
13.64 -343104 -705.213 120540 67774.5 120540 -705.213
13.66 -355949 8776.97 105201 47323.5 105201 8776.97
13.68 -359441 17716 83879.4 30286.9 83879.4 17716
13.7 -353334 23776.2 58278 19243.3 58278 23776.2
13.72 -340429 26887.6 32699.3 14423.6 32699.3 26887.6
13.74 -325091 29163.2 9024.14 12851.4 9024.14 29163.2
13.76 -309843 32487.7 -14230.3 9434.36 -14230.3 32487.7
13.78 -293372 37054.8 -38546.2 -259.044 -38546.2 37054.8
13.8 -271738 42164.4 -63856.7 -17438.1 -63856.7 42164.4
13.82 -241551 46968.5 -88988.4 -39875.1 -88988.4 46968.5
13.84 -202003 50572.4 -111034 -64128 -111034 50572.4
13.86 -154418 52412.2 -126717 -87732.1 -126717 52412.2
13.88 -100730 52665.1 -135372 -109059 -135372 52665.1
13.9 -42726.1 51875.8 -139326 -125506 -139326 51875.8
13.92 17675.6 49930.9 -141336 -132792 -141336 49930.9
13.94 78249.2 45874.9 -142179 -126873 -142179 45874.9
13.96 136955 38866.4 -140500 -107008 -140500 38866.4
13.98 192291 28680.1 -134362 -77196.5 -134362 28680.1
14 242701 15381.6 -123682 -44652.7 -123682 15381.6
14.02 285732 40.9854 -110121 -16337.2 -110121 40.9854
14.04 318354 -13837.1 -94938.6 4159.24 -94938.6 -13837.1
14.06 339197 -22328.9 -79194.5 17245.6 -79194.5 -22328.9
14.08 350398 -25971.3 -62409.3 25169.8 -62409.3 -25971.3
14.1 356722 -29026.7 -41104.1 29678 -41104.1 -29026.7
14.12 362269 -34389.9 -12341.7 32252.5 -12341.7 -34389.9
14.14 366795 -42328.7 22844 35565.6 22844 -42328.7
14.16 365390 -51206.6 60257.2 43063.5 60257.2 -51206.6
14.18 352626 -57981.2 94136.8 56990.7 94136.8 -57981.2
14.2 327005 -61126.2 118798 76895.9 118798 -61126.2
14.22 290919 -62841.9 132235 99109.8 132235 -62841.9
14.24 246649 -65347.6 136201 117621 136201 -65347.6
14.26 193346 -66704.1 134249 126824 134249 -66704.1
14.28 128734 -62638.3 131527 124298 131527 -62638.3
14.3 53727.5 -51936.4 131401 111254 131401 -51936.4
14.32 -25236.2 -38152.6 132049 91150.8 132049 -38152.6
14.34 -98932.4 -24914.5 129870 68520.4 129870 -24914.5
14.36 -161181 -13634.1 123937 47944.6 123937 -13634.1
14.38 -212498 -4931.65 114365 32070.8 114365 -4931.65
14.4 -257926 2668.19 100642 20264.7 100642 2668.19
14.42 -301253 12288.4 83025.9 9986.21 83025.9 12288.4
14.44 -341526 24469.9 61883.8 -867.798 61883.8 24469.9
14.46 -374552 36623.1 36400 -13094 36400 36623.1
14.48 -396371 46747.2 7064.45 -26282.4 7064.45 46747.2
14.5 -405225 54804.3 -22599.6 -39308.7 -22599.6 54804.3
14.52 -401451 60905.1 -48852.7 -51713.7 -48852.7 60905.1
14.54 -385947 65213.8 -69714.1 -64528.8 -69714.1 65213.8
14.56 -358387 68613.7 -84501.7 -78610.4 -84501.7 68613.7
14.58 -317224 70581.6 -93772 -92332.6 -93772 70581.6
14.6 -261887 68427.6 -99464.3 -101890 -99464.3 68427.6
14.62 -194763 60965.9 -103139 -103681 -103139 60965.9
14.64 -120664 50995.8 -104479 -96087.9 -104479 50995.8
14.66 -44696.7 41119.5 -102056 -80038.6 -102056 41119.5
14.68 29442.7 30022.9 -94151.6 -58771.7 -94151.6 30022.9
14.7 100081 16499.8 -80216.1 -36006.9 -80216.1 16499.8
14.72 166942 2277.31 -62008.8 -13481.7 -62008.8 2277.31
14.74 229491 -11329.3 -43221.5 8733.09 -43221.5 -11329.3
14.76 285875 -24741.7 -27042 29340.4 -27042 -24741.7
14.78 333646 -37268.5 -12627.8 45013.3 -12627.8 -37268.5
14.8 370689 -47278.5 3913.68 53031.3 3913.68 -47278.5
14.82 394798 -55148.9 24988.5 53571.9 24988.5 -55148.9
14.84 403624 -61512.2 49789.1 49681.4 49789.1 -61512.2
14.86 396166 -64953.6 75144.3 46317 75144.3 -64953.6
14.88 373451 -65131.8 96495.3 48553.4 96495.3 -65131.8
14.9 336972 -64676.2 111367 58667.3 111367 -64676.2
14.92 286958 -65374.8 122192 74546.4 122192 -65374.8
14.94 222400 -65072 131543 91168 131543 -65072
14.96 142796 -60222.2 137133 103194 137133 -60222.2
14.98 50904.6 -49498.2 135899 106653 135899 -49498.2
15 -45481.7 -34237.4 129173 99999.6 129173 -34237.4
15.02 -135678 -17845 119761 84401.5 119761 -17845
15.04 -211894 -4496.47 107737 62313.8 107737 -4496.47
15.06 -273360 4860.07 92755.4 35719 92755.4 4860.07
15.08 -324713 14060.8 76483.6 6452.99 76483.6 14060.8
15.1 -370610 26644.2 60305.8 -22262.2 60305.8 26644.2
15.12 -411500 41103.9 43662.9 -45853 43662.9 41103.9
15.14 -443310 53433.7 25403.7 -60154.3 25403.7 53433.7
15.16 -460534 61714.3 4702.99 -63188.8 4702.99 61714.3
15.18 -460101 65875.9 -18600 -56351.4 -18600 65875.9
15.2 -442373 66917.9 -42915.2 -44450.4 -42915.2 66917.9
15.22 -408637 66704.4 -65230.8 -33681.4 -65230.8 66704.4
15.24 -358807 65658.1 -83318.6 -28863.3 -83318.6 65658.1
15.26 -292341 62362.6 -96655.4 -32110.9 -96655.4 62362.6
15.28 -210365 56330.7 -105094 -42546.5 -105094 56330.7
15.3 -116086 48889.8 -109128 -56236 -109128 48889.8
15.32 -13976.9 40168.4 -110107 -67516 -110107 40168.4
15.34 91007.6 28647.3 -108099 -71661.1 -108099 28647.3
15.36 194126 14795.1 -101919 -66242.8 -101919 14795.1
15.38 291329 792.682 -91591.4 -50530.3 -91591.4 792.682
15.4 379345 -13251 -78386.1 -25352.3 -78386.1 -13251
15.42 455788 -28657.2 -63171.6 6124.82 -63171.6 -28657.2
15.44 518879 -44852.6 -46909.9 38696.5 -46909.9 -44852.6
15.46 566057 -59706.3 -30700.4 66576.7 -30700.4 -59706.3
15.48 592978 -71364.4 -14441.3 84732.1 -14441.3 -71364.4
15.5 595162 -78358.2 3649.2 90381.9 3649.2 -78358.2
15.52 571333 -79785.7 25850.4 84641.5 25850.4 -79785.7
15.54 524928 -76710.8 51825.6 72420.1 51825.6 -76710.8
15.56 462207 -71997 77627.6 59961.3 77627.6 -71997
15.58 388377 -68014.4 99095.4 52077.7 99095.4 -68014.4
15.6 305226 -64325 114477 50774.9 114477 -64325
15.62 212314 -57858.2 123892 55120 123892 -57858.2
15.64 110084 -47068.7 128456 61705.2 128456 -47068.7
15.66 1833.71 -34077.4 130171 65694 130171 -34077.4
15.68 -107239 -21441.3 130831 62802.2 130831 -21441.3
15.7 -212546 -8959.41 129901 51479.4 129901 -8959.41
15.72 -311615 4516.46 125416 33294.3 125416 4516.46
15.74 -402952 18696.6 117339 11114.8 117339 18696.6
15.76 -483100 33603.4 107717 -12301.1 107717 33603.4
15.78 -545430 48615.3 96953.1 -33849.5 96953.1 48615.3
15.8 -582683 60071.8 83879.4 -49917.6 83879.4 60071.8
15.82 -590685 64676 69378.2 -57656.7 69378.2 64676
15.84 -570240 63183.6 54422.3 -56058.6 54422.3 63183.6
15.86 -526424 58722.6 37435.9 -46267.3 37435.9 58722.6
15.88 -465857 53448.4 17843.2 -31683.5 17843.2 53448.4
15.9 -393330 48002.9 -1693.69 -17115 -1693.69 48002.9
15.92 -310730 42080.8 -19043.2 -6598.84 -19043.2 42080.8
15.94 -219233 34397.1 -34577.9 -1738.82 -34577.9 34397.1
15.96 -121831 24308.7 -48131.7 -1917.76 -48131.7 24308.7
15.98 -23341.7 13720.4 -58514.9 -5335.05 -58514.9 13720.4
16 71926.9 5706.5 -66241.1 -9658.89 -66241.1 5706.5
16.02 162337 655.746 -72552.7 -12483.7 -72552.7 655.746
16.04 248769 -4755.77 -76260.8 -11834.6 -76260.8 -4755.77
16.06 331662 -13690.5 -75869.1 -6360.76 -75869.1 -13690.5
16.08 407541 -25816.9 -72246.6 4526.22 -72246.6 -25816.9
16.1 468657 -38192.4 -66005.1 19869.9 -66005.1 -38192.4
16.12 506749 -47758.8 -56480.6 36463.1 -56480.6 -47758.8
16.14 517844 -52620.1 -44547 49846.8 -44547 -52620.1
16.16 503754 -53075.7 -32691.6 56661.4 -32691.6 -53075.7
16.18 469285 -51592 -21049.6 56059.4 -21049.6 -51592
16.2 418373 -49838.1 -7412.3 49279.8 -7412.3 -49838.1
16.22 352540 -46867.8 9033.92 38522.9 9033.92 -46867.8
16.24 272486 -41085.3 27761.8 25999.4 27761.8 -41085.3
16.26 180918 -32381.4 48307.7 13464.1 48307.7 -32381.4
16.28 83431.4 -22164.5 68756 2576.88 68756 -22164.5
16.3 -13722.1 -12372.7 84958.6 -4571.65 84958.6 -12372.7
16.32 -106739 -4399.18 94872.2 -6145.41 94872.2 -4399.18
16.34 -195126 1885.51 100842 -2255.77 100842 1885.51
16.36 -279792 8010.83 105089 4272.2 105089 8010.83
16.38 -360277 15527.3 106968 9220.17 106968 15527.3
16.4 -433242 24650.3 105386 9470.81 105386 24650.3
16.42 -493206 33945.8 100765 4758.57 100765 33945.8
16.44 -534803 41529.4 93808.4 -2560.59 93808.4 41529.4
16.46 -554841 46279.5 85015.9 -9400.98 85015.9 46279.5
16.48 -552880 47903.7 75836.5 -13960.7 75836.5 47903.7
16.5 -530413 46997.3 67153.4 -16195 67153.4 46997.3
16.52 -489477 44901.9 57410.1 -16435.6 57410.1 44901.9
16.54 -431821 41997.2 44939.3 -13944.6 44939.3 41997.2
16.56 -359083 37062 30514.7 -7376.85 30514.7 37062
16.58 -273460 29439.5 15678.5 3377.56 15678.5 29439.5
16.6 -178249 20112.9 398.507 16080.7 398.507 20112.9
16.62 -77901 10243.1 -15680.9 26737.5 -15680.9 10243.1
16.64 22699.9 845.459 -31229.4 31545.9 -31229.4 845.459
16.66 119496 -6704.21 -44397.8 29189.6 -44397.8 -6704.21
16.68 209827 -12382.1 -54380.7 21579.7 -54380.7 -12382.1
16.7 292006 -17604.7 -61150 12235.3 -61150 -17604.7
16.72 364577 -22956.7 -65287.2 4265.13 -65287.2 -22956.7
16.74 425583 -28270 -67479 -283.115 -67479 -28270
16.76 472198 -33582.6 -67191.5 -325.845 -67191.5 -33582.6
16.78 501432 -38500.7 -62728.5 4264.47 -62728.5 -38500.7
16.8 511479 -42152 -54184.6 12577.9 -54184.6 -42152
16.82 502255 -44184 -44521.9 22491 -44521.9 -44184
16.84 474923 -44531.9 -35563.3 30864.5 -35563.3 -44531.9
16.86 431204 -42911.3 -25861.8 34710.3 -25861.8 -42911.3
16.88 372940 -39293 -13568 32515.9 -13568 -39293
16.9 302068 -34051.2 1340.49 24524.6 1340.49 -34051.2
16.92 221040 -27489.2 17730.9 12319 17730.9 -27489.2
16.94 133045 -19725.3 33856.1 -1400.32 33856.1 -19725.3
16.96 41375.1 -11319 47912.8 -13089.9 47912.8 -11319
16.98 -51389.7 -3300.56 59924.9 -19370.6 59924.9 -3300.56
17 -143301 3854.73 71097.7 -18461.9 71097.7 3854.73
17.02 -232327 10387.7 81096.6 -11060.8 81096.6 10387.7
17.04 -315860 16512.4 88336.4 -4.51558 88336.4 16512.4
17.06 -390752 22350.3 91964.1 11241.1 91964.1 22350.3
17.08 -453742 27945.4 92740.3 20208.1 92740.3 27945.4
17.1 -502010 32872.2 92274.6 25731.7 92274.6 32872.2
17.12 -533385 36638.5 91328.3 27068.1 91328.3 36638.5
17.14 -546141 39156.8 89553.8 23530.4 89553.8 39156.8
17.16 -539011 40371 86452.6 15350.8 86452.6 40371
17.18 -511712 40062.7 81477.4 4575.63 81477.4 40062.7
17.2 -465569 37904.6 74070.4 -5339.93 74070.4 37904.6
17.22 -403492 33585.4 64920.1 -11236.2 64920.1 33585.4
17.24 -329090 27487.1 55626 -11873.4 55626 27487.1
17.26 -245576 20626 46265.8 -8064.31 46265.8 20626
17.28 -155474 13178 35431.4 -1535.39 35431.4 13178
17.3 -61336.4 4517.36 22612 6115.09 22612 4517.36
17.32 33397.8 -5084.3 9053.14 13697.7 9053.14 -5084.3
17.34 124384 -14279.5 -3506.75 20165.4 -3506.75 -14279.5
17.36 207538 -21708.7 -14211 24302 -14211 -21708.7
17.38 280586 -26717.1 -23372.7 25049 -23372.7 -26717.1
17.4 343317 -29992.1 -31703.6 22450.4 -31703.6 -29992.1
17.42 395994 -33065.6 -38827.1 18125.7 -38827.1 -33065.6
17.44 437489 -36599.8 -43224.7 14535.1 -43224.7 -36599.8
17.46 464902 -40001.5 -44105.3 13492.5 -44105.3 -40001.5
17.48 475001 -42049.1 -42495.5 15042 -42495.5 -42049.1
17.5 466225 -41680.5 -39977.4 17702.1 -39977.4 -41680.5
17.52 439355 -39153 -37004.6 19852 -37004.6 -39153
17.54 396222 -35922.8 -32751 20796.9 -32751 -35922.8
17.56 338020 -32642.1 -26077.1 20626 -26077.1 -32642.1
17.58 265108 -28345.3 -16587.9 19409.5 -16587.9 -28345.3
17.6 178410 -21928.8 -4890 16715 -4890 -21928.8
17.62 80946.3 -13170.2 7648.38 12064.6 7648.38 -13170.2
17.64 -22101.8 -2939.78 19660 5975.53 19660 -2939.78
17.66 -124987 7130.57 30853.2 186.012 30853.2 7130.57
17.68 -223245 15791.6 41812.6 -3579.16 41812.6 15791.6
17.7 -314200 23016.3 52722.1 -5032.64 52722.1 23016.3
17.72 -395967 29577.2 62922 -5414.56 62922 29577.2
17.74 -466147 36062 71463.7 -6292.54 71463.7 36062
17.76 -521449 42361.2 77270.4 -8308.36 77270.4 42361.2
17.78 -558424 47562.9 79669.4 -10959.3 79669.4 47562.9
17.8 -574537 50582.7 79525.6 -13437.5 79525.6 50582.7
17.82 -568816 50932.2 78427.2 -15514.7 78427.2 50932.2
17.84 -541889 48783.3 76730.7 -17544.2 76730.7 48783.3
17.86 -495532 44754.9 73418.3 -19654.6 73418.3 44754.9
17.88 -432077 39519.4 67525.8 -20970.8 67525.8 39519.4
17.9 -353891 33205.5 59302.1 -19682.4 59302.1 33205.5
17.92 -263111 25407.8 49802.8 -14051.6 49802.8 25407.8
17.94 -161830 15732.7 39770.1 -3573.85 39770.1 15732.7
17.96 -52716.1 4023.63 29639.7 10581.9 29639.7 4023.63
17.98 60389.9 -9240.76 19658.5 26106.8 19658.5 -9240.76
18 172612 -22445.2 9519.73 40685.3 9519.73 -22445.2
18.02 279065 -33737.6 -950.018 52838.2 -950.018 -33737.6
18.04 375985 -42659 -11018.1 61734.7 -11018.1 -42659
18.06 460968 -49922.8 -19921 66515.1 -19921 -49922.8
18.08 532111 -55967.8 -27720.2 66379 -27720.2 -55967.8
18.1 586917 -60512.5 -34279.4 61442.4 -34279.4 -60512.5
18.12 622183 -63036.9 -38684.4 53174.3 -38684.4 -63036.9
18.14 635122 -63115.9 -40560.2 43864.1 -40560.2 -63115.9
18.16 624842 -60537.5 -40549.6 35679.1 -40549.6 -60537.5
18.18 592643 -55889.5 -39238.7 29894.4 -39238.7 -55889.5
18.2 540899 -50452.9 -36405.7 26539.6 -36405.7 -50452.9
18.22 471636 -44804.1 -31427.2 24662.8 -31427.2 -44804.1
18.24 386081 -38268.1 -24043.5 22989.6 -24043.5 -38268.1
18.26 285492 -29917.3 -14418.4 20292.8 -14418.4 -29917.3
18.28 172454 -19476.6 -3162.03 15410.5 -3162.03 -19476.6
18.3 51447.6 -7426.73 8790.16 7536.3 8790.16 -7426.73
18.32 -71954.3 5134.77 20882.8 -3222.02 20882.8 5134.77
18.34 -192557 17013 33217.2 -15750.2 33217.2 17013
18.36 -306381 27651.4 45899.1 -28477.4 45899.1 27651.4
18.38 -410378 37185.6 58191.9 -39954.3 58191.9 37185.6
18.4 -501622 45787.9 68995.9 -49014.3 68995.9 45787.9
18.42 -576887 53200.7 77823.7 -54654.4 77823.7 53200.7
18.44 -632985 58700.4 84693.7 -56040.1 84693.7 58700.4
18.46 -667585 61522.1 89549.8 -52845.4 89549.8 61522.1
18.48 -679827 61504.4 92053.8 -45643.4 92053.8 61504.4
18.5 -670385 59063.6 92027 -35864.5 92027 59063.6
18.52 -641019 54827 89638.4 -25222.3 89638.4 54827
18.54 -593846 49298.8 85153.7 -14964.4 85153.7 49298.8
18.56 -530878 42725.4 78817.1 -5446.08 78817.1 42725.4
18.58 -453883 35137 70780.1 3714.08 70780.1 35137
18.6 -364353 26520.7 61172.9 13105.5 61172.9 26520.7
18.62 -263699 16945.7 50126 23100.6 50126 16945.7
18.64 -153828 6323.9 37938.8 33721.1 37938.8 6323.9
18.66 -37802.5 -5342.56 25324.5 44584.1 25324.5 -5342.56
18.68 79962.3 -17463.8 13091.8 54829.3 13091.8 -17463.8
18.7 194101 -28908.3 1528.21 63198.4 1528.21 -28908.3
18.72 299154 -38607.1 -9533.47 68357.7 -9533.47 -38607.1
18.74 390357 -46092.6 -19930.9 69317 -19930.9 -46092.6
18.76 464005 -51320.3 -28990.5 65769.4 -28990.5 -51320.3
18.78 517378 -54383.9 -35994.5 58231.4 -35994.5 -54383.9
18.8 548708 -55338.2 -40595.7 47881.6 -40595.7 -55338.2
18.82 557426 -54106 -43004.6 36190.2 -43004.6 -54106
18.84 544470 -50649.2 -43675.1 24599.8 -43675.1 -50649.2
18.86 512228 -45226.1 -42876.1 14336.5 -42876.1 -45226.1
18.88 463899 -38633.2 -40442.7 6177 -40442.7 -38633.2
18.9 402603 -31864.6 -35911.9 138.059 -35911.9 -31864.6
18.92 330666 -25312.1 -28998.5 -4573.08 -28998.5 -25312.1
18.94 249499 -18488.7 -19984.7 -9113.77 -19984.7 -18488.7
18.96 160244 -10626.3 -9662.83 -14368.5 -9662.83 -10626.3
18.98 64766.4 -1517.37 1280.24 -20576.5 1280.24 -1517.37
19 -33756.5 8255.87 12365.1 -27312.8 12365.1 8255.87
19.02 -131233 17578.3 23215.8 -33683.1 23215.8 17578.3
19.04 -223745 25405 33763.1 -38640.7 33763.1 25405
19.06 -308394 31530 43968.3 -41254.1 43968.3 31530
19.08 -383164 36494.5 53649.6 -40775.6 53649.6 36494.5
19.1 -446033 40692.3 62521.3 -36674.3 62521.3 40692.3
19.12 -494363 43695.5 70220.7 -28824.9 70220.7 43695.5
19.14 -525425 44512.7 76352.5 -17733.1 76352.5 44512.7
19.16 -537594 42820.7 80512.8 -4540.61 80512.8 42820.7
19.18 -531097 39327 82530.8 9178.65 82530.8 39327
19.2 -507645 34914.4 82399.7 21617.9 82399.7 34914.4
19.22 -469237 30214.9 80163.9 31042 80163.9 30214.9
19.24 -417322 25427.9 75991.6 36378.9 75991.6 25427.9
19.26 -353040 20147.8 70219.4 37699.5 70219.4 20147.8
19.28 -278139 13812.8 63345.3 36110.1 63345.3 13812.8
19.3 -195444 6535.88 55748.1 33229.5 55748.1 6535.88
19.32 -108421 -996.558 47665.3 30631.3 47665.3 -996.558
19.34 -20392.7 -8421.77 39346.3 29349 39346.3 -8421.77
19.36 65823.4 -15829.7 30971 29619.5 30971 -15829.7
19.38 147676 -23173 22548.3 31066.5 22548.3 -23173
19.4 222459 -29940.4 13975.5 33024.2 13975.5 -29940.4
19.42 287242 -35466.4 5220.01 34567.4 5220.01 -35466.4
19.44 339275 -39376.2 -3237.38 34440.4 -3237.38 -39376.2
19.46 376558 -41446.8 -10459.1 31407.7 -10459.1 -41446.8
19.48 398108 -41412.7 -16059.2 24987.7 -16059.2 -41412.7
19.5 403819 -39393.6 -20386.2 15874.6 -20386.2 -39393.6
19.52 394226 -35889.1 -23776.3 5653.92 -23776.3 -35889.1
19.54 370420 -31282.4 -26283.7 -3824.31 -26283.7 -31282.4
19.56 333889 -25868.9 -27911.4 -11020.1 -27911.4 -25868.9
19.58 286203 -20052.7 -28464.5 -15156.8 -28464.5 -20052.7
19.6 228839 -14080 -27357.7 -16372.1 -27357.7 -14080
19.62 163430 -7744.97 -24215.7 -15385.1 -24215.7 -7744.97
19.64 92089.4 -1013.25 -19214.9 -13009.2 -19214.9 -1013.25
19.66 17427 5593.2 -12743.1 -9963.47 -12743.1 5593.2
19.68 -57743 11636.6 -5084.17 -6882.21 -5084.17 11636.6
19.7 -130720 17136.4 3641.53 -4259.49 3641.53 17136.4
19.72 -198984 22183.2 13268.4 -2390.85 13268.4 22183.2
19.74 -260056 26459.9 23356.3 -1348.78 23356.3 26459.9
19.76 -311401 29605.9 33290.5 -852.662 33290.5 29605.9
19.78 -350671 31530.5 42584.1 -170.112 42584.1 31530.5
19.8 -376269 32071.1 50975.3 1563.29 50975.3 32071.1
19.82 -387599 31138.7 58397.7 4743.9 58397.7 31138.7
19.84 -384777 28946.4 64865.6 9039.94 64865.6 28946.4
19.86 -368244 25711.4 70290 13632.8 70290 25711.4
19.88 -338721 21477.1 74449.1 17625.1 74449.1 21477.1
19.9 -297417 16268.3 77047.8 20382.6 77047.8 16268.3
19.92 -246152 10356.5 77721.7 21705.6 77721.7 10356.5
19.94 -187178 4204.08 76289.8 21755.9 76289.8 4204.08
19.96 -122782 -1866.03 73062 20863.3 73062 -1866.03
19.98 -54925.6 -7738.59 68431.1 19474.9 68431.1 -7738.59
20 14758.3 -13434.3 62372.6 18254.9 62372.6 -13434.3
20.02 84631.5 -19047.6 54745.4 18035.9 54745.4 -19047.6
20.04 152686 -24605 45684.1 19471.2 45684.1 -24605
20.06 216465 -29868.6 35567.9 22630.6 35567.9 -29868.6
20.08 273255 -34499.7 24934.6 26846.1 24934.6 -34499.7
20.1 320398 -38222.8 14404.5 30912.4 14404.5 -38222.8
20.12 355611 -40693.2 4353.4 33592.9 4353.4 -40693.2
20.14 377178 -41587.3 -5256.58 34169.3 -5256.58 -41587.3
20.16 384045 -40739.7 -14285.4 32655.2 -14285.4 -40739.7
20.18 375876 -38248 -22003.8 29573.7 -22003.8 -38248
20.2 353085 -34282 -27838.5 25570.4 -27838.5 -34282
20.22 316775 -28991.9 -31860.4 21167.2 -31860.4 -28991.9
20.24 268611 -22591.7 -34184 16722.6 -34184 -22591.7
20.26 210697 -15366.7 -34682.6 12505.8 -34682.6 -15366.7
20.28 145361 -7812.3 -33287.4 8718.57 -33287.4 -7812.3
20.3 74885 -384.941 -30260.2 5362.22 -30260.2 -384.941
20.32 1338.2 6829.82 -25957 2110.98 -25957 6829.82
20.34 -73260.7 14053.4 -20303 -1584.35 -20303 14053.4
20.36 -146627 21196.7 -12939 -6184.21 -12939 21196.7
20.38 -216141 27607.4 -3738.95 -11754.7 -3738.95 27607.4
20.4 -279093 32795.6 7023.65 -17813.1 7023.65 32795.6
20.42 -333140 36671.5 18769.5 -23448 18769.5 36671.5
20.44 -376650 39141.3 30881.6 -27756.3 30881.6 39141.3
20.46 -408604 40194.1 42976.9 -30213.6 42976.9 40194.1
20.48 -428171 39996 54737.7 -30608.9 54737.7 39996
20.5 -434520 38493.1 65626.2 -28854.9 65626.2 38493.1
20.52 -427057 35437.5 74970.4 -25048.3 74970.4 35437.5
20.54 -405812 30853.3 82103.8 -19552.2 82103.8 30853.3
20.56 -371638 25108 86608.8 -12882.2 86608.8 25108
20.58 -326097 18623.3 88737.3 -5606.6 88737.3 18623.3
20.6 -271077 11780.7 89067 1670 89067 11780.7
20.62 -208427 4845.61 87776.1 8443.63 87776.1 4845.61
20.64 -139864 -2132.77 84756 14551.8 84756 -2132.77
20.66 -67193.8 -9180.39 79944.5 20279.7 79944.5 -9180.39
20.68 7370.12 -16331.1 73290.9 26186.8 73290.9 -16331.1
20.7 81093.5 -23408.1 64926.3 32717.9 64926.3 -23408.1
20.72 151044 -29876.3 55334 39861.2 55334 -29876.3
20.74 214573 -35355.3 44917.8 47083.1 44917.8 -35355.3
20.76 269546 -39881.1 33776.2 53547.8 33776.2 -39881.1
20.78 314295 -43322.9 22156 58509.1 22156 -43322.9
20.8 347500 -45216.6 10548.5 61576.7 10548.5 -45216.6
20.82 368139 -45407.2 -504.935 62533.9 -504.935 -45407.2
20.84 375639 -44025.4 -10412.6 60984.2 -10412.6 -44025.4
20.86 370062 -41102.9 -18765.9 56461.4 -18765.9 -41102.9
20.88 351968 -36743.1 -25470.7 48912.3 -25470.7 -36743.1
20.9 322142 -31113.7 -30544.5 38929.6 -30544.5 -31113.7
20.92 281530 -24355.5 -34090.5 27547.7 -34090.5 -24355.5
20.94 231408 -16715 -36271.5 15840.2 -36271.5 -16715
20.96 173537 -8547.06 -37026.9 4581.51 -37026.9 -8547.06
20.98 110094 -262.053 -36051 -5826.34 -36051 -262.053
21 43439.2 7746.4 -33257.2 -15169.1 -33257.2 7746.4
21.02 -24023.6 15259.2 -28882.4 -23226.8 -28882.4 15259.2
21.04 -89811.2 22176 -23185.8 -29773.2 -23185.8 22176
21.06 -151318 28255 -16430.1 -34723 -16430.1 28255
21.08 -205991 33096.1 -8784.8 -38204.4 -8784.8 33096.1
21.1 -251647 36437.6 -172.292 -40407.7 -172.292 36437.6
21.12 -286697 38230.9 9456.53 -41332.9 9456.53 38230.9
21.14 -310134 38490.5 19698.6 -40691.7 19698.6 38490.5
21.16 -321307 37344.8 29749.8 -38002.9 29749.8 37344.8
21.18 -319752 34826.1 38964 -32787.6 38964 34826.1
21.2 -305335 30764.1 47051 -24836 47051 30764.1
21.22 -278586 25067.6 53891.4 -14435.7 53891.4 25067.6
21.24 -240906 17892.9 59463.9 -2388.34 59463.9 17892.9
21.26 -194392 9779.58 63822.5 10215.8 63822.5 9779.58
21.28 -141365 1444.24 67081.1 22350.3 67081.1 1444.24
21.3 -83890.9 -6600.83 69177.9 33328.8 69177.9 -6600.83
21.32 -23639.3 -14267.1 69890.5 42845 69890.5 -14267.1
21.34 37814.5 -21761.5 69264.6 50809.7 69264.6 -21761.5
21.36 98545.1 -29056.9 67645.2 57194.5 67645.2 -29056.9
21.38 156099 -35748.5 65311 62005.1 65311 -35748.5
21.4 207791 -41337.2 62348.1 65278.6 62348.1 -41337.2
21.42 251306 -45442.7 58686.9 67033.8 58686.9 -45442.7
21.44 285130 -47890.7 53998.4 67242.5 53998.4 -47890.7
21.46 308489 -48782.1 48047 65821.6 48047 -48782.1
21.48 320829 -48530.7 41145.7 62577.9 41145.7 -48530.7
21.5 321364 -47252.9 33855.3 57206.1 33855.3 -47252.9
21.52 309213 -44341.7 26535.1 49492.9 26535.1 -44341.7
21.54 284027 -39247.4 19354.7 39553.9 19354.7 -39247.4
21.56 246661 -31979 12464.9 27897.7 12464.9 -31979
21.58 199321 -23151.4 6064.84 15398.7 6064.84 -23151.4
21.6 144844 -13916.6 465.066 3135.56 465.066 -13916.6
21.62 85610.7 -5244.76 -4011.14 -7991.35 -4011.14 -5244.76
21.64 22993.8 2840.59 -7322.96 -17555.9 -7322.96 2840.59
21.66 -42115.3 11028.6 -9701.14 -25539.8 -9701.14 11028.6
21.68 -108251 19608.3 -11301.9 -32084.1 -11301.9 19608.3
21.7 -172691 28113 -12133.3 -37287.7 -12133.3 28113
21.72 -231846 35576.4 -12272.3 -41093.4 -12272.3 35576.4
21.74 -282527 41037.9 -11821.8 -43366.1 -11821.8 41037.9
21.76 -322962 44378.1 -10468.4 -44087.1 -10468.4 44378.1
21.78 -352722 46149.8 -7666.88 -43390 -7666.88 46149.8
21.8 -371818 46856.5 -3542.87 -41414.7 -3542.87 46856.5
21.82 -379843 46653.9 1097.34 -38130.6 1097.34 46653.9
21.84 -375873 45290.1 5609.34 -33265.7 5609.34 45290.1
21.86 -359135 42249.2 9758.83 -26474.6 9758.83 42249.2
21.88 -329909 37145.1 13459 -17703.9 13459 37145.1
21.9 -289793 30266.4 16888.1 -7439.05 16888.1 30266.4
21.92 -241141 22493.4 20338.2 3404.5 20338.2 22493.4
21.94 -186179 14666.9 23652.9 13846.9 23652.9 14666.9
21.96 -126371 7216.34 26395 23243.1 26395 7216.34
21.98 -62465.9 -168.603 28483.6 31449.5 28483.6 -168.603
22 4678.41 -8211.7 30108.5 38563.4 30108.5 -8211.7
22.02 73137.8 -17021.2 31349.8 44501.8 31349.8 -17021.2
22.04 139639 -25801.5 32277.4 48882.2 32277.4 -25801.5
22.06 200316 -33372.9 32937.3 51279.4 32937.3 -33372.9
22.08 251962 -38946.1 33218.9 51602.1 33218.9 -38946.1
22.1 292888 -42443.5 32889.5 50298.6 32889.5 -42443.5
22.12 322756 -44436.9 31918.2 48176 31918.2 -44436.9
22.14 341538 -45792.1 30689.8 45871.1 30689.8 -45792.1
22.16 348592 -46712.9 29695.8 43431.2 29695.8 -46712.9
22.18 342645 -46565.4 29094.6 40407.1 29094.6 -46565.4
22.2 322642 -44455.5 28502.4 36268 28502.4 -44455.5
22.22 288765 -39937 27421.2 30753.6 27421.2 -39937
22.24 242707 -33479.5 25743.5 23993.5 25743.5 -33479.5
22.26 187041 -25964.4 23838.7 16409.4 23838.7 -25964.4
22.28 124219 -18088.5 22305.1 8493.44 22305.1 -18088.5
22.3 56061 -9985.21 21452.1 602.462 21452.1 -9985.21
22.32 -15866.9 -1313.99 21090.6 -7036.83 21090.6 -1313.99
22.34 -89515.8 7964.37 20853.8 -14136 20853.8 7964.37
22.36 -162069 17194 20562.9 -20246.5 20562.9 17194
22.38 -230492 25384.1 20166.2 -24911.2 20166.2 25384.1
22.4 -292356 32071.8 19679.1 -27922.3 19679.1 32071.8
22.42 -346090 37545.3 19306.7 -29446.3 19306.7 37545.3
22.44 -390552 42095.6 19279.5 -29917.5 19279.5 42095.6
22.46 -424421 45649.2 19634 -29723.9 19634 45649.2
22.48 -446097 47875.6 20398 -28863.5 20398 47875.6
22.5 -454132 48517 21662.5 -26926.4 21662.5 48517
22.52 -447747 47489.5 23234.9 -23510 23234.9 47489.5
22.54 -427009 44692.3 24608.8 -18691.1 24608.8 44692.3
22.56 -392678 40238.4 25323.4 -13065.9 25323.4 40238.4
22.58 -346098 34434 25216.2 -7347.48 25216.2 34434
22.6 -289257 27538.2 24409 -1993.08 24409 27538.2
22.62 -224667 19889.1 23305.1 2862.57 23305.1 19889.1
22.64 -154846 12022.7 22298.3 7329.72 22298.3 12022.7
22.66 -81769.6 4368.7 21163.6 11671.3 21163.6 4368.7
22.68 -6937.21 -3225.54 19252.3 16156.3 19252.3 -3225.54
22.7 68010.4 -11064.7 16465.3 20937.7 16465.3 -11064.7
22.72 140724 -18967.6 13532.5 26047.1 13532.5 -18967.6
22.74 208065 -26490.6 11088.9 31320.7 11088.9 -26490.6
22.76 266646 -33171.3 9182.47 36224.8 9182.47 -33171.3
22.78 313642 -38537.4 7628.66 39971 7628.66 -38537.4
22.8 347257 -42203.1 6138.31 42005.9 6138.31 -42203.1
22.82 366610 -44073.6 4490.25 42358.3 4490.25 -44073.6
22.84 371399 -44345.4 2863.94 41462.1 2863.94 -44345.4
22.86 361765 -43166 1776.18 39692.6 1776.18 -43166
22.88 338339 -40514.4 1757.29 37089.2 1757.29 -40514.4
22.9 302245 -36394.4 3090.48 33449.6 3090.48 -36394.4
22.92 255043 -30967.1 5659.15 28646.6 5659.15 -30967.1
22.94 198597 -24501.9 9035.14 22861.3 9035.14 -24501.9
22.96 134902 -17300.4 12753.1 16501.3 12753.1 -17300.4
22.98 65925.6 -9682.97 16491 9902.48 16491 -9682.97
23 -6445.9 -1929.89 20247.4 3162.71 20247.4 -1929.89
23.02 -80290.9 5835.91 24370.8 -3689.36 24370.8 5835.91
23.04 -153410 13587.4 29015.8 -10386.2 29015.8 13587.4
23.06 -223122 21111.7 33845.7 -16324.1 33845.7 21111.7
23.08 -286349 27837.5 38500.7 -20784.1 38500.7 27837.5
23.1 -340099 33093.4 42886.3 -23266.9 42886.3 33093.4
23.12 -382093 36591.3 47011.1 -23695.1 47011.1 36591.3
23.14 -411118 38415 50846.8 -22430.6 50846.8 38415
23.16 -426816 38848 54387.5 -20137 54387.5 38848
23.18 -429065 38206.4 57604.1 -17467.1 57604.1 38206.4
23.2 -417591 36496.1 60111.2 -14734.3 60111.2 36496.1
23.22 -392211 33454.3 61217.5 -11845.3 61217.5 33454.3
23.24 -353467 28885.8 60519.3 -8529.4 60519.3 28885.8
23.26 -302984 23069.3 58119.6 -4621.89 58119.6 23069.3
23.28 -243211 16601.4 54390 -176.542 54390 16601.4
23.3 -176767 9900.85 49810.9 4621.85 49810.9 9900.85
23.32 -105868 3116.01 44837.7 9659.74 44837.7 3116.01
23.34 -32307.3 -3844.08 39477.2 15027 39477.2 -3844.08
23.36 42072.6 -11064.5 33286.7 20901.2 33286.7 -11064.5
23.38 114936 -18381 26102.9 27268 26102.9 -18381
23.4 183471 -25312.8 18199.2 33737.4 18199.2 -25312.8
23.42 244803 -31264.5 9985.63 39601.4 9985.63 -31264.5
23.44 296440 -35911.2 1961.97 44083.6 1961.97 -35911.2
23.46 336536 -39135.6 -5263.05 46657.4 -5263.05 -39135.6
23.48 363977 -40819.8 -11314.4 47272.7 -11314.4 -40819.8
23.5 378287 -40942.4 -16393 46277.6 -16393 -40942.4
23.52 379457 -39694.8 -20789 44047.5 -20789 -39694.8
23.54 367772 -37297.3 -24414.9 40677.9 -24414.9 -37297.3
23.56 343718 -33728.5 -26990.9 36035.9 -26990.9 -33728.5
23.58 307960 -28953.5 -28281.2 30024.2 -28281.2 -28953.5
23.6 261423 -23148.8 -28083.1 22760 -28083.1 -23148.8
23.62 205498 -16455.2 -26279.5 14629.8 -26279.5 -16455.2
23.64 142126 -9058.66 -23034.9 6259.31 -23034.9 -9058.66
23.66 73606.9 -1383.51 -18618.5 -1670.77 -18618.5 -1383.51
23.68 2320.63 6089.39 -13047.7 -8658.82 -13047.7 6089.39
23.7 -69374.6 13156.3 -6261.32 -14449.3 -6261.32 13156.3
23.72 -139071 19736 1636.9 -18971.7 1636.9 19736
23.74 -204263 25492.7 10430.1 -22318.9 10430.1 25492.7
23.76 -262366 30167.2 19727.6 -24680.4 19727.6 30167.2
23.78 -310887 33714.7 28889 -26159.7 28889 33714.7
23.8 -347796 35980.3 37194.6 -26714.9 37194.6 35980.3
23.82 -371839 36754.1 44387.1 -26291.5 44387.1 36754.1
23.84 -382591 36031.4 50742.4 -24867.6 50742.4 36031.4
23.86 -380306 34028.8 56432.5 -22352.7 56432.5 34028.8
23.88 -365697 30923.6 61409.8 -18564.7 61409.8 30923.6
23.9 -339666 26749.2 65643.7 -13342.4 65643.7 26749.2
23.92 -303103 21586.5 68781.1 -6645.7 68781.1 21586.5
23.94 -256996 15521.3 69974.2 1372.75 69974.2 15521.3
23.96 -202767 8608.21 68733.6 10258.9 68733.6 8608.21
23.98 -142502 1098.82 65468.9 19246.9 65468.9 1098.82
24 -78771.3 -6382.49 60892.2 27488.4 60892.2 -6382.49
24.02 -14092.2 -13104.4 55497.6 34386 55497.6 -13104.4
24.04 49601.8 -18858.7 49539.1 39757.3 49539.1 -18858.7
24.06 111102 -23838.9 42969.2 43786 42969.2 -23838.9
24.08 169440 -28330.8 35421 46860.1 35421 -28330.8
24.1 223052 -32598.9 26749.4 49270.6 26749.4 -32598.9
24.12 269424 -36442.8 17588 50891 17588 -36442.8
24.14 305637 -39063.5 8811.75 51172.6 8811.75 -39063.5
24.16 329517 -39625.7 852.084 49510.1 852.084 -39625.7
24.18 340474 -38133.3 -6121.08 45649.1 -6121.08 -38133.3
24.2 339395 -35378 -11940.7 39877.9 -11940.7 -35378
24.22 327668 -32138.3 -16583 32948.7 -16583 -32138.3
24.24 306077 -28679.5 -20162 25715.5 -20162 -28679.5
24.26 274610 -24593.8 -22430 18679.1 -22430 -24593.8
24.28 233305 -19307.7 -22938 11857.9 -22938 -19307.7
24.3 183249 -12867.4 -21573.3 5088.15 -21573.3 -12867.4
24.32 126767 -5989.57 -18403.8 -1577 -18403.8 -5989.57
24.34 66689.7 498.336 -13680.4 -7732.55 -13680.4 498.336
24.36 5393.28 6199.06 -7892.68 -12875.4 -7892.68 6199.06
24.38 -55561.1 11221.9 -1455.54 -16831.6 -1455.54 11221.9
24.4 -114975 15934.8 5508.07 -19911.4 5508.07 15934.8
24.42 -171258 20618.8 12995 -22571.6 12995 20618.8
24.44 -222153 25068.6 20836.2 -24909.6 20836.2 25068.6
24.46 -265204 28554.2 28769.1 -26496.4 28769.1 28554.2
24.48 -298592 30339.3 36578.6 -26646.7 36578.6 30339.3
24.5 -321600 30418.8 44095.8 -24812 44095.8 30418.8
24.52 -334379 29426.6 51040.7 -20836.8 51040.7 29426.6
24.54 -337289 27779.4 56859.3 -15039.6 56859.3 27779.4
24.56 -330329 25478.1 60999.6 -8059.26 60999.6 25478.1
24.58 -313154 22376.3 63148.5 -495.15 63148.5 22376.3
24.6 -285718 18283.8 63201.1 7282.52 63201.1 18283.8
24.62 -248879 13261.1 61453.4 14930.2 61453.4 13261.1
24.64 -204340 7834.43 58429.4 21905 58429.4 7834.43
24.66 -154000 2663 54297.7 27588 54297.7 2663
24.68 -99431.4 -2075.62 48898 31621.2 48898 -2075.62
24.7 -41932 -6686.46 42221.2 34129.9 42221.2 -6686.46
24.72 17051.7 -11313.9 34482.7 35677 34482.7 -11313.9
24.74 75560.5 -15823.5 25895.5 36898.2 25895.5 -15823.5
24.76 131198 -19989.3 16707.3 37986.3 16707.3 -19989.3
24.78 181623 -23489 7299.63 38526.1 7299.63 -23489
24.8 225031 -25996.1 -1866.25 37914.7 -1866.25 -25996.1
24.82 260256 -27408.3 -10339.3 35904.3 -10339.3 -27408.3
24.84 286547 -27912.5 -17870.6 32716.7 -17870.6 -27912.5
24.86 303350 -27707.3 -24307.4 28746.5 -24307.4 -27707.3
24.88 310245 -26842.3 -29245.9 24241.2 -29245.9 -26842.3
24.9 306996 -25233.1 -32284.1 19233.4 -32284.1 -25233.1
24.92 293668 -22798.8 -33425.5 13737.9 -33425.5 -22798.8
24.94 270745 -19624.7 -32895.4 7985.89 -32895.4 -19624.7
24.96 239171 -15888 -30867.4 2450.98 -30867.4 -15888
24.98 200230 -11789.2 -27463.7 -2351.86 -27463.7 -11789.2
25 155297 -7582.85 -22752.8 -6122.85 -22752.8 -7582.85
25.02 105662 -3438.08 -16578.2 -8886.33 -16578.2 -3438.08
25.04 52559.7 627.634 -8721.01 -10865.6 -8721.01 627.634
25.06 -2657.37 4615.04 630.475 -12242.3 630.475 4615.04
25.08 -58381.9 8440.64 10941.7 -12997.8 10941.7 8440.64
25.1 -112757 11925.6 21766.5 -12937.5 21766.5 11925.6
25.12 -163863 14832 32843.8 -11869.2 32843.8 14832
25.14 -209994 16924.3 43900 -9798.71 43900 16924.3
25.16 -249783 18187.9 54679 -6958.01 54679 18187.9
25.18 -282117 18784.7 64961.3 -3632.42 64961.3 18784.7
25.2 -305990 18815.2 74330.3 16.0278 74330.3 18815.2
25.22 -320470 18267 82206.9 3966.13 82206.9 18267
25.24 -324856 17003.8 88190.4 8209.65 88190.4 17003.8
25.26 -318949 14863.4 92221.4 12574.4 92221.4 14863.4
25.28 -303241 11909.7 94344.2 16658.2 94344.2 11909.7
25.3 -278806 8568.99 94369.6 19997 94369.6 8568.99
25.32 -246935 5281.01 91999.1 22338.5 91999.1 5281.01
25.34 -208818 2141.66 87246.9 23759.8 87246.9 2141.66
25.36 -165504 -1003.22 80375.7 24576.3 80375.7 -1003.22
25.38 -118159 -4289.38 71633.7 25165.7 71633.7 -4289.38
25.4 -68329.3 -7649.85 61315.7 25787.7 61315.7 -7649.85
25.42 -17908.4 -10786.8 49736.5 26480.1 49736.5 -10786.8
25.44 31186.4 -13380.4 37075 27105.1 37075 -13380.4
25.46 77345 -15298.4 23550 27479 23550 -15298.4
25.48 119374 -16551 9657.41 27433.9 9657.41 -16551
25.5 156334 -17254.1 -4054.7 26755.9 -4054.7 -17254.1
25.52 187317 -17495.5 -17111.9 25111.6 -17111.9 -17495.5
25.54 211380 -17217.9 -29020 22134.5 -29020 -17217.9
25.56 227648 -16256.5 -39330.8 17670.8 -39330.8 -16256.5
25.58 235507 -14498.2 -47656.2 11970.1 -47656.2 -14498.2
25.6 234748 -12039.6 -53638.1 5647.92 -53638.1 -12039.6
25.62 225632 -9146.74 -56962 -526.264 -56962 -9146.74
25.64 208777 -6202.29 -57572 -5854.59 -57572 -6202.29
25.66 184928 -3451.4 -55687.9 -9851.06 -55687.9 -3451.4
25.68 154782 -947.992 -51511.8 -12291.4 -51511.8 -947.992
25.7 119007 1362.76 -45169.3 -13228.6 -45169.3 1362.76
25.72 78480.3 3669.63 -36892.2 -12968.1 -36892.2 3669.63
25.74 34482.6 6000.37 -27004.9 -11981.3 -27004.9 6000.37
25.76 -11312.9 8181.97 -15658.1 -10784.7 -15658.1 8181.97
25.78 -57092 10040.2 -2896.69 -9776.31 -2896.69 10040.2
25.8 -101223 11474.6 11057.3 -9084.73 11057.3 11474.6
25.82 -142460 12411.3 25774.2 -8556.92 25774.2 12411.3
25.84 -179910 12860.6 40749.7 -7868.5 40749.7 12860.6
25.86 -212778 13050.1 55332.1 -6608.93 55332.1 13050.1
25.88 -240187 13057.2 68665.2 -4353.99 68665.2 13057.2
25.9 -261174 12677.6 80049.9 -829.905 80049.9 12677.6
25.92 -274812 11769.9 89188.5 3937.47 89188.5 11769.9
25.94 -280417 10289 95958.9 9598.79 95958.9 10289
25.96 -277770 8236.74 100276 15527 100276 8236.74
25.98 -267166 5761.68 102306 20952.7 102306 5761.68
26 -249219 3153.09 102344 25224.6 102344 3153.09
26.02 -224598 696.344 100382 28042.6 100382 696.344
26.04 -193891 -1538.19 96131.6 29503.7 96131.6 -1538.19
26.06 -157734 -3779.22 89421 29979.6 89421 -3779.22
26.08 -117124 -6285.36 80511.7 29942.1 80511.7 -6285.36
26.1 -73604.5 -8897.41 69981.3 29831.3 69981.3 -8897.41
26.12 -29053.2 -11189.3 58301.4 29951.5 58301.4 -11189.3
26.14 14786.8 -12999.7 45687.7 30341.4 45687.7 -12999.7
26.16 56706.2 -14303.3 32172.3 30744.7 32172.3 -14303.3
26.18 95969.5 -15120.1 17797.2 30776.3 17797.2 -15120.1
26.2 131821 -15687.4 3173.4 30036.9 3173.4 -15687.4
26.22 163101 -16130.8 -10432 28057.6 -10432 -16130.8
26.24 188405 -16104.6 -22017.8 24357.2 -22017.8 -16104.6
26.26 206672 -15131 -31356.5 18730 -31356.5 -15131
26.28 217638 -13221.8 -38540.6 11512.9 -38540.6 -13221.8
26.3 221764 -10873.9 -43651.9 3629.14 -43651.9 -10873.9
26.32 219681 -8666.23 -46688 -3629.54 -46688 -8666.23
26.34 211581 -6977.74 -47451.6 -9095.91 -47451.6 -6977.74
26.36 197079 -5772.2 -45727.8 -12246.1 -45727.8 -5772.2
26.38 175724 -4622.3 -41538.3 -13293.3 -41538.3 -4622.3
26.4 147679 -3182.78 -35207.2 -12799.1 -35207.2 -3182.78
26.42 113990 -1507.45 -27238.4 -11246.8 -27238.4 -1507.45
26.44 76262.2 44.3055 -18055.5 -8943.06 -18055.5 44.3055
26.46 36087.5 1241.1 -7828.18 -6200.21 -7828.18 1241.1
26.48 -5252.54 2294.96 3478.17 -3488.58 3478.17 2294.96
26.5 -46658.8 3496.72 15822.2 -1336.82 15822.2 3496.72
26.52 -86881.4 4892.38 28871.7 -22.3599 28871.7 4892.38
26.54 -124390 6297.65 41985.2 720.878 41985.2 6297.65
26.56 -157655 7377.96 54385.1 1677.43 54385.1 7377.96
26.58 -185605 7805.97 65441.2 3712.71 65441.2 7805.97
26.6 -207844 7530.12 74745.5 7240.18 74745.5 7530.12
26.62 -224403 6859.7 82004.6 12015.7 82004.6 6859.7
26.64 -235285 6157.57 87007.7 17336.4 87007.7 6157.57
26.66 -240156 5520.9 89746.6 22405.4 89746.6 5520.9
26.68 -238403 4744.51 90386.1 26612.9 90386.1 4744.51
26.7 -229530 3613.52 88972.2 29611 88972.2 3613.52
26.72 -213551 2192.91 85488.7 31223.7 85488.7 2192.91
26.74 -191077 744.728 80114.2 31349.2 80114.2 744.728
26.76 -163067 -541.434 73137.9 29997.3 73137.9 -541.434
26.78 -130516 -1645.63 64752.6 27450.5 64752.6 -1645.63
26.8 -94347.8 -2685.84 54972.9 24346.1 54972.9 -2685.84
26.82 -55568.5 -3830.69 43784.6 21474 43784.6 -3830.69
26.84 -15446.7 -5118.91 31320.1 19372.1 31320.1 -5118.91
26.86 24516.2 -6358.82 17885.7 18043.8 17885.7 -6358.82
26.88 62807.1 -7325.19 4012.06 16987.5 4012.06 -7325.19
26.9 98079.3 -7993.73 -9545.88 15458 -9545.88 -7993.73
26.92 129182 -8391.65 -21957.6 12815.8 -21957.6 -8391.65
26.94 155125 -8426.55 -32522.9 8839.48 -32522.9 -8426.55
26.96 175089 -8028.3 -40823.7 3826.44 -40823.7 -8028.3
26.98 188510 -7310.09 -46675 -1571.6 -46675 -7310.09
27 195143 -6461.12 -50076.7 -6588.23 -50076.7 -6461.12
27.02 195013 -5588.09 -51140.8 -10483.9 -51140.8 -5588.09
27.04 188285 -4764.25 -49944.8 -12653.3 -49944.8 -4764.25
27.06 175216 -4033.37 -46617.4 -12790.6 -46617.4 -4033.37
27.08 156234 -3377.1 -41430.7 -11029.3 -41430.7 -3377.1
27.1 132012 -2726.75 -34729.4 -7944.16 -34729.4 -2726.75
27.12 103390 -2046.34 -26760.1 -4394.18 -26760.1 -2046.34
27.14 71182.4 -1362.68 -17594.3 -1259.37 -17594.3 -1362.68
27.16 36124 -539.824 -7263.28 864.244 -7263.28 -539.824
27.18 -951.635 651.317 4121.44 1880.82 4121.44 651.317
27.2 -38875.3 2188.51 16296.1 2176.39 16296.1 2188.51
27.22 -76113.7 3721.33 28840.6 2413.14 28840.6 3721.33
27.24 -111068 4835.87 41174.6 3317.28 41174.6 4835.87
27.26 -142481 5401.72 52646.8 5505.53 52646.8 5401.72
27.28 -169597 5552.7 62790.7 9271.81 62790.7 5552.7
27.3 -191949 5441.7 71298.9 14377.8 71298.9 5441.7
27.32 -209027 5145.95 77911.6 20051.2 77911.6 5145.95
27.34 -220153 4700.21 82480.1 25269.4 82480.1 4700.21
27.36 -224700 4100.85 84936.5 29124.3 84936.5 4100.85
27.38 -222395 3359.62 85249.4 31032.4 85249.4 3359.62
27.4 -213387 2610.61 83501 30783.7 83501 2610.61
27.42 -198058 2015.82 79945.1 28536.1 79945.1 2015.82
27.44 -176851 1531.18 74818.5 24777.2 74818.5 1531.18
27.46 -150333 932.29 68217.8 20245 68217.8 932.29
27.48 -119348 73.5332 60243.9 15815.9 60243.9 73.5332
27.5 -85112.3 -1044.17 51040.7 12319.2 51040.7 -1044.17
27.52 -49115.2 -2347.16 40769 10265.1 40769 -2347.16
27.54 -12883.1 -3721.42 29659.6 9644.41 29659.6 -3721.42
27.56 22228.8 -5036.47 18073.1 9965.53 18073.1 -5036.47
27.58 55102.1 -6176.79 6496.75 10491.2 6496.75 -6176.79
27.6 84820.5 -7054.86 -4533.66 10510.9 -4533.66 -7054.86
27.62 110646 -7608.23 -14524.9 9535.49 -14524.9 -7608.23
27.64 132015 -7809.65 -23062.5 7385.26 -23062.5 -7809.65
27.66 148519 -7663.81 -29800.8 4200.6 -29800.8 -7663.81
27.68 159835 -7252.85 -34508.4 412.195 -34508.4 -7252.85
27.7 165664 -6709.76 -37118.5 -3328.22 -37118.5 -6709.76
27.72 165742 -6098.55 -37694.2 -6270.84 -37694.2 -6098.55
27.74 159928 -5437.91 -36375.2 -7751.9 -36375.2 -5437.91
27.76 148274 -4795.02 -33351.4 -7409.73 -33351.4 -4795.02
27.78 131035 -4246.38 -28816.1 -5327.11 -28816.1 -4246.38
27.8 108633 -3761.24 -22903.3 -1999.61 -22903.3 -3761.24
27.82 81653.7 -3197.28 -15693 1842.47 -15693 -3197.28
27.84 50905.7 -2407.85 -7274.16 5451.91 -7274.16 -2407.85
27.86 17500.2 -1353.2 2202.5 8254.45 2202.5 -1353.2
27.88 -17165.4 -120.372 12504.2 9983.72 12504.2 -120.372
27.9 -51570.9 1157.07 23305.2 10729 23305.2 1157.07
27.92 -84304.2 2343.95 34178.6 10870.5 34178.6 2343.95
27.94 -114214 3330.37 44634.5 10925.4 44634.5 3330.37
27.96 -140413 4070.65 54188.9 11373 54188.9 4070.65
27.98 -162210 4545.09 62412.7 12514 62412.7 4545.09
28 -179072 4724.81 68965 14375.4 68965 4724.81
28.02 -190647 4616.99 73627.2 16687.3 73627.2 4616.99
28.04 -196775 4295.49 76325.8 18957.6 76325.8 4295.49
28.06 -197465 3867.31 77119.3 20620.1 77119.3 3867.31
28.08 -192828 3420.98 76152.2 21203.7 76152.2 3420.98
28.1 -183030 2994.85 73599.9 20484.9 73599.9 2994.85
28.12 -168294 2571.18 69626.3 18577.4 69626.3 2571.18
28.14 -148949 2087.34 64362.1 15918.3 64362.1 2087.34
28.16 -125491 1459.76 57908.8 13138.1 57908.8 1459.76
28.18 -98607.7 621.673 50366.7 10860.7 50366.7 621.673
28.2 -69179 -442.026 41869 9506.87 41869 -442.026
28.22 -38253.2 -1687.33 32605.7 9172.42 32605.7 -1687.33
28.24 -6997.57 -3021.61 22842.7 9615.29 22842.7 -3021.61
28.26 23382.6 -4315.74 12934.3 10346.3 12934.3 -4315.74
28.28 51738.9 -5429.89 3304.9 10784.5 3304.9 -5429.89
28.3 77058.4 -6253.01 -5603.07 10428.9 -5603.07 -6253.01
28.32 98508.8 -6727.84 -13385 9007.29 -13385 -6727.84
28.34 115453 -6853.82 -19710.2 6573.53 -19710.2 -6853.82
28.36 127439 -6672.1 -24382.5 3520.3 -24382.5 -6672.1
28.38 134187 -6261.77 -27321 485.569 -27321 -6261.77
28.4 135567 -5749.03 -28428.5 -1833.52 -28428.5 -5749.03
28.42 131595 -5250.53 -27663.8 -2892.18 -27663.8 -5250.53
28.44 122409 -4809.49 -25166.8 -2450.59 -25166.8 -4809.49
28.46 108276 -4409.69 -21137.7 -630.886 -21137.7 -4409.69
28.48 89608.8 -3996.33 -15742.8 2118.77 -15742.8 -3996.33
28.5 66992.1 -3485.04 -9162.82 5148.52 -9162.82 -3485.04
28.52 41190.8 -2807.55 -1557.52 7786.14 -1557.52 -2807.55
28.54 13132.3 -1948.18 6972.75 9508.77 6972.75 -1948.18
28.56 -16136.3 -926.845 16257.2 10069.7 16257.2 -926.845
28.58 -45504 203.512 26011 9566.57 26011 203.512
28.6 -73862 1342.47 35888.3 8422.23 35888.3 1342.47
28.62 -100093 2336.67 45855.9 7258.21 45855.9 2336.67
28.64 -123129 3066.71 55210.9 6700.01 55210.9 3066.71
