0.02 0 -1.6148e-16 0.015412 0.00406153 0.015412 0
0.04 0 5.35037e-15 0.145769 0.0256026 0.145769 0
0.06 0 -2.43542e-14 0.517576 0.0705601 0.517576 0
0.08 0 2.03512e-13 0.566966 0.0678488 0.566966 0
0.1 0 -6.47923e-13 -2.02935 -0.194994 -2.02935 0
0.12 0 -6.83451e-13 -10.6905 -0.866185 -10.6905 0
0.14 0 2.14321e-12 -26.686 -1.25153 -26.686 0
0.16 0 5.39314e-12 -46.797 1.25904 -46.797 0
0.18 0 -7.77824e-12 -65.4993 11.2497 -65.4993 0
0.2 0 -6.7438e-12 -79.4026 33.0855 -79.4026 0
0.22 0 1.74771e-11 -88.773 67.4103 -88.773 0
0.24 0 -6.82684e-13 -95.3768 109.421 -95.3768 0
0.26 0 6.32105e-12 -100.348 151.272 -100.348 0
0.28 0 -1.10496e-12 -104.53 187.304 -104.53 0
0.3 0 3.29483e-12 -109.964 217.108 -109.964 0
0.32 0 -2.15854e-11 -119.904 242.841 -119.904 0
0.34 0 -1.03719e-11 -136.495 264.473 -136.495 0
0.36 0 -3.49098e-11 -157.858 280.156 -157.858 0
0.38 0 -7.63718e-13 -177.375 291.214 -177.375 0
0.4 0 -1.64795e-11 -186.452 303.551 -186.452 0
0.42 0 -1.96856e-11 -179.311 322.887 -179.311 0
0.44 0 -4.91921e-11 -156.605 350.73 -156.605 0
0.46 0 1.2676e-11 -125.527 384.939 -125.527 0
0.48 0 7.13948e-12 -96.4173 420.027 -96.4173 0
0.5 0 2.33228e-12 -77.2176 445.257 -77.2176 0
0.52 0 1.7655e-10 -67.9277 447.642 -67.9277 0
0.54 0 4.4374e-11 -59.3924 423.123 -59.3924 0
0.56 0 -4.69382e-11 -40.6148 385.226 -40.6148 0
0.58 0 8.21535e-11 -10.7441 358.077 -10.7441 0
0.6 0 -1.28237e-10 16.5376 355.798 16.5376 0
0.62 0 -1.48488e-11 23.1061 366.01 23.1061 0
0.64 0 -4.17307e-11 2.05283 355.45 2.05283 0
0.66 0 4.10071e-11 -36.734 297.453 -36.734 0
0.68 0 5.01066e-12 -76.5834 196.297 -76.5834 0
0.7 0 -9.39598e-12 -110.2 81.243 -110.2 0
0.72 0 1.54417e-11 -147.008 -23.3831 -147.008 0
0.74 0 1.08305e-11 -204.348 -116.263 -204.348 0
0.76 0 -2.72098e-11 -289.516 -207.856 -289.516 0
0.78 0 -3.59199e-11 -388.77 -301.674 -388.77 0
0.8 0 8.44241e-11 -474.672 -391.814 -474.672 0
0.82 0 6.71868e-11 -527.279 -470.988 -527.279 0
0.84 0 1.74386e-11 -551.563 -534.364 -551.563 0
0.86 0 1.69542e-11 -574.626 -581.222 -574.626 0
0.88 0 -5.20704e-11 -621.879 -618.673 -621.879 0
0.9 0 -7.97737e-11 -690.725 -657.289 -690.725 0
0.92 0 3.4691e-11 -747.266 -694.609 -747.266 0
0.94 0 -7.24393e-11 -754.144 -706.848 -754.144 0
0.96 0 8.04202e-13 -706.183 -667.244 -706.183 0
0.98 0 -6.88243e-11 -638.602 -575.355 -638.602 0
1 0 4.0968e-11 -598.495 -463.717 -598.495 0
1.02 0 4.63405e-12 -606.735 -372.491 -606.735 0
1.04 0 -5.02127e-11 -635.506 -319.502 -635.506 0
1.06 0 6.08993e-11 -599.683 -298.064 -599.683 0
1.08 0 5.9125e-12 -387.269 -298.031 -387.269 0
1.1 0 2.40173e-11 25.9941 -313.807 25.9941 0
1.12 0 1.63772e-11 473.926 -328.44 473.926 0
1.14 0 5.09013e-11 703.061 -308.88 703.061 0
1.16 0 -5.37969e-11 626.844 -234.516 626.844 0
1.18 0 2.12065e-11 421.71 -126.408 421.71 0
1.2 0 8.21153e-12 344.915 -33.2273 344.915 0
1.22 0 -3.50315e-11 485.365 17.0321 485.365 0
1.24 0 -5.66763e-12 697.87 40.5652 697.87 0
1.26 0 -4.79754e-13 776.966 67.5383 776.966 0
1.28 0 1.34947e-11 684.373 106.731 684.373 0
1.3 0 -1.41813e-12 562.115 152.72 562.115 0
1.32 0 -1.72818e-11 520.825 205.471 520.825 0
1.34 0 2.00191e-11 491.568 259.427 491.568 0
1.36 0 -4.11979e-12 319.516 285.351 319.516 0
1.38 0 -7.85084e-12 -52.7025 248.032 -52.7025 0
1.4 0 1.06099e-11 -515.153 144.669 -515.153 0
1.42 0 -5.97322e-12 -841.527 6.01693 -841.527 0
1.44 0 -1.20103e-12 -813.778 -149.224 -813.778 0
1.46 0 -4.40617e-11 -423.186 -334.022 -423.186 0
1.48 0 7.51565e-11 12.4775 -543.225 12.4775 0
1.5 0 -6.14007e-11 80.3023 -714.872 80.3023 0
1.52 0 -1.67041e-12 -298.372 -784.401 -298.372 0
1.54 0 1.0625e-11 -782.36 -765.671 -782.36 0
1.56 0 7.61221e-11 -1003.57 -744.263 -1003.57 0
1.58 0 -1.19563e-10 -928.619 -794.619 -928.619 0
1.6 0 7.83264e-11 -787.211 -918.928 -787.211 0
1.62 0 -7.79684e-12 -754.352 -1048.04 -754.352 0
1.64 0 -4.02754e-11 -774.377 -1081.99 -774.377 0
1.66 0 -1.3641e-12 -657.029 -956.09 -657.029 0
1.68 0 7.77142e-12 -309.202 -703.991 -309.202 0
1.7 0 3.26835e-11 126.629 -447.43 126.629 0
1.72 0 4.62799e-11 377.397 -295.031 377.397 0
1.74 0 -2.43055e-11 301.897 -247.711 301.897 0
1.76 0 -1.57342e-12 37.3918 -206.411 37.3918 0
1.78 0 -3.5663e-11 -128.835 -64.2308 -128.835 0
1.8 0 -2.11472e-12 -17.9876 199.483 -17.9876 0
1.82 0 4.20134e-11 314.49 493.994 314.49 0
1.84 0 -1.83806e-11 667.049 695.538 667.049 0
1.86 0 -7.83252e-12 864.995 775.159 864.995 0
1.88 0 1.89522e-12 871.721 836.322 871.721 0
1.9 0 -1.06618e-10 785.198 999.88 785.198 0
1.92 0 4.17453e-11 739.781 1261.36 739.781 0
1.94 0 -2.1272e-10 791.827 1483.93 791.827 0
1.96 0 -1.15327e-10 891.713 1527.69 891.713 0
1.98 0 2.26838e-10 961.316 1376.48 961.316 0
2 0 1.61407e-10 979.792 1149.47 979.792 0
2.02 0 3.31743e-12 987.83 997.362 987.83 0
2.04 0 -5.5584e-11 1026.57 970.313 1026.57 0
2.06 0 1.0614e-10 1083.74 968.027 1083.74 0
2.08 0 -2.82499e-11 1091.87 824.645 1091.87 0
2.1 0 -5.44115e-11 977.208 460.145 977.208 0
2.12 0 7.86826e-11 721.382 -42.7268 721.382 0
2.14 0 -4.08013e-11 378.874 -507.37 378.874 0
2.16 0 5.2437e-11 27.0337 -807.862 27.0337 0
2.18 0 3.13292e-11 -300.588 -956.741 -300.588 0
2.2 0 1.96638e-10 -621.736 -1065.84 -621.736 0
2.22 0 -1.35358e-10 -949.209 -1225.23 -949.209 0
2.24 0 4.40126e-11 -1245.45 -1418.1 -1245.45 0
2.26 0 -1.80007e-10 -1445.73 -1550.4 -1445.73 0
2.28 0 1.21314e-10 -1525 -1553.34 -1525 0
2.3 0 1.89174e-11 -1534.71 -1450.31 -1534.71 0
2.32 0 -1.4313e-10 -1562.37 -1334.75 -1562.37 0
2.34 0 -1.01301e-10 -1646.89 -1291.24 -1646.89 0
2.36 0 -1.35851e-10 -1740.33 -1324.81 -1740.33 0
2.38 0 1.42878e-10 -1756.4 -1354.02 -1756.4 0
2.4 0 1.28984e-10 -1640.06 -1280.53 -1640.06 0
2.42 0 2.66678e-11 -1388.99 -1078.34 -1388.99 0
2.44 0 2.18905e-11 -1041.14 -817.959 -1041.14 0
2.46 0 3.92928e-11 -658.505 -600.638 -658.505 0
2.48 0 -6.55232e-12 -296.218 -468.116 -296.218 0
2.5 0 -6.86987e-11 33.5557 -375.916 33.5557 0
2.52 0 -4.24173e-11 356.017 -246.965 356.017 0
2.54 0 5.59846e-12 684.288 -41.0011 684.288 0
2.56 0 -3.75948e-11 985.083 220.25 985.083 0
2.58 0 -5.77537e-12 1203.29 474.289 1203.29 0
2.6 0 -3.22807e-11 1325.47 663.897 1325.47 0
2.62 0 -4.32418e-12 1411.66 781.707 1411.66 0
2.64 0 8.18493e-12 1539.04 871.177 1539.04 0
2.66 0 5.26208e-11 1704.02 971.675 1704.02 0
2.68 0 1.7118e-11 1808.62 1064.53 1808.62 0
2.7 0 -4.94162e-11 1763.67 1079.88 1763.67 0
2.72 0 -6.21743e-11 1578.86 957.492 1578.86 0
2.74 0 2.48377e-11 1327.69 711.509 1327.69 0
2.76 0 3.54408e-11 1048.98 443.61 1048.98 0
2.78 0 1.71653e-11 714.879 270.934 714.879 0
2.8 0 -1.47846e-11 289.046 216.812 289.046 0
2.82 0 -1.00806e-11 -205.718 185.919 -205.718 0
2.84 0 2.82553e-11 -688.615 68.5559 -688.615 0
2.86 0 1.95196e-11 -1098.83 -147.597 -1098.83 0
2.88 0 -1.90801e-12 -1472.75 -392.008 -1472.75 0
2.9 0 -1.16484e-10 -1917.31 -611.082 -1917.31 0
2.92 0 1.97658e-11 -2482.85 -810.288 -2482.85 0
2.94 0 -6.35682e-11 -3071.31 -1001.56 -3071.31 0
2.96 0 9.2516e-11 -3486.42 -1148.33 -3486.42 0
2.98 0 -2.00304e-11 -3578.93 -1180.79 -3578.93 0
3 0 3.36928e-11 -3361.44 -1059.02 -3361.44 0
3.02 0 9.59018e-12 -3008.18 -819.542 -3008.18 0
3.04 0 8.13372e-11 -2728.96 -562.32 -2728.96 0
3.06 0 4.82834e-12 -2597.64 -381.822 -2597.64 0
3.08 0 -7.4224e-11 -2488.32 -294.778 -2488.32 0
3.1 0 7.86598e-11 -2200.97 -229.938 -2200.97 0
3.12 0 -7.6565e-11 -1661.24 -95.3549 -1661.24 0
3.14 0 -1.98136e-10 -991.175 137.84 -991.175 0
3.16 0 1.27476e-10 -386.356 422.968 -386.356 0
3.18 0 9.88665e-11 69.6617 712.736 69.6617 0
3.2 0 -2.49376e-11 477.035 1024.75 477.035 0
3.22 0 3.12963e-11 1013.25 1399.72 1013.25 0
3.24 0 -3.34233e-10 1743.6 1805.41 1743.6 0
3.26 0 1.69126e-10 2531.41 2133.55 2531.41 0
3.28 0 2.07302e-10 3150.4 2308.09 3150.4 0
3.3 0 -1.77442e-11 3489.24 2355.99 3489.24 0
3.32 0 -1.82566e-10 3628.29 2352.24 3628.29 0
3.34 0 8.13079e-11 3720.82 2331.86 3720.82 0
3.36 0 -6.05475e-12 3832.46 2277.66 3832.46 0
3.38 0 -1.41391e-10 3901.2 2163.69 3901.2 0
3.4 0 8.53996e-11 3813.95 1983.78 3813.95 0
3.42 0 8.5039e-11 3496.68 1745.17 3496.68 0
3.44 0 2.05083e-11 2955.51 1442.87 2955.51 0
3.46 0 2.20286e-11 2266.78 1043.71 2266.78 0
3.48 0 -5.67428e-11 1530.84 512.827 1530.84 0
3.5 0 -7.11868e-11 815.066 -132.677 815.066 0
3.52 0 1.34559e-10 126.049 -809.977 126.049 0
3.54 0 6.57148e-11 -569.426 -1421.73 -569.426 0
3.56 0 4.69133e-10 -1300.56 -1917.24 -1300.56 0
3.58 0 -1.54799e-10 -2062.44 -2310.45 -2062.44 0
3.6 0 -5.8865e-10 -2806.18 -2655.84 -2806.18 0
3.62 0 2.43374e-10 -3444.65 -3001.57 -3444.65 0
3.64 0 -2.60978e-10 -3885.96 -3339.35 -3885.96 0
3.66 0 1.12803e-10 -4096.34 -3594.37 -4096.34 0
3.68 0 -1.58434e-11 -4142.92 -3689.56 -4142.92 0
3.7 0 1.05679e-11 -4152.18 -3634.01 -4152.18 0
3.72 0 -2.40245e-10 -4199.19 -3527.4 -4199.19 0
3.74 0 2.00708e-10 -4237.37 -3453.66 -4237.37 0
3.76 0 -1.35098e-11 -4146.83 -3377.77 -4146.83 0
3.78 0 1.0209e-10 -3840.57 -3167.32 -3840.57 0
3.8 0 6.6248e-13 -3313.6 -2715.32 -3313.6 0
3.82 0 3.23537e-13 -2617.34 -2033.1 -2617.34 0
3.84 0 8.48202e-11 -1821.15 -1234.98 -1821.15 0
3.86 0 2.08304e-11 -985.776 -451.48 -985.776 0
3.88 0 -6.76247e-11 -141.852 250.382 -141.852 0
3.9 0 -1.6574e-10 703.157 891.316 703.157 0
3.92 0 1.39865e-10 1522.95 1537.67 1522.95 0
3.94 0 1.68227e-11 2257.45 2217.96 2257.45 0
3.96 0 9.28779e-11 2862.7 2864.37 2862.7 0
3.98 0 1.04851e-10 3358.79 3342.63 3358.79 0
4 0 1.10699e-10 3801.14 3553.93 3801.14 0
4.02 0 -2.19374e-10 4204.96 3512.18 4204.96 0
4.04 0 -1.55188e-10 4505.94 3321.6 4505.94 0
4.06 0 -1.1526e-10 4587.02 3079.08 4587.02 0
4.08 0 1.42494e-10 4343 2796.55 4343 0
4.1 0 -3.70953e-11 3742.54 2417.51 3742.54 0
4.12 0 5.6249e-11 2848.22 1906.92 2848.22 0
4.14 0 2.28942e-11 1777.39 1310.79 1777.39 0
4.16 0 -2.77179e-11 640.488 718.341 640.488 0
4.18 0 9.34498e-12 -485.511 186.85 -485.511 0
4.2 0 5.03272e-11 -1546.04 -273.672 -1546.04 0
4.22 0 -2.87956e-12 -2503.67 -666.375 -2503.67 0
4.24 0 -7.51997e-11 -3347.99 -1003.28 -3347.99 0
4.26 0 9.60987e-12 -4089.28 -1328.66 -4089.28 0
4.28 0 1.8317e-10 -4735.39 -1698.74 -4735.39 0
4.3 0 -1.11903e-10 -5284.53 -2122.45 -5284.53 0
4.32 0 -2.49044e-11 -5729.23 -2545.59 -5729.23 0
4.34 0 -8.53839e-11 -6038.44 -2896.18 -6038.44 0
4.36 0 4.29629e-11 -6139.35 -3126.31 -6139.35 0
4.38 0 1.68569e-10 -5951.77 -3220.91 -5951.77 0
4.4 0 7.05976e-11 -5455.14 -3191.61 -5455.14 0
4.42 0 1.24543e-11 -4710.56 -3049.47 -4710.56 0
4.44 0 -1.77543e-10 -3819.88 -2757.88 -3819.88 0
4.46 0 4.25742e-11 -2876.69 -2224.51 -2876.69 0
4.48 0 2.99448e-11 -1947.16 -1367.53 -1947.16 0
4.5 0 -1.31818e-10 -1064.58 -199.173 -1064.58 0
4.52 0 2.88001e-10 -211.761 1152.31 -211.761 0
4.54 0 -3.26134e-10 690.858 2500.35 690.858 0
4.56 0 -4.20126e-10 1743.04 3696.6 1743.04 0
4.58 0 2.29573e-10 2977.75 4702.3 2977.75 0
4.6 0 1.30423e-10 4322.42 5582.98 4322.42 0
4.62 0 2.42172e-10 5663.91 6423.55 5663.91 0
4.64 0 -3.43939e-10 6941.44 7225.12 6941.44 0
4.66 0 -1.13055e-10 8152.82 7878.91 8152.82 0
4.68 0 3.70436e-10 9266.08 8248.68 9266.08 0
4.7 0 2.75445e-11 10146.6 8269.11 10146.6 0
4.72 0 -9.14752e-10 10610 7952.41 10610 0
4.74 0 8.71182e-10 10578 7325.48 10578 0
4.76 0 -5.30276e-10 10169.4 6393.1 10169.4 0
4.78 0 3.65697e-10 9604.34 5149.92 9604.34 0
4.8 0 3.45633e-10 9010.07 3608.43 9010.07 0
4.82 0 3.31257e-10 8335.47 1835.5 8335.47 0
4.84 0 -2.93568e-10 7450.2 -21.7159 7450.2 0
4.86 0 2.1816e-10 6304.63 -1773.38 6304.63 0
4.88 0 6.99326e-11 4982.39 -3281.68 4982.39 0
4.9 0 -3.41106e-10 3606.64 -4527.94 3606.64 0
4.92 0 -3.28391e-10 2216.97 -5607.27 2216.97 0
4.94 0 1.59947e-09 761.205 -6682.31 761.205 0
4.96 0 -1.81239e-09 -788.694 -7913.12 -788.694 0
4.98 0 -1.82978e-10 -2337.68 -9357.11 -2337.68 0
5 0 2.67285e-10 -3707.91 -10894 -3707.91 0
5.02 0 2.54484e-09 -4775.68 -12263.5 -4775.68 0
5.04 0 1.4185e-09 -5559.72 -13205.8 -5559.72 0
5.06 0 -1.99414e-09 -6185.85 -13591.5 -6185.85 0
5.08 0 1.42478e-12 -6781.61 -13447.7 -6781.61 0
5.1 0 5.83772e-10 -7396.42 -12889.9 -7396.42 0
5.12 0 -1.12894e-09 -7998.62 -12015.5 -7998.62 0
5.14 0 1.83337e-10 -8534.15 -10830.5 -8534.15 0
5.16 0 1.10701e-09 -8976.33 -9256.34 -8976.33 0
5.18 0 -1.00846e-09 -9302.06 -7211.53 -9302.06 0
5.2 0 -3.50636e-10 -9422.36 -4682.54 -9422.36 0
5.22 0 -2.51327e-10 -9175.75 -1711.4 -9175.75 0
5.24 0 7.12742e-10 -8429.01 1670.93 -8429.01 0
5.26 0 1.44038e-09 -7188.73 5454.94 -7188.73 0
5.28 0 8.3443e-10 -5604.07 9546.71 -5604.07 0
5.3 0 -3.53049e-09 -3861.17 13630.9 -3861.17 0
5.32 0 -8.3658e-10 -2061.72 17175.6 -2061.72 0
5.34 0 3.92649e-09 -158.852 19651.9 -158.852 0
5.36 0 -8.2358e-10 2015.6 20819.3 2015.6 0
5.38 0 1.81199e-09 4618.25 20833.2 4618.25 0
5.4 0 2.74508e-09 7612.3 20075.7 7612.3 0
5.42 0 -2.15014e-09 10692.7 18877.6 10692.7 0
5.44 0 2.07911e-09 13418.5 17409.7 13418.5 0
5.46 0 -2.25978e-09 15433.7 15835.2 15433.7 0
5.48 0 6.35422e-10 16576.6 14464.9 16576.6 0
5.5 0 -4.26714e-09 16818.9 13507.2 16818.9 0
5.52 0 -1.52272e-09 16164.5 12642.4 16164.5 0
5.54 0 1.14848e-09 14636.7 11117.2 14636.7 0
5.56 0 3.70167e-10 12330.5 8386.22 12330.5 0
5.58 0 -2.7456e-10 9433.54 4572.83 9433.54 0
5.6 0 -8.33606e-11 6167.44 285.545 6167.44 0
5.62 0 -5.22193e-10 2710.73 -3826.6 2710.73 0
5.64 0 1.07883e-09 -791.565 -7269.53 -791.565 0
5.66 0 -3.80424e-10 -4122.15 -9702.2 -4122.15 0
5.68 0 -9.61617e-10 -6947.99 -11018.9 -6947.99 0
5.7 0 -7.85429e-10 -8967.05 -11467.8 -8967.05 0
5.72 0 6.09595e-10 -10112.6 -11569.3 -10112.6 0
5.74 0 -8.1994e-10 -10564.2 -11826.3 -10564.2 0
5.76 0 1.00427e-09 -10540.6 -12458.5 -10540.6 0
5.78 0 8.8806e-10 -10092.9 -13349.7 -10092.9 0
5.8 0 -7.48427e-10 -9074.68 -14203.8 -9074.68 0
5.82 0 1.207e-09 -7274.69 -14760.1 -7274.69 0
5.84 0 -1.37596e-09 -4590.94 -14900.3 -4590.94 0
5.86 0 -7.90965e-10 -1137.78 -14584.2 -1137.78 0
5.88 0 7.34915e-10 2768.85 -13736.1 2768.85 0
5.9 0 9.26378e-10 6733.77 -12271.6 6733.77 0
5.92 0 1.51656e-09 10425.6 -10263.3 10425.6 0
5.94 0 1.25316e-09 13628.1 -8007.49 13628.1 0
5.96 0 -6.89621e-10 16178.8 -5838.47 16178.8 0
5.98 0 7.11135e-10 17908.3 -3853.85 17908.3 0
6 0 -2.11437e-10 18672.7 -1805.07 18672.7 0
6.02 0 3.95743e-10 18408.7 787.385 18408.7 0
6.04 0 -2.38534e-10 17131.3 4371.63 17131.3 0
6.06 0 -9.82171e-10 14934.7 9032.03 14934.7 0
6.08 0 -1.94478e-09 12032.2 14219.4 12032.2 0
6.1 0 -2.02288e-09 8705.41 18774.9 8705.41 0
6.12 0 6.35694e-10 5151.54 21405.9 5151.54 0
6.14 0 -2.06956e-09 1449.4 21446.3 1449.4 0
6.16 0 3.36523e-10 -2316.94 19359.3 -2316.94 0
6.18 0 -2.55473e-09 -6089.73 16483.5 -6089.73 0
6.2 0 -9.82699e-10 -10099.8 14136.3 -10099.8 0
6.22 0 -6.85819e-10 -14902.1 12794.2 -14902.1 0
6.24 0 -9.24508e-10 -20881.9 11997.5 -20881.9 0
6.26 0 -3.00785e-10 -27637.9 10948 -27637.9 0
6.28 0 8.90661e-10 -33808.2 9017.37 -33808.2 0
6.3 0 1.31134e-09 -37561.2 5706.14 -37561.2 0
6.32 0 -7.72607e-10 -37590.3 676.685 -37590.3 0
6.34 0 7.31903e-11 -34303.1 -5945.12 -34303.1 0
6.36 0 -6.72328e-10 -30158.1 -13641.5 -30158.1 0
6.38 0 -1.63261e-10 -27510.2 -21604.6 -27510.2 0
6.4 0 6.41233e-10 -26590.6 -28777 -26590.6 0
6.42 0 1.48091e-09 -26152.6 -34109.8 -26152.6 0
6.44 0 -3.71081e-09 -25278.2 -36923.5 -25278.2 0
6.46 0 -2.48663e-09 -24179.2 -37091.7 -24179.2 0
6.48 0 4.30753e-09 -23281.4 -35019.8 -23281.4 0
6.5 0 -2.99565e-10 -21254.5 -31456.8 -21254.5 0
6.52 0 -3.80981e-09 -15705 -27281.2 -15705 0
6.54 0 1.15837e-09 -5990.24 -23430.4 -5990.24 0
6.56 0 -1.95148e-09 5889.07 -20587.7 5889.07 0
6.58 0 1.03791e-09 16482.4 -18808.7 16482.4 0
6.6 0 2.24125e-09 23270 -17620.5 23270 0
6.62 0 5.88747e-10 26090.9 -16119.2 26090.9 0
6.64 0 5.92731e-10 26498.9 -13123.5 26498.9 0
6.66 0 -8.42586e-10 25962.2 -7918.25 25962.2 0
6.68 0 -1.21187e-10 24991.1 -947.237 24991.1 0
6.7 0 2.055e-10 23620.3 6438.51 23620.3 0
6.72 0 6.5545e-11 22079 13066.9 22079 0
6.74 0 -3.77214e-10 20897.3 18515.7 20897.3 0
6.76 0 6.20409e-10 20754.1 22711.5 20754.1 0
6.78 0 -1.40614e-10 22210.6 25464.1 22210.6 0
6.8 0 -2.1793e-09 25035.4 26727.2 25035.4 0
6.82 0 1.30524e-09 28157.4 26959.7 28157.4 0
6.84 0 9.76082e-10 29958.4 26745.1 29958.4 0
6.86 0 -2.87474e-10 29001.4 26269.7 29001.4 0
6.88 0 8.53617e-10 25242.2 25646 25242.2 0
6.9 0 -2.17994e-09 19310 25283.7 19310 0
6.92 0 1.47574e-09 12174.2 25247.7 12174.2 0
6.94 0 -2.86819e-09 5098.19 25075.2 5098.19 0
6.96 0 3.82214e-09 -1030.45 24582.7 -1030.45 0
6.98 0 9.01931e-10 -5798.7 23650.3 -5798.7 0
7 0 -1.72428e-10 -9381.66 22103.3 -9381.66 0
7.02 0 -2.63161e-09 -12337.8 19832.5 -12337.8 0
7.04 0 -2.11308e-11 -15152.3 16423.3 -15152.3 0
7.06 0 3.46803e-10 -17885.7 11300.6 -17885.7 0
7.08 0 -1.14702e-09 -20305 4266.75 -20305 0
7.1 0 3.34612e-10 -22079.4 -3993.39 -22079.4 0
7.12 0 1.23722e-10 -22938.2 -12139.4 -22938.2 0
7.14 0 1.86945e-10 -22973 -18862.9 -22973 0
7.16 0 3.25071e-10 -22677.3 -23449.2 -22677.3 0
7.18 0 5.02865e-10 -22267.9 -25836.6 -22267.9 0
7.2 0 -1.28774e-09 -21289.6 -26222.2 -21289.6 0
7.22 0 -4.50088e-10 -19871.8 -24922.7 -19871.8 0
7.24 0 2.97352e-10 -18375.3 -22417.9 -18375.3 0
7.26 0 -1.54951e-10 -16638.9 -19351.8 -16638.9 0
7.28 0 1.9444e-09 -14207.8 -16517.8 -14207.8 0
7.3 0 8.77773e-10 -10424.1 -14652.3 -10424.1 0
7.32 0 -2.65676e-10 -5137.51 -14120.8 -5137.51 0
7.34 0 -5.10386e-11 1127.79 -14746.8 1127.79 0
7.36 0 -1.52111e-09 7452.47 -15940.1 7452.47 0
7.38 0 1.27427e-09 13029.4 -16783.8 13029.4 0
7.4 0 1.06331e-09 17331 -16188.2 17331 0
7.42 0 -2.72963e-10 20098.1 -13390.4 20098.1 0
7.44 0 2.19045e-10 21372.1 -8490.5 21372.1 0
7.46 0 -1.6644e-09 21472.6 -2394.55 21472.6 0
7.48 0 3.41173e-10 20778.2 3829.14 20778.2 0
7.5 0 1.09103e-10 19552 9451.63 19552 0
7.52 0 2.33481e-10 18004.7 14045.3 18004.7 0
7.54 0 2.84429e-11 16366.4 17285.4 16366.4 0
7.56 0 -3.06459e-11 14882.9 19012.7 14882.9 0
7.58 0 6.21514e-10 13802.4 19417.3 13802.4 0
7.6 0 3.46484e-10 12994.7 18954.6 12994.7 0
7.62 0 1.77143e-09 11732.2 18047.7 11732.2 0
7.64 0 -1.94927e-09 9060.99 16942.8 9060.99 0
7.66 0 -2.27445e-10 4567.48 15793.7 4567.48 0
7.68 0 2.91778e-09 -1098.42 14767.9 -1098.42 0
7.7 0 -1.37888e-09 -6706.09 13989.1 -6706.09 0
7.72 0 6.72696e-10 -11361.9 13356.2 -11361.9 0
7.74 0 -2.14117e-09 -14866.9 12389.4 -14866.9 0
7.76 0 -5.69926e-10 -17345.1 10263.6 -17345.1 0
7.78 0 1.97464e-09 -18842.1 6300.4 -18842.1 0
7.8 0 1.13694e-09 -19323.2 583.832 -19323.2 0
7.82 0 -1.16186e-09 -18861.8 -5988.86 -18861.8 0
7.84 0 4.00376e-10 -17726.8 -12254.3 -17726.8 0
7.86 0 1.63655e-10 -16341.8 -17343.5 -16341.8 0
7.88 0 4.96944e-10 -15170.8 -20763.9 -15170.8 0
7.9 0 3.9519e-10 -14516.9 -22297.8 -14516.9 0
7.92 0 -1.73738e-09 -14317 -22063 -14317 0
7.94 0 -6.1698e-10 -14242.6 -20596.9 -14242.6 0
7.96 0 -5.53378e-10 -13627 -18619.2 -13627 0
7.98 0 2.02841e-09 -11538.8 -16679.3 -11538.8 0
8 0 -3.40448e-09 -7411.94 -15062.8 -7411.94 0
8.02 0 1.56791e-10 -1657.02 -13884.2 -1657.02 0
8.04 0 -8.14783e-10 4396.69 -13165 4396.69 0
8.06 0 -4.83668e-10 9424.15 -12800.1 9424.15 0
8.08 0 -1.74946e-09 12875.3 -12448.2 12875.3 0
8.1 0 1.91465e-09 14938 -11517.4 14938 0
8.12 0 1.08668e-09 16021.6 -9368.79 16021.6 0
8.14 0 -1.05945e-09 16422.6 -5799.75 16422.6 0
8.16 0 1.61218e-10 16348.5 -1271.42 16348.5 0
8.18 0 1.51617e-09 16053 3522.25 16053 0
8.2 0 -1.68081e-10 15850.5 8143.43 15850.5 0
8.22 0 1.73665e-10 15983.7 12436.5 15983.7 0
8.24 0 1.14407e-10 16441.6 16227.7 16441.6 0
8.26 0 1.06052e-09 16894.4 19181.2 16894.4 0
8.28 0 -4.24407e-10 16826.9 20930.2 16826.9 0
8.3 0 -2.46993e-09 15777.5 21298.6 15777.5 0
8.32 0 1.45391e-09 13522.8 20417.6 13522.8 0
8.34 0 5.34636e-09 10174.1 18695.8 10174.1 0
8.36 0 -1.31774e-09 6206.59 16676.1 6206.59 0
8.38 0 -3.62798e-09 2262.52 14837.6 2262.52 0
8.4 0 2.05583e-09 -1228.48 13464.8 -1228.48 0
8.42 0 1.79339e-09 -4225.18 12621.7 -4225.18 0
8.44 0 4.02065e-10 -6882.94 12221.9 -6882.94 0
8.46 0 5.51101e-10 -9292.54 11935.9 -9292.54 0
8.48 0 -1.28383e-09 -11411.8 11075.2 -11411.8 0
8.5 0 4.21463e-11 -13137.3 8903.72 -13137.3 0
8.52 0 -4.76852e-10 -14381.5 5168.3 -14381.5 0
8.54 0 1.24028e-10 -15107 361.809 -15107 0
8.56 0 -1.12689e-10 -15330.2 -4611.52 -15330.2 0
8.58 0 -2.87069e-10 -15100.5 -9025.27 -15100.5 0
8.6 0 9.7859e-11 -14478.8 -12521.5 -14478.8 0
8.62 0 6.78286e-10 -13517.4 -14914.9 -13517.4 0
8.64 0 2.21577e-10 -12245.6 -16099.1 -12245.6 0
8.66 0 -9.9373e-10 -10615.1 -16157.5 -10615.1 0
8.68 0 1.33466e-09 -8438.92 -15395.6 -8438.92 0
8.7 0 -1.67382e-09 -5541.74 -14232.7 -5541.74 0
8.72 0 2.34496e-09 -2028.31 -13062.5 -2028.31 0
8.74 0 -1.1063e-10 1681.84 -12152.6 1681.84 0
8.76 0 1.39008e-09 5140.51 -11621.4 5140.51 0
8.78 0 -5.73877e-10 8152.02 -11464.7 8152.02 0
8.8 0 -1.475e-09 10748.6 -11546.3 10748.6 0
8.82 0 9.02404e-10 13003 -11579.1 13003 0
8.84 0 7.62375e-10 14926.1 -11100.4 14926.1 0
8.86 0 1.63956e-09 16464.3 -9569.04 16464.3 0
8.88 0 6.61831e-10 17524.6 -6701.08 17524.6 0
8.9 0 6.29568e-10 18026.6 -2728.03 18026.6 0
8.92 0 6.26265e-10 17962.4 1733.65 17962.4 0
8.94 0 -1.65088e-10 17398.6 6063.48 17398.6 0
8.96 0 -4.58821e-10 16403.4 9827.39 16403.4 0
8.98 0 -5.31166e-10 14982.4 12692.2 14982.4 0
9 0 3.2931e-10 13090.2 14429 13090.2 0
9.02 0 -2.59981e-10 10624.9 15070.6 10624.9 0
9.04 0 -1.16388e-09 7573.29 14934.7 7573.29 0
9.06 0 2.72165e-09 4214.71 14399.8 4214.71 0
9.08 0 1.25092e-10 998.057 13684 998.057 0
9.1 0 -1.07162e-09 -1851.47 12872.4 -1851.47 0
9.12 0 1.6403e-09 -4553.4 12069 -4553.4 0
9.14 0 -3.70405e-10 -7490.13 11415.1 -7490.13 0
9.16 0 -5.0791e-10 -10732.3 10928.2 -10732.3 0
9.18 0 1.23634e-09 -13866.1 10336.2 -13866.1 0
9.2 0 -1.05357e-09 -16262.9 9089.18 -16262.9 0
9.22 0 -4.8344e-10 -17528.4 6684.6 -17528.4 0
9.24 0 1.57169e-09 -17770 3140.01 -17770 0
9.26 0 -6.05047e-10 -17474.7 -848.431 -17474.7 0
9.28 0 7.63218e-10 -17115.8 -4345.34 -17115.8 0
9.3 0 -6.16674e-10 -16858.8 -6860.65 -16858.8 0
9.32 0 1.93774e-10 -16593.2 -8598.32 -16593.2 0
9.34 0 5.69648e-10 -16124.6 -10088.9 -16124.6 0
9.36 0 1.53738e-10 -15336.5 -11650.9 -15336.5 0
9.38 0 -3.29643e-11 -14039.7 -13136.6 -14039.7 0
9.4 0 -6.47209e-10 -11884.2 -14121.6 -11884.2 0
9.42 0 2.04256e-10 -8669.16 -14346 -8669.16 0
9.44 0 -6.69397e-10 -4680.3 -13959.5 -4680.3 0
9.46 0 9.39049e-10 -636.937 -13348.2 -636.937 0
9.48 0 -7.86514e-10 2827.98 -12778 2827.98 0
9.5 0 3.55654e-10 5555.8 -12233.7 5555.8 0
9.52 0 -1.28416e-09 7752.44 -11524.6 7752.44 0
9.54 0 -9.16742e-10 9631.86 -10479.1 9631.86 0
9.56 0 -6.21363e-10 11250.6 -8993.56 11250.6 0
9.58 0 1.49661e-09 12580.8 -6936.23 12580.8 0
9.6 0 3.58535e-10 13607.9 -4146.45 13607.9 0
9.62 0 -9.4619e-12 14337.9 -614.462 14337.9 0
9.64 0 -1.86385e-10 14764.1 3368.13 14764.1 0
9.66 0 -6.34486e-11 14855.8 7303.14 14855.8 0
9.68 0 -3.53269e-10 14565.1 10704.7 14565.1 0
9.7 0 8.78843e-10 13851.4 13206.5 13851.4 0
9.72 0 -1.69324e-09 12719.7 14570.6 12719.7 0
9.74 0 -1.70311e-09 11188.1 14735.7 11188.1 0
9.76 0 3.68123e-10 9247.47 13889.8 9247.47 0
9.78 0 1.0886e-09 6898.16 12451.6 6898.16 0
9.8 0 -1.38904e-09 4209.01 10906.7 4209.01 0
9.82 0 -1.00827e-09 1289.47 9580.06 1289.47 0
9.84 0 -8.63164e-10 -1815.22 8497.91 -1815.22 0
9.86 0 -6.2398e-10 -5088.59 7404.14 -5088.59 0
9.88 0 1.13579e-10 -8349.87 5889.95 -8349.87 0
9.9 0 -1.47793e-10 -11179.9 3626.1 -11179.9 0
9.92 0 -7.29795e-10 -13148.5 620.156 -13148.5 0
9.94 0 1.17324e-10 -14134.5 -2746.79 -14134.5 0
9.96 0 9.13946e-11 -14403.2 -6003.7 -14403.2 0
9.98 0 -3.86411e-10 -14376.8 -8894.69 -14376.8 0
10 0 8.35139e-11 -14337 -11375.1 -14337 0
10.02 0 1.49514e-10 -14305.4 -13403.8 -14305.4 0
10.04 0 -1.24094e-09 -14141 -14855.9 -14141 0
10.06 0 5.59685e-10 -13734.6 -15633.7 -13734.6 0
10.08 0 -8.65915e-10 -13127.1 -15802.5 -13127.1 0
10.1 0 6.71977e-10 -12365.3 -15575.4 -12365.3 0
10.12 0 1.28679e-09 -11262.8 -15152.5 -11262.8 0
10.14 0 4.38025e-10 -9422.98 -14573 -9422.98 0
10.16 0 -1.18594e-09 -6604.09 -13709.2 -6604.09 0
10.18 0 -6.75476e-10 -3067.11 -12386 -3067.11 0
10.2 0 -2.83127e-10 548.255 -10509.5 548.255 0
10.22 0 1.76945e-09 3672.9 -8133.28 3672.9 0
10.24 0 4.51058e-10 6105.52 -5430.74 6105.52 0
10.26 0 4.82358e-10 7968.22 -2607.07 7968.22 0
10.28 0 7.89779e-11 9502.75 199.667 9502.75 0
10.3 0 -1.1003e-10 10891.6 2956.99 10891.6 0
10.32 0 1.02258e-10 12167.1 5652.89 12167.1 0
10.34 0 2.55101e-10 13238.9 8197.78 13238.9 0
10.36 0 9.25146e-10 14009.6 10442.8 14009.6 0
10.38 0 1.56565e-10 14456.3 12259 14456.3 0
10.4 0 -5.37272e-10 14580.9 13563 14580.9 0
10.42 0 5.81643e-10 14290.8 14299.6 14290.8 0
10.44 0 -7.21382e-11 13372 14436.8 13372 0
10.46 0 2.24898e-10 11593.2 13992.1 11593.2 0
10.48 0 -7.57604e-10 8862.59 13046.6 8862.59 0
10.5 0 -2.05951e-10 5372.1 11726.3 5372.1 0
10.52 0 3.26576e-10 1579.19 10148.9 1579.19 0
10.54 0 -2.76274e-10 -2045.26 8349.46 -2045.26 0
10.56 0 -2.97099e-10 -5269.68 6266.1 -5269.68 0
10.58 0 2.67773e-10 -8081.93 3845.51 -8081.93 0
10.6 0 1.5514e-10 -10491.4 1181.56 -10491.4 0
10.62 0 1.47442e-10 -12470 -1497.53 -12470 0
10.64 0 5.79937e-11 -14049.5 -4003.45 -14049.5 0
10.66 0 -2.51457e-11 -15332.7 -6321.62 -15332.7 0
10.68 0 4.88882e-10 -16359.5 -8567.8 -16359.5 0
10.7 0 5.98405e-10 -17015.4 -10833.6 -17015.4 0
10.72 0 -7.53092e-10 -17097.5 -13056.1 -17097.5 0
10.74 0 -1.80518e-09 -16446.8 -14991.3 -16446.8 0
10.76 0 -1.80224e-09 -15039 -16302 -15039 0
10.78 0 2.18847e-10 -13038.9 -16759.1 -13038.9 0
10.8 0 4.16829e-10 -10627.9 -16378.9 -10627.9 0
10.82 0 1.62335e-09 -7829.31 -15364.3 -7829.31 0
10.84 0 1.44408e-10 -4599.5 -13953 -4599.5 0
10.86 0 -2.42247e-09 -1015.28 -12306.4 -1015.28 0
10.88 0 -7.40415e-10 2661.61 -10504.6 2661.61 0
10.9 0 1.76276e-10 6141.46 -8594.79 6141.46 0
10.92 0 -6.02148e-10 9240.22 -6623.08 9240.22 0
10.94 0 -1.38984e-10 11882.4 -4612.09 11882.4 0
10.96 0 1.46965e-10 14044.5 -2502.27 14044.5 0
10.98 0 4.69231e-10 15705.8 -121.964 15705.8 0
11 0 7.86272e-11 16808.8 2715.25 16808.8 0
11.02 0 -1.34522e-10 17281.5 5991.45 17281.5 0
11.04 0 1.83727e-10 17139.3 9347.48 17139.3 0
11.06 0 1.00999e-09 16548 12218.2 16548 0
11.08 0 3.3479e-10 15729.1 14141.3 15729.1 0
11.1 0 -4.0761e-10 14784.9 14963.2 14784.9 0
11.12 0 1.87897e-10 13609.4 14836.7 13609.4 0
11.14 0 -9.69637e-10 11885.9 14089.5 11885.9 0
11.16 0 1.72955e-09 9228.72 13058.4 9228.72 0
11.18 0 -1.00606e-09 5491.15 11964.5 5491.15 0
11.2 0 8.05986e-10 1001.03 10868 1001.03 0
11.22 0 -3.32232e-10 -3588.56 9710.38 -3588.56 0
11.24 0 8.40094e-11 -7742.44 8392.14 -7742.44 0
11.26 0 -4.03819e-10 -11257.8 6810.77 -11257.8 0
11.28 0 -1.03668e-09 -14092.6 4861.5 -14092.6 0
11.3 0 4.21537e-10 -16181.5 2471.6 -16181.5 0
11.32 0 6.94421e-10 -17486.7 -343.578 -17486.7 0
11.34 0 2.07186e-10 -18094.7 -3477.95 -18094.7 0
11.36 0 -6.32646e-12 -18182.7 -6743.43 -18182.7 0
11.38 0 -7.52471e-12 -17948.2 -9831.35 -17948.2 0
11.4 0 3.55334e-10 -17586.9 -12341.5 -17586.9 0
11.42 0 -9.08682e-11 -17239.9 -13977.4 -17239.9 0
11.44 0 7.88487e-10 -16871.6 -14741.3 -16871.6 0
11.46 0 5.35694e-10 -16228.5 -14902.4 -16228.5 0
11.48 0 -3.86886e-10 -14962.1 -14783.9 -14962.1 0
11.5 0 -8.55048e-10 -12720.1 -14549.4 -12720.1 0
11.52 0 1.25115e-09 -9331.01 -14144.3 -9331.01 0
11.54 0 1.55191e-09 -5036.69 -13397.8 -5036.69 0
11.56 0 9.83726e-10 -422.189 -12181 -422.189 0
11.58 0 -1.13545e-09 3955.96 -10537 3955.96 0
11.6 0 -1.81827e-09 7849.34 -8672.01 7849.34 0
11.62 0 6.57993e-10 11187.8 -6776.04 11187.8 0
11.64 0 6.05344e-11 13864.7 -4839.8 13864.7 0
11.66 0 -1.35086e-10 15795.4 -2700.21 15795.4 0
11.68 0 2.55759e-10 17081.6 -264.391 17081.6 0
11.7 0 -6.49e-10 17952.9 2364.01 17952.9 0
11.72 0 3.50249e-10 18556.4 4987.92 18556.4 0
11.74 0 2.62853e-10 18888.1 7491.44 18888.1 0
11.76 0 -2.17301e-10 18898 9869.57 18898 0
11.78 0 1.37405e-10 18577.2 12095.9 18577.2 0
11.8 0 -7.34361e-11 17916.5 13988 17916.5 0
11.82 0 -1.15748e-09 16904.7 15233.8 16904.7 0
11.84 0 1.51347e-09 15486.9 15582.9 15486.9 0
11.86 0 1.71901e-10 13387.5 15025.5 13387.5 0
11.88 0 3.01311e-10 10230.4 13834.8 10230.4 0
11.9 0 -6.24539e-11 5960.64 12424.9 5960.64 0
11.92 0 1.04365e-09 1075.31 11101.1 1075.31 0
11.94 0 3.10827e-10 -3656.49 9932.73 -3656.49 0
11.96 0 -3.41567e-10 -7709.03 8823.79 -7709.03 0
11.98 0 -5.75021e-10 -10988.1 7618.92 -10988.1 0
12 0 1.51836e-09 -13653.4 6119.29 -13653.4 0
12.02 0 -1.00867e-09 -15875.6 4116.38 -15875.6 0
12.04 0 -6.78793e-10 -17710 1501.22 -17710 0
12.06 0 1.11742e-09 -19090.4 -1659.42 -19090.4 0
12.08 0 -5.89095e-10 -19940.3 -5126.8 -19940.3 0
12.1 0 -3.12833e-11 -20320.7 -8521.52 -20320.7 0
12.12 0 -7.20785e-11 -20447.9 -11404.3 -20447.9 0
12.14 0 5.1199e-11 -20530.4 -13451.1 -20530.4 0
12.16 0 6.13119e-10 -20580.2 -14611.2 -20580.2 0
12.18 0 6.74362e-10 -20310.2 -15049.1 -20310.2 0
12.2 0 -4.01787e-10 -19473.8 -14986.8 -19473.8 0
12.22 0 -1.61176e-10 -17868.6 -14605.9 -17868.6 0
12.24 0 5.41409e-10 -15203.5 -14039.2 -15203.5 0
12.26 0 -9.40281e-10 -11364.9 -13411 -11364.9 0
12.28 0 -6.34443e-10 -6634.54 -12834.8 -6634.54 0
12.3 0 1.64998e-09 -1655.99 -12371.7 -1655.99 0
12.32 0 -2.09668e-10 3018.65 -11990.7 3018.65 0
12.34 0 -7.25904e-10 7203.83 -11551.3 7203.83 0
12.36 0 1.92693e-10 10920.3 -10772 10920.3 0
12.38 0 1.90676e-09 14092 -9279.29 14092 0
12.4 0 -1.79674e-09 16507.9 -6818.67 16507.9 0
12.42 0 -1.84417e-10 18009.5 -3458.16 18009.5 0
12.44 0 1.18294e-09 18648.6 420.581 18648.6 0
12.46 0 1.09027e-10 18695.1 4292.47 18695.1 0
12.48 0 1.78803e-10 18515.9 7666.18 18515.9 0
12.5 0 1.11296e-10 18390.3 10209.3 18390.3 0
12.52 0 -1.3691e-10 18371.2 11814.7 18371.2 0
12.54 0 2.19244e-10 18254.1 12563.9 18254.1 0
12.56 0 -4.28681e-10 17813.3 12615.1 17813.3 0
12.58 0 -1.3442e-10 16951.9 12129.4 16951.9 0
12.6 0 -4.44171e-10 15435.8 11255 15435.8 0
12.62 0 8.54675e-11 12840.3 10160.1 12840.3 0
12.64 0 6.18196e-10 8927.57 9044.95 8927.57 0
12.66 0 -2.42197e-10 4046.6 8062.42 4046.6 0
12.68 0 4.12072e-10 -992.334 7231.28 -992.334 0
12.7 0 4.85824e-10 -5509.09 6448.14 -5509.09 0
12.72 0 -2.68586e-09 -9262.55 5566.19 -9262.55 0
12.74 0 1.18691e-09 -12284.1 4439.55 -12284.1 0
12.76 0 9.61525e-10 -14655.1 2954.41 -14655.1 0
12.78 0 -4.86935e-10 -16478.9 1090.95 -16478.9 0
12.8 0 5.62221e-10 -17877.8 -1041.91 -17877.8 0
12.82 0 -3.69896e-10 -18915.5 -3261.44 -18915.5 0
12.84 0 3.22604e-10 -19555.6 -5414.4 -19555.6 0
12.86 0 -6.92112e-11 -19712.8 -7429.02 -19712.8 0
12.88 0 4.6117e-11 -19308.7 -9257.76 -19308.7 0
12.9 0 -3.57712e-11 -18181 -10729.1 -18181 0
12.92 0 1.71539e-10 -16363.9 -11572.4 -16363.9 0
12.94 0 2.41702e-10 -13955.9 -11615.7 -13955.9 0
12.96 0 -1.66356e-10 -10836.5 -10926.1 -10836.5 0
12.98 0 6.43618e-10 -6915.4 -9793.76 -6915.4 0
13 0 -2.62428e-10 -2379.6 -8566.07 -2379.6 0
13.02 0 -1.3796e-10 2227.89 -7470.45 2227.89 0
13.04 0 2.08493e-10 6361.22 -6566.35 6361.22 0
13.06 0 -3.29148e-10 9758.61 -5837.07 9758.61 0
13.08 0 6.62356e-10 12441.6 -5187.16 12441.6 0
13.1 0 5.01086e-10 14540.7 -4336.78 14540.7 0
13.12 0 7.86803e-10 16175.8 -2885.35 16175.8 0
13.14 0 2.4719e-10 17404.9 -602.492 17404.9 0
13.16 0 8.21775e-11 18226.6 2353.6 18226.6 0
13.18 0 -1.94118e-10 18643.2 5516.43 18643.2 0
13.2 0 -5.76327e-12 18732 8376.71 18732 0
13.22 0 3.46043e-10 18624.3 10578.7 18624.3 0
13.24 0 -2.17878e-10 18405.4 11942.7 18405.4 0
13.26 0 1.88496e-10 17979.4 12385.3 17979.4 0
13.28 0 3.98257e-10 17179.5 11895.5 17179.5 0
13.3 0 -7.26147e-10 15800.7 10602.1 15800.7 0
13.32 0 1.21478e-10 13441.9 8820.85 13441.9 0
13.34 0 1.29109e-09 9768.74 7031.56 9768.74 0
13.36 0 -1.45185e-09 4904.91 5729.29 4904.91 0
13.38 0 -6.51089e-11 -544.633 5207.21 -544.633 0
13.4 0 8.56861e-10 -5886.51 5437.94 -5886.51 0
13.42 0 1.56566e-09 -10692.6 6088.07 -10692.6 0
13.44 0 -2.27131e-10 -14745.1 6601.13 -14745.1 0
13.46 0 9.70573e-11 -17857.4 6364.61 -17857.4 0
13.48 0 1.31576e-09 -19879 4999.4 -19879 0
13.5 0 5.95451e-10 -20810.5 2585.45 -20810.5 0
13.52 0 -2.2038e-09 -20832.3 -425.329 -20832.3 0
13.54 0 1.96844e-09 -20245.5 -3542.19 -20245.5 0
13.56 0 -5.45474e-10 -19382.1 -6471.52 -19382.1 0
13.58 0 2.44821e-10 -18486 -9057.4 -18486 0
13.6 0 6.97816e-10 -17563.5 -11076.6 -17563.5 0
13.62 0 -2.61934e-10 -16443.2 -12201.9 -16443.2 0
13.64 0 -2.15317e-10 -14996.9 -12254.7 -14996.9 0
13.66 0 8.48738e-12 -13007.3 -11439.4 -13007.3 0
13.68 0 5.66974e-10 -10112.6 -10299.2 -10112.6 0
13.7 0 8.99792e-10 -6095.91 -9431.64 -6095.91 0
13.72 0 6.69422e-10 -1175.66 -9150.46 -1175.66 0
13.74 0 1.18991e-09 4001.91 -9346.19 4001.91 0
13.76 0 2.47763e-10 8708.63 -9660.82 8708.63 0
13.78 0 -9.61938e-11 12394.6 -9793.55 12394.6 0
13.8 0 1.9008e-12 14808.7 -9600.71 14808.7 0
13.82 0 7.78461e-10 16083.6 -8966.93 16083.6 0
13.84 0 -8.7803e-10 16701.3 -7728.06 16701.3 0
13.86 0 2.14659e-10 17216.7 -5802.02 17216.7 0
13.88 0 1.30143e-09 17935.7 -3350.35 17935.7 0
13.9 0 1.66949e-09 18835.8 -738.012 18835.8 0
13.92 0 -7.62906e-10 19745.4 1674.44 19745.4 0
13.94 0 -2.50511e-10 20545.8 3679.88 20545.8 0
13.96 0 1.19064e-09 21203.3 5210.35 21203.3 0
13.98 0 -1.37024e-09 21593.1 6254.28 21593.1 0
14 0 -7.72198e-10 21385.1 6836.75 21385.1 0
14.02 0 2.6913e-10 20162.4 7111.36 20162.4 0
14.04 0 -7.54208e-11 17409 7397.35 17409 0
14.06 0 -3.23664e-10 12934.9 8035.28 12934.9 0
14.08 0 -4.97871e-10 7407.2 9093.83 7407.2 0
14.1 0 3.81437e-10 2072.89 10201.8 2072.89 0
14.12 0 9.44774e-10 -2062.45 10806.6 -2062.45 0
14.14 0 -2.23488e-10 -4880.37 10676.2 -4880.37 0
14.16 0 -3.15038e-10 -6980.66 10117 -6980.66 0
14.18 0 9.63176e-10 -9077.67 9633.77 -9077.67 0
14.2 0 1.36267e-09 -11523 9397.13 -11523 0
14.22 0 5.96959e-10 -14171.6 9064.76 -14171.6 0
14.24 0 -2.07578e-09 -16523 8093.7 -16523 0
14.26 0 -2.71428e-09 -18048.8 6233.07 -18048.8 0
14.28 0 -3.63295e-10 -18519.8 3754.81 -18519.8 0
14.3 0 1.59558e-09 -18082.5 1202.83 -18082.5 0
14.32 0 -4.67878e-10 -17021.2 -1067.89 -17021.2 0
14.34 0 -5.31103e-10 -15593 -3064.14 -15593 0
14.36 0 5.21925e-11 -14111.6 -4892.43 -14111.6 0
14.38 0 -2.51438e-10 -12755.8 -6412.43 -12755.8 0
14.4 0 -3.97899e-10 -11370.9 -7312.95 -11370.9 0
14.42 0 2.44892e-10 -9507.98 -7560.45 -9507.98 0
14.44 0 4.921e-10 -6705.02 -7609.71 -6705.02 0
14.46 0 -3.8699e-10 -2935.76 -8064.83 -2935.76 0
14.48 0 4.53902e-10 1348.05 -9168.05 1348.05 0
14.5 0 7.63996e-10 5587 -10652.5 5587 0
14.52 0 -1.2865e-09 9431.67 -11990.4 9431.67 0
14.54 0 -1.31686e-09 12674.4 -12715.6 12674.4 0
14.56 0 -1.03496e-09 15078 -12582.1 15078 0
14.58 0 -1.5098e-09 16425.1 -11540 16425.1 0
14.6 0 -2.58645e-10 16699.3 -9625.72 16699.3 0
14.62 0 1.33402e-10 16155 -6922.65 16155 0
14.64 0 1.14418e-09 15230.9 -3647.39 15230.9 0
14.66 0 -4.01035e-10 14388.9 -217.298 14388.9 0
14.68 0 2.75722e-10 13921.2 2851.66 13921.2 0
14.7 0 -8.24898e-10 13775.1 5141.18 13775.1 0
14.72 0 2.09027e-12 13542 6512.78 13542 0
14.74 0 3.57473e-10 12531.6 7188.46 12531.6 0
14.76 0 -6.84881e-10 10036.1 7639.5 10036.1 0
14.78 0 -1.44823e-09 5877.41 8304.21 5877.41 0
14.8 0 5.24772e-10 788.632 9315.86 788.632 0
14.82 0 -7.76056e-10 -3943.21 10487.7 -3943.21 0
14.84 0 -1.87003e-09 -7426.47 11544.1 -7426.47 0
14.86 0 3.90851e-09 -9681.2 12311.2 -9681.2 0
14.88 0 1.87486e-09 -11241.6 12670.5 -11241.6 0
14.9 0 -1.93837e-09 -12471.9 12412.2 -12471.9 0
14.92 0 -9.49969e-10 -13357.3 11241.4 -13357.3 0
14.94 0 -2.02994e-10 -13780.5 8980.65 -13780.5 0
14.96 0 -1.49391e-09 -13831.3 5801.05 -13831.3 0
14.98 0 1.91563e-09 -13832.2 2217.72 -13832.2 0
15 0 3.10251e-10 -14072.7 -1235.12 -14072.7 0
15.02 0 -1.61048e-12 -14493.7 -4319.89 -14493.7 0
15.04 0 1.70279e-10 -14625.6 -7026.94 -14625.6 0
15.06 0 2.40821e-10 -13850.9 -9248.44 -13850.9 0
15.08 0 2.70644e-10 -11813.6 -10694.6 -11813.6 0
15.1 0 1.76025e-10 -8557.83 -11193.3 -8557.83 0
15.12 0 -1.30193e-09 -4458.82 -11003.8 -4458.82 0
15.14 0 -1.55027e-09 -120.978 -10747.9 -120.978 0
15.16 0 3.59133e-10 3832.68 -10977.6 3832.68 0
15.18 0 -4.13471e-10 6991.71 -11781 6991.71 0
15.2 0 1.24118e-09 9308.18 -12763.4 9308.18 0
15.22 0 -3.05078e-09 11038 -13374 11038 0
15.24 0 -2.58491e-10 12521.3 -13221.1 12521.3 0
15.26 0 -1.80127e-09 13938.2 -12116.5 13938.2 0
15.28 0 4.26636e-10 15226.6 -9931.61 15226.6 0
15.3 0 -1.06825e-09 16216 -6585.78 16216 0
15.32 0 -2.39919e-10 16812.7 -2277.64 16812.7 0
15.34 0 5.81334e-10 17038.3 2376.79 17038.3 0
15.36 0 -5.23779e-11 16924.9 6586.64 16924.9 0
15.38 0 1.25776e-10 16413.8 9814.13 16413.8 0
15.4 0 5.84682e-10 15352.7 11946.1 15352.7 0
15.42 0 -1.50753e-09 13599.5 13144 13599.5 0
15.44 0 1.77054e-10 11069.6 13660.2 11069.6 0
15.46 0 -6.71191e-10 7839.85 13808.3 7839.85 0
15.48 0 9.34225e-10 4270.54 13934.6 4270.54 0
15.5 0 2.74231e-10 869.984 14244.1 869.984 0
15.52 0 -5.97295e-10 -2015.6 14669.1 -2015.6 0
15.54 0 -1.05821e-09 -4405.57 14947.6 -4405.57 0
15.56 0 2.23207e-09 -6583.43 14788.5 -6583.43 0
15.58 0 -2.56112e-09 -8834.72 13935.7 -8834.72 0
15.6 0 -1.50257e-10 -11216.3 12179.3 -11216.3 0
15.62 0 -2.39771e-09 -13475.7 9381.8 -13475.7 0
15.64 0 5.02317e-11 -15188.4 5610.48 -15188.4 0
15.66 0 1.93133e-12 -16051.2 1233.63 -16051.2 0
15.68 0 9.67415e-11 -16079.7 -3222.11 -16079.7 0
15.7 0 -2.24294e-10 -15536.7 -7285.81 -15536.7 0
15.72 0 -2.17385e-10 -14710.9 -10611.2 -14710.9 0
15.74 0 2.40007e-10 -13771.3 -12946 -13771.3 0
15.76 0 -7.54696e-10 -12791.7 -14228.2 -12791.7 0
15.78 0 -7.54338e-10 -11750.6 -14702.4 -11750.6 0
15.8 0 2.01941e-09 -10500.8 -14797.5 -10500.8 0
15.82 0 1.22783e-10 -8805.04 -14830.2 -8805.04 0
15.84 0 2.65724e-10 -6462.92 -14826.5 -6462.92 0
15.86 0 2.94102e-09 -3505.56 -14574.6 -3505.56 0
15.88 0 -1.20451e-09 -226.533 -13805.2 -226.533 0
15.9 0 1.58591e-10 2999.72 -12391 2999.72 0
15.92 0 1.50551e-09 5910.3 -10421.7 5910.3 0
15.94 0 -2.69222e-10 8360.78 -8055.97 8360.78 0
15.96 0 5.98869e-12 10238.3 -5362.54 10238.3 0
15.98 0 -9.89476e-11 11467.7 -2362.85 11467.7 0
16 0 2.87539e-10 12102.9 836.078 12102.9 0
16.02 0 1.33458e-10 12348.5 3998.96 12348.5 0
16.04 0 1.64507e-10 12464.1 6820.26 12464.1 0
16.06 0 -5.05241e-10 12638.6 9030.82 12638.6 0
16.08 0 2.06034e-10 12910 10560.4 12910 0
16.1 0 -3.00189e-10 13138.2 11625.8 13138.2 0
16.12 0 1.60041e-10 13044.9 12541.4 13044.9 0
16.14 0 -2.12337e-10 12325.2 13378 12325.2 0
16.16 0 8.60822e-10 10723.8 13850.4 10723.8 0
16.18 0 -3.95859e-10 8131.66 13580.6 8131.66 0
16.2 0 -1.8128e-09 4755.56 12454.1 4755.56 0
16.22 0 2.29919e-10 1140.93 10702.3 1140.93 0
16.24 0 -6.0296e-10 -2115.45 8680.57 -2115.45 0
16.26 0 -1.99812e-11 -4738.81 6589.99 -4738.81 0
16.28 0 1.45815e-09 -6826.03 4392.26 -6826.03 0
16.3 0 -4.04483e-11 -8586.08 1959.5 -8586.08 0
16.32 0 -1.75631e-10 -10108.4 -728.591 -10108.4 0
16.34 0 1.62632e-10 -11332.9 -3539.88 -11332.9 0
16.36 0 -6.16764e-11 -12143.9 -6295.24 -12143.9 0
16.38 0 -1.19088e-10 -12495.2 -8871.67 -12495.2 0
16.4 0 1.27992e-10 -12487.4 -11203.1 -12487.4 0
16.42 0 1.30928e-09 -12301.5 -13215.6 -12301.5 0
16.44 0 -2.01558e-10 -12011 -14781.1 -12011 0
16.46 0 -1.06124e-09 -11485.7 -15731.6 -11485.7 0
16.48 0 3.43053e-10 -10513.1 -15931.2 -10513.1 0
16.5 0 1.23693e-10 -8971.48 -15350.4 -8971.48 0
16.52 0 -3.69262e-10 -6905.86 -14083.5 -6905.86 0
16.54 0 1.82068e-10 -4501.71 -12317.9 -4501.71 0
16.56 0 -2.7847e-10 -1990.8 -10271.8 -1990.8 0
16.58 0 1.0746e-09 459.272 -8113.79 459.272 0
16.6 0 -9.07457e-10 2791.96 -5907.63 2791.96 0
16.62 0 1.07978e-12 4988.11 -3635.33 4988.11 0
16.64 0 -3.28072e-10 6992.75 -1269.19 6992.75 0
16.66 0 -7.17554e-11 8755.66 1199.61 8755.66 0
16.68 0 -6.31457e-12 10290.5 3766.93 10290.5 0
16.7 0 -6.32341e-11 11618.8 6380.11 11618.8 0
16.72 0 3.38637e-10 12674.9 8890.9 12674.9 0
16.74 0 -7.24202e-10 13332.1 11086.6 13332.1 0
16.76 0 3.65771e-10 13526.2 12782.2 13526.2 0
16.78 0 1.53386e-10 13307.7 13879.5 13307.7 0
16.8 0 -1.39303e-09 12746 14356 12746 0
16.82 0 -1.78105e-10 11818.7 14224.1 11818.7 0
16.84 0 5.76683e-10 10411.6 13514.5 10411.6 0
16.86 0 -1.9401e-09 8439.94 12289 8439.94 0
16.88 0 -5.83841e-10 6007.76 10659 6007.76 0
16.9 0 -5.07853e-11 3398.9 8773.41 3398.9 0
16.92 0 -5.07005e-10 860.463 6748 860.463 0
16.94 0 -6.98304e-10 -1573.6 4618.82 -1573.6 0
16.96 0 2.17175e-10 -3978.49 2382.43 -3978.49 0
16.98 0 -5.72562e-11 -6283.97 49.267 -6283.97 0
17 0 3.08075e-10 -8229.93 -2369.29 -8229.93 0
17.02 0 6.13719e-10 -9599.59 -4873.65 -9599.59 0
17.04 0 2.61174e-10 -10424.2 -7429.16 -10424.2 0
17.06 0 9.58427e-11 -10914.5 -9921.61 -10914.5 0
17.08 0 -1.22742e-09 -11231.9 -12168.8 -11231.9 0
17.1 0 2.02404e-09 -11373.9 -13961.5 -11373.9 0
17.12 0 9.81852e-11 -11271.2 -15115.5 -11271.2 0
17.14 0 -2.03074e-09 -10935.3 -15533 -10935.3 0
17.16 0 3.49461e-10 -10479.4 -15237.1 -10479.4 0
17.18 0 -7.64233e-10 -9991.12 -14334.9 -9991.12 0
17.2 0 4.93106e-10 -9387.07 -12946.8 -9387.07 0
17.22 0 -1.08745e-10 -8419.86 -11166.8 -8419.86 0
17.24 0 -3.13003e-10 -6863.25 -9073.3 -6863.25 0
17.26 0 -5.26023e-10 -4725.68 -6748.05 -4725.68 0
17.28 0 -1.08878e-10 -2278.78 -4286.67 -2278.78 0
17.3 0 4.72124e-11 141.954 -1801.72 141.954 0
17.32 0 2.73242e-10 2349.39 623.615 2349.39 0
17.34 0 1.52288e-10 4328.11 2994.97 4328.11 0
17.36 0 1.80809e-10 6105.74 5359.81 6105.74 0
17.38 0 6.93153e-11 7648.72 7667.86 7648.72 0
17.4 0 -1.7794e-09 8876.61 9716.88 8876.61 0
17.42 0 3.19449e-10 9750.93 11269.9 9750.93 0
17.44 0 1.97456e-10 10328.7 12222.2 10328.7 0
17.46 0 9.41036e-10 10706.1 12652.6 10706.1 0
17.48 0 -8.27813e-10 10896.5 12721.9 10896.5 0
17.5 0 -4.97076e-10 10779.8 12517.4 10779.8 0
17.52 0 -1.05696e-09 10208.5 11979.4 10208.5 0
17.54 0 -3.6825e-10 9161.55 10971.3 9161.55 0
17.56 0 2.34911e-09 7755 9414.34 7755 0
17.58 0 3.94518e-10 6104.84 7360.9 6104.84 0
17.6 0 -1.94252e-11 4232.8 4969.69 4232.8 0
17.62 0 -3.80658e-10 2133.38 2417.3 2133.38 0
17.64 0 -1.36766e-10 -106.387 -196.491 -106.387 0
17.66 0 2.33288e-10 -2295.23 -2858.71 -2295.23 0
17.68 0 -2.94553e-10 -4229.07 -5537.83 -4229.07 0
17.7 0 3.28288e-10 -5789.45 -8092.4 -5789.45 0
17.72 0 1.53791e-10 -6986.72 -10325 -6986.72 0
17.74 0 -1.45897e-10 -7928.88 -12112.7 -7928.88 0
17.76 0 1.90751e-09 -8730.53 -13454.1 -8730.53 0
17.78 0 -1.44512e-09 -9424.79 -14406 -9424.79 0
17.8 0 -4.7667e-10 -9943.53 -15001.5 -9943.53 0
17.82 0 -1.66102e-09 -10169.3 -15219 -10169.3 0
17.84 0 5.82143e-10 -10009.2 -14993.7 -10009.2 0
17.86 0 1.30341e-09 -9443.9 -14241.5 -9443.9 0
17.88 0 -2.2073e-09 -8519.06 -12874.4 -8519.06 0
17.9 0 7.53456e-10 -7270.42 -10818 -7270.42 0
17.92 0 3.85766e-10 -5670.06 -8075.65 -5670.06 0
17.94 0 -5.07264e-10 -3691.21 -4825.93 -3691.21 0
17.96 0 -5.9647e-12 -1434.87 -1414.95 -1434.87 0
17.98 0 -6.68624e-10 850.373 1830.48 850.373 0
18 0 -1.08423e-09 2906.41 4783.19 2906.41 0
18.02 0 5.2453e-10 4608.27 7471.23 4608.27 0
18.04 0 -1.04432e-09 5977.66 9896.08 5977.66 0
18.06 0 -6.19463e-10 7100.58 11951.6 7100.58 0
18.08 0 -1.03493e-10 8050.89 13501.7 8050.89 0
18.1 0 -1.34765e-09 8862.35 14499.1 8862.35 0
18.12 0 -2.44646e-09 9534.78 15030.2 9534.78 0
18.14 0 -2.1287e-10 10045.7 15245.8 10045.7 0
18.16 0 -2.17332e-09 10346.5 15230.4 10346.5 0
18.18 0 -1.78884e-09 10356.6 14925.8 10356.6 0
18.2 0 7.14873e-10 9990.73 14176.3 9990.73 0
18.22 0 1.45031e-09 9214.44 12821.3 9214.44 0
18.24 0 -7.55304e-10 8057.67 10768.5 8057.67 0
18.26 0 -9.18439e-10 6564.49 8048.26 6564.49 0
18.28 0 -3.90392e-10 4757.51 4857.42 4757.51 0
18.3 0 2.41919e-10 2674.62 1502.38 2674.62 0
18.32 0 4.76957e-11 422.859 -1777.29 422.859 0
18.34 0 1.30607e-10 -1835.42 -4886.89 -1835.42 0
18.36 0 -5.60831e-10 -3953.61 -7762.39 -3953.61 0
18.38 0 -1.00729e-09 -5857.5 -10275.9 -5857.5 0
18.4 0 -6.66763e-10 -7541.7 -12310.1 -7541.7 0
18.42 0 -3.22723e-10 -9015.47 -13861 -9015.47 0
18.44 0 -3.63051e-11 -10246.5 -15018.5 -10246.5 0
18.46 0 -2.24668e-09 -11157.9 -15870.1 -11157.9 0
18.48 0 2.29415e-09 -11681.5 -16437.5 -11681.5 0
18.5 0 -4.38821e-10 -11806 -16676.3 -11806 0
18.52 0 -7.54659e-10 -11562 -16511.8 -11562 0
18.54 0 -8.11027e-10 -10974.6 -15885 -10974.6 0
18.56 0 -5.55485e-10 -10046.9 -14759.4 -10046.9 0
18.58 0 5.34363e-10 -8782.14 -13069.4 -8782.14 0
18.6 0 -3.26798e-10 -7205.28 -10717.4 -7205.28 0
18.62 0 5.56327e-10 -5364.92 -7716.94 -5364.92 0
18.64 0 -3.78775e-11 -3329.52 -4336.78 -3329.52 0
18.66 0 2.31367e-10 -1181.61 -983.811 -1181.61 0
18.68 0 -1.80921e-10 995.156 2092.12 995.156 0
18.7 0 -3.71594e-10 3116.38 4886.42 3116.38 0
18.72 0 -6.70666e-10 5085.65 7450.19 5085.65 0
18.74 0 -2.02873e-09 6805.42 9729.03 6805.42 0
18.76 0 -5.07214e-10 8216.32 11596.9 8216.32 0
18.78 0 -8.77169e-10 9316.56 12961.2 9316.56 0
18.8 0 -3.471e-10 10128.7 13811.5 10128.7 0
18.82 0 7.35096e-10 10651.1 14203.6 10651.1 0
18.84 0 -1.25512e-09 10854.8 14202.8 10854.8 0
18.86 0 2.74909e-10 10726.7 13826.6 10726.7 0
18.88 0 -2.17756e-10 10304.5 13038.6 10304.5 0
18.9 0 -1.39726e-09 9658.09 11786.6 9658.09 0
18.92 0 6.24492e-10 8827.62 10040.1 8827.62 0
18.94 0 1.7018e-09 7770.12 7816.35 7770.12 0
18.96 0 8.39669e-11 6370.87 5219.15 6370.87 0
18.98 0 1.45756e-12 4541.8 2451.3 4541.8 0
19 0 2.58001e-10 2336.77 -285.44 2336.77 0
19.02 0 -1.68305e-10 -39.5561 -2915.2 -39.5561 0
19.04 0 2.69383e-10 -2343.62 -5452.03 -2343.62 0
19.06 0 4.41619e-10 -4401.1 -7848.3 -4401.1 0
19.08 0 4.40339e-10 -6123.52 -9948.5 -6123.52 0
19.1 0 -5.02701e-10 -7478.96 -11601.5 -7478.96 0
19.12 0 8.89105e-10 -8481.87 -12773.7 -8481.87 0
19.14 0 1.22696e-09 -9189.67 -13542.6 -9189.67 0
19.16 0 -6.04118e-10 -9674.37 -13999.3 -9674.37 0
19.18 0 -8.59872e-10 -9982.48 -14158.2 -9982.48 0
19.2 0 -1.03776e-09 -10114.3 -13949 -10114.3 0
19.22 0 -1.93915e-09 -10028.9 -13295 -10028.9 0
19.24 0 5.27193e-10 -9664.2 -12186.2 -9664.2 0
19.26 0 2.81171e-11 -8960.99 -10656 -8960.99 0
19.28 0 3.62433e-10 -7878.36 -8711.32 -7878.36 0
19.3 0 -2.51364e-10 -6412.45 -6341.66 -6412.45 0
19.32 0 -5.24112e-11 -4633.66 -3617.74 -4633.66 0
19.34 0 5.73716e-10 -2707.36 -732.723 -2707.36 0
19.36 0 -3.78045e-10 -840.21 2077.66 -840.21 0
19.38 0 5.36168e-10 825.339 4625.23 825.339 0
19.4 0 -6.70185e-10 2262.94 6795.44 2262.94 0
19.42 0 -4.63889e-10 3522.75 8543.89 3522.75 0
19.44 0 -1.61498e-09 4670.43 9881.55 4670.43 0
19.46 0 6.39893e-10 5759.21 10835.1 5759.21 0
19.48 0 4.04981e-10 6810.22 11415 6810.22 0
19.5 0 -4.99873e-10 7780.07 11626 7780.07 0
19.52 0 -1.21616e-10 8555.47 11484.4 8555.47 0
19.54 0 1.82583e-09 9008.96 11000.9 9008.96 0
19.56 0 1.53689e-09 9075.33 10149.4 9075.33 0
19.58 0 4.08152e-10 8777.08 8868 8777.08 0
19.6 0 -1.11168e-09 8187.68 7103.89 8187.68 0
19.62 0 2.91607e-11 7377.48 4883.77 7377.48 0
19.64 0 -2.79727e-11 6377.98 2362.59 6377.98 0
19.66 0 -2.44925e-10 5181.21 -222.899 5181.21 0
19.68 0 3.51743e-10 3777.86 -2664.8 3777.86 0
19.7 0 -2.0529e-11 2203.41 -4839.15 2203.41 0
19.72 0 9.67871e-10 537.037 -6678.3 537.037 0
19.74 0 1.49059e-12 -1145.6 -8145.16 -1145.6 0
19.76 0 1.20774e-09 -2797.06 -9245.7 -2797.06 0
19.78 0 -1.24686e-09 -4371.33 -10026.9 -4371.33 0
19.8 0 2.95754e-10 -5794.24 -10535.3 -5794.24 0
19.82 0 1.6278e-09 -6976.03 -10781.6 -6976.03 0
19.84 0 -1.15135e-10 -7851.73 -10745.3 -7851.73 0
19.86 0 5.49849e-10 -8409.65 -10399.3 -8409.65 0
19.88 0 1.22966e-10 -8687.72 -9715.45 -8687.72 0
19.9 0 1.05955e-09 -8743.71 -8653.08 -8743.71 0
19.92 0 2.64676e-11 -8619.12 -7170.65 -8619.12 0
19.94 0 1.05503e-10 -8317.44 -5275.75 -8317.44 0
19.96 0 -6.71747e-11 -7805.04 -3074.26 -7805.04 0
19.98 0 7.78366e-11 -7026.68 -752.116 -7026.68 0
20 0 2.1743e-10 -5930.38 1503.08 -5930.38 0
20.02 0 -3.8046e-11 -4505.48 3557.96 -4505.48 0
20.04 0 -2.12167e-11 -2814.04 5337.33 -2814.04 0
20.06 0 -7.04937e-10 -977.081 6816.43 -977.081 0
20.08 0 5.63272e-10 878.951 8011.63 878.951 0
20.1 0 -1.71531e-09 2655.64 8951.96 2655.64 0
20.12 0 -2.20955e-10 4269.17 9649.41 4269.17 0
20.14 0 -9.10322e-10 5636.49 10095.1 5636.49 0
20.16 0 9.10006e-10 6701.01 10268 6701.01 0
20.18 0 1.3211e-09 7468.53 10133.9 7468.53 0
20.2 0 -2.07208e-09 8000.52 9637.99 8000.52 0
20.22 0 8.47788e-10 8360.88 8712.09 8360.88 0
20.24 0 5.89717e-10 8565.73 7304.8 8565.73 0
20.26 0 -1.21064e-10 8581.18 5434.32 8581.18 0
20.28 0 1.77065e-10 8360.59 3226.72 8360.59 0
20.3 0 -2.4965e-10 7873.36 885.419 7873.36 0
20.32 0 -1.37174e-10 7098.71 -1394.57 7098.71 0
20.34 0 8.95752e-10 6012.68 -3485.57 6012.68 0
20.36 0 -3.47344e-10 4612.88 -5321.59 4612.88 0
20.38 0 5.16431e-11 2962.27 -6878.19 2962.27 0
20.4 0 -5.74558e-10 1181.11 -8167.87 1181.11 0
20.42 0 -9.693e-10 -621.467 -9215.6 -621.467 0
20.44 0 2.36198e-09 -2391.72 -10017.4 -2391.72 0
20.46 0 -1.78707e-10 -4097.52 -10538.3 -4097.52 0
20.48 0 4.27497e-10 -5678.28 -10755.7 -5678.28 0
20.5 0 -3.3393e-10 -7055.8 -10682.6 -7055.8 0
20.52 0 -1.87632e-09 -8184.32 -10342 -8184.32 0
20.54 0 -2.01181e-10 -9063.7 -9732.13 -9063.7 0
20.56 0 -3.63232e-10 -9698.71 -8823.53 -9698.71 0
20.58 0 2.65362e-10 -10060.2 -7588.74 -10060.2 0
20.6 0 -4.24396e-10 -10095.3 -6048.71 -10095.3 0
20.62 0 2.76598e-10 -9774.01 -4299.3 -9774.01 0
20.64 0 2.0398e-10 -9124.2 -2473.49 -9124.2 0
20.66 0 -2.25088e-10 -8220.65 -667.798 -8220.65 0
20.68 0 5.09062e-11 -7125.94 1085.75 -7125.94 0
20.7 0 3.8584e-10 -5845.71 2782.25 -5845.71 0
20.72 0 -1.8047e-09 -4357.35 4397.81 -4357.35 0
20.74 0 9.4223e-10 -2682.86 5879.5 -2682.86 0
20.76 0 -1.05607e-09 -913.433 7157.5 -913.433 0
20.78 0 2.08037e-09 843.343 8161.02 843.343 0
20.8 0 -2.31968e-09 2517.28 8839.33 2517.28 0
20.82 0 1.00205e-09 4071.13 9180.2 4071.13 0
20.84 0 9.12599e-10 5467.23 9203.26 5467.23 0
20.86 0 1.46469e-09 6656.65 8933.37 6656.65 0
20.88 0 7.389e-10 7594.62 8389.81 7594.62 0
20.9 0 -9.17925e-10 8257.89 7596.13 8257.89 0
20.92 0 -6.01029e-10 8650.99 6579.21 8650.99 0
20.94 0 -2.79332e-10 8801.15 5350.97 8801.15 0
20.96 0 -1.76521e-10 8744.25 3909.94 8744.25 0
20.98 0 -5.26028e-11 8507.63 2271.86 8507.63 0
21 0 2.3941e-10 8100.11 487.558 8100.11 0
21.02 0 -2.11679e-10 7508.34 -1362.34 7508.34 0
21.04 0 4.73805e-10 6694.13 -3174.41 6694.13 0
21.06 0 -1.01949e-09 5610.94 -4833.74 5610.94 0
21.08 0 -1.23095e-10 4253.46 -6239.81 4253.46 0
21.1 0 5.08504e-10 2702.5 -7328.73 2702.5 0
21.12 0 -1.19344e-09 1100.69 -8072.02 1100.69 0
21.14 0 -1.0296e-10 -431.676 -8463.46 -431.676 0
21.16 0 8.45311e-10 -1846.95 -8517.59 -1846.95 0
21.18 0 -2.44221e-09 -3139.01 -8277.69 -3139.01 0
21.2 0 5.2152e-10 -4287.75 -7809.03 -4287.75 0
21.22 0 9.79983e-10 -5248.98 -7166.33 -5248.98 0
21.24 0 -8.54674e-10 -5987.99 -6358.41 -5987.99 0
21.26 0 3.76664e-10 -6508.9 -5342.72 -6508.9 0
21.28 0 7.39138e-11 -6848.36 -4065.37 -6848.36 0
21.3 0 -3.99681e-11 -7043.29 -2522.86 -7043.29 0
21.32 0 1.18803e-10 -7103.84 -789.827 -7103.84 0
21.34 0 4.81742e-10 -7011.97 1010.54 -7011.97 0
21.36 0 1.98897e-09 -6739.59 2759.01 -6739.59 0
21.38 0 -4.06667e-10 -6267.56 4372.81 -6267.56 0
21.4 0 1.59056e-09 -5594.8 5804.88 -5594.8 0
21.42 0 -2.00892e-09 -4742.89 7020.76 -4742.89 0
21.44 0 7.75293e-10 -3760.27 7974.75 -3760.27 0
21.46 0 -1.05143e-09 -2716.21 8612.53 -2716.21 0
21.48 0 5.91981e-10 -1673.11 8902.68 -1673.11 0
21.5 0 -2.09525e-09 -655.582 8862.11 -655.582 0
21.52 0 -3.04449e-10 344.407 8546.01 344.407 0
21.54 0 4.139e-10 1327.52 8004.85 1327.52 0
21.56 0 5.94315e-10 2263.41 7236.07 2263.41 0
21.58 0 -8.92208e-10 3111.56 6170.05 3111.56 0
21.6 0 -1.62028e-10 3850.8 4723.99 3850.8 0
21.62 0 -2.12449e-10 4474.96 2903.73 4474.96 0
21.64 0 4.1905e-10 4964.11 854.447 4964.11 0
21.66 0 6.49575e-10 5273.96 -1207.11 5273.96 0
21.68 0 -3.71146e-10 5360.89 -3115.67 5360.89 0
21.7 0 -1.65488e-10 5217.18 -4822.62 5217.18 0
21.72 0 4.04662e-10 4881.91 -6364.39 4881.91 0
21.74 0 -1.11531e-09 4419.35 -7776.81 4419.35 0
21.76 0 4.06018e-10 3885.97 -9025.52 3885.97 0
21.78 0 2.35135e-10 3312.18 -10007.5 3312.18 0
21.8 0 2.3118e-10 2703.91 -10620.7 2703.91 0
21.82 0 7.71052e-10 2052.55 -10837.2 2052.55 0
21.84 0 -3.41488e-10 1349.13 -10712.3 1349.13 0
21.86 0 -2.86425e-09 608.042 -10328.7 608.042 0
21.88 0 1.84371e-10 -111.576 -9727.25 -111.576 0
21.9 0 -1.20669e-09 -718.396 -8879.75 -718.396 0
21.92 0 1.03338e-09 -1140.98 -7716.61 -1140.98 0
21.94 0 7.50935e-10 -1374.65 -6193.86 -1374.65 0
21.96 0 1.11715e-10 -1476.69 -4363.55 -1476.69 0
21.98 0 1.56041e-10 -1516.74 -2377.87 -1516.74 0
22 0 4.44079e-10 -1531.45 -402.33 -1531.45 0
22.02 0 1.10275e-10 -1519.26 1478.44 -1519.26 0
22.04 0 6.41575e-11 -1465.71 3270.98 -1465.71 0
22.06 0 -8.40548e-10 -1364.01 5007.24 -1364.01 0
22.08 0 2.62915e-10 -1212.27 6667.74 -1212.27 0
22.1 0 1.58334e-09 -1001.55 8146.75 -1001.55 0
22.12 0 -8.77494e-11 -717.81 9285.79 -717.81 0
22.14 0 7.41506e-10 -360.099 9959.25 -360.099 0
22.16 0 8.96948e-10 42.9915 10146.7 42.9915 0
22.18 0 -1.89335e-09 432.554 9932.01 432.554 0
22.2 0 5.65954e-10 734.725 9435.74 734.725 0
22.22 0 6.47766e-10 889.03 8734.08 889.03 0
22.24 0 4.19225e-10 882.922 7812.16 882.922 0
22.26 0 1.04485e-10 770.886 6575.66 770.886 0
22.28 0 6.66853e-10 650.262 4925.55 650.262 0
22.3 0 -2.6289e-10 596.815 2866.62 596.815 0
22.32 0 1.89934e-10 609.292 551.009 609.292 0
22.34 0 -4.8512e-10 614.63 -1811.49 614.63 0
22.36 0 4.05098e-10 529.774 -4078.14 529.774 0
22.38 0 -3.69195e-10 320.764 -6189.41 320.764 0
22.4 0 -1.56679e-09 11.0499 -8090.9 11.0499 0
22.42 0 1.65065e-09 -349.362 -9688.25 -349.362 0
22.44 0 -3.54292e-10 -711.036 -10888.1 -711.036 0
22.46 0 -3.01952e-09 -1031.18 -11665 -1031.18 0
22.48 0 1.25188e-09 -1275.01 -12077.5 -1275.01 0
22.5 0 1.83152e-10 -1426.36 -12215.2 -1426.36 0
22.52 0 -7.81643e-10 -1498.18 -12126.2 -1498.18 0
22.54 0 -3.53953e-10 -1526.16 -11793.3 -1526.16 0
22.56 0 1.39309e-09 -1542.67 -11166.1 -1542.67 0
22.58 0 6.82419e-10 -1546.66 -10190.8 -1546.66 0
22.6 0 7.18874e-10 -1495.04 -8809.2 -1495.04 0
22.62 0 -2.22387e-10 -1326.94 -6978.52 -1326.94 0
22.64 0 -2.09549e-10 -1004.68 -4748.93 -1004.68 0
22.66 0 1.61775e-11 -539.376 -2309.66 -539.376 0
22.68 0 -2.9265e-11 18.2793 88.0548 18.2793 0
22.7 0 -8.94549e-11 614.97 2256.03 614.97 0
22.72 0 2.62762e-10 1229.49 4121.42 1229.49 0
22.74 0 3.40352e-10 1869.37 5702.28 1869.37 0
22.76 0 2.0108e-09 2525.64 7058.72 2525.64 0
22.78 0 1.04845e-09 3135.35 8237.3 3135.35 0
22.8 0 -8.4789e-11 3605.29 9227.93 3605.29 0
22.82 0 -1.15498e-09 3879.34 9966.2 3879.34 0
22.84 0 -1.25308e-10 3976.17 10371.9 3976.17 0
22.86 0 -1.61439e-09 3958.76 10380.1 3958.76 0
22.88 0 -8.87398e-10 3873.3 9949.38 3873.3 0
22.9 0 -1.12185e-09 3715.91 9063.1 3715.91 0
22.92 0 2.86976e-10 3443.8 7733.34 3443.8 0
22.94 0 9.08366e-11 3007.05 6009.89 3007.05 0
22.96 0 -3.64342e-10 2376.36 3998.93 2376.36 0
22.98 0 4.09357e-10 1560.34 1864.1 1560.34 0
23 0 -8.81069e-11 612.379 -227.406 612.379 0
23.02 0 -6.50236e-12 -380.72 -2182.47 -380.72 0
23.04 0 -5.41761e-12 -1332.33 -3996.78 -1332.33 0
23.06 0 4.87772e-10 -2194.91 -5694.59 -2194.91 0
23.08 0 -4.39522e-10 -2972.31 -7274.55 -2972.31 0
23.1 0 -1.13757e-09 -3692.03 -8703.09 -3692.03 0
23.12 0 8.34714e-10 -4364.85 -9919.57 -4364.85 0
23.14 0 -6.5973e-10 -4971.89 -10834.3 -4971.89 0
23.16 0 -1.0573e-09 -5485.67 -11346.8 -5485.67 0
23.18 0 1.18814e-09 -5892.13 -11391.9 -5892.13 0
23.2 0 1.44545e-10 -6186.94 -10975.9 -6186.94 0
23.22 0 3.45596e-10 -6355.38 -10170.2 -6355.38 0
23.24 0 9.10464e-10 -6360.24 -9066.93 -6360.24 0
23.26 0 -8.1438e-10 -6147.2 -7731.04 -6147.2 0
23.28 0 -4.03911e-10 -5662.64 -6188.77 -5662.64 0
23.3 0 -3.07268e-11 -4879.84 -4464.62 -4879.84 0
23.32 0 -4.54134e-12 -3827.32 -2623.01 -3827.32 0
23.34 0 -3.59436e-10 -2598.85 -752.565 -2598.85 0
23.36 0 4.90383e-10 -1324.01 1088.35 -1324.01 0
23.38 0 2.44405e-11 -107.198 2885.93 -107.198 0
23.4 0 -5.574e-10 1022.41 4627.79 1022.41 0
23.42 0 5.0303e-10 2108.41 6261.05 2108.41 0
23.44 0 -8.60519e-10 3213.16 7691.43 3213.16 0
23.46 0 9.56693e-10 4356.19 8812.45 4356.19 0
23.48 0 6.43074e-10 5488.44 9542.22 5488.44 0
23.5 0 -6.69581e-10 6510.72 9849.49 6510.72 0
23.52 0 -2.00798e-09 7315.34 9753.67 7315.34 0
23.54 0 3.56953e-10 7827.73 9302.57 7827.73 0
23.56 0 2.88639e-10 8031.35 8551 8031.35 0
23.58 0 3.1456e-10 7963.33 7550.51 7963.33 0
23.6 0 -2.10503e-10 7683.85 6339.79 7683.85 0
23.62 0 -7.12665e-11 7243.15 4934.58 7243.15 0
23.64 0 -1.14626e-10 6667.11 3340.68 6667.11 0
23.66 0 -2.3989e-11 5958.84 1584.47 5958.84 0
23.68 0 1.44821e-10 5105.17 -280.633 5105.17 0
23.7 0 2.31516e-10 4088.37 -2187.52 4088.37 0
23.72 0 3.85842e-10 2903.35 -4054.39 2903.35 0
23.74 0 -1.18454e-11 1566.43 -5779.12 1566.43 0
23.76 0 1.38171e-09 112.198 -7258.43 112.198 0
23.78 0 -1.01666e-09 -1405.48 -8418.31 -1405.48 0
23.8 0 -6.14242e-10 -2903.51 -9224.37 -2903.51 0
23.82 0 3.25616e-10 -4270.26 -9674.84 -4270.26 0
23.84 0 -9.51013e-10 -5391.06 -9792.77 -5391.06 0
23.86 0 1.43839e-09 -6189.48 -9616.72 -6189.48 0
23.88 0 -1.79811e-09 -6661.52 -9186.04 -6661.52 0
23.9 0 5.45608e-10 -6878.89 -8527.74 -6878.89 0
23.92 0 -1.18866e-09 -6950.18 -7652.7 -6950.18 0
23.94 0 1.87046e-11 -6959.13 -6557.2 -6959.13 0
23.96 0 1.36924e-10 -6917.85 -5233.48 -6917.85 0
23.98 0 4.63255e-11 -6758.73 -3693.26 -6758.73 0
24 0 -3.29314e-12 -6364.25 -1982.3 -6364.25 0
24.02 0 7.80161e-10 -5622.25 -174.048 -5622.25 0
24.04 0 -4.03999e-10 -4490.69 1637.48 -4490.69 0
24.06 0 -9.54883e-10 -3040.87 3336.19 -3040.87 0
24.08 0 3.12736e-10 -1440.09 4804.72 -1440.09 0
24.1 0 1.17342e-09 129.564 5975.41 129.564 0
24.12 0 -1.307e-09 1556.77 6862.51 1556.77 0
24.14 0 2.15747e-10 2818.49 7534.87 2818.49 0
24.16 0 5.01164e-10 3928.93 8050.2 3928.93 0
24.18 0 -4.37672e-10 4886.74 8404.52 4886.74 0
24.2 0 -2.15528e-09 5670.82 8532.74 5670.82 0
24.22 0 8.74105e-10 6269.2 8358.73 6269.2 0
24.24 0 7.19727e-10 6694.47 7855.07 6694.47 0
24.26 0 2.84214e-10 6967.02 7059.12 6967.02 0
24.28 0 9.66396e-12 7087.72 6031.29 7087.72 0
24.3 0 -5.7678e-11 7026.46 4804.62 7026.46 0
24.32 0 -1.7525e-11 6730.85 3383.82 6730.85 0
24.34 0 -1.04297e-10 6145.68 1789.64 6145.68 0
24.36 0 1.03758e-10 5236.02 96.3512 5236.02 0
24.38 0 1.14733e-10 4013.64 -1576.73 4013.64 0
24.4 0 3.45007e-10 2558.62 -3114.07 2558.62 0
24.42 0 -6.76758e-10 1012.13 -4457.29 1012.13 0
24.44 0 1.36004e-09 -473.77 -5619.37 -473.77 0
24.46 0 -6.51381e-14 -1798.99 -6643.54 -1798.99 0
24.48 0 5.65139e-10 -2938.2 -7542.43 -2938.2 0
24.5 0 -2.3353e-09 -3913.19 -8269.35 -3913.19 0
24.52 0 2.12648e-10 -4754.72 -8740.35 -4754.72 0
24.54 0 -7.5088e-11 -5484.95 -8886.84 -5484.95 0
24.56 0 -2.58706e-10 -6110.75 -8701.57 -6110.75 0
24.58 0 1.38185e-11 -6609.44 -8241.77 -6609.44 0
24.6 0 6.12212e-10 -6915.99 -7580.82 -6915.99 0
24.62 0 -9.57543e-10 -6935.67 -6750.25 -6935.67 0
24.64 0 -1.6094e-10 -6586.08 -5730.68 -6586.08 0
24.66 0 -1.0809e-10 -5842.66 -4502.76 -5842.66 0
24.68 0 -1.68432e-10 -4755.27 -3101.31 -4755.27 0
24.7 0 -2.74949e-10 -3427.05 -1609.73 -3427.05 0
24.72 0 5.6448e-11 -1974.78 -107.67 -1974.78 0
24.74 0 3.98908e-10 -494.17 1363.1 -494.17 0
24.76 0 1.37358e-10 956.779 2783.97 956.779 0
24.78 0 1.47458e-10 2354.45 4122.02 2354.45 0
24.8 0 -2.71834e-10 3693.73 5313.65 3693.73 0
24.82 0 -9.90364e-10 4970.16 6286.37 4970.16 0
24.84 0 -2.16986e-09 6164.86 6995.17 6164.86 0
24.86 0 -1.017e-09 7234.42 7436.92 7234.42 0
24.88 0 8.29324e-10 8114.31 7633.81 8114.31 0
24.9 0 -5.22341e-10 8738.7 7609.61 8738.7 0
24.92 0 -3.91793e-10 9060.8 7379.91 9060.8 0
24.94 0 3.36385e-10 9057.04 6952.2 9057.04 0
24.96 0 6.35464e-10 8722.74 6324.52 8722.74 0
24.98 0 -6.91334e-10 8077.79 5482.56 8077.79 0
25 0 3.26912e-10 7173.93 4410.29 7173.93 0
25.02 0 -8.19725e-11 6077.33 3118.25 6077.33 0
25.04 0 -7.9089e-11 4833.37 1662.1 4833.37 0
25.06 0 2.86792e-12 3450.74 131.147 3450.74 0
25.08 0 7.54787e-13 1919.47 -1382.06 1919.47 0
25.1 0 -1.18095e-10 240.274 -2804.75 240.274 0
25.12 0 2.43788e-10 -1554.93 -4088.45 -1554.93 0
25.14 0 -6.01141e-10 -3393.65 -5203.26 -3393.65 0
25.16 0 -3.10902e-10 -5172.36 -6131.13 -5172.36 0
25.18 0 5.27531e-10 -6787.65 -6861.54 -6787.65 0
25.2 0 -8.35654e-11 -8166.44 -7389.92 -8166.44 0
25.22 0 3.95526e-10 -9271.18 -7718.24 -9271.18 0
25.24 0 6.59936e-10 -10085.8 -7853.08 -10085.8 0
25.26 0 4.51901e-10 -10603.4 -7796.99 -10603.4 0
25.28 0 -2.80324e-10 -10825.1 -7538.19 -10825.1 0
25.3 0 -2.98495e-10 -10762.4 -7050.92 -10762.4 0
25.32 0 -1.17405e-10 -10434.1 -6312.96 -10434.1 0
25.34 0 -1.2855e-10 -9853.46 -5329.2 -9853.46 0
25.36 0 -3.9377e-11 -9005.53 -4148.99 -9005.53 0
25.38 0 -1.99114e-10 -7831.78 -2857.06 -7831.78 0
25.4 0 -2.9292e-10 -6261.43 -1538.33 -6261.43 0
25.42 0 4.03737e-12 -4292.85 -252.953 -4292.85 0
25.44 0 4.67637e-10 -2045.43 959.545 -2045.43 0
25.46 0 -2.33347e-10 290.772 2063.24 290.772 0
25.48 0 5.23081e-10 2555.49 3020.22 2555.49 0
25.5 0 1.65882e-10 4655.94 3800.47 4655.94 0
25.52 0 3.59382e-10 6531.51 4396.28 6531.51 0
25.54 0 -1.89579e-10 8126.61 4825.64 8126.61 0
25.56 0 -4.28766e-10 9405.89 5117.24 9405.89 0
25.58 0 -4.31598e-10 10371.8 5288.29 10371.8 0
25.6 0 6.30648e-11 11052.3 5331.28 11052.3 0
25.62 0 -3.40488e-10 11473 5215.76 11473 0
25.64 0 6.0909e-10 11637.6 4903.31 11637.6 0
25.66 0 1.9727e-11 11524.6 4371.17 11524.6 0
25.68 0 -5.41964e-11 11096.6 3630.18 11096.6 0
25.7 0 5.46096e-11 10318.6 2724.09 10318.6 0
25.72 0 -4.12729e-11 9163.59 1712.95 9163.59 0
25.74 0 -1.79812e-10 7607.72 650.09 7607.72 0
25.76 0 -5.29613e-11 5660.49 -425.585 5660.49 0
25.78 0 6.6073e-11 3420.65 -1479.76 3420.65 0
25.8 0 -2.49774e-10 1070.98 -2476.72 1070.98 0
25.82 0 8.26294e-11 -1214.52 -3380.5 -1214.52 0
25.84 0 -1.27727e-11 -3348.83 -4158.99 -3348.83 0
25.86 0 -5.04417e-11 -5311.41 -4793.28 -5311.41 0
25.88 0 -1.55716e-10 -7084.46 -5289.7 -7084.46 0
25.9 0 -3.33836e-10 -8630.32 -5678.45 -8630.32 0
25.92 0 1.07658e-10 -9907.95 -5993.48 -9907.95 0
25.94 0 -1.71049e-10 -10885.5 -6246.16 -10885.5 0
25.96 0 2.17353e-10 -11541.7 -6408.3 -11541.7 0
25.98 0 -3.21432e-10 -11868.6 -6416.33 -11868.6 0
26 0 -7.94274e-12 -11872.9 -6197.93 -11872.9 0
26.02 0 -1.62119e-10 -11568.4 -5707.09 -11568.4 0
26.04 0 1.17426e-10 -10969.9 -4944.98 -10969.9 0
26.06 0 -1.70163e-11 -10090.1 -3960.93 -10090.1 0
26.08 0 1.5698e-10 -8912.66 -2836.9 -8912.66 0
26.1 0 3.52413e-11 -7377.92 -1659.89 -7377.92 0
26.12 0 -4.45545e-11 -5441.6 -503.019 -5441.6 0
26.14 0 6.3142e-11 -3175.22 577.583 -3175.22 0
26.16 0 1.16418e-10 -781.339 1539.88 -781.339 0
26.18 0 -9.76735e-10 1521.95 2355.03 1521.95 0
26.2 0 -3.14014e-10 3613.72 3014.87 3613.72 0
26.22 0 3.63721e-10 5467.13 3544.23 5467.13 0
26.24 0 1.58103e-10 7075.62 3996.25 7075.62 0
26.26 0 1.07586e-09 8406.63 4417.78 8406.63 0
26.28 0 -2.65141e-10 9410.25 4809.64 9410.25 0
26.3 0 -2.79567e-10 10056.6 5118.01 10056.6 0
26.32 0 -1.10284e-10 10367.2 5264.67 10367.2 0
26.34 0 -1.31858e-10 10407.4 5193.31 10407.4 0
26.36 0 -3.86899e-10 10235.4 4899.25 10235.4 0
26.38 0 -3.83082e-11 9851.75 4419.3 9851.75 0
26.4 0 8.13922e-11 9200.27 3791.68 9200.27 0
26.42 0 -6.95192e-11 8204.92 3030.24 8204.92 0
26.44 0 -2.89767e-14 6805.91 2135.84 6805.91 0
26.46 0 1.49941e-11 5001.36 1130.94 5001.36 0
26.48 0 3.70446e-11 2890.66 78.1799 2890.66 0
26.5 0 -7.43646e-12 664.721 -944.686 664.721 0
26.52 0 3.49518e-10 -1481.14 -1886.51 -1481.14 0
26.54 0 -1.8093e-10 -3431.91 -2737.65 -3431.91 0
26.56 0 -1.5856e-10 -5153.12 -3508.87 -5153.12 0
26.58 0 1.54926e-10 -6637.5 -4203.37 -6637.5 0
26.6 0 -1.42535e-10 -7874.04 -4807.47 -7874.04 0
26.62 0 -1.11287e-11 -8853.65 -5301.63 -8853.65 0
26.64 0 2.65676e-12 -9578.23 -5675.29 -9578.23 0
26.66 0 -3.22659e-10 -10055.7 -5928.02 -10055.7 0
26.68 0 4.79018e-11 -10287.1 -6055.4 -10287.1 0
26.7 0 1.3604e-10 -10257.4 -6034.71 -10257.4 0
26.72 0 3.42396e-11 -9935.36 -5823.33 -9935.36 0
26.74 0 -5.49602e-11 -9285.63 -5371.38 -9285.63 0
26.76 0 -6.10611e-11 -8279.39 -4652.11 -8279.39 0
26.78 0 3.82341e-11 -6896.51 -3693.13 -6896.51 0
26.8 0 -1.5573e-10 -5148.07 -2583.41 -5148.07 0
26.82 0 9.84544e-11 -3117.69 -1444.25 -3117.69 0
26.84 0 -3.43121e-11 -959.883 -377.384 -959.883 0
26.86 0 -1.92271e-10 1170.17 565.155 1170.17 0
26.88 0 7.13735e-12 3184.4 1371.33 3184.4 0
26.9 0 3.8335e-10 5053.42 2047.57 5053.42 0
26.92 0 3.72373e-12 6753.09 2615.21 6753.09 0
26.94 0 3.05734e-10 8238.4 3113.71 8238.4 0
26.96 0 4.25151e-10 9456.26 3586.5 9456.26 0
26.98 0 -3.53009e-10 10363.3 4050.37 10363.3 0
27 0 2.73772e-10 10933 4471.96 10933 0
27.02 0 -6.10211e-11 11158 4773.83 11158 0
27.04 0 2.40697e-10 11049.2 4870.45 11049.2 0
27.06 0 -7.89479e-11 10627.7 4707.77 10627.7 0
27.08 0 -1.24196e-10 9916.79 4274.2 9916.79 0
27.1 0 -1.29966e-10 8936.4 3591.27 8936.4 0
27.12 0 9.34397e-11 7689.68 2705.55 7689.68 0
27.14 0 -4.04142e-11 6164.58 1691.24 6164.58 0
27.16 0 4.693e-12 4377.32 649.549 4377.32 0
27.18 0 -3.7212e-11 2417.4 -322.478 2417.4 0
27.2 0 8.17562e-12 420.613 -1177.52 420.613 0
27.22 0 -1.35375e-11 -1509.54 -1931.72 -1509.54 0
27.24 0 1.04677e-10 -3326.84 -2632.49 -3326.84 0
27.26 0 -1.54215e-10 -4994.81 -3314.54 -4994.81 0
27.28 0 1.54968e-10 -6453.06 -3976.74 -6453.06 0
27.3 0 2.86802e-11 -7641.07 -4586.96 -7641.07 0
27.32 0 1.30437e-10 -8531.47 -5105.54 -8531.47 0
27.34 0 -2.89745e-10 -9130.97 -5503.85 -9130.97 0
27.36 0 2.60531e-10 -9461.45 -5757.5 -9461.45 0
27.38 0 3.98978e-10 -9543.3 -5829.36 -9543.3 0
27.4 0 -1.46613e-10 -9384.4 -5676.12 -9384.4 0
27.42 0 5.32506e-11 -8975.57 -5277.85 -8975.57 0
27.44 0 -7.75545e-11 -8298.23 -4656.73 -8298.23 0
27.46 0 -1.30742e-10 -7333.7 -3867.78 -7333.7 0
27.48 0 1.11702e-10 -6065.34 -2973.58 -6065.34 0
27.5 0 -2.46658e-11 -4496.61 -2030.01 -4496.61 0
27.52 0 -2.0114e-10 -2685.89 -1085.15 -2685.89 0
27.54 0 3.66612e-11 -752.903 -177.56 -752.903 0
27.56 0 7.47386e-11 1166.64 664.464 1166.64 0
27.58 0 1.04751e-10 2971.16 1419.74 2971.16 0
27.6 0 1.14812e-10 4597.82 2075.47 4597.82 0
27.62 0 1.16346e-10 6001.67 2633.18 6001.67 0
27.64 0 1.29929e-10 7149.93 3105.4 7149.93 0
27.66 0 2.00713e-10 8030.17 3501.24 8030.17 0
27.68 0 2.59549e-10 8649.29 3815.8 8649.29 0
27.7 0 -2.43266e-10 9020.87 4030.44 9020.87 0
27.72 0 7.82477e-10 9152.85 4117.97 9152.85 0
27.74 0 -1.99561e-10 9042.36 4049.01 9042.36 0
27.76 0 1.84673e-11 8677.76 3798.8 8677.76 0
27.78 0 -4.3127e-11 8046.92 3352.75 8046.92 0
27.8 0 -1.46137e-10 7142.97 2714.3 7142.97 0
27.82 0 4.88571e-11 5963.84 1914.04 5963.84 0
27.84 0 -4.23514e-12 4523.97 1014.09 4523.97 0
27.86 0 1.3666e-11 2880.31 94.9786 2880.31 0
27.88 0 1.24487e-11 1136.05 -775.735 1136.05 0
27.9 0 3.47246e-11 -596.997 -1563.97 -596.997 0
27.92 0 -1.29748e-10 -2238.57 -2260.88 -2238.57 0
27.94 0 -2.32233e-12 -3741.12 -2865.28 -3741.12 0
27.