0.02 0 -1.96395e-25 -2.70992e-08 3.6569e-11 -2.30623e-07 -3.96757e-25
0.04 0 6.48453e-23 -1.16785e-07 1.17488e-09 -9.93885e-07 1.30604e-22
0.06 0 3.23053e-22 -2.52041e-07 5.55513e-09 -2.14496e-06 7.83237e-22
0.08 0 8.36511e-22 -3.97914e-07 1.97725e-08 -3.38639e-06 2.47316e-21
0.1 0 2.78647e-22 -5.41033e-07 5.59132e-08 -4.60438e-06 3.03608e-21
0.12 0 -2.74647e-21 -6.79434e-07 1.19043e-07 -5.78222e-06 -2.51234e-21
0.14 0 4.32325e-21 -8.1699e-07 2.06095e-07 -6.95287e-06 6.2215e-21
0.16 0 -4.96095e-21 -9.53416e-07 3.13305e-07 -8.1139e-06 -3.80063e-21
0.18 0 4.28082e-21 -1.08507e-06 4.37484e-07 -9.2343e-06 4.84749e-21
0.2 0 -1.79196e-20 -1.21773e-06 5.83424e-07 -1.03633e-05 -3.13538e-20
0.22 0 -1.00741e-20 -1.3742e-06 7.52784e-07 -1.1695e-05 -5.17056e-20
0.24 0 -6.33738e-21 -1.58155e-06 9.1579e-07 -1.34595e-05 -6.45084e-20
0.26 0 -1.08796e-20 -1.84268e-06 1.01888e-06 -1.56818e-05 -8.64873e-20
0.28 0 5.59577e-20 -2.12301e-06 1.02956e-06 -1.80675e-05 2.65586e-20
0.3 0 3.51044e-20 -2.36898e-06 9.58758e-07 -2.01609e-05 9.74766e-20
0.32 0 -1.15474e-20 -2.53519e-06 8.41399e-07 -2.15753e-05 7.41486e-20
0.34 0 -3.96938e-20 -2.60217e-06 7.1588e-07 -2.21454e-05 -6.04091e-21
0.36 0 -3.49378e-20 -2.57916e-06 6.1935e-07 -2.19495e-05 -7.66222e-20
0.38 0 -4.60223e-20 -2.49481e-06 5.8444e-07 -2.12317e-05 -1.69597e-19
0.4 0 -2.2476e-20 -2.39177e-06 6.29345e-07 -2.03548e-05 -2.15003e-19
0.42 0 4.88195e-20 -2.30774e-06 7.5092e-07 -1.96397e-05 -1.16377e-19
0.44 0 -9.77614e-20 -2.22297e-06 9.2583e-07 -1.89183e-05 -3.13875e-19
0.46 0 1.05827e-21 -2.04984e-06 1.11917e-06 -1.74448e-05 -3.11737e-19
0.48 0 1.15283e-19 -1.7359e-06 1.29225e-06 -1.47731e-05 -7.88429e-20
0.5 0 4.28093e-21 -1.34889e-06 1.39962e-06 -1.14796e-05 -7.01945e-20
0.52 0 4.19772e-20 -1.02062e-06 1.39338e-06 -8.68583e-06 1.46078e-20
0.54 0 -2.76101e-21 -8.51977e-07 1.23256e-06 -7.25062e-06 9.03005e-21
0.56 0 -1.01098e-19 -8.59699e-07 9.24375e-07 -7.31634e-06 -1.95209e-19
0.58 0 1.1701e-19 -9.77624e-07 5.63729e-07 -8.31992e-06 4.11753e-20
0.6 0 1.26409e-20 -1.13785e-06 2.67336e-07 -9.68347e-06 6.67125e-20
0.62 0 -2.97662e-20 -1.36001e-06 5.80206e-08 -1.15742e-05 6.57872e-21
0.64 0 2.83661e-20 -1.74112e-06 -1.41168e-07 -1.48176e-05 6.38839e-20
0.66 0 -2.61003e-20 -2.3528e-06 -3.81558e-07 -2.00232e-05 1.11561e-20
0.68 0 -6.57936e-21 -3.16187e-06 -6.06504e-07 -2.69086e-05 -2.13556e-21
0.7 0 -8.03978e-21 -4.04414e-06 -6.93901e-07 -3.4417e-05 -1.83775e-20
0.72 0 2.50905e-21 -4.87222e-06 -5.57646e-07 -4.14643e-05 -1.33087e-20
0.74 0 1.19511e-20 -5.60517e-06 -2.264e-07 -4.7702e-05 1.0835e-20
0.76 0 -2.09778e-20 -6.31916e-06 1.76456e-07 -5.37782e-05 -3.15445e-20
0.78 0 -1.98982e-20 -7.1556e-06 5.10944e-07 -6.08967e-05 -7.17429e-20
0.8 0 -4.24314e-20 -8.18265e-06 7.02375e-07 -6.96372e-05 -1.57463e-19
0.82 0 1.28902e-19 -9.26303e-06 7.78989e-07 -7.88316e-05 1.02946e-19
0.84 0 6.45613e-20 -1.01364e-05 8.15994e-07 -8.62646e-05 2.33373e-19
0.86 0 2.61671e-20 -1.06682e-05 8.37092e-07 -9.07904e-05 2.86235e-19
0.88 0 -6.2871e-20 -1.09532e-05 7.60262e-07 -9.32159e-05 1.59223e-19
0.9 0 -1.78e-20 -1.11997e-05 4.58312e-07 -9.5313e-05 1.23264e-19
0.92 0 -6.44671e-20 -1.15326e-05 -1.06352e-07 -9.81468e-05 -6.97286e-21
0.94 0 -8.61855e-20 -1.19009e-05 -7.81358e-07 -0.000101281 -1.81085e-19
0.96 0 4.96147e-20 -1.2079e-05 -1.30492e-06 -0.000102797 -8.08531e-20
0.98 0 3.95147e-20 -1.18042e-05 -1.53643e-06 -0.000100458 -1.02536e-21
1 0 -1.83764e-20 -9.79789e-06 -1.67157e-06 -8.33835e-05 -3.81493e-20
1.02 0 7.9245e-20 -5.99145e-06 -1.97058e-06 -5.09893e-05 1.21942e-19
1.04 0 -7.53943e-20 -3.21415e-06 -2.39418e-06 -2.73536e-05 -3.03702e-20
1.06 0 -2.60948e-20 -2.1557e-06 -2.8094e-06 -1.83457e-05 -8.3087e-20
1.08 0 4.08849e-20 -1.38893e-06 -2.9989e-06 -1.18203e-05 -4.91185e-22
1.1 0 -3.76421e-20 -5.62417e-07 -2.71643e-06 -4.78636e-06 -7.65358e-20
1.12 0 2.79637e-20 1.27621e-06 -2.11742e-06 1.0861e-05 -2.00434e-20
1.14 0 -1.20851e-20 4.30611e-06 -1.59476e-06 3.66465e-05 -4.44579e-20
1.16 0 -3.82394e-21 6.31131e-06 -1.42518e-06 5.37115e-05 -5.2183e-20
1.18 0 -4.01266e-21 6.91529e-06 -1.77241e-06 5.88515e-05 -6.02894e-20
1.2 0 -4.0378e-21 7.8497e-06 -2.32995e-06 6.68037e-05 -6.84465e-20
1.22 0 2.28314e-20 9.40474e-06 -2.25684e-06 8.00376e-05 -2.23225e-20
1.24 0 2.49597e-20 1.03273e-05 -1.06475e-06 8.78891e-05 2.81011e-20
1.26 0 -1.40885e-20 9.51122e-06 7.42171e-07 8.09438e-05 -3.60518e-22
1.28 0 1.08171e-20 7.10171e-06 2.08541e-06 6.04381e-05 2.14922e-20
1.3 0 -1.56325e-20 4.02717e-06 2.29929e-06 3.42726e-05 -1.00886e-20
1.32 0 -2.42595e-20 1.19209e-06 1.72288e-06 1.01451e-05 -5.90976e-20
1.34 0 1.71119e-20 -8.71439e-07 1.31264e-06 -7.41625e-06 -2.4528e-20
1.36 0 6.21186e-21 -8.00129e-07 1.46877e-06 -6.80937e-06 -1.19788e-20
1.38 0 -2.80711e-20 9.5874e-07 1.72063e-06 8.15921e-06 -6.8688e-20
1.4 0 2.43674e-20 4.60266e-07 1.52674e-06 3.91703e-06 -1.9461e-20
1.42 0 9.93155e-20 -2.95122e-06 7.18069e-07 -2.51159e-05 1.81176e-19
1.44 0 -1.38126e-19 -6.43806e-06 -1.92763e-07 -5.47901e-05 -9.78653e-20
1.46 0 7.3319e-20 -8.65271e-06 -3.25724e-07 -7.36376e-05 5.0254e-20
1.48 0 -1.24275e-19 -9.67653e-06 4.41964e-07 -8.23506e-05 -2.00807e-19
1.5 0 5.72909e-20 -1.01294e-05 1.17354e-06 -8.6205e-05 -8.50678e-20
1.52 0 8.21445e-20 -1.07099e-05 7.36183e-07 -9.11447e-05 8.08807e-20
1.54 0 -3.33544e-20 -1.12927e-05 -1.15452e-06 -9.61052e-05 1.34981e-20
1.56 0 8.23878e-20 -1.07493e-05 -3.55564e-06 -9.14805e-05 1.79938e-19
1.58 0 -6.48767e-20 -8.45811e-06 -4.95637e-06 -7.19814e-05 4.88741e-20
1.6 0 5.62674e-20 -5.69267e-06 -4.60227e-06 -4.84466e-05 1.62546e-19
1.62 0 -3.58026e-20 -4.41784e-06 -3.26953e-06 -3.75974e-05 9.0217e-20
1.64 0 2.75632e-20 -4.89681e-06 -2.53592e-06 -4.16736e-05 1.459e-19
1.66 0 -1.76436e-20 -5.68565e-06 -3.10985e-06 -4.83869e-05 1.10257e-19
1.68 0 7.472e-21 -5.42548e-06 -4.09174e-06 -4.61727e-05 1.25352e-19
1.7 0 -1.78024e-20 -3.83881e-06 -4.03811e-06 -3.26696e-05 8.9387e-20
1.72 0 -3.55087e-20 -1.41065e-06 -2.64606e-06 -1.20052e-05 1.76523e-20
1.74 0 -1.73415e-20 1.22722e-06 -1.08537e-06 1.04441e-05 -1.7381e-20
1.76 0 5.47244e-22 3.55812e-06 -6.20107e-07 3.02809e-05 -1.62754e-20
1.78 0 -1.0358e-20 5.26747e-06 -1.23677e-06 4.4828e-05 -3.72006e-20
1.8 0 6.62679e-20 6.38831e-06 -1.62729e-06 5.43667e-05 9.66739e-20
1.82 0 6.45408e-20 7.30033e-06 -4.43972e-07 6.21284e-05 2.27059e-19
1.84 0 -6.17943e-20 8.24471e-06 2.3416e-06 7.01654e-05 1.02222e-19
1.86 0 -3.4469e-20 9.23187e-06 5.25147e-06 7.85665e-05 3.25881e-20
1.88 0 -4.1503e-20 1.03773e-05 6.60574e-06 8.83144e-05 -5.12564e-20
1.9 0 -6.74624e-20 1.17628e-05 6.09234e-06 0.000100105 -1.87544e-19
1.92 0 9.89803e-20 1.32459e-05 4.8875e-06 0.000112727 1.24161e-20
1.94 0 -7.17894e-20 1.46805e-05 4.36596e-06 0.000124937 -1.32613e-19
1.96 0 1.696e-20 1.59622e-05 4.79484e-06 0.000135844 -9.83504e-20
1.98 0 2.12609e-19 1.67586e-05 5.17101e-06 0.000142622 3.31163e-19
2 0 -4.25241e-20 1.66845e-05 4.26874e-06 0.000141991 2.45255e-19
2.02 0 -5.94307e-20 1.56913e-05 1.85388e-06 0.000133539 1.25193e-19
2.04 0 -1.02543e-20 1.41472e-05 -1.02721e-06 0.000120397 1.04477e-19
2.06 0 -1.14434e-20 1.24818e-05 -2.94058e-06 0.000106225 8.13595e-20
2.08 0 -1.29832e-21 1.07059e-05 -3.34665e-06 9.11109e-05 7.87366e-20
2.1 0 -4.1392e-20 8.41818e-06 -3.02093e-06 7.16416e-05 -4.88363e-21
2.12 0 5.48657e-20 5.31732e-06 -3.12519e-06 4.52522e-05 1.05956e-19
2.14 0 3.37667e-20 1.65374e-06 -3.96442e-06 1.40739e-05 1.74172e-19
2.16 0 -7.06562e-20 -2.0214e-06 -4.74528e-06 -1.72028e-05 3.14319e-20
2.18 0 4.88863e-20 -5.27174e-06 -4.43219e-06 -4.48644e-05 1.30192e-19
2.2 0 7.85763e-20 -8.09283e-06 -2.72469e-06 -6.88728e-05 2.88932e-19
2.22 0 -3.45608e-20 -1.11162e-05 -3.65955e-07 -9.46024e-05 2.19112e-19
2.24 0 6.24922e-20 -1.48071e-05 1.36948e-06 -0.000126013 3.45359e-19
2.26 0 -2.15101e-19 -1.86775e-05 1.76224e-06 -0.000158952 -8.91879e-20
2.28 0 4.10893e-20 -2.19398e-05 1.21728e-06 -0.000186716 -6.17926e-21
2.3 0 -1.53959e-19 -2.43141e-05 6.19889e-07 -0.000206921 -3.17207e-19
2.32 0 -2.02198e-20 -2.56498e-05 3.22443e-07 -0.000218289 -3.58055e-19
2.34 0 4.96533e-20 -2.56607e-05 -1.31731e-07 -0.000218382 -2.57746e-19
2.36 0 4.81142e-20 -2.45628e-05 -1.41343e-06 -0.000209038 -1.60545e-19
2.38 0 1.43626e-19 -2.28942e-05 -3.55943e-06 -0.000194838 1.29609e-19
2.4 0 6.37078e-20 -2.06826e-05 -5.64454e-06 -0.000176016 2.58312e-19
2.42 0 -1.17975e-19 -1.76924e-05 -6.44233e-06 -0.000150568 1.99782e-20
2.44 0 -3.24103e-20 -1.39058e-05 -5.49973e-06 -0.000118343 -4.54972e-20
2.46 0 -8.50096e-20 -9.40666e-06 -3.45033e-06 -8.00539e-05 -2.17234e-19
2.48 0 1.61347e-20 -4.53097e-06 -1.44483e-06 -3.85602e-05 -1.84639e-19
2.5 0 8.2692e-20 1.40756e-07 -3.22148e-07 1.19788e-06 -1.75839e-20
2.52 0 1.62898e-22 4.50532e-06 -1.04087e-08 3.83418e-05 -1.72548e-20
2.54 0 9.73276e-21 9.16013e-06 1.82057e-07 7.79559e-05 2.40735e-21
2.56 0 -2.24634e-20 1.42375e-05 7.1962e-07 0.000121166 -4.29734e-20
2.58 0 4.5742e-20 1.86746e-05 1.36955e-06 0.000158927 4.94348e-20
2.6 0 3.09868e-20 2.15026e-05 1.43948e-06 0.000182995 1.12034e-19
2.62 0 -1.22224e-19 2.28585e-05 4.59862e-07 0.000194534 -1.34883e-19
2.64 0 -7.67083e-21 2.33327e-05 -1.30177e-06 0.00019857 -1.50379e-19
2.66 0 6.91891e-20 2.31252e-05 -2.82539e-06 0.000196803 -1.06032e-20
2.68 0 -4.63851e-20 2.20358e-05 -3.16504e-06 0.000187533 -1.04311e-19
2.7 0 8.32638e-20 1.98569e-05 -2.33268e-06 0.000168989 6.38992e-20
2.72 0 -2.26183e-20 1.65105e-05 -1.12871e-06 0.00014051 1.82057e-20
2.74 0 -2.46554e-21 1.23954e-05 -2.52513e-07 0.000105489 1.32248e-20
2.76 0 7.37652e-21 8.23924e-06 4.51623e-07 7.01188e-05 2.81269e-20
2.78 0 -1.14136e-20 3.99116e-06 1.72231e-06 3.39662e-05 5.06912e-21
2.8 0 3.25085e-22 -1.31884e-06 3.87351e-06 -1.12238e-05 5.72586e-21
2.82 0 -1.4321e-20 -8.2435e-06 6.31201e-06 -7.01551e-05 -2.32055e-20
2.84 0 4.44897e-20 -1.61225e-05 7.97645e-06 -0.000137208 6.66727e-20
2.86 0 6.99936e-20 -2.38417e-05 8.20396e-06 -0.000202901 2.08074e-19
2.88 0 -1.0847e-19 -3.05312e-05 7.1859e-06 -0.000259831 -1.10572e-20
2.9 0 -8.94414e-20 -3.5566e-05 5.60451e-06 -0.000302679 -1.91747e-19
2.92 0 5.71415e-20 -3.90275e-05 3.94826e-06 -0.000332138 -7.63094e-20
2.94 0 -8.56126e-21 -4.1875e-05 2.25057e-06 -0.000356371 -9.36049e-20
2.96 0 2.37059e-20 -4.47843e-05 4.54025e-07 -0.00038113 -4.57141e-20
2.98 0 1.47951e-20 -4.72175e-05 -1.20014e-06 -0.000401837 -1.58251e-20
3 0 2.93521e-21 -4.80399e-05 -2.24592e-06 -0.000408837 -9.89536e-21
3.02 0 -3.71793e-20 -4.65943e-05 -2.43441e-06 -0.000396533 -8.50051e-20
3.04 0 1.10704e-20 -4.30699e-05 -2.14176e-06 -0.00036654 -6.26408e-20
3.06 0 -7.10147e-20 -3.81894e-05 -2.20051e-06 -0.000325005 -2.06105e-19
3.08 0 1.5731e-19 -3.26629e-05 -3.16403e-06 -0.000277973 1.11693e-19
3.1 0 -1.05512e-19 -2.66119e-05 -4.64393e-06 -0.000226477 -1.01464e-19
3.12 0 -6.011e-20 -1.94654e-05 -5.54544e-06 -0.000165657 -2.22898e-19
3.14 0 -1.49485e-19 -1.08126e-05 -5.16182e-06 -9.20188e-05 -5.24888e-19
3.16 0 -1.13312e-20 -1.28492e-06 -3.83447e-06 -1.09351e-05 -5.47779e-19
3.18 0 1.3551e-19 7.81732e-06 -2.51621e-06 6.65282e-05 -2.74021e-19
3.2 0 -5.18041e-20 1.59414e-05 -1.82388e-06 0.000135667 -3.78676e-19
3.22 0 -1.09497e-19 2.3578e-05 -1.49887e-06 0.000200657 -5.99882e-19
3.24 0 1.86577e-19 3.10626e-05 -7.24794e-07 0.000264354 -2.22959e-19
3.26 0 1.40127e-19 3.81158e-05 1.06222e-06 0.000324379 6.01251e-20
3.28 0 -1.33211e-19 4.4254e-05 3.48408e-06 0.000376617 -2.08987e-19
3.3 0 -3.76104e-19 4.90503e-05 5.43781e-06 0.000417436 -9.68793e-19
3.32 0 2.18538e-19 5.22525e-05 6.16514e-06 0.000444687 -5.27303e-19
3.34 0 -2.7713e-20 5.3684e-05 5.90472e-06 0.00045687 -5.83289e-19
3.36 0 1.75491e-19 5.31714e-05 5.55063e-06 0.000452507 -2.28762e-19
3.38 0 -3.64516e-20 5.06712e-05 5.88088e-06 0.000431229 -3.02402e-19
3.4 0 4.09217e-20 4.64159e-05 6.92692e-06 0.000395016 -2.19732e-19
3.42 0 7.70998e-20 4.08096e-05 7.87803e-06 0.000347304 -6.39746e-20
3.44 0 1.19116e-20 3.40931e-05 7.79699e-06 0.000290144 -3.99108e-20
3.46 0 4.14805e-20 2.63018e-05 6.56438e-06 0.000223838 4.38882e-20
3.48 0 8.83667e-20 1.73694e-05 4.96281e-06 0.000147819 2.22407e-19
3.5 0 -1.57148e-19 7.35228e-06 3.84798e-06 6.25704e-05 -9.5064e-20
3.52 0 -1.1536e-19 -3.28941e-06 3.39242e-06 -2.7994e-05 -3.28114e-19
3.54 0 5.52886e-19 -1.37733e-05 3.03726e-06 -0.000117215 7.88827e-19
3.56 0 -3.48863e-19 -2.32957e-05 2.06158e-06 -0.000198254 8.40533e-20
3.58 0 -2.46528e-19 -3.15286e-05 2.06367e-07 -0.000268319 -4.13984e-19
3.6 0 2.37843e-19 -3.88846e-05 -2.21667e-06 -0.000330921 6.65077e-20
3.62 0 1.54769e-19 -4.59107e-05 -4.70475e-06 -0.000390716 3.79172e-19
3.64 0 -1.38931e-19 -5.24407e-05 -6.9932e-06 -0.000446289 9.85047e-20
3.66 0 -1.95839e-20 -5.76835e-05 -9.08975e-06 -0.000490907 5.89411e-20
3.68 0 3.69056e-19 -6.1134e-05 -1.10577e-05 -0.000520272 8.04508e-19
3.7 0 2.08124e-19 -6.26622e-05 -1.29343e-05 -0.000533277 1.22496e-18
3.72 0 -4.47518e-19 -6.19761e-05 -1.46595e-05 -0.000527438 3.20884e-19
3.74 0 -4.80158e-20 -5.893e-05 -1.59864e-05 -0.000501514 2.23883e-19
3.76 0 2.48164e-20 -5.38831e-05 -1.64697e-05 -0.000458564 2.74017e-19
3.78 0 4.53696e-20 -4.73123e-05 -1.5616e-05 -0.000402644 3.65673e-19
3.8 0 -7.06207e-20 -3.93854e-05 -1.31904e-05 -0.000335184 2.23005e-19
3.82 0 -2.84821e-21 -3.0297e-05 -9.40137e-06 -0.000257838 2.17251e-19
3.84 0 -4.85844e-20 -2.05809e-05 -4.90277e-06 -0.000175151 1.191e-19
3.86 0 6.42241e-20 -1.05754e-05 -5.76605e-07 -9.00001e-05 2.48846e-19
3.88 0 -2.95719e-21 -2.54138e-07 2.84254e-06 -2.1628e-06 2.42872e-19
3.9 0 -4.42803e-20 1.03416e-05 5.05476e-06 8.80104e-05 1.53417e-19
3.92 0 1.35977e-19 2.09207e-05 6.20908e-06 0.000178043 4.28117e-19
3.94 0 7.49879e-20 3.0946e-05 6.62407e-06 0.000263361 5.79608e-19
3.96 0 -2.9695e-19 3.96668e-05 6.55011e-06 0.000337578 -2.02906e-20
3.98 0 1.73533e-19 4.61801e-05 6.05961e-06 0.000393009 3.30282e-19
4 0 -3.8075e-19 4.98083e-05 5.13377e-06 0.000423886 -4.38909e-19
4.02 0 2.93494e-19 5.05291e-05 4.06735e-06 0.000430021 1.54009e-19
4.04 0 5.94424e-21 4.87157e-05 3.56457e-06 0.000414588 1.66017e-19
4.06 0 2.87454e-20 4.46968e-05 4.20165e-06 0.000380385 2.24089e-19
4.08 0 -1.46848e-19 3.87619e-05 5.88677e-06 0.000329877 -7.25743e-20
4.1 0 1.70686e-19 3.13366e-05 8.03822e-06 0.000266686 2.72246e-19
4.12 0 -1.30085e-19 2.28105e-05 1.01681e-05 0.000194126 9.44849e-21
4.14 0 -5.81669e-20 1.31832e-05 1.2077e-05 0.000112194 -1.0806e-19
4.16 0 1.02447e-19 2.28456e-06 1.36966e-05 1.94424e-05 9.89039e-20
4.18 0 -1.45121e-21 -9.77352e-06 1.48213e-05 -8.31761e-05 9.59721e-20
4.2 0 -3.50312e-20 -2.25262e-05 1.50258e-05 -0.000191706 2.5202e-20
4.22 0 3.1694e-20 -3.55291e-05 1.37856e-05 -0.000302365 8.92302e-20
4.24 0 1.17245e-20 -4.84231e-05 1.06556e-05 -0.000412097 1.12916e-19
4.26 0 -1.61596e-19 -6.03214e-05 5.62184e-06 -0.000513356 -2.13541e-19
4.28 0 2.59666e-21 -7.00652e-05 -7.58422e-07 -0.00059628 -2.08295e-19
4.3 0 1.84294e-20 -7.70214e-05 -7.64884e-06 -0.000655479 -1.71064e-19
4.32 0 5.19035e-20 -8.10241e-05 -1.41729e-05 -0.000689543 -6.62086e-20
4.34 0 1.96961e-19 -8.20516e-05 -1.93969e-05 -0.000698288 3.31692e-19
4.36 0 -3.68093e-20 -8.03023e-05 -2.24922e-05 -0.000683401 2.5733e-19
4.38 0 -7.16056e-20 -7.60748e-05 -2.30098e-05 -0.000647423 1.12672e-19
4.4 0 1.54409e-20 -6.95234e-05 -2.07982e-05 -0.000591669 1.43866e-19
4.42 0 -1.28676e-19 -6.09675e-05 -1.60517e-05 -0.000518855 -1.16087e-19
4.44 0 -9.21323e-21 -5.0592e-05 -9.59663e-06 -0.000430555 -1.34699e-19
4.46 0 -1.73704e-20 -3.79003e-05 -2.61766e-06 -0.000322545 -1.69791e-19
4.48 0 2.44645e-19 -2.25989e-05 3.86096e-06 -0.000192324 3.24442e-19
4.5 0 -1.52957e-19 -5.45803e-06 9.13336e-06 -4.64498e-05 1.54381e-20
4.52 0 7.15729e-20 1.24193e-05 1.282e-05 0.000105693 1.6003e-19
4.54 0 -4.20221e-19 3.04058e-05 1.47883e-05 0.000258764 -6.88902e-19
4.56 0 1.9592e-19 4.83408e-05 1.50078e-05 0.000411397 -2.93104e-19
4.58 0 1.64327e-19 6.627e-05 1.36779e-05 0.000563981 3.88689e-20
4.6 0 -1.85747e-19 8.38062e-05 1.14432e-05 0.00071322 -3.36377e-19
4.62 0 -8.28647e-19 9.97532e-05 9.14101e-06 0.000848934 -2.01041e-18
4.64 0 4.0618e-19 0.000113083 7.35756e-06 0.000962374 -1.18985e-18
4.66 0 2.30545e-19 0.000124139 6.36668e-06 0.00105646 -7.24099e-19
4.68 0 9.03852e-19 0.00013395 6.22681e-06 0.00113996 -3.65133e-19
4.7 0 3.8576e-20 0.000142667 6.71516e-06 0.00121414 6.71e-19
4.72 0 -6.0677e-19 0.000149345 7.39655e-06 0.00127097 5.66674e-19
4.74 0 2.80993e-20 0.000152811 7.86684e-06 0.00130047 6.2344e-19
4.76 0 -8.92445e-20 0.000152464 7.87953e-06 0.00129752 4.43148e-19
4.78 0 -5.58422e-19 0.000148495 7.39094e-06 0.00126374 -6.84977e-19
4.8 0 3.75119e-19 0.00014138 6.57803e-06 0.00120319 7.28385e-20
4.82 0 -1.96495e-19 0.000131054 5.61207e-06 0.00111531 -3.2412e-19
4.84 0 4.42471e-19 0.00011696 4.22273e-06 0.000995368 5.69761e-19
4.86 0 -1.19542e-18 9.91056e-05 1.71442e-06 0.000843423 -1.84523e-18
4.88 0 3.55767e-19 7.86654e-05 -2.36945e-06 0.00066947 -1.12651e-18
4.9 0 6.92875e-19 5.73129e-05 -7.75383e-06 0.000487752 2.73235e-19
4.92 0 -8.8947e-20 3.60818e-05 -1.36756e-05 0.000307069 -1.46769e-18
4.94 0 -1.35148e-19 1.50975e-05 -1.95027e-05 0.000128485 -1.80453e-18
4.96 0 3.07827e-19 -5.75559e-06 -2.50562e-05 -4.89821e-05 -9.61462e-19
4.98 0 1.31964e-18 -2.63696e-05 -3.03723e-05 -0.000224415 2.13408e-18
5 0 -8.75496e-19 -4.64623e-05 -3.51133e-05 -0.000395411 3.00482e-18
5.02 0 -1.18572e-18 -6.55687e-05 -3.81989e-05 -0.000558012 3.43999e-19
5.04 0 1.87802e-18 -8.32288e-05 -3.82597e-05 -0.000708306 4.57133e-19
5.06 0 4.34299e-19 -9.92972e-05 -3.46257e-05 -0.000845054 2.20893e-19
5.08 0 -5.85792e-19 -0.000113755 -2.79083e-05 -0.000968093 1.03928e-18
5.1 0 -6.80854e-19 -0.000126081 -1.95864e-05 -0.00107299 2.9457e-18
5.12 0 -1.58584e-18 -0.000135121 -1.09564e-05 -0.00114992 -5.36533e-19
5.14 0 1.63964e-18 -0.000139893 -2.44963e-06 -0.00119054 1.31693e-18
5.16 0 -1.04142e-18 -0.000140202 6.23733e-06 -0.00119317 -7.86953e-19
5.18 0 4.30977e-19 -0.000136498 1.53703e-05 -0.00116165 8.37074e-20
5.2 0 -3.73005e-19 -0.000129335 2.44266e-05 -0.00110069 -6.69838e-19
5.22 0 3.58414e-19 -0.00011911 3.20594e-05 -0.00101367 5.42302e-20
5.24 0 5.48759e-19 -0.000105913 3.69081e-05 -0.000901355 -5.46367e-19
5.26 0 -2.11565e-20 -8.90191e-05 3.85269e-05 -0.000757583 -4.95526e-20
5.28 0 -2.37896e-18 -6.69844e-05 3.72774e-05 -0.00057006 -2.47268e-18
5.3 0 3.33601e-18 -3.88702e-05 3.35547e-05 -0.000330799 -4.31271e-19
5.32 0 -1.29895e-18 -5.47166e-06 2.74067e-05 -4.65657e-05 -3.98743e-18
5.34 0 -3.70348e-18 3.09007e-05 1.8925e-05 0.000262975 -6.12684e-18
5.36 0 6.89454e-19 6.76027e-05 9.05469e-06 0.000575322 2.6846e-18
5.38 0 8.92509e-19 0.000102615 -1.10267e-07 0.000873286 -3.73462e-18
5.4 0 1.29222e-18 0.00013461 -6.03053e-06 0.00114558 6.57464e-19
5.42 0 1.70797e-19 0.000162249 -7.08127e-06 0.00138079 5.50468e-18
5.44 0 9.60999e-19 0.000184103 -3.56367e-06 0.00156678 2.94829e-18
5.46 0 3.24608e-19 0.000198976 2.45849e-06 0.00169336 1.74895e-18
5.48 0 -2.04297e-18 0.000206085 8.47501e-06 0.00175386 1.16459e-18
5.5 0 9.99625e-19 0.000205114 1.29264e-05 0.00174559 1.02808e-18
5.52 0 7.6576e-19 0.000195571 1.56312e-05 0.00166437 -3.10743e-20
5.54 0 5.10754e-19 0.000176553 1.71448e-05 0.00150253 -1.65288e-18
5.56 0 5.85487e-19 0.00014792 1.79152e-05 0.00125885 6.18266e-19
5.58 0 3.16009e-20 0.000112067 1.80612e-05 0.000953727 -4.14272e-19
5.6 0 -2.01622e-20 7.31093e-05 1.77796e-05 0.000622186 -2.25717e-19
5.62 0 2.51429e-20 3.39956e-05 1.79548e-05 0.000289314 5.64605e-19
5.64 0 3.36501e-19 -3.66895e-06 1.99257e-05 -3.12241e-05 7.77339e-19
5.66 0 -1.14469e-18 -3.8412e-05 2.43558e-05 -0.000326899 -5.54739e-19
5.68 0 5.05029e-19 -6.86039e-05 3.02432e-05 -0.000583843 2.47232e-18
5.7 0 4.62724e-19 -9.22228e-05 3.49437e-05 -0.000784848 2.69336e-19
5.72 0 5.47015e-19 -0.000107019 3.53547e-05 -0.00091077 2.35863e-19
5.74 0 1.00158e-19 -0.00011132 2.92541e-05 -0.000947374 -2.70585e-19
5.76 0 4.30165e-19 -0.000104597 1.60518e-05 -0.000890156 -1.1393e-18
5.78 0 -2.95689e-18 -8.72512e-05 -3.22241e-06 -0.000742538 -2.30043e-18
5.8 0 -6.74955e-19 -6.06778e-05 -2.63467e-05 -0.000516389 -1.86714e-18
5.82 0 1.44438e-18 -2.71406e-05 -5.03454e-05 -0.000230976 -1.66885e-18
5.84 0 -9.50255e-19 1.1217e-05 -7.20551e-05 9.54602e-05 -3.58856e-18
5.86 0 -2.55999e-19 5.24106e-05 -8.877e-05 0.000446032 -4.10573e-18
5.88 0 2.33218e-19 9.40843e-05 -9.89076e-05 0.00080069 -3.63458e-18
5.9 0 1.33235e-18 0.000134016 -0.00010228 0.00114052 -9.42969e-19
5.92 0 -8.23852e-19 0.000170782 -9.94039e-05 0.00145341 -2.93526e-18
5.94 0 1.09255e-18 0.000202685 -9.05649e-05 0.00172492 -2.06813e-18
5.96 0 -1.97266e-19 0.000226633 -7.57575e-05 0.00192872 -7.8124e-19
5.98 0 4.65013e-19 0.00024007 -5.53228e-05 0.00204308 -6.90208e-19
6 0 2.19474e-19 0.000242435 -3.06447e-05 0.00206321 3.57654e-19
6.02 0 2.79205e-19 0.000233415 -4.19831e-06 0.00198644 2.36016e-19
6.04 0 -4.39731e-19 0.000211554 2.13972e-05 0.0018004 -7.55747e-19
6.06 0 5.25701e-19 0.0001773 4.46274e-05 0.00150888 1.28231e-18
6.08 0 1.30656e-18 0.000133932 6.49648e-05 0.0011398 6.26572e-19
6.1 0 5.87532e-19 8.27981e-05 8.15584e-05 0.00070464 -1.45567e-18
6.12 0 1.42308e-18 2.13049e-05 9.28727e-05 0.000181312 2.54769e-18
6.14 0 -1.00499e-18 -5.3456e-05 9.75684e-05 -0.000454929 4.0659e-20
6.16 0 -2.0677e-19 -0.000139819 9.58799e-05 -0.0011899 1.67331e-18
6.18 0 -1.85715e-18 -0.000232102 9.03561e-05 -0.00197527 3.82734e-18
6.2 0 3.86284e-18 -0.00032326 8.46884e-05 -0.00275106 2.86782e-18
6.22 0 -3.07303e-18 -0.000407362 8.09766e-05 -0.00346679 -4.52883e-18
6.24 0 -3.02354e-18 -0.000482305 7.79344e-05 -0.00410458 -5.60843e-18
6.26 0 2.39324e-18 -0.000548077 7.20393e-05 -0.00466433 1.69007e-18
6.28 0 -5.857e-19 -0.000603506 6.06233e-05 -0.00513605 -2.64428e-18
6.3 0 -1.86396e-20 -0.000645583 4.40494e-05 -0.00549414 4.23548e-20
6.32 0 3.69262e-19 -0.000671404 2.48816e-05 -0.00571388 -2.55487e-19
6.34 0 1.22125e-19 -0.000679804 4.96729e-06 -0.00578537 2.1786e-19
6.36 0 -1.25946e-19 -0.000672619 -1.65458e-05 -0.00572422 5.20376e-19
6.38 0 -2.14713e-19 -0.000654237 -4.21224e-05 -0.00556778 -3.71851e-18
6.4 0 2.63834e-18 -0.000620978 -7.24895e-05 -0.00528474 -1.08784e-19
6.42 0 -1.499e-19 -0.000567574 -0.000104261 -0.00483026 2.17996e-18
6.44 0 3.04108e-19 -0.000496468 -0.000131232 -0.00422512 -7.66036e-20
6.46 0 1.52043e-18 -0.00041544 -0.00014835 -0.00353554 3.45062e-18
6.48 0 -5.64372e-18 -0.000336282 -0.00015474 -0.00286188 -4.17786e-18
6.5 0 -4.30431e-20 -0.000266566 -0.000153652 -0.00226857 -9.61585e-18
6.52 0 -1.47204e-18 -0.000204062 -0.000149924 -0.00173664 -3.36229e-18
6.54 0 2.13224e-18 -0.000139191 -0.000147111 -0.00118457 -3.34961e-18
6.56 0 -2.2667e-18 -6.39053e-05 -0.000146441 -0.000543856 -9.00722e-18
6.58 0 -1.86273e-18 2.41357e-05 -0.000147839 0.000205403 -4.59105e-18
6.6 0 2.27882e-18 0.000123486 -0.000151468 0.00105091 2.67869e-18
6.62 0 -1.83916e-20 0.000230655 -0.000157297 0.00196296 3.96868e-19
6.64 0 4.60282e-19 0.000337836 -0.000162435 0.00287511 4.36562e-18
6.66 0 -4.32179e-19 0.000432403 -0.000159873 0.0036799 1.47877e-18
6.68 0 -1.08807e-18 0.000501235 -0.000141555 0.00426568 7.68771e-19
6.7 0 3.19353e-19 0.00053567 -0.000103646 0.00455874 2.19936e-18
6.72 0 -1.63556e-19 0.000534717 -4.94227e-05 0.00455062 8.1303e-19
6.74 0 -1.48369e-19 0.000506742 1.2202e-05 0.00431256 -1.4305e-19
6.76 0 9.81366e-19 0.000465335 7.11615e-05 0.00396016 1.34065e-18
6.78 0 -9.67397e-19 0.000422638 0.000120375 0.00359679 7.81299e-19
6.8 0 3.27521e-19 0.000388052 0.000156944 0.00330245 2.10473e-18
6.82 0 -2.39963e-19 0.000365965 0.000180688 0.00311449 -7.76348e-19
6.84 0 8.39555e-19 0.000353198 0.00019234 0.00300584 -4.05709e-19
6.86 0 -2.46065e-19 0.000342423 0.000192858 0.00291414 3.31836e-19
6.88 0 -1.62496e-18 0.000328285 0.000183966 0.00279382 2.77308e-18
6.9 0 1.49109e-19 0.000306969 0.000169614 0.00261241 2.33158e-18
6.92 0 5.56779e-19 0.000268866 0.000156455 0.00228814 4.86368e-18
6.94 0 -8.34186e-19 0.000200048 0.000150034 0.00170248 -2.33482e-18
6.96 0 1.03978e-18 9.60465e-05 0.00014887 0.000817389 7.30098e-18
6.98 0 -3.30701e-18 -3.00301e-05 0.000144694 -0.000255566 -2.15446e-18
7 0 -1.98207e-19 -0.000155363 0.000130171 -0.00132219 2.08409e-20
7.02 0 -8.36876e-19 -0.000259813 0.000104852 -0.0022111 -1.5418e-18
7.04 0 2.03289e-19 -0.000331739 7.30437e-05 -0.00282321 2.12418e-19
7.06 0 -1.1972e-18 -0.000368093 3.86598e-05 -0.0031326 1.04374e-18
7.08 0 -2.39963e-19 -0.000372661 3.83686e-06 -0.00317147 -7.9047e-20
7.1 0 -1.06855e-18 -0.00035357 -2.89911e-05 -0.00300901 -1.85061e-18
7.12 0 1.5901e-18 -0.000321276 -5.54023e-05 -0.00273417 9.47773e-19
7.14 0 -4.97469e-20 -0.000287709 -7.01511e-05 -0.0024485 4.05704e-19
7.16 0 -6.35718e-19 -0.000263558 -7.09074e-05 -0.00224297 3.35293e-19
7.18 0 -9.76424e-19 -0.000253303 -6.1532e-05 -0.0021557 7.56695e-19
7.2 0 8.73434e-19 -0.000253547 -5.12378e-05 -0.00215777 4.18038e-18
7.22 0 -1.82947e-19 -0.000256744 -4.95985e-05 -0.00218498 3.03748e-18
7.24 0 -9.06496e-19 -0.000254759 -6.16994e-05 -0.00216809 1.89493e-19
7.26 0 1.36291e-18 -0.000239276 -8.70494e-05 -0.00203632 1.14712e-18
7.28 0 -4.57429e-19 -0.000203289 -0.000121466 -0.00173006 1.78561e-18
7.3 0 -5.55953e-19 -0.000144971 -0.00015891 -0.00123375 -5.28446e-19
7.32 0 1.46107e-18 -6.88568e-05 -0.000192202 -0.000585996 2.13887e-18
7.34 0 4.97858e-19 1.72219e-05 -0.000213702 0.000146565 -1.34724e-18
7.36 0 1.48741e-19 0.000104881 -0.00021649 0.000892571 1.90741e-18
7.38 0 -6.06085e-20 0.000185445 -0.000195975 0.0015782 -2.10313e-18
7.4 0 3.87891e-18 0.000250271 -0.000151886 0.0021299 2.5101e-18
7.42 0 -6.95524e-19 0.000292563 -8.94943e-05 0.00248981 1.62356e-18
7.44 0 -1.21688e-18 0.000309563 -1.85585e-05 0.00263449 2.21751e-18
7.46 0 -2.0458e-18 0.000303642 4.9845e-05 0.0025841 -1.94055e-18
7.48 0 -9.98132e-19 0.000281629 0.000106447 0.00239676 -3.98621e-19
7.5 0 4.69756e-19 0.000252136 0.000145202 0.00214577 8.23664e-19
7.52 0 1.02181e-19 0.00022203 0.000163314 0.00188955 1.04205e-18
7.54 0 4.64517e-19 0.000194867 0.00016099 0.00165839 2.27939e-18
7.56 0 7.8835e-19 0.000171513 0.000141733 0.00145963 3.74589e-18
7.58 0 -8.00212e-19 0.000150901 0.000112484 0.00128422 1.53023e-18
7.6 0 -2.33641e-18 0.00013014 8.21231e-05 0.00110753 -7.83138e-19
7.62 0 -2.10046e-19 0.000104718 5.83626e-05 0.000891185 -1.43084e-18
7.64 0 1.24036e-18 6.99068e-05 4.48961e-05 0.000594931 8.18929e-19
7.66 0 -5.40097e-20 2.29339e-05 4.06939e-05 0.000195176 -1.12194e-18
7.68 0 -5.98871e-19 -3.54317e-05 4.15188e-05 -0.000301536 -3.53662e-19
7.7 0 -1.42148e-18 -0.000100792 4.23829e-05 -0.000857776 4.31198e-19
7.72 0 -3.87928e-19 -0.000166375 3.96415e-05 -0.00141591 -9.71804e-19
7.74 0 2.32591e-19 -0.000224644 3.15795e-05 -0.0019118 9.48681e-19
7.76 0 -5.24225e-19 -0.000268836 1.75058e-05 -0.00228789 -4.10228e-20
7.78 0 -4.47013e-19 -0.000294558 -2.92778e-06 -0.00250679 8.10369e-19
7.8 0 -1.43718e-18 -0.000301032 -2.89448e-05 -0.00256189 -2.50764e-18
7.82 0 -2.14828e-18 -0.000291336 -5.76768e-05 -0.00247937 -3.03377e-18
7.84 0 3.01174e-19 -0.000271182 -8.48368e-05 -0.00230785 -1.49722e-18
7.86 0 1.12006e-19 -0.000246341 -0.000106279 -0.00209645 1.8412e-19
7.88 0 7.24473e-19 -0.000220661 -0.000119211 -0.0018779 1.67484e-18
7.9 0 -3.73824e-19 -0.000196197 -0.000123177 -0.00166971 -1.15067e-18
7.92 0 1.86605e-18 -0.000174335 -0.000120365 -0.00148365 3.51986e-18
7.94 0 2.91099e-19 -0.000156045 -0.000114347 -0.00132799 4.0028e-19
7.96 0 2.47411e-19 -0.000140703 -0.000107802 -0.00119743 -3.4477e-19
7.98 0 -1.36308e-19 -0.000124678 -0.000101291 -0.00106106 -4.03201e-18
8 0 1.0406e-18 -0.000102016 -9.3951e-05 -0.000868195 -3.9752e-18
8.02 0 4.57812e-18 -6.7463e-05 -8.49097e-05 -0.000574134 6.89998e-18
8.04 0 7.06014e-19 -1.93544e-05 -7.40792e-05 -0.000164712 2.48406e-18
8.06 0 1.04029e-18 3.96873e-05 -6.16977e-05 0.000337752 1.98864e-18
8.08 0 -1.44067e-18 0.00010405 -4.72162e-05 0.000885504 -2.40729e-18
8.1 0 1.28199e-18 0.000166822 -2.89051e-05 0.00141971 9.28862e-19
8.12 0 -3.00409e-19 0.000220818 -4.97879e-06 0.00187924 1.19884e-18
8.14 0 -2.03088e-18 0.000259059 2.43833e-05 0.00220468 -1.85319e-18
8.16 0 2.76512e-18 0.000276097 5.58559e-05 0.00234968 2.67024e-18
8.18 0 1.23059e-18 0.000270819 8.36889e-05 0.00230476 2.29935e-18
8.2 0 -1.30716e-18 0.000248286 0.000101961 0.002113 6.83299e-20
8.22 0 -2.06822e-19 0.000217801 0.000107033 0.00185357 -3.49782e-19
8.24 0 1.02709e-19 0.000188596 9.86913e-05 0.00160502 -1.48878e-18
8.26 0 6.04359e-20 0.00016673 7.96221e-05 0.00141893 1.57737e-19
8.28 0 -3.28645e-18 0.000154083 5.41006e-05 0.0013113 -4.89814e-18
8.3 0 3.60403e-18 0.000148545 2.69733e-05 0.00126417 6.89955e-18
8.32 0 -4.43178e-19 0.000144838 3.21587e-06 0.00123262 -1.33936e-18
8.34 0 -5.44421e-20 0.000135805 -1.25693e-05 0.00115575 -3.1216e-18
8.36 0 2.50823e-18 0.000114289 -1.72506e-05 0.000972638 6.16015e-18
8.38 0 -2.15087e-18 7.57762e-05 -1.06918e-05 0.000644882 -2.04746e-18
8.4 0 -1.56829e-18 2.08207e-05 3.41025e-06 0.000177192 4.42805e-19
8.42 0 -2.20897e-18 -4.45263e-05 1.86559e-05 -0.000378934 6.07382e-19
8.44 0 1.10856e-18 -0.000110865 2.86925e-05 -0.000943503 -6.5342e-19
8.46 0 -1.73204e-18 -0.000168873 2.96548e-05 -0.00143717 -1.56469e-18
8.48 0 2.68924e-19 -0.000211997 2.0893e-05 -0.00180417 -5.70727e-18
8.5 0 -7.02149e-19 -0.000237479 4.37992e-06 -0.00202103 -6.44192e-18
8.52 0 6.61744e-19 -0.000246114 -1.62361e-05 -0.00209452 -3.0573e-18
8.54 0 2.393e-19 -0.000241226 -3.66688e-05 -0.00205292 -2.55245e-18
8.56 0 1.03325e-18 -0.000227299 -5.29338e-05 -0.00193439 -1.26967e-18
8.58 0 2.27352e-19 -0.000209052 -6.19197e-05 -0.0017791 1.1658e-19
8.6 0 -1.09065e-19 -0.00019086 -6.18698e-05 -0.00162428 -5.44759e-19
8.62 0 7.26307e-19 -0.000175603 -5.30538e-05 -0.00149444 1.61165e-19
8.64 0 9.64678e-19 -0.000163348 -3.82275e-05 -0.00139015 2.68627e-18
8.66 0 -1.84145e-18 -0.000151274 -2.21286e-05 -0.00128739 1.82144e-18
8.68 0 -1.1425e-18 -0.000135051 -9.88041e-06 -0.00114933 -5.12814e-18
8.7 0 1.39147e-18 -0.000110615 -5.04439e-06 -0.000941376 9.30656e-19
8.72 0 -3.51972e-19 -7.52014e-05 -8.40827e-06 -0.000639991 -3.11975e-20
8.74 0 -2.88644e-18 -2.78548e-05 -1.81476e-05 -0.000237054 -6.08911e-18
8.76 0 1.88869e-18 2.98143e-05 -3.08013e-05 0.00025373 -3.14518e-18
8.78 0 -2.07841e-18 9.30422e-05 -4.22139e-05 0.000791822 -3.61106e-19
8.8 0 -1.53684e-18 0.000154566 -4.83522e-05 0.00131541 -5.74258e-18
8.82 0 1.87265e-18 0.000206642 -4.62976e-05 0.0017586 -6.19958e-19
8.84 0 2.56918e-19 0.000243379 -3.53836e-05 0.00207124 -9.27829e-19
8.86 0 6.63991e-19 0.000262453 -1.77672e-05 0.00223357 -1.53857e-18
8.88 0 7.19995e-19 0.000265166 2.12516e-06 0.00225665 1.81255e-18
8.9 0 5.74112e-20 0.000254767 1.90966e-05 0.00216816 7.41165e-19
8.92 0 -1.34971e-19 0.000235101 2.90865e-05 0.00200079 5.31329e-19
8.94 0 4.99255e-19 0.000210578 3.05285e-05 0.00179209 -1.12409e-18
8.96 0 -2.0899e-19 0.000186021 2.44491e-05 0.0015831 -2.08456e-19
8.98 0 6.21485e-19 0.00016488 1.37112e-05 0.00140318 -6.14408e-19
9 0 -1.35566e-19 0.000147012 2.24559e-06 0.00125113 1.19452e-19
9.02 0 -1.7559e-18 0.000128168 -5.56206e-06 0.00109075 -1.13144e-18
9.04 0 -2.49272e-18 0.000102145 -5.91161e-06 0.000869287 -6.68044e-18
9.06 0 3.56265e-18 6.43584e-05 2.88739e-06 0.000547712 1.38458e-19
9.08 0 1.63823e-18 1.4198e-05 1.93223e-05 0.00012083 8.61222e-18
9.1 0 8.04392e-19 -4.44887e-05 3.89852e-05 -0.000378614 4.44424e-18
9.12 0 -1.46586e-18 -0.000105339 5.61567e-05 -0.000896476 2.98807e-18
9.14 0 9.19635e-19 -0.000162875 6.56609e-05 -0.00138613 1.09831e-18
9.16 0 9.99586e-19 -0.000213849 6.44453e-05 -0.00181993 1.45934e-18
9.18 0 1.7009e-18 -0.000255924 5.25716e-05 -0.002178 1.13265e-18
9.2 0 -1.7179e-18 -0.000286906 3.31216e-05 -0.00244167 -1.3919e-18
9.22 0 1.84795e-18 -0.000306202 1.09398e-05 -0.00260589 2.46409e-18
9.24 0 2.5439e-19 -0.000315585 -9.30709e-06 -0.00268574 1.61331e-18
9.26 0 -1.28576e-18 -0.000317241 -2.4579e-05 -0.00269983 -1.87027e-18
9.28 0 -1.06486e-18 -0.00031168 -3.36603e-05 -0.00265251 -1.52184e-18
9.3 0 3.48018e-19 -0.000298712 -3.67569e-05 -0.00254214 1.67856e-19
9.32 0 -2.05184e-19 -0.000279721 -3.51571e-05 -0.00238052 1.18163e-19
9.34 0 3.51049e-19 -0.000257451 -3.09963e-05 -0.002191 4.89544e-19
9.36 0 -1.65058e-18 -0.000234309 -2.6991e-05 -0.00199405 -2.7834e-18
9.38 0 1.98111e-19 -0.000211222 -2.59482e-05 -0.00179757 -1.47915e-18
9.4 0 9.63748e-20 -0.000186793 -2.98487e-05 -0.00158967 -2.34781e-18
9.42 0 3.94334e-19 -0.000157702 -3.89289e-05 -0.0013421 -3.57421e-18
9.44 0 1.19647e-18 -0.00012121 -5.1574e-05 -0.00103154 -1.33924e-18
9.46 0 -1.27282e-19 -7.70418e-05 -6.48145e-05 -0.000655652 -5.64492e-19
9.48 0 -7.63634e-19 -2.6859e-05 -7.48888e-05 -0.00022858 -1.12499e-18
9.5 0 -1.63882e-18 2.64304e-05 -7.79993e-05 0.000224932 -7.3126e-19
9.52 0 6.87204e-20 7.83798e-05 -7.14422e-05 0.000667039 -7.03667e-19
9.54 0 1.22766e-18 0.000123437 -5.47692e-05 0.00105049 2.24047e-18
9.56 0 -1.63488e-18 0.000156969 -3.00839e-05 0.00133586 8.42287e-19
9.58 0 -6.97124e-19 0.000177197 -1.50192e-06 0.00150801 -1.48235e-18
9.6 0 1.69961e-19 0.000185284 2.56928e-05 0.00157683 -2.59941e-18
9.62 0 4.62899e-19 0.000183972 4.62634e-05 0.00156567 -1.95657e-19
9.64 0 2.48216e-19 0.000176289 5.6561e-05 0.00150028 5.05343e-20
9.66 0 -1.50301e-20 0.00016499 5.58203e-05 0.00140412 2.8985e-20
9.68 0 -1.84128e-19 0.000152231 4.62589e-05 0.00129554 5.82097e-20
9.7 0 -1.37e-19 0.000139029 3.19764e-05 0.00118319 7.22398e-19
9.72 0 -1.0627e-18 0.000124673 1.7455e-05 0.00106101 -1.90675e-18
9.74 0 2.68673e-19 0.000106643 6.34211e-06 0.000907571 -3.75134e-18
9.76 0 1.18834e-19 8.17788e-05 8.99758e-07 0.000695966 -2.92675e-18
9.78 0 -4.56362e-19 4.84429e-05 1.9324e-06 0.000412266 -2.91466e-18
9.8 0 -1.02818e-18 8.02252e-06 8.78258e-06 6.82745e-05 -3.8126e-18
9.82 0 -4.63854e-19 -3.56802e-05 1.92515e-05 -0.000303651 -2.20967e-18
9.84 0 -5.34638e-19 -7.88231e-05 2.97664e-05 -0.000670812 -1.48407e-19
9.86 0 -1.89903e-19 -0.000119247 3.62248e-05 -0.00101483 4.79948e-19
9.88 0 -9.26859e-19 -0.000156065 3.53894e-05 -0.00132817 -7.97322e-19
9.9 0 6.59796e-20 -0.000188338 2.62085e-05 -0.00160282 1.25263e-19
9.92 0 4.87628e-20 -0.000214612 1.02716e-05 -0.00182643 2.04049e-18
9.94 0 -3.07242e-19 -0.000233579 -9.08503e-06 -0.00198784 2.89157e-19
9.96 0 1.64525e-19 -0.000245058 -2.84542e-05 -0.00208553 2.8291e-19
9.98 0 -5.95325e-21 -0.00025048 -4.56474e-05 -0.00213167 3.34154e-19
10 0 3.77444e-19 -0.000252007 -5.97802e-05 -0.00214466 5.75762e-19
10.02 0 -3.91166e-20 -0.0002508 -7.02753e-05 -0.00213439 -6.65228e-20
10.04 0 1.87715e-18 -0.000246303 -7.61336e-05 -0.00209612 6.39505e-19
10.06 0 -2.32541e-19 -0.000237255 -7.64124e-05 -0.00201912 -3.24302e-18
10.08 0 2.35476e-19 -0.00022314 -7.14078e-05 -0.001899 -6.92064e-19
10.1 0 -1.27663e-18 -0.00020442 -6.31832e-05 -0.00173968 -1.07957e-18
10.12 0 -1.60023e-19 -0.000181473 -5.46127e-05 -0.0015444 1.3756e-19
10.14 0 -3.48583e-19 -0.000154012 -4.76126e-05 -0.0013107 -3.14188e-18
10.16 0 1.23068e-18 -0.000121489 -4.18764e-05 -0.00103391 -1.189e-18
10.18 0 -1.08558e-18 -8.37264e-05 -3.53775e-05 -0.000712541 -8.23616e-19
10.2 0 1.6634e-19 -4.15725e-05 -2.64022e-05 -0.000353797 -3.16204e-18
10.22 0 5.56327e-19 2.71954e-06 -1.52185e-05 2.31442e-05 -3.59691e-19
10.24 0 4.6548e-19 4.58088e-05 -3.80773e-06 0.000389849 2.44662e-19
10.26 0 -2.20795e-20 8.42664e-05 5.84774e-06 0.000717136 -9.73862e-19
10.28 0 2.4659e-19 0.000115562 1.30555e-05 0.000983476 4.60252e-19
10.3 0 -1.02341e-19 0.000138343 1.82854e-05 0.00117734 1.26367e-19
10.32 0 -7.19004e-20 0.000152118 2.20137e-05 0.00129458 3.13397e-21
10.34 0 3.41931e-20 0.00015693 2.38322e-05 0.00133553 -2.93419e-19
10.36 0 -7.45576e-20 0.000153684 2.28175e-05 0.00130791 -4.15261e-19
10.38 0 -1.71958e-18 0.0001445 1.88298e-05 0.00122975 -2.29861e-18
10.4 0 -6.05045e-19 0.000131943 1.33817e-05 0.00112288 -1.02746e-18
10.42 0 -6.2391e-19 0.000117755 9.20485e-06 0.00100214 -1.62353e-18
10.44 0 2.04463e-18 0.000101944 8.7273e-06 0.000867579 8.32826e-19
10.46 0 2.29262e-19 8.29297e-05 1.25875e-05 0.000705761 3.06511e-19
10.48 0 1.2545e-18 5.88585e-05 1.94196e-05 0.000500906 5.17219e-19
10.5 0 -1.50228e-18 2.86764e-05 2.69367e-05 0.000244046 -1.5689e-18
10.52 0 -1.42092e-18 -7.97269e-06 3.32583e-05 -6.78504e-05 -4.88484e-18
10.54 0 1.75249e-18 -5.12403e-05 3.72866e-05 -0.000436072 2.80164e-20
10.56 0 3.91521e-20 -0.00010033 3.80477e-05 -0.000853842 -8.69292e-19
10.58 0 -5.54355e-19 -0.000152135 3.41359e-05 -0.00129472 -5.34709e-19
10.6 0 4.82e-19 -0.0002013 2.42225e-05 -0.00171314 6.12925e-19
10.62 0 -2.39426e-19 -0.000241878 8.3159e-06 -0.00205847 -1.09442e-18
10.64 0 1.76876e-19 -0.000269391 -1.14946e-05 -0.00229261 -2.37829e-19
10.66 0 -1.49723e-19 -0.000282294 -3.15928e-05 -0.00240242 -1.75937e-19
10.68 0 -2.25187e-19 -0.000282283 -4.8366e-05 -0.00240233 -1.59485e-19
10.7 0 -2.5272e-19 -0.000272843 -5.95904e-05 -0.00232199 2.55003e-19
10.72 0 -2.69229e-19 -0.000257052 -6.46882e-05 -0.0021876 1.15809e-18
10.74 0 2.11979e-19 -0.000236815 -6.41221e-05 -0.00201538 -2.02268e-19
10.76 0 -6.83465e-19 -0.000213445 -5.89539e-05 -0.00181649 -1.23683e-18
10.78 0 -4.97023e-19 -0.000187785 -5.10008e-05 -0.00159811 1.34003e-19
10.8 0 1.23152e-18 -0.00015953 -4.30347e-05 -0.00135766 -1.00023e-18
10.82 0 -9.55262e-19 -0.000127273 -3.82206e-05 -0.00108314 -3.61439e-18
10.84 0 -5.32784e-19 -8.95619e-05 -3.87212e-05 -0.000762203 1.40044e-19
10.86 0 3.87833e-19 -4.58142e-05 -4.43309e-05 -0.000389895 -2.63236e-18
10.88 0 8.82417e-19 3.09609e-06 -5.23401e-05 2.63488e-05 2.1092e-18
10.9 0 -5.29447e-19 5.42265e-05 -5.89479e-05 0.000461486 5.49865e-19
10.92 0 9.97639e-20 0.00010312 -6.10987e-05 0.000877588 -7.0867e-19
10.94 0 -2.40257e-19 0.000145646 -5.73752e-05 0.0012395 -8.66132e-19
10.96 0 4.03784e-19 0.000179275 -4.76012e-05 0.00152569 -6.2303e-20
10.98 0 2.92491e-19 0.000202862 -3.21523e-05 0.00172642 -2.54262e-19
11 0 9.50666e-20 0.000215833 -1.20179e-05 0.00183682 -8.81325e-20
11.02 0 -2.36916e-20 0.000218057 1.0722e-05 0.00185574 1.69116e-19
11.04 0 -9.59792e-21 0.000210229 3.28345e-05 0.00178912 -4.65503e-19
11.06 0 1.99617e-19 0.000193946 5.07292e-05 0.00165055 5.57288e-19
11.08 0 -2.75264e-19 0.000171186 6.18653e-05 0.00145685 -1.25683e-18
11.1 0 -2.00186e-19 0.000143732 6.58077e-05 0.00122321 8.5392e-19
11.12 0 -5.19814e-19 0.000112909 6.40984e-05 0.000960893 -1.22247e-18
11.14 0 7.1597e-19 7.91371e-05 5.91833e-05 0.000673484 1.09207e-18
11.16 0 -7.89412e-19 4.19729e-05 5.33568e-05 0.000357204 -1.56414e-18
11.18 0 -1.66793e-18 9.89591e-07 4.81665e-05 8.42176e-06 -1.55925e-18
11.2 0 -1.25342e-18 -4.37985e-05 4.42736e-05 -0.000372741 -9.64599e-19
11.22 0 1.52433e-18 -9.22654e-05 4.15609e-05 -0.00078521 -2.12844e-19
11.24 0 -2.44788e-18 -0.000143775 3.92113e-05 -0.00122357 -1.8856e-18
11.26 0 2.28385e-19 -0.000195818 3.58014e-05 -0.00166648 4.33239e-19
11.28 0 -5.6308e-19 -0.000243925 2.96193e-05 -0.00207589 -2.8999e-19
11.3 0 -9.06905e-19 -0.000283689 1.92984e-05 -0.00241429 -1.7159e-18
11.32 0 1.14119e-19 -0.000312453 4.4265e-06 -0.00265909 9.09319e-19
11.34 0 1.29882e-19 -0.000329045 -1.41952e-05 -0.00280029 1.05317e-18
11.36 0 7.38139e-20 -0.000333113 -3.46678e-05 -0.00283491 4.90111e-19
11.38 0 -4.50092e-19 -0.000325493 -5.44365e-05 -0.00277006 -4.09901e-19
11.4 0 2.11724e-19 -0.000308594 -7.09141e-05 -0.00262624 -2.40494e-19
11.42 0 -2.83872e-19 -0.00028563 -8.22032e-05 -0.00243081 -7.43305e-19
11.44 0 9.50576e-19 -0.000259599 -8.76105e-05 -0.00220928 9.41967e-19
11.46 0 -1.75021e-19 -0.000232796 -8.76807e-05 -0.00198117 -1.26298e-18
11.48 0 1.04071e-18 -0.000205826 -8.3953e-05 -0.00175165 1.32962e-18
11.5 0 -3.4589e-19 -0.000176873 -7.85168e-05 -0.00150525 -9.33481e-19
11.52 0 2.57534e-20 -0.000143252 -7.32139e-05 -0.00121912 2.3752e-19
11.54 0 1.43413e-19 -0.000103493 -6.87788e-05 -0.000880764 -6.86358e-19
11.56 0 -5.65e-19 -5.71084e-05 -6.48022e-05 -0.000486012 -3.59577e-18
11.58 0 1.14958e-18 -3.73655e-06 -6.04057e-05 -3.17994e-05 -1.30365e-18
11.6 0 -1.37719e-18 5.52854e-05 -5.45563e-05 0.000470498 -3.02018e-18
11.62 0 1.29787e-18 0.000115192 -4.60621e-05 0.000980323 1.25965e-18
11.64 0 3.76503e-19 0.000169304 -3.37437e-05 0.00144084 1.16778e-18
11.66 0 7.60159e-20 0.000211838 -1.68764e-05 0.00180281 -2.14356e-19
11.68 0 -2.21957e-19 0.000239599 4.13857e-06 0.00203907 -8.30437e-19
11.7 0 -1.17057e-18 0.000252437 2.72936e-05 0.00214832 -1.83428e-18
11.72 0 2.06675e-20 0.000252655 4.93441e-05 0.00215018 -1.30476e-18
11.74 0 2.91034e-20 0.000243707 6.69935e-05 0.00207403 2.53647e-19
11.76 0 -1.89782e-19 0.000228961 7.78984e-05 0.00194854 7.14465e-19
11.78 0 -4.2952e-19 0.00021123 8.10929e-05 0.00179764 -1.05616e-18
11.8 0 7.37412e-19 0.000192332 7.71424e-05 0.00163681 1.04326e-18
11.82 0 9.41389e-19 0.000172527 6.80334e-05 0.00146827 1.57923e-18
11.84 0 -1.62211e-18 0.000150647 5.66107e-05 0.00128206 -2.15904e-18
11.86 0 -2.65967e-19 0.000124638 4.57071e-05 0.00106071 3.75751e-19
11.88 0 2.18775e-19 9.19439e-05 3.73375e-05 0.000782475 3.65458e-19
11.9 0 1.07897e-18 5.00113e-05 3.22617e-05 0.000425614 3.12093e-18
11.92 0 2.47338e-18 -2.5518e-06 3.00466e-05 -2.17167e-05 2.20026e-18
11.94 0 1.75629e-18 -6.45695e-05 2.93843e-05 -0.000549509 3.06033e-18
11.96 0 1.38433e-19 -0.000131859 2.83577e-05 -0.00112217 1.21737e-18
11.98 0 2.32934e-19 -0.000198243 2.47133e-05 -0.00168712 2.57755e-18
12 0 7.83865e-19 -0.000257723 1.64119e-05 -0.00219331 2.85104e-18
12.02 0 -2.61828e-18 -0.000306093 2.40546e-06 -0.00260496 -7.07529e-19
12.04 0 -3.62177e-19 -0.000341032 -1.66793e-05 -0.0029023 -1.25055e-18
12.06 0 3.78055e-19 -0.000361981 -3.83196e-05 -0.00308059 -2.23916e-18
12.08 0 2.98272e-19 -0.000370147 -5.86538e-05 -0.00315008 -1.42705e-18
12.1 0 1.12859e-19 -0.000368435 -7.37397e-05 -0.00313551 9.69838e-19
12.12 0 1.8099e-19 -0.000360774 -8.0983e-05 -0.00307031 1.2856e-19
12.14 0 -3.5399e-20 -0.00035071 -8.00122e-05 -0.00298466 -6.67442e-19
12.16 0 5.54588e-19 -0.000339946 -7.2547e-05 -0.00289306 6.63658e-20
12.18 0 6.80422e-19 -0.000328079 -6.1484e-05 -0.00279207 8.17624e-19
12.2 0 -1.74733e-18 -0.00031371 -4.98959e-05 -0.00266978 1.97584e-19
12.22 0 -5.91539e-19 -0.000294652 -4.0468e-05 -0.00250759 -7.57935e-20
12.24 0 -1.89942e-18 -0.000267448 -3.53041e-05 -0.00227608 -9.96687e-19
12.26 0 -5.81415e-19 -0.000228271 -3.55956e-05 -0.00194267 -4.65155e-18
12.28 0 -8.62272e-20 -0.000175131 -4.09467e-05 -0.00149043 -2.95726e-18
12.3 0 9.79248e-19 -0.000109688 -4.8906e-05 -0.000933485 1.81679e-18
12.32 0 -8.93406e-19 -3.71556e-05 -5.54988e-05 -0.000316207 -3.45547e-19
12.34 0 3.56975e-19 3.55734e-05 -5.67544e-05 0.000302742 -9.5137e-19
12.36 0 1.04968e-18 0.000102246 -5.02904e-05 0.000870145 1.98529e-18
12.38 0 1.16003e-18 0.000158526 -3.60422e-05 0.00134911 2.20953e-18
12.4 0 -5.65063e-19 0.000201889 -1.60768e-05 0.00171815 -1.08521e-18
12.42 0 2.03564e-18 0.000231157 6.0649e-06 0.00196723 5.66197e-19
12.44 0 -2.02284e-19 0.000246602 2.62614e-05 0.00209867 9.3211e-20
12.46 0 -6.25884e-19 0.000250512 4.08497e-05 0.00213195 4.71233e-19
12.48 0 6.16834e-20 0.000246925 4.75547e-05 0.00210141 2.94079e-19
12.5 0 6.65141e-20 0.000239767 4.59565e-05 0.0020405 -2.76715e-19
12.52 0 4.77934e-20 0.000231089 3.7433e-05 0.00196664 -9.05317e-19
12.54 0 5.29453e-19 0.000220976 2.47223e-05 0.00188058 3.4242e-21
12.56 0 1.48458e-19 0.000208327 1.1265e-05 0.00177293 1.44973e-18
12.58 0 -4.58941e-19 0.000191306 5.08207e-07 0.00162808 1.62218e-19
12.6 0 4.63987e-19 0.000167571 -4.62304e-06 0.00142608 1.46727e-18
12.62 0 -1.08555e-19 0.00013489 -2.28037e-06 0.00114796 1.13865e-18
12.64 0 1.01116e-18 9.16516e-05 7.48637e-06 0.000779987 6.57356e-19
12.66 0 -6.59388e-19 3.73009e-05 2.22438e-05 0.000317444 -3.87018e-19
12.68 0 3.74581e-19 -2.66758e-05 3.77602e-05 -0.000227021 -6.45701e-19
12.7 0 -1.42784e-18 -9.62752e-05 4.95413e-05 -0.000819336 -4.63431e-18
12.72 0 3.16393e-19 -0.000165702 5.42598e-05 -0.00141018 -3.75625e-18
12.74 0 8.39898e-19 -0.000228531 5.02114e-05 -0.00194488 -1.89715e-18
12.76 0 4.22489e-19 -0.000278273 3.71379e-05 -0.0023682 -9.05065e-19
12.78 0 -9.14909e-19 -0.00030982 1.62068e-05 -0.00263667 -2.19497e-18
12.8 0 4.02806e-19 -0.000322169 -9.76655e-06 -0.00274177 -5.70239e-19
12.82 0 2.48113e-19 -0.000318991 -3.65375e-05 -0.00271472 -9.56004e-19
12.84 0 -5.21802e-19 -0.000306028 -5.93376e-05 -0.00260441 -1.27835e-18
12.86 0 4.8962e-19 -0.000288263 -7.42576e-05 -0.00245321 2.17477e-19
12.88 0 -7.95807e-20 -0.000269115 -7.96299e-05 -0.00229026 1.53456e-19
12.9 0 -5.42163e-19 -0.000250342 -7.63728e-05 -0.0021305 -9.16327e-19
12.92 0 2.38157e-19 -0.00023168 -6.72277e-05 -0.00197167 -1.05337e-21
12.94 0 -6.04946e-20 -0.000211104 -5.59081e-05 -0.00179657 2.58635e-19
12.96 0 -2.72512e-19 -0.000185298 -4.63399e-05 -0.00157695 -1.29531e-19
12.98 0 -7.22563e-20 -0.000150219 -4.14499e-05 -0.00127842 -3.47909e-19
13 0 2.5084e-19 -0.000102712 -4.19284e-05 -0.000874114 5.03683e-19
13.02 0 4.50164e-19 -4.28235e-05 -4.60834e-05 -0.000364443 9.64728e-19
13.04 0 -2.15579e-19 2.51781e-05 -5.09367e-05 0.000214275 5.38337e-19
13.06 0 7.33281e-19 9.41872e-05 -5.36215e-05 0.000801566 1.39326e-18
13.08 0 -3.24112e-20 0.000156909 -5.20319e-05 0.00133535 3.72269e-19
13.1 0 2.6147e-19 0.000207637 -4.46292e-05 0.00176706 2.76664e-19
13.12 0 -7.84387e-19 0.000242737 -3.04684e-05 0.00206578 2.14616e-19
13.14 0 -9.43226e-21 0.000260889 -1.00159e-05 0.00222026 -1.37902e-18
13.16 0 9.95897e-19 0.000263565 1.40913e-05 0.00224303 1.06108e-18
13.18 0 -3.29908e-19 0.000254795 3.74293e-05 0.0021684 6.49115e-19
13.2 0 -2.00565e-19 0.000239485 5.54529e-05 0.0020381 -4.52199e-19
13.22 0 1.61748e-19 0.000221849 6.54551e-05 0.00188801 3.65833e-20
13.24 0 -1.18001e-19 0.000204533 6.74099e-05 0.00174065 -1.33847e-19
13.26 0 7.03365e-19 0.000187963 6.33812e-05 0.00159963 2.63493e-19
13.28 0 1.88815e-19 0.000170348 5.63039e-05 0.00144972 9.40971e-20
13.3 0 -2.94959e-19 0.000148401 4.89596e-05 0.00126294 1.25287e-18
13.32 0 -8.7322e-20 0.000118428 4.34762e-05 0.00100786 -2.05918e-19
13.34 0 -1.33886e-19 7.74798e-05 4.10975e-05 0.00065938 1.65283e-21
13.36 0 -1.8998e-19 2.45526e-05 4.20378e-05 0.000208951 3.14726e-19
13.38 0 -2.19876e-19 -3.87165e-05 4.53424e-05 -0.000329491 -1.14422e-18
13.4 0 3.80333e-19 -0.000108283 4.88182e-05 -0.000921524 1.05536e-19
13.42 0 1.60402e-18 -0.000178338 4.92829e-05 -0.00151772 1.6712e-18
13.44 0 6.01595e-19 -0.000242354 4.33354e-05 -0.00206252 4.83971e-18
13.46 0 -9.61178e-19 -0.00029466 2.86567e-05 -0.00250766 -1.15527e-20
13.48 0 -2.67141e-19 -0.000331288 5.35596e-06 -0.00281937 4.40553e-20
13.5 0 -9.58419e-19 -0.000349997 -2.34755e-05 -0.0029786 -2.74674e-18
13.52 0 -4.39687e-19 -0.000351004 -5.27286e-05 -0.00298717 -3.82448e-18
13.54 0 1.29562e-19 -0.000337808 -7.73785e-05 -0.00287487 -3.27015e-18
13.56 0 6.4989e-19 -0.00031626 -9.42721e-05 -0.00269148 1.66555e-19
13.58 0 3.69256e-19 -0.000292019 -0.000102552 -0.00248519 -8.41141e-19
13.6 0 2.82226e-19 -0.0002684 -0.000102876 -0.00228418 4.36717e-19
13.62 0 -3.95618e-21 -0.000245651 -9.65547e-05 -0.00209058 2.39958e-19
13.64 0 1.65157e-19 -0.00022168 -8.54705e-05 -0.00188657 -3.45291e-20
13.66 0 3.69583e-20 -0.000194131 -7.25e-05 -0.00165212 5.78002e-20
13.68 0 -7.9649e-19 -0.000161743 -6.14279e-05 -0.00137649 4.6464e-19
13.7 0 3.12305e-19 -0.000123606 -5.55275e-05 -0.00105193 4.3111e-20
13.72 0 1.97702e-18 -7.80752e-05 -5.54891e-05 -0.000664447 3.0703e-18
13.74 0 5.122e-19 -2.35379e-05 -5.86337e-05 -0.000200315 4.71402e-18
13.76 0 -5.46358e-19 3.92218e-05 -6.0436e-05 0.000333791 1.31979e-18
13.78 0 7.23026e-19 0.000106011 -5.7171e-05 0.000902194 1.13447e-18
13.8 0 -1.35134e-18 0.000170403 -4.74498e-05 0.00145019 -2.5118e-18
13.82 0 9.89853e-19 0.000225717 -3.18003e-05 0.00192093 -2.43822e-20
13.84 0 -2.4709e-19 0.000267036 -1.13823e-05 0.00227257 -7.88433e-19
13.86 0 9.7952e-19 0.000292331 1.25449e-05 0.00248784 -1.07575e-18
13.88 0 4.36156e-18 0.00030241 3.79654e-05 0.00257362 3.05081e-18
13.9 0 3.11551e-19 0.000300197 6.13402e-05 0.00255478 1.98065e-18
13.92 0 6.34697e-19 0.000289803 7.80428e-05 0.00246633 2.64821e-18
13.94 0 -6.64008e-19 0.000275548 8.42002e-05 0.00234501 4.28586e-19
13.96 0 3.76047e-20 0.000261044 7.87673e-05 0.00222157 -4.08105e-19
13.98 0 2.55352e-19 0.00024873 6.42258e-05 0.00211678 -1.48624e-18
14 0 3.03591e-19 0.000239217 4.52924e-05 0.00203582 2.34166e-19
14.02 0 -4.9051e-19 0.000230704 2.67252e-05 0.00196337 3.71522e-19
14.04 0 -5.30124e-19 0.000219187 1.20065e-05 0.00186536 -7.50839e-19
14.06 0 2.14383e-19 0.000198672 3.30159e-06 0.00169077 -2.45615e-19
14.08 0 -3.48269e-19 0.000162678 1.48185e-06 0.00138445 -1.4129e-18
14.1 0 4.31751e-20 0.000107651 5.8095e-06 0.000916152 -1.04483e-18
14.12 0 1.00862e-18 3.57008e-05 1.38205e-05 0.000303827 4.16654e-18
14.14 0 -1.40962e-18 -4.52201e-05 2.16471e-05 -0.000384839 -9.6023e-19
14.16 0 2.19598e-18 -0.000123388 2.5036e-05 -0.00105007 7.60764e-18
14.18 0 -6.63804e-19 -0.000187069 2.09159e-05 -0.00159202 1.57696e-18
14.2 0 -2.31942e-18 -0.000228897 8.54875e-06 -0.00194799 -5.8917e-18
14.22 0 1.97731e-18 -0.000247961 -1.0354e-05 -0.00211023 5.62515e-19
14.24 0 -6.7281e-19 -0.00024939 -3.20236e-05 -0.00212239 2.27842e-18
14.26 0 -1.08827e-18 -0.000242071 -5.13472e-05 -0.00206011 -9.99135e-19
14.28 0 -2.95165e-20 -0.000234358 -6.34145e-05 -0.00199447 -1.44031e-18
14.3 0 1.63732e-18 -0.00023055 -6.57867e-05 -0.00196206 3.08968e-18
14.32 0 5.57869e-19 -0.000230775 -5.99517e-05 -0.00196397 2.80927e-18
14.34 0 -4.71484e-19 -0.000232755 -5.02327e-05 -0.00198083 3.15472e-19
14.36 0 -1.3408e-19 -0.000232652 -4.10941e-05 -0.00197995 -5.67501e-19
14.38 0 -6.805e-20 -0.000225543 -3.51329e-05 -0.00191945 1.05411e-19
14.4 0 4.48908e-19 -0.000206723 -3.25779e-05 -0.00175928 3.86324e-19
14.42 0 -2.87081e-19 -0.000173401 -3.21202e-05 -0.0014757 -9.66038e-20
14.44 0 9.61575e-20 -0.000126102 -3.23377e-05 -0.00107318 6.0406e-20
14.46 0 7.91776e-19 -6.90388e-05 -3.24992e-05 -0.000587544 3.10682e-18
14.48 0 1.15828e-19 -8.4665e-06 -3.21853e-05 -7.20529e-05 2.96471e-18
14.5 0 -8.08928e-19 4.99364e-05 -3.05175e-05 0.000424976 -5.62938e-18
14.52 0 3.16263e-18 0.000102041 -2.60963e-05 0.000868405 3.29e-19
14.54 0 -2.53095e-19 0.000144804 -1.76409e-05 0.00123233 2.0408e-19
14.56 0 -1.39248e-18 0.000176264 -4.85565e-06 0.00150007 -1.63868e-18
14.58 0 -6.80999e-19 0.000196192 1.06921e-05 0.00166966 6.17923e-18
14.6 0 -1.08501e-18 0.000205863 2.54819e-05 0.00175197 4.62211e-18
14.62 0 5.68891e-20 0.000206942 3.56191e-05 0.00176115 2.44591e-18
14.64 0 -1.51008e-18 0.000200537 3.92595e-05 0.00170664 8.53322e-20
14.66 0 -2.08165e-18 0.000187031 3.74015e-05 0.0015917 -1.91018e-18
14.68 0 9.83973e-20 0.000167244 3.22472e-05 0.00142331 -4.22075e-19
14.7 0 1.16325e-19 0.000143645 2.53845e-05 0.00122247 -1.79144e-19
14.72 0 1.34266e-19 0.000119818 1.75621e-05 0.00101969 -1.97606e-19
14.74 0 1.96386e-19 9.77617e-05 9.56063e-06 0.000831986 -2.54472e-19
14.76 0 -4.89367e-19 7.5565e-05 2.93459e-06 0.000643085 -1.70227e-18
14.78 0 7.58223e-19 4.8834e-05 -1.08544e-07 0.000415594 3.19058e-19
14.8 0 -4.63985e-19 1.42257e-05 2.0968e-06 0.000121066 -2.20296e-18
14.82 0 3.04298e-19 -2.86979e-05 9.10317e-06 -0.000244229 4.58695e-19
14.84 0 2.23553e-19 -7.7702e-05 1.8038e-05 -0.000661271 2.02773e-18
14.86 0 1.66386e-18 -0.00012881 2.48274e-05 -0.00109622 3.63225e-18
14.88 0 1.20795e-18 -0.000177637 2.56464e-05 -0.00151176 3.67249e-18
14.9 0 1.7551e-20 -0.000220032 1.80494e-05 -0.00187255 6.61335e-18
14.92 0 -2.40139e-18 -0.00025129 2.0805e-06 -0.00213857 2.0881e-18
14.94 0 -7.64928e-19 -0.000266892 -1.91434e-05 -0.00227134 -5.25538e-19
14.96 0 6.71174e-19 -0.000265911 -4.0454e-05 -0.002263 -2.8752e-19
14.98 0 -5.47664e-19 -0.000252467 -5.6918e-05 -0.00214859 -4.92755e-19
15 0 -6.28678e-19 -0.000232261 -6.57144e-05 -0.00197662 -1.56271e-18
15.02 0 -1.43064e-19 -0.000208715 -6.65561e-05 -0.00177624 -4.67972e-20
15.04 0 3.18235e-20 -0.000183465 -6.08535e-05 -0.00156135 7.0015e-19
15.06 0 8.66107e-20 -0.000158526 -5.03925e-05 -0.00134911 2.39552e-19
15.08 0 -4.11844e-19 -0.000135823 -3.67774e-05 -0.0011559 1.01844e-18
15.1 0 -9.38761e-19 -0.000114738 -2.22773e-05 -0.000976457 -5.32377e-19
15.12 0 1.87505e-18 -9.1046e-05 -1.06939e-05 -0.000774833 1.4825e-18
15.14 0 -6.15037e-19 -5.90896e-05 -6.20427e-06 -0.000502873 -4.14478e-19
15.16 0 -6.77625e-19 -1.59765e-05 -1.06216e-05 -0.000135966 2.57161e-18
15.18 0 2.20319e-18 3.58823e-05 -2.18696e-05 0.000305371 3.85072e-19
15.2 0 -4.2203e-18 9.04701e-05 -3.48635e-05 0.000769932 -4.14282e-18
15.22 0 -2.19555e-19 0.000141793 -4.37894e-05 0.00120671 -5.25314e-19
15.24 0 -1.66665e-18 0.000185362 -4.4443e-05 0.00157749 -8.06649e-19
15.26 0 1.31883e-18 0.000217508 -3.55321e-05 0.00185106 -3.03824e-19
15.28 0 -3.85257e-19 0.000235757 -1.85162e-05 0.00200638 1.79485e-18
15.3 0 -2.17773e-19 0.000240045 3.3846e-06 0.00204287 2.89813e-18
15.32 0 1.58537e-19 0.000232714 2.58937e-05 0.00198048 2.62202e-19
15.34 0 5.27962e-19 0.000217591 4.43492e-05 0.00185178 4.14585e-19
15.36 0 -2.70619e-19 0.000198799 5.51523e-05 0.00169185 -1.6222e-19
15.38 0 1.07488e-19 0.00017935 5.70444e-05 0.00152633 -7.53136e-22
15.4 0 -2.63195e-19 0.000160378 5.09423e-05 0.00136487 -1.50715e-19
15.42 0 8.38225e-19 0.000141601 3.90361e-05 0.00120507 -1.88181e-18
15.44 0 6.02167e-19 0.000121541 2.43942e-05 0.00103435 5.74827e-19
15.46 0 9.79195e-22 9.72108e-05 1.08127e-05 0.000827298 1.39212e-18
15.48 0 5.80949e-19 6.46249e-05 2.06087e-06 0.00054998 -3.62422e-18
15.5 0 -1.95723e-19 2.10155e-05 4.71927e-07 0.000178849 -9.5195e-19
15.52 0 2.55394e-18 -3.23771e-05 5.65563e-06 -0.00027554 1.79969e-18
15.54 0 -2.04841e-18 -8.99846e-05 1.42669e-05 -0.000765801 1.92376e-18
15.56 0 -4.91335e-18 -0.000144634 2.13425e-05 -0.00123089 -3.05802e-18
15.58 0 5.24486e-20 -0.000190554 2.25831e-05 -0.00162168 -7.98123e-19
15.6 0 -3.51997e-19 -0.000224636 1.62843e-05 -0.00191173 -2.20597e-18
15.62 0 -1.77625e-18 -0.000246254 3.93939e-06 -0.0020957 -2.52491e-18
15.64 0 5.3406e-20 -0.000256783 -1.08444e-05 -0.00218531 -1.36789e-18
15.66 0 2.62943e-19 -0.000258933 -2.42681e-05 -0.00220361 -1.35893e-18
15.68 0 -1.60069e-19 -0.000255552 -3.38008e-05 -0.00217483 -8.91697e-19
15.7 0 2.42253e-19 -0.000248894 -3.8478e-05 -0.00211817 -1.5419e-20
15.72 0 5.02446e-19 -0.000240582 -3.84766e-05 -0.00204744 -4.13925e-19
15.74 0 -5.62594e-19 -0.000231165 -3.46973e-05 -0.0019673 -3.33297e-19
15.76 0 -2.95818e-19 -0.000219361 -2.84103e-05 -0.00186684 1.14642e-18
15.78 0 -6.85424e-19 -0.000203087 -2.1293e-05 -0.00172834 2.45808e-20
15.8 0 -1.05944e-18 -0.000181398 -1.56335e-05 -0.00154376 -3.25475e-19
15.82 0 -1.43388e-18 -0.000154225 -1.37435e-05 -0.00131251 2.85541e-18
15.84 0 5.53293e-19 -0.000121441 -1.6721e-05 -0.00103351 -4.2161e-19
15.86 0 -4.90384e-19 -8.34465e-05 -2.36639e-05 -0.000710159 -1.24858e-18
15.88 0 1.40672e-18 -4.18259e-05 -3.20017e-05 -0.000355953 4.72826e-18
15.9 0 6.38261e-19 1.29976e-06 -3.85892e-05 1.10614e-05 3.00919e-18
15.92 0 -1.00177e-18 4.37138e-05 -4.0974e-05 0.000372019 1.42197e-18
15.94 0 5.52134e-19 8.26597e-05 -3.83008e-05 0.000703463 -1.74938e-19
15.96 0 -6.30289e-19 0.000115397 -3.12105e-05 0.00098207 -4.81452e-19
15.98 0 -3.84773e-19 0.00014048 -2.092e-05 0.00119554 -3.97068e-19
16 0 -2.68181e-19 0.0001576 -8.51964e-06 0.00134123 -9.43182e-20
16.02 0 5.19092e-20 0.000166598 4.77274e-06 0.00141781 -7.21252e-19
16.04 0 -9.2368e-20 0.000167856 1.69514e-05 0.00142851 2.18463e-19
16.06 0 -2.99062e-19 0.000162679 2.5407e-05 0.00138446 -9.91511e-19
16.08 0 -6.39612e-19 0.000152415 2.82079e-05 0.0012971 -1.77637e-18
16.1 0 3.60989e-19 0.000138243 2.54072e-05 0.00117649 1.40452e-18
16.12 0 -2.20281e-18 0.000121797 1.91668e-05 0.00103654 -6.43961e-19
16.14 0 -5.40019e-19 0.00010457 1.25782e-05 0.000889923 -1.57879e-18
16.16 0 1.06441e-18 8.60568e-05 8.02775e-06 0.000732374 9.80595e-19
16.18 0 8.16442e-19 6.3791e-05 6.28675e-06 0.000542884 1.3168e-18
16.2 0 -2.61556e-19 3.53363e-05 6.96197e-06 0.000300724 2.24685e-18
16.22 0 6.4802e-19 -3.21311e-07 9.47429e-06 -2.73447e-06 1.05433e-18
16.24 0 -7.36426e-19 -4.21262e-05 1.33178e-05 -0.000358509 -1.45819e-18
16.26 0 3.80815e-19 -8.65399e-05 1.75158e-05 -0.000736485 3.69206e-19
16.28 0 -4.79599e-19 -0.000128386 2.01723e-05 -0.00109261 -7.88577e-19
16.3 0 2.61259e-19 -0.000163481 1.8884e-05 -0.00139128 -3.8603e-19
16.32 0 1.63177e-19 -0.000189994 1.19582e-05 -0.00161691 6.52852e-20
16.34 0 -3.42832e-20 -0.000207232 -3.3665e-07 -0.00176361 2.91982e-19
16.36 0 2.40835e-19 -0.000214821 -1.54991e-05 -0.0018282 -5.19286e-19
16.38 0 7.10907e-19 -0.000213477 -2.99025e-05 -0.00181676 5.84527e-19
16.4 0 1.15169e-19 -0.00020558 -4.0601e-05 -0.00174956 1.89317e-19
16.42 0 1.95989e-19 -0.000194184 -4.66051e-05 -0.00165257 1.87516e-18
16.44 0 4.59131e-19 -0.000181674 -4.87695e-05 -0.00154611 3.77612e-18
16.46 0 -7.13043e-19 -0.000169084 -4.86044e-05 -0.00143896 2.65283e-18
16.48 0 -1.91856e-18 -0.000155722 -4.71698e-05 -0.00132525 -3.08301e-18
16.5 0 6.19302e-19 -0.000139694 -4.48715e-05 -0.00118885 -8.00583e-19
16.52 0 4.30095e-19 -0.000119386 -4.20444e-05 -0.00101602 1.19287e-19
16.54 0 -1.70374e-18 -9.41572e-05 -3.96058e-05 -0.00080131 -2.13555e-18
16.56 0 -8.52424e-20 -6.37042e-05 -3.88483e-05 -0.000542145 -2.8446e-18
16.58 0 4.43897e-19 -2.78774e-05 -4.01803e-05 -0.000237246 -1.0125e-18
16.6 0 3.88701e-19 1.20238e-05 -4.20734e-05 0.000102327 1.08762e-19
16.62 0 -2.13096e-19 5.23678e-05 -4.15955e-05 0.000445668 5.5984e-20
16.64 0 1.71263e-20 8.85297e-05 -3.61587e-05 0.000753418 1.86031e-20
16.66 0 -9.64735e-20 0.000117078 -2.49843e-05 0.000996371 6.98746e-20
16.68 0 -1.47395e-19 0.000136817 -9.49805e-06 0.00116436 2.39061e-19
16.7 0 5.04409e-19 0.000148317 7.4653e-06 0.00126223 1.39578e-18
16.72 0 -4.53536e-20 0.000152529 2.30399e-05 0.00129807 -1.55351e-19
16.74 0 -2.13153e-19 0.000149984 3.51152e-05 0.00127642 -5.23816e-19
16.76 0 -1.74817e-18 0.000141554 4.23196e-05 0.00120467 -3.15042e-18
16.78 0 -6.61965e-20 0.000129701 4.40181e-05 0.0011038 -3.37005e-19
16.8 0 -3.35923e-19 0.000117452 4.06617e-05 0.000999556 -1.25925e-18
16.82 0 -1.02701e-18 0.000105381 3.39214e-05 0.000896832 -1.64967e-18
16.84 0 -2.97118e-19 9.09539e-05 2.62404e-05 0.00077405 -1.44056e-18
16.86 0 8.38862e-19 7.12997e-05 2.00263e-05 0.000606785 4.79768e-19
16.88 0 -7.72756e-19 4.58121e-05 1.68848e-05 0.000389877 -5.81431e-19
16.9 0 2.46054e-19 1.59509e-05 1.7185e-05 0.000135748 7.6783e-19
16.92 0 -1.10694e-19 -1.6486e-05 1.99977e-05 -0.000140302 9.31421e-19
16.94 0 1.12716e-20 -5.04196e-05 2.32884e-05 -0.000429088 1.82964e-19
16.96 0 -3.8347e-19 -8.5034e-05 2.43057e-05 -0.000723669 -7.35168e-19
16.98 0 1.71888e-19 -0.000118235 2.04073e-05 -0.00100622 -3.41146e-19
17 0 3.05675e-19 -0.000146447 1.03066e-05 -0.00124631 -3.44508e-20
17.02 0 -1.29297e-20 -0.000166902 -5.15374e-06 -0.00142039 -2.50961e-19
17.04 0 9.3238e-20 -0.000179686 -2.3472e-05 -0.00152919 1.27922e-18
17.06 0 -1.71752e-19 -0.000187123 -4.17248e-05 -0.00159248 -2.93188e-19
17.08 0 -4.94312e-19 -0.000191305 -5.74981e-05 -0.00162807 3.14311e-19
17.1 0 4.44689e-19 -0.000192601 -6.90345e-05 -0.00163911 2.06594e-18
17.12 0 -9.08694e-19 -0.000190541 -7.49611e-05 -0.00162157 -2.54755e-19
17.14 0 -4.23368e-19 -0.000185235 -7.43749e-05 -0.00157642 1.23912e-18
17.16 0 -1.08346e-18 -0.000177334 -6.75155e-05 -0.00150918 -1.75701e-18
17.18 0 -6.92172e-19 -0.000167029 -5.62464e-05 -0.00142147 -2.55109e-18
17.2 0 1.62082e-18 -0.000153792 -4.35452e-05 -0.00130882 -4.76357e-19
17.22 0 -3.69601e-19 -0.000136864 -3.21845e-05 -0.00116476 -9.61974e-19
17.24 0 -1.36523e-19 -0.000115719 -2.35585e-05 -0.000984811 7.40835e-19
17.26 0 -1.48605e-19 -9.05096e-05 -1.75209e-05 -0.000770269 2.34938e-19
17.28 0 7.72731e-20 -6.22741e-05 -1.32438e-05 -0.000529974 -5.26547e-19
17.3 0 -6.84945e-20 -3.26945e-05 -1.00777e-05 -0.000278242 1.83395e-20
17.32 0 1.35963e-19 -3.54899e-06 -7.5579e-06 -3.02031e-05 6.69459e-20
17.34 0 1.38817e-19 2.37131e-05 -4.90372e-06 0.000201806 3.13133e-19
17.36 0 -8.10709e-20 4.80156e-05 -8.84692e-07 0.000408629 -3.92215e-19
17.38 0 -2.1369e-19 6.83867e-05 5.55042e-06 0.000581995 2.05567e-19
17.4 0 -6.66071e-19 8.37043e-05 1.42725e-05 0.000712353 -2.22464e-19
17.42 0 -3.34695e-19 9.32295e-05 2.36017e-05 0.000793415 -2.91695e-18
17.44 0 1.20846e-18 9.75711e-05 3.11735e-05 0.000830364 1.3288e-18
17.46 0 -2.22994e-18 9.85917e-05 3.53389e-05 0.00083905 5.31016e-21
17.48 0 7.63649e-19 9.78918e-05 3.5928e-05 0.000833093 8.27125e-20
17.5 0 1.27324e-18 9.55107e-05 3.38479e-05 0.00081283 3.553e-18
17.52 0 8.91724e-19 9.02244e-05 3.00027e-05 0.000767841 2.22355e-18
17.54 0 6.21881e-19 8.08241e-05 2.46445e-05 0.000687841 6.17459e-19
17.56 0 1.21458e-18 6.69221e-05 1.77892e-05 0.00056953 1.20407e-18
17.58 0 -5.94346e-19 4.87083e-05 1.00138e-05 0.000414525 -1.33205e-18
17.6 0 -2.00695e-19 2.6513e-05 2.45695e-06 0.000225635 -2.01372e-18
17.62 0 4.4827e-19 8.11898e-07 -4.03919e-06 6.90953e-06 -3.46536e-19
17.64 0 1.15663e-19 -2.74755e-05 -9.69762e-06 -0.000233826 -1.60926e-19
17.66 0 2.70347e-19 -5.67701e-05 -1.56025e-05 -0.000483133 6.88673e-20
17.68 0 2.35579e-19 -8.50736e-05 -2.2637e-05 -0.000724006 3.08848e-19
17.7 0 2.63672e-19 -0.000110532 -3.05792e-05 -0.000940663 -5.75422e-19
17.72 0 -2.80248e-20 -0.000131718 -3.81991e-05 -0.00112097 -2.18052e-18
17.74 0 -2.92033e-19 -0.000147488 -4.4161e-05 -0.00125517 -1.5617e-18
17.76 0 4.62332e-19 -0.000157187 -4.77695e-05 -0.00133772 1.56241e-18
17.78 0 2.31434e-18 -0.000161225 -4.89916e-05 -0.00137208 2.82961e-18
17.8 0 -2.13016e-18 -0.000160835 -4.79713e-05 -0.00136876 6.84141e-19
17.82 0 1.07392e-18 -0.000157099 -4.46821e-05 -0.00133697 3.0887e-18
17.84 0 -9.19018e-20 -0.000150397 -3.90995e-05 -0.00127993 2.35852e-18
17.86 0 -6.92114e-19 -0.000140746 -3.1664e-05 -0.0011978 4.86015e-19
17.88 0 2.41958e-19 -0.000128367 -2.35498e-05 -0.00109245 -3.05248e-19
17.9 0 2.92245e-19 -0.000113601 -1.64238e-05 -0.000966781 -7.89436e-19
17.92 0 3.24309e-19 -9.64624e-05 -1.17403e-05 -0.000820929 -4.93093e-19
17.94 0 2.31678e-19 -7.67243e-05 -1.00151e-05 -0.000652951 2.09889e-19
17.96 0 -5.78491e-20 -5.43282e-05 -1.06295e-05 -0.000462352 2.19654e-19
17.98 0 -1.39599e-19 -2.9691e-05 -1.22465e-05 -0.000252681 -6.60113e-19
18 0 7.35941e-19 -3.8242e-06 -1.3408e-05 -3.25453e-05 2.06577e-18
18.02 0 1.07835e-18 2.19123e-05 -1.29318e-05 0.000186481 7.08495e-19
18.04 0 3.6465e-19 4.62557e-05 -1.00634e-05 0.000393652 2.22676e-18
18.06 0 -1.50867e-18 6.80757e-05 -4.47898e-06 0.000579348 2.12197e-18
18.08 0 -2.64272e-18 8.59982e-05 3.68018e-06 0.000731875 -1.56391e-18
18.1 0 -1.29672e-18 9.86498e-05 1.36522e-05 0.000839545 1.15824e-18
18.12 0 -2.76883e-18 0.000105598 2.3973e-05 0.000898679 -5.82533e-18
18.14 0 -1.94009e-18 0.000107601 3.27513e-05 0.000915724 -5.10018e-18
18.16 0 6.05798e-18 0.000105725 3.82956e-05 0.00089976 3.26441e-18
18.18 0 1.88739e-19 0.000100341 3.9654e-05 0.000853941 2.11422e-18
18.2 0 1.70438e-18 9.10795e-05 3.67818e-05 0.000775118 2.56025e-18
18.22 0 2.9044e-19 7.75764e-05 3.04546e-05 0.000660203 -8.02088e-19
18.24 0 -1.33738e-18 5.99765e-05 2.20428e-05 0.000510421 -1.93208e-18
18.26 0 7.30231e-19 3.88465e-05 1.31744e-05 0.000330597 -5.82107e-19
18.28 0 -1.21009e-18 1.47269e-05 5.31988e-06 0.000125331 -8.48105e-19
18.3 0 2.40884e-19 -1.20617e-05 -6.11401e-07 -0.000102649 -4.82265e-19
18.32 0 4.7351e-20 -4.09946e-05 -4.50458e-06 -0.000348879 -4.1722e-19
18.34 0 -3.40855e-19 -7.08295e-05 -6.89921e-06 -0.000602784 2.60396e-19
18.36 0 9.52918e-19 -9.96916e-05 -8.54851e-06 -0.00084841 4.92143e-19
18.38 0 1.34736e-18 -0.000125882 -1.00829e-05 -0.0010713 2.11288e-18
18.4 0 3.69083e-20 -0.000148429 -1.20235e-05 -0.00126318 1.57447e-18
18.42 0 1.11735e-18 -0.00016679 -1.48994e-05 -0.00141944 4.699e-18
18.44 0 -1.48802e-18 -0.000180368 -1.91519e-05 -0.001535 1.23024e-18
18.46 0 -4.61913e-19 -0.000188545 -2.48331e-05 -0.00160458 -3.14921e-18
18.48 0 2.78702e-18 -0.00019124 -3.13842e-05 -0.00162752 2.98294e-18
18.5 0 -2.16547e-18 -0.000189101 -3.77907e-05 -0.00160931 4.41464e-18
18.52 0 3.77873e-19 -0.000182975 -4.30496e-05 -0.00155718 1.0299e-18
18.54 0 -6.47349e-19 -0.00017324 -4.6638e-05 -0.00147433 2.0034e-18
18.56 0 6.67703e-19 -0.000159681 -4.86439e-05 -0.00135894 2.46598e-18
18.58 0 -6.30793e-19 -0.000142045 -4.94834e-05 -0.00120885 -3.3003e-19
18.6 0 -7.91405e-19 -0.000120543 -4.94963e-05 -0.00102587 5.14884e-20
18.62 0 -9.99877e-19 -9.58925e-05 -4.87749e-05 -0.000816078 -1.96014e-18
18.64 0 4.91569e-19 -6.90397e-05 -4.72639e-05 -0.000587552 -5.08831e-20
18.66 0 -7.94927e-20 -4.08957e-05 -4.48026e-05 -0.000348036 -4.67646e-20
18.68 0 7.50956e-20 -1.23212e-05 -4.10504e-05 -0.000104858 -2.35157e-19
18.7 0 -6.06811e-19 1.56498e-05 -3.55118e-05 0.000133185 -2.17279e-18
18.72 0 1.6002e-18 4.16555e-05 -2.77709e-05 0.000354503 2.78697e-18
18.74 0 -7.75179e-19 6.42902e-05 -1.78096e-05 0.000547132 -1.57265e-19
18.76 0 -1.17944e-18 8.25801e-05 -6.16209e-06 0.000702785 1.06013e-19
18.78 0 -6.2738e-19 9.62087e-05 6.17259e-06 0.00081877 -7.64961e-19
18.8 0 2.54748e-19 0.000105335 1.79967e-05 0.000896442 1.35448e-18
18.82 0 5.12177e-19 0.000110172 2.81962e-05 0.000937601 -2.06541e-18
18.84 0 -5.05093e-19 0.000110747 3.59105e-05 0.000942493 -1.57838e-18
18.86 0 -1.51223e-18 0.000106952 4.06347e-05 0.000910202 -3.20181e-18
18.88 0 1.34553e-19 9.87352e-05 4.22976e-05 0.000840271 -1.99775e-19
18.9 0 -1.56234e-19 8.62371e-05 4.12923e-05 0.000733908 -1.31459e-18
18.92 0 7.32577e-19 6.98314e-05 3.83833e-05 0.000594289 -4.93696e-20
18.94 0 -6.50382e-19 5.01205e-05 3.44728e-05 0.000426543 -3.67277e-19
18.96 0 -1.15287e-19 2.78999e-05 3.03111e-05 0.000237438 -2.64928e-19
18.98 0 3.03153e-20 4.19138e-06 2.6239e-05 3.56701e-05 -6.81407e-20
19 0 -2.07069e-20 -1.99493e-05 2.20903e-05 -0.000169775 -2.31122e-19
19.02 0 2.35565e-19 -4.37995e-05 1.73179e-05 -0.000372749 -2.09026e-19
19.04 0 -2.61737e-19 -6.70345e-05 1.12873e-05 -0.000570487 -1.26356e-18
19.06 0 9.69125e-19 -8.94864e-05 3.59129e-06 -0.00076156 1.04172e-18
19.08 0 -7.64314e-20 -0.000110729 -5.8105e-06 -0.000942339 8.89546e-19
19.1 0 6.80697e-20 -0.000129893 -1.66642e-05 -0.00110543 -5.89473e-19
19.12 0 8.88628e-19 -0.000145878 -2.85668e-05 -0.00124147 2.61674e-18
19.14 0 4.51783e-19 -0.000157732 -4.10032e-05 -0.00134236 2.24264e-18
19.16 0 -1.24373e-18 -0.000164952 -5.31508e-05 -0.0014038 4.10169e-21
19.18 0 9.31588e-19 -0.000167431 -6.37172e-05 -0.00142489 2.8114e-18
19.2 0 3.56379e-19 -0.000165355 -7.11566e-05 -0.00140723 1.22624e-18
19.22 0 -1.03192e-18 -0.000159199 -7.4189e-05 -0.00135484 5.24981e-19
19.24 0 4.26644e-19 -0.000149734 -7.23147e-05 -0.00127429 -1.64467e-19
19.26 0 -6.6333e-19 -0.000137864 -6.60217e-05 -0.00117327 -2.56798e-19
19.28 0 -4.91067e-19 -0.000124275 -5.65744e-05 -0.00105762 -9.1812e-19
19.3 0 2.00978e-19 -0.000109241 -4.55107e-05 -0.000929676 -1.81047e-19
19.32 0 4.69561e-20 -9.27223e-05 -3.41775e-05 -0.000789099 -1.95594e-20
19.34 0 -1.97773e-19 -7.45932e-05 -2.35536e-05 -0.000634814 2.6437e-20
19.36 0 7.35107e-20 -5.48587e-05 -1.42592e-05 -0.000466866 7.03665e-19
19.38 0 3.65888e-19 -3.3825e-05 -6.54649e-06 -0.000287862 2.17273e-18
19.4 0 -7.58147e-19 -1.22805e-05 -2.13186e-07 -0.000104512 5.26232e-19
19.42 0 2.84876e-19 8.38231e-06 5.39134e-06 7.13364e-05 -1.06563e-18
19.44 0 -3.5242e-19 2.65445e-05 1.11026e-05 0.000225903 6.47334e-19
19.46 0 -9.73004e-19 4.11827e-05 1.7528e-05 0.000350479 4.43629e-19
19.48 0 -2.28363e-19 5.2204e-05 2.47235e-05 0.000444274 1.88682e-19
19.5 0 8.72523e-21 6.00729e-05 3.20754e-05 0.000511241 2.24193e-18
19.52 0 -2.09423e-18 6.53225e-05 3.84547e-05 0.000555917 -1.36986e-19
19.54 0 1.31227e-18 6.83666e-05 4.25983e-05 0.000581824 8.33365e-19
19.56 0 4.21697e-20 6.94114e-05 4.35289e-05 0.000590715 -7.29905e-19
19.58 0 -6.85609e-19 6.83452e-05 4.08553e-05 0.000581641 -1.39484e-18
19.6 0 -1.6428e-21 6.47959e-05 3.48721e-05 0.000551436 -1.83986e-19
19.62 0 2.57398e-20 5.8255e-05 2.64254e-05 0.00049577 1.18157e-19
19.64 0 1.01348e-20 4.82617e-05 1.65243e-05 0.000410723 9.98473e-20
19.66 0 -8.1593e-20 3.46439e-05 5.97112e-06 0.000294832 3.6063e-19
19.68 0 2.99994e-19 1.76818e-05 -4.65015e-06 0.000150478 5.52487e-19
19.7 0 6.55075e-19 -1.88825e-06 -1.4749e-05 -1.60697e-05 3.36445e-19
19.72 0 -1.86956e-19 -2.30289e-05 -2.36617e-05 -0.000195984 -9.20363e-20
19.74 0 3.10318e-19 -4.46286e-05 -3.09146e-05 -0.000379805 -8.67649e-19
19.76 0 9.42152e-19 -6.56875e-05 -3.64745e-05 -0.000559024 1.45252e-18
19.78 0 7.00306e-19 -8.53969e-05 -4.06832e-05 -0.000726757 -4.07806e-19
19.8 0 -1.81983e-19 -0.00010315 -4.39433e-05 -0.000877839 9.68662e-19
19.82 0 1.93303e-18 -0.000118495 -4.6359e-05 -0.00100843 2.16369e-18
19.84 0 9.67171e-19 -0.000131091 -4.76197e-05 -0.00111563 4.05931e-18
19.86 0 -3.1282e-19 -0.000140686 -4.72297e-05 -0.00119729 1.09048e-18
19.88 0 1.24427e-19 -0.000147056 -4.48498e-05 -0.0012515 1.84134e-18
19.9 0 -3.05592e-20 -0.000149971 -4.04654e-05 -0.0012763 7.07515e-19
19.92 0 2.51007e-19 -0.000149323 -3.4314e-05 -0.00127079 1.04546e-18
19.94 0 -1.42481e-19 -0.000145253 -2.6753e-05 -0.00123615 5.9421e-19
19.96 0 -2.11449e-19 -0.000137975 -1.82285e-05 -0.00117421 2.27054e-19
19.98 0 2.90671e-19 -0.000127555 -9.31224e-06 -0.00108553 3.75245e-19
20 0 4.82727e-19 -0.000114005 -7.28836e-07 -0.000970224 7.85772e-19
20.02 0 -8.82409e-19 -9.75171e-05 6.71618e-06 -0.000829904 -1.23476e-18
20.04 0 1.37164e-19 -7.85434e-05 1.23453e-05 -0.000668432 5.84143e-19
20.06 0 -5.301e-19 -5.77052e-05 1.58773e-05 -0.000491091 2.28445e-19
20.08 0 -1.15101e-18 -3.56593e-05 1.75329e-05 -0.000303473 1.32255e-18
20.1 0 -7.11567e-19 -1.30426e-05 1.78819e-05 -0.000110997 6.55826e-19
20.12 0 8.96245e-19 9.39318e-06 1.75529e-05 7.99393e-05 1.84053e-18
20.14 0 2.04515e-18 3.0529e-05 1.69527e-05 0.000259812 3.1551e-18
20.16 0 -6.12759e-19 4.90086e-05 1.61487e-05 0.000417081 7.36336e-19
20.18 0 9.08072e-19 6.3839e-05 1.49442e-05 0.000543292 1.90807e-18
20.2 0 7.19492e-19 7.46714e-05 1.30972e-05 0.00063548 3.48558e-19
20.22 0 -6.23675e-19 8.14566e-05 1.04933e-05 0.000693224 4.44388e-19
20.24 0 3.88343e-20 8.41424e-05 7.14634e-06 0.000716081 9.61325e-20
20.26 0 -1.47517e-19 8.27938e-05 3.10433e-06 0.000704604 -4.30503e-20
20.28 0 8.10488e-20 7.78453e-05 -1.61223e-06 0.000662491 -4.63382e-21
20.3 0 8.68875e-20 6.99126e-05 -6.90233e-06 0.000594981 -2.16761e-19
20.32 0 -2.50716e-19 5.9257e-05 -1.23862e-05 0.000504297 -4.91015e-19
20.34 0 1.02881e-18 4.56187e-05 -1.73482e-05 0.000388231 1.61478e-19
20.36 0 -1.06368e-19 2.86022e-05 -2.1026e-05 0.000243415 -1.26711e-18
20.38 0 9.2773e-19 8.19955e-06 -2.30624e-05 6.97811e-05 -1.37702e-21
20.4 0 -1.70959e-18 -1.50477e-05 -2.3644e-05 -0.000128061 -3.95709e-18
20.42 0 1.29515e-18 -4.03354e-05 -2.32571e-05 -0.000343268 -1.08421e-18
20.44 0 7.07421e-19 -6.68073e-05 -2.23901e-05 -0.000568554 -1.29319e-18
20.46 0 7.4385e-19 -9.33242e-05 -2.13979e-05 -0.000794221 4.34421e-20
20.48 0 -4.55045e-19 -0.000118258 -2.05155e-05 -0.00100642 -1.15538e-18
20.5 0 -1.62514e-18 -0.000139831 -1.99107e-05 -0.00119001 -1.37718e-18
20.52 0 3.3556e-19 -0.000156736 -1.96599e-05 -0.00133388 -3.76038e-19
20.54 0 2.53118e-19 -0.000168545 -1.96642e-05 -0.00143438 -2.57584e-18
20.56 0 2.88426e-20 -0.000175599 -1.96294e-05 -0.00149441 -8.01009e-19
20.58 0 -3.34625e-19 -0.000178441 -1.91578e-05 -0.00151859 6.66259e-19
20.6 0 9.82251e-20 -0.000177395 -1.78737e-05 -0.00150969 3.59139e-19
20.62 0 -5.00707e-19 -0.000172679 -1.55602e-05 -0.00146956 5.89634e-19
20.64 0 6.96739e-20 -0.000164592 -1.23269e-05 -0.00140074 5.60231e-20
20.66 0 -3.23671e-19 -0.000153415 -8.69335e-06 -0.00130561 -6.31456e-20
20.68 0 6.47517e-19 -0.000139231 -5.46568e-06 -0.00118491 -2.74169e-19
20.7 0 2.17477e-19 -0.000121941 -3.37851e-06 -0.00103776 3.22785e-19
20.72 0 -5.86079e-19 -0.000101466 -2.72199e-06 -0.000863508 1.50449e-18
20.74 0 -1.62324e-19 -7.80933e-05 -3.29403e-06 -0.000664601 8.22857e-19
20.76 0 1.14748e-18 -5.27034e-05 -4.6777e-06 -0.000448524 2.40798e-18
20.78 0 -1.3368e-18 -2.65652e-05 -6.47811e-06 -0.000226079 -1.20393e-18
20.8 0 -8.14738e-19 -1.01098e-06 -8.30849e-06 -8.60378e-06 -3.78535e-18
20.82 0 -1.03878e-18 2.27206e-05 -9.69971e-06 0.00019336 -5.71533e-18
20.84 0 7.07914e-19 4.35836e-05 -1.01187e-05 0.000370912 -4.30796e-18
20.86 0 1.10907e-18 6.08141e-05 -9.15704e-06 0.000517549 -1.5708e-18
20.88 0 -1.50198e-19 7.40147e-05 -6.79121e-06 0.000629891 -1.27858e-18
20.9 0 -1.29612e-19 8.32003e-05 -3.44848e-06 0.000708064 -2.32504e-18
20.92 0 -2.19591e-19 8.86582e-05 1.84316e-07 0.000754513 -7.12375e-19
20.94 0 -1.25858e-18 9.06741e-05 3.43885e-06 0.000771668 -9.83691e-19
20.96 0 2.88109e-19 8.9415e-05 5.85345e-06 0.000760953 3.96319e-19
20.98 0 -1.1619e-19 8.50754e-05 7.20661e-06 0.000724021 2.70847e-19
21 0 -1.34471e-19 7.79564e-05 7.46555e-06 0.000663436 2.59311e-19
21.02 0 6.81383e-19 6.83397e-05 6.74212e-06 0.000581595 1.78053e-18
21.04 0 -6.07384e-19 5.63495e-05 5.26868e-06 0.000479554 1.02929e-18
21.06 0 -2.36336e-19 4.19152e-05 3.36014e-06 0.000356713 -2.34788e-19
21.08 0 -1.17088e-18 2.49493e-05 1.34803e-06 0.000212328 -1.44e-18
21.1 0 -6.92516e-19 5.66825e-06 -4.92205e-07 4.82388e-05 -1.49124e-18
21.12 0 -3.22496e-19 -1.52236e-05 -2.02753e-06 -0.000129558 -9.3342e-19
21.14 0 -2.46119e-20 -3.66752e-05 -3.35181e-06 -0.000312118 -7.78598e-19
21.16 0 1.52325e-19 -5.76058e-05 -4.76966e-06 -0.000490245 2.74174e-19
21.18 0 -8.53176e-19 -7.70232e-05 -6.67996e-06 -0.000655494 -1.35567e-18
21.2 0 -1.80739e-19 -9.4019e-05 -9.37945e-06 -0.000800135 -1.25804e-19
21.22 0 1.38426e-19 -0.000107889 -1.28599e-05 -0.000918176 8.07584e-19
21.24 0 -9.314e-19 -0.000118338 -1.67511e-05 -0.0010071 -1.57389e-18
21.26 0 -3.14435e-19 -0.000125536 -2.04409e-05 -0.00106836 -8.92495e-19
21.28 0 1.28688e-19 -0.000129877 -2.33153e-05 -0.0011053 -5.45523e-20
21.3 0 2.84596e-19 -0.000131759 -2.49604e-05 -0.00112132 5.483e-19
21.32 0 7.40361e-20 -0.000131585 -2.52359e-05 -0.00111984 9.02711e-19
21.34 0 6.06844e-20 -0.000129768 -2.4248e-05 -0.00110438 -1.29929e-19
21.36 0 -2.34354e-19 -0.000126602 -2.22404e-05 -0.00107743 5.55183e-19
21.38 0 1.15374e-19 -0.000122092 -1.94961e-05 -0.00103904 -1.22924e-18
21.4 0 1.89421e-18 -0.000115894 -1.6301e-05 -0.0009863 2.09094e-18
21.42 0 -1.74528e-19 -0.00010748 -1.29371e-05 -0.000914689 -1.81894e-18
21.44 0 -3.28475e-19 -9.65624e-05 -9.65055e-06 -0.00082178 -1.36718e-18
21.46 0 -3.4974e-19 -8.33931e-05 -6.59248e-06 -0.000709705 -1.86828e-18
21.48 0 1.62409e-18 -6.86097e-05 -3.80632e-06 -0.000583893 2.68926e-18
21.5 0 4.91618e-19 -5.29599e-05 -1.21057e-06 -0.000450707 1.4398e-18
21.52 0 -6.55002e-19 -3.72325e-05 1.41728e-06 -0.000316862 -4.98734e-19
21.54 0 3.61522e-19 -2.23219e-05 4.29667e-06 -0.000189967 6.7746e-19
21.56 0 1.02409e-18 -9.1387e-06 7.4286e-06 -7.77735e-05 1.34231e-18
21.58 0 3.47315e-19 1.65506e-06 1.04661e-05 1.40851e-05 9.17676e-20
21.6 0 3.38348e-19 9.90057e-06 1.27692e-05 8.42573e-05 2.60314e-19
21.62 0 -7.49569e-20 1.5973e-05 1.36808e-05 0.000135935 2.7039e-19
21.64 0 -1.66171e-19 2.04878e-05 1.28758e-05 0.000174358 2.8172e-19
21.66 0 -3.55986e-19 2.3926e-05 1.05153e-05 0.000203619 -4.42902e-19
21.68 0 7.39594e-19 2.652e-05 7.03357e-06 0.000225694 -2.12947e-19
21.7 0 -9.15049e-19 2.8335e-05 2.82819e-06 0.000241141 1.60968e-18
21.72 0 -1.17074e-19 2.92044e-05 -1.86167e-06 0.00024854 3.07179e-18
21.74 0 5.29565e-19 2.85551e-05 -6.85386e-06 0.000243014 4.23846e-18
21.76 0 -1.74813e-18 2.56897e-05 -1.183e-05 0.000218628 -7.14064e-19
21.78 0 6.48438e-19 2.04459e-05 -1.63466e-05 0.000174001 6.27555e-19
21.8 0 -5.09862e-19 1.34018e-05 -2.00743e-05 0.000114054 -1.79829e-18
21.82 0 2.11633e-19 5.44561e-06 -2.30165e-05 4.63441e-05 9.79411e-19
21.84 0 -6.92599e-19 -2.69989e-06 -2.54957e-05 -2.2977e-05 1.4453e-18
21.86 0 1.53615e-18 -1.06161e-05 -2.79149e-05 -9.03471e-05 3.87852e-18
21.88 0 1.23369e-19 -1.80973e-05 -3.04852e-05 -0.000154015 2.00472e-18
21.9 0 -9.67953e-19 -2.49272e-05 -3.30456e-05 -0.000212139 -2.06849e-18
21.92 0 4.08621e-19 -3.07936e-05 -3.50883e-05 -0.000262064 -4.27383e-19
21.94 0 4.49877e-19 -3.55314e-05 -3.6002e-05 -0.000302384 3.27392e-20
21.96 0 -6.50836e-19 -3.93069e-05 -3.53583e-05 -0.000334515 -3.45428e-19
21.98 0 1.03102e-19 -4.23972e-05 -3.31009e-05 -0.000360815 9.15921e-20
22 0 -3.87944e-19 -4.49135e-05 -2.95061e-05 -0.00038223 -6.52322e-19
22.02 0 6.66881e-19 -4.68379e-05 -2.49081e-05 -0.000398606 7.33971e-19
22.04 0 -8.32504e-19 -4.8156e-05 -1.94675e-05 -0.000409824 -2.91966e-19
22.06 0 -6.67266e-19 -4.88922e-05 -1.32216e-05 -0.00041609 2.18433e-20
22.08 0 -1.19529e-18 -4.90655e-05 -6.38396e-06 -0.000417565 -2.01891e-18
22.1 0 -3.27076e-19 -4.87441e-05 4.62918e-07 -0.000414829 -8.40686e-19
22.12 0 -5.38337e-19 -4.81092e-05 6.51054e-06 -0.000409426 -2.39518e-18
22.14 0 1.99025e-19 -4.73575e-05 1.10706e-05 -0.000403028 -9.32351e-19
22.16 0 2.42801e-18 -4.65098e-05 1.39035e-05 -0.000395815 3.24932e-18
22.18 0 -1.3e-18 -4.53254e-05 1.52512e-05 -0.000385735 9.0642e-19
22.2 0 1.31212e-18 -4.35614e-05 1.55907e-05 -0.000370723 1.23862e-18
22.22 0 -7.99744e-19 -4.13263e-05 1.53159e-05 -0.000351702 2.79421e-18
22.24 0 -5.63503e-19 -3.91598e-05 1.4538e-05 -0.000333264 2.30638e-18
22.26 0 -1.93943e-19 -3.77138e-05 1.31591e-05 -0.000320958 -4.54875e-20
22.28 0 -5.68097e-19 -3.73012e-05 1.10828e-05 -0.000317446 -2.58022e-20
22.3 0 2.36009e-19 -3.77794e-05 8.37017e-06 -0.000321516 2.21501e-19
22.32 0 2.02541e-19 -3.87701e-05 5.19874e-06 -0.000329947 -2.45372e-19
22.34 0 1.16482e-20 -3.98753e-05 1.63058e-06 -0.000339353 1.34247e-18
22.36 0 4.46224e-19 -4.0702e-05 -2.53549e-06 -0.000346388 1.75644e-18
22.38 0 -8.20433e-20 -4.09491e-05 -7.61583e-06 -0.000348491 -4.00027e-19
22.4 0 -4.1764e-19 -4.06229e-05 -1.36404e-05 -0.000345715 5.73037e-19
22.42 0 -1.13222e-18 -4.01045e-05 -2.00929e-05 -0.000341303 -4.65099e-18
22.44 0 1.80802e-18 -3.99716e-05 -2.6138e-05 -0.000340172 -1.24071e-18
22.46 0 -2.80187e-20 -4.07105e-05 -3.11215e-05 -0.00034646 -3.71908e-19
22.48 0 3.33096e-19 -4.24239e-05 -3.4882e-05 -0.000361042 2.28759e-18
22.5 0 -4.37109e-19 -4.46851e-05 -3.76e-05 -0.000380286 -2.75173e-18
22.52 0 -1.37776e-18 -4.67206e-05 -3.94129e-05 -0.000397608 -6.60302e-19
22.54 0 -6.60893e-19 -4.77702e-05 -4.02375e-05 -0.000406541 -7.64879e-19
22.56 0 3.05496e-19 -4.73486e-05 -3.98711e-05 -0.000402953 -2.3219e-18
22.58 0 8.91747e-19 -4.53222e-05 -3.82044e-05 -0.000385707 -2.00197e-18
22.6 0 1.01275e-18 -4.18885e-05 -3.53185e-05 -0.000356486 1.29359e-18
22.62 0 -6.62959e-19 -3.73827e-05 -3.14063e-05 -0.00031814 2.48306e-20
22.64 0 -2.83048e-19 -3.20195e-05 -2.66596e-05 -0.000272497 -4.38346e-19
22.66 0 -2.5917e-20 -2.59778e-05 -2.12631e-05 -0.00022108 1.32262e-19
22.68 0 -5.757e-20 -1.97092e-05 -1.55221e-05 -0.000167732 -8.37349e-21
22.7 0 2.89613e-19 -1.38738e-05 -9.88901e-06 -0.000118071 2.25628e-19
22.72 0 -8.74195e-20 -8.83334e-06 -4.79017e-06 -7.51748e-05 -8.89808e-19
22.74 0 -9.53961e-19 -4.45278e-06 -4.46679e-07 -3.78947e-05 -1.75504e-18
22.76 0 2.09829e-19 -4.072e-07 3.15167e-06 -3.46541e-06 -3.46546e-19
22.78 0 2.07459e-18 3.48915e-06 6.09875e-06 2.96939e-05 3.55575e-19
22.8 0 1.60122e-19 7.14444e-06 8.38704e-06 6.08017e-05 -5.86279e-19
22.82 0 1.67871e-19 1.02424e-05 9.85354e-06 8.7166e-05 1.9257e-19
22.84 0 -2.24048e-18 1.23451e-05 1.03222e-05 0.000105061 -1.22312e-18
22.86 0 4.83212e-19 1.29185e-05 9.8353e-06 0.000109941 2.38533e-18
22.88 0 2.51187e-19 1.13906e-05 8.72108e-06 9.69379e-05 1.20001e-18
22.9 0 -2.73975e-19 7.38875e-06 7.40605e-06 6.28809e-05 1.06398e-18
22.92 0 6.95812e-19 1.00689e-06 6.14522e-06 8.569e-06 1.11057e-18
22.94 0 -6.83772e-19 -7.19833e-06 4.90055e-06 -6.12603e-05 1.92424e-19
22.96 0 2.25813e-20 -1.65337e-05 3.44379e-06 -0.000140708 -1.98431e-19
22.98 0 -1.58074e-19 -2.655e-05 1.56525e-06 -0.00022595 -9.53622e-19
23 0 2.75182e-19 -3.70993e-05 -7.92682e-07 -0.000315728 -4.64507e-19
23.02 0 3.54034e-19 -4.80382e-05 -3.55348e-06 -0.000408822 -5.21373e-19
23.04 0 -1.32194e-19 -5.90814e-05 -6.61436e-06 -0.000502803 6.74403e-19
23.06 0 -1.49321e-19 -6.99863e-05 -9.94155e-06 -0.000595608 6.17078e-19
23.08 0 2.5663e-19 -8.06775e-05 -1.35895e-05 -0.000686593 3.10846e-20
23.1 0 -1.06489e-19 -9.11026e-05 -1.76071e-05 -0.000775315 6.66781e-19
23.12 0 5.33711e-21 -0.00010101 -2.18485e-05 -0.000859633 -7.5891e-19
23.14 0 -2.5378e-19 -0.000109938 -2.58729e-05 -0.000935613 -1.44669e-18
23.16 0 -3.70019e-19 -0.000117336 -2.90499e-05 -0.000998566 7.14058e-20
23.18 0 1.33392e-18 -0.000122594 -3.08362e-05 -0.00104332 2.82934e-18
23.2 0 -2.65289e-18 -0.000125115 -3.1057e-05 -0.00106477 -3.04154e-18
23.22 0 1.93385e-18 -0.0001245 -2.99505e-05 -0.00105953 8.91573e-19
23.24 0 -1.93261e-18 -0.000120695 -2.7944e-05 -0.00102715 -1.4667e-18
23.26 0 -1.49394e-19 -0.000114002 -2.53371e-05 -0.000970197 1.95318e-19
23.28 0 1.12595e-18 -0.000104955 -2.2201e-05 -0.000893205 1.64198e-18
23.3 0 -1.35933e-19 -9.4061e-05 -1.85672e-05 -0.000800492 8.22786e-19
23.32 0 -8.14394e-20 -8.15243e-05 -1.4644e-05 -0.0006938 -1.52726e-19
23.34 0 2.55964e-19 -6.73075e-05 -1.08576e-05 -0.00057281 -5.15248e-20
23.36 0 -1.03414e-20 -5.14893e-05 -7.68242e-06 -0.000438192 6.03992e-19
23.38 0 2.02214e-19 -3.44127e-05 -5.40173e-06 -0.000292864 6.16814e-19
23.4 0 -3.47886e-19 -1.66401e-05 -3.95676e-06 -0.000141613 -1.73633e-18
23.42 0 3.65291e-19 1.08295e-06 -2.98949e-06 9.21629e-06 3.9269e-19
23.44 0 5.07528e-19 1.7881e-05 -2.08519e-06 0.000152174 4.02362e-19
23.46 0 -5.04392e-20 3.29999e-05 -1.01391e-06 0.000280841 7.61987e-19
23.48 0 -7.18849e-19 4.6079e-05 1.961e-07 0.000392148 -2.42785e-18
23.5 0 -1.2402e-18 5.70571e-05 1.3516e-06 0.000485576 -1.42249e-18
23.52 0 9.82132e-19 6.59288e-05 2.2532e-06 0.000561077 1.64909e-18
23.54 0 -4.02686e-19 7.25988e-05 2.82457e-06 0.000617841 2.30603e-18
23.56 0 -1.49285e-18 7.68297e-05 3.16046e-06 0.000653847 -5.0289e-19
23.58 0 9.7012e-19 7.82499e-05 3.42548e-06 0.000665934 6.65497e-19
23.6 0 1.00974e-18 7.64656e-05 3.67891e-06 0.000650749 1.32481e-18
23.62 0 -9.12223e-19 7.12366e-05 3.8066e-06 0.000606249 -5.54495e-19
23.64 0 1.24156e-19 6.25238e-05 3.56238e-06 0.000532099 -7.30699e-19
23.66 0 4.78569e-20 5.04819e-05 2.66522e-06 0.000429618 -6.08253e-20
23.68 0 2.12222e-19 3.55432e-05 9.21838e-07 0.000302485 -4.157e-19
23.7 0 -3.94465e-20 1.84009e-05 -1.65012e-06 0.000156598 9.86547e-20
23.72 0 -8.21755e-19 -1.42346e-07 -4.8077e-06 -1.21141e-06 -1.32591e-18
23.74 0 -6.6008e-19 -1.92705e-05 -8.22091e-06 -0.000163999 -1.05363e-18
23.76 0 1.45568e-18 -3.81837e-05 -1.15756e-05 -0.000324957 -7.80691e-19
23.78 0 -5.55097e-20 -5.62047e-05 -1.45942e-05 -0.000478322 1.33322e-18
23.8 0 -6.61631e-20 -7.30045e-05 -1.70554e-05 -0.000621294 7.47131e-19
23.82 0 1.73644e-18 -8.85645e-05 -1.88244e-05 -0.000753715 1.66592e-18
23.84 0 4.08286e-19 -0.000102838 -1.98795e-05 -0.00087519 2.19745e-18
23.86 0 -1.29349e-18 -0.000115556 -2.03206e-05 -0.000983426 2.06535e-19
23.88 0 -1.39576e-18 -0.00012618 -2.03712e-05 -0.00107384 -3.0935e-19
23.9 0 4.26023e-19 -0.000133852 -2.03399e-05 -0.00113913 -4.08506e-19
23.92 0 8.88297e-20 -0.000137584 -2.05045e-05 -0.00117089 7.08003e-19
23.94 0 -5.12744e-19 -0.000136821 -2.0998e-05 -0.0011644 -1.62614e-18
23.96 0 3.91273e-19 -0.000131799 -2.1738e-05 -0.00112165 -9.78786e-19
23.98 0 8.64327e-20 -0.000123339 -2.24099e-05 -0.00104966 -2.86067e-19
24 0 8.72076e-20 -0.000112415 -2.25339e-05 -0.000956692 2.96489e-19
24.02 0 1.18598e-19 -9.9805e-05 -2.16504e-05 -0.000849376 3.84389e-19
24.04 0 -6.58933e-19 -8.59138e-05 -1.95921e-05 -0.000731157 -1.81382e-19
24.06 0 7.71777e-20 -7.08011e-05 -1.66003e-05 -0.000602542 1.11608e-18
24.08 0 7.20664e-19 -5.44756e-05 -1.32054e-05 -0.000463606 1.59147e-19
24.1 0 -3.03747e-19 -3.7176e-05 -9.95899e-06 -0.000316381 -1.90534e-18
24.12 0 5.74122e-19 -1.93121e-05 -7.12685e-06 -0.000164352 -1.33946e-18
24.14 0 1.82674e-19 -1.40759e-06 -4.54628e-06 -1.19791e-05 -2.74823e-19
24.16 0 -4.68408e-19 1.57683e-05 -1.79062e-06 0.000134193 -1.62653e-18
24.18 0 -7.90213e-19 3.12164e-05 1.40626e-06 0.000265663 8.07486e-19
24.2 0 -1.99298e-18 4.3995e-05 4.8413e-06 0.000374413 -6.93648e-19
24.22 0 -1.3518e-18 5.34506e-05 7.94195e-06 0.000454883 4.31925e-19
24.24 0 2.30906e-19 5.91497e-05 1.01622e-05 0.000503384 -1.97478e-18
24.26 0 3.43603e-19 6.08805e-05 1.13554e-05 0.000518114 -5.30299e-19
24.28 0 7.54272e-19 5.87212e-05 1.17813e-05 0.000499738 1.90618e-18
24.3 0 -1.33417e-19 5.3013e-05 1.17341e-05 0.000451159 5.92059e-19
24.32 0 9.0401e-21 4.4389e-05 1.11856e-05 0.000377766 2.03401e-19
24.34 0 -9.80473e-20 3.3649e-05 9.81146e-06 0.000286365 1.37444e-19
24.36 0 4.01953e-20 2.14571e-05 7.37221e-06 0.000182607 4.51682e-19
24.38 0 -2.46986e-19 8.13176e-06 4.03712e-06 6.92041e-05 1.11656e-19
24.4 0 2.69574e-19 -6.2566e-06 3.52166e-07 -5.32459e-05 1.29684e-18
24.42 0 -6.76902e-19 -2.16412e-05 -3.07961e-06 -0.000184175 3.27607e-19
24.44 0 -2.3174e-19 -3.7885e-05 -5.95013e-06 -0.000322415 -4.59845e-19
24.46 0 8.08066e-20 -5.47555e-05 -8.4028e-06 -0.000465989 -3.96621e-20
24.48 0 6.16614e-19 -7.1776e-05 -1.09138e-05 -0.000610839 -2.08123e-19
24.5 0 -4.92868e-19 -8.80094e-05 -1.3946e-05 -0.000748991 7.27503e-20
24.52 0 -7.1871e-19 -0.000102078 -1.76308e-05 -0.000868722 -2.69917e-18
24.54 0 -9.28898e-21 -0.000112612 -2.17409e-05 -0.000958371 -2.87975e-18
24.56 0 5.40912e-19 -0.000118755 -2.58919e-05 -0.00101065 7.78439e-19
24.58 0 -2.77252e-19 -0.000120406 -2.97471e-05 -0.00102469 -1.94807e-18
24.6 0 3.00564e-19 -0.000118131 -3.30611e-05 -0.00100534 -1.89129e-18
24.62 0 4.00307e-19 -0.000112724 -3.55395e-05 -0.000959317 -9.81686e-19
24.64 0 1.31168e-19 -0.000104754 -3.67258e-05 -0.000891489 1.14913e-19
24.66 0 -8.02446e-20 -9.45248e-05 -3.6139e-05 -0.000804439 -4.53188e-20
24.68 0 1.20441e-19 -8.22489e-05 -3.36368e-05 -0.000699966 -1.28344e-20
24.7 0 8.03004e-21 -6.808e-05 -2.96447e-05 -0.000579384 6.19581e-20
24.72 0 7.70765e-20 -5.20501e-05 -2.49485e-05 -0.000442964 3.22479e-19
24.74 0 -1.22598e-18 -3.42047e-05 -2.0241e-05 -0.000291094 -4.94775e-19
24.76 0 2.99291e-19 -1.48905e-05 -1.58031e-05 -0.000126723 5.53042e-20
24.78 0 2.69282e-19 5.08855e-06 -1.15201e-05 4.33053e-05 9.19871e-19
24.8 0 -4.30799e-20 2.46132e-05 -7.15718e-06 0.000209467 -1.62161e-19
24.82 0 2.51145e-19 4.25841e-05 -2.6414e-06 0.000362405 9.74208e-19
24.84 0 2.96156e-19 5.80788e-05 1.86294e-06 0.000494271 -9.45409e-19
24.86 0 1.14089e-18 7.03163e-05 6.10528e-06 0.000598416 7.94382e-19
24.88 0 -5.60769e-19 7.87589e-05 9.91609e-06 0.000670266 -6.06235e-19
24.9 0 -2.97681e-19 8.3283e-05 1.32338e-05 0.000708767 4.54653e-19
24.92 0 8.15503e-19 8.41418e-05 1.60066e-05 0.000716076 1.39282e-18
24.94 0 -1.45736e-18 8.17066e-05 1.80829e-05 0.000695352 -1.05052e-18
24.96 0 -7.54372e-19 7.61977e-05 1.92104e-05 0.000648469 -1.57766e-18
24.98 0 1.3765e-19 6.75989e-05 1.9151e-05 0.00057529 -6.3975e-19
25 0 3.68164e-19 5.57587e-05 1.78242e-05 0.000474526 8.46368e-20
25.02 0 -4.28853e-20 4.06482e-05 1.53785e-05 0.00034593 2.53719e-19
25.04 0 -6.58837e-20 2.2568e-05 1.21164e-05 0.000192061 1.64157e-19
25.06 0 1.82108e-19 2.05777e-06 8.31576e-06 1.75123e-05 -9.13449e-21
25.08 0 4.1443e-19 -2.03059e-05 4.098e-06 -0.00017281 6.46424e-19
25.1 0 -5.15703e-19 -4.39384e-05 -5.48763e-07 -0.000373931 1.00651e-19
25.12 0 3.77504e-19 -6.81444e-05 -5.6228e-06 -0.000579933 9.548e-19
25.14 0 -4.58809e-19 -9.21238e-05 -1.09832e-05 -0.000784005 -4.17252e-19
25.16 0 1.85134e-19 -0.000115046 -1.6327e-05 -0.000979082 2.91576e-19
25.18 0 -1.06012e-20 -0.000136083 -2.12937e-05 -0.00115812 6.84355e-19
25.2 0 3.41875e-21 -0.000154463 -2.56154e-05 -0.00131453 2.63122e-19
25.22 0 -9.45174e-20 -0.000169526 -2.91749e-05 -0.00144273 4.04914e-19
25.24 0 -5.47663e-19 -0.000180738 -3.19435e-05 -0.00153814 -1.70603e-18
25.26 0 2.75034e-19 -0.00018762 -3.38683e-05 -0.00159671 -1.17896e-18
25.28 0 3.92488e-19 -0.000189747 -3.48131e-05 -0.00161481 4.33818e-19
25.3 0 1.23439e-19 -0.000186906 -3.45974e-05 -0.00159064 5.91247e-19
25.32 0 9.21185e-20 -0.000179267 -3.31382e-05 -0.00152562 2.32163e-19
25.34 0 -4.95866e-20 -0.000167294 -3.05937e-05 -0.00142373 -4.31302e-20
25.36 0 4.38974e-20 -0.000151527 -2.73643e-05 -0.00128954 -1.68883e-20
25.38 0 -1.4406e-19 -0.000132461 -2.39294e-05 -0.00112729 -3.70783e-19
25.4 0 2.42631e-19 -0.000110526 -2.06426e-05 -0.000940615 1.06484e-19
25.42 0 5.58809e-20 -8.61258e-05 -1.76403e-05 -0.000732961 2.40734e-19
25.44 0 -1.06219e-19 -5.97134e-05 -1.49145e-05 -0.000508182 2.9518e-19
25.46 0 -1.3284e-19 -3.18281e-05 -1.24372e-05 -0.000270868 2.69073e-19
25.48 0 6.71289e-19 -3.09443e-06 -1.01681e-05 -2.63346e-05 1.11269e-18
25.5 0 2.27501e-19 2.56415e-05 -7.96866e-06 0.000218218 2.00196e-19
25.52 0 -9.11082e-19 5.3195e-05 -5.5622e-06 0.000452708 7.99381e-21
25.54 0 -8.41348e-19 7.81661e-05 -2.64922e-06 0.00066522 -3.52357e-19
25.56 0 4.50861e-19 9.92107e-05 8.95884e-07 0.000844318 1.16345e-18
25.58 0 -2.52425e-19 0.000115284 4.90722e-06 0.000981109 1.18918e-19
25.6 0 1.95432e-19 0.000125747 8.95704e-06 0.00107015 5.7423e-19
25.62 0 -2.77903e-19 0.000130426 1.24906e-05 0.00110997 -6.53675e-19
25.64 0 2.00932e-19 0.000129558 1.49538e-05 0.00110258 -1.49498e-19
25.66 0 -1.62414e-20 0.000123639 1.59157e-05 0.00105222 -1.05822e-19
25.68 0 -3.63049e-20 0.000113312 1.51679e-05 0.000964321 -1.51026e-19
25.7 0 2.77445e-20 9.92533e-05 1.27886e-05 0.00084468 -2.08388e-19
25.72 0 -6.29594e-20 8.19855e-05 9.16234e-06 0.000697726 -4.31566e-20
25.74 0 -2.65512e-19 6.16736e-05 4.87884e-06 0.000524864 -3.62451e-19
25.76 0 2.95656e-19 3.82271e-05 5.63524e-07 0.000325326 1.04649e-18
25.78 0 -1.88601e-19 1.16303e-05 -3.28274e-06 9.89776e-05 2.36237e-19
25.8 0 -3.74385e-19 -1.77767e-05 -6.39152e-06 -0.000151286 -3.23523e-19
25.82 0 1.71463e-19 -4.91731e-05 -8.77826e-06 -0.00041848 -4.34609e-20
25.84 0 -5.00538e-19 -8.12169e-05 -1.072e-05 -0.000691184 -2.51272e-19
25.86 0 -2.66721e-20 -0.000112152 -1.26237e-05 -0.000954455 4.95118e-19
25.88 0 -4.94544e-19 -0.000140171 -1.48844e-05 -0.0011929 1.2102e-18
25.9 0 -6.94741e-19 -0.000163797 -1.77581e-05 -0.00139397 -1.82656e-18
25.92 0 -2.07045e-20 -0.00018209 -2.12375e-05 -0.00154965 -1.14189e-18
25.94 0 -3.81454e-19 -0.000194715 -2.50113e-05 -0.0016571 -4.61551e-19
25.96 0 5.04916e-20 -0.0002019 -2.85445e-05 -0.00171824 2.05951e-19
25.98 0 -2.10445e-19 -0.000204155 -3.12405e-05 -0.00173743 -1.6855e-19
26 0 -1.36227e-19 -0.00020192 -3.2619e-05 -0.00171841 -1.14837e-19
26.02 0 1.20323e-20 -0.000195457 -3.24509e-05 -0.0016634 -3.61094e-20
26.04 0 4.27724e-20 -0.000184997 -3.08252e-05 -0.00157439 -2.43993e-20
26.06 0 2.72001e-20 -0.000170893 -2.81361e-05 -0.00145436 7.66195e-20
26.08 0 2.54316e-20 -0.00015352 -2.49687e-05 -0.00130651 2.15555e-19
26.1 0 -1.1163e-19 -0.000133067 -2.18758e-05 -0.00113245 4.28234e-19
26.12 0 3.56772e-19 -0.000109526 -1.91777e-05 -0.000932104 1.96148e-19
26.14 0 -1.13799e-19 -8.29556e-05 -1.69333e-05 -0.000705981 -6.25972e-19
26.16 0 7.20838e-19 -5.38534e-05 -1.50117e-05 -0.000458311 8.49342e-19
26.18 0 -3.85436e-19 -2.34223e-05 -1.3173e-05 -0.000199332 -1.82546e-20
26.2 0 -3.46048e-19 6.61284e-06 -1.11118e-05 5.62775e-05 -6.10496e-19
26.22 0 2.95967e-19 3.4566e-05 -8.44519e-06 0.000294168 -4.93294e-19
26.24 0 4.02507e-19 5.91101e-05 -4.74661e-06 0.000503047 -1.21149e-19
26.26 0 -3.12071e-20 7.92166e-05 2.50822e-07 0.000674161 -6.33581e-19
26.28 0 -2.69513e-20 9.41104e-05 6.34613e-06 0.000800912 -3.46537e-19
26.3 0 1.92119e-19 0.000103377 1.27503e-05 0.000879776 3.40222e-19
26.32 0 2.38301e-19 0.00010707 1.83319e-05 0.0009112 4.91561e-19
26.34 0 -5.87e-19 0.000105674 2.2081e-05 0.000899325 -7.6378e-19
26.36 0 -3.02946e-19 9.98984e-05 2.34957e-05 0.00085017 -1.14537e-18
26.38 0 1.05323e-20 9.04483e-05 2.26578e-05 0.000769746 -7.78606e-19
26.4 0 2.54428e-19 7.79067e-05 1.9983e-05 0.000663013 3.58012e-19
26.42 0 -1.66851e-19 6.26792e-05 1.59177e-05 0.000533422 -9.28906e-20
26.44 0 1.89151e-20 4.4945e-05 1.08514e-05 0.000382497 -4.61559e-20
26.46 0 7.18497e-20 2.4646e-05 5.26033e-06 0.000209746 -7.24045e-20
26.48 0 1.47229e-21 1.66903e-06 -1.73659e-07 1.4204e-05 3.35974e-19
26.5 0 -1.56807e-20 -2.38316e-05 -4.74324e-06 -0.000202815 -2.36088e-20
26.52 0 1.465e-19 -5.11677e-05 -8.0891e-06 -0.000435455 1.45754e-19
26.54 0 -1.99178e-19 -7.90907e-05 -1.04428e-05 -0.00067309 6.23188e-20
26.56 0 -1.71692e-19 -0.000105992 -1.25234e-05 -0.000902031 2.79459e-19
26.58 0 -1.01261e-19 -0.000130164 -1.51397e-05 -0.00110774 9.15651e-19
26.6 0 6.0082e-20 -0.000150069 -1.8751e-05 -0.00127714 8.19909e-19
26.62 0 -2.48096e-19 -0.000164618 -2.32508e-05 -0.00140095 2.7191e-19
26.64 0 -2.13871e-19 -0.000173396 -2.80777e-05 -0.00147566 9.94265e-20
26.66 0 4.31297e-21 -0.000176651 -3.25171e-05 -0.00150336 5.0797e-19
26.68 0 -5.37528e-20 -0.000175035 -3.59696e-05 -0.00148961 -3.54549e-19
26.7 0 -1.25717e-19 -0.000169376 -3.80387e-05 -0.00144145 -5.44318e-20
26.72 0 1.77693e-20 -0.000160507 -3.84712e-05 -0.00136597 2.30331e-19
26.74 0 -5.98701e-20 -0.000149064 -3.71211e-05 -0.00126858 -5.23407e-20
26.76 0 -3.3209e-21 -0.000135279 -3.40437e-05 -0.00115127 -3.87711e-20
26.78 0 -2.26427e-20 -0.00011893 -2.96297e-05 -0.00101214 4.36637e-20
26.8 0 4.43378e-22 -9.95706e-05 -2.45957e-05 -0.000847381 -1.94463e-19
26.82 0 -1.90747e-20 -7.69019e-05 -1.97491e-05 -0.000654462 -8.58348e-20
26.84 0 -1.50353e-19 -5.10659e-05 -1.56421e-05 -0.000434588 -2.06987e-19
26.86 0 5.83152e-20 -2.27906e-05 -1.23401e-05 -0.000193956 3.00575e-19
26.88 0 -1.9972e-20 6.61255e-06 -9.46022e-06 5.62751e-05 2.32121e-19
26.9 0 -3.80888e-20 3.53722e-05 -6.44249e-06 0.00030103 -9.4299e-19
26.92 0 4.49887e-20 6.1535e-05 -2.84423e-06 0.000523684 -8.1601e-19
26.94 0 6.90395e-19 8.33786e-05 1.48789e-06 0.000709581 7.01533e-19
26.96 0 -3.48334e-19 9.97713e-05 6.37256e-06 0.000849089 -8.11796e-19
26.98 0 1.72324e-19 0.000110334 1.13304e-05 0.000938983 -3.86355e-19
27 0 4.63009e-20 0.000115328 1.56922e-05 0.000981481 -2.79768e-20
27.02 0 2.24751e-19 0.00011539 1.87673e-05 0.000982009 3.1037e-19
27.04 0 8.20235e-21 0.000111333 2.00204e-05 0.000947483 -1.35209e-19
27.06 0 1.90909e-19 0.000103969 1.92221e-05 0.000884809 -4.54668e-20
27.08 0 -4.10949e-20 9.39162e-05 1.6526e-05 0.000799259 -1.78897e-19
27.1 0 9.07501e-21 8.14313e-05 1.24398e-05 0.000693008 -8.20359e-20
27.12 0 -1.79852e-20 6.63971e-05 7.68309e-06 0.000565062 1.60775e-21
27.14 0 -2.93805e-20 4.85405e-05 2.97597e-06 0.000413096 -2.23203e-21
27.16 0 8.54666e-21 2.77119e-05 -1.13433e-06 0.000235838 -9.82597e-21
27.18 0 2.27689e-20 4.08747e-06 -4.38871e-06 3.47858e-05 -1.45148e-19
27.2 0 -9.00454e-20 -2.17599e-05 -6.87957e-06 -0.000185184 -2.01876e-19
27.22 0 1.02199e-19 -4.88366e-05 -9.03382e-06 -0.000415616 -2.49112e-19
27.24 0 -1.05645e-19 -7.57764e-05 -1.14754e-05 -0.000644883 -6.7961e-19
27.26 0 6.04144e-20 -0.00010103 -1.47585e-05 -0.000859804 -1.66517e-19
27.28 0 1.3355e-19 -0.00012312 -1.90954e-05 -0.00104779 1.5129e-20
27.3 0 -1.43827e-19 -0.000140916 -2.42375e-05 -0.00119925 -4.1318e-19
27.32 0 -2.12349e-19 -0.000153815 -2.95629e-05 -0.00130902 -3.10084e-19
27.34 0 -4.06883e-20 -0.000161698 -3.42875e-05 -0.00137611 -6.02894e-20
27.36 0 -6.55876e-20 -0.000164815 -3.76694e-05 -0.00140263 1.58746e-19
27.38 0 1.23728e-19 -0.000163678 -3.91417e-05 -0.00139295 2.84146e-19
27.4 0 -2.56882e-20 -0.00015895 -3.83878e-05 -0.00135272 2.04424e-19
27.42 0 -5.82094e-20 -0.000151237 -3.54132e-05 -0.00128708 1.1225e-19
27.44 0 4.10591e-20 -0.000140912 -3.06044e-05 -0.00119921 3.376e-20
27.46 0 4.98073e-20 -0.000128108 -2.46964e-05 -0.00109024 9.11064e-20
27.48 0 -2.90852e-20 -0.000112785 -1.8599e-05 -0.000959839 4.6407e-20
27.5 0 6.83784e-22 -9.48595e-05 -1.31566e-05 -0.000807288 -6.26276e-20
27.52 0 -4.47307e-20 -7.43675e-05 -8.9335e-06 -0.000632893 -9.92826e-20
27.54 0 7.99422e-20 -5.16168e-05 -6.09126e-06 -0.000439277 -2.02472e-20
27.56 0 1.25415e-19 -2.72901e-05 -4.38739e-06 -0.000232248 -1.61179e-19
27.58 0 -8.32357e-20 -2.4592e-06 -3.29415e-06 -2.09286e-05 -6.57481e-19
27.6 0 1.762e-19 2.15051e-05 -2.19025e-06 0.000183016 -4.12383e-19
27.62 0 -9.6155e-21 4.31359e-05 -5.56061e-07 0.000367102 -3.63833e-19
27.64 0 1.08015e-19 6.11387e-05 1.87925e-06 0.000520311 1.402e-19
27.66 0 6.71688e-20 7.46363e-05 5.0699e-06 0.000635181 5.68202e-20
27.68 0 -2.00163e-20 8.32874e-05 8.65721e-06 0.000708805 -1.25362e-19
27.7 0 -1.36919e-20 8.72457e-05 1.2041e-05 0.000742491 8.77122e-20
27.72 0 5.36249e-21 8.70132e-05 1.45216e-05 0.000740513 1.46668e-20
27.74 0 1.91093e-19 8.32516e-05 1.54814e-05 0.0007085 3.67208e-19
27.76 0 -6.65232e-20 7.65917e-05 1.45542e-05 0.000651822 1.91205e-19
27.78 0 -1.15798e-19 6.74765e-05 1.17356e-05 0.000574248 1.628e-19
27.8 0 -2.48572e-19 5.60833e-05 7.39932e-06 0.000477288 -2.5798e-19
27.82 0 -3.50791e-20 4.23546e-05 2.20527e-06 0.000360453 -2.09858e-19
27.84 0 -4.01446e-21 2.61329e-05 -3.08144e-06 0.0002224 -3.25935e-20
27.86 0 -7.93692e-21 7.35326e-06 -7.80293e-06 6.25788e-05 3.30528e-20
27.88 0 7.65683e-21 -1.37701e-05 -1.15739e-05 -0.000117188 1.42758e-20
27.9 0 -2.52317e-20 -3.66234e-05 -1.43353e-05 -0.000311678 -2.2333e-20
27.92 0 -1.03877e-19 -6.0183e-05 -1.63003e-05 -0.000512179 -2.61117e-19
27.94 0 3.30433e-20 -8.31198e-05 -1.7835e-05 -0.000707378 -4.02447e-21
27.96 0 -4.2012e-20 -0.000104002 -1.93216e-05 -0.000885095 2.19767e-19
27.98 0 5.86771e-20 -0.000121557 -2.10374e-05 -0.00103449 4.20882e-19
28 0 -2.86783e-19 -0.000134903 -2.30629e-05 -0.00114807 -2.69805e-19
28.02 0 -1.98717e-20 -0.000143669 -2.52349e-05 -0.00122267 -7.00615e-19
28.04 0 3.43241e-19 -0.000147971 -2.71746e-05 -0.00125929 6.09008e-20
28.06 0 6.42661e-21 -0.000148284 -2.84021e-05 -0.00126195 1.554e-19
28.08 0 1.98589e-19 -0.000145251 -2.84992e-05 -0.00123614 2.39816e-19
28.1 0 -9.76658e-20 -0.000139497 -2.72567e-05 -0.00118717 1.65749e-19
28.12 0 -1.03318e-19 -0.000131473 -2.47518e-05 -0.00111889 -1.23442e-19
28.14 0 -1.26769e-19 -0.000121379 -2.13365e-05 -0.00103298 -1.04035e-19
28.16 0 -1.02518e-20 -0.000109181 -1.75423e-05 -0.00092917 5.84908e-20
28.18 0 3.31031e-20 -9.47349e-05 -1.39296e-05 -0.000806227 8.76735e-21
28.2 0 -9.62937e-21 -7.79611e-05 -1.09294e-05 -0.000663476 -3.4673e-20
28.22 0 1.90872e-20 -5.90188e-05 -8.73017e-06 -0.00050227 -2.7127e-20
28.24 0 -4.5361e-20 -3.84149e-05 -7.24445e-06 -0.000326924 -1.28722e-19
28.26 0 1.00482e-20 -1.70183e-05 -6.16088e-06 -0.000144832 -3.38974e-20
28.28 0 -4.45283e-20 4.02409e-06 -5.05994e-06 3.42464e-05 2.13318e-20
28.3 0 1.96285e-19 2.34541e-05 -3.55799e-06 0.000199603 4.42706e-19
28.32 0 -1.51045e-19 4.01141e-05 -1.44038e-06 0.000341385 -9.11025e-20
28.34 0 -2.68652e-20 5.31444e-05 1.25161e-06 0.000452277 -3.24115e-19
28.36 0 1.02646e-19 6.20672e-05 4.20893e-06 0.000528213 -1.97941e-19
28.38 0 -2.10453e-19 6.67561e-05 6.92592e-06 0.000568118 -7.11268e-20
28.4 0 -1.49458e-19 6.74101e-05 8.83297e-06 0.000573683 8.69417e-20
28.42 0 -1.11642e-19 6.44882e-05 9.45742e-06 0.000548817 7.69396e-20
28.44 0 -7.87335e-21 5.85427e-05 8.56557e-06 0.000498219 1.28927e-19
28.46 0 6.625e-20 5.00458e-05 6.23473e-06 0.000425907 5.00158e-19
28.48 0 -1.04489e-19 3.92943e-05 2.83545e-06 0.000334408 1.8052e-19
28.5 0 3.3043e-20 2.6398e-05 -1.06334e-06 0.000224656 1.89584e-19
28.52 0 -2.74535e-20 1.1361e-05 -4.83637e-06 9.66862e-05 6.74615e-20
28.54 0 -7.80864e-20 -5.76554e-06 -7.95232e-06 -4.90667e-05 -1.2047e-19
28.56 0 3.57982e-20 -2.47653e-05 -1.00956e-05 -0.000210761 -1.90173e-20
28.58 0 -3.6605e-21 -4.5181e-05 -1.12375e-05 -0.000384506 -5.84834e-21
28.6 0 9.19126e-20 -6.62714e-05 -1.16385e-05 -0.000563993 1.43823e-19
28.62 0 7.35528e-20 -8.66876e-05 -1.17684e-05 -0.000737741 1.71161e-19
28.64 0 8.15898e-20 -0.000104848 -1.21458e-05 -0.000892294 -1.05173e-20
