0.02 0 -3.04412e-24 5.20879e-08 1.83101e-11 4.43286e-07 -6.14974e-24
0.04 0 6.36913e-24 3.30123e-07 2.4958e-10 2.80946e-06 6.71719e-24
0.06 0 8.92027e-22 9.85505e-07 1.05556e-09 8.38699e-06 1.80879e-21
0.08 0 8.72162e-22 1.93936e-06 3.08449e-09 1.65046e-05 3.57073e-21
0.1 0 8.13493e-22 3.00179e-06 7.80761e-09 2.55463e-05 5.21416e-21
0.12 0 9.87452e-21 4.07815e-06 1.57684e-08 3.47065e-05 2.51627e-20
0.14 0 -1.18695e-20 5.14981e-06 2.58947e-08 4.38266e-05 1.1838e-21
0.16 0 -4.08567e-20 6.21603e-06 4.05648e-08 5.29006e-05 -8.13549e-20
0.18 0 -6.54607e-21 7.30569e-06 6.41355e-08 6.2174e-05 -9.45793e-20
0.2 0 1.58778e-21 8.45858e-06 9.09561e-08 7.19854e-05 -9.13716e-20
0.22 0 3.01791e-20 9.69186e-06 1.00097e-07 8.24811e-05 -3.04037e-20
0.24 0 -1.39847e-19 1.10221e-05 6.09724e-08 9.38022e-05 -3.12922e-19
0.26 0 6.04791e-20 1.24876e-05 -5.47742e-08 0.000106274 -1.90742e-19
0.28 0 -9.97093e-20 1.40858e-05 -2.55537e-07 0.000119875 -3.92175e-19
0.3 0 1.07901e-19 1.568e-05 -5.23838e-07 0.000133442 -1.74193e-19
0.32 0 -1.43586e-19 1.70044e-05 -8.33974e-07 0.000144713 -4.64265e-19
0.34 0 3.35311e-19 1.77927e-05 -1.16282e-06 0.000151422 2.13131e-19
0.36 0 1.07983e-19 1.79314e-05 -1.47404e-06 0.000152602 4.31278e-19
0.38 0 8.16955e-20 1.75196e-05 -1.71298e-06 0.000149098 5.96319e-19
0.4 0 -5.70399e-19 1.6813e-05 -1.83837e-06 0.000143085 -5.56002e-19
0.42 0 -4.35389e-20 1.60951e-05 -1.85219e-06 0.000136975 -6.43959e-19
0.44 0 2.79729e-19 1.54598e-05 -1.78987e-06 0.000131568 -7.88503e-20
0.46 0 -4.24614e-19 1.45967e-05 -1.69386e-06 0.000124223 -9.36657e-19
0.48 0 7.79355e-20 1.29651e-05 -1.60607e-06 0.000110338 -7.79211e-19
0.5 0 1.98412e-19 1.04196e-05 -1.57033e-06 8.86742e-05 -3.78379e-19
0.52 0 1.18753e-19 7.55801e-06 -1.61797e-06 6.43213e-05 -1.38474e-19
0.54 0 1.3321e-19 5.32232e-06 -1.74627e-06 4.52948e-05 1.30637e-19
0.56 0 -6.27014e-21 4.35835e-06 -1.91648e-06 3.70911e-05 1.1797e-19
0.58 0 -1.02276e-19 4.69328e-06 -2.06801e-06 3.99415e-05 -8.86471e-20
0.6 0 -3.54485e-19 5.82333e-06 -2.1447e-06 4.95586e-05 -8.04779e-19
0.62 0 2.57667e-20 7.20298e-06 -2.12984e-06 6.12999e-05 -7.52725e-19
0.64 0 2.28172e-19 8.86207e-06 -2.03851e-06 7.54193e-05 -2.91772e-19
0.66 0 9.53812e-21 1.1517e-05 -1.85107e-06 9.80137e-05 -2.72503e-19
0.68 0 -5.96965e-20 1.59257e-05 -1.4909e-06 0.000135533 -3.93102e-19
0.7 0 7.81036e-20 2.20782e-05 -9.07588e-07 0.000187893 -2.35317e-19
0.72 0 5.31598e-20 2.90374e-05 -1.46059e-07 0.000247119 -1.27923e-19
0.74 0 9.35342e-20 3.56051e-05 7.01631e-07 0.000303012 6.10346e-20
0.76 0 -8.41023e-20 4.12378e-05 1.57603e-06 0.000350948 -1.08869e-19
0.78 0 1.47007e-20 4.64721e-05 2.44654e-06 0.000395494 -7.91706e-20
0.8 0 -1.53707e-19 5.24373e-05 3.25699e-06 0.00044626 -3.8969e-19
0.82 0 -9.00826e-20 5.96269e-05 3.9195e-06 0.000507445 -5.71675e-19
0.84 0 3.34626e-19 6.6989e-05 4.35208e-06 0.000570099 1.04337e-19
0.86 0 -3.89977e-21 7.25481e-05 4.49439e-06 0.00061741 9.64587e-20
0.88 0 3.29187e-19 7.51343e-05 4.31476e-06 0.000639419 7.61483e-19
0.9 0 1.8148e-19 7.53745e-05 3.84677e-06 0.000641463 1.12811e-18
0.92 0 -3.02861e-19 7.50473e-05 3.20475e-06 0.000638679 5.16269e-19
0.94 0 -2.33715e-19 7.55905e-05 2.51997e-06 0.000643301 4.41168e-20
0.96 0 -4.47034e-22 7.68965e-05 1.85363e-06 0.000654416 4.32137e-20
0.98 0 1.92684e-21 7.70996e-05 1.18268e-06 0.000656144 4.71063e-20
1 0 -8.71219e-21 7.15004e-05 4.5737e-07 0.000608493 2.95059e-20
1.02 0 2.58527e-19 5.41273e-05 -2.98024e-07 0.000460642 5.51782e-19
1.04 0 2.46386e-19 2.86691e-05 -9.12706e-07 0.000243984 1.04953e-18
1.06 0 -4.00207e-19 8.90715e-06 -1.22731e-06 7.58029e-05 2.41033e-19
1.08 0 2.90763e-19 5.93781e-08 -1.29751e-06 5.05329e-07 8.28432e-19
1.1 0 -1.00804e-19 -4.27526e-06 -1.27277e-06 -3.63839e-05 6.24788e-19
1.12 0 -2.97666e-19 -1.03149e-05 -1.27628e-06 -8.77835e-05 2.34423e-20
1.14 0 -8.42351e-20 -2.32788e-05 -1.44143e-06 -0.000198111 -1.4673e-19
1.16 0 1.13045e-19 -4.34047e-05 -1.70778e-06 -0.000369389 8.1644e-20
1.18 0 -2.13741e-19 -6.05622e-05 -1.72322e-06 -0.000515405 -3.50156e-19
1.2 0 9.51142e-20 -6.71282e-05 -1.23767e-06 -0.000571284 -1.58006e-19
1.22 0 -1.28379e-19 -6.66823e-05 -3.72207e-07 -0.00056749 -4.17357e-19
1.24 0 1.52891e-19 -6.42291e-05 5.50353e-07 -0.000546612 -1.08486e-19
1.26 0 4.03455e-20 -5.99688e-05 1.26843e-06 -0.000510355 -2.69796e-20
1.28 0 2.54242e-21 -5.25798e-05 1.79233e-06 -0.000447473 -2.18434e-20
1.3 0 -4.48792e-20 -4.07048e-05 2.38121e-06 -0.000346412 -1.12508e-19
1.32 0 6.38884e-20 -2.28241e-05 3.13836e-06 -0.000194241 1.65591e-20
1.34 0 -6.33883e-21 -4.70582e-07 3.73118e-06 -4.00481e-06 3.75336e-21
1.36 0 -6.10149e-20 1.72184e-05 3.71662e-06 0.000146535 -1.19509e-19
1.38 0 1.95405e-20 1.86956e-05 3.12918e-06 0.000159106 -8.00333e-20
1.4 0 4.17204e-20 9.51249e-06 2.61597e-06 8.09546e-05 4.25038e-21
1.42 0 2.14477e-20 1.16932e-05 2.76656e-06 9.9513e-05 4.75791e-20
1.44 0 -1.81517e-19 3.2306e-05 3.42005e-06 0.000274935 -3.19122e-19
1.46 0 3.7437e-19 5.64532e-05 3.96567e-06 0.000480436 4.37182e-19
1.48 0 -6.31992e-19 7.15071e-05 3.9765e-06 0.000608551 -8.39569e-19
1.5 0 7.70366e-19 7.52763e-05 3.2934e-06 0.000640628 7.16726e-19
1.52 0 2.8733e-22 6.94731e-05 2.09679e-06 0.000591241 7.17306e-19
1.54 0 -5.29523e-20 6.05551e-05 1.02898e-06 0.000515345 6.10332e-19
1.56 0 -2.58605e-20 5.73068e-05 5.94854e-07 0.0004877 5.58089e-19
1.58 0 -4.48096e-19 5.95368e-05 4.32874e-07 0.000506679 -3.47156e-19
1.6 0 3.21451e-20 5.74319e-05 -2.16202e-07 0.000488766 -2.82217e-19
1.62 0 3.56779e-19 4.59846e-05 -1.36473e-06 0.000391345 4.38548e-19
1.64 0 -4.93914e-20 3.19924e-05 -2.1855e-06 0.000272267 3.38768e-19
1.66 0 -7.72141e-20 2.3895e-05 -2.08754e-06 0.000203355 1.8278e-19
1.68 0 -1.7929e-19 2.19023e-05 -1.40898e-06 0.000186396 -1.79422e-19
1.7 0 1.78439e-19 2.01764e-05 -9.74691e-07 0.000171708 1.81062e-19
1.72 0 -5.65806e-20 1.2857e-05 -1.30129e-06 0.000109418 6.67573e-20
1.74 0 -5.33743e-20 -2.90719e-06 -2.22078e-06 -2.47412e-05 -4.10695e-20
1.76 0 -9.52479e-20 -2.43045e-05 -2.96676e-06 -0.00020684 -2.33489e-19
1.78 0 1.83745e-20 -4.2418e-05 -2.72879e-06 -0.000360992 -1.96369e-19
1.8 0 -2.32037e-20 -4.93837e-05 -1.45959e-06 -0.000420273 -2.43246e-19
1.82 0 -3.60014e-20 -4.70912e-05 -7.0414e-09 -0.000400763 -3.15976e-19
1.84 0 -2.58912e-19 -4.51493e-05 8.0083e-07 -0.000384236 -8.3903e-19
1.86 0 1.99618e-19 -5.03292e-05 9.8103e-07 -0.000428319 -4.35762e-19
1.88 0 1.12504e-19 -6.18017e-05 1.11287e-06 -0.000525954 -2.08481e-19
1.9 0 -5.75732e-19 -7.51268e-05 1.53069e-06 -0.000639355 -1.37158e-18
1.92 0 7.84971e-19 -8.61795e-05 2.00479e-06 -0.000733417 2.14224e-19
1.94 0 -3.8997e-19 -9.27287e-05 1.99094e-06 -0.000789154 -5.73595e-19
1.96 0 2.66467e-19 -9.60198e-05 1.07673e-06 -0.000817162 -3.52772e-20
1.98 0 -5.55778e-19 -9.94865e-05 -6.28231e-07 -0.000846665 -1.15806e-18
2 0 3.2868e-19 -0.000104055 -2.46555e-06 -0.000885545 -4.94061e-19
2.02 0 7.38638e-19 -0.000106549 -3.73678e-06 -0.000906769 9.98137e-19
2.04 0 -2.87106e-19 -0.000103516 -4.30162e-06 -0.000880958 4.18125e-19
2.06 0 -3.82618e-19 -9.47408e-05 -4.56765e-06 -0.000806277 -3.5484e-19
2.08 0 -6.24411e-20 -8.21576e-05 -4.89921e-06 -0.00069919 -4.80983e-19
2.1 0 1.43263e-19 -6.67874e-05 -5.18664e-06 -0.000568384 -1.91563e-19
2.12 0 1.2574e-19 -4.79938e-05 -4.96996e-06 -0.000408444 6.24572e-20
2.14 0 6.24806e-20 -2.51043e-05 -3.83613e-06 -0.000213646 1.88681e-19
2.16 0 -1.59332e-19 1.32294e-06 -1.76287e-06 1.12587e-05 -1.33203e-19
2.18 0 -3.56684e-19 2.94496e-05 7.83088e-07 0.000250626 -8.53777e-19
2.2 0 5.45505e-19 5.65882e-05 3.17279e-06 0.000481585 2.48253e-19
2.22 0 1.60225e-19 8.10871e-05 5.13267e-06 0.000690079 5.7194e-19
2.24 0 2.49862e-19 0.000104179 6.8104e-06 0.000886601 1.07671e-18
2.26 0 -5.81585e-19 0.00012749 8.31782e-06 0.00108498 -9.82085e-20
2.28 0 6.11036e-19 0.000149418 9.41563e-06 0.0012716 1.13621e-18
2.3 0 -6.04161e-19 0.000166618 9.65231e-06 0.00141797 -8.43202e-20
2.32 0 -6.42571e-19 0.00017686 8.69605e-06 0.00150514 -1.38244e-18
2.34 0 5.66772e-19 0.000178389 6.64328e-06 0.00151815 -2.3745e-19
2.36 0 -5.99933e-20 0.00017037 4.10642e-06 0.00144991 -3.58648e-19
2.38 0 4.59796e-19 0.000155602 1.87329e-06 0.00132423 5.70233e-19
2.4 0 -5.00277e-20 0.000138305 3.95007e-07 0.00117702 4.69167e-19
2.42 0 -2.00067e-19 0.000118938 -3.67254e-07 0.00101221 6.49917e-20
2.44 0 2.05028e-19 9.49971e-05 -6.74638e-07 0.000808458 4.79189e-19
2.46 0 3.3094e-20 6.53317e-05 -6.99477e-07 0.000555996 5.46046e-19
2.48 0 -3.39934e-19 3.12577e-05 -4.63474e-07 0.000266014 -1.40689e-19
2.5 0 -8.3426e-20 -4.16201e-06 -1.40657e-08 -3.54202e-05 -3.09226e-19
2.52 0 -7.49308e-21 -3.72545e-05 4.51593e-07 -0.000317048 -3.24364e-19
2.54 0 1.67953e-19 -6.67353e-05 6.62108e-07 -0.000567941 1.49354e-20
2.56 0 -1.71897e-20 -9.47064e-05 3.67376e-07 -0.000805985 -1.97912e-20
2.58 0 1.27018e-19 -0.000121982 -5.58452e-07 -0.00103811 2.36811e-19
2.6 0 -4.49575e-20 -0.000144811 -1.9456e-06 -0.00123239 1.45988e-19
2.62 0 -4.63858e-19 -0.000159141 -3.34849e-06 -0.00135434 -7.911e-19
2.64 0 3.4193e-19 -0.000164907 -4.37504e-06 -0.00140342 -1.00331e-19
2.66 0 -9.04291e-20 -0.000163891 -4.92147e-06 -0.00139477 -2.83016e-19
2.68 0 8.72277e-20 -0.000156735 -5.04755e-06 -0.00133387 -1.06798e-19
2.7 0 1.2787e-19 -0.000143591 -4.7667e-06 -0.00122201 1.51524e-19
2.72 0 -1.37051e-19 -0.000124556 -3.95376e-06 -0.00106001 -1.25348e-19
2.74 0 1.45837e-20 -9.88854e-05 -2.38114e-06 -0.000841549 -9.58856e-20
2.76 0 -1.38748e-19 -6.69016e-05 6.1876e-08 -0.000569356 -3.76185e-19
2.78 0 8.02548e-20 -3.134e-05 3.11691e-06 -0.000266715 -2.14054e-19
2.8 0 -1.56367e-21 6.55912e-06 6.17573e-06 5.58204e-05 -2.17213e-19
2.82 0 1.923e-19 4.96124e-05 8.63825e-06 0.000422219 1.71272e-19
2.84 0 1.11076e-19 0.000100018 1.02576e-05 0.000851187 3.95668e-19
2.86 0 -7.87533e-20 0.000154637 1.10578e-05 0.00131601 2.3657e-19
2.88 0 2.16034e-20 0.000206701 1.09896e-05 0.0017591 2.80213e-19
2.9 0 -1.09011e-20 0.000249267 9.87302e-06 0.00212135 2.58191e-19
2.92 0 2.69256e-19 0.000277617 7.71754e-06 0.00236261 8.02143e-19
2.94 0 -1.94566e-19 0.000293157 4.94931e-06 0.00249487 4.09079e-19
2.96 0 -6.9279e-20 0.000303835 2.2233e-06 0.00258574 2.69122e-19
2.98 0 -5.09953e-20 0.000315693 5.28775e-09 0.00268666 1.66101e-19
3 0 -2.9195e-20 0.00032498 -1.69888e-06 0.00276569 1.07121e-19
3.02 0 -7.64676e-20 0.000321748 -3.26016e-06 0.00273819 -4.73588e-20
3.04 0 7.70356e-21 0.000299715 -5.08009e-06 0.00255068 -3.17961e-20
3.06 0 -5.281e-22 0.000261055 -7.24686e-06 0.00222167 -3.28629e-20
3.08 0 2.5484e-20 0.000214078 -9.43446e-06 0.00182188 1.86198e-20
3.1 0 3.72832e-19 0.000167508 -1.11548e-05 0.00142555 7.71816e-19
3.12 0 2.67887e-19 0.000124115 -1.2201e-05 0.00105626 1.313e-18
3.14 0 -4.37637e-19 7.83795e-05 -1.28415e-05 0.000667037 4.28886e-19
3.16 0 5.30639e-19 2.2875e-05 -1.34404e-05 0.000194674 1.50088e-18
3.18 0 -1.27464e-18 -4.20123e-05 -1.38672e-05 -0.00035754 -1.07414e-18
3.2 0 5.04781e-19 -0.000107293 -1.35277e-05 -0.000913097 -5.43803e-20
3.22 0 -1.68834e-19 -0.000164561 -1.20962e-05 -0.00140047 -3.9546e-19
3.24 0 1.89779e-18 -0.00021226 -9.97865e-06 -0.0018064 3.43847e-18
3.26 0 -1.716e-18 -0.000253205 -7.89438e-06 -0.00215487 -2.82034e-20
3.28 0 -9.36726e-19 -0.000290546 -6.18691e-06 -0.00247264 -1.92058e-18
3.3 0 2.37559e-19 -0.000325383 -4.66723e-06 -0.00276912 -1.44066e-18
3.32 0 -6.17626e-19 -0.000354395 -2.926e-06 -0.00301603 -2.68839e-18
3.34 0 6.55108e-19 -0.000370464 -7.19049e-07 -0.00315278 -1.36494e-18
3.36 0 1.03642e-18 -0.000368122 1.76e-06 -0.00313285 7.28834e-19
3.38 0 -1.72589e-20 -0.000348145 4.01737e-06 -0.00296284 6.93967e-19
3.4 0 4.93538e-19 -0.000316006 5.8152e-06 -0.00268932 1.69101e-18
3.42 0 -2.73807e-19 -0.000276802 7.41134e-06 -0.00235568 1.13787e-18
3.44 0 -3.91139e-19 -0.000232256 9.1106e-06 -0.00197658 3.47689e-19
3.46 0 -2.08183e-19 -0.000181284 1.0842e-05 -0.00154279 -7.28823e-20
3.48 0 -4.10573e-19 -0.000122117 1.23129e-05 -0.00103926 -9.02323e-19
3.5 0 1.1697e-19 -5.42647e-05 1.33231e-05 -0.000461812 -6.6602e-19
3.52 0 1.94415e-19 1.98459e-05 1.38192e-05 0.000168896 -2.73263e-19
3.54 0 3.9173e-20 9.45259e-05 1.38382e-05 0.000804449 -1.94125e-19
3.56 0 1.18181e-18 0.000162994 1.3468e-05 0.00138714 2.19336e-18
3.58 0 5.25678e-19 0.000220781 1.27313e-05 0.00187893 3.25534e-18
3.6 0 -1.93562e-18 0.000268088 1.14726e-05 0.00228152 -6.55011e-19
3.62 0 1.04969e-18 0.000309056 9.48311e-06 0.00263017 1.46557e-18
3.64 0 -5.68519e-19 0.000347273 6.79555e-06 0.00295541 3.17051e-19
3.66 0 -8.88755e-20 0.000381339 3.75024e-06 0.00324533 1.37505e-19
3.68 0 3.25562e-19 0.000405889 7.06756e-07 0.00345426 7.95206e-19
3.7 0 1.67577e-19 0.000416324 -2.2226e-06 0.00354307 1.13374e-18
3.72 0 3.86452e-19 0.000410699 -5.04317e-06 0.00349519 1.91446e-18
3.74 0 -1.58782e-19 0.000389178 -7.52798e-06 0.00331204 1.59368e-18
3.76 0 1.52703e-18 0.000354821 -9.17597e-06 0.00301965 4.6786e-18
3.78 0 -2.5063e-18 0.000312551 -9.57121e-06 0.00265992 -3.84627e-19
3.8 0 -3.65945e-19 0.000264562 -8.68936e-06 0.00225151 -1.12391e-18
3.82 0 1.00153e-19 0.000208949 -6.85735e-06 0.00177823 -9.21581e-19
3.84 0 1.88797e-20 0.000144687 -4.56594e-06 0.00123134 -8.8344e-19
3.86 0 4.55413e-19 7.48385e-05 -2.3676e-06 0.000636901 3.65856e-20
3.88 0 7.65407e-20 3.27837e-06 -7.5461e-07 2.79001e-05 1.91213e-19
3.9 0 2.3571e-20 -6.81377e-05 4.17042e-08 -0.000579876 2.38832e-19
3.92 0 -7.58465e-19 -0.000138099 8.25189e-08 -0.00117527 -1.29342e-18
3.94 0 3.72614e-19 -0.0002045 -4.88367e-07 -0.00174037 -5.40666e-19
3.96 0 1.72434e-18 -0.000264727 -1.54157e-06 -0.00225292 2.94285e-18
3.98 0 -6.50906e-19 -0.000314869 -2.7995e-06 -0.00267965 1.62789e-18
4 0 -1.27033e-18 -0.000349094 -3.79181e-06 -0.00297091 -9.38441e-19
4.02 0 -7.57687e-19 -0.000362543 -4.06493e-06 -0.00308537 -2.46912e-18
4.04 0 9.05797e-19 -0.000354947 -3.32753e-06 -0.00302072 -6.39228e-19
4.06 0 5.00823e-19 -0.000329526 -1.47912e-06 -0.00280438 3.72534e-19
4.08 0 3.94749e-19 -0.000289271 1.33489e-06 -0.0024618 1.17001e-18
4.1 0 -9.44148e-19 -0.000236016 4.79285e-06 -0.00200858 -7.37362e-19
4.12 0 5.04224e-19 -0.000171606 8.62363e-06 -0.00146043 2.81272e-19
4.14 0 -6.20394e-19 -9.75991e-05 1.25923e-05 -0.000830602 -9.72048e-19
4.16 0 -4.55649e-20 -1.47686e-05 1.62082e-05 -0.000125686 -1.0641e-18
4.18 0 -2.36768e-19 7.50056e-05 1.87156e-05 0.000638324 -1.54242e-18
4.2 0 5.02174e-19 0.000167208 1.9497e-05 0.001423 -5.27926e-19
4.22 0 4.36035e-20 0.00025671 1.83213e-05 0.00218469 -4.39838e-19
4.24 0 -1.73181e-20 0.000340446 1.51612e-05 0.00289732 -4.74824e-19
4.26 0 6.17928e-19 0.000415959 1.00714e-05 0.00353995 7.73515e-19
4.28 0 -7.12311e-21 0.000478446 3.43087e-06 0.00407174 7.59125e-19
4.3 0 4.42714e-19 0.000522637 -3.94762e-06 0.00444782 1.6535e-18
4.32 0 -7.96304e-19 0.000546517 -1.11008e-05 0.00465105 4.4801e-20
4.34 0 -1.65797e-19 0.000550637 -1.70959e-05 0.00468612 -2.90143e-19
4.36 0 1.06883e-18 0.000536113 -2.10267e-05 0.00456251 1.86911e-18
4.38 0 5.17699e-19 0.000505112 -2.2309e-05 0.00429868 2.91497e-18
4.4 0 -1.9717e-18 0.000460521 -2.1049e-05 0.00391919 -1.06825e-18
4.42 0 7.76798e-19 0.000404206 -1.78842e-05 0.00343993 5.01034e-19
4.44 0 -4.0147e-19 0.000336873 -1.35956e-05 0.0028669 -3.10015e-19
4.46 0 1.47158e-19 0.000257939 -8.9906e-06 0.00219515 -1.27264e-20
4.48 0 6.12447e-19 0.000165644 -4.89495e-06 0.00140969 1.22454e-18
4.5 0 -1.77741e-18 6.04583e-05 -2.08381e-06 0.000514521 -2.36618e-18
4.52 0 7.47264e-19 -5.27791e-05 -1.1766e-06 -0.000449168 -8.56558e-19
4.54 0 -1.34046e-18 -0.000168521 -2.45717e-06 -0.00143417 -3.56455e-18
4.56 0 -1.52676e-19 -0.000284411 -5.73624e-06 -0.00242044 -3.87298e-18
4.58 0 3.91543e-18 -0.000400907 -1.03918e-05 -0.00341186 4.03697e-18
4.6 0 -3.06457e-18 -0.000518615 -1.55055e-05 -0.00441359 -2.15409e-18
4.62 0 1.85148e-19 -0.000634815 -2.00915e-05 -0.00540249 -1.78005e-18
4.64 0 -2.69965e-19 -0.000741972 -2.33946e-05 -0.00631444 -2.32543e-18
4.66 0 2.69118e-18 -0.000832286 -2.49827e-05 -0.00708304 3.1113e-18
4.68 0 -2.61478e-18 -0.000903819 -2.46396e-05 -0.00769182 -4.30339e-19
4.7 0 -2.79077e-18 -0.000959515 -2.24071e-05 -0.00816581 -7.56421e-18
4.72 0 3.37774e-18 -0.00100098 -1.86478e-05 -0.00851873 -3.04155e-18
4.74 0 -2.57615e-18 -0.0010253 -1.37727e-05 -0.00872569 -8.2459e-18
4.76 0 1.31937e-19 -0.00102657 -7.99102e-06 -0.00873645 -7.97936e-18
4.78 0 9.22497e-19 -0.000999689 -1.54089e-06 -0.0085077 -6.11574e-18
4.8 0 1.68613e-18 -0.000944335 5.02864e-06 -0.00803662 -2.70941e-18
4.82 0 7.9772e-19 -0.00086548 1.1079e-05 -0.00736554 -1.09785e-18
4.84 0 7.75713e-19 -0.000768975 1.62636e-05 -0.00654425 4.69245e-19
4.86 0 9.6232e-19 -0.000657324 2.05237e-05 -0.00559405 2.41333e-18
4.88 0 -4.30086e-18 -0.000530947 2.38706e-05 -0.00451854 -6.27527e-18
4.9 0 3.21956e-18 -0.000392409 2.62915e-05 -0.00333954 2.28899e-19
4.92 0 7.25966e-19 -0.000247756 2.77081e-05 -0.00210849 8.32999e-19
4.94 0 -4.93399e-19 -0.000103942 2.79949e-05 -0.000884586 7.92133e-18
4.96 0 7.35201e-19 3.41308e-05 2.72675e-05 0.000290465 3.02232e-18
4.98 0 8.49342e-18 0.000164849 2.61919e-05 0.00140292 4.89245e-18
5 0 -6.28144e-18 0.000289664 2.57661e-05 0.00246514 -4.61468e-18
5.02 0 5.4278e-18 0.000410619 2.6699e-05 0.00349451 -1.20678e-20
5.04 0 -8.26076e-18 0.000526625 2.90797e-05 0.00448176 -1.62089e-17
5.06 0 7.93639e-18 0.00063345 3.25468e-05 0.00539088 1.89512e-17
5.08 0 6.3317e-18 0.000727913 3.65363e-05 0.00619479 1.4766e-17
5.1 0 3.06816e-19 0.000809539 4.03468e-05 0.00688946 8.00452e-18
5.12 0 3.41593e-18 0.000877035 4.31921e-05 0.00746387 2.68013e-18
5.14 0 6.83354e-19 0.000925693 4.43251e-05 0.00787797 6.69937e-19
5.16 0 -9.41921e-19 0.000949861 4.3102e-05 0.00808365 -1.23293e-18
5.18 0 1.44489e-18 0.000946358 3.90066e-05 0.00805384 1.68603e-18
5.2 0 2.2513e-19 0.000914967 3.1744e-05 0.00778669 2.14084e-18
5.22 0 -4.21469e-18 0.000857285 2.13019e-05 0.00729579 -6.37368e-18
5.24 0 3.11058e-18 0.000775314 7.86252e-06 0.00659819 -7.36816e-18
5.26 0 1.78856e-18 0.000668319 -8.3131e-06 0.00568762 -1.24191e-18
5.28 0 3.00537e-18 0.00052956 -2.69054e-05 0.00450674 9.48657e-18
5.3 0 -4.82709e-18 0.000349423 -4.74682e-05 0.00297371 6.39146e-18
5.32 0 1.34142e-17 0.000125304 -6.91919e-05 0.00106638 -3.35757e-18
5.34 0 -6.76649e-18 -0.000131957 -9.06011e-05 -0.001123 9.79577e-18
5.36 0 1.55495e-17 -0.000402251 -0.000109551 -0.00342329 2.60834e-17
5.38 0 -1.47573e-17 -0.00066545 -0.00012363 -0.00566321 -1.16577e-17
5.4 0 -6.92467e-18 -0.000907043 -0.000130756 -0.00771925 -1.38033e-17
5.42 0 4.64907e-18 -0.00111776 -0.000130103 -0.00951255 5.69737e-18
5.44 0 5.80915e-18 -0.00129013 -0.000122327 -0.0109795 -1.08304e-18
5.46 0 -1.39862e-17 -0.00141562 -0.000108567 -0.0120474 -1.50549e-17
5.48 0 -1.32011e-18 -0.00148388 -9.04148e-05 -0.0126284 -2.16682e-17
5.5 0 1.27576e-18 -0.00148506 -6.97399e-05 -0.0126384 -2.18725e-17
5.52 0 -1.39511e-19 -0.00141356 -4.82928e-05 -0.0120299 -5.69408e-18
5.54 0 4.8482e-18 -0.00126929 -2.75916e-05 -0.0108021 6.32012e-18
5.56 0 -1.53458e-18 -0.00105701 -8.29403e-06 -0.00899549 -1.81639e-18
5.58 0 1.66392e-18 -0.000789454 9.95469e-06 -0.00671853 2.2317e-18
5.6 0 -9.36017e-19 -0.000490528 2.8041e-05 -0.00417456 1.41778e-18
5.62 0 -2.65357e-18 -0.000188034 4.65626e-05 -0.00160024 -2.03348e-18
5.64 0 -1.14629e-18 9.8072e-05 6.54457e-05 0.000834627 -3.08146e-18
5.66 0 8.59749e-18 0.000356177 8.38711e-05 0.00303119 -5.94374e-18
5.68 0 2.14257e-18 0.000576679 0.000100158 0.00490774 -1.18885e-18
5.7 0 -2.45792e-18 0.000749736 0.000111765 0.00638051 -9.90965e-19
5.72 0 1.28713e-18 0.000863913 0.00011588 0.0073522 -8.471e-18
5.74 0 -1.84002e-18 0.000904862 0.000110496 0.00770069 -3.93789e-18
5.76 0 -9.41424e-18 0.000860367 9.52995e-05 0.00732202 -3.42652e-18
5.78 0 -2.42323e-18 0.000728995 7.18038e-05 0.00620401 1.42242e-17
5.8 0 -6.80489e-18 0.000522779 4.28429e-05 0.00444903 2.92576e-18
5.82 0 -1.15193e-18 0.000262154 1.18815e-05 0.00223102 6.31293e-18
5.84 0 6.22675e-18 -3.25495e-05 -1.75877e-05 -0.000277008 1.88922e-17
5.86 0 -4.0123e-18 -0.000346671 -4.26278e-05 -0.00295029 1.07866e-17
5.88 0 3.22948e-19 -0.000668367 -6.13489e-05 -0.00568804 1.1439e-17
5.9 0 3.45268e-18 -0.000982559 -7.3072e-05 -0.00836192 1.84141e-17
5.92 0 -4.33139e-18 -0.00127071 -7.8025e-05 -0.0108142 -1.56013e-18
5.94 0 4.13586e-18 -0.00151345 -7.67867e-05 -0.01288 1.31664e-17
5.96 0 -2.65375e-19 -0.00168966 -7.00534e-05 -0.0143796 -3.05063e-18
5.98 0 1.51155e-18 -0.00177942 -5.87637e-05 -0.0151435 -2.04341e-19
6 0 -1.14524e-19 -0.00177475 -4.40352e-05 -0.0151038 2.23436e-18
6.02 0 1.10217e-18 -0.00168153 -2.69022e-05 -0.0143104 8.58754e-18
6.04 0 3.40663e-18 -0.00150582 -8.36218e-06 -0.012815 7.33173e-18
6.06 0 7.19977e-18 -0.00124907 1.02794e-05 -0.0106301 1.0221e-17
6.08 0 -2.20295e-18 -0.000922344 2.71558e-05 -0.00784947 -3.08112e-19
6.1 0 1.44253e-18 -0.000547 3.99021e-05 -0.00465516 1.55722e-17
6.12 0 2.93356e-18 -0.000131451 4.64083e-05 -0.00111869 -1.54665e-17
6.14 0 1.61913e-18 0.000336885 4.61889e-05 0.00286701 7.22925e-18
6.16 0 -2.28505e-17 0.000867991 4.11281e-05 0.00738691 -1.13588e-17
6.18 0 1.46315e-18 0.00144901 3.45739e-05 0.0123315 -1.1024e-17
6.2 0 3.80456e-18 0.00204961 2.93181e-05 0.0174429 -4.86169e-18
6.22 0 -1.69355e-18 0.00263299 2.61021e-05 0.0224077 -1.66568e-17
6.24 0 -6.82408e-19 0.0031628 2.39507e-05 0.026917 1.16933e-17
6.26 0 -3.79196e-18 0.00360909 2.18788e-05 0.0307174 1.3682e-17
6.28 0 -3.23994e-18 0.00392164 1.98061e-05 0.0333831 -1.20352e-17
6.3 0 -1.2572e-19 0.0039898 1.7557e-05 0.0339654 -8.29566e-18
6.32 0 -1.86979e-18 0.0039199 1.35624e-05 0.0333705 5.43203e-18
6.34 0 1.44166e-19 0.00390808 5.32666e-06 0.03327 -7.29761e-19
6.36 0 -2.86042e-18 0.00389128 -8.59462e-06 0.033127 -4.25958e-18
6.38 0 -1.07874e-17 0.00375047 -2.70744e-05 0.0319287 -4.86374e-18
6.4 0 -2.68952e-18 0.00350356 -4.67562e-05 0.0298274 2.14033e-18
6.42 0 1.70419e-17 0.00317585 -6.41334e-05 0.0270385 2.71809e-17
6.44 0 8.14945e-18 0.00275539 -7.7576e-05 0.0234602 -7.55792e-18
6.46 0 -1.0993e-17 0.00226783 -8.74615e-05 0.0193109 -3.30629e-17
6.48 0 1.11776e-17 0.00173723 -9.48052e-05 0.0147953 -9.67859e-18
6.5 0 -1.14346e-18 0.001189 -9.99158e-05 0.0101297 1.34874e-17
6.52 0 2.74779e-18 0.000638569 -0.000102923 0.0054453 1.04478e-17
6.54 0 8.93292e-19 9.02726e-05 -0.000106689 0.00077911 1.13447e-17
6.56 0 4.2938e-18 -0.000476645 -0.000114041 -0.00404556 1.59854e-17
6.58 0 -2.58897e-18 -0.00108739 -0.000126287 -0.00924319 1.26855e-17
6.6 0 6.08892e-18 -0.00173318 -0.000142168 -0.0147392 -4.10072e-18
6.62 0 6.02325e-18 -0.00235828 -0.000156082 -0.0200595 2.61771e-17
6.64 0 4.86906e-18 -0.00288673 -0.00016145 -0.0245592 -1.47588e-17
6.66 0 6.07771e-18 -0.00325876 -0.000153645 -0.027731 -8.93221e-18
6.68 0 1.86738e-18 -0.00346382 -0.000131522 -0.0294825 3.67862e-18
6.7 0 1.6695e-18 -0.00354567 -9.65671e-05 -0.0301828 8.70678e-18
6.72 0 -1.26611e-19 -0.00355427 -5.19519e-05 -0.0302564 8.7031e-18
6.74 0 -7.55032e-19 -0.00345292 -1.99567e-06 -0.0293939 -1.44494e-19
6.76 0 -1.5203e-19 -0.00324941 4.76746e-05 -0.0276619 1.26579e-17
6.78 0 -6.95322e-18 -0.00302003 9.07401e-05 -0.0257098 7.41946e-18
6.8 0 -4.5429e-18 -0.00280129 0.000122552 -0.0238482 1.4233e-17
6.82 0 -7.86484e-18 -0.00261466 0.000142032 -0.0222599 -7.29205e-18
6.84 0 4.81729e-18 -0.00246166 0.000150361 -0.0209579 3.64995e-19
6.86 0 9.34989e-18 -0.00233909 0.000148597 -0.0199148 1.0365e-17
6.88 0 -1.99916e-17 -0.00221176 0.000139318 -0.0188311 -6.61899e-18
6.9 0 4.93934e-18 -0.00199791 0.000129483 -0.0170112 8.34071e-18
6.92 0 1.45573e-18 -0.00162589 0.000123724 -0.0138452 5.35012e-18
6.94 0 -3.21891e-18 -0.00109411 0.000118615 -0.00931955 -1.92484e-17
6.96 0 1.14469e-17 -0.000447272 0.000108294 -0.00381473 6.42501e-18
6.98 0 -8.14623e-18 0.000261614 9.11961e-05 0.00221813 6.31263e-18
7 0 -7.57931e-18 0.000962407 6.98606e-05 0.00818213 1.5158e-17
7.02 0 -3.34898e-18 0.00156498 4.58063e-05 0.0133102 -1.34705e-17
7.04 0 1.41887e-17 0.00199869 1.80995e-05 0.0170014 1.38579e-17
7.06 0 -2.70023e-18 0.0022429 -1.32124e-05 0.0190798 -9.57182e-18
7.08 0 3.61631e-18 0.00231857 -4.39681e-05 0.0197239 -7.77425e-18
7.1 0 1.99534e-18 0.00226416 -6.68314e-05 0.0192608 3.89572e-18
7.12 0 -1.44369e-18 0.00213272 -7.57096e-05 0.0181422 7.68798e-18
7.14 0 -2.38268e-18 0.00198914 -7.00428e-05 0.0169203 4.9042e-18
7.16 0 -1.83729e-20 0.00186919 -5.53047e-05 0.0158995 1.24855e-18
7.18 0 6.4489e-18 0.00178083 -3.94241e-05 0.0151475 7.40905e-19
7.2 0 -6.77622e-18 0.00172371 -2.89031e-05 0.0146614 -7.78519e-18
7.22 0 1.09982e-18 0.00167525 -2.81036e-05 0.014249 3.90678e-18
7.24 0 -5.7537e-18 0.00158527 -4.02771e-05 0.0134833 -2.22659e-17
7.26 0 -1.08347e-18 0.00139713 -6.65828e-05 0.0118821 -1.55678e-17
7.28 0 -1.03392e-17 0.00108127 -0.000103743 0.00919396 -2.36366e-17
7.3 0 2.44227e-18 0.00064348 -0.000143871 0.00546826 -2.24187e-17
7.32 0 -9.36555e-18 0.000117023 -0.00017688 0.000987926 -3.52041e-18
7.34 0 -1.29021e-17 -0.000447977 -0.000193248 -0.00382042 -2.7368e-17
7.36 0 2.43774e-18 -0.000997972 -0.000186191 -0.00850108 -1.95699e-17
7.38 0 7.3483e-18 -0.00148763 -0.000153506 -0.0126682 -5.80649e-18
7.4 0 -1.31341e-17 -0.00187973 -9.85749e-05 -0.0160051 2.87718e-19
7.42 0 4.48653e-18 -0.00214205 -2.92275e-05 -0.0182376 -1.24722e-17
7.44 0 1.0802e-18 -0.00225501 4.43889e-05 -0.0191989 -1.20532e-18
7.46 0 -4.01656e-18 -0.0022238 0.00011178 -0.0189333 1.47154e-17
7.48 0 1.56768e-18 -0.00208117 0.0001637 -0.0177195 7.30274e-18
7.5 0 -1.55403e-19 -0.00187968 0.000193344 -0.0160048 4.22325e-18
7.52 0 -7.1088e-20 -0.00167166 0.000197927 -0.0142344 3.02832e-18
7.54 0 -8.4149e-18 -0.00148805 0.000179882 -0.0126718 -8.86436e-18
7.56 0 7.28614e-18 -0.00133097 0.000146271 -0.011335 4.05627e-19
7.58 0 -2.11965e-18 -0.00118085 0.000106225 -0.0100575 5.06863e-18
7.6 0 -2.37338e-18 -0.00101159 6.79043e-05 -0.00861704 1.84097e-18
7.62 0 1.43688e-18 -0.000801699 3.657e-05 -0.00683075 1.58305e-18
7.64 0 -3.72465e-18 -0.000538103 1.42246e-05 -0.00458746 -1.13502e-18
7.66 0 4.25978e-18 -0.000215472 2.61767e-07 -0.00184176 -5.98662e-19
7.68 0 -6.97194e-19 0.00016209 -7.71592e-06 0.00137143 5.95238e-18
7.7 0 -1.51725e-18 0.000575627 -1.32094e-05 0.00489077 3.1094e-18
7.72 0 5.13873e-18 0.000988551 -2.00897e-05 0.0084049 1.36333e-17
7.74 0 -6.04109e-18 0.00135329 -3.15339e-05 0.011509 -5.68478e-18
7.76 0 -1.45325e-18 0.00162599 -4.86537e-05 0.0138297 -3.90935e-18
7.78 0 3.77159e-18 0.00178096 -6.98374e-05 0.0151485 -2.47177e-18
7.8 0 2.88647e-18 0.00181764 -9.15837e-05 0.0154608 1.14193e-17
7.82 0 -2.35967e-18 0.00175631 -0.000110035 0.0149388 6.35693e-18
7.84 0 2.84024e-19 0.00163235 -0.000122077 0.0138839 2.29157e-18
7.86 0 -5.87495e-19 0.00148605 -0.000125912 0.0126388 6.81195e-18
7.88 0 5.27508e-20 0.00134241 -0.000121365 0.0114164 9.60446e-18
7.9 0 4.76393e-19 0.00120658 -0.000109832 0.0102604 3.57282e-18
7.92 0 9.57693e-18 0.0010723 -9.38716e-05 0.00911761 2.65006e-17
7.94 0 -1.39203e-17 0.00093094 -7.65203e-05 0.00791462 -1.0742e-17
7.96 0 1.23122e-17 0.000776715 -6.02559e-05 0.00660211 4.51125e-18
7.98 0 -9.46843e-18 0.000603176 -4.611e-05 0.00512523 -2.96139e-17
8 0 -1.51503e-17 0.00039752 -3.37336e-05 0.00337502 -2.1529e-17
8.02 0 4.0347e-18 0.000141114 -2.20536e-05 0.00119292 -1.20013e-17
8.04 0 6.99022e-18 -0.000178292 -9.59695e-06 -0.00152534 8.05253e-18
8.06 0 4.43727e-18 -0.000551509 5.49904e-06 -0.00470155 -3.81373e-18
8.08 0 9.04918e-18 -0.000944079 2.50111e-05 -0.00804246 2.62031e-18
8.1 0 6.60851e-18 -0.0013081 4.94895e-05 -0.0111404 -1.31051e-17
8.12 0 4.40864e-18 -0.00160067 7.72478e-05 -0.0136302 -1.3768e-18
8.14 0 -4.43691e-18 -0.00179598 0.000104335 -0.0152925 -2.28597e-18
8.16 0 -4.06386e-18 -0.00188589 0.0001256 -0.0160576 -8.63285e-18
8.18 0 -2.99873e-18 -0.00187595 0.000136223 -0.015973 -7.84725e-18
8.2 0 -2.64152e-19 -0.00178532 0.000132901 -0.0152017 3.50388e-18
8.22 0 -6.74399e-18 -0.00164742 0.000114355 -0.0140281 -7.33668e-18
8.24 0 6.5751e-20 -0.00150166 8.1593e-05 -0.0127877 -3.17286e-18
8.26 0 -9.72016e-19 -0.00137961 3.81621e-05 -0.0117489 -1.57173e-18
8.28 0 -1.66895e-17 -0.00129491 -1.00029e-05 -0.0110281 -8.55119e-18
8.3 0 5.18276e-18 -0.00123832 -5.56318e-05 -0.0105465 -1.86678e-17
8.32 0 -9.01782e-18 -0.00117895 -9.1926e-05 -0.0100412 -1.8182e-17
8.34 0 3.70044e-18 -0.00107487 -0.000114395 -0.00915554 5.66856e-18
8.36 0 1.15789e-17 -0.000890553 -0.000122056 -0.00758693 8.23612e-18
8.38 0 -1.62345e-17 -0.000611102 -0.000117504 -0.0052087 -2.60012e-17
8.4 0 1.80539e-18 -0.000247719 -0.000105642 -0.00211619 -2.6663e-17
8.42 0 5.59901e-18 0.000164824 -9.18567e-05 0.0013947 5.77821e-18
8.44 0 1.2848e-18 0.000576928 -8.08109e-05 0.00490185 -1.07384e-17
8.46 0 4.85461e-18 0.000937946 -7.5606e-05 0.00797424 3.29224e-17
8.48 0 2.64704e-18 0.0012106 -7.7148e-05 0.0102947 -8.6669e-18
8.5 0 -5.15356e-18 0.00137939 -8.38686e-05 0.0117311 -4.47368e-17
8.52 0 7.52052e-18 0.00145044 -9.19714e-05 0.0123357 -4.22842e-18
8.54 0 3.93533e-19 0.00144528 -9.65162e-05 0.0122918 -1.99809e-18
8.56 0 2.58924e-19 0.00139036 -9.30256e-05 0.0118245 -2.15152e-18
8.58 0 2.09115e-18 0.001309 -7.90784e-05 0.0111321 -9.86495e-19
8.6 0 3.35152e-19 0.0012153 -5.51894e-05 0.0103346 -6.73854e-18
8.62 0 2.66214e-18 0.00111463 -2.45621e-05 0.00947784 7.00363e-19
8.64 0 -5.22001e-19 0.00100674 8.01874e-06 0.00855971 8.12934e-19
8.66 0 -8.76883e-19 0.000884003 3.7447e-05 0.00751516 -7.06021e-18
8.68 0 5.11244e-18 0.000731716 5.92946e-05 0.00621914 -1.85648e-18
8.7 0 -6.10145e-18 0.000532479 7.06493e-05 0.00452357 -1.42036e-17
8.72 0 -2.24569e-19 0.000273017 7.09195e-05 0.00231546 3.53048e-18
8.74 0 -6.68242e-18 -5.00932e-05 6.23002e-05 -0.000434323 -4.56445e-18
8.76 0 1.02872e-17 -0.000425694 4.93123e-05 -0.00363081 -2.3872e-18
8.78 0 -2.80615e-18 -0.000825986 3.73225e-05 -0.00703744 -1.84247e-18
8.8 0 4.60797e-18 -0.00121118 3.06847e-05 -0.0103155 -9.6881e-18
8.82 0 5.22686e-18 -0.00154064 3.13508e-05 -0.0131194 1.53349e-17
8.84 0 -1.27735e-17 -0.00178386 3.84846e-05 -0.0151893 -1.45023e-17
8.86 0 5.86138e-18 -0.00192644 4.88443e-05 -0.0164027 -6.6822e-18
8.88 0 -1.44153e-18 -0.0019714 5.77034e-05 -0.0167854 6.652e-18
8.9 0 7.23123e-18 -0.00193542 6.02931e-05 -0.0164791 6.13902e-18
8.92 0 -1.23011e-18 -0.00184031 5.33086e-05 -0.0156697 -1.80977e-18
8.94 0 1.65006e-19 -0.00170634 3.59387e-05 -0.0145296 -5.50498e-19
8.96 0 1.71656e-19 -0.00155109 1.02518e-05 -0.0132083 -1.72487e-18
8.98 0 -3.44924e-18 -0.00138922 -1.91241e-05 -0.0118307 -1.01538e-18
9 0 -2.06801e-18 -0.00122709 -4.62045e-05 -0.0104509 -1.8264e-17
9.02 0 -5.3671e-18 -0.0010558 -6.54088e-05 -0.00899328 -2.51707e-17
9.04 0 1.73872e-17 -0.00085184 -7.3093e-05 -0.00725747 1.26869e-18
9.06 0 -5.29848e-18 -0.000587996 -6.84688e-05 -0.00501207 3.50591e-18
9.08 0 -6.33584e-18 -0.0002502 -5.39885e-05 -0.0021373 -2.01015e-17
9.1 0 1.98375e-18 0.000148743 -3.4924e-05 0.00125784 -1.10792e-17
9.12 0 6.297e-18 0.00056782 -1.77133e-05 0.00482433 -1.80674e-17
9.14 0 7.46669e-18 0.000955783 -7.64288e-06 0.00812603 9.17279e-18
9.16 0 -3.33527e-18 0.00127834 -7.25102e-06 0.0108711 -3.5756e-18
9.18 0 -3.91144e-18 0.00152918 -1.6049e-05 0.0130058 -1.91364e-17
9.2 0 -9.62248e-19 0.0017169 -3.11563e-05 0.0146034 -6.92131e-18
9.22 0 -1.52578e-18 0.00184894 -4.83303e-05 0.0157271 -4.10506e-18
9.24 0 3.25154e-18 0.00192868 -6.30407e-05 0.0164057 8.03089e-18
9.26 0 1.01224e-19 0.00195811 -7.133e-05 0.0166562 6.20671e-18
9.28 0 -9.61446e-19 0.00193656 -7.04715e-05 0.0164728 -2.58606e-18
9.3 0 7.68819e-19 0.00186228 -5.99049e-05 0.0158406 -3.31539e-18
9.32 0 -7.95171e-19 0.00174275 -4.22278e-05 0.0148234 -1.97746e-18
9.34 0 1.99548e-18 0.00159326 -2.27083e-05 0.0135512 1.53322e-19
9.36 0 -3.8792e-18 0.00142527 -6.77805e-06 0.0121215 -1.34666e-19
9.38 0 -6.52401e-19 0.00124106 2.38315e-06 0.0105538 -5.54405e-18
9.4 0 5.77848e-18 0.00103689 4.10495e-06 0.00881627 3.00303e-18
9.42 0 -4.17756e-18 0.000806208 -8.6593e-07 0.0068531 -3.92203e-18
9.44 0 -1.27561e-18 0.000539457 -1.08028e-05 0.00458295 4.38291e-18
9.46 0 3.8588e-21 0.00023225 -2.25368e-05 0.00196852 1.31384e-17
9.48 0 -5.55222e-18 -0.000104726 -3.1448e-05 -0.000899269 -2.85867e-18
9.5 0 -5.95013e-19 -0.000447711 -3.28153e-05 -0.00381819 -1.0727e-18
9.52 0 8.99168e-19 -0.000769361 -2.39484e-05 -0.00655554 -4.94783e-18
9.54 0 -7.35511e-18 -0.00104412 -5.58812e-06 -0.00889383 -6.59708e-18
9.56 0 1.01029e-19 -0.00125155 1.84003e-05 -0.0106592 -3.53778e-18
9.58 0 1.62148e-18 -0.00138244 4.26405e-05 -0.0117731 -5.94059e-18
9.6 0 1.6266e-18 -0.0014419 6.18923e-05 -0.0122791 -3.4981e-18
9.62 0 2.04071e-19 -0.00144437 7.19713e-05 -0.0123001 -2.61354e-18
9.64 0 1.85549e-19 -0.00140607 7.03269e-05 -0.0119741 5.19898e-19
9.66 0 -1.33762e-18 -0.00134172 5.67758e-05 -0.0114265 -3.28041e-18
9.68 0 -2.51672e-18 -0.00126289 3.40052e-05 -0.0107556 -1.83266e-18
9.7 0 -2.41383e-20 -0.00117407 7.01557e-06 -0.00999978 -4.54938e-18
9.72 0 -6.66165e-18 -0.00107033 -1.84692e-05 -0.00911691 -5.68844e-18
9.74 0 1.40401e-18 -0.000939598 -3.76746e-05 -0.00800432 7.51693e-19
9.76 0 7.45783e-18 -0.000767555 -4.77542e-05 -0.00654017 2.39781e-18
9.78 0 -6.49809e-18 -0.000543727 -4.80612e-05 -0.00463532 -6.26202e-18
9.8 0 -1.95304e-18 -0.000269327 -4.00784e-05 -0.00230008 6.86393e-18
9.82 0 2.04503e-18 3.74136e-05 -2.71402e-05 0.000310393 3.32323e-18
9.84 0 9.14474e-19 0.000346254 -1.37333e-05 0.00293874 3.4704e-18
9.86 0 -9.0143e-18 0.000629395 -4.23875e-06 0.00534836 -1.31876e-17
9.88 0 1.61349e-19 0.000872866 -1.48124e-06 0.00742038 2.21275e-19
9.9 0 -1.69114e-18 0.00107553 -5.8972e-06 0.00914511 -8.89013e-18
9.92 0 -3.83546e-19 0.00124012 -1.58313e-05 0.0105459 -6.824e-18
9.94 0 1.09486e-18 0.00136615 -2.85928e-05 0.0116184 -1.25949e-18
9.96 0 5.09554e-19 0.00144932 -4.13929e-05 0.0123262 -1.72654e-21
9.98 0 1.01908e-18 0.00148716 -5.17044e-05 0.0126483 3.79137e-18
10 0 -1.36048e-18 0.00148576 -5.74119e-05 0.0126364 -7.5817e-19
10.02 0 3.48294e-19 0.00145845 -5.72252e-05 0.0124039 -1.25462e-17
10.04 0 1.26812e-18 0.00141633 -5.1231e-05 0.0120455 -6.96297e-18
10.06 0 -4.90855e-18 0.0013587 -4.10772e-05 0.011555 -1.25541e-17
10.08 0 -6.24416e-18 0.00127442 -2.94189e-05 0.0108378 -4.21819e-17
10.1 0 1.6105e-17 0.00115263 -1.87435e-05 0.00980128 -1.91981e-17
10.12 0 5.16733e-18 0.000990457 -1.02752e-05 0.00842113 6.0209e-18
10.14 0 8.35811e-18 0.000793162 -3.77948e-06 0.00674208 1.16263e-17
10.16 0 2.78208e-18 0.000569173 1.68205e-06 0.00483585 7.4067e-18
10.18 0 3.03618e-18 0.000325086 6.85407e-06 0.00275859 9.89828e-18
10.2 0 -2.15579e-18 6.39934e-05 1.1932e-05 0.000536596 3.93718e-18
10.22 0 -2.14438e-19 -0.000209959 1.67612e-05 -0.00179484 -4.54283e-18
10.24 0 -1.20129e-19 -0.000484509 2.11338e-05 -0.00413135 1.66435e-18
10.26 0 2.71775e-19 -0.000738768 2.46775e-05 -0.00629518 1.15385e-18
10.28 0 -2.46575e-18 -0.000951913 2.64167e-05 -0.00810912 -2.40158e-19
10.3 0 7.36903e-20 -0.0011126 2.47597e-05 -0.00947663 4.12943e-19
10.32 0 -2.1872e-19 -0.00122029 1.83378e-05 -0.0103931 -2.7017e-18
10.34 0 3.77174e-18 -0.00127935 7.03819e-06 -0.0108957 3.38802e-18
10.36 0 -1.85366e-18 -0.00129362 -7.65978e-06 -0.0110171 6.83391e-19
10.38 0 2.31003e-18 -0.00126604 -2.31701e-05 -0.0107825 -1.34398e-18
10.4 0 -3.77916e-19 -0.00120086 -3.6681e-05 -0.0102278 -6.55087e-18
10.42 0 -2.54667e-18 -0.00110344 -4.59477e-05 -0.00939864 1.71e-18
10.44 0 -2.26681e-18 -0.000977423 -4.96448e-05 -0.00832622 4.78432e-18
10.46 0 -5.24962e-18 -0.000821637 -4.73261e-05 -0.00700043 -1.80295e-18
10.48 0 6.71682e-18 -0.000630021 -3.93994e-05 -0.00536971 9.22191e-18
10.5 0 -1.04647e-17 -0.000396712 -2.73204e-05 -0.00338417 -3.87891e-18
10.52 0 4.23726e-19 -0.000122292 -1.3699e-05 -0.00104876 -7.34814e-18
10.54 0 -4.14493e-18 0.000184886 -1.8622e-06 0.00156544 -7.38589e-18
10.56 0 -2.10355e-18 0.000511279 5.15858e-06 0.00434316 -8.9314e-18
10.58 0 1.23104e-18 0.000838985 5.69127e-06 0.00713204 -3.95505e-18
10.6 0 -1.11965e-18 0.001145 -8.2511e-08 0.00973634 5.90887e-19
10.62 0 -4.66293e-19 0.00140351 -1.04034e-05 0.0119364 -1.33396e-19
10.64 0 9.80216e-20 0.00159133 -2.26696e-05 0.0135348 2.36884e-19
10.66 0 3.73819e-19 0.00169391 -3.41146e-05 0.0144077 -3.07875e-19
10.68 0 1.45552e-18 0.00171113 -4.22102e-05 0.0145543 5.84097e-18
10.7 0 -6.43746e-19 0.00165823 -4.50261e-05 0.0141041 1.42207e-18
10.72 0 2.6442e-18 0.0015588 -4.17323e-05 0.0132579 8.32448e-18
10.74 0 -4.63665e-19 0.0014315 -3.30173e-05 0.0121745 -2.48765e-18
10.76 0 1.69751e-18 0.0012811 -2.11082e-05 0.0108946 -2.43127e-18
10.78 0 1.01126e-17 0.00110326 -9.29053e-06 0.00938115 5.51312e-18
10.8 0 5.07247e-18 0.000891798 -9.47949e-07 0.00758151 5.69402e-18
10.82 0 -6.397e-18 0.000642622 1.62076e-06 0.00546093 -7.99293e-18
10.84 0 6.38444e-18 0.0003573 -2.03484e-06 0.00303274 6.53282e-18
10.86 0 -6.80493e-18 4.32982e-05 -1.06233e-05 0.000360472 2.4094e-18
10.88 0 8.8439e-18 -0.000289414 -2.17647e-05 -0.00247102 1.21093e-17
10.9 0 -6.1491e-19 -0.000628743 -3.26032e-05 -0.00535883 6.33575e-18
10.92 0 -5.8353e-18 -0.00095528 -4.02689e-05 -0.00813778 -3.77125e-18
10.94 0 3.64439e-18 -0.00124232 -4.23982e-05 -0.0105805 5.1566e-18
10.96 0 2.50564e-18 -0.00146632 -3.7723e-05 -0.0124869 9.4177e-18
10.98 0 -6.52668e-19 -0.00161681 -2.65197e-05 -0.0137677 1.47803e-18
11 0 -2.04061e-22 -0.00169556 -1.07445e-05 -0.0144378 3.74727e-19
11.02 0 3.58366e-19 -0.00170957 6.37047e-06 -0.0145571 -6.87803e-19
11.04 0 -1.52328e-19 -0.00166602 2.13618e-05 -0.0141864 -3.69453e-18
11.06 0 2.1302e-18 -0.00157064 3.16691e-05 -0.0133747 2.70715e-18
11.08 0 -4.44744e-18 -0.00142799 3.61346e-05 -0.0121607 -1.09909e-17
11.1 0 -3.20666e-19 -0.00124297 3.48958e-05 -0.0105861 -7.11071e-19
11.12 0 5.77408e-18 -0.00102327 2.91734e-05 -0.00871638 2.65023e-18
11.14 0 3.96936e-19 -0.000777485 2.10604e-05 -0.00662468 1.12546e-18
11.16 0 -4.07764e-19 -0.000508952 1.30371e-05 -0.00433937 -1.59446e-17
11.18 0 1.60597e-18 -0.000214533 7.14752e-06 -0.00183376 7.38368e-18
11.2 0 3.48818e-18 0.00010786 4.19369e-06 0.000909917 1.09692e-17
11.22 0 -6.66989e-18 0.000452392 3.46535e-06 0.003842 -8.41216e-18
11.24 0 -5.86318e-19 0.000805491 3.16277e-06 0.006847 -9.10636e-18
11.26 0 4.80714e-18 0.00114751 1.18536e-06 0.00975773 -7.65017e-18
11.28 0 -6.02354e-18 0.0014535 -4.13438e-06 0.0123618 -1.14196e-17
11.3 0 -2.19908e-18 0.00169934 -1.35824e-05 0.0144539 -7.93079e-18
11.32 0 1.06263e-18 0.00187162 -2.69395e-05 0.0159201 1.25508e-18
11.34 0 -2.24362e-18 0.0019693 -4.3041e-05 0.0167514 -1.14609e-18
11.36 0 3.43804e-19 0.00199626 -5.98506e-05 0.0169809 1.66028e-18
11.38 0 -4.42306e-19 0.00195646 -7.47061e-05 0.0166421 3.17619e-18
11.4 0 -1.71459e-18 0.00185838 -8.50421e-05 0.0158075 -1.2886e-18
11.42 0 2.89154e-18 0.00171832 -8.93666e-05 0.0146155 6.71161e-18
11.44 0 -6.83698e-18 0.00155141 -8.77637e-05 0.013195 -7.62211e-18
11.46 0 4.96891e-18 0.00136727 -8.15857e-05 0.0116279 -3.87698e-18
11.48 0 -1.85974e-18 0.00117062 -7.28106e-05 0.00995437 -8.70134e-18
11.5 0 4.16561e-18 0.000956748 -6.35264e-05 0.00813425 -4.9868e-18
11.52 0 -5.46122e-19 0.000711076 -5.53271e-05 0.00604349 -1.11312e-17
11.54 0 -7.49962e-19 0.000420763 -4.86171e-05 0.00357283 -1.83921e-17
11.56 0 1.59609e-18 8.75152e-05 -4.25818e-05 0.000736777 -1.17902e-17
11.58 0 1.83423e-18 -0.000275622 -3.60201e-05 -0.00235365 1.10351e-17
11.6 0 -3.02411e-18 -0.000652887 -2.79064e-05 -0.00556431 8.70995e-18
11.62 0 -5.9858e-18 -0.0010235 -1.7164e-05 -0.00871838 2.52726e-18
11.64 0 -1.64429e-18 -0.00135813 -2.74941e-06 -0.0115662 -4.16771e-18
11.66 0 1.95364e-18 -0.00162765 1.54459e-05 -0.0138598 9.30855e-19
11.68 0 3.89684e-18 -0.00181384 3.59567e-05 -0.0154444 4.72141e-18
11.7 0 -1.03668e-19 -0.00191146 5.60454e-05 -0.0162752 4.32259e-19
11.72 0 -7.32609e-19 -0.00192795 7.24658e-05 -0.0164156 -1.68494e-18
11.74 0 -1.1093e-18 -0.00188306 8.2341e-05 -0.0160335 1.25667e-19
11.76 0 -2.75234e-18 -0.00180198 8.40698e-05 -0.0153435 -1.28141e-17
11.78 0 -7.46373e-19 -0.00170276 7.77458e-05 -0.0144991 -3.25889e-18
11.8 0 2.14332e-18 -0.00158901 6.47841e-05 -0.013531 5.65059e-18
11.82 0 1.13463e-19 -0.001454 4.73242e-05 -0.0123821 3.26617e-18
11.84 0 9.69508e-19 -0.00128761 2.79804e-05 -0.010966 1.75091e-18
11.86 0 -7.42345e-18 -0.00108103 9.63921e-06 -0.00920793 -5.19713e-18
11.88 0 8.06092e-19 -0.000829072 -5.22434e-06 -0.0070637 6.92557e-18
11.9 0 -5.96725e-18 -0.0005289 -1.54455e-05 -0.00450913 -1.08223e-17
11.92 0 -3.62299e-19 -0.000178606 -2.1521e-05 -0.00152802 1.12463e-18
11.94 0 2.09052e-19 0.000218385 -2.52216e-05 0.00185052 2.15248e-18
11.96 0 5.85118e-18 0.000644764 -2.89525e-05 0.00547916 8.78733e-18
11.98 0 -2.50966e-18 0.00106703 -3.51089e-05 0.00907281 -8.91198e-19
12 0 -8.9352e-19 0.00144574 -4.52734e-05 0.0122957 8.02175e-18
12.02 0 -6.36843e-18 0.00175156 -5.94599e-05 0.0148984 -5.27298e-18
12.04 0 -3.56489e-18 0.0019739 -7.59608e-05 0.0167906 -6.03271e-18
12.06 0 5.43375e-18 0.00211786 -9.18823e-05 0.0180158 -2.78572e-18
12.08 0 -1.11845e-18 0.00219654 -0.000103941 0.0186853 -2.02517e-18
12.1 0 8.10312e-19 0.00222445 -0.000109267 0.0189228 -4.26791e-19
12.12 0 7.48356e-19 0.00221336 -0.000106167 0.0188285 2.27413e-18
12.14 0 1.31515e-19 0.00217158 -9.4645e-05 0.0184729 2.0697e-18
12.16 0 -6.53294e-19 0.00210655 -7.64583e-05 0.0179195 4.82204e-18
12.18 0 1.61922e-18 0.00202109 -5.47369e-05 0.0171921 -5.88406e-18
12.2 0 -7.10228e-19 0.00190917 -3.3397e-05 0.0162397 -1.99789e-17
12.22 0 6.90809e-18 0.00175666 -1.62761e-05 0.0149418 -1.34848e-18
12.24 0 9.39881e-19 0.0015445 -5.87438e-06 0.0131363 2.6766e-20
12.26 0 5.68203e-18 0.00125666 -2.36542e-06 0.0106866 9.81047e-18
12.28 0 2.74791e-18 0.000887753 -3.79874e-06 0.00754709 6.73691e-18
12.3 0 -5.79212e-18 0.000448816 -7.19595e-06 0.00381158 -9.05196e-20
12.32 0 1.81135e-18 -3.09747e-05 -9.44639e-06 -0.000271606 -4.06542e-19
12.34 0 3.69006e-20 -0.000509408 -7.75832e-06 -0.00434324 -7.56054e-18
12.36 0 1.26806e-18 -0.000944074 -3.13193e-07 -0.0080424 -9.76326e-18
12.38 0 2.19036e-18 -0.001306 1.28433e-05 -0.0111225 -9.28346e-18
12.4 0 4.63116e-18 -0.00158458 2.9519e-05 -0.0134933 2.1179e-18
12.42 0 -5.37618e-18 -0.00178239 4.60912e-05 -0.0151767 -5.25031e-18
12.44 0 -4.50304e-19 -0.0019071 5.86551e-05 -0.0162381 -7.49544e-18
12.46 0 5.41199e-19 -0.0019678 6.40216e-05 -0.0167547 -3.67666e-18
12.48 0 1.45877e-18 -0.00197627 6.04819e-05 -0.0168268 2.84694e-19
12.5 0 -1.32512e-19 -0.00194733 4.82739e-05 -0.0165804 -5.44695e-19
12.52 0 -1.31045e-19 -0.00189487 2.95531e-05 -0.016134 -5.24576e-18
12.54 0 1.69874e-18 -0.0018257 7.91317e-06 -0.0155453 -3.56774e-18
12.56 0 7.22522e-19 -0.00173547 -1.23344e-05 -0.0147775 -7.51127e-18
12.58 0 -1.35691e-19 -0.00160974 -2.71039e-05 -0.0137075 2.71406e-18
12.6 0 -1.06911e-18 -0.00142945 -3.36531e-05 -0.0121731 2.21655e-18
12.62 0 -5.00738e-18 -0.00118046 -3.13887e-05 -0.0100542 -9.03342e-18
12.64 0 -8.02637e-19 -0.000861029 -2.18902e-05 -0.00733567 -2.42757e-18
12.66 0 8.93492e-18 -0.000480442 -8.30768e-06 -0.00409674 1.17337e-17
12.68 0 1.02227e-18 -5.43924e-05 5.41008e-06 -0.000470906 1.2788e-17
12.7 0 1.83523e-18 0.000395062 1.52864e-05 0.0033541 -7.25261e-19
12.72 0 -2.13728e-19 0.000838446 1.80949e-05 0.00712746 -1.09799e-18
12.74 0 -5.14067e-18 0.00124278 1.20229e-05 0.0105685 -1.23775e-17
12.76 0 1.72461e-18 0.00157658 -2.88073e-06 0.0134092 7.67459e-19
12.78 0 -1.59143e-19 0.00181276 -2.44772e-05 0.0154192 4.78565e-18
12.8 0 1.00769e-19 0.00193618 -4.87835e-05 0.0164695 3.21929e-19
12.82 0 2.64319e-18 0.00195406 -7.10611e-05 0.0166217 6.46773e-18
12.84 0 -1.47917e-18 0.00189282 -8.73643e-05 0.0161006 2.18125e-18
12.86 0 -1.15315e-18 0.00178495 -9.5541e-05 0.0151826 3.65116e-19
12.88 0 -2.7517e-18 0.00165585 -9.53539e-05 0.0140839 1.74384e-18
12.9 0 1.98674e-18 0.00151634 -8.8194e-05 0.0128966 4.17188e-18
12.92 0 2.21465e-20 0.0013635 -7.66785e-05 0.0115959 2.15151e-18
12.94 0 -1.71631e-18 0.00118121 -6.40976e-05 0.0100445 2.92249e-18
12.96 0 -1.44724e-18 0.000949554 -5.35786e-05 0.00807303 -2.39785e-18
12.98 0 1.37068e-18 0.000659604 -4.70647e-05 0.00560546 5.30762e-18
13 0 2.63728e-18 0.000314368 -4.46817e-05 0.00266738 2.61989e-18
13.02 0 -7.48333e-19 -7.81051e-05 -4.49384e-05 -0.000672706 2.99194e-18
13.04 0 -3.36933e-18 -0.000502553 -4.54594e-05 -0.00428491 -4.96419e-18
13.06 0 -4.941e-19 -0.000929158 -4.36391e-05 -0.00791547 -1.65443e-18
13.08 0 2.07583e-18 -0.00131797 -3.71536e-05 -0.0112244 4.98039e-18
13.1 0 -3.60444e-18 -0.00163365 -2.45961e-05 -0.013911 -4.43338e-18
13.12 0 -1.50181e-18 -0.00185545 -6.16618e-06 -0.0157985 -3.67367e-18
13.14 0 2.05515e-18 -0.00197868 1.60363e-05 -0.0168473 8.84083e-18
13.16 0 -8.87894e-19 -0.00201433 3.85326e-05 -0.0171507 -2.49636e-19
13.18 0 8.93401e-19 -0.00198583 5.76689e-05 -0.0169081 -1.64531e-18
13.2 0 -8.41454e-20 -0.00191946 7.076e-05 -0.0163433 -9.73514e-19
13.22 0 2.07968e-18 -0.00183381 7.6592e-05 -0.0156144 2.44318e-18
13.24 0 -1.66568e-18 -0.00173598 7.53777e-05 -0.0147818 2.23116e-18
13.26 0 1.39005e-18 -0.00162494 6.85238e-05 -0.0138368 -1.44123e-18
13.28 0 1.24244e-18 -0.00149203 5.83532e-05 -0.0127057 2.11344e-19
13.3 0 2.86569e-18 -0.00132003 4.76435e-05 -0.0112419 1.10814e-18
13.32 0 2.90734e-18 -0.00108915 3.88411e-05 -0.00927706 5.79056e-18
13.34 0 8.03318e-20 -0.000786168 3.31885e-05 -0.00669857 7.15054e-18
13.36 0 1.68467e-18 -0.00040989 3.02581e-05 -0.00349631 4.62468e-18
13.38 0 -2.28811e-18 2.67498e-05 2.81128e-05 0.000219641 -4.15801e-18
13.4 0 8.95122e-18 0.000496039 2.39164e-05 0.00421346 1.17926e-17
13.42 0 -4.54654e-18 0.000958941 1.47696e-05 0.00815291 -1.14516e-17
13.44 0 4.55509e-18 0.00137393 -1.36254e-06 0.0116846 2.50013e-18
13.46 0 -1.99393e-18 0.00170769 -2.48455e-05 0.014525 -9.17681e-19
13.48 0 6.49232e-18 0.00194148 -5.39894e-05 0.0165147 -6.50494e-18
13.5 0 1.63437e-18 0.00206973 -8.52751e-05 0.0176061 -3.20333e-18
13.52 0 -1.34205e-18 0.00209593 -0.000114206 0.0178291 -4.69167e-18
13.54 0 -1.25819e-18 0.00203133 -0.000136546 0.0172793 -1.55176e-19
13.56 0 2.80201e-18 0.00190004 -0.000149393 0.016162 4.4061e-18
13.58 0 -2.25782e-18 0.00173643 -0.000151599 0.0147696 -1.222e-18
13.6 0 6.704e-19 0.00156712 -0.000143677 0.0133287 4.10857e-19
13.62 0 -6.74628e-19 0.00140111 -0.000127665 0.0119159 -3.24238e-18
13.64 0 1.83261e-18 0.00122801 -0.000107002 0.0104428 1.00934e-18
13.66 0 -1.68626e-19 0.00102418 -8.58291e-05 0.00870809 2.64846e-18
13.68 0 -3.1351e-18 0.00077121 -6.75056e-05 0.00655527 -2.26656e-18
13.7 0 -3.72913e-18 0.000468747 -5.33001e-05 0.0039812 -1.65451e-17
13.72 0 3.89809e-18 0.000129304 -4.22285e-05 0.00109242 2.49894e-18
13.74 0 -1.84731e-18 -0.000235501 -3.19694e-05 -0.0020122 1.04548e-17
13.76 0 1.78602e-18 -0.000618096 -2.00535e-05 -0.00526822 6.3911e-18
13.78 0 5.42317e-19 -0.00100724 -4.60922e-06 -0.00857999 -4.45047e-18
13.8 0 1.34094e-17 -0.0013824 1.55111e-05 -0.0117727 1.38827e-17
13.82 0 4.49199e-18 -0.00171535 4.0718e-05 -0.0146062 -8.27507e-18
13.84 0 -1.74902e-17 -0.00197691 7.01481e-05 -0.0168322 3.21525e-18
13.86 0 5.95172e-18 -0.0021486 0.000100892 -0.0182934 -1.28711e-17
13.88 0 -1.22971e-18 -0.00223295 0.000128151 -0.0190112 -7.79944e-18
13.9 0 1.26619e-18 -0.00225211 0.000146835 -0.0191743 1.02591e-17
13.92 0 2.44717e-18 -0.00223373 0.000153544 -0.0190179 -2.55054e-18
13.94 0 1.56443e-18 -0.00219707 0.000147491 -0.0187059 5.34709e-18
13.96 0 1.04922e-19 -0.00214848 0.000130093 -0.0182924 8.81865e-19
13.98 0 -4.38402e-19 -0.00208524 0.000104132 -0.0177541 -1.42572e-18
14 0 7.34922e-19 -0.00200261 7.32166e-05 -0.017051 -1.98513e-18
14.02 0 1.78635e-18 -0.00189525 4.15042e-05 -0.0161372 -4.11582e-19
14.04 0 7.49711e-19 -0.00175375 1.32338e-05 -0.0149331 2.00695e-18
14.06 0 7.00914e-19 -0.00156256 -8.25967e-06 -0.0133059 5.58659e-19
14.08 0 -3.14168e-18 -0.00129992 -2.18962e-05 -0.0110708 4.43809e-19
14.1 0 -6.40182e-19 -0.000946386 -2.96205e-05 -0.00806209 4.99056e-18
14.12 0 5.53982e-18 -0.000502808 -3.54986e-05 -0.00428709 1.55703e-17
14.14 0 -3.66227e-18 -3.54651e-06 -4.35317e-05 -3.82024e-05 -7.10962e-18
14.16 0 -5.07331e-18 0.000489189 -5.59778e-05 0.00415515 -5.88601e-18
14.18 0 5.11094e-18 0.000906695 -7.30585e-05 0.00770827 3.56762e-18
14.2 0 -4.65589e-18 0.00119972 -9.33322e-05 0.010202 -1.0021e-17
14.22 0 -1.67666e-18 0.00135663 -0.000114104 0.0115374 1.42618e-18
14.24 0 1.61679e-17 0.00140371 -0.000131954 0.0119381 2.36516e-17
14.26 0 -5.55537e-18 0.00138976 -0.000143353 0.0118193 -1.05583e-17
14.28 0 6.63733e-18 0.00136393 -0.000145488 0.0115995 -7.18274e-19
14.3 0 2.35511e-18 0.00135431 -0.000137496 0.0115176 -3.08003e-19
14.32 0 6.68687e-19 0.00135829 -0.000121245 0.0115515 -4.63659e-19
14.34 0 1.33213e-19 0.00135344 -0.000100496 0.0115102 -9.28058e-19
14.36 0 6.43725e-19 0.00131441 -7.88282e-05 0.0111781 2.37266e-18
14.38 0 9.99164e-19 0.00122052 -5.82435e-05 0.0103791 1.79049e-18
14.4 0 5.5758e-19 0.00105812 -3.94274e-05 0.00899699 8.22099e-19
14.42 0 -1.74993e-18 0.000822339 -2.25041e-05 0.00699037 3.24541e-18
14.44 0 -3.01998e-18 0.000517132 -7.25374e-06 0.00439296 3.37688e-19
14.46 0 -2.62257e-18 0.000155509 6.975e-06 0.00131542 -1.01602e-17
14.48 0 3.00007e-18 -0.000237554 2.12498e-05 -0.00202968 9.41936e-18
14.5 0 -3.12905e-18 -0.000626267 3.68014e-05 -0.00533777 -1.57275e-17
14.52 0 7.93316e-19 -0.000974031 5.43112e-05 -0.00829736 5.36261e-18
14.54 0 -5.11721e-18 -0.00125491 7.30436e-05 -0.0106877 -1.50687e-17
14.56 0 8.38129e-18 -0.00145884 9.08122e-05 -0.0124232 6.24451e-18
14.58 0 -2.77192e-18 -0.00159069 0.000104986 -0.0135453 2.79587e-17
14.6 0 1.35355e-17 -0.00166426 0.000113448 -0.0141714 3.37876e-17
14.62 0 1.11338e-18 -0.00169235 0.000114796 -0.0144105 3.12051e-17
14.64 0 1.83616e-18 -0.00167898 0.000108412 -0.0142968 1.45808e-17
14.66 0 -5.18365e-18 -0.00162012 9.46134e-05 -0.0137958 1.23193e-17
14.68 0 -3.39299e-18 -0.00151206 7.44343e-05 -0.0128762 -3.47294e-18
14.7 0 4.01758e-20 -0.00136013 4.94588e-05 -0.0115832 -4.38846e-18
14.72 0 -5.53713e-19 -0.00118055 2.22391e-05 -0.0100549 -1.87505e-18
14.74 0 -6.70025e-19 -0.000991958 -3.60431e-06 -0.00844993 -4.66513e-19
14.76 0 1.02033e-19 -0.000800494 -2.46909e-05 -0.0068205 4.34661e-18
14.78 0 5.42035e-19 -0.000592282 -3.94586e-05 -0.00504855 -2.05193e-18
14.8 0 -2.72011e-19 -0.000344098 -4.83293e-05 -0.00293641 -7.16803e-18
14.82 0 8.66531e-18 -4.44336e-05 -5.29475e-05 -0.000386166 9.80137e-18
14.84 0 -7.14321e-18 0.000293576 -5.57628e-05 0.00249041 6.35404e-19
14.86 0 -3.24415e-18 0.000635302 -5.96511e-05 0.00539862 1.66105e-18
14.88 0 -1.1543e-17 0.000940238 -6.69242e-05 0.00799373 -1.69783e-17
14.9 0 -1.25167e-17 0.00118078 -7.83596e-05 0.0100409 -3.19833e-17
14.92 0 1.8405e-19 0.00134879 -9.29303e-05 0.0114706 6.48065e-21
14.94 0 -5.99367e-18 0.00144444 -0.000107982 0.0122847 -1.44628e-17
14.96 0 3.79813e-18 0.00146648 -0.00011974 0.0124722 5.32477e-18
14.98 0 -1.00266e-17 0.00141804 -0.000124505 0.01206 -1.19002e-17
15 0 -2.36972e-18 0.00131485 -0.000119908 0.0111818 -1.4378e-17
15.02 0 2.76276e-18 0.0011784 -0.000105363 0.0100206 -3.52065e-18
15.04 0 6.12545e-19 0.00102368 -8.19664e-05 0.00870385 -2.00737e-18
15.06 0 -4.64637e-19 0.000859306 -5.24334e-05 0.00730498 -4.13783e-18
15.08 0 1.93825e-18 0.000690127 -2.08153e-05 0.0058652 -6.01328e-19
15.1 0 -3.65878e-18 0.00051178 8.42552e-06 0.00434741 3.13164e-18
15.12 0 -3.7743e-18 0.000308534 3.14776e-05 0.00261772 -3.46057e-18
15.14 0 -8.10045e-19 6.19979e-05 4.58829e-05 0.000519603 -3.18783e-18
15.16 0 -8.24432e-18 -0.000236253 5.11231e-05 -0.00201862 -1.33237e-17
15.18 0 1.53978e-17 -0.000576904 4.90463e-05 -0.00491767 -4.73041e-18
15.2 0 4.89814e-18 -0.000932301 4.346e-05 -0.00794222 3.77142e-18
15.22 0 -3.5813e-18 -0.00126457 3.87874e-05 -0.0107699 -8.58265e-18
15.24 0 1.95592e-18 -0.00153937 3.84666e-05 -0.0131086 2.31268e-17
15.26 0 -2.33776e-18 -0.00173591 4.38019e-05 -0.0147812 1.8706e-17
15.28 0 -5.59664e-18 -0.00184889 5.37153e-05 -0.0157427 -1.54679e-18
15.3 0 -1.23175e-19 -0.0018861 6.5384e-05 -0.0160594 -3.01506e-18
15.32 0 8.96382e-19 -0.00186249 7.51003e-05 -0.0158585 -2.29646e-18
15.34 0 -9.82739e-19 -0.0017928 7.88657e-05 -0.0152653 -3.93892e-18
15.36 0 7.85634e-19 -0.00168921 7.32499e-05 -0.0143837 9.11567e-19
15.38 0 3.99196e-19 -0.00156265 5.68606e-05 -0.0133067 -2.21528e-18
15.4 0 -6.5441e-19 -0.00142196 3.12891e-05 -0.0121094 -2.95863e-18
15.42 0 7.46493e-18 -0.00127044 4.88832e-07 -0.0108199 1.32197e-17
15.44 0 1.87687e-18 -0.00110405 -3.06545e-05 -0.00940391 1.07852e-17
15.46 0 -9.15078e-18 -0.000912466 -5.74397e-05 -0.00777342 -9.61363e-18
15.48 0 1.44338e-17 -0.000680495 -7.62519e-05 -0.00579927 3.90253e-17
15.5 0 -1.15216e-17 -0.000394177 -8.55233e-05 -0.0033626 7.91711e-18
15.52 0 7.75038e-18 -5.32673e-05 -8.62231e-05 -0.000461344 2.68737e-17
15.54 0 -6.43951e-18 0.000318498 -8.14302e-05 0.00270251 2.19543e-18
15.56 0 -1.6534e-17 0.000678563 -7.51507e-05 0.00576679 -1.01416e-17
15.58 0 -1.21624e-17 0.000984615 -7.07764e-05 0.0083714 -1.90881e-17
15.6 0 -5.42526e-18 0.0012114 -6.98832e-05 0.0103014 -2.75368e-17
15.62 0 -7.86994e-19 0.00135533 -7.17085e-05 0.0115263 -2.21799e-17
15.64 0 3.58093e-18 0.00142994 -7.37342e-05 0.0121613 -6.44076e-18
15.66 0 2.17555e-18 0.00145687 -7.31916e-05 0.0123904 -6.82837e-18
15.68 0 1.44684e-18 0.00145428 -6.81413e-05 0.0123684 -3.25476e-18
15.7 0 -6.26224e-19 0.00142899 -5.74972e-05 0.0121532 8.20296e-19
15.72 0 -3.40361e-19 0.00138006 -4.09035e-05 0.0117368 -1.95111e-18
15.74 0 3.57631e-18 0.00130691 -1.94561e-05 0.0111142 6.41068e-18
15.76 0 -8.88629e-18 0.00120977 3.74229e-06 0.0102875 -1.50832e-18
15.78 0 -3.18352e-18 0.00108503 2.45303e-05 0.00922597 5.31294e-18
15.8 0 3.06688e-18 0.000926892 3.93799e-05 0.00788015 2.96598e-18
15.82 0 -1.02199e-17 0.000733009 4.63494e-05 0.00623014 -1.03917e-17
15.84 0 3.82773e-18 0.000503353 4.53122e-05 0.00427569 2.44993e-17
15.86 0 7.51221e-18 0.000239321 3.79525e-05 0.00202868 2.74877e-17
15.88 0 -7.39613e-18 -4.95745e-05 2.71861e-05 -0.000429917 3.0589e-18
15.9 0 1.22223e-18 -0.000343271 1.60061e-05 -0.00292937 -1.03207e-17
15.92 0 6.47265e-18 -0.000620509 6.71707e-06 -0.00528877 1.67724e-17
15.94 0 -4.40163e-19 -0.000866649 8.58297e-07 -0.00738351 1.2433e-17
15.96 0 1.97885e-18 -0.00107201 -8.84379e-07 -0.00913124 1.15387e-17
15.98 0 -1.39413e-18 -0.00123076 9.75542e-07 -0.0104822 7.03952e-19
16 0 8.43789e-19 -0.00134313 4.67267e-06 -0.0114385 9.73671e-19
16.02 0 -6.84549e-19 -0.00141225 7.68424e-06 -0.0120268 3.11421e-18
16.04 0 5.51065e-19 -0.00143877 7.45925e-06 -0.0122524 1.90604e-18
16.06 0 -5.00738e-19 -0.00142342 2.28444e-06 -0.0121218 -1.74486e-18
16.08 0 6.32562e-19 -0.00137129 -7.82927e-06 -0.0116781 -5.67601e-18
16.1 0 6.96305e-18 -0.00128869 -2.09561e-05 -0.0109752 4.0489e-18
16.12 0 -7.65173e-19 -0.00117991 -3.42195e-05 -0.0100494 9.16821e-18
16.14 0 7.83852e-19 -0.00104918 -4.50714e-05 -0.00893695 -1.15015e-18
16.16 0 -8.017e-19 -0.000899138 -5.17874e-05 -0.00766 1.59764e-18
16.18 0 2.44963e-18 -0.00072438 -5.33335e-05 -0.00617275 8.54477e-18
16.2 0 -7.19211e-19 -0.000514037 -4.93787e-05 -0.00438266 -6.7446e-18
16.22 0 3.05278e-18 -0.000263133 -4.05459e-05 -0.00224737 -4.33784e-18
16.24 0 -9.30641e-19 2.07043e-05 -2.85832e-05 0.00016818 5.84748e-18
16.26 0 7.25759e-19 0.000317675 -1.62247e-05 0.00269551 2.03377e-18
16.28 0 -3.92424e-19 0.000598086 -6.47069e-06 0.0050819 8.24505e-19
16.3 0 1.21784e-18 0.000830711 -1.35713e-06 0.00706162 4.63108e-18
16.32 0 -4.46189e-19 0.000997931 -1.04018e-06 0.00848472 2.7384e-18
16.34 0 -5.71406e-19 0.00110145 -4.01239e-06 0.00936574 1.63911e-18
16.36 0 -1.04237e-18 0.00115139 -8.17313e-06 0.00979071 -3.94017e-18
16.38 0 -7.70226e-19 0.00115551 -1.17662e-05 0.00982575 -5.4911e-18
16.4 0 4.50977e-18 0.00112023 -1.36784e-05 0.00952549 3.37805e-18
16.42 0 6.26184e-18 0.00105443 -1.33638e-05 0.00896558 7.22742e-18
16.44 0 -3.91837e-18 0.000967493 -1.07947e-05 0.00822569 4.80111e-18
16.46 0 -2.4241e-18 0.000866258 -6.55394e-06 0.00736414 9.38569e-18
16.48 0 -3.47268e-19 0.000754286 -1.96779e-06 0.00641122 -1.05402e-17
16.5 0 3.65156e-18 0.000628801 1.03962e-06 0.00534329 4.4135e-18
16.52 0 -2.93444e-18 0.000479898 6.76173e-07 0.00407608 -1.00137e-18
16.54 0 4.76618e-19 0.000298436 -3.73709e-06 0.00253177 2.31228e-20
16.56 0 4.75915e-18 8.42608e-05 -1.1386e-05 0.000709068 3.41994e-18
16.58 0 -1.75319e-18 -0.00015481 -2.04148e-05 -0.00132551 -4.81846e-18
16.6 0 1.71053e-19 -0.000407297 -2.86234e-05 -0.00347426 -6.20262e-18
16.62 0 5.67306e-19 -0.000657252 -3.40282e-05 -0.00560147 -2.22981e-18
16.64 0 -2.66906e-19 -0.000883889 -3.53103e-05 -0.00753022 7.98659e-19
16.66 0 2.12918e-19 -0.00106832 -3.20657e-05 -0.00909982 -4.10575e-19
16.68 0 7.58979e-19 -0.00120106 -2.48701e-05 -0.0102295 1.95682e-18
16.7 0 1.73805e-18 -0.00128276 -1.5375e-05 -0.0109247 4.32819e-18
16.72 0 1.80574e-18 -0.0013199 -6.16639e-06 -0.0112408 4.09762e-18
16.74 0 -3.26024e-18 -0.00131952 5.25619e-08 -0.0112376 -6.66532e-18
16.76 0 5.71311e-18 -0.0012856 1.59587e-06 -0.0109489 5.0774e-18
16.78 0 -1.21441e-18 -0.00122096 -1.57297e-06 -0.0103988 9.09231e-18
16.8 0 8.48723e-19 -0.00113221 -8.01093e-06 -0.00964352 1.98667e-17
16.82 0 -7.27942e-18 -0.00102783 -1.54631e-05 -0.00875522 -4.58752e-18
16.84 0 -3.50432e-18 -0.000908631 -2.15633e-05 -0.00774079 2.53702e-18
16.86 0 1.27331e-18 -0.000765083 -2.43063e-05 -0.00651914 2.26859e-18
16.88 0 1.1154e-18 -0.000587396 -2.24197e-05 -0.00500697 -3.31257e-18
16.9 0 -6.80896e-18 -0.000375849 -1.58585e-05 -0.00320662 -8.7861e-18
16.92 0 2.5561e-18 -0.000141838 -6.18234e-06 -0.00121511 4.4092e-18
16.94 0 -1.59076e-18 9.70111e-05 3.77051e-06 0.000817578 3.26439e-19
16.96 0 5.74748e-19 0.000323165 1.0978e-05 0.00274223 -2.57975e-18
16.98 0 1.2435e-19 0.000524273 1.33622e-05 0.00445373 1.79953e-18
17 0 -5.9902e-19 0.000692877 1.02362e-05 0.0058886 -1.2327e-18
17.02 0 -1.53328e-19 0.000822826 2.12168e-06 0.00699452 -2.02118e-18
17.04 0 -1.34143e-19 0.000909821 -9.55934e-06 0.00773487 -2.99155e-18
17.06 0 -3.76569e-18 0.00095596 -2.263e-05 0.00812754 -1.85727e-18
17.08 0 3.34685e-18 0.000970801 -3.43374e-05 0.00825383 2.38736e-18
17.1 0 -1.63599e-18 0.000965896 -4.19694e-05 0.00821209 1.70917e-18
17.12 0 -5.26226e-18 0.00094838 -4.38669e-05 0.00806303 -4.1277e-18
17.14 0 4.20823e-18 0.000919242 -4.01298e-05 0.00781505 2.53333e-18
17.16 0 -3.14961e-18 0.000874936 -3.24012e-05 0.00743799 -1.22675e-17
17.18 0 8.34616e-18 0.000809689 -2.29508e-05 0.00688272 4.42135e-18
17.2 0 5.12992e-20 0.000719119 -1.38386e-05 0.00611193 4.89776e-18
17.22 0 9.84914e-19 0.000603453 -6.66148e-06 0.00512757 4.75435e-18
17.24 0 9.54033e-19 0.000465713 -2.62183e-06 0.00395536 -4.25338e-18
17.26 0 2.26177e-19 0.000307159 -2.37355e-06 0.00260601 -1.48164e-18
17.28 0 5.92346e-19 0.000128163 -5.66002e-06 0.00108269 3.34391e-19
17.3 0 -8.64151e-19 -6.58985e-05 -1.12286e-05 -0.00056884 2.8535e-19
17.32 0 -7.16077e-19 -0.000262564 -1.72038e-05 -0.00224253 1.25826e-18
17.34 0 -4.94609e-20 -0.000447293 -2.17121e-05 -0.00381464 1.45065e-18
17.36 0 -2.99433e-18 -0.000609718 -2.35523e-05 -0.00519693 -8.06224e-18
17.38 0 -1.90571e-18 -0.000745305 -2.26381e-05 -0.00635082 -1.44725e-17
17.4 0 -4.34041e-18 -0.000852414 -1.98879e-05 -0.00726236 -1.26816e-17
17.42 0 6.92241e-19 -0.000929006 -1.65999e-05 -0.00791418 2.48565e-18
17.44 0 -4.52349e-18 -0.000973348 -1.37907e-05 -0.00829155 -3.53878e-18
17.46 0 7.91144e-18 -0.00098771 -1.19769e-05 -0.00841378 1.14809e-17
17.48 0 -6.83386e-19 -0.000978928 -1.13964e-05 -0.00833904 1.49478e-17
17.5 0 -3.2753e-18 -0.000953188 -1.21819e-05 -0.00811999 1.27309e-17
17.52 0 -6.77314e-18 -0.000910403 -1.41693e-05 -0.00775587 -3.86009e-18
17.54 0 2.54578e-18 -0.000844318 -1.66489e-05 -0.00719346 6.6814e-18
17.56 0 6.17427e-19 -0.000747851 -1.85182e-05 -0.0063725 9.23836e-18
17.58 0 -8.11473e-19 -0.000618604 -1.88486e-05 -0.00527255 8.8832e-18
17.6 0 -3.74085e-18 -0.000461021 -1.74509e-05 -0.00393147 -2.69892e-18
17.62 0 -3.37399e-20 -0.000284895 -1.4962e-05 -0.00243258 5.26718e-22
17.64 0 2.70347e-20 -0.000101274 -1.23197e-05 -0.000869898 -4.65165e-19
17.66 0 9.89608e-19 8.13374e-05 -1.01089e-05 0.00068419 2.18806e-18
17.68 0 -3.98121e-18 0.000257029 -8.38408e-06 0.00217939 -2.27658e-18
17.7 0 4.11737e-18 0.000419568 -6.97808e-06 0.00356265 4.67524e-18
17.72 0 -4.66652e-18 0.000560763 -5.78394e-06 0.00476427 2.35965e-18
17.74 0 1.38209e-18 0.000671835 -4.69413e-06 0.00570953 7.04738e-18
17.76 0 7.35551e-19 0.000746468 -3.39175e-06 0.00634469 1.77282e-18
17.78 0 -3.59111e-18 0.000784182 -1.36677e-06 0.00666564 -9.04117e-18
17.8 0 -1.56487e-18 0.00079115 1.74727e-06 0.00672494 -4.02322e-18
17.82 0 -4.19458e-18 0.000775468 5.78633e-06 0.00659148 2.87425e-18
17.84 0 1.44877e-18 0.000740521 9.93202e-06 0.00629408 7.36407e-18
17.86 0 3.16604e-18 0.000683721 1.29285e-05 0.00581068 1.29048e-18
17.88 0 -5.17596e-19 0.000601351 1.34986e-05 0.00510968 -7.84329e-18
17.9 0 3.12328e-21 0.00049327 1.07149e-05 0.00418988 -2.36803e-18
17.92 0 -3.27741e-18 0.000362923 4.17432e-06 0.00308058 -2.88916e-18
17.94 0 1.09039e-18 0.000215003 -5.97258e-06 0.00182173 9.30497e-19
17.96 0 -2.82706e-19 5.42771e-05 -1.90269e-05 0.000453897 6.80699e-19
17.98 0 1.77311e-18 -0.000114753 -3.37295e-05 -0.000984609 5.37058e-18
18 0 1.23773e-19 -0.000287574 -4.82605e-05 -0.00245537 4.53701e-18
18.02 0 -4.02356e-18 -0.000457978 -6.04372e-05 -0.00390557 -2.51507e-18
18.04 0 -9.76275e-19 -0.000617281 -6.83235e-05 -0.0052613 9.62703e-18
18.06 0 -1.85527e-18 -0.000756619 -7.09916e-05 -0.00644711 -5.04421e-18
18.08 0 -1.36704e-18 -0.000869346 -6.87763e-05 -0.00740646 -3.30102e-18
18.1 0 -1.57786e-18 -0.000950849 -6.28384e-05 -0.00810007 -2.22037e-17
18.12 0 1.13272e-17 -0.000998679 -5.45964e-05 -0.00850713 1.48132e-17
18.14 0 4.45762e-19 -0.0010144 -4.55025e-05 -0.00864092 -4.13802e-18
18.16 0 -4.03243e-18 -0.00100296 -3.69778e-05 -0.00854358 9.24752e-18
18.18 0 -7.54933e-18 -0.000968274 -3.01573e-05 -0.00824837 -4.28647e-18
18.2 0 -3.92754e-18 -0.00091001 -2.55293e-05 -0.00775252 -1.35294e-17
18.22 0 3.00646e-18 -0.000825165 -2.27141e-05 -0.00703046 -2.21715e-19
18.24 0 -3.2081e-19 -0.000711698 -2.05181e-05 -0.00606482 -4.01022e-19
18.26 0 -1.76229e-18 -0.000570563 -1.73965e-05 -0.00486371 -2.62928e-18
18.28 0 4.8555e-18 -0.000405847 -1.21652e-05 -0.00346192 6.58354e-18
18.3 0 -1.19032e-18 -0.000223651 -4.45156e-06 -0.00191137 -1.60202e-19
18.32 0 -2.35538e-18 -3.03146e-05 5.39739e-06 -0.000266009 -1.78569e-18
18.34 0 1.43897e-18 0.000168033 1.66198e-05 0.00142199 -3.2257e-19
18.36 0 6.6859e-18 0.000363788 2.81562e-05 0.00308794 1.12692e-17
18.38 0 2.36773e-19 0.000546855 3.86476e-05 0.00464591 8.06204e-18
18.4 0 3.50247e-18 0.000706872 4.66102e-05 0.00600771 2.07897e-17
18.42 0 7.52904e-19 0.000836341 5.08329e-05 0.00710953 1.23329e-17
18.44 0 -1.5305e-18 0.000931179 5.07483e-05 0.00791663 1.40773e-17
18.46 0 9.98561e-18 0.000989416 4.65306e-05 0.00841225 7.71983e-18
18.48 0 4.23193e-18 0.00101068 3.89055e-05 0.00859321 2.54638e-19
18.5 0 -1.04693e-17 0.00099657 2.88435e-05 0.00847313 -1.89457e-17
18.52 0 -1.39112e-18 0.000950173 1.7292e-05 0.00807829 -3.09923e-17
18.54 0 3.81334e-18 0.000874682 5.02502e-06 0.00743583 -1.53367e-17
18.56 0 3.15931e-19 0.000772363 -7.4069e-06 0.00656506 -7.40647e-18
18.58 0 2.68582e-19 0.000644725 -1.9718e-05 0.00547882 -7.85888e-18
18.6 0 1.78484e-18 0.000493526 -3.18741e-05 0.00419206 -9.76636e-18
18.62 0 1.89431e-18 0.000321924 -4.39032e-05 0.00273166 1.4841e-18
18.64 0 -4.13589e-19 0.000135499 -5.55927e-05 0.00114513 -3.02295e-18
18.66 0 1.71798e-18 -5.78643e-05 -6.63132e-05 -0.000500466 -2.51265e-18
18.68 0 7.44776e-19 -0.000249734 -7.50887e-05 -0.00213335 3.67507e-18
18.7 0 1.52386e-18 -0.00043296 -8.08302e-05 -0.00369266 7.43883e-18
18.72 0 2.39118e-18 -0.000601517 -8.26333e-05 -0.00512714 1.94579e-18
18.74 0 4.59704e-18 -0.000749147 -8.00525e-05 -0.00638352 3.83587e-18
18.76 0 5.08746e-18 -0.000869429 -7.32354e-05 -0.00740717 1.66234e-17
18.78 0 -7.75105e-19 -0.00095772 -6.28755e-05 -0.00815855 -2.73881e-18
18.8 0 1.09826e-17 -0.00101289 -5.0084e-05 -0.00862804 1.3361e-17
18.82 0 -3.37678e-18 -0.00103708 -3.6238e-05 -0.00883396 -1.92884e-20
18.84 0 -3.79863e-18 -0.00103366 -2.27312e-05 -0.0088048 -3.24576e-18
18.86 0 -3.47951e-18 -0.00100469 -1.06222e-05 -0.00855831 -1.22894e-17
18.88 0 -3.28914e-18 -0.000949939 -3.86668e-07 -0.00809233 2.95459e-18
18.9 0 -1.41918e-18 -0.000867903 8.05526e-06 -0.00739417 6.2378e-18
18.92 0 -2.57367e-18 -0.000758447 1.5123e-05 -0.00646267 1.40064e-18
18.94 0 -8.13807e-19 -0.00062482 2.13572e-05 -0.00532546 -1.27961e-19
18.96 0 7.71303e-19 -0.000473353 2.72308e-05 -0.00403642 4.26923e-18
18.98 0 2.14784e-19 -0.000311448 3.29316e-05 -0.00265855 8.89432e-19
19 0 8.74432e-19 -0.000145817 3.81899e-05 -0.00124897 1.20752e-19
19.02 0 9.02264e-19 1.83719e-05 4.22928e-05 0.000148331 -3.7177e-19
19.04 0 -2.00543e-18 0.000177417 4.42855e-05 0.00150186 -1.42473e-18
19.06 0 -9.80448e-18 0.000328042 4.32552e-05 0.00278374 -1.3387e-17
19.08 0 5.65294e-18 0.000466263 3.85852e-05 0.00396004 -6.15123e-18
19.1 0 -1.32672e-18 0.00058712 3.01065e-05 0.00498857 -1.00399e-18
19.12 0 7.79059e-18 0.000685339 1.81362e-05 0.00582446 -8.38267e-19
19.14 0 -7.87358e-18 0.000756345 3.48091e-06 0.00642874 -5.42948e-18
19.16 0 -3.62247e-18 0.000797276 -1.25377e-05 0.00677707 -7.12687e-18
19.18 0 -1.97042e-18 0.000807706 -2.81497e-05 0.00686584 -4.55767e-18
19.2 0 2.30589e-18 0.000789564 -4.14972e-05 0.00671144 1.87781e-18
19.22 0 5.631e-18 0.000746432 -5.12003e-05 0.00634438 2.10008e-18
19.24 0 1.2609e-19 0.000682778 -5.67267e-05 0.00580265 3.60319e-18
19.26 0 -2.99929e-18 0.000603129 -5.8363e-05 0.00512481 6.22262e-18
19.28 0 -2.9157e-19 0.000511195 -5.69639e-05 0.00434242 3.19532e-18
19.3 0 -7.35048e-19 0.000409209 -5.36808e-05 0.00347449 2.3984e-18
19.32 0 -2.74843e-19 0.000298166 -4.97089e-05 0.00252948 -5.80011e-19
19.34 0 7.9139e-19 0.000178749 -4.60586e-05 0.0015132 -1.57935e-19
19.36 0 -1.70704e-20 5.20337e-05 -4.33472e-05 0.000434805 -9.48011e-19
19.38 0 9.47781e-19 -8.00219e-05 -4.15897e-05 -0.000689034 7.87853e-18
19.4 0 2.44898e-19 -0.000213837 -4.01071e-05 -0.00182784 3.70969e-18
19.42 0 -6.62172e-18 -0.00034337 -3.77671e-05 -0.00293022 -3.15822e-18
19.44 0 9.79184e-19 -0.000460479 -3.35339e-05 -0.00392686 9.88311e-18
19.46 0 1.09867e-18 -0.000557727 -2.69522e-05 -0.00475447 6.94218e-18
19.48 0 -2.81326e-18 -0.00063194 -1.82512e-05 -0.00538605 2.98531e-20
19.5 0 8.00257e-18 -0.00068485 -8.18249e-06 -0.00583633 5.22592e-18
19.52 0 6.94181e-19 -0.000720484 2.14526e-06 -0.00613959 9.2243e-18
19.54 0 1.10332e-18 -0.000742318 1.14445e-05 -0.0063254 1.09635e-17
19.56 0 -1.22015e-18 -0.000751703 1.85497e-05 -0.00640527 1.32207e-17
19.58 0 -7.26227e-19 -0.000747125 2.27194e-05 -0.00636632 6.9055e-19
19.6 0 -4.05774e-20 -0.000724854 2.37534e-05 -0.00617678 1.68599e-19
19.62 0 -6.57691e-19 -0.000681342 2.19544e-05 -0.00580648 -3.70932e-19
19.64 0 3.80284e-19 -0.00061526 1.8024e-05 -0.0052441 -1.14636e-18
19.66 0 3.37609e-19 -0.000527472 1.28665e-05 -0.00449699 -6.05868e-19
19.68 0 1.51549e-18 -0.000420059 7.3363e-06 -0.00358287 4.49917e-18
19.7 0 8.32982e-19 -0.000296103 2.06862e-06 -0.00252796 8.38706e-18
19.72 0 -3.46662e-19 -0.00016024 -2.58596e-06 -0.00137171 2.94499e-18
19.74 0 -4.5687e-18 -1.87738e-05 -6.60984e-06 -0.000167792 -4.41986e-18
19.76 0 9.27703e-18 0.000121218 -1.02902e-05 0.00102359 1.02125e-17
19.78 0 -1.32668e-18 0.000253305 -1.39981e-05 0.00214769 6.53698e-18
19.8 0 4.38708e-18 0.000372796 -1.7915e-05 0.0031646 4.0987e-18
19.82 0 -3.04309e-19 0.000476973 -2.1955e-05 0.00405119 7.07268e-18
19.84 0 -1.84782e-18 0.000564358 -2.58641e-05 0.00479487 -2.94838e-18
19.86 0 -1.98576e-18 0.000633634 -2.93086e-05 0.00538442 2.3837e-18
19.88 0 -6.82354e-21 0.000683028 -3.19075e-05 0.00580479 5.1373e-18
19.9 0 -1.31411e-19 0.000710395 -3.32896e-05 0.00603769 4.30626e-18
19.92 0 1.10365e-18 0.000713902 -3.32148e-05 0.00606753 3.31858e-18
19.94 0 2.96653e-19 0.000693032 -3.17174e-05 0.00588992 1.35111e-18
19.96 0 -3.62961e-19 0.000648777 -2.92016e-05 0.0055133 1.56471e-18
19.98 0 1.62001e-18 0.000582347 -2.64002e-05 0.00494796 8.12682e-19
20 0 -2.74758e-18 0.000494086 -2.41483e-05 0.00419682 -2.53626e-18
20.02 0 1.34504e-19 0.000384309 -2.30801e-05 0.00326258 -3.97663e-18
20.04 0 1.0146e-18 0.00025499 -2.34323e-05 0.00216203 3.82589e-18
20.06 0 4.41457e-19 0.000110461 -2.5024e-05 0.000932045 -1.0622e-17
20.08 0 6.03332e-19 -4.30717e-05 -2.73581e-05 -0.000374575 -4.55803e-18
20.1 0 8.5323e-19 -0.000198686 -2.97837e-05 -0.00169891 -5.07865e-18
20.12 0 3.21883e-18 -0.000349987 -3.16625e-05 -0.00298653 1.25857e-17
20.14 0 -5.621e-18 -0.000491369 -3.24911e-05 -0.00418974 4.41167e-18
20.16 0 -1.03072e-17 -0.0006171 -3.1979e-05 -0.00525975 -9.81019e-18
20.18 0 3.05507e-18 -0.000721302 -3.01078e-05 -0.00614655 2.4209e-18
20.2 0 7.23176e-18 -0.000799758 -2.71454e-05 -0.00681424 8.7194e-18
20.22 0 -1.1285e-18 -0.000851004 -2.35597e-05 -0.00725036 4.9254e-18
20.24 0 2.78494e-18 -0.000875289 -1.98438e-05 -0.00745704 8.62095e-18
20.26 0 7.33593e-19 -0.000873428 -1.63276e-05 -0.0074412 3.99346e-18
20.28 0 -4.36529e-19 -0.00084692 -1.30661e-05 -0.00721561 -5.26364e-19
20.3 0 1.88556e-19 -0.000797843 -9.85999e-06 -0.00679794 -1.69627e-18
20.32 0 1.59591e-18 -0.000727353 -6.38725e-06 -0.00619805 2.62099e-18
20.34 0 2.74817e-18 -0.000634582 -2.36442e-06 -0.00540853 2.91427e-18
20.36 0 -3.11196e-18 -0.000517903 2.32439e-06 -0.00441556 -5.16689e-18
20.38 0 2.28539e-18 -0.000377483 7.55044e-06 -0.00322053 -4.73625e-18
20.4 0 -5.68656e-18 -0.000216753 1.29442e-05 -0.00185267 -8.70468e-18
20.42 0 -3.99136e-19 -4.20493e-05 1.7982e-05 -0.000365875 -7.20696e-18
20.44 0 -2.6218e-18 0.000138772 2.20733e-05 0.00117298 -1.04457e-17
20.46 0 -3.41889e-18 0.000317423 2.46283e-05 0.00269336 -1.11415e-17
20.48 0 6.17936e-18 0.000485368 2.51786e-05 0.00412263 -1.19018e-19
20.5 0 5.52073e-18 0.000633935 2.35205e-05 0.00538699 5.59112e-18
20.52 0 4.55744e-19 0.000755302 1.97565e-05 0.00641986 -5.84811e-18
20.54 0 6.28652e-18 0.000844136 1.42465e-05 0.00717587 4.6436e-18
20.56 0 3.35363e-18 0.000898971 7.54996e-06 0.00764253 5.19454e-18
20.58 0 -7.67186e-19 0.000922111 3.21451e-07 0.00783946 3.62958e-19
20.6 0 -4.12509e-18 0.000917445 -6.89014e-06 0.00779976 -2.99054e-18
20.62 0 2.43648e-19 0.000887818 -1.38296e-05 0.00754762 -2.25104e-18
20.64 0 4.51966e-19 0.000834224 -2.05575e-05 0.00709151 -9.49006e-19
20.66 0 -1.3258e-18 0.000756527 -2.73005e-05 0.00643029 -1.65108e-18
20.68 0 -1.79026e-18 0.000654625 -3.42621e-05 0.00556307 -6.53784e-18
20.7 0 3.08001e-19 0.00052965 -4.15087e-05 0.00449949 -1.70395e-18
20.72 0 1.23617e-18 0.000384473 -4.89312e-05 0.00326397 -2.5645e-18
20.74 0 2.05567e-20 0.000223279 -5.62434e-05 0.00189216 -1.29984e-17
20.76 0 -8.06894e-19 5.12374e-05 -6.29966e-05 0.000428028 -3.19382e-18
20.78 0 -2.67557e-18 -0.000125138 -6.85716e-05 -0.00107299 -8.10904e-18
20.8 0 2.20008e-18 -0.000297946 -7.2177e-05 -0.00254364 3.6566e-18
20.82 0 -5.59048e-18 -0.000458756 -7.30075e-05 -0.00391219 -2.53961e-18
20.84 0 3.08648e-18 -0.000600008 -7.05613e-05 -0.00511429 9.53669e-18
20.86 0 2.65244e-18 -0.000716405 -6.4834e-05 -0.00610488 4.74621e-18
20.88 0 -1.90595e-18 -0.000805591 -5.62221e-05 -0.00686388 -7.21824e-18
20.9 0 1.47424e-18 -0.000867799 -4.53195e-05 -0.0073933 -3.38912e-19
20.92 0 1.69024e-18 -0.000904801 -3.28204e-05 -0.00770819 6.36933e-18
20.94 0 -1.4274e-18 -0.000918527 -1.9524e-05 -0.007825 5.01132e-18
20.96 0 -1.47877e-18 -0.000910046 -6.30384e-06 -0.00775283 1.88682e-18
20.98 0 -4.82197e-19 -0.000879786 6.02754e-06 -0.0074953 1.66777e-20
21 0 -1.15073e-21 -0.000828623 1.68876e-05 -0.00705989 6.99204e-19
21.02 0 -1.40936e-18 -0.000758303 2.60054e-05 -0.00646144 -1.25763e-18
21.04 0 8.36065e-19 -0.000670842 3.33602e-05 -0.00571712 -4.50615e-19
21.06 0 -6.80434e-19 -0.000567874 3.90188e-05 -0.00484083 -6.23946e-19
21.08 0 3.20257e-18 -0.000450521 4.2983e-05 -0.00384211 -1.21943e-18
21.1 0 -4.32436e-18 -0.000320147 4.51404e-05 -0.00273258 -2.82967e-19
21.12 0 -4.63847e-19 -0.00017991 4.53012e-05 -0.00153912 1.20424e-18
21.14 0 6.27118e-18 -3.58944e-05 4.32338e-05 -0.000313494 1.79288e-17
21.16 0 -1.31135e-18 0.000103752 3.86966e-05 0.000874948 -8.27073e-19
21.18 0 4.8617e-20 0.000231239 3.1534e-05 0.00195991 -4.32733e-18
21.2 0 1.1024e-18 0.000341027 2.18171e-05 0.00289424 9.33572e-18
21.22 0 -3.96284e-18 0.000430266 9.9308e-06 0.00365369 -2.40635e-18
21.24 0 -1.62649e-19 0.000498441 -3.45351e-06 0.00423389 9.10004e-20
21.26 0 4.86079e-19 0.000546732 -1.74923e-05 0.00464486 7.664e-19
21.28 0 5.78811e-19 0.000576978 -3.13026e-05 0.00490227 2.26176e-19
21.3 0 1.05902e-18 0.000590733 -4.40853e-05 0.00501932 1.00399e-19
21.32 0 2.82991e-19 0.000589349 -5.52377e-05 0.00500754 -2.43016e-18
21.34 0 -2.02576e-18 0.000574676 -6.44264e-05 0.00488267 -3.47646e-18
21.36 0 8.25351e-20 0.000548831 -7.15598e-05 0.00466272 -6.97414e-18
21.38 0 -1.87493e-18 0.00051302 -7.66645e-05 0.00435796 -9.34321e-18
21.4 0 -4.11254e-18 0.000466816 -7.97733e-05 0.00396475 -8.7455e-18
21.42 0 -1.36588e-18 0.000408539 -8.08977e-05 0.00346879 -6.86573e-18
21.44 0 3.86226e-18 0.000336548 -8.00295e-05 0.00285612 4.11691e-18
21.46 0 -2.4615e-18 0.000251151 -7.71097e-05 0.00212936 -1.91339e-18
21.48 0 3.11712e-18 0.000155694 -7.20211e-05 0.00131699 5.60545e-18
21.5 0 5.29041e-18 5.55801e-05 -6.46639e-05 0.000464986 4.09923e-18
21.52 0 -5.57867e-18 -4.36871e-05 -5.50639e-05 -0.000379813 -4.13706e-18
21.54 0 2.01511e-18 -0.000137569 -4.34703e-05 -0.00117878 3.36793e-18
21.56 0 -2.15191e-18 -0.000222513 -3.04256e-05 -0.00190168 3.0526e-18
21.58 0 1.44036e-18 -0.000295861 -1.67269e-05 -0.0025259 1.76576e-18
21.6 0 -2.95536e-19 -0.000356052 -3.25293e-06 -0.00303814 -2.0922e-18
21.62 0 1.45776e-18 -0.000402983 9.2242e-06 -0.00343754 -6.94335e-19
21.64 0 -3.06227e-19 -0.000438108 2.01445e-05 -0.00373647 1.51678e-19
21.66 0 -1.09564e-18 -0.000463671 2.91858e-05 -0.00395402 -7.52577e-19
21.68 0 -2.11732e-18 -0.000481397 3.62213e-05 -0.00410487 -6.92662e-19
21.7 0 5.53604e-19 -0.000491757 4.12375e-05 -0.00419304 5.87648e-18
21.72 0 1.66838e-18 -0.000493999 4.42864e-05 -0.00421212 1.80279e-17
21.74 0 -2.94401e-18 -0.00048615 4.54826e-05 -0.00414532 -6.97186e-18
21.76 0 4.70774e-18 -0.000465412 4.49843e-05 -0.00396884 -9.82695e-18
21.78 0 9.45713e-19 -0.000430273 4.29276e-05 -0.0036698 2.79706e-18
21.8 0 2.36194e-18 -0.000382966 3.93338e-05 -0.0032672 8.99781e-18
21.82 0 -4.56671e-22 -0.00032908 3.40841e-05 -0.0028086 1.44648e-18
21.84 0 1.97823e-18 -0.000274573 2.70347e-05 -0.00234473 1.2706e-18
21.86 0 -3.74805e-18 -0.00022346 1.82081e-05 -0.00190975 -7.78336e-18
21.88 0 5.05134e-18 -0.000177388 7.90553e-06 -0.00151766 4.94744e-18
21.9 0 -6.51572e-18 -0.000136226 -3.33678e-06 -0.00116735 4.64625e-18
21.92 0 1.53359e-18 -9.93703e-05 -1.48805e-05 -0.000853696 1.18504e-17
21.94 0 7.19996e-19 -6.70391e-05 -2.61037e-05 -0.000578546 1.9029e-18
21.96 0 4.76408e-19 -4.00089e-05 -3.64449e-05 -0.00034851 1.75309e-18
21.98 0 1.27808e-18 -1.83324e-05 -4.54008e-05 -0.000164036 2.25939e-18
22 0 -5.473e-19 -1.11112e-06 -5.25585e-05 -1.74764e-05 -1.06237e-19
22.02 0 -3.90556e-19 1.26691e-05 -5.76604e-05 9.97981e-05 6.49891e-19
22.04 0 -2.9716e-18 2.35887e-05 -6.06347e-05 0.000192728 -8.39005e-18
22.06 0 -2.45239e-18 3.16368e-05 -6.1588e-05 0.00026122 -4.82215e-18
22.08 0 1.71698e-18 3.61327e-05 -6.079e-05 0.000299482 -5.96985e-18
22.1 0 7.01336e-18 3.625e-05 -5.86276e-05 0.00030048 8.28868e-18
22.12 0 1.35745e-18 3.22292e-05 -5.55021e-05 0.000266262 -3.15977e-18
22.14 0 -1.80145e-18 2.58136e-05 -5.17212e-05 0.000211662 4.35158e-18
22.16 0 6.33682e-18 1.89214e-05 -4.74367e-05 0.000153008 3.19134e-18
22.18 0 7.02324e-19 1.1895e-05 -4.26283e-05 9.32104e-05 8.45513e-18
22.2 0 -3.03399e-19 3.41828e-06 -3.71572e-05 2.10704e-05 -4.42291e-18
22.22 0 -6.4562e-19 -7.63587e-06 -3.08941e-05 -7.30042e-05 -3.11762e-18
22.24 0 -2.72547e-18 -2.03476e-05 -2.3841e-05 -0.000181185 -6.88989e-18
22.26 0 4.83076e-18 -3.17022e-05 -1.61597e-05 -0.000277817 7.77859e-19
22.28 0 -1.3563e-18 -3.84638e-05 -8.1259e-06 -0.00033536 -5.06431e-18
22.3 0 7.1011e-19 -3.94663e-05 -1.05509e-07 -0.000343892 -1.3854e-18
22.32 0 1.03525e-18 -3.63526e-05 7.44781e-06 -0.000317393 -1.7834e-18
22.34 0 -1.02176e-18 -3.22777e-05 1.40465e-05 -0.000282715 -5.81268e-18
22.36 0 1.78323e-18 -3.00171e-05 1.92841e-05 -0.000263477 -1.48977e-18
22.38 0 2.27895e-18 -3.0838e-05 2.29411e-05 -0.000270463 2.42027e-18
22.4 0 3.36221e-18 -3.41239e-05 2.50162e-05 -0.000298426 7.1076e-18
22.42 0 2.85891e-19 -3.76323e-05 2.56703e-05 -0.000328284 4.53409e-18
22.44 0 1.48098e-20 -3.85959e-05 2.50983e-05 -0.000336484 3.27565e-18
22.46 0 6.43664e-18 -3.50552e-05 2.34164e-05 -0.000306352 1.4512e-17
22.48 0 -6.53932e-18 -2.66051e-05 2.06757e-05 -0.000234439 -8.35094e-18
22.5 0 8.352e-19 -1.47659e-05 1.69788e-05 -0.000133683 -6.91543e-18
22.52 0 2.95108e-18 -3.05723e-06 1.25409e-05 -3.40384e-05 -5.03918e-20
22.54 0 1.02698e-19 3.98259e-06 7.6141e-06 2.5873e-05 -5.50289e-18
22.56 0 5.18542e-19 2.73236e-06 2.40071e-06 1.5233e-05 -5.99826e-19
22.58 0 3.88807e-18 -8.01297e-06 -2.91673e-06 -7.62135e-05 1.05433e-17
22.6 0 -4.44338e-18 -2.69415e-05 -8.11286e-06 -0.000237302 3.66109e-18
22.62 0 5.83741e-19 -5.1437e-05 -1.29697e-05 -0.000445767 -2.02813e-19
22.64 0 5.24603e-19 -7.95843e-05 -1.7402e-05 -0.000685311 -1.98613e-18
22.66 0 -1.32997e-19 -0.000111407 -2.15129e-05 -0.000956132 2.6443e-18
22.68 0 5.38419e-19 -0.000147568 -2.55263e-05 -0.00126388 -1.864e-19
22.7 0 8.81766e-19 -0.000186805 -2.96312e-05 -0.00159779 3.42377e-18
22.72 0 3.70128e-18 -0.000225661 -3.38044e-05 -0.00192847 4.05304e-18
22.74 0 -1.89839e-19 -0.000260982 -3.77632e-05 -0.00222907 5.27082e-18
22.76 0 -1.1976e-18 -0.000291789 -4.11428e-05 -0.00249124 8.99537e-18
22.78 0 -4.43533e-18 -0.000318823 -4.37185e-05 -0.00272131 3.49342e-18
22.8 0 -3.34709e-18 -0.000343061 -4.54151e-05 -0.00292759 -5.47174e-18
22.82 0 2.41139e-18 -0.000364225 -4.61398e-05 -0.0031077 -2.55911e-18
22.84 0 -1.04376e-18 -0.000379759 -4.57089e-05 -0.0032399 -6.09293e-18
22.86 0 4.36095e-18 -0.000385185 -4.39703e-05 -0.00328608 8.98928e-18
22.88 0 -4.16909e-18 -0.000376026 -4.0934e-05 -0.00320813 -6.4938e-18
22.9 0 5.18593e-18 -0.000350036 -3.67509e-05 -0.00298695 9.48938e-18
22.92 0 3.5569e-18 -0.000308227 -3.15996e-05 -0.00263114 7.31301e-18
22.94 0 2.65143e-18 -0.000254197 -2.56208e-05 -0.00217133 5.04496e-18
22.96 0 2.58121e-18 -0.000192362 -1.89527e-05 -0.00164508 8.51044e-18
22.98 0 -5.15639e-19 -0.000126063 -1.1821e-05 -0.00108086 3.53061e-18
23 0 1.54615e-19 -5.66022e-05 -4.59201e-06 -0.000489725 -5.98251e-19
23.02 0 5.90596e-19 1.59632e-05 2.26572e-06 0.000127832 -1.10986e-18
23.04 0 -1.63422e-19 9.09079e-05 8.27984e-06 0.000765637 2.38673e-18
23.06 0 1.99032e-19 0.00016605 1.30534e-05 0.00140512 -4.15271e-18
23.08 0 3.44236e-18 0.000238785 1.62946e-05 0.00202412 5.5849e-18
23.1 0 5.16503e-18 0.000307186 1.78496e-05 0.00260624 1.48087e-17
23.12 0 -1.74305e-18 0.000369967 1.77704e-05 0.00314053 -3.1728e-19
23.14 0 5.82793e-19 0.000425936 1.63398e-05 0.00361685 1.10908e-18
23.16 0 -2.17705e-18 0.000473517 1.39623e-05 0.00402177 -5.57255e-18
23.18 0 5.86528e-19 0.000510082 1.09961e-05 0.00433296 -2.57665e-18
23.2 0 7.34198e-19 0.000531546 7.66915e-06 0.00451562 7.47072e-18
23.22 0 -4.06595e-18 0.000533535 4.10168e-06 0.00453255 1.09836e-17
23.24 0 1.23072e-18 0.0005137 3.51893e-07 0.00436374 1.90139e-17
23.26 0 -2.78487e-18 0.00047292 -3.57432e-06 0.0040167 4.73461e-18
23.28 0 -2.09932e-18 0.000414517 -7.73e-06 0.00351966 -7.5972e-18
23.3 0 -4.04898e-19 0.000342461 -1.2228e-05 0.00290644 -1.85872e-18
23.32 0 5.94022e-19 0.000259527 -1.72125e-05 0.00220065 -7.1311e-19
23.34 0 -2.69924e-19 0.000166268 -2.27734e-05 0.00140698 7.01219e-19
23.36 0 9.24058e-19 6.20581e-05 -2.88354e-05 0.000520115 5.98818e-18
23.38 0 -4.67955e-18 -5.23774e-05 -3.51059e-05 -0.00045377 -3.54762e-18
23.4 0 2.45438e-18 -0.000173525 -4.11282e-05 -0.00148478 -1.45455e-18
23.42 0 -2.40644e-18 -0.000295635 -4.63989e-05 -0.00252398 -3.38771e-18
23.44 0 -2.27711e-18 -0.000412141 -5.04836e-05 -0.00351548 5.9142e-18
23.46 0 3.37369e-18 -0.00051731 -5.3081e-05 -0.00441051 1.23387e-17
23.48 0 3.72962e-18 -0.000607928 -5.40103e-05 -0.0051817 1.80285e-17
23.5 0 -3.51879e-19 -0.000683571 -5.31691e-05 -0.00582544 4.80885e-18
23.52 0 -6.5321e-19 -0.000744681 -5.05397e-05 -0.00634551 3.19572e-18
23.54 0 -3.59736e-18 -0.000790473 -4.6225e-05 -0.00673522 -4.71635e-19
23.56 0 -5.33626e-18 -0.000818712 -4.04287e-05 -0.00697555 -6.85036e-18
23.58 0 -1.17657e-18 -0.000826741 -3.33925e-05 -0.00704388 -1.06038e-19
23.6 0 1.8254e-18 -0.000812462 -2.53989e-05 -0.00692235 4.67597e-18
23.62 0 -1.09721e-18 -0.000775147 -1.6837e-05 -0.00660479 4.83074e-19
23.64 0 1.33048e-18 -0.000715857 -8.2043e-06 -0.00610022 1.19031e-18
23.66 0 -4.68371e-19 -0.000636802 -2.17567e-08 -0.00542743 1.19522e-18
23.68 0 1.12966e-18 -0.000540374 7.26141e-06 -0.00460679 -1.57179e-18
23.7 0 5.21625e-19 -0.000429155 1.33354e-05 -0.00366028 -1.68998e-18
23.72 0 -1.57111e-18 -0.000306522 1.8066e-05 -0.00261663 -2.95923e-18
23.74 0 2.81045e-18 -0.000176914 2.14607e-05 -0.00151362 3.38307e-18
23.76 0 -3.80045e-18 -4.57073e-05 2.3587e-05 -0.000397005 -5.48811e-18
23.78 0 1.07361e-18 8.13448e-05 2.45356e-05 0.000684252 -6.69111e-18
23.8 0 1.76704e-18 0.000199502 2.44094e-05 0.00168981 4.0528e-18
23.82 0 -1.22973e-18 0.000306431 2.32599e-05 0.00259981 -6.13444e-18
23.84 0 4.02084e-19 0.000401706 2.10212e-05 0.00341064 -2.07458e-19
23.86 0 -5.25705e-19 0.000484713 1.75382e-05 0.00411706 9.5841e-18
23.88 0 4.09111e-18 0.000553264 1.26637e-05 0.00470045 7.22507e-18
23.9 0 2.67891e-18 0.000603467 6.33393e-06 0.0051277 -7.90875e-18
23.92 0 -1.36892e-18 0.000630151 -1.3754e-06 0.00535478 -7.3213e-18
23.94 0 -2.25665e-18 0.000628687 -1.01784e-05 0.00534233 -9.69454e-18
23.96 0 2.31996e-19 0.000598119 -1.95631e-05 0.00508218 -4.24854e-18
23.98 0 2.57354e-19 0.000542484 -2.88882e-05 0.0046087 -2.10967e-18
24 0 3.59755e-19 0.000468491 -3.7531e-05 0.003979 -7.19559e-19
24.02 0 1.73149e-19 0.000382039 -4.50045e-05 0.00324326 -3.12184e-18
24.04 0 -3.31968e-18 0.000286339 -5.10397e-05 0.00242883 -5.21483e-18
24.06 0 4.59196e-20 0.000181888 -5.56026e-05 0.00153991 -7.34237e-18
24.08 0 -1.03615e-18 6.80901e-05 -5.87662e-05 0.00057145 -3.06152e-18
24.1 0 6.7766e-18 -5.38998e-05 -6.05214e-05 -0.000466727 1.70833e-17
24.12 0 -1.319e-18 -0.000179461 -6.07156e-05 -0.00153529 -5.4331e-18
24.14 0 -6.32678e-18 -0.000301855 -5.91571e-05 -0.00257691 -1.58441e-18
24.16 0 3.9e-18 -0.000414741 -5.57615e-05 -0.00353761 3.86343e-18
24.18 0 -4.18904e-18 -0.000513212 -5.0644e-05 -0.00437563 1.77937e-18
24.2 0 -1.12443e-18 -0.000593742 -4.41226e-05 -0.00506097 8.13145e-18
24.22 0 1.33201e-18 -0.000654122 -3.66127e-05 -0.00557483 1.05451e-17
24.24 0 -3.95259e-18 -0.000692864 -2.84889e-05 -0.00590454 -4.29121e-18
24.26 0 4.6309e-18 -0.000708301 -2.00583e-05 -0.00603591 6.08089e-18
24.28 0 -5.2656e-18 -0.000699046 -1.16489e-05 -0.00595714 -2.39812e-18
24.3 0 -1.3412e-18 -0.00066543 -3.66618e-06 -0.00567106 -3.36063e-18
24.32 0 4.58499e-19 -0.000610063 3.49001e-06 -0.00519987 -1.13101e-18
24.34 0 9.09872e-20 -0.000537205 9.58511e-06 -0.00457983 -1.63397e-18
24.36 0 -2.76368e-19 -0.000451496 1.46233e-05 -0.00385041 -1.28697e-18
24.38 0 2.17181e-18 -0.000356518 1.87458e-05 -0.00304211 1.29746e-18
24.4 0 1.26781e-18 -0.000254144 2.20407e-05 -0.00217087 6.28043e-18
24.42 0 -5.6779e-19 -0.00014538 2.44301e-05 -0.00124525 -3.5069e-19
24.44 0 1.23661e-18 -3.18558e-05 2.57005e-05 -0.000279124 7.63131e-18
24.46 0 5.41603e-19 8.34623e-05 2.55898e-05 0.000702273 -6.69776e-18
24.48 0 -7.69076e-18 0.000196349 2.3852e-05 0.00166297 -1.01059e-17
24.5 0 2.12209e-18 0.000301379 2.03168e-05 0.00255682 -5.08606e-18
24.52 0 -5.55884e-19 0.000392026 1.49651e-05 0.00332826 -5.09767e-18
24.54 0 1.91073e-18 0.0004616 7.95628e-06 0.00392036 -9.87015e-19
24.56 0 4.08933e-18 0.000505012 -3.99922e-07 0.00428981 1.18009e-17
24.58 0 -3.58889e-18 0.000520144 -9.62427e-06 0.00441858 -3.70588e-18
24.6 0 -2.38173e-18 0.000508192 -1.90293e-05 0.00431687 -3.37646e-19
24.62 0 3.51997e-19 0.000472961 -2.78161e-05 0.00401704 7.27203e-18
24.64 0 2.59535e-18 0.000418913 -3.53144e-05 0.00355708 7.37315e-18
24.66 0 -3.20531e-20 0.00034904 -4.11782e-05 0.00296243 6.20562e-18
24.68 0 -1.16127e-18 0.000264479 -4.54037e-05 0.00224278 3.03298e-19
24.7 0 -4.70173e-19 0.000165733 -4.81958e-05 0.00140243 1.03575e-18
24.72 0 1.82747e-19 5.37829e-05 -4.97765e-05 0.000449691 1.29971e-18
24.74 0 -1.67354e-18 -6.93916e-05 -5.02518e-05 -0.000598567 -1.28629e-19
24.76 0 2.19236e-18 -0.000200258 -4.9639e-05 -0.00171229 4.08451e-18
24.78 0 -5.34178e-18 -0.00033346 -4.7983e-05 -0.00284588 -4.92947e-18
24.8 0 7.96596e-19 -0.000462509 -4.53731e-05 -0.00394413 3.05881e-18
24.82 0 1.30146e-18 -0.000581105 -4.18438e-05 -0.00495343 -1.63203e-18
24.84 0 -3.65528e-18 -0.00068398 -3.73428e-05 -0.00582893 -1.05692e-18
24.86 0 2.18232e-18 -0.000766759 -3.18526e-05 -0.0065334 9.80339e-19
24.88 0 -1.28745e-18 -0.000825826 -2.55323e-05 -0.00703609 4.43372e-19
24.9 0 -1.20846e-18 -0.000859113 -1.87241e-05 -0.00731938 1.20745e-18
24.92 0 1.49084e-18 -0.000866764 -1.18423e-05 -0.00738448 -1.94559e-18
24.94 0 1.38141e-18 -0.000850493 -5.26913e-06 -0.00724601 6.03554e-18
24.96 0 -3.11186e-18 -0.000812251 6.82309e-07 -0.00692056 -3.13097e-18
24.98 0 1.79782e-18 -0.000753322 5.77355e-06 -0.00641905 -5.09964e-18
25 0 4.61165e-20 -0.00067404 9.84056e-06 -0.00574433 -3.26409e-18
25.02 0 -4.24112e-19 -0.000574171 1.27812e-05 -0.00489442 -1.7055e-18
25.04 0 1.37963e-19 -0.000454244 1.45378e-05 -0.00387379 -8.6623e-19
25.06 0 -5.31002e-19 -0.000316899 1.50911e-05 -0.00270494 -8.0239e-19
25.08 0 1.15434e-18 -0.000166733 1.44618e-05 -0.00142698 2.52172e-19
25.1 0 1.28021e-18 -8.91544e-06 1.27115e-05 -8.38938e-05 2.86936e-19
25.12 0 -1.64278e-18 0.000151706 9.93549e-06 0.00128305 -4.00202e-18
25.14 0 1.16343e-18 0.000310565 6.24886e-06 0.002635 2.49338e-18
25.16 0 1.196e-18 0.00046314 1.78007e-06 0.00393346 1.58839e-18
25.18 0 3.05918e-18 0.000604636 -3.31388e-06 0.00513764 6.26251e-18
25.2 0 -1.07109e-18 0.0007297 -8.82508e-06 0.00620198 8.43516e-18
25.22 0 -4.5513e-19 0.00083291 -1.4487e-05 0.00708034 1.53593e-18
25.24 0 -6.38974e-19 0.000909995 -1.99903e-05 0.00773636 -1.94058e-19
25.26 0 7.3717e-19 0.000958429 -2.50267e-05 0.00814854 -1.89911e-18
25.28 0 4.90715e-18 0.000976742 -2.93437e-05 0.00830439 2.39882e-18
25.3 0 1.40189e-18 0.000963749 -3.27752e-05 0.00819382 4.84694e-19
25.32 0 -3.93595e-19 0.000918975 -3.52518e-05 0.00781278 7.58999e-19
25.34 0 -6.79828e-19 0.000843551 -3.68199e-05 0.00717089 -1.14139e-18
25.36 0 -3.07088e-19 0.000740023 -3.76469e-05 0.00628984 -1.5375e-18
25.38 0 -7.1399e-19 0.000611571 -3.79651e-05 0.00519666 7.32214e-20
25.4 0 -1.51995e-19 0.00046158 -3.79804e-05 0.00392019 4.35083e-19
25.42 0 -3.86123e-19 0.000293426 -3.78102e-05 0.00248914 6.15522e-19
25.44 0 -4.18644e-19 0.000110583 -3.74565e-05 0.000933083 -1.23203e-18
25.46 0 1.74442e-19 -8.26665e-05 -3.67864e-05 -0.000711541 7.21998e-19
25.48 0 1.28136e-18 -0.000280533 -3.55327e-05 -0.00239545 3.27274e-18
25.5 0 -1.76406e-18 -0.00047585 -3.33549e-05 -0.00405767 -1.67074e-18
25.52 0 -2.93191e-18 -0.00066071 -2.99643e-05 -0.00563089 -2.89071e-18
25.54 0 3.76559e-18 -0.000827107 -2.52431e-05 -0.00704699 3.53741e-19
25.56 0 -2.8024e-18 -0.000967662 -1.92964e-05 -0.00824317 -3.82453e-18
25.58 0 -1.44787e-20 -0.00107637 -1.24463e-05 -0.00916827 -2.24374e-18
25.6 0 2.15062e-18 -0.00114914 -5.20616e-06 -0.00978764 2.31283e-18
25.62 0 -4.99233e-19 -0.00118428 1.76978e-06 -0.0100866 9.53032e-19
25.64 0 -2.02891e-18 -0.00118259 7.79299e-06 -0.0100722 -3.70271e-18
25.66 0 -2.63526e-20 -0.0011468 1.23018e-05 -0.00976768 -1.27217e-18
25.68 0 1.66716e-19 -0.00108037 1.50143e-05 -0.00920235 2.5288e-19
25.7 0 -1.34824e-19 -0.000986523 1.59864e-05 -0.00840368 4.66507e-19
25.72 0 -2.79733e-19 -0.000867914 1.55514e-05 -0.00739427 4.23268e-19
25.74 0 -2.83134e-19 -0.000726454 1.41827e-05 -0.0061904 1.30751e-18
25.76 0 8.10583e-20 -0.000563278 1.2338e-05 -0.00480171 9.14983e-19
25.78 0 -9.98493e-19 -0.00037976 1.03482e-05 -0.00323991 -1.85632e-18
25.8 0 9.43327e-19 -0.000179111 8.36915e-06 -0.00153232 6.78442e-19
25.82 0 -3.90033e-18 3.26942e-05 6.3588e-06 0.000270219 -7.79948e-18
25.84 0 9.40407e-19 0.000246991 4.07234e-06 0.00209396 4.80791e-18
25.86 0 -1.29385e-18 0.000453135 1.14234e-06 0.00384832 -4.47797e-19
25.88 0 -3.54025e-18 0.000640076 -2.75284e-06 0.00543925 -8.44546e-18
25.9 0 1.98588e-18 0.00079866 -7.7398e-06 0.00678886 7.0208e-19
25.92 0 1.98193e-19 0.000923235 -1.3685e-05 0.00784904 3.37379e-18
25.94 0 1.69695e-18 0.00101166 -2.01981e-05 0.00860152 -1.40729e-18
25.96 0 8.01742e-20 0.00106455 -2.67038e-05 0.00905164 1.68071e-19
25.98 0 -5.39502e-19 0.00108437 -3.25836e-05 0.00922035 -9.73152e-19
26 0 6.03196e-19 0.00107381 -3.73342e-05 0.00913051 1.26335e-18
26.02 0 -6.7269e-19 0.0010342 -4.06785e-05 0.00879342 -1.9554e-18
26.04 0 -1.05995e-20 0.000965731 -4.26109e-05 0.00821068 -2.35448e-18
26.06 0 -1.80697e-19 0.000868935 -4.33818e-05 0.00738692 -2.05228e-18
26.08 0 5.0193e-19 0.000745833 -4.3401e-05 0.00633927 -1.41853e-19
26.1 0 5.57012e-19 0.000599529 -4.30642e-05 0.00509418 1.73963e-18
26.12 0 -1.11773e-18 0.000433072 -4.25915e-05 0.00367758 -8.64858e-19
26.14 0 -1.96254e-18 0.000249255 -4.19959e-05 0.00211323 -2.9272e-18
26.16 0 -4.28822e-19 5.16547e-05 -4.11295e-05 0.000431579 -1.98683e-18
26.18 0 2.8597e-18 -0.000153531 -3.96758e-05 -0.00131462 6.29219e-19
26.2 0 -2.07909e-18 -0.000356317 -3.71469e-05 -0.00304041 -3.47687e-18
26.22 0 1.47498e-18 -0.000544456 -3.30367e-05 -0.00464153 -5.21041e-19
26.24 0 2.05967e-18 -0.000707253 -2.70865e-05 -0.00602699 -3.57823e-19
26.26 0 1.22632e-19 -0.000838249 -1.94707e-05 -0.00714181 -4.81717e-19
26.28 0 7.19613e-19 -0.000934948 -1.08054e-05 -0.00796476 -7.22969e-19
26.3 0 6.11923e-19 -0.000997182 -2.00099e-06 -0.00849438 -2.7918e-18
26.32 0 8.5164e-19 -0.00102582 5.98138e-06 -0.00873806 -2.00046e-18
26.34 0 1.014e-18 -0.00102212 1.23533e-05 -0.00870661 1.34886e-18
26.36 0 -1.61529e-18 -0.000987802 1.65955e-05 -0.00841456 -3.88723e-18
26.38 0 -2.93541e-19 -0.0009255 1.84673e-05 -0.00788435 2.82104e-19
26.4 0 3.89925e-19 -0.000838838 1.80351e-05 -0.00714682 -1.96916e-19
26.42 0 5.38584e-19 -0.000731522 1.57067e-05 -0.00623352 -4.64226e-19
26.44 0 2.57897e-19 -0.000606093 1.21633e-05 -0.00516608 -3.98889e-22
26.46 0 -1.01371e-20 -0.000463498 8.16211e-06 -0.00395255 1.87341e-19
26.48 0 -6.39167e-20 -0.000304135 4.30925e-06 -0.00259632 7.94428e-19
26.5 0 3.34479e-19 -0.000129838 9.0445e-07 -0.00111299 -2.19067e-19
26.52 0 -8.92011e-19 5.44068e-05 -2.11169e-06 0.000455001 -2.34239e-18
26.54 0 1.4783e-18 0.00024016 -5.08208e-06 0.00203582 -1.83026e-18
26.56 0 1.04506e-18 0.000416938 -8.44614e-06 0.00354026 -2.64733e-19
26.58 0 6.8603e-19 0.000574467 -1.25463e-05 0.00488089 2.26204e-18
26.6 0 1.18366e-18 0.000704484 -1.75183e-05 0.00598738 2.24786e-18
26.62 0 -1.72706e-18 0.00080163 -2.32543e-05 0.00681413 -1.87117e-18
26.64 0 1.49308e-18 0.000863772 -2.93986e-05 0.00734298 -2.20347e-19
26.66 0 1.27943e-18 0.000891776 -3.53855e-05 0.0075813 1.15968e-18
26.68 0 1.5026e-18 0.000888453 -4.05442e-05 0.00755303 2.00713e-18
26.7 0 -2.02543e-19 0.000857165 -4.42505e-05 0.00728675 -5.90365e-19
26.72 0 -4.35472e-19 0.000801205 -4.60814e-05 0.00681051 4.26722e-19
26.74 0 -1.04385e-18 0.000723541 -4.59353e-05 0.00614956 -2.53039e-18
26.76 0 1.97949e-19 0.000626167 -4.40709e-05 0.00532088 -2.29198e-18
26.78 0 2.44976e-19 0.000509497 -4.10212e-05 0.00432798 1.7295e-19
26.8 0 8.57953e-21 0.000372698 -3.73965e-05 0.00316377 3.96485e-19
26.82 0 1.34946e-19 0.000215266 -3.36815e-05 0.00182397 5.52924e-19
26.84 0 3.22007e-19 3.88531e-05 -3.01182e-05 0.000322633 7.47207e-19
26.86 0 -9.66168e-20 -0.000151534 -2.66802e-05 -0.00129763 8.30573e-20
26.88 0 -1.37608e-18 -0.000347298 -2.31198e-05 -0.00296364 -2.44472e-18
26.9 0 9.59248e-19 -0.00053721 -1.9092e-05 -0.00457986 -3.65472e-19
26.92 0 -3.46028e-19 -0.000709509 -1.43236e-05 -0.00604619 -8.42864e-19
26.94 0 8.53071e-19 -0.000854314 -8.74598e-06 -0.00727853 2.71668e-19
26.96 0 7.97664e-19 -0.000965265 -2.56378e-06 -0.00822276 1.06591e-20
26.98 0 -2.26524e-19 -0.00103989 3.72146e-06 -0.00885784 -1.92399e-19
27 0 -2.22182e-18 -0.00107898 9.36879e-06 -0.0091905 -1.93029e-18
27.02 0 3.27306e-19 -0.0010854 1.35944e-05 -0.00924519 4.46577e-19
27.04 0 1.75019e-18 -0.0010629 1.58392e-05 -0.00905365 3.1818e-18
27.06 0 -3.20897e-19 -0.00101527 1.59429e-05 -0.00864831 3.60673e-19
27.08 0 1.27621e-19 -0.000945882 1.41478e-05 -0.00805781 9.59381e-20
27.1 0 5.73897e-19 -0.000857017 1.09902e-05 -0.00730153 1.44893e-18
27.12 0 1.85645e-19 -0.000749482 7.15117e-06 -0.00638637 8.74641e-19
27.14 0 4.38877e-20 -0.00062308 3.28897e-06 -0.00531065 2.55794e-19
27.16 0 6.48459e-20 -0.000477909 -1.24042e-07 -0.00407519 2.73259e-19
27.18 0 2.05048e-19 -0.000315763 -2.91949e-06 -0.00269527 -6.1806e-19
27.2 0 5.10278e-19 -0.000140989 -5.28325e-06 -0.00120789 9.32703e-19
27.22 0 -2.47556e-19 3.94017e-05 -7.70725e-06 0.000327302 2.24079e-19
27.24 0 -1.86314e-18 0.000216435 -1.07985e-05 0.00183392 -2.30903e-19
27.26 0 -2.79621e-19 0.000380704 -1.49909e-05 0.00323191 1.19733e-19
27.28 0 -1.23145e-18 0.000524109 -2.03264e-05 0.00445233 -2.67199e-18
27.3 0 8.37753e-19 0.00064087 -2.64402e-05 0.00544601 -1.13794e-18
27.32 0 -4.0104e-20 0.000727729 -3.26963e-05 0.0061852 5.41993e-19
27.34 0 -1.48433e-18 0.000783733 -3.83272e-05 0.00666182 -1.69388e-18
27.36 0 2.55342e-19 0.000809764 -4.25439e-05 0.00688335 -2.73824e-18
27.38 0 1.47581e-19 0.000807962 -4.4684e-05 0.00686801 -3.79534e-18
27.4 0 3.81718e-19 0.000781166 -4.44026e-05 0.00663997 -1.93997e-19
27.42 0 1.3173e-19 0.000732291 -4.18046e-05 0.00622403 -1.54475e-18
27.44 0 1.24574e-18 0.00066345 -3.74361e-05 0.00563817 2.38629e-18
27.46 0 -1.21554e-18 0.000575532 -3.21379e-05 0.00488996 1.51797e-18
27.48 0 -8.13647e-19 0.00046871 -2.68098e-05 0.00398087 1.14309e-18
27.5 0 7.54047e-21 0.000343302 -2.21718e-05 0.0029136 4.69478e-19
27.52 0 -2.23901e-19 0.000200659 -1.86191e-05 0.00169966 1.92985e-19
27.54 0 7.17828e-19 4.3942e-05 -1.61969e-05 0.000365941 1.42306e-18
27.56 0 -4.57012e-19 -0.000121395 -1.46447e-05 -0.00104113 6.0379e-19
27.58 0 6.66185e-20 -0.000287823 -1.34721e-05 -0.0024575 1.66563e-18
27.6 0 6.39158e-19 -0.000446706 -1.20862e-05 -0.00380965 2.30402e-18
27.62 0 -4.94058e-19 -0.00058957 -9.97956e-06 -0.00502546 9.59187e-19
27.64 0 7.73222e-20 -0.000709236 -6.9178e-06 -0.00604387 1.21944e-19
27.66 0 -1.53695e-18 -0.000800676 -3.03705e-06 