0.02 0 2.09488e-16 -0.00546523 0.0037076 -0.00546523 0
0.04 0 1.24446e-14 -0.0436453 0.0281671 -0.0436453 0
0.06 0 -3.03558e-14 -0.143258 0.10133 -0.143258 0
0.08 0 -1.62304e-13 -0.165642 0.190296 -0.165642 0
0.1 0 1.60808e-13 0.418906 0.0745099 0.418906 0
0.12 0 1.04665e-12 2.28634 -0.741021 2.28634 0
0.14 0 -1.91667e-12 5.20551 -3.4539 5.20551 0
0.16 0 3.44267e-12 6.92993 -11.2764 6.92993 0
0.18 0 3.32355e-12 3.51361 -30.2232 3.51361 0
0.2 0 -1.29751e-11 -8.45716 -66.4523 -8.45716 0
0.22 0 2.50264e-11 -29.2543 -120.717 -29.2543 0
0.24 0 -1.36506e-11 -55.3509 -185.537 -55.3509 0
0.26 0 2.12562e-11 -81.5391 -249.281 -81.5391 0
0.28 0 -2.0697e-11 -104.202 -304.173 -104.202 0
0.3 0 -1.43892e-11 -122.822 -350.522 -122.822 0
0.32 0 -5.4042e-11 -138.307 -392.791 -138.307 0
0.34 0 4.26456e-11 -150.496 -432.351 -150.496 0
0.36 0 -1.97433e-11 -158.662 -466.416 -158.662 0
0.38 0 -2.66782e-11 -164.552 -494.486 -164.552 0
0.4 0 -6.74622e-11 -173.064 -522.242 -173.064 0
0.42 0 -2.2221e-11 -188.633 -556.397 -188.633 0
0.44 0 2.8011e-11 -211.682 -597.879 -211.682 0
0.46 0 1.16031e-10 -238.818 -642.091 -238.818 0
0.48 0 5.57992e-11 -264.476 -681.993 -264.476 0
0.5 0 2.89401e-11 -281.387 -706.748 -281.387 0
0.52 0 -2.12347e-11 -282.692 -701.993 -282.692 0
0.54 0 3.23539e-11 -267.935 -661.45 -267.935 0
0.56 0 -5.39347e-11 -247.052 -600.968 -247.052 0
0.58 0 9.69838e-12 -234.503 -553.154 -234.503 0
0.6 0 3.57697e-11 -235.909 -538.781 -235.909 0
0.62 0 -2.77134e-11 -239.818 -541.303 -239.818 0
0.64 0 2.3532e-11 -224.643 -514.536 -224.643 0
0.66 0 -4.78927e-11 -176.796 -422.074 -176.796 0
0.68 0 -7.01479e-12 -103.042 -271.13 -103.042 0
0.7 0 -8.69041e-12 -23.2245 -104.459 -23.2245 0
0.72 0 1.03965e-11 49.4719 41.3857 49.4719 0
0.74 0 -7.83824e-12 118.078 164.164 118.078 0
0.76 0 -5.18437e-11 191.264 281.72 191.264 0
0.78 0 -5.97693e-12 268.312 400.8 268.312 0
0.8 0 2.98304e-11 338.373 509.425 338.373 0
0.82 0 5.25019e-11 391.493 593.187 391.493 0
0.84 0 -1.05607e-10 426.421 646.868 426.421 0
0.86 0 7.18422e-11 450.003 673.403 450.003 0
0.88 0 -5.20075e-11 472.487 683.552 472.487 0
0.9 0 2.05073e-11 499.716 692.986 499.716 0
0.92 0 6.79344e-11 523.622 703.367 523.622 0
0.94 0 -2.45989e-11 522.326 685.205 522.326 0
0.96 0 8.40896e-11 477.898 597.873 477.898 0
0.98 0 -3.55865e-11 397.475 437.321 397.475 0
1 0 4.47585e-11 312.927 254 312.927 0
1.02 0 -3.39509e-11 255.598 112.499 255.598 0
1.04 0 -3.35677e-11 230.412 39.8857 230.412 0
1.06 0 -3.22275e-11 213.64 26.8012 213.64 0
1.08 0 8.17945e-12 175.744 67.5423 175.744 0
1.1 0 -1.02349e-11 110.616 162.51 110.616 0
1.12 0 -1.92373e-12 44.3173 278.8 44.3173 0
1.14 0 4.05335e-11 10.2931 355.715 10.2931 0
1.16 0 -2.25356e-11 14.1644 364.924 14.1644 0
1.18 0 -2.9972e-12 26.2461 330.316 26.2461 0
1.2 0 -1.34766e-11 9.72441 286.914 9.72441 0
1.22 0 1.71581e-11 -43.3356 251.457 -43.3356 0
1.24 0 1.4958e-11 -102.121 229.018 -102.121 0
1.26 0 -1.21443e-11 -125.197 229.293 -125.197 0
1.28 0 7.54814e-14 -102.023 271.524 -102.023 0
1.3 0 -4.82549e-12 -64.5007 354.12 -64.5007 0
1.32 0 -1.00792e-11 -52.4845 417.479 -52.4845 0
1.34 0 -4.49338e-12 -67.2129 387.194 -67.2129 0
1.36 0 -3.55304e-12 -64.2114 271.384 -64.2114 0
1.38 0 -1.82529e-11 1.06962 161.064 1.06962 0
1.4 0 -1.19167e-12 120.533 121.267 120.533 0
1.42 0 2.25857e-11 233.419 146.714 233.419 0
1.44 0 -2.10041e-11 285.271 235.121 285.271 0
1.46 0 6.10963e-13 286.068 413.687 286.068 0
1.48 0 7.95261e-11 301.382 654.846 301.382 0
1.5 0 -3.26668e-11 379.999 847.777 379.999 0
1.52 0 -7.05835e-11 496.436 899.012 496.436 0
1.54 0 -7.16538e-11 574.395 804.322 574.395 0
1.56 0 1.48632e-10 567.176 616.127 567.176 0
1.58 0 6.62952e-11 508.928 416.508 508.928 0
1.6 0 -1.20358e-10 479.792 311.981 479.792 0
1.62 0 1.16551e-10 515.949 358.127 515.949 0
1.64 0 -4.84425e-11 560.343 480.067 560.343 0
1.66 0 -3.12733e-11 516.837 535.561 516.837 0
1.68 0 -1.18408e-11 356.316 460.291 356.316 0
1.7 0 5.48537e-11 157.267 312.544 157.267 0
1.72 0 -4.52882e-11 34.0899 190.978 34.0899 0
1.74 0 -1.35369e-11 28.2097 137.786 28.2097 0
1.76 0 1.91308e-11 69.1774 101.886 69.1774 0
1.78 0 -5.24375e-11 39.8776 -17.9276 39.8776 0
1.8 0 3.96752e-11 -112.948 -258.933 -112.948 0
1.82 0 -4.01875e-11 -324.067 -508.491 -324.067 0
1.84 0 -1.61943e-11 -470.547 -583.931 -470.547 0
1.86 0 1.60843e-10 -495.708 -441.486 -495.708 0
1.88 0 -3.9289e-11 -467.041 -270.748 -467.041 0
1.9 0 -3.06285e-11 -502.79 -326.477 -502.79 0
1.92 0 -9.67601e-11 -647.317 -670.03 -647.317 0
1.94 0 -8.8585e-11 -827.534 -1104.86 -827.534 0
1.96 0 -4.05453e-11 -926.319 -1356.43 -926.319 0
1.98 0 -3.55324e-11 -890.113 -1298.82 -890.113 0
2 0 1.92586e-10 -770.512 -1033.97 -770.512 0
2.02 0 -1.35907e-10 -671.273 -785.052 -671.273 0
2.04 0 1.06955e-10 -651.353 -698.959 -651.353 0
2.06 0 3.33568e-11 -668.454 -719.478 -668.454 0
2.08 0 -1.44275e-12 -616.047 -650.244 -616.047 0
2.1 0 5.58786e-12 -422.934 -353.754 -422.934 0
2.12 0 3.99117e-11 -120.876 112.209 -120.876 0
2.14 0 -3.48522e-11 184.103 552.837 184.103 0
2.16 0 2.47382e-11 405.524 817.472 405.524 0
2.18 0 -1.42325e-11 544.215 923.274 544.215 0
2.2 0 2.16431e-10 668.597 1013.66 668.597 0
2.22 0 -2.3581e-10 831.357 1200.15 831.357 0
2.24 0 4.61527e-11 1008.47 1442.93 1008.47 0
2.26 0 2.1446e-10 1122.67 1589.54 1122.67 0
2.28 0 -1.11209e-10 1123.76 1529.65 1123.76 0
2.3 0 -1.54128e-11 1041.23 1305.64 1041.23 0
2.32 0 -1.35227e-10 959.822 1077.93 959.822 0
2.34 0 2.47e-10 946.402 992.187 946.402 0
2.36 0 -6.72876e-11 994.497 1063.65 994.497 0
2.38 0 -2.34363e-10 1031.08 1164.26 1031.08 0
2.4 0 1.1293e-10 976.898 1128.36 976.898 0
2.42 0 9.94851e-11 810.576 898.409 810.576 0
2.44 0 -9.17073e-11 584.699 576.52 584.699 0
2.46 0 -6.08046e-11 380.93 328.031 380.93 0
2.48 0 7.48739e-12 243.425 237.295 243.425 0
2.5 0 -5.35475e-11 150.713 254.516 150.713 0
2.52 0 3.70594e-11 47.3733 259.994 47.3733 0
2.54 0 1.46666e-11 -101.696 165.119 -101.696 0
2.56 0 2.08918e-11 -283.323 -30.4235 -283.323 0
2.58 0 -2.55496e-11 -450.569 -251.37 -450.569 0
2.6 0 -9.28496e-11 -564.835 -411.564 -564.835 0
2.62 0 4.1033e-11 -630.951 -482.05 -630.951 0
2.64 0 3.72007e-11 -687.756 -505.523 -687.756 0
2.66 0 -5.28589e-12 -757.564 -538.21 -757.564 0
2.68 0 2.88808e-11 -810.121 -569.184 -810.121 0
2.7 0 -4.882e-11 -784.675 -505.649 -784.675 0
2.72 0 2.87855e-11 -647.867 -262.675 -647.867 0
2.74 0 -3.94278e-11 -430.647 120.35 -430.647 0
2.76 0 9.34367e-11 -211.639 469.47 -211.639 0
2.78 0 -3.84581e-11 -58.4825 608.436 -58.4825 0
2.8 0 2.44072e-11 25.8529 515.021 25.8529 0
2.82 0 -4.98607e-11 99.2731 343.119 99.2731 0
2.84 0 5.17309e-11 217.378 276.291 217.378 0
2.86 0 -2.16434e-11 379.951 355.603 379.951 0
2.88 0 2.03202e-11 549.472 467.787 549.472 0
2.9 0 -6.32975e-11 708.293 498.427 708.293 0
2.92 0 -2.34763e-11 868.677 446.73 868.677 0
2.94 0 5.12404e-12 1022.96 361.821 1022.96 0
2.96 0 3.22486e-11 1111.25 221.119 1111.25 0
2.98 0 1.91816e-11 1061.02 -60.3436 1061.02 0
3 0 1.50882e-11 859.166 -510.918 859.166 0
3.02 0 1.30891e-11 579.156 -1039.06 579.156 0
3.04 0 -6.19256e-12 334.382 -1487.3 334.382 0
3.06 0 4.90315e-11 195.537 -1733.62 195.537 0
3.08 0 2.78785e-11 138.478 -1772.17 138.478 0
3.1 0 -9.1283e-11 68.0247 -1727.85 68.0247 0
3.12 0 -3.62856e-11 -95.6732 -1761.57 -95.6732 0
3.14 0 -1.08676e-10 -342.907 -1919.18 -342.907 0
3.16 0 6.70545e-11 -589.564 -2090.22 -589.564 0
3.18 0 -2.16662e-10 -773.442 -2147.96 -773.442 0
3.2 0 5.20713e-11 -925.057 -2102.12 -925.057 0
3.22 0 7.11936e-11 -1122.95 -2062.11 -1122.95 0
3.24 0 4.80961e-10 -1382.73 -2065.22 -1382.73 0
3.26 0 -5.61393e-10 -1620.07 -2010.75 -1620.07 0
3.28 0 2.56685e-10 -1736.3 -1785.29 -1736.3 0
3.3 0 3.31293e-10 -1717.28 -1400.46 -1717.28 0
3.32 0 1.36625e-10 -1629.99 -970.358 -1629.99 0
3.34 0 -4.08199e-11 -1541.23 -586.955 -1541.23 0
3.36 0 -1.9498e-10 -1463.1 -258.113 -1463.1 0
3.38 0 -2.03339e-10 -1366.43 49.7221 -1366.43 0
3.4 0 2.85461e-11 -1220.45 351.957 -1220.45 0
3.42 0 -8.70242e-11 -1012.74 640.616 -1012.74 0
3.44 0 4.97916e-12 -743.263 918.451 -743.263 0
3.46 0 2.24531e-11 -413.256 1216.62 -413.256 0
3.48 0 -6.56881e-11 -28.2589 1567.13 -28.2589 0
3.5 0 -7.55554e-11 389.338 1956.8 389.338 0
3.52 0 2.53698e-10 799.844 2315.94 799.844 0
3.54 0 2.79495e-10 1164.77 2559.31 1164.77 0
3.56 0 -1.44947e-10 1466.55 2641.16 1466.55 0
3.58 0 1.84021e-10 1712.33 2578.76 1712.33 0
3.6 0 -8.02759e-11 1921.75 2438.1 1921.75 0
3.62 0 -1.33019e-10 2106.17 2293.67 2106.17 0
3.64 0 2.09617e-10 2249.63 2171.94 2249.63 0
3.66 0 -2.43142e-10 2313.08 2020.28 2313.08 0
3.68 0 -1.16456e-10 2274.69 1764.77 2274.69 0
3.7 0 -1.43824e-10 2171.79 1427.62 2171.79 0
3.72 0 1.45992e-10 2083.29 1154.27 2083.29 0
3.74 0 -2.39088e-10 2050.94 1069.66 2050.94 0
3.76 0 2.02936e-11 2022.95 1113.14 2022.95 0
3.78 0 -3.75686e-11 1890.99 1067.46 1890.99 0
3.8 0 8.91963e-11 1584.78 766.515 1584.78 0
3.82 0 -1.39492e-10 1127.89 245.62 1127.89 0
3.84 0 1.03488e-10 611.667 -311.447 611.667 0
3.86 0 6.19817e-11 126.74 -730.682 126.74 0
3.88 0 2.04171e-10 -288.974 -954.064 -288.974 0
3.9 0 -1.45122e-10 -657.987 -1054.56 -657.987 0
3.92 0 -1.44667e-10 -1028.25 -1178.83 -1028.25 0
3.94 0 -1.63894e-10 -1418.51 -1425.55 -1418.51 0
3.96 0 -3.88546e-11 -1786.89 -1733.81 -1786.89 0
3.98 0 6.01118e-10 -2056 -1911.34 -2056 0
4 0 -2.34997e-10 -2174.29 -1803.15 -2174.29 0
4.02 0 2.33035e-10 -2152.57 -1425.16 -2152.57 0
4.04 0 -3.65563e-10 -2041.23 -929.876 -2041.23 0
4.06 0 1.58974e-10 -1875.96 -465.397 -1875.96 0
4.08 0 -1.33159e-10 -1647.68 -75.825 -1647.68 0
4.1 0 -4.10881e-12 -1325.62 280.272 -1325.62 0
4.12 0 -8.6255e-13 -909.615 628.952 -909.615 0
4.14 0 1.20852e-10 -453.286 910.291 -453.286 0
4.16 0 -1.64888e-11 -28.3303 1026.04 -28.3303 0
4.18 0 7.96446e-12 327.306 948.301 327.306 0
4.2 0 -8.30607e-11 615.982 741.565 615.982 0
4.22 0 2.80804e-11 849.086 477.337 849.086 0
4.24 0 7.2348e-11 1035.18 183.267 1035.18 0
4.26 0 1.0026e-10 1196.37 -108.441 1196.37 0
4.28 0 -1.43242e-10 1365.29 -332.948 1365.29 0
4.3 0 -5.88684e-12 1551.88 -460.164 1551.88 0
4.32 0 1.20686e-10 1728.55 -540.635 1728.55 0
4.34 0 4.06345e-11 1854.67 -636.55 1854.67 0
4.36 0 -1.28886e-10 1903.47 -741.46 1903.47 0
4.38 0 7.98869e-12 1867.61 -799.887 1867.61 0
4.4 0 2.70691e-11 1756.09 -771.352 1756.09 0
4.42 0 7.12821e-11 1583.72 -661.384 1583.72 0
4.44 0 -5.67144e-11 1344.18 -545.402 1344.18 0
4.46 0 7.41256e-11 992.905 -587.535 992.905 0
4.48 0 -8.96482e-11 476.506 -974.262 476.506 0
4.5 0 1.69018e-10 -210.047 -1766 -210.047 0
4.52 0 -7.30516e-11 -1000.59 -2813.21 -1000.59 0
4.54 0 6.95792e-11 -1795.78 -3839.09 -1795.78 0
4.56 0 5.00767e-10 -2522.06 -4613.96 -2522.06 0
4.58 0 -1.10088e-09 -3160.48 -5074.47 -3160.48 0
4.6 0 7.52885e-10 -3735.47 -5317.5 -3735.47 0
4.62 0 3.67689e-10 -4280.82 -5490.94 -4280.82 0
4.64 0 -3.19251e-10 -4800.61 -5659.78 -4800.61 0
4.66 0 -5.52342e-11 -5250.13 -5753.8 -5250.13 0
4.68 0 -3.62257e-10 -5555.92 -5645.55 -5555.92 0
4.7 0 -1.13752e-09 -5653.66 -5267.66 -5653.66 0
4.72 0 9.1484e-11 -5506.96 -4630.73 -5506.96 0
4.74 0 -1.44477e-10 -5107 -3743.13 -5107 0
4.76 0 -2.82214e-10 -4472.45 -2566.27 -4472.45 0
4.78 0 3.00358e-10 -3643.03 -1065.46 -3643.03 0
4.8 0 1.5584e-10 -2659.28 724.634 -2659.28 0
4.82 0 4.86498e-11 -1556.78 2685.57 -1556.78 0
4.84 0 -2.42922e-11 -392.137 4627.79 -392.137 0
4.86 0 -1.85764e-10 739.082 6323.13 739.082 0
4.88 0 3.303e-10 1736.92 7590.93 1736.92 0
4.9 0 -7.58533e-10 2561.94 8402.02 2561.94 0
4.92 0 5.18776e-10 3269.35 8908.97 3269.35 0
4.94 0 -4.9909e-10 3982.59 9383.88 3982.59 0
4.96 0 -2.3383e-10 4820.26 10107.5 4820.26 0
4.98 0 6.92794e-10 5812.45 11227.1 5812.45 0
5 0 -2.21891e-10 6859.33 12628.7 6859.33 0
5.02 0 -3.65086e-10 7775.92 13951.8 7775.92 0
5.04 0 -9.36601e-10 8399.27 14795.6 8399.27 0
5.06 0 9.9085e-10 8671.61 14951.1 8671.61 0
5.08 0 -2.73976e-10 8637.6 14457.7 8637.6 0
5.1 0 -1.78333e-09 8377.34 13477.6 8377.34 0
5.12 0 -1.38087e-09 7938.83 12134.7 7938.83 0
5.14 0 1.43119e-09 7311.44 10429.4 7311.44 0
5.16 0 -2.45295e-10 6444.11 8259.01 6444.11 0
5.18 0 -7.05566e-10 5285.66 5521.85 5285.66 0
5.2 0 1.61105e-10 3810.63 2212.27 3810.63 0
5.22 0 3.12072e-10 2009.87 -1601.22 2009.87 0
5.24 0 -8.31622e-11 -129.985 -5885.49 -129.985 0
5.26 0 4.65241e-10 -2608.82 -10663.3 -2608.82 0
5.28 0 -1.39592e-09 -5343.7 -15845.7 -5343.7 0
5.3 0 -9.98283e-10 -8105.13 -21020.3 -8105.13 0
5.32 0 -1.9438e-09 -10546.6 -25450.3 -10546.6 0
5.34 0 -1.14064e-09 -12349.4 -28367.7 -12349.4 0
5.36 0 3.40562e-10 -13382.6 -29345.8 -13382.6 0
5.38 0 -6.95972e-10 -13734.1 -28441.5 -13734.1 0
5.4 0 1.81924e-09 -13587.1 -26028.2 -13587.1 0
5.42 0 -2.54764e-09 -13080.7 -22581.5 -13080.7 0
5.44 0 -9.7717e-10 -12306.5 -18671.4 -12306.5 0
5.46 0 -1.89454e-09 -11416.9 -15044.8 -11416.9 0
5.48 0 -1.68364e-09 -10635.9 -12429.7 -10635.9 0
5.5 0 -2.68383e-09 -10033.4 -10942.1 -10033.4 0
5.52 0 -1.26157e-10 -9312.33 -9724.64 -9312.33 0
5.54 0 -1.52207e-09 -7973.85 -7515.58 -7973.85 0
5.56 0 7.08953e-10 -5746.94 -3677.27 -5746.94 0
5.58 0 -3.41324e-11 -2795.53 1442.92 -2795.53 0
5.6 0 2.82532e-11 473.648 7043.61 473.648 0
5.62 0 -6.84747e-11 3671.04 12398.5 3671.04 0
5.64 0 -6.43493e-10 6465.04 16834 6465.04 0
5.66 0 6.53798e-10 8539.65 19645.9 8539.65 0
5.68 0 -1.30374e-09 9693.27 20435.1 9693.27 0
5.7 0 -1.62565e-09 9998.35 19489.3 9998.35 0
5.72 0 -2.52147e-10 9790.77 17653.8 9790.77 0
5.74 0 -1.43723e-09 9461.07 15797 9461.07 0
5.76 0 -6.45689e-10 9237.4 14401.3 9237.4 0
5.78 0 2.44493e-09 9122.95 13545.6 9122.95 0
5.8 0 -6.50107e-10 8983.06 13119.9 8983.06 0
5.82 0 1.62366e-09 8669.28 12989 8669.28 0
5.84 0 2.88903e-10 8082.09 12978.9 8082.09 0
5.86 0 -2.11504e-09 7162.5 12801.3 7162.5 0
5.88 0 3.33571e-11 5885.95 12143.3 5885.95 0
5.9 0 -5.04267e-10 4309.61 10938.3 4309.61 0
5.92 0 9.25214e-10 2611.89 9500.44 2611.89 0
5.94 0 -4.72015e-10 1033.06 8285.53 1033.06 0
5.96 0 5.64313e-10 -253.632 7515 -253.632 0
5.98 0 -1.86976e-10 -1228.47 7043.71 -1228.47 0
6 0 8.68165e-11 -2032.89 6457.65 -2032.89 0
6.02 0 1.80465e-10 -2929.32 5162.46 -2929.32 0
6.04 0 1.70774e-10 -4199.86 2518.87 -4199.86 0
6.06 0 -3.97908e-10 -5959.75 -1753.04 -5959.75 0
6.08 0 -1.39829e-09 -7969.5 -7071.63 -7969.5 0
6.1 0 -1.22027e-11 -9618.43 -11949.1 -9618.43 0
6.12 0 2.03661e-09 -10193.7 -14702.7 -10193.7 0
6.14 0 -3.95243e-10 -9342.71 -14534.7 -9342.71 0
6.16 0 -1.59233e-09 -7397.46 -12201.4 -7397.46 0
6.18 0 -9.28062e-10 -5219.92 -9704.07 -5219.92 0
6.2 0 -1.83898e-09 -3606.58 -9077.22 -3606.58 0
6.22 0 -7.04431e-10 -2738.86 -11062 -2738.86 0
6.24 0 1.70965e-10 -2160.84 -14717.6 -2160.84 0
6.26 0 -1.26052e-09 -1282.52 -18214 -1282.52 0
6.28 0 -1.99908e-10 111.043 -20118.8 111.043 0
6.3 0 -1.15452e-09 1827.89 -20133.2 1827.89 0
6.32 0 7.90422e-10 3660.33 -18509.1 3660.33 0
6.34 0 -9.71777e-11 5706.35 -15248.2 5706.35 0
6.36 0 -6.40844e-11 8206.75 -10616.1 8206.75 0
6.38 0 8.76646e-10 11084.7 -5611.23 11084.7 0
6.4 0 -2.4507e-10 13809.7 -1425.37 13809.7 0
6.42 0 3.43381e-09 15736.8 1144.5 15736.8 0
6.44 0 -9.22066e-10 16493.4 2024.14 16493.4 0
6.46 0 1.84461e-09 16278.1 2062.9 16278.1 0
6.48 0 -2.44999e-10 15666.1 2713.43 15666.1 0
6.5 0 3.37114e-09 14799.3 4891.11 14799.3 0
6.52 0 -1.95589e-09 13273.6 8083.02 13273.6 0
6.54 0 -9.38678e-11 10773.5 10642.7 10773.5 0
6.56 0 1.01528e-09 7546.06 11203.3 7546.06 0
6.58 0 1.31404e-09 4396.6 9946.13 4396.6 0
6.6 0 1.68956e-09 2086.61 8120.96 2086.61 0
6.62 0 1.84155e-09 637.383 6480.41 637.383 0
6.64 0 7.5852e-10 -625.017 4854.91 -625.017 0
6.66 0 7.90429e-10 -2255.2 3145.31 -2255.2 0
6.68 0 -3.12725e-10 -4111.68 2090.03 -4111.68 0
6.7 0 -1.02609e-10 -5639.29 2767.31 -5639.29 0
6.72 0 3.81025e-11 -6561.37 5458.58 -6561.37 0
6.74 0 -4.93403e-10 -7128.65 9209.22 -7128.65 0
6.76 0 1.21239e-09 -7778.21 12368.4 -7778.21 0
6.78 0 1.1258e-09 -8764.31 13410 -8764.31 0
6.8 0 1.48863e-09 -10123.3 11830.1 -10123.3 0
6.82 0 6.47931e-10 -11707 8381.61 -11707 0
6.84 0 -3.33446e-09 -13069.6 4115.31 -13069.6 0
6.86 0 1.08237e-09 -13820.9 -646.224 -13820.9 0
6.88 0 -4.21275e-10 -13998.3 -5692.17 -13998.3 0
6.9 0 -2.24658e-09 -13588.1 -9761.91 -13588.1 0
6.92 0 -3.12065e-10 -12541.4 -11697.2 -12541.4 0
6.94 0 7.16733e-10 -11001.8 -11485.4 -11001.8 0
6.96 0 -9.36836e-10 -9161.36 -9539.31 -9161.36 0
6.98 0 4.39236e-10 -7300.71 -6802.38 -7300.71 0
7 0 -4.2357e-11 -5770.51 -5006.43 -5770.51 0
7.02 0 1.89923e-09 -4681.66 -5276.35 -4681.66 0
7.04 0 3.68453e-09 -3757.27 -7429.29 -3757.27 0
7.06 0 -1.20481e-09 -2639.92 -10759.9 -2639.92 0
7.08 0 1.31711e-09 -1047.4 -14127.8 -1047.4 0
7.1 0 1.42723e-10 1135.67 -16070.3 1135.67 0
7.12 0 -1.06974e-10 3730.11 -15688.1 3730.11 0
7.14 0 5.67102e-11 6374.01 -12944.7 6374.01 0
7.16 0 -5.69393e-10 8761.22 -8310.54 8761.22 0
7.18 0 -3.87628e-10 10664.5 -2667.87 10664.5 0
7.2 0 1.35255e-09 11884.8 2941.39 11884.8 0
7.22 0 -1.77629e-09 12323.3 7562.15 12323.3 0
7.24 0 -1.01653e-09 11942.6 10234.6 11942.6 0
7.26 0 1.06966e-09 10767.3 10359.2 10767.3 0
7.28 0 -5.00667e-10 8971.14 8180.47 8971.14 0
7.3 0 1.90026e-09 6889.38 4813.14 6889.38 0
7.32 0 -3.22225e-09 4994.25 1965.08 4994.25 0
7.34 0 4.1019e-09 3706.2 1135.44 3706.2 0
7.36 0 -3.66237e-09 3161.53 2803.02 3161.53 0
7.38 0 1.41595e-10 3194.54 6615.02 3194.54 0
7.4 0 -4.87698e-11 3496.98 11991.2 3496.98 0
7.42 0 6.00322e-12 3725.03 18079.3 3725.03 0
7.44 0 3.1644e-10 3552.17 23509.6 3552.17 0
7.46 0 1.50593e-10 2762.3 26796.3 2762.3 0
7.48 0 -1.28466e-09 1339.7 27096 1339.7 0
7.5 0 1.23712e-09 -534.596 24513 -534.596 0
7.52 0 -5.26793e-10 -2575.09 19780.4 -2575.09 0
7.54 0 2.10992e-10 -4522.48 13769.4 -4522.48 0
7.56 0 -4.00229e-10 -6237.02 7221.82 -6237.02 0
7.58 0 -6.87441e-10 -7672.93 799.793 -7672.93 0
7.6 0 -4.81122e-10 -8763.73 -4820.4 -8763.73 0
7.62 0 2.89649e-10 -9340.71 -9089.85 -9340.71 0
7.64 0 -1.14346e-09 -9211.25 -11785.4 -9211.25 0
7.66 0 4.69441e-09 -8364.12 -13057.5 -8364.12 0
7.68 0 -4.32192e-11 -7069.33 -13330.5 -7069.33 0
7.7 0 -6.06348e-10 -5729.79 -13142.1 -5729.79 0
7.72 0 4.98694e-10 -4622.76 -13028.8 -4622.76 0
7.74 0 1.87586e-09 -3766.24 -13429.8 -3766.24 0
7.76 0 -1.18166e-09 -2980.94 -14562.8 -2980.94 0
7.78 0 -1.83898e-09 -2044.04 -16224.2 -2044.04 0
7.8 0 6.26777e-11 -780.768 -17581.9 -780.768 0
7.82 0 1.53464e-10 869.222 -17544.5 869.222 0
7.84 0 5.21858e-11 2794.69 -15580 2794.69 0
7.86 0 7.57808e-10 4788.24 -11922.3 4788.24 0
7.88 0 -1.70968e-11 6666.65 -7109.91 6666.65 0
7.9 0 -8.67779e-10 8296.54 -1686.69 8296.54 0
7.92 0 -6.51393e-10 9582.4 3816.73 9582.4 0
7.94 0 2.44387e-10 10476.5 8911.47 10476.5 0
7.96 0 2.86077e-09 10912.7 13162 10912.7 0
7.98 0 -2.32864e-09 10737.3 16146.4 10737.3 0
8 0 -3.02615e-09 9833.18 17564.7 9833.18 0
8.02 0 -3.60868e-09 8362.8 17575.3 8362.8 0
8.04 0 4.28259e-10 6790.42 16893.4 6790.42 0
8.06 0 8.47838e-10 5565.55 16334.2 5565.55 0
8.08 0 2.28375e-09 4823.28 16365.8 4823.28 0
8.1 0 3.09555e-09 4391.82 17125.1 4391.82 0
8.12 0 -4.91571e-10 3977.94 18479.9 3977.94 0
8.14 0 4.87905e-10 3331.91 19911.9 3331.91 0
8.16 0 1.20346e-09 2298.87 20534.6 2298.87 0
8.18 0 1.06391e-10 799.959 19530.5 799.959 0
8.2 0 3.14812e-10 -1172.33 16628.4 -1172.33 0
8.22 0 3.7558e-10 -3564.96 11987.9 -3564.96 0
8.24 0 -5.39578e-10 -6266.13 5783.17 -6266.13 0
8.26 0 -1.25303e-09 -9059.57 -1785.42 -9059.57 0
8.28 0 3.35063e-10 -11592.9 -10106.9 -11592.9 0
8.3 0 2.31496e-09 -13453 -18035.8 -13453 0
8.32 0 5.5755e-10 -14315.5 -24251.3 -14315.5 0
8.34 0 -6.61559e-10 -14076.5 -27769 -14076.5 0
8.36 0 -2.33186e-09 -12900.3 -28280.8 -12900.3 0
8.38 0 2.24656e-10 -11136.6 -26194 -11136.6 0
8.4 0 -9.65106e-10 -9150.56 -22378.2 -9150.56 0
8.42 0 -1.79225e-09 -7221.11 -17893.2 -7221.11 0
8.44 0 3.83343e-09 -5583.23 -13944.6 -5583.23 0
8.46 0 2.46044e-10 -4451.98 -11837.3 -4451.98 0
8.48 0 1.39553e-09 -3910.23 -12535.4 -3910.23 0
8.5 0 -2.1133e-10 -3729.29 -15741.3 -3729.29 0
8.52 0 1.41137e-09 -3341.39 -19348.8 -3341.39 0
8.54 0 2.11791e-11 -2170.01 -20523.4 -2170.01 0
8.56 0 6.05987e-11 -55.7767 -17707.9 -55.7767 0
8.58 0 -3.32472e-11 2701.59 -11342 2701.59 0
8.6 0 1.17231e-10 5651.78 -2847.12 5651.78 0
8.62 0 -7.55666e-12 8414.3 6418.32 8414.3 0
8.64 0 1.15542e-09 10654.2 15180.5 10654.2 0
8.66 0 -8.21446e-10 12033.1 22026.6 12033.1 0
8.68 0 5.72677e-10 12302.1 25771.8 12302.1 0
8.7 0 1.16643e-09 11460.3 26071.6 11460.3 0
8.72 0 2.13113e-09 9815.27 23609.4 9815.27 0
8.74 0 -8.71988e-10 7867.6 19741 7867.6 0
8.76 0 2.99949e-09 6088.5 15891.5 6088.5 0
8.78 0 -4.87084e-09 4750.22 13069.2 4750.22 0
8.8 0 2.49381e-09 3923.1 11798.9 3923.1 0
8.82 0 1.75407e-09 3574.93 12352.2 3574.93 0
8.84 0 -6.39599e-12 3582.06 14715.1 3582.06 0
8.86 0 2.03166e-09 3651.2 18175.8 3651.2 0
8.88 0 -7.58537e-10 3328.43 21078.1 3328.43 0
8.9 0 -5.49859e-10 2200.98 21425.2 2200.98 0
8.92 0 8.02341e-11 191.517 18215 191.517 0
8.94 0 4.64848e-11 -2384.87 12055.6 -2384.87 0
8.96 0 -4.4719e-12 -5090.54 4277.66 -5090.54 0
8.98 0 -1.21302e-09 -7593.63 -4076.65 -7593.63 0
9 0 -1.95992e-10 -9623.05 -12134.8 -9623.05 0
9.02 0 1.3669e-09 -10887.8 -18730.8 -10887.8 0
9.04 0 2.82431e-10 -11180.3 -22672.5 -11180.3 0
9.06 0 3.46398e-10 -10529.1 -23426.8 -10529.1 0
9.08 0 2.78981e-09 -9194 -21420.7 -9194 0
9.1 0 1.62083e-09 -7518.28 -17785.4 -7518.28 0
9.12 0 5.08342e-09 -5802.59 -13879.2 -5802.59 0
9.14 0 -4.83246e-09 -4284 -10913.9 -4284 0
9.16 0 1.28122e-09 -3156.9 -9753.79 -3156.9 0
9.18 0 1.06229e-09 -2535.42 -10765 -2535.42 0
9.2 0 1.42262e-09 -2358.24 -13653.9 -2358.24 0
9.22 0 1.51097e-09 -2331.65 -17344.7 -2331.65 0
9.24 0 -4.45391e-10 -2017.76 -20133.5 -2017.76 0
9.26 0 1.77236e-10 -1103.87 -20491.9 -1103.87 0
9.28 0 8.10767e-11 360.691 -18071.5 360.691 0
9.3 0 -1.67876e-10 2069.37 -13702 2069.37 0
9.32 0 3.33106e-10 3805.19 -8331.74 3805.19 0
9.34 0 3.83007e-10 5572.18 -2348.82 5572.18 0
9.36 0 -3.66103e-11 7346.81 3903.04 7346.81 0
9.38 0 -1.08276e-09 8801.32 9403.17 8801.32 0
9.4 0 -1.4221e-10 9418.74 12771.3 9418.74 0
9.42 0 -3.35071e-10 8942.16 13372.9 8942.16 0
9.44 0 -3.68129e-10 7664.94 11947.9 7664.94 0
9.46 0 -1.00771e-09 6227.69 10062.3 6227.69 0
9.48 0 -1.23845e-10 5125.38 8942.04 5125.38 0
9.5 0 7.27752e-10 4433.27 8851.19 4433.27 0
9.52 0 6.66037e-10 3966.51 9486.67 3966.51 0
9.54 0 -1.34415e-10 3580.86 10654 3580.86 0
9.56 0 -1.63613e-09 3243.2 12353.2 3243.2 0
9.58 0 4.20116e-10 2881.99 14356.9 2881.99 0
9.6 0 3.04659e-10 2278.41 15887.6 2278.41 0
9.62 0 1.54214e-10 1162.91 15839 1162.91 0
9.64 0 -1.38387e-10 -565.686 13469.9 -565.686 0
9.66 0 -4.01707e-10 -2743.78 8879.47 -2743.78 0
9.68 0 6.67306e-11 -5054.82 2813.84 -5054.82 0
9.7 0 7.57093e-10 -7168.84 -3761.08 -7168.84 0
9.72 0 -6.06567e-10 -8770 -9781.35 -8770 0
9.74 0 -1.80082e-12 -9568.77 -14114.5 -9568.77 0
9.76 0 -9.14814e-10 -9403.91 -15922.2 -9403.91 0
9.78 0 8.55907e-10 -8366.3 -15147.5 -8366.3 0
9.8 0 5.46754e-10 -6795.75 -12608.7 -6795.75 0
9.82 0 -1.65227e-09 -5106.91 -9566.96 -5106.91 0
9.84 0 -1.15958e-09 -3578.88 -7109.76 -3578.88 0
9.86 0 -1.25516e-09 -2282.99 -5800.44 -2282.99 0
9.88 0 2.55377e-10 -1173.74 -5722.4 -1173.74 0
9.9 0 -6.07292e-10 -204.907 -6643.92 -204.907 0
9.92 0 2.37687e-10 649.606 -8060.54 649.606 0
9.94 0 7.74506e-11 1448.18 -9244.68 1448.18 0
9.96 0 3.13083e-10 2315.67 -9455.12 2315.67 0
9.98 0 2.8025e-10 3403.22 -8184.67 3403.22 0
10 0 -1.0675e-09 4777.66 -5331.1 4777.66 0
10.02 0 6.98099e-11 6323.24 -1290.94 6323.24 0
10.04 0 -4.27058e-10 7768.25 3118.74 7768.25 0
10.06 0 1.30505e-09 8844.98 7001.46 8844.98 0
10.08 0 2.46617e-10 9443.88 9784.7 9443.88 0
10.1 0 3.81445e-10 9615.63 11375.6 9615.63 0
10.12 0 -9.71046e-10 9435.23 12000.6 9435.23 0
10.14 0 1.01695e-09 8889.91 11905.9 8889.91 0
10.16 0 1.79941e-09 7917.22 11192.9 7917.22 0
10.18 0 -2.35771e-09 6538.59 9930.5 6538.59 0
10.2 0 2.02574e-09 4921.51 8361.32 4921.51 0
10.22 0 -2.19799e-09 3297.41 6889.73 3297.41 0
10.24 0 -8.64329e-10 1821.72 5809.77 1821.72 0
10.26 0 2.30448e-10 510.57 5103.07 510.57 0
10.28 0 2.5783e-11 -715.966 4522.92 -715.966 0
10.3 0 5.92403e-11 -1950.56 3796.5 -1950.56 0
10.32 0 9.10184e-11 -3232.03 2736.37 -3232.03 0
10.34 0 7.50088e-10 -4535.05 1231.13 -4535.05 0
10.36 0 -1.70005e-09 -5812.54 -789.21 -5812.54 0
10.38 0 -2.63694e-10 -7024.56 -3322.49 -7024.56 0
10.4 0 -1.68638e-09 -8114.12 -6220.73 -8114.12 0
10.42 0 1.04999e-09 -8974.99 -9177.27 -8974.99 0
10.44 0 4.25539e-10 -9459.26 -11799.5 -9459.26 0
10.46 0 -1.30045e-09 -9423.71 -13682.1 -9423.71 0
10.48 0 -1.83303e-09 -8789.51 -14480.3 -8789.51 0
10.5 0 5.0291e-10 -7593.26 -14030.2 -7593.26 0
10.52 0 6.5569e-10 -5994.68 -12466.8 -5994.68 0
10.54 0 -1.92231e-09 -4206.13 -10222.5 -4206.13 0
10.56 0 -4.47159e-10 -2394.83 -7850.15 -2394.83 0
10.58 0 1.52869e-09 -658.675 -5793.69 -658.675 0
10.6 0 -1.08358e-09 918.88 -4307.51 918.88 0
10.62 0 5.19768e-10 2243.84 -3524.01 2243.84 0
10.64 0 9.94428e-11 3274.87 -3451.29 3274.87 0
10.66 0 -9.01205e-11 4093.22 -3828.07 4093.22 0
10.68 0 1.5561e-10 4877.81 -4061.66 4877.81 0
10.7 0 2.15149e-10 5791.81 -3448.57 5791.81 0
10.72 0 2.55923e-09 6868.51 -1565.75 6868.51 0
10.74 0 -9.3432e-11 7975.6 1462.1 7975.6 0
10.76 0 -9.08511e-10 8878.17 5025.64 8878.17 0
10.78 0 -9.12647e-10 9362.99 8327.29 9362.99 0
10.8 0 -1.7363e-09 9322.39 10726.8 9322.39 0
10.82 0 3.72634e-10 8752.61 11949.1 8752.61 0
10.84 0 -6.22141e-10 7706.98 11994.9 7706.98 0
10.86 0 -8.48429e-10 6264.9 10956.6 6264.9 0
10.88 0 1.22718e-09 4553.06 9051.47 4553.06 0
10.9 0 1.9014e-10 2769.07 6787.16 2769.07 0
10.92 0 -6.94404e-10 1147.1 4909.05 1147.1 0
10.94 0 1.2403e-09 -142.618 4031.58 -142.618 0
10.96 0 4.31668e-10 -1096.91 4236 -1096.91 0
10.98 0 -2.95055e-11 -1887.93 5004.9 -1887.93 0
11 0 -1.56806e-10 -2742.32 5555.22 -2742.32 0
11.02 0 -5.57796e-10 -3779.15 5290.06 -3779.15 0
11.04 0 4.54008e-10 -4937.77 4060.03 -4937.77 0
11.06 0 4.28157e-10 -6039.96 2121.13 -6039.96 0
11.08 0 -3.86451e-10 -6913.63 -119.674 -6913.63 0
11.1 0 -1.18233e-09 -7471.26 -2370.71 -7471.26 0
11.12 0 5.90651e-10 -7706.13 -4539.89 -7706.13 0
11.14 0 -1.11311e-09 -7638.23 -6624.33 -7638.23 0
11.16 0 -1.31231e-09 -7263.11 -8550 -7263.11 0
11.18 0 -1.19602e-10 -6560.3 -10096 -6560.3 0
11.2 0 -1.98359e-10 -5548.11 -10976.9 -5548.11 0
11.22 0 2.04286e-10 -4309.7 -11044.1 -4309.7 0
11.24 0 1.81303e-09 -2963.97 -10449.4 -2963.97 0
11.26 0 5.07836e-10 -1624.73 -9605.34 -1624.73 0
11.28 0 -4.39294e-10 -378.492 -8947.45 -378.492 0
11.3 0 5.01613e-10 732.907 -8681.9 732.907 0
11.32 0 -2.79711e-10 1721.46 -8734.78 1721.46 0
11.34 0 4.51316e-10 2627.72 -8915.4 2627.72 0
11.36 0 -9.79859e-11 3470.82 -9082.98 3470.82 0
11.38 0 -9.01799e-13 4223.49 -9157.56 4223.49 0
11.4 0 -1.52934e-11 4841.45 -9033.22 4841.45 0
11.42 0 -3.52286e-10 5323.19 -8507.53 5323.19 0
11.44 0 -4.37533e-10 5740.81 -7264.62 5740.81 0
11.46 0 8.51414e-11 6198.13 -4972.59 6198.13 0
11.48 0 -3.64334e-12 6728.3 -1555.31 6728.3 0
11.5 0 2.9916e-10 7198.4 2549.14 7198.4 0
11.52 0 -1.21898e-09 7341.73 6433.24 7341.73 0
11.54 0 -2.35265e-09 6921.6 9104.01 6921.6 0
11.56 0 2.10538e-10 5885.09 9994.85 5885.09 0
11.58 0 6.49772e-10 4402.64 9301.06 4402.64 0
11.6 0 9.77886e-10 2786.22 7879.65 2786.22 0
11.62 0 -1.60635e-09 1342.03 6728.65 1342.03 0
11.64 0 6.85357e-10 231.452 6438.84 231.452 0
11.66 0 6.95462e-10 -564.843 7055.81 -564.843 0
11.68 0 2.26544e-10 -1150.66 8365.79 -1150.66 0
11.7 0 -2.94486e-10 -1602.24 10147.6 -1602.24 0
11.72 0 -2.04934e-10 -1980.61 12047 -1980.61 0
11.74 0 3.83808e-11 -2421.76 13344.6 -2421.76 0
11.76 0 -5.02443e-10 -3129.27 13116.6 -3129.27 0
11.78 0 -4.75706e-10 -4228.82 10778 -4228.82 0
11.8 0 1.12484e-11 -5638.13 6494.6 -5638.13 0
11.82 0 -6.03387e-10 -7080.36 1102.02 -7080.36 0
11.84 0 -1.50371e-09 -8214.68 -4324.01 -8214.68 0
11.86 0 -3.95194e-10 -8766.85 -8895.8 -8766.85 0
11.88 0 -1.76063e-09 -8602.19 -12083.2 -8602.19 0
11.9 0 5.72625e-10 -7765.28 -13687.2 -7765.28 0
11.92 0 9.97922e-10 -6471.8 -13850.9 -6471.8 0
11.94 0 9.51694e-10 -5019.97 -13069.5 -5019.97 0
11.96 0 2.65987e-10 -3664.26 -12041.2 -3664.26 0
11.98 0 -2.03855e-09 -2541.25 -11429.7 -2541.25 0
12 0 -3.46092e-10 -1665.05 -11673 -1665.05 0
12.02 0 -1.42097e-10 -951.006 -12823.5 -951.006 0
12.04 0 1.16382e-09 -260.975 -14495.3 -260.975 0
12.06 0 -1.17493e-10 529.239 -16047.5 529.239 0
12.08 0 2.9932e-11 1480.42 -16884.3 1480.42 0
12.1 0 2.54751e-10 2584.58 -16643.8 2584.58 0
12.12 0 -3.10601e-10 3783.35 -15230.9 3783.35 0
12.14 0 2.33402e-10 4994.81 -12757.7 4994.81 0
12.16 0 6.48065e-10 6145.44 -9439.08 6145.44 0
12.18 0 -1.02931e-09 7180.74 -5482.3 7180.74 0
12.2 0 -1.44929e-10 8057.22 -1125.59 8057.22 0
12.22 0 -1.58516e-09 8678.65 3186.8 8678.65 0
12.24 0 2.91948e-10 8880.82 6837.76 8880.82 0
12.26 0 -8.56198e-10 8545.82 9307.67 8545.82 0
12.28 0 4.92043e-10 7719.77 10433.5 7719.77 0
12.3 0 -3.07212e-10 6619.4 10522.9 6619.4 0
12.32 0 -2.56768e-10 5491.49 10182.4 5491.49 0
12.34 0 -1.31289e-09 4459.86 9949.22 4459.86 0
12.36 0 -1.51628e-09 3509.92 10110 3509.92 0
12.38 0 2.89812e-10 2582.47 10756 2582.47 0
12.4 0 -7.41648e-10 1636.57 11785.7 1636.57 0
12.42 0 -1.80939e-10 645.442 12855 645.442 0
12.44 0 6.39552e-10 -414.255 13489 -414.255 0
12.46 0 2.53875e-10 -1554.57 13294.7 -1554.57 0
12.48 0 2.85432e-10 -2766.92 12070.3 -2766.92 0
12.5 0 2.59848e-10 -4013.53 9805.08 -4013.53 0
12.52 0 2.9674e-10 -5221.91 6665.11 -5221.91 0
12.54 0 -9.88083e-10 -6297.84 2977.97 -6297.84 0
12.56 0 -3.30387e-10 -7138.27 -799.678 -7138.27 0
12.58 0 -6.47379e-10 -7631.9 -4127.93 -7631.9 0
12.6 0 7.52165e-10 -7655.75 -6508.94 -7655.75 0
12.62 0 -1.81438e-10 -7102.44 -7649.26 -7102.44 0
12.64 0 1.39843e-09 -5974.58 -7546.59 -5974.58 0
12.66 0 1.63244e-09 -4466.34 -6542.69 -4466.34 0
12.68 0 -3.7082e-10 -2903.96 -5279.83 -2903.96 0
12.7 0 1.46923e-09 -1567.47 -4445.94 -1567.47 0
12.72 0 1.77627e-09 -575.218 -4490.8 -575.218 0
12.74 0 -5.76733e-10 91.9143 -5541.36 91.9143 0
12.76 0 1.83814e-11 523.613 -7449.22 523.613 0
12.78 0 -6.67947e-10 835.434 -9867.72 835.434 0
12.8 0 1.16999e-09 1125.61 -12374.9 1125.61 0
12.82 0 -5.33107e-10 1451.93 -14554.1 1451.93 0
12.84 0 3.90789e-10 1866.63 -15926.9 1866.63 0
12.86 0 1.55609e-10 2451.11 -15923.9 2451.11 0
12.88 0 -1.81599e-10 3261.54 -14139.6 3261.54 0
12.9 0 -4.14577e-11 4222.28 -10653.4 4222.28 0
12.92 0 1.44989e-10 5126.81 -6120.83 5126.81 0
12.94 0 4.55312e-10 5706.46 -1581.39 5706.46 0
12.96 0 -1.61435e-10 5732.79 2006.26 5732.79 0
12.98 0 -8.15035e-10 5135.34 4126.71 5135.34 0
13 0 4.26729e-10 4025.18 4709.75 4025.18 0
13.02 0 -6.43163e-10 2644.22 4063.4 2644.22 0
13.04 0 -9.1688e-11 1278.31 2839.79 1278.31 0
13.06 0 1.33092e-10 175.757 1866.1 175.757 0
13.08 0 2.37209e-10 -517.04 1888.1 -517.04 0
13.1 0 6.46382e-10 -810.786 3301.78 -810.786 0
13.12 0 4.42964e-10 -884.735 5920.18 -884.735 0
13.14 0 -1.36748e-10 -987.731 9024.77 -987.731 0
13.16 0 5.48208e-11 -1282.63 11775 -1282.63 0
13.18 0 -2.3736e-10 -1791.77 13567.7 -1791.77 0
13.2 0 -2.2344e-10 -2473.67 14055.3 -2473.67 0
13.22 0 8.35231e-11 -3287.97 13071.8 -3287.97 0
13.24 0 -1.18975e-10 -4163.76 10731.7 -4163.76 0
13.26 0 -5.65392e-11 -4953.65 7530.15 -4953.65 0
13.28 0 -4.35726e-11 -5453.85 4209.91 -5453.85 0
13.3 0 4.49553e-10 -5475.96 1477.94 -5475.96 0
13.32 0 -3.38998e-10 -4928.43 -258.12 -4928.43 0
13.34 0 6.88033e-10 -3884.33 -1025.48 -3884.33 0
13.36 0 -6.1072e-10 -2616.18 -1294.25 -2616.18 0
13.38 0 2.96016e-10 -1514.61 -1835.77 -1514.61 0
13.4 0 5.26792e-10 -876.133 -3330.34 -876.133 0
13.42 0 6.05641e-10 -731.275 -5938.03 -731.275 0
13.44 0 -7.4045e-10 -873.667 -9271.47 -873.667 0
13.46 0 -1.85309e-09 -1037.94 -12765.7 -1037.94 0
13.48 0 1.20616e-10 -1053.33 -15998.2 -1053.33 0
13.5 0 1.63046e-09 -887.31 -18737.9 -887.31 0
13.52 0 2.28237e-10 -587.675 -20835.7 -587.675 0
13.54 0 -4.5857e-12 -171.018 -22066.6 -171.018 0
13.56 0 -1.33556e-09 438.611 -22048.3 438.611 0
13.58 0 -1.42676e-11 1328.63 -20415.1 1328.63 0
13.6 0 5.57505e-11 2442.69 -17162.6 2442.69 0
13.62 0 -1.23032e-10 3551.64 -12787.6 3551.64 0
13.64 0 -8.06216e-11 4402.72 -8062.53 4402.72 0
13.66 0 3.52594e-10 4865.85 -3604.06 4865.85 0
13.68 0 3.57454e-12 4967.76 380.012 4967.76 0
13.7 0 1.10237e-10 4813.99 3879.45 4813.99 0
13.72 0 1.08865e-09 4491.18 6776.33 4491.18 0
13.74 0 1.95128e-09 4053.86 8915.73 4053.86 0
13.76 0 9.64568e-10 3576.37 10380.8 3576.37 0
13.78 0 8.15105e-10 3200.84 11596.6 3200.84 0
13.8 0 6.58234e-10 3091.06 13175.1 3091.06 0
13.82 0 -2.40645e-10 3292.83 15574.5 3292.83 0
13.84 0 2.91111e-10 3646.67 18779.4 3646.67 0
13.86 0 -4.13439e-11 3881.88 22285.3 3881.88 0
13.88 0 1.33104e-09 3805.68 25408.1 3805.68 0
13.9 0 3.25631e-10 3386.36 27589.3 3386.36 0
13.92 0 3.10644e-10 2674.46 28435.9 2674.46 0
13.94 0 1.30432e-09 1698.14 27630.4 1698.14 0
13.96 0 -9.10597e-10 464.761 24997.1 464.761 0
13.98 0 8.81412e-10 -964.779 20686.2 -964.779 0
14 0 2.07324e-10 -2447.73 15152.6 -2447.73 0
14.02 0 2.17059e-10 -3806.3 8945.22 -3806.3 0
14.04 0 -4.42594e-10 -4884.27 2616.31 -4884.27 0
14.06 0 5.2408e-10 -5591.03 -3218.19 -5591.03 0
14.08 0 2.05964e-10 -5920.92 -7898.92 -5920.92 0
14.1 0 1.47734e-09 -5915.38 -10927.9 -5915.38 0
14.12 0 2.64354e-10 -5615.25 -12230.3 -5615.25 0
14.14 0 1.59499e-10 -5099.12 -12324.4 -5099.12 0
14.16 0 -1.16728e-09 -4569.97 -12304.3 -4569.97 0
14.18 0 -1.60322e-09 -4300.8 -13426.3 -4300.8 0
14.2 0 -1.80224e-09 -4413.84 -16331.4 -4413.84 0
14.22 0 1.36068e-09 -4747.07 -20563.9 -4747.07 0
14.24 0 8.39667e-11 -4989.1 -24924.2 -4989.1 0
14.26 0 2.01158e-09 -4924.84 -28245.4 -4924.84 0
14.28 0 -1.06262e-09 -4505.48 -29747.9 -4505.48 0
14.3 0 2.12578e-10 -3701.93 -28829.3 -3701.93 0
14.32 0 1.98243e-09 -2390.26 -24947.2 -2390.26 0
14.34 0 -2.28179e-10 -472.723 -18085.8 -472.723 0
14.36 0 -4.9126e-10 1872.44 -9375.35 1872.44 0
14.38 0 -2.38647e-10 4124.54 -894.222 4124.54 0
14.4 0 -1.56292e-10 5690.74 5446.7 5690.74 0
14.42 0 6.90151e-10 6271.1 8884.14 6271.1 0
14.44 0 2.83209e-09 6013.12 9935.2 6013.12 0
14.46 0 -1.88094e-09 5398.3 9940.78 5398.3 0
14.48 0 -1.85896e-09 4962.65 10433.4 4962.65 0
14.5 0 2.86305e-10 5014.76 12477.3 5014.76 0
14.52 0 1.78349e-09 5510.93 16176.9 5510.93 0
14.54 0 -2.78603e-09 6154.74 20681.5 6154.74 0
14.56 0 -2.0214e-09 6617.45 24743.4 6617.45 0
14.58 0 -1.3191e-09 6701.01 27425.4 6701.01 0
14.6 0 -2.55645e-09 6348.34 28410.3 6348.34 0
14.62 0 3.89059e-10 5539.44 27703.3 5539.44 0
14.64 0 -9.16111e-10 4212.69 25178.9 4212.69 0
14.66 0 1.59074e-09 2348.27 20706.7 2348.27 0
14.68 0 -5.6295e-10 145.388 14791.3 145.388 0
14.7 0 2.08749e-10 -1965.8 8678.64 -1965.8 0
14.72 0 -1.39783e-10 -3584.69 3468.45 -3584.69 0
14.74 0 2.16732e-10 -4609.08 -774.632 -4609.08 0
14.76 0 -4.18651e-10 -5205.85 -4780.17 -5205.85 0
14.78 0 -1.39298e-10 -5579.59 -9019.89 -5579.59 0
14.8 0 -2.81533e-11 -5852.49 -13200.5 -5852.49 0
14.82 0 6.66753e-10 -6105.9 -16760.6 -6105.9 0
14.84 0 1.60029e-09 -6386.56 -19456.6 -6386.56 0
14.86 0 -2.03413e-09 -6632.34 -21307.4 -6632.34 0
14.88 0 6.39337e-10 -6674.98 -22292.1 -6674.98 0
14.9 0 1.5705e-10 -6366.64 -22380.2 -6366.64 0
14.92 0 3.36952e-10 -5691.92 -21777.1 -5691.92 0
14.94 0 2.11763e-09 -4762.93 -20949.5 -4762.93 0
14.96 0 -1.47568e-09 -3723.38 -20311.1 -3723.38 0
14.98 0 1.67096e-09 -2627.04 -19800.5 -2627.04 0
15 0 -4.93072e-11 -1370.93 -18703.5 -1370.93 0
15.02 0 -5.70997e-10 226.198 -15988.1 226.198 0
15.04 0 1.30614e-11 2214.52 -11018.7 2214.52 0
15.06 0 1.46434e-10 4354.68 -4135.35 4354.68 0
15.08 0 -5.75945e-11 6182.97 3376.65 6182.97 0
15.1 0 -1.54418e-12 7283.41 9965.56 7283.41 0
15.12 0 -7.27049e-10 7566.17 14669 7566.17 0
15.14 0 1.22135e-09 7318.39 17491.3 7318.39 0
15.16 0 -1.31837e-09 6971.69 19062 6971.69 0
15.18 0 -1.88714e-09 6781.82 19967.5 6781.82 0
15.2 0 -1.58161e-09 6695.79 20384.6 6695.79 0
15.22 0 -3.56962e-09 6495.4 20277.6 6495.4 0
15.24 0 1.07003e-09 6037.48 19817 6037.48 0
15.26 0 -2.28471e-09 5348.78 19476.8 5348.78 0
15.28 0 -1.24062e-10 4509.04 19632 4509.04 0
15.3 0 1.28813e-09 3476.98 20007.9 3476.98 0
15.32 0 4.10487e-10 2074.28 19574.4 2074.28 0
15.34 0 -4.10815e-10 183.214 17227.8 183.214 0
15.36 0 9.83677e-11 -2047.34 12749.2 -2047.34 0
15.38 0 -1.07181e-10 -4265.35 6910.32 -4265.35 0
15.4 0 -6.0569e-10 -6188.31 593.566 -6188.31 0
15.42 0 1.44303e-09 -7728.33 -5792.78 -7728.33 0
15.44 0 -2.6864e-10 -8865.79 -11943.9 -8865.79 0
15.46 0 -6.2368e-10 -9550.64 -17223.1 -9550.64 0
15.48 0 -3.09485e-10 -9786.77 -20965.7 -9786.77 0
15.5 0 -3.00188e-10 -9691.04 -22991.4 -9691.04 0
15.52 0 4.16989e-10 -9368.62 -23513.4 -9368.62 0
15.54 0 8.27668e-10 -8784.85 -22726.4 -8784.85 0
15.56 0 -2.99935e-10 -7838.04 -20835.3 -7838.04 0
15.58 0 6.54751e-10 -6539.68 -18442.3 -6539.68 0
15.6 0 -4.78545e-10 -5062.68 -16506.2 -5062.68 0
15.62 0 9.28098e-10 -3599.85 -15677.3 -3599.85 0
15.64 0 1.64176e-09 -2215.09 -15723 -2215.09 0
15.66 0 -8.35892e-10 -808.143 -15576.2 -808.143 0
15.68 0 6.7688e-10 792.968 -14007.4 792.968 0
15.7 0 3.31111e-10 2656.61 -10464.3 2656.61 0
15.72 0 1.21363e-10 4657.59 -5318.44 4657.59 0
15.74 0 8.32773e-10 6565.58 611.757 6565.58 0
15.76 0 4.69314e-10 8199.08 6592.84 8199.08 0
15.78 0 -1.51065e-09 9482.41 12084.8 9482.41 0
15.8 0 8.2384e-10 10372.6 16587.3 10372.6 0
15.82 0 -4.98056e-10 10763.6 19542.3 10763.6 0
15.84 0 1.99909e-09 10504.9 20476.3 10504.9 0
15.86 0 -1.65659e-13 9532.27 19320.6 9532.27 0
15.88 0 -1.03408e-10 7967.22 16591.9 7967.22 0
15.9 0 -3.13878e-10 6090.36 13234.7 6090.36 0
15.92 0 2.0086e-09 4226.92 10252.1 4226.92 0
15.94 0 -9.39168e-10 2615.26 8331.76 2615.26 0
15.96 0 4.58745e-10 1313.32 7553.76 1313.32 0
15.98 0 -7.33447e-10 193.386 7331.73 193.386 0
16 0 -3.34199e-10 -935.991 6834.99 -935.991 0
16.02 0 -3.09775e-11 -2164.71 5613.52 -2164.71 0
16.04 0 2.53486e-10 -3437.96 3748.56 -3437.96 0
16.06 0 6.971e-10 -4655.61 1479.61 -4655.61 0
16.08 0 4.13365e-10 -5783.87 -1126.8 -5783.87 0
16.1 0 -5.93787e-10 -6872.86 -4173.49 -6872.86 0
16.12 0 -3.57146e-10 -7960.59 -7709.54 -7960.59 0
16.14 0 -9.88833e-10 -8928.58 -11427.4 -8928.58 0
16.16 0 1.04524e-09 -9459.6 -14533.9 -9459.6 0
16.18 0 -1.45522e-09 -9207.67 -16085.6 -9207.67 0
16.2 0 1.37871e-10 -8072.83 -15602.4 -8072.83 0
16.22 0 -7.63923e-10 -6307.94 -13392.1 -6307.94 0
16.24 0 -8.26172e-10 -4334.97 -10291.6 -4334.97 0
16.26 0 -1.64585e-09 -2458.42 -7114.12 -2458.42 0
16.28 0 1.55495e-10 -754.784 -4323.79 -754.784 0
16.3 0 -3.12912e-10 811.687 -2109.54 811.687 0
16.32 0 4.51186e-10 2237.43 -583.259 2237.43 0
16.34 0 2.52697e-10 3454.11 192.331 3454.11 0
16.36 0 -2.80921e-10 4417.33 360.568 4417.33 0
16.38 0 -7.12694e-10 5195.1 394.027 5195.1 0
16.4 0 6.14395e-11 5956.89 969.365 5956.89 0
16.42 0 8.64808e-10 6854.4 2618.7 6854.4 0
16.44 0 -4.10784e-10 7886.44 5401.66 7886.44 0
16.46 0 -1.62913e-10 8859.02 8820.42 8859.02 0
16.48 0 -1.83624e-09 9474.21 12002.2 9474.21 0
16.5 0 6.35199e-10 9479.05 14049.8 9479.05 0
16.52 0 -5.05484e-10 8776.06 14403.3 8776.06 0
16.54 0 8.41503e-10 7448.94 13019.1 7448.94 0
16.56 0 6.60954e-10 5710.66 10316.3 5710.66 0
16.58 0 3.49472e-10 3814.06 6998.11 3814.06 0
16.6 0 3.51446e-10 1971.68 3817.79 1971.68 0
16.62 0 8.83024e-11 314.333 1322.81 314.333 0
16.64 0 2.37269e-11 -1111.82 -291.398 -1111.82 0
16.66 0 2.35753e-10 -2331.78 -1127.74 -2331.78 0
16.68 0 -1.47014e-11 -3416 -1444.94 -3416 0
16.7 0 -8.61627e-12 -4433.24 -1566.1 -4433.24 0
16.72 0 3.79821e-10 -5404.64 -1820.3 -5404.64 0
16.74 0 -1.71525e-09 -6299.71 -2456.89 -6299.71 0
16.76 0 1.32844e-09 -7071.15 -3568.08 -7071.15 0
16.78 0 -7.50562e-10 -7680.85 -5076.43 -7680.85 0
16.8 0 -2.06579e-09 -8089.56 -6775.09 -8089.56 0
16.82 0 -6.38391e-10 -8229.67 -8379.94 -8229.67 0
16.84 0 1.39798e-09 -8009.16 -9569.38 -8009.16 0
16.86 0 9.48515e-11 -7361.27 -10046.2 -7361.27 0
16.88 0 -1.12546e-09 -6303.05 -9632.56 -6303.05 0
16.9 0 -5.13983e-10 -4945.27 -8354.56 -4945.27 0
16.92 0 1.23287e-10 -3427.79 -6454.87 -3427.79 0
16.94 0 3.87544e-10 -1844.67 -4283.5 -1844.67 0
16.96 0 8.50945e-12 -244.749 -2144.62 -244.749 0
16.98 0 1.24387e-10 1309.07 -244.353 1309.07 0
17 0 1.62983e-10 2721.98 1265.86 2721.98 0
17.02 0 -3.0534e-10 3923.45 2294.45 3923.45 0
17.04 0 -6.69948e-10 4920.27 2886.32 4920.27 0
17.06 0 1.82986e-10 5776.8 3247.4 5776.8 0
17.08 0 1.09171e-09 6546.29 3660.72 6546.29 0
17.1 0 2.31338e-09 7223.98 4352.42 7223.98 0
17.12 0 -2.4829e-09 7757.2 5380.62 7757.2 0
17.14 0 2.66953e-10 8089.66 6604.42 8089.66 0
17.16 0 3.30201e-10 8190.08 7755.3 8190.08 0
17.18 0 1.01659e-09 8038.23 8550.57 8038.23 0
17.2 0 -3.13933e-10 7593.71 8765.62 7593.71 0
17.22 0 -8.32753e-10 6794.65 8257.92 6794.65 0
17.24 0 2.67245e-10 5607.38 6992.83 5607.38 0
17.26 0 -3.81405e-10 4086.03 5084.92 4086.03 0
17.28 0 1.20202e-10 2378.45 2799.63 2378.45 0
17.3 0 -7.10065e-11 663.217 471.276 663.217 0
17.32 0 -3.80735e-11 -936.842 -1622.43 -936.842 0
17.34 0 4.30282e-10 -2392.93 -3348.05 -2392.93 0
17.36 0 7.2971e-10 -3727.41 -4713.18 -3727.41 0
17.38 0 -7.70375e-10 -4930.42 -5766.19 -4930.42 0
17.4 0 -1.0131e-09 -5920.72 -6476.72 -5920.72 0
17.42 0 2.02238e-10 -6599.98 -6749.4 -6599.98 0
17.44 0 2.33922e-11 -6954.31 -6607.69 -6954.31 0
17.46 0 -8.27699e-10 -7090.3 -6331.53 -7090.3 0
17.48 0 -1.35381e-09 -7147.29 -6315.5 -7147.29 0
17.5 0 1.0343e-09 -7166.09 -6737.85 -7166.09 0
17.52 0 -2.23856e-09 -7050.3 -7387.77 -7050.3 0
17.54 0 2.85226e-09 -6656.14 -7825.08 -6656.14 0
17.56 0 -7.57991e-10 -5907.33 -7692.5 -5907.33 0
17.58 0 4.08957e-10 -4821.49 -6883.13 -4821.49 0
17.6 0 -5.51356e-10 -3456.67 -5451.1 -3456.67 0
17.62 0 3.41891e-10 -1862.05 -3443.82 -1862.05 0
17.64 0 1.37098e-10 -80.4505 -887.257 -80.4505 0
17.66 0 1.9696e-10 1812.2 2077.88 1812.2 0
17.68 0 4.68262e-10 3675.34 5099.81 3675.34 0
17.7 0 -4.43092e-10 5324.59 7693.63 5324.59 0
17.72 0 1.80251e-10 6612 9461.32 6612 0
17.74 0 8.87034e-11 7504.04 10302.3 7504.04 0
17.76 0 1.98393e-10 8080.94 10448.8 8080.94 0
17.78 0 7.88409e-10 8458.18 10294.1 8458.18 0
17.8 0 2.95987e-10 8704.65 10160.6 8704.65 0
17.82 0 1.60206e-09 8814.78 10168 8814.78 0
17.84 0 1.69857e-09 8728.79 10228.4 8728.79 0
17.86 0 3.60014e-10 8367.79 10119.6 8367.79 0
17.88 0 -1.76638e-09 7656.91 9577.54 7656.91 0
17.9 0 -4.95612e-10 6535.39 8381.69 6535.39 0
17.92 0 3.67056e-10 4976.04 6421.85 4976.04 0
17.94 0 8.46662e-12 3025.93 3718.64 3025.93 0
17.96 0 5.41378e-11 832.463 427.327 832.463 0
17.98 0 -2.63026e-10 -1399.7 -3169.58 -1399.7 0
18 0 -7.04674e-11 -3501.62 -6742.56 -3501.62 0
18.02 0 -7.84144e-11 -5387.01 -10022.7 -5387.01 0
18.04 0 -2.05355e-09 -7010.87 -12803.9 -7010.87 0
18.06 0 -1.11913e-09 -8311.2 -14866.1 -8311.2 0
18.08 0 2.05826e-09 -9215.25 -15996.1 -9215.25 0
18.1 0 -3.43721e-10 -9701.37 -16139.6 -9701.37 0
18.12 0 -2.33461e-09 -9839.18 -15505.8 -9839.18 0
18.14 0 -3.1206e-09 -9751.67 -14469.9 -9751.67 0
18.16 0 5.89438e-09 -9524.48 -13344.2 -9524.48 0
18.18 0 2.70119e-09 -9150.72 -12234.6 -9150.72 0
18.2 0 -1.57649e-09 -8559.82 -11083.2 -8559.82 0
18.22 0 -1.66667e-09 -7680.91 -9778.29 -7680.91 0
18.24 0 2.8672e-09 -6477.36 -8209.74 -6477.36 0
18.26 0 -8.97909e-10 -4945.3 -6267.73 -4945.3 0
18.28 0 -7.44364e-10 -3113.13 -3843.34 -3113.13 0
18.3 0 1.63879e-10 -1045.38 -867.399 -1045.38 0
18.32 0 -1.1363e-10 1170.2 2627.51 1170.2 0
18.34 0 7.81738e-10 3424.96 6440.51 3424.96 0
18.36 0 6.1383e-11 5569.05 10171 5569.05 0
18.38 0 -4.22428e-10 7423.02 13300 7423.02 0
18.4 0 -9.99417e-10 8848.85 15399.3 8848.85 0
18.42 0 2.00443e-09 9811.67 16326.4 9811.67 0
18.44 0 1.38673e-09 10365.6 16241.8 10365.6 0
18.46 0 2.12479e-10 10590.8 15456.3 10590.8 0
18.48 0 -7.11455e-10 10548.2 14263 10548.2 0
18.5 0 -3.82018e-09 10272.7 12866.9 10272.7 0
18.52 0 -3.98597e-10 9786.2 11403.8 9786.2 0
18.54 0 -6.67891e-10 9105.58 9972.5 9105.58 0
18.56 0 -9.28412e-10 8225.72 8580.11 8225.72 0
18.58 0 1.31103e-09 7092.38 7056 7092.38 0
18.6 0 -1.37062e-09 5626.58 5131.04 5626.58 0
18.62 0 7.3354e-10 3809.6 2649.04 3809.6 0
18.64 0 -1.58018e-11 1744.56 -315.979 1744.56 0
18.66 0 -2.39487e-10 -392.871 -3531.84 -392.871 0
18.68 0 -5.77047e-10 -2464.5 -6757.82 -2464.5 0
18.7 0 -1.62949e-10 -4403.83 -9802.37 -4403.83 0
18.72 0 -3.74178e-10 -6151.15 -12459.4 -6151.15 0
18.74 0 -2.31519e-10 -7603.28 -14453.4 -7603.28 0
18.76 0 1.28265e-09 -8646.29 -15504.2 -8646.29 0
18.78 0 -9.5462e-10 -9219.97 -15467.3 -9219.97 0
18.8 0 1.15394e-10 -9346.03 -14428.3 -9346.03 0
18.82 0 1.58802e-09 -9108.71 -12681.7 -9108.71 0
18.84 0 -1.35588e-09 -8609.19 -10601.6 -8609.19 0
18.86 0 1.43326e-09 -7924.53 -8489.76 -7924.53 0
18.88 0 -4.45649e-10 -7094.06 -6496.63 -7094.06 0
18.9 0 1.29885e-09 -6127.59 -4636.19 -6127.59 0
18.92 0 1.55792e-09 -5020.64 -2866.71 -5020.64 0
18.94 0 -1.01727e-10 -3768.96 -1170.41 -3768.96 0
18.96 0 -7.4617e-11 -2377.39 454.114 -2377.39 0
18.98 0 -2.68987e-11 -861.138 2076.21 -861.138 0
19 0 -6.44131e-11 758.227 3849.87 758.227 0
19.02 0 5.47379e-10 2446.35 5879.95 2446.35 0
19.04 0 6.93438e-10 4129.55 8063.88 4129.55 0
19.06 0 -1.0048e-09 5676.49 10075.2 5676.49 0
19.08 0 1.41121e-09 6927.24 11505.9 6927.24 0
19.1 0 -3.68567e-10 7764.07 12060.5 7764.07 0
19.12 0 -2.65931e-10 8169.47 11685.4 8169.47 0
19.14 0 -1.27032e-09 8222.39 10565.2 8222.39 0
19.16 0 1.53288e-09 8035.53 8997.43 8035.53 0
19.18 0 1.04771e-09 7685.9 7240.26 7685.9 0
19.2 0 -1.64709e-10 7193.76 5451.87 7193.76 0
19.22 0 4.64361e-10 6556.28 3736.81 6556.28 0
19.24 0 -8.93621e-10 5785.17 2201.36 5785.17 0
19.26 0 -9.58243e-11 4900.14 931.735 4900.14 0
19.28 0 3.12743e-10 3894.07 -88.6082 3894.07 0
19.3 0 -3.5535e-10 2725.17 -1030.09 2725.17 0
19.32 0 -1.3819e-10 1362.62 -2155.38 1362.62 0
19.34 0 -3.70564e-10 -156.519 -3651.27 -156.519 0
19.36 0 -1.38839e-10 -1720.1 -5478.72 -1720.1 0
19.38 0 -9.79557e-10 -3187.88 -7384.38 -3187.88 0
19.4 0 8.19617e-10 -4448.01 -9053.01 -4448.01 0
19.42 0 -1.49185e-09 -5441.86 -10241.6 -5441.86 0
19.44 0 2.45267e-09 -6151.65 -10800.1 -6151.65 0
19.46 0 -2.29798e-10 -6575.06 -10639.8 -6575.06 0
19.48 0 -1.2135e-09 -6715.4 -9745.93 -6715.4 0
19.5 0 4.23678e-10 -6591.91 -8235.28 -6591.91 0
19.52 0 1.7262e-10 -6247.25 -6368.61 -6247.25 0
19.54 0 4.24603e-10 -5733.29 -4459.51 -5733.29 0
19.56 0 1.41559e-10 -5087.05 -2740.4 -5087.05 0
19.58 0 -7.83039e-11 -4322.76 -1302.87 -4322.76 0
19.6 0 5.67752e-10 -3442.88 -133.678 -3442.88 0
19.62 0 -2.90508e-11 -2452.13 844.235 -2452.13 0
19.64 0 -1.8017e-10 -1364.58 1760.51 -1364.58 0
19.66 0 -1.55442e-11 -201.555 2759.19 -201.555 0
19.68 0 -6.80982e-11 1007.76 3923.24 1007.76 0
19.7 0 9.81715e-10 2213.93 5211.72 2213.93 0
19.72 0 1.63003e-10 3339.57 6452.16 3339.57 0
19.74 0 -1.03909e-09 4300.61 7408.53 4300.61 0
19.76 0 -1.1304e-09 5043.49 7895.92 5043.49 0
19.78 0 -4.53561e-12 5556.85 7853.95 5556.85 0
19.8 0 -7.20231e-10 5848.68 7324.69 5848.68 0
19.82 0 4.13068e-10 5924.04 6391.27 5924.04 0
19.84 0 5.78228e-10 5789.66 5156.48 5789.66 0
19.86 0 -4.78669e-10 5468.34 3751.01 5468.34 0
19.88 0 -5.79374e-11 4993.42 2309.23 4993.42 0
19.9 0 1.924e-10 4385.69 911.771 4385.69 0
19.92 0 1.16524e-10 3641.69 -443.277 3641.69 0
19.94 0 3.30029e-11 2750.57 -1805.93 2750.57 0
19.96 0 7.4656e-12 1723.37 -3207.17 1723.37 0
19.98 0 -5.23945e-10 604.759 -4611.2 604.759 0
20 0 -1.63339e-10 -542.76 -5923.27 -542.76 0
20.02 0 2.07181e-10 -1663.09 -7057.94 -1663.09 0
20.04 0 -8.93493e-10 -2718.7 -8002.7 -2718.7 0
20.06 0 -5.07101e-10 -3689.27 -8803.92 -3689.27 0
20.08 0 -7.06549e-10 -4563.61 -9501.75 -4563.61 0
20.1 0 -1.5933e-09 -5328.22 -10089.5 -5328.22 0
20.12 0 1.77359e-09 -5955.74 -10511.8 -5955.74 0
20.14 0 -8.78499e-10 -6402.39 -10671.6 -6402.39 0
20.16 0 9.38699e-10 -6618.85 -10443.2 -6618.85 0
20.18 0 2.6813e-10 -6566.37 -9706.26 -6566.37 0
20.2 0 1.37523e-09 -6225.99 -8394.23 -6225.99 0
20.22 0 1.17532e-09 -5599.82 -6535.81 -5599.82 0
20.24 0 -7.0882e-10 -4712.25 -4270.9 -4712.25 0
20.26 0 -5.51625e-10 -3615.26 -1819.31 -3615.26 0
20.28 0 -1.50197e-10 -2388.48 589.224 -2388.48 0
20.3 0 4.36319e-11 -1123.08 2772.16 -1123.08 0
20.32 0 -1.84201e-10 105.974 4614.87 105.974 0
20.34 0 3.09829e-10 1260.92 6084.99 1260.92 0
20.36 0 5.31998e-10 2341.03 7254.59 2341.03 0
20.38 0 -1.0594e-10 3363.81 8278.69 3363.81 0
20.4 0 2.16775e-09 4340.65 9294.68 4340.65 0
20.42 0 -9.73106e-10 5256.53 10309.6 5256.53 0
20.44 0 -6.70377e-10 6061.87 11174.1 6061.87 0
20.46 0 -5.83842e-10 6684.68 11662.1 6684.68 0
20.48 0 -6.60669e-10 7059.66 11585.8 7059.66 0
20.5 0 -8.86583e-10 7153.76 10865.1 7153.76 0
20.52 0 4.25318e-10 6969.44 9524.45 6969.44 0
20.54 0 -1.33582e-09 6528.73 7653.9 6528.73 0
20.56 0 -5.39109e-11 5859.25 5392.26 5859.25 0
20.58 0 2.0693e-10 4993.56 2927.14 4993.56 0
20.6 0 -1.98298e-12 3975.26 463.434 3975.26 0
20.62 0 1.95125e-10 2861.58 -1838.3 2861.58 0
20.64 0 -3.44659e-10 1713.32 -3895.99 1713.32 0
20.66 0 5.02618e-10 575.221 -5700.38 575.221 0
20.68 0 -2.1949e-10 -539.732 -7299.03 -539.732 0
20.7 0 7.45685e-10 -1647.33 -8778.22 -1647.33 0
20.72 0 -2.32309e-09 -2765.43 -10224 -2765.43 0
20.74 0 -7.79889e-10 -3879.04 -11654.9 -3879.04 0
20.76 0 4.14294e-11 -4925.28 -12971.2 -4925.28 0
20.78 0 -1.12608e-11 -5814.38 -13978 -5814.38 0
20.8 0 -1.56618e-09 -6469.03 -14474.7 -6469.03 0
20.82 0 -7.55083e-10 -6847.72 -14334.2 -6847.72 0
20.84 0 1.46102e-09 -6938.75 -13516.8 -6938.75 0
20.86 0 -1.90795e-09 -6744.25 -12045.2 -6744.25 0
20.88 0 -7.70868e-10 -6277.99 -9994.84 -6277.99 0
20.9 0 9.77349e-10 -5576.35 -7509.21 -5576.35 0
20.92 0 -4.30949e-10 -4700.88 -4803.26 -4700.88 0
20.94 0 -5.00723e-10 -3718.32 -2106.53 -3718.32 0
20.96 0 2.96341e-10 -2673.16 434.186 -2673.16 0
20.98 0 1.65361e-10 -1581.38 2796.53 -1581.38 0
21 0 8.16698e-12 -449.803 5016.47 -449.803 0
21.02 0 2.62373e-10 701.946 7092.63 701.946 0
21.04 0 3.07216e-11 1837.32 8962.48 1837.32 0
21.06 0 -2.97849e-11 2913.53 10544.6 2913.53 0
21.08 0 -1.88763e-09 3886.82 11772.8 3886.82 0
21.1 0 1.15765e-09 4706.32 12585.4 4706.32 0
21.12 0 3.50781e-10 5313.93 12902.6 5313.93 0
21.14 0 -1.3484e-09 5662.69 12640.8 5662.69 0
21.16 0 -2.08835e-10 5739.05 11762.2 5739.05 0
21.18 0 2.39478e-10 5565.86 10307.3 5565.86 0
21.2 0 -4.39479e-11 5183.32 8378.2 5183.32 0
21.22 0 1.58787e-10 4625.28 6088.3 4625.28 0
21.24 0 -6.66984e-10 3908.09 3523.45 3908.09 0
21.26 0 1.0502e-11 3037.39 746.874 3037.39 0
21.28 0 -1.758e-10 2026.57 -2164.25 2026.57 0
21.3 0 -1.50246e-10 912.464 -5090.72 912.464 0
21.32 0 1.01204e-10 -244.735 -7877.36 -244.735 0
21.34 0 1.54485e-10 -1376.62 -10365.2 -1376.62 0
21.36 0 -6.60356e-10 -2426.31 -12432.3 -2426.31 0
21.38 0 7.47287e-10 -3362.12 -14028.9 -3362.12 0
21.4 0 -2.94614e-10 -4175.97 -15178.9 -4175.97 0
21.42 0 -9.48174e-10 -4864.57 -15931.4 -4864.57 0
21.44 0 -3.27087e-10 -5407.69 -16299.3 -5407.69 0
21.46 0 1.83035e-10 -5767.03 -16243.8 -5767.03 0
21.48 0 4.09906e-10 -5910.33 -15714.5 -5910.33 0
21.5 0 2.25629e-10 -5835.82 -14696.8 -5835.82 0
21.52 0 -1.98671e-11 -5569.46 -13220.4 -5569.46 0
21.54 0 -3.81167e-10 -5134.69 -11320.3 -5134.69 0
21.56 0 -4.85828e-10 -4524.99 -8994.89 -4524.99 0
21.58 0 -6.82953e-10 -3708.72 -6219.96 -3708.72 0
21.6 0 -1.64385e-10 -2667.32 -3020.13 -2667.32 0
21.62 0 1.6163e-10 -1438.12 457.752 -1438.12 0
21.64 0 7.22511e-12 -122.947 3935.65 -122.947 0
21.66 0 1.34463e-10 1150.2 7082.45 1150.2 0
21.68 0 8.2251e-10 2285.9 9649.06 2285.9 0
21.7 0 7.9578e-10 3257.65 11578.4 3257.65 0
21.72 0 -2.56161e-09 4096.2 12997.7 4096.2 0
21.74 0 -6.25772e-10 4839.06 14082.6 4839.06 0
21.76 0 1.72372e-10 5480.95 14901 5480.95 0
21.78 0 9.36332e-10 5967.81 15371.6 5967.81 0
21.8 0 2.16649e-09 6239.26 15361.9 6239.26 0
21.82 0 -1.39606e-09 6277.76 14817.8 6277.76 0
21.84 0 1.89875e-11 6116.35 13797.7 6116.35 0
21.86 0 4.65576e-10 5799.65 12399.4 5799.65 0
21.88 0 -1.99225e-09 5337.34 10666 5337.34 0
21.9 0 6.78544e-10 4696.27 8569.23 4696.27 0
21.92 0 -6.76279e-10 3839 6086.34 3839 0
21.94 0 -6.62251e-10 2773.44 3290.51 2773.44 0
21.96 0 -7.46857e-11 1571.51 362.135 1571.51 0
21.98 0 -9.36765e-11 340.792 -2482.6 340.792 0
22 0 -1.94332e-10 -826.807 -5072.14 -826.807 0
22.02 0 -2.57495e-10 -1889.88 -7323.65 -1889.88 0
22.04 0 1.12204e-09 -2857.2 -9254.6 -2857.2 0
22.06 0 -1.54716e-09 -3758.02 -10947.3 -3758.02 0
22.08 0 -7.75738e-10 -4599.16 -12451.8 -4599.16 0
22.1 0 6.25686e-10 -5335.45 -13692 -5335.45 0
22.12 0 1.86147e-09 -5881.94 -14481.4 -5881.94 0
22.14 0 -2.44992e-09 -6164.9 -14654.3 -6164.9 0
22.16 0 -6.99494e-11 -6168.98 -14193.2 -6168.98 0
22.18 0 -6.40736e-11 -5939.46 -13239.5 -5939.46 0
22.2 0 1.2074e-10 -5541.67 -11988.7 -5541.67 0
22.22 0 -1.52994e-09 -5013.01 -10559.6 -5013.01 0
22.24 0 -1.74637e-09 -4343.24 -8931.01 -4343.24 0
22.26 0 -4.43308e-10 -3494.68 -6993.52 -3494.68 0
22.28 0 3.32276e-10 -2445.46 -4668.92 -2445.46 0
22.3 0 -1.13411e-10 -1224.26 -1999.72 -1224.26 0
22.32 0 -1.37034e-10 93.0342 857.502 93.0342 0
22.34 0 -8.14775e-11 1422.41 3707.62 1422.41 0
22.36 0 7.54101e-10 2704.45 6383.31 2704.45 0
22.38 0 1.31372e-12 3898.73 8759.68 3898.73 0
22.4 0 1.37624e-09 4957.73 10731.5 4957.73 0
22.42 0 4.25578e-10 5820.08 12200.1 5820.08 0
22.44 0 -1.48419e-09 6435.36 13105.8 6435.36 0
22.46 0 -8.74983e-10 6796.74 13485.2 6796.74 0
22.48 0 1.07288e-09 6946.96 13478.1 6946.96 0
22.5 0 -8.01712e-10 6945.44 13241.6 6945.44 0
22.52 0 -5.3313e-10 6824.02 12837.8 6824.02 0
22.54 0 -6.77821e-12 6572.16 12206.1 6572.16 0
22.56 0 7.57798e-10 6157.19 11235.5 6157.19 0
22.58 0 -1.48928e-10 5544.86 9842.89 5544.86 0
22.6 0 5.82633e-10 4702.76 7993.67 4702.76 0
22.62 0 3.80299e-11 3610.52 5701.69 3610.52 0
22.64 0 -2.87569e-11 2295.54 3058.04 2295.54 0
22.66 0 2.93304e-10 858.382 263.766 858.382 0
22.68 0 2.061e-10 -557.306 -2406.93 -557.306 0
22.7 0 -6.2703e-11 -1831.95 -4716.69 -1831.95 0
22.72 0 -4.75721e-10 -2917.1 -6566.65 -2917.1 0
22.74 0 1.3889e-09 -3833.8 -8015.93 -3833.8 0
22.76 0 1.31715e-09 -4632.55 -9213.17 -4632.55 0
22.78 0 -1.25997e-09 -5342.09 -10284 -5342.09 0
22.8 0 2.33289e-09 -5941.5 -11241.2 -5941.5 0
22.82 0 -1.56735e-09 -6374.43 -11977.9 -6374.43 0
22.84 0 6.09558e-10 -6584.95 -12337.2 -6584.95 0
22.86 0 -1.61331e-09 -6537.83 -12188.7 -6537.83 0
22.88 0 -2.15323e-09 -6216.04 -11463.6 -6216.04 0
22.9 0 3.80566e-10 -5616.21 -10164.8 -5616.21 0
22.92 0 -4.94695e-10 -4753.53 -8373.16 -4753.53 0
22.94 0 8.943e-10 -3669.55 -6240.88 -3669.55 0
22.96 0 -1.15392e-09 -2433.42 -3957.55 -2433.42 0
22.98 0 -3.05167e-10 -1131.98 -1696.3 -1131.98 0
23 0 -1.88896e-10 151.385 423.403 151.385 0
23.02 0 -2.22392e-10 1360.67 2347.36 1360.67 0
23.04 0 1.27716e-10 2477.64 4084.8 2477.64 0
23.06 0 -2.75337e-10 3509.87 5684.65 3509.87 0
23.08 0 -7.33267e-10 4467.38 7184.99 4467.38 0
23.1 0 -3.50259e-10 5342.52 8566.4 5342.52 0
23.12 0 9.53599e-10 6097.97 9735.89 6097.97 0
23.14 0 -1.22411e-09 6667.27 10541.1 6667.27 0
23.16 0 -6.08426e-10 6976.68 10817.4 6976.68 0
23.18 0 -1.60416e-09 6982.03 10467.3 6982.03 0
23.2 0 7.95912e-10 6693.31 9524.44 6693.31 0
23.22 0 -1.17411e-10 6165.1 8141.93 6165.1 0
23.24 0 1.37959e-09 5460.79 6506.77 5460.79 0
23.26 0 3.11797e-10 4621.39 4760.09 4621.39 0
23.28 0 -8.06489e-10 3661.12 2976.58 3661.12 0
23.3 0 -1.82933e-10 2587.25 1182.55 2587.25 0
23.32 0 1.81268e-11 1423.53 -617.164 1423.53 0
23.34 0 1.53655e-10 214.326 -2416.54 214.326 0
23.36 0 1.11855e-10 -993.235 -4200.87 -993.235 0
23.38 0 2.20303e-10 -2168.02 -5953.6 -2168.02 0
23.4 0 -4.12711e-10 -3294.02 -7650.95 -3294.02 0
23.42 0 -6.43201e-10 -4351.32 -9229.67 -4351.32 0
23.44 0 9.1139e-10 -5297.13 -10561.1 -5297.13 0
23.46 0 -8.65817e-10 -6065.1 -11474.1 -6065.1 0
23.48 0 -5.45304e-10 -6586.09 -11823 -6586.09 0
23.5 0 -1.4805e-09 -6815.53 -11552.2 -6815.53 0
23.52 0 4.05933e-10 -6747.72 -10715.4 -6747.72 0
23.54 0 -6.88183e-10 -6411.78 -9443.5 -6411.78 0
23.56 0 7.34461e-10 -5857.92 -7891.11 -5857.92 0
23.58 0 -1.74807e-09 -5142.86 -6192.99 -5142.86 0
23.6 0 -7.13372e-10 -4315.31 -4444.17 -4315.31 0
23.62 0 -1.62123e-10 -3402.03 -2686.57 -3402.03 0
23.64 0 2.90225e-10 -2404.99 -898.942 -2404.99 0
23.66 0 -1.3381e-10 -1316.07 977.896 -1316.07 0
23.68 0 -3.98609e-10 -138.111 2973.43 -138.111 0
23.7 0 5.57447e-11 1100.59 5029.78 1100.59 0
23.72 0 -3.98718e-10 2342.96 7003.13 2342.96 0
23.74 0 1.03646e-09 3512.88 8712.31 3512.88 0
23.76 0 -1.77386e-09 4534.93 9994.1 4534.93 0
23.78 0 -3.09465e-10 5351.32 10742.4 5351.32 0
23.8 0 2.07701e-10 5926.43 10924.2 5926.43 0
23.82 0 1.71485e-09 6244.25 10575.5 6244.25 0
23.84 0 -8.82799e-10 6307.85 9783.35 6307.85 0
23.86 0 2.76341e-10 6139.23 8659.66 6139.23 0
23.88 0 -6.90135e-11 5773.78 7304.62 5773.78 0
23.9 0 3.93836e-11 5250.26 5778.15 5250.26 0
23.92 0 -9.07157e-10 4601.66 4101.56 4601.66 0
23.94 0 -5.46302e-10 3847.82 2281.62 3847.82 0
23.96 0 2.82312e-10 2991.59 325.871 2991.59 0
23.98 0 -6.08467e-11 2024.62 -1750.49 2024.62 0
24 0 3.10127e-11 943.124 -3903.03 943.124 0
24.02 0 -2.74314e-10 -232.454 -6028.49 -232.454 0
24.04 0 -8.18114e-10 -1444.19 -7963.93 -1444.19 0
24.06 0 1.65984e-10 -2599.82 -9533.29 -2599.82 0
24.08 0 -4.30228e-10 -3600.77 -10615.6 -3600.77 0
24.1 0 -2.2233e-09 -4386.43 -11195.6 -4386.43 0
24.12 0 1.1494e-09 -4961.93 -11371.2 -4961.93 0
24.14 0 9.44707e-10 -5380.61 -11298.9 -5380.61 0
24.16 0 -1.21486e-09 -5689.85 -11091.9 -5689.85 0
24.18 0 -7.7701e-10 -5885.1 -10734.7 -5885.1 0
24.2 0 -2.70585e-10 -5910.44 -10088.9 -5910.44 0
24.22 0 8.60763e-10 -5703.98 -8995.99 -5703.98 0
24.24 0 -1.33999e-09 -5249.35 -7407.3 -5249.35 0
24.26 0 6.92672e-10 -4591.24 -5442.78 -4591.24 0
24.28 0 -8.66773e-10 -3803.63 -3331 -3803.63 0
24.3 0 6.94581e-10 -2940.06 -1273.14 -2940.06 0
24.32 0 1.74635e-10 -2011.61 649.377 -2011.61 0
24.34 0 1.12952e-10 -1010.77 2440.35 -1010.77 0
24.36 0 1.22329e-10 46.3284 4082.14 46.3284 0
24.38 0 1.98188e-12 1104.18 5489.17 1104.18 0
24.4 0 7.0461e-10 2093.32 6575.86 2093.32 0
24.42 0 -8.34077e-10 2968.88 7347.64 2968.88 0
24.44 0 3.98419e-10 3724.34 7897.62 3724.34 0
24.46 0 -2.50271e-10 4370.5 8311.61 4370.5 0
24.48 0 -7.38722e-10 4903.81 8583.39 4903.81 0
24.5 0 1.03258e-09 5292.4 8610.91 5292.4 0
24.52 0 4.29585e-10 5488.71 8257.31 5488.71 0
24.54 0 -3.95181e-10 5458.31 7429.29 5458.31 0
24.56 0 5.48038e-11 5205.19 6139.61 5205.19 0
24.58 0 9.59221e-10 4772.6 4521.1 4772.6 0
24.6 0 6.83151e-10 4213.94 2770.33 4213.94 0
24.62 0 1.41154e-10 3558.51 1055.88 3558.51 0
24.64 0 -3.25382e-10 2806.14 -533.114 2806.14 0
24.66 0 1.36199e-10 1955.28 -1965.6 1955.28 0
24.68 0 -1.33246e-10 1031.96 -3222.03 1031.96 0
24.7 0 9.98738e-11 86.7551 -4280.98 86.7551 0
24.72 0 -3.93847e-10 -834.557 -5146.03 -834.557 0
24.74 0 7.38968e-10 -1713.33 -5868.9 -1713.33 0
24.76 0 2.80029e-10 -2550.9 -6522.16 -2550.9 0
24.78 0 -4.45092e-10 -3340.51 -7130.27 -3340.51 0
24.8 0 -2.35693e-10 -4047.65 -7622.27 -4047.65 0
24.82 0 -1.02576e-10 -4619.1 -7860.17 -4619.1 0
24.84 0 3.5037e-10 -5010.15 -7724 -5010.15 0
24.86 0 -4.35844e-10 -5202.65 -7178.97 -5202.65 0
24.88 0 -5.24083e-10 -5202.15 -6278.5 -5202.15 0
24.9 0 1.14118e-10 -5027.18 -5128.14 -5027.18 0
24.92 0 -1.97879e-10 -4703.44 -3854.56 -4703.44 0
24.94 0 6.97049e-10 -4259.26 -2583.01 -4259.26 0
24.96 0 -4.10079e-10 -3717.38 -1407.96 -3717.38 0
24.98 0 -7.74699e-11 -3089.45 -369.526 -3089.45 0
25 0 2.66506e-10 -2380.47 543.861 -2380.47 0
25.02 0 -2.46998e-10 -1598.67 1370.74 -1598.67 0
25.04 0 1.24148e-11 -759.861 2145.99 -759.861 0
25.06 0 8.12513e-13 113.903 2879.78 113.903 0
25.08 0 -1.35252e-10 995.868 3549.3 995.868 0
25.1 0 2.13569e-10 1855 4103.21 1855 0
25.12 0 4.49512e-10 2656.74 4479.46 2656.74 0
25.14 0 6.47218e-11 3364.9 4626.01 3364.9 0
25.16 0 2.63015e-11 3945.19 4511.8 3945.19 0
25.18 0 -1.74814e-10 4371.94 4130.05 4371.94 0
25.2 0 8.26449e-12 4635.36 3504.16 4635.36 0
25.22 0 5.786e-10 4743.14 2691.35 4743.14 0
25.24 0 -5.09973e-10 4713.37 1769.76 4713.37 0
25.26 0 9.17117e-11 4562.34 809.442 4562.34 0
25.28 0 4.03488e-10 4295.37 -153.431 4295.37 0
25.3 0 6.14305e-10 3907.71 -1117.86 3907.71 0
25.32 0 -3.66361e-10 3396.8 -2088.58 3396.8 0
25.34 0 -2.19578e-10 2775.53 -3032.57 2775.53 0
25.36 0 -1.44465e-10 2074.65 -3865.77 2074.65 0
25.38 0 -1.97997e-11 1328.83 -4490.01 1328.83 0
25.4 0 -5.82396e-11 558.704 -4855.21 558.704 0
25.42 0 -2.50613e-10 -228.23 -4997.16 -228.23 0
25.44 0 1.79149e-10 -1018.06 -5004.02 -1018.06 0
25.46 0 -9.99805e-12 -1776.65 -4935.2 -1776.65 0
25.48 0 4.23098e-10 -2458.3 -4779.35 -2458.3 0
25.5 0 -3.31993e-10 -3024.85 -4489.64 -3024.85 0
25.52 0 -2.57107e-10 -3454.91 -4035.51 -3454.91 0
25.54 0 3.41258e-10 -3740.56 -3409.96 -3740.56 0
25.56 0 1.16074e-09 -3881.36 -2609.78 -3881.36 0
25.58 0 1.38126e-10 -3881.62 -1633.03 -3881.62 0
25.6 0 -3.3442e-10 -3749.98 -500.452 -3749.98 0
25.62 0 -2.2847e-10 -3498.52 726.153 -3498.52 0
25.64 0 1.24224e-10 -3141.38 1949.07 -3141.38 0
25.66 0 2.97005e-11 -2695.55 3055.47 -2695.55 0
25.68 0 -9.89249e-11 -2183.96 3934.93 -2183.96 0
25.7 0 -7.01111e-12 -1633.7 4497 -1633.7 0
25.72 0 -1.32232e-10 -1064.68 4705.48 -1064.68 0
25.74 0 -1.09645e-10 -475.233 4610.67 -475.233 0
25.76 0 1.67616e-10 154.498 4348.13 154.498 0
25.78 0 3.82924e-10 834.906 4082.2 834.906 0
25.8 0 -3.45089e-10 1543.19 3912.05 1543.19 0
25.82 0 4.50304e-10 2229.5 3818.69 2229.5 0
25.84 0 -7.30667e-12 2842.4 3697.64 2842.4 0
25.86 0 1.52505e-10 3344.42 3428.51 3344.42 0
25.88 0 3.70215e-11 3712.47 2919.89 3712.47 0
25.9 0 -4.01336e-10 3937.44 2131.4 3937.44 0
25.92 0 -1.08888e-10 4025.74 1088.74 4025.74 0
25.94 0 -1.8491e-10 3994.38 -119.842 3994.38 0
25.96 0 1.38556e-10 3860.4 -1371.8 3860.4 0
25.98 0 8.85354e-11 3633.99 -2546.78 3633.99 0
26 0 5.34468e-11 3319.3 -3553.83 3319.3 0
26.02 0 3.22947e-10 2920.32 -4342.58 2920.32 0
26.04 0 -4.38926e-11 2446.07 -4897.39 2446.07 0
26.06 0 4.78074e-11 1910.72 -5226.86 1910.72 0
26.08 0 1.9028e-10 1326.07 -5360.41 1326.07 0
26.1 0 4.65185e-11 690.139 -5353.09 690.139 0
26.12 0 6.49063e-11 -7.60923 -5291.05 -7.60923 0
26.14 0 -2.10691e-10 -756.988 -5256.33 -756.988 0
26.16 0 -2.8145e-10 -1504.74 -5251.09 -1504.74 0
26.18 0 -3.19692e-10 -2172.97 -5175.35 -2172.97 0
26.2 0 -4.10128e-10 -2705.05 -4906.18 -2705.05 0
26.22 0 1.87669e-10 -3091.17 -4390.17 -3091.17 0
26.24 0 -4.27394e-10 -3353.03 -3653.82 -3353.03 0
26.26 0 1.02949e-10 -3510.92 -2752.81 -3510.92 0
26.28 0 1.19953e-10 -3564.61 -1731.15 -3564.61 0
26.3 0 -5.01941e-10 -3500.24 -621.794 -3500.24 0
26.32 0 -2.09839e-11 -3314.31 520.524 -3314.31 0
26.34 0 4.10676e-10 -3032.32 1587.25 -3032.32 0
26.36 0 -8.51317e-11 -2703.09 2426 -2703.09 0
26.38 0 -3.88998e-10 -2370.44 2901.54 -2370.44 0
26.4 0 -9.78459e-11 -2044.24 2967.03 -2044.24 0
26.42 0 -6.44528e-11 -1694.34 2696.34 -1694.34 0
26.44 0 7.51407e-11 -1270.46 2250.77 -1270.46 0
26.46 0 -1.87904e-11 -736.365 1807.81 -736.365 0
26.48 0 -1.87935e-11 -98.824 1495.53 -98.824 0
26.5 0 -2.23807e-10 591.697 1352.76 591.697 0
26.52 0 1.26838e-10 1270.91 1334.1 1270.91 0
26.54 0 1.27135e-10 1892.25 1352.27 1892.25 0
26.56 0 -4.38967e-10 2429.43 1310.66 2429.43 0
26.58 0 2.25326e-10 2857.66 1103.89 2857.66 0
26.6 0 -4.67686e-10 3147.13 629.698 3147.13 0
26.62 0 2.84907e-10 3279.79 -157.619 3279.79 0
26.64 0 2.59094e-10 3268.91 -1192.35 3268.91 0
26.66 0 -6.56379e-10 3158.96 -2296.17 3158.96 0
26.68 0 -1.82534e-10 3004.17 -3240.38 3004.17 0
26.7 0 1.20073e-10 2840.34 -3838.62 2840.34 0
26.72 0 -2.22743e-10 2667.31 -4019.91 2667.31 0
26.74 0 4.13446e-11 2451.5 -3839.71 2451.5 0
26.76 0 8.6336e-11 2146.98 -3434.36 2146.98 0
26.78 0 -4.12774e-11 1721.07 -2954.74 1721.07 0
26.8 0 1.34226e-10 1170.7 -2523.08 1170.7 0
26.82 0 5.31774e-11 525.671 -2221.53 525.671 0
26.84 0 1.66687e-10 -161.867 -2077.66 -161.867 0
26.86 0 1.16566e-10 -835.265 -2046.25 -835.265 0
26.88 0 1.46361e-10 -1447.32 -2018.51 -1447.32 0
26.9 0 -3.23127e-11 -1963.45 -1864.51 -1963.45 0
26.92 0 -4.62731e-11 -2361.41 -1483.13 -2361.41 0
26.94 0 -1.86467e-10 -2635.86 -842.624 -2635.86 0
26.96 0 -2.48559e-10 -2801.01 1.9087 -2801.01 0
26.98 0 1.93342e-10 -2881.13 929.786 -2881.13 0
27 0 5.40293e-11 -2894.57 1802.45 -2894.57 0
27.02 0 -3.61096e-10 -2846.78 2502.41 -2846.78 0
27.04 0 3.53553e-10 -2736.49 2947.97 -2736.49 0
27.06 0 -5.32396e-11 -2564.14 3098.49 -2564.14 0
27.08 0 4.4885e-11 -2330.77 2960.1 -2330.77 0
27.1 0 4.77823e-11 -2032.51 2591.36 -2032.51 0
27.12 0 -8.5796e-11 -1659.73 2090.48 -1659.73 0
27.14 0 6.01169e-11 -1204.02 1568.16 -1204.02 0
27.16 0 -4.1054e-11 -671.557 1125.3 -671.557 0
27.18 0 1.01277e-11 -90.9427 823.573 -90.9427 0
27.2 0 -3.69852e-11 497.211 658.297 497.211 0
27.22 0 1.83228e-10 1063.01 572.37 1063.01 0
27.24 0 -8.02808e-11 1594.59 499.533 1594.59 0
27.26 0 2.87745e-10 2079.22 374.821 2079.22 0
27.28 0 -1.23121e-10 2485.2 116.529 2485.2 0
27.3 0 -5.54584e-12 2772.72 -353.024 2772.72 0
27.32 0 2.3245e-10 2923.27 -1041.71 2923.27 0
27.34 0 -1.15601e-10 2954.53 -1848.96 2954.53 0
27.36 0 1.51713e-11 2905.81 -2603.12 2905.81 0
27.38 0 -2.0312e-10 2809.44 -3146.15 2809.44 0
27.4 0 -5.85813e-11 2674.78 -3397.8 2674.78 0
27.42 0 -1.83122e-10 2494.88 -3357.49 2494.88 0
27.44 0 5.37642e-11 2261.5 -3067.35 2261.5 0
27.46 0 -1.04489e-10 1970.03 -2591.36 1970.03 0
27.48 0 1.6443e-11 1611.53 -2024.08 1611.53 0
27.5 0 -3.87501e-11 1169.61 -1498.94 1169.61 0
27.52 0 -5.03531e-11 635.425 -1153.28 635.425 0
27.54 0 6.61379e-11 27.5824 -1051.56 27.5824 0
27.56 0 -4.44729e-11 -605.27 -1138.11 -605.27 0
27.58 0 5.66412e-11 -1202.69 -1272.46 -1202.69 0
27.6 0 -7.23127e-11 -1713.47 -1308.27 -1713.47 0
27.62 0 1.58888e-10 -2105.76 -1146.95 -2105.76 0
27.64 0 3.26291e-10 -2368.04 -752.497 -2368.04 0
27.66 0 -2.79212e-10 -2506.76 -151.674 -2506.76 0
27.68 0 -5.04204e-10 -2542.69 569.171 -2542.69 0
27.7 0 -7.48628e-11 -2505.49 1276.72 -2505.49 0
27.72 0 -2.86694e-10 -2425.16 1821.53 -2425.16 0
27.74 0 4.5882e-10 -2321.26 2086.17 -2321.26 0
27.76 0 -2.72827e-10 -2195.13 2027.63 -2195.13 0
27.78 0 -2.29642e-10 -2030.26 1687.28 -2030.26 0
27.8 0 5.62825e-12 -1801.26 1168.7 -1801.26 0
27.82 0 9.05176e-11 -1484.93 602.342 -1484.93 0
27.84 0 -7.85782e-11 -1070.08 116.612 -1070.08 0
27.86 0 -5.6996e-11 -565.204 -187.763 -565.204 0
27.88 0 -1.22385e-11 0.643652 -270.889 0.643652 0
27.9 0 -1.35592e-10 585.856 -172.975 585.856 0
27.92 0 8.39789e-11 1146.62 2.6671 1146.62 0
27.94 0 1.46413e-10 1642.57 129.367 1642.57 0
27.96 0 -3.18486e-10 2041.17 95.9801 2041.17 0
27.98 0 1.15272e-10 2325.48 -158.19 2325.48 0
28 0 -5.73134e-11 2499.59 -619.131 2499.59 0
28.02 0 -7.91877e-11 2583.79 -1201.85 2583.79 0
28.04 0 -2.21368e-10 2602.67 -1781.2 2602.67 0
28.06 0 4.00009e-11 2575.03 -2230.92 2575.03 0
28.08 0 -7.96263e-11 2509.24 -2458.37 2509.24 0
28.1 0 1.93421e-10 2403.3 -2428.67 2403.3 0
28.12 0 5.83306e-11 2247.38 -2168.84 2247.38 0
28.14 0 -1.63128e-11 2028.35 -1754.54 2028.35 0
28.16 0 2.42564e-11 1733.42 -1289.09 1733.42 0
28.18 0 -7.64062e-11 1354.21 -883.356 1354.21 0
28.2 0 -8.70595e-12 894.419 -631.353 894.419 0
28.22 0 1.08366e-11 376.068 -574.15 376.068 0
28.24 0 -1.5234e-11 -163.835 -677.553 -163.835 0
28.26 0 -2.04896e-10 -685.151 -850.603 -685.151 0
28.28 0 1.2391e-10 -1154.11 -988.565 -1154.11 0
28.3 0 -7.248e-11 -1545.53 -1004.71 -1545.53 0
28.32 0 9.64017e-11 -1843.03 -846.181 -1843.03 0
28.34 0 -1.95627e-11 -2040.95 -506.473 -2040.95 0
28.36 0 5.14329e-10 -2145.16 -31.8063 -2145.16 0
28.38 0 1.84318e-10 -2170.08 487.959 -2170.08 0
28.4 0 4.427e-11 -2133.27 943.579 -2133.27 0
28.42 0 -3.31205e-10 -2049.31 1238.6 -2049.31 0
28.44 0 -1.68753e-13 -1925.45 1317.78 -1925.45 0
28.46 0 2.48389e-10 -1760.16 1178.16 -1760.16 0
28.48 0 -2.06879e-10 -1545.72 863.878 -1545.72 0
28.5 0 1.06214e-11 -1271.82 453.385 -1271.82 0
28.52 0 7.54961e-11 -929.619 45.0504 -929.619 0
28.54 0 3.02106e-11 -518.265 -264.379 -518.265 0
28.56 0 1.0352e-11 -50.8119 -414.842 -50.8119 0
28.58 0 2.25278e-11 446.299 -410.153 446.299 0
28.6 0 7.01816e-11 940.236 -312.655 940.236 0
28.62 0 -1.58176e-11 1398.38 -213.059 1398.38 0
28.64 0 -1.21511e-10 1791.58 -201.487 1791.58 0
