0.02 0 1.00223e-13 -0.00293681 -0.0484417 -0.00293681 0
0.04 0 1.3894e-13 -0.0326637 -0.4387 -0.0326637 0
0.06 0 5.22908e-13 -0.188562 -1.46051 -0.188562 0
0.08 0 -1.17971e-12 -0.74621 -1.20405 -0.74621 0
0.1 0 -7.52592e-14 -2.15546 7.29031 -2.15546 0
0.12 0 1.71756e-12 -4.25835 33.5654 -4.25835 0
0.14 0 -1.53888e-12 -3.09525 80.8034 -3.09525 0
0.16 0 -3.89059e-12 14.9112 140.837 14.9112 0
0.18 0 3.46294e-12 74.7606 200.924 74.7606 0
0.2 0 -1.79417e-12 201.242 253.935 201.242 0
0.22 0 -1.61581e-12 397.673 299.985 397.673 0
0.24 0 -5.50984e-12 635.043 340.751 635.043 0
0.26 0 -8.05467e-12 867.053 375.929 867.053 0
0.28 0 2.59166e-11 1061.72 405.882 1061.72 0
0.3 0 2.26536e-12 1219.35 435.908 1219.35 0
0.32 0 -1.62667e-11 1356.6 475.179 1356.6 0
0.34 0 -1.58876e-11 1477.28 529.113 1477.28 0
0.36 0 1.33441e-11 1571.16 591.923 1571.16 0
0.38 0 7.14806e-12 1642.01 646.614 1642.01 0
0.4 0 1.17743e-11 1719.54 672.933 1719.54 0
0.42 0 -1.55961e-11 1834.44 658.346 1834.44 0
0.44 0 1.58081e-11 1992.8 606.143 1992.8 0
0.46 0 -6.71203e-12 2178.9 535.508 2178.9 0
0.48 0 8.52785e-12 2362.05 471.707 2362.05 0
0.5 0 -4.18817e-12 2487.38 430.082 2487.38 0
0.52 0 2.40162e-12 2485.64 403.131 2485.64 0
0.54 0 -1.48384e-11 2331.34 363.47 2331.34 0
0.56 0 3.3706e-12 2097.72 288.309 2097.72 0
0.58 0 1.88341e-12 1924.59 188.065 1924.59 0
0.6 0 -3.40831e-12 1898.85 107.337 1898.85 0
0.62 0 5.753e-12 1953.17 90.112 1953.17 0
0.64 0 -4.00946e-14 1896.56 141.666 1896.56 0
0.66 0 -9.98316e-12 1574.99 226.108 1574.99 0
0.68 0 8.85117e-12 1013.85 301.983 1013.85 0
0.7 0 3.11691e-12 385.837 361.714 385.837 0
0.72 0 -4.24287e-12 -163.068 439.605 -163.068 0
0.74 0 1.19072e-11 -625.603 581.698 -625.603 0
0.76 0 -1.55445e-13 -1071.39 801.213 -1071.39 0
0.78 0 2.48215e-12 -1528.39 1055.79 -1528.39 0
0.8 0 -5.72149e-12 -1960.52 1270.07 -1960.52 0
0.82 0 -1.20052e-11 -2322.52 1392.41 -2322.52 0
0.84 0 -6.39257e-11 -2591.73 1440.06 -2591.73 0
0.86 0 1.32312e-11 -2770.61 1487.47 -2770.61 0
0.88 0 5.88213e-11 -2900.49 1598.22 -2900.49 0
0.9 0 1.31298e-11 -3044.51 1758.11 -3044.51 0
0.92 0 6.13978e-11 -3199.28 1876.99 -3199.28 0
0.94 0 -5.58642e-11 -3234.22 1868 -3234.22 0
0.96 0 -1.7006e-12 -2986.2 1732.76 -2986.2 0
0.98 0 4.94681e-11 -2441.64 1568.61 -2441.64 0
1 0 -4.75177e-11 -1791.23 1490.11 -1791.23 0
1.02 0 4.7574e-12 -1276.19 1537.89 -1276.19 0
1.04 0 1.53332e-11 -1000.38 1623.66 -1000.38 0
1.06 0 -2.23009e-11 -925.948 1500.11 -925.948 0
1.08 0 -1.30416e-11 -1013.97 855.157 -1013.97 0
1.1 0 -2.60076e-11 -1251.38 -344.523 -1251.38 0
1.12 0 2.32488e-11 -1520.57 -1592.91 -1520.57 0
1.14 0 3.89391e-12 -1593.67 -2196.9 -1593.67 0
1.16 0 -2.40948e-12 -1346.59 -1969.05 -1346.59 0
1.18 0 -3.91509e-11 -903.137 -1409.54 -903.137 0
1.2 0 3.4372e-11 -510.54 -1192.44 -510.54 0
1.22 0 -5.584e-11 -304.339 -1538.99 -304.339 0
1.24 0 1.15094e-10 -226.676 -2052.87 -226.676 0
1.26 0 -6.16242e-11 -168.516 -2183.15 -168.516 0
1.28 0 -1.86908e-11 -120.905 -1845.6 -120.905 0
1.3 0 -7.01289e-11 -105.776 -1433.33 -105.776 0
1.32 0 3.25664e-11 -33.7043 -1224.96 -33.7043 0
1.34 0 1.69813e-11 199.229 -1033.06 199.229 0
1.36 0 2.37683e-11 487.063 -487.733 487.063 0
1.38 0 -1.0072e-12 565.855 526.626 565.855 0
1.4 0 1.30123e-11 320.33 1722.92 320.33 0
1.42 0 -1.94119e-11 -139.378 2503.91 -139.378 0
1.44 0 1.29404e-12 -757.569 2283.07 -757.569 0
1.46 0 -8.25751e-12 -1638.17 1085.22 -1638.17 0
1.48 0 5.0963e-12 -2716.6 -156.426 -2716.6 0
1.5 0 4.79382e-11 -3577.17 -342.732 -3577.17 0
1.52 0 4.90559e-11 -3832.08 640.315 -3832.08 0
1.54 0 -9.26907e-12 -3541.1 1847.2 -3541.1 0
1.56 0 -5.59342e-11 -3118.83 2354.79 -3118.83 0
1.58 0 -1.06804e-11 -2970.49 2092.77 -2970.49 0
1.6 0 -8.81169e-12 -3263.53 1631.42 -3263.53 0
1.62 0 -2.56175e-12 -3826.79 1452.21 -3826.79 0
1.64 0 7.72211e-11 -4178.41 1480.15 -4178.41 0
1.66 0 -2.6641e-11 -3861.3 1228.34 -3861.3 0
1.68 0 -6.96043e-11 -2897.04 405.282 -2897.04 0
1.7 0 8.64623e-12 -1816.24 -647.027 -1816.24 0
1.72 0 6.15643e-12 -1160.24 -1232 -1160.24 0
1.74 0 3.78596e-12 -989.695 -1011.9 -989.695 0
1.76 0 1.67339e-11 -863.831 -338.844 -863.831 0
1.78 0 -1.3759e-11 -243.664 111.255 -243.664 0
1.8 0 -1.26118e-11 997.285 -70.491 997.285 0
1.82 0 -1.71332e-11 2353.23 -772.022 2353.23 0
1.84 0 2.30163e-11 3092.53 -1534.8 3092.53 0
1.86 0 5.11146e-11 3047.82 -1919.4 3047.82 0
1.88 0 -2.39247e-12 2903.98 -1808.92 2903.98 0
1.9 0 -1.5996e-11 3511.56 -1459.58 3511.56 0
1.92 0 6.28086e-11 4951.38 -1251.51 4951.38 0
1.94 0 -1.90174e-11 6408.06 -1365.56 6408.06 0
1.96 0 -1.56376e-10 6935.84 -1697.86 6935.84 0
1.98 0 1.84601e-11 6282.42 -2037.08 6282.42 0
2 0 7.47411e-11 5049.54 -2262.66 5049.54 0
2.02 0 1.27426e-10 4141.84 -2397.84 4141.84 0
2.04 0 2.80205e-11 3975.34 -2535.54 3975.34 0
2.06 0 5.00821e-11 4096.54 -2712.77 4096.54 0
2.08 0 -1.3445e-10 3590.53 -2829.71 3590.53 0
2.1 0 -4.33128e-11 1948.37 -2707.84 1948.37 0
2.12 0 -4.29244e-11 -437.255 -2248.01 -437.255 0
2.14 0 5.48622e-11 -2620.51 -1513.36 -2620.51 0
2.16 0 -2.77526e-12 -3918.68 -645.423 -3918.68 0
2.18 0 -3.46102e-11 -4422.15 268.372 -4422.15 0
2.2 0 2.06006e-11 -4779.18 1213.52 -4779.18 0
2.22 0 -7.74669e-11 -5504.07 2157.21 -5504.07 0
2.24 0 1.21527e-10 -6479.38 2984.22 -6479.38 0
2.26 0 -5.8086e-11 -7124.91 3550.09 -7124.91 0
2.28 0 -9.26988e-11 -7016.62 3811.83 -7016.62 0
2.3 0 9.39982e-11 -6305.27 3901.37 -6305.27 0
2.32 0 1.44323e-12 -5577.74 4024.4 -5577.74 0
2.34 0 -1.04247e-10 -5359.52 4255.37 -5359.52 0
2.36 0 9.0908e-11 -5680.63 4465.4 -5680.63 0
2.38 0 -3.45831e-11 -6034.96 4460.25 -6034.96 0
2.4 0 1.54756e-10 -5799.28 4128.41 -5799.28 0
2.42 0 -1.16373e-10 -4786.77 3461.73 -4786.77 0
2.44 0 -1.08579e-11 -3415.45 2537.87 -3415.45 0
2.46 0 3.97533e-11 -2314.86 1509.32 -2314.86 0
2.48 0 -3.49736e-11 -1769.59 524.656 -1769.59 0
2.5 0 4.53952e-11 -1541.53 -372.055 -1541.53 0
2.52 0 -7.24914e-11 -1168.94 -1224.88 -1168.94 0
2.54 0 8.68129e-11 -374.384 -2051.14 -374.384 0
2.56 0 8.27916e-11 761.276 -2774.47 761.276 0
2.58 0 -1.04242e-10 1899.56 -3284.5 1899.56 0
2.6 0 -1.45414e-10 2708.16 -3574.92 2708.16 0
2.62 0 8.08142e-11 3122.84 -3804.61 3122.84 0
2.64 0 -1.29683e-11 3375.39 -4146.52 3375.39 0
2.66 0 5.41541e-11 3708.75 -4554.24 3708.75 0
2.68 0 -1.27559e-10 4052.41 -4766.72 4052.41 0
2.7 0 -5.64976e-11 4016.23 -4588.34 4016.23 0
2.72 0 1.20532e-10 3248.26 -4079.64 3248.26 0
2.74 0 8.24979e-11 1854.6 -3420.22 1854.6 0
2.76 0 -3.79843e-11 466.475 -2663.77 466.475 0
2.78 0 -1.81406e-11 -225.16 -1703.64 -225.16 0
2.8 0 -2.76714e-12 -110.389 -455.634 -110.389 0
2.82 0 5.00869e-11 209.825 973.436 209.825 0
2.84 0 1.33707e-11 31.0187 2327.77 31.0187 0
2.86 0 -6.44618e-11 -767.279 3447.73 -767.279 0
2.88 0 4.16167e-11 -1745.43 4464.48 -1745.43 0
2.9 0 -2.72547e-10 -2515.49 5672.99 -2515.49 0
2.92 0 1.87089e-10 -3092.35 7171.71 -3092.35 0
2.94 0 3.92598e-10 -3605.53 8666.45 -3605.53 0
2.96 0 -4.3599e-10 -3897.27 9649.14 -3897.27 0
2.98 0 -1.15133e-10 -3585.41 9769.18 -3585.41 0
3 0 2.05213e-10 -2478.96 9102.81 -2478.96 0
3.02 0 -6.38789e-11 -846.387 8131.67 -846.387 0
3.04 0 1.02946e-10 712.79 7391.65 712.79 0
3.06 0 2.76833e-11 1667.13 7023.58 1667.13 0
3.08 0 9.93516e-11 1938.15 6658 1938.15 0
3.1 0 -1.44921e-10 1970.76 5792.43 1970.76 0
3.12 0 -6.70059e-11 2353.07 4286.88 2353.07 0
3.14 0 -1.34903e-10 3274.39 2486.32 3274.39 0
3.16 0 6.63903e-11 4403.97 891.495 4403.97 0
3.18 0 6.04047e-11 5374.95 -288.173 5374.95 0
3.2 0 7.40685e-11 6265.37 -1309.1 6265.37 0
3.22 0 4.97412e-11 7396.8 -2636.58 7396.8 0
3.24 0 -2.72454e-10 8717.47 -4459.2 8717.47 0
3.26 0 2.19615e-11 9683.62 -6442.8 9683.62 0
3.28 0 1.61025e-10 9848.18 -8013.35 9848.18 0
3.3 0 1.12619e-10 9337.29 -8882.24 9337.29 0
3.32 0 7.16692e-13 8612.26 -9239.94 8612.26 0
3.34 0 -2.43704e-10 7946.48 -9461.34 7946.48 0
3.36 0 6.87472e-11 7284.24 -9715.61 7284.24 0
3.38 0 -2.65546e-10 6475.35 -9859.92 6475.35 0
3.4 0 1.76856e-10 5477.19 -9606.18 5477.19 0
3.42 0 -1.27553e-10 4335.65 -8749.44 4335.65 0
3.44 0 1.67074e-10 3033.61 -7308.44 3033.61 0
3.46 0 2.52067e-10 1399.96 -5515.07 1399.96 0
3.48 0 4.19417e-11 -756.118 -3661.73 -756.118 0
3.5 0 -1.01937e-10 -3374.19 -1919.99 -3374.19 0
3.52 0 -6.23939e-11 -6061.48 -275.06 -6061.48 0
3.54 0 4.90242e-11 -8336.9 1395.42 -8336.9 0
3.56 0 9.53966e-11 -9947.27 3192.52 -9947.27 0
3.58 0 2.93406e-11 -10978.2 5103.09 -10978.2 0
3.6 0 -9.58532e-11 -11745.2 6963.64 -11745.2 0
3.62 0 -2.90631e-10 -12558.7 8499.08 -12558.7 0
3.64 0 -5.72623e-10 -13447.6 9461.61 -13447.6 0
3.66 0 7.8254e-10 -14063.6 9814.4 -14063.6 0
3.68 0 4.33303e-10 -13998.8 9798.6 -13998.8 0
3.7 0 -5.17474e-12 -13301.8 9762.4 -13301.8 0
3.72 0 -8.11204e-11 -12554.1 9863.82 -12554.1 0
3.74 0 -5.2333e-10 -12262.4 9942.54 -12262.4 0
3.76 0 9.06918e-11 -12211.5 9695.59 -12211.5 0
3.78 0 -2.90223e-10 -11578 8939.49 -11578 0
3.8 0 2.18761e-10 -9706.79 7690.16 -9706.79 0
3.82 0 3.34671e-10 -6692.64 6078.48 -6692.64 0
3.84 0 -1.04746e-10 -3240.53 4260.4 -3240.53 0
3.86 0 -9.9652e-11 -96.3992 2354.14 -96.3992 0
3.88 0 1.87746e-11 2409.77 400.295 2409.77 0
3.9 0 5.7331e-12 4476.1 -1585.32 4476.1 0
3.92 0 1.87677e-10 6590.99 -3504.08 6590.99 0
3.94 0 -3.23035e-10 9040.71 -5193.55 9040.71 0
3.96 0 2.4347e-10 11512.7 -6588.73 11512.7 0
3.98 0 -1.78288e-10 13239.6 -7799.36 13239.6 0
4 0 3.05386e-10 13635.1 -8977.7 13635.1 0
4.02 0 7.1227e-11 12790.1 -10122.9 12790.1 0
4.04 0 -6.17733e-10 11335 -11010.3 11335 0
4.06 0 -9.03793e-11 9858.09 -11284.2 9858.09 0
4.08 0 -5.60108e-11 8464.79 -10651.9 8464.79 0
4.1 0 4.77183e-10 6865.17 -9057.28 6865.17 0
4.12 0 -1.03459e-11 4859.6 -6697.95 4859.6 0
4.14 0 1.01834e-10 2673.72 -3879.97 2673.72 0
4.16 0 4.34019e-11 755.307 -872.099 755.307 0
4.18 0 -8.22266e-11 -669.776 2121.45 -669.776 0
4.2 0 1.90023e-10 -1690.54 4936.76 -1690.54 0
4.22 0 3.32863e-11 -2445.11 7464.96 -2445.11 0
4.24 0 -1.01523e-10 -3015.28 9664.53 -3015.28 0
4.26 0 -1.53443e-10 -3594.79 11519.4 -3594.79 0
4.28 0 2.93292e-10 -4475.03 13008.1 -4475.03 0
4.3 0 3.74136e-10 -5724.99 14133.9 -5724.99 0
4.32 0 1.26568e-10 -7054.92 14926 -7054.92 0
4.34 0 -7.36773e-10 -8095.55 15351.4 -8095.55 0
4.36 0 2.95828e-10 -8687.54 15263 -8687.54 0
4.38 0 -4.94596e-10 -8878.81 14500.5 -8878.81 0
4.4 0 -1.96009e-10 -8793.26 13042 -8793.26 0
4.42 0 2.5221e-10 -8486.57 11047.5 -8486.57 0
4.44 0 1.20924e-10 -7739.97 8787.36 -7739.97 0
4.46 0 -2.22402e-11 -5988.45 6535.23 -5988.45 0
4.48 0 -2.65057e-11 -2653.21 4479.44 -2653.21 0
4.5 0 9.11075e-12 2319.17 2666.21 2319.17 0
4.52 0 -2.88425e-11 8238.97 961.682 8238.97 0
4.54 0 1.44644e-10 14014.8 -937.502 14014.8 0
4.56 0 9.23725e-11 18782 -3349.26 18782 0
4.58 0 4.03465e-10 22348.7 -6354.76 22348.7 0
4.6 0 -3.50277e-10 25162.2 -9719.49 25162.2 0
4.62 0 -1.85477e-10 27820.8 -13117 27820.8 0
4.64 0 -2.53921e-10 30478.6 -16402.2 30478.6 0
4.66 0 4.7365e-10 32659.6 -19607.5 32659.6 0
4.68 0 -1.83836e-09 33683 -22664.8 33683 0
4.7 0 4.60285e-10 33215.7 -25194.1 33215.7 0
4.72 0 5.2742e-10 31328.1 -26674.3 31328.1 0
4.74 0 -5.00303e-10 28126.5 -26892.1 28126.5 0
4.76 0 -5.2715e-10 23539.2 -26177.7 23539.2 0
4.78 0 5.77264e-10 17451.3 -25120.7 17451.3 0
4.8 0 -1.1946e-09 9925.91 -24052.5 9925.91 0
4.82 0 8.59297e-10 1360.77 -22827.4 1360.77 0
4.84 0 -1.04316e-09 -7444.06 -21074.7 -7444.06 0
4.86 0 6.7226e-10 -15473.7 -18618.2 -15473.7 0
4.88 0 1.11887e-10 -21975.3 -15637.7 -21975.3 0
4.9 0 4.8008e-10 -26863.8 -12437.4 -26863.8 0
4.92 0 4.6912e-11 -30740.2 -9124.24 -30740.2 0
4.94 0 -2.54419e-10 -34618.7 -5597.79 -34618.7 0
4.96 0 -1.19148e-10 -39508.1 -1849.38 -39508.1 0
4.98 0 7.11727e-11 -45846.1 1834.88 -45846.1 0
5 0 -1.14672e-10 -53029.4 5034.62 -53029.4 0
5.02 0 4.41206e-11 -59562.6 7532.07 -59562.6 0
5.04 0 -3.3384e-11 -63889.2 9469.52 -63889.2 0
5.06 0 -4.00912e-10 -65234.3 11212.6 -65234.3 0
5.08 0 -1.70923e-10 -63793.8 13080.3 -63793.8 0
5.1 0 -3.17881e-10 -60281.4 15163.2 -60281.4 0
5.12 0 6.50351e-10 -55291.3 17354.3 -55291.3 0
5.14 0 1.68894e-09 -48889.1 19533.8 -48889.1 0
5.16 0 1.1029e-10 -40660.2 21680.1 -40660.2 0
5.18 0 -1.75163e-10 -30159.2 23741.4 -30159.2 0
5.2 0 -1.15325e-09 -17323.1 25427.5 -17323.1 0
5.22 0 6.05666e-11 -2393.04 26241.5 -2393.04 0
5.24 0 6.71914e-10 14510.9 25793.8 14510.9 0
5.26 0 -2.28168e-10 33472.7 24073.6 33472.7 0
5.28 0 -5.51151e-11 54133.3 21394.4 54133.3 0
5.3 0 1.79667e-10 74848.1 18084.1 74848.1 0
5.32 0 -5.64981e-11 92691 14191.6 92691 0
5.34 0 9.42298e-11 104699 9400.14 104699 0
5.36 0 -1.35474e-10 109423 3207.85 109423 0
5.38 0 4.97233e-10 107408 -4656.65 107408 0
5.4 0 8.23141e-10 100503 -13817.3 100503 0
5.42 0 4.74742e-10 90718.6 -23226.4 90718.6 0
5.44 0 -9.59872e-10 79557.1 -31621.6 79557.1 0
5.46 0 1.1374e-09 68770 -38011.7 68770 0
5.48 0 3.7043e-10 60719.9 -41822.2 60719.9 0
5.5 0 -1.66651e-09 56367.8 -42821.4 56367.8 0
5.52 0 7.7525e-10 53095.4 -41083.2 53095.4 0
5.54 0 -1.09197e-09 45976 -36981 45976 0
5.56 0 -1.12145e-09 31901.1 -31072.2 31901.1 0
5.58 0 5.07034e-10 11869.8 -23905.2 11869.8 0
5.6 0 2.74609e-10 -10620.1 -15875.8 -10620.1 0
5.62 0 1.39461e-10 -32127.6 -7214.72 -32127.6 0
5.64 0 -1.06034e-10 -49908 1824.68 -49908 0
5.66 0 -3.30246e-10 -61680.4 10655.2 -61680.4 0
5.68 0 -1.54737e-10 -66429 18294.9 -66429 0
5.7 0 8.29934e-11 -65479.7 23801.7 -65479.7 0
5.72 0 1.96219e-10 -62045.3 26809.8 -62045.3 0
5.74 0 5.42009e-10 -59342.8 27582.3 -59342.8 0
5.76 0 -4.91732e-10 -58964.9 26571.7 -58964.9 0
5.78 0 4.67175e-11 -60635.3 23965.1 -60635.3 0
5.8 0 5.0987e-10 -63112.8 19551.7 -63112.8 0
5.82 0 3.02391e-10 -65248.4 12939.3 -65248.4 0
5.84 0 -3.28032e-11 -66346.3 3968.67 -66346.3 0
5.86 0 -9.31199e-11 -65786.3 -6939.84 -65786.3 0
5.88 0 -4.58569e-10 -62723 -18756.7 -62723 0
5.9 0 2.87432e-10 -56626.2 -30194.9 -56626.2 0
5.92 0 2.80459e-10 -48165.3 -40210.3 -48165.3 0
5.94 0 -5.517e-10 -39118.9 -48232 -39118.9 0
5.96 0 -7.38413e-10 -31089.5 -53955.5 -31089.5 0
5.98 0 1.1665e-09 -24261.1 -57040.5 -24261.1 0
6 0 -2.33879e-09 -17143.2 -57088.6 -17143.2 0
6.02 0 1.30905e-09 -7122.78 -53799.8 -7122.78 0
6.04 0 -2.91576e-09 8400.11 -47098.1 8400.11 0
6.06 0 -2.86747e-10 30208.1 -37319.7 30208.1 0
6.08 0 7.49761e-10 55511.2 -25397.4 55511.2 0
6.1 0 7.53827e-10 77947.5 -12626.1 77947.5 0
6.12 0 -5.93281e-10 90388.5 -73.1111 90388.5 0
6.14 0 5.61501e-11 89329 11693 89329 0
6.16 0 4.62759e-10 77719.4 22469.7 77719.4 0
6.18 0 5.52589e-10 63584.5 32565.9 63584.5 0
6.2 0 1.59768e-09 54877.7 43203.4 54877.7 0
6.22 0 5.63284e-10 54444.7 56145.1 54444.7 0
6.24 0 -2.39657e-09 59090.4 72295.4 59090.4 0
6.26 0 -6.54907e-10 62978.3 90501.3 62978.3 0
6.28 0 -4.2543e-09 61527.4 107568 61527.4 0
6.3 0 -4.41722e-09 52444.8 119573 52444.8 0
6.32 0 -2.71968e-10 34711.1 124121 34711.1 0
6.34 0 3.72365e-09 8505.16 122302 8505.16 0
6.36 0 1.97728e-10 -23781.5 117765 -23781.5 0
6.38 0 -3.1633e-09 -57552.5 113118 -57552.5 0
6.4 0 5.60518e-09 -87180.1 108942 -87180.1 0
6.42 0 -1.93125e-09 -107766 105512 -107766 0
6.44 0 -4.79079e-09 -117031 101085 -117031 0
6.46 0 -2.76081e-09 -116229 93431.3 -116229 0
6.48 0 9.11066e-10 -109102 83403.4 -109102 0
6.5 0 -1.91639e-09 -99552 69175.1 -99552 0
6.52 0 2.501e-10 -89878.6 46875.5 -89878.6 0
6.54 0 -6.18752e-13 -80766.5 16537.3 -80766.5 0
6.56 0 1.09106e-09 -72430.8 -16893.7 -72430.8 0
6.58 0 -4.13391e-10 -65866.1 -45427.3 -65866.1 0
6.6 0 2.24186e-10 -61574.1 -63250.2 -61574.1 0
6.62 0 4.61292e-10 -57282 -69908.8 -57282 0
6.64 0 7.91755e-11 -48153 -69297.9 -48153 0
6.66 0 -9.02118e-10 -30845.3 -66121.4 -30845.3 0
6.68 0 1.3294e-09 -7842.23 -63814.8 -7842.23 0
6.7 0 -2.64955e-09 14386.3 -64552.2 14386.3 0
6.72 0 -2.12593e-09 31252.6 -69539.9 31252.6 0
6.74 0 5.43412e-09 42956 -78418.7 42956 0
6.76 0 -1.92181e-09 51895.8 -88665.1 51895.8 0
6.78 0 7.25438e-10 59443.2 -96942.2 59443.2 0
6.8 0 1.22935e-09 65694.8 -102831 65694.8 0
6.82 0 2.76724e-09 70719.7 -107640 70719.7 0
6.84 0 -2.02831e-09 75033.6 -106006 75033.6 0
6.86 0 1.28972e-09 79194.5 -91681.5 79194.5 0
6.88 0 -4.95536e-09 83419.4 -69360 83419.4 0
6.9 0 -1.40525e-10 87601.1 -44844.7 87601.1 0
6.92 0 -2.03484e-09 90815.3 -21630.2 90815.3 0
6.94 0 1.78143e-10 91057.9 -3361.26 91057.9 0
6.96 0 6.02266e-10 86549.6 9025.35 86549.6 0
6.98 0 2.03436e-10 79469.5 15941.9 79469.5 0
7 0 4.01184e-10 73248.9 19161.7 73248.9 0
7.02 0 3.33215e-10 68497.6 21534 68497.6 0
7.04 0 -1.73417e-09 63390.6 26266.2 63390.6 0
7.06 0 2.15811e-10 54410.9 34920.5 54410.9 0
7.08 0 1.72284e-09 38740.1 46719.9 38740.1 0
7.1 0 -2.1213e-09 16037.7 59319.9 16037.7 0
7.12 0 1.4578e-09 -10718.6 70032.4 -10718.6 0
7.14 0 -3.72395e-10 -36964.9 76936.3 -36964.9 0
7.16 0 1.2296e-09 -59063.5 79368.3 -59063.5 0
7.18 0 1.28107e-09 -75139.1 76963.3 -75139.1 0
7.2 0 -1.29163e-09 -84372.6 68942.9 -84372.6 0
7.22 0 -8.94389e-10 -86309.9 56803.7 -86309.9 0
7.24 0 2.61736e-09 -81033.8 43232.3 -81033.8 0
7.26 0 -9.79564e-10 -69914.8 29929.6 -69914.8 0
7.28 0 9.00588e-10 -56133.8 17703.5 -56133.8 0
7.3 0 -2.5099e-10 -44186.1 6107.24 -44186.1 0
7.32 0 -5.08744e-10 -38262.8 -5336.5 -38262.8 0
7.34 0 3.84941e-10 -40339.5 -16594 -40339.5 0
7.36 0 2.5466e-11 -49045.6 -27209.8 -49045.6 0
7.38 0 -6.26808e-10 -60305.1 -36684.3 -60305.1 0
7.4 0 -7.16267e-10 -68971 -44488.6 -68971 0
7.42 0 -2.9184e-09 -70604.3 -50357.2 -70604.3 0
7.44 0 3.42002e-10 -63180.4 -54712.7 -63180.4 0
7.46 0 -8.64033e-10 -47582.7 -58344.5 -47582.7 0
7.48 0 6.3682e-10 -26455.4 -61355.9 -26455.4 0
7.5 0 4.42319e-10 -2801.36 -62699 -2801.36 0
7.52 0 8.19634e-10 20424.4 -60978.5 20424.4 0
7.54 0 -1.82121e-09 40446.5 -55642.9 40446.5 0
7.56 0 3.69232e-10 55380.3 -47386.2 55380.3 0
7.58 0 -8.82985e-10 64839 -37526.4 64839 0
7.6 0 9.76552e-10 69577.9 -27019.1 69577.9 0
7.62 0 5.63529e-10 70634.7 -15940.5 70634.7 0
7.64 0 -1.48484e-09 68978.7 -3942.79 68978.7 0
7.66 0 2.41756e-11 65741.8 8692.67 65741.8 0
7.68 0 -3.68037e-10 62312 20611.7 62312 0
7.7 0 2.98654e-10 60094.5 30235.9 60094.5 0
7.72 0 6.88894e-11 59828.2 36970.3 59828.2 0
7.74 0 -9.18313e-10 60223.4 41355.6 60223.4 0
7.76 0 -3.09515e-10 58144.7 44219.4 58144.7 0
7.78 0 8.10304e-10 50358.1 46050.4 50358.1 0
7.8 0 -2.70486e-10 35320.2 47152.2 35320.2 0
7.82 0 -6.07653e-10 14232.2 47855.2 14232.2 0
7.84 0 1.96434e-09 -9677.71 48309.1 -9677.71 0
7.86 0 -3.15626e-09 -32834 48359.1 -32834 0
7.88 0 -5.23484e-11 -52411.3 47781.9 -52411.3 0
7.9 0 3.10127e-10 -66466.2 46348.5 -66466.2 0
7.92 0 -2.35737e-09 -74305.4 43579.2 -74305.4 0
7.94 0 -2.11583e-09 -76861.8 38859.8 -76861.8 0
7.96 0 -9.81089e-10 -75969.9 31299.2 -75969.9 0
7.98 0 5.17466e-10 -73070.9 20061 -73070.9 0
8 0 6.25528e-10 -68924.7 5460.59 -68924.7 0
8.02 0 -2.26217e-10 -64376.4 -10393.5 -64376.4 0
8.04 0 -3.33892e-10 -60704.6 -24193 -60704.6 0
8.06 0 -1.90685e-10 -58929.2 -33367.1 -58929.2 0
8.08 0 6.03439e-11 -58958.4 -37479.1 -58958.4 0
8.1 0 1.12476e-09 -58843.3 -37927.2 -58843.3 0
8.12 0 9.22403e-10 -55767.6 -36686.8 -55767.6 0
8.14 0 -1.69049e-09 -47945.5 -35495.2 -47945.5 0
8.16 0 9.30929e-10 -35293.9 -35635 -35293.9 0
8.18 0 -7.48106e-10 -18827 -37755.7 -18827 0
8.2 0 -2.31244e-09 426.706 -41641.9 426.706 0
8.22 0 -6.22375e-10 21643 -46199.6 21643 0
8.24 0 2.196e-09 43837.6 -49711.8 43837.6 0
8.26 0 -3.72168e-09 65351 -50307.6 65351 0
8.28 0 -1.75813e-10 83783.8 -46652.2 83783.8 0
8.3 0 -2.38758e-10 96629.8 -38540.6 96629.8 0
8.32 0 1.20786e-09 102288 -26988.4 102288 0
8.34 0 2.18045e-09 100761 -13857 100761 0
8.36 0 -5.40919e-10 93609.8 -1277.66 93609.8 0
8.38 0 6.89033e-10 83220.1 9024.75 83220.1 0
8.4 0 7.27607e-11 71990.9 16379.7 71990.9 0
8.42 0 3.04751e-10 62293.4 21328.4 62293.4 0
8.44 0 -3.94441e-10 56052.5 25082.5 56052.5 0
8.46 0 6.86636e-10 53929 28702.6 53929 0
8.48 0 -1.37561e-09 54798.6 32605.2 54798.6 0
8.5 0 1.25396e-09 55195.7 36690.7 55195.7 0
8.52 0 -3.54885e-09 50383.9 40773.5 50383.9 0
8.54 0 -4.3885e-10 37271.2 44690.4 37271.2 0
8.56 0 7.52138e-10 16494.9 47980.6 16494.9 0
8.58 0 2.54179e-09 -8536.25 49754.4 -8536.25 0
8.6 0 -7.44209e-10 -34060.9 49129.4 -34060.9 0
8.62 0 -5.15684e-12 -57015.9 45712.2 -57015.9 0
8.64 0 8.16791e-11 -74786.3 39577.1 -74786.3 0
8.66 0 1.13374e-10 -85254.9 30962.7 -85254.9 0
8.68 0 -2.18531e-10 -87560.1 20248.7 -87560.1 0
8.7 0 -4.3054e-10 -82716.1 8263.61 -82716.1 0
8.72 0 -7.14873e-11 -73393.3 -3604.87 -73393.3 0
8.74 0 -3.97729e-11 -62934.3 -13876.7 -62934.3 0
8.76 0 2.8306e-10 -54221 -21755.8 -54221 0
8.78 0 1.25038e-09 -48983.3 -27511.3 -48983.3 0
8.8 0 4.97483e-10 -47885 -32100.2 -47885 0
8.82 0 -1.29608e-09 -50478.7 -36445 -50478.7 0
8.84 0 1.40657e-09 -54833.8 -40961.2 -54833.8 0
8.86 0 -3.40525e-09 -57557.2 -45521.2 -57557.2 0
8.88 0 1.00302e-11 -54572.3 -49707.8 -54572.3 0
8.9 0 1.80126e-09 -43134.1 -53013.2 -43134.1 0
8.92 0 -2.04844e-09 -23680.7 -54777.8 -23680.7 0
8.94 0 -2.46454e-09 553.502 -54189.7 553.502 0
8.96 0 -8.43886e-10 25729 -50674.5 25729 0
8.98 0 1.24321e-09 48815.1 -44254.7 48815.1 0
9 0 -9.14914e-10 67403 -35331.7 67403 0
9.02 0 -1.36356e-09 79578.4 -24407.8 79578.4 0
9.04 0 9.77386e-10 84501.6 -12295.9 84501.6 0
9.06 0 -6.76928e-10 82720.7 -404.55 82720.7 0
9.08 0 3.56541e-10 75861.1 9716.92 75861.1 0
9.1 0 -2.1392e-10 66257.4 17493.5 66257.4 0
9.12 0 1.54293e-10 56678.5 23849.5 56678.5 0
9.14 0 3.30847e-11 49810.3 30407.1 49810.3 0
9.16 0 -3.00019e-10 47274.5 38018.3 47274.5 0
9.18 0 5.96325e-10 48586.8 45954 48586.8 0
9.2 0 1.38592e-09 51063 52448.6 51063 0
9.22 0 2.84382e-10 50840.2 56176.6 50840.2 0
9.24 0 -7.87914e-11 44856.4 57385.7 44856.4 0
9.26 0 1.40535e-09 32898.9 57547.3 32898.9 0
9.28 0 1.53697e-09 17688.5 57854.3 17688.5 0
9.3 0 1.5478e-09 2408.08 58206.7 2408.08 0
9.32 0 2.89835e-09 -11977.2 57571.2 -11977.2 0
9.34 0 -1.24447e-09 -26571.2 54910.8 -26571.2 0
9.36 0 1.02985e-09 -41795.9 49781.2 -41795.9 0
9.38 0 1.42137e-10 -55352.1 42098.1 -55352.1 0
9.4 0 -1.18779e-10 -63452.1 31982.4 -63452.1 0
9.42 0 3.10464e-10 -64187.9 20152.7 -64187.9 0
9.44 0 3.78059e-10 -59452.1 8072.85 -59452.1 0
9.46 0 1.47011e-10 -53388.6 -2503.06 -53388.6 0
9.48 0 -1.80795e-10 -49143 -10499 -49143 0
9.5 0 5.19212e-10 -47213.1 -16088.3 -47213.1 0
9.52 0 3.81977e-10 -46531.1 -20298.1 -46531.1 0
9.54 0 -3.49058e-10 -46129.1 -24096.7 -46129.1 0
9.56 0 1.40255e-09 -45426 -27879.4 -45426 0
9.58 0 5.65991e-10 -43371.7 -31563.7 -43371.7 0
9.6 0 -1.36809e-09 -37906.4 -34863.7 -37906.4 0
9.62 0 7.88761e-10 -27004.3 -37404 -27004.3 0
9.64 0 -7.27803e-10 -10403.9 -38724.5 -10403.9 0
9.66 0 2.7957e-10 9942.79 -38369.8 9942.79 0
9.68 0 -1.09665e-09 30992 -36097.4 30992 0
9.7 0 1.35361e-09 49751.3 -32025.4 49751.3 0
9.72 0 -6.7687e-10 63567.7 -26547.8 63567.7 0
9.74 0 1.89404e-10 70375.1 -20123.6 70375.1 0
9.76 0 5.75033e-10 69537.1 -13127.5 69537.1 0
9.78 0 2.8743e-10 62555.6 -5854.73 62555.6 0
9.8 0 -2.10274e-11 52623.9 1434.01 52623.9 0
9.82 0 -2.13083e-11 43104.6 8614.81 43104.6 0
9.84 0 -9.87095e-11 36005.5 15810.3 36005.5 0
9.86 0 2.95076e-10 31374.5 23153.3 31374.5 0
9.88 0 1.0748e-11 27797.5 30280.8 27797.5 0
9.9 0 -1.10997e-09 23495.5 36243.9 23495.5 0
9.92 0 -6.8803e-10 17374.9 40189.5 17374.9 0
9.94 0 -4.77049e-11 9363.64 42134.3 9363.64 0
9.96 0 3.16239e-09 -216.153 42935.2 -216.153 0
9.98 0 -7.72364e-10 -11346.6 43513.8 -11346.6 0
10 0 -1.78699e-09 -24037.6 44149.8 -24037.6 0
10.02 0 -2.55187e-10 -37425.3 44402 -37425.3 0
10.04 0 1.88883e-09 -49592.6 43568.3 -49592.6 0
10.06 0 1.82602e-09 -58560.4 41281.9 -58560.4 0
10.08 0 1.1093e-09 -63474.9 37778.8 -63474.9 0
10.1 0 -1.45913e-09 -64868.8 33494.9 -64868.8 0
10.12 0 -2.67698e-10 -63864 28480.2 -63864 0
10.14 0 1.11338e-09 -61145.2 22366.7 -61145.2 0
10.16 0 5.18077e-10 -56633 14996.3 -56633 0
10.18 0 -2.88726e-10 -50001.9 7025.07 -50001.9 0
10.2 0 -6.62605e-11 -41462.3 -314.599 -41462.3 0
10.22 0 1.57337e-11 -31894.1 -6076.94 -31894.1 0
10.24 0 5.57241e-11 -22303.6 -10226 -22303.6 0
10.26 0 -4.82186e-10 -13254.2 -13524 -13254.2 0
10.28 0 -3.21391e-10 -4640.21 -16910.4 -4640.21 0
10.3 0 8.65496e-10 4093.16 -20881.6 4093.16 0
10.32 0 1.14716e-09 13428.8 -25259.2 13428.8 0
10.34 0 -1.19091e-09 23374.5 -29412.7 23374.5 0
10.36 0 1.04605e-10 33557.4 -32670.9 33557.4 0
10.38 0 -7.2781e-10 43470.1 -34558.5 43470.1 0
10.4 0 6.73954e-10 52477.1 -34719.1 52477.1 0
10.42 0 4.34782e-10 59766.1 -32748.8 59766.1 0
10.44 0 -3.77655e-10 64497.2 -28241.4 64497.2 0
10.46 0 -8.48593e-10 66029.7 -21073.4 66029.7 0
10.48 0 -2.97187e-10 64101.4 -11706.7 64101.4 0
10.5 0 1.79538e-10 58960.8 -1218.28 58960.8 0
10.52 0 6.38324e-12 51340.1 9040.16 51340.1 0
10.54 0 3.73242e-11 42150.6 17993.7 42150.6 0
10.56 0 -9.49987e-11 32091.2 25211.4 32091.2 0
10.58 0 -3.50593e-10 21647.7 30821.3 21647.7 0
10.6 0 1.02359e-09 11478.6 35219.9 11478.6 0
10.62 0 -1.66497e-10 2496.1 38925.2 2496.1 0
10.64 0 1.10399e-09 -4744.84 42504.5 -4744.84 0
10.66 0 1.43098e-09 -10749.1 46305.5 -10749.1 0
10.68 0 -3.14149e-10 -16995.1 50087.3 -16995.1 0
10.7 0 -1.59266e-09 -24999.3 52944.6 -24999.3 0
10.72 0 8.99452e-10 -35211.2 53699.9 -35211.2 0
10.74 0 -1.39844e-10 -46496.3 51493.9 -46496.3 0
10.76 0 2.59577e-09 -56601.3 46223.6 -56601.3 0
10.78 0 -3.74539e-10 -63350.6 38624.7 -63350.6 0
10.8 0 -5.36517e-10 -65727.4 29648.7 -65727.4 0
10.82 0 3.36836e-10 -64036.3 19903.9 -64036.3 0
10.84 0 4.28352e-10 -59196.6 9756.43 -59196.6 0
10.86 0 2.88029e-10 -52037.9 -339.197 -52037.9 0
10.88 0 -5.14068e-11 -43279.4 -9713.05 -43279.4 0
10.9 0 -1.197e-10 -33934.4 -17779.1 -33934.4 0
10.92 0 -1.26698e-10 -25342.8 -24336.5 -25342.8 0
10.94 0 -9.84317e-11 -18500.8 -29612.1 -18500.8 0
10.96 0 2.90781e-10 -13213.3 -34024.1 -13213.3 0
10.98 0 -7.05694e-10 -7893.27 -37791.8 -7893.27 0
11 0 -7.74717e-10 -452.213 -40680.2 -452.213 0
11.02 0 3.41255e-10 10155.7 -42201.9 10155.7 0
11.04 0 -2.06929e-09 22974.7 -42113.7 22974.7 0
11.06 0 2.32444e-09 35576.3 -40617.1 35576.3 0
11.08 0 -4.71242e-10 45590 -38028.1 45590 0
11.1 0 -1.95492e-09 51912.7 -34341.9 51912.7 0
11.12 0 3.43867e-10 54863.5 -29122.1 54863.5 0
11.14 0 -1.06245e-09 55539.3 -21768.1 55539.3 0
11.16 0 -2.00804e-12 54983.9 -11964 54983.9 0
11.18 0 5.53794e-10 53636.5 -121.431 53636.5 0
11.2 0 -2.67339e-10 51311.8 12504.7 51311.8 0
11.22 0 2.03571e-10 47659.1 24348.7 47659.1 0
11.24 0 -8.62709e-11 42667.8 34335.9 42667.8 0
11.26 0 -6.69298e-10 36696.3 42160.4 36696.3 0
11.28 0 1.71967e-09 30052.7 47939.3 30052.7 0
11.3 0 -1.59094e-09 22732 51918.2 22732 0
11.32 0 -1.95381e-09 14562.6 54484.8 14562.6 0
11.34 0 -1.37195e-09 5482.27 56104.8 5482.27 0
11.36 0 -1.33135e-10 -4219.93 57091.7 -4219.93 0
11.38 0 -7.85211e-10 -13716.9 57559.7 -13716.9 0
11.4 0 -5.47517e-10 -21833.3 57541.2 -21833.3 0
11.42 0 -5.18788e-10 -27830.8 56900 -27830.8 0
11.44 0 -7.46521e-10 -32163.4 55079 -32163.4 0
11.46 0 4.528e-10 -36264.2 51205.8 -36264.2 0
11.48 0 -2.01367e-09 -41328.4 44654.3 -41328.4 0
11.5 0 -2.22898e-09 -47161.3 35319.2 -47161.3 0
11.52 0 -5.68543e-10 -52076.3 23771 -52076.3 0
11.54 0 2.33823e-10 -53872.3 11318.7 -53872.3 0
11.56 0 -7.0346e-10 -51229.5 -471.635 -51229.5 0
11.58 0 3.77476e-10 -44692.1 -10542.4 -44692.1 0
11.6 0 -3.7939e-10 -36445.1 -18721 -36445.1 0
11.62 0 2.48258e-10 -28801.1 -25285.4 -28801.1 0
11.64 0 -3.8229e-10 -22664.6 -30494.9 -22664.6 0
11.66 0 2.32007e-10 -17464.5 -34708.9 -17464.5 0
11.68 0 -7.08437e-11 -12426.6 -38577.1 -12426.6 0
11.7 0 2.79576e-09 -7458.88 -42647.2 -7458.88 0
11.72 0 6.06797e-11 -2599.05 -46794.3 -2599.05 0
11.74 0 -3.36049e-10 2970.54 -50196.2 2970.54 0
11.76 0 1.53029e-09 10760.2 -51824.5 10760.2 0
11.78 0 -1.33976e-09 21612.6 -50945.4 21612.6 0
11.8 0 5.16576e-11 34577.3 -47395.9 34577.3 0
11.82 0 1.11718e-09 47159.9 -41539.7 47159.9 0
11.84 0 -1.54312e-09 56688.1 -33870.5 56688.1 0
11.86 0 -4.07493e-10 61680 -24620.5 61680 0
11.88 0 2.0501e-10 62291.3 -13829.2 62291.3 0
11.9 0 5.33912e-10 59745.9 -1914.15 59745.9 0
11.92 0 9.07868e-11 55444.7 9968.72 55444.7 0
11.94 0 -1.70272e-10 50495.1 20421 50495.1 0
11.96 0 -1.90615e-10 45713.5 28710.6 45713.5 0
11.98 0 -8.37188e-10 41601.4 35171.2 41601.4 0
12 0 -1.55194e-09 38103.6 40803.7 38103.6 0
12.02 0 -1.28925e-09 34469.9 46560.8 34469.9 0
12.04 0 -8.00006e-10 29561.6 52807.6 29561.6 0
12.06 0 1.27888e-09 22446.3 59191.7 22446.3 0
12.08 0 9.21784e-10 12897.4 64982.6 12897.4 0
12.1 0 1.33986e-09 1621.58 69608.7 1621.58 0
12.12 0 -1.32359e-09 -9956.24 72858.3 -9956.24 0
12.14 0 -5.47266e-10 -20429.3 74582.2 -20429.3 0
12.16 0 8.70219e-11 -29186 74298.1 -29186 0
12.18 0 -6.46766e-10 -36469.3 71071.8 -36469.3 0
12.2 0 2.21506e-09 -42672.2 64736.2 -42672.2 0
12.22 0 -2.21169e-09 -47709.2 55844.3 -47709.2 0
12.24 0 -8.33063e-10 -51097.1 44939.2 -51097.1 0
12.26 0 4.80852e-10 -52495.5 32798.2 -52495.5 0
12.28 0 -5.17683e-10 -52128.1 20420.7 -52128.1 0
12.3 0 -1.30456e-09 -50783.3 8914.74 -50783.3 0
12.32 0 9.23729e-10 -49395.3 -1162.15 -49395.3 0
12.34 0 5.84097e-11 -48374.5 -10092.8 -48374.5 0
12.36 0 1.32621e-10 -47137.3 -18529.7 -47137.3 0
12.38 0 -1.93091e-10 -44385.2 -26731 -44385.2 0
12.4 0 -9.24871e-10 -38908.2 -34372.1 -38908.2 0
12.42 0 -6.4675e-10 -30257.2 -40938 -30257.2 0
12.44 0 -7.06117e-10 -18935.9 -46158.4 -18935.9 0
12.46 0 2.42866e-10 -6135.92 -50117.1 -6135.92 0
12.48 0 5.9557e-10 6715.96 -53016.3 6715.96 0
12.5 0 -8.74993e-10 18417.7 -54780.4 18417.7 0
12.52 0 1.39087e-10 28279.4 -54871 28279.4 0
12.54 0 2.0387e-09 36060.4 -52621.9 36060.4 0
12.56 0 4.31086e-10 41621.9 -47833.5 41621.9 0
12.58 0 2.19392e-09 44692.6 -40921.1 44692.6 0
12.6 0 -4.95255e-10 45046.4 -32418.1 45046.4 0
12.62 0 1.63444e-10 42879.3 -22570.5 42879.3 0
12.64 0 -2.11247e-10 38963.1 -11614.4 38963.1 0
12.66 0 8.70989e-12 34447 -282.511 34447 0
12.68 0 1.548e-10 30431.2 10322.1 30431.2 0
12.7 0 -3.76271e-10 27573.6 19464.7 27573.6 0
12.72 0 7.09653e-11 25932.2 27218.1 25932.2 0
12.74 0 7.9714e-10 25024.7 34211 25024.7 0
12.76 0 8.39877e-10 24055.1 41152.4 24055.1 0
12.78 0 1.21527e-09 22291.6 48506.5 22291.6 0
12.8 0 -7.36412e-10 19400.3 56246.3 19400.3 0
12.82 0 2.57296e-09 15386.9 63670.1 15386.9 0
12.84 0 -2.5231e-09 10120.6 69476.3 10120.6 0
12.86 0 6.80155e-10 3082.55 72204.4 3082.55 0
12.88 0 1.30539e-09 -6060.37 70775.1 -6060.37 0
12.9 0 2.69843e-09 -16527.8 64600.9 -16527.8 0
12.92 0 9.76838e-10 -26267.3 54544.4 -26267.3 0
12.94 0 -4.15708e-10 -32993.8 42263.3 -32993.8 0
12.96 0 1.25963e-09 -35527.9 28922.3 -35527.9 0
12.98 0 -2.64137e-10 -34241.4 15470.6 -34241.4 0
13 0 -9.50923e-10 -30454.1 2850.08 -30454.1 0
13.02 0 -2.86128e-10 -25618.7 -7870.27 -25618.7 0
13.04 0 3.89494e-11 -21056 -15995.8 -21056 0
13.06 0 -2.07876e-10 -17994.7 -21664.1 -17994.7 0
13.08 0 1.01376e-09 -17177.3 -25832.7 -17177.3 0
13.1 0 5.01653e-10 -18073.7 -29705.8 -18073.7 0
13.12 0 1.07738e-09 -18750.5 -34108.5 -18750.5 0
13.14 0 -1.13498e-09 -17027.5 -39188.6 -17027.5 0
13.16 0 -9.54728e-10 -11972.1 -44518.7 -11972.1 0
13.18 0 -7.11767e-10 -4231.83 -49392.4 -4231.83 0
13.2 0 -2.07822e-09 4883.57 -53068.6 4883.57 0
13.22 0 1.82039e-09 14251.2 -54873.1 14251.2 0
13.24 0 -1.82472e-09 22894.3 -54259.5 22894.3 0
13.26 0 -2.37563e-09 29612 -50933.5 29612 0
13.28 0 1.13631e-09 33113.2 -44981.5 33113.2 0
13.3 0 1.71032e-10 32682 -36630.6 32682 0
13.32 0 -4.06523e-10 28827 -26113.5 28827 0
13.34 0 -9.23758e-10 23392.6 -13832.3 23392.6 0
13.36 0 2.46685e-10 19004.9 -597.804 19004.9 0
13.38 0 5.52435e-11 18055.5 12422 18055.5 0
13.4 0 -1.15591e-09 21608.4 24301.5 21608.4 0
13.42 0 -1.16751e-10 28746.5 34738.5 28746.5 0
13.44 0 -1.80058e-09 36814.4 43820.9 36814.4 0
13.46 0 7.2273e-11 42613.5 51578.9 42613.5 0
13.48 0 1.11326e-09 43974.8 57919.4 43974.8 0
13.5 0 -7.44917e-10 40695 62814.4 40695 0
13.52 0 1.34891e-09 34090.6 66333.8 34090.6 0
13.54 0 -1.76996e-09 25560.8 68486.1 25560.8 0
13.56 0 3.11843e-09 15598 69083.8 15598 0
13.58 0 2.27845e-09 4256.12 67717.9 4256.12 0
13.6 0 -2.46843e-10 -7615.71 63774.4 -7615.71 0
13.62 0 1.55302e-09 -18037.1 56938.1 -18037.1 0
13.64 0 -9.40845e-10 -25093.4 47781.2 -25093.4 0
13.66 0 -2.07019e-09 -28530.7 37086.4 -28530.7 0
13.68 0 3.50939e-10 -30038.2 25342.2 -30038.2 0
13.7 0 7.37588e-10 -31856.1 12921.9 -31856.1 0
13.72 0 -1.18527e-10 -35062.4 371.317 -35062.4 0
13.74 0 -6.67712e-11 -39117.8 -11310.4 -39117.8 0
13.76 0 1.06582e-10 -42895.1 -20954.2 -42895.1 0
13.78 0 3.93932e-10 -45945.1 -27752 -45945.1 0
13.8 0 2.91917e-10 -48638 -31804.9 -48638 0
13.82 0 1.02243e-09 -51173.1 -34300.3 -51173.1 0
13.84 0 -3.52838e-10 -52816.4 -37060.5 -52816.4 0
13.86 0 7.87895e-10 -52365.1 -41585.7 -52365.1 0
13.88 0 -2.59991e-09 -49240.3 -48240.5 -49240.3 0
13.9 0 2.04037e-09 -43858.7 -56117.7 -43858.7 0
13.92 0 -1.90533e-09 -36956.4 -63578.1 -36956.4 0
13.94 0 9.53469e-10 -28889.6 -69042.8 -28889.6 0
13.96 0 1.68275e-11 -19754.1 -71495.5 -19754.1 0
13.98 0 -1.12523e-09 -9913.03 -70389.6 -9913.03 0
14 0 -4.84355e-10 -2.07164 -65400.2 -2.07164 0
14.02 0 1.26918e-09 9664.52 -56482.4 9664.52 0
14.04 0 -9.83649e-10 19436.6 -43868.5 19436.6 0
14.06 0 2.76442e-10 29730.4 -28601.4 29730.4 0
14.08 0 5.59069e-10 39925.1 -13074.6 39925.1 0
14.1 0 -4.29413e-10 48049.7 -277.85 48049.7 0
14.12 0 -8.09305e-11 52057 7907.18 52057 0
14.14 0 -2.00659e-10 51918.4 12051.4 51918.4 0
14.16 0 -2.57727e-10 50424.6 14838.9 50424.6 0
14.18 0 7.68982e-10 51286.7 19368.9 51286.7 0
14.2 0 1.35446e-09 56002.1 27368.7 56002.1 0
14.22 0 -2.52609e-09 62471.1 38361 62471.1 0
14.24 0 1.03281e-09 66689.8 50019.5 66689.8 0
14.26 0 -2.32925e-09 65822 59418.3 65822 0
14.28 0 -1.09443e-09 59660 64478.9 59660 0
14.3 0 8.94672e-10 49368.1 64703.8 49368.1 0
14.32 0 -7.05093e-10 35517.3 60757.3 35517.3 0
14.34 0 -2.32183e-09 18160.3 53861.5 18160.3 0
14.36 0 -1.09132e-09 -1210.65 45600.3 -1210.65 0
14.38 0 7.48263e-10 -18796.9 37188.8 -18796.9 0
14.4 0 6.81273e-10 -30548.8 29060 -30548.8 0
14.42 0 -1.66079e-10 -35295 21000.1 -35295 0
14.44 0 -3.25043e-10 -35697.5 12523.7 -35697.5 0
14.46 0 -4.23442e-10 -36241.2 3556.67 -36241.2 0
14.48 0 1.36875e-10 -40345.4 -5474.06 -40345.4 0
14.5 0 -7.0722e-11 -48756.9 -14130.3 -48756.9 0
14.52 0 1.00743e-10 -59677.1 -22358.9 -59677.1 0
14.54 0 2.65848e-11 -69955.2 -30218.5 -69955.2 0
14.56 0 -6.50263e-10 -76595.5 -37404.2 -76595.5 0
14.58 0 4.41652e-10 -77859.3 -43231.7 -77859.3 0
14.6 0 -2.49953e-09 -73359.7 -47066.2 -73359.7 0
14.62 0 9.03704e-10 -63392.3 -48739.5 -63392.3 0
14.64 0 2.88239e-09 -48537.4 -48653.8 -48537.4 0
14.66 0 -4.03422e-10 -30110.1 -47488.7 -30110.1 0
14.68 0 -8.21904e-10 -10822.8 -45637 -10822.8 0
14.7 0 -9.16713e-10 5792.02 -42815.9 5792.02 0
14.72 0 3.68498e-10 17501.3 -38141.8 17501.3 0
14.74 0 3.11419e-10 25094.5 -30554.4 25094.5 0
14.76 0 -3.86839e-10 31586.7 -19479.5 31586.7 0
14.78 0 -5.40691e-11 39454.5 -5626.73 39454.5 0
14.8 0 1.55584e-10 48797.8 8686.28 48797.8 0
14.82 0 1.88849e-10 58067.8 20541.2 58067.8 0
14.84 0 1.1376e-10 65875.4 28330.8 65875.4 0
14.86 0 1.19388e-09 71625.6 32713.3 71625.6 0
14.88 0 -8.77527e-10 74865.9 35605.3 74865.9 0
14.9 0 -1.90699e-09 74819.3 38415.6 74819.3 0
14.92 0 -4.11115e-10 70695.8 41280.8 70695.8 0
14.94 0 -3.95729e-10 62458.6 43672.7 62458.6 0
14.96 0 -1.14372e-09 51283.4 45400 51283.4 0
14.98 0 -3.35566e-10 38885.7 46871.1 38885.7 0
15 0 4.32702e-10 26062.8 48345.5 26062.8 0
15.02 0 -1.94746e-10 12040.1 49062.3 12040.1 0
15.04 0 3.24029e-09 -4195.3 47410.3 -4195.3 0
15.06 0 8.19669e-10 -21782.8 42099.2 -21782.8 0
15.08 0 3.92626e-11 -37657.1 33093.3 -37657.1 0
15.1 0 -6.32031e-10 -48734.4 21390.5 -48734.4 0
15.12 0 5.58361e-10 -54456.4 8379.08 -54456.4 0
15.14 0 1.22859e-10 -57133.8 -4417.44 -57133.8 0
15.16 0 3.42006e-11 -59830.1 -15491.1 -59830.1 0
15.18 0 1.23941e-10 -63842.6 -23787.2 -63842.6 0
15.2 0 5.18142e-10 -68039.2 -29266.9 -68039.2 0
15.22 0 8.75516e-10 -70368.8 -32964.2 -70368.8 0
15.24 0 -5.88469e-10 -69785.6 -36299.1 -69785.6 0
15.26 0 -9.24693e-10 -66440.3 -40081.7 -66440.3 0
15.28 0 1.67536e-09 -60379.2 -44058.3 -60379.2 0
15.3 0 9.51173e-10 -50755.9 -47392.4 -50755.9 0
15.32 0 7.76196e-10 -36482.7 -49488.1 -36482.7 0
15.34 0 8.57648e-10 -17856.7 -50217.3 -17856.7 0
15.36 0 -4.1401e-10 2696.51 -49452.4 2696.51 0
15.38 0 -1.62924e-09 22020.4 -46714.9 22020.4 0
15.4 0 8.06297e-10 38310.4 -41474.9 38310.4 0
15.42 0 1.24245e-10 51513.1 -33628.3 51513.1 0
15.44 0 -1.28856e-10 62059.5 -23637.2 62059.5 0
15.46 0 -8.13002e-12 70053.2 -12425.1 70053.2 0
15.48 0 -1.29824e-10 75647.7 -1247.72 75647.7 0
15.5 0 -3.58742e-10 79289.5 8578.02 79289.5 0
15.52 0 2.0213e-10 81119.4 16247.5 81119.4 0
15.54 0 3.05572e-11 80587 21959.5 80587 0
15.56 0 1.45289e-09 77120 26793.3 77120 0
15.58 0 -8.77528e-10 71064.6 31930.7 71064.6 0
15.6 0 -9.47342e-10 63238.5 37777.9 63238.5 0
15.62 0 8.93133e-10 54006.7 43654.1 54006.7 0
15.64 0 -1.79578e-09 43032.4 48309.3 43032.4 0
15.66 0 3.90795e-10 29655.2 50831.6 29655.2 0
15.68 0 -9.93468e-10 13606 51100.6 13606 0
15.7 0 -1.31866e-09 -4480.29 49532.1 -4480.29 0
15.72 0 -2.33398e-09 -22884.4 46635.7 -22884.4 0
15.74 0 1.57007e-09 -39440.3 42830.5 -39440.3 0
15.76 0 -4.31109e-10 -52695.3 38366.4 -52695.3 0
15.78 0 1.94643e-09 -62559.7 33207.7 -62559.7 0
15.8 0 -2.06678e-09 -69673.5 27148.8 -69673.5 0
15.82 0 -7.65929e-10 -74205.8 20079.5 -74205.8 0
15.84 0 1.06031e-09 -75467 12154.3 -75467 0
15.86 0 1.89911e-11 -72630.7 3870.54 -72630.7 0
15.88 0 2.51756e-11 -65701.9 -4031.17 -65701.9 0
15.9 0 5.91406e-11 -55916.2 -10913 -55916.2 0
15.92 0 5.30708e-11 -45244.8 -16554.1 -45244.8 0
15.94 0 5.41982e-10 -35315.4 -21043.2 -35315.4 0
15.96 0 4.09013e-10 -26398.8 -24479.7 -26398.8 0
15.98 0 -7.68513e-10 -17442.8 -26970.6 -17442.8 0
16 0 4.69477e-10 -7304.69 -28797.7 -7304.69 0
16.02 0 1.52414e-09 4073.12 -30345.6 4073.12 0
16.04 0 2.71596e-10 15597.2 -31857.7 15597.2 0
16.06 0 -3.12206e-10 25982.8 -33299.7 25982.8 0
16.08 0 8.96536e-12 34848.2 -34291.6 34848.2 0
16.1 0 -5.69924e-10 43046.1 -34089.4 43046.1 0
16.12 0 -1.13131e-10 51685.7 -31846.4 51685.7 0
16.14 0 1.71913e-09 60450.3 -27071 60450.3 0
16.16 0 -1.37571e-10 66998 -19866.2 66998 0
16.18 0 -2.54888e-10 68460.3 -10873 68460.3 0
16.2 0 -2.40406e-10 63716.2 -1196.78 63716.2 0
16.22 0 -9.84204e-11 54211.5 7765.55 54211.5 0
16.24 0 -1.02825e-10 42679.7 14901.8 42679.7 0
16.26 0 -1.17043e-10 31201.8 19983.9 31201.8 0
16.28 0 -1.9152e-10 20383.2 23627.5 20383.2 0
16.3 0 -3.00502e-10 9999.45 26678.6 9999.45 0
16.32 0 -5.16608e-10 21.0843 29654.1 21.0843 0
16.34 0 -2.57894e-11 -9158.96 32539.7 -9158.96 0
16.36 0 3.19132e-10 -17329.4 34910 -17329.4 0
16.38 0 -2.20231e-10 -24979.6 36311.1 -24979.6 0
16.4 0 2.51644e-09 -33058.1 36624.2 -33058.1 0
16.42 0 8.53718e-10 -42165.6 35987.2 -42165.6 0
16.44 0 -3.89259e-11 -51878.9 34367.5 -51878.9 0
16.46 0 4.60946e-10 -60706.5 31407.6 -60706.5 0
16.48 0 -5.79028e-10 -66671.7 26783.5 -66671.7 0
16.5 0 -4.6009e-10 -68163.7 20628.5 -68163.7 0
16.52 0 -1.25103e-09 -64610.3 13599.7 -64610.3 0
16.54 0 -3.78811e-11 -56624.4 6598.21 -56624.4 0
16.56 0 5.97858e-10 -45680.5 367.538 -45680.5 0
16.58 0 -3.81255e-10 -33550.3 -4786.63 -33550.3 0
16.6 0 -6.7245e-11 -21702.8 -8970.44 -21702.8 0
16.62 0 1.7491e-10 -10961.9 -12454.6 -10961.9 0
16.64 0 7.84563e-10 -1518.53 -15528 -1518.53 0
16.66 0 -3.20201e-10 6894.3 -18530.1 6894.3 0
16.68 0 1.43982e-11 14796.3 -21781.4 14796.3 0
16.7 0 -3.73653e-11 22663.1 -25299 22663.1 0
16.72 0 7.654e-10 30624.9 -28622.5 30624.9 0
16.74 0 -7.29191e-10 38406.7 -31034.8 38406.7 0
16.76 0 -7.76785e-10 45522.2 -31986.8 45522.2 0
16.78 0 1.69206e-10 51474.5 -31302.3 51474.5 0
16.8 0 -3.07306e-10 55804.2 -29016.5 55804.2 0
16.82 0 -1.75884e-10 58051.5 -25122.4 58051.5 0
16.84 0 2.6307e-10 57772.4 -19593.8 57772.4 0
16.86 0 -6.03159e-11 54676.2 -12741.5 54676.2 0
16.88 0 -5.02509e-10 48849.9 -5427.09 48849.9 0
16.9 0 -2.10181e-10 40864.1 1305.18 40864.1 0
16.92 0 7.25181e-11 31544.7 6919.81 31544.7 0
16.94 0 1.51627e-10 21608.9 11656.6 21608.9 0
16.96 0 7.06602e-10 11540.7 16034.9 11540.7 0
16.98 0 -6.18878e-10 1680.07 20165.9 1680.07 0
17 0 -8.24091e-10 -7758.83 23652.6 -7758.83 0
17.02 0 -1.1404e-09 -16732.8 26129.4 -16732.8 0
17.04 0 -1.16568e-11 -25299.5 27727.1 -25299.5 0
17.06 0 -3.75773e-10 -33474.2 28890.6 -33474.2 0
17.08 0 -2.54192e-10 -41128.2 29813.9 -41128.2 0
17.1 0 3.75217e-10 -47917.5 30223.7 -47917.5 0
17.12 0 -9.02088e-10 -53283.2 29757.4 -53283.2 0
17.14 0 -7.09937e-10 -56623.5 28430 -56623.5 0
17.16 0 -1.34916e-10 -57546.1 26628.7 -57546.1 0
17.18 0 -6.89014e-10 -55953.8 24681.7 -55953.8 0
17.2 0 1.02306e-09 -51893 22515.9 -51893 0
17.22 0 9.70987e-10 -45451.4 19756.8 -45451.4 0
17.24 0 7.66174e-10 -36846.9 16137.3 -36846.9 0
17.26 0 -1.90603e-10 -26545.1 11820.5 -26545.1 0
17.28 0 -7.47864e-11 -15304.3 7320.42 -15304.3 0
17.3 0 1.05035e-10 -4053.06 3093.36 -4053.06 0
17.32 0 9.21155e-11 6485.38 -775.98 6485.38 0
17.34 0 2.85764e-11 16165.1 -4492.7 16165.1 0
17.36 0 -1.61259e-10 25250 -8230.05 25250 0
17.38 0 -1.16778e-12 33739.4 -11924.7 33739.4 0
17.4 0 1.30283e-10 40957.4 -15335.8 40957.4 0
17.42 0 6.6282e-10 45975.8 -18239.6 45975.8 0
17.44 0 -3.16363e-10 48497.9 -20535.4 48497.9 0
17.46 0 3.22722e-10 49269.3 -22140.5 49269.3 0
17.48 0 -3.05387e-10 49494.4 -22800.7 49494.4 0
17.5 0 -4.27485e-10 49751.6 -22113.7 49751.6 0
17.52 0 3.45776e-10 49448 -19868.5 49448 0
17.54 0 -1.28972e-09 47328.1 -16365.2 47328.1 0
17.56 0 2.67222e-10 42475.2 -12294.7 42475.2 0
17.58 0 -4.50706e-10 34856.8 -8237.94 34856.8 0
17.6 0 1.84085e-11 25106.3 -4313.14 25106.3 0
17.62 0 2.49601e-10 13941 -334.523 13941 0
17.64 0 1.35617e-10 1777.93 3759.47 1777.93 0
17.66 0 1.3965e-10 -11114.2 7716.23 -11114.2 0
17.68 0 5.42997e-10 -24093.6 11181.6 -24093.6 0
17.7 0 -6.39339e-10 -35929.1 14024.6 -35929.1 0
17.72 0 -3.83074e-10 -45334.1 16437.4 -45334.1 0
17.74 0 1.57766e-09 -51773.6 18749.3 -51773.6 0
17.76 0 -1.05023e-09 -55689.1 21139.5 -55689.1 0
17.78 0 -6.7347e-10 -57984.3 23468.1 -57984.3 0
17.8 0 7.51647e-10 -59349.8 25324 -59349.8 0
17.82 0 -6.55663e-10 -59939.5 26226.7 -59939.5 0
17.84 0 1.29136e-09 -59427 25856.7 -59427 0
17.86 0 6.94738e-11 -57181.9 24211.6 -57181.9 0
17.88 0 -2.18219e-10 -52435 21578.1 -52435 0
17.9 0 1.31536e-10 -44502.3 18306.1 -44502.3 0
17.92 0 -4.33696e-10 -33129 14575 -33129 0
17.94 0 2.95596e-10 -18892.9 10401.5 -18892.9 0
17.96 0 1.43083e-12 -3217.17 5892.69 -3217.17 0
17.98 0 -1.43039e-10 12325.2 1425.15 12325.2 0
18 0 -1.96702e-10 26811.5 -2514.31 26811.5 0
18.02 0 7.58059e-11 39986.2 -5672.37 39986.2 0
18.04 0 -3.44661e-10 51590.3 -8176.34 51590.3 0
18.06 0 9.13396e-11 60933.6 -10360.8 60933.6 0
18.08 0 -8.49403e-11 67208.2 -12486.5 67208.2 0
18.1 0 -1.03266e-09 70165.9 -14587.8 70165.9 0
18.12 0 2.15388e-09 70459.6 -16504 70459.6 0
18.14 0 -7.52398e-10 69253.2 -17990.4 69253.2 0
18.16 0 6.18192e-10 67403.1 -18788.5 67403.1 0
18.18 0 -7.29295e-10 64942.2 -18662.6 64942.2 0
18.2 0 -1.28139e-09 61213.5 -17499.7 61213.5 0
18.22 0 -3.07985e-10 55415 -15420.8 55415 0
18.24 0 -5.34284e-11 46964.3 -12728.2 46964.3 0
18.26 0 2.64655e-10 35684.4 -9656.76 35684.4 0
18.28 0 2.23515e-10 22030.2 -6184.21 22030.2 0
18.3 0 -3.8263e-10 6952.12 -2161.43 6952.12 0
18.32 0 1.03439e-10 -8663.08 2382.63 -8663.08 0
18.34 0 2.18026e-10 -24202 7147.21 -24202 0
18.36 0 -3.57352e-10 -38845.1 11777.2 -38845.1 0
18.38 0 -1.10741e-09 -51330.3 16096.4 -51330.3 0
18.4 0 -3.41339e-10 -60558.9 20100.3 -60558.9 0
18.42 0 9.38939e-10 -66305.7 23761.7 -66305.7 0
18.44 0 -1.32084e-10 -69188.2 26879.5 -69188.2 0
18.46 0 -1.13232e-10 -70070.2 29128.3 -70070.2 0
18.48 0 -1.62326e-09 -69553.8 30256.4 -69553.8 0
18.5 0 3.20748e-10 -67869.3 30222.8 -67869.3 0
18.52 0 4.5032e-12 -65068.1 29140.8 -65068.1 0
18.54 0 4.63369e-10 -61178.2 27137.5 -61178.2 0
18.56 0 -5.7612e-10 -56062.7 24317.4 -56062.7 0
18.58 0 -5.36413e-10 -49131.6 20849 -49131.6 0
18.6 0 -1.09194e-10 -39456 17008.5 -39456 0
18.62 0 -9.2676e-10 -26657.9 13045.6 -26657.9 0
18.64 0 2.65921e-10 -11699 9014.89 -11699 0
18.66 0 1.2638e-10 3652.69 4820.78 3652.69 0
18.68 0 -3.37517e-11 18161.1 438.943 18161.1 0
18.7 0 -1.69563e-11 31551 -3959.51 31551 0
18.72 0 3.07282e-11 43695.3 -8092.33 43695.3 0
18.74 0 -1.53243e-10 53935.8 -11723.3 53935.8 0
18.76 0 2.85659e-10 61334 -14749 61334 0
18.78 0 2.72514e-10 65306.7 -17169 65306.7 0
18.8 0 -5.69725e-10 65970.8 -18970.5 65970.8 0
18.82 0 -2.27635e-10 64051.3 -20045.6 64051.3 0
18.84 0 2.28848e-10 60473 -20253.9 60473 0
18.86 0 -1.79184e-10 55889.3 -19582 55889.3 0
18.88 0 9.25752e-10 50448.4 -18220.8 50448.4 0
18.9 0 -7.60466e-10 43964.4 -16455.6 43964.4 0
18.92 0 4.35216e-10 36202.5 -14470.9 36202.5 0
18.94 0 -4.00689e-10 27086.9 -12219.3 27086.9 0
18.96 0 -2.64302e-10 16866.3 -9435.28 16866.3 0
18.98 0 3.37308e-10 6049.42 -5828.49 6049.42 0
19 0 -6.58217e-11 -4968.76 -1367.9 -4968.76 0
19.02 0 -6.20181e-11 -16151.2 3591.35 -16151.2 0
19.04 0 4.80492e-11 -27431.8 8497.46 -27431.8 0
19.06 0 -6.32687e-10 -38129.5 12901.4 -38129.5 0
19.08 0 4.24188e-10 -47012.1 16576.3 -47012.1 0
19.1 0 1.17813e-09 -53032.7 19457.5 -53032.7 0
19.12 0 -3.17564e-10 -55966.6 21578.4 -55966.6 0
19.14 0 -5.54164e-11 -56394 23047.2 -56394 0
19.16 0 -4.09209e-10 -55149.1 24005.8 -55149.1 0
19.18 0 2.66286e-10 -52749.9 24559.1 -52749.9 0
19.2 0 -5.2331e-10 -49259.7 24721.2 -49259.7 0
19.22 0 2.8216e-10 -44609.7 24408.1 -44609.7 0
19.24 0 1.31996e-09 -38937.3 23486.2 -38937.3 0
19.26 0 1.58562e-09 -32478.1 21862.1 -32478.1 0
19.28 0 -4.07169e-11 -25169.4 19551.3 -25169.4 0
19.3 0 -4.89417e-11 -16611.2 16673.8 -16611.2 0
19.32 0 -7.80151e-11 -6545.43 13422 -6545.43 0
19.34 0 -1.87821e-10 4712.4 10055.6 4712.4 0
19.36 0 1.18764e-10 16317.9 6859.56 16317.9 0
19.38 0 1.12437e-10 27239.7 4017.74 27239.7 0
19.4 0 5.64215e-11 36588.8 1515.86 36588.8 0
19.42 0 7.37124e-11 43822.1 -812.389 43822.1 0
19.44 0 -7.43716e-11 48736.9 -3166.69 48736.9 0
19.46 0 9.73925e-12 51289.7 -5692.48 51289.7 0
19.48 0 -1.5627e-10 51506.9 -8404.04 51506.9 0
19.5 0 -5.64996e-10 49618.8 -11104 49618.8 0
19.52 0 -7.29162e-11 46148.2 -13406.2 46148.2 0
19.54 0 -6.50838e-10 41678.1 -14927.5 41678.1 0
19.56 0 1.14313e-10 36501.5 -15511 36501.5 0
19.58 0 -4.01189e-10 30522.2 -15281.4 30522.2 0
19.6 0 5.88598e-10 23468.1 -14507.3 23468.1 0
19.62 0 -3.02943e-10 15228.1 -13397.5 15228.1 0
19.64 0 -1.97994e-10 6066.55 -11976.2 6066.55 0
19.66 0 -2.84122e-10 -3471.41 -10123.1 -3471.41 0
19.68 0 -5.45112e-11 -12838.7 -7731.76 -12838.7 0
19.7 0 -4.72831e-11 -21583.3 -4826.54 -21583.3 0
19.72 0 1.65221e-10 -29224.3 -1533.31 -29224.3 0
19.74 0 1.6059e-10 -35259 2022.52 -35259 0
19.76 0 -6.40223e-10 -39397.6 5748.12 -39397.6 0
19.78 0 1.53971e-10 -41691.9 9528.59 -41691.9 0
19.8 0 3.84435e-10 -42366.1 13183.2 -42366.1 0
19.82 0 4.91755e-10 -41595.8 16497.2 -41595.8 0
19.84 0 -5.37789e-10 -39491.3 19299.1 -39491.3 0
19.86 0 -8.21952e-10 -36187.8 21518.6 -36187.8 0
19.88 0 -7.91327e-10 -31819.8 23186.9 -31819.8 0
19.9 0 1.50836e-10 -26382.2 24380.2 -26382.2 0
19.92 0 4.77954e-10 -19712.3 25141.6 -19712.3 0
19.94 0 -9.70186e-10 -11728.7 25418.5 -11728.7 0
19.96 0 9.07335e-10 -2721.52 25054.1 -2721.52 0
19.98 0 1.25526e-10 6636.85 23855.6 6636.85 0
20 0 6.95154e-10 15586.6 21709.1 15586.6 0
20.02 0 -1.43364e-10 23582.2 18663.4 23582.2 0
20.04 0 -5.5647e-10 30393.2 14924.6 30393.2 0
20.06 0 3.1652e-10 36044.6 10772.9 36044.6 0
20.08 0 -4.41001e-11 40679 6465.15 40679 0
20.1 0 -1.76482e-11 44395.2 2197.9 44395.2 0
20.12 0 3.0805e-10 47145.5 -1858.88 47145.5 0
20.14 0 -8.85799e-11 48741.9 -5536.83 48741.9 0
20.16 0 7.91334e-10 48918.1 -8718.88 48918.1 0
20.18 0 5.37829e-10 47378 -11412.3 47378 0
20.2 0 -6.23517e-10 43836.6 -13734.4 43836.6 0
20.22 0 -4.04968e-10 38101.9 -15788.9 38101.9 0
20.24 0 -1.41769e-11 30207 -17541.5 30207 0
20.26 0 -6.54666e-10 20546.3 -18810.5 20546.3 0
20.28 0 1.36156e-10 9905.82 -19360.9 9905.82 0
20.3 0 -1.1999e-10 -735.905 -19003.4 -735.905 0
20.32 0 4.58908e-10 -10555.5 -17630.9 -10555.5 0
20.34 0 7.9066e-10 -19116.5 -15224.3 -19116.5 0
20.36 0 1.64776e-10 -26369.2 -11880.9 -26369.2 0
20.38 0 -2.17414e-10 -32529.6 -7843.24 -32529.6 0
20.4 0 6.45951e-11 -37897.1 -3436.88 -37897.1 0
20.42 0 7.82704e-11 -42589.2 1080.84 -42589.2 0
20.44 0 -3.74973e-10 -46354.4 5603.42 -46354.4 0
20.46 0 5.85158e-10 -48697.4 10091.2 -48697.4 0
20.48 0 2.03705e-10 -49228.2 14447 -49228.2 0
20.5 0 8.92481e-10 -47867.1 18522.5 -47867.1 0
20.52 0 4.4448e-11 -44736.2 22217 -44736.2 0
20.54 0 1.113e-09 -39966.8 25498.2 -39966.8 0
20.56 0 -2.41379e-10 -33665.4 28298.9 -33665.4 0
20.58 0 -1.00735e-09 -26020.2 30426.8 -26020.2 0
20.6 0 -5.17663e-10 -17417.3 31600 -17417.3 0
20.62 0 -4.52597e-12 -8437.62 31594.3 -8437.62 0
20.64 0 -6.33368e-10 336.972 30390.6 336.972 0
20.66 0 2.22352e-10 8583.64 28187.9 8583.64 0
20.68 0 -2.46808e-11 16311.1 25255.8 16311.1 0
20.7 0 1.94084e-10 23684.6 21778.7 23684.6 0
20.72 0 -3.3021e-10 30790.9 17856.3 30790.9 0
20.74 0 7.35364e-10 37495.9 13619.6 37495.9 0
20.76 0 4.38119e-11 43411.3 9273.73 43411.3 0
20.78 0 6.77888e-12 47990.4 5005.75 47990.4 0
20.8 0 -3.65608e-11 50746.7 894.597 50746.7 0
20.82 0 -1.95555e-10 51448.7 -3062.85 51448.7 0
20.84 0 9.80451e-11 50123.7 -6855.99 50123.7 0
20.86 0 7.64647e-11 46919.7 -10403.7 46919.7 0
20.88 0 -4.90952e-10 42031.7 -13567.9 42031.7 0
20.9 0 4.13619e-10 35767 -16201.7 35767 0
20.92 0 1.19242e-10 28548 -18198 28548 0
20.94 0 -3.03999e-10 20751.3 -19511.6 20751.3 0
20.96 0 1.6385e-10 12563.6 -20138 12563.6 0
20.98 0 -1.92335e-10 4025.89 -20076.2 4025.89 0
21 0 3.04822e-11 -4791.19 -19319.7 -4791.19 0
21.02 0 7.06565e-10 -13649.6 -17860.1 -13649.6 0
21.04 0 -2.19564e-10 -22124.5 -15684.5 -22124.5 0
21.06 0 -1.00475e-10 -29708.1 -12803 -29708.1 0
21.08 0 1.7953e-10 -35957 -9329.66 -35957 0
21.1 0 -2.1673e-10 -40559.8 -5527.62 -40559.8 0
21.12 0 -7.05921e-11 -43297.4 -1715.75 -43297.4 0
21.14 0 8.30801e-11 -44020 1904.36 -44020 0
21.16 0 -1.14967e-11 -42722.5 5321.08 -42722.5 0
21.18 0 4.96829e-10 -39628.8 8611.37 -39628.8 0
21.2 0 -4.41678e-10 -35136.5 11789.7 -35136.5 0
21.22 0 2.107e-10 -29624.3 14764.4 -29624.3 0
21.24 0 1.24874e-09 -23259 17417.2 -23259 0
21.26 0 8.85967e-10 -15973.2 19690.1 -15973.2 0
21.28 0 -9.09521e-10 -7667.42 21579.1 -7667.42 0
21.3 0 4.91025e-10 1519.11 23057.7 1519.11 0
21.32 0 7.7931e-10 11114.4 24033.7 11114.4 0
21.34 0 5.38116e-10 20470.1 24388.8 20470.1 0
21.36 0 -1.03721e-09 29012.7 24047.8 29012.7 0
21.38 0 8.97386e-10 36408.4 23018.6 36408.4 0
21.4 0 -8.2417e-10 42561.2 21399 42561.2 0
21.42 0 -4.28558e-10 47451.9 19362 47451.9 0
21.44 0 -1.59868e-10 50953.7 17116.6 50953.7 0
21.46 0 -2.38314e-10 52817.8 14840.8 52817.8 0
21.48 0 3.72999e-10 52853.5 12610 52853.5 0
21.5 0 -9.63246e-11 51108.7 10370.4 51108.7 0
21.52 0 1.61398e-10 47836.9 8002.02 47836.9 0
21.54 0 7.54538e-11 43276.6 5429.13 43276.6 0
21.56 0 2.1765e-11 37416.5 2668.4 37416.5 0
21.58 0 -7.78865e-11 29955.6 -223.368 29955.6 0
21.6 0 1.12023e-12 20610.1 -3190.46 20610.1 0
21.62 0 -2.70143e-11 9599.23 -6121.22 9599.23 0
21.64 0 1.40315e-10 -2152.36 -8777.39 -2152.36 0
21.66 0 1.88872e-10 -13383.6 -10843.2 -13383.6 0
21.68 0 2.04334e-11 -23155.4 -12080.5 -23155.4 0
21.7 0 -1.26708e-10 -31255.4 -12453.9 -31255.4 0
21.72 0 2.60714e-11 -38064.2 -12127.8 -38064.2 0
21.74 0 -2.18838e-10 -44025.4 -11354.9 -44025.4 0
21.76 0 -1.5374e-10 -49145.3 -10351.4 -49145.3 0
21.78 0 4.52246e-11 -52932.2 -9239.18 -52932.2 0
21.8 0 1.88748e-11 -54808.4 -8050.31 -54808.4 0
21.82 0 2.12892e-11 -54586 -6745.58 -54586 0
21.84 0 -4.29208e-13 -52570.4 -5251.74 -52570.4 0
21.86 0 -4.89393e-11 -49222.8 -3540.6 -49222.8 0
21.88 0 8.76898e-11 -44755.8 -1700.11 -44755.8 0
21.9 0 2.32224e-10 -39017 97.8093 -39017 0
21.92 0 2.08014e-10 -31700.1 1726.97 -31700.1 0
21.94 0 -1.63115e-10 -22733.2 3194.21 -22733.2 0
21.96 0 3.40203e-10 -12556.5 4583.54 -12556.5 0
21.98 0 -3.36608e-10 -2026.96 5931.85 -2026.96 0
22 0 6.06108e-10 8027.08 7179.57 8027.08 0
22.02 0 2.3944e-10 17214.4 8230.72 17214.4 0
22.04 0 -2.13388e-10 25630.5 9036.7 25630.5 0
22.06 0 2.46981e-10 33558.7 9615.11 33558.7 0
22.08 0 -1.57914e-10 41039.4 9997.09 41039.4 0
22.1 0 2.27945e-10 47596.4 10171.6 47596.4 0
22.12 0 -1.2699e-10 52381.5 10091.4 52381.5 0
22.14 0 -1.0555e-10 54691.7 9731.03 54691.7 0
22.16 0 4.59263e-11 54435.9 9138.75 54435.9 0
22.18 0 -1.0561e-10 52159.4 8442.57 52159.4 0
22.2 0 2.27108e-10 48625.7 7808.6 48625.7 0
22.22 0 4.69562e-12 44299.2 7356.24 44299.2 0
22.24 0 4.9684e-12 39089 7060.1 39089 0
22.26 0 1.46677e-10 32463.3 6713.52 32463.3 0
22.28 0 -1.02213e-10 23900 6036.15 23900 0
22.3 0 7.67534e-12 13436.6 4897.17 13436.6 0
22.32 0 2.09422e-11 1827.19 3461.93 1827.19 0
22.34 0 -1.09525e-10 -9901.69 2097.08 -9901.69 0
22.36 0 -1.38799e-10 -21018.7 1119.1 -21018.7 0
22.38 0 3.06265e-10 -31168.7 630.695 -31168.7 0
22.4 0 -1.67068e-10 -40043 552.217 -40043 0
22.42 0 -2.70646e-10 -47184.9 738.319 -47184.9 0
22.44 0 3.30407e-11 -52186.5 1043.48 -52186.5 0
22.46 0 4.52344e-11 -55025.4 1328.34 -55025.4 0
22.48 0 -1.27353e-10 -56139.9 1477.6 -56139.9 0
22.5 0 -2.05592e-10 -56106.5 1454.95 -56106.5 0
22.52 0 -3.12019e-10 -55208.8 1342.96 -55208.8 0
22.54 0 4.91557e-10 -53301.7 1310.68 -53301.7 0
22.56 0 4.39036e-10 -50020.6 1513.63 -50020.6 0
22.58 0 -3.21708e-10 -45027.1 1992.84 -45027.1 0
22.6 0 -1.60342e-10 -38035.7 2650.83 -38035.7 0
22.62 0 7.52013e-11 -28873.7 3307.78 -28873.7 0
22.64 0 -2.02613e-10 -17821.3 3777.58 -17821.3 0
22.66 0 3.64063e-11 -5836.47 3930.73 -5836.47 0
22.68 0 -3.58199e-11 5782.57 3730.25 5782.57 0
22.7 0 1.18138e-10 16029.1 3206.17 16029.1 0
22.72 0 4.34812e-11 24528.8 2386.17 24528.8 0
22.74 0 6.70583e-12 31471.9 1290.29 31471.9 0
22.76 0 -1.14915e-10 37331.7 25.4438 37331.7 0
22.78 0 1.7623e-11 42495.1 -1156.34 42495.1 0
22.8 0 5.52982e-11 46966.6 -1963.67 46966.6 0
22.82 0 -2.68699e-11 50363.3 -2256.11 50363.3 0
22.84 0 -8.63728e-11 52165.6 -2127.11 52165.6 0
22.86 0 1.33954e-10 51957.3 -1808.32 51957.3 0
22.88 0 -1.45177e-11 49510 -1500.58 49510 0
22.9 0 -1.04474e-10 44780.1 -1269.54 44780.1 0
22.92 0 2.13535e-10 37921.2 -1047.46 37921.2 0
22.94 0 -8.82718e-11 29318 -693.758 29318 0
22.96 0 -7.60686e-12 19602 -54.6905 19602 0
22.98 0 -6.62948e-11 9579.56 983.523 9579.56 0
23 0 -1.68434e-10 -16.5156 2427.61 -16.5156 0
23.02 0 -2.42728e-10 -8828.41 4141.64 -8828.41 0
23.04 0 -3.07987e-10 -16919 5916.75 -16919 0
23.06 0 2.00781e-10 -24502.8 7607.1 -24502.8 0
23.08 0 -7.93075e-10 -31660.5 9190.23 -31660.5 0
23.1 0 -4.35557e-10 -38248 10697.2 -38248 0
23.12 0 3.79849e-10 -43902.6 12117.1 -43902.6 0
23.14 0 -2.2839e-10 -48064.9 13390.6 -48064.9 0
23.16 0 -3.1695e-10 -50118.4 14476.7 -50118.4 0
23.18 0 -1.03049e-09 -49680.5 15391.5 -49680.5 0
23.2 0 1.26343e-10 -46840.4 16171.9 -46840.4 0
23.22 0 3.4698e-10 -42102.3 16809 -42102.3 0
23.24 0 -2.59464e-10 -36089.7 17213.9 -36089.7 0
23.26 0 -4.12879e-10 -29250.8 17233.5 -29250.8 0
23.28 0 -1.31185e-10 -21775.8 16699.2 -21775.8 0
23.3 0 -1.18109e-10 -13760.9 15490.8 -13760.9 0
23.32 0 3.26376e-11 -5404.15 13602.7 -5404.15 0
23.34 0 5.16398e-10 3011.4 11189 3011.4 0
23.36 0 6.84439e-11 11301 8527.3 11301 0
23.38 0 2.18264e-10 19436.2 5878.92 19436.2 0
23.4 0 -1.71899e-10 27373.4 3337.11 27373.4 0
23.42 0 -9.04478e-12 34848.9 804.382 34848.9 0
23.44 0 5.83511e-11 41337.4 -1874.28 41337.4 0
23.46 0 -1.38038e-11 46198.9 -4743.68 46198.9 0
23.48 0 4.0156e-10 48923.7 -7667.29 48923.7 0
23.5 0 2.43112e-10 49330.7 -10376.1 49330.7 0
23.52 0 2.7805e-10 47599.1 -12581.7 47599.1 0
23.54 0 1.23618e-10 44131 -14092.5 44131 0
23.56 0 -5.84653e-10 39370.3 -14881.6 39370.3 0
23.58 0 -3.32266e-10 33700.9 -15064.3 33700.9 0
23.6 0 -2.72871e-10 27384.7 -14806.8 27384.7 0
23.62 0 -4.59229e-10 20503.9 -14234.1 20503.9 0
23.64 0 8.80425e-10 13000.5 -13382.7 13000.5 0
23.66 0 -1.46484e-10 4828.14 -12204.2 4828.14 0
23.68 0 -1.00534e-10 -3914.71 -10612.1 -3914.71 0
23.7 0 2.54485e-10 -12941.5 -8540.32 -12941.5 0
23.72 0 9.59104e-11 -21771.3 -5969.16 -21771.3 0
23.74 0 1.25184e-10 -29779.1 -2917.35 -29779.1 0
23.76 0 1.4979e-10 -36351.9 555.254 -36351.9 0
23.78 0 -3.01729e-10 -41065.9 4316.76 -41065.9 0
23.8 0 5.5666e-11 -43755.8 8139.74 -43755.8 0
23.82 0 3.22691e-11 -44483.7 11723.7 -44483.7 0
23.84 0 4.75219e-10 -43484.2 14766.7 -43484.2 0
23.86 0 -8.64595e-10 -41090.5 17066.6 -41090.5 0
23.88 0 -4.77683e-10 -37611.2 18610.2 -37611.2 0
23.9 0 -1.75153e-09 -33236 19580.9 -33236 0
23.92 0 -1.19149e-09 -28026 20253.2 -28026 0
23.94 0 -1.41727e-10 -21953.9 20829.7 -21953.9 0
23.96 0 3.08978e-11 -14971.9 21315.2 -14971.9 0
23.98 0 -1.54621e-09 -7111.35 21484.1 -7111.35 0
24 0 -5.43566e-10 1426.51 20969.1 1426.51 0
24.02 0 8.371e-10 10251.3 19453.4 10251.3 0
24.04 0 -5.77332e-10 18809.9 16866.3 18809.9 0
24.06 0 8.47457e-11 26450.8 13445 26450.8 0
24.08 0 4.79146e-10 32596.8 9625.76 32596.8 0
24.1 0 -3.48194e-10 37004 5843.09 37004 0
24.12 0 1.16759e-10 39889.7 2366.9 39889.7 0
24.14 0 -2.13434e-11 41754.1 -728.761 41754.1 0
24.16 0 -1.26925e-10 42986.1 -3471.93 42986.1 0
24.18 0 3.74761e-10 43550.9 -5882.33 43550.9 0
24.2 0 -3.49062e-10 43002.9 -7947.74 43002.9 0
24.22 0 -3.69756e-10 40822.7 -9669.1 40822.7 0
24.24 0 4.97256e-10 36833.2 -11077 36833.2 0
24.26 0 -3.58097e-10 31352.2 -12189 31352.2 0
24.28 0 1.77862e-10 24946.2 -12965.9 24946.2 0
24.3 0 5.7304e-10 18032.7 -13303.6 18032.7 0
24.32 0 1.61484e-10 10731.5 -13044.7 10731.5 0
24.34 0 -6.73981e-11 3080.59 -12011.5 3080.59 0
24.36 0 -2.7484e-10 -4659.8 -10080.5 -4659.8 0
24.38 0 -1.11307e-10 -11961.4 -7273.74 -11961.4 0
24.4 0 7.1803e-11 -18307.3 -3811.47 -18307.3 0
24.42 0 -1.96845e-10 -23527.3 -77.6948 -23527.3 0
24.44 0 1.6481e-11 -27842.8 3509.44 -27842.8 0
24.46 0 -5.95931e-11 -31567 6659.09 -31567 0
24.48 0 3.80509e-10 -34748.7 9290.6 -34748.7 0
24.5 0 9.65665e-12 -37065.5 11491.6 -37065.5 0
24.52 0 8.8042e-10 -38003.4 13415.5 -38003.4 0
24.54 0 -1.15577e-09 -37174.3 15194.6 -37174.3 0
24.56 0 -4.66768e-10 -34577.3 16877.7 -34577.3 0
24.58 0 1.95021e-09 -30629.6 18379.3 -30629.6 0
24.6 0 -9.96433e-10 -25903.9 19469.3 -25903.9 0
24.62 0 2.37174e-10 -20770.6 19844.8 -20770.6 0
24.64 0 -9.69944e-10 -15279 19261.3 -15279 0
24.66 0 9.47678e-10 -9378.79 17646.1 -9378.79 0
24.68 0 -3.89007e-11 -3192.32 15129.5 -3192.32 0
24.7 0 -4.24525e-10 2980.75 11988 2980.75 0
24.72 0 -7.97216e-12 8893.43 8538.47 8893.43 0
24.74 0 -2.40812e-10 14508.1 5038.51 14508.1 0
24.76 0 2.13223e-10 19896.4 1642.45 19896.4 0
24.78 0 5.24987e-11 24994.7 -1589.85 24994.7 0
24.8 0 -8.92893e-11 29470.9 -4661.11 29470.9 0
24.82 0 3.16102e-11 32851.2 -7595.46 32851.2 0
24.84 0 -3.27391e-10 34790.2 -10386.4 34790.2 0
24.86 0 -6.11584e-10 35234.1 -12953.7 35234.1 0
24.88 0 1.87566e-10 34363.4 -15146.9 34363.4 0
24.9 0 -1.87603e-10 32446 -16794.9 32446 0
24.92 0 1.71379e-11 29746.9 -17755.5 29746.9 0
24.94 0 -3.53318e-10 26494.7 -17930.4 26494.7 0
24.96 0 1.06465e-10 22828.2 -17273.6 22828.2 0
24.98 0 -7.85068e-11 18745.6 -15821.7 18745.6 0
25 0 1.53794e-10 14145.7 -13710.7 14145.7 0
25.02 0 1.98253e-10 8969.57 -11120.7 8969.57 0
25.04 0 -4.13156e-10 3323.97 -8179.4 3323.97 0
25.06 0 -5.04908e-11 -2521.6 -4913.5 -2521.6 0
25.08 0 1.50055e-11 -8227.98 -1285.64 -8227.98 0
25.1 0 2.11218e-10 -13475.1 2723.55 -13475.1 0
25.12 0 -4.48142e-10 -18008 7044.01 -18008 0
25.14 0 2.07154e-10 -21651.1 11495.8 -21651.1 0
25.16 0 -1.69908e-10 -24302.3 15837.5 -24302.3 0
25.18 0 -4.14719e-10 -25921.4 19852.1 -25921.4 0
25.2 0 -1.63358e-09 -26534.5 23400 -26534.5 0
25.22 0 -1.17677e-09 -26244 26407.3 -26244 0
25.24 0 9.55434e-10 -25203.7 28821.2 -25203.7 0
25.26 0 6.50995e-10 -23540.8 30582 -23540.8 0
25.28 0 -1.46772e-10 -21275.9 31629 -21275.9 0
25.3 0 -4.81309e-11 -18318.2 31922.2 -18318.2 0
25.32 0 -1.42139e-10 -14569.8 31449.2 -14569.8 0
25.34 0 -1.82486e-10 -10083.5 30193.7 -10083.5 0
25.36 0 -9.33967e-10 -5149.16 28086.2 -5149.16 0
25.38 0 9.50963e-10 -203.214 25004.6 -203.214 0
25.4 0 -1.22043e-09 4395.65 20873 4395.65 0
25.42 0 3.51791e-10 8518.42 15797.2 8518.42 0
25.44 0 8.93977e-11 12194.3 10101.2 12194.3 0
25.46 0 -1.87763e-10 15415.8 4206.29 15415.8 0
25.48 0 2.02481e-10 18049 -1537.91 18049 0
25.5 0 1.81177e-11 19924.9 -6917.95 19924.9 0
25.52 0 6.41285e-10 20975.9 -11805.5 20975.9 0
25.54 0 4.3887e-10 21261.4 -16104.5 21261.4 0
25.56 0 4.65461e-10 20883.3 -19757.2 20883.3 0
25.58 0 -9.21726e-10 19901.4 -22760.4 19901.4 0
25.6 0 3.14917e-10 18320.4 -25132.8 18320.4 0
25.62 0 -1.07699e-09 16125.8 -26855.3 16125.8 0
25.64 0 1.15821e-10 13330.2 -27834.1 13330.2 0
25.66 0 5.68837e-10 10020.8 -27912.5 10020.8 0
25.68 0 6.64893e-10 6397.62 -26924.9 6397.62 0
25.7 0 -1.44759e-09 2746.53 -24764 2746.53 0
25.72 0 4.34463e-10 -677.635 -21417.7 -677.635 0
25.74 0 3.93653e-10 -3784 -16974.8 -3784 0
25.76 0 -5.36215e-11 -6668.06 -11640.9 -6668.06 0
25.78 0 -1.57135e-10 -9485.35 -5764.11 -9485.35 0
25.8 0 -1.2325e-10 -12277.8 218.933 -12277.8 0
25.82 0 3.72216e-10 -14894.9 5950.14 -14894.9 0
25.84 0 -5.19458e-10 -17061.1 11280.3 -17061.1 0
25.86 0 2.4438e-10 -18521.6 16228.1 -18521.6 0
25.88 0 -3.53753e-11 -19159.9 20838.1 -19159.9 0
25.9 0 -1.40812e-09 -19029.4 25090.6 -19029.4 0
25.92 0 -1.59999e-10 -18306 28892.6 -18306 0
25.94 0 -1.27433e-10 -17186.5 32096.8 -17186.5 0
25.96 0 3.09609e-10 -15780 34532.1 -15780 0
25.98 0 2.59454e-09 -14060.6 36046.6 -14060.6 0
26 0 -4.27418e-09 -11916 36539.2 -11916 0
26.02 0 -1.05778e-09 -9252.55 35967.3 -9252.55 0
26.04 0 4.0475e-10 -6082.56 34346.5 -6082.56 0
26.06 0 -1.22095e-10 -2548.25 31735.2 -2548.25 0
26.08 0 -8.32727e-10 1128.17 28184.2 1128.17 0
26.1 0 1.18691e-09 4746.53 23714.5 4746.53 0
26.12 0 -5.91426e-10 8204.15 18407.4 8204.15 0
26.14 0 6.20321e-10 11451.2 12541.8 11451.2 0
26.16 0 -3.02767e-10 14359 6585.86 14359 0
26.18 0 -1.14878e-10 16678.4 980.148 16678.4 0
26.2 0 1.51826e-11 18192.2 -4073.35 18192.2 0
26.22 0 8.94789e-11 18907.9 -8604.41 18907.9 0
26.24 0 -2.53505e-10 19063.1 -12696.1 19063.1 0
26.26 0 -6.44341e-10 18923 -16329.1 18923 0
26.28 0 7.92926e-10 18571.6 -19365.2 18571.6 0
26.3 0 -1.92939e-11 17877.8 -21648 17877.8 0
26.32 0 9.59932e-10 16651.8 -23110.7 16651.8 0
26.34 0 6.34982e-10 14859 -23775.2 14859 0
26.36 0 -8.02013e-10 12712.7 -23645.9 12712.7 0
26.38 0 3.06988e-10 10544.7 -22630.1 10544.7 0
26.4 0 2.6261e-10 8554.06 -20580.2 8554.06 0
26.42 0 -7.22791e-10 6659.09 -17407.2 6659.09 0
26.44 0 1.72942e-10 4591.81 -13167.3 4591.81 0
26.46 0 -1.41154e-11 2139.37 -8090.97 2139.37 0
26.48 0 -1.6491e-10 -683.998 -2568.96 -683.998 0
26.5 0 4.91127e-11 -3662.99 2928.2 -3662.99 0
26.52 0 -4.37098e-10 -6542.95 8008.38 -6542.95 0
26.54 0 -4.56028e-11 -9154.13 12490.8 -9154.13 0
26.56 0 4.54965e-10 -11390.8 16401.4 -11390.8 0
26.58 0 1.39818e-09 -13112.5 19856.5 -13112.5 0
26.6 0 -5.86225e-10 -14129.3 22949.5 -14129.3 0
26.62 0 -1.19809e-09 -14324.5 25703.8 -14324.5 0
26.64 0 1.88073e-09 -13791.8 28066.9 -13791.8 0
26.66 0 -6.84313e-10 -12836 29918.6 -12836 0
26.68 0 -1.92878e-10 -11817.8 31084.7 -11817.8 0
26.7 0 1.71853e-09 -10950.8 31365.9 -10950.8 0
26.72 0 -8.07565e-10 -10179.3 30587.9 -10179.3 0
26.74 0 1.48715e-09 -9213.39 28658.2 -9213.39 0
26.76 0 -1.85488e-09 -7711.79 25588.3 -7711.79 0
26.78 0 3.69781e-10 -5503.17 21488 -5503.17 0
26.8 0 -1.64617e-10 -2687.58 16573.3 -2687.58 0
26.82 0 1.60302e-10 448.225 11183.5 448.225 0
26.84 0 -2.8332e-10 3592.47 5730.65 3592.47 0
26.86 0 9.66759e-11 6489.48 553.089 6489.48 0
26.88 0 -1.94433e-11 8920.94 -4206.78 8920.94 0
26.9 0 2.93301e-10 10699.6 -8578.46 10699.6 0
26.92 0 -3.23616e-11 11741.3 -12631.3 11741.3 0
26.94 0 2.56576e-10 12146.6 -16368.4 12146.6 0
26.96 0 1.40099e-09 12178.2 -19704.5 12178.2 0
26.98 0 8.8909e-10 12113.4 -22490.6 12113.4 0
27 0 -1.36754e-09 12077.7 -24552.1 12077.7 0
27.02 0 4.65544e-10 11998 -25726.4 11998 0
27.04 0 -1.97233e-09 11704.6 -25893.1 11704.6 0
27.06 0 -6.61185e-10 11062.4 -24990.6 11062.4 0
27.08 0 8.9537e-10 10007.9 -23028.6 10007.9 0
27.1 0 -9.18609e-10 8506.44 -20089 8506.44 0
27.12 0 2.76546e-10 6543.02 -16309.2 6543.02 0
27.14 0 -7.24159e-11 4181.41 -11866.1 4181.41 0
27.16 0 -2.60401e-10 1602.83 -6987.45 1602.83 0
27.18 0 -1.79027e-11 -954.413 -1964 -954.413 0
27.2 0 -1.44348e-10 -3316.61 2913 -3316.61 0
27.22 0 -2.64245e-10 -5450.97 7461.4 -5450.97 0
27.24 0 4.13308e-10 -7423.89 11638.7 -7423.89 0
27.26 0 5.91665e-11 -9263.48 15459.6 -9263.48 0
27.28 0 1.10072e-10 -10848.9 18914 -10848.9 0
27.3 0 3.35153e-11 -11958.7 21961.6 -11958.7 0
27.32 0 -4.41476e-10 -12458.3 24553.2 -12458.3 0
27.34 0 1.51044e-10 -12425.7 26629.2 -12425.7 0
27.36 0 -7.21327e-10 -12064.5 28109.3 -12064.5 0
27.38 0 2.93394e-10 -11502.1 28895 -11502.1 0
27.4 0 -6.76676e-10 -10705.6 28878.5 -10705.6 0
27.42 0 1.38085e-10 -9588.19 27959.5 -9588.19 0
27.44 0 -5.34711e-11 -8142.61 26078.2 -8142.61 0
27.46 0 2.16662e-10 -6442.67 23249.3 -6442.67 0
27.48 0 -4.66132e-10 -4541.53 19575.1 -4541.53 0
27.5 0 -3.29093e-10 -2410.53 15243 -2410.53 0
27.52 0 -2.19451e-10 7.49052 10519.9 7.49052 0
27.54 0 4.20702e-11 2681.56 5720.2 2681.56 0
27.56 0 7.0235e-11 5422.61 1124.25 5422.61 0
27.58 0 -2.04443e-12 7931.53 -3098.84 7931.53 0
27.6 0 9.27477e-11 9933.81 -6892.79 9933.81 0
27.62 0 4.03552e-10 11290.3 -10256.7 11290.3 0
27.64 0 2.43601e-10 12009.5 -13197.6 12009.5 0
27.66 0 -7.19806e-10 12191.6 -15712.2 12191.6 0
27.68 0 -6.51248e-11 11980.3 -17771.7 11980.3 0
27.7 0 -8.37945e-11 11538.6 -19303.2 11538.6 0
27.72 0 3.50468e-10 11016 -20188.7 11016 0
27.74 0 2.4341e-11 10491.4 -20289.5 10491.4 0
27.76 0 6.64287e-10 9930.13 -19491 9930.13 0
27.78 0 -1.82237e-10 9191.45 -17748.9 9191.45 0
27.8 0 -1.6156e-10 8094.25 -15109.3 8094.25 0
27.82 0 -1.21934e-10 6511.42 -11698.6 6511.42 0
27.84 0 -1.73913e-10 4439.43 -7704.96 4439.43 0
27.86 0 -5.78662e-12 1995.78 -3372.15 1995.78 0
27.88 0 8.86196e-11 -640.814 1021.44 -640.814 0
27.9 0 -3.43507e-10 -3278.51 5230.03 -3278.51 0
27.92 0 7.38672e-10 -5714.57 9110 -5714.57 0
27.94 0 3.85866e-10 -7739.32 12624.1 -7739.32 0
27.96 0 -1.17299e-10 -9191.83 15786.7 -9191.83 0
27.98 0 -1.9522e-10 -10035.1 18612.1 -10035.1 0
28 0 -4.70284e-11 -10372.5 21090.7 -10372.5 0
28.02 0 -3.46574e-10 -10383.2 23177.1 -10383.2 0
28.04 0 4.81017e-10 -10229.2 24781.2 -10229.2 0
